[0.052s][info][gc] Using Parallel
[0.064s][info][gc,init] Version: 17.0.11+7-LTS-207 (release)
[0.064s][info][gc,init] CPUs: 12 total, 12 available
[0.064s][info][gc,init] Memory: 32620M
[0.064s][info][gc,init] Large Page Support: Disabled
[0.064s][info][gc,init] NUMA Support: Disabled
[0.064s][info][gc,init] Compressed Oops: Enabled (Zero based)
[0.064s][info][gc,init] Alignments: Space 512K, Generation 512K, Heap 2M
[0.064s][info][gc,init] Heap Min Capacity: 8M
[0.064s][info][gc,init] Heap Initial Capacity: 510M
[0.064s][info][gc,init] Heap Max Capacity: 8156M
[0.064s][info][gc,init] Pre-touch: Disabled
[0.064s][info][gc,init] Parallel Workers: 5
[0.071s][info][gc,metaspace] CDS archive(s) mapped at: [0x000001cd90000000-0x000001cd90bd0000-0x000001cd90bd0000), size 12386304, SharedBaseAddress: 0x000001cd90000000, ArchiveRelocationMode: 1.
[0.071s][info][gc,metaspace] Compressed class space mapped at: 0x000001cd91000000-0x000001cdd1000000, reserved size: 1073741824
[0.071s][info][gc,metaspace] Narrow klass base: 0x000001cd90000000, Narrow klass shift: 0, Narrow klass range: 0x100000000
[1.989s][info][gc,start    ] GC(0) Pause Young (Allocation Failure)
[2.091s][info][gc,heap     ] GC(0) PSYoungGen: 130869K(152576K)->18136K(152576K) Eden: 130869K(131072K)->0K(131072K) From: 0K(21504K)->18136K(21504K)
[2.091s][info][gc,heap     ] GC(0) ParOldGen: 0K(348160K)->8K(348160K)
[2.091s][info][gc,metaspace] GC(0) Metaspace: 1040K(1216K)->1040K(1216K) NonClass: 953K(1024K)->953K(1024K) Class: 86K(192K)->86K(192K)
[2.091s][info][gc          ] GC(0) Pause Young (Allocation Failure) 127M->17M(489M) 102.593ms
[2.091s][info][gc,cpu      ] GC(0) User=0.00s Sys=0.00s Real=0.10s
[4.081s][info][gc,start    ] GC(1) Pause Young (Allocation Failure)
[4.088s][info][gc,heap     ] GC(1) PSYoungGen: 148628K(152576K)->21256K(283648K) Eden: 130492K(131072K)->0K(262144K) From: 18136K(21504K)->21256K(21504K)
[4.088s][info][gc,heap     ] GC(1) ParOldGen: 8K(348160K)->24592K(348160K)
[4.088s][info][gc,metaspace] GC(1) Metaspace: 1042K(1216K)->1042K(1216K) NonClass: 955K(1024K)->955K(1024K) Class: 86K(192K)->86K(192K)
[4.088s][info][gc          ] GC(1) Pause Young (Allocation Failure) 145M->44M(617M) 6.493ms
[4.088s][info][gc,cpu      ] GC(1) User=0.00s Sys=0.00s Real=0.01s
[8.078s][info][gc,start    ] GC(2) Pause Young (Allocation Failure)
[8.091s][info][gc,heap     ] GC(2) PSYoungGen: 283342K(283648K)->21240K(283648K) Eden: 262085K(262144K)->0K(262144K) From: 21256K(21504K)->21240K(21504K)
[8.091s][info][gc,heap     ] GC(2) ParOldGen: 24592K(348160K)->105497K(348160K)
[8.091s][info][gc,metaspace] GC(2) Metaspace: 1042K(1216K)->1042K(1216K) NonClass: 955K(1024K)->955K(1024K) Class: 86K(192K)->86K(192K)
[8.091s][info][gc          ] GC(2) Pause Young (Allocation Failure) 300M->123M(617M) 13.443ms
[8.091s][info][gc,cpu      ] GC(2) User=0.00s Sys=0.00s Real=0.01s
[12.079s][info][gc,start    ] GC(3) Pause Young (Allocation Failure)
[12.086s][info][gc,heap     ] GC(3) PSYoungGen: 283369K(283648K)->21224K(545792K) Eden: 262129K(262144K)->0K(524288K) From: 21240K(21504K)->21224K(21504K)
[12.086s][info][gc,heap     ] GC(3) ParOldGen: 105497K(348160K)->140314K(348160K)
[12.086s][info][gc,metaspace] GC(3) Metaspace: 1042K(1216K)->1042K(1216K) NonClass: 955K(1024K)->955K(1024K) Class: 86K(192K)->86K(192K)
[12.086s][info][gc          ] GC(3) Pause Young (Allocation Failure) 379M->157M(873M) 7.714ms
[12.086s][info][gc,cpu      ] GC(3) User=0.00s Sys=0.00s Real=0.01s
[20.028s][info][gc,start    ] GC(4) Pause Young (Allocation Failure)
[20.037s][info][gc,heap     ] GC(4) PSYoungGen: 545512K(545792K)->21208K(545792K) Eden: 524288K(524288K)->0K(524288K) From: 21224K(21504K)->21208K(21504K)
[20.037s][info][gc,heap     ] GC(4) ParOldGen: 140314K(348160K)->184346K(348160K)
[20.037s][info][gc,metaspace] GC(4) Metaspace: 1042K(1216K)->1042K(1216K) NonClass: 955K(1024K)->955K(1024K) Class: 86K(192K)->86K(192K)
[20.038s][info][gc          ] GC(4) Pause Young (Allocation Failure) 669M->200M(873M) 9.725ms
[20.038s][info][gc,cpu      ] GC(4) User=0.00s Sys=0.00s Real=0.01s
[23.748s][info][gc,heap,exit] Heap
[23.748s][info][gc,heap,exit]  PSYoungGen      total 545792K, used 283104K [0x0000000756180000, 0x0000000798e80000, 0x0000000800000000)
[23.748s][info][gc,heap,exit]   eden space 524288K, 49% used [0x0000000756180000,0x0000000766142268,0x0000000776180000)
[23.748s][info][gc,heap,exit]   from space 21504K, 98% used [0x0000000776180000,0x0000000777636160,0x0000000777680000)
[23.748s][info][gc,heap,exit]   to   space 23040K, 0% used [0x0000000797800000,0x0000000797800000,0x0000000798e80000)
[23.748s][info][gc,heap,exit]  ParOldGen       total 348160K, used 184346K [0x0000000602400000, 0x0000000617800000, 0x0000000756180000)
[23.748s][info][gc,heap,exit]   object space 348160K, 52% used [0x0000000602400000,0x000000060d806b40,0x0000000617800000)
[23.748s][info][gc,heap,exit]  Metaspace       used 1044K, committed 1216K, reserved 1114112K
[23.749s][info][gc,heap,exit]   class space    used 86K, committed 192K, reserved 1048576K
