[0.007s][info][gc] Using Parallel
[0.008s][info][gc,init] Version: 17.0.11+7-LTS-207 (release)
[0.009s][info][gc,init] CPUs: 12 total, 12 available
[0.009s][info][gc,init] Memory: 32620M
[0.009s][info][gc,init] Large Page Support: Disabled
[0.009s][info][gc,init] NUMA Support: Disabled
[0.009s][info][gc,init] Compressed Oops: Enabled (Zero based)
[0.009s][info][gc,init] Alignments: Space 512K, Generation 512K, Heap 2M
[0.009s][info][gc,init] Heap Min Capacity: 8M
[0.009s][info][gc,init] Heap Initial Capacity: 510M
[0.009s][info][gc,init] Heap Max Capacity: 8156M
[0.009s][info][gc,init] Pre-touch: Disabled
[0.009s][info][gc,init] Parallel Workers: 10
[0.017s][info][gc,metaspace] CDS archive(s) mapped at: [0x000002281f000000-0x000002281fbd0000-0x000002281fbd0000), size 12386304, SharedBaseAddress: 0x000002281f000000, ArchiveRelocationMode: 1.
[0.017s][info][gc,metaspace] Compressed class space mapped at: 0x0000022820000000-0x0000022860000000, reserved size: 1073741824
[0.017s][info][gc,metaspace] Narrow klass base: 0x000002281f000000, Narrow klass shift: 0, Narrow klass range: 0x100000000
[1.881s][info][gc,start    ] GC(0) Pause Young (Allocation Failure)
[1.884s][info][gc,heap     ] GC(0) PSYoungGen: 130869K(152576K)->18312K(152576K) Eden: 130869K(131072K)->0K(131072K) From: 0K(21504K)->18312K(21504K)
[1.884s][info][gc,heap     ] GC(0) ParOldGen: 0K(348160K)->8K(348160K)
[1.884s][info][gc,metaspace] GC(0) Metaspace: 1040K(1216K)->1040K(1216K) NonClass: 953K(1024K)->953K(1024K) Class: 86K(192K)->86K(192K)
[1.884s][info][gc          ] GC(0) Pause Young (Allocation Failure) 127M->17M(489M) 2.728ms
[1.884s][info][gc,cpu      ] GC(0) User=0.00s Sys=0.00s Real=0.00s
[3.868s][info][gc,start    ] GC(1) Pause Young (Allocation Failure)
[3.873s][info][gc,heap     ] GC(1) PSYoungGen: 148804K(152576K)->21336K(152576K) Eden: 130492K(131072K)->0K(131072K) From: 18312K(21504K)->21336K(21504K)
[3.873s][info][gc,heap     ] GC(1) ParOldGen: 8K(348160K)->24592K(348160K)
[3.873s][info][gc,metaspace] GC(1) Metaspace: 1042K(1216K)->1042K(1216K) NonClass: 955K(1024K)->955K(1024K) Class: 86K(192K)->86K(192K)
[3.873s][info][gc          ] GC(1) Pause Young (Allocation Failure) 145M->44M(489M) 4.793ms
[3.873s][info][gc,cpu      ] GC(1) User=0.00s Sys=0.00s Real=0.01s
[5.848s][info][gc,start    ] GC(2) Pause Young (Allocation Failure)
[5.855s][info][gc,heap     ] GC(2) PSYoungGen: 151867K(152576K)->21352K(152576K) Eden: 130530K(131072K)->0K(131072K) From: 21336K(21504K)->21352K(21504K)
[5.855s][info][gc,heap     ] GC(2) ParOldGen: 24592K(348160K)->76825K(348160K)
[5.855s][info][gc,metaspace] GC(2) Metaspace: 1042K(1216K)->1042K(1216K) NonClass: 955K(1024K)->955K(1024K) Class: 86K(192K)->86K(192K)
[5.855s][info][gc          ] GC(2) Pause Young (Allocation Failure) 172M->95M(489M) 6.550ms
[5.855s][info][gc,cpu      ] GC(2) User=0.00s Sys=0.00s Real=0.01s
[7.852s][info][gc,start    ] GC(3) Pause Young (Allocation Failure)
[7.861s][info][gc,heap     ] GC(3) PSYoungGen: 151912K(152576K)->21256K(152576K) Eden: 130559K(131072K)->0K(131072K) From: 21352K(21504K)->21256K(21504K)
[7.861s][info][gc,heap     ] GC(3) ParOldGen: 76825K(348160K)->156698K(348160K)
[7.861s][info][gc,metaspace] GC(3) Metaspace: 1042K(1216K)->1042K(1216K) NonClass: 955K(1024K)->955K(1024K) Class: 86K(192K)->86K(192K)
[7.861s][info][gc          ] GC(3) Pause Young (Allocation Failure) 223M->173M(489M) 9.136ms
[7.861s][info][gc,cpu      ] GC(3) User=0.00s Sys=0.00s Real=0.01s
[9.851s][info][gc,start    ] GC(4) Pause Young (Allocation Failure)
[9.854s][info][gc,heap     ] GC(4) PSYoungGen: 151834K(152576K)->21320K(149504K) Eden: 130578K(131072K)->0K(128000K) From: 21256K(21504K)->21320K(21504K)
[9.854s][info][gc,heap     ] GC(4) ParOldGen: 156698K(348160K)->161818K(348160K)
[9.854s][info][gc,metaspace] GC(4) Metaspace: 1042K(1216K)->1042K(1216K) NonClass: 955K(1024K)->955K(1024K) Class: 86K(192K)->86K(192K)
[9.854s][info][gc          ] GC(4) Pause Young (Allocation Failure) 301M->178M(486M) 2.315ms
[9.854s][info][gc,cpu      ] GC(4) User=0.00s Sys=0.00s Real=0.00s
[11.785s][info][gc,start    ] GC(5) Pause Young (Allocation Failure)
[11.790s][info][gc,heap     ] GC(5) PSYoungGen: 148778K(149504K)->21288K(146432K) Eden: 127457K(128000K)->0K(124928K) From: 21320K(21504K)->21288K(21504K)
[11.790s][info][gc,heap     ] GC(5) ParOldGen: 161818K(348160K)->191514K(348160K)
[11.790s][info][gc,metaspace] GC(5) Metaspace: 1042K(1216K)->1042K(1216K) NonClass: 955K(1024K)->955K(1024K) Class: 86K(192K)->86K(192K)
[11.790s][info][gc          ] GC(5) Pause Young (Allocation Failure) 303M->207M(483M) 4.563ms
[11.790s][info][gc,cpu      ] GC(5) User=0.00s Sys=0.00s Real=0.00s
[13.672s][info][gc,start    ] GC(6) Pause Young (Allocation Failure)
[13.679s][info][gc,heap     ] GC(6) PSYoungGen: 145621K(146432K)->22528K(145408K) Eden: 124332K(124928K)->0K(122368K) From: 21288K(21504K)->22528K(23040K)
[13.679s][info][gc,heap     ] GC(6) ParOldGen: 191514K(348160K)->241385K(348160K)
[13.679s][info][gc,metaspace] GC(6) Metaspace: 1042K(1216K)->1042K(1216K) NonClass: 955K(1024K)->955K(1024K) Class: 86K(192K)->86K(192K)
[13.679s][info][gc          ] GC(6) Pause Young (Allocation Failure) 329M->257M(482M) 6.875ms
[13.679s][info][gc,cpu      ] GC(6) User=0.00s Sys=0.02s Real=0.01s
[15.550s][info][gc,start    ] GC(7) Pause Young (Allocation Failure)
[15.559s][info][gc,heap     ] GC(7) PSYoungGen: 144767K(145408K)->17408K(137728K) Eden: 122239K(122368K)->0K(119808K) From: 22528K(23040K)->17408K(17920K)
[15.559s][info][gc,heap     ] GC(7) ParOldGen: 241385K(348160K)->314090K(348160K)
[15.559s][info][gc,metaspace] GC(7) Metaspace: 1042K(1216K)->1042K(1216K) NonClass: 955K(1024K)->955K(1024K) Class: 86K(192K)->86K(192K)
[15.559s][info][gc          ] GC(7) Pause Young (Allocation Failure) 377M->323M(474M) 8.404ms
[15.559s][info][gc,cpu      ] GC(7) User=0.00s Sys=0.00s Real=0.01s
[15.559s][info][gc,start    ] GC(8) Pause Full (Ergonomics)
[15.559s][info][gc,phases,start] GC(8) Marking Phase
[15.560s][info][gc,phases      ] GC(8) Marking Phase 1.040ms
[15.560s][info][gc,phases,start] GC(8) Summary Phase
[15.560s][info][gc,phases      ] GC(8) Summary Phase 0.017ms
[15.560s][info][gc,phases,start] GC(8) Adjust Roots
[15.560s][info][gc,phases      ] GC(8) Adjust Roots 0.400ms
[15.560s][info][gc,phases,start] GC(8) Compaction Phase
[15.566s][info][gc,phases      ] GC(8) Compaction Phase 6.148ms
[15.566s][info][gc,phases,start] GC(8) Post Compact
[15.570s][info][gc,phases      ] GC(8) Post Compact 3.216ms
[15.570s][info][gc,heap        ] GC(8) PSYoungGen: 17408K(137728K)->0K(117760K) Eden: 0K(119808K)->0K(117248K) From: 17408K(17920K)->0K(512K)
[15.570s][info][gc,heap        ] GC(8) ParOldGen: 314090K(348160K)->91803K(318464K)
[15.570s][info][gc,metaspace   ] GC(8) Metaspace: 1042K(1216K)->1042K(1216K) NonClass: 955K(1024K)->955K(1024K) Class: 86K(192K)->86K(192K)
[15.570s][info][gc             ] GC(8) Pause Full (Ergonomics) 323M->89M(426M) 11.350ms
[15.570s][info][gc,cpu         ] GC(8) User=0.00s Sys=0.00s Real=0.01s
[17.351s][info][gc,start       ] GC(9) Pause Young (Allocation Failure)
[17.352s][info][gc,heap        ] GC(9) PSYoungGen: 117020K(117760K)->2048K(138240K) Eden: 117020K(117248K)->0K(114176K) From: 0K(512K)->2048K(24064K)
[17.352s][info][gc,heap        ] GC(9) ParOldGen: 91803K(318464K)->91803K(318464K)
[17.352s][info][gc,metaspace   ] GC(9) Metaspace: 1042K(1216K)->1042K(1216K) NonClass: 955K(1024K)->955K(1024K) Class: 86K(192K)->86K(192K)
[17.352s][info][gc             ] GC(9) Pause Young (Allocation Failure) 203M->91M(446M) 0.387ms
[17.352s][info][gc,cpu         ] GC(9) User=0.00s Sys=0.00s Real=0.00s
[19.090s][info][gc,start       ] GC(10) Pause Young (Allocation Failure)
[19.091s][info][gc,heap        ] GC(10) PSYoungGen: 115917K(138240K)->13312K(125440K) Eden: 113869K(114176K)->0K(111616K) From: 2048K(24064K)->13312K(13824K)
[19.091s][info][gc,heap        ] GC(10) ParOldGen: 91803K(318464K)->91803K(318464K)
[19.091s][info][gc,metaspace   ] GC(10) Metaspace: 1042K(1216K)->1042K(1216K) NonClass: 955K(1024K)->955K(1024K) Class: 86K(192K)->86K(192K)
[19.091s][info][gc             ] GC(10) Pause Young (Allocation Failure) 202M->102M(433M) 1.163ms
[19.091s][info][gc,cpu         ] GC(10) User=0.00s Sys=0.00s Real=0.00s
[20.775s][info][gc,start       ] GC(11) Pause Young (Allocation Failure)
[20.777s][info][gc,heap        ] GC(11) PSYoungGen: 124068K(125440K)->21504K(134656K) Eden: 110756K(111616K)->0K(109056K) From: 13312K(13824K)->21504K(25600K)
[20.777s][info][gc,heap        ] GC(11) ParOldGen: 91803K(318464K)->91803K(318464K)
[20.777s][info][gc,metaspace   ] GC(11) Metaspace: 1042K(1216K)->1042K(1216K) NonClass: 955K(1024K)->955K(1024K) Class: 86K(192K)->86K(192K)
[20.777s][info][gc             ] GC(11) Pause Young (Allocation Failure) 210M->110M(442M) 1.932ms
[20.777s][info][gc,cpu         ] GC(11) User=0.00s Sys=0.00s Real=0.00s
[22.433s][info][gc,start       ] GC(12) Pause Young (Allocation Failure)
[22.435s][info][gc,heap        ] GC(12) PSYoungGen: 130168K(134656K)->26624K(134656K) Eden: 108663K(109056K)->0K(107008K) From: 21504K(25600K)->26624K(27648K)
[22.435s][info][gc,heap        ] GC(12) ParOldGen: 91803K(318464K)->92827K(318464K)
[22.435s][info][gc,metaspace   ] GC(12) Metaspace: 1042K(1216K)->1042K(1216K) NonClass: 955K(1024K)->955K(1024K) Class: 86K(192K)->86K(192K)
[22.435s][info][gc             ] GC(12) Pause Young (Allocation Failure) 216M->116M(442M) 2.036ms
[22.435s][info][gc,cpu         ] GC(12) User=0.00s Sys=0.00s Real=0.00s
[23.573s][info][gc,heap,exit   ] Heap
[23.573s][info][gc,heap,exit   ]  PSYoungGen      total 134656K, used 103599K [0x0000000756180000, 0x0000000760400000, 0x0000000800000000)
[23.573s][info][gc,heap,exit   ]   eden space 107008K, 71% used [0x0000000756180000,0x000000075acabe30,0x000000075ca00000)
[23.573s][info][gc,heap,exit   ]   from space 27648K, 96% used [0x000000075cc00000,0x000000075e6001a0,0x000000075e700000)
[23.573s][info][gc,heap,exit   ]   to   space 29696K, 0% used [0x000000075e700000,0x000000075e700000,0x0000000760400000)
[23.573s][info][gc,heap,exit   ]  ParOldGen       total 318464K, used 92827K [0x0000000602400000, 0x0000000615b00000, 0x0000000756180000)
[23.573s][info][gc,heap,exit   ]   object space 318464K, 29% used [0x0000000602400000,0x0000000607ea6cc0,0x0000000615b00000)
[23.573s][info][gc,heap,exit   ]  Metaspace       used 1043K, committed 1216K, reserved 1114112K
[23.573s][info][gc,heap,exit   ]   class space    used 86K, committed 192K, reserved 1048576K
