-XX:+UseParallelGC
-XX:ParallelGCThreads=10
-Xms4G
-Xlog:gc*:file=gc.log
[0.007s][info][gc] Using Parallel
[0.015s][info][gc,init] Version: 17.0.11+7-LTS-207 (release)
[0.015s][info][gc,init] CPUs: 12 total, 12 available
[0.015s][info][gc,init] Memory: 32620M
[0.015s][info][gc,init] Large Page Support: Disabled
[0.015s][info][gc,init] NUMA Support: Disabled
[0.015s][info][gc,init] Compressed Oops: Enabled (Zero based)
[0.015s][info][gc,init] Alignments: Space 512K, Generation 512K, Heap 2M
[0.015s][info][gc,init] Heap Min Capacity: 4G
[0.016s][info][gc,init] Heap Initial Capacity: 4G
[0.016s][info][gc,init] Heap Max Capacity: 8156M
[0.016s][info][gc,init] Pre-touch: Disabled
[0.016s][info][gc,init] Parallel Workers: 10
[0.023s][info][gc,metaspace] CDS archive(s) mapped at: [0x000001e1a7000000-0x000001e1a7bd0000-0x000001e1a7bd0000), size 12386304, SharedBaseAddress: 0x000001e1a7000000, ArchiveRelocationMode: 1.
[0.023s][info][gc,metaspace] Compressed class space mapped at: 0x000001e1a8000000-0x000001e1e8000000, reserved size: 1073741824
[0.023s][info][gc,metaspace] Narrow klass base: 0x000001e1a7000000, Narrow klass shift: 0, Narrow klass range: 0x100000000
[14.688s][info][gc,start    ] GC(0) Pause Young (Allocation Failure)
[14.712s][info][gc,heap     ] GC(0) PSYoungGen: 1048467K(1223168K)->42840K(1223168K) Eden: 1048467K(1048576K)->0K(1048576K) From: 0K(174592K)->42840K(174592K)
[14.712s][info][gc,heap     ] GC(0) ParOldGen: 0K(2796544K)->8K(2796544K)
[14.712s][info][gc,metaspace] GC(0) Metaspace: 1041K(1216K)->1041K(1216K) NonClass: 954K(1024K)->954K(1024K) Class: 86K(192K)->86K(192K)
[14.712s][info][gc          ] GC(0) Pause Young (Allocation Failure) 1023M->41M(3925M) 24.176ms
[14.712s][info][gc,cpu      ] GC(0) User=0.00s Sys=0.12s Real=0.02s
[30.661s][info][gc,start    ] GC(1) Pause Young (Allocation Failure)
[30.676s][info][gc,heap     ] GC(1) PSYoungGen: 1090864K(1223168K)->66361K(1223168K) Eden: 1048023K(1048576K)->0K(1048576K) From: 42840K(174592K)->66361K(174592K)
[30.676s][info][gc,heap     ] GC(1) ParOldGen: 8K(2796544K)->16K(2796544K)
[30.676s][info][gc,metaspace] GC(1) Metaspace: 1041K(1216K)->1041K(1216K) NonClass: 955K(1024K)->955K(1024K) Class: 86K(192K)->86K(192K)
[30.676s][info][gc          ] GC(1) Pause Young (Allocation Failure) 1065M->64M(3925M) 15.368ms
[30.676s][info][gc,cpu      ] GC(1) User=0.00s Sys=0.02s Real=0.02s
[46.546s][info][gc,start    ] GC(2) Pause Young (Allocation Failure)
[46.557s][info][gc,heap     ] GC(2) PSYoungGen: 1114755K(1223168K)->89881K(1223168K) Eden: 1048394K(1048576K)->0K(1048576K) From: 66361K(174592K)->89881K(174592K)
[46.557s][info][gc,heap     ] GC(2) ParOldGen: 16K(2796544K)->16K(2796544K)
[46.557s][info][gc,metaspace] GC(2) Metaspace: 1041K(1216K)->1041K(1216K) NonClass: 955K(1024K)->955K(1024K) Class: 86K(192K)->86K(192K)
[46.557s][info][gc          ] GC(2) Pause Young (Allocation Failure) 1088M->87M(3925M) 11.839ms
[46.557s][info][gc,cpu      ] GC(2) User=0.00s Sys=0.00s Real=0.01s
[62.390s][info][gc,start    ] GC(3) Pause Young (Allocation Failure)
[62.391s][info][gc,heap     ] GC(3) PSYoungGen: 1138457K(1223168K)->10024K(1223168K) Eden: 1048576K(1048576K)->0K(1048576K) From: 89881K(174592K)->10024K(174592K)
[62.391s][info][gc,heap     ] GC(3) ParOldGen: 16K(2796544K)->16K(2796544K)
[62.391s][info][gc,metaspace] GC(3) Metaspace: 1041K(1216K)->1041K(1216K) NonClass: 955K(1024K)->955K(1024K) Class: 86K(192K)->86K(192K)
[62.391s][info][gc          ] GC(3) Pause Young (Allocation Failure) 1111M->9M(3925M) 1.312ms
[62.391s][info][gc,cpu      ] GC(3) User=0.00s Sys=0.00s Real=0.00s
[70.033s][info][gc,heap,exit] Heap
[70.033s][info][gc,heap,exit]  PSYoungGen      total 1223168K, used 542354K [0x0000000756180000, 0x00000007ab680000, 0x0000000800000000)
[70.033s][info][gc,heap,exit]   eden space 1048576K, 50% used [0x0000000756180000,0x000000077695a988,0x0000000796180000)
[70.033s][info][gc,heap,exit]   from space 174592K, 5% used [0x00000007a0c00000,0x00000007a15ca0a0,0x00000007ab680000)
[70.033s][info][gc,heap,exit]   to   space 174592K, 0% used [0x0000000796180000,0x0000000796180000,0x00000007a0c00000)
[70.033s][info][gc,heap,exit]  ParOldGen       total 2796544K, used 16K [0x0000000602400000, 0x00000006acf00000, 0x0000000756180000)
[70.033s][info][gc,heap,exit]   object space 2796544K, 0% used [0x0000000602400000,0x0000000602404000,0x00000006acf00000)
[70.033s][info][gc,heap,exit]  Metaspace       used 1044K, committed 1216K, reserved 1114112K
[70.033s][info][gc,heap,exit]   class space    used 86K, committed 192K, reserved 1048576K
