-XX:+UseParallelGC
-XX:ParallelGCThreads=10
-Xms8G
-Xlog:gc*:file=gc.log
[0.007s][info][gc] Using Parallel
[0.023s][info][gc,init] Version: 17.0.11+7-LTS-207 (release)
[0.024s][info][gc,init] CPUs: 12 total, 12 available
[0.024s][info][gc,init] Memory: 32620M
[0.024s][info][gc,init] Large Page Support: Disabled
[0.024s][info][gc,init] NUMA Support: Disabled
[0.024s][info][gc,init] Compressed Oops: Enabled (Zero based)
[0.024s][info][gc,init] Alignments: Space 512K, Generation 512K, Heap 2M
[0.024s][info][gc,init] Heap Min Capacity: 8G
[0.024s][info][gc,init] Heap Initial Capacity: 8G
[0.024s][info][gc,init] Heap Max Capacity: 8G
[0.024s][info][gc,init] Pre-touch: Disabled
[0.024s][info][gc,init] Parallel Workers: 10
[0.031s][info][gc,metaspace] CDS archive(s) mapped at: [0x000001df51000000-0x000001df51bd0000-0x000001df51bd0000), size 12386304, SharedBaseAddress: 0x000001df51000000, ArchiveRelocationMode: 1.
[0.031s][info][gc,metaspace] Compressed class space mapped at: 0x000001df52000000-0x000001df92000000, reserved size: 1073741824
[0.031s][info][gc,metaspace] Narrow klass base: 0x000001df51000000, Narrow klass shift: 0, Narrow klass range: 0x100000000
[29.358s][info][gc,start    ] GC(0) Pause Young (Allocation Failure)
[29.405s][info][gc,heap     ] GC(0) PSYoungGen: 2096996K(2446848K)->84857K(2446848K) Eden: 2096996K(2097664K)->0K(2097664K) From: 0K(349184K)->84857K(349184K)
[29.405s][info][gc,heap     ] GC(0) ParOldGen: 0K(5592576K)->8K(5592576K)
[29.405s][info][gc,metaspace] GC(0) Metaspace: 1041K(1216K)->1041K(1216K) NonClass: 955K(1024K)->955K(1024K) Class: 86K(192K)->86K(192K)
[29.405s][info][gc          ] GC(0) Pause Young (Allocation Failure) 2047M->82M(7851M) 47.807ms
[29.405s][info][gc,cpu      ] GC(0) User=0.02s Sys=0.31s Real=0.05s
[61.246s][info][gc,start    ] GC(1) Pause Young (Allocation Failure)
[61.263s][info][gc,heap     ] GC(1) PSYoungGen: 2181943K(2446848K)->30504K(2446848K) Eden: 2097086K(2097664K)->0K(2097664K) From: 84857K(349184K)->30504K(349184K)
[61.263s][info][gc,heap     ] GC(1) ParOldGen: 8K(5592576K)->16K(5592576K)
[61.263s][info][gc,metaspace] GC(1) Metaspace: 1042K(1216K)->1042K(1216K) NonClass: 955K(1024K)->955K(1024K) Class: 86K(192K)->86K(192K)
[61.263s][info][gc          ] GC(1) Pause Young (Allocation Failure) 2130M->29M(7851M) 16.635ms
[61.263s][info][gc,cpu      ] GC(1) User=0.00s Sys=0.05s Real=0.02s
[70.173s][info][gc,heap,exit] Heap
[70.173s][info][gc,heap,exit]  PSYoungGen      total 2446848K, used 656554K [0x0000000755580000, 0x0000000800000000, 0x0000000800000000)
[70.173s][info][gc,heap,exit]   eden space 2097664K, 29% used [0x0000000755580000,0x000000077b8e0710,0x00000007d5600000)
[70.173s][info][gc,heap,exit]   from space 349184K, 8% used [0x00000007eab00000,0x00000007ec8ca1e0,0x0000000800000000)
[70.173s][info][gc,heap,exit]   to   space 349184K, 0% used [0x00000007d5600000,0x00000007d5600000,0x00000007eab00000)
[70.173s][info][gc,heap,exit]  ParOldGen       total 5592576K, used 16K [0x0000000600000000, 0x0000000755580000, 0x0000000755580000)
[70.173s][info][gc,heap,exit]   object space 5592576K, 0% used [0x0000000600000000,0x0000000600004000,0x0000000755580000)
[70.173s][info][gc,heap,exit]  Metaspace       used 1045K, committed 1216K, reserved 1114112K
[70.173s][info][gc,heap,exit]   class space    used 86K, committed 192K, reserved 1048576K
