Java HotSpot(TM) 64-Bit Server VM (25.411-b09) for windows-amd64 JRE (1.8.0_411-b09), built on Mar 13 2024 07:26:13 by "java_re" with MS VC++ 17.1 (VS2022)
Memory: 4k page, physical 33403376k(13034852k free), swap 36670664k(5062112k free)
CommandLine flags: -XX:InitialHeapSize=1073741824 -XX:MaxHeapSize=1073741824 -XX:NewRatio=3 -XX:ParallelGCThreads=6 -XX:+PrintGC -XX:+PrintGCDetails -XX:+PrintGCTimeStamps -XX:SurvivorRatio=3 -XX:-UseAdaptiveSizePolicy -XX:+UseCompressedClassPointers -XX:+UseCompressedOops -XX:-UseLargePagesIndividualAllocation -XX:+UseParallelGC 
2.298: [GC (Allocation Failure) [PSYoungGen: 156836K->11968K(209920K)] 259236K->114376K(996352K), 0.0026628 secs] [Times: user=0.00 sys=0.00, real=0.00 secs] 
4.950: [GC (Allocation Failure) [PSYoungGen: 168722K->10872K(209920K)] 373530K->215680K(996352K), 0.0025054 secs] [Times: user=0.00 sys=0.00, real=0.00 secs] 
6.829: [GC (Allocation Failure) [PSYoungGen: 162506K->31336K(209920K)] 469714K->338552K(996352K), 0.0057496 secs] [Times: user=0.00 sys=0.00, real=0.01 secs] 
8.495: [GC (Allocation Failure) [PSYoungGen: 153827K->21048K(209920K)] 563443K->430672K(996352K), 0.0043636 secs] [Times: user=0.00 sys=0.00, real=0.00 secs] 
8.931: [GC (Allocation Failure) [PSYoungGen: 177802K->1640K(209920K)] 587426K->462464K(996352K), 0.0163997 secs] [Times: user=0.00 sys=0.00, real=0.02 secs] 
11.045: [GC (Allocation Failure) [PSYoungGen: 158386K->15992K(209920K)] 721610K->579216K(996352K), 0.0017744 secs] [Times: user=0.00 sys=0.00, real=0.00 secs] 
12.886: [GC (Allocation Failure) [PSYoungGen: 163526K->26168K(209920K)] 829150K->691800K(996352K), 0.0028524 secs] [Times: user=0.00 sys=0.00, real=0.00 secs] 
13.323: [GC (Allocation Failure) [PSYoungGen: 182918K->6744K(209920K)] 848550K->672376K(996352K), 0.0025078 secs] [Times: user=0.00 sys=0.00, real=0.00 secs] 
15.501: [Full GC (Ergonomics) [PSYoungGen: 163481K->0K(209920K)] [ParOldGen: 768032K->27153K(786432K)] 931513K->27153K(996352K), [Metaspace: 2768K->2768K(1056768K)], 0.0417249 secs] [Times: user=0.00 sys=0.01, real=0.04 secs] 
17.947: [GC (Allocation Failure) [PSYoungGen: 156743K->30720K(209920K)] 286296K->160273K(996352K), 0.0026560 secs] [Times: user=0.00 sys=0.00, real=0.00 secs] 
20.114: [GC (Allocation Failure) [PSYoungGen: 166987K->5120K(209920K)] 398940K->237073K(996352K), 0.0008719 secs] [Times: user=0.00 sys=0.00, real=0.00 secs] 
20.546: [GC (Allocation Failure) [PSYoungGen: 161869K->1024K(209920K)] 393822K->335377K(996352K), 0.0156468 secs] [Times: user=0.00 sys=0.00, real=0.02 secs] 
22.618: [GC (Allocation Failure) [PSYoungGen: 157767K->16384K(209920K)] 594520K->453137K(996352K), 0.0016558 secs] [Times: user=0.00 sys=0.00, real=0.00 secs] 
24.353: [GC (Allocation Failure) [PSYoungGen: 157771K->30720K(209920K)] 696924K->569873K(996352K), 0.0026970 secs] [Times: user=0.00 sys=0.00, real=0.00 secs] 
24.784: [GC (Allocation Failure) [PSYoungGen: 187469K->11264K(209920K)] 726622K->550417K(996352K), 0.0012946 secs] [Times: user=0.00 sys=0.00, real=0.00 secs] 
26.855: [GC (Allocation Failure) [PSYoungGen: 168007K->35840K(209920K)] 809560K->677393K(996352K), 0.0040822 secs] [Times: user=0.00 sys=0.00, real=0.00 secs] 
28.594: [GC (Allocation Failure) [PSYoungGen: 147173K->25632K(209920K)] 788726K->667193K(996352K), 0.0024619 secs] [Times: user=0.03 sys=0.00, real=0.00 secs] 
29.032: [GC (Allocation Failure) [PSYoungGen: 182364K->6272K(209920K)] 823925K->699033K(996352K), 0.0048141 secs] [Times: user=0.00 sys=0.00, real=0.00 secs] 
30.124: [GC (Allocation Failure) [PSYoungGen: 132269K->51232K(209920K)] 825031K->754233K(996352K), 0.0162167 secs] [Times: user=0.00 sys=0.00, real=0.02 secs] 
31.557: [GC (Allocation Failure) [PSYoungGen: 182353K->5184K(209920K)] 885354K->708185K(996352K), 0.0010934 secs] [Times: user=0.00 sys=0.00, real=0.00 secs] 
32.759: [GC (Allocation Failure) [PSYoungGen: 161890K->16448K(209920K)] 864891K->719449K(996352K), 0.0017450 secs] [Times: user=0.00 sys=0.00, real=0.00 secs] 
32.975: [GC (Allocation Failure) [PSYoungGen: 91243K->6176K(209920K)] 794244K->760377K(996352K), 0.0052201 secs] [Times: user=0.00 sys=0.00, real=0.00 secs] 
32.981: [Full GC (Ergonomics) [PSYoungGen: 6176K->0K(209920K)] [ParOldGen: 754201K->57873K(786432K)] 760377K->57873K(996352K), [Metaspace: 2793K->2793K(1056768K)], 0.0063657 secs] [Times: user=0.02 sys=0.00, real=0.01 secs] 
34.186: [GC (Allocation Failure) [PSYoungGen: 156715K->21504K(209920K)] 214589K->79377K(996352K), 0.0018814 secs] [Times: user=0.00 sys=0.00, real=0.00 secs] 
35.713: [GC (Allocation Failure) [PSYoungGen: 142371K->30720K(209920K)] 302644K->190993K(996352K), 0.0023287 secs] [Times: user=0.00 sys=0.00, real=0.00 secs] 
36.149: [GC (Allocation Failure) [PSYoungGen: 187443K->11264K(209920K)] 347716K->171537K(996352K), 0.0012502 secs] [Times: user=0.00 sys=0.00, real=0.00 secs] 
38.222: [GC (Allocation Failure) [PSYoungGen: 167990K->46080K(209920K)] 430664K->308753K(996352K), 0.0046165 secs] [Times: user=0.00 sys=0.00, real=0.00 secs] 
39.969: [GC (Allocation Failure) [PSYoungGen: 202816K->25600K(209920K)] 465489K->288273K(996352K), 0.0023416 secs] [Times: user=0.00 sys=0.00, real=0.00 secs] 
40.405: [GC (Allocation Failure) [PSYoungGen: 182334K->6144K(209920K)] 445008K->371217K(996352K), 0.0153031 secs] [Times: user=0.02 sys=0.00, real=0.02 secs] 
43.145: [GC (Allocation Failure) [PSYoungGen: 162863K->1024K(209920K)] 630337K->468497K(996352K), 0.0009781 secs] [Times: user=0.00 sys=0.00, real=0.00 secs] 
45.222: [GC (Allocation Failure) [PSYoungGen: 153659K->21504K(209920K)] 723533K->591377K(996352K), 0.0019257 secs] [Times: user=0.00 sys=0.00, real=0.00 secs] 
47.079: [GC (Allocation Failure) [PSYoungGen: 162883K->40960K(209920K)] 835157K->713233K(996352K), 0.0024775 secs] [Times: user=0.00 sys=0.00, real=0.00 secs] 
47.515: [GC (Allocation Failure) [PSYoungGen: 197704K->21504K(209920K)] 869977K->693777K(996352K), 0.0021785 secs] [Times: user=0.00 sys=0.00, real=0.00 secs] 
49.583: [Full GC (Ergonomics) [PSYoungGen: 178244K->0K(209920K)] [ParOldGen: 774673K->87569K(786432K)] 952917K->87569K(996352K), [Metaspace: 2795K->2795K(1056768K)], 0.0083910 secs] [Times: user=0.00 sys=0.00, real=0.01 secs] 
51.323: [GC (Allocation Failure) [PSYoungGen: 151625K->25600K(209920K)] 341594K->215569K(996352K), 0.0022646 secs] [Times: user=0.00 sys=0.00, real=0.00 secs] 
51.758: [GC (Allocation Failure) [PSYoungGen: 182348K->7168K(209920K)] 372317K->197137K(996352K), 0.0008131 secs] [Times: user=0.00 sys=0.00, real=0.00 secs] 
53.829: [GC (Allocation Failure) [PSYoungGen: 163896K->17408K(209920K)] 456265K->309777K(996352K), 0.0012279 secs] [Times: user=0.00 sys=0.00, real=0.00 secs] 
56.451: [GC (Allocation Failure) [PSYoungGen: 174145K->25600K(209920K)] 568914K->420369K(996352K), 0.0019953 secs] [Times: user=0.00 sys=0.00, real=0.00 secs] 
58.405: [GC (Allocation Failure) [PSYoungGen: 166983K->20480K(209920K)] 664152K->517649K(996352K), 0.0022288 secs] [Times: user=0.00 sys=0.00, real=0.00 secs] 
58.840: [GC (Allocation Failure) [PSYoungGen: 177226K->1024K(209920K)] 674396K->549393K(996352K), 0.0045630 secs] [Times: user=0.00 sys=0.00, real=0.00 secs] 
60.914: [GC (Allocation Failure) [PSYoungGen: 157765K->15360K(209920K)] 808535K->666129K(996352K), 0.0014739 secs] [Times: user=0.00 sys=0.00, real=0.00 secs] 
62.664: [Full GC (Ergonomics) [PSYoungGen: 161866K->0K(209920K)] [ParOldGen: 753169K->26624K(786432K)] 915035K->26624K(996352K), [Metaspace: 2796K->2796K(1056768K)], 0.0043957 secs] [Times: user=0.00 sys=0.00, real=0.00 secs] 
63.100: [GC (Allocation Failure) [PSYoungGen: 156748K->2048K(209920K)] 183372K->28672K(996352K), 0.0003029 secs] [Times: user=0.00 sys=0.00, real=0.00 secs] 
65.176: [GC (Allocation Failure) [PSYoungGen: 158783K->21504K(209920K)] 287807K->150528K(996352K), 0.0017936 secs] [Times: user=0.00 sys=0.00, real=0.00 secs] 
67.576: [GC (Allocation Failure) [PSYoungGen: 178246K->30720K(209920K)] 409670K->262144K(996352K), 0.0024234 secs] [Times: user=0.00 sys=0.00, real=0.00 secs] 
69.756: [GC (Allocation Failure) [PSYoungGen: 166986K->5120K(209920K)] 500810K->338944K(996352K), 0.0011134 secs] [Times: user=0.00 sys=0.00, real=0.00 secs] 
70.192: [GC (Allocation Failure) [PSYoungGen: 161868K->1024K(209920K)] 495693K->437248K(996352K), 0.0153519 secs] [Times: user=0.00 sys=0.00, real=0.02 secs] 
72.279: [GC (Allocation Failure) [PSYoungGen: 157767K->16384K(209920K)] 696391K->555008K(996352K), 0.0018013 secs] [Times: user=0.00 sys=0.00, real=0.00 secs] 
74.024: [GC (Allocation Failure) [PSYoungGen: 157770K->30720K(209920K)] 798795K->671744K(996352K), 0.0031131 secs] [Times: user=0.00 sys=0.00, real=0.00 secs] 
74.461: [GC (Allocation Failure) [PSYoungGen: 187469K->11264K(209920K)] 828493K->652288K(996352K), 0.0016594 secs] [Times: user=0.00 sys=0.00, real=0.00 secs] 
76.526: [Full GC (Ergonomics) [PSYoungGen: 168007K->0K(209920K)] [ParOldGen: 743424K->36864K(786432K)] 911431K->36864K(996352K), [Metaspace: 2796K->2796K(1056768K)], 0.0045139 secs] [Times: user=0.00 sys=0.00, real=0.00 secs] 
78.267: [GC (Allocation Failure) [PSYoungGen: 110667K->25600K(209920K)] 147531K->62464K(996352K), 0.0021918 secs] [Times: user=0.00 sys=0.00, real=0.00 secs] 
78.704: [GC (Allocation Failure) [PSYoungGen: 182338K->6144K(209920K)] 219202K->94208K(996352K), 0.0051482 secs] [Times: user=0.00 sys=0.00, real=0.01 secs] 
81.531: [GC (Allocation Failure) [PSYoungGen: 161891K->2048K(209920K)] 454756K->294912K(996352K), 0.0009092 secs] [Times: user=0.00 sys=0.00, real=0.00 secs] 
83.595: [GC (Allocation Failure) [PSYoungGen: 158781K->12288K(209920K)] 554045K->407552K(996352K), 0.0014307 secs] [Times: user=0.00 sys=0.00, real=0.00 secs] 
85.331: [GC (Allocation Failure) [PSYoungGen: 153668K->30720K(209920K)] 651332K->528384K(996352K), 0.0029562 secs] [Times: user=0.00 sys=0.00, real=0.00 secs] 
85.767: [GC (Allocation Failure) [PSYoungGen: 187465K->11264K(209920K)] 685129K->508928K(996352K), 0.0015178 secs] [Times: user=0.00 sys=0.00, real=0.00 secs] 
87.835: [GC (Allocation Failure) [PSYoungGen: 168004K->46080K(209920K)] 768068K->646144K(996352K), 0.0038708 secs] [Times: user=0.00 sys=0.00, real=0.00 secs] 
89.569: [GC (Allocation Failure) [PSYoungGen: 202825K->25600K(209920K)] 802889K->625664K(996352K), 0.0028310 secs] [Times: user=0.00 sys=0.00, real=0.00 secs] 
90.005: [GC (Allocation Failure) [PSYoungGen: 182340K->6144K(209920K)] 782404K->708608K(996352K), 0.0161634 secs] [Times: user=0.00 sys=0.00, real=0.02 secs] 
90.021: [Full GC (Ergonomics) [PSYoungGen: 6144K->0K(209920K)] [ParOldGen: 702464K->109073K(786432K)] 708608K->109073K(996352K), [Metaspace: 2796K->2796K(1056768K)], 0.0088886 secs] [Times: user=0.00 sys=0.00, real=0.01 secs] 
92.758: [GC (Allocation Failure) [PSYoungGen: 156723K->1024K(209920K)] 368196K->212497K(996352K), 0.0004571 secs] [Times: user=0.00 sys=0.00, real=0.00 secs] 
94.831: [GC (Allocation Failure) [PSYoungGen: 153662K->21504K(209920K)] 467535K->335377K(996352K), 0.0020041 secs] [Times: user=0.00 sys=0.00, real=0.00 secs] 
96.687: [GC (Allocation Failure) [PSYoungGen: 162885K->40960K(209920K)] 579158K->457233K(996352K), 0.0024119 secs] [Times: user=0.00 sys=0.00, real=0.00 secs] 
97.120: [GC (Allocation Failure) [PSYoungGen: 197705K->21504K(209920K)] 613978K->437777K(996352K), 0.0022106 secs] [Times: user=0.00 sys=0.00, real=0.00 secs] 
99.183: [GC (Allocation Failure) [PSYoungGen: 178245K->35840K(209920K)] 696918K->605713K(996352K), 0.0071877 secs] [Times: user=0.00 sys=0.00, real=0.01 secs] 
100.929: [GC (Allocation Failure) [PSYoungGen: 187465K->25600K(209920K)] 859739K->697873K(996352K), 0.0024328 secs] [Times: user=0.00 sys=0.00, real=0.00 secs] 
101.367: [GC (Allocation Failure) [PSYoungGen: 182348K->7168K(209920K)] 854621K->679441K(996352K), 0.0013567 secs] [Times: user=0.00 sys=0.00, real=0.00 secs] 
103.434: [Full GC (Ergonomics) [PSYoungGen: 163896K->0K(209920K)] [ParOldGen: 774673K->18432K(786432K)] 938569K->18432K(996352K), [Metaspace: 2796K->2796K(1056768K)], 0.0037109 secs] [Times: user=0.00 sys=0.00, real=0.00 secs] 
106.052: [GC (Allocation Failure) [PSYoungGen: 156737K->25600K(209920K)] 277569K->146432K(996352K), 0.0019451 secs] [Times: user=0.00 sys=0.00, real=0.00 secs] 
108.012: [GC (Allocation Failure) [PSYoungGen: 166983K->20480K(209920K)] 390215K->243712K(996352K), 0.0021628 secs] [Times: user=0.00 sys=0.00, real=0.00 secs] 
108.443: [GC (Allocation Failure) [PSYoungGen: 177226K->1024K(209920K)] 400459K->275456K(996352K), 0.0052724 secs] [Times: user=0.00 sys=0.00, real=0.00 secs] 
110.519: [GC (Allocation Failure) [PSYoungGen: 157765K->15360K(209920K)] 534598K->392192K(996352K), 0.0014259 secs] [Times: user=0.00 sys=0.00, real=0.00 secs] 
112.262: [GC (Allocation Failure) [PSYoungGen: 161866K->25600K(209920K)] 641098K->504832K(996352K), 0.0023914 secs] [Times: user=0.00 sys=0.00, real=0.00 secs] 
112.698: [GC (Allocation Failure) [PSYoungGen: 182348K->6144K(209920K)] 661580K->485376K(996352K), 0.0016074 secs] [Times: user=0.00 sys=0.00, real=0.00 secs] 
114.771: [GC (Allocation Failure) [PSYoungGen: 162879K->26624K(209920K)] 744512K->608256K(996352K), 0.0024375 secs] [Times: user=0.00 sys=0.00, real=0.00 secs] 
117.168: [GC (Allocation Failure) [PSYoungGen: 183366K->30720K(209920K)] 867398K->714752K(996352K), 0.0030654 secs] [Times: user=0.00 sys=0.00, real=0.00 secs] 
118.039: [GC (Allocation Failure) --[PSYoungGen: 146506K->146506K(209920K)] 830538K->881738K(996352K), 0.0066329 secs] [Times: user=0.00 sys=0.00, real=0.01 secs] 
118.046: [Full GC (Ergonomics) [PSYoungGen: 146506K->0K(209920K)] [ParOldGen: 735232K->82944K(786432K)] 881738K->82944K(996352K), [Metaspace: 2796K->2796K(1056768K)], 0.0079578 secs] [Times: user=0.00 sys=0.00, real=0.01 secs] 
119.362: [GC (Allocation Failure) [PSYoungGen: 126018K->5120K(209920K)] 208962K->88064K(996352K), 0.0006801 secs] [Times: user=0.00 sys=0.00, real=0.00 secs] 
119.798: [GC (Allocation Failure) [PSYoungGen: 161836K->1024K(209920K)] 244780K->186368K(996352K), 0.0151454 secs] [Times: user=0.00 sys=0.00, real=0.02 secs] 
121.889: [GC (Allocation Failure) [PSYoungGen: 157746K->16384K(209920K)] 445490K->304128K(996352K), 0.0012943 secs] [Times: user=0.00 sys=0.00, real=0.00 secs] 
123.627: [GC (Allocation Failure) [PSYoungGen: 157757K->30720K(209920K)] 547901K->420864K(996352K), 0.0030432 secs] [Times: user=0.00 sys=0.00, real=0.00 secs] 
124.063: [GC (Allocation Failure) [PSYoungGen: 187460K->11264K(209920K)] 577604K->401408K(996352K), 0.0014999 secs] [Times: user=0.01 sys=0.00, real=0.00 secs] 
126.133: [GC (Allocation Failure) [PSYoungGen: 168001K->35840K(209920K)] 660545K->528384K(996352K), 0.0028660 secs] [Times: user=0.00 sys=0.00, real=0.00 secs] 
127.873: [GC (Allocation Failure) [PSYoungGen: 146503K->25600K(209920K)] 639047K->518144K(996352K), 0.0028834 secs] [Times: user=0.00 sys=0.00, real=0.00 secs] 
128.311: [GC (Allocation Failure) [PSYoungGen: 182336K->51200K(209920K)] 674880K->549888K(996352K), 0.0052132 secs] [Times: user=0.00 sys=0.00, real=0.00 secs] 
131.146: [GC (Allocation Failure) [PSYoungGen: 206944K->2048K(209920K)] 910433K->705536K(996352K), 0.0017937 secs] [Times: user=0.00 sys=0.00, real=0.00 secs] 
132.235: [GC (Allocation Failure) [PSYoungGen: 128060K->51200K(209920K)] 831548K->760832K(996352K), 0.0051678 secs] [Times: user=0.02 sys=0.00, real=0.00 secs] 
133.449: [GC (Allocation Failure) [PSYoungGen: 207921K->21504K(209920K)] 917553K->731136K(996352K), 0.0023107 secs] [Times: user=0.00 sys=0.00, real=0.00 secs] 
133.665: [GC (Allocation Failure) [PSYoungGen: 96294K->11264K(209920K)] 805927K->772096K(996352K), 0.0067860 secs] [Times: user=0.00 sys=0.00, real=0.01 secs] 
133.671: [Full GC (Ergonomics) [PSYoungGen: 11264K->0K(209920K)] [ParOldGen: 760832K->69137K(786432K)] 772096K->69137K(996352K), [Metaspace: 2796K->2796K(1056768K)], 0.0069040 secs] [Times: user=0.00 sys=0.00, real=0.01 secs] 
134.987: [GC (Allocation Failure) [PSYoungGen: 151590K->30720K(209920K)] 220728K->99857K(996352K), 0.0023437 secs] [Times: user=0.00 sys=0.00, real=0.00 secs] 
135.426: [GC (Allocation Failure) [PSYoungGen: 187423K->11264K(209920K)] 256560K->80401K(996352K), 0.0011724 secs] [Times: user=0.00 sys=0.00, real=0.00 secs] 
137.504: [GC (Allocation Failure) [PSYoungGen: 167977K->46080K(209920K)] 339515K->217617K(996352K), 0.0035139 secs] [Times: user=0.00 sys=0.00, real=0.00 secs] 
139.252: [GC (Allocation Failure) [PSYoungGen: 202807K->25600K(209920K)] 374345K->197137K(996352K), 0.0021632 secs] [Times: user=0.00 sys=0.00, real=0.00 secs] 
139.688: [GC (Allocation Failure) [PSYoungGen: 182329K->6144K(209920K)] 353866K->280081K(996352K), 0.0153543 secs] [Times: user=0.01 sys=0.00, real=0.02 secs] 
142.424: [GC (Allocation Failure) [PSYoungGen: 162860K->1024K(209920K)] 539197K->377361K(996352K), 0.0008605 secs] [Times: user=0.00 sys=0.00, real=0.00 secs] 
144.495: [GC (Allocation Failure) [PSYoungGen: 153657K->21504K(209920K)] 632394K->500241K(996352K), 0.0017294 secs] [Times: user=0.00 sys=0.00, real=0.00 secs] 
146.346: [GC (Allocation Failure) [PSYoungGen: 162882K->40960K(209920K)] 744019K->622097K(996352K), 0.0024967 secs] [Times: user=0.00 sys=0.00, real=0.00 secs] 
146.781: [GC (Allocation Failure) [PSYoungGen: 197703K->21504K(209920K)] 778841K->602641K(996352K), 0.0021356 secs] [Times: user=0.00 sys=0.00, real=0.00 secs] 
148.857: [GC (Allocation Failure) [PSYoungGen: 178243K->35840K(209920K)] 861781K->770577K(996352K), 0.0064056 secs] [Times: user=0.02 sys=0.00, real=0.00 secs] 
148.863: [Full GC (Ergonomics) [PSYoungGen: 35840K->0K(209920K)] [ParOldGen: 734737K->87569K(786432K)] 770577K->87569K(996352K), [Metaspace: 2796K->2796K(1056768K)], 0.0080066 secs] [Times: user=0.00 sys=0.00, real=0.01 secs] 
150.617: [GC (Allocation Failure) [PSYoungGen: 151624K->25600K(209920K)] 341594K->215569K(996352K), 0.0022332 secs] [Times: user=0.00 sys=0.00, real=0.00 secs] 
151.054: [GC (Allocation Failure) [PSYoungGen: 182347K->7168K(209920K)] 372317K->197137K(996352K), 0.0008084 secs] [Times: user=0.00 sys=0.00, real=0.00 secs] 
153.125: [GC (Allocation Failure) [PSYoungGen: 163896K->17408K(209920K)] 456265K->309777K(996352K), 0.0015030 secs] [Times: user=0.00 sys=0.00, real=0.00 secs] 
155.735: [GC (Allocation Failure) [PSYoungGen: 174145K->25600K(209920K)] 568914K->420369K(996352K), 0.0025494 secs] [Times: user=0.02 sys=0.00, real=0.00 secs] 
157.686: [GC (Allocation Failure) [PSYoungGen: 166983K->20480K(209920K)] 664152K->517649K(996352K), 0.0020964 secs] [Times: user=0.00 sys=0.00, real=0.00 secs] 
158.116: [GC (Allocation Failure) [PSYoungGen: 177226K->1024K(209920K)] 674396K->549393K(996352K), 0.0054910 secs] [Times: user=0.00 sys=0.00, real=0.01 secs] 
160.179: [GC (Allocation Failure) [PSYoungGen: 157765K->15360K(209920K)] 808535K->666129K(996352K), 0.0015738 secs] [Times: user=0.00 sys=0.00, real=0.00 secs] 
161.918: [Full GC (Ergonomics) [PSYoungGen: 161866K->0K(209920K)] [ParOldGen: 753169K->26624K(786432K)] 915035K->26624K(996352K), [Metaspace: 2796K->2796K(1056768K)], 0.0043966 secs] [Times: user=0.00 sys=0.00, real=0.00 secs] 
162.353: [GC (Allocation Failure) [PSYoungGen: 156748K->2048K(209920K)] 183372K->28672K(996352K), 0.0004035 secs] [Times: user=0.00 sys=0.00, real=0.00 secs] 
164.425: [GC (Allocation Failure) [PSYoungGen: 158783K->21504K(209920K)] 287807K->150528K(996352K), 0.0016822 secs] [Times: user=0.00 sys=0.00, real=0.00 secs] 
166.825: [GC (Allocation Failure) [PSYoungGen: 178246K->30720K(209920K)] 409670K->262144K(996352K), 0.0024321 secs] [Times: user=0.00 sys=0.00, real=0.00 secs] 
169.007: [GC (Allocation Failure) [PSYoungGen: 166986K->5120K(209920K)] 500810K->338944K(996352K), 0.0011552 secs] [Times: user=0.00 sys=0.00, real=0.00 secs] 
169.441: [GC (Allocation Failure) [PSYoungGen: 161868K->1024K(209920K)] 495693K->437248K(996352K), 0.0160356 secs] [Times: user=0.00 sys=0.00, real=0.02 secs] 
171.526: [GC (Allocation Failure) [PSYoungGen: 157767K->16384K(209920K)] 696391K->555008K(996352K), 0.0017639 secs] [Times: user=0.00 sys=0.00, real=0.00 secs] 
173.273: [GC (Allocation Failure) [PSYoungGen: 157770K->30720K(209920K)] 798795K->671744K(996352K), 0.0028659 secs] [Times: user=0.00 sys=0.00, real=0.00 secs] 
173.710: [GC (Allocation Failure) [PSYoungGen: 187469K->11264K(209920K)] 828493K->652288K(996352K), 0.0018162 secs] [Times: user=0.00 sys=0.00, real=0.00 secs] 
175.786: [Full GC (Ergonomics) [PSYoungGen: 168007K->0K(209920K)] [ParOldGen: 743424K->36864K(786432K)] 911431K->36864K(996352K), [Metaspace: 2796K->2796K(1056768K)], 0.0047773 secs] [Times: user=0.00 sys=0.00, real=0.01 secs] 
177.535: [GC (Allocation Failure) [PSYoungGen: 110667K->25600K(209920K)] 147531K->62464K(996352K), 0.0023522 secs] [Times: user=0.00 sys=0.00, real=0.00 secs] 
177.970: [GC (Allocation Failure) [PSYoungGen: 182338K->6144K(209920K)] 219202K->94208K(996352K), 0.0044594 secs] [Times: user=0.02 sys=0.00, real=0.00 secs] 
180.807: [GC (Allocation Failure) [PSYoungGen: 161891K->2048K(209920K)] 454756K->294912K(996352K), 0.0008155 secs] [Times: user=0.00 sys=0.00, real=0.00 secs] 
182.880: [GC (Allocation Failure) [PSYoungGen: 158781K->12288K(209920K)] 554045K->407552K(996352K), 0.0013518 secs] [Times: user=0.00 sys=0.00, real=0.00 secs] 
184.624: [GC (Allocation Failure) [PSYoungGen: 153668K->30720K(209920K)] 651332K->528384K(996352K), 0.0030038 secs] [Times: user=0.00 sys=0.00, real=0.00 secs] 
185.062: [GC (Allocation Failure) [PSYoungGen: 187465K->11264K(209920K)] 685129K->508928K(996352K), 0.0015243 secs] [Times: user=0.00 sys=0.00, real=0.00 secs] 
187.134: [GC (Allocation Failure) [PSYoungGen: 168004K->46080K(209920K)] 768068K->646144K(996352K), 0.0041453 secs] [Times: user=0.00 sys=0.00, real=0.00 secs] 
188.882: [GC (Allocation Failure) [PSYoungGen: 202825K->25600K(209920K)] 802889K->625664K(996352K), 0.0030755 secs] [Times: user=0.00 sys=0.00, real=0.00 secs] 
189.320: [GC (Allocation Failure) [PSYoungGen: 182340K->6144K(209920K)] 782404K->708608K(996352K), 0.0157528 secs] [Times: user=0.00 sys=0.00, real=0.02 secs] 
189.336: [Full GC (Ergonomics) [PSYoungGen: 6144K->0K(209920K)] [ParOldGen: 702464K->109073K(786432K)] 708608K->109073K(996352K), [Metaspace: 2796K->2796K(1056768K)], 0.0087677 secs] [Times: user=0.00 sys=0.00, real=0.01 secs] 
192.077: [GC (Allocation Failure) [PSYoungGen: 156723K->1056K(209920K)] 368196K->212529K(996352K), 0.0006399 secs] [Times: user=0.00 sys=0.00, real=0.00 secs] 
194.149: [GC (Allocation Failure) [PSYoungGen: 153694K->21536K(209920K)] 467567K->335409K(996352K), 0.0018143 secs] [Times: user=0.00 sys=0.00, real=0.00 secs] 
196.001: [GC (Allocation Failure) [PSYoungGen: 162917K->40992K(209920K)] 579190K->457265K(996352K), 0.0025499 secs] [Times: user=0.05 sys=0.00, real=0.00 secs] 
196.437: [GC (Allocation Failure) [PSYoungGen: 197737K->21600K(209920K)] 614010K->437873K(996352K), 0.0022644 secs] [Times: user=0.00 sys=0.00, real=0.00 secs] 
198.504: [GC (Allocation Failure) [PSYoungGen: 178341K->35936K(209920K)] 697014K->605809K(996352K), 0.0068189 secs] [Times: user=0.00 sys=0.00, real=0.01 secs] 
200.248: [GC (Allocation Failure) [PSYoungGen: 187561K->25632K(209920K)] 859835K->697905K(996352K), 0.0025589 secs] [Times: user=0.00 sys=0.00, real=0.00 secs] 
200.683: [GC (Allocation Failure) [PSYoungGen: 182380K->7264K(209920K)] 854653K->679537K(996352K), 0.0014676 secs] [Times: user=0.00 sys=0.00, real=0.00 secs] 
202.758: [Full GC (Ergonomics) [PSYoungGen: 163992K->0K(209920K)] [ParOldGen: 774673K->18432K(786432K)] 938665K->18432K(996352K), [Metaspace: 2796K->2796K(1056768K)], 0.0037206 secs] [Times: user=0.00 sys=0.00, real=0.00 secs] 
205.375: [GC (Allocation Failure) [PSYoungGen: 156737K->25600K(209920K)] 277569K->146432K(996352K), 0.0020691 secs] [Times: user=0.00 sys=0.00, real=0.00 secs] 
207.335: [GC (Allocation Failure) [PSYoungGen: 166983K->20480K(209920K)] 390215K->243712K(996352K), 0.0023625 secs] [Times: user=0.00 sys=0.00, real=0.00 secs] 
207.770: [GC (Allocation Failure) [PSYoungGen: 177226K->51200K(209920K)] 400459K->275456K(996352K), 0.0049870 secs] [Times: user=0.00 sys=0.00, real=0.01 secs] 
209.841: [GC (Allocation Failure) [PSYoungGen: 207941K->51200K(209920K)] 534598K->393216K(996352K), 0.0066568 secs] [Times: user=0.01 sys=0.00, real=0.01 secs] 
211.583: [GC (Allocation Failure) [PSYoungGen: 197706K->25600K(209920K)] 642122K->470016K(996352K), 0.0024262 secs] [Times: user=0.00 sys=0.00, real=0.00 secs] 
212.018: [GC (Allocation Failure) [PSYoungGen: 182348K->7168K(209920K)] 626765K->451584K(996352K), 0.0012574 secs] [Times: user=0.00 sys=0.00, real=0.00 secs] 
214.085: [GC (Allocation Failure) [PSYoungGen: 163903K->26624K(209920K)] 710720K->573440K(996352K), 0.0022257 secs] [Times: user=0.00 sys=0.00, real=0.00 secs] 
216.486: [GC (Allocation Failure) [PSYoungGen: 183366K->30720K(209920K)] 832582K->679936K(996352K), 0.0029260 secs] [Times: user=0.00 sys=0.00, real=0.00 secs] 
Heap
 PSYoungGen      total 209920K, used 170140K [0x00000000f0000000, 0x0000000100000000, 0x0000000100000000)
  eden space 157696K, 88% used [0x00000000f0000000,0x00000000f88272a0,0x00000000f9a00000)
  from space 52224K, 58% used [0x00000000f9a00000,0x00000000fb800030,0x00000000fcd00000)
  to   space 52224K, 0% used [0x00000000fcd00000,0x00000000fcd00000,0x0000000100000000)
 ParOldGen       total 786432K, used 751616K [0x00000000c0000000, 0x00000000f0000000, 0x00000000f0000000)
  object space 786432K, 95% used [0x00000000c0000000,0x00000000ede00298,0x00000000f0000000)
 Metaspace       used 2804K, capacity 4486K, committed 4864K, reserved 1056768K
  class space    used 297K, capacity 386K, committed 512K, reserved 1048576K
