Java HotSpot(TM) 64-Bit Server VM (25.411-b09) for windows-amd64 JRE (1.8.0_411-b09), built on Mar 13 2024 07:26:13 by "java_re" with MS VC++ 17.1 (VS2022)
Memory: 4k page, physical 33403376k(14854140k free), swap 38794768k(6438692k free)
CommandLine flags: -XX:InitialHeapSize=1073741824 -XX:MaxHeapSize=1073741824 -XX:NewRatio=7 -XX:ParallelGCThreads=6 -XX:+PrintGC -XX:+PrintGCDetails -XX:+PrintGCTimeStamps -XX:SurvivorRatio=3 -XX:-UseAdaptiveSizePolicy -XX:+UseCompressedClassPointers -XX:+UseCompressedOops -XX:-UseLargePagesIndividualAllocation -XX:+UseParallelGC 
1.641: [GC (Allocation Failure) [PSYoungGen: 77906K->7880K(104960K)] 231506K->161488K(1022464K), 0.0022914 secs] [Times: user=0.00 sys=0.00, real=0.00 secs] 
3.216: [GC (Allocation Failure) [PSYoungGen: 83185K->13944K(104960K)] 390393K->321152K(1022464K), 0.0033208 secs] [Times: user=0.00 sys=0.00, real=0.00 secs] 
5.286: [GC (Allocation Failure) [PSYoungGen: 87201K->10856K(104960K)] 394409K->318064K(1022464K), 0.0018228 secs] [Times: user=0.00 sys=0.00, real=0.00 secs] 
6.751: [GC (Allocation Failure) [PSYoungGen: 85133K->15944K(104960K)] 545941K->486992K(1022464K), 0.0047800 secs] [Times: user=0.00 sys=0.02, real=0.00 secs] 
8.433: [GC (Allocation Failure) [PSYoungGen: 75651K->5720K(104960K)] 700299K->630376K(1022464K), 0.0015765 secs] [Times: user=0.00 sys=0.00, real=0.00 secs] 
9.005: [GC (Allocation Failure) [PSYoungGen: 79999K->1592K(104960K)] 807055K->779848K(1022464K), 0.0173468 secs] [Times: user=0.00 sys=0.02, real=0.02 secs] 
10.129: [GC (Allocation Failure) [PSYoungGen: 74848K->5688K(104960K)] 904304K->835144K(1022464K), 0.0019177 secs] [Times: user=0.02 sys=0.00, real=0.00 secs] 
10.130: [GC (Allocation Failure) [PSYoungGen: 5688K->5688K(104960K)] 835144K->835144K(1022464K), 0.0014699 secs] [Times: user=0.00 sys=0.00, real=0.00 secs] 
10.132: [Full GC (Allocation Failure) [PSYoungGen: 5688K->0K(104960K)] [ParOldGen: 829456K->108048K(917504K)] 835144K->108048K(1022464K), [Metaspace: 2761K->2761K(1056768K)], 0.0168743 secs] [Times: user=0.00 sys=0.00, real=0.02 secs] 
12.329: [GC (Allocation Failure) [PSYoungGen: 75304K->1024K(104960K)] 439353K->365072K(1022464K), 0.0007736 secs] [Times: user=0.00 sys=0.00, real=0.00 secs] 
13.748: [GC (Allocation Failure) [PSYoungGen: 75817K->11296K(104960K)] 593466K->528953K(1022464K), 0.0012541 secs] [Times: user=0.00 sys=0.00, real=0.00 secs] 
15.167: [GC (Allocation Failure) [PSYoungGen: 85576K->16416K(104960K)] 756833K->697913K(1022464K), 0.0025156 secs] [Times: user=0.00 sys=0.00, real=0.00 secs] 
16.912: [GC (Allocation Failure) [PSYoungGen: 89673K->15424K(104960K)] 771170K->696921K(1022464K), 0.0018454 secs] [Times: user=0.00 sys=0.00, real=0.00 secs] 
18.331: [GC (Allocation Failure) [PSYoungGen: 89700K->20512K(104960K)] 924798K->876089K(1022464K), 0.0151609 secs] [Times: user=0.02 sys=0.00, real=0.01 secs] 
18.688: [Full GC (Ergonomics) [PSYoungGen: 52806K->0K(104960K)] [ParOldGen: 906777K->82449K(917504K)] 959583K->82449K(1022464K), [Metaspace: 2770K->2770K(1056768K)], 0.0087569 secs] [Times: user=0.00 sys=0.00, real=0.01 secs] 
20.449: [GC (Allocation Failure) [PSYoungGen: 76326K->1024K(104960K)] 363575K->288273K(1022464K), 0.0010198 secs] [Times: user=0.00 sys=0.00, real=0.00 secs] 
21.867: [GC (Allocation Failure) [PSYoungGen: 75303K->7168K(104960K)] 516152K->448017K(1022464K), 0.0010262 secs] [Times: user=0.00 sys=0.00, real=0.00 secs] 
23.826: [GC (Allocation Failure) [PSYoungGen: 81448K->1024K(104960K)] 675897K->595473K(1022464K), 0.0012961 secs] [Times: user=0.00 sys=0.00, real=0.00 secs] 
25.244: [GC (Allocation Failure) [PSYoungGen: 75304K->20480K(104960K)] 823353K->768529K(1022464K), 0.0019449 secs] [Times: user=0.00 sys=0.00, real=0.00 secs] 
26.667: [Full GC (Ergonomics) [PSYoungGen: 94760K->0K(104960K)] [ParOldGen: 901649K->36369K(917504K)] 996410K->36369K(1022464K), [Metaspace: 2780K->2780K(1056768K)], 0.0054628 secs] [Times: user=0.00 sys=0.00, real=0.00 secs] 
28.195: [GC (Allocation Failure) [PSYoungGen: 73256K->10240K(104960K)] 109625K->46609K(1022464K), 0.0009026 secs] [Times: user=0.00 sys=0.00, real=0.00 secs] 
29.615: [GC (Allocation Failure) [PSYoungGen: 84850K->15424K(104960K)] 274819K->205401K(1022464K), 0.0012707 secs] [Times: user=0.00 sys=0.00, real=0.00 secs] 
31.908: [GC (Allocation Failure) [PSYoungGen: 91750K->6240K(104960K)] 537727K->452225K(1022464K), 0.0020493 secs] [Times: user=0.00 sys=0.00, real=0.00 secs] 
33.327: [GC (Allocation Failure) [PSYoungGen: 80519K->12320K(104960K)] 680104K->611905K(1022464K), 0.0019533 secs] [Times: user=0.00 sys=0.00, real=0.00 secs] 
35.286: [GC (Allocation Failure) [PSYoungGen: 86599K->5152K(104960K)] 839785K->758337K(1022464K), 0.0019481 secs] [Times: user=0.00 sys=0.00, real=0.00 secs] 
36.703: [Full GC (Ergonomics) [PSYoungGen: 79432K->0K(104960K)] [ParOldGen: 906785K->21504K(917504K)] 986217K->21504K(1022464K), [Metaspace: 2793K->2793K(1056768K)], 0.0041504 secs] [Times: user=0.00 sys=0.00, real=0.00 secs] 
38.119: [GC (Allocation Failure) [PSYoungGen: 74280K->25600K(104960K)] 249384K->205824K(1022464K), 0.0037077 secs] [Times: user=0.00 sys=0.00, real=0.00 secs] 
39.647: [GC (Allocation Failure) [PSYoungGen: 98856K->15360K(104960K)] 330281K->246784K(1022464K), 0.0014331 secs] [Times: user=0.00 sys=0.00, real=0.00 secs] 
41.067: [GC (Allocation Failure) [PSYoungGen: 89640K->20480K(104960K)] 474665K->405504K(1022464K), 0.0017443 secs] [Times: user=0.00 sys=0.00, real=0.00 secs] 
43.358: [GC (Allocation Failure) [PSYoungGen: 96809K->6144K(104960K)] 635433K->544768K(1022464K), 0.0014785 secs] [Times: user=0.00 sys=0.00, real=0.00 secs] 
44.776: [GC (Allocation Failure) [PSYoungGen: 80425K->21504K(104960K)] 772649K->713728K(1022464K), 0.0022621 secs] [Times: user=0.00 sys=0.00, real=0.00 secs] 
46.744: [GC (Allocation Failure) [PSYoungGen: 95785K->5120K(104960K)] 941609K->850944K(1022464K), 0.0024460 secs] [Times: user=0.00 sys=0.00, real=0.00 secs] 
47.069: [Full GC (Ergonomics) [PSYoungGen: 37416K->0K(104960K)] [ParOldGen: 897024K->72209K(917504K)] 934441K->72209K(1022464K), [Metaspace: 2795K->2795K(1056768K)], 0.0068054 secs] [Times: user=0.00 sys=0.00, real=0.01 secs] 
48.831: [GC (Allocation Failure) [PSYoungGen: 76329K->6144K(104960K)] 404538K->334353K(1022464K), 0.0009673 secs] [Times: user=0.00 sys=0.00, real=0.00 secs] 
50.690: [GC (Allocation Failure) [PSYoungGen: 84521K->5120K(104960K)] 566330K->486929K(1022464K), 0.0011679 secs] [Times: user=0.00 sys=0.00, real=0.00 secs] 
52.103: [GC (Allocation Failure) [PSYoungGen: 79401K->11264K(104960K)] 714810K->646673K(1022464K), 0.0016854 secs] [Times: user=0.00 sys=0.00, real=0.00 secs] 
53.524: [GC (Allocation Failure) [PSYoungGen: 85545K->17408K(104960K)] 874554K->806417K(1022464K), 0.0018034 secs] [Times: user=0.00 sys=0.00, real=0.00 secs] 
55.376: [GC (Allocation Failure) [PSYoungGen: 90665K->25600K(104960K)] 879674K->814609K(1022464K), 0.0021211 secs] [Times: user=0.00 sys=0.00, real=0.00 secs] 
55.923: [Full GC (Ergonomics) [PSYoungGen: 99876K->0K(104960K)] [ParOldGen: 891409K->17408K(917504K)] 991286K->17408K(1022464K), [Metaspace: 2795K->2795K(1056768K)], 0.0037632 secs] [Times: user=0.00 sys=0.00, real=0.00 secs] 
57.345: [GC (Allocation Failure) [PSYoungGen: 74278K->21504K(104960K)] 245286K->197632K(1022464K), 0.0035461 secs] [Times: user=0.02 sys=0.00, real=0.00 secs] 
59.420: [GC (Allocation Failure) [PSYoungGen: 90663K->10240K(104960K)] 420391K->339968K(1022464K), 0.0012923 secs] [Times: user=0.00 sys=0.00, real=0.00 secs] 
60.838: [GC (Allocation Failure) [PSYoungGen: 84520K->15360K(104960K)] 567848K->498688K(1022464K), 0.0018823 secs] [Times: user=0.00 sys=0.00, real=0.00 secs] 
62.474: [GC (Allocation Failure) [PSYoungGen: 88616K->15360K(104960K)] 725544K->652288K(1022464K), 0.0019615 secs] [Times: user=0.00 sys=0.00, real=0.00 secs] 
63.022: [GC (Allocation Failure) [PSYoungGen: 89640K->6144K(104960K)] 828968K->745472K(1022464K), 0.0016662 secs] [Times: user=0.00 sys=0.00, real=0.00 secs] 
64.442: [Full GC (Ergonomics) [PSYoungGen: 80424K->0K(104960K)] [ParOldGen: 892928K->18432K(917504K)] 973353K->18432K(1022464K), [Metaspace: 2796K->2796K(1056768K)], 0.0035876 secs] [Times: user=0.00 sys=0.00, real=0.00 secs] 
66.404: [GC (Allocation Failure) [PSYoungGen: 78376K->10240K(104960K)] 96809K->28672K(1022464K), 0.0008774 secs] [Times: user=0.00 sys=0.00, real=0.00 secs] 
67.822: [GC (Allocation Failure) [PSYoungGen: 84517K->15360K(104960K)] 256549K->207872K(1022464K), 0.0027171 secs] [Times: user=0.00 sys=0.00, real=0.00 secs] 
70.227: [GC (Allocation Failure) [PSYoungGen: 91686K->5120K(104960K)] 591398K->504832K(1022464K), 0.0012340 secs] [Times: user=0.00 sys=0.00, real=0.00 secs] 
71.647: [GC (Allocation Failure) [PSYoungGen: 79399K->11264K(104960K)] 732711K->664576K(1022464K), 0.0020394 secs] [Times: user=0.00 sys=0.00, real=0.00 secs] 
73.613: [GC (Allocation Failure) [PSYoungGen: 85544K->5120K(104960K)] 892456K->812032K(1022464K), 0.0021571 secs] [Times: user=0.01 sys=0.00, real=0.00 secs] 
74.047: [GC (Allocation Failure) [PSYoungGen: 47656K->10240K(104960K)] 905768K->868352K(1022464K), 0.0020629 secs] [Times: user=0.00 sys=0.00, real=0.00 secs] 
74.049: [GC (Allocation Failure) [PSYoungGen: 10240K->10240K(104960K)] 868352K->868352K(1022464K), 0.0020222 secs] [Times: user=0.00 sys=0.00, real=0.00 secs] 
74.051: [Full GC (Allocation Failure) [PSYoungGen: 10240K->0K(104960K)] [ParOldGen: 858112K->61969K(917504K)] 868352K->61969K(1022464K), [Metaspace: 2796K->2796K(1056768K)], 0.0061515 secs] [Times: user=0.00 sys=0.00, real=0.01 secs] 
75.807: [GC (Allocation Failure) [PSYoungGen: 76328K->16384K(104960K)] 394298K->334353K(1022464K), 0.0019285 secs] [Times: user=0.00 sys=0.00, real=0.00 secs] 
77.445: [GC (Allocation Failure) [PSYoungGen: 94760K->5120K(104960K)] 412730K->323089K(1022464K), 0.0007928 secs] [Times: user=0.00 sys=0.00, real=0.00 secs] 
78.863: [GC (Allocation Failure) [PSYoungGen: 79397K->10240K(104960K)] 550966K->481809K(1022464K), 0.0011623 secs] [Times: user=0.00 sys=0.00, real=0.00 secs] 
80.278: [GC (Allocation Failure) [PSYoungGen: 84518K->15360K(104960K)] 709687K->640529K(1022464K), 0.0015343 secs] [Times: user=0.00 sys=0.00, real=0.00 secs] 
82.348: [GC (Allocation Failure) [PSYoungGen: 84519K->16384K(104960K)] 812088K->743953K(1022464K), 0.0016746 secs] [Times: user=0.00 sys=0.00, real=0.00 secs] 
82.894: [GC (Allocation Failure) [PSYoungGen: 90663K->8192K(104960K)] 920633K->838161K(1022464K), 0.0018287 secs] [Times: user=0.02 sys=0.00, real=0.00 secs] 
83.979: [GC (Allocation Failure) [PSYoungGen: 81448K->17408K(104960K)] 962617K->898577K(1022464K), 0.0018616 secs] [Times: user=0.00 sys=0.00, real=0.00 secs] 
83.981: [GC (Allocation Failure) [PSYoungGen: 17408K->17408K(104960K)] 898577K->898577K(1022464K), 0.0015992 secs] [Times: user=0.00 sys=0.00, real=0.00 secs] 
83.983: [Full GC (Allocation Failure) [PSYoungGen: 17408K->0K(104960K)] [ParOldGen: 881169K->69137K(917504K)] 898577K->69137K(1022464K), [Metaspace: 2796K->2796K(1056768K)], 0.0066438 secs] [Times: user=0.00 sys=0.00, real=0.01 secs] 
86.285: [GC (Allocation Failure) [PSYoungGen: 76328K->20480K(104960K)] 401466K->345617K(1022464K), 0.0016416 secs] [Times: user=0.02 sys=0.00, real=0.00 secs] 
87.702: [GC (Allocation Failure) [PSYoungGen: 94760K->25600K(104960K)] 573498K->524817K(1022464K), 0.0033666 secs] [Times: user=0.00 sys=0.00, real=0.00 secs] 
89.335: [GC (Allocation Failure) [PSYoungGen: 103976K->15360K(104960K)] 654394K->565777K(1022464K), 0.0015344 secs] [Times: user=0.00 sys=0.00, real=0.00 secs] 
90.755: [GC (Allocation Failure) [PSYoungGen: 89641K->20480K(104960K)] 793658K->724497K(1022464K), 0.0018661 secs] [Times: user=0.00 sys=0.00, real=0.00 secs] 
93.046: [GC (Allocation Failure) [PSYoungGen: 96809K->6144K(104960K)] 954426K->863761K(1022464K), 0.0014631 secs] [Times: user=0.00 sys=0.00, real=0.00 secs] 
93.913: [Full GC (Ergonomics) [PSYoungGen: 69161K->0K(104960K)] [ParOldGen: 908817K->62993K(917504K)] 977978K->62993K(1022464K), [Metaspace: 2796K->2796K(1056768K)], 0.0063721 secs] [Times: user=0.00 sys=0.00, real=0.01 secs] 
95.675: [GC (Allocation Failure) [PSYoungGen: 76329K->16384K(104960K)] 395322K->335377K(1022464K), 0.0014490 secs] [Times: user=0.00 sys=0.00, real=0.00 secs] 
97.747: [GC (Allocation Failure) [PSYoungGen: 90665K->10240K(104960K)] 563258K->503313K(1022464K), 0.0025704 secs] [Times: user=0.00 sys=0.00, real=0.00 secs] 
99.165: [GC (Allocation Failure) [PSYoungGen: 84521K->15360K(104960K)] 731194K->662033K(1022464K), 0.0016966 secs] [Times: user=0.00 sys=0.00, real=0.00 secs] 
100.805: [GC (Allocation Failure) [PSYoungGen: 93737K->15360K(104960K)] 894010K->815633K(1022464K), 0.0015663 secs] [Times: user=0.00 sys=0.00, real=0.00 secs] 
101.351: [Full GC (Ergonomics) [PSYoungGen: 89641K->0K(104960K)] [ParOldGen: 902673K->8192K(917504K)] 992314K->8192K(1022464K), [Metaspace: 2796K->2796K(1056768K)], 0.0033181 secs] [Times: user=0.00 sys=0.00, real=0.00 secs] 
102.773: [GC (Allocation Failure) [PSYoungGen: 74281K->7168K(104960K)] 236073K->168960K(1022464K), 0.0008859 secs] [Times: user=0.00 sys=0.00, real=0.00 secs] 
104.844: [GC (Allocation Failure) [PSYoungGen: 80425K->10240K(104960K)] 242217K->172032K(1022464K), 0.0010815 secs] [Times: user=0.00 sys=0.00, real=0.00 secs] 
106.263: [GC (Allocation Failure) [PSYoungGen: 84517K->25600K(104960K)] 399909K->340992K(1022464K), 0.0018831 secs] [Times: user=0.00 sys=0.00, real=0.00 secs] 
107.902: [GC (Allocation Failure) [PSYoungGen: 84518K->5120K(104960K)] 553510K->474112K(1022464K), 0.0011847 secs] [Times: user=0.00 sys=0.00, real=0.00 secs] 
108.448: [GC (Allocation Failure) [PSYoungGen: 79399K->1024K(104960K)] 650791K->623616K(1022464K), 0.0046454 secs] [Times: user=0.00 sys=0.00, real=0.01 secs] 
109.866: [GC (Allocation Failure) [PSYoungGen: 75303K->6144K(104960K)] 851496K->782336K(1022464K), 0.0018163 secs] [Times: user=0.00 sys=0.00, real=0.00 secs] 
110.958: [GC (Allocation Failure) [PSYoungGen: 79400K->10240K(104960K)] 906792K->837632K(1022464K), 0.0028700 secs] [Times: user=0.00 sys=0.00, real=0.00 secs] 
110.961: [GC (Allocation Failure) [PSYoungGen: 10240K->10240K(104960K)] 837632K->837632K(1022464K), 0.0020747 secs] [Times: user=0.00 sys=0.00, real=0.00 secs] 
110.963: [Full GC (Allocation Failure) [PSYoungGen: 10240K->0K(104960K)] [ParOldGen: 827392K->215569K(917504K)] 837632K->215569K(1022464K), [Metaspace: 2796K->2796K(1056768K)], 0.0161686 secs] [Times: user=0.00 sys=0.00, real=0.02 secs] 
113.167: [GC (Allocation Failure) [PSYoungGen: 75304K->11264K(104960K)] 546874K->482833K(1022464K), 0.0012122 secs] [Times: user=0.00 sys=0.00, real=0.00 secs] 
114.587: [GC (Allocation Failure) [PSYoungGen: 85544K->16384K(104960K)] 710714K->651793K(1022464K), 0.0025138 secs] [Times: user=0.00 sys=0.00, real=0.00 secs] 
116.330: [GC (Allocation Failure) [PSYoungGen: 89640K->15360K(104960K)] 725050K->650769K(1022464K), 0.0016897 secs] [Times: user=0.00 sys=0.00, real=0.00 secs] 
117.748: [GC (Allocation Failure) [PSYoungGen: 89636K->20480K(104960K)] 878646K->829969K(1022464K), 0.0031406 secs] [Times: user=0.00 sys=0.00, real=0.00 secs] 
118.072: [GC (Allocation Failure) [PSYoungGen: 52774K->10240K(104960K)] 913463K->870929K(1022464K), 0.0021949 secs] [Times: user=0.00 sys=0.00, real=0.00 secs] 
118.075: [GC (Allocation Failure) [PSYoungGen: 10240K->10240K(104960K)] 870929K->870929K(1022464K), 0.0013271 secs] [Times: user=0.00 sys=0.00, real=0.00 secs] 
118.076: [Full GC (Allocation Failure) [PSYoungGen: 10240K->0K(104960K)] [ParOldGen: 860689K->82449K(917504K)] 870929K->82449K(1022464K), [Metaspace: 2796K->2796K(1056768K)], 0.0083355 secs] [Times: user=0.00 sys=0.00, real=0.01 secs] 
119.836: [GC (Allocation Failure) [PSYoungGen: 76326K->1024K(104960K)] 363575K->288273K(1022464K), 0.0006704 secs] [Times: user=0.00 sys=0.00, real=0.00 secs] 
121.250: [GC (Allocation Failure) [PSYoungGen: 75303K->7168K(104960K)] 516152K->448017K(1022464K), 0.0011835 secs] [Times: user=0.00 sys=0.00, real=0.00 secs] 
123.212: [GC (Allocation Failure) [PSYoungGen: 81447K->1024K(104960K)] 675897K->595473K(1022464K), 0.0012158 secs] [Times: user=0.00 sys=0.00, real=0.00 secs] 
124.631: [GC (Allocation Failure) [PSYoungGen: 75304K->20480K(104960K)] 823353K->768529K(1022464K), 0.0020212 secs] [Times: user=0.00 sys=0.00, real=0.00 secs] 
126.048: [Full GC (Ergonomics) [PSYoungGen: 94760K->0K(104960K)] [ParOldGen: 901649K->36864K(917504K)] 996410K->36864K(1022464K), [Metaspace: 2796K->2796K(1056768K)], 0.0045215 secs] [Times: user=0.00 sys=0.00, real=0.00 secs] 
127.577: [GC (Allocation Failure) [PSYoungGen: 73256K->10240K(104960K)] 110120K->47104K(1022464K), 0.0008655 secs] [Times: user=0.00 sys=0.00, real=0.00 secs] 
128.994: [GC (Allocation Failure) [PSYoungGen: 84516K->15360K(104960K)] 274980K->205824K(1022464K), 0.0013000 secs] [Times: user=0.00 sys=0.00, real=0.00 secs] 
131.282: [GC (Allocation Failure) [PSYoungGen: 91686K->6144K(104960K)] 538150K->452608K(1022464K), 0.0013928 secs] [Times: user=0.00 sys=0.00, real=0.00 secs] 
132.703: [GC (Allocation Failure) [PSYoungGen: 80423K->12288K(104960K)] 680487K->612352K(1022464K), 0.0016031 secs] [Times: user=0.00 sys=0.00, real=0.00 secs] 
134.668: [GC (Allocation Failure) [PSYoungGen: 86567K->5120K(104960K)] 840232K->758784K(1022464K), 0.0020536 secs] [Times: user=0.00 sys=0.00, real=0.00 secs] 
136.088: [Full GC (Ergonomics) [PSYoungGen: 79400K->0K(104960K)] [ParOldGen: 907264K->21504K(917504K)] 986664K->21504K(1022464K), [Metaspace: 2796K->2796K(1056768K)], 0.0039926 secs] [Times: user=0.00 sys=0.00, real=0.00 secs] 
137.507: [GC (Allocation Failure) [PSYoungGen: 74280K->10240K(104960K)] 249384K->205824K(1022464K), 0.0027579 secs] [Times: user=0.00 sys=0.00, real=0.00 secs] 
139.032: [GC (Allocation Failure) [PSYoungGen: 83496K->15360K(104960K)] 330280K->262144K(1022464K), 0.0014583 secs] [Times: user=0.00 sys=0.00, real=0.00 secs] 
140.451: [GC (Allocation Failure) [PSYoungGen: 89640K->20480K(104960K)] 490025K->420864K(1022464K), 0.0019640 secs] [Times: user=0.00 sys=0.00, real=0.00 secs] 
142.742: [GC (Allocation Failure) [PSYoungGen: 96809K->6144K(104960K)] 650793K->560128K(1022464K), 0.0012837 secs] [Times: user=0.00 sys=0.00, real=0.00 secs] 
144.160: [GC (Allocation Failure) [PSYoungGen: 80425K->21504K(104960K)] 788009K->729088K(1022464K), 0.0022093 secs] [Times: user=0.00 sys=0.00, real=0.00 secs] 
146.119: [GC (Allocation Failure) [PSYoungGen: 95785K->5120K(104960K)] 956969K->866304K(1022464K), 0.0025230 secs] [Times: user=0.00 sys=0.00, real=0.00 secs] 
146.444: [Full GC (Ergonomics) [PSYoungGen: 37416K->0K(104960K)] [ParOldGen: 912384K->72209K(917504K)] 949801K->72209K(1022464K), [Metaspace: 2796K->2796K(1056768K)], 0.0070483 secs] [Times: user=0.00 sys=0.00, real=0.01 secs] 
148.205: [GC (Allocation Failure) [PSYoungGen: 76329K->6144K(104960K)] 404538K->334353K(1022464K), 0.0008183 secs] [Times: user=0.00 sys=0.00, real=0.00 secs] 
150.058: [GC (Allocation Failure) [PSYoungGen: 84521K->5120K(104960K)] 566330K->486929K(1022464K), 0.0009224 secs] [Times: user=0.00 sys=0.00, real=0.00 secs] 
151.477: [GC (Allocation Failure) [PSYoungGen: 79401K->11264K(104960K)] 714810K->646673K(1022464K), 0.0013037 secs] [Times: user=0.00 sys=0.00, real=0.00 secs] 
152.897: [GC (Allocation Failure) [PSYoungGen: 85545K->17408K(104960K)] 874554K->806417K(1022464K), 0.0016371 secs] [Times: user=0.00 sys=0.00, real=0.00 secs] 
154.756: [GC (Allocation Failure) [PSYoungGen: 90665K->25600K(104960K)] 879674K->814609K(1022464K), 0.0021579 secs] [Times: user=0.00 sys=0.00, real=0.00 secs] 
155.302: [Full GC (Ergonomics) [PSYoungGen: 99876K->0K(104960K)] [ParOldGen: 891409K->17408K(917504K)] 991286K->17408K(1022464K), [Metaspace: 2796K->2796K(1056768K)], 0.0042232 secs] [Times: user=0.00 sys=0.00, real=0.00 secs] 
156.717: [GC (Allocation Failure) [PSYoungGen: 74278K->6144K(104960K)] 245286K->197632K(1022464K), 0.0022964 secs] [Times: user=0.00 sys=0.00, real=0.00 secs] 
158.790: [GC (Allocation Failure) [PSYoungGen: 75303K->10240K(104960K)] 420391K->355328K(1022464K), 0.0011428 secs] [Times: user=0.00 sys=0.00, real=0.00 secs] 
160.213: [GC (Allocation Failure) [PSYoungGen: 84520K->15360K(104960K)] 583208K->514048K(1022464K), 0.0015767 secs] [Times: user=0.00 sys=0.00, real=0.00 secs] 
161.854: [GC (Allocation Failure) [PSYoungGen: 88616K->15360K(104960K)] 740904K->667648K(1022464K), 0.0020600 secs] [Times: user=0.00 sys=0.00, real=0.00 secs] 
162.398: [GC (Allocation Failure) [PSYoungGen: 89640K->6144K(104960K)] 844328K->760832K(1022464K), 0.0018302 secs] [Times: user=0.00 sys=0.00, real=0.00 secs] 
163.813: [Full GC (Ergonomics) [PSYoungGen: 80424K->0K(104960K)] [ParOldGen: 908288K->18432K(917504K)] 988713K->18432K(1022464K), [Metaspace: 2796K->2796K(1056768K)], 0.0042319 secs] [Times: user=0.00 sys=0.00, real=0.00 secs] 
165.780: [GC (Allocation Failure) [PSYoungGen: 78376K->10240K(104960K)] 96809K->28672K(1022464K), 0.0009799 secs] [Times: user=0.00 sys=0.00, real=0.00 secs] 
167.190: [GC (Allocation Failure) [PSYoungGen: 84517K->15360K(104960K)] 256549K->207872K(1022464K), 0.0029104 secs] [Times: user=0.00 sys=0.00, real=0.00 secs] 
169.588: [GC (Allocation Failure) [PSYoungGen: 91686K->5120K(104960K)] 591398K->504832K(1022464K), 0.0013973 secs] [Times: user=0.00 sys=0.00, real=0.00 secs] 
171.002: [GC (Allocation Failure) [PSYoungGen: 79399K->11264K(104960K)] 732711K->664576K(1022464K), 0.0019035 secs] [Times: user=0.00 sys=0.00, real=0.00 secs] 
172.965: [GC (Allocation Failure) [PSYoungGen: 85544K->5120K(104960K)] 892456K->812032K(1022464K), 0.0016914 secs] [Times: user=0.00 sys=0.00, real=0.00 secs] 
173.404: [GC (Allocation Failure) [PSYoungGen: 47656K->10240K(104960K)] 905768K->868352K(1022464K), 0.0023557 secs] [Times: user=0.00 sys=0.00, real=0.00 secs] 
173.406: [GC (Allocation Failure) [PSYoungGen: 10240K->10240K(104960K)] 868352K->868352K(1022464K), 0.0022556 secs] [Times: user=0.00 sys=0.00, real=0.00 secs] 
173.408: [Full GC (Allocation Failure) [PSYoungGen: 10240K->0K(104960K)] [ParOldGen: 858112K->61969K(917504K)] 868352K->61969K(1022464K), [Metaspace: 2796K->2796K(1056768K)], 0.0061913 secs] [Times: user=0.02 sys=0.00, real=0.01 secs] 
175.160: [GC (Allocation Failure) [PSYoungGen: 76328K->16384K(104960K)] 394298K->334353K(1022464K), 0.0014247 secs] [Times: user=0.01 sys=0.00, real=0.00 secs] 
176.797: [GC (Allocation Failure) [PSYoungGen: 94760K->5120K(104960K)] 412730K->323089K(1022464K), 0.0007468 secs] [Times: user=0.00 sys=0.00, real=0.00 secs] 
178.215: [GC (Allocation Failure) [PSYoungGen: 79397K->10240K(104960K)] 550966K->481809K(1022464K), 0.0012849 secs] [Times: user=0.00 sys=0.00, real=0.00 secs] 
179.633: [GC (Allocation Failure) [PSYoungGen: 84518K->15360K(104960K)] 709687K->640529K(1022464K), 0.0015594 secs] [Times: user=0.00 sys=0.00, real=0.00 secs] 
181.709: [GC (Allocation Failure) [PSYoungGen: 84519K->16384K(104960K)] 812088K->743953K(1022464K), 0.0017253 secs] [Times: user=0.00 sys=0.00, real=0.00 secs] 
182.254: [GC (Allocation Failure) [PSYoungGen: 90663K->8192K(104960K)] 920633K->838161K(1022464K), 0.0015927 secs] [Times: user=0.00 sys=0.00, real=0.00 secs] 
183.347: [GC (Allocation Failure) [PSYoungGen: 81448K->17408K(104960K)] 962617K->898577K(1022464K), 0.0017551 secs] [Times: user=0.00 sys=0.00, real=0.00 secs] 
183.348: [GC (Allocation Failure) [PSYoungGen: 17408K->17408K(104960K)] 898577K->898577K(1022464K), 0.0014925 secs] [Times: user=0.00 sys=0.00, real=0.00 secs] 
183.350: [Full GC (Allocation Failure) [PSYoungGen: 17408K->0K(104960K)] [ParOldGen: 881169K->69137K(917504K)] 898577K->69137K(1022464K), [Metaspace: 2796K->2796K(1056768K)], 0.0063718 secs] [Times: user=0.00 sys=0.00, real=0.01 secs] 
185.652: [GC (Allocation Failure) [PSYoungGen: 76328K->20480K(104960K)] 401466K->345617K(1022464K), 0.0018013 secs] [Times: user=0.00 sys=0.00, real=0.00 secs] 
187.079: [GC (Allocation Failure) [PSYoungGen: 94760K->25600K(104960K)] 573498K->524817K(1022464K), 0.0032974 secs] [Times: user=0.00 sys=0.00, real=0.00 secs] 
188.711: [GC (Allocation Failure) [PSYoungGen: 103976K->15360K(104960K)] 654394K->565777K(1022464K), 0.0014166 secs] [Times: user=0.00 sys=0.00, real=0.00 secs] 
190.129: [GC (Allocation Failure) [PSYoungGen: 89641K->20480K(104960K)] 793658K->724497K(1022464K), 0.0020527 secs] [Times: user=0.00 sys=0.00, real=0.00 secs] 
192.421: [GC (Allocation Failure) [PSYoungGen: 96809K->6176K(104960K)] 954426K->863793K(1022464K), 0.0016216 secs] [Times: user=0.00 sys=0.00, real=0.00 secs] 
193.294: [Full GC (Ergonomics) [PSYoungGen: 69193K->0K(104960K)] [ParOldGen: 908817K->62993K(917504K)] 978010K->62993K(1022464K), [Metaspace: 2796K->2796K(1056768K)], 0.0067555 secs] [Times: user=0.00 sys=0.00, real=0.01 secs] 
195.050: [GC (Allocation Failure) [PSYoungGen: 76329K->16416K(104960K)] 395322K->335409K(1022464K), 0.0015003 secs] [Times: user=0.00 sys=0.00, real=0.00 secs] 
197.123: [GC (Allocation Failure) [PSYoungGen: 90697K->10304K(104960K)] 563290K->503377K(1022464K), 0.0026572 secs] [Times: user=0.00 sys=0.00, real=0.00 secs] 
198.545: [GC (Allocation Failure) [PSYoungGen: 84585K->15424K(104960K)] 731258K->662097K(1022464K), 0.0015440 secs] [Times: user=0.00 sys=0.00, real=0.00 secs] 
200.182: [GC (Allocation Failure) [PSYoungGen: 93801K->15424K(104960K)] 894074K->815697K(1022464K), 0.0016924 secs] [Times: user=0.00 sys=0.00, real=0.00 secs] 
200.727: [Full GC (Ergonomics) [PSYoungGen: 89705K->0K(104960K)] [ParOldGen: 902673K->8192K(917504K)] 992378K->8192K(1022464K), [Metaspace: 2796K->2796K(1056768K)], 0.0029987 secs] [Times: user=0.00 sys=0.00, real=0.00 secs] 
202.147: [GC (Allocation Failure) [PSYoungGen: 74281K->7168K(104960K)] 236073K->168960K(1022464K), 0.0008703 secs] [Times: user=0.00 sys=0.00, real=0.00 secs] 
204.222: [GC (Allocation Failure) [PSYoungGen: 80425K->10240K(104960K)] 242217K->172032K(1022464K), 0.0009148 secs] [Times: user=0.02 sys=0.00, real=0.00 secs] 
205.636: [GC (Allocation Failure) [PSYoungGen: 84517K->25600K(104960K)] 399909K->340992K(1022464K), 0.0020168 secs] [Times: user=0.00 sys=0.00, real=0.00 secs] 
207.269: [GC (Allocation Failure) [PSYoungGen: 84518K->5120K(104960K)] 553510K->474112K(1022464K), 0.0010556 secs] [Times: user=0.02 sys=0.00, real=0.00 secs] 
207.812: [GC (Allocation Failure) [PSYoungGen: 79399K->1024K(104960K)] 650791K->623616K(1022464K), 0.0046678 secs] [Times: user=0.00 sys=0.00, real=0.00 secs] 
209.229: [GC (Allocation Failure) [PSYoungGen: 75303K->6144K(104960K)] 851496K->782336K(1022464K), 0.0019368 secs] [Times: user=0.00 sys=0.00, real=0.00 secs] 
210.318: [GC (Allocation Failure) [PSYoungGen: 79400K->10240K(104960K)] 906793K->837632K(1022464K), 0.0022944 secs] [Times: user=0.00 sys=0.00, real=0.00 secs] 
210.320: [GC (Allocation Failure) [PSYoungGen: 10240K->10240K(104960K)] 837632K->837632K(1022464K), 0.0015495 secs] [Times: user=0.00 sys=0.00, real=0.00 secs] 
210.322: [Full GC (Allocation Failure) [PSYoungGen: 10240K->0K(104960K)] [ParOldGen: 827392K->215569K(917504K)] 837632K->215569K(1022464K), [Metaspace: 2796K->2796K(1056768K)], 0.0157535 secs] [Times: user=0.00 sys=0.00, real=0.01 secs] 
212.502: [GC (Allocation Failure) [PSYoungGen: 75304K->11264K(104960K)] 546874K->482833K(1022464K), 0.0012518 secs] [Times: user=0.00 sys=0.00, real=0.00 secs] 
213.911: [GC (Allocation Failure) [PSYoungGen: 85544K->16384K(104960K)] 710714K->651793K(1022464K), 0.0026157 secs] [Times: user=0.00 sys=0.00, real=0.00 secs] 
215.645: [GC (Allocation Failure) [PSYoungGen: 89640K->15360K(104960K)] 725050K->650769K(1022464K), 0.0014870 secs] [Times: user=0.00 sys=0.00, real=0.00 secs] 
217.051: [GC (Allocation Failure) [PSYoungGen: 89636K->20480K(104960K)] 878646K->829969K(1022464K), 0.0032011 secs] [Times: user=0.00 sys=0.00, real=0.00 secs] 
217.378: [GC (Allocation Failure) [PSYoungGen: 52774K->10240K(104960K)] 913464K->870929K(1022464K), 0.0018787 secs] [Times: user=0.00 sys=0.00, real=0.00 secs] 
217.380: [GC (Allocation Failure) [PSYoungGen: 10240K->10240K(104960K)] 870929K->870929K(1022464K), 0.0017541 secs] [Times: user=0.00 sys=0.00, real=0.00 secs] 
217.381: [Full GC (Allocation Failure) [PSYoungGen: 10240K->0K(104960K)] [ParOldGen: 860689K->82449K(917504K)] 870929K->82449K(1022464K), [Metaspace: 2796K->2796K(1056768K)], 0.0080014 secs] [Times: user=0.00 sys=0.00, real=0.01 secs] 
Heap
 PSYoungGen      total 104960K, used 24655K [0x00000000f8000000, 0x0000000100000000, 0x0000000100000000)
  eden space 78848K, 31% used [0x00000000f8000000,0x00000000f9813e58,0x00000000fcd00000)
  from space 26112K, 0% used [0x00000000fcd00000,0x00000000fcd00000,0x00000000fe680000)
  to   space 26112K, 0% used [0x00000000fe680000,0x00000000fe680000,0x0000000100000000)
 ParOldGen       total 917504K, used 184849K [0x00000000c0000000, 0x00000000f8000000, 0x00000000f8000000)
  object space 917504K, 20% used [0x00000000c0000000,0x00000000cb484730,0x00000000f8000000)
 Metaspace       used 2804K, capacity 4486K, committed 4864K, reserved 1056768K
  class space    used 297K, capacity 386K, committed 512K, reserved 1048576K
