Java HotSpot(TM) 64-Bit Server VM (25.411-b09) for windows-amd64 JRE (1.8.0_411-b09), built on Mar 13 2024 07:26:13 by "java_re" with MS VC++ 17.1 (VS2022)
Memory: 4k page, physical 33403376k(15009416k free), swap 38794768k(6721484k free)
CommandLine flags: -XX:InitialHeapSize=1073741824 -XX:MaxHeapSize=1073741824 -XX:NewRatio=7 -XX:ParallelGCThreads=6 -XX:+PrintGC -XX:+PrintGCDetails -XX:+PrintGCTimeStamps -XX:SurvivorRatio=6 -XX:-UseAdaptiveSizePolicy -XX:+UseCompressedClassPointers -XX:+UseCompressedOops -XX:-UseLargePagesIndividualAllocation -XX:+UseParallelGC 
2.064: [GC (Allocation Failure) [PSYoungGen: 94044K->11944K(114688K)] 247644K->165552K(1032192K), 0.0026948 secs] [Times: user=0.00 sys=0.00, real=0.00 secs] 
3.856: [GC (Allocation Failure) [PSYoungGen: 101974K->12976K(114688K)] 409182K->325304K(1032192K), 0.0031500 secs] [Times: user=0.00 sys=0.00, real=0.00 secs] 
6.302: [GC (Allocation Failure) [PSYoungGen: 109150K->15928K(114688K)] 575078K->492096K(1032192K), 0.0043968 secs] [Times: user=0.00 sys=0.00, real=0.00 secs] 
8.423: [GC (Allocation Failure) [PSYoungGen: 96701K->5656K(114688K)] 726469K->635432K(1032192K), 0.0021963 secs] [Times: user=0.00 sys=0.00, real=0.00 secs] 
9.436: [GC (Allocation Failure) [PSYoungGen: 100806K->10808K(114688K)] 832982K->794184K(1032192K), 0.0161323 secs] [Times: user=0.02 sys=0.00, real=0.02 secs] 
10.123: [GC (Allocation Failure) [PSYoungGen: 63974K->5720K(114688K)] 898550K->840296K(1032192K), 0.0024489 secs] [Times: user=0.00 sys=0.00, real=0.00 secs] 
10.126: [GC (Allocation Failure) [PSYoungGen: 5720K->5720K(114688K)] 840296K->840296K(1032192K), 0.0017098 secs] [Times: user=0.06 sys=0.00, real=0.00 secs] 
10.128: [Full GC (Allocation Failure) [PSYoungGen: 5720K->0K(114688K)] [ParOldGen: 834576K->108048K(917504K)] 840296K->108048K(1032192K), [Metaspace: 2761K->2761K(1056768K)], 0.0162413 secs] [Times: user=0.00 sys=0.00, real=0.02 secs] 
12.657: [GC (Allocation Failure) [PSYoungGen: 96174K->15360K(114688K)] 460223K->379408K(1032192K), 0.0015668 secs] [Times: user=0.00 sys=0.00, real=0.00 secs] 
13.532: [GC (Allocation Failure) [PSYoungGen: 111149K->11296K(114688K)] 577598K->477753K(1032192K), 0.0016662 secs] [Times: user=0.02 sys=0.00, real=0.00 secs] 
15.384: [GC (Allocation Failure) [PSYoungGen: 106446K->15424K(114688K)] 726503K->646745K(1032192K), 0.0021489 secs] [Times: user=0.00 sys=0.00, real=0.00 secs] 
17.561: [GC (Allocation Failure) [PSYoungGen: 110574K->6176K(114688K)] 895495K->811577K(1032192K), 0.0026641 secs] [Times: user=0.02 sys=0.00, real=0.00 secs] 
18.651: [GC (Allocation Failure) [PSYoungGen: 79822K->10272K(114688K)] 936423K->866873K(1032192K), 0.0014112 secs] [Times: user=0.00 sys=0.00, real=0.00 secs] 
18.652: [GC (Allocation Failure) [PSYoungGen: 10272K->10272K(114688K)] 866873K->866873K(1032192K), 0.0013243 secs] [Times: user=0.00 sys=0.00, real=0.00 secs] 
18.654: [Full GC (Allocation Failure) [PSYoungGen: 10272K->0K(114688K)] [ParOldGen: 856601K->82449K(917504K)] 866873K->82449K(1032192K), [Metaspace: 2770K->2770K(1056768K)], 0.0080162 secs] [Times: user=0.00 sys=0.00, real=0.01 secs] 
20.853: [GC (Allocation Failure) [PSYoungGen: 97198K->5120K(114688K)] 384447K->292369K(1032192K), 0.0007669 secs] [Times: user=0.00 sys=0.00, real=0.00 secs] 
22.596: [GC (Allocation Failure) [PSYoungGen: 100270K->15360K(114688K)] 541119K->462353K(1032192K), 0.0019483 secs] [Times: user=0.00 sys=0.00, real=0.00 secs] 
23.901: [GC (Allocation Failure) [PSYoungGen: 105390K->5120K(114688K)] 654783K->554513K(1032192K), 0.0011560 secs] [Times: user=0.00 sys=0.00, real=0.00 secs] 
24.665: [GC (Allocation Failure) [PSYoungGen: 100270K->11264K(114688K)] 752063K->663057K(1032192K), 0.0013592 secs] [Times: user=0.00 sys=0.00, real=0.00 secs] 
26.507: [GC (Allocation Failure) [PSYoungGen: 106414K->15360K(114688K)] 911807K->841233K(1032192K), 0.0033375 secs] [Times: user=0.00 sys=0.00, real=0.00 secs] 
28.251: [GC (Allocation Failure) [PSYoungGen: 104781K->15392K(114688K)] 930655K->841273K(1032192K), 0.0019162 secs] [Times: user=0.00 sys=0.00, real=0.00 secs] 
28.581: [GC (Allocation Failure) --[PSYoungGen: 99267K->99267K(114688K)] 925149K->976349K(1032192K), 0.0161090 secs] [Times: user=0.00 sys=0.00, real=0.02 secs] 
28.597: [Full GC (Ergonomics) [PSYoungGen: 99267K->0K(114688K)] [ParOldGen: 877081K->56849K(917504K)] 976349K->56849K(1032192K), [Metaspace: 2794K->2794K(1056768K)], 0.0067767 secs] [Times: user=0.00 sys=0.00, real=0.01 secs] 
30.781: [GC (Allocation Failure) [PSYoungGen: 97175K->10240K(114688K)] 410024K->323089K(1032192K), 0.0010662 secs] [Times: user=0.02 sys=0.00, real=0.00 secs] 
33.504: [GC (Allocation Failure) [PSYoungGen: 107423K->12288K(114688K)] 676273K->581137K(1032192K), 0.0016022 secs] [Times: user=0.00 sys=0.00, real=0.00 secs] 
35.465: [GC (Allocation Failure) [PSYoungGen: 97188K->10240K(114688K)] 819638K->742929K(1032192K), 0.0018766 secs] [Times: user=0.00 sys=0.00, real=0.00 secs] 
36.444: [GC (Allocation Failure) [PSYoungGen: 105383K->10240K(114688K)] 940473K->855569K(1032192K), 0.0018711 secs] [Times: user=0.00 sys=0.00, real=0.00 secs] 
37.097: [Full GC (Ergonomics) [PSYoungGen: 63402K->0K(114688K)] [ParOldGen: 896529K->87569K(917504K)] 959931K->87569K(1032192K), [Metaspace: 2794K->2794K(1056768K)], 0.0081020 secs] [Times: user=0.00 sys=0.00, real=0.01 secs] 
39.505: [GC (Allocation Failure) [PSYoungGen: 95147K->10240K(114688K)] 336317K->251409K(1032192K), 0.0010074 secs] [Times: user=0.00 sys=0.00, real=0.00 secs] 
40.266: [GC (Allocation Failure) [PSYoungGen: 105388K->6144K(114688K)] 448957K->349713K(1032192K), 0.0009218 secs] [Times: user=0.00 sys=0.00, real=0.00 secs] 
42.117: [GC (Allocation Failure) [PSYoungGen: 101293K->11264K(114688K)] 598462K->513553K(1032192K), 0.0014496 secs] [Times: user=0.00 sys=0.00, real=0.00 secs] 
44.723: [GC (Allocation Failure) [PSYoungGen: 108461K->11264K(114688K)] 764351K->677393K(1032192K), 0.0021022 secs] [Times: user=0.00 sys=0.00, real=0.00 secs] 
46.777: [GC (Allocation Failure) [PSYoungGen: 96173K->10240K(114688K)] 915903K->829969K(1032192K), 0.0016344 secs] [Times: user=0.00 sys=0.00, real=0.00 secs] 
46.994: [GC (Allocation Failure) [PSYoungGen: 83885K->0K(114688K)] 903615K->891409K(1032192K), 0.0054981 secs] [Times: user=0.00 sys=0.00, real=0.01 secs] 
46.999: [Full GC (Ergonomics) [PSYoungGen: 0K->0K(114688K)] [ParOldGen: 891409K->72209K(917504K)] 891409K->72209K(1032192K), [Metaspace: 2795K->2795K(1056768K)], 0.0066146 secs] [Times: user=0.03 sys=0.00, real=0.01 secs] 
49.188: [GC (Allocation Failure) [PSYoungGen: 97189K->15360K(114688K)] 425398K->343569K(1032192K), 0.0012267 secs] [Times: user=0.00 sys=0.00, real=0.00 secs] 
51.038: [GC (Allocation Failure) [PSYoungGen: 104360K->15360K(114688K)] 586169K->497169K(1032192K), 0.0016576 secs] [Times: user=0.00 sys=0.00, real=0.00 secs] 
52.021: [GC (Allocation Failure) [PSYoungGen: 110506K->11264K(114688K)] 694715K->595473K(1032192K), 0.0014267 secs] [Times: user=0.00 sys=0.00, real=0.00 secs] 
54.415: [GC (Allocation Failure) [PSYoungGen: 107435K->1024K(114688K)] 845245K->738833K(1032192K), 0.0012907 secs] [Times: user=0.00 sys=0.00, real=0.00 secs] 
56.269: [Full GC (Ergonomics) [PSYoungGen: 96172K->0K(114688K)] [ParOldGen: 891409K->26624K(917504K)] 987582K->26624K(1032192K), [Metaspace: 2796K->2796K(1056768K)], 0.0042133 secs] [Times: user=0.00 sys=0.00, real=0.00 secs] 
58.774: [GC (Allocation Failure) [PSYoungGen: 97197K->5120K(114688K)] 431021K->338944K(1032192K), 0.0009219 secs] [Times: user=0.00 sys=0.00, real=0.00 secs] 
60.626: [GC (Allocation Failure) [PSYoungGen: 100269K->15360K(114688K)] 587693K->502784K(1032192K), 0.0014180 secs] [Times: user=0.00 sys=0.00, real=0.00 secs] 
62.368: [GC (Allocation Failure) [PSYoungGen: 94125K->15360K(114688K)] 735150K->656384K(1032192K), 0.0020390 secs] [Times: user=0.00 sys=0.00, real=0.00 secs] 
63.344: [GC (Allocation Failure) [PSYoungGen: 110509K->11264K(114688K)] 853934K->754688K(1032192K), 0.0023087 secs] [Times: user=0.01 sys=0.00, real=0.00 secs] 
65.077: [Full GC (Ergonomics) [PSYoungGen: 106414K->0K(114688K)] [ParOldGen: 897024K->32768K(917504K)] 1003438K->32768K(1032192K), [Metaspace: 2796K->2796K(1056768K)], 0.0044082 secs] [Times: user=0.02 sys=0.00, real=0.00 secs] 
67.365: [GC (Allocation Failure) [PSYoungGen: 95150K->10240K(114688K)] 281518K->217088K(1032192K), 0.0026113 secs] [Times: user=0.00 sys=0.00, real=0.00 secs] 
70.200: [GC (Allocation Failure) [PSYoungGen: 107438K->5120K(114688K)] 621486K->519168K(1032192K), 0.0011352 secs] [Times: user=0.00 sys=0.00, real=0.00 secs] 
72.058: [GC (Allocation Failure) [PSYoungGen: 100270K->11264K(114688K)] 767918K->684032K(1032192K), 0.0025430 secs] [Times: user=0.00 sys=0.00, real=0.00 secs] 
73.364: [GC (Allocation Failure) [PSYoungGen: 106414K->1024K(114688K)] 881582K->776192K(1032192K), 0.0017898 secs] [Times: user=0.00 sys=0.00, real=0.00 secs] 
73.909: [GC (Allocation Failure) [PSYoungGen: 49070K->10240K(114688K)] 875438K->836608K(1032192K), 0.0034811 secs] [Times: user=0.00 sys=0.00, real=0.00 secs] 
73.912: [GC (Allocation Failure) [PSYoungGen: 10240K->10240K(114688K)] 836608K->836608K(1032192K), 0.0021714 secs] [Times: user=0.00 sys=0.00, real=0.00 secs] 
73.914: [Full GC (Allocation Failure) [PSYoungGen: 10240K->0K(114688K)] [ParOldGen: 826368K->61969K(917504K)] 836608K->61969K(1032192K), [Metaspace: 2796K->2796K(1056768K)], 0.0059677 secs] [Times: user=0.00 sys=0.00, real=0.01 secs] 
76.111: [GC (Allocation Failure) [PSYoungGen: 97198K->15360K(114688K)] 415167K->343569K(1032192K), 0.0023495 secs] [Times: user=0.00 sys=0.00, real=0.00 secs] 
77.854: [GC (Allocation Failure) [PSYoungGen: 104366K->15360K(114688K)] 432575K->343569K(1032192K), 0.0014841 secs] [Times: user=0.00 sys=0.00, real=0.00 secs] 
78.737: [GC (Allocation Failure) [PSYoungGen: 110502K->10240K(114688K)] 541112K->492049K(1032192K), 0.0053279 secs] [Times: user=0.00 sys=0.00, real=0.01 secs] 
81.458: [GC (Allocation Failure) [PSYoungGen: 107433K->6144K(114688K)] 845243K->743953K(1032192K), 0.0012046 secs] [Times: user=0.00 sys=0.00, real=0.00 secs] 
83.284: [Full GC (Ergonomics) [PSYoungGen: 101291K->0K(114688K)] [ParOldGen: 891409K->13312K(917504K)] 992700K->13312K(1032192K), [Metaspace: 2796K->2796K(1056768K)], 0.0037162 secs] [Times: user=0.00 sys=0.00, real=0.00 secs] 
85.545: [GC (Allocation Failure) [PSYoungGen: 97196K->11264K(114688K)] 417708K->331776K(1032192K), 0.0016083 secs] [Times: user=0.00 sys=0.00, real=0.00 secs] 
87.370: [GC (Allocation Failure) [PSYoungGen: 106413K->15360K(114688K)] 580525K->520192K(1032192K), 0.0036975 secs] [Times: user=0.00 sys=0.00, real=0.00 secs] 
89.202: [GC (Allocation Failure) [PSYoungGen: 109485K->15360K(114688K)] 665517K->571392K(1032192K), 0.0016182 secs] [Times: user=0.00 sys=0.00, real=0.00 secs] 
90.172: [GC (Allocation Failure) [PSYoungGen: 110509K->10240K(114688K)] 768941K->668672K(1032192K), 0.0016447 secs] [Times: user=0.01 sys=0.00, real=0.00 secs] 
92.754: [GC (Allocation Failure) [PSYoungGen: 107438K->6144K(114688K)] 919470K->818176K(1032192K), 0.0030638 secs] [Times: user=0.00 sys=0.00, real=0.00 secs] 
93.613: [Full GC (Ergonomics) [PSYoungGen: 69549K->0K(114688K)] [ParOldGen: 863232K->62993K(917504K)] 932782K->62993K(1032192K), [Metaspace: 2796K->2796K(1056768K)], 0.0074142 secs] [Times: user=0.00 sys=0.00, real=0.01 secs] 
96.219: [GC (Allocation Failure) [PSYoungGen: 97198K->10240K(114688K)] 416191K->329233K(1032192K), 0.0011095 secs] [Times: user=0.00 sys=0.00, real=0.00 secs] 
97.189: [GC (Allocation Failure) [PSYoungGen: 105390K->10240K(114688K)] 526783K->452113K(1032192K), 0.0025307 secs] [Times: user=0.00 sys=0.00, real=0.00 secs] 
98.911: [GC (Allocation Failure) [PSYoungGen: 105390K->15360K(114688K)] 700863K->615953K(1032192K), 0.0019437 secs] [Times: user=0.00 sys=0.00, real=0.00 secs] 
100.095: [GC (Allocation Failure) [PSYoungGen: 109486K->10240K(114688K)] 812479K->713233K(1032192K), 0.0015511 secs] [Times: user=0.00 sys=0.00, real=0.00 secs] 
101.715: [GC (Allocation Failure) [PSYoungGen: 100270K->15360K(114688K)] 956863K->878097K(1032192K), 0.0025308 secs] [Times: user=0.00 sys=0.00, real=0.00 secs] 
102.037: [GC (Allocation Failure) [PSYoungGen: 99246K->5120K(114688K)] 961983K->919057K(1032192K), 0.0158688 secs] [Times: user=0.00 sys=0.00, real=0.02 secs] 
102.053: [Full GC (Ergonomics) [PSYoungGen: 5120K->0K(114688K)] [ParOldGen: 913937K->62993K(917504K)] 919057K->62993K(1032192K), [Metaspace: 2796K->2796K(1056768K)], 0.0069334 secs] [Times: user=0.00 sys=0.00, real=0.01 secs] 
104.655: [GC (Allocation Failure) [PSYoungGen: 96166K->15360K(114688K)] 261560K->190993K(1032192K), 0.0022391 secs] [Times: user=0.00 sys=0.00, real=0.00 secs] 
105.623: [GC (Allocation Failure) [PSYoungGen: 110505K->15360K(114688K)] 388538K->293393K(1032192K), 0.0012671 secs] [Times: user=0.00 sys=0.00, real=0.00 secs] 
108.105: [GC (Allocation Failure) [PSYoungGen: 112555K->5120K(114688K)] 697788K->590353K(1032192K), 0.0010145 secs] [Times: user=0.00 sys=0.00, real=0.00 secs] 
109.959: [GC (Allocation Failure) [PSYoungGen: 100268K->15360K(114688K)] 839101K->754193K(1032192K), 0.0013981 secs] [Times: user=0.00 sys=0.00, real=0.00 secs] 
111.702: [Full GC (Ergonomics) [PSYoungGen: 94124K->0K(114688K)] [ParOldGen: 892433K->16384K(917504K)] 986558K->16384K(1032192K), [Metaspace: 2796K->2796K(1056768K)], 0.0037904 secs] [Times: user=0.00 sys=0.00, real=0.00 secs] 
112.680: [GC (Allocation Failure) [PSYoungGen: 95149K->6144K(114688K)] 213933K->124928K(1032192K), 0.0008211 secs] [Times: user=0.00 sys=0.00, real=0.00 secs] 
114.423: [GC (Allocation Failure) [PSYoungGen: 101293K->15360K(114688K)] 373677K->299008K(1032192K), 0.0022095 secs] [Times: user=0.00 sys=0.00, real=0.00 secs] 
116.713: [GC (Allocation Failure) [PSYoungGen: 110509K->10240K(114688K)] 547758K->467968K(1032192K), 0.0029197 secs] [Times: user=0.00 sys=0.00, real=0.00 secs] 
119.548: [GC (Allocation Failure) [PSYoungGen: 107438K->5120K(114688K)] 872366K->770048K(1032192K), 0.0016331 secs] [Times: user=0.00 sys=0.00, real=0.00 secs] 
120.418: [GC (Allocation Failure) [PSYoungGen: 68526K->5120K(114688K)] 884654K->821248K(1032192K), 0.0021979 secs] [Times: user=0.00 sys=0.00, real=0.00 secs] 
120.420: [GC (Allocation Failure) [PSYoungGen: 5120K->5120K(114688K)] 821248K->821248K(1032192K), 0.0014946 secs] [Times: user=0.00 sys=0.00, real=0.00 secs] 
120.422: [Full GC (Allocation Failure) [PSYoungGen: 5120K->0K(114688K)] [ParOldGen: 816128K->159249K(917504K)] 821248K->159249K(1032192K), [Metaspace: 2796K->2796K(1056768K)], 0.0122217 secs] [Times: user=0.00 sys=0.00, real=0.01 secs] 
122.939: [GC (Allocation Failure) [PSYoungGen: 92078K->10240K(114688K)] 507327K->435729K(1032192K), 0.0014793 secs] [Times: user=0.00 sys=0.00, real=0.00 secs] 
123.819: [GC (Allocation Failure) [PSYoungGen: 105390K->10240K(114688K)] 633279K->538129K(1032192K), 0.0012720 secs] [Times: user=0.00 sys=0.00, real=0.00 secs] 
125.677: [GC (Allocation Failure) [PSYoungGen: 105390K->15360K(114688K)] 786879K->707089K(1032192K), 0.0021473 secs] [Times: user=0.00 sys=0.00, real=0.00 secs] 
127.312: [GC (Allocation Failure) [PSYoungGen: 104366K->15360K(114688K)] 796095K->707089K(1032192K), 0.0019073 secs] [Times: user=0.00 sys=0.00, real=0.00 secs] 
128.293: [GC (Allocation Failure) [PSYoungGen: 110502K->15360K(114688K)] 904632K->860689K(1032192K), 0.0058429 secs] [Times: user=0.02 sys=0.00, real=0.00 secs] 
128.948: [Full GC (Ergonomics) [PSYoungGen: 68521K->0K(114688K)] [ParOldGen: 896529K->113169K(917504K)] 965051K->113169K(1032192K), [Metaspace: 2796K->2796K(1056768K)], 0.0094034 secs] [Times: user=0.00 sys=0.00, real=0.01 secs] 
131.588: [GC (Allocation Failure) [PSYoungGen: 81835K->11264K(114688K)] 399804K->334353K(1032192K), 0.0014432 secs] [Times: user=0.00 sys=0.00, real=0.00 secs] 
132.565: [GC (Allocation Failure) [PSYoungGen: 106412K->7168K(114688K)] 531901K->432657K(1032192K), 0.0009278 secs] [Times: user=0.00 sys=0.00, real=0.00 secs] 
134.419: [GC (Allocation Failure) [PSYoungGen: 86956K->10240K(114688K)] 666046K->599569K(1032192K), 0.0015572 secs] [Times: user=0.00 sys=0.00, real=0.00 secs] 
135.402: [GC (Allocation Failure) [PSYoungGen: 105389K->10240K(114688K)] 797118K->701969K(1032192K), 0.0011673 secs] [Times: user=0.00 sys=0.00, real=0.00 secs] 
137.154: [GC (Allocation Failure) [PSYoungGen: 105389K->15360K(114688K)] 950719K->886289K(1032192K), 0.0033029 secs] [Times: user=0.00 sys=0.00, real=0.00 secs] 
137.157: [Full GC (Ergonomics) [PSYoungGen: 15360K->0K(114688K)] [ParOldGen: 870929K->51729K(917504K)] 886289K->51729K(1032192K), [Metaspace: 2796K->2796K(1056768K)], 0.0057221 secs] [Times: user=0.00 sys=0.00, real=0.01 secs] 
138.261: [GC (Allocation Failure) [PSYoungGen: 94125K->10240K(114688K)] 145855K->61969K(1032192K), 0.0008365 secs] [Times: user=0.00 sys=0.00, real=0.00 secs] 
140.001: [GC (Allocation Failure) [PSYoungGen: 105375K->15360K(114688K)] 310705K->225809K(1032192K), 0.0021524 secs] [Times: user=0.00 sys=0.00, real=0.00 secs] 
140.869: [GC (Allocation Failure) [PSYoungGen: 110500K->11264K(114688K)] 423350K->324113K(1032192K), 0.0011265 secs] [Times: user=0.00 sys=0.00, real=0.00 secs] 
143.484: [GC (Allocation Failure) [PSYoungGen: 108456K->12288K(114688K)] 574905K->478737K(1032192K), 0.0015580 secs] [Times: user=0.00 sys=0.00, real=0.00 secs] 
145.786: [GC (Allocation Failure) [PSYoungGen: 107434K->10240K(114688K)] 727483K->630289K(1032192K), 0.0012606 secs] [Times: user=0.00 sys=0.00, real=0.00 secs] 
146.766: [GC (Allocation Failure) [PSYoungGen: 105387K->10240K(114688K)] 827837K->753169K(1032192K), 0.0031333 secs] [Times: user=0.03 sys=0.00, real=0.00 secs] 
148.512: [Full GC (Ergonomics) [PSYoungGen: 105388K->0K(114688K)] [ParOldGen: 896529K->92689K(917504K)] 1001918K->92689K(1032192K), [Metaspace: 2796K->2796K(1056768K)], 0.0082922 secs] [Times: user=0.00 sys=0.00, real=0.01 secs] 
149.710: [GC (Allocation Failure) [PSYoungGen: 94125K->10240K(114688K)] 289214K->205329K(1032192K), 0.0008922 secs] [Times: user=0.00 sys=0.00, real=0.00 secs] 
151.346: [GC (Allocation Failure) [PSYoungGen: 100269K->15360K(114688K)] 448959K->370193K(1032192K), 0.0019260 secs] [Times: user=0.00 sys=0.00, real=0.00 secs] 
152.218: [GC (Allocation Failure) [PSYoungGen: 110509K->11264K(114688K)] 567743K->468497K(1032192K), 0.0010778 secs] [Times: user=0.00 sys=0.00, real=0.00 secs] 
154.280: [GC (Allocation Failure) [PSYoungGen: 95150K->15360K(114688K)] 552383K->482833K(1032192K), 0.0019471 secs] [Times: user=0.00 sys=0.00, real=0.00 secs] 
155.258: [GC (Allocation Failure) [PSYoungGen: 110502K->15360K(114688K)] 680375K->585233K(1032192K), 0.0016194 secs] [Times: user=0.00 sys=0.00, real=0.00 secs] 
157.774: [Full GC (Ergonomics) [PSYoungGen: 112553K->0K(114688K)] [ParOldGen: 877073K->56849K(917504K)] 989626K->56849K(1032192K), [Metaspace: 2796K->2796K(1056768K)], 0.0060448 secs] [Times: user=0.00 sys=0.00, real=0.01 secs] 
159.635: [GC (Allocation Failure) [PSYoungGen: 95146K->15360K(114688K)] 305596K->225809K(1032192K), 0.0011471 secs] [Times: user=0.00 sys=0.00, real=0.00 secs] 
161.383: [GC (Allocation Failure) [PSYoungGen: 94124K->15360K(114688K)] 458173K->379409K(1032192K), 0.0013807 secs] [Times: user=0.00 sys=0.00, real=0.00 secs] 
162.364: [GC (Allocation Failure) [PSYoungGen: 110508K->11264K(114688K)] 576958K->477713K(1032192K), 0.0012939 secs] [Times: user=0.00 sys=0.00, real=0.00 secs] 
164.107: [GC (Allocation Failure) [PSYoungGen: 106413K->15360K(114688K)] 726462K->651793K(1032192K), 0.0025016 secs] [Times: user=0.00 sys=0.00, real=0.00 secs] 
166.394: [GC (Allocation Failure) [PSYoungGen: 110509K->10240K(114688K)] 900543K->820753K(1032192K), 0.0030799 secs] [Times: user=0.00 sys=0.00, real=0.00 secs] 
167.266: [GC (Allocation Failure) [PSYoungGen: 73645K->10240K(114688K)] 935359K->871953K(1032192K), 0.0016577 secs] [Times: user=0.00 sys=0.00, real=0.00 secs] 
167.268: [GC (Allocation Failure) [PSYoungGen: 10240K->10240K(114688K)] 871953K->871953K(1032192K), 0.0009893 secs] [Times: user=0.00 sys=0.00, real=0.00 secs] 
167.269: [Full GC (Allocation Failure) [PSYoungGen: 10240K->0K(114688K)] [ParOldGen: 861713K->82449K(917504K)] 871953K->82449K(1032192K), [Metaspace: 2796K->2796K(1056768K)], 0.0078521 secs] [Times: user=0.00 sys=0.00, real=0.01 secs] 
169.463: [GC (Allocation Failure) [PSYoungGen: 97198K->5120K(114688K)] 384447K->292369K(1032192K), 0.0007998 secs] [Times: user=0.00 sys=0.00, real=0.00 secs] 
171.208: [GC (Allocation Failure) [PSYoungGen: 100270K->15360K(114688K)] 541119K->462353K(1032192K), 0.0017271 secs] [Times: user=0.00 sys=0.00, real=0.00 secs] 
172.518: [GC (Allocation Failure) [PSYoungGen: 105390K->5120K(114688K)] 654783K->554513K(1032192K), 0.0010511 secs] [Times: user=0.00 sys=0.00, real=0.00 secs] 
173.279: [GC (Allocation Failure) [PSYoungGen: 100270K->11264K(114688K)] 752063K->663057K(1032192K), 0.0014704 secs] [Times: user=0.00 sys=0.00, real=0.00 secs] 
175.127: [GC (Allocation Failure) [PSYoungGen: 106414K->15360K(114688K)] 911807K->841233K(1032192K), 0.0029750 secs] [Times: user=0.00 sys=0.00, real=0.00 secs] 
176.871: [GC (Allocation Failure) [PSYoungGen: 104366K->15360K(114688K)] 930239K->841233K(1032192K), 0.0015018 secs] [Times: user=0.00 sys=0.00, real=0.00 secs] 
177.196: [GC (Allocation Failure) --[PSYoungGen: 99238K->99238K(114688K)] 925112K->976312K(1032192K), 0.0049739 secs] [Times: user=0.00 sys=0.00, real=0.01 secs] 
177.201: [Full GC (Ergonomics) [PSYoungGen: 99238K->0K(114688K)] [ParOldGen: 877073K->57344K(917504K)] 976312K->57344K(1032192K), [Metaspace: 2796K->2796K(1056768K)], 0.0059504 secs] [Times: user=0.01 sys=0.00, real=0.01 secs] 
179.395: [GC (Allocation Failure) [PSYoungGen: 97177K->10240K(114688K)] 410521K->323584K(1032192K), 0.0012563 secs] [Times: user=0.00 sys=0.00, real=0.00 secs] 
182.118: [GC (Allocation Failure) [PSYoungGen: 107424K->12288K(114688K)] 676769K->581632K(1032192K), 0.0025081 secs] [Times: user=0.00 sys=0.00, real=0.00 secs] 
184.083: [GC (Allocation Failure) [PSYoungGen: 97189K->10240K(114688K)] 820133K->743424K(1032192K), 0.0027996 secs] [Times: user=0.00 sys=0.00, real=0.00 secs] 
185.062: [GC (Allocation Failure) [PSYoungGen: 105384K->10240K(114688K)] 940968K->845824K(1032192K), 0.0022945 secs] [Times: user=0.00 sys=0.00, real=0.00 secs] 
185.716: [Full GC (Ergonomics) [PSYoungGen: 63402K->0K(114688K)] [ParOldGen: 886784K->87569K(917504K)] 950186K->87569K(1032192K), [Metaspace: 2796K->2796K(1056768K)], 0.0080534 secs] [Times: user=0.00 sys=0.00, real=0.01 secs] 
188.131: [GC (Allocation Failure) [PSYoungGen: 95147K->10240K(114688K)] 336317K->251409K(1032192K), 0.0010810 secs] [Times: user=0.00 sys=0.00, real=0.00 secs] 
188.894: [GC (Allocation Failure) [PSYoungGen: 105388K->6144K(114688K)] 448958K->349713K(1032192K), 0.0008384 secs] [Times: user=0.00 sys=0.00, real=0.00 secs] 
190.745: [GC (Allocation Failure) [PSYoungGen: 101293K->11296K(114688K)] 598462K->513585K(1032192K), 0.0014762 secs] [Times: user=0.00 sys=0.00, real=0.00 secs] 
193.360: [GC (Allocation Failure) [PSYoungGen: 108493K->11296K(114688K)] 764383K->677425K(1032192K), 0.0024797 secs] [Times: user=0.00 sys=0.00, real=0.00 secs] 
195.432: [GC (Allocation Failure) [PSYoungGen: 96205K->10272K(114688K)] 915935K->830001K(1032192K), 0.0016221 secs] [Times: user=0.00 sys=0.00, real=0.00 secs] 
195.649: [GC (Allocation Failure) [PSYoungGen: 83917K->32K(114688K)] 903647K->891441K(1032192K), 0.0055463 secs] [Times: user=0.00 sys=0.00, real=0.01 secs] 
195.655: [Full GC (Ergonomics) [PSYoungGen: 32K->0K(114688K)] [ParOldGen: 891409K->72209K(917504K)] 891441K->72209K(1032192K), [Metaspace: 2796K->2796K(1056768K)], 0.0066975 secs] [Times: user=0.02 sys=0.00, real=0.01 secs] 
197.842: [GC (Allocation Failure) [PSYoungGen: 97189K->15360K(114688K)] 425399K->343569K(1032192K), 0.0012281 secs] [Times: user=0.00 sys=0.00, real=0.00 secs] 
199.691: [GC (Allocation Failure) [PSYoungGen: 104360K->15360K(114688K)] 586170K->497169K(1032192K), 0.0015170 secs] [Times: user=0.00 sys=0.00, real=0.00 secs] 
200.673: [GC (Allocation Failure) [PSYoungGen: 110506K->11264K(114688K)] 694716K->595473K(1032192K), 0.0012485 secs] [Times: user=0.05 sys=0.00, real=0.00 secs] 
203.072: [GC (Allocation Failure) [PSYoungGen: 107435K->1024K(114688K)] 845245K->738833K(1032192K), 0.0018476 secs] [Times: user=0.00 sys=0.00, real=0.00 secs] 
204.924: [Full GC (Ergonomics) [PSYoungGen: 96172K->0K(114688K)] [ParOldGen: 891409K->26624K(917504K)] 987582K->26624K(1032192K), [Metaspace: 2796K->2796K(1056768K)], 0.0041852 secs] [Times: user=0.00 sys=0.00, real=0.00 secs] 
207.432: [GC (Allocation Failure) [PSYoungGen: 97197K->5120K(114688K)] 431021K->338944K(1032192K), 0.0008573 secs] [Times: user=0.00 sys=0.00, real=0.00 secs] 
209.287: [GC (Allocation Failure) [PSYoungGen: 100269K->15360K(114688K)] 587694K->502784K(1032192K), 0.0013057 secs] [Times: user=0.00 sys=0.00, real=0.00 secs] 
211.035: [GC (Allocation Failure) [PSYoungGen: 94125K->15360K(114688K)] 735150K->656384K(1032192K), 0.0016523 secs] [Times: user=0.00 sys=0.00, real=0.00 secs] 
212.017: [GC (Allocation Failure) [PSYoungGen: 110509K->11264K(114688K)] 853934K->754688K(1032192K), 0.0016027 secs] [Times: user=0.00 sys=0.00, real=0.00 secs] 
213.760: [Full GC (Ergonomics) [PSYoungGen: 106414K->0K(114688K)] [ParOldGen: 897024K->32768K(917504K)] 1003438K->32768K(1032192K), [Metaspace: 2796K->2796K(1056768K)], 0.0048978 secs] [Times: user=0.00 sys=0.00, real=0.00 secs] 
216.053: [GC (Allocation Failure) [PSYoungGen: 95150K->10240K(114688K)] 281518K->217088K(1032192K), 0.0024296 secs] [Times: user=0.00 sys=0.00, real=0.00 secs] 
Heap
 PSYoungGen      total 114688K, used 97116K [0x00000000f8000000, 0x0000000100000000, 0x0000000100000000)
  eden space 98304K, 88% used [0x00000000f8000000,0x00000000fd4d7288,0x00000000fe000000)
  from space 16384K, 62% used [0x00000000fe000000,0x00000000fea00020,0x00000000ff000000)
  to   space 16384K, 0% used [0x00000000ff000000,0x00000000ff000000,0x0000000100000000)
 ParOldGen       total 917504K, used 360448K [0x00000000c0000000, 0x00000000f8000000, 0x00000000f8000000)
  object space 917504K, 39% used [0x00000000c0000000,0x00000000d6000238,0x00000000f8000000)
 Metaspace       used 2804K, capacity 4486K, committed 4864K, reserved 1056768K
  class space    used 297K, capacity 386K, committed 512K, reserved 1048576K
