Java HotSpot(TM) 64-Bit Server VM (25.411-b09) for windows-amd64 JRE (1.8.0_411-b09), built on Mar 13 2024 07:26:13 by "java_re" with MS VC++ 17.1 (VS2022)
Memory: 4k page, physical 33403376k(14323096k free), swap 36670664k(7368696k free)
CommandLine flags: -XX:InitialHeapSize=536870912 -XX:MaxHeapSize=536870912 -XX:NewRatio=9 -XX:ParallelGCThreads=6 -XX:+PrintGC -XX:+PrintGCDetails -XX:+PrintGCTimeStamps -XX:SurvivorRatio=5 -XX:-UseAdaptiveSizePolicy -XX:+UseCompressedClassPointers -XX:+UseCompressedOops -XX:-UseLargePagesIndividualAllocation -XX:+UseParallelGC 
0.932: [GC (Allocation Failure) [PSYoungGen: 34283K->5784K(45056K)] 34283K->10912K(517120K), 0.0026120 secs] [Times: user=0.00 sys=0.00, real=0.00 secs] 
1.965: [GC (Allocation Failure) [PSYoungGen: 39293K->6848K(45056K)] 218501K->191176K(517120K), 0.0025512 secs] [Times: user=0.00 sys=0.00, real=0.00 secs] 
2.513: [GC (Allocation Failure) [PSYoungGen: 38315K->6808K(45056K)] 222643K->201376K(517120K), 0.0037990 secs] [Times: user=0.02 sys=0.00, real=0.00 secs] 
3.211: [GC (Allocation Failure) [PSYoungGen: 40320K->3744K(45056K)] 388488K->357032K(517120K), 0.0021107 secs] [Times: user=0.00 sys=0.00, real=0.00 secs] 
3.865: [GC (Allocation Failure) [PSYoungGen: 35213K->6792K(45056K)] 388501K->361104K(517120K), 0.0010366 secs] [Times: user=0.00 sys=0.00, real=0.00 secs] 
5.175: [GC (Allocation Failure) [PSYoungGen: 44402K->5720K(45056K)] 398714K->365152K(517120K), 0.0021672 secs] [Times: user=0.00 sys=0.00, real=0.00 secs] 
5.738: [GC (Allocation Failure) [PSYoungGen: 32064K->600K(45056K)] 463177K->441952K(517120K), 0.0034393 secs] [Times: user=0.00 sys=0.00, real=0.00 secs] 
5.742: [Full GC (Ergonomics) [PSYoungGen: 600K->0K(45056K)] [ParOldGen: 441352K->67088K(472064K)] 441952K->67088K(517120K), [Metaspace: 2753K->2753K(1056768K)], 0.0112327 secs] [Times: user=0.00 sys=0.00, real=0.01 secs] 
6.730: [GC (Allocation Failure) [PSYoungGen: 33517K->5120K(45056K)] 203006K->179728K(517120K), 0.0011514 secs] [Times: user=0.00 sys=0.00, real=0.00 secs] 
7.711: [GC (Allocation Failure) [PSYoungGen: 39019K->5152K(45056K)] 387708K->353848K(517120K), 0.0010105 secs] [Times: user=0.00 sys=0.00, real=0.00 secs] 
8.584: [GC (Allocation Failure) [PSYoungGen: 31506K->32K(45056K)] 431403K->399928K(517120K), 0.0010137 secs] [Times: user=0.00 sys=0.00, real=0.00 secs] 
8.585: [GC (Allocation Failure) [PSYoungGen: 32K->32K(45056K)] 399928K->399928K(517120K), 0.0008956 secs] [Times: user=0.00 sys=0.00, real=0.00 secs] 
8.586: [Full GC (Allocation Failure) [PSYoungGen: 32K->0K(45056K)] [ParOldGen: 399896K->51728K(472064K)] 399928K->51728K(517120K), [Metaspace: 2759K->2759K(1056768K)], 0.0052337 secs] [Times: user=0.00 sys=0.00, real=0.00 secs] 
9.580: [GC (Allocation Failure) [PSYoungGen: 33523K->5120K(45056K)] 187652K->164368K(517120K), 0.0012317 secs] [Times: user=0.00 sys=0.00, real=0.00 secs] 
10.562: [GC (Allocation Failure) [PSYoungGen: 38644K->5120K(45056K)] 371973K->343568K(517120K), 0.0010152 secs] [Times: user=0.00 sys=0.00, real=0.00 secs] 
11.107: [GC (Allocation Failure) [PSYoungGen: 36596K->5120K(45056K)] 375045K->353809K(517120K), 0.0015705 secs] [Times: user=0.00 sys=0.00, real=0.00 secs] 
11.435: [GC (Allocation Failure) [PSYoungGen: 36590K->5120K(45056K)] 436479K->405009K(517120K), 0.0008643 secs] [Times: user=0.00 sys=0.00, real=0.00 secs] 
11.436: [GC (Allocation Failure) [PSYoungGen: 5120K->5120K(45056K)] 405009K->405009K(517120K), 0.0007997 secs] [Times: user=0.00 sys=0.00, real=0.00 secs] 
11.436: [Full GC (Allocation Failure) [PSYoungGen: 5120K->0K(45056K)] [ParOldGen: 399889K->215568K(472064K)] 405009K->215568K(517120K), [Metaspace: 2761K->2761K(1056768K)], 0.0116991 secs] [Times: user=0.02 sys=0.00, real=0.01 secs] 
12.871: [GC (Allocation Failure) [PSYoungGen: 32743K->5152K(45056K)] 422392K->394809K(517120K), 0.0009884 secs] [Times: user=0.00 sys=0.00, real=0.00 secs] 
12.872: [GC (Allocation Failure) [PSYoungGen: 5152K->5184K(45056K)] 394809K->394841K(517120K), 0.0007119 secs] [Times: user=0.00 sys=0.00, real=0.00 secs] 
12.872: [Full GC (Allocation Failure) [PSYoungGen: 5184K->0K(45056K)] [ParOldGen: 389656K->56849K(472064K)] 394841K->56849K(517120K), [Metaspace: 2763K->2763K(1056768K)], 0.0052234 secs] [Times: user=0.00 sys=0.00, real=0.01 secs] 
13.869: [GC (Allocation Failure) [PSYoungGen: 33522K->6144K(45056K)] 192772K->165393K(517120K), 0.0008218 secs] [Times: user=0.00 sys=0.00, real=0.00 secs] 
14.850: [GC (Allocation Failure) [PSYoungGen: 39668K->6144K(45056K)] 372997K->354833K(517120K), 0.0017961 secs] [Times: user=0.00 sys=0.00, real=0.00 secs] 
15.395: [GC (Allocation Failure) [PSYoungGen: 37620K->1024K(45056K)] 386309K->359953K(517120K), 0.0013350 secs] [Times: user=0.00 sys=0.00, real=0.00 secs] 
16.596: [GC (Allocation Failure) [PSYoungGen: 37614K->5120K(45056K)] 396543K->369169K(517120K), 0.0011627 secs] [Times: user=0.00 sys=0.00, real=0.00 secs] 
17.140: [GC (Allocation Failure) [PSYoungGen: 31467K->0K(45056K)] 467197K->435729K(517120K), 0.0008232 secs] [Times: user=0.00 sys=0.00, real=0.00 secs] 
17.141: [GC (Allocation Failure) [PSYoungGen: 0K->0K(45056K)] 435729K->435729K(517120K), 0.0006834 secs] [Times: user=0.00 sys=0.00, real=0.00 secs] 
17.142: [Full GC (Allocation Failure) [PSYoungGen: 0K->0K(45056K)] [ParOldGen: 435729K->77329K(472064K)] 435729K->77329K(517120K), [Metaspace: 2768K->2768K(1056768K)], 0.0068207 secs] [Times: user=0.00 sys=0.00, real=0.01 secs] 
18.143: [GC (Allocation Failure) [PSYoungGen: 33519K->5120K(45056K)] 213248K->189969K(517120K), 0.0009909 secs] [Times: user=0.00 sys=0.00, real=0.00 secs] 
19.134: [GC (Allocation Failure) [PSYoungGen: 38641K->5120K(45056K)] 397570K->369169K(517120K), 0.0012483 secs] [Times: user=0.00 sys=0.00, real=0.00 secs] 
20.008: [GC (Allocation Failure) [PSYoungGen: 16115K->0K(45056K)] 431364K->415249K(517120K), 0.0008906 secs] [Times: user=0.00 sys=0.00, real=0.00 secs] 
20.009: [GC (Allocation Failure) [PSYoungGen: 0K->0K(45056K)] 415249K->415249K(517120K), 0.0008397 secs] [Times: user=0.00 sys=0.00, real=0.00 secs] 
20.010: [Full GC (Allocation Failure) [PSYoungGen: 0K->0K(45056K)] [ParOldGen: 415249K->51729K(472064K)] 415249K->51729K(517120K), [Metaspace: 2770K->2770K(1056768K)], 0.0048612 secs] [Times: user=0.00 sys=0.00, real=0.00 secs] 
21.006: [GC (Allocation Failure) [PSYoungGen: 33523K->5120K(45056K)] 187652K->164369K(517120K), 0.0009994 secs] [Times: user=0.00 sys=0.00, real=0.00 secs] 
21.988: [GC (Allocation Failure) [PSYoungGen: 38644K->6144K(45056K)] 371973K->339473K(517120K), 0.0009951 secs] [Times: user=0.00 sys=0.00, real=0.00 secs] 
22.537: [GC (Allocation Failure) [PSYoungGen: 37620K->6144K(45056K)] 370949K->349713K(517120K), 0.0014874 secs] [Times: user=0.00 sys=0.00, real=0.00 secs] 
22.863: [GC (Allocation Failure) [PSYoungGen: 37614K->6144K(45056K)] 432383K->400913K(517120K), 0.0009518 secs] [Times: user=0.00 sys=0.00, real=0.00 secs] 
22.864: [GC (Allocation Failure) [PSYoungGen: 6144K->6144K(45056K)] 400913K->400913K(517120K), 0.0008643 secs] [Times: user=0.00 sys=0.00, real=0.00 secs] 
22.865: [Full GC (Allocation Failure) [PSYoungGen: 6144K->0K(45056K)] [ParOldGen: 394769K->165393K(472064K)] 400913K->165393K(517120K), [Metaspace: 2779K->2779K(1056768K)], 0.0120429 secs] [Times: user=0.00 sys=0.00, real=0.01 secs] 
24.741: [Full GC (Ergonomics) [PSYoungGen: 35569K->0K(45056K)] [ParOldGen: 441873K->16384K(472064K)] 477442K->16384K(517120K), [Metaspace: 2779K->2779K(1056768K)], 0.0030890 secs] [Times: user=0.00 sys=0.00, real=0.00 secs] 
25.396: [GC (Allocation Failure) [PSYoungGen: 36594K->0K(45056K)] 52978K->26624K(517120K), 0.0011832 secs] [Times: user=0.00 sys=0.00, real=0.00 secs] 
26.049: [GC (Allocation Failure) [PSYoungGen: 33518K->1024K(45056K)] 213742K->191488K(517120K), 0.0012734 secs] [Times: user=0.00 sys=0.00, real=0.00 secs] 
26.700: [GC (Allocation Failure) [PSYoungGen: 32497K->5120K(45056K)] 222961K->200704K(517120K), 0.0009836 secs] [Times: user=0.00 sys=0.00, real=0.00 secs] 
27.899: [GC (Allocation Failure) [PSYoungGen: 41708K->5120K(45056K)] 257772K->226304K(517120K), 0.0012419 secs] [Times: user=0.00 sys=0.00, real=0.00 secs] 
28.880: [GC (Allocation Failure) [PSYoungGen: 38799K->6176K(45056K)] 434064K->401448K(517120K), 0.0013704 secs] [Times: user=0.00 sys=0.00, real=0.00 secs] 
29.535: [GC (Allocation Failure) [PSYoungGen: 37649K->5184K(45056K)] 432922K->410696K(517120K), 0.0014965 secs] [Times: user=0.00 sys=0.00, real=0.00 secs] 
29.862: [GC (Allocation Failure) [PSYoungGen: 26412K->64K(45056K)] 452405K->426056K(517120K), 0.0022727 secs] [Times: user=0.00 sys=0.00, real=0.00 secs] 
29.864: [GC (Allocation Failure) [PSYoungGen: 64K->64K(45056K)] 426056K->426056K(517120K), 0.0015735 secs] [Times: user=0.00 sys=0.00, real=0.00 secs] 
29.866: [Full GC (Allocation Failure) [PSYoungGen: 64K->0K(45056K)] [ParOldGen: 425992K->82449K(472064K)] 426056K->82449K(517120K), [Metaspace: 2793K->2793K(1056768K)], 0.0070457 secs] [Times: user=0.00 sys=0.00, real=0.01 secs] 
31.841: [GC (Allocation Failure) [PSYoungGen: 35568K->6144K(45056K)] 374017K->344593K(517120K), 0.0008557 secs] [Times: user=0.00 sys=0.00, real=0.00 secs] 
32.492: [GC (Allocation Failure) [PSYoungGen: 42738K->6144K(45056K)] 381187K->354833K(517120K), 0.0015246 secs] [Times: user=0.00 sys=0.00, real=0.00 secs] 
32.820: [GC (Allocation Failure) [PSYoungGen: 37613K->6144K(45056K)] 437503K->406033K(517120K), 0.0011236 secs] [Times: user=0.00 sys=0.00, real=0.00 secs] 
32.822: [GC (Allocation Failure) [PSYoungGen: 6144K->6144K(45056K)] 406033K->406033K(517120K), 0.0010835 secs] [Times: user=0.00 sys=0.00, real=0.00 secs] 
32.823: [Full GC (Allocation Failure) [PSYoungGen: 6144K->0K(45056K)] [ParOldGen: 399889K->57873K(472064K)] 406033K->57873K(517120K), [Metaspace: 2793K->2793K(1056768K)], 0.0056168 secs] [Times: user=0.00 sys=0.00, real=0.00 secs] 
33.819: [GC (Allocation Failure) [PSYoungGen: 33520K->6144K(45056K)] 193794K->166417K(517120K), 0.0008030 secs] [Times: user=0.00 sys=0.00, real=0.00 secs] 
35.234: [GC (Allocation Failure) [PSYoungGen: 34546K->5120K(45056K)] 368899K->339473K(517120K), 0.0010767 secs] [Times: user=0.00 sys=0.00, real=0.00 secs] 
35.671: [GC (Allocation Failure) [PSYoungGen: 26355K->0K(45056K)] 432389K->416273K(517120K), 0.0013341 secs] [Times: user=0.05 sys=0.00, real=0.00 secs] 
35.673: [GC (Allocation Failure) [PSYoungGen: 0K->0K(45056K)] 416273K->416273K(517120K), 0.0010180 secs] [Times: user=0.00 sys=0.00, real=0.00 secs] 
35.674: [Full GC (Allocation Failure) [PSYoungGen: 0K->0K(45056K)] [ParOldGen: 416273K->61969K(472064K)] 416273K->61969K(517120K), [Metaspace: 2793K->2793K(1056768K)], 0.0053101 secs] [Times: user=0.00 sys=0.00, real=0.00 secs] 
36.669: [GC (Allocation Failure) [PSYoungGen: 33524K->5120K(45056K)] 197893K->174609K(517120K), 0.0009172 secs] [Times: user=0.00 sys=0.00, real=0.00 secs] 
37.651: [GC (Allocation Failure) [PSYoungGen: 38644K->5120K(45056K)] 382214K->353809K(517120K), 0.0010780 secs] [Times: user=0.00 sys=0.00, real=0.00 secs] 
38.196: [GC (Allocation Failure) [PSYoungGen: 36597K->5120K(45056K)] 385286K->364049K(517120K), 0.0014819 secs] [Times: user=0.00 sys=0.00, real=0.00 secs] 
39.177: [GC (Allocation Failure) [PSYoungGen: 41711K->5120K(45056K)] 451840K->415249K(517120K), 0.0008976 secs] [Times: user=0.00 sys=0.00, real=0.00 secs] 
39.830: [GC (Allocation Failure) [PSYoungGen: 41713K->5120K(45056K)] 472322K->435729K(517120K), 0.0011626 secs] [Times: user=0.00 sys=0.00, real=0.00 secs] 
39.831: [GC (Allocation Failure) [PSYoungGen: 5120K->5120K(45056K)] 435729K->435729K(517120K), 0.0009049 secs] [Times: user=0.00 sys=0.00, real=0.00 secs] 
39.832: [Full GC (Allocation Failure) [PSYoungGen: 5120K->0K(45056K)] [ParOldGen: 430609K->26129K(472064K)] 435729K->26129K(517120K), [Metaspace: 2793K->2793K(1056768K)], 0.0035325 secs] [Times: user=0.00 sys=0.00, real=0.00 secs] 
40.921: [GC (Allocation Failure) [PSYoungGen: 33523K->5120K(45056K)] 213252K->189969K(517120K), 0.0010310 secs] [Times: user=0.00 sys=0.00, real=0.00 secs] 
41.902: [GC (Allocation Failure) [PSYoungGen: 38644K->6144K(45056K)] 397573K->370193K(517120K), 0.0009823 secs] [Times: user=0.00 sys=0.00, real=0.00 secs] 
43.321: [GC (Allocation Failure) [PSYoungGen: 39668K->6144K(45056K)] 403718K->370193K(517120K), 0.0009246 secs] [Times: user=0.00 sys=0.00, real=0.00 secs] 
43.866: [GC (Allocation Failure) [PSYoungGen: 37615K->1024K(45056K)] 401664K->385553K(517120K), 0.0014714 secs] [Times: user=0.00 sys=0.00, real=0.00 secs] 
44.191: [GC (Allocation Failure) [PSYoungGen: 32491K->1024K(45056K)] 468220K->436753K(517120K), 0.0009250 secs] [Times: user=0.00 sys=0.00, real=0.00 secs] 
44.192: [Full GC (Ergonomics) [PSYoungGen: 1024K->0K(45056K)] [ParOldGen: 435729K->62993K(472064K)] 436753K->62993K(517120K), [Metaspace: 2795K->2795K(1056768K)], 0.0060689 secs] [Times: user=0.00 sys=0.00, real=0.01 secs] 
45.187: [GC (Allocation Failure) [PSYoungGen: 33518K->5120K(45056K)] 198912K->175633K(517120K), 0.0009631 secs] [Times: user=0.00 sys=0.00, real=0.00 secs] 
46.713: [GC (Allocation Failure) [PSYoungGen: 38641K->5120K(45056K)] 383234K->349713K(517120K), 0.0007985 secs] [Times: user=0.00 sys=0.00, real=0.00 secs] 
47.038: [GC (Allocation Failure) [PSYoungGen: 36594K->0K(45056K)] 432388K->416273K(517120K), 0.0021296 secs] [Times: user=0.00 sys=0.00, real=0.00 secs] 
47.041: [GC (Allocation Failure) [PSYoungGen: 0K->0K(45056K)] 416273K->416273K(517120K), 0.0008459 secs] [Times: user=0.00 sys=0.00, real=0.00 secs] 
47.041: [Full GC (Allocation Failure) [PSYoungGen: 0K->0K(45056K)] [ParOldGen: 416273K->72209K(472064K)] 416273K->72209K(517120K), [Metaspace: 2795K->2795K(1056768K)], 0.0064198 secs] [Times: user=0.00 sys=0.00, real=0.01 secs] 
48.037: [GC (Allocation Failure) [PSYoungGen: 33523K->5120K(45056K)] 208133K->184849K(517120K), 0.0009360 secs] [Times: user=0.00 sys=0.00, real=0.00 secs] 
49.020: [GC (Allocation Failure) [PSYoungGen: 38644K->5120K(45056K)] 392454K->358929K(517120K), 0.0009661 secs] [Times: user=0.00 sys=0.00, real=0.00 secs] 
49.565: [GC (Allocation Failure) [PSYoungGen: 36597K->5120K(45056K)] 390406K->369169K(517120K), 0.0014493 secs] [Times: user=0.00 sys=0.00, real=0.00 secs] 
49.890: [GC (Allocation Failure) [PSYoungGen: 36590K->5120K(45056K)] 451840K->420369K(517120K), 0.0008923 secs] [Times: user=0.00 sys=0.00, real=0.00 secs] 
49.891: [GC (Allocation Failure) [PSYoungGen: 5120K->5120K(45056K)] 420369K->420369K(517120K), 0.0009051 secs] [Times: user=0.00 sys=0.00, real=0.00 secs] 
49.892: [Full GC (Allocation Failure) [PSYoungGen: 5120K->0K(45056K)] [ParOldGen: 415249K->133649K(472064K)] 420369K->133649K(517120K), [Metaspace: 2795K->2795K(1056768K)], 0.0098742 secs] [Times: user=0.00 sys=0.00, real=0.01 secs] 
51.553: [GC (Allocation Failure) [PSYoungGen: 37617K->2048K(45056K)] 447746K->417297K(517120K), 0.0011042 secs] [Times: user=0.00 sys=0.00, real=0.00 secs] 
52.315: [GC (Allocation Failure) [PSYoungGen: 34546K->6144K(45056K)] 449796K->426513K(517120K), 0.0011808 secs] [Times: user=0.00 sys=0.00, real=0.00 secs] 
52.643: [GC (Allocation Failure) [PSYoungGen: 27373K->1024K(45056K)] 468223K->441873K(517120K), 0.0010727 secs] [Times: user=0.00 sys=0.00, real=0.00 secs] 
52.644: [Full GC (Ergonomics) [PSYoungGen: 1024K->0K(45056K)] [ParOldGen: 440849K->32273K(472064K)] 441873K->32273K(517120K), [Metaspace: 2795K->2795K(1056768K)], 0.0036104 secs] [Times: user=0.00 sys=0.00, real=0.00 secs] 
53.734: [GC (Allocation Failure) [PSYoungGen: 33520K->6144K(45056K)] 219394K->192017K(517120K), 0.0008731 secs] [Times: user=0.00 sys=0.00, real=0.00 secs] 
55.046: [GC (Allocation Failure) [PSYoungGen: 43762K->5120K(45056K)] 229635K->196113K(517120K), 0.0010521 secs] [Times: user=0.00 sys=0.00, real=0.00 secs] 
56.024: [GC (Allocation Failure) [PSYoungGen: 38638K->5120K(45056K)] 403711K->385553K(517120K), 0.0019010 secs] [Times: user=0.00 sys=0.00, real=0.00 secs] 
56.677: [GC (Allocation Failure) [PSYoungGen: 41713K->5120K(45056K)] 422146K->395793K(517120K), 0.0015758 secs] [Times: user=0.00 sys=0.00, real=0.00 secs] 
57.004: [Full GC (Ergonomics) [PSYoungGen: 36589K->0K(45056K)] [ParOldGen: 441873K->92689K(472064K)] 478462K->92689K(517120K), [Metaspace: 2796K->2796K(1056768K)], 0.0075220 secs] [Times: user=0.00 sys=0.00, real=0.01 secs] 
59.097: [GC (Allocation Failure) [PSYoungGen: 35568K->5120K(45056K)] 404737K->374289K(517120K), 0.0008792 secs] [Times: user=0.00 sys=0.00, real=0.00 secs] 
59.859: [Full GC (Ergonomics) [PSYoungGen: 41714K->0K(45056K)] [ParOldGen: 440849K->108049K(472064K)] 482563K->108049K(517120K), [Metaspace: 2796K->2796K(1056768K)], 0.0084250 secs] [Times: user=0.00 sys=0.00, real=0.01 secs] 
60.857: [GC (Allocation Failure) [PSYoungGen: 33523K->5120K(45056K)] 243972K->220689K(517120K), 0.0009795 secs] [Times: user=0.00 sys=0.00, real=0.00 secs] 
62.280: [GC (Allocation Failure) [PSYoungGen: 37620K->5120K(45056K)] 427269K->399889K(517120K), 0.0010502 secs] [Times: user=0.00 sys=0.00, real=0.00 secs] 
62.720: [Full GC (Ergonomics) [PSYoungGen: 26356K->0K(45056K)] [ParOldGen: 466449K->56849K(472064K)] 492806K->56849K(517120K), [Metaspace: 2796K->2796K(1056768K)], 0.0055998 secs] [Times: user=0.00 sys=0.00, real=0.01 secs] 
63.721: [GC (Allocation Failure) [PSYoungGen: 33525K->6144K(45056K)] 192774K->165393K(517120K), 0.0010004 secs] [Times: user=0.00 sys=0.00, real=0.00 secs] 
64.703: [GC (Allocation Failure) [PSYoungGen: 39669K->6144K(45056K)] 372998K->354833K(517120K), 0.0017604 secs] [Times: user=0.00 sys=0.00, real=0.00 secs] 
65.247: [GC (Allocation Failure) [PSYoungGen: 37621K->1024K(45056K)] 386311K->359953K(517120K), 0.0013822 secs] [Times: user=0.00 sys=0.00, real=0.00 secs] 
66.448: [GC (Allocation Failure) [PSYoungGen: 37615K->5120K(45056K)] 396544K->369169K(517120K), 0.0010155 secs] [Times: user=0.00 sys=0.00, real=0.00 secs] 
66.996: [GC (Allocation Failure) [PSYoungGen: 31468K->0K(45056K)] 467197K->435729K(517120K), 0.0007431 secs] [Times: user=0.00 sys=0.00, real=0.00 secs] 
66.997: [Full GC (Ergonomics) [PSYoungGen: 0K->0K(45056K)] [ParOldGen: 435729K->77329K(472064K)] 435729K->77329K(517120K), [Metaspace: 2796K->2796K(1056768K)], 0.0066630 secs] [Times: user=0.01 sys=0.00, real=0.01 secs] 
67.995: [GC (Allocation Failure) [PSYoungGen: 33519K->5120K(45056K)] 213248K->189969K(517120K), 0.0011166 secs] [Times: user=0.00 sys=0.00, real=0.00 secs] 
68.978: [GC (Allocation Failure) [PSYoungGen: 38641K->5120K(45056K)] 397571K->364049K(517120K), 0.0010170 secs] [Times: user=0.00 sys=0.00, real=0.00 secs] 
69.853: [GC (Allocation Failure) [PSYoungGen: 16115K->0K(45056K)] 426244K->410129K(517120K), 0.0007403 secs] [Times: user=0.00 sys=0.00, real=0.00 secs] 
69.854: [GC (Allocation Failure) [PSYoungGen: 0K->0K(45056K)] 410129K->410129K(517120K), 0.0006231 secs] [Times: user=0.00 sys=0.00, real=0.00 secs] 
69.855: [Full GC (Allocation Failure) [PSYoungGen: 0K->0K(45056K)] [ParOldGen: 410129K->51729K(472064K)] 410129K->51729K(517120K), [Metaspace: 2796K->2796K(1056768K)], 0.0049179 secs] [Times: user=0.00 sys=0.00, real=0.00 secs] 
70.851: [GC (Allocation Failure) [PSYoungGen: 33523K->5120K(45056K)] 187652K->164369K(517120K), 0.0011558 secs] [Times: user=0.00 sys=0.00, real=0.00 secs] 
71.834: [GC (Allocation Failure) [PSYoungGen: 38644K->6144K(45056K)] 371973K->339473K(517120K), 0.0008015 secs] [Times: user=0.00 sys=0.00, real=0.00 secs] 
72.381: [GC (Allocation Failure) [PSYoungGen: 37620K->6144K(45056K)] 370950K->349713K(517120K), 0.0015123 secs] [Times: user=0.00 sys=0.00, real=0.00 secs] 
72.711: [GC (Allocation Failure) [PSYoungGen: 37614K->6144K(45056K)] 432384K->400913K(517120K), 0.0008737 secs] [Times: user=0.00 sys=0.00, real=0.00 secs] 
72.712: [GC (Allocation Failure) [PSYoungGen: 6144K->6144K(45056K)] 400913K->400913K(517120K), 0.0008308 secs] [Times: user=0.00 sys=0.00, real=0.00 secs] 
72.712: [Full GC (Allocation Failure) [PSYoungGen: 6144K->0K(45056K)] [ParOldGen: 394769K->165393K(472064K)] 400913K->165393K(517120K), [Metaspace: 2796K->2796K(1056768K)], 0.0122361 secs] [Times: user=0.00 sys=0.00, real=0.01 secs] 
74.583: [Full GC (Ergonomics) [PSYoungGen: 35569K->0K(45056K)] [ParOldGen: 441873K->16384K(472064K)] 477442K->16384K(517120K), [Metaspace: 2796K->2796K(1056768K)], 0.0028062 secs] [Times: user=0.00 sys=0.00, real=0.00 secs] 
75.237: [GC (Allocation Failure) [PSYoungGen: 36594K->0K(45056K)] 52978K->26624K(517120K), 0.0011453 secs] [Times: user=0.00 sys=0.00, real=0.00 secs] 
75.891: [GC (Allocation Failure) [PSYoungGen: 33518K->1024K(45056K)] 213742K->191488K(517120K), 0.0012902 secs] [Times: user=0.00 sys=0.00, real=0.00 secs] 
76.551: [GC (Allocation Failure) [PSYoungGen: 32497K->5120K(45056K)] 222961K->200704K(517120K), 0.0010992 secs] [Times: user=0.00 sys=0.00, real=0.00 secs] 
77.752: [GC (Allocation Failure) [PSYoungGen: 41708K->5120K(45056K)] 257772K->226304K(517120K), 0.0011024 secs] [Times: user=0.00 sys=0.00, real=0.00 secs] 
78.736: [GC (Allocation Failure) [PSYoungGen: 38639K->1024K(45056K)] 433903K->396288K(517120K), 0.0011360 secs] [Times: user=0.00 sys=0.00, real=0.00 secs] 
79.391: [GC (Allocation Failure) [PSYoungGen: 32497K->5120K(45056K)] 427762K->405504K(517120K), 0.0010578 secs] [Times: user=0.00 sys=0.00, real=0.00 secs] 
79.719: [GC (Allocation Failure) [PSYoungGen: 26348K->0K(45056K)] 447213K->420864K(517120K), 0.0011638 secs] [Times: user=0.02 sys=0.00, real=0.00 secs] 
79.720: [GC (Allocation Failure) [PSYoungGen: 0K->0K(45056K)] 420864K->420864K(517120K), 0.0010154 secs] [Times: user=0.00 sys=0.00, real=0.00 secs] 
79.721: [Full GC (Allocation Failure) [PSYoungGen: 0K->0K(45056K)] [ParOldGen: 420864K->82449K(472064K)] 420864K->82449K(517120K), [Metaspace: 2796K->2796K(1056768K)], 0.0069031 secs] [Times: user=0.00 sys=0.00, real=0.01 secs] 
81.699: [GC (Allocation Failure) [PSYoungGen: 35568K->6144K(45056K)] 374017K->344593K(517120K), 0.0010810 secs] [Times: user=0.00 sys=0.00, real=0.00 secs] 
82.353: [GC (Allocation Failure) [PSYoungGen: 42738K->6144K(45056K)] 381187K->354833K(517120K), 0.0016808 secs] [Times: user=0.00 sys=0.00, real=0.00 secs] 
82.682: [GC (Allocation Failure) [PSYoungGen: 37613K->6144K(45056K)] 437503K->406033K(517120K), 0.0008752 secs] [Times: user=0.00 sys=0.00, real=0.00 secs] 
82.683: [GC (Allocation Failure) [PSYoungGen: 6144K->6144K(45056K)] 406033K->406033K(517120K), 0.0011179 secs] [Times: user=0.00 sys=0.00, real=0.00 secs] 
82.684: [Full GC (Allocation Failure) [PSYoungGen: 6144K->0K(45056K)] [ParOldGen: 399889K->57873K(472064K)] 406033K->57873K(517120K), [Metaspace: 2796K->2796K(1056768K)], 0.0053228 secs] [Times: user=0.02 sys=0.00, real=0.00 secs] 
83.681: [GC (Allocation Failure) [PSYoungGen: 33520K->6144K(45056K)] 193794K->166417K(517120K), 0.0008252 secs] [Times: user=0.00 sys=0.00, real=0.00 secs] 
85.098: [GC (Allocation Failure) [PSYoungGen: 34546K->5120K(45056K)] 368899K->339473K(517120K), 0.0009558 secs] [Times: user=0.00 sys=0.00, real=0.00 secs] 
85.537: [GC (Allocation Failure) [PSYoungGen: 26355K->0K(45056K)] 432389K->416273K(517120K), 0.0012862 secs] [Times: user=0.00 sys=0.00, real=0.00 secs] 
85.539: [GC (Allocation Failure) [PSYoungGen: 0K->0K(45056K)] 416273K->416273K(517120K), 0.0010901 secs] [Times: user=0.00 sys=0.00, real=0.00 secs] 
85.540: [Full GC (Allocation Failure) [PSYoungGen: 0K->0K(45056K)] [ParOldGen: 416273K->61969K(472064K)] 416273K->61969K(517120K), [Metaspace: 2796K->2796K(1056768K)], 0.0053728 secs] [Times: user=0.00 sys=0.00, real=0.01 secs] 
86.535: [GC (Allocation Failure) [PSYoungGen: 33524K->5120K(45056K)] 197893K->174609K(517120K), 0.0011604 secs] [Times: user=0.00 sys=0.00, real=0.00 secs] 
87.519: [GC (Allocation Failure) [PSYoungGen: 38644K->5120K(45056K)] 382214K->348689K(517120K), 0.0010057 secs] [Times: user=0.00 sys=0.00, real=0.00 secs] 
88.069: [GC (Allocation Failure) [PSYoungGen: 36597K->5120K(45056K)] 380166K->358929K(517120K), 0.0017448 secs] [Times: user=0.00 sys=0.00, real=0.00 secs] 
89.056: [GC (Allocation Failure) [PSYoungGen: 41711K->5120K(45056K)] 446720K->410129K(517120K), 0.0008663 secs] [Times: user=0.00 sys=0.00, real=0.00 secs] 
89.714: [GC (Allocation Failure) [PSYoungGen: 41713K->5120K(45056K)] 467202K->430609K(517120K), 0.0008769 secs] [Times: user=0.00 sys=0.00, real=0.00 secs] 
89.714: [GC (Allocation Failure) [PSYoungGen: 5120K->5120K(45056K)] 430609K->430609K(517120K), 0.0012575 secs] [Times: user=0.00 sys=0.00, real=0.00 secs] 
89.716: [Full GC (Allocation Failure) [PSYoungGen: 5120K->0K(45056K)] [ParOldGen: 425489K->26129K(472064K)] 430609K->26129K(517120K), [Metaspace: 2796K->2796K(1056768K)], 0.0033504 secs] [Times: user=0.00 sys=0.00, real=0.00 secs] 
90.809: [GC (Allocation Failure) [PSYoungGen: 33523K->5120K(45056K)] 213252K->189969K(517120K), 0.0010161 secs] [Times: user=0.00 sys=0.00, real=0.00 secs] 
91.791: [GC (Allocation Failure) [PSYoungGen: 38644K->6144K(45056K)] 397573K->370193K(517120K), 0.0011236 secs] [Times: user=0.00 sys=0.00, real=0.00 secs] 
93.209: [GC (Allocation Failure) [PSYoungGen: 39668K->6144K(45056K)] 403718K->370193K(517120K), 0.0009688 secs] [Times: user=0.00 sys=0.00, real=0.00 secs] 
93.756: [GC (Allocation Failure) [PSYoungGen: 37615K->1024K(45056K)] 401664K->385553K(517120K), 0.0016037 secs] [Times: user=0.00 sys=0.00, real=0.00 secs] 
94.085: [GC (Allocation Failure) [PSYoungGen: 32491K->1024K(45056K)] 468220K->436753K(517120K), 0.0012179 secs] [Times: user=0.00 sys=0.00, real=0.00 secs] 
94.086: [GC (Allocation Failure) [PSYoungGen: 1024K->1024K(45056K)] 436753K->436753K(517120K), 0.0008362 secs] [Times: user=0.00 sys=0.00, real=0.00 secs] 
94.087: [Full GC (Allocation Failure) [PSYoungGen: 1024K->0K(45056K)] [ParOldGen: 435729K->62993K(472064K)] 436753K->62993K(517120K), [Metaspace: 2796K->2796K(1056768K)], 0.0058860 secs] [Times: user=0.00 sys=0.00, real=0.01 secs] 
95.080: [GC (Allocation Failure) [PSYoungGen: 33518K->5120K(45056K)] 198912K->175633K(517120K), 0.0010052 secs] [Times: user=0.00 sys=0.00, real=0.00 secs] 
96.612: [GC (Allocation Failure) [PSYoungGen: 38641K->5120K(45056K)] 383234K->349713K(517120K), 0.0008399 secs] [Times: user=0.00 sys=0.00, real=0.00 secs] 
96.938: [GC (Allocation Failure) [PSYoungGen: 36594K->0K(45056K)] 432388K->416273K(517120K), 0.0021851 secs] [Times: user=0.00 sys=0.00, real=0.00 secs] 
96.940: [GC (Allocation Failure) [PSYoungGen: 0K->0K(45056K)] 416273K->416273K(517120K), 0.0009319 secs] [Times: user=0.00 sys=0.00, real=0.00 secs] 
96.941: [Full GC (Allocation Failure) [PSYoungGen: 0K->0K(45056K)] [ParOldGen: 416273K->72209K(472064K)] 416273K->72209K(517120K), [Metaspace: 2796K->2796K(1056768K)], 0.0060865 secs] [Times: user=0.00 sys=0.00, real=0.00 secs] 
97.935: [GC (Allocation Failure) [PSYoungGen: 33523K->5120K(45056K)] 208133K->184849K(517120K), 0.0010820 secs] [Times: user=0.00 sys=0.00, real=0.00 secs] 
98.917: [GC (Allocation Failure) [PSYoungGen: 38644K->5120K(45056K)] 392454K->364049K(517120K), 0.0010482 secs] [Times: user=0.00 sys=0.00, real=0.00 secs] 
99.466: [GC (Allocation Failure) [PSYoungGen: 36597K->5120K(45056K)] 395526K->374289K(517120K), 0.0015403 secs] [Times: user=0.00 sys=0.00, real=0.00 secs] 
99.793: [GC (Allocation Failure) [PSYoungGen: 36590K->5120K(45056K)] 456960K->425489K(517120K), 0.0007759 secs] [Times: user=0.00 sys=0.00, real=0.00 secs] 
99.794: [GC (Allocation Failure) [PSYoungGen: 5120K->5120K(45056K)] 425489K->425489K(517120K), 0.0009194 secs] [Times: user=0.00 sys=0.00, real=0.00 secs] 
99.795: [Full GC (Allocation Failure) [PSYoungGen: 5120K->0K(45056K)] [ParOldGen: 420369K->133649K(472064K)] 425489K->133649K(517120K), [Metaspace: 2796K->2796K(1056768K)], 0.0101002 secs] [Times: user=0.00 sys=0.00, real=0.01 secs] 
101.447: [GC (Allocation Failure) [PSYoungGen: 37617K->6144K(45056K)] 447746K->417297K(517120K), 0.0009420 secs] [Times: user=0.00 sys=0.00, real=0.00 secs] 
102.211: [GC (Allocation Failure) [PSYoungGen: 38642K->6144K(45056K)] 449796K->427537K(517120K), 0.0013130 secs] [Times: user=0.00 sys=0.00, real=0.00 secs] 
102.538: [GC (Allocation Failure) [PSYoungGen: 27373K->1024K(45056K)] 469247K->442897K(517120K), 0.0007482 secs] [Times: user=0.00 sys=0.00, real=0.00 secs] 
102.539: [Full GC (Ergonomics) [PSYoungGen: 1024K->0K(45056K)] [ParOldGen: 441873K->32273K(472064K)] 442897K->32273K(517120K), [Metaspace: 2796K->2796K(1056768K)], 0.0035845 secs] [Times: user=0.00 sys=0.00, real=0.00 secs] 
103.629: [GC (Allocation Failure) [PSYoungGen: 33520K->6144K(45056K)] 219394K->192017K(517120K), 0.0010121 secs] [Times: user=0.00 sys=0.00, real=0.00 secs] 
104.940: [GC (Allocation Failure) [PSYoungGen: 43762K->5120K(45056K)] 229635K->196113K(517120K), 0.0011962 secs] [Times: user=0.00 sys=0.00, real=0.00 secs] 
105.917: [GC (Allocation Failure) [PSYoungGen: 38638K->5120K(45056K)] 403711K->385553K(517120K), 0.0019358 secs] [Times: user=0.00 sys=0.00, real=0.00 secs] 
106.576: [GC (Allocation Failure) [PSYoungGen: 41713K->5120K(45056K)] 422146K->400913K(517120K), 0.0018139 secs] [Times: user=0.00 sys=0.00, real=0.00 secs] 
106.902: [Full GC (Ergonomics) [PSYoungGen: 36589K->0K(45056K)] [ParOldGen: 446993K->92689K(472064K)] 483582K->92689K(517120K), [Metaspace: 2796K->2796K(1056768K)], 0.0075074 secs] [Times: user=0.00 sys=0.00, real=0.01 secs] 
108.990: [GC (Allocation Failure) [PSYoungGen: 35568K->5120K(45056K)] 404737K->374289K(517120K), 0.0009332 secs] [Times: user=0.00 sys=0.00, real=0.00 secs] 
109.754: [Full GC (Ergonomics) [PSYoungGen: 41714K->0K(45056K)] [ParOldGen: 440849K->108049K(472064K)] 482563K->108049K(517120K), [Metaspace: 2796K->2796K(1056768K)], 0.0083377 secs] [Times: user=0.00 sys=0.00, real=0.01 secs] 
110.752: [GC (Allocation Failure) [PSYoungGen: 33523K->5120K(45056K)] 243972K->220689K(517120K), 0.0012107 secs] [Times: user=0.00 sys=0.00, real=0.00 secs] 
112.169: [GC (Allocation Failure) [PSYoungGen: 37620K->5120K(45056K)] 427269K->399889K(517120K), 0.0010375 secs] [Times: user=0.00 sys=0.00, real=0.00 secs] 
112.609: [Full GC (Ergonomics) [PSYoungGen: 26356K->0K(45056K)] [ParOldGen: 466449K->56849K(472064K)] 492806K->56849K(517120K), [Metaspace: 2796K->2796K(1056768K)], 0.0054499 secs] [Times: user=0.00 sys=0.00, real=0.00 secs] 
113.605: [GC (Allocation Failure) [PSYoungGen: 33525K->6144K(45056K)] 192774K->165393K(517120K), 0.0008918 secs] [Times: user=0.00 sys=0.00, real=0.00 secs] 
114.593: [GC (Allocation Failure) [PSYoungGen: 39669K->6144K(45056K)] 372998K->354833K(517120K), 0.0016884 secs] [Times: user=0.01 sys=0.00, real=0.00 secs] 
115.136: [GC (Allocation Failure) [PSYoungGen: 37621K->1024K(45056K)] 386311K->359953K(517120K), 0.0013087 secs] [Times: user=0.00 sys=0.00, real=0.00 secs] 
116.338: [GC (Allocation Failure) [PSYoungGen: 37615K->5120K(45056K)] 396544K->369169K(517120K), 0.0011468 secs] [Times: user=0.00 sys=0.00, real=0.00 secs] 
116.886: [GC (Allocation Failure) [PSYoungGen: 31468K->0K(45056K)] 467197K->435729K(517120K), 0.0008000 secs] [Times: user=0.00 sys=0.00, real=0.00 secs] 
116.887: [Full GC (Ergonomics) [PSYoungGen: 0K->0K(45056K)] [ParOldGen: 435729K->77329K(472064K)] 435729K->77329K(517120K), [Metaspace: 2796K->2796K(1056768K)], 0.0067836 secs] [Times: user=0.00 sys=0.00, real=0.01 secs] 
117.884: [GC (Allocation Failure) [PSYoungGen: 33519K->5120K(45056K)] 213248K->189969K(517120K), 0.0009619 secs] [Times: user=0.00 sys=0.00, real=0.00 secs] 
118.868: [GC (Allocation Failure) [PSYoungGen: 38641K->5120K(45056K)] 397571K->364049K(517120K), 0.0010278 secs] [Times: user=0.00 sys=0.00, real=0.00 secs] 
119.742: [GC (Allocation Failure) [PSYoungGen: 16115K->0K(45056K)] 426244K->410129K(517120K), 0.0011167 secs] [Times: user=0.00 sys=0.00, real=0.00 secs] 
119.743: [GC (Allocation Failure) [PSYoungGen: 0K->0K(45056K)] 410129K->410129K(517120K), 0.0008923 secs] [Times: user=0.00 sys=0.00, real=0.00 secs] 
119.744: [Full GC (Allocation Failure) [PSYoungGen: 0K->0K(45056K)] [ParOldGen: 410129K->51729K(472064K)] 410129K->51729K(517120K), [Metaspace: 2796K->2796K(1056768K)], 0.0050283 secs] [Times: user=0.00 sys=0.00, real=0.00 secs] 
120.740: [GC (Allocation Failure) [PSYoungGen: 33523K->5120K(45056K)] 187652K->164369K(517120K), 0.0011011 secs] [Times: user=0.00 sys=0.00, real=0.00 secs] 
121.724: [GC (Allocation Failure) [PSYoungGen: 38644K->6144K(45056K)] 371973K->339473K(517120K), 0.0009671 secs] [Times: user=0.00 sys=0.00, real=0.00 secs] 
122.271: [GC (Allocation Failure) [PSYoungGen: 37620K->6144K(45056K)] 370950K->349713K(517120K), 0.0014691 secs] [Times: user=0.00 sys=0.00, real=0.00 secs] 
122.596: [GC (Allocation Failure) [PSYoungGen: 37614K->6144K(45056K)] 432384K->400913K(517120K), 0.0010812 secs] [Times: user=0.00 sys=0.00, real=0.00 secs] 
122.597: [GC (Allocation Failure) [PSYoungGen: 6144K->6144K(45056K)] 400913K->400913K(517120K), 0.0007575 secs] [Times: user=0.00 sys=0.00, real=0.00 secs] 
122.598: [Full GC (Allocation Failure) [PSYoungGen: 6144K->0K(45056K)] [ParOldGen: 394769K->165393K(472064K)] 400913K->165393K(517120K), [Metaspace: 2796K->2796K(1056768K)], 0.0121714 secs] [Times: user=0.00 sys=0.00, real=0.01 secs] 
124.472: [Full GC (Ergonomics) [PSYoungGen: 35569K->0K(45056K)] [ParOldGen: 441873K->16384K(472064K)] 477442K->16384K(517120K), [Metaspace: 2796K->2796K(1056768K)], 0.0029817 secs] [Times: user=0.00 sys=0.00, real=0.00 secs] 
125.126: [GC (Allocation Failure) [PSYoungGen: 36594K->0K(45056K)] 52978K->26624K(517120K), 0.0012829 secs] [Times: user=0.00 sys=0.00, real=0.00 secs] 
125.782: [GC (Allocation Failure) [PSYoungGen: 33518K->1024K(45056K)] 213742K->191488K(517120K), 0.0012296 secs] [Times: user=0.00 sys=0.00, real=0.00 secs] 
126.436: [GC (Allocation Failure) [PSYoungGen: 32497K->5120K(45056K)] 222961K->200704K(517120K), 0.0014054 secs] [Times: user=0.00 sys=0.00, real=0.00 secs] 
127.640: [GC (Allocation Failure) [PSYoungGen: 41708K->5120K(45056K)] 257772K->226304K(517120K), 0.0011269 secs] [Times: user=0.00 sys=0.00, real=0.00 secs] 
128.627: [GC (Allocation Failure) [PSYoungGen: 38639K->6144K(45056K)] 433903K->401408K(517120K), 0.0015913 secs] [Times: user=0.00 sys=0.00, real=0.00 secs] 
129.282: [GC (Allocation Failure) [PSYoungGen: 37617K->5120K(45056K)] 432882K->410624K(517120K), 0.0016983 secs] [Times: user=0.00 sys=0.00, real=0.00 secs] 
129.610: [GC (Allocation Failure) [PSYoungGen: 26348K->0K(45056K)] 452333K->425984K(517120K), 0.0015159 secs] [Times: user=0.00 sys=0.00, real=0.00 secs] 
129.611: [GC (Allocation Failure) [PSYoungGen: 0K->0K(45056K)] 425984K->425984K(517120K), 0.0013417 secs] [Times: user=0.00 sys=0.00, real=0.00 secs] 
129.613: [Full GC (Allocation Failure) [PSYoungGen: 0K->0K(45056K)] [ParOldGen: 425984K->82449K(472064K)] 425984K->82449K(517120K), [Metaspace: 2796K->2796K(1056768K)], 0.0069549 secs] [Times: user=0.00 sys=0.00, real=0.01 secs] 
131.589: [GC (Allocation Failure) [PSYoungGen: 35568K->6144K(45056K)] 374017K->344593K(517120K), 0.0011096 secs] [Times: user=0.00 sys=0.00, real=0.00 secs] 
132.241: [GC (Allocation Failure) [PSYoungGen: 42738K->6144K(45056K)] 381187K->354833K(517120K), 0.0016864 secs] [Times: user=0.00 sys=0.00, real=0.00 secs] 
132.568: [GC (Allocation Failure) [PSYoungGen: 37613K->6144K(45056K)] 437503K->406033K(517120K), 0.0009561 secs] [Times: user=0.00 sys=0.00, real=0.00 secs] 
132.569: [GC (Allocation Failure) [PSYoungGen: 6144K->6144K(45056K)] 406033K->406033K(517120K), 0.0011222 secs] [Times: user=0.00 sys=0.00, real=0.00 secs] 
132.570: [Full GC (Allocation Failure) [PSYoungGen: 6144K->0K(45056K)] [ParOldGen: 399889K->57873K(472064K)] 406033K->57873K(517120K), [Metaspace: 2796K->2796K(1056768K)], 0.0052368 secs] [Times: user=0.00 sys=0.00, real=0.00 secs] 
133.564: [GC (Allocation Failure) [PSYoungGen: 33520K->6144K(45056K)] 193794K->166417K(517120K), 0.0007687 secs] [Times: user=0.00 sys=0.00, real=0.00 secs] 
134.985: [GC (Allocation Failure) [PSYoungGen: 34546K->5120K(45056K)] 368899K->339473K(517120K), 0.0008885 secs] [Times: user=0.00 sys=0.00, real=0.00 secs] 
135.422: [GC (Allocation Failure) [PSYoungGen: 26355K->0K(45056K)] 432389K->416273K(517120K), 0.0012898 secs] [Times: user=0.00 sys=0.00, real=0.00 secs] 
135.424: [GC (Allocation Failure) [PSYoungGen: 0K->0K(45056K)] 416273K->416273K(517120K), 0.0007538 secs] [Times: user=0.00 sys=0.00, real=0.00 secs] 
135.425: [Full GC (Allocation Failure) [PSYoungGen: 0K->0K(45056K)] [ParOldGen: 416273K->61969K(472064K)] 416273K->61969K(517120K), [Metaspace: 2796K->2796K(1056768K)], 0.0056338 secs] [Times: user=0.00 sys=0.00, real=0.01 secs] 
136.421: [GC (Allocation Failure) [PSYoungGen: 33524K->5120K(45056K)] 197893K->174609K(517120K), 0.0009460 secs] [Times: user=0.00 sys=0.00, real=0.00 secs] 
137.401: [GC (Allocation Failure) [PSYoungGen: 38644K->5120K(45056K)] 382214K->348689K(517120K), 0.0010594 secs] [Times: user=0.00 sys=0.00, real=0.00 secs] 
137.948: [GC (Allocation Failure) [PSYoungGen: 36597K->5120K(45056K)] 380166K->358929K(517120K), 0.0015527 secs] [Times: user=0.00 sys=0.00, real=0.00 secs] 
138.933: [GC (Allocation Failure) [PSYoungGen: 41711K->5120K(45056K)] 446720K->410129K(517120K), 0.0008755 secs] [Times: user=0.00 sys=0.00, real=0.00 secs] 
139.590: [GC (Allocation Failure) [PSYoungGen: 41713K->5120K(45056K)] 467202K->430609K(517120K), 0.0009078 secs] [Times: user=0.00 sys=0.00, real=0.00 secs] 
139.591: [GC (Allocation Failure) [PSYoungGen: 5120K->5120K(45056K)] 430609K->430609K(517120K), 0.0009741 secs] [Times: user=0.00 sys=0.00, real=0.00 secs] 
139.592: [Full GC (Allocation Failure) [PSYoungGen: 5120K->0K(45056K)] [ParOldGen: 425489K->26129K(472064K)] 430609K->26129K(517120K), [Metaspace: 2796K->2796K(1056768K)], 0.0033526 secs] [Times: user=0.00 sys=0.00, real=0.00 secs] 
140.683: [GC (Allocation Failure) [PSYoungGen: 33523K->5120K(45056K)] 213252K->189969K(517120K), 0.0009609 secs] [Times: user=0.00 sys=0.00, real=0.00 secs] 
141.665: [GC (Allocation Failure) [PSYoungGen: 38644K->6144K(45056K)] 397573K->370193K(517120K), 0.0011464 secs] [Times: user=0.00 sys=0.00, real=0.00 secs] 
143.085: [GC (Allocation Failure) [PSYoungGen: 39668K->6144K(45056K)] 403718K->370193K(517120K), 0.0008480 secs] [Times: user=0.00 sys=0.00, real=0.00 secs] 
143.633: [GC (Allocation Failure) [PSYoungGen: 37615K->1024K(45056K)] 401664K->385553K(517120K), 0.0016407 secs] [Times: user=0.00 sys=0.00, real=0.00 secs] 
143.961: [GC (Allocation Failure) [PSYoungGen: 32491K->1024K(45056K)] 468220K->436753K(517120K), 0.0007338 secs] [Times: user=0.00 sys=0.00, real=0.00 secs] 
143.961: [Full GC (Ergonomics) [PSYoungGen: 1024K->0K(45056K)] [ParOldGen: 435729K->62993K(472064K)] 436753K->62993K(517120K), [Metaspace: 2796K->2796K(1056768K)], 0.0058349 secs] [Times: user=0.00 sys=0.00, real=0.01 secs] 
144.956: [GC (Allocation Failure) [PSYoungGen: 33518K->5120K(45056K)] 198912K->175633K(517120K), 0.0009761 secs] [Times: user=0.00 sys=0.00, real=0.00 secs] 
146.491: [GC (Allocation Failure) [PSYoungGen: 38641K->5120K(45056K)] 383234K->349713K(517120K), 0.0008664 secs] [Times: user=0.00 sys=0.00, real=0.00 secs] 
146.816: [GC (Allocation Failure) [PSYoungGen: 36594K->0K(45056K)] 432388K->416273K(517120K), 0.0021408 secs] [Times: user=0.00 sys=0.00, real=0.00 secs] 
146.818: [GC (Allocation Failure) [PSYoungGen: 0K->0K(45056K)] 416273K->416273K(517120K), 0.0008237 secs] [Times: user=0.00 sys=0.00, real=0.00 secs] 
146.819: [Full GC (Allocation Failure) [PSYoungGen: 0K->0K(45056K)] [ParOldGen: 416273K->72209K(472064K)] 416273K->72209K(517120K), [Metaspace: 2796K->2796K(1056768K)], 0.0061638 secs] [Times: user=0.00 sys=0.00, real=0.01 secs] 
147.813: [GC (Allocation Failure) [PSYoungGen: 33523K->5120K(45056K)] 208133K->184849K(517120K), 0.0010071 secs] [Times: user=0.00 sys=0.00, real=0.00 secs] 
148.799: [GC (Allocation Failure) [PSYoungGen: 38644K->5120K(45056K)] 392454K->364049K(517120K), 0.0009471 secs] [Times: user=0.00 sys=0.00, real=0.00 secs] 
149.348: [GC (Allocation Failure) [PSYoungGen: 36597K->5120K(45056K)] 395526K->374289K(517120K), 0.0016028 secs] [Times: user=0.00 sys=0.00, real=0.00 secs] 
149.675: [GC (Allocation Failure) [PSYoungGen: 36590K->5120K(45056K)] 456960K->425489K(517120K), 0.0011491 secs] [Times: user=0.00 sys=0.00, real=0.00 secs] 
149.676: [GC (Allocation Failure) [PSYoungGen: 5120K->5120K(45056K)] 425489K->425489K(517120K), 0.0009033 secs] [Times: user=0.00 sys=0.00, real=0.00 secs] 
149.677: [Full GC (Allocation Failure) [PSYoungGen: 5120K->0K(45056K)] [ParOldGen: 420369K->133649K(472064K)] 425489K->133649K(517120K), [Metaspace: 2796K->2796K(1056768K)], 0.0102021 secs] [Times: user=0.00 sys=0.00, real=0.01 secs] 
151.326: [GC (Allocation Failure) [PSYoungGen: 37617K->6144K(45056K)] 447746K->417297K(517120K), 0.0010231 secs] [Times: user=0.00 sys=0.00, real=0.00 secs] 
152.090: [GC (Allocation Failure) [PSYoungGen: 38642K->6144K(45056K)] 449796K->427537K(517120K), 0.0014425 secs] [Times: user=0.00 sys=0.00, real=0.00 secs] 
152.416: [GC (Allocation Failure) [PSYoungGen: 27373K->1024K(45056K)] 469247K->442897K(517120K), 0.0012114 secs] [Times: user=0.00 sys=0.00, real=0.00 secs] 
152.417: [Full GC (Ergonomics) [PSYoungGen: 1024K->0K(45056K)] [ParOldGen: 441873K->32273K(472064K)] 442897K->32273K(517120K), [Metaspace: 2796K->2796K(1056768K)], 0.0038327 secs] [Times: user=0.00 sys=0.00, real=0.00 secs] 
153.509: [GC (Allocation Failure) [PSYoungGen: 33520K->6144K(45056K)] 219394K->192017K(517120K), 0.0008026 secs] [Times: user=0.00 sys=0.00, real=0.00 secs] 
154.817: [GC (Allocation Failure) [PSYoungGen: 43762K->5120K(45056K)] 229635K->196113K(517120K), 0.0010718 secs] [Times: user=0.00 sys=0.00, real=0.00 secs] 
155.801: [GC (Allocation Failure) [PSYoungGen: 38638K->5120K(45056K)] 403711K->385553K(517120K), 0.0019083 secs] [Times: user=0.00 sys=0.00, real=0.00 secs] 
156.457: [GC (Allocation Failure) [PSYoungGen: 41713K->5120K(45056K)] 422146K->395793K(517120K), 0.0015723 secs] [Times: user=0.00 sys=0.00, real=0.00 secs] 
156.786: [Full GC (Ergonomics) [PSYoungGen: 36589K->0K(45056K)] [ParOldGen: 441873K->92689K(472064K)] 478462K->92689K(517120K), [Metaspace: 2796K->2796K(1056768K)], 0.0076455 secs] [Times: user=0.00 sys=0.00, real=0.01 secs] 
158.870: [GC (Allocation Failure) [PSYoungGen: 35568K->5120K(45056K)] 404737K->374289K(517120K), 0.0010697 secs] [Times: user=0.00 sys=0.00, real=0.00 secs] 
159.636: [Full GC (Ergonomics) [PSYoungGen: 41714K->0K(45056K)] [ParOldGen: 440849K->108049K(472064K)] 482563K->108049K(517120K), [Metaspace: 2796K->2796K(1056768K)], 0.0089546 secs] [Times: user=0.00 sys=0.00, real=0.01 secs] 
160.633: [GC (Allocation Failure) [PSYoungGen: 33523K->5120K(45056K)] 243972K->220689K(517120K), 0.0011346 secs] [Times: user=0.00 sys=0.00, real=0.00 secs] 
162.052: [GC (Allocation Failure) [PSYoungGen: 37620K->5120K(45056K)] 427269K->399889K(517120K), 0.0012054 secs] [Times: user=0.00 sys=0.00, real=0.00 secs] 
162.490: [Full GC (Ergonomics) [PSYoungGen: 26356K->0K(45056K)] [ParOldGen: 466449K->56849K(472064K)] 492806K->56849K(517120K), [Metaspace: 2796K->2796K(1056768K)], 0.0051916 secs] [Times: user=0.00 sys=0.00, real=0.00 secs] 
163.462: [GC (Allocation Failure) [PSYoungGen: 33525K->6144K(45056K)] 192774K->165393K(517120K), 0.0009929 secs] [Times: user=0.00 sys=0.00, real=0.00 secs] 
164.451: [GC (Allocation Failure) [PSYoungGen: 39669K->6144K(45056K)] 372998K->354833K(517120K), 0.0019103 secs] [Times: user=0.00 sys=0.00, real=0.00 secs] 
164.993: [GC (Allocation Failure) [PSYoungGen: 37621K->1024K(45056K)] 386311K->359953K(517120K), 0.0012021 secs] [Times: user=0.00 sys=0.00, real=0.00 secs] 
166.194: [GC (Allocation Failure) [PSYoungGen: 37615K->5120K(45056K)] 396544K->369169K(517120K), 0.0012516 secs] [Times: user=0.00 sys=0.00, real=0.00 secs] 
166.739: [GC (Allocation Failure) [PSYoungGen: 31468K->0K(45056K)] 467197K->435729K(517120K), 0.0010021 secs] [Times: user=0.00 sys=0.00, real=0.00 secs] 
166.740: [Full GC (Ergonomics) [PSYoungGen: 0K->0K(45056K)] [ParOldGen: 435729K->77329K(472064K)] 435729K->77329K(517120K), [Metaspace: 2796K->2796K(1056768K)], 0.0070967 secs] [Times: user=0.00 sys=0.00, real=0.01 secs] 
167.738: [GC (Allocation Failure) [PSYoungGen: 33519K->5120K(45056K)] 213248K->189969K(517120K), 0.0010262 secs] [Times: user=0.00 sys=0.00, real=0.00 secs] 
168.719: [GC (Allocation Failure) [PSYoungGen: 38641K->5120K(45056K)] 397571K->369169K(517120K), 0.0011531 secs] [Times: user=0.00 sys=0.00, real=0.00 secs] 
169.595: [GC (Allocation Failure) [PSYoungGen: 16115K->0K(45056K)] 431364K->415249K(517120K), 0.0011828 secs] [Times: user=0.00 sys=0.00, real=0.00 secs] 
169.596: [GC (Allocation Failure) [PSYoungGen: 0K->0K(45056K)] 415249K->415249K(517120K), 0.0006689 secs] [Times: user=0.00 sys=0.00, real=0.00 secs] 
169.597: [Full GC (Allocation Failure) [PSYoungGen: 0K->0K(45056K)] [ParOldGen: 415249K->51729K(472064K)] 415249K->51729K(517120K), [Metaspace: 2796K->2796K(1056768K)], 0.0052142 secs] [Times: user=0.00 sys=0.00, real=0.01 secs] 
170.594: [GC (Allocation Failure) [PSYoungGen: 33523K->5120K(45056K)] 187652K->164369K(517120K), 0.0009533 secs] [Times: user=0.00 sys=0.00, real=0.00 secs] 
171.574: [GC (Allocation Failure) [PSYoungGen: 38644K->6144K(45056K)] 371973K->339473K(517120K), 0.0009354 secs] [Times: user=0.00 sys=0.00, real=0.00 secs] 
172.118: [GC (Allocation Failure) [PSYoungGen: 37620K->6144K(45056K)] 370950K->349713K(517120K), 0.0015863 secs] [Times: user=0.00 sys=0.00, real=0.00 secs] 
172.448: [GC (Allocation Failure) [PSYoungGen: 37614K->6144K(45056K)] 432384K->400913K(517120K), 0.0010319 secs] [Times: user=0.00 sys=0.00, real=0.00 secs] 
172.449: [GC (Allocation Failure) [PSYoungGen: 6144K->6144K(45056K)] 400913K->400913K(517120K), 0.0008757 secs] [Times: user=0.00 sys=0.00, real=0.00 secs] 
172.450: [Full GC (Allocation Failure) [PSYoungGen: 6144K->0K(45056K)] [ParOldGen: 394769K->165393K(472064K)] 400913K->165393K(517120K), [Metaspace: 2796K->2796K(1056768K)], 0.0122579 secs] [Times: user=0.00 sys=0.00, real=0.01 secs] 
174.321: [Full GC (Ergonomics) [PSYoungGen: 35569K->0K(45056K)] [ParOldGen: 441873K->16384K(472064K)] 477442K->16384K(517120K), [Metaspace: 2796K->2796K(1056768K)], 0.0029142 secs] [Times: user=0.00 sys=0.00, real=0.00 secs] 
174.977: [GC (Allocation Failure) [PSYoungGen: 36594K->0K(45056K)] 52978K->26624K(517120K), 0.0013290 secs] [Times: user=0.00 sys=0.00, real=0.00 secs] 
175.632: [GC (Allocation Failure) [PSYoungGen: 33518K->1024K(45056K)] 213742K->191488K(517120K), 0.0013509 secs] [Times: user=0.00 sys=0.00, real=0.00 secs] 
176.285: [GC (Allocation Failure) [PSYoungGen: 32497K->5120K(45056K)] 222961K->200704K(517120K), 0.0010765 secs] [Times: user=0.00 sys=0.00, real=0.00 secs] 
177.487: [GC (Allocation Failure) [PSYoungGen: 41708K->5120K(45056K)] 257772K->226304K(517120K), 0.0011145 secs] [Times: user=0.00 sys=0.00, real=0.00 secs] 
178.471: [GC (Allocation Failure) [PSYoungGen: 38639K->6144K(45056K)] 433903K->401408K(517120K), 0.0011399 secs] [Times: user=0.00 sys=0.00, real=0.00 secs] 
179.129: [GC (Allocation Failure) [PSYoungGen: 37617K->5120K(45056K)] 432882K->410624K(517120K), 0.0018219 secs] [Times: user=0.00 sys=0.00, real=0.00 secs] 
179.454: [GC (Allocation Failure) [PSYoungGen: 26348K->5120K(45056K)] 452333K->431104K(517120K), 0.0012496 secs] [Times: user=0.00 sys=0.00, real=0.00 secs] 
179.455: [GC (Allocation Failure) [PSYoungGen: 5120K->5120K(45056K)] 431104K->431104K(517120K), 0.0011904 secs] [Times: user=0.00 sys=0.00, real=0.00 secs] 
179.456: [Full GC (Allocation Failure) [PSYoungGen: 5120K->0K(45056K)] [ParOldGen: 425984K->82449K(472064K)] 431104K->82449K(517120K), [Metaspace: 2796K->2796K(1056768K)], 0.0071877 secs] [Times: user=0.00 sys=0.00, real=0.01 secs] 
181.434: [GC (Allocation Failure) [PSYoungGen: 35568K->6144K(45056K)] 374017K->344593K(517120K), 0.0009070 secs] [Times: user=0.00 sys=0.00, real=0.00 secs] 
182.089: [GC (Allocation Failure) [PSYoungGen: 42738K->6144K(45056K)] 381187K->354833K(517120K), 0.0015446 secs] [Times: user=0.00 sys=0.00, real=0.00 secs] 
182.416: [GC (Allocation Failure) [PSYoungGen: 37613K->6144K(45056K)] 437503K->406033K(517120K), 0.0009403 secs] [Times: user=0.00 sys=0.00, real=0.00 secs] 
182.417: [GC (Allocation Failure) [PSYoungGen: 6144K->6144K(45056K)] 406033K->406033K(517120K), 0.0008236 secs] [Times: user=0.00 sys=0.00, real=0.00 secs] 
182.418: [Full GC (Allocation Failure) [PSYoungGen: 6144K->0K(45056K)] [ParOldGen: 399889K->57873K(472064K)] 406033K->57873K(517120K), [Metaspace: 2796K->2796K(1056768K)], 0.0052109 secs] [Times: user=0.00 sys=0.00, real=0.00 secs] 
183.412: [GC (Allocation Failure) [PSYoungGen: 33520K->6144K(45056K)] 193794K->166417K(517120K), 0.0008768 secs] [Times: user=0.00 sys=0.00, real=0.00 secs] 
184.824: [GC (Allocation Failure) [PSYoungGen: 34546K->5120K(45056K)] 368899K->339473K(517120K), 0.0009282 secs] [Times: user=0.00 sys=0.00, real=0.00 secs] 
185.262: [GC (Allocation Failure) [PSYoungGen: 26355K->0K(45056K)] 432389K->416273K(517120K), 0.0013447 secs] [Times: user=0.00 sys=0.00, real=0.00 secs] 
185.263: [GC (Allocation Failure) [PSYoungGen: 0K->0K(45056K)] 416273K->416273K(517120K), 0.0007081 secs] [Times: user=0.00 sys=0.00, real=0.00 secs] 
185.264: [Full GC (Allocation Failure) [PSYoungGen: 0K->0K(45056K)] [ParOldGen: 416273K->61969K(472064K)] 416273K->61969K(517120K), [Metaspace: 2796K->2796K(1056768K)], 0.0057337 secs] [Times: user=0.00 sys=0.00, real=0.01 secs] 
186.258: [GC (Allocation Failure) [PSYoungGen: 33524K->5120K(45056K)] 197893K->174609K(517120K), 0.0011961 secs] [Times: user=0.00 sys=0.00, real=0.00 secs] 
187.240: [GC (Allocation Failure) [PSYoungGen: 38644K->5120K(45056K)] 382214K->353809K(517120K), 0.0011061 secs] [Times: user=0.00 sys=0.00, real=0.00 secs] 
187.784: [GC (Allocation Failure) [PSYoungGen: 36597K->5120K(45056K)] 385286K->364049K(517120K), 0.0016047 secs] [Times: user=0.00 sys=0.00, real=0.00 secs] 
188.766: [GC (Allocation Failure) [PSYoungGen: 41711K->5120K(45056K)] 451840K->415249K(517120K), 0.0011159 secs] [Times: user=0.00 sys=0.00, real=0.00 secs] 
189.421: [GC (Allocation Failure) [PSYoungGen: 41713K->5120K(45056K)] 472322K->435729K(517120K), 0.0009516 secs] [Times: user=0.00 sys=0.00, real=0.00 secs] 
189.422: [GC (Allocation Failure) [PSYoungGen: 5120K->5120K(45056K)] 435729K->435729K(517120K), 0.0009425 secs] [Times: user=0.00 sys=0.00, real=0.00 secs] 
189.423: [Full GC (Allocation Failure) [PSYoungGen: 5120K->0K(45056K)] [ParOldGen: 430609K->26129K(472064K)] 435729K->26129K(517120K), [Metaspace: 2796K->2796K(1056768K)], 0.0036638 secs] [Times: user=0.00 sys=0.00, real=0.00 secs] 
190.512: [GC (Allocation Failure) [PSYoungGen: 33523K->5120K(45056K)] 213252K->189969K(517120K), 0.0011850 secs] [Times: user=0.00 sys=0.00, real=0.00 secs] 
191.489: [GC (Allocation Failure) [PSYoungGen: 38644K->6176K(45056K)] 397573K->370225K(517120K), 0.0010581 secs] [Times: user=0.00 sys=0.00, real=0.00 secs] 
192.908: [GC (Allocation Failure) [PSYoungGen: 39700K->6176K(45056K)] 403750K->370225K(517120K), 0.0009151 secs] [Times: user=0.00 sys=0.00, real=0.00 secs] 
193.456: [GC (Allocation Failure) [PSYoungGen: 37647K->1056K(45056K)] 401696K->385585K(517120K), 0.0017226 secs] [Times: user=0.00 sys=0.00, real=0.00 secs] 
193.785: [GC (Allocation Failure) [PSYoungGen: 32523K->1056K(45056K)] 468252K->436785K(517120K), 0.0006344 secs] [Times: user=0.00 sys=0.00, real=0.00 secs] 
193.786: [Full GC (Ergonomics) [PSYoungGen: 1056K->0K(45056K)] [ParOldGen: 435729K->62993K(472064K)] 436785K->62993K(517120K), [Metaspace: 2796K->2796K(1056768K)], 0.0057097 secs] [Times: user=0.00 sys=0.00, real=0.00 secs] 
194.780: [GC (Allocation Failure) [PSYoungGen: 33518K->5184K(45056K)] 198912K->175697K(517120K), 0.0009990 secs] [Times: user=0.00 sys=0.00, real=0.00 secs] 
196.308: [GC (Allocation Failure) [PSYoungGen: 38705K->5184K(45056K)] 383298K->349777K(517120K), 0.0011968 secs] [Times: user=0.00 sys=0.00, real=0.00 secs] 
196.635: [GC (Allocation Failure) [PSYoungGen: 36658K->64K(45056K)] 432452K->416337K(517120K), 0.0021031 secs] [Times: user=0.00 sys=0.00, real=0.00 secs] 
196.637: [GC (Allocation Failure) [PSYoungGen: 64K->32K(45056K)] 416337K->416305K(517120K), 0.0014258 secs] [Times: user=0.00 sys=0.00, real=0.00 secs] 
196.639: [Full GC (Allocation Failure) [PSYoungGen: 32K->0K(45056K)] [ParOldGen: 416273K->72209K(472064K)] 416305K->72209K(517120K), [Metaspace: 2796K->2796K(1056768K)], 0.0062062 secs] [Times: user=0.02 sys=0.00, real=0.01 secs] 
197.631: [GC (Allocation Failure) [PSYoungGen: 33523K->5120K(45056K)] 208133K->184849K(517120K), 0.0013160 secs] [Times: user=0.00 sys=0.00, real=0.00 secs] 
198.612: [GC (Allocation Failure) [PSYoungGen: 38644K->5120K(45056K)] 392454K->364049K(517120K), 0.0013941 secs] [Times: user=0.00 sys=0.00, real=0.00 secs] 
199.158: [GC (Allocation Failure) [PSYoungGen: 36597K->5120K(45056K)] 395526K->374289K(517120K), 0.0015689 secs] [Times: user=0.00 sys=0.00, real=0.00 secs] 
199.485: [GC (Allocation Failure) [PSYoungGen: 36590K->5120K(45056K)] 456960K->425489K(517120K), 0.0008530 secs] [Times: user=0.00 sys=0.00, real=0.00 secs] 
199.486: [GC (Allocation Failure) [PSYoungGen: 5120K->5120K(45056K)] 425489K->425489K(517120K), 0.0008593 secs] [Times: user=0.00 sys=0.00, real=0.00 secs] 
199.487: [Full GC (Allocation Failure) [PSYoungGen: 5120K->0K(45056K)] [ParOldGen: 420369K->133649K(472064K)] 425489K->133649K(517120K), [Metaspace: 2796K->2796K(1056768K)], 0.0099184 secs] [Times: user=0.00 sys=0.00, real=0.01 secs] 
201.133: [GC (Allocation Failure) [PSYoungGen: 37617K->2048K(45056K)] 447747K->417297K(517120K), 0.0010659 secs] [Times: user=0.00 sys=0.00, real=0.00 secs] 
201.899: [GC (Allocation Failure) [PSYoungGen: 34546K->6144K(45056K)] 449796K->426513K(517120K), 0.0011509 secs] [Times: user=0.00 sys=0.00, real=0.00 secs] 
202.226: [GC (Allocation Failure) [PSYoungGen: 27373K->6144K(45056K)] 468223K->446993K(517120K), 0.0009620 secs] [Times: user=0.00 sys=0.00, real=0.00 secs] 
202.227: [Full GC (Ergonomics) [PSYoungGen: 6144K->0K(45056K)] [ParOldGen: 440849K->32273K(472064K)] 446993K->32273K(517120K), [Metaspace: 2796K->2796K(1056768K)], 0.0040011 secs] [Times: user=0.00 sys=0.00, real=0.00 secs] 
203.317: [GC (Allocation Failure) [PSYoungGen: 33520K->6144K(45056K)] 219394K->192017K(517120K), 0.0007556 secs] [Times: user=0.00 sys=0.00, real=0.00 secs] 
204.628: [GC (Allocation Failure) [PSYoungGen: 43762K->5120K(45056K)] 229636K->196113K(517120K), 0.0009402 secs] [Times: user=0.00 sys=0.00, real=0.00 secs] 
205.609: [GC (Allocation Failure) [PSYoungGen: 38638K->5120K(45056K)] 403712K->380433K(517120K), 0.0013423 secs] [Times: user=0.00 sys=0.00, real=0.00 secs] 
206.266: [GC (Allocation Failure) [PSYoungGen: 41713K->5120K(45056K)] 417026K->390673K(517120K), 0.0016131 secs] [Times: user=0.00 sys=0.00, real=0.00 secs] 
206.594: [Full GC (Ergonomics) [PSYoungGen: 36589K->0K(45056K)] [ParOldGen: 436753K->92689K(472064K)] 473343K->92689K(517120K), [Metaspace: 2796K->2796K(1056768K)], 0.0078080 secs] [Times: user=0.00 sys=0.00, real=0.01 secs] 
208.684: [GC (Allocation Failure) [PSYoungGen: 35568K->5120K(45056K)] 404738K->374289K(517120K), 0.0008952 secs] [Times: user=0.00 sys=0.00, real=0.00 secs] 
209.446: [Full GC (Ergonomics) [PSYoungGen: 41714K->0K(45056K)] [ParOldGen: 440849K->108049K(472064K)] 482564K->108049K(517120K), [Metaspace: 2796K->2796K(1056768K)], 0.0083931 secs] [Times: user=0.00 sys=0.00, real=0.01 secs] 
210.445: [GC (Allocation Failure) [PSYoungGen: 33523K->5120K(45056K)] 243973K->220689K(517120K), 0.0010961 secs] [Times: user=0.00 sys=0.00, real=0.00 secs] 
211.864: [GC (Allocation Failure) [PSYoungGen: 37620K->5120K(45056K)] 427270K->399889K(517120K), 0.0009422 secs] [Times: user=0.00 sys=0.00, real=0.00 secs] 
212.300: [Full GC (Ergonomics) [PSYoungGen: 26356K->0K(45056K)] [ParOldGen: 466449K->56849K(472064K)] 492806K->56849K(517120K), [Metaspace: 2796K->2796K(1056768K)], 0.0055362 secs] [Times: user=0.00 sys=0.00, real=0.01 secs] 
213.289: [GC (Allocation Failure) [PSYoungGen: 33525K->6144K(45056K)] 192775K->165393K(517120K), 0.0007042 secs] [Times: user=0.00 sys=0.00, real=0.00 secs] 
214.271: [GC (Allocation Failure) [PSYoungGen: 39669K->6144K(45056K)] 372999K->354833K(517120K), 0.0018743 secs] [Times: user=0.00 sys=0.00, real=0.00 secs] 
214.816: [GC (Allocation Failure) [PSYoungGen: 37621K->1024K(45056K)] 386311K->359953K(517120K), 0.0012164 secs] [Times: user=0.00 sys=0.00, real=0.00 secs] 
216.016: [GC (Allocation Failure) [PSYoungGen: 37615K->5120K(45056K)] 396545K->369169K(517120K), 0.0009613 secs] [Times: user=0.00 sys=0.00, real=0.00 secs] 
216.564: [GC (Allocation Failure) [PSYoungGen: 31468K->5120K(45056K)] 467198K->440849K(517120K), 0.0009855 secs] [Times: user=0.00 sys=0.00, real=0.00 secs] 
216.565: [GC (Allocation Failure) [PSYoungGen: 5120K->5120K(45056K)] 440849K->440849K(517120K), 0.0009728 secs] [Times: user=0.00 sys=0.00, real=0.00 secs] 
216.566: [Full GC (Allocation Failure) [PSYoungGen: 5120K->0K(45056K)] [ParOldGen: 435729K->77329K(472064K)] 440849K->77329K(517120K), [Metaspace: 2796K->2796K(1056768K)], 0.0069622 secs] [Times: user=0.00 sys=0.00, real=0.01 secs] 
217.557: [GC (Allocation Failure) [PSYoungGen: 33519K->5120K(45056K)] 213249K->189969K(517120K), 0.0009496 secs] [Times: user=0.00 sys=0.00, real=0.00 secs] 
218.541: [GC (Allocation Failure) [PSYoungGen: 38641K->5120K(45056K)] 397571K->369169K(517120K), 0.0011628 secs] [Times: user=0.00 sys=0.00, real=0.00 secs] 
Heap
 PSYoungGen      total 45056K, used 16873K [0x00000000fcd00000, 0x0000000100000000, 0x0000000100000000)
  eden space 37888K, 31% used [0x00000000fcd00000,0x00000000fd87a508,0x00000000ff200000)
  from space 7168K, 71% used [0x00000000ff900000,0x00000000ffe00010,0x0000000100000000)
  to   space 7168K, 0% used [0x00000000ff200000,0x00000000ff200000,0x00000000ff900000)
 ParOldGen       total 472064K, used 364049K [0x00000000e0000000, 0x00000000fcd00000, 0x00000000fcd00000)
  object space 472064K, 77% used [0x00000000e0000000,0x00000000f6384770,0x00000000fcd00000)
 Metaspace       used 2804K, capacity 4486K, committed 4864K, reserved 1056768K
  class space    used 297K, capacity 386K, committed 512K, reserved 1048576K
