Java HotSpot(TM) 64-Bit Server VM (25.411-b09) for windows-amd64 JRE (1.8.0_411-b09), built on Mar 13 2024 07:26:13 by "java_re" with MS VC++ 17.1 (VS2022)
Memory: 4k page, physical 33403376k(14117748k free), swap 36670664k(7217856k free)
CommandLine flags: -XX:InitialHeapSize=1073741824 -XX:MaxHeapSize=1073741824 -XX:NewRatio=1 -XX:ParallelGCThreads=6 -XX:+PrintGC -XX:+PrintGCDetails -XX:+PrintGCTimeStamps -XX:SurvivorRatio=8 -XX:-UseAdaptiveSizePolicy -XX:+UseCompressedClassPointers -XX:+UseCompressedOops -XX:-UseLargePagesIndividualAllocation -XX:+UseParallelGC 
2.857: [GC (Allocation Failure) [PSYoungGen: 361881K->11976K(472064K)] 361881K->63184K(996352K), 0.0163574 secs] [Times: user=0.00 sys=0.00, real=0.02 secs] 
6.804: [GC (Allocation Failure) [PSYoungGen: 427740K->31408K(472064K)] 478948K->82616K(996352K), 0.0049934 secs] [Times: user=0.00 sys=0.02, real=0.01 secs] 
9.536: [GC (Allocation Failure) [PSYoungGen: 447334K->10856K(472064K)] 498542K->113272K(996352K), 0.0160739 secs] [Times: user=0.00 sys=0.00, real=0.02 secs] 
11.407: [GC (Allocation Failure) [PSYoungGen: 331457K->51800K(472064K)] 433873K->266856K(996352K), 0.0338732 secs] [Times: user=0.02 sys=0.02, real=0.03 secs] 
14.170: [GC (Allocation Failure) [PSYoungGen: 439773K->37496K(472064K)] 654829K->252560K(996352K), 0.0053301 secs] [Times: user=0.00 sys=0.00, real=0.00 secs] 
17.119: [GC (Allocation Failure) [PSYoungGen: 368322K->51800K(472064K)] 583386K->292464K(996352K), 0.0163680 secs] [Times: user=0.00 sys=0.00, real=0.02 secs] 
19.966: [GC (Allocation Failure) [PSYoungGen: 458568K->51800K(472064K)] 699232K->292472K(996352K), 0.0155452 secs] [Times: user=0.00 sys=0.00, real=0.01 secs] 
22.709: [GC (Allocation Failure) [PSYoungGen: 458595K->32344K(472064K)] 699267K->375416K(996352K), 0.0307234 secs] [Times: user=0.03 sys=0.02, real=0.03 secs] 
25.464: [GC (Allocation Failure) [PSYoungGen: 444261K->36480K(472064K)] 787333K->379552K(996352K), 0.0025802 secs] [Times: user=0.00 sys=0.00, real=0.00 secs] 
28.522: [GC (Allocation Failure) [PSYoungGen: 404981K->51800K(472064K)] 748053K->451200K(996352K), 0.0168460 secs] [Times: user=0.00 sys=0.01, real=0.02 secs] 
31.373: [GC (Allocation Failure) [PSYoungGen: 412504K->5776K(472064K)] 811904K->405176K(996352K), 0.0013660 secs] [Times: user=0.00 sys=0.00, real=0.00 secs] 
34.100: [GC (Allocation Failure) [PSYoungGen: 412576K->38520K(472064K)] 811977K->437920K(996352K), 0.0031262 secs] [Times: user=0.01 sys=0.00, real=0.00 secs] 
36.832: [GC (Allocation Failure) [PSYoungGen: 450440K->26240K(472064K)] 849840K->425640K(996352K), 0.0020959 secs] [Times: user=0.00 sys=0.00, real=0.00 secs] 
39.889: [GC (Allocation Failure) [PSYoungGen: 439048K->5752K(472064K)] 838448K->456352K(996352K), 0.0159040 secs] [Times: user=0.02 sys=0.00, real=0.02 secs] 
39.905: [Full GC (Ergonomics) [PSYoungGen: 5752K->0K(472064K)] [ParOldGen: 450600K->56849K(524288K)] 456352K->56849K(996352K), [Metaspace: 2793K->2793K(1056768K)], 0.0104695 secs] [Times: user=0.00 sys=0.00, real=0.01 secs] 
43.957: [GC (Allocation Failure) [PSYoungGen: 419106K->21504K(472064K)] 475955K->78353K(996352K), 0.0017566 secs] [Times: user=0.00 sys=0.00, real=0.00 secs] 
46.691: [GC (Allocation Failure) [PSYoungGen: 438413K->5120K(472064K)] 495262K->61969K(996352K), 0.0009595 secs] [Times: user=0.00 sys=0.00, real=0.00 secs] 
48.876: [GC (Allocation Failure) [PSYoungGen: 424960K->30720K(472064K)] 481809K->138769K(996352K), 0.0054193 secs] [Times: user=0.00 sys=0.00, real=0.01 secs] 
51.278: [GC (Allocation Failure) [PSYoungGen: 361613K->5120K(472064K)] 469662K->164369K(996352K), 0.0053788 secs] [Times: user=0.00 sys=0.00, real=0.01 secs] 
55.223: [GC (Allocation Failure) [PSYoungGen: 423200K->15360K(472064K)] 582449K->174609K(996352K), 0.0014603 secs] [Times: user=0.00 sys=0.00, real=0.00 secs] 
57.401: [GC (Allocation Failure) [PSYoungGen: 435200K->46080K(472064K)] 594449K->205329K(996352K), 0.0032536 secs] [Times: user=0.00 sys=0.00, real=0.00 secs] 
60.243: [GC (Allocation Failure) [PSYoungGen: 465920K->51200K(472064K)] 625169K->323089K(996352K), 0.0153754 secs] [Times: user=0.00 sys=0.00, real=0.01 secs] 
62.656: [GC (Allocation Failure) [PSYoungGen: 376988K->5120K(472064K)] 648877K->328209K(996352K), 0.0047204 secs] [Times: user=0.00 sys=0.00, real=0.01 secs] 
66.475: [GC (Allocation Failure) [PSYoungGen: 418969K->10240K(472064K)] 742058K->333329K(996352K), 0.0012832 secs] [Times: user=0.00 sys=0.00, real=0.00 secs] 
68.331: [GC (Allocation Failure) [PSYoungGen: 330907K->51200K(472064K)] 653997K->456209K(996352K), 0.0068659 secs] [Times: user=0.02 sys=0.00, real=0.01 secs] 
68.337: [Full GC (Ergonomics) [PSYoungGen: 51200K->0K(472064K)] [ParOldGen: 405009K->82449K(524288K)] 456209K->82449K(996352K), [Metaspace: 2796K->2796K(1056768K)], 0.0074497 secs] [Times: user=0.00 sys=0.00, real=0.01 secs] 
71.181: [GC (Allocation Failure) [PSYoungGen: 403627K->51200K(472064K)] 486077K->241169K(996352K), 0.0160782 secs] [Times: user=0.00 sys=0.00, real=0.02 secs] 
73.927: [GC (Allocation Failure) [PSYoungGen: 432372K->30720K(472064K)] 622342K->220689K(996352K), 0.0026963 secs] [Times: user=0.00 sys=0.00, real=0.00 secs] 
76.443: [GC (Allocation Failure) [PSYoungGen: 444557K->35840K(472064K)] 634527K->225809K(996352K), 0.0024583 secs] [Times: user=0.00 sys=0.00, real=0.00 secs] 
79.717: [GC (Allocation Failure) [PSYoungGen: 423060K->10240K(472064K)] 613029K->302609K(996352K), 0.0161649 secs] [Times: user=0.00 sys=0.00, real=0.02 secs] 
82.569: [GC (Allocation Failure) [PSYoungGen: 367783K->51200K(472064K)] 660152K->349713K(996352K), 0.0051683 secs] [Times: user=0.00 sys=0.00, real=0.00 secs] 
85.299: [GC (Allocation Failure) [PSYoungGen: 429226K->30720K(472064K)] 727740K->329233K(996352K), 0.0024277 secs] [Times: user=0.00 sys=0.00, real=0.00 secs] 
87.809: [GC (Allocation Failure) [PSYoungGen: 444597K->46080K(472064K)] 743111K->344593K(996352K), 0.0032623 secs] [Times: user=0.00 sys=0.00, real=0.00 secs] 
90.982: [GC (Allocation Failure) [PSYoungGen: 428220K->30720K(472064K)] 726734K->431633K(996352K), 0.0160707 secs] [Times: user=0.00 sys=0.00, real=0.02 secs] 
90.998: [Full GC (Ergonomics) [PSYoungGen: 30720K->0K(472064K)] [ParOldGen: 400913K->133649K(524288K)] 431633K->133649K(996352K), [Metaspace: 2796K->2796K(1056768K)], 0.0104556 secs] [Times: user=0.00 sys=0.00, real=0.01 secs] 
94.287: [GC (Allocation Failure) [PSYoungGen: 415937K->12288K(472064K)] 549586K->145937K(996352K), 0.0013313 secs] [Times: user=0.00 sys=0.00, real=0.00 secs] 
96.800: [GC (Allocation Failure) [PSYoungGen: 332937K->51200K(472064K)] 466587K->205329K(996352K), 0.0053715 secs] [Times: user=0.00 sys=0.00, real=0.01 secs] 
99.527: [GC (Allocation Failure) [PSYoungGen: 454816K->30720K(472064K)] 608945K->236049K(996352K), 0.0057096 secs] [Times: user=0.00 sys=0.00, real=0.00 secs] 
102.253: [GC (Allocation Failure) [PSYoungGen: 448679K->21504K(472064K)] 654008K->226833K(996352K), 0.0018473 secs] [Times: user=0.00 sys=0.00, real=0.00 secs] 
105.308: [GC (Allocation Failure) [PSYoungGen: 362675K->15360K(472064K)] 568005K->271889K(996352K), 0.0050055 secs] [Times: user=0.00 sys=0.00, real=0.01 secs] 
108.154: [GC (Allocation Failure) [PSYoungGen: 434354K->51200K(472064K)] 690883K->358929K(996352K), 0.0052401 secs] [Times: user=0.00 sys=0.00, real=0.01 secs] 
110.884: [GC (Allocation Failure) [PSYoungGen: 454842K->30720K(472064K)] 762571K->440849K(996352K), 0.0148076 secs] [Times: user=0.00 sys=0.00, real=0.01 secs] 
110.899: [Full GC (Ergonomics) [PSYoungGen: 30720K->0K(472064K)] [ParOldGen: 410129K->184849K(524288K)] 440849K->184849K(996352K), [Metaspace: 2796K->2796K(1056768K)], 0.0131993 secs] [Times: user=0.00 sys=0.00, real=0.01 secs] 
113.642: [GC (Allocation Failure) [PSYoungGen: 412863K->26624K(472064K)] 597713K->211473K(996352K), 0.0020741 secs] [Times: user=0.00 sys=0.00, real=0.00 secs] 
116.697: [GC (Allocation Failure) [PSYoungGen: 377992K->25600K(472064K)] 562842K->261649K(996352K), 0.0055740 secs] [Times: user=0.00 sys=0.00, real=0.01 secs] 
119.535: [GC (Allocation Failure) [PSYoungGen: 429215K->51200K(472064K)] 665265K->287249K(996352K), 0.0050311 secs] [Times: user=0.02 sys=0.00, real=0.00 secs] 
122.278: [GC (Allocation Failure) [PSYoungGen: 454823K->31744K(472064K)] 690872K->370193K(996352K), 0.0159068 secs] [Times: user=0.00 sys=0.00, real=0.02 secs] 
125.021: [GC (Allocation Failure) [PSYoungGen: 440499K->35840K(472064K)] 778948K->374289K(996352K), 0.0023614 secs] [Times: user=0.00 sys=0.00, real=0.00 secs] 
128.080: [GC (Allocation Failure) [PSYoungGen: 402619K->5120K(472064K)] 741068K->445969K(996352K), 0.0053130 secs] [Times: user=0.00 sys=0.00, real=0.01 secs] 
128.086: [Full GC (Ergonomics) [PSYoungGen: 5120K->0K(472064K)] [ParOldGen: 440849K->56849K(524288K)] 445969K->56849K(996352K), [Metaspace: 2796K->2796K(1056768K)], 0.0052642 secs] [Times: user=0.00 sys=0.00, real=0.00 secs] 
130.936: [GC (Allocation Failure) [PSYoungGen: 357567K->5120K(472064K)] 414417K->61969K(996352K), 0.0008591 secs] [Times: user=0.00 sys=0.00, real=0.00 secs] 
133.663: [GC (Allocation Failure) [PSYoungGen: 411903K->37888K(472064K)] 468752K->94737K(996352K), 0.0026988 secs] [Times: user=0.02 sys=0.00, real=0.00 secs] 
136.394: [GC (Allocation Failure) [PSYoungGen: 446609K->25600K(472064K)] 503459K->82449K(996352K), 0.0023151 secs] [Times: user=0.00 sys=0.00, real=0.00 secs] 
139.453: [GC (Allocation Failure) [PSYoungGen: 438422K->5120K(472064K)] 495272K->113169K(996352K), 0.0045541 secs] [Times: user=0.00 sys=0.00, real=0.00 secs] 
143.491: [GC (Allocation Failure) [PSYoungGen: 421032K->21504K(472064K)] 529082K->129553K(996352K), 0.0017203 secs] [Times: user=0.00 sys=0.00, real=0.00 secs] 
146.220: [GC (Allocation Failure) [PSYoungGen: 435373K->5120K(472064K)] 543422K->113169K(996352K), 0.0006415 secs] [Times: user=0.00 sys=0.00, real=0.00 secs] 
148.401: [GC (Allocation Failure) [PSYoungGen: 424119K->30720K(472064K)] 532168K->189969K(996352K), 0.0056472 secs] [Times: user=0.00 sys=0.00, real=0.01 secs] 
150.802: [GC (Allocation Failure) [PSYoungGen: 361661K->51200K(472064K)] 520911K->215569K(996352K), 0.0044686 secs] [Times: user=0.00 sys=0.00, real=0.00 secs] 
154.730: [GC (Allocation Failure) [PSYoungGen: 466113K->15360K(472064K)] 630483K->179729K(996352K), 0.0013120 secs] [Times: user=0.00 sys=0.00, real=0.00 secs] 
156.911: [GC (Allocation Failure) [PSYoungGen: 434350K->46080K(472064K)] 598719K->210449K(996352K), 0.0032501 secs] [Times: user=0.00 sys=0.00, real=0.00 secs] 
159.752: [GC (Allocation Failure) [PSYoungGen: 465080K->51200K(472064K)] 629449K->328209K(996352K), 0.0153871 secs] [Times: user=0.00 sys=0.00, real=0.01 secs] 
162.164: [GC (Allocation Failure) [PSYoungGen: 377022K->5120K(472064K)] 654031K->333329K(996352K), 0.0044894 secs] [Times: user=0.00 sys=0.00, real=0.00 secs] 
165.995: [GC (Allocation Failure) [PSYoungGen: 419009K->10240K(472064K)] 747219K->338449K(996352K), 0.0010738 secs] [Times: user=0.00 sys=0.00, real=0.00 secs] 
167.848: [GC (Allocation Failure) [PSYoungGen: 330933K->30720K(472064K)] 659143K->461329K(996352K), 0.0161342 secs] [Times: user=0.00 sys=0.00, real=0.02 secs] 
167.864: [Full GC (Ergonomics) [PSYoungGen: 30720K->0K(472064K)] [ParOldGen: 430609K->82449K(524288K)] 461329K->82449K(996352K), [Metaspace: 2796K->2796K(1056768K)], 0.0065641 secs] [Times: user=0.00 sys=0.00, real=0.01 secs] 
170.714: [GC (Allocation Failure) [PSYoungGen: 403644K->5120K(472064K)] 486093K->241169K(996352K), 0.0157301 secs] [Times: user=0.00 sys=0.00, real=0.02 secs] 
173.457: [GC (Allocation Failure) [PSYoungGen: 386314K->30720K(472064K)] 622363K->266769K(996352K), 0.0025932 secs] [Times: user=0.00 sys=0.00, real=0.00 secs] 
175.967: [GC (Allocation Failure) [PSYoungGen: 444564K->35840K(472064K)] 680614K->271889K(996352K), 0.0024423 secs] [Times: user=0.00 sys=0.00, real=0.00 secs] 
179.250: [GC (Allocation Failure) [PSYoungGen: 423064K->10240K(472064K)] 659114K->348689K(996352K), 0.0160901 secs] [Times: user=0.00 sys=0.00, real=0.02 secs] 
182.105: [GC (Allocation Failure) [PSYoungGen: 367786K->6144K(472064K)] 706235K->395793K(996352K), 0.0050990 secs] [Times: user=0.00 sys=0.00, real=0.00 secs] 
182.110: [Full GC (Ergonomics) [PSYoungGen: 6144K->0K(472064K)] [ParOldGen: 389649K->57873K(524288K)] 395793K->57873K(996352K), [Metaspace: 2796K->2796K(1056768K)], 0.0054124 secs] [Times: user=0.00 sys=0.00, real=0.01 secs] 
184.841: [GC (Allocation Failure) [PSYoungGen: 378028K->30720K(472064K)] 435901K->88593K(996352K), 0.0023146 secs] [Times: user=0.00 sys=0.00, real=0.00 secs] 
187.349: [GC (Allocation Failure) [PSYoungGen: 447725K->46080K(472064K)] 505598K->103953K(996352K), 0.0030845 secs] [Times: user=0.00 sys=0.00, real=0.00 secs] 
190.517: [GC (Allocation Failure) [PSYoungGen: 428172K->30720K(472064K)] 486045K->190993K(996352K), 0.0154193 secs] [Times: user=0.00 sys=0.00, real=0.02 secs] 
193.801: [GC (Allocation Failure) [PSYoungGen: 446610K->12320K(472064K)] 606883K->172593K(996352K), 0.0014798 secs] [Times: user=0.00 sys=0.00, real=0.00 secs] 
196.311: [GC (Allocation Failure) [PSYoungGen: 332990K->20544K(472064K)] 493264K->232017K(996352K), 0.0054783 secs] [Times: user=0.00 sys=0.00, real=0.01 secs] 
199.035: [GC (Allocation Failure) [PSYoungGen: 424173K->51264K(472064K)] 635647K->313937K(996352K), 0.0067844 secs] [Times: user=0.00 sys=0.00, real=0.01 secs] 
201.761: [GC (Allocation Failure) [PSYoungGen: 469231K->21568K(472064K)] 731905K->284241K(996352K), 0.0018099 secs] [Times: user=0.00 sys=0.00, real=0.00 secs] 
204.815: [GC (Allocation Failure) [PSYoungGen: 362745K->51264K(472064K)] 625418K->329297K(996352K), 0.0049481 secs] [Times: user=0.00 sys=0.00, real=0.00 secs] 
207.649: [GC (Allocation Failure) [PSYoungGen: 470261K->51232K(472064K)] 748295K->380465K(996352K), 0.0052367 secs] [Times: user=0.00 sys=0.00, real=0.01 secs] 
210.398: [GC (Allocation Failure) [PSYoungGen: 454876K->30752K(472064K)] 784110K->462385K(996352K), 0.0153156 secs] [Times: user=0.01 sys=0.00, real=0.01 secs] 
210.414: [Full GC (Ergonomics) [PSYoungGen: 30752K->0K(472064K)] [ParOldGen: 431633K->184849K(524288K)] 462385K->184849K(996352K), [Metaspace: 2796K->2796K(1056768K)], 0.0133702 secs] [Times: user=0.00 sys=0.00, real=0.01 secs] 
213.158: [GC (Allocation Failure) [PSYoungGen: 412865K->26624K(472064K)] 597714K->211473K(996352K), 0.0019643 secs] [Times: user=0.00 sys=0.00, real=0.00 secs] 
216.211: [GC (Allocation Failure) [PSYoungGen: 377993K->51200K(472064K)] 562843K->261649K(996352K), 0.0054398 secs] [Times: user=0.00 sys=0.00, real=0.01 secs] 
Heap
 PSYoungGen      total 472064K, used 412013K [0x00000000e0000000, 0x0000000100000000, 0x0000000100000000)
  eden space 419840K, 85% used [0x00000000e0000000,0x00000000f605b540,0x00000000f9a00000)
  from space 52224K, 98% used [0x00000000fcd00000,0x00000000fff00010,0x0000000100000000)
  to   space 52224K, 0% used [0x00000000f9a00000,0x00000000f9a00000,0x00000000fcd00000)
 ParOldGen       total 524288K, used 210449K [0x00000000c0000000, 0x00000000e0000000, 0x00000000e0000000)
  object space 524288K, 40% used [0x00000000c0000000,0x00000000ccd84750,0x00000000e0000000)
 Metaspace       used 2804K, capacity 4486K, committed 4864K, reserved 1056768K
  class space    used 297K, capacity 386K, committed 512K, reserved 1048576K
