Java HotSpot(TM) 64-Bit Server VM (25.411-b09) for windows-amd64 JRE (1.8.0_411-b09), built on Mar 13 2024 07:26:13 by "java_re" with MS VC++ 17.1 (VS2022)
Memory: 4k page, physical 33403376k(14114264k free), swap 36815128k(6596436k free)
CommandLine flags: -XX:InitialHeapSize=536870912 -XX:MaxHeapSize=536870912 -XX:NewRatio=1 -XX:ParallelGCThreads=6 -XX:+PrintGC -XX:+PrintGCDetails -XX:+PrintGCTimeStamps -XX:+UseCompressedClassPointers -XX:+UseCompressedOops -XX:-UseLargePagesIndividualAllocation -XX:+UseParallelGC 
2.616: [GC (Allocation Failure) [PSYoungGen: 182968K->22272K(229376K)] 285368K->124680K(491520K), 0.0046550 secs] [Times: user=0.00 sys=0.00, real=0.00 secs] 
3.490: [GC (Allocation Failure) [PSYoungGen: 215644K->18088K(229376K)] 318052K->120496K(491520K), 0.0034192 secs] [Times: user=0.02 sys=0.00, real=0.00 secs] 
6.793: [GC (Allocation Failure) [PSYoungGen: 211459K->31368K(229376K)] 416267K->236176K(491520K), 0.0043147 secs] [Times: user=0.00 sys=0.00, real=0.01 secs] 
7.555: [GC (Allocation Failure) [PSYoungGen: 226705K->31336K(229376K)] 431513K->251512K(491520K), 0.0058818 secs] [Times: user=0.00 sys=0.00, real=0.01 secs] 
8.976: [GC (Allocation Failure) --[PSYoungGen: 224688K->224688K(229376K)] 444864K->444864K(491520K), 0.0011279 secs] [Times: user=0.00 sys=0.00, real=0.00 secs] 
8.978: [Full GC (Ergonomics) [PSYoungGen: 224688K->0K(229376K)] [ParOldGen: 220176K->56848K(262144K)] 444864K->56848K(491520K), [Metaspace: 2759K->2759K(1056768K)], 0.0109079 secs] [Times: user=0.00 sys=0.00, real=0.01 secs] 
11.285: [GC (Allocation Failure) [PSYoungGen: 193346K->30720K(223232K)] 352595K->189968K(485376K), 0.0025602 secs] [Times: user=0.00 sys=0.00, real=0.00 secs] 
12.590: [GC (Allocation Failure) [PSYoungGen: 220111K->15424K(217600K)] 379360K->174680K(479744K), 0.0016735 secs] [Times: user=0.00 sys=0.00, real=0.00 secs] 
13.248: [GC (Allocation Failure) [PSYoungGen: 198259K->11360K(195072K)] 357516K->170616K(457216K), 0.0011009 secs] [Times: user=0.00 sys=0.00, real=0.00 secs] 
16.210: [Full GC (Ergonomics) [PSYoungGen: 194188K->0K(195072K)] [ParOldGen: 261656K->5649K(262144K)] 455844K->5649K(457216K), [Metaspace: 2768K->2768K(1056768K)], 0.0038015 secs] [Times: user=0.02 sys=0.00, real=0.00 secs] 
18.285: [GC (Allocation Failure) [PSYoungGen: 167481K->35840K(214528K)] 275530K->143889K(476672K), 0.0030635 secs] [Times: user=0.00 sys=0.00, real=0.00 secs] 
19.917: [GC (Allocation Failure) [PSYoungGen: 182666K->0K(170496K)] 393115K->261649K(432640K), 0.0057470 secs] [Times: user=0.00 sys=0.00, real=0.01 secs] 
19.923: [Full GC (Ergonomics) [PSYoungGen: 0K->0K(170496K)] [ParOldGen: 261649K->51729K(262144K)] 261649K->51729K(432640K), [Metaspace: 2770K->2770K(1056768K)], 0.0050414 secs] [Times: user=0.00 sys=0.00, real=0.00 secs] 
21.134: [GC (Allocation Failure) [PSYoungGen: 156990K->15360K(217088K)] 208719K->169489K(479232K), 0.0157124 secs] [Times: user=0.00 sys=0.00, real=0.02 secs] 
22.672: [Full GC (Ergonomics) [PSYoungGen: 162098K->0K(217088K)] [ParOldGen: 256529K->134673K(262144K)] 418627K->134673K(479232K), [Metaspace: 2779K->2779K(1056768K)], 0.0115191 secs] [Times: user=0.01 sys=0.00, real=0.01 secs] 
23.778: [GC (Allocation Failure) [PSYoungGen: 162109K->5120K(215552K)] 296782K->139793K(477696K), 0.0009103 secs] [Times: user=0.00 sys=0.00, real=0.00 secs] 
25.521: [Full GC (Ergonomics) [PSYoungGen: 172346K->0K(215552K)] [ParOldGen: 237073K->47104K(262144K)] 409419K->47104K(477696K), [Metaspace: 2779K->2779K(1056768K)], 0.0047512 secs] [Times: user=0.00 sys=0.00, real=0.00 secs] 
26.177: [GC (Allocation Failure) [PSYoungGen: 167234K->10240K(217600K)] 214338K->57344K(479744K), 0.0009878 secs] [Times: user=0.00 sys=0.00, real=0.00 secs] 
28.357: [GC (Allocation Failure) [PSYoungGen: 142388K->25632K(216576K)] 189492K->72736K(478720K), 0.0023912 secs] [Times: user=0.00 sys=0.00, real=0.00 secs] 
29.008: [GC (Allocation Failure) [PSYoungGen: 192880K->5120K(217600K)] 239984K->108560K(479744K), 0.0061513 secs] [Times: user=0.00 sys=0.00, real=0.01 secs] 
31.303: [Full GC (Ergonomics) [PSYoungGen: 146775K->0K(217600K)] [ParOldGen: 205840K->6144K(262144K)] 352615K->6144K(479744K), [Metaspace: 2793K->2793K(1056768K)], 0.0019268 secs] [Times: user=0.00 sys=0.00, real=0.00 secs] 
32.505: [GC (Allocation Failure) [PSYoungGen: 157031K->16384K(217600K)] 163175K->22528K(479744K), 0.0013474 secs] [Times: user=0.00 sys=0.00, real=0.00 secs] 
34.033: [GC (Allocation Failure) [PSYoungGen: 163175K->31744K(214016K)] 271719K->146432K(476160K), 0.0030750 secs] [Times: user=0.00 sys=0.00, real=0.00 secs] 
35.125: [GC (Allocation Failure) [PSYoungGen: 193885K->5120K(217088K)] 308573K->119808K(479232K), 0.0008094 secs] [Times: user=0.00 sys=0.00, real=0.00 secs] 
36.869: [Full GC (Ergonomics) [PSYoungGen: 172378K->0K(217088K)] [ParOldGen: 217088K->36864K(262144K)] 389466K->36864K(479232K), [Metaspace: 2793K->2793K(1056768K)], 0.0040829 secs] [Times: user=0.00 sys=0.00, real=0.00 secs] 
37.526: [GC (Allocation Failure) [PSYoungGen: 167265K->5120K(218112K)] 204130K->41984K(480256K), 0.0007517 secs] [Times: user=0.00 sys=0.00, real=0.00 secs] 
39.606: [GC (Allocation Failure) [PSYoungGen: 162171K->15360K(217600K)] 199036K->52224K(479744K), 0.0013279 secs] [Times: user=0.00 sys=0.00, real=0.00 secs] 
41.127: [GC (Allocation Failure) [PSYoungGen: 162167K->25600K(218624K)] 301432K->169984K(480768K), 0.0024557 secs] [Times: user=0.00 sys=0.00, real=0.00 secs] 
41.892: [GC (Allocation Failure) [PSYoungGen: 198087K->6144K(219648K)] 342471K->155648K(481792K), 0.0009722 secs] [Times: user=0.00 sys=0.00, real=0.00 secs] 
45.058: [Full GC (Ergonomics) [PSYoungGen: 179650K->0K(219648K)] [ParOldGen: 251904K->22528K(262144K)] 431554K->22528K(481792K), [Metaspace: 2795K->2795K(1056768K)], 0.0038322 secs] [Times: user=0.00 sys=0.00, real=0.00 secs] 
46.806: [GC (Allocation Failure) [PSYoungGen: 136649K->40960K(206848K)] 261577K->165888K(468992K), 0.0023989 secs] [Times: user=0.00 sys=0.00, real=0.00 secs] 
47.350: [GC (Allocation Failure) [PSYoungGen: 202969K->5120K(213504K)] 327897K->150528K(475648K), 0.0023086 secs] [Times: user=0.00 sys=0.00, real=0.00 secs] 
49.431: [Full GC (Ergonomics) [PSYoungGen: 167123K->0K(213504K)] [ParOldGen: 247808K->92689K(262144K)] 414931K->92689K(475648K), [Metaspace: 2795K->2795K(1056768K)], 0.0085658 secs] [Times: user=0.00 sys=0.00, real=0.01 secs] 
51.085: [GC (Allocation Failure) [PSYoungGen: 141528K->25600K(214016K)] 336617K->220689K(476160K), 0.0020991 secs] [Times: user=0.00 sys=0.00, real=0.00 secs] 
51.628: [GC (Allocation Failure) [PSYoungGen: 187631K->6144K(214016K)] 382721K->206353K(476160K), 0.0010625 secs] [Times: user=0.00 sys=0.00, real=0.00 secs] 
52.611: [GC (Allocation Failure) [PSYoungGen: 127194K->5120K(216064K)] 327403K->257553K(478208K), 0.0047606 secs] [Times: user=0.00 sys=0.00, real=0.01 secs] 
52.616: [Full GC (Ergonomics) [PSYoungGen: 5120K->0K(216064K)] [ParOldGen: 252433K->62993K(262144K)] 257553K->62993K(478208K), [Metaspace: 2795K->2795K(1056768K)], 0.0056371 secs] [Times: user=0.00 sys=0.00, real=0.01 secs] 
54.808: [GC (Allocation Failure) [PSYoungGen: 167189K->10240K(215040K)] 230182K->73233K(477184K), 0.0008717 secs] [Times: user=0.00 sys=0.00, real=0.00 secs] 
56.662: [GC (Allocation Failure) [PSYoungGen: 167176K->25600K(216064K)] 332569K->196113K(478208K), 0.0022134 secs] [Times: user=0.00 sys=0.00, real=0.00 secs] 
56.879: [GC (Allocation Failure) [PSYoungGen: 100691K->20480K(217088K)] 271205K->257553K(479232K), 0.0058764 secs] [Times: user=0.01 sys=0.00, real=0.01 secs] 
56.885: [Full GC (Ergonomics) [PSYoungGen: 20480K->0K(217088K)] [ParOldGen: 237073K->92689K(262144K)] 257553K->92689K(479232K), [Metaspace: 2796K->2796K(1056768K)], 0.0074965 secs] [Times: user=0.00 sys=0.00, real=0.01 secs] 
58.204: [GC (Allocation Failure) [PSYoungGen: 141651K->20480K(219648K)] 234341K->113169K(481792K), 0.0021826 secs] [Times: user=0.00 sys=0.00, real=0.00 secs] 
58.966: [GC (Allocation Failure) [PSYoungGen: 192913K->5120K(218624K)] 285603K->149009K(480768K), 0.0053303 secs] [Times: user=0.00 sys=0.00, real=0.00 secs] 
60.933: [Full GC (Ergonomics) [PSYoungGen: 167320K->0K(218624K)] [ParOldGen: 246289K->174609K(262144K)] 413610K->174609K(480768K), [Metaspace: 2796K->2796K(1056768K)], 0.0135138 secs] [Times: user=0.02 sys=0.00, real=0.01 secs] 
61.167: [GC (Allocation Failure) [PSYoungGen: 75175K->0K(220160K)] 249784K->225809K(482304K), 0.0045365 secs] [Times: user=0.00 sys=0.00, real=0.01 secs] 
61.172: [Full GC (Ergonomics) [PSYoungGen: 0K->0K(220160K)] [ParOldGen: 225809K->215569K(262144K)] 225809K->215569K(482304K), [Metaspace: 2796K->2796K(1056768K)], 0.0051896 secs] [Times: user=0.00 sys=0.00, real=0.00 secs] 
62.495: [Full GC (Ergonomics) [PSYoungGen: 157136K->0K(220160K)] [ParOldGen: 215569K->26624K(262144K)] 372705K->26624K(482304K), [Metaspace: 2796K->2796K(1056768K)], 0.0031286 secs] [Times: user=0.00 sys=0.00, real=0.00 secs] 
63.368: [GC (Allocation Failure) [PSYoungGen: 177597K->6144K(220160K)] 204221K->32768K(482304K), 0.0010335 secs] [Times: user=0.00 sys=0.00, real=0.00 secs] 
66.204: [GC (Allocation Failure) [PSYoungGen: 183740K->10240K(223744K)] 312764K->139264K(485888K), 0.0010492 secs] [Times: user=0.00 sys=0.00, real=0.00 secs] 
68.164: [Full GC (Ergonomics) [PSYoungGen: 187954K->0K(223744K)] [ParOldGen: 231424K->52224K(262144K)] 419378K->52224K(485888K), [Metaspace: 2796K->2796K(1056768K)], 0.0048981 secs] [Times: user=0.00 sys=0.00, real=0.01 secs] 
69.576: [GC (Allocation Failure) [PSYoungGen: 177725K->5120K(221696K)] 229949K->57344K(483840K), 0.0006813 secs] [Times: user=0.00 sys=0.00, real=0.00 secs] 
70.558: [GC (Allocation Failure) [PSYoungGen: 187961K->10240K(226816K)] 240185K->164864K(488960K), 0.0156736 secs] [Times: user=0.00 sys=0.00, real=0.02 secs] 
70.574: [Full GC (Ergonomics) [PSYoungGen: 10240K->0K(226816K)] [ParOldGen: 154624K->108049K(262144K)] 164864K->108049K(488960K), [Metaspace: 2796K->2796K(1056768K)], 0.0088757 secs] [Times: user=0.00 sys=0.00, real=0.01 secs] 
72.447: [Full GC (Ergonomics) [PSYoungGen: 172720K->0K(226816K)] [ParOldGen: 210449K->134673K(262144K)] 383170K->134673K(488960K), [Metaspace: 2796K->2796K(1056768K)], 0.0039010 secs] [Times: user=0.00 sys=0.00, real=0.00 secs] 
73.755: [GC (Allocation Failure) [PSYoungGen: 182970K->20480K(224768K)] 317643K->155153K(486912K), 0.0016112 secs] [Times: user=0.00 sys=0.00, real=0.00 secs] 
74.512: [GC (Allocation Failure) [PSYoungGen: 208564K->20480K(225280K)] 343237K->155153K(487424K), 0.0016280 secs] [Times: user=0.00 sys=0.00, real=0.00 secs] 
77.236: [Full GC (Ergonomics) [PSYoungGen: 208561K->0K(225280K)] [ParOldGen: 237073K->21504K(262144K)] 445634K->21504K(487424K), [Metaspace: 2796K->2796K(1056768K)], 0.0031959 secs] [Times: user=0.00 sys=0.00, real=0.00 secs] 
79.416: [GC (Allocation Failure) [PSYoungGen: 172730K->20480K(210432K)] 296634K->195584K(472576K), 0.0058411 secs] [Times: user=0.00 sys=0.00, real=0.01 secs] 
79.422: [Full GC (Ergonomics) [PSYoungGen: 20480K->0K(210432K)] [ParOldGen: 175104K->72209K(262144K)] 195584K->72209K(472576K), [Metaspace: 2796K->2796K(1056768K)], 0.0063394 secs] [Times: user=0.00 sys=0.00, real=0.01 secs] 
80.195: [GC (Allocation Failure) [PSYoungGen: 188097K->5120K(225792K)] 260306K->179729K(487936K), 0.0157812 secs] [Times: user=0.00 sys=0.00, real=0.02 secs] 
80.211: [Full GC (Ergonomics) [PSYoungGen: 5120K->0K(225792K)] [ParOldGen: 174609K->169489K(262144K)] 179729K->169489K(487936K), [Metaspace: 2796K->2796K(1056768K)], 0.0084914 secs] [Times: user=0.00 sys=0.00, real=0.01 secs] 
82.283: [Full GC (Ergonomics) [PSYoungGen: 172704K->0K(225792K)] [ParOldGen: 169489K->17408K(262144K)] 342193K->17408K(487936K), [Metaspace: 2796K->2796K(1056768K)], 0.0026392 secs] [Times: user=0.00 sys=0.00, real=0.00 secs] 
83.044: [GC (Allocation Failure) [PSYoungGen: 188047K->6144K(225280K)] 205455K->23552K(487424K), 0.0007552 secs] [Times: user=0.00 sys=0.00, real=0.00 secs] 
85.226: [GC (Allocation Failure) [PSYoungGen: 168597K->30720K(218624K)] 288406K->150528K(480768K), 0.0024604 secs] [Times: user=0.02 sys=0.00, real=0.00 secs] 
86.206: [GC (Allocation Failure) [PSYoungGen: 213557K->10240K(222720K)] 333365K->140288K(484864K), 0.0016102 secs] [Times: user=0.00 sys=0.00, real=0.00 secs] 
88.058: [Full GC (Ergonomics) [PSYoungGen: 182836K->0K(222720K)] [ParOldGen: 232448K->61969K(262144K)] 415284K->61969K(484864K), [Metaspace: 2796K->2796K(1056768K)], 0.0061447 secs] [Times: user=0.00 sys=0.00, real=0.01 secs] 
90.237: [Full GC (Ergonomics) [PSYoungGen: 182846K->0K(222720K)] [ParOldGen: 164369K->113169K(262144K)] 347216K->113169K(484864K), [Metaspace: 2796K->2796K(1056768K)], 0.0088077 secs] [Times: user=0.00 sys=0.00, real=0.01 secs] 
93.400: [Full GC (Ergonomics) [PSYoungGen: 173637K->0K(222720K)] [ParOldGen: 215569K->6673K(262144K)] 389207K->6673K(484864K), [Metaspace: 2796K->2796K(1056768K)], 0.0021832 secs] [Times: user=0.00 sys=0.00, real=0.00 secs] 
95.147: [GC (Allocation Failure) [PSYoungGen: 167498K->25600K(220160K)] 276571K->155153K(482304K), 0.0032107 secs] [Times: user=0.00 sys=0.00, real=0.00 secs] 
96.452: [GC (Allocation Failure) [PSYoungGen: 203320K->10240K(222208K)] 332873K->139793K(484352K), 0.0013390 secs] [Times: user=0.00 sys=0.00, real=0.00 secs] 
96.999: [GC (Allocation Failure) [PSYoungGen: 187950K->21504K(223744K)] 317504K->151057K(485888K), 0.0020510 secs] [Times: user=0.00 sys=0.00, real=0.00 secs] 
99.287: [Full GC (Ergonomics) [PSYoungGen: 199269K->0K(223744K)] [ParOldGen: 231953K->93184K(262144K)] 431223K->93184K(485888K), [Metaspace: 2796K->2796K(1056768K)], 0.0083009 secs] [Times: user=0.02 sys=0.00, real=0.01 secs] 
100.284: [GC (Allocation Failure) [PSYoungGen: 182893K->5120K(223744K)] 276077K->98304K(485888K), 0.0007860 secs] [Times: user=0.00 sys=0.00, real=0.00 secs] 
102.248: [Full GC (Ergonomics) [PSYoungGen: 182886K->0K(223744K)] [ParOldGen: 195584K->32768K(262144K)] 378470K->32768K(485888K), [Metaspace: 2796K->2796K(1056768K)], 0.0037242 secs] [Times: user=0.00 sys=0.00, real=0.00 secs] 
103.231: [GC (Allocation Failure) [PSYoungGen: 182893K->6144K(225280K)] 215661K->38912K(487424K), 0.0007624 secs] [Times: user=0.00 sys=0.00, real=0.00 secs] 
106.288: [GC (Allocation Failure) [PSYoungGen: 189071K->30720K(214016K)] 324239K->165888K(476160K), 0.0023275 secs] [Times: user=0.00 sys=0.00, real=0.00 secs] 
108.031: [Full GC (Ergonomics) [PSYoungGen: 203322K->0K(214016K)] [ParOldGen: 237568K->52224K(262144K)] 440890K->52224K(476160K), [Metaspace: 2796K->2796K(1056768K)], 0.0057795 secs] [Times: user=0.00 sys=0.00, real=0.01 secs] 
109.360: [GC (Allocation Failure) [PSYoungGen: 177727K->25600K(219136K)] 229951K->77824K(481280K), 0.0023556 secs] [Times: user=0.00 sys=0.00, real=0.00 secs] 
110.231: [GC (Allocation Failure) [PSYoungGen: 203227K->10240K(220160K)] 255451K->164864K(482304K), 0.0155703 secs] [Times: user=0.00 sys=0.00, real=0.02 secs] 
110.247: [Full GC (Ergonomics) [PSYoungGen: 10240K->0K(220160K)] [ParOldGen: 154624K->164369K(262144K)] 164864K->164369K(482304K), [Metaspace: 2796K->2796K(1056768K)], 0.0155923 secs] [Times: user=0.00 sys=0.00, real=0.02 secs] 
110.916: [Full GC (Ergonomics) [PSYoungGen: 105942K->0K(220160K)] [ParOldGen: 164369K->215569K(262144K)] 270311K->215569K(482304K), [Metaspace: 2796K->2796K(1056768K)], 0.0050722 secs] [Times: user=0.00 sys=0.00, real=0.00 secs] 
112.239: [Full GC (Ergonomics) [PSYoungGen: 157108K->0K(220160K)] [ParOldGen: 215569K->26624K(262144K)] 372677K->26624K(482304K), [Metaspace: 2796K->2796K(1056768K)], 0.0030980 secs] [Times: user=0.00 sys=0.00, real=0.00 secs] 
113.110: [GC (Allocation Failure) [PSYoungGen: 177579K->6144K(222208K)] 204203K->32768K(484352K), 0.0008359 secs] [Times: user=0.00 sys=0.00, real=0.00 secs] 
115.950: [GC (Allocation Failure) [PSYoungGen: 183789K->10240K(221184K)] 312813K->139264K(483328K), 0.0010296 secs] [Times: user=0.00 sys=0.00, real=0.00 secs] 
117.909: [Full GC (Ergonomics) [PSYoungGen: 187906K->0K(221184K)] [ParOldGen: 231424K->52224K(262144K)] 419330K->52224K(483328K), [Metaspace: 2796K->2796K(1056768K)], 0.0051797 secs] [Times: user=0.00 sys=0.00, real=0.00 secs] 
119.330: [GC (Allocation Failure) [PSYoungGen: 177679K->5120K(224768K)] 229903K->57344K(486912K), 0.0006615 secs] [Times: user=0.00 sys=0.00, real=0.00 secs] 
120.311: [GC (Allocation Failure) [PSYoungGen: 188029K->10240K(224256K)] 240253K->164864K(486400K), 0.0153080 secs] [Times: user=0.00 sys=0.00, real=0.02 secs] 
120.327: [Full GC (Ergonomics) [PSYoungGen: 10240K->0K(224256K)] [ParOldGen: 154624K->108049K(262144K)] 164864K->108049K(486400K), [Metaspace: 2796K->2796K(1056768K)], 0.0083163 secs] [Times: user=0.00 sys=0.00, real=0.01 secs] 
122.180: [Full GC (Ergonomics) [PSYoungGen: 172667K->0K(224256K)] [ParOldGen: 210449K->134673K(262144K)] 383116K->134673K(486400K), [Metaspace: 2796K->2796K(1056768K)], 0.0033022 secs] [Times: user=0.00 sys=0.00, real=0.00 secs] 
123.490: [GC (Allocation Failure) [PSYoungGen: 182918K->20480K(225792K)] 317591K->155153K(487936K), 0.0020614 secs] [Times: user=0.00 sys=0.00, real=0.00 secs] 
124.251: [GC (Allocation Failure) [PSYoungGen: 208584K->20480K(211456K)] 343257K->155153K(473600K), 0.0017785 secs] [Times: user=0.00 sys=0.00, real=0.00 secs] 
126.974: [Full GC (Ergonomics) [PSYoungGen: 208580K->0K(211456K)] [ParOldGen: 237073K->21504K(262144K)] 445654K->21504K(473600K), [Metaspace: 2796K->2796K(1056768K)], 0.0028294 secs] [Times: user=0.00 sys=0.00, real=0.00 secs] 
129.155: [GC (Allocation Failure) [PSYoungGen: 172750K->20480K(225792K)] 296654K->195584K(487936K), 0.0054485 secs] [Times: user=0.00 sys=0.00, real=0.01 secs] 
129.161: [Full GC (Ergonomics) [PSYoungGen: 20480K->0K(225792K)] [ParOldGen: 175104K->72209K(262144K)] 195584K->72209K(487936K), [Metaspace: 2796K->2796K(1056768K)], 0.0069057 secs] [Times: user=0.02 sys=0.00, real=0.01 secs] 
129.933: [GC (Allocation Failure) [PSYoungGen: 188096K->5120K(225792K)] 260306K->179729K(487936K), 0.0152471 secs] [Times: user=0.00 sys=0.00, real=0.02 secs] 
129.949: [Full GC (Ergonomics) [PSYoungGen: 5120K->0K(225792K)] [ParOldGen: 174609K->169489K(262144K)] 179729K->169489K(487936K), [Metaspace: 2796K->2796K(1056768K)], 0.0091965 secs] [Times: user=0.00 sys=0.00, real=0.01 secs] 
132.024: [Full GC (Ergonomics) [PSYoungGen: 172714K->0K(225792K)] [ParOldGen: 169489K->17408K(262144K)] 342203K->17408K(487936K), [Metaspace: 2796K->2796K(1056768K)], 0.0025644 secs] [Times: user=0.00 sys=0.00, real=0.00 secs] 
132.781: [GC (Allocation Failure) [PSYoungGen: 188057K->6144K(226816K)] 205465K->23552K(488960K), 0.0009325 secs] [Times: user=0.00 sys=0.00, real=0.00 secs] 
134.964: [GC (Allocation Failure) [PSYoungGen: 168638K->30720K(217088K)] 288446K->150528K(479232K), 0.0024903 secs] [Times: user=0.00 sys=0.00, real=0.00 secs] 
135.944: [GC (Allocation Failure) [PSYoungGen: 213608K->10240K(224256K)] 333416K->140288K(486400K), 0.0018451 secs] [Times: user=0.02 sys=0.00, real=0.00 secs] 
137.800: [Full GC (Ergonomics) [PSYoungGen: 182866K->0K(224256K)] [ParOldGen: 232448K->61969K(262144K)] 415314K->61969K(486400K), [Metaspace: 2796K->2796K(1056768K)], 0.0063674 secs] [Times: user=0.00 sys=0.00, real=0.01 secs] 
139.993: [Full GC (Ergonomics) [PSYoungGen: 182877K->0K(224256K)] [ParOldGen: 164369K->113169K(262144K)] 347246K->113169K(486400K), [Metaspace: 2796K->2796K(1056768K)], 0.0096099 secs] [Times: user=0.00 sys=0.00, real=0.01 secs] 
143.285: [Full GC (Ergonomics) [PSYoungGen: 183908K->0K(224256K)] [ParOldGen: 215569K->12288K(262144K)] 399477K->12288K(486400K), [Metaspace: 2796K->2796K(1056768K)], 0.0023166 secs] [Times: user=0.00 sys=0.00, real=0.00 secs] 
144.922: [GC (Allocation Failure) [PSYoungGen: 157288K->35840K(216064K)] 271976K->150528K(478208K), 0.0028907 secs] [Times: user=0.00 sys=0.00, real=0.00 secs] 
146.229: [GC (Allocation Failure) [PSYoungGen: 213509K->10240K(219136K)] 328197K->124928K(481280K), 0.0012871 secs] [Times: user=0.00 sys=0.00, real=0.00 secs] 
146.773: [GC (Allocation Failure) [PSYoungGen: 187869K->21504K(220160K)] 302557K->136192K(482304K), 0.0020824 secs] [Times: user=0.01 sys=0.00, real=0.00 secs] 
149.065: [Full GC (Ergonomics) [PSYoungGen: 199128K->0K(220160K)] [ParOldGen: 217088K->93184K(262144K)] 416216K->93184K(482304K), [Metaspace: 2796K->2796K(1056768K)], 0.0073000 secs] [Times: user=0.00 sys=0.00, real=0.01 secs] 
149.939: [GC (Allocation Failure) [PSYoungGen: 177630K->0K(220672K)] 270814K->195584K(482816K), 0.0158953 secs] [Times: user=0.00 sys=0.00, real=0.02 secs] 
149.955: [Full GC (Ergonomics) [PSYoungGen: 0K->0K(220672K)] [ParOldGen: 195584K->102929K(262144K)] 195584K->102929K(482816K), [Metaspace: 2796K->2796K(1056768K)], 0.0082868 secs] [Times: user=0.00 sys=0.00, real=0.01 secs] 
151.935: [Full GC (Ergonomics) [PSYoungGen: 162285K->0K(220672K)] [ParOldGen: 205329K->22528K(262144K)] 367614K->22528K(482816K), [Metaspace: 2796K->2796K(1056768K)], 0.0029943 secs] [Times: user=0.00 sys=0.00, real=0.00 secs] 
152.480: [GC (Allocation Failure) [PSYoungGen: 177651K->2048K(220672K)] 200179K->24576K(482816K), 0.0004841 secs] [Times: user=0.00 sys=0.00, real=0.00 secs] 
155.529: [GC (Allocation Failure) [PSYoungGen: 179693K->25600K(217600K)] 304621K->150528K(479744K), 0.0019493 secs] [Times: user=0.00 sys=0.00, real=0.00 secs] 
157.708: [Full GC (Ergonomics) [PSYoungGen: 177590K->0K(217600K)] [ParOldGen: 227328K->21504K(262144K)] 404918K->21504K(479744K), [Metaspace: 2796K->2796K(1056768K)], 0.0030684 secs] [Times: user=0.00 sys=0.00, real=0.00 secs] 
158.471: [GC (Allocation Failure) [PSYoungGen: 172474K->5120K(219136K)] 193978K->77824K(481280K), 0.0047244 secs] [Times: user=0.00 sys=0.00, real=0.00 secs] 
160.437: [Full GC (Ergonomics) [PSYoungGen: 167347K->0K(219136K)] [ParOldGen: 175104K->174609K(262144K)] 342451K->174609K(481280K), [Metaspace: 2796K->2796K(1056768K)], 0.0133016 secs] [Times: user=0.01 sys=0.00, real=0.01 secs] 
160.668: [GC (Allocation Failure) [PSYoungGen: 75192K->0K(220672K)] 249801K->225809K(482816K), 0.0046831 secs] [Times: user=0.00 sys=0.00, real=0.00 secs] 
160.672: [Full GC (Ergonomics) [PSYoungGen: 0K->0K(220672K)] [ParOldGen: 225809K->215569K(262144K)] 225809K->215569K(482816K), [Metaspace: 2796K->2796K(1056768K)], 0.0050657 secs] [Times: user=0.00 sys=0.00, real=0.00 secs] 
161.989: [Full GC (Ergonomics) [PSYoungGen: 157163K->0K(220672K)] [ParOldGen: 215569K->26624K(262144K)] 372733K->26624K(482816K), [Metaspace: 2796K->2796K(1056768K)], 0.0039130 secs] [Times: user=0.02 sys=0.00, real=0.00 secs] 
162.862: [GC (Allocation Failure) [PSYoungGen: 177618K->6144K(220160K)] 204242K->32768K(482304K), 0.0007845 secs] [Times: user=0.00 sys=0.00, real=0.00 secs] 
165.694: [GC (Allocation Failure) [PSYoungGen: 183757K->10240K(225280K)] 312781K->139264K(487424K), 0.0009970 secs] [Times: user=0.00 sys=0.00, real=0.00 secs] 
167.665: [Full GC (Ergonomics) [PSYoungGen: 188010K->0K(225280K)] [ParOldGen: 231424K->52224K(262144K)] 419434K->52224K(487424K), [Metaspace: 2796K->2796K(1056768K)], 0.0048895 secs] [Times: user=0.00 sys=0.00, real=0.01 secs] 
169.084: [GC (Allocation Failure) [PSYoungGen: 177779K->5120K(222720K)] 230003K->57344K(484864K), 0.0006521 secs] [Times: user=0.00 sys=0.00, real=0.00 secs] 
170.066: [GC (Allocation Failure) [PSYoungGen: 188013K->10240K(228864K)] 240237K->164864K(491008K), 0.0158013 secs] [Times: user=0.00 sys=0.00, real=0.02 secs] 
170.082: [Full GC (Ergonomics) [PSYoungGen: 10240K->0K(228864K)] [ParOldGen: 154624K->108049K(262144K)] 164864K->108049K(491008K), [Metaspace: 2796K->2796K(1056768K)], 0.0079704 secs] [Times: user=0.00 sys=0.00, real=0.01 secs] 
171.950: [Full GC (Ergonomics) [PSYoungGen: 172792K->0K(228864K)] [ParOldGen: 210449K->134673K(262144K)] 383242K->134673K(491008K), [Metaspace: 2796K->2796K(1056768K)], 0.0031726 secs] [Times: user=0.00 sys=0.00, real=0.00 secs] 
173.256: [Full GC (Ergonomics) [PSYoungGen: 183042K->0K(228864K)] [ParOldGen: 134673K->21504K(262144K)] 317715K->21504K(491008K), [Metaspace: 2796K->2796K(1056768K)], 0.0029270 secs] [Times: user=0.00 sys=0.00, real=0.00 secs] 
174.022: [GC (Allocation Failure) [PSYoungGen: 188155K->10240K(226304K)] 209659K->31744K(488448K), 0.0011262 secs] [Times: user=0.00 sys=0.00, real=0.00 secs] 
176.744: [GC (Allocation Failure) [PSYoungGen: 198391K->20480K(227840K)] 322295K->144384K(489984K), 0.0023097 secs] [Times: user=0.00 sys=0.00, real=0.00 secs] 
179.034: [Full GC (Ergonomics) [PSYoungGen: 213833K->0K(227840K)] [ParOldGen: 226304K->82944K(262144K)] 440137K->82944K(489984K), [Metaspace: 2796K->2796K(1056768K)], 0.0082011 secs] [Times: user=0.00 sys=0.00, real=0.01 secs] 
181.121: [Full GC (Ergonomics) [PSYoungGen: 194383K->0K(227840K)] [ParOldGen: 185344K->7168K(262144K)] 379727K->7168K(489984K), [Metaspace: 2796K->2796K(1056768K)], 0.0023579 secs] [Times: user=0.00 sys=0.00, real=0.00 secs] 
183.300: [GC (Allocation Failure) [PSYoungGen: 188244K->26624K(217600K)] 297812K->146432K(479744K), 0.0028312 secs] [Times: user=0.00 sys=0.00, real=0.00 secs] 
184.608: [GC (Allocation Failure) [PSYoungGen: 209628K->20480K(224768K)] 329436K->140288K(486912K), 0.0015864 secs] [Times: user=0.00 sys=0.00, real=0.00 secs] 
185.368: [GC (Allocation Failure) [PSYoungGen: 208552K->20480K(225280K)] 328360K->140288K(487424K), 0.0016341 secs] [Times: user=0.00 sys=0.00, real=0.00 secs] 
187.553: [Full GC (Ergonomics) [PSYoungGen: 208546K->0K(225280K)] [ParOldGen: 222208K->62464K(262144K)] 430754K->62464K(487424K), [Metaspace: 2796K->2796K(1056768K)], 0.0062551 secs] [Times: user=0.02 sys=0.00, real=0.01 secs] 
189.856: [Full GC (Ergonomics) [PSYoungGen: 188074K->0K(225280K)] [ParOldGen: 164864K->113169K(262144K)] 352938K->113169K(487424K), [Metaspace: 2796K->2796K(1056768K)], 0.0094044 secs] [Times: user=0.00 sys=0.00, real=0.01 secs] 
193.053: [Full GC (Ergonomics) [PSYoungGen: 178863K->0K(225280K)] [ParOldGen: 215569K->12288K(262144K)] 394432K->12288K(487424K), [Metaspace: 2796K->2796K(1056768K)], 0.0024211 secs] [Times: user=0.00 sys=0.02, real=0.00 secs] 
193.715: [GC (Allocation Failure) [PSYoungGen: 188082K->1024K(225280K)] 200370K->13312K(487424K), 0.0008120 secs] [Times: user=0.00 sys=0.00, real=0.00 secs] 
196.119: [GC (Allocation Failure) [PSYoungGen: 168623K->20512K(209408K)] 283311K->155680K(471552K), 0.0028569 secs] [Times: user=0.00 sys=0.00, real=0.00 secs] 
197.212: [GC (Allocation Failure) [PSYoungGen: 208594K->10304K(226816K)] 343762K->145472K(488960K), 0.0011622 secs] [Times: user=0.00 sys=0.00, real=0.00 secs] 
198.959: [Full GC (Ergonomics) [PSYoungGen: 177917K->0K(226816K)] [ParOldGen: 237568K->102929K(262144K)] 415485K->102929K(488960K), [Metaspace: 2796K->2796K(1056768K)], 0.0083560 secs] [Times: user=0.00 sys=0.00, real=0.01 secs] 
200.175: [GC (Allocation Failure) [PSYoungGen: 182978K->15360K(224768K)] 285908K->118289K(486912K), 0.0013882 secs] [Times: user=0.00 sys=0.00, real=0.00 secs] 
200.827: [GC (Allocation Failure) [PSYoungGen: 203449K->7168K(228864K)] 306379K->110097K(491008K), 0.0009035 secs] [Times: user=0.00 sys=0.00, real=0.00 secs] 
204.212: [Full GC (Ergonomics) [PSYoungGen: 200469K->0K(228864K)] [ParOldGen: 205329K->11264K(262144K)] 405799K->11264K(491008K), [Metaspace: 2796K->2796K(1056768K)], 0.0024067 secs] [Times: user=0.00 sys=0.00, real=0.00 secs] 
206.068: [GC (Allocation Failure) [PSYoungGen: 172835K->15360K(228352K)] 286499K->169984K(490496K), 0.0038642 secs] [Times: user=0.02 sys=0.00, real=0.00 secs] 
207.487: [GC (Allocation Failure) [PSYoungGen: 208684K->20480K(228864K)] 363309K->175104K(491008K), 0.0020525 secs] [Times: user=0.00 sys=0.00, real=0.00 secs] 
208.578: [GC (Allocation Failure) [PSYoungGen: 208708K->10240K(229376K)] 363332K->216064K(491520K), 0.0056221 secs] [Times: user=0.00 sys=0.00, real=0.00 secs] 
208.584: [Full GC (Ergonomics) [PSYoungGen: 10240K->0K(229376K)] [ParOldGen: 205824K->61969K(262144K)] 216064K->61969K(491520K), [Metaspace: 2796K->2796K(1056768K)], 0.0053678 secs] [Times: user=0.00 sys=0.00, real=0.01 secs] 
210.338: [GC (Allocation Failure) [PSYoungGen: 167743K->25600K(225280K)] 332112K->189969K(487424K), 0.0021966 secs] [Times: user=0.00 sys=0.00, real=0.00 secs] 
211.648: [GC (Allocation Failure) [PSYoungGen: 213772K->15360K(227840K)] 378141K->179729K(489984K), 0.0016397 secs] [Times: user=0.00 sys=0.00, real=0.00 secs] 
212.520: [GC (Allocation Failure) [PSYoungGen: 208645K->11264K(230912K)] 373015K->175633K(493056K), 0.0010523 secs] [Times: user=0.00 sys=0.00, real=0.00 secs] 
213.285: [GC (Allocation Failure) [PSYoungGen: 122720K->16384K(229888K)] 287090K->231953K(492032K), 0.0051998 secs] [Times: user=0.00 sys=0.00, real=0.00 secs] 
213.290: [Full GC (Ergonomics) [PSYoungGen: 16384K->0K(229888K)] [ParOldGen: 215569K->68113K(262144K)] 231953K->68113K(492032K), [Metaspace: 2796K->2796K(1056768K)], 0.0054597 secs] [Times: user=0.00 sys=0.00, real=0.01 secs] 
215.814: [GC (Allocation Failure) [PSYoungGen: 198485K->15360K(232960K)] 266599K->83473K(495104K), 0.0015633 secs] [Times: user=0.00 sys=0.00, real=0.00 secs] 
216.690: [GC (Allocation Failure) [PSYoungGen: 213915K->25600K(228864K)] 282029K->98833K(491008K), 0.0024750 secs] [Times: user=0.00 sys=0.00, real=0.00 secs] 
Heap
 PSYoungGen      total 228864K, used 166778K [0x00000000f0000000, 0x0000000100000000, 0x0000000100000000)
  eden space 202752K, 69% used [0x00000000f0000000,0x00000000f89de818,0x00000000fc600000)
  from space 26112K, 98% used [0x00000000fc600000,0x00000000fdf00020,0x00000000fdf80000)
  to   space 31744K, 0% used [0x00000000fe100000,0x00000000fe100000,0x0000000100000000)
 ParOldGen       total 262144K, used 175633K [0x00000000e0000000, 0x00000000f0000000, 0x00000000f0000000)
  object space 262144K, 66% used [0x00000000e0000000,0x00000000eab84740,0x00000000f0000000)
 Metaspace       used 2804K, capacity 4486K, committed 4864K, reserved 1056768K
  class space    used 297K, capacity 386K, committed 512K, reserved 1048576K
