Java HotSpot(TM) 64-Bit Server VM (25.411-b09) for windows-amd64 JRE (1.8.0_411-b09), built on Mar 13 2024 07:26:13 by "java_re" with MS VC++ 17.1 (VS2022)
Memory: 4k page, physical 33403376k(14395084k free), swap 37153868k(7502400k free)
CommandLine flags: -XX:InitialHeapSize=536870912 -XX:MaxHeapSize=536870912 -XX:NewRatio=2 -XX:ParallelGCThreads=6 -XX:+PrintGC -XX:+PrintGCDetails -XX:+PrintGCTimeStamps -XX:SurvivorRatio=6 -XX:-UseAdaptiveSizePolicy -XX:+UseCompressedClassPointers -XX:+UseCompressedOops -XX:-UseLargePagesIndividualAllocation -XX:+UseParallelGC 
1.867: [GC (Allocation Failure) [PSYoungGen: 131215K->7872K(153088K)] 233615K->110280K(502784K), 0.0022484 secs] [Times: user=0.00 sys=0.00, real=0.00 secs] 
3.424: [GC (Allocation Failure) [PSYoungGen: 138504K->18072K(153088K)] 343312K->222888K(502784K), 0.0031706 secs] [Times: user=0.00 sys=0.00, real=0.00 secs] 
5.717: [GC (Allocation Failure) [PSYoungGen: 128224K->16024K(153088K)] 333040K->241320K(502784K), 0.0154734 secs] [Times: user=0.00 sys=0.00, real=0.02 secs] 
7.187: [Full GC (Ergonomics) [PSYoungGen: 142847K->0K(153088K)] [ParOldGen: 327696K->41488K(349696K)] 470543K->41488K(502784K), [Metaspace: 2759K->2759K(1056768K)], 0.0085724 secs] [Times: user=0.00 sys=0.00, real=0.01 secs] 
8.620: [GC (Allocation Failure) [PSYoungGen: 89668K->20480K(153088K)] 233557K->164368K(502784K), 0.0025487 secs] [Times: user=0.00 sys=0.00, real=0.00 secs] 
10.046: [GC (Allocation Failure) [PSYoungGen: 145989K->5120K(153088K)] 392278K->323089K(502784K), 0.0052802 secs] [Times: user=0.00 sys=0.00, real=0.01 secs] 
10.052: [Full GC (Ergonomics) [PSYoungGen: 5120K->0K(153088K)] [ParOldGen: 317968K->77328K(349696K)] 323089K->77328K(502784K), [Metaspace: 2760K->2760K(1056768K)], 0.0068045 secs] [Times: user=0.00 sys=0.00, real=0.01 secs] 
11.486: [GC (Allocation Failure) [PSYoungGen: 125510K->5120K(153088K)] 305239K->205328K(502784K), 0.0022404 secs] [Times: user=0.00 sys=0.00, real=0.00 secs] 
12.907: [Full GC (Ergonomics) [PSYoungGen: 111006K->0K(153088K)] [ParOldGen: 302608K->26129K(349696K)] 413615K->26129K(502784K), [Metaspace: 2763K->2763K(1056768K)], 0.0033312 secs] [Times: user=0.00 sys=0.00, real=0.00 secs] 
14.329: [GC (Allocation Failure) [PSYoungGen: 125511K->11264K(153088K)] 254040K->160273K(502784K), 0.0026144 secs] [Times: user=0.00 sys=0.00, real=0.00 secs] 
16.728: [GC (Allocation Failure) [PSYoungGen: 141895K->10240K(153088K)] 393304K->261649K(502784K), 0.0011724 secs] [Times: user=0.00 sys=0.00, real=0.00 secs] 
17.276: [GC (Allocation Failure) [PSYoungGen: 110151K->20480K(153088K)] 361560K->328209K(502784K), 0.0051760 secs] [Times: user=0.00 sys=0.00, real=0.01 secs] 
17.281: [Full GC (Ergonomics) [PSYoungGen: 20480K->0K(153088K)] [ParOldGen: 307729K->77329K(349696K)] 328209K->77329K(502784K), [Metaspace: 2768K->2768K(1056768K)], 0.0063168 secs] [Times: user=0.00 sys=0.00, real=0.01 secs] 
18.169: [GC (Allocation Failure) [PSYoungGen: 130626K->10240K(153088K)] 207955K->87569K(502784K), 0.0010107 secs] [Times: user=0.00 sys=0.00, real=0.00 secs] 
20.022: [GC (Allocation Failure) [PSYoungGen: 130609K->5120K(153088K)] 310338K->184849K(502784K), 0.0007811 secs] [Times: user=0.00 sys=0.00, real=0.00 secs] 
21.445: [Full GC (Ergonomics) [PSYoungGen: 130617K->0K(153088K)] [ParOldGen: 282129K->128529K(349696K)] 412746K->128529K(502784K), [Metaspace: 2779K->2779K(1056768K)], 0.0092254 secs] [Times: user=0.02 sys=0.00, real=0.01 secs] 
22.880: [GC (Allocation Failure) [PSYoungGen: 125502K->6144K(153088K)] 356431K->257553K(502784K), 0.0021310 secs] [Times: user=0.00 sys=0.00, real=0.00 secs] 
22.990: [GC (Allocation Failure) [PSYoungGen: 59969K->6144K(153088K)] 311378K->308753K(502784K), 0.0046138 secs] [Times: user=0.00 sys=0.00, real=0.00 secs] 
22.994: [Full GC (Ergonomics) [PSYoungGen: 6144K->0K(153088K)] [ParOldGen: 302609K->165393K(349696K)] 308753K->165393K(502784K), [Metaspace: 2779K->2779K(1056768K)], 0.0047992 secs] [Times: user=0.00 sys=0.00, real=0.01 secs] 
24.206: [GC (Allocation Failure) [PSYoungGen: 130625K->20480K(153088K)] 296018K->185873K(502784K), 0.0019078 secs] [Times: user=0.00 sys=0.00, real=0.00 secs] 
25.624: [GC (Allocation Failure) [PSYoungGen: 145969K->15360K(153088K)] 413762K->303633K(502784K), 0.0023381 secs] [Times: user=0.00 sys=0.00, real=0.00 secs] 
25.626: [Full GC (Ergonomics) [PSYoungGen: 15360K->0K(153088K)] [ParOldGen: 288273K->26129K(349696K)] 303633K->26129K(502784K), [Metaspace: 2779K->2779K(1056768K)], 0.0028824 secs] [Times: user=0.00 sys=0.00, real=0.00 secs] 
27.044: [GC (Allocation Failure) [PSYoungGen: 125497K->15360K(153088K)] 254026K->143889K(502784K), 0.0015933 secs] [Times: user=0.00 sys=0.00, real=0.00 secs] 
28.575: [GC (Allocation Failure) [PSYoungGen: 105578K->5152K(153088K)] 234107K->154169K(502784K), 0.0022128 secs] [Times: user=0.01 sys=0.00, real=0.00 secs] 
29.992: [GC (Allocation Failure) [PSYoungGen: 130646K->10272K(153088K)] 382063K->333369K(502784K), 0.0053920 secs] [Times: user=0.00 sys=0.00, real=0.00 secs] 
29.997: [Full GC (Ergonomics) [PSYoungGen: 10272K->0K(153088K)] [ParOldGen: 323097K->82449K(349696K)] 333369K->82449K(502784K), [Metaspace: 2793K->2793K(1056768K)], 0.0066638 secs] [Times: user=0.02 sys=0.00, real=0.01 secs] 
32.630: [Full GC (Ergonomics) [PSYoungGen: 122428K->0K(153088K)] [ParOldGen: 287249K->17408K(349696K)] 409677K->17408K(502784K), [Metaspace: 2793K->2793K(1056768K)], 0.0028109 secs] [Times: user=0.00 sys=0.00, real=0.00 secs] 
34.051: [GC (Allocation Failure) [PSYoungGen: 125504K->11264K(153088K)] 245312K->141312K(502784K), 0.0014802 secs] [Times: user=0.00 sys=0.00, real=0.00 secs] 
35.689: [GC (Allocation Failure) [PSYoungGen: 141890K->10240K(153088K)] 374339K->263168K(502784K), 0.0025977 secs] [Times: user=0.00 sys=0.00, real=0.00 secs] 
35.798: [GC (Allocation Failure) [PSYoungGen: 64068K->10240K(153088K)] 316996K->314368K(502784K), 0.0049508 secs] [Times: user=0.00 sys=0.00, real=0.00 secs] 
35.803: [Full GC (Ergonomics) [PSYoungGen: 10240K->0K(153088K)] [ParOldGen: 304128K->61969K(349696K)] 314368K->61969K(502784K), [Metaspace: 2793K->2793K(1056768K)], 0.0054460 secs] [Times: user=0.00 sys=0.00, real=0.01 secs] 
36.691: [GC (Allocation Failure) [PSYoungGen: 130628K->10240K(153088K)] 192597K->72209K(502784K), 0.0010978 secs] [Times: user=0.00 sys=0.00, real=0.00 secs] 
38.220: [GC (Allocation Failure) [PSYoungGen: 140851K->15360K(153088K)] 305220K->200209K(502784K), 0.0025131 secs] [Times: user=0.00 sys=0.00, real=0.00 secs] 
39.748: [GC (Allocation Failure) [PSYoungGen: 140858K->15360K(153088K)] 325707K->200209K(502784K), 0.0013665 secs] [Times: user=0.00 sys=0.00, real=0.00 secs] 
41.172: [Full GC (Ergonomics) [PSYoungGen: 140859K->0K(153088K)] [ParOldGen: 287249K->123409K(349696K)] 428108K->123409K(502784K), [Metaspace: 2793K->2793K(1056768K)], 0.0097064 secs] [Times: user=0.00 sys=0.00, real=0.01 secs] 
43.482: [GC (Allocation Failure) [PSYoungGen: 127551K->6144K(153088K)] 353360K->231953K(502784K), 0.0008304 secs] [Times: user=0.00 sys=0.00, real=0.00 secs] 
45.010: [Full GC (Ergonomics) [PSYoungGen: 136770K->0K(153088K)] [ParOldGen: 328209K->22528K(349696K)] 464979K->22528K(502784K), [Metaspace: 2795K->2795K(1056768K)], 0.0032394 secs] [Times: user=0.00 sys=0.00, real=0.00 secs] 
46.976: [GC (Allocation Failure) [PSYoungGen: 130628K->10240K(153088K)] 255556K->135168K(502784K), 0.0012872 secs] [Times: user=0.00 sys=0.00, real=0.00 secs] 
48.396: [GC (Allocation Failure) [PSYoungGen: 135749K->20480K(153088K)] 363077K->263168K(502784K), 0.0027978 secs] [Times: user=0.00 sys=0.00, real=0.00 secs] 
49.816: [Full GC (Ergonomics) [PSYoungGen: 145990K->0K(153088K)] [ParOldGen: 345088K->92689K(349696K)] 491078K->92689K(502784K), [Metaspace: 2795K->2795K(1056768K)], 0.0076263 secs] [Times: user=0.00 sys=0.00, real=0.01 secs] 
51.343: [GC (Allocation Failure) [PSYoungGen: 130630K->5120K(153088K)] 325720K->220689K(502784K), 0.0023153 secs] [Times: user=0.00 sys=0.00, real=0.00 secs] 
52.763: [Full GC (Ergonomics) [PSYoungGen: 130631K->0K(153088K)] [ParOldGen: 317969K->32768K(349696K)] 448600K->32768K(502784K), [Metaspace: 2795K->2795K(1056768K)], 0.0037460 secs] [Times: user=0.06 sys=0.00, real=0.00 secs] 
55.274: [GC (Allocation Failure) [PSYoungGen: 126535K->10240K(153088K)] 261703K->145408K(502784K), 0.0010309 secs] [Times: user=0.00 sys=0.00, real=0.00 secs] 
56.694: [GC (Allocation Failure) [PSYoungGen: 135751K->20480K(153088K)] 373319K->263168K(502784K), 0.0019852 secs] [Times: user=0.00 sys=0.00, real=0.00 secs] 
58.441: [Full GC (Ergonomics) [PSYoungGen: 151111K->0K(153088K)] [ParOldGen: 345088K->21504K(349696K)] 496199K->21504K(502784K), [Metaspace: 2796K->2796K(1056768K)], 0.0031373 secs] [Times: user=0.00 sys=0.00, real=0.00 secs] 
59.858: [GC (Allocation Failure) [PSYoungGen: 125511K->5120K(153088K)] 249415K->200704K(502784K), 0.0049910 secs] [Times: user=0.00 sys=0.00, real=0.01 secs] 
61.281: [Full GC (Ergonomics) [PSYoungGen: 130631K->0K(153088K)] [ParOldGen: 297984K->184849K(349696K)] 428615K->184849K(502784K), [Metaspace: 2796K->2796K(1056768K)], 0.0129501 secs] [Times: user=0.00 sys=0.00, real=0.01 secs] 
62.717: [Full GC (Ergonomics) [PSYoungGen: 105031K->0K(153088K)] [ParOldGen: 287249K->26624K(349696K)] 392281K->26624K(502784K), [Metaspace: 2796K->2796K(1056768K)], 0.0031717 secs] [Times: user=0.00 sys=0.00, real=0.00 secs] 
64.135: [GC (Allocation Failure) [PSYoungGen: 125511K->11264K(153088K)] 254535K->160768K(502784K), 0.0023146 secs] [Times: user=0.00 sys=0.00, real=0.00 secs] 
66.534: [GC (Allocation Failure) [PSYoungGen: 141895K->10240K(153088K)] 393799K->262144K(502784K), 0.0012182 secs] [Times: user=0.00 sys=0.00, real=0.00 secs] 
67.081: [GC (Allocation Failure) [PSYoungGen: 110151K->5120K(153088K)] 362055K->328704K(502784K), 0.0054635 secs] [Times: user=0.00 sys=0.00, real=0.01 secs] 
67.087: [Full GC (Ergonomics) [PSYoungGen: 5120K->0K(153088K)] [ParOldGen: 323584K->77329K(349696K)] 328704K->77329K(502784K), [Metaspace: 2796K->2796K(1056768K)], 0.0061214 secs] [Times: user=0.00 sys=0.00, real=0.01 secs] 
67.971: [GC (Allocation Failure) [PSYoungGen: 130626K->10240K(153088K)] 207955K->87569K(502784K), 0.0009656 secs] [Times: user=0.00 sys=0.00, real=0.00 secs] 
69.828: [GC (Allocation Failure) [PSYoungGen: 130609K->5120K(153088K)] 310339K->184849K(502784K), 0.0008845 secs] [Times: user=0.00 sys=0.00, real=0.00 secs] 
71.248: [Full GC (Ergonomics) [PSYoungGen: 130617K->0K(153088K)] [ParOldGen: 282129K->128529K(349696K)] 412746K->128529K(502784K), [Metaspace: 2796K->2796K(1056768K)], 0.0095228 secs] [Times: user=0.05 sys=0.00, real=0.01 secs] 
72.684: [GC (Allocation Failure) [PSYoungGen: 125502K->20480K(153088K)] 356431K->257553K(502784K), 0.0021991 secs] [Times: user=0.02 sys=0.00, real=0.00 secs] 
74.098: [Full GC (Ergonomics) [PSYoungGen: 120385K->0K(153088K)] [ParOldGen: 339473K->31744K(349696K)] 459859K->31744K(502784K), [Metaspace: 2796K->2796K(1056768K)], 0.0037230 secs] [Times: user=0.00 sys=0.00, real=0.00 secs] 
75.519: [GC (Allocation Failure) [PSYoungGen: 125507K->20480K(153088K)] 259651K->169984K(502784K), 0.0030242 secs] [Times: user=0.00 sys=0.00, real=0.00 secs] 
77.593: [GC (Allocation Failure) [PSYoungGen: 151109K->5120K(153088K)] 403013K->257024K(502784K), 0.0008417 secs] [Times: user=0.00 sys=0.00, real=0.00 secs] 
78.472: [GC (Allocation Failure) --[PSYoungGen: 120390K->120390K(153088K)] 372294K->423494K(502784K), 0.0046664 secs] [Times: user=0.00 sys=0.00, real=0.00 secs] 
78.477: [Full GC (Ergonomics) [PSYoungGen: 120390K->0K(153088K)] [ParOldGen: 303104K->57344K(349696K)] 423494K->57344K(502784K), [Metaspace: 2796K->2796K(1056768K)], 0.0051114 secs] [Times: user=0.00 sys=0.00, real=0.01 secs] 
79.360: [GC (Allocation Failure) [PSYoungGen: 130626K->10240K(153088K)] 187970K->67584K(502784K), 0.0010743 secs] [Times: user=0.00 sys=0.00, real=0.00 secs] 
81.653: [GC (Allocation Failure) [PSYoungGen: 137777K->2048K(153088K)] 399921K->264192K(502784K), 0.0009105 secs] [Times: user=0.00 sys=0.00, real=0.00 secs] 
82.745: [GC (Allocation Failure) [PSYoungGen: 127545K->6144K(153088K)] 389689K->319488K(502784K), 0.0049987 secs] [Times: user=0.00 sys=0.00, real=0.00 secs] 
82.750: [Full GC (Ergonomics) [PSYoungGen: 6144K->0K(153088K)] [ParOldGen: 313344K->57873K(349696K)] 319488K->57873K(502784K), [Metaspace: 2796K->2796K(1056768K)], 0.0051753 secs] [Times: user=0.00 sys=0.00, real=0.01 secs] 
83.638: [GC (Allocation Failure) [PSYoungGen: 130618K->6144K(153088K)] 188491K->64017K(502784K), 0.0008188 secs] [Times: user=0.00 sys=0.00, real=0.00 secs] 
85.389: [GC (Allocation Failure) [PSYoungGen: 131628K->20480K(153088K)] 291901K->180753K(502784K), 0.0018126 secs] [Times: user=0.02 sys=0.00, real=0.00 secs] 
86.808: [GC (Allocation Failure) [PSYoungGen: 145974K->15360K(153088K)] 408647K->288273K(502784K), 0.0021001 secs] [Times: user=0.00 sys=0.00, real=0.00 secs] 
87.029: [GC (Allocation Failure) [PSYoungGen: 89660K->15360K(153088K)] 362573K->359953K(502784K), 0.0059353 secs] [Times: user=0.00 sys=0.00, real=0.01 secs] 
87.035: [Full GC (Ergonomics) [PSYoungGen: 15360K->0K(153088K)] [ParOldGen: 344593K->87569K(349696K)] 359953K->87569K(502784K), [Metaspace: 2796K->2796K(1056768K)], 0.0071299 secs] [Times: user=0.00 sys=0.00, real=0.01 secs] 
87.921: [GC (Allocation Failure) [PSYoungGen: 130617K->10240K(153088K)] 218186K->97809K(502784K), 0.0010133 secs] [Times: user=0.00 sys=0.00, real=0.00 secs] 
89.557: [GC (Allocation Failure) [PSYoungGen: 140843K->15360K(153088K)] 228413K->102929K(502784K), 0.0015287 secs] [Times: user=0.00 sys=0.00, real=0.00 secs] 
90.975: [GC (Allocation Failure) [PSYoungGen: 140849K->20480K(153088K)] 330819K->210449K(502784K), 0.0021996 secs] [Times: user=0.00 sys=0.00, real=0.00 secs] 
93.263: [Full GC (Ergonomics) [PSYoungGen: 148025K->0K(153088K)] [ParOldGen: 292369K->6673K(349696K)] 440395K->6673K(502784K), [Metaspace: 2796K->2796K(1056768K)], 0.0020962 secs] [Times: user=0.02 sys=0.00, real=0.00 secs] 
94.791: [GC (Allocation Failure) [PSYoungGen: 130622K->20480K(153088K)] 239695K->129553K(502784K), 0.0014959 secs] [Times: user=0.00 sys=0.00, real=0.00 secs] 
96.756: [GC (Allocation Failure) [PSYoungGen: 151105K->10240K(153088K)] 362579K->221713K(502784K), 0.0013361 secs] [Times: user=0.00 sys=0.00, real=0.00 secs] 
98.174: [Full GC (Ergonomics) [PSYoungGen: 135747K->0K(153088K)] [ParOldGen: 313873K->36864K(349696K)] 449621K->36864K(502784K), [Metaspace: 2796K->2796K(1056768K)], 0.0040939 secs] [Times: user=0.00 sys=0.00, real=0.00 secs] 
99.591: [GC (Allocation Failure) [PSYoungGen: 125509K->15360K(153088K)] 264773K->205824K(502784K), 0.0048659 secs] [Times: user=0.00 sys=0.00, real=0.00 secs] 
101.123: [Full GC (Ergonomics) [PSYoungGen: 145990K->0K(153088K)] [ParOldGen: 292864K->26624K(349696K)] 438854K->26624K(502784K), [Metaspace: 2796K->2796K(1056768K)], 0.0033918 secs] [Times: user=0.00 sys=0.00, real=0.00 secs] 
102.540: [GC (Allocation Failure) [PSYoungGen: 125510K->6144K(153088K)] 254534K->155648K(502784K), 0.0024545 secs] [Times: user=0.00 sys=0.00, real=0.00 secs] 
105.048: [GC (Allocation Failure) [PSYoungGen: 132679K->10240K(153088K)] 384583K->262144K(502784K), 0.0010279 secs] [Times: user=0.00 sys=0.00, real=0.00 secs] 
105.486: [GC (Allocation Failure) [PSYoungGen: 105031K->15360K(153088K)] 356935K->318464K(502784K), 0.0055084 secs] [Times: user=0.00 sys=0.00, real=0.01 secs] 
105.491: [Full GC (Ergonomics) [PSYoungGen: 15360K->0K(153088K)] [ParOldGen: 303104K->67089K(349696K)] 318464K->67089K(502784K), [Metaspace: 2796K->2796K(1056768K)], 0.0057902 secs] [Times: user=0.00 sys=0.00, real=0.01 secs] 
106.374: [GC (Allocation Failure) [PSYoungGen: 130625K->10240K(153088K)] 197715K->77329K(502784K), 0.0012911 secs] [Times: user=0.00 sys=0.00, real=0.00 secs] 
108.120: [GC (Allocation Failure) [PSYoungGen: 125489K->5120K(153088K)] 294978K->174609K(502784K), 0.0009140 secs] [Times: user=0.00 sys=0.00, real=0.00 secs] 
109.539: [Full GC (Ergonomics) [PSYoungGen: 130617K->0K(153088K)] [ParOldGen: 271889K->67584K(349696K)] 402506K->67584K(502784K), [Metaspace: 2796K->2796K(1056768K)], 0.0057834 secs] [Times: user=0.00 sys=0.00, real=0.01 secs] 
110.957: [GC (Allocation Failure) [PSYoungGen: 125502K->15360K(153088K)] 295486K->185344K(502784K), 0.0014752 secs] [Times: user=0.00 sys=0.00, real=0.00 secs] 
112.486: [Full GC (Ergonomics) [PSYoungGen: 140865K->0K(153088K)] [ParOldGen: 272384K->26624K(349696K)] 413249K->26624K(502784K), [Metaspace: 2796K->2796K(1056768K)], 0.0034819 secs] [Times: user=0.00 sys=0.00, real=0.00 secs] 
113.906: [GC (Allocation Failure) [PSYoungGen: 125507K->11264K(153088K)] 254531K->160768K(502784K), 0.0030485 secs] [Times: user=0.00 sys=0.00, real=0.00 secs] 
116.312: [GC (Allocation Failure) [PSYoungGen: 141893K->10240K(153088K)] 393797K->262144K(502784K), 0.0010722 secs] [Times: user=0.00 sys=0.00, real=0.00 secs] 
116.859: [GC (Allocation Failure) [PSYoungGen: 110150K->5120K(153088K)] 362054K->328704K(502784K), 0.0056541 secs] [Times: user=0.00 sys=0.00, real=0.01 secs] 
116.864: [Full GC (Ergonomics) [PSYoungGen: 5120K->0K(153088K)] [ParOldGen: 323584K->77329K(349696K)] 328704K->77329K(502784K), [Metaspace: 2796K->2796K(1056768K)], 0.0067385 secs] [Times: user=0.00 sys=0.00, real=0.01 secs] 
117.746: [GC (Allocation Failure) [PSYoungGen: 130625K->10240K(153088K)] 207954K->87569K(502784K), 0.0010677 secs] [Times: user=0.00 sys=0.00, real=0.00 secs] 
119.602: [GC (Allocation Failure) [PSYoungGen: 130609K->5120K(153088K)] 310338K->184849K(502784K), 0.0008812 secs] [Times: user=0.00 sys=0.00, real=0.00 secs] 
121.018: [Full GC (Ergonomics) [PSYoungGen: 130617K->0K(153088K)] [ParOldGen: 282129K->128529K(349696K)] 412746K->128529K(502784K), [Metaspace: 2796K->2796K(1056768K)], 0.0093708 secs] [Times: user=0.00 sys=0.00, real=0.01 secs] 
122.452: [GC (Allocation Failure) [PSYoungGen: 125502K->20480K(153088K)] 356431K->257553K(502784K), 0.0022753 secs] [Times: user=0.00 sys=0.00, real=0.00 secs] 
123.868: [Full GC (Ergonomics) [PSYoungGen: 120385K->0K(153088K)] [ParOldGen: 339473K->31744K(349696K)] 459858K->31744K(502784K), [Metaspace: 2796K->2796K(1056768K)], 0.0036011 secs] [Times: user=0.00 sys=0.00, real=0.00 secs] 
125.288: [GC (Allocation Failure) [PSYoungGen: 125507K->15360K(153088K)] 259651K->169984K(502784K), 0.0027345 secs] [Times: user=0.00 sys=0.00, real=0.00 secs] 
127.361: [GC (Allocation Failure) [PSYoungGen: 145989K->5120K(153088K)] 403013K->262144K(502784K), 0.0007432 secs] [Times: user=0.00 sys=0.00, real=0.00 secs] 
128.235: [GC (Allocation Failure) --[PSYoungGen: 120390K->120390K(153088K)] 377414K->428614K(502784K), 0.0048722 secs] [Times: user=0.00 sys=0.00, real=0.00 secs] 
128.240: [Full GC (Ergonomics) [PSYoungGen: 120390K->0K(153088K)] [ParOldGen: 308224K->57344K(349696K)] 428614K->57344K(502784K), [Metaspace: 2796K->2796K(1056768K)], 0.0058240 secs] [Times: user=0.00 sys=0.00, real=0.01 secs] 
129.124: [GC (Allocation Failure) [PSYoungGen: 130626K->10240K(153088K)] 187970K->67584K(502784K), 0.0011329 secs] [Times: user=0.00 sys=0.00, real=0.00 secs] 
131.417: [GC (Allocation Failure) [PSYoungGen: 137777K->2048K(153088K)] 399921K->264192K(502784K), 0.0012064 secs] [Times: user=0.00 sys=0.00, real=0.00 secs] 
132.510: [GC (Allocation Failure) [PSYoungGen: 127545K->6144K(153088K)] 389689K->319488K(502784K), 0.0048285 secs] [Times: user=0.00 sys=0.00, real=0.00 secs] 
132.514: [Full GC (Ergonomics) [PSYoungGen: 6144K->0K(153088K)] [ParOldGen: 313344K->57873K(349696K)] 319488K->57873K(502784K), [Metaspace: 2796K->2796K(1056768K)], 0.0053474 secs] [Times: user=0.00 sys=0.00, real=0.01 secs] 
133.398: [GC (Allocation Failure) [PSYoungGen: 130618K->6144K(153088K)] 188491K->64017K(502784K), 0.0009476 secs] [Times: user=0.00 sys=0.00, real=0.00 secs] 
135.143: [GC (Allocation Failure) [PSYoungGen: 131628K->20480K(153088K)] 291901K->180753K(502784K), 0.0015419 secs] [Times: user=0.00 sys=0.00, real=0.00 secs] 
136.562: [GC (Allocation Failure) [PSYoungGen: 145974K->15360K(153088K)] 408647K->288273K(502784K), 0.0019083 secs] [Times: user=0.00 sys=0.00, real=0.00 secs] 
136.780: [GC (Allocation Failure) [PSYoungGen: 89660K->15360K(153088K)] 362573K->359953K(502784K), 0.0060593 secs] [Times: user=0.00 sys=0.00, real=0.01 secs] 
136.786: [Full GC (Ergonomics) [PSYoungGen: 15360K->0K(153088K)] [ParOldGen: 344593K->87569K(349696K)] 359953K->87569K(502784K), [Metaspace: 2796K->2796K(1056768K)], 0.0073737 secs] [Times: user=0.00 sys=0.00, real=0.01 secs] 
137.667: [GC (Allocation Failure) [PSYoungGen: 130617K->10240K(153088K)] 218186K->97809K(502784K), 0.0009538 secs] [Times: user=0.00 sys=0.00, real=0.00 secs] 
139.305: [GC (Allocation Failure) [PSYoungGen: 140843K->15360K(153088K)] 228413K->102929K(502784K), 0.0013720 secs] [Times: user=0.00 sys=0.00, real=0.00 secs] 
140.723: [GC (Allocation Failure) [PSYoungGen: 140849K->20480K(153088K)] 330819K->210449K(502784K), 0.0017238 secs] [Times: user=0.00 sys=0.00, real=0.00 secs] 
143.016: [Full GC (Ergonomics) [PSYoungGen: 148025K->0K(153088K)] [ParOldGen: 292369K->7168K(349696K)] 440395K->7168K(502784K), [Metaspace: 2796K->2796K(1056768K)], 0.0023050 secs] [Times: user=0.00 sys=0.00, real=0.00 secs] 
144.542: [GC (Allocation Failure) [PSYoungGen: 130622K->20480K(153088K)] 240190K->130048K(502784K), 0.0017476 secs] [Times: user=0.00 sys=0.00, real=0.00 secs] 
146.509: [GC (Allocation Failure) [PSYoungGen: 151105K->10240K(153088K)] 363073K->222208K(502784K), 0.0012563 secs] [Times: user=0.00 sys=0.00, real=0.00 secs] 
147.928: [Full GC (Ergonomics) [PSYoungGen: 135747K->0K(153088K)] [ParOldGen: 314368K->36864K(349696K)] 450115K->36864K(502784K), [Metaspace: 2796K->2796K(1056768K)], 0.0040521 secs] [Times: user=0.00 sys=0.00, real=0.00 secs] 
149.348: [GC (Allocation Failure) [PSYoungGen: 125509K->15360K(153088K)] 264773K->205824K(502784K), 0.0049065 secs] [Times: user=0.00 sys=0.00, real=0.01 secs] 
150.882: [Full GC (Ergonomics) [PSYoungGen: 145990K->0K(153088K)] [ParOldGen: 292864K->26624K(349696K)] 438854K->26624K(502784K), [Metaspace: 2796K->2796K(1056768K)], 0.0033097 secs] [Times: user=0.00 sys=0.00, real=0.00 secs] 
152.306: [GC (Allocation Failure) [PSYoungGen: 125510K->20480K(153088K)] 254534K->155648K(502784K), 0.0022761 secs] [Times: user=0.00 sys=0.00, real=0.00 secs] 
154.819: [GC (Allocation Failure) [PSYoungGen: 147015K->10240K(153088K)] 384583K->247808K(502784K), 0.0010649 secs] [Times: user=0.00 sys=0.00, real=0.00 secs] 
156.233: [Full GC (Ergonomics) [PSYoungGen: 135751K->0K(153088K)] [ParOldGen: 339968K->26624K(349696K)] 475719K->26624K(502784K), [Metaspace: 2796K->2796K(1056768K)], 0.0034992 secs] [Times: user=0.00 sys=0.00, real=0.00 secs] 
157.980: [GC (Allocation Failure) [PSYoungGen: 130631K->20480K(153088K)] 259655K->149504K(502784K), 0.0020943 secs] [Times: user=0.00 sys=0.00, real=0.00 secs] 
159.394: [GC (Allocation Failure) [PSYoungGen: 145991K->20480K(153088K)] 377415K->308224K(502784K), 0.0060783 secs] [Times: user=0.00 sys=0.00, real=0.01 secs] 
159.400: [Full GC (Ergonomics) [PSYoungGen: 20480K->0K(153088K)] [ParOldGen: 287744K->77329K(349696K)] 308224K->77329K(502784K), [Metaspace: 2796K->2796K(1056768K)], 0.0067281 secs] [Times: user=0.00 sys=0.00, real=0.01 secs] 
160.829: [GC (Allocation Failure) [PSYoungGen: 125511K->5120K(153088K)] 305241K->205329K(502784K), 0.0025281 secs] [Times: user=0.00 sys=0.00, real=0.00 secs] 
162.248: [Full GC (Ergonomics) [PSYoungGen: 110151K->0K(153088K)] [ParOldGen: 302609K->26624K(349696K)] 412761K->26624K(502784K), [Metaspace: 2796K->2796K(1056768K)], 0.0035373 secs] [Times: user=0.00 sys=0.00, real=0.00 secs] 
163.667: [GC (Allocation Failure) [PSYoungGen: 125511K->11264K(153088K)] 254535K->160768K(502784K), 0.0022455 secs] [Times: user=0.00 sys=0.00, real=0.00 secs] 
166.068: [GC (Allocation Failure) [PSYoungGen: 141895K->10240K(153088K)] 393799K->262144K(502784K), 0.0011098 secs] [Times: user=0.00 sys=0.00, real=0.00 secs] 
166.613: [GC (Allocation Failure) [PSYoungGen: 110151K->5120K(153088K)] 362055K->328704K(502784K), 0.0060226 secs] [Times: user=0.00 sys=0.00, real=0.01 secs] 
166.619: [Full GC (Ergonomics) [PSYoungGen: 5120K->0K(153088K)] [ParOldGen: 323584K->77329K(349696K)] 328704K->77329K(502784K), [Metaspace: 2796K->2796K(1056768K)], 0.0064625 secs] [Times: user=0.02 sys=0.00, real=0.01 secs] 
167.503: [GC (Allocation Failure) [PSYoungGen: 130626K->10240K(153088K)] 207955K->87569K(502784K), 0.0010909 secs] [Times: user=0.00 sys=0.00, real=0.00 secs] 
169.358: [GC (Allocation Failure) [PSYoungGen: 130609K->5120K(153088K)] 310339K->184849K(502784K), 0.0009190 secs] [Times: user=0.00 sys=0.00, real=0.00 secs] 
170.780: [Full GC (Ergonomics) [PSYoungGen: 130617K->0K(153088K)] [ParOldGen: 282129K->128529K(349696K)] 412746K->128529K(502784K), [Metaspace: 2796K->2796K(1056768K)], 0.0097479 secs] [Times: user=0.00 sys=0.00, real=0.01 secs] 
172.216: [GC (Allocation Failure) [PSYoungGen: 125502K->20480K(153088K)] 356431K->257553K(502784K), 0.0024348 secs] [Times: user=0.02 sys=0.00, real=0.00 secs] 
173.638: [Full GC (Ergonomics) [PSYoungGen: 120385K->0K(153088K)] [ParOldGen: 339473K->31744K(349696K)] 459859K->31744K(502784K), [Metaspace: 2796K->2796K(1056768K)], 0.0036570 secs] [Times: user=0.02 sys=0.00, real=0.00 secs] 
175.057: [GC (Allocation Failure) [PSYoungGen: 125507K->15360K(153088K)] 259651K->169984K(502784K), 0.0028135 secs] [Times: user=0.00 sys=0.00, real=0.00 secs] 
177.134: [GC (Allocation Failure) [PSYoungGen: 145989K->5120K(153088K)] 403013K->262144K(502784K), 0.0008040 secs] [Times: user=0.00 sys=0.00, real=0.00 secs] 
178.006: [GC (Allocation Failure) --[PSYoungGen: 120390K->120390K(153088K)] 377414K->428614K(502784K), 0.0048675 secs] [Times: user=0.00 sys=0.00, real=0.00 secs] 
178.011: [Full GC (Ergonomics) [PSYoungGen: 120390K->0K(153088K)] [ParOldGen: 308224K->56849K(349696K)] 428614K->56849K(502784K), [Metaspace: 2796K->2796K(1056768K)], 0.0054581 secs] [Times: user=0.01 sys=0.00, real=0.01 secs] 
178.901: [GC (Allocation Failure) [PSYoungGen: 130626K->10240K(153088K)] 187475K->67089K(502784K), 0.0010408 secs] [Times: user=0.00 sys=0.00, real=0.00 secs] 
181.192: [GC (Allocation Failure) [PSYoungGen: 137777K->2048K(153088K)] 399427K->263697K(502784K), 0.0009884 secs] [Times: user=0.00 sys=0.00, real=0.00 secs] 
182.286: [GC (Allocation Failure) [PSYoungGen: 127545K->6144K(153088K)] 389194K->318993K(502784K), 0.0044223 secs] [Times: user=0.00 sys=0.00, real=0.00 secs] 
182.290: [Full GC (Ergonomics) [PSYoungGen: 6144K->0K(153088K)] [ParOldGen: 312849K->57873K(349696K)] 318993K->57873K(502784K), [Metaspace: 2796K->2796K(1056768K)], 0.0050806 secs] [Times: user=0.02 sys=0.00, real=0.01 secs] 
183.176: [GC (Allocation Failure) [PSYoungGen: 130618K->6144K(153088K)] 188491K->64017K(502784K), 0.0009861 secs] [Times: user=0.00 sys=0.00, real=0.00 secs] 
184.924: [GC (Allocation Failure) [PSYoungGen: 131628K->20480K(153088K)] 291901K->180753K(502784K), 0.0013720 secs] [Times: user=0.00 sys=0.00, real=0.00 secs] 
186.345: [GC (Allocation Failure) [PSYoungGen: 145974K->15360K(153088K)] 408647K->288273K(502784K), 0.0019149 secs] [Times: user=0.00 sys=0.00, real=0.00 secs] 
186.561: [GC (Allocation Failure) [PSYoungGen: 89660K->15360K(153088K)] 362573K->359953K(502784K), 0.0058779 secs] [Times: user=0.00 sys=0.00, real=0.01 secs] 
186.567: [Full GC (Ergonomics) [PSYoungGen: 15360K->0K(153088K)] [ParOldGen: 344593K->87569K(349696K)] 359953K->87569K(502784K), [Metaspace: 2796K->2796K(1056768K)], 0.0073812 secs] [Times: user=0.00 sys=0.00, real=0.01 secs] 
187.450: [GC (Allocation Failure) [PSYoungGen: 130617K->10240K(153088K)] 218186K->97809K(502784K), 0.0011070 secs] [Times: user=0.00 sys=0.00, real=0.00 secs] 
189.092: [GC (Allocation Failure) [PSYoungGen: 140843K->15360K(153088K)] 228413K->102929K(502784K), 0.0014030 secs] [Times: user=0.00 sys=0.00, real=0.00 secs] 
190.508: [GC (Allocation Failure) [PSYoungGen: 140849K->20480K(153088K)] 330819K->210449K(502784K), 0.0018615 secs] [Times: user=0.00 sys=0.00, real=0.00 secs] 
192.801: [Full GC (Ergonomics) [PSYoungGen: 148025K->0K(153088K)] [ParOldGen: 292369K->7168K(349696K)] 440395K->7168K(502784K), [Metaspace: 2796K->2796K(1056768K)], 0.0024186 secs] [Times: user=0.00 sys=0.00, real=0.00 secs] 
194.330: [GC (Allocation Failure) [PSYoungGen: 130622K->20512K(153088K)] 240190K->130080K(502784K), 0.0018094 secs] [Times: user=0.00 sys=0.00, real=0.00 secs] 
196.295: [GC (Allocation Failure) [PSYoungGen: 151137K->10272K(153088K)] 363105K->222240K(502784K), 0.0012596 secs] [Times: user=0.02 sys=0.00, real=0.00 secs] 
197.716: [Full GC (Ergonomics) [PSYoungGen: 135779K->0K(153088K)] [ParOldGen: 314368K->36864K(349696K)] 450148K->36864K(502784K), [Metaspace: 2796K->2796K(1056768K)], 0.0038426 secs] [Times: user=0.08 sys=0.00, real=0.00 secs] 
199.133: [GC (Allocation Failure) [PSYoungGen: 125509K->15360K(153088K)] 264773K->205824K(502784K), 0.0051102 secs] [Times: user=0.00 sys=0.00, real=0.00 secs] 
200.662: [Full GC (Ergonomics) [PSYoungGen: 145990K->0K(153088K)] [ParOldGen: 292864K->26624K(349696K)] 438854K->26624K(502784K), [Metaspace: 2796K->2796K(1056768K)], 0.0039704 secs] [Times: user=0.00 sys=0.00, real=0.00 secs] 
202.082: [GC (Allocation Failure) [PSYoungGen: 125510K->6144K(153088K)] 254535K->155648K(502784K), 0.0024416 secs] [Times: user=0.00 sys=0.00, real=0.00 secs] 
204.593: [GC (Allocation Failure) [PSYoungGen: 132679K->10240K(153088K)] 384583K->262144K(502784K), 0.0010365 secs] [Times: user=0.00 sys=0.00, real=0.00 secs] 
205.027: [GC (Allocation Failure) [PSYoungGen: 105031K->15360K(153088K)] 356935K->318464K(502784K), 0.0051940 secs] [Times: user=0.00 sys=0.00, real=0.01 secs] 
205.032: [Full GC (Ergonomics) [PSYoungGen: 15360K->0K(153088K)] [ParOldGen: 303104K->67089K(349696K)] 318464K->67089K(502784K), [Metaspace: 2796K->2796K(1056768K)], 0.0058932 secs] [Times: user=0.00 sys=0.00, real=0.01 secs] 
205.918: [GC (Allocation Failure) [PSYoungGen: 130625K->10240K(153088K)] 197715K->77329K(502784K), 0.0009360 secs] [Times: user=0.00 sys=0.00, real=0.00 secs] 
207.662: [GC (Allocation Failure) [PSYoungGen: 125489K->5120K(153088K)] 294979K->174609K(502784K), 0.0008791 secs] [Times: user=0.00 sys=0.00, real=0.00 secs] 
209.079: [Full GC (Ergonomics) [PSYoungGen: 130617K->0K(153088K)] [ParOldGen: 271889K->67584K(349696K)] 402507K->67584K(502784K), [Metaspace: 2796K->2796K(1056768K)], 0.0060817 secs] [Times: user=0.00 sys=0.00, real=0.01 secs] 
210.500: [GC (Allocation Failure) [PSYoungGen: 125502K->15360K(153088K)] 295486K->185344K(502784K), 0.0016091 secs] [Times: user=0.00 sys=0.00, real=0.00 secs] 
212.025: [Full GC (Ergonomics) [PSYoungGen: 140865K->0K(153088K)] [ParOldGen: 272384K->26624K(349696K)] 413249K->26624K(502784K), [Metaspace: 2796K->2796K(1056768K)], 0.0031818 secs] [Times: user=0.00 sys=0.00, real=0.00 secs] 
213.443: [GC (Allocation Failure) [PSYoungGen: 125507K->11264K(153088K)] 254531K->160768K(502784K), 0.0025714 secs] [Times: user=0.00 sys=0.00, real=0.00 secs] 
215.853: [GC (Allocation Failure) [PSYoungGen: 141893K->10240K(153088K)] 393797K->262144K(502784K), 0.0011432 secs] [Times: user=0.00 sys=0.00, real=0.00 secs] 
216.398: [GC (Allocation Failure) [PSYoungGen: 110150K->5120K(153088K)] 362054K->328704K(502784K), 0.0056988 secs] [Times: user=0.00 sys=0.00, real=0.00 secs] 
216.404: [Full GC (Ergonomics) [PSYoungGen: 5120K->0K(153088K)] [ParOldGen: 323584K->77329K(349696K)] 328704K->77329K(502784K), [Metaspace: 2796K->2796K(1056768K)], 0.0064313 secs] [Times: user=0.00 sys=0.00, real=0.01 secs] 
217.284: [GC (Allocation Failure) [PSYoungGen: 130625K->10240K(153088K)] 207955K->87569K(502784K), 0.0009481 secs] [Times: user=0.00 sys=0.00, real=0.00 secs] 
Heap
 PSYoungGen      total 153088K, used 133241K [0x00000000f5580000, 0x0000000100000000, 0x0000000100000000)
  eden space 131584K, 93% used [0x00000000f5580000,0x00000000fcd9e4d8,0x00000000fd600000)
  from space 21504K, 47% used [0x00000000fd600000,0x00000000fe000020,0x00000000feb00000)
  to   space 21504K, 0% used [0x00000000feb00000,0x00000000feb00000,0x0000000100000000)
 ParOldGen       total 349696K, used 179729K [0x00000000e0000000, 0x00000000f5580000, 0x00000000f5580000)
  object space 349696K, 51% used [0x00000000e0000000,0x00000000eaf84720,0x00000000f5580000)
 Metaspace       used 2804K, capacity 4486K, committed 4864K, reserved 1056768K
  class space    used 297K, capacity 386K, committed 512K, reserved 1048576K
