Java HotSpot(TM) 64-Bit Server VM (25.411-b09) for windows-amd64 JRE (1.8.0_411-b09), built on Mar 13 2024 07:26:13 by "java_re" with MS VC++ 17.1 (VS2022)
Memory: 4k page, physical 33403376k(13053876k free), swap 38325348k(6657876k free)
CommandLine flags: -XX:InitialHeapSize=1073741824 -XX:MaxHeapSize=1073741824 -XX:NewRatio=9 -XX:ParallelGCThreads=6 -XX:PretenureSizeThreshold=52428800 -XX:+PrintGC -XX:+PrintGCDetails -XX:+PrintGCTimeStamps -XX:SurvivorRatio=10 -XX:-UseAdaptiveSizePolicy -XX:+UseCompressedClassPointers -XX:+UseCompressedOops -XX:-UseLargePagesIndividualAllocation -XX:+UseParallelGC 
1.853: [GC (Allocation Failure) [PSYoungGen: 84070K->6856K(95744K)] 237670K->165584K(1039872K), 0.0026629 secs] [Times: user=0.00 sys=0.00, real=0.00 secs] 
3.533: [GC (Allocation Failure) [PSYoungGen: 91541K->7784K(95744K)] 403869K->325232K(1039872K), 0.0027140 secs] [Times: user=0.00 sys=0.00, real=0.00 secs] 
5.498: [GC (Allocation Failure) [PSYoungGen: 86325K->5768K(95744K)] 403773K->343696K(1039872K), 0.0048217 secs] [Times: user=0.03 sys=0.02, real=0.00 secs] 
6.293: [GC (Allocation Failure) [PSYoungGen: 90447K->5752K(95744K)] 530775K->456320K(1039872K), 0.0031545 secs] [Times: user=0.00 sys=0.00, real=0.00 secs] 
8.414: [GC (Allocation Failure) [PSYoungGen: 86183K->5720K(95744K)] 690352K->609896K(1039872K), 0.0018278 secs] [Times: user=0.00 sys=0.00, real=0.00 secs] 
9.212: [GC (Allocation Failure) [PSYoungGen: 90402K->5752K(95744K)] 796978K->763528K(1039872K), 0.0161641 secs] [Times: user=0.02 sys=0.00, real=0.02 secs] 
10.911: [Full GC (Ergonomics) [PSYoungGen: 90435K->0K(95744K)] [ParOldGen: 911376K->164368K(944128K)] 1001811K->164368K(1039872K), [Metaspace: 2761K->2761K(1056768K)], 0.0215440 secs] [Times: user=0.00 sys=0.00, real=0.02 secs] 
12.784: [GC (Allocation Failure) [PSYoungGen: 84225K->5152K(95744K)] 402194K->333368K(1039872K), 0.0013882 secs] [Times: user=0.00 sys=0.00, real=0.00 secs] 
13.548: [GC (Allocation Failure) [PSYoungGen: 89836K->6208K(95744K)] 520453K->441944K(1039872K), 0.0011936 secs] [Times: user=0.00 sys=0.00, real=0.00 secs] 
15.182: [GC (Allocation Failure) [PSYoungGen: 90892K->6176K(95744K)] 680229K->610873K(1039872K), 0.0022872 secs] [Times: user=0.00 sys=0.00, real=0.00 secs] 
17.035: [GC (Allocation Failure) [PSYoungGen: 89836K->5152K(95744K)] 694533K->620089K(1039872K), 0.0016272 secs] [Times: user=0.00 sys=0.00, real=0.00 secs] 
17.804: [GC (Allocation Failure) [PSYoungGen: 89831K->5184K(95744K)] 807168K->748121K(1039872K), 0.0026204 secs] [Times: user=0.00 sys=0.00, real=0.00 secs] 
19.987: [Full GC (Ergonomics) [PSYoungGen: 89865K->0K(95744K)] [ParOldGen: 896537K->5649K(944128K)] 986402K->5649K(1039872K), [Metaspace: 2770K->2770K(1056768K)], 0.0049957 secs] [Times: user=0.00 sys=0.00, real=0.00 secs] 
21.082: [GC (Allocation Failure) [PSYoungGen: 84682K->5120K(95744K)] 192731K->118289K(1039872K), 0.0009302 secs] [Times: user=0.00 sys=0.00, real=0.00 secs] 
22.604: [GC (Allocation Failure) [PSYoungGen: 89803K->6144K(95744K)] 356572K->283153K(1039872K), 0.0013496 secs] [Times: user=0.00 sys=0.00, real=0.00 secs] 
23.802: [GC (Allocation Failure) [PSYoungGen: 90828K->1024K(95744K)] 470237K->380433K(1039872K), 0.0008999 secs] [Times: user=0.00 sys=0.00, real=0.00 secs] 
25.328: [GC (Allocation Failure) [PSYoungGen: 80588K->5120K(95744K)] 613597K->553489K(1039872K), 0.0017249 secs] [Times: user=0.00 sys=0.00, real=0.00 secs] 
26.856: [GC (Allocation Failure) [PSYoungGen: 89804K->5120K(95744K)] 791773K->732689K(1039872K), 0.0023294 secs] [Times: user=0.00 sys=0.00, real=0.00 secs] 
28.384: [GC (Allocation Failure) [PSYoungGen: 84028K->5152K(95744K)] 811597K->742969K(1039872K), 0.0016886 secs] [Times: user=0.00 sys=0.00, real=0.00 secs] 
29.149: [GC (Allocation Failure) [PSYoungGen: 89828K->5152K(95744K)] 930045K->901689K(1039872K), 0.0053173 secs] [Times: user=0.00 sys=0.00, real=0.00 secs] 
29.154: [Full GC (Ergonomics) [PSYoungGen: 5152K->0K(95744K)] [ParOldGen: 896537K->61969K(944128K)] 901689K->61969K(1039872K), [Metaspace: 2793K->2793K(1056768K)], 0.0066637 secs] [Times: user=0.00 sys=0.00, real=0.01 secs] 
30.800: [GC (Allocation Failure) [PSYoungGen: 84679K->5120K(95744K)] 300248K->225809K(1039872K), 0.0012786 secs] [Times: user=0.00 sys=0.00, real=0.00 secs] 
33.314: [GC (Allocation Failure) [PSYoungGen: 91849K->7168K(95744K)] 568538K->488977K(1039872K), 0.0011949 secs] [Times: user=0.00 sys=0.00, real=0.00 secs] 
35.392: [GC (Allocation Failure) [PSYoungGen: 91850K->0K(95744K)] 727260K->645649K(1039872K), 0.0013993 secs] [Times: user=0.00 sys=0.00, real=0.00 secs] 
36.048: [GC (Allocation Failure) [PSYoungGen: 84683K->1024K(95744K)] 832732K->759313K(1039872K), 0.0013489 secs] [Times: user=0.00 sys=0.00, real=0.00 secs] 
37.684: [Full GC (Ergonomics) [PSYoungGen: 85708K->0K(95744K)] [ParOldGen: 911889K->41489K(944128K)] 997597K->41489K(1039872K), [Metaspace: 2793K->2793K(1056768K)], 0.0054151 secs] [Times: user=0.00 sys=0.00, real=0.01 secs] 
39.536: [GC (Allocation Failure) [PSYoungGen: 83660K->5120K(95744K)] 176349K->102929K(1039872K), 0.0009597 secs] [Times: user=0.00 sys=0.00, real=0.00 secs] 
41.067: [GC (Allocation Failure) [PSYoungGen: 89804K->5120K(95744K)] 341213K->271889K(1039872K), 0.0018487 secs] [Times: user=0.00 sys=0.00, real=0.00 secs] 
41.724: [GC (Allocation Failure) [PSYoungGen: 89804K->7168K(95744K)] 458974K->376337K(1039872K), 0.0011205 secs] [Times: user=0.00 sys=0.00, real=0.00 secs] 
44.010: [GC (Allocation Failure) [PSYoungGen: 91852K->1024K(95744K)] 461022K->390673K(1039872K), 0.0020075 secs] [Times: user=0.00 sys=0.00, real=0.00 secs] 
44.776: [GC (Allocation Failure) [PSYoungGen: 85703K->6144K(95744K)] 577753K->503313K(1039872K), 0.0011464 secs] [Times: user=0.00 sys=0.00, real=0.00 secs] 
46.850: [GC (Allocation Failure) [PSYoungGen: 90825K->0K(95744K)] 741595K->661009K(1039872K), 0.0014008 secs] [Times: user=0.00 sys=0.00, real=0.00 secs] 
47.614: [GC (Allocation Failure) [PSYoungGen: 84682K->5120K(95744K)] 848092K->789009K(1039872K), 0.0023542 secs] [Times: user=0.00 sys=0.00, real=0.00 secs] 
49.263: [Full GC (Ergonomics) [PSYoungGen: 89803K->0K(95744K)] [ParOldGen: 937489K->82449K(944128K)] 1027293K->82449K(1039872K), [Metaspace: 2795K->2795K(1056768K)], 0.0083202 secs] [Times: user=0.00 sys=0.00, real=0.01 secs] 
51.009: [GC (Allocation Failure) [PSYoungGen: 78540K->5120K(95744K)] 314589K->251409K(1039872K), 0.0013172 secs] [Times: user=0.00 sys=0.00, real=0.00 secs] 
51.669: [GC (Allocation Failure) [PSYoungGen: 89804K->7168K(95744K)] 438493K->355857K(1039872K), 0.0008834 secs] [Times: user=0.00 sys=0.00, real=0.00 secs] 
53.303: [GC (Allocation Failure) [PSYoungGen: 91852K->7168K(95744K)] 594142K->519697K(1039872K), 0.0020336 secs] [Times: user=0.00 sys=0.00, real=0.00 secs] 
55.381: [GC (Allocation Failure) [PSYoungGen: 90828K->5120K(95744K)] 603358K->538129K(1039872K), 0.0017406 secs] [Times: user=0.00 sys=0.00, real=0.00 secs] 
56.140: [GC (Allocation Failure) [PSYoungGen: 89799K->5120K(95744K)] 725209K->650769K(1039872K), 0.0012092 secs] [Times: user=0.00 sys=0.00, real=0.00 secs] 
58.213: [GC (Allocation Failure) [PSYoungGen: 84681K->5120K(95744K)] 883931K->804369K(1039872K), 0.0010527 secs] [Times: user=0.00 sys=0.00, real=0.00 secs] 
58.979: [Full GC (Ergonomics) [PSYoungGen: 89802K->0K(95744K)] [ParOldGen: 901649K->57344K(944128K)] 991452K->57344K(1039872K), [Metaspace: 2796K->2796K(1056768K)], 0.0061658 secs] [Times: user=0.01 sys=0.00, real=0.01 secs] 
60.618: [GC (Allocation Failure) [PSYoungGen: 84683K->5120K(95744K)] 295627K->221184K(1039872K), 0.0012750 secs] [Times: user=0.00 sys=0.00, real=0.00 secs] 
62.457: [GC (Allocation Failure) [PSYoungGen: 88780K->5120K(95744K)] 458444K->385024K(1039872K), 0.0019058 secs] [Times: user=0.00 sys=0.00, real=0.00 secs] 
63.210: [GC (Allocation Failure) [PSYoungGen: 89804K->6144K(95744K)] 572108K->493568K(1039872K), 0.0014294 secs] [Times: user=0.00 sys=0.00, real=0.00 secs] 
64.847: [GC (Allocation Failure) [PSYoungGen: 90828K->6144K(95744K)] 731852K->667648K(1039872K), 0.0025030 secs] [Times: user=0.00 sys=0.00, real=0.00 secs] 
66.697: [GC (Allocation Failure) [PSYoungGen: 89804K->5120K(95744K)] 751308K->676864K(1039872K), 0.0020570 secs] [Times: user=0.00 sys=0.00, real=0.00 secs] 
67.460: [GC (Allocation Failure) [PSYoungGen: 89799K->5120K(95744K)] 863943K->804864K(1039872K), 0.0032535 secs] [Times: user=0.00 sys=0.00, real=0.00 secs] 
68.335: [GC (Allocation Failure) [PSYoungGen: 68297K->5120K(95744K)] 919241K->861184K(1039872K), 0.0024991 secs] [Times: user=0.00 sys=0.00, real=0.00 secs] 
68.337: [GC (Allocation Failure) [PSYoungGen: 5120K->5120K(95744K)] 861184K->861184K(1039872K), 0.0026061 secs] [Times: user=0.00 sys=0.00, real=0.00 secs] 
68.340: [Full GC (Allocation Failure) [PSYoungGen: 5120K->0K(95744K)] [ParOldGen: 856064K->82449K(944128K)] 861184K->82449K(1039872K), [Metaspace: 2796K->2796K(1056768K)], 0.0080055 secs] [Times: user=0.02 sys=0.00, real=0.01 secs] 
70.312: [GC (Allocation Failure) [PSYoungGen: 86730K->5120K(95744K)] 373980K->292369K(1039872K), 0.0008189 secs] [Times: user=0.00 sys=0.00, real=0.00 secs] 
71.949: [GC (Allocation Failure) [PSYoungGen: 89803K->6144K(95744K)] 530652K->452113K(1039872K), 0.0012242 secs] [Times: user=0.00 sys=0.00, real=0.00 secs] 
73.806: [GC (Allocation Failure) [PSYoungGen: 85708K->0K(95744K)] 685277K->620049K(1039872K), 0.0021201 secs] [Times: user=0.00 sys=0.00, real=0.00 secs] 
74.569: [GC (Allocation Failure) [PSYoungGen: 84684K->5120K(95744K)] 807133K->732689K(1039872K), 0.0014425 secs] [Times: user=0.00 sys=0.00, real=0.00 secs] 
76.207: [GC (Allocation Failure) [PSYoungGen: 89804K->5120K(95744K)] 970974K->906769K(1039872K), 0.0023813 secs] [Times: user=0.00 sys=0.00, real=0.00 secs] 
76.209: [Full GC (Ergonomics) [PSYoungGen: 5120K->0K(95744K)] [ParOldGen: 901649K->36369K(944128K)] 906769K->36369K(1039872K), [Metaspace: 2796K->2796K(1056768K)], 0.0046632 secs] [Times: user=0.00 sys=0.00, real=0.01 secs] 
77.842: [GC (Allocation Failure) [PSYoungGen: 78540K->5120K(95744K)] 114910K->46609K(1039872K), 0.0010841 secs] [Times: user=0.02 sys=0.00, real=0.00 secs] 
79.370: [GC (Allocation Failure) [PSYoungGen: 89791K->5120K(95744K)] 284880K->215569K(1039872K), 0.0015190 secs] [Times: user=0.00 sys=0.00, real=0.00 secs] 
80.023: [GC (Allocation Failure) [PSYoungGen: 89795K->6144K(95744K)] 402645K->318993K(1039872K), 0.0008690 secs] [Times: user=0.00 sys=0.00, real=0.00 secs] 
82.314: [GC (Allocation Failure) [PSYoungGen: 85703K->6144K(95744K)] 500952K->431633K(1039872K), 0.0018406 secs] [Times: user=0.00 sys=0.00, real=0.00 secs] 
83.078: [GC (Allocation Failure) [PSYoungGen: 90825K->7168K(95744K)] 618714K->540177K(1039872K), 0.0012853 secs] [Times: user=0.00 sys=0.00, real=0.00 secs] 
85.042: [GC (Allocation Failure) [PSYoungGen: 86730K->0K(95744K)] 773340K->696849K(1039872K), 0.0012170 secs] [Times: user=0.00 sys=0.00, real=0.00 secs] 
85.699: [GC (Allocation Failure) [PSYoungGen: 84683K->1024K(95744K)] 883932K->810513K(1039872K), 0.0014767 secs] [Times: user=0.00 sys=0.00, real=0.00 secs] 
86.787: [GC (Allocation Failure) [PSYoungGen: 74443K->5120K(95744K)] 935133K->886289K(1039872K), 0.0023491 secs] [Times: user=0.00 sys=0.00, real=0.00 secs] 
86.790: [GC (Allocation Failure) [PSYoungGen: 5120K->5120K(95744K)] 886289K->886289K(1039872K), 0.0011410 secs] [Times: user=0.00 sys=0.00, real=0.00 secs] 
86.791: [Full GC (Allocation Failure) [PSYoungGen: 5120K->0K(95744K)] [ParOldGen: 881169K->87569K(944128K)] 886289K->87569K(1039872K), [Metaspace: 2796K->2796K(1056768K)], 0.0075897 secs] [Times: user=0.00 sys=0.00, real=0.01 secs] 
88.988: [GC (Allocation Failure) [PSYoungGen: 84684K->5120K(95744K)] 325853K->251409K(1039872K), 0.0008399 secs] [Times: user=0.00 sys=0.00, real=0.00 secs] 
90.615: [GC (Allocation Failure) [PSYoungGen: 89804K->5120K(95744K)] 489693K->410129K(1039872K), 0.0016174 secs] [Times: user=0.00 sys=0.00, real=0.00 secs] 
93.002: [GC (Allocation Failure) [PSYoungGen: 91852K->6144K(95744K)] 650462K->564753K(1039872K), 0.0009586 secs] [Times: user=0.00 sys=0.00, real=0.00 secs] 
94.634: [GC (Allocation Failure) [PSYoungGen: 90828K->6144K(95744K)] 803038K->733713K(1039872K), 0.0018940 secs] [Times: user=0.00 sys=0.00, real=0.00 secs] 
96.488: [GC (Allocation Failure) [PSYoungGen: 80588K->0K(95744K)] 961758K->891409K(1039872K), 0.0015726 secs] [Times: user=0.00 sys=0.00, real=0.00 secs] 
96.705: [GC (Allocation Failure) --[PSYoungGen: 73420K->73420K(95744K)] 964830K->1016030K(1039872K), 0.0075423 secs] [Times: user=0.00 sys=0.00, real=0.01 secs] 
96.713: [Full GC (Ergonomics) [PSYoungGen: 73420K->0K(95744K)] [ParOldGen: 942609K->72209K(944128K)] 1016030K->72209K(1039872K), [Metaspace: 2796K->2796K(1056768K)], 0.0080828 secs] [Times: user=0.00 sys=0.00, real=0.01 secs] 
98.681: [GC (Allocation Failure) [PSYoungGen: 86727K->5120K(95744K)] 414936K->338449K(1039872K), 0.0011292 secs] [Times: user=0.00 sys=0.00, real=0.00 secs] 
100.529: [GC (Allocation Failure) [PSYoungGen: 83657K->5120K(95744K)] 570586K->497169K(1039872K), 0.0013485 secs] [Times: user=0.00 sys=0.00, real=0.00 secs] 
102.057: [GC (Allocation Failure) [PSYoungGen: 89802K->6144K(95744K)] 735451K->667153K(1039872K), 0.0019256 secs] [Times: user=0.00 sys=0.00, real=0.00 secs] 
102.714: [GC (Allocation Failure) [PSYoungGen: 90827K->8192K(95744K)] 854236K->771601K(1039872K), 0.0014403 secs] [Times: user=0.00 sys=0.00, real=0.00 secs] 
104.894: [GC (Allocation Failure) [PSYoungGen: 91852K->5120K(95744K)] 855261K->778769K(1039872K), 0.0018051 secs] [Times: user=0.00 sys=0.00, real=0.00 secs] 
105.551: [GC (Allocation Failure) [PSYoungGen: 89798K->6144K(95744K)] 965848K->892433K(1039872K), 0.0017381 secs] [Times: user=0.00 sys=0.00, real=0.00 secs] 
106.641: [Full GC (Ergonomics) [PSYoungGen: 79561K->0K(95744K)] [ParOldGen: 937489K->92689K(944128K)] 1017050K->92689K(1039872K), [Metaspace: 2796K->2796K(1056768K)], 0.0083448 secs] [Times: user=0.00 sys=0.00, real=0.01 secs] 
109.163: [GC (Allocation Failure) [PSYoungGen: 81610K->5120K(95744K)] 430299K->364049K(1039872K), 0.0012920 secs] [Times: user=0.00 sys=0.00, real=0.00 secs] 
109.819: [GC (Allocation Failure) [PSYoungGen: 89803K->6144K(95744K)] 551132K->467473K(1039872K), 0.0011025 secs] [Times: user=0.00 sys=0.00, real=0.00 secs] 
111.895: [GC (Allocation Failure) [PSYoungGen: 89803K->5120K(95744K)] 704733K->625169K(1039872K), 0.0011314 secs] [Times: user=0.00 sys=0.00, real=0.00 secs] 
113.421: [GC (Allocation Failure) [PSYoungGen: 89804K->6144K(95744K)] 863453K->800273K(1039872K), 0.0018771 secs] [Times: user=0.00 sys=0.00, real=0.00 secs] 
114.078: [GC (Allocation Failure) [PSYoungGen: 90828K->7168K(95744K)] 987357K->903697K(1039872K), 0.0015076 secs] [Times: user=0.00 sys=0.00, real=0.00 secs] 
116.151: [GC (Allocation Failure) [PSYoungGen: 90828K->5120K(95744K)] 987358K->906769K(1039872K), 0.0017743 secs] [Times: user=0.00 sys=0.00, real=0.00 secs] 
116.480: [GC (Allocation Failure) [PSYoungGen: 47815K->0K(95744K)] 949465K->942609K(1039872K), 0.0026426 secs] [Times: user=0.00 sys=0.00, real=0.00 secs] 
116.483: [Full GC (Ergonomics) [PSYoungGen: 0K->0K(95744K)] [ParOldGen: 942609K->26129K(944128K)] 942609K->26129K(1039872K), [Metaspace: 2796K->2796K(1056768K)], 0.0042149 secs] [Times: user=0.00 sys=0.00, real=0.01 secs] 
117.573: [GC (Allocation Failure) [PSYoungGen: 84679K->5120K(95744K)] 213208K->138769K(1039872K), 0.0009055 secs] [Times: user=0.00 sys=0.00, real=0.00 secs] 
120.187: [GC (Allocation Failure) [PSYoungGen: 91849K->5120K(95744K)] 532698K->445969K(1039872K), 0.0007895 secs] [Times: user=0.00 sys=0.00, real=0.00 secs] 
121.819: [GC (Allocation Failure) [PSYoungGen: 89802K->6144K(95744K)] 684252K->610833K(1039872K), 0.0013064 secs] [Times: user=0.00 sys=0.00, real=0.00 secs] 
123.457: [GC (Allocation Failure) [PSYoungGen: 75467K->0K(95744K)] 833756K->778769K(1039872K), 0.0021457 secs] [Times: user=0.00 sys=0.00, real=0.00 secs] 
124.216: [GC (Allocation Failure) [PSYoungGen: 84683K->5120K(95744K)] 965853K->891409K(1039872K), 0.0017976 secs] [Times: user=0.00 sys=0.00, real=0.00 secs] 
125.093: [Full GC (Ergonomics) [PSYoungGen: 68300K->0K(95744K)] [ParOldGen: 937489K->77329K(944128K)] 1005789K->77329K(1039872K), [Metaspace: 2796K->2796K(1056768K)], 0.0075419 secs] [Times: user=0.00 sys=0.00, real=0.01 secs] 
127.183: [GC (Allocation Failure) [PSYoungGen: 84684K->5120K(95744K)] 264413K->189969K(1039872K), 0.0007538 secs] [Times: user=0.00 sys=0.00, real=0.00 secs] 
128.821: [GC (Allocation Failure) [PSYoungGen: 89804K->5120K(95744K)] 428254K->348689K(1039872K), 0.0011957 secs] [Times: user=0.00 sys=0.00, real=0.00 secs] 
131.330: [GC (Allocation Failure) [PSYoungGen: 91852K->6144K(95744K)] 691422K->605713K(1039872K), 0.0012207 secs] [Times: user=0.00 sys=0.00, real=0.00 secs] 
132.958: [GC (Allocation Failure) [PSYoungGen: 90828K->7168K(95744K)] 843998K->765457K(1039872K), 0.0014999 secs] [Times: user=0.00 sys=0.00, real=0.00 secs] 
134.802: [Full GC (Ergonomics) [PSYoungGen: 86732K->0K(95744K)] [ParOldGen: 911889K->11264K(944128K)] 998622K->11264K(1039872K), [Metaspace: 2796K->2796K(1056768K)], 0.0031807 secs] [Times: user=0.00 sys=0.00, real=0.00 secs] 
135.566: [GC (Allocation Failure) [PSYoungGen: 84684K->5120K(95744K)] 198348K->123904K(1039872K), 0.0010539 secs] [Times: user=0.00 sys=0.00, real=0.00 secs] 
137.199: [GC (Allocation Failure) [PSYoungGen: 89804K->5120K(95744K)] 362189K->303104K(1039872K), 0.0026514 secs] [Times: user=0.00 sys=0.00, real=0.00 secs] 
138.937: [GC (Allocation Failure) [PSYoungGen: 88780K->5120K(95744K)] 437965K->364544K(1039872K), 0.0020730 secs] [Times: user=0.00 sys=0.00, real=0.00 secs] 
139.594: [GC (Allocation Failure) [PSYoungGen: 89804K->6144K(95744K)] 551629K->467968K(1039872K), 0.0012420 secs] [Times: user=0.00 sys=0.00, real=0.00 secs] 
141.232: [GC (Allocation Failure) [PSYoungGen: 90829K->6144K(95744K)] 706253K->631808K(1039872K), 0.0018019 secs] [Times: user=0.00 sys=0.00, real=0.00 secs] 
143.311: [GC (Allocation Failure) [PSYoungGen: 80589K->1024K(95744K)] 706253K->647168K(1039872K), 0.0022789 secs] [Times: user=0.00 sys=0.00, real=0.00 secs] 
144.072: [GC (Allocation Failure) [PSYoungGen: 85703K->6144K(95744K)] 834247K->759808K(1039872K), 0.0017189 secs] [Times: user=0.00 sys=0.00, real=0.00 secs] 
146.147: [Full GC (Ergonomics) [PSYoungGen: 90825K->0K(95744K)] [ParOldGen: 907264K->11264K(944128K)] 998089K->11264K(1039872K), [Metaspace: 2796K->2796K(1056768K)], 0.0035603 secs] [Times: user=0.00 sys=0.00, real=0.00 secs] 
146.912: [GC (Allocation Failure) [PSYoungGen: 84682K->5120K(95744K)] 198346K->139264K(1039872K), 0.0020733 secs] [Times: user=0.00 sys=0.00, real=0.00 secs] 
148.549: [GC (Allocation Failure) [PSYoungGen: 89803K->5120K(95744K)] 377547K->303104K(1039872K), 0.0014231 secs] [Times: user=0.00 sys=0.00, real=0.00 secs] 
150.290: [GC (Allocation Failure) [PSYoungGen: 83659K->5120K(95744K)] 535244K->466944K(1039872K), 0.0018144 secs] [Times: user=0.00 sys=0.00, real=0.00 secs] 
150.941: [GC (Allocation Failure) [PSYoungGen: 89804K->7168K(95744K)] 654028K->571392K(1039872K), 0.0011623 secs] [Times: user=0.00 sys=0.00, real=0.00 secs] 
152.577: [GC (Allocation Failure) [PSYoungGen: 91852K->7168K(95744K)] 809676K->735232K(1039872K), 0.0019743 secs] [Times: user=0.00 sys=0.00, real=0.00 secs] 
154.654: [GC (Allocation Failure) [PSYoungGen: 90828K->5120K(95744K)] 818892K->753664K(1039872K), 0.0024737 secs] [Times: user=0.00 sys=0.00, real=0.00 secs] 
155.417: [GC (Allocation Failure) [PSYoungGen: 89799K->5120K(95744K)] 940743K->866304K(1039872K), 0.0028354 secs] [Times: user=0.00 sys=0.00, real=0.00 secs] 
156.289: [Full GC (Ergonomics) [PSYoungGen: 68297K->0K(95744K)] [ParOldGen: 912384K->92689K(944128K)] 980681K->92689K(1039872K), [Metaspace: 2796K->2796K(1056768K)], 0.0088230 secs] [Times: user=0.00 sys=0.00, real=0.01 secs] 
158.803: [GC (Allocation Failure) [PSYoungGen: 81610K->5120K(95744K)] 430300K->364049K(1039872K), 0.0017064 secs] [Times: user=0.00 sys=0.00, real=0.00 secs] 
159.454: [GC (Allocation Failure) [PSYoungGen: 89803K->6144K(95744K)] 551132K->467473K(1039872K), 0.0013448 secs] [Times: user=0.00 sys=0.00, real=0.00 secs] 
161.528: [GC (Allocation Failure) [PSYoungGen: 89804K->5120K(95744K)] 704733K->625169K(1039872K), 0.0010159 secs] [Times: user=0.00 sys=0.00, real=0.00 secs] 
163.055: [GC (Allocation Failure) [PSYoungGen: 89804K->6144K(95744K)] 863453K->800273K(1039872K), 0.0017601 secs] [Times: user=0.00 sys=0.00, real=0.00 secs] 
163.717: [GC (Allocation Failure) [PSYoungGen: 90828K->7168K(95744K)] 987358K->903697K(1039872K), 0.0013711 secs] [Times: user=0.00 sys=0.00, real=0.00 secs] 
165.797: [GC (Allocation Failure) [PSYoungGen: 90828K->5120K(95744K)] 987358K->906769K(1039872K), 0.0015440 secs] [Times: user=0.00 sys=0.00, real=0.00 secs] 
165.798: [Full GC (Ergonomics) [PSYoungGen: 5120K->0K(95744K)] [ParOldGen: 901649K->11264K(944128K)] 906769K->11264K(1039872K), [Metaspace: 2796K->2796K(1056768K)], 0.0031397 secs] [Times: user=0.00 sys=0.00, real=0.00 secs] 
167.331: [GC (Allocation Failure) [PSYoungGen: 84679K->5120K(95744K)] 249543K->200704K(1039872K), 0.0026817 secs] [Times: user=0.00 sys=0.00, real=0.00 secs] 
167.987: [GC (Allocation Failure) [PSYoungGen: 89801K->6144K(95744K)] 387785K->355328K(1039872K), 0.0045361 secs] [Times: user=0.00 sys=0.00, real=0.00 secs] 
169.631: [GC (Allocation Failure) [PSYoungGen: 90826K->5120K(95744K)] 542410K->456704K(1039872K), 0.0011859 secs] [Times: user=0.00 sys=0.00, real=0.00 secs] 
171.271: [GC (Allocation Failure) [PSYoungGen: 89803K->6144K(95744K)] 694987K->616448K(1039872K), 0.0023226 secs] [Times: user=0.00 sys=0.00, real=0.00 secs] 
173.135: [GC (Allocation Failure) [PSYoungGen: 85708K->0K(95744K)] 849612K->784384K(1039872K), 0.0023669 secs] [Times: user=0.00 sys=0.00, real=0.00 secs] 
173.907: [Full GC (Ergonomics) [PSYoungGen: 84684K->0K(95744K)] [ParOldGen: 886784K->21009K(944128K)] 971468K->21009K(1039872K), [Metaspace: 2796K->2796K(1056768K)], 0.0043961 secs] [Times: user=0.00 sys=0.00, real=0.01 secs] 
175.545: [GC (Allocation Failure) [PSYoungGen: 84684K->5120K(95744K)] 259293K->195089K(1039872K), 0.0015774 secs] [Times: user=0.00 sys=0.00, real=0.00 secs] 
177.190: [GC (Allocation Failure) [PSYoungGen: 83660K->5120K(95744K)] 273630K->200209K(1039872K), 0.0009011 secs] [Times: user=0.00 sys=0.00, real=0.00 secs] 
178.726: [GC (Allocation Failure) [PSYoungGen: 89799K->5120K(95744K)] 438488K->364049K(1039872K), 0.0014615 secs] [Times: user=0.00 sys=0.00, real=0.00 secs] 
179.387: [GC (Allocation Failure) [PSYoungGen: 89801K->6144K(95744K)] 551130K->467473K(1039872K), 0.0009848 secs] [Times: user=0.00 sys=0.00, real=0.00 secs] 
181.692: [GC (Allocation Failure) [PSYoungGen: 85706K->6144K(95744K)] 649436K->580113K(1039872K), 0.0016520 secs] [Times: user=0.00 sys=0.00, real=0.00 secs] 
182.462: [GC (Allocation Failure) [PSYoungGen: 90827K->7168K(95744K)] 767196K->688657K(1039872K), 0.0013355 secs] [Times: user=0.00 sys=0.00, real=0.00 secs] 
184.438: [GC (Allocation Failure) [PSYoungGen: 86731K->0K(95744K)] 921821K->845329K(1039872K), 0.0014577 secs] [Times: user=0.00 sys=0.00, real=0.00 secs] 
184.766: [GC (Allocation Failure) [PSYoungGen: 83660K->0K(95744K)] 928989K->906769K(1039872K), 0.0050657 secs] [Times: user=0.00 sys=0.00, real=0.00 secs] 
184.771: [Full GC (Ergonomics) [PSYoungGen: 0K->0K(95744K)] [ParOldGen: 906769K->61969K(944128K)] 906769K->61969K(1039872K), [Metaspace: 2796K->2796K(1056768K)], 0.0064334 secs] [Times: user=0.00 sys=0.00, real=0.01 secs] 
186.757: [GC (Allocation Failure) [PSYoungGen: 86727K->5120K(95744K)] 404696K->348689K(1039872K), 0.0024450 secs] [Times: user=0.00 sys=0.00, real=0.00 secs] 
188.619: [GC (Allocation Failure) [PSYoungGen: 88777K->5120K(95744K)] 483546K->405009K(1039872K), 0.0010988 secs] [Times: user=0.00 sys=0.00, real=0.00 secs] 
190.154: [GC (Allocation Failure) [PSYoungGen: 89802K->5120K(95744K)] 643292K->573969K(1039872K), 0.0017920 secs] [Times: user=0.00 sys=0.00, real=0.00 secs] 
190.813: [GC (Allocation Failure) [PSYoungGen: 89803K->7200K(95744K)] 761052K->678449K(1039872K), 0.0015735 secs] [Times: user=0.00 sys=0.00, real=0.00 secs] 
193.126: [GC (Allocation Failure) [PSYoungGen: 91884K->1056K(95744K)] 763133K->692785K(1039872K), 0.0020822 secs] [Times: user=0.00 sys=0.00, real=0.00 secs] 
193.888: [GC (Allocation Failure) [PSYoungGen: 85735K->6176K(95744K)] 879864K->805425K(1039872K), 0.0019064 secs] [Times: user=0.02 sys=0.00, real=0.00 secs] 
194.764: [GC (Allocation Failure) [PSYoungGen: 69353K->1120K(95744K)] 919802K->861809K(1039872K), 0.0015669 secs] [Times: user=0.01 sys=0.00, real=0.00 secs] 
194.766: [GC (Allocation Failure) [PSYoungGen: 1120K->1056K(95744K)] 861809K->861745K(1039872K), 0.0011297 secs] [Times: user=0.00 sys=0.00, real=0.00 secs] 
194.767: [Full GC (Allocation Failure) [PSYoungGen: 1056K->0K(95744K)] [ParOldGen: 860689K->78353K(944128K)] 861745K->78353K(1039872K), [Metaspace: 2796K->2796K(1056768K)], 0.0072295 secs] [Times: user=0.00 sys=0.00, real=0.01 secs] 
197.291: [GC (Allocation Failure) [PSYoungGen: 86730K->5120K(95744K)] 421084K->370193K(1039872K), 0.0027304 secs] [Times: user=0.00 sys=0.00, real=0.00 secs] 
197.943: [GC (Allocation Failure) [PSYoungGen: 89803K->6144K(95744K)] 557277K->524817K(1039872K), 0.0051330 secs] [Times: user=0.00 sys=0.00, real=0.00 secs] 
199.908: [GC (Allocation Failure) [PSYoungGen: 89803K->5120K(95744K)] 762077K->682513K(1039872K), 0.0013999 secs] [Times: user=0.00 sys=0.00, real=0.00 secs] 
201.437: [GC (Allocation Failure) [PSYoungGen: 84684K->6144K(95744K)] 915678K->847377K(1039872K), 0.0016748 secs] [Times: user=0.00 sys=0.00, real=0.00 secs] 
201.873: [GC (Allocation Failure) [PSYoungGen: 48844K->6144K(95744K)] 941278K->898578K(1039872K), 0.0017861 secs] [Times: user=0.00 sys=0.00, real=0.00 secs] 
201.874: [Full GC (Ergonomics) [PSYoungGen: 6144K->0K(95744K)] [ParOldGen: 892433K->62993K(944128K)] 898578K->62993K(1039872K), [Metaspace: 2796K->2796K(1056768K)], 0.0067029 secs] [Times: user=0.00 sys=0.00, real=0.01 secs] 
204.398: [GC (Allocation Failure) [PSYoungGen: 85708K->5120K(95744K)] 251102K->180753K(1039872K), 0.0014100 secs] [Times: user=0.00 sys=0.00, real=0.00 secs] 
205.052: [GC (Allocation Failure) [PSYoungGen: 89804K->6144K(95744K)] 367838K->294417K(1039872K), 0.0013944 secs] [Times: user=0.00 sys=0.00, real=0.00 secs] 
206.697: [GC (Allocation Failure) [PSYoungGen: 90828K->5120K(95744K)] 532702K->477713K(1039872K), 0.0027704 secs] [Times: user=0.00 sys=0.00, real=0.00 secs] 
208.007: [GC (Allocation Failure) [PSYoungGen: 89804K->5120K(95744K)] 664798K->631313K(1039872K), 0.0048585 secs] [Times: user=0.00 sys=0.00, real=0.00 secs] 
209.648: [GC (Allocation Failure) [PSYoungGen: 89804K->5120K(95744K)] 869598K->790033K(1039872K), 0.0015813 secs] [Times: user=0.00 sys=0.00, real=0.00 secs] 
211.505: [Full GC (Ergonomics) [PSYoungGen: 83660K->0K(95744K)] [ParOldGen: 938513K->16384K(944128K)] 1022174K->16384K(1039872K), [Metaspace: 2796K->2796K(1056768K)], 0.0037955 secs] [Times: user=0.00 sys=0.00, real=0.00 secs] 
212.160: [GC (Allocation Failure) [PSYoungGen: 84684K->2048K(95744K)] 203468K->120832K(1039872K), 0.0007141 secs] [Times: user=0.00 sys=0.00, real=0.00 secs] 
213.792: [GC (Allocation Failure) [PSYoungGen: 86732K->6144K(95744K)] 359117K->293888K(1039872K), 0.0018654 secs] [Times: user=0.00 sys=0.00, real=0.00 secs] 
215.745: [GC (Allocation Failure) [PSYoungGen: 89805K->5120K(95744K)] 377549K->303104K(1039872K), 0.0018401 secs] [Times: user=0.00 sys=0.00, real=0.00 secs] 
216.398: [GC (Allocation Failure) [PSYoungGen: 89799K->6144K(95744K)] 490183K->427008K(1039872K), 0.0028471 secs] [Times: user=0.00 sys=0.00, real=0.00 secs] 
218.024: [GC (Allocation Failure) [PSYoungGen: 90825K->5120K(95744K)] 665289K->589824K(1039872K), 0.0019033 secs] [Times: user=0.02 sys=0.00, real=0.00 secs] 
Heap
 PSYoungGen      total 95744K, used 18839K [0x00000000f9a00000, 0x0000000100000000, 0x0000000100000000)
  eden space 87040K, 15% used [0x00000000f9a00000,0x00000000fa765f38,0x00000000fef00000)
  from space 8704K, 58% used [0x00000000ff780000,0x00000000ffc80010,0x0000000100000000)
  to   space 8704K, 0% used [0x00000000fef00000,0x00000000fef00000,0x00000000ff780000)
 ParOldGen       total 944128K, used 584704K [0x00000000c0000000, 0x00000000f9a00000, 0x00000000f9a00000)
  object space 944128K, 61% used [0x00000000c0000000,0x00000000e3b000e0,0x00000000f9a00000)
 Metaspace       used 2804K, capacity 4486K, committed 4864K, reserved 1056768K
  class space    used 297K, capacity 386K, committed 512K, reserved 1048576K
