Java HotSpot(TM) 64-Bit Server VM (25.411-b09) for windows-amd64 JRE (1.8.0_411-b09), built on Mar 13 2024 07:26:13 by "java_re" with MS VC++ 17.1 (VS2022)
Memory: 4k page, physical 33403376k(14456896k free), swap 37153868k(7579816k free)
CommandLine flags: -XX:InitialHeapSize=536870912 -XX:MaxHeapSize=536870912 -XX:NewRatio=7 -XX:ParallelGCThreads=6 -XX:+PrintGC -XX:+PrintGCDetails -XX:+PrintGCTimeStamps -XX:SurvivorRatio=6 -XX:-UseAdaptiveSizePolicy -XX:+UseCompressedClassPointers -XX:+UseCompressedOops -XX:-UseLargePagesIndividualAllocation -XX:+UseParallelGC 
1.043: [GC (Allocation Failure) [PSYoungGen: 44974K->5800K(57344K)] 44974K->16048K(516096K), 0.0040653 secs] [Times: user=0.00 sys=0.00, real=0.00 secs] 
2.069: [GC (Allocation Failure) [PSYoungGen: 54889K->6800K(57344K)] 218737K->175776K(516096K), 0.0029218 secs] [Times: user=0.00 sys=0.00, real=0.00 secs] 
2.616: [GC (Allocation Failure) [PSYoungGen: 43609K->6792K(57344K)] 212585K->191128K(516096K), 0.0042638 secs] [Times: user=0.00 sys=0.00, real=0.00 secs] 
3.757: [GC (Allocation Failure) [PSYoungGen: 55885K->7888K(57344K)] 393821K->350944K(516096K), 0.0024388 secs] [Times: user=0.00 sys=0.00, real=0.00 secs] 
5.285: [GC (Allocation Failure) [PSYoungGen: 55963K->5720K(57344K)] 399019K->353896K(516096K), 0.0024600 secs] [Times: user=0.00 sys=0.00, real=0.00 secs] 
5.733: [GC (Allocation Failure) [PSYoungGen: 47648K->5776K(57344K)] 447024K->415392K(516096K), 0.0034727 secs] [Times: user=0.00 sys=0.00, real=0.00 secs] 
5.737: [GC (Allocation Failure) [PSYoungGen: 5776K->5776K(57344K)] 415392K->415392K(516096K), 0.0011183 secs] [Times: user=0.00 sys=0.00, real=0.00 secs] 
5.738: [Full GC (Allocation Failure) [PSYoungGen: 5776K->0K(57344K)] [ParOldGen: 409616K->67088K(458752K)] 415392K->67088K(516096K), [Metaspace: 2753K->2753K(1056768K)], 0.0097658 secs] [Times: user=0.02 sys=0.00, real=0.01 secs] 
6.840: [GC (Allocation Failure) [PSYoungGen: 43981K->5120K(57344K)] 213470K->184848K(516096K), 0.0014208 secs] [Times: user=0.00 sys=0.00, real=0.00 secs] 
7.717: [GC (Allocation Failure) [PSYoungGen: 49596K->5152K(57344K)] 382925K->364088K(516096K), 0.0025611 secs] [Times: user=0.00 sys=0.00, real=0.00 secs] 
8.587: [GC (Allocation Failure) [PSYoungGen: 31731K->32K(57344K)] 441868K->410176K(516096K), 0.0011853 secs] [Times: user=0.00 sys=0.00, real=0.00 secs] 
8.589: [GC (Allocation Failure) [PSYoungGen: 32K->32K(57344K)] 410176K->410176K(516096K), 0.0008098 secs] [Times: user=0.00 sys=0.00, real=0.00 secs] 
8.589: [Full GC (Allocation Failure) [PSYoungGen: 32K->0K(57344K)] [ParOldGen: 410144K->51728K(458752K)] 410176K->51728K(516096K), [Metaspace: 2759K->2759K(1056768K)], 0.0057029 secs] [Times: user=0.00 sys=0.00, real=0.00 secs] 
9.693: [GC (Allocation Failure) [PSYoungGen: 43988K->5120K(57344K)] 198117K->169488K(516096K), 0.0015357 secs] [Times: user=0.00 sys=0.00, real=0.00 secs] 
10.674: [GC (Allocation Failure) [PSYoungGen: 54229K->5120K(57344K)] 372198K->328208K(516096K), 0.0009956 secs] [Times: user=0.00 sys=0.00, real=0.00 secs] 
11.221: [GC (Allocation Failure) [PSYoungGen: 41942K->5120K(57344K)] 365031K->338448K(516096K), 0.0017208 secs] [Times: user=0.00 sys=0.00, real=0.00 secs] 
11.438: [GC (Allocation Failure) [PSYoungGen: 26573K->5120K(57344K)] 411102K->389649K(516096K), 0.0009218 secs] [Times: user=0.00 sys=0.00, real=0.00 secs] 
11.439: [GC (Allocation Failure) [PSYoungGen: 5120K->5120K(57344K)] 389649K->389649K(516096K), 0.0009172 secs] [Times: user=0.00 sys=0.00, real=0.00 secs] 
11.440: [Full GC (Allocation Failure) [PSYoungGen: 5120K->0K(57344K)] [ParOldGen: 384528K->215568K(458752K)] 389649K->215568K(516096K), [Metaspace: 2761K->2761K(1056768K)], 0.0113862 secs] [Times: user=0.00 sys=0.00, real=0.01 secs] 
12.655: [GC (Allocation Failure) [PSYoungGen: 33036K->5152K(57344K)] 351005K->333360K(516096K), 0.0014567 secs] [Times: user=0.00 sys=0.00, real=0.00 secs] 
12.872: [GC (Allocation Failure) [PSYoungGen: 26608K->5184K(57344K)] 406017K->384601K(516096K), 0.0008751 secs] [Times: user=0.00 sys=0.00, real=0.00 secs] 
12.873: [GC (Allocation Failure) [PSYoungGen: 5184K->5152K(57344K)] 384601K->384569K(516096K), 0.0008683 secs] [Times: user=0.00 sys=0.00, real=0.00 secs] 
12.874: [Full GC (Allocation Failure) [PSYoungGen: 5152K->0K(57344K)] [ParOldGen: 379416K->56849K(458752K)] 384569K->56849K(516096K), [Metaspace: 2763K->2763K(1056768K)], 0.0051823 secs] [Times: user=0.00 sys=0.00, real=0.00 secs] 
13.977: [GC (Allocation Failure) [PSYoungGen: 43984K->1024K(57344K)] 203233K->180753K(516096K), 0.0016129 secs] [Times: user=0.00 sys=0.00, real=0.00 secs] 
14.962: [GC (Allocation Failure) [PSYoungGen: 50131K->6144K(57344K)] 383460K->344593K(516096K), 0.0011315 secs] [Times: user=0.00 sys=0.00, real=0.00 secs] 
16.269: [GC (Allocation Failure) [PSYoungGen: 53204K->5120K(57344K)] 391653K->348689K(516096K), 0.0010920 secs] [Times: user=0.00 sys=0.00, real=0.00 secs] 
16.924: [GC (Allocation Failure) [PSYoungGen: 47054K->0K(57344K)] 390623K->353809K(516096K), 0.0012355 secs] [Times: user=0.00 sys=0.00, real=0.00 secs] 
17.144: [GC (Allocation Failure) [PSYoungGen: 21449K->0K(57344K)] 426458K->425489K(516096K), 0.0056513 secs] [Times: user=0.00 sys=0.00, real=0.01 secs] 
17.149: [Full GC (Ergonomics) [PSYoungGen: 0K->0K(57344K)] [ParOldGen: 425489K->77329K(458752K)] 425489K->77329K(516096K), [Metaspace: 2768K->2768K(1056768K)], 0.0065390 secs] [Times: user=0.00 sys=0.00, real=0.01 secs] 
18.253: [GC (Allocation Failure) [PSYoungGen: 43977K->5120K(57344K)] 223706K->195089K(516096K), 0.0014651 secs] [Times: user=0.02 sys=0.00, real=0.00 secs] 
19.235: [GC (Allocation Failure) [PSYoungGen: 54222K->5120K(57344K)] 397791K->353809K(516096K), 0.0011768 secs] [Times: user=0.00 sys=0.00, real=0.00 secs] 
19.998: [GC (Allocation Failure) [PSYoungGen: 11217K->0K(57344K)] 411106K->399889K(516096K), 0.0010662 secs] [Times: user=0.00 sys=0.00, real=0.00 secs] 
20.000: [GC (Allocation Failure) [PSYoungGen: 0K->0K(57344K)] 399889K->399889K(516096K), 0.0007191 secs] [Times: user=0.00 sys=0.00, real=0.00 secs] 
20.000: [Full GC (Allocation Failure) [PSYoungGen: 0K->0K(57344K)] [ParOldGen: 399889K->51729K(458752K)] 399889K->51729K(516096K), [Metaspace: 2770K->2770K(1056768K)], 0.0047497 secs] [Times: user=0.00 sys=0.00, real=0.00 secs] 
21.102: [GC (Allocation Failure) [PSYoungGen: 43985K->5120K(57344K)] 198114K->169489K(516096K), 0.0014368 secs] [Times: user=0.00 sys=0.00, real=0.00 secs] 
22.087: [GC (Allocation Failure) [PSYoungGen: 54227K->6144K(57344K)] 372196K->329233K(516096K), 0.0013604 secs] [Times: user=0.00 sys=0.00, real=0.00 secs] 
22.635: [GC (Allocation Failure) [PSYoungGen: 42964K->6144K(57344K)] 366053K->339473K(516096K), 0.0014349 secs] [Times: user=0.00 sys=0.00, real=0.00 secs] 
22.854: [GC (Allocation Failure) [PSYoungGen: 27596K->6144K(57344K)] 412125K->390673K(516096K), 0.0008204 secs] [Times: user=0.00 sys=0.00, real=0.00 secs] 
22.855: [GC (Allocation Failure) [PSYoungGen: 6144K->6144K(57344K)] 390673K->390673K(516096K), 0.0007654 secs] [Times: user=0.00 sys=0.00, real=0.00 secs] 
22.856: [Full GC (Allocation Failure) [PSYoungGen: 6144K->0K(57344K)] [ParOldGen: 384529K->165393K(458752K)] 390673K->165393K(516096K), [Metaspace: 2779K->2779K(1056768K)], 0.0120670 secs] [Times: user=0.00 sys=0.00, real=0.01 secs] 
24.399: [Full GC (Ergonomics) [PSYoungGen: 49100K->0K(57344K)] [ParOldGen: 421393K->113169K(458752K)] 470493K->113169K(516096K), [Metaspace: 2779K->2779K(1056768K)], 0.0095182 secs] [Times: user=0.00 sys=0.00, real=0.01 secs] 
25.380: [GC (Allocation Failure) [PSYoungGen: 43984K->5120K(57344K)] 157153K->128529K(516096K), 0.0012964 secs] [Times: user=0.00 sys=0.00, real=0.00 secs] 
26.362: [GC (Allocation Failure) [PSYoungGen: 54219K->5120K(57344K)] 331228K->302609K(516096K), 0.0018847 secs] [Times: user=0.02 sys=0.00, real=0.00 secs] 
26.907: [GC (Allocation Failure) [PSYoungGen: 41935K->5120K(57344K)] 339424K->312849K(516096K), 0.0015943 secs] [Times: user=0.00 sys=0.00, real=0.00 secs] 
28.107: [GC (Allocation Failure) [PSYoungGen: 52169K->5120K(57344K)] 359898K->317969K(516096K), 0.0010573 secs] [Times: user=0.00 sys=0.00, real=0.00 secs] 
28.543: [GC (Allocation Failure) [PSYoungGen: 47254K->32K(57344K)] 411303K->364089K(516096K), 0.0009225 secs] [Times: user=0.00 sys=0.00, real=0.00 secs] 
28.544: [GC (Allocation Failure) [PSYoungGen: 32K->96K(57344K)] 364089K->364153K(516096K), 0.0007572 secs] [Times: user=0.00 sys=0.00, real=0.00 secs] 
28.545: [Full GC (Allocation Failure) [PSYoungGen: 96K->0K(57344K)] [ParOldGen: 364057K->56849K(458752K)] 364153K->56849K(516096K), [Metaspace: 2793K->2793K(1056768K)], 0.0050736 secs] [Times: user=0.00 sys=0.00, real=0.01 secs] 
29.651: [GC (Allocation Failure) [PSYoungGen: 43980K->5120K(57344K)] 203229K->174609K(516096K), 0.0015518 secs] [Times: user=0.00 sys=0.00, real=0.00 secs] 
30.635: [GC (Allocation Failure) [PSYoungGen: 54224K->5120K(57344K)] 377313K->333329K(516096K), 0.0009957 secs] [Times: user=0.00 sys=0.00, real=0.00 secs] 
32.389: [Full GC (Ergonomics) [PSYoungGen: 49106K->0K(57344K)] [ParOldGen: 430609K->7168K(458752K)] 479716K->7168K(516096K), [Metaspace: 2793K->2793K(1056768K)], 0.0022498 secs] [Times: user=0.00 sys=0.00, real=0.00 secs] 
33.260: [GC (Allocation Failure) [PSYoungGen: 49108K->6144K(57344K)] 209876K->166912K(516096K), 0.0008393 secs] [Times: user=0.00 sys=0.00, real=0.00 secs] 
34.023: [GC (Allocation Failure) [PSYoungGen: 53205K->1024K(57344K)] 213973K->182272K(516096K), 0.0016447 secs] [Times: user=0.00 sys=0.00, real=0.00 secs] 
35.438: [GC (Allocation Failure) [PSYoungGen: 50126K->0K(57344K)] 384975K->355328K(516096K), 0.0014907 secs] [Times: user=0.00 sys=0.00, real=0.00 secs] 
35.657: [GC (Allocation Failure) [PSYoungGen: 21457K->0K(57344K)] 427986K->406528K(516096K), 0.0015638 secs] [Times: user=0.00 sys=0.00, real=0.00 secs] 
35.659: [GC (Allocation Failure) [PSYoungGen: 0K->0K(57344K)] 406528K->406528K(516096K), 0.0009161 secs] [Times: user=0.00 sys=0.00, real=0.00 secs] 
35.660: [Full GC (Allocation Failure) [PSYoungGen: 0K->0K(57344K)] [ParOldGen: 406528K->61969K(458752K)] 406528K->61969K(516096K), [Metaspace: 2793K->2793K(1056768K)], 0.0057005 secs] [Times: user=0.00 sys=0.00, real=0.01 secs] 
36.770: [GC (Allocation Failure) [PSYoungGen: 43985K->5120K(57344K)] 208355K->179729K(516096K), 0.0013210 secs] [Times: user=0.00 sys=0.00, real=0.00 secs] 
37.754: [GC (Allocation Failure) [PSYoungGen: 54227K->5120K(57344K)] 382437K->364049K(516096K), 0.0027201 secs] [Times: user=0.00 sys=0.00, real=0.00 secs] 
38.296: [GC (Allocation Failure) [PSYoungGen: 41940K->5120K(57344K)] 400870K->374289K(516096K), 0.0014205 secs] [Times: user=0.00 sys=0.00, real=0.00 secs] 
39.498: [Full GC (Ergonomics) [PSYoungGen: 47052K->0K(57344K)] [ParOldGen: 420369K->11264K(458752K)] 467422K->11264K(516096K), [Metaspace: 2793K->2793K(1056768K)], 0.0025831 secs] [Times: user=0.00 sys=0.00, real=0.00 secs] 
40.372: [GC (Allocation Failure) [PSYoungGen: 49104K->5120K(57344K)] 213968K->169984K(516096K), 0.0009820 secs] [Times: user=0.00 sys=0.00, real=0.00 secs] 
41.136: [GC (Allocation Failure) [PSYoungGen: 52178K->5120K(57344K)] 217042K->180224K(516096K), 0.0013902 secs] [Times: user=0.00 sys=0.00, real=0.00 secs] 
42.226: [GC (Allocation Failure) [PSYoungGen: 54221K->6144K(57344K)] 382925K->339968K(516096K), 0.0012946 secs] [Times: user=0.00 sys=0.00, real=0.00 secs] 
43.863: [GC (Allocation Failure) [PSYoungGen: 55248K->1024K(57344K)] 389072K->355328K(516096K), 0.0014096 secs] [Times: user=0.00 sys=0.00, real=0.00 secs] 
44.191: [GC (Allocation Failure) [PSYoungGen: 32716K->1024K(57344K)] 438220K->406528K(516096K), 0.0011295 secs] [Times: user=0.06 sys=0.00, real=0.00 secs] 
44.192: [GC (Allocation Failure) [PSYoungGen: 1024K->1024K(57344K)] 406528K->406528K(516096K), 0.0008903 secs] [Times: user=0.00 sys=0.00, real=0.00 secs] 
44.193: [Full GC (Allocation Failure) [PSYoungGen: 1024K->0K(57344K)] [ParOldGen: 405504K->62993K(458752K)] 406528K->62993K(516096K), [Metaspace: 2795K->2795K(1056768K)], 0.0057618 secs] [Times: user=0.00 sys=0.00, real=0.01 secs] 
45.297: [GC (Allocation Failure) [PSYoungGen: 43983K->5120K(57344K)] 209377K->180753K(516096K), 0.0014586 secs] [Times: user=0.00 sys=0.00, real=0.00 secs] 
46.719: [GC (Allocation Failure) [PSYoungGen: 49106K->5120K(57344K)] 378339K->334353K(516096K), 0.0008676 secs] [Times: user=0.00 sys=0.00, real=0.00 secs] 
47.047: [GC (Allocation Failure) [PSYoungGen: 36820K->0K(57344K)] 417253K->400913K(516096K), 0.0021667 secs] [Times: user=0.00 sys=0.00, real=0.00 secs] 
47.049: [GC (Allocation Failure) [PSYoungGen: 0K->0K(57344K)] 400913K->400913K(516096K), 0.0009019 secs] [Times: user=0.00 sys=0.00, real=0.00 secs] 
47.050: [Full GC (Allocation Failure) [PSYoungGen: 0K->0K(57344K)] [ParOldGen: 400913K->72209K(458752K)] 400913K->72209K(516096K), [Metaspace: 2795K->2795K(1056768K)], 0.0061338 secs] [Times: user=0.00 sys=0.00, real=0.01 secs] 
48.147: [GC (Allocation Failure) [PSYoungGen: 43989K->5120K(57344K)] 218598K->189969K(516096K), 0.0014888 secs] [Times: user=0.00 sys=0.00, real=0.00 secs] 
49.123: [GC (Allocation Failure) [PSYoungGen: 54229K->5120K(57344K)] 392679K->348689K(516096K), 0.0011423 secs] [Times: user=0.00 sys=0.00, real=0.00 secs] 
49.668: [GC (Allocation Failure) [PSYoungGen: 41942K->5120K(57344K)] 385511K->364049K(516096K), 0.0017734 secs] [Times: user=0.00 sys=0.00, real=0.00 secs] 
49.889: [GC (Allocation Failure) [PSYoungGen: 26573K->5120K(57344K)] 436702K->415249K(516096K), 0.0010680 secs] [Times: user=0.00 sys=0.00, real=0.00 secs] 
49.890: [GC (Allocation Failure) [PSYoungGen: 5120K->5120K(57344K)] 415249K->415249K(516096K), 0.0010896 secs] [Times: user=0.00 sys=0.00, real=0.00 secs] 
49.892: [Full GC (Allocation Failure) [PSYoungGen: 5120K->0K(57344K)] [ParOldGen: 410129K->133649K(458752K)] 415249K->133649K(516096K), [Metaspace: 2795K->2795K(1056768K)], 0.0101157 secs] [Times: user=0.02 sys=0.00, real=0.01 secs] 
51.104: [GC (Allocation Failure) [PSYoungGen: 36813K->5120K(57344K)] 272862K->251409K(516096K), 0.0016044 secs] [Times: user=0.00 sys=0.00, real=0.00 secs] 
52.194: [GC (Allocation Failure) [PSYoungGen: 54224K->6144K(57344K)] 454114K->411153K(516096K), 0.0013371 secs] [Times: user=0.00 sys=0.00, real=0.00 secs] 
52.738: [Full GC (Ergonomics) [PSYoungGen: 53203K->0K(57344K)] [ParOldGen: 456209K->62993K(458752K)] 509412K->62993K(516096K), [Metaspace: 2795K->2795K(1056768K)], 0.0058524 secs] [Times: user=0.00 sys=0.00, real=0.01 secs] 
54.500: [GC (Allocation Failure) [PSYoungGen: 45012K->1024K(57344K)] 210405K->166417K(516096K), 0.0005587 secs] [Times: user=0.00 sys=0.00, real=0.00 secs] 
55.265: [GC (Allocation Failure) [PSYoungGen: 42965K->5120K(57344K)] 208358K->180753K(516096K), 0.0014304 secs] [Times: user=0.00 sys=0.00, real=0.00 secs] 
56.245: [GC (Allocation Failure) [PSYoungGen: 54222K->5120K(57344K)] 383455K->354833K(516096K), 0.0022874 secs] [Times: user=0.00 sys=0.00, real=0.00 secs] 
56.791: [GC (Allocation Failure) [PSYoungGen: 41937K->5120K(57344K)] 391650K->365073K(516096K), 0.0014720 secs] [Times: user=0.00 sys=0.00, real=0.00 secs] 
57.011: [GC (Allocation Failure) [PSYoungGen: 26570K->5120K(57344K)] 437723K->436753K(516096K), 0.0023100 secs] [Times: user=0.00 sys=0.00, real=0.00 secs] 
57.014: [Full GC (Ergonomics) [PSYoungGen: 5120K->0K(57344K)] [ParOldGen: 431633K->92689K(458752K)] 436753K->92689K(516096K), [Metaspace: 2796K->2796K(1056768K)], 0.0075739 secs] [Times: user=0.00 sys=0.00, real=0.01 secs] 
58.883: [GC (Allocation Failure) [PSYoungGen: 46026K->5120K(57344K)] 394715K->353809K(516096K), 0.0008182 secs] [Times: user=0.00 sys=0.00, real=0.00 secs] 
59.648: [GC (Allocation Failure) [PSYoungGen: 52174K->5120K(57344K)] 400864K->364049K(516096K), 0.0015506 secs] [Times: user=0.00 sys=0.00, real=0.00 secs] 
59.867: [GC (Allocation Failure) [PSYoungGen: 26570K->5120K(57344K)] 436700K->415249K(516096K), 0.0010037 secs] [Times: user=0.00 sys=0.00, real=0.00 secs] 
59.868: [GC (Allocation Failure) [PSYoungGen: 5120K->5120K(57344K)] 415249K->415249K(516096K), 0.0009949 secs] [Times: user=0.00 sys=0.00, real=0.00 secs] 
59.869: [Full GC (Allocation Failure) [PSYoungGen: 5120K->0K(57344K)] [ParOldGen: 410129K->108049K(458752K)] 415249K->108049K(516096K), [Metaspace: 2796K->2796K(1056768K)], 0.0084381 secs] [Times: user=0.00 sys=0.00, real=0.01 secs] 
60.973: [GC (Allocation Failure) [PSYoungGen: 43978K->5120K(57344K)] 254428K->225809K(516096K), 0.0015127 secs] [Times: user=0.00 sys=0.00, real=0.00 secs] 
62.285: [GC (Allocation Failure) [PSYoungGen: 48078K->5120K(57344K)] 422368K->384529K(516096K), 0.0008349 secs] [Times: user=0.00 sys=0.00, real=0.00 secs] 
62.721: [Full GC (Ergonomics) [PSYoungGen: 47057K->0K(57344K)] [ParOldGen: 430609K->56849K(458752K)] 477667K->56849K(516096K), [Metaspace: 2796K->2796K(1056768K)], 0.0056876 secs] [Times: user=0.00 sys=0.00, real=0.01 secs] 
63.828: [GC (Allocation Failure) [PSYoungGen: 43987K->1024K(57344K)] 203237K->180753K(516096K), 0.0016642 secs] [Times: user=0.00 sys=0.00, real=0.00 secs] 
64.810: [GC (Allocation Failure) [PSYoungGen: 50132K->6144K(57344K)] 383462K->344593K(516096K), 0.0012221 secs] [Times: user=0.00 sys=0.00, real=0.00 secs] 
66.121: [GC (Allocation Failure) [PSYoungGen: 53205K->5120K(57344K)] 391655K->348689K(516096K), 0.0008612 secs] [Times: user=0.00 sys=0.00, real=0.00 secs] 
66.782: [GC (Allocation Failure) [PSYoungGen: 47055K->0K(57344K)] 390624K->353809K(516096K), 0.0013572 secs] [Times: user=0.00 sys=0.00, real=0.00 secs] 
67.000: [GC (Allocation Failure) [PSYoungGen: 21449K->0K(57344K)] 426459K->425489K(516096K), 0.0021927 secs] [Times: user=0.00 sys=0.00, real=0.00 secs] 
67.003: [Full GC (Ergonomics) [PSYoungGen: 0K->0K(57344K)] [ParOldGen: 425489K->77329K(458752K)] 425489K->77329K(516096K), [Metaspace: 2796K->2796K(1056768K)], 0.0067098 secs] [Times: user=0.00 sys=0.00, real=0.01 secs] 
68.109: [GC (Allocation Failure) [PSYoungGen: 43977K->5120K(57344K)] 223707K->195089K(516096K), 0.0013999 secs] [Times: user=0.00 sys=0.00, real=0.00 secs] 
69.092: [GC (Allocation Failure) [PSYoungGen: 54222K->5120K(57344K)] 397792K->353809K(516096K), 0.0010545 secs] [Times: user=0.00 sys=0.00, real=0.00 secs] 
69.855: [GC (Allocation Failure) [PSYoungGen: 11217K->0K(57344K)] 411106K->399889K(516096K), 0.0007881 secs] [Times: user=0.00 sys=0.00, real=0.00 secs] 
69.856: [GC (Allocation Failure) [PSYoungGen: 0K->0K(57344K)] 399889K->399889K(516096K), 0.0007296 secs] [Times: user=0.00 sys=0.00, real=0.00 secs] 
69.856: [Full GC (Allocation Failure) [PSYoungGen: 0K->0K(57344K)] [ParOldGen: 399889K->51729K(458752K)] 399889K->51729K(516096K), [Metaspace: 2796K->2796K(1056768K)], 0.0048508 secs] [Times: user=0.00 sys=0.00, real=0.00 secs] 
70.964: [GC (Allocation Failure) [PSYoungGen: 43985K->5120K(57344K)] 198114K->169489K(516096K), 0.0013194 secs] [Times: user=0.00 sys=0.00, real=0.00 secs] 
71.946: [GC (Allocation Failure) [PSYoungGen: 54227K->6144K(57344K)] 372196K->329233K(516096K), 0.0010987 secs] [Times: user=0.00 sys=0.00, real=0.00 secs] 
72.491: [GC (Allocation Failure) [PSYoungGen: 42964K->6144K(57344K)] 366054K->339473K(516096K), 0.0017432 secs] [Times: user=0.00 sys=0.00, real=0.00 secs] 
72.710: [GC (Allocation Failure) [PSYoungGen: 27596K->6144K(57344K)] 412125K->390673K(516096K), 0.0010644 secs] [Times: user=0.00 sys=0.00, real=0.00 secs] 
72.712: [GC (Allocation Failure) [PSYoungGen: 6144K->6144K(57344K)] 390673K->390673K(516096K), 0.0010382 secs] [Times: user=0.00 sys=0.00, real=0.00 secs] 
72.713: [Full GC (Allocation Failure) [PSYoungGen: 6144K->0K(57344K)] [ParOldGen: 384529K->165393K(458752K)] 390673K->165393K(516096K), [Metaspace: 2796K->2796K(1056768K)], 0.0127287 secs] [Times: user=0.00 sys=0.00, real=0.01 secs] 
74.252: [Full GC (Ergonomics) [PSYoungGen: 49100K->0K(57344K)] [ParOldGen: 421393K->113169K(458752K)] 470493K->113169K(516096K), [Metaspace: 2796K->2796K(1056768K)], 0.0088643 secs] [Times: user=0.00 sys=0.00, real=0.01 secs] 
75.234: [GC (Allocation Failure) [PSYoungGen: 43984K->5120K(57344K)] 157153K->128529K(516096K), 0.0014735 secs] [Times: user=0.00 sys=0.00, real=0.00 secs] 
76.215: [GC (Allocation Failure) [PSYoungGen: 54219K->5120K(57344K)] 331228K->302609K(516096K), 0.0019460 secs] [Times: user=0.00 sys=0.00, real=0.00 secs] 
76.759: [GC (Allocation Failure) [PSYoungGen: 41935K->0K(57344K)] 339424K->307729K(516096K), 0.0015421 secs] [Times: user=0.00 sys=0.00, real=0.00 secs] 
77.962: [GC (Allocation Failure) [PSYoungGen: 47048K->5120K(57344K)] 354778K->317969K(516096K), 0.0013015 secs] [Times: user=0.00 sys=0.00, real=0.00 secs] 
78.396: [GC (Allocation Failure) [PSYoungGen: 47046K->0K(57344K)] 411096K->364049K(516096K), 0.0007583 secs] [Times: user=0.00 sys=0.00, real=0.00 secs] 
78.397: [GC (Allocation Failure) [PSYoungGen: 0K->0K(57344K)] 364049K->364049K(516096K), 0.0007228 secs] [Times: user=0.00 sys=0.00, real=0.00 secs] 
78.398: [Full GC (Allocation Failure) [PSYoungGen: 0K->0K(57344K)] [ParOldGen: 364049K->56849K(458752K)] 364049K->56849K(516096K), [Metaspace: 2796K->2796K(1056768K)], 0.0057110 secs] [Times: user=0.00 sys=0.00, real=0.01 secs] 
79.506: [GC (Allocation Failure) [PSYoungGen: 43980K->5120K(57344K)] 203229K->174609K(516096K), 0.0015051 secs] [Times: user=0.00 sys=0.00, real=0.00 secs] 
80.487: [GC (Allocation Failure) [PSYoungGen: 54224K->5120K(57344K)] 377313K->333329K(516096K), 0.0009893 secs] [Times: user=0.00 sys=0.00, real=0.00 secs] 
82.239: [Full GC (Ergonomics) [PSYoungGen: 49106K->0K(57344K)] [ParOldGen: 430609K->7168K(458752K)] 479716K->7168K(516096K), [Metaspace: 2796K->2796K(1056768K)], 0.0022140 secs] [Times: user=0.00 sys=0.00, real=0.00 secs] 
83.113: [GC (Allocation Failure) [PSYoungGen: 49108K->6144K(57344K)] 209876K->166912K(516096K), 0.0008416 secs] [Times: user=0.00 sys=0.00, real=0.00 secs] 
83.874: [GC (Allocation Failure) [PSYoungGen: 53205K->1024K(57344K)] 213973K->182272K(516096K), 0.0015929 secs] [Times: user=0.00 sys=0.00, real=0.00 secs] 
85.296: [GC (Allocation Failure) [PSYoungGen: 50126K->0K(57344K)] 384974K->355328K(516096K), 0.0018473 secs] [Times: user=0.00 sys=0.00, real=0.00 secs] 
85.515: [GC (Allocation Failure) [PSYoungGen: 21457K->0K(57344K)] 427985K->406528K(516096K), 0.0014835 secs] [Times: user=0.00 sys=0.00, real=0.00 secs] 
85.517: [GC (Allocation Failure) [PSYoungGen: 0K->0K(57344K)] 406528K->406528K(516096K), 0.0008894 secs] [Times: user=0.00 sys=0.00, real=0.00 secs] 
85.518: [Full GC (Allocation Failure) [PSYoungGen: 0K->0K(57344K)] [ParOldGen: 406528K->61969K(458752K)] 406528K->61969K(516096K), [Metaspace: 2796K->2796K(1056768K)], 0.0055101 secs] [Times: user=0.00 sys=0.00, real=0.01 secs] 
86.625: [GC (Allocation Failure) [PSYoungGen: 43985K->5120K(57344K)] 208355K->179729K(516096K), 0.0013357 secs] [Times: user=0.00 sys=0.00, real=0.00 secs] 
87.608: [GC (Allocation Failure) [PSYoungGen: 54227K->5120K(57344K)] 382437K->364049K(516096K), 0.0027775 secs] [Times: user=0.00 sys=0.00, real=0.00 secs] 
88.153: [GC (Allocation Failure) [PSYoungGen: 41940K->5120K(57344K)] 400870K->374289K(516096K), 0.0014226 secs] [Times: user=0.00 sys=0.00, real=0.00 secs] 
89.355: [Full GC (Ergonomics) [PSYoungGen: 47052K->0K(57344K)] [ParOldGen: 420369K->11264K(458752K)] 467422K->11264K(516096K), [Metaspace: 2796K->2796K(1056768K)], 0.0028707 secs] [Times: user=0.00 sys=0.00, real=0.00 secs] 
90.229: [GC (Allocation Failure) [PSYoungGen: 49104K->5120K(57344K)] 213968K->169984K(516096K), 0.0007811 secs] [Times: user=0.00 sys=0.00, real=0.00 secs] 
90.993: [GC (Allocation Failure) [PSYoungGen: 52178K->5120K(57344K)] 217042K->180224K(516096K), 0.0014231 secs] [Times: user=0.00 sys=0.00, real=0.00 secs] 
92.087: [GC (Allocation Failure) [PSYoungGen: 54221K->6144K(57344K)] 382925K->339968K(516096K), 0.0014006 secs] [Times: user=0.00 sys=0.00, real=0.00 secs] 
93.728: [GC (Allocation Failure) [PSYoungGen: 55248K->1024K(57344K)] 389072K->355328K(516096K), 0.0015688 secs] [Times: user=0.00 sys=0.00, real=0.00 secs] 
94.054: [GC (Allocation Failure) [PSYoungGen: 32716K->1024K(57344K)] 438220K->406528K(516096K), 0.0011424 secs] [Times: user=0.00 sys=0.00, real=0.00 secs] 
94.055: [GC (Allocation Failure) [PSYoungGen: 1024K->1024K(57344K)] 406528K->406528K(516096K), 0.0010461 secs] [Times: user=0.00 sys=0.00, real=0.00 secs] 
94.056: [Full GC (Allocation Failure) [PSYoungGen: 1024K->0K(57344K)] [ParOldGen: 405504K->62993K(458752K)] 406528K->62993K(516096K), [Metaspace: 2796K->2796K(1056768K)], 0.0065791 secs] [Times: user=0.00 sys=0.00, real=0.01 secs] 
95.163: [GC (Allocation Failure) [PSYoungGen: 43983K->5120K(57344K)] 209377K->180753K(516096K), 0.0014867 secs] [Times: user=0.00 sys=0.00, real=0.00 secs] 
96.584: [GC (Allocation Failure) [PSYoungGen: 49106K->5120K(57344K)] 378339K->334353K(516096K), 0.0007830 secs] [Times: user=0.00 sys=0.00, real=0.00 secs] 
96.915: [GC (Allocation Failure) [PSYoungGen: 36820K->0K(57344K)] 417253K->400913K(516096K), 0.0020059 secs] [Times: user=0.00 sys=0.00, real=0.00 secs] 
96.917: [GC (Allocation Failure) [PSYoungGen: 0K->0K(57344K)] 400913K->400913K(516096K), 0.0008071 secs] [Times: user=0.00 sys=0.00, real=0.00 secs] 
96.917: [Full GC (Allocation Failure) [PSYoungGen: 0K->0K(57344K)] [ParOldGen: 400913K->72209K(458752K)] 400913K->72209K(516096K), [Metaspace: 2796K->2796K(1056768K)], 0.0059779 secs] [Times: user=0.00 sys=0.00, real=0.01 secs] 
98.025: [GC (Allocation Failure) [PSYoungGen: 43989K->5120K(57344K)] 218598K->189969K(516096K), 0.0014098 secs] [Times: user=0.00 sys=0.00, real=0.00 secs] 
99.010: [GC (Allocation Failure) [PSYoungGen: 54229K->5120K(57344K)] 392679K->348689K(516096K), 0.0010660 secs] [Times: user=0.00 sys=0.00, real=0.00 secs] 
99.557: [GC (Allocation Failure) [PSYoungGen: 41942K->5120K(57344K)] 385511K->358929K(516096K), 0.0016665 secs] [Times: user=0.00 sys=0.00, real=0.00 secs] 
99.774: [GC (Allocation Failure) [PSYoungGen: 26573K->5120K(57344K)] 431582K->410129K(516096K), 0.0008651 secs] [Times: user=0.00 sys=0.00, real=0.00 secs] 
99.775: [GC (Allocation Failure) [PSYoungGen: 5120K->5120K(57344K)] 410129K->410129K(516096K), 0.0008146 secs] [Times: user=0.00 sys=0.00, real=0.00 secs] 
99.775: [Full GC (Allocation Failure) [PSYoungGen: 5120K->0K(57344K)] [ParOldGen: 405009K->133649K(458752K)] 410129K->133649K(516096K), [Metaspace: 2796K->2796K(1056768K)], 0.0096886 secs] [Times: user=0.00 sys=0.00, real=0.01 secs] 
100.992: [GC (Allocation Failure) [PSYoungGen: 36813K->5120K(57344K)] 272862K->251409K(516096K), 0.0013377 secs] [Times: user=0.00 sys=0.00, real=0.00 secs] 
102.084: [GC (Allocation Failure) [PSYoungGen: 54224K->6144K(57344K)] 454114K->411153K(516096K), 0.0011482 secs] [Times: user=0.00 sys=0.00, real=0.00 secs] 
102.629: [Full GC (Ergonomics) [PSYoungGen: 53203K->0K(57344K)] [ParOldGen: 456209K->62993K(458752K)] 509412K->62993K(516096K), [Metaspace: 2796K->2796K(1056768K)], 0.0058227 secs] [Times: user=0.00 sys=0.00, real=0.01 secs] 
104.375: [GC (Allocation Failure) [PSYoungGen: 45012K->1024K(57344K)] 210405K->166417K(516096K), 0.0004846 secs] [Times: user=0.00 sys=0.00, real=0.00 secs] 
105.138: [GC (Allocation Failure) [PSYoungGen: 42965K->5120K(57344K)] 208358K->180753K(516096K), 0.0014081 secs] [Times: user=0.00 sys=0.00, real=0.00 secs] 
106.120: [GC (Allocation Failure) [PSYoungGen: 54222K->5120K(57344K)] 383455K->354833K(516096K), 0.0020797 secs] [Times: user=0.00 sys=0.00, real=0.00 secs] 
106.668: [GC (Allocation Failure) [PSYoungGen: 41937K->0K(57344K)] 391650K->359953K(516096K), 0.0012286 secs] [Times: user=0.00 sys=0.00, real=0.00 secs] 
106.883: [GC (Allocation Failure) [PSYoungGen: 21450K->0K(57344K)] 432603K->431633K(516096K), 0.0021443 secs] [Times: user=0.00 sys=0.00, real=0.00 secs] 
106.886: [Full GC (Ergonomics) [PSYoungGen: 0K->0K(57344K)] [ParOldGen: 431633K->92689K(458752K)] 431633K->92689K(516096K), [Metaspace: 2796K->2796K(1056768K)], 0.0077014 secs] [Times: user=0.00 sys=0.00, real=0.01 secs] 
108.755: [GC (Allocation Failure) [PSYoungGen: 46026K->5120K(57344K)] 394715K->353809K(516096K), 0.0010735 secs] [Times: user=0.00 sys=0.00, real=0.00 secs] 
109.518: [GC (Allocation Failure) [PSYoungGen: 52174K->5120K(57344K)] 400864K->364049K(516096K), 0.0013594 secs] [Times: user=0.00 sys=0.00, real=0.00 secs] 
109.737: [GC (Allocation Failure) [PSYoungGen: 26570K->5120K(57344K)] 436700K->415249K(516096K), 0.0010148 secs] [Times: user=0.02 sys=0.00, real=0.00 secs] 
109.738: [GC (Allocation Failure) [PSYoungGen: 5120K->5120K(57344K)] 415249K->415249K(516096K), 0.0008968 secs] [Times: user=0.00 sys=0.00, real=0.00 secs] 
109.739: [Full GC (Allocation Failure) [PSYoungGen: 5120K->0K(57344K)] [ParOldGen: 410129K->108049K(458752K)] 415249K->108049K(516096K), [Metaspace: 2796K->2796K(1056768K)], 0.0082850 secs] [Times: user=0.00 sys=0.00, real=0.01 secs] 
110.847: [GC (Allocation Failure) [PSYoungGen: 43978K->5120K(57344K)] 254428K->225809K(516096K), 0.0015998 secs] [Times: user=0.00 sys=0.00, real=0.00 secs] 
112.160: [GC (Allocation Failure) [PSYoungGen: 48078K->5120K(57344K)] 422368K->384529K(516096K), 0.0009289 secs] [Times: user=0.02 sys=0.00, real=0.00 secs] 
112.600: [Full GC (Ergonomics) [PSYoungGen: 47057K->0K(57344K)] [ParOldGen: 430609K->56849K(458752K)] 477667K->56849K(516096K), [Metaspace: 2796K->2796K(1056768K)], 0.0050626 secs] [Times: user=0.00 sys=0.00, real=0.00 secs] 
113.706: [GC (Allocation Failure) [PSYoungGen: 43987K->1024K(57344K)] 203237K->180753K(516096K), 0.0016328 secs] [Times: user=0.00 sys=0.00, real=0.00 secs] 
114.690: [GC (Allocation Failure) [PSYoungGen: 50132K->6144K(57344K)] 383462K->344593K(516096K), 0.0012073 secs] [Times: user=0.00 sys=0.00, real=0.00 secs] 
116.004: [GC (Allocation Failure) [PSYoungGen: 53205K->5120K(57344K)] 391655K->348689K(516096K), 0.0010537 secs] [Times: user=0.00 sys=0.00, real=0.00 secs] 
116.660: [GC (Allocation Failure) [PSYoungGen: 47055K->5120K(57344K)] 390624K->358929K(516096K), 0.0016643 secs] [Times: user=0.00 sys=0.00, real=0.00 secs] 
116.879: [GC (Allocation Failure) [PSYoungGen: 26569K->5120K(57344K)] 431579K->430609K(516096K), 0.0023152 secs] [Times: user=0.00 sys=0.00, real=0.00 secs] 
116.881: [Full GC (Ergonomics) [PSYoungGen: 5120K->0K(57344K)] [ParOldGen: 425489K->77329K(458752K)] 430609K->77329K(516096K), [Metaspace: 2796K->2796K(1056768K)], 0.0069880 secs] [Times: user=0.00 sys=0.00, real=0.01 secs] 
117.985: [GC (Allocation Failure) [PSYoungGen: 43977K->5120K(57344K)] 223707K->195089K(516096K), 0.0015253 secs] [Times: user=0.00 sys=0.00, real=0.00 secs] 
118.967: [GC (Allocation Failure) [PSYoungGen: 54222K->5120K(57344K)] 397792K->353809K(516096K), 0.0010604 secs] [Times: user=0.00 sys=0.00, real=0.00 secs] 
119.730: [GC (Allocation Failure) [PSYoungGen: 11217K->0K(57344K)] 411106K->399889K(516096K), 0.0008003 secs] [Times: user=0.00 sys=0.00, real=0.00 secs] 
119.731: [GC (Allocation Failure) [PSYoungGen: 0K->0K(57344K)] 399889K->399889K(516096K), 0.0006945 secs] [Times: user=0.00 sys=0.00, real=0.00 secs] 
119.732: [Full GC (Allocation Failure) [PSYoungGen: 0K->0K(57344K)] [ParOldGen: 399889K->51729K(458752K)] 399889K->51729K(516096K), [Metaspace: 2796K->2796K(1056768K)], 0.0050982 secs] [Times: user=0.00 sys=0.00, real=0.00 secs] 
120.822: [GC (Allocation Failure) [PSYoungGen: 43985K->5120K(57344K)] 198114K->169489K(516096K), 0.0015327 secs] [Times: user=0.00 sys=0.00, real=0.00 secs] 
121.804: [GC (Allocation Failure) [PSYoungGen: 54227K->6144K(57344K)] 372196K->329233K(516096K), 0.0010492 secs] [Times: user=0.00 sys=0.00, real=0.00 secs] 
122.352: [GC (Allocation Failure) [PSYoungGen: 42964K->6144K(57344K)] 366054K->344593K(516096K), 0.0020993 secs] [Times: user=0.00 sys=0.00, real=0.00 secs] 
122.570: [GC (Allocation Failure) [PSYoungGen: 27596K->6144K(57344K)] 417245K->395793K(516096K), 0.0009239 secs] [Times: user=0.00 sys=0.00, real=0.00 secs] 
122.571: [GC (Allocation Failure) [PSYoungGen: 6144K->6144K(57344K)] 395793K->395793K(516096K), 0.0009389 secs] [Times: user=0.00 sys=0.00, real=0.00 secs] 
122.572: [Full GC (Allocation Failure) [PSYoungGen: 6144K->0K(57344K)] [ParOldGen: 389649K->165393K(458752K)] 395793K->165393K(516096K), [Metaspace: 2796K->2796K(1056768K)], 0.0127951 secs] [Times: user=0.00 sys=0.00, real=0.01 secs] 
124.112: [Full GC (Ergonomics) [PSYoungGen: 49100K->0K(57344K)] [ParOldGen: 421393K->113169K(458752K)] 470493K->113169K(516096K), [Metaspace: 2796K->2796K(1056768K)], 0.0090128 secs] [Times: user=0.00 sys=0.00, real=0.01 secs] 
125.096: [GC (Allocation Failure) [PSYoungGen: 43984K->5120K(57344K)] 157153K->128529K(516096K), 0.0015573 secs] [Times: user=0.01 sys=0.00, real=0.00 secs] 
126.079: [GC (Allocation Failure) [PSYoungGen: 54219K->5120K(57344K)] 331228K->302609K(516096K), 0.0020643 secs] [Times: user=0.00 sys=0.00, real=0.00 secs] 
126.628: [GC (Allocation Failure) [PSYoungGen: 41935K->5120K(57344K)] 339424K->312849K(516096K), 0.0015625 secs] [Times: user=0.02 sys=0.00, real=0.00 secs] 
127.832: [GC (Allocation Failure) [PSYoungGen: 52168K->5120K(57344K)] 359898K->317969K(516096K), 0.0011280 secs] [Times: user=0.00 sys=0.00, real=0.00 secs] 
128.267: [GC (Allocation Failure) [PSYoungGen: 47046K->0K(57344K)] 411096K->364049K(516096K), 0.0009263 secs] [Times: user=0.00 sys=0.00, real=0.00 secs] 
128.268: [GC (Allocation Failure) [PSYoungGen: 0K->0K(57344K)] 364049K->364049K(516096K), 0.0009482 secs] [Times: user=0.00 sys=0.00, real=0.00 secs] 
128.269: [Full GC (Allocation Failure) [PSYoungGen: 0K->0K(57344K)] [ParOldGen: 364049K->56849K(458752K)] 364049K->56849K(516096K), [Metaspace: 2796K->2796K(1056768K)], 0.0053260 secs] [Times: user=0.00 sys=0.00, real=0.00 secs] 
129.376: [GC (Allocation Failure) [PSYoungGen: 43980K->5120K(57344K)] 203229K->174609K(516096K), 0.0015717 secs] [Times: user=0.00 sys=0.00, real=0.00 secs] 
130.360: [GC (Allocation Failure) [PSYoungGen: 54224K->5120K(57344K)] 377313K->333329K(516096K), 0.0010322 secs] [Times: user=0.00 sys=0.00, real=0.00 secs] 
132.107: [Full GC (Ergonomics) [PSYoungGen: 49106K->0K(57344K)] [ParOldGen: 430609K->7168K(458752K)] 479716K->7168K(516096K), [Metaspace: 2796K->2796K(1056768K)], 0.0023997 secs] [Times: user=0.00 sys=0.00, real=0.00 secs] 
132.980: [GC (Allocation Failure) [PSYoungGen: 49108K->6144K(57344K)] 209876K->166912K(516096K), 0.0008974 secs] [Times: user=0.00 sys=0.00, real=0.00 secs] 
133.742: [GC (Allocation Failure) [PSYoungGen: 53205K->1024K(57344K)] 213973K->182272K(516096K), 0.0017520 secs] [Times: user=0.00 sys=0.00, real=0.00 secs] 
135.160: [GC (Allocation Failure) [PSYoungGen: 50126K->0K(57344K)] 384974K->355328K(516096K), 0.0014961 secs] [Times: user=0.00 sys=0.00, real=0.00 secs] 
135.379: [GC (Allocation Failure) [PSYoungGen: 21457K->0K(57344K)] 427985K->406528K(516096K), 0.0012925 secs] [Times: user=0.00 sys=0.00, real=0.00 secs] 
135.381: [GC (Allocation Failure) [PSYoungGen: 0K->0K(57344K)] 406528K->406528K(516096K), 0.0013974 secs] [Times: user=0.00 sys=0.00, real=0.00 secs] 
135.382: [Full GC (Allocation Failure) [PSYoungGen: 0K->0K(57344K)] [ParOldGen: 406528K->61969K(458752K)] 406528K->61969K(516096K), [Metaspace: 2796K->2796K(1056768K)], 0.0056438 secs] [Times: user=0.00 sys=0.00, real=0.00 secs] 
136.489: [GC (Allocation Failure) [PSYoungGen: 43985K->5120K(57344K)] 208355K->179729K(516096K), 0.0014573 secs] [Times: user=0.00 sys=0.00, real=0.00 secs] 
137.473: [GC (Allocation Failure) [PSYoungGen: 54227K->5120K(57344K)] 382437K->364049K(516096K), 0.0026439 secs] [Times: user=0.00 sys=0.00, real=0.00 secs] 
138.020: [GC (Allocation Failure) [PSYoungGen: 41940K->5120K(57344K)] 400870K->374289K(516096K), 0.0017488 secs] [Times: user=0.00 sys=0.00, real=0.00 secs] 
139.223: [Full GC (Ergonomics) [PSYoungGen: 47052K->0K(57344K)] [ParOldGen: 420369K->11264K(458752K)] 467422K->11264K(516096K), [Metaspace: 2796K->2796K(1056768K)], 0.0025546 secs] [Times: user=0.00 sys=0.00, real=0.00 secs] 
140.097: [GC (Allocation Failure) [PSYoungGen: 49104K->5120K(57344K)] 213968K->169984K(516096K), 0.0007784 secs] [Times: user=0.00 sys=0.00, real=0.00 secs] 
140.860: [GC (Allocation Failure) [PSYoungGen: 52178K->5120K(57344K)] 217042K->180224K(516096K), 0.0016068 secs] [Times: user=0.00 sys=0.00, real=0.00 secs] 
141.953: [GC (Allocation Failure) [PSYoungGen: 54221K->6144K(57344K)] 382925K->339968K(516096K), 0.0012344 secs] [Times: user=0.00 sys=0.00, real=0.00 secs] 
143.595: [GC (Allocation Failure) [PSYoungGen: 55248K->1024K(57344K)] 389072K->355328K(516096K), 0.0022234 secs] [Times: user=0.00 sys=0.00, real=0.00 secs] 
143.920: [GC (Allocation Failure) [PSYoungGen: 32716K->1024K(57344K)] 438220K->406528K(516096K), 0.0012419 secs] [Times: user=0.00 sys=0.00, real=0.00 secs] 
143.921: [GC (Allocation Failure) [PSYoungGen: 1024K->1024K(57344K)] 406528K->406528K(516096K), 0.0010042 secs] [Times: user=0.00 sys=0.00, real=0.00 secs] 
143.923: [Full GC (Allocation Failure) [PSYoungGen: 1024K->0K(57344K)] [ParOldGen: 405504K->62993K(458752K)] 406528K->62993K(516096K), [Metaspace: 2796K->2796K(1056768K)], 0.0059833 secs] [Times: user=0.02 sys=0.00, real=0.01 secs] 
145.028: [GC (Allocation Failure) [PSYoungGen: 43983K->5120K(57344K)] 209377K->180753K(516096K), 0.0014910 secs] [Times: user=0.00 sys=0.00, real=0.00 secs] 
146.445: [GC (Allocation Failure) [PSYoungGen: 49106K->5120K(57344K)] 378339K->334353K(516096K), 0.0008699 secs] [Times: user=0.00 sys=0.00, real=0.00 secs] 
146.772: [GC (Allocation Failure) [PSYoungGen: 36820K->0K(57344K)] 417253K->400913K(516096K), 0.0019682 secs] [Times: user=0.00 sys=0.00, real=0.00 secs] 
146.774: [GC (Allocation Failure) [PSYoungGen: 0K->0K(57344K)] 400913K->400913K(516096K), 0.0007653 secs] [Times: user=0.00 sys=0.00, real=0.00 secs] 
146.774: [Full GC (Allocation Failure) [PSYoungGen: 0K->0K(57344K)] [ParOldGen: 400913K->72209K(458752K)] 400913K->72209K(516096K), [Metaspace: 2796K->2796K(1056768K)], 0.0060724 secs] [Times: user=0.00 sys=0.00, real=0.01 secs] 
147.881: [GC (Allocation Failure) [PSYoungGen: 43989K->5120K(57344K)] 218598K->189969K(516096K), 0.0015637 secs] [Times: user=0.00 sys=0.00, real=0.00 secs] 
148.861: [GC (Allocation Failure) [PSYoungGen: 54229K->5120K(57344K)] 392679K->348689K(516096K), 0.0013012 secs] [Times: user=0.00 sys=0.00, real=0.00 secs] 
149.409: [GC (Allocation Failure) [PSYoungGen: 41942K->5120K(57344K)] 385511K->358929K(516096K), 0.0014051 secs] [Times: user=0.02 sys=0.00, real=0.00 secs] 
149.626: [GC (Allocation Failure) [PSYoungGen: 26573K->5120K(57344K)] 431582K->410129K(516096K), 0.0009037 secs] [Times: user=0.00 sys=0.00, real=0.00 secs] 
149.627: [GC (Allocation Failure) [PSYoungGen: 5120K->5120K(57344K)] 410129K->410129K(516096K), 0.0008462 secs] [Times: user=0.00 sys=0.00, real=0.00 secs] 
149.628: [Full GC (Allocation Failure) [PSYoungGen: 5120K->0K(57344K)] [ParOldGen: 405009K->133649K(458752K)] 410129K->133649K(516096K), [Metaspace: 2796K->2796K(1056768K)], 0.0102392 secs] [Times: user=0.00 sys=0.00, real=0.01 secs] 
150.843: [GC (Allocation Failure) [PSYoungGen: 36813K->5120K(57344K)] 272862K->251409K(516096K), 0.0013694 secs] [Times: user=0.00 sys=0.00, real=0.00 secs] 
151.936: [GC (Allocation Failure) [PSYoungGen: 54224K->6144K(57344K)] 454114K->411153K(516096K), 0.0012288 secs] [Times: user=0.00 sys=0.00, real=0.00 secs] 
152.481: [Full GC (Ergonomics) [PSYoungGen: 53203K->0K(57344K)] [ParOldGen: 456209K->62993K(458752K)] 509412K->62993K(516096K), [Metaspace: 2796K->2796K(1056768K)], 0.0058155 secs] [Times: user=0.00 sys=0.00, real=0.01 secs] 
154.240: [GC (Allocation Failure) [PSYoungGen: 45012K->1024K(57344K)] 210405K->166417K(516096K), 0.0008447 secs] [Times: user=0.00 sys=0.00, real=0.00 secs] 
155.004: [GC (Allocation Failure) [PSYoungGen: 42965K->5120K(57344K)] 208358K->180753K(516096K), 0.0013726 secs] [Times: user=0.00 sys=0.00, real=0.00 secs] 
155.981: [GC (Allocation Failure) [PSYoungGen: 54222K->5120K(57344K)] 383455K->354833K(516096K), 0.0021922 secs] [Times: user=0.00 sys=0.00, real=0.00 secs] 
156.526: [GC (Allocation Failure) [PSYoungGen: 41937K->0K(57344K)] 391650K->359953K(516096K), 0.0012567 secs] [Times: user=0.00 sys=0.00, real=0.00 secs] 
156.744: [GC (Allocation Failure) [PSYoungGen: 21450K->0K(57344K)] 432603K->431633K(516096K), 0.0021904 secs] [Times: user=0.00 sys=0.00, real=0.00 secs] 
156.746: [Full GC (Ergonomics) [PSYoungGen: 0K->0K(57344K)] [ParOldGen: 431633K->92689K(458752K)] 431633K->92689K(516096K), [Metaspace: 2796K->2796K(1056768K)], 0.0075826 secs] [Times: user=0.00 sys=0.00, real=0.01 secs] 
158.612: [GC (Allocation Failure) [PSYoungGen: 46026K->5120K(57344K)] 394715K->353809K(516096K), 0.0010172 secs] [Times: user=0.00 sys=0.00, real=0.00 secs] 
159.375: [GC (Allocation Failure) [PSYoungGen: 52174K->5120K(57344K)] 400864K->364049K(516096K), 0.0015292 secs] [Times: user=0.00 sys=0.00, real=0.00 secs] 
159.593: [GC (Allocation Failure) [PSYoungGen: 26570K->5120K(57344K)] 436700K->415249K(516096K), 0.0008573 secs] [Times: user=0.00 sys=0.00, real=0.00 secs] 
159.594: [GC (Allocation Failure) [PSYoungGen: 5120K->5120K(57344K)] 415249K->415249K(516096K), 0.0008524 secs] [Times: user=0.00 sys=0.00, real=0.00 secs] 
159.595: [Full GC (Allocation Failure) [PSYoungGen: 5120K->0K(57344K)] [ParOldGen: 410129K->108049K(458752K)] 415249K->108049K(516096K), [Metaspace: 2796K->2796K(1056768K)], 0.0082305 secs] [Times: user=0.02 sys=0.00, real=0.01 secs] 
160.698: [GC (Allocation Failure) [PSYoungGen: 43978K->5120K(57344K)] 254428K->225809K(516096K), 0.0015111 secs] [Times: user=0.00 sys=0.00, real=0.00 secs] 
162.006: [GC (Allocation Failure) [PSYoungGen: 48078K->5120K(57344K)] 422368K->384529K(516096K), 0.0010060 secs] [Times: user=0.00 sys=0.00, real=0.00 secs] 
162.444: [Full GC (Ergonomics) [PSYoungGen: 47057K->0K(57344K)] [ParOldGen: 430609K->56849K(458752K)] 477667K->56849K(516096K), [Metaspace: 2796K->2796K(1056768K)], 0.0054501 secs] [Times: user=0.00 sys=0.00, real=0.00 secs] 
163.540: [GC (Allocation Failure) [PSYoungGen: 43987K->1024K(57344K)] 203237K->180753K(516096K), 0.0015311 secs] [Times: user=0.00 sys=0.00, real=0.00 secs] 
164.517: [GC (Allocation Failure) [PSYoungGen: 50132K->6144K(57344K)] 383462K->344593K(516096K), 0.0011317 secs] [Times: user=0.00 sys=0.00, real=0.00 secs] 
165.826: [GC (Allocation Failure) [PSYoungGen: 53205K->5120K(57344K)] 391655K->348689K(516096K), 0.0011087 secs] [Times: user=0.00 sys=0.00, real=0.00 secs] 
166.481: [GC (Allocation Failure) [PSYoungGen: 47055K->5120K(57344K)] 390624K->358929K(516096K), 0.0013745 secs] [Times: user=0.00 sys=0.00, real=0.00 secs] 
166.699: [GC (Allocation Failure) [PSYoungGen: 26569K->5120K(57344K)] 431579K->430609K(516096K), 0.0023912 secs] [Times: user=0.00 sys=0.00, real=0.00 secs] 
166.701: [Full GC (Ergonomics) [PSYoungGen: 5120K->0K(57344K)] [ParOldGen: 425489K->77329K(458752K)] 430609K->77329K(516096K), [Metaspace: 2796K->2796K(1056768K)], 0.0070544 secs] [Times: user=0.00 sys=0.00, real=0.01 secs] 
167.807: [GC (Allocation Failure) [PSYoungGen: 43977K->5120K(57344K)] 223707K->195089K(516096K), 0.0015999 secs] [Times: user=0.00 sys=0.00, real=0.00 secs] 
168.793: [GC (Allocation Failure) [PSYoungGen: 54222K->5120K(57344K)] 397792K->353809K(516096K), 0.0010264 secs] [Times: user=0.00 sys=0.00, real=0.00 secs] 
169.559: [GC (Allocation Failure) [PSYoungGen: 11217K->0K(57344K)] 411106K->399889K(516096K), 0.0010021 secs] [Times: user=0.00 sys=0.00, real=0.00 secs] 
169.560: [GC (Allocation Failure) [PSYoungGen: 0K->0K(57344K)] 399889K->399889K(516096K), 0.0008667 secs] [Times: user=0.00 sys=0.00, real=0.00 secs] 
169.561: [Full GC (Allocation Failure) [PSYoungGen: 0K->0K(57344K)] [ParOldGen: 399889K->51729K(458752K)] 399889K->51729K(516096K), [Metaspace: 2796K->2796K(1056768K)], 0.0049108 secs] [Times: user=0.00 sys=0.00, real=0.01 secs] 
170.662: [GC (Allocation Failure) [PSYoungGen: 43985K->5120K(57344K)] 198114K->169489K(516096K), 0.0014026 secs] [Times: user=0.00 sys=0.00, real=0.00 secs] 
171.643: [GC (Allocation Failure) [PSYoungGen: 54227K->6144K(57344K)] 372196K->329233K(516096K), 0.0012551 secs] [Times: user=0.00 sys=0.00, real=0.00 secs] 
172.189: [GC (Allocation Failure) [PSYoungGen: 42964K->6144K(57344K)] 366054K->344593K(516096K), 0.0017625 secs] [Times: user=0.00 sys=0.00, real=0.00 secs] 
172.407: [GC (Allocation Failure) [PSYoungGen: 27596K->6144K(57344K)] 417245K->395793K(516096K), 0.0010443 secs] [Times: user=0.00 sys=0.00, real=0.00 secs] 
172.408: [GC (Allocation Failure) [PSYoungGen: 6144K->6144K(57344K)] 395793K->395793K(516096K), 0.0010026 secs] [Times: user=0.00 sys=0.00, real=0.00 secs] 
172.410: [Full GC (Allocation Failure) [PSYoungGen: 6144K->0K(57344K)] [ParOldGen: 389649K->165393K(458752K)] 395793K->165393K(516096K), [Metaspace: 2796K->2796K(1056768K)], 0.0121607 secs] [Times: user=0.00 sys=0.00, real=0.01 secs] 
173.948: [Full GC (Ergonomics) [PSYoungGen: 49100K->0K(57344K)] [ParOldGen: 421393K->113169K(458752K)] 470493K->113169K(516096K), [Metaspace: 2796K->2796K(1056768K)], 0.0089407 secs] [Times: user=0.00 sys=0.00, real=0.01 secs] 
174.946: [GC (Allocation Failure) [PSYoungGen: 43984K->5120K(57344K)] 157153K->128529K(516096K), 0.0014261 secs] [Times: user=0.00 sys=0.00, real=0.00 secs] 
175.931: [GC (Allocation Failure) [PSYoungGen: 54219K->5120K(57344K)] 331228K->302609K(516096K), 0.0021271 secs] [Times: user=0.00 sys=0.00, real=0.00 secs] 
176.475: [GC (Allocation Failure) [PSYoungGen: 41935K->5120K(57344K)] 339424K->312849K(516096K), 0.0015807 secs] [Times: user=0.00 sys=0.00, real=0.00 secs] 
177.677: [GC (Allocation Failure) [PSYoungGen: 52168K->5120K(57344K)] 359898K->317969K(516096K), 0.0011472 secs] [Times: user=0.00 sys=0.00, real=0.00 secs] 
178.115: [GC (Allocation Failure) [PSYoungGen: 47046K->0K(57344K)] 411096K->364049K(516096K), 0.0008044 secs] [Times: user=0.00 sys=0.00, real=0.00 secs] 
178.115: [GC (Allocation Failure) [PSYoungGen: 0K->0K(57344K)] 364049K->364049K(516096K), 0.0008695 secs] [Times: user=0.00 sys=0.00, real=0.00 secs] 
178.116: [Full GC (Allocation Failure) [PSYoungGen: 0K->0K(57344K)] [ParOldGen: 364049K->56849K(458752K)] 364049K->56849K(516096K), [Metaspace: 2796K->2796K(1056768K)], 0.0055904 secs] [Times: user=0.00 sys=0.00, real=0.01 secs] 
179.221: [GC (Allocation Failure) [PSYoungGen: 43980K->5120K(57344K)] 203229K->174609K(516096K), 0.0014532 secs] [Times: user=0.00 sys=0.00, real=0.00 secs] 
180.205: [GC (Allocation Failure) [PSYoungGen: 54224K->5120K(57344K)] 377313K->333329K(516096K), 0.0009799 secs] [Times: user=0.00 sys=0.00, real=0.00 secs] 
181.951: [Full GC (Ergonomics) [PSYoungGen: 49106K->0K(57344K)] [ParOldGen: 430609K->7168K(458752K)] 479716K->7168K(516096K), [Metaspace: 2796K->2796K(1056768K)], 0.0023821 secs] [Times: user=0.00 sys=0.00, real=0.00 secs] 
182.820: [GC (Allocation Failure) [PSYoungGen: 49108K->6144K(57344K)] 209876K->166912K(516096K), 0.0007475 secs] [Times: user=0.00 sys=0.00, real=0.00 secs] 
183.587: [GC (Allocation Failure) [PSYoungGen: 53205K->1024K(57344K)] 213973K->182272K(516096K), 0.0019361 secs] [Times: user=0.00 sys=0.00, real=0.00 secs] 
185.006: [GC (Allocation Failure) [PSYoungGen: 50126K->0K(57344K)] 384974K->355328K(516096K), 0.0015869 secs] [Times: user=0.00 sys=0.00, real=0.00 secs] 
185.223: [GC (Allocation Failure) [PSYoungGen: 21457K->0K(57344K)] 427985K->406528K(516096K), 0.0014567 secs] [Times: user=0.00 sys=0.00, real=0.00 secs] 
185.224: [GC (Allocation Failure) [PSYoungGen: 0K->0K(57344K)] 406528K->406528K(516096K), 0.0008345 secs] [Times: user=0.00 sys=0.00, real=0.00 secs] 
185.225: [Full GC (Allocation Failure) [PSYoungGen: 0K->0K(57344K)] [ParOldGen: 406528K->61969K(458752K)] 406528K->61969K(516096K), [Metaspace: 2796K->2796K(1056768K)], 0.0057717 secs] [Times: user=0.00 sys=0.00, real=0.01 secs] 
186.329: [GC (Allocation Failure) [PSYoungGen: 43985K->5120K(57344K)] 208355K->179729K(516096K), 0.0016166 secs] [Times: user=0.00 sys=0.00, real=0.00 secs] 
187.313: [GC (Allocation Failure) [PSYoungGen: 54227K->5120K(57344K)] 382437K->364049K(516096K), 0.0025981 secs] [Times: user=0.00 sys=0.00, real=0.00 secs] 
187.860: [GC (Allocation Failure) [PSYoungGen: 41940K->5120K(57344K)] 400870K->374289K(516096K), 0.0014835 secs] [Times: user=0.00 sys=0.00, real=0.00 secs] 
189.062: [Full GC (Ergonomics) [PSYoungGen: 47052K->0K(57344K)] [ParOldGen: 420369K->11264K(458752K)] 467422K->11264K(516096K), [Metaspace: 2796K->2796K(1056768K)], 0.0027172 secs] [Times: user=0.00 sys=0.00, real=0.00 secs] 
189.935: [GC (Allocation Failure) [PSYoungGen: 49104K->5120K(57344K)] 213968K->169984K(516096K), 0.0008450 secs] [Times: user=0.00 sys=0.00, real=0.00 secs] 
190.700: [GC (Allocation Failure) [PSYoungGen: 52178K->5120K(57344K)] 217042K->180224K(516096K), 0.0015420 secs] [Times: user=0.00 sys=0.00, real=0.00 secs] 
191.788: [GC (Allocation Failure) [PSYoungGen: 54221K->6176K(57344K)] 382925K->340000K(516096K), 0.0014353 secs] [Times: user=0.00 sys=0.00, real=0.00 secs] 
193.431: [GC (Allocation Failure) [PSYoungGen: 55280K->1056K(57344K)] 389104K->355360K(516096K), 0.0017207 secs] [Times: user=0.00 sys=0.00, real=0.00 secs] 
193.756: [GC (Allocation Failure) [PSYoungGen: 32748K->1056K(57344K)] 438252K->406560K(516096K), 0.0011049 secs] [Times: user=0.00 sys=0.00, real=0.00 secs] 
193.758: [GC (Allocation Failure) [PSYoungGen: 1056K->1056K(57344K)] 406560K->406560K(516096K), 0.0009402 secs] [Times: user=0.00 sys=0.00, real=0.00 secs] 
193.759: [Full GC (Allocation Failure) [PSYoungGen: 1056K->0K(57344K)] [ParOldGen: 405504K->62993K(458752K)] 406560K->62993K(516096K), [Metaspace: 2796K->2796K(1056768K)], 0.0059177 secs] [Times: user=0.00 sys=0.00, real=0.01 secs] 
194.864: [GC (Allocation Failure) [PSYoungGen: 43983K->5184K(57344K)] 209377K->180817K(516096K), 0.0013994 secs] [Times: user=0.00 sys=0.00, real=0.00 secs] 
196.278: [GC (Allocation Failure) [PSYoungGen: 49170K->5184K(57344K)] 378403K->334417K(516096K), 0.0010302 secs] [Times: user=0.00 sys=0.00, real=0.00 secs] 
196.606: [GC (Allocation Failure) [PSYoungGen: 36884K->64K(57344K)] 417317K->400977K(516096K), 0.0021745 secs] [Times: user=0.00 sys=0.00, real=0.00 secs] 
196.609: [GC (Allocation Failure) [PSYoungGen: 64K->32K(57344K)] 400977K->400945K(516096K), 0.0009944 secs] [Times: user=0.00 sys=0.00, real=0.00 secs] 
196.610: [Full GC (Allocation Failure) [PSYoungGen: 32K->0K(57344K)] [ParOldGen: 400913K->72209K(458752K)] 400945K->72209K(516096K), [Metaspace: 2796K->2796K(1056768K)], 0.0062358 secs] [Times: user=0.00 sys=0.00, real=0.01 secs] 
197.715: [GC (Allocation Failure) [PSYoungGen: 43989K->5120K(57344K)] 218598K->189969K(516096K), 0.0015706 secs] [Times: user=0.00 sys=0.00, real=0.00 secs] 
198.695: [GC (Allocation Failure) [PSYoungGen: 54229K->5120K(57344K)] 392679K->348689K(516096K), 0.0010465 secs] [Times: user=0.00 sys=0.00, real=0.00 secs] 
199.242: [GC (Allocation Failure) [PSYoungGen: 41942K->5120K(57344K)] 385512K->358929K(516096K), 0.0016178 secs] [Times: user=0.00 sys=0.00, real=0.00 secs] 
199.459: [GC (Allocation Failure) [PSYoungGen: 26573K->5120K(57344K)] 431583K->410129K(516096K), 0.0010141 secs] [Times: user=0.00 sys=0.00, real=0.00 secs] 
199.460: [GC (Allocation Failure) [PSYoungGen: 5120K->5120K(57344K)] 410129K->410129K(516096K), 0.0012320 secs] [Times: user=0.00 sys=0.00, real=0.00 secs] 
199.462: [Full GC (Allocation Failure) [PSYoungGen: 5120K->0K(57344K)] [ParOldGen: 405009K->133649K(458752K)] 410129K->133649K(516096K), [Metaspace: 2796K->2796K(1056768K)], 0.0105585 secs] [Times: user=0.00 sys=0.00, real=0.01 secs] 
200.676: [GC (Allocation Failure) [PSYoungGen: 36813K->5120K(57344K)] 272863K->251409K(516096K), 0.0014753 secs] [Times: user=0.00 sys=0.00, real=0.00 secs] 
201.771: [GC (Allocation Failure) [PSYoungGen: 54224K->6144K(57344K)] 454114K->411153K(516096K), 0.0011459 secs] [Times: user=0.00 sys=0.00, real=0.00 secs] 
202.318: [Full GC (Ergonomics) [PSYoungGen: 53203K->0K(57344K)] [ParOldGen: 456209K->62993K(458752K)] 509412K->62993K(516096K), [Metaspace: 2796K->2796K(1056768K)], 0.0058354 secs] [Times: user=0.00 sys=0.00, real=0.01 secs] 
204.076: [GC (Allocation Failure) [PSYoungGen: 45012K->1024K(57344K)] 210406K->166417K(516096K), 0.0004781 secs] [Times: user=0.00 sys=0.00, real=0.00 secs] 
204.840: [GC (Allocation Failure) [PSYoungGen: 42965K->5120K(57344K)] 208359K->180753K(516096K), 0.0015646 secs] [Times: user=0.00 sys=0.00, real=0.00 secs] 
205.822: [GC (Allocation Failure) [PSYoungGen: 54222K->5120K(57344K)] 383455K->354833K(516096K), 0.0019355 secs] [Times: user=0.00 sys=0.00, real=0.00 secs] 
206.369: [GC (Allocation Failure) [PSYoungGen: 41937K->5120K(57344K)] 391651K->365073K(516096K), 0.0014751 secs] [Times: user=0.00 sys=0.00, real=0.00 secs] 
206.588: [GC (Allocation Failure) [PSYoungGen: 26570K->5120K(57344K)] 437724K->436753K(516096K), 0.0023993 secs] [Times: user=0.00 sys=0.00, real=0.00 secs] 
206.591: [Full GC (Ergonomics) [PSYoungGen: 5120K->0K(57344K)] [ParOldGen: 431633K->92689K(458752K)] 436753K->92689K(516096K), [Metaspace: 2796K->2796K(1056768K)], 0.0085049 secs] [Times: user=0.01 sys=0.00, real=0.01 secs] 
208.459: [GC (Allocation Failure) [PSYoungGen: 46026K->5120K(57344K)] 394716K->353809K(516096K), 0.0009965 secs] [Times: user=0.00 sys=0.00, real=0.00 secs] 
209.222: [GC (Allocation Failure) [PSYoungGen: 52174K->5120K(57344K)] 400864K->364049K(516096K), 0.0015277 secs] [Times: user=0.00 sys=0.00, real=0.00 secs] 
209.440: [GC (Allocation Failure) [PSYoungGen: 26570K->5120K(57344K)] 436700K->415249K(516096K), 0.0007991 secs] [Times: user=0.00 sys=0.00, real=0.00 secs] 
209.441: [GC (Allocation Failure) [PSYoungGen: 5120K->5120K(57344K)] 415249K->415249K(516096K), 0.0008386 secs] [Times: user=0.02 sys=0.00, real=0.00 secs] 
209.442: [Full GC (Allocation Failure) [PSYoungGen: 5120K->0K(57344K)] [ParOldGen: 410129K->108049K(458752K)] 415249K->108049K(516096K), [Metaspace: 2796K->2796K(1056768K)], 0.0084617 secs] [Times: user=0.00 sys=0.00, real=0.01 secs] 
210.546: [GC (Allocation Failure) [PSYoungGen: 43978K->5120K(57344K)] 254428K->225809K(516096K), 0.0014108 secs] [Times: user=0.00 sys=0.00, real=0.00 secs] 
211.855: [GC (Allocation Failure) [PSYoungGen: 48078K->5120K(57344K)] 422368K->384529K(516096K), 0.0009301 secs] [Times: user=0.00 sys=0.00, real=0.00 secs] 
212.294: [Full GC (Ergonomics) [PSYoungGen: 47057K->0K(57344K)] [ParOldGen: 430609K->56849K(458752K)] 477667K->56849K(516096K), [Metaspace: 2796K->2796K(1056768K)], 0.0051477 secs] [Times: user=0.00 sys=0.00, real=0.01 secs] 
213.399: [GC (Allocation Failure) [PSYoungGen: 43987K->1024K(57344K)] 203237K->180753K(516096K), 0.0015407 secs] [Times: user=0.00 sys=0.00, real=0.00 secs] 
214.382: [GC (Allocation Failure) [PSYoungGen: 50132K->6144K(57344K)] 383462K->344593K(516096K), 0.0012401 secs] [Times: user=0.00 sys=0.00, real=0.00 secs] 
215.693: [GC (Allocation Failure) [PSYoungGen: 53205K->5120K(57344K)] 391655K->348689K(516096K), 0.0009026 secs] [Times: user=0.00 sys=0.00, real=0.00 secs] 
216.350: [GC (Allocation Failure) [PSYoungGen: 47055K->0K(57344K)] 390624K->353809K(516096K), 0.0013320 secs] [Times: user=0.00 sys=0.00, real=0.00 secs] 
216.570: [GC (Allocation Failure) [PSYoungGen: 21449K->0K(57344K)] 426459K->425489K(516096K), 0.0021363 secs] [Times: user=0.00 sys=0.00, real=0.00 secs] 
216.572: [Full GC (Ergonomics) [PSYoungGen: 0K->0K(57344K)] [ParOldGen: 425489K->77329K(458752K)] 425489K->77329K(516096K), [Metaspace: 2796K->2796K(1056768K)], 0.0064596 secs] [Times: user=0.00 sys=0.00, real=0.01 secs] 
217.677: [GC (Allocation Failure) [PSYoungGen: 43977K->5120K(57344K)] 223707K->195089K(516096K), 0.0015244 secs] [Times: user=0.00 sys=0.00, real=0.00 secs] 
218.658: [GC (Allocation Failure) [PSYoungGen: 54222K->5120K(57344K)] 397792K->353809K(516096K), 0.0011082 secs] [Times: user=0.00 sys=0.00, real=0.00 secs] 
Heap
 PSYoungGen      total 57344K, used 12200K [0x00000000fc000000, 0x0000000100000000, 0x0000000100000000)
  eden space 49152K, 14% used [0x00000000fc000000,0x00000000fc6ea380,0x00000000ff000000)
  from space 8192K, 62% used [0x00000000ff800000,0x00000000ffd00010,0x0000000100000000)
  to   space 8192K, 0% used [0x00000000ff000000,0x00000000ff000000,0x00000000ff800000)
 ParOldGen       total 458752K, used 348689K [0x00000000e0000000, 0x00000000fc000000, 0x00000000fc000000)
  object space 458752K, 76% used [0x00000000e0000000,0x00000000f5484760,0x00000000fc000000)
 Metaspace       used 2804K, capacity 4486K, committed 4864K, reserved 1056768K
  class space    used 297K, capacity 386K, committed 512K, reserved 1048576K
