Java HotSpot(TM) 64-Bit Server VM (25.411-b09) for windows-amd64 JRE (1.8.0_411-b09), built on Mar 13 2024 07:26:13 by "java_re" with MS VC++ 17.1 (VS2022)
Memory: 4k page, physical 33403376k(14120180k free), swap 36670664k(7126448k free)
CommandLine flags: -XX:InitialHeapSize=1073741824 -XX:MaxHeapSize=1073741824 -XX:NewRatio=3 -XX:ParallelGCThreads=6 -XX:+PrintGC -XX:+PrintGCDetails -XX:+PrintGCTimeStamps -XX:SurvivorRatio=1 -XX:-UseAdaptiveSizePolicy -XX:+UseCompressedClassPointers -XX:+UseCompressedOops -XX:-UseLargePagesIndividualAllocation -XX:+UseParallelGC 
1.865: [GC (Allocation Failure) [PSYoungGen: 84132K->11944K(175104K)] 237732K->165552K(961536K), 0.0026730 secs] [Times: user=0.00 sys=0.00, real=0.00 secs] 
3.543: [GC (Allocation Failure) [PSYoungGen: 96649K->18088K(175104K)] 403857K->325296K(961536K), 0.0033659 secs] [Times: user=0.00 sys=0.00, real=0.00 secs] 
5.509: [GC (Allocation Failure) [PSYoungGen: 96649K->26248K(175104K)] 403857K->333456K(961536K), 0.0042379 secs] [Times: user=0.00 sys=0.00, real=0.00 secs] 
6.306: [GC (Allocation Failure) [PSYoungGen: 110947K->26216K(175104K)] 520555K->435832K(961536K), 0.0029484 secs] [Times: user=0.00 sys=0.00, real=0.00 secs] 
8.429: [GC (Allocation Failure) [PSYoungGen: 106678K->5688K(175104K)] 669894K->568912K(961536K), 0.0020018 secs] [Times: user=0.00 sys=0.00, real=0.00 secs] 
9.222: [GC (Allocation Failure) [PSYoungGen: 90391K->56888K(175104K)] 756015K->722512K(961536K), 0.0153344 secs] [Times: user=0.00 sys=0.00, real=0.01 secs] 
10.126: [GC (Allocation Failure) [PSYoungGen: 120087K->56952K(175104K)] 836912K->773776K(961536K), 0.0158639 secs] [Times: user=0.00 sys=0.00, real=0.02 secs] 
10.142: [GC (Allocation Failure) [PSYoungGen: 56952K->56920K(175104K)] 773776K->773744K(961536K), 0.0048506 secs] [Times: user=0.00 sys=0.00, real=0.00 secs] 
10.147: [Full GC (Allocation Failure) [PSYoungGen: 56920K->0K(175104K)] [ParOldGen: 716824K->108048K(786432K)] 773744K->108048K(961536K), [Metaspace: 2761K->2761K(1056768K)], 0.0159547 secs] [Times: user=0.00 sys=0.00, real=0.02 secs] 
12.576: [GC (Allocation Failure) [PSYoungGen: 85728K->10240K(175104K)] 449777K->374288K(961536K), 0.0008863 secs] [Times: user=0.00 sys=0.00, real=0.00 secs] 
14.104: [GC (Allocation Failure) [PSYoungGen: 95517K->26656K(175104K)] 613166K->544313K(961536K), 0.0017012 secs] [Times: user=0.00 sys=0.00, real=0.00 secs] 
14.759: [GC (Allocation Failure) [PSYoungGen: 111361K->17472K(175104K)] 731418K->637529K(961536K), 0.0017231 secs] [Times: user=0.00 sys=0.00, real=0.00 secs] 
16.828: [GC (Allocation Failure) [PSYoungGen: 101153K->10304K(175104K)] 721210K->630361K(961536K), 0.0012363 secs] [Times: user=0.00 sys=0.00, real=0.00 secs] 
18.379: [Full GC (Ergonomics) [PSYoungGen: 95003K->0K(175104K)] [ParOldGen: 773657K->41489K(786432K)] 868660K->41489K(961536K), [Metaspace: 2770K->2770K(1056768K)], 0.0068250 secs] [Times: user=0.00 sys=0.00, real=0.01 secs] 
19.036: [GC (Allocation Failure) [PSYoungGen: 84701K->52224K(175104K)] 228590K->196113K(961536K), 0.0046657 secs] [Times: user=0.00 sys=0.00, real=0.00 secs] 
20.669: [GC (Allocation Failure) [PSYoungGen: 136927K->5120K(175104K)] 383216K->251409K(961536K), 0.0007961 secs] [Times: user=0.00 sys=0.00, real=0.00 secs] 
22.299: [GC (Allocation Failure) [PSYoungGen: 89824K->11264K(175104K)] 489713K->411153K(961536K), 0.0013060 secs] [Times: user=0.00 sys=0.00, real=0.00 secs] 
24.152: [GC (Allocation Failure) [PSYoungGen: 90848K->20480K(175104K)] 644337K->573969K(961536K), 0.0016469 secs] [Times: user=0.00 sys=0.00, real=0.00 secs] 
24.917: [GC (Allocation Failure) [PSYoungGen: 105184K->20480K(175104K)] 761074K->676369K(961536K), 0.0016981 secs] [Times: user=0.00 sys=0.00, real=0.00 secs] 
25.788: [GC (Allocation Failure) [PSYoungGen: 83681K->25600K(175104K)] 790770K->732689K(961536K), 0.0020668 secs] [Times: user=0.00 sys=0.00, real=0.00 secs] 
25.790: [GC (Allocation Failure) [PSYoungGen: 25600K->25600K(175104K)] 732689K->732689K(961536K), 0.0018583 secs] [Times: user=0.00 sys=0.00, real=0.00 secs] 
25.792: [Full GC (Allocation Failure) [PSYoungGen: 25600K->0K(175104K)] [ParOldGen: 707089K->77329K(786432K)] 732689K->77329K(961536K), [Metaspace: 2779K->2779K(1056768K)], 0.0067916 secs] [Times: user=0.00 sys=0.00, real=0.01 secs] 
27.873: [GC (Allocation Failure) [PSYoungGen: 84705K->10240K(175104K)] 264434K->189969K(961536K), 0.0009036 secs] [Times: user=0.00 sys=0.00, real=0.00 secs] 
29.512: [GC (Allocation Failure) [PSYoungGen: 95317K->15424K(175104K)] 428646K->348761K(961536K), 0.0014782 secs] [Times: user=0.00 sys=0.00, real=0.00 secs] 
32.022: [GC (Allocation Failure) [PSYoungGen: 102177K->6176K(175104K)] 691514K->595521K(961536K), 0.0016737 secs] [Times: user=0.00 sys=0.00, real=0.00 secs] 
33.656: [GC (Allocation Failure) [PSYoungGen: 90881K->12320K(175104K)] 833826K->755265K(961536K), 0.0017251 secs] [Times: user=0.00 sys=0.00, real=0.00 secs] 
34.201: [GC (Allocation Failure) [PSYoungGen: 65281K->37920K(175104K)] 808226K->780865K(961536K), 0.0030791 secs] [Times: user=0.00 sys=0.00, real=0.00 secs] 
34.312: [GC (Allocation Failure) [PSYoungGen: 90872K->68640K(175104K)] 833818K->811585K(961536K), 0.0158961 secs] [Times: user=0.01 sys=0.00, real=0.02 secs] 
34.328: [GC (Allocation Failure) [PSYoungGen: 68640K->68640K(175104K)] 811585K->811585K(961536K), 0.0153090 secs] [Times: user=0.02 sys=0.00, real=0.02 secs] 
34.343: [Full GC (Allocation Failure) [PSYoungGen: 68640K->0K(175104K)] [ParOldGen: 742945K->69632K(786432K)] 811585K->69632K(961536K), [Metaspace: 2793K->2793K(1056768K)], 0.0066846 secs] [Times: user=0.03 sys=0.00, real=0.01 secs] 
36.743: [GC (Allocation Failure) [PSYoungGen: 81607K->20480K(175104K)] 407239K->346112K(961536K), 0.0017647 secs] [Times: user=0.00 sys=0.00, real=0.00 secs] 
38.272: [GC (Allocation Failure) [PSYoungGen: 105168K->51200K(175104K)] 584401K->530432K(961536K), 0.0036281 secs] [Times: user=0.00 sys=0.00, real=0.00 secs] 
39.145: [GC (Allocation Failure) [PSYoungGen: 134870K->51200K(175104K)] 614102K->530432K(961536K), 0.0044551 secs] [Times: user=0.00 sys=0.00, real=0.00 secs] 
40.781: [GC (Allocation Failure) [PSYoungGen: 135893K->10240K(175104K)] 768725K->643072K(961536K), 0.0017030 secs] [Times: user=0.00 sys=0.00, real=0.00 secs] 
41.435: [GC (Allocation Failure) [PSYoungGen: 63193K->10240K(175104K)] 747225K->694272K(961536K), 0.0029817 secs] [Times: user=0.00 sys=0.00, real=0.00 secs] 
41.438: [GC (Allocation Failure) [PSYoungGen: 10240K->10240K(175104K)] 694272K->694272K(961536K), 0.0030787 secs] [Times: user=0.05 sys=0.00, real=0.00 secs] 
41.442: [Full GC (Allocation Failure) [PSYoungGen: 10240K->0K(175104K)] [ParOldGen: 684032K->164369K(786432K)] 694272K->164369K(961536K), [Metaspace: 2793K->2793K(1056768K)], 0.0127047 secs] [Times: user=0.00 sys=0.00, real=0.01 secs] 
44.066: [GC (Allocation Failure) [PSYoungGen: 86748K->21504K(175104K)] 353517K->288273K(961536K), 0.0018354 secs] [Times: user=0.00 sys=0.00, real=0.00 secs] 
44.829: [GC (Allocation Failure) [PSYoungGen: 106205K->21504K(175104K)] 475375K->390673K(961536K), 0.0018842 secs] [Times: user=0.02 sys=0.00, real=0.00 secs] 
46.907: [GC (Allocation Failure) [PSYoungGen: 106207K->10240K(175104K)] 628976K->533009K(961536K), 0.0014963 secs] [Times: user=0.00 sys=0.00, real=0.00 secs] 
47.672: [GC (Allocation Failure) [PSYoungGen: 94943K->25600K(175104K)] 720113K->650769K(961536K), 0.0026297 secs] [Times: user=0.03 sys=0.00, real=0.00 secs] 
49.314: [Full GC (Ergonomics) [PSYoungGen: 110304K->0K(175104K)] [ParOldGen: 778769K->82449K(786432K)] 889074K->82449K(961536K), [Metaspace: 2795K->2795K(1056768K)], 0.0077235 secs] [Times: user=0.00 sys=0.00, real=0.01 secs] 
51.061: [GC (Allocation Failure) [PSYoungGen: 78560K->15360K(175104K)] 314610K->251409K(961536K), 0.0012967 secs] [Times: user=0.00 sys=0.00, real=0.00 secs] 
51.718: [GC (Allocation Failure) [PSYoungGen: 100064K->7168K(175104K)] 438514K->345617K(961536K), 0.0011066 secs] [Times: user=0.00 sys=0.00, real=0.00 secs] 
53.350: [GC (Allocation Failure) [PSYoungGen: 91873K->17408K(175104K)] 583922K->509457K(961536K), 0.0015726 secs] [Times: user=0.00 sys=0.00, real=0.00 secs] 
55.426: [GC (Allocation Failure) [PSYoungGen: 101089K->25600K(175104K)] 593138K->517649K(961536K), 0.0016607 secs] [Times: user=0.00 sys=0.00, real=0.00 secs] 
56.191: [GC (Allocation Failure) [PSYoungGen: 110299K->25600K(175104K)] 704749K->620049K(961536K), 0.0022196 secs] [Times: user=0.00 sys=0.00, real=0.00 secs] 
58.262: [GC (Allocation Failure) [PSYoungGen: 105181K->5120K(175104K)] 853231K->753169K(961536K), 0.0011236 secs] [Times: user=0.00 sys=0.00, real=0.00 secs] 
58.480: [GC (Allocation Failure) --[PSYoungGen: 78559K->78559K(175104K)] 826608K->826608K(961536K), 0.0046762 secs] [Times: user=0.00 sys=0.00, real=0.00 secs] 
58.485: [Full GC (Ergonomics) [PSYoungGen: 78559K->0K(175104K)] [ParOldGen: 748049K->52224K(786432K)] 826608K->52224K(961536K), [Metaspace: 2796K->2796K(1056768K)], 0.0057901 secs] [Times: user=0.00 sys=0.00, real=0.01 secs] 
60.456: [GC (Allocation Failure) [PSYoungGen: 86745K->10240K(175104K)] 394969K->318464K(961536K), 0.0010803 secs] [Times: user=0.00 sys=0.00, real=0.00 secs] 
62.422: [GC (Allocation Failure) [PSYoungGen: 93916K->15360K(175104K)] 555740K->477184K(961536K), 0.0016896 secs] [Times: user=0.00 sys=0.00, real=0.00 secs] 
63.074: [GC (Allocation Failure) [PSYoungGen: 100062K->7168K(175104K)] 664286K->571392K(961536K), 0.0015309 secs] [Times: user=0.00 sys=0.00, real=0.00 secs] 
64.712: [GC (Allocation Failure) [PSYoungGen: 91871K->26624K(175104K)] 809695K->744448K(961536K), 0.0026305 secs] [Times: user=0.00 sys=0.00, real=0.00 secs] 
66.679: [GC (Allocation Failure) [PSYoungGen: 110304K->15360K(175104K)] 828128K->733184K(961536K), 0.0020196 secs] [Times: user=0.00 sys=0.00, real=0.00 secs] 
67.005: [GC (Allocation Failure) [PSYoungGen: 99035K->76800K(175104K)] 816859K->794624K(961536K), 0.0058639 secs] [Times: user=0.00 sys=0.00, real=0.01 secs] 
67.011: [GC (Allocation Failure) [PSYoungGen: 76800K->76800K(175104K)] 794624K->794624K(961536K), 0.0063412 secs] [Times: user=0.01 sys=0.00, real=0.01 secs] 
67.017: [Full GC (Allocation Failure) [PSYoungGen: 76800K->0K(175104K)] [ParOldGen: 717824K->77824K(786432K)] 794624K->77824K(961536K), [Metaspace: 2796K->2796K(1056768K)], 0.0070273 secs] [Times: user=0.00 sys=0.00, real=0.01 secs] 
68.987: [GC (Allocation Failure) [PSYoungGen: 86736K->10240K(175104K)] 420560K->344064K(961536K), 0.0013763 secs] [Times: user=0.00 sys=0.00, real=0.00 secs] 
70.627: [GC (Allocation Failure) [PSYoungGen: 94934K->5120K(175104K)] 531158K->441344K(961536K), 0.0017768 secs] [Times: user=0.00 sys=0.00, real=0.00 secs] 
72.269: [GC (Allocation Failure) [PSYoungGen: 89818K->16384K(175104K)] 679642K->606208K(961536K), 0.0016921 secs] [Times: user=0.00 sys=0.00, real=0.00 secs] 
73.907: [GC (Allocation Failure) [PSYoungGen: 85724K->20480K(175104K)] 829148K->763904K(961536K), 0.0020429 secs] [Times: user=0.00 sys=0.00, real=0.00 secs] 
74.125: [GC (Allocation Failure) [PSYoungGen: 93918K->61440K(175104K)] 837342K->804864K(961536K), 0.0054133 secs] [Times: user=0.06 sys=0.00, real=0.01 secs] 
74.131: [GC (Allocation Failure) [PSYoungGen: 61440K->61440K(175104K)] 804864K->804864K(961536K), 0.0049515 secs] [Times: user=0.00 sys=0.00, real=0.00 secs] 
74.136: [Full GC (Allocation Failure) [PSYoungGen: 61440K->0K(175104K)] [ParOldGen: 743424K->62464K(786432K)] 804864K->62464K(961536K), [Metaspace: 2796K->2796K(1056768K)], 0.0062089 secs] [Times: user=0.00 sys=0.00, real=0.01 secs] 
76.105: [GC (Allocation Failure) [PSYoungGen: 86745K->25600K(175104K)] 405209K->344064K(961536K), 0.0020273 secs] [Times: user=0.00 sys=0.00, real=0.00 secs] 
77.851: [GC (Allocation Failure) [PSYoungGen: 109276K->10240K(175104K)] 427740K->328704K(961536K), 0.0013098 secs] [Times: user=0.00 sys=0.00, real=0.00 secs] 
79.380: [GC (Allocation Failure) [PSYoungGen: 89816K->15360K(175104K)] 561880K->487424K(961536K), 0.0016652 secs] [Times: user=0.00 sys=0.00, real=0.00 secs] 
81.892: [GC (Allocation Failure) [PSYoungGen: 102107K->6144K(175104K)] 830172K->734208K(961536K), 0.0018460 secs] [Times: user=0.00 sys=0.00, real=0.00 secs] 
82.657: [Full GC (Ergonomics) [PSYoungGen: 64221K->0K(175104K)] [ParOldGen: 779264K->57873K(786432K)] 843485K->57873K(961536K), [Metaspace: 2796K->2796K(1056768K)], 0.0064030 secs] [Times: user=0.00 sys=0.00, real=0.01 secs] 
85.063: [GC (Allocation Failure) [PSYoungGen: 81631K->5120K(175104K)] 395504K->318993K(961536K), 0.0007488 secs] [Times: user=0.00 sys=0.00, real=0.00 secs] 
86.593: [GC (Allocation Failure) [PSYoungGen: 89823K->25600K(175104K)] 557297K->493073K(961536K), 0.0019440 secs] [Times: user=0.00 sys=0.00, real=0.00 secs] 
87.247: [GC (Allocation Failure) [PSYoungGen: 110304K->36864K(175104K)] 680177K->606737K(961536K), 0.0027033 secs] [Times: user=0.00 sys=0.00, real=0.00 secs] 
89.103: [GC (Allocation Failure) [PSYoungGen: 120544K->10240K(175104K)] 741618K->631313K(961536K), 0.0016002 secs] [Times: user=0.00 sys=0.00, real=0.00 secs] 
90.747: [Full GC (Ergonomics) [PSYoungGen: 94945K->0K(175104K)] [ParOldGen: 774673K->118289K(786432K)] 869618K->118289K(961536K), [Metaspace: 2796K->2796K(1056768K)], 0.0099325 secs] [Times: user=0.02 sys=0.00, real=0.01 secs] 
93.164: [GC (Allocation Failure) [PSYoungGen: 86753K->6144K(175104K)] 358642K->278033K(961536K), 0.0009445 secs] [Times: user=0.00 sys=0.00, real=0.00 secs] 
94.801: [GC (Allocation Failure) [PSYoungGen: 90849K->21504K(175104K)] 516338K->446993K(961536K), 0.0018989 secs] [Times: user=0.00 sys=0.00, real=0.00 secs] 
96.656: [GC (Allocation Failure) [PSYoungGen: 95969K->10240K(175104K)] 675058K->589329K(961536K), 0.0012870 secs] [Times: user=0.00 sys=0.00, real=0.00 secs] 
97.421: [GC (Allocation Failure) [PSYoungGen: 94945K->25600K(175104K)] 776434K->707089K(961536K), 0.0022684 secs] [Times: user=0.00 sys=0.00, real=0.00 secs] 
98.295: [GC (Allocation Failure) [PSYoungGen: 88801K->25600K(175104K)] 821490K->758289K(961536K), 0.0023943 secs] [Times: user=0.00 sys=0.00, real=0.00 secs] 
98.298: [GC (Allocation Failure) [PSYoungGen: 25600K->25600K(175104K)] 758289K->758289K(961536K), 0.0021636 secs] [Times: user=0.00 sys=0.00, real=0.00 secs] 
98.300: [Full GC (Allocation Failure) [PSYoungGen: 25600K->0K(175104K)] [ParOldGen: 732689K->77329K(786432K)] 758289K->77329K(961536K), [Metaspace: 2796K->2796K(1056768K)], 0.0069453 secs] [Times: user=0.00 sys=0.00, real=0.01 secs] 
100.610: [GC (Allocation Failure) [PSYoungGen: 84705K->10240K(175104K)] 418034K->343569K(961536K), 0.0009760 secs] [Times: user=0.00 sys=0.00, real=0.00 secs] 
102.137: [GC (Allocation Failure) [PSYoungGen: 89825K->16384K(175104K)] 576754K->503313K(961536K), 0.0012338 secs] [Times: user=0.00 sys=0.00, real=0.00 secs] 
104.317: [GC (Allocation Failure) [PSYoungGen: 102113K->1024K(175104K)] 742642K->641553K(961536K), 0.0014401 secs] [Times: user=0.00 sys=0.00, real=0.00 secs] 
105.410: [GC (Allocation Failure) [PSYoungGen: 74465K->15360K(175104K)] 766194K->707089K(961536K), 0.0017116 secs] [Times: user=0.00 sys=0.00, real=0.00 secs] 
105.411: [GC (Allocation Failure) [PSYoungGen: 15360K->15360K(175104K)] 707089K->707089K(961536K), 0.0013282 secs] [Times: user=0.00 sys=0.00, real=0.00 secs] 
105.413: [Full GC (Allocation Failure) [PSYoungGen: 15360K->0K(175104K)] [ParOldGen: 691729K->67089K(786432K)] 707089K->67089K(961536K), [Metaspace: 2796K->2796K(1056768K)], 0.0062678 secs] [Times: user=0.00 sys=0.00, real=0.01 secs] 
107.391: [GC (Allocation Failure) [PSYoungGen: 86753K->30720K(175104K)] 409842K->353809K(961536K), 0.0024273 secs] [Times: user=0.02 sys=0.00, real=0.00 secs] 
108.704: [GC (Allocation Failure) [PSYoungGen: 115425K->56320K(175104K)] 540914K->481809K(961536K), 0.0050642 secs] [Times: user=0.00 sys=0.00, real=0.00 secs] 
110.345: [GC (Allocation Failure) [PSYoungGen: 141025K->61440K(175104K)] 720114K->640529K(961536K), 0.0050483 secs] [Times: user=0.00 sys=0.00, real=0.00 secs] 
112.205: [GC (Allocation Failure) [PSYoungGen: 140001K->15360K(175104K)] 872690K->748049K(961536K), 0.0017609 secs] [Times: user=0.00 sys=0.00, real=0.00 secs] 
112.533: [GC (Allocation Failure) [PSYoungGen: 99041K->56320K(175104K)] 831730K->789009K(961536K), 0.0046891 secs] [Times: user=0.00 sys=0.00, real=0.00 secs] 
112.537: [GC (Allocation Failure) [PSYoungGen: 56320K->56320K(175104K)] 789009K->789009K(961536K), 0.0044928 secs] [Times: user=0.00 sys=0.00, real=0.00 secs] 
112.542: [Full GC (Allocation Failure) [PSYoungGen: 56320K->0K(175104K)] [ParOldGen: 732689K->57344K(786432K)] 789009K->57344K(961536K), [Metaspace: 2796K->2796K(1056768K)], 0.0057621 secs] [Times: user=0.00 sys=0.00, real=0.00 secs] 
114.512: [GC (Allocation Failure) [PSYoungGen: 86748K->21504K(175104K)] 400092K->334848K(961536K), 0.0018706 secs] [Times: user=0.00 sys=0.00, real=0.00 secs] 
116.480: [GC (Allocation Failure) [PSYoungGen: 105182K->15360K(175104K)] 418526K->328704K(961536K), 0.0015376 secs] [Times: user=0.00 sys=0.00, real=0.00 secs] 
117.135: [GC (Allocation Failure) [PSYoungGen: 100057K->26624K(175104K)] 515801K->442368K(961536K), 0.0024616 secs] [Times: user=0.00 sys=0.00, real=0.00 secs] 
118.772: [GC (Allocation Failure) [PSYoungGen: 111324K->35840K(175104K)] 680668K->605184K(961536K), 0.0029129 secs] [Times: user=0.00 sys=0.00, real=0.00 secs] 
120.409: [GC (Allocation Failure) [PSYoungGen: 120542K->5120K(175104K)] 792286K->676864K(961536K), 0.0024429 secs] [Times: user=0.00 sys=0.00, real=0.00 secs] 
121.065: [GC (Allocation Failure) [PSYoungGen: 58079K->5120K(175104K)] 781023K->728064K(961536K), 0.0025436 secs] [Times: user=0.00 sys=0.00, real=0.00 secs] 
121.068: [GC (Allocation Failure) [PSYoungGen: 5120K->5120K(175104K)] 728064K->728064K(961536K), 0.0017434 secs] [Times: user=0.00 sys=0.00, real=0.00 secs] 
121.070: [Full GC (Allocation Failure) [PSYoungGen: 5120K->0K(175104K)] [ParOldGen: 722944K->159249K(786432K)] 728064K->159249K(961536K), [Metaspace: 2796K->2796K(1056768K)], 0.0119237 secs] [Times: user=0.02 sys=0.00, real=0.01 secs] 
123.478: [GC (Allocation Failure) [PSYoungGen: 81632K->5120K(175104K)] 496881K->420369K(961536K), 0.0007525 secs] [Times: user=0.00 sys=0.00, real=0.00 secs] 
125.006: [GC (Allocation Failure) [PSYoungGen: 89824K->25600K(175104K)] 658674K->594449K(961536K), 0.0019926 secs] [Times: user=0.00 sys=0.00, real=0.00 secs] 
125.661: [GC (Allocation Failure) [PSYoungGen: 110304K->26624K(175104K)] 781554K->697873K(961536K), 0.0020672 secs] [Times: user=0.00 sys=0.00, real=0.00 secs] 
127.408: [GC (Allocation Failure) [PSYoungGen: 110305K->10240K(175104K)] 781554K->681489K(961536K), 0.0020178 secs] [Times: user=0.00 sys=0.00, real=0.00 secs] 
128.173: [GC (Allocation Failure) [PSYoungGen: 68315K->5120K(175104K)] 790765K->727569K(961536K), 0.0014540 secs] [Times: user=0.00 sys=0.00, real=0.00 secs] 
128.175: [GC (Allocation Failure) [PSYoungGen: 5120K->5120K(175104K)] 727569K->727569K(961536K), 0.0013396 secs] [Times: user=0.00 sys=0.00, real=0.00 secs] 
128.176: [Full GC (Allocation Failure) [PSYoungGen: 5120K->0K(175104K)] [ParOldGen: 722449K->56849K(786432K)] 727569K->56849K(961536K), [Metaspace: 2796K->2796K(1056768K)], 0.0059215 secs] [Times: user=0.00 sys=0.00, real=0.01 secs] 
130.152: [GC (Allocation Failure) [PSYoungGen: 86749K->10240K(175104K)] 399599K->323089K(961536K), 0.0010613 secs] [Times: user=0.00 sys=0.00, real=0.00 secs] 
132.227: [GC (Allocation Failure) [PSYoungGen: 79583K->16384K(175104K)] 494832K->431633K(961536K), 0.0015785 secs] [Times: user=0.00 sys=0.00, real=0.00 secs] 
132.990: [GC (Allocation Failure) [PSYoungGen: 101087K->12288K(175104K)] 618737K->529937K(961536K), 0.0011672 secs] [Times: user=0.00 sys=0.00, real=0.00 secs] 
134.950: [GC (Allocation Failure) [PSYoungGen: 91872K->10240K(175104K)] 763121K->681489K(961536K), 0.0015118 secs] [Times: user=0.00 sys=0.00, real=0.00 secs] 
135.607: [Full GC (Ergonomics) [PSYoungGen: 94944K->0K(175104K)] [ParOldGen: 773649K->12288K(786432K)] 868594K->12288K(961536K), [Metaspace: 2796K->2796K(1056768K)], 0.0033688 secs] [Times: user=0.00 sys=0.00, real=0.00 secs] 
137.247: [GC (Allocation Failure) [PSYoungGen: 84705K->30720K(175104K)] 250593K->196608K(961536K), 0.0024740 secs] [Times: user=0.00 sys=0.00, real=0.00 secs] 
139.100: [GC (Allocation Failure) [PSYoungGen: 114401K->10240K(175104K)] 331489K->227328K(961536K), 0.0012899 secs] [Times: user=0.00 sys=0.00, real=0.00 secs] 
140.629: [GC (Allocation Failure) [PSYoungGen: 94945K->20480K(175104K)] 465633K->391168K(961536K), 0.0023892 secs] [Times: user=0.00 sys=0.00, real=0.00 secs] 
141.284: [GC (Allocation Failure) [PSYoungGen: 105185K->12288K(175104K)] 578273K->485376K(961536K), 0.0013759 secs] [Times: user=0.00 sys=0.00, real=0.00 secs] 
143.581: [GC (Allocation Failure) [PSYoungGen: 96993K->21504K(175104K)] 570081K->494592K(961536K), 0.0019283 secs] [Times: user=0.00 sys=0.00, real=0.00 secs] 
144.346: [GC (Allocation Failure) [PSYoungGen: 106204K->21504K(175104K)] 681692K->596992K(961536K), 0.0020705 secs] [Times: user=0.00 sys=0.00, real=0.00 secs] 
146.425: [GC (Allocation Failure) [PSYoungGen: 106206K->10240K(175104K)] 835294K->739328K(961536K), 0.0018223 secs] [Times: user=0.00 sys=0.00, real=0.00 secs] 
146.642: [GC (Allocation Failure) [PSYoungGen: 83679K->71680K(175104K)] 812767K->800768K(961536K), 0.0060168 secs] [Times: user=0.00 sys=0.00, real=0.01 secs] 
146.648: [GC (Allocation Failure) [PSYoungGen: 71680K->71680K(175104K)] 800768K->800768K(961536K), 0.0055328 secs] [Times: user=0.00 sys=0.00, real=0.01 secs] 
146.654: [Full GC (Allocation Failure) [PSYoungGen: 71680K->0K(175104K)] [ParOldGen: 729088K->72704K(786432K)] 800768K->72704K(961536K), [Metaspace: 2796K->2796K(1056768K)], 0.0066821 secs] [Times: user=0.00 sys=0.00, real=0.01 secs] 
148.626: [GC (Allocation Failure) [PSYoungGen: 86745K->10240K(175104K)] 415449K->338944K(961536K), 0.0012700 secs] [Times: user=0.00 sys=0.00, real=0.00 secs] 
150.486: [GC (Allocation Failure) [PSYoungGen: 88796K->10240K(175104K)] 571100K->492544K(961536K), 0.0014831 secs] [Times: user=0.00 sys=0.00, real=0.00 secs] 
152.016: [GC (Allocation Failure) [PSYoungGen: 94942K->21504K(175104K)] 730846K->657408K(961536K), 0.0023817 secs] [Times: user=0.02 sys=0.00, real=0.00 secs] 
152.671: [GC (Allocation Failure) [PSYoungGen: 106207K->12288K(175104K)] 844511K->750592K(961536K), 0.0031025 secs] [Times: user=0.00 sys=0.00, real=0.00 secs] 
154.855: [GC (Allocation Failure) [PSYoungGen: 95968K->15360K(175104K)] 834272K->753664K(961536K), 0.0020682 secs] [Times: user=0.00 sys=0.00, real=0.00 secs] 
155.181: [GC (Allocation Failure) [PSYoungGen: 99035K->66560K(175104K)] 837339K->804864K(961536K), 0.0052981 secs] [Times: user=0.00 sys=0.00, real=0.01 secs] 
155.187: [GC (Allocation Failure) [PSYoungGen: 66560K->66560K(175104K)] 804864K->804864K(961536K), 0.0048298 secs] [Times: user=0.00 sys=0.00, real=0.00 secs] 
155.192: [Full GC (Allocation Failure) [PSYoungGen: 66560K->0K(175104K)] [ParOldGen: 738304K->67584K(786432K)] 804864K->67584K(961536K), [Metaspace: 2796K->2796K(1056768K)], 0.0063328 secs] [Times: user=0.00 sys=0.00, real=0.01 secs] 
157.164: [GC (Allocation Failure) [PSYoungGen: 86744K->30720K(175104K)] 410328K->354304K(961536K), 0.0026024 secs] [Times: user=0.00 sys=0.00, real=0.00 secs] 
158.475: [GC (Allocation Failure) [PSYoungGen: 115419K->56320K(175104K)] 541403K->482304K(961536K), 0.0049163 secs] [Times: user=0.00 sys=0.00, real=0.00 secs] 
160.116: [GC (Allocation Failure) [PSYoungGen: 141021K->61440K(175104K)] 720605K->641024K(961536K), 0.0050578 secs] [Times: user=0.00 sys=0.00, real=0.01 secs] 
161.977: [GC (Allocation Failure) [PSYoungGen: 139998K->15360K(175104K)] 873183K->748544K(961536K), 0.0019426 secs] [Times: user=0.00 sys=0.00, real=0.00 secs] 
162.304: [GC (Allocation Failure) [PSYoungGen: 99039K->56320K(175104K)] 832223K->789504K(961536K), 0.0052783 secs] [Times: user=0.00 sys=0.00, real=0.01 secs] 
162.310: [GC (Allocation Failure) [PSYoungGen: 56320K->56320K(175104K)] 789504K->789504K(961536K), 0.0047768 secs] [Times: user=0.00 sys=0.00, real=0.00 secs] 
162.315: [Full GC (Allocation Failure) [PSYoungGen: 56320K->0K(175104K)] [ParOldGen: 733184K->57344K(786432K)] 789504K->57344K(961536K), [Metaspace: 2796K->2796K(1056768K)], 0.0060924 secs] [Times: user=0.00 sys=0.00, real=0.01 secs] 
164.293: [GC (Allocation Failure) [PSYoungGen: 86747K->21504K(175104K)] 400091K->334848K(961536K), 0.0017921 secs] [Times: user=0.00 sys=0.00, real=0.00 secs] 
166.258: [GC (Allocation Failure) [PSYoungGen: 105181K->15360K(175104K)] 418525K->328704K(961536K), 0.0016665 secs] [Times: user=0.00 sys=0.00, real=0.00 secs] 
166.913: [GC (Allocation Failure) [PSYoungGen: 100057K->26624K(175104K)] 515801K->442368K(961536K), 0.0024903 secs] [Times: user=0.00 sys=0.00, real=0.00 secs] 
168.549: [GC (Allocation Failure) [PSYoungGen: 111324K->35840K(175104K)] 680668K->605184K(961536K), 0.0032103 secs] [Times: user=0.00 sys=0.00, real=0.00 secs] 
170.189: [GC (Allocation Failure) [PSYoungGen: 120542K->5120K(175104K)] 792286K->676864K(961536K), 0.0015854 secs] [Times: user=0.00 sys=0.00, real=0.00 secs] 
170.843: [GC (Allocation Failure) [PSYoungGen: 58079K->5120K(175104K)] 781023K->728064K(961536K), 0.0015453 secs] [Times: user=0.00 sys=0.00, real=0.00 secs] 
170.844: [GC (Allocation Failure) [PSYoungGen: 5120K->5120K(175104K)] 728064K->728064K(961536K), 0.0017717 secs] [Times: user=0.00 sys=0.00, real=0.00 secs] 
170.846: [Full GC (Allocation Failure) [PSYoungGen: 5120K->0K(175104K)] [ParOldGen: 722944K->159249K(786432K)] 728064K->159249K(961536K), [Metaspace: 2796K->2796K(1056768K)], 0.0116697 secs] [Times: user=0.00 sys=0.00, real=0.01 secs] 
173.254: [GC (Allocation Failure) [PSYoungGen: 81632K->5120K(175104K)] 496881K->420369K(961536K), 0.0008388 secs] [Times: user=0.00 sys=0.00, real=0.00 secs] 
174.783: [GC (Allocation Failure) [PSYoungGen: 89824K->25600K(175104K)] 658673K->594449K(961536K), 0.0020104 secs] [Times: user=0.00 sys=0.00, real=0.00 secs] 
175.436: [GC (Allocation Failure) [PSYoungGen: 110304K->26624K(175104K)] 781554K->697873K(961536K), 0.0020687 secs] [Times: user=0.00 sys=0.00, real=0.00 secs] 
177.183: [GC (Allocation Failure) [PSYoungGen: 110305K->10240K(175104K)] 781554K->681489K(961536K), 0.0014023 secs] [Times: user=0.00 sys=0.00, real=0.00 secs] 
177.947: [GC (Allocation Failure) [PSYoungGen: 68315K->5120K(175104K)] 790765K->727569K(961536K), 0.0017620 secs] [Times: user=0.00 sys=0.00, real=0.00 secs] 
177.948: [GC (Allocation Failure) [PSYoungGen: 5120K->5120K(175104K)] 727569K->727569K(961536K), 0.0016513 secs] [Times: user=0.00 sys=0.00, real=0.00 secs] 
177.950: [Full GC (Allocation Failure) [PSYoungGen: 5120K->0K(175104K)] [ParOldGen: 722449K->56849K(786432K)] 727569K->56849K(961536K), [Metaspace: 2796K->2796K(1056768K)], 0.0059072 secs] [Times: user=0.00 sys=0.00, real=0.01 secs] 
179.928: [GC (Allocation Failure) [PSYoungGen: 86749K->10240K(175104K)] 399599K->323089K(961536K), 0.0010437 secs] [Times: user=0.00 sys=0.00, real=0.00 secs] 
182.001: [GC (Allocation Failure) [PSYoungGen: 79583K->16384K(175104K)] 494832K->431633K(961536K), 0.0015711 secs] [Times: user=0.02 sys=0.00, real=0.00 secs] 
182.765: [GC (Allocation Failure) [PSYoungGen: 101087K->12288K(175104K)] 618737K->529937K(961536K), 0.0011697 secs] [Times: user=0.00 sys=0.00, real=0.00 secs] 
184.729: [GC (Allocation Failure) [PSYoungGen: 91872K->10240K(175104K)] 763121K->681489K(961536K), 0.0014400 secs] [Times: user=0.00 sys=0.00, real=0.00 secs] 
185.383: [Full GC (Ergonomics) [PSYoungGen: 94944K->0K(175104K)] [ParOldGen: 773649K->12288K(786432K)] 868594K->12288K(961536K), [Metaspace: 2796K->2796K(1056768K)], 0.0031136 secs] [Times: user=0.00 sys=0.00, real=0.00 secs] 
187.019: [GC (Allocation Failure) [PSYoungGen: 84705K->30720K(175104K)] 250593K->196608K(961536K), 0.0024633 secs] [Times: user=0.00 sys=0.00, real=0.00 secs] 
188.877: [GC (Allocation Failure) [PSYoungGen: 114401K->10240K(175104K)] 331489K->227328K(961536K), 0.0011580 secs] [Times: user=0.00 sys=0.00, real=0.00 secs] 
190.408: [GC (Allocation Failure) [PSYoungGen: 94945K->20480K(175104K)] 465633K->391168K(961536K), 0.0020896 secs] [Times: user=0.00 sys=0.00, real=0.00 secs] 
191.063: [GC (Allocation Failure) [PSYoungGen: 105185K->12320K(175104K)] 578273K->485408K(961536K), 0.0015299 secs] [Times: user=0.01 sys=0.00, real=0.00 secs] 
193.364: [GC (Allocation Failure) [PSYoungGen: 97025K->21536K(175104K)] 570113K->494624K(961536K), 0.0019912 secs] [Times: user=0.00 sys=0.00, real=0.00 secs] 
194.128: [GC (Allocation Failure) [PSYoungGen: 106236K->21536K(175104K)] 681724K->597024K(961536K), 0.0022958 secs] [Times: user=0.00 sys=0.00, real=0.00 secs] 
196.204: [GC (Allocation Failure) [PSYoungGen: 106238K->10272K(175104K)] 835326K->739360K(961536K), 0.0018838 secs] [Times: user=0.00 sys=0.00, real=0.00 secs] 
196.423: [GC (Allocation Failure) [PSYoungGen: 83711K->71712K(175104K)] 812799K->800800K(961536K), 0.0059049 secs] [Times: user=0.00 sys=0.00, real=0.01 secs] 
196.429: [GC (Allocation Failure) [PSYoungGen: 71712K->71712K(175104K)] 800800K->800800K(961536K), 0.0055019 secs] [Times: user=0.00 sys=0.00, real=0.01 secs] 
196.434: [Full GC (Allocation Failure) [PSYoungGen: 71712K->0K(175104K)] [ParOldGen: 729088K->72209K(786432K)] 800800K->72209K(961536K), [Metaspace: 2796K->2796K(1056768K)], 0.0072332 secs] [Times: user=0.00 sys=0.00, real=0.01 secs] 
198.402: [GC (Allocation Failure) [PSYoungGen: 86745K->10240K(175104K)] 414955K->338449K(961536K), 0.0009602 secs] [Times: user=0.00 sys=0.00, real=0.00 secs] 
200.257: [GC (Allocation Failure) [PSYoungGen: 88796K->10240K(175104K)] 570606K->492049K(961536K), 0.0011828 secs] [Times: user=0.00 sys=0.00, real=0.00 secs] 
201.785: [GC (Allocation Failure) [PSYoungGen: 94942K->21504K(175104K)] 730352K->656913K(961536K), 0.0020453 secs] [Times: user=0.00 sys=0.00, real=0.00 secs] 
202.439: [GC (Allocation Failure) [PSYoungGen: 106207K->13312K(175104K)] 844017K->751121K(961536K), 0.0019638 secs] [Times: user=0.00 sys=0.00, real=0.00 secs] 
204.621: [GC (Allocation Failure) [PSYoungGen: 96992K->15360K(175104K)] 834802K->753169K(961536K), 0.0014976 secs] [Times: user=0.00 sys=0.00, real=0.00 secs] 
204.947: [GC (Allocation Failure) [PSYoungGen: 99035K->66560K(175104K)] 836844K->804369K(961536K), 0.0052202 secs] [Times: user=0.00 sys=0.00, real=0.00 secs] 
204.952: [GC (Allocation Failure) [PSYoungGen: 66560K->66560K(175104K)] 804369K->804369K(961536K), 0.0047442 secs] [Times: user=0.00 sys=0.00, real=0.00 secs] 
204.957: [Full GC (Allocation Failure) [PSYoungGen: 66560K->0K(175104K)] [ParOldGen: 737809K->67584K(786432K)] 804369K->67584K(961536K), [Metaspace: 2796K->2796K(1056768K)], 0.0062404 secs] [Times: user=0.00 sys=0.00, real=0.01 secs] 
206.929: [GC (Allocation Failure) [PSYoungGen: 86744K->30720K(175104K)] 410328K->354304K(961536K), 0.0024258 secs] [Times: user=0.00 sys=0.00, real=0.00 secs] 
208.240: [GC (Allocation Failure) [PSYoungGen: 115419K->56320K(175104K)] 541403K->482304K(961536K), 0.0046672 secs] [Times: user=0.00 sys=0.00, real=0.00 secs] 
209.879: [GC (Allocation Failure) [PSYoungGen: 141021K->61440K(175104K)] 720605K->641024K(961536K), 0.0050130 secs] [Times: user=0.00 sys=0.00, real=0.00 secs] 
211.735: [GC (Allocation Failure) [PSYoungGen: 139998K->15360K(175104K)] 873183K->748544K(961536K), 0.0022360 secs] [Times: user=0.00 sys=0.00, real=0.00 secs] 
212.065: [GC (Allocation Failure) [PSYoungGen: 99039K->56320K(175104K)] 832223K->789504K(961536K), 0.0054658 secs] [Times: user=0.00 sys=0.00, real=0.01 secs] 
212.070: [GC (Allocation Failure) [PSYoungGen: 56320K->56320K(175104K)] 789504K->789504K(961536K), 0.0047367 secs] [Times: user=0.00 sys=0.00, real=0.00 secs] 
212.075: [Full GC (Allocation Failure) [PSYoungGen: 56320K->0K(175104K)] [ParOldGen: 733184K->57344K(786432K)] 789504K->57344K(961536K), [Metaspace: 2796K->2796K(1056768K)], 0.0054387 secs] [Times: user=0.02 sys=0.00, real=0.00 secs] 
214.041: [GC (Allocation Failure) [PSYoungGen: 86747K->21504K(175104K)] 400091K->334848K(961536K), 0.0018841 secs] [Times: user=0.00 sys=0.00, real=0.00 secs] 
216.003: [GC (Allocation Failure) [PSYoungGen: 105181K->15360K(175104K)] 418525K->328704K(961536K), 0.0015241 secs] [Times: user=0.00 sys=0.00, real=0.00 secs] 
216.655: [GC (Allocation Failure) [PSYoungGen: 100057K->26624K(175104K)] 515801K->442368K(961536K), 0.0027052 secs] [Times: user=0.00 sys=0.00, real=0.00 secs] 
218.299: [GC (Allocation Failure) [PSYoungGen: 111324K->35840K(175104K)] 680668K->605184K(961536K), 0.0030718 secs] [Times: user=0.00 sys=0.00, real=0.00 secs] 
Heap
 PSYoungGen      total 175104K, used 49599K [0x00000000f0000000, 0x0000000100000000, 0x0000000100000000)
  eden space 88064K, 15% used [0x00000000f0000000,0x00000000f0d6fe28,0x00000000f5600000)
  from space 87040K, 41% used [0x00000000fab00000,0x00000000fce00040,0x0000000100000000)
  to   space 87040K, 0% used [0x00000000f5600000,0x00000000f5600000,0x00000000fab00000)
 ParOldGen       total 786432K, used 569344K [0x00000000c0000000, 0x00000000f0000000, 0x00000000f0000000)
  object space 786432K, 72% used [0x00000000c0000000,0x00000000e2c00080,0x00000000f0000000)
 Metaspace       used 2804K, capacity 4486K, committed 4864K, reserved 1056768K
  class space    used 297K, capacity 386K, committed 512K, reserved 1048576K
