Java HotSpot(TM) 64-Bit Server VM (25.411-b09) for windows-amd64 JRE (1.8.0_411-b09), built on Mar 13 2024 07:26:13 by "java_re" with MS VC++ 17.1 (VS2022)
Memory: 4k page, physical 33403376k(12969224k free), swap 37262300k(6271908k free)
CommandLine flags: -XX:InitialHeapSize=1073741824 -XX:MaxHeapSize=1073741824 -XX:NewRatio=7 -XX:ParallelGCThreads=6 -XX:PretenureSizeThreshold=52428800 -XX:+PrintGC -XX:+PrintGCDetails -XX:+PrintGCTimeStamps -XX:SurvivorRatio=5 -XX:-UseAdaptiveSizePolicy -XX:+UseCompressedClassPointers -XX:+UseCompressedOops -XX:-UseLargePagesIndividualAllocation -XX:+UseParallelGC 
2.064: [GC (Allocation Failure) [PSYoungGen: 93880K->11944K(112640K)] 247480K->165552K(1030144K), 0.0028519 secs] [Times: user=0.00 sys=0.00, real=0.00 secs] 
3.863: [GC (Allocation Failure) [PSYoungGen: 101892K->18040K(112640K)] 409100K->325248K(1030144K), 0.0044510 secs] [Times: user=0.00 sys=0.00, real=0.00 secs] 
6.206: [GC (Allocation Failure) [PSYoungGen: 109012K->15944K(112640K)] 569820K->481872K(1030144K), 0.0033640 secs] [Times: user=0.00 sys=0.00, real=0.00 secs] 
8.441: [GC (Allocation Failure) [PSYoungGen: 101714K->5720K(112640K)] 721242K->625256K(1030144K), 0.0013931 secs] [Times: user=0.00 sys=0.00, real=0.00 secs] 
9.341: [GC (Allocation Failure) [PSYoungGen: 95668K->5720K(112640K)] 817604K->778856K(1030144K), 0.0178985 secs] [Times: user=0.02 sys=0.00, real=0.02 secs] 
10.130: [GC (Allocation Failure) [PSYoungGen: 63924K->5720K(112640K)] 888260K->830064K(1030144K), 0.0016208 secs] [Times: user=0.00 sys=0.00, real=0.00 secs] 
10.132: [GC (Allocation Failure) [PSYoungGen: 5720K->5720K(112640K)] 830064K->830064K(1030144K), 0.0020546 secs] [Times: user=0.00 sys=0.00, real=0.00 secs] 
10.134: [Full GC (Allocation Failure) [PSYoungGen: 5720K->0K(112640K)] [ParOldGen: 824344K->108048K(917504K)] 830064K->108048K(1030144K), [Metaspace: 2761K->2761K(1056768K)], 0.0171984 secs] [Times: user=0.00 sys=0.00, real=0.02 secs] 
12.561: [GC (Allocation Failure) [PSYoungGen: 85852K->10240K(112640K)] 449901K->374288K(1030144K), 0.0008051 secs] [Times: user=0.00 sys=0.00, real=0.00 secs] 
14.095: [GC (Allocation Failure) [PSYoungGen: 95680K->16416K(112640K)] 613329K->544313K(1030144K), 0.0018421 secs] [Times: user=0.00 sys=0.00, real=0.00 secs] 
14.854: [GC (Allocation Failure) [PSYoungGen: 106364K->16480K(112640K)] 736661K->646777K(1030144K), 0.0017514 secs] [Times: user=0.00 sys=0.00, real=0.00 secs] 
16.926: [GC (Allocation Failure) [PSYoungGen: 105404K->15424K(112640K)] 735701K->645721K(1030144K), 0.0015581 secs] [Times: user=0.00 sys=0.00, real=0.00 secs] 
17.688: [GC (Allocation Failure) [PSYoungGen: 105365K->10272K(112640K)] 838062K->763449K(1030144K), 0.0029144 secs] [Times: user=0.00 sys=0.00, real=0.00 secs] 
20.010: [Full GC (Ergonomics) [PSYoungGen: 100216K->0K(112640K)] [ParOldGen: 906777K->5649K(917504K)] 1006993K->5649K(1030144K), [Metaspace: 2770K->2770K(1056768K)], 0.0069915 secs] [Times: user=0.00 sys=0.00, real=0.01 secs] 
21.116: [GC (Allocation Failure) [PSYoungGen: 84825K->10240K(112640K)] 192874K->118289K(1030144K), 0.0008394 secs] [Times: user=0.00 sys=0.00, real=0.00 secs] 
21.774: [GC (Allocation Failure) [PSYoungGen: 104282K->7168K(112640K)] 314731K->217617K(1030144K), 0.0014958 secs] [Times: user=0.00 sys=0.00, real=0.00 secs] 
24.072: [GC (Allocation Failure) [PSYoungGen: 98139K->10240K(112640K)] 462188K->384529K(1030144K), 0.0013428 secs] [Times: user=0.00 sys=0.00, real=0.00 secs] 
24.836: [GC (Allocation Failure) [PSYoungGen: 100187K->10240K(112640K)] 576876K->486929K(1030144K), 0.0012588 secs] [Times: user=0.00 sys=0.00, real=0.00 secs] 
26.588: [GC (Allocation Failure) [PSYoungGen: 100187K->15360K(112640K)] 730477K->655889K(1030144K), 0.0021273 secs] [Times: user=0.00 sys=0.00, real=0.00 secs] 
28.337: [GC (Allocation Failure) [PSYoungGen: 104682K->15424K(112640K)] 745211K->655961K(1030144K), 0.0016503 secs] [Times: user=0.00 sys=0.00, real=0.00 secs] 
29.101: [GC (Allocation Failure) [PSYoungGen: 105362K->10272K(112640K)] 848300K->804409K(1030144K), 0.0057255 secs] [Times: user=0.00 sys=0.00, real=0.01 secs] 
30.079: [GC (Allocation Failure) [PSYoungGen: 78710K->10272K(112640K)] 924047K->855609K(1030144K), 0.0012792 secs] [Times: user=0.00 sys=0.00, real=0.00 secs] 
30.081: [GC (Allocation Failure) [PSYoungGen: 10272K->10272K(112640K)] 855609K->855609K(1030144K), 0.0013483 secs] [Times: user=0.00 sys=0.00, real=0.00 secs] 
30.082: [Full GC (Allocation Failure) [PSYoungGen: 10272K->0K(112640K)] [ParOldGen: 845337K->113169K(917504K)] 855609K->113169K(1030144K), [Metaspace: 2793K->2793K(1056768K)], 0.0105082 secs] [Times: user=0.01 sys=0.00, real=0.01 secs] 
32.715: [GC (Allocation Failure) [PSYoungGen: 81752K->16384K(112640K)] 399721K->334353K(1030144K), 0.0013960 secs] [Times: user=0.00 sys=0.00, real=0.00 secs] 
33.591: [GC (Allocation Failure) [PSYoungGen: 106329K->12288K(112640K)] 526699K->432657K(1030144K), 0.0012185 secs] [Times: user=0.00 sys=0.00, real=0.00 secs] 
35.556: [GC (Allocation Failure) [PSYoungGen: 97114K->10240K(112640K)] 671084K->594449K(1030144K), 0.0016493 secs] [Times: user=0.00 sys=0.00, real=0.00 secs] 
36.431: [GC (Allocation Failure) [PSYoungGen: 100187K->10240K(112640K)] 786796K->696849K(1030144K), 0.0011522 secs] [Times: user=0.00 sys=0.00, real=0.00 secs] 
38.175: [GC (Allocation Failure) [PSYoungGen: 100187K->15360K(112640K)] 940397K->876049K(1030144K), 0.0032407 secs] [Times: user=0.00 sys=0.00, real=0.00 secs] 
39.158: [GC (Allocation Failure) [PSYoungGen: 109403K->0K(112640K)] 970093K->911889K(1030144K), 0.0059394 secs] [Times: user=0.02 sys=0.00, real=0.01 secs] 
39.164: [Full GC (Ergonomics) [PSYoungGen: 0K->0K(112640K)] [ParOldGen: 911889K->51729K(917504K)] 911889K->51729K(1030144K), [Metaspace: 2793K->2793K(1056768K)], 0.0058581 secs] [Times: user=0.00 sys=0.00, real=0.01 secs] 
40.918: [GC (Allocation Failure) [PSYoungGen: 89942K->15360K(112640K)] 295271K->220689K(1030144K), 0.0010225 secs] [Times: user=0.00 sys=0.00, real=0.00 secs] 
43.437: [GC (Allocation Failure) [PSYoungGen: 107352K->6144K(112640K)] 466281K->365073K(1030144K), 0.0007813 secs] [Times: user=0.00 sys=0.00, real=0.00 secs] 
45.182: [GC (Allocation Failure) [PSYoungGen: 96089K->16384K(112640K)] 608619K->534033K(1030144K), 0.0017825 secs] [Times: user=0.00 sys=0.00, real=0.00 secs] 
47.466: [GC (Allocation Failure) [PSYoungGen: 108378K->1024K(112640K)] 933228K->846353K(1030144K), 0.0021342 secs] [Times: user=0.00 sys=0.00, real=0.00 secs] 
48.559: [Full GC (Ergonomics) [PSYoungGen: 74587K->0K(112640K)] [ParOldGen: 896529K->77329K(917504K)] 971116K->77329K(1030144K), [Metaspace: 2795K->2795K(1056768K)], 0.0278190 secs] [Times: user=0.01 sys=0.00, real=0.03 secs] 
50.991: [GC (Allocation Failure) [PSYoungGen: 89947K->10240K(112640K)] 423276K->343569K(1030144K), 0.0009579 secs] [Times: user=0.00 sys=0.00, real=0.00 secs] 
51.648: [GC (Allocation Failure) [PSYoungGen: 104283K->7168K(112640K)] 540013K->442897K(1030144K), 0.0010994 secs] [Times: user=0.00 sys=0.00, real=0.00 secs] 
53.500: [GC (Allocation Failure) [PSYoungGen: 98140K->17408K(112640K)] 687469K->606737K(1030144K), 0.0016117 secs] [Times: user=0.00 sys=0.00, real=0.00 secs] 
55.462: [GC (Allocation Failure) [PSYoungGen: 96092K->15360K(112640K)] 685421K->614929K(1030144K), 0.0017983 secs] [Times: user=0.00 sys=0.00, real=0.00 secs] 
56.333: [GC (Allocation Failure) [PSYoungGen: 105301K->15360K(112640K)] 807270K->717329K(1030144K), 0.0014224 secs] [Times: user=0.00 sys=0.00, real=0.00 secs] 
58.296: [GC (Allocation Failure) [PSYoungGen: 89943K->5120K(112640K)] 945513K->860689K(1030144K), 0.0020782 secs] [Times: user=0.00 sys=0.00, real=0.00 secs] 
58.513: [GC (Allocation Failure) --[PSYoungGen: 78681K->78681K(112640K)] 934250K->985450K(1030144K), 0.0048623 secs] [Times: user=0.00 sys=0.00, real=0.01 secs] 
58.518: [Full GC (Ergonomics) [PSYoungGen: 78681K->0K(112640K)] [ParOldGen: 906769K->52224K(917504K)] 985450K->52224K(1030144K), [Metaspace: 2796K->2796K(1056768K)], 0.0057751 secs] [Times: user=0.00 sys=0.00, real=0.01 secs] 
60.604: [GC (Allocation Failure) [PSYoungGen: 91986K->10240K(112640K)] 400210K->318464K(1030144K), 0.0012509 secs] [Times: user=0.00 sys=0.00, real=0.00 secs] 
62.564: [GC (Allocation Failure) [PSYoungGen: 99158K->15360K(112640K)] 560982K->477184K(1030144K), 0.0015209 secs] [Times: user=0.00 sys=0.00, real=0.00 secs] 
63.434: [GC (Allocation Failure) [PSYoungGen: 105304K->11264K(112640K)] 669528K->575488K(1030144K), 0.0015158 secs] [Times: user=0.00 sys=0.00, real=0.00 secs] 
65.173: [GC (Allocation Failure) [PSYoungGen: 101209K->16384K(112640K)] 819033K->744448K(1030144K), 0.0026410 secs] [Times: user=0.00 sys=0.00, real=0.00 secs] 
67.242: [Full GC (Ergonomics) [PSYoungGen: 110426K->0K(112640K)] [ParOldGen: 881664K->27648K(917504K)] 992090K->27648K(1030144K), [Metaspace: 2796K->2796K(1056768K)], 0.0044687 secs] [Times: user=0.00 sys=0.00, real=0.00 secs] 
69.099: [GC (Allocation Failure) [PSYoungGen: 90971K->10240K(112640K)] 272219K->191488K(1030144K), 0.0010376 secs] [Times: user=0.00 sys=0.00, real=0.00 secs] 
70.840: [GC (Allocation Failure) [PSYoungGen: 100187K->10240K(112640K)] 383835K->293888K(1030144K), 0.0009842 secs] [Times: user=0.00 sys=0.00, real=0.00 secs] 
71.496: [GC (Allocation Failure) [PSYoungGen: 104283K->6144K(112640K)] 490331K->392192K(1030144K), 0.0010499 secs] [Times: user=0.00 sys=0.00, real=0.00 secs] 
73.786: [GC (Allocation Failure) [PSYoungGen: 97116K->10240K(112640K)] 636764K->560128K(1030144K), 0.0022280 secs] [Times: user=0.00 sys=0.00, real=0.00 secs] 
74.549: [GC (Allocation Failure) [PSYoungGen: 100188K->15360K(112640K)] 752476K->672768K(1030144K), 0.0021288 secs] [Times: user=0.00 sys=0.00, real=0.00 secs] 
76.296: [GC (Allocation Failure) [PSYoungGen: 105308K->15360K(112640K)] 916316K->846848K(1030144K), 0.0031652 secs] [Times: user=0.00 sys=0.00, real=0.00 secs] 
78.040: [GC (Allocation Failure) [PSYoungGen: 104284K->15360K(112640K)] 935772K->846848K(1030144K), 0.0022235 secs] [Times: user=0.00 sys=0.00, real=0.00 secs] 
78.367: [GC (Allocation Failure) --[PSYoungGen: 99157K->99157K(112640K)] 930646K->981846K(1030144K), 0.0053414 secs] [Times: user=0.00 sys=0.00, real=0.01 secs] 
78.373: [Full GC (Ergonomics) [PSYoungGen: 99157K->0K(112640K)] [ParOldGen: 882688K->57344K(917504K)] 981846K->57344K(1030144K), [Metaspace: 2796K->2796K(1056768K)], 0.0061005 secs] [Times: user=0.00 sys=0.00, real=0.00 secs] 
80.458: [GC (Allocation Failure) [PSYoungGen: 91977K->10240K(112640K)] 405321K->323584K(1030144K), 0.0010247 secs] [Times: user=0.00 sys=0.00, real=0.00 secs] 
83.076: [GC (Allocation Failure) [PSYoungGen: 102224K->12288K(112640K)] 671568K->581632K(1030144K), 0.0014548 secs] [Times: user=0.00 sys=0.00, real=0.00 secs] 
85.146: [GC (Allocation Failure) [PSYoungGen: 97108K->10240K(112640K)] 820052K->733184K(1030144K), 0.0017453 secs] [Times: user=0.00 sys=0.00, real=0.00 secs] 
85.912: [GC (Allocation Failure) [PSYoungGen: 100183K->15360K(112640K)] 925527K->840704K(1030144K), 0.0018582 secs] [Times: user=0.00 sys=0.00, real=0.00 secs] 
86.894: [GC (Allocation Failure) [PSYoungGen: 83800K->15360K(112640K)] 960345K->912384K(1030144K), 0.0045645 secs] [Times: user=0.00 sys=0.00, real=0.00 secs] 
86.898: [Full GC (Ergonomics) [PSYoungGen: 15360K->0K(112640K)] [ParOldGen: 897024K->87569K(917504K)] 912384K->87569K(1030144K), [Metaspace: 2796K->2796K(1056768K)], 0.0091093 secs] [Times: user=0.00 sys=0.00, real=0.01 secs] 
89.207: [GC (Allocation Failure) [PSYoungGen: 89946K->10240K(112640K)] 331115K->251409K(1030144K), 0.0009028 secs] [Times: user=0.00 sys=0.00, real=0.00 secs] 
90.848: [GC (Allocation Failure) [PSYoungGen: 100186K->15360K(112640K)] 494956K->415249K(1030144K), 0.0017301 secs] [Times: user=0.00 sys=0.00, real=0.00 secs] 
91.612: [GC (Allocation Failure) [PSYoungGen: 105307K->11264K(112640K)] 607596K->513553K(1030144K), 0.0013815 secs] [Times: user=0.00 sys=0.00, real=0.00 secs] 
93.795: [GC (Allocation Failure) [PSYoungGen: 90971K->11264K(112640K)] 593261K->523793K(1030144K), 0.0019540 secs] [Times: user=0.00 sys=0.00, real=0.00 secs] 
94.668: [GC (Allocation Failure) [PSYoungGen: 101204K->11264K(112640K)] 716134K->626193K(1030144K), 0.0013535 secs] [Times: user=0.00 sys=0.00, real=0.00 secs] 
96.636: [GC (Allocation Failure) [PSYoungGen: 90967K->10240K(112640K)] 859496K->778769K(1030144K), 0.0014421 secs] [Times: user=0.00 sys=0.00, real=0.00 secs] 
97.512: [GC (Allocation Failure) [PSYoungGen: 100185K->10240K(112640K)] 971114K->901649K(1030144K), 0.0027667 secs] [Times: user=0.00 sys=0.00, real=0.00 secs] 
97.515: [Full GC (Ergonomics) [PSYoungGen: 10240K->0K(112640K)] [ParOldGen: 891409K->26129K(917504K)] 901649K->26129K(1030144K), [Metaspace: 2796K->2796K(1056768K)], 0.0037560 secs] [Times: user=0.00 sys=0.00, real=0.00 secs] 
99.261: [GC (Allocation Failure) [PSYoungGen: 89946K->10240K(112640K)] 269675K->189969K(1030144K), 0.0016788 secs] [Times: user=0.00 sys=0.00, real=0.00 secs] 
100.356: [GC (Allocation Failure) [PSYoungGen: 104282K->0K(112640K)] 386412K->282129K(1030144K), 0.0006227 secs] [Times: user=0.00 sys=0.00, real=0.00 secs] 
102.101: [GC (Allocation Failure) [PSYoungGen: 89947K->16384K(112640K)] 525676K->452113K(1030144K), 0.0014232 secs] [Times: user=0.00 sys=0.00, real=0.00 secs] 
102.758: [GC (Allocation Failure) [PSYoungGen: 110427K->12288K(112640K)] 648557K->550417K(1030144K), 0.0016153 secs] [Times: user=0.00 sys=0.00, real=0.00 secs] 
105.059: [GC (Allocation Failure) [PSYoungGen: 97116K->15360K(112640K)] 635245K->553489K(1030144K), 0.0015919 secs] [Times: user=0.00 sys=0.00, real=0.00 secs] 
105.827: [GC (Allocation Failure) [PSYoungGen: 105301K->15360K(112640K)] 745830K->661009K(1030144K), 0.0020212 secs] [Times: user=0.02 sys=0.00, real=0.00 secs] 
108.013: [GC (Allocation Failure) [PSYoungGen: 100183K->5120K(112640K)] 899433K->804369K(1030144K), 0.0013790 secs] [Times: user=0.02 sys=0.00, real=0.00 secs] 
108.889: [Full GC (Ergonomics) [PSYoungGen: 95065K->0K(112640K)] [ParOldGen: 901649K->57344K(917504K)] 996714K->57344K(1030144K), [Metaspace: 2796K->2796K(1056768K)], 0.0071542 secs] [Times: user=0.00 sys=0.00, real=0.01 secs] 
110.634: [GC (Allocation Failure) [PSYoungGen: 89946K->15360K(112640K)] 300890K->226304K(1030144K), 0.0011644 secs] [Times: user=0.00 sys=0.00, real=0.00 secs] 
111.839: [GC (Allocation Failure) [PSYoungGen: 109403K->1024K(112640K)] 422747K->314368K(1030144K), 0.0007278 secs] [Times: user=0.00 sys=0.00, real=0.00 secs] 
113.479: [GC (Allocation Failure) [PSYoungGen: 85851K->11264K(112640K)] 552795K->478208K(1030144K), 0.0012600 secs] [Times: user=0.00 sys=0.00, real=0.00 secs] 
114.131: [GC (Allocation Failure) [PSYoungGen: 105307K->17408K(112640K)] 674651K->586752K(1030144K), 0.0017243 secs] [Times: user=0.00 sys=0.00, real=0.00 secs] 
116.322: [GC (Allocation Failure) [PSYoungGen: 102236K->10240K(112640K)] 671580K->579584K(1030144K), 0.0018702 secs] [Times: user=0.00 sys=0.00, real=0.00 secs] 
116.975: [GC (Allocation Failure) [PSYoungGen: 104277K->6144K(112640K)] 776021K->698368K(1030144K), 0.0027878 secs] [Times: user=0.02 sys=0.00, real=0.00 secs] 
118.833: [GC (Allocation Failure) [PSYoungGen: 97111K->15360K(112640K)] 942936K->861184K(1030144K), 0.0024790 secs] [Times: user=0.00 sys=0.00, real=0.00 secs] 
119.597: [GC (Allocation Failure) [PSYoungGen: 73561K->0K(112640K)] 919385K->897024K(1030144K), 0.0051911 secs] [Times: user=0.00 sys=0.00, real=0.00 secs] 
119.602: [Full GC (Ergonomics) [PSYoungGen: 0K->0K(112640K)] [ParOldGen: 897024K->51729K(917504K)] 897024K->51729K(1030144K), [Metaspace: 2796K->2796K(1056768K)], 0.0054830 secs] [Times: user=0.00 sys=0.00, real=0.00 secs] 
121.689: [GC (Allocation Failure) [PSYoungGen: 91984K->11264K(112640K)] 399714K->318993K(1030144K), 0.0011001 secs] [Times: user=0.00 sys=0.00, real=0.00 secs] 
123.647: [GC (Allocation Failure) [PSYoungGen: 96084K->10240K(112640K)] 557414K->481809K(1030144K), 0.0016231 secs] [Times: user=0.00 sys=0.00, real=0.00 secs] 
124.517: [GC (Allocation Failure) [PSYoungGen: 100183K->10240K(112640K)] 674152K->584209K(1030144K), 0.0014230 secs] [Times: user=0.00 sys=0.00, real=0.00 secs] 
126.265: [GC (Allocation Failure) [PSYoungGen: 100185K->15360K(112640K)] 827754K->753169K(1030144K), 0.0020545 secs] [Times: user=0.00 sys=0.00, real=0.00 secs] 
127.902: [GC (Allocation Failure) [PSYoungGen: 104282K->15360K(112640K)] 842091K->753169K(1030144K), 0.0017791 secs] [Times: user=0.00 sys=0.00, real=0.00 secs] 
128.772: [GC (Allocation Failure) [PSYoungGen: 105300K->10240K(112640K)] 945510K->901649K(1030144K), 0.0053487 secs] [Times: user=0.00 sys=0.00, real=0.01 secs] 
128.777: [Full GC (Ergonomics) [PSYoungGen: 10240K->0K(112640K)] [ParOldGen: 891409K->61969K(917504K)] 901649K->61969K(1030144K), [Metaspace: 2796K->2796K(1056768K)], 0.0062808 secs] [Times: user=0.00 sys=0.00, real=0.01 secs] 
131.406: [GC (Allocation Failure) [PSYoungGen: 91991K->6144K(112640K)] 409960K->324113K(1030144K), 0.0010481 secs] [Times: user=0.00 sys=0.00, real=0.00 secs] 
133.157: [GC (Allocation Failure) [PSYoungGen: 96089K->12288K(112640K)] 567658K->483857K(1030144K), 0.0015008 secs] [Times: user=0.00 sys=0.00, real=0.00 secs] 
135.020: [GC (Allocation Failure) [PSYoungGen: 91994K->10240K(112640K)] 717163K->645649K(1030144K), 0.0014050 secs] [Times: user=0.00 sys=0.00, real=0.00 secs] 
135.892: [GC (Allocation Failure) [PSYoungGen: 100186K->15360K(112640K)] 837996K->758289K(1030144K), 0.0025862 secs] [Times: user=0.00 sys=0.00, real=0.00 secs] 
137.636: [Full GC (Ergonomics) [PSYoungGen: 105307K->0K(112640K)] [ParOldGen: 896529K->47104K(917504K)] 1001837K->47104K(1030144K), [Metaspace: 2796K->2796K(1056768K)], 0.0055827 secs] [Times: user=0.00 sys=0.00, real=0.00 secs] 
138.618: [GC (Allocation Failure) [PSYoungGen: 94043K->0K(112640K)] 141147K->98304K(1030144K), 0.0046055 secs] [Times: user=0.00 sys=0.00, real=0.00 secs] 
140.366: [GC (Allocation Failure) [PSYoungGen: 89942K->15360K(112640K)] 341846K->267264K(1030144K), 0.0012006 secs] [Times: user=0.02 sys=0.00, real=0.00 secs] 
142.881: [GC (Allocation Failure) [PSYoungGen: 107352K->6144K(112640K)] 512856K->411648K(1030144K), 0.0011308 secs] [Times: user=0.00 sys=0.00, real=0.00 secs] 
144.620: [GC (Allocation Failure) [PSYoungGen: 96089K->11264K(112640K)] 655193K->580608K(1030144K), 0.0021911 secs] [Times: user=0.00 sys=0.00, real=0.00 secs] 
146.909: [Full GC (Ergonomics) [PSYoungGen: 103258K->0K(112640K)] [ParOldGen: 876544K->22528K(917504K)] 979802K->22528K(1030144K), [Metaspace: 2796K->2796K(1056768K)], 0.0039140 secs] [Times: user=0.00 sys=0.00, real=0.00 secs] 
148.654: [GC (Allocation Failure) [PSYoungGen: 89947K->10240K(112640K)] 266075K->186368K(1030144K), 0.0009782 secs] [Times: user=0.00 sys=0.00, real=0.00 secs] 
150.628: [GC (Allocation Failure) [PSYoungGen: 104283K->15360K(112640K)] 434011K->345088K(1030144K), 0.0015487 secs] [Times: user=0.00 sys=0.00, real=0.00 secs] 
151.503: [GC (Allocation Failure) [PSYoungGen: 105307K->11264K(112640K)] 537435K->443392K(1030144K), 0.0011834 secs] [Times: user=0.00 sys=0.00, real=0.00 secs] 
153.243: [GC (Allocation Failure) [PSYoungGen: 101212K->17408K(112640K)] 686940K->603136K(1030144K), 0.0018598 secs] [Times: user=0.00 sys=0.00, real=0.00 secs] 
155.535: [GC (Allocation Failure) [PSYoungGen: 108380K->10240K(112640K)] 847708K->759808K(1030144K), 0.0021471 secs] [Times: user=0.00 sys=0.00, real=0.00 secs] 
157.719: [Full GC (Ergonomics) [PSYoungGen: 95068K->0K(112640K)] [ParOldGen: 903168K->6144K(917504K)] 998236K->6144K(1030144K), [Metaspace: 2796K->2796K(1056768K)], 0.0029141 secs] [Times: user=0.00 sys=0.00, real=0.00 secs] 
158.591: [GC (Allocation Failure) [PSYoungGen: 89948K->5120K(112640K)] 198492K->164864K(1030144K), 0.0047171 secs] [Times: user=0.00 sys=0.00, real=0.00 secs] 
160.340: [GC (Allocation Failure) [PSYoungGen: 95068K->15360K(112640K)] 408412K->328704K(1030144K), 0.0014759 secs] [Times: user=0.00 sys=0.00, real=0.00 secs] 
161.542: [GC (Allocation Failure) [PSYoungGen: 109404K->1024K(112640K)] 525148K->416768K(1030144K), 0.0015351 secs] [Times: user=0.00 sys=0.00, real=0.00 secs] 
163.177: [GC (Allocation Failure) [PSYoungGen: 85852K->11264K(112640K)] 655196K->580608K(1030144K), 0.0014037 secs] [Times: user=0.00 sys=0.00, real=0.00 secs] 
163.833: [GC (Allocation Failure) [PSYoungGen: 105308K->17408K(112640K)] 777052K->689152K(1030144K), 0.0020858 secs] [Times: user=0.00 sys=0.00, real=0.00 secs] 
166.011: [GC (Allocation Failure) [PSYoungGen: 102236K->10240K(112640K)] 773980K->681984K(1030144K), 0.0021466 secs] [Times: user=0.00 sys=0.00, real=0.00 secs] 
166.668: [GC (Allocation Failure) [PSYoungGen: 104277K->6144K(112640K)] 878421K->800768K(1030144K), 0.0039143 secs] [Times: user=0.00 sys=0.00, real=0.00 secs] 
167.869: [GC (Allocation Failure) [PSYoungGen: 80728K->10240K(112640K)] 926552K->856064K(1030144K), 0.0022457 secs] [Times: user=0.00 sys=0.00, real=0.00 secs] 
167.872: [GC (Allocation Failure) [PSYoungGen: 10240K->10240K(112640K)] 856064K->856064K(1030144K), 0.0020731 secs] [Times: user=0.00 sys=0.00, real=0.00 secs] 
167.874: [Full GC (Allocation Failure) [PSYoungGen: 10240K->0K(112640K)] [ParOldGen: 845824K->82449K(917504K)] 856064K->82449K(1030144K), [Metaspace: 2796K->2796K(1056768K)], 0.0073326 secs] [Times: user=0.00 sys=0.00, real=0.01 secs] 
169.958: [GC (Allocation Failure) [PSYoungGen: 91993K->5120K(112640K)] 379242K->292369K(1030144K), 0.0008266 secs] [Times: user=0.00 sys=0.00, real=0.00 secs] 
171.701: [GC (Allocation Failure) [PSYoungGen: 95066K->16384K(112640K)] 535915K->457233K(1030144K), 0.0013211 secs] [Times: user=0.00 sys=0.00, real=0.00 secs] 
172.358: [GC (Allocation Failure) [PSYoungGen: 110427K->12288K(112640K)] 653676K->555537K(1030144K), 0.0014659 secs] [Times: user=0.00 sys=0.00, real=0.00 secs] 
174.647: [GC (Allocation Failure) [PSYoungGen: 103259K->15360K(112640K)] 800109K->722449K(1030144K), 0.0024065 secs] [Times: user=0.02 sys=0.00, real=0.00 secs] 
175.410: [GC (Allocation Failure) [PSYoungGen: 105307K->15360K(112640K)] 914797K->829969K(1030144K), 0.0020624 secs] [Times: user=0.00 sys=0.00, real=0.00 secs] 
177.377: [GC (Allocation Failure) [PSYoungGen: 109404K->10240K(112640K)] 924013K->824849K(1030144K), 0.0016371 secs] [Times: user=0.00 sys=0.00, real=0.00 secs] 
178.030: [Full GC (Ergonomics) [PSYoungGen: 104278K->0K(112640K)] [ParOldGen: 917009K->58368K(917504K)] 1021287K->58368K(1030144K), [Metaspace: 2796K->2796K(1056768K)], 0.0064651 secs] [Times: user=0.00 sys=0.00, real=0.01 secs] 
179.883: [GC (Allocation Failure) [PSYoungGen: 90968K->10240K(112640K)] 302936K->222208K(1030144K), 0.0010847 secs] [Times: user=0.00 sys=0.00, real=0.00 secs] 
182.499: [GC (Allocation Failure) [PSYoungGen: 102233K->12288K(112640K)] 570201K->480256K(1030144K), 0.0015676 secs] [Times: user=0.00 sys=0.00, real=0.00 secs] 
184.571: [GC (Allocation Failure) [PSYoungGen: 97114K->10240K(112640K)] 718682K->631808K(1030144K), 0.0016347 secs] [Times: user=0.00 sys=0.00, real=0.00 secs] 
185.335: [GC (Allocation Failure) [PSYoungGen: 100187K->15360K(112640K)] 824155K->739328K(1030144K), 0.0024431 secs] [Times: user=0.03 sys=0.00, real=0.00 secs] 
187.081: [Full GC (Ergonomics) [PSYoungGen: 105307K->0K(112640K)] [ParOldGen: 877568K->47104K(917504K)] 982875K->47104K(1030144K), [Metaspace: 2796K->2796K(1056768K)], 0.0061158 secs] [Times: user=0.00 sys=0.02, real=0.01 secs] 
188.938: [GC (Allocation Failure) [PSYoungGen: 94043K->15360K(112640K)] 192347K->113664K(1030144K), 0.0015013 secs] [Times: user=0.00 sys=0.00, real=0.00 secs] 
189.810: [GC (Allocation Failure) [PSYoungGen: 105307K->10240K(112640K)] 306012K->210944K(1030144K), 0.0010841 secs] [Times: user=0.00 sys=0.00, real=0.00 secs] 
192.324: [GC (Allocation Failure) [PSYoungGen: 102236K->2080K(112640K)] 456540K->356384K(1030144K), 0.0010635 secs] [Times: user=0.00 sys=0.00, real=0.00 secs] 
194.064: [GC (Allocation Failure) [PSYoungGen: 92028K->16448K(112640K)] 599932K->529472K(1030144K), 0.0022683 secs] [Times: user=0.00 sys=0.00, real=0.00 secs] 
196.026: [GC (Allocation Failure) [PSYoungGen: 96156K->10272K(112640K)] 762780K->676896K(1030144K), 0.0022449 secs] [Times: user=0.00 sys=0.00, real=0.00 secs] 
196.900: [GC (Allocation Failure) [PSYoungGen: 100220K->10272K(112640K)] 869244K->799776K(1030144K), 0.0034981 secs] [Times: user=0.00 sys=0.00, real=0.00 secs] 
197.662: [GC (Allocation Failure) [PSYoungGen: 68476K->5152K(112640K)] 909180K->845856K(1030144K), 0.0029299 secs] [Times: user=0.00 sys=0.00, real=0.00 secs] 
197.665: [GC (Allocation Failure) [PSYoungGen: 5152K->5152K(112640K)] 845856K->845856K(1030144K), 0.0018842 secs] [Times: user=0.00 sys=0.00, real=0.00 secs] 
197.667: [Full GC (Allocation Failure) [PSYoungGen: 5152K->0K(112640K)] [ParOldGen: 840704K->77329K(917504K)] 845856K->77329K(1030144K), [Metaspace: 2796K->2796K(1056768K)], 0.0073751 secs] [Times: user=0.00 sys=0.00, real=0.01 secs] 
200.077: [GC (Allocation Failure) [PSYoungGen: 89948K->10240K(112640K)] 423278K->343569K(1030144K), 0.0008971 secs] [Times: user=0.00 sys=0.00, real=0.00 secs] 
200.734: [GC (Allocation Failure) [PSYoungGen: 104284K->7168K(112640K)] 540014K->442897K(1030144K), 0.0007784 secs] [Times: user=0.00 sys=0.00, real=0.00 secs] 
202.585: [GC (Allocation Failure) [PSYoungGen: 98140K->17408K(112640K)] 687470K->606737K(1030144K), 0.0017135 secs] [Times: user=0.00 sys=0.00, real=0.00 secs] 
204.547: [GC (Allocation Failure) [PSYoungGen: 96092K->15360K(112640K)] 685422K->614929K(1030144K), 0.0017184 secs] [Times: user=0.00 sys=0.00, real=0.00 secs] 
205.419: [GC (Allocation Failure) [PSYoungGen: 105301K->15360K(112640K)] 807270K->727569K(1030144K), 0.0026206 secs] [Times: user=0.00 sys=0.00, real=0.00 secs] 
207.380: [GC (Allocation Failure) [PSYoungGen: 89943K->5120K(112640K)] 955753K->870929K(1030144K), 0.0013055 secs] [Times: user=0.00 sys=0.00, real=0.00 secs] 
207.597: [GC (Allocation Failure) --[PSYoungGen: 78681K->78681K(112640K)] 944491K->995691K(1030144K), 0.0051247 secs] [Times: user=0.00 sys=0.00, real=0.00 secs] 
207.603: [Full GC (Ergonomics) [PSYoungGen: 78681K->0K(112640K)] [ParOldGen: 917009K->52224K(917504K)] 995691K->52224K(1030144K), [Metaspace: 2796K->2796K(1056768K)], 0.0063878 secs] [Times: user=0.00 sys=0.00, real=0.01 secs] 
209.684: [GC (Allocation Failure) [PSYoungGen: 91986K->10240K(112640K)] 400211K->318464K(1030144K), 0.0009281 secs] [Times: user=0.00 sys=0.00, real=0.00 secs] 
211.646: [GC (Allocation Failure) [PSYoungGen: 99158K->15360K(112640K)] 560982K->477184K(1030144K), 0.0015919 secs] [Times: user=0.00 sys=0.00, real=0.00 secs] 
212.518: [GC (Allocation Failure) [PSYoungGen: 105304K->11264K(112640K)] 669528K->575488K(1030144K), 0.0018890 secs] [Times: user=0.00 sys=0.00, real=0.00 secs] 
214.262: [GC (Allocation Failure) [PSYoungGen: 101209K->16384K(112640K)] 819034K->744448K(1030144K), 0.0027053 secs] [Times: user=0.00 sys=0.00, real=0.00 secs] 
216.332: [Full GC (Ergonomics) [PSYoungGen: 110426K->0K(112640K)] [ParOldGen: 881664K->27648K(917504K)] 992091K->27648K(1030144K), [Metaspace: 2796K->2796K(1056768K)], 0.0040193 secs] [Times: user=0.00 sys=0.00, real=0.00 secs] 
218.186: [GC (Allocation Failure) [PSYoungGen: 90971K->10240K(112640K)] 272219K->191488K(1030144K), 0.0010526 secs] [Times: user=0.00 sys=0.00, real=0.00 secs] 
Heap
 PSYoungGen      total 112640K, used 19128K [0x00000000f8000000, 0x0000000100000000, 0x0000000100000000)
  eden space 94208K, 9% used [0x00000000f8000000,0x00000000f88adfe8,0x00000000fdc00000)
  from space 18432K, 55% used [0x00000000fee00000,0x00000000ff800020,0x0000000100000000)
  to   space 18432K, 0% used [0x00000000fdc00000,0x00000000fdc00000,0x00000000fee00000)
 ParOldGen       total 917504K, used 181248K [0x00000000c0000000, 0x00000000f8000000, 0x00000000f8000000)
  object space 917504K, 19% used [0x00000000c0000000,0x00000000cb1001e8,0x00000000f8000000)
 Metaspace       used 2804K, capacity 4486K, committed 4864K, reserved 1056768K
  class space    used 297K, capacity 386K, committed 512K, reserved 1048576K
