Java HotSpot(TM) 64-Bit Server VM (25.411-b09) for windows-amd64 JRE (1.8.0_411-b09), built on Mar 13 2024 07:26:13 by "java_re" with MS VC++ 17.1 (VS2022)
Memory: 4k page, physical 33403376k(14517420k free), swap 36815128k(7393168k free)
CommandLine flags: -XX:InitialHeapSize=536870912 -XX:MaxHeapSize=536870912 -XX:NewRatio=7 -XX:ParallelGCThreads=6 -XX:+PrintGC -XX:+PrintGCDetails -XX:+PrintGCTimeStamps -XX:+UseCompressedClassPointers -XX:+UseCompressedOops -XX:-UseLargePagesIndividualAllocation -XX:+UseParallelGC 
1.041: [GC (Allocation Failure) [PSYoungGen: 44974K->5856K(57344K)] 44974K->16104K(516096K), 0.0046240 secs] [Times: user=0.00 sys=0.00, real=0.01 secs] 
2.066: [GC (Allocation Failure) [PSYoungGen: 54945K->6848K(57344K)] 218793K->175824K(516096K), 0.0027280 secs] [Times: user=0.00 sys=0.02, real=0.00 secs] 
2.612: [GC (Allocation Failure) [PSYoungGen: 43657K->6744K(57344K)] 212633K->185960K(516096K), 0.0037066 secs] [Times: user=0.00 sys=0.00, real=0.00 secs] 
3.753: [GC (Allocation Failure) [PSYoungGen: 55837K->7784K(57344K)] 388653K->345720K(516096K), 0.0025509 secs] [Times: user=0.00 sys=0.00, real=0.00 secs] 
5.281: [GC (Allocation Failure) [PSYoungGen: 55859K->5776K(57344K)] 393795K->348832K(516096K), 0.0022305 secs] [Times: user=0.00 sys=0.00, real=0.00 secs] 
5.733: [GC (Allocation Failure) [PSYoungGen: 47704K->656K(54272K)] 441960K->405152K(513024K), 0.0037502 secs] [Times: user=0.00 sys=0.00, real=0.00 secs] 
5.737: [GC (Allocation Failure) [PSYoungGen: 656K->64K(46592K)] 405152K->405160K(505344K), 0.0014929 secs] [Times: user=0.00 sys=0.00, real=0.00 secs] 
5.738: [Full GC (Allocation Failure) [PSYoungGen: 64K->0K(46592K)] [ParOldGen: 405096K->67088K(458752K)] 405160K->67088K(505344K), [Metaspace: 2753K->2753K(1056768K)], 0.0105566 secs] [Times: user=0.00 sys=0.00, real=0.01 secs] 
6.840: [GC (Allocation Failure) [PSYoungGen: 43920K->5120K(55808K)] 213409K->184848K(514560K), 0.0014066 secs] [Times: user=0.00 sys=0.00, real=0.00 secs] 
7.714: [GC (Allocation Failure) [PSYoungGen: 49489K->5152K(55296K)] 382818K->364088K(514048K), 0.0025947 secs] [Times: user=0.00 sys=0.00, real=0.00 secs] 
8.589: [GC (Allocation Failure) [PSYoungGen: 31659K->32K(55296K)] 441796K->410168K(514048K), 0.0010125 secs] [Times: user=0.00 sys=0.00, real=0.00 secs] 
8.590: [GC (Allocation Failure) [PSYoungGen: 32K->0K(46592K)] 410168K->410144K(505344K), 0.0010117 secs] [Times: user=0.00 sys=0.00, real=0.00 secs] 
8.591: [Full GC (Allocation Failure) [PSYoungGen: 0K->0K(46592K)] [ParOldGen: 410144K->51728K(458752K)] 410144K->51728K(505344K), [Metaspace: 2759K->2759K(1056768K)], 0.0050427 secs] [Times: user=0.00 sys=0.00, real=0.01 secs] 
9.696: [GC (Allocation Failure) [PSYoungGen: 43927K->5120K(55808K)] 198056K->169488K(514560K), 0.0014242 secs] [Times: user=0.00 sys=0.00, real=0.00 secs] 
10.569: [GC (Allocation Failure) [PSYoungGen: 49037K->5120K(55296K)] 367006K->328208K(514048K), 0.0010282 secs] [Times: user=0.00 sys=0.00, real=0.00 secs] 
11.224: [GC (Allocation Failure) [PSYoungGen: 46990K->5120K(55808K)] 370079K->338448K(514560K), 0.0016287 secs] [Times: user=0.00 sys=0.00, real=0.00 secs] 
11.444: [GC (Allocation Failure) [PSYoungGen: 26514K->0K(55808K)] 411043K->389649K(514560K), 0.0009275 secs] [Times: user=0.00 sys=0.00, real=0.00 secs] 
11.445: [GC (Allocation Failure) [PSYoungGen: 0K->0K(55808K)] 389649K->389649K(514560K), 0.0007986 secs] [Times: user=0.00 sys=0.00, real=0.00 secs] 
11.446: [Full GC (Allocation Failure) [PSYoungGen: 0K->0K(55808K)] [ParOldGen: 389649K->215568K(458752K)] 389649K->215568K(514560K), [Metaspace: 2761K->2761K(1056768K)], 0.0115312 secs] [Times: user=0.00 sys=0.00, real=0.01 secs] 
12.659: [GC (Allocation Failure) [PSYoungGen: 32957K->5152K(55808K)] 350926K->333368K(514560K), 0.0014610 secs] [Times: user=0.00 sys=0.00, real=0.00 secs] 
12.880: [GC (Allocation Failure) [PSYoungGen: 26548K->0K(55808K)] 405965K->384545K(514560K), 0.0009276 secs] [Times: user=0.03 sys=0.02, real=0.00 secs] 
12.881: [GC (Allocation Failure) [PSYoungGen: 0K->0K(55808K)] 384545K->384545K(514560K), 0.0009128 secs] [Times: user=0.00 sys=0.00, real=0.00 secs] 
12.882: [Full GC (Allocation Failure) [PSYoungGen: 0K->0K(55808K)] [ParOldGen: 384545K->56849K(458752K)] 384545K->56849K(514560K), [Metaspace: 2763K->2763K(1056768K)], 0.0049049 secs] [Times: user=0.00 sys=0.00, real=0.00 secs] 
13.986: [GC (Allocation Failure) [PSYoungGen: 43924K->1024K(55808K)] 203173K->180753K(514560K), 0.0014739 secs] [Times: user=0.00 sys=0.00, real=0.00 secs] 
14.861: [GC (Allocation Failure) [PSYoungGen: 44950K->5120K(55808K)] 378279K->344593K(514560K), 0.0011071 secs] [Times: user=0.00 sys=0.00, real=0.00 secs] 
16.061: [GC (Allocation Failure) [PSYoungGen: 46999K->0K(55808K)] 386472K->349713K(514560K), 0.0012203 secs] [Times: user=0.00 sys=0.00, real=0.00 secs] 
16.823: [GC (Allocation Failure) [PSYoungGen: 41873K->5120K(55808K)] 391586K->365073K(514560K), 0.0014983 secs] [Times: user=0.00 sys=0.00, real=0.00 secs] 
17.151: [GC (Allocation Failure) [PSYoungGen: 36749K->0K(55808K)] 447902K->436753K(514560K), 0.0158481 secs] [Times: user=0.00 sys=0.00, real=0.02 secs] 
17.167: [Full GC (Ergonomics) [PSYoungGen: 0K->0K(55808K)] [ParOldGen: 436753K->77329K(458752K)] 436753K->77329K(514560K), [Metaspace: 2768K->2768K(1056768K)], 0.0065166 secs] [Times: user=0.00 sys=0.00, real=0.01 secs] 
18.275: [GC (Allocation Failure) [PSYoungGen: 43921K->5120K(55808K)] 223650K->195089K(514560K), 0.0015022 secs] [Times: user=0.00 sys=0.00, real=0.00 secs] 
19.148: [GC (Allocation Failure) [PSYoungGen: 49044K->5120K(54784K)] 392613K->353809K(513536K), 0.0011060 secs] [Times: user=0.00 sys=0.00, real=0.00 secs] 
20.021: [GC (Allocation Failure) [PSYoungGen: 16257K->0K(55296K)] 416147K->399889K(514048K), 0.0008426 secs] [Times: user=0.00 sys=0.00, real=0.00 secs] 
20.022: [GC (Allocation Failure) [PSYoungGen: 0K->0K(55808K)] 399889K->399889K(514560K), 0.0006723 secs] [Times: user=0.00 sys=0.00, real=0.00 secs] 
20.023: [Full GC (Allocation Failure) [PSYoungGen: 0K->0K(55808K)] [ParOldGen: 399889K->51729K(458752K)] 399889K->51729K(514560K), [Metaspace: 2770K->2770K(1056768K)], 0.0045392 secs] [Times: user=0.00 sys=0.00, real=0.00 secs] 
21.134: [GC (Allocation Failure) [PSYoungGen: 43926K->5120K(55808K)] 198055K->169489K(514560K), 0.0013398 secs] [Times: user=0.00 sys=0.00, real=0.00 secs] 
22.009: [GC (Allocation Failure) [PSYoungGen: 49047K->6144K(53760K)] 367016K->329233K(512512K), 0.0011209 secs] [Times: user=0.00 sys=0.00, real=0.00 secs] 
22.665: [GC (Allocation Failure) [PSYoungGen: 47983K->10240K(54784K)] 371072K->339473K(513536K), 0.0016023 secs] [Times: user=0.00 sys=0.00, real=0.00 secs] 
22.879: [GC (Allocation Failure) [PSYoungGen: 31593K->0K(51712K)] 412026K->380433K(510464K), 0.0009327 secs] [Times: user=0.00 sys=0.00, real=0.00 secs] 
22.880: [GC (Allocation Failure) [PSYoungGen: 0K->0K(53248K)] 380433K->380433K(512000K), 0.0007239 secs] [Times: user=0.03 sys=0.00, real=0.00 secs] 
22.881: [Full GC (Allocation Failure) [PSYoungGen: 0K->0K(53248K)] [ParOldGen: 380433K->165393K(458752K)] 380433K->165393K(512000K), [Metaspace: 2779K->2779K(1056768K)], 0.0120675 secs] [Times: user=0.00 sys=0.00, real=0.01 secs] 
24.864: [Full GC (Ergonomics) [PSYoungGen: 40748K->0K(53248K)] [ParOldGen: 441873K->21504K(458752K)] 482621K->21504K(512000K), [Metaspace: 2779K->2779K(1056768K)], 0.0035659 secs] [Times: user=0.01 sys=0.00, real=0.00 secs] 
25.410: [GC (Allocation Failure) [PSYoungGen: 31534K->10240K(49664K)] 53038K->31744K(508416K), 0.0011407 secs] [Times: user=0.00 sys=0.00, real=0.00 secs] 
26.066: [GC (Allocation Failure) [PSYoungGen: 43756K->11264K(49664K)] 218860K->186368K(508416K), 0.0012659 secs] [Times: user=0.00 sys=0.00, real=0.00 secs] 
26.720: [GC (Allocation Failure) [PSYoungGen: 42735K->10240K(48128K)] 217839K->195584K(506880K), 0.0018479 secs] [Times: user=0.00 sys=0.00, real=0.00 secs] 
27.809: [GC (Allocation Failure) [PSYoungGen: 41606K->10240K(43520K)] 247430K->216064K(502272K), 0.0011087 secs] [Times: user=0.00 sys=0.00, real=0.00 secs] 
28.245: [GC (Allocation Failure) [PSYoungGen: 36628K->10272K(47104K)] 242452K->221224K(505856K), 0.0014709 secs] [Times: user=0.00 sys=0.00, real=0.00 secs] 
29.226: [GC (Allocation Failure) [PSYoungGen: 38504K->5120K(47616K)] 423536K->390160K(506368K), 0.0011096 secs] [Times: user=0.00 sys=0.00, real=0.00 secs] 
29.666: [GC (Allocation Failure) [PSYoungGen: 31307K->15360K(43520K)] 416347K->400400K(502272K), 0.0017427 secs] [Times: user=0.00 sys=0.00, real=0.00 secs] 
29.990: [Full GC (Ergonomics) [PSYoungGen: 26124K->0K(43520K)] [ParOldGen: 456720K->113169K(458752K)] 482844K->113169K(502272K), [Metaspace: 2793K->2793K(1056768K)], 0.0089535 secs] [Times: user=0.00 sys=0.00, real=0.01 secs] 
30.770: [GC (Allocation Failure) [PSYoungGen: 23052K->5120K(46080K)] 238622K->220689K(504832K), 0.0009938 secs] [Times: user=0.00 sys=0.00, real=0.00 secs] 
32.079: [GC (Allocation Failure) [PSYoungGen: 28175K->6144K(48128K)] 346144K->324113K(506880K), 0.0009315 secs] [Times: user=0.00 sys=0.00, real=0.00 secs] 
32.515: [GC (Allocation Failure) [PSYoungGen: 32334K->15360K(45568K)] 350303K->334353K(504320K), 0.0015728 secs] [Times: user=0.00 sys=0.00, real=0.00 secs] 
32.843: [GC (Allocation Failure) [PSYoungGen: 26186K->0K(46080K)] 416860K->395793K(504832K), 0.0010080 secs] [Times: user=0.00 sys=0.00, real=0.00 secs] 
32.844: [GC (Allocation Failure) [PSYoungGen: 0K->0K(46080K)] 395793K->395793K(504832K), 0.0009646 secs] [Times: user=0.00 sys=0.00, real=0.00 secs] 
32.845: [Full GC (Allocation Failure) [PSYoungGen: 0K->0K(46080K)] [ParOldGen: 395793K->57873K(458752K)] 395793K->57873K(504832K), [Metaspace: 2793K->2793K(1056768K)], 0.0051106 secs] [Times: user=0.02 sys=0.00, real=0.00 secs] 
33.623: [GC (Allocation Failure) [PSYoungGen: 23054K->6144K(47104K)] 183327K->166417K(505856K), 0.0007996 secs] [Times: user=0.00 sys=0.00, real=0.00 secs] 
33.952: [GC (Allocation Failure) [PSYoungGen: 27172K->10240K(46080K)] 187446K->181777K(504832K), 0.0014869 secs] [Times: user=0.00 sys=0.00, real=0.00 secs] 
35.262: [GC (Allocation Failure) [PSYoungGen: 28193K->5120K(48128K)] 373810K->350737K(506880K), 0.0009398 secs] [Times: user=0.00 sys=0.00, real=0.00 secs] 
35.699: [GC (Allocation Failure) [PSYoungGen: 26188K->10240K(47104K)] 443486K->427537K(505856K), 0.0013830 secs] [Times: user=0.00 sys=0.00, real=0.00 secs] 
35.700: [GC (Allocation Failure) [PSYoungGen: 10240K->0K(47616K)] 427537K->427537K(506368K), 0.0012785 secs] [Times: user=0.00 sys=0.00, real=0.00 secs] 
35.702: [Full GC (Allocation Failure) [PSYoungGen: 0K->0K(47616K)] [ParOldGen: 427537K->61969K(458752K)] 427537K->61969K(506368K), [Metaspace: 2793K->2793K(1056768K)], 0.0060990 secs] [Times: user=0.00 sys=0.00, real=0.01 secs] 
36.585: [GC (Allocation Failure) [PSYoungGen: 28238K->10240K(40448K)] 192607K->174609K(499200K), 0.0009224 secs] [Times: user=0.00 sys=0.00, real=0.00 secs] 
37.460: [GC (Allocation Failure) [PSYoungGen: 38479K->1024K(47616K)] 376929K->344593K(506368K), 0.0008484 secs] [Times: user=0.00 sys=0.00, real=0.00 secs] 
38.007: [GC (Allocation Failure) [PSYoungGen: 27206K->10240K(47104K)] 370775K->353809K(505856K), 0.0010236 secs] [Times: user=0.00 sys=0.00, real=0.00 secs] 
39.099: [GC (Allocation Failure) [PSYoungGen: 36418K->0K(47104K)] 451667K->415249K(505856K), 0.0007183 secs] [Times: user=0.00 sys=0.00, real=0.00 secs] 
39.535: [GC (Allocation Failure) [PSYoungGen: 21050K->10240K(39424K)] 436299K->425489K(498176K), 0.0011441 secs] [Times: user=0.00 sys=0.00, real=0.00 secs] 
39.862: [Full GC (Ergonomics) [PSYoungGen: 31285K->0K(39424K)] [ParOldGen: 435729K->26129K(458752K)] 467015K->26129K(498176K), [Metaspace: 2793K->2793K(1056768K)], 0.0036521 secs] [Times: user=0.00 sys=0.00, real=0.00 secs] 
40.841: [GC (Allocation Failure) [PSYoungGen: 28216K->10240K(46592K)] 207945K->189969K(505344K), 0.0008703 secs] [Times: user=0.00 sys=0.00, real=0.00 secs] 
41.605: [GC (Allocation Failure) [PSYoungGen: 37413K->2048K(46592K)] 391223K->360977K(505344K), 0.0008681 secs] [Times: user=0.00 sys=0.00, real=0.00 secs] 
42.262: [GC (Allocation Failure) [PSYoungGen: 29223K->5120K(48128K)] 388152K->365073K(506880K), 0.0009882 secs] [Times: user=0.00 sys=0.00, real=0.00 secs] 
43.569: [GC (Allocation Failure) [PSYoungGen: 33356K->6144K(47104K)] 393309K->366097K(505856K), 0.0009770 secs] [Times: user=0.00 sys=0.00, real=0.00 secs] 
43.898: [GC (Allocation Failure) [PSYoungGen: 27210K->10240K(48128K)] 387163K->381457K(506880K), 0.0016625 secs] [Times: user=0.00 sys=0.00, real=0.00 secs] 
44.225: [GC (Allocation Failure) [PSYoungGen: 41583K->0K(48640K)] 464000K->422417K(507392K), 0.0009819 secs] [Times: user=0.00 sys=0.00, real=0.00 secs] 
44.226: [GC (Allocation Failure) [PSYoungGen: 0K->0K(48640K)] 422417K->422417K(507392K), 0.0006612 secs] [Times: user=0.00 sys=0.00, real=0.00 secs] 
44.227: [Full GC (Allocation Failure) [PSYoungGen: 0K->0K(48640K)] [ParOldGen: 422417K->62993K(458752K)] 422417K->62993K(507392K), [Metaspace: 2795K->2795K(1056768K)], 0.0061804 secs] [Times: user=0.00 sys=0.00, real=0.01 secs] 
45.119: [GC (Allocation Failure) [PSYoungGen: 28275K->10240K(42496K)] 193668K->175633K(501248K), 0.0010305 secs] [Times: user=0.00 sys=0.00, real=0.00 secs] 
46.001: [GC (Allocation Failure) [PSYoungGen: 38518K->11264K(46592K)] 377991K->355857K(505344K), 0.0016227 secs] [Times: user=0.00 sys=0.00, real=0.00 secs] 
47.094: [GC (Allocation Failure) [PSYoungGen: 32314K->0K(47104K)] 448588K->416273K(505856K), 0.0009141 secs] [Times: user=0.00 sys=0.00, real=0.00 secs] 
47.094: [GC (Allocation Failure) [PSYoungGen: 0K->0K(47616K)] 416273K->416273K(506368K), 0.0008617 secs] [Times: user=0.00 sys=0.00, real=0.00 secs] 
47.095: [Full GC (Allocation Failure) [PSYoungGen: 0K->0K(47616K)] [ParOldGen: 416273K->72209K(458752K)] 416273K->72209K(506368K), [Metaspace: 2795K->2795K(1056768K)], 0.0062210 secs] [Times: user=0.00 sys=0.00, real=0.01 secs] 
47.983: [GC (Allocation Failure) [PSYoungGen: 28229K->10240K(39936K)] 202839K->184849K(498688K), 0.0009521 secs] [Times: user=0.00 sys=0.00, real=0.00 secs] 
48.856: [GC (Allocation Failure) [PSYoungGen: 38470K->1024K(47104K)] 387159K->354833K(505856K), 0.0011126 secs] [Times: user=0.00 sys=0.00, real=0.00 secs] 
49.402: [GC (Allocation Failure) [PSYoungGen: 27186K->10240K(46592K)] 380995K->364049K(505344K), 0.0010014 secs] [Times: user=0.00 sys=0.00, real=0.00 secs] 
49.948: [GC (Allocation Failure) [PSYoungGen: 36398K->0K(47104K)] 461888K->430609K(505856K), 0.0010205 secs] [Times: user=0.00 sys=0.00, real=0.00 secs] 
49.949: [Full GC (Ergonomics) [PSYoungGen: 0K->0K(47104K)] [ParOldGen: 430609K->133649K(458752K)] 430609K->133649K(505856K), [Metaspace: 2795K->2795K(1056768K)], 0.0086404 secs] [Times: user=0.00 sys=0.00, real=0.01 secs] 
51.055: [GC (Allocation Failure) [PSYoungGen: 26160K->15360K(44032K)] 262209K->251409K(502784K), 0.0014575 secs] [Times: user=0.00 sys=0.00, real=0.00 secs] 
51.925: [GC (Allocation Failure) [PSYoungGen: 38449K->6144K(46080K)] 448578K->421393K(504832K), 0.0011890 secs] [Times: user=0.00 sys=0.00, real=0.00 secs] 
52.364: [GC (Allocation Failure) [PSYoungGen: 27124K->10240K(44544K)] 442374K->426513K(503296K), 0.0010065 secs] [Times: user=0.03 sys=0.00, real=0.00 secs] 
52.690: [Full GC (Ergonomics) [PSYoungGen: 31216K->0K(44544K)] [ParOldGen: 436753K->32273K(458752K)] 467970K->32273K(503296K), [Metaspace: 2795K->2795K(1056768K)], 0.0038220 secs] [Times: user=0.00 sys=0.00, real=0.00 secs] 
53.563: [GC (Allocation Failure) [PSYoungGen: 23026K->6144K(47104K)] 208900K->192017K(505856K), 0.0008296 secs] [Times: user=0.00 sys=0.00, real=0.00 secs] 
54.548: [GC (Allocation Failure) [PSYoungGen: 28188K->1024K(45568K)] 214061K->186897K(504320K), 0.0005903 secs] [Times: user=0.00 sys=0.00, real=0.00 secs] 
55.094: [GC (Allocation Failure) [PSYoungGen: 27160K->10240K(47104K)] 213034K->196113K(505856K), 0.0010031 secs] [Times: user=0.00 sys=0.00, real=0.00 secs] 
55.968: [GC (Allocation Failure) [PSYoungGen: 38453K->11264K(40448K)] 398406K->376337K(499200K), 0.0015796 secs] [Times: user=0.00 sys=0.00, real=0.00 secs] 
56.511: [GC (Allocation Failure) [PSYoungGen: 37432K->10240K(46080K)] 402505K->385553K(504832K), 0.0018366 secs] [Times: user=0.00 sys=0.00, real=0.00 secs] 
57.054: [Full GC (Ergonomics) [PSYoungGen: 36365K->0K(46080K)] [ParOldGen: 446993K->92689K(458752K)] 483358K->92689K(504832K), [Metaspace: 2796K->2796K(1056768K)], 0.0079987 secs] [Times: user=0.00 sys=0.00, real=0.01 secs] 
58.924: [GC (Allocation Failure) [PSYoungGen: 25103K->5120K(46080K)] 394273K->374289K(504832K), 0.0009103 secs] [Times: user=0.00 sys=0.00, real=0.00 secs] 
59.470: [GC (Allocation Failure) [PSYoungGen: 31249K->10240K(47104K)] 400418K->379409K(505856K), 0.0009726 secs] [Times: user=0.00 sys=0.00, real=0.00 secs] 
59.906: [Full GC (Ergonomics) [PSYoungGen: 31287K->0K(47104K)] [ParOldGen: 440849K->108049K(458752K)] 472136K->108049K(505856K), [Metaspace: 2796K->2796K(1056768K)], 0.0084843 secs] [Times: user=0.01 sys=0.00, real=0.01 secs] 
60.799: [GC (Allocation Failure) [PSYoungGen: 28217K->10240K(47104K)] 238666K->220689K(505856K), 0.0010397 secs] [Times: user=0.00 sys=0.00, real=0.00 secs] 
62.108: [GC (Allocation Failure) [PSYoungGen: 37434K->1024K(47104K)] 421964K->385553K(505856K), 0.0006685 secs] [Times: user=0.00 sys=0.00, real=0.00 secs] 
62.435: [GC (Allocation Failure) [PSYoungGen: 22075K->15360K(44544K)] 406605K->399889K(503296K), 0.0016557 secs] [Times: user=0.00 sys=0.00, real=0.00 secs] 
62.762: [Full GC (Ergonomics) [PSYoungGen: 26166K->0K(44544K)] [ParOldGen: 456209K->56849K(458752K)] 482376K->56849K(503296K), [Metaspace: 2796K->2796K(1056768K)], 0.0055486 secs] [Times: user=0.00 sys=0.00, real=0.01 secs] 
63.649: [GC (Allocation Failure) [PSYoungGen: 28215K->6144K(46080K)] 187464K->165393K(504832K), 0.0034308 secs] [Times: user=0.00 sys=0.00, real=0.00 secs] 
63.870: [GC (Allocation Failure) [PSYoungGen: 22012K->10240K(45056K)] 181261K->180753K(503808K), 0.0014350 secs] [Times: user=0.00 sys=0.00, real=0.00 secs] 
64.742: [GC (Allocation Failure) [PSYoungGen: 33271K->10240K(46592K)] 377865K->365073K(505344K), 0.0019455 secs] [Times: user=0.00 sys=0.00, real=0.00 secs] 
65.180: [GC (Allocation Failure) [PSYoungGen: 31257K->5120K(46080K)] 386090K->365073K(504832K), 0.0014741 secs] [Times: user=0.00 sys=0.00, real=0.00 secs] 
66.054: [GC (Allocation Failure) [PSYoungGen: 31254K->5120K(47616K)] 391207K->365073K(506368K), 0.0011732 secs] [Times: user=0.00 sys=0.00, real=0.00 secs] 
66.599: [GC (Allocation Failure) [PSYoungGen: 31293K->10240K(47104K)] 391247K->370193K(505856K), 0.0011516 secs] [Times: user=0.00 sys=0.00, real=0.00 secs] 
67.035: [Full GC (Ergonomics) [PSYoungGen: 31292K->0K(47104K)] [ParOldGen: 431633K->77329K(458752K)] 462926K->77329K(505856K), [Metaspace: 2796K->2796K(1056768K)], 0.0066797 secs] [Times: user=0.03 sys=0.00, real=0.01 secs] 
67.923: [GC (Allocation Failure) [PSYoungGen: 28224K->10240K(47104K)] 207954K->189969K(505856K), 0.0009624 secs] [Times: user=0.00 sys=0.00, real=0.00 secs] 
68.798: [GC (Allocation Failure) [PSYoungGen: 38467K->1024K(47104K)] 392276K->359953K(505856K), 0.0008516 secs] [Times: user=0.00 sys=0.00, real=0.00 secs] 
69.895: [GC (Allocation Failure) [PSYoungGen: 22084K->0K(46592K)] 432214K->410129K(505344K), 0.0007296 secs] [Times: user=0.02 sys=0.00, real=0.00 secs] 
69.896: [GC (Allocation Failure) [PSYoungGen: 0K->0K(47104K)] 410129K->410129K(505856K), 0.0007016 secs] [Times: user=0.00 sys=0.00, real=0.00 secs] 
69.897: [Full GC (Allocation Failure) [PSYoungGen: 0K->0K(47104K)] [ParOldGen: 410129K->51729K(458752K)] 410129K->51729K(505856K), [Metaspace: 2796K->2796K(1056768K)], 0.0047521 secs] [Times: user=0.00 sys=0.00, real=0.00 secs] 
70.788: [GC (Allocation Failure) [PSYoungGen: 28219K->10240K(47104K)] 182348K->164369K(505856K), 0.0008768 secs] [Times: user=0.00 sys=0.00, real=0.00 secs] 
71.666: [GC (Allocation Failure) [PSYoungGen: 38460K->2048K(47104K)] 366669K->335377K(505856K), 0.0011420 secs] [Times: user=0.00 sys=0.00, real=0.00 secs] 
72.212: [GC (Allocation Failure) [PSYoungGen: 28220K->5120K(48640K)] 361550K->339473K(507392K), 0.0010000 secs] [Times: user=0.00 sys=0.00, real=0.00 secs] 
72.757: [GC (Allocation Failure) [PSYoungGen: 31319K->5120K(47104K)] 437352K->411153K(505856K), 0.0009841 secs] [Times: user=0.00 sys=0.00, real=0.00 secs] 
72.758: [GC (Allocation Failure) [PSYoungGen: 5120K->0K(49152K)] 411153K->411153K(507904K), 0.0009818 secs] [Times: user=0.00 sys=0.00, real=0.00 secs] 
72.759: [Full GC (Allocation Failure) [PSYoungGen: 0K->0K(49152K)] [ParOldGen: 411153K->165393K(458752K)] 411153K->165393K(507904K), [Metaspace: 2796K->2796K(1056768K)], 0.0120481 secs] [Times: user=0.00 sys=0.00, real=0.01 secs] 
74.517: [Full GC (Ergonomics) [PSYoungGen: 30347K->0K(49152K)] [ParOldGen: 441873K->12288K(458752K)] 472221K->12288K(507904K), [Metaspace: 2796K->2796K(1056768K)], 0.0023752 secs] [Times: user=0.00 sys=0.00, real=0.00 secs] 
75.174: [GC (Allocation Failure) [PSYoungGen: 31373K->10240K(43520K)] 43661K->22528K(502272K), 0.0012332 secs] [Times: user=0.00 sys=0.00, real=0.00 secs] 
76.052: [GC (Allocation Failure) [PSYoungGen: 38537K->15360K(43520K)] 224905K->206848K(502272K), 0.0019139 secs] [Times: user=0.00 sys=0.00, real=0.00 secs] 
76.597: [GC (Allocation Failure) [PSYoungGen: 41489K->10240K(46080K)] 232977K->211968K(504832K), 0.0016854 secs] [Times: user=0.00 sys=0.00, real=0.00 secs] 
77.578: [GC (Allocation Failure) [PSYoungGen: 36366K->5120K(47104K)] 258574K->227328K(505856K), 0.0008269 secs] [Times: user=0.00 sys=0.00, real=0.00 secs] 
78.016: [GC (Allocation Failure) [PSYoungGen: 26149K->10240K(46080K)] 248357K->232448K(504832K), 0.0012720 secs] [Times: user=0.00 sys=0.00, real=0.00 secs] 
78.782: [GC (Allocation Failure) [PSYoungGen: 33313K->1024K(47104K)] 429601K->402432K(505856K), 0.0009459 secs] [Times: user=0.00 sys=0.00, real=0.00 secs] 
79.326: [GC (Allocation Failure) [PSYoungGen: 27182K->10240K(46592K)] 428590K->411648K(505344K), 0.0012508 secs] [Times: user=0.00 sys=0.00, real=0.00 secs] 
79.765: [GC (Allocation Failure) [PSYoungGen: 36395K->0K(46592K)] 458284K->427008K(505344K), 0.0012510 secs] [Times: user=0.00 sys=0.00, real=0.00 secs] 
79.766: [GC (Allocation Failure) [PSYoungGen: 0K->0K(46592K)] 427008K->427008K(505344K), 0.0013849 secs] [Times: user=0.00 sys=0.00, real=0.00 secs] 
79.767: [Full GC (Allocation Failure) [PSYoungGen: 0K->0K(46592K)] [ParOldGen: 427008K->82449K(458752K)] 427008K->82449K(505344K), [Metaspace: 2796K->2796K(1056768K)], 0.0077792 secs] [Times: user=0.00 sys=0.00, real=0.01 secs] 
80.652: [GC (Allocation Failure) [PSYoungGen: 23076K->5120K(48128K)] 259125K->241169K(506880K), 0.0008443 secs] [Times: user=0.00 sys=0.00, real=0.00 secs] 
82.072: [GC (Allocation Failure) [PSYoungGen: 33358K->6144K(47104K)] 371808K->344593K(505856K), 0.0009256 secs] [Times: user=0.00 sys=0.00, real=0.00 secs] 
82.400: [GC (Allocation Failure) [PSYoungGen: 27215K->15360K(44032K)] 365665K->354833K(502784K), 0.0014821 secs] [Times: user=0.00 sys=0.00, real=0.00 secs] 
82.731: [GC (Allocation Failure) [PSYoungGen: 26146K->0K(46592K)] 437299K->416273K(505344K), 0.0009046 secs] [Times: user=0.00 sys=0.00, real=0.00 secs] 
82.732: [GC (Allocation Failure) [PSYoungGen: 0K->0K(47104K)] 416273K->416273K(505856K), 0.0009741 secs] [Times: user=0.00 sys=0.00, real=0.00 secs] 
82.733: [Full GC (Allocation Failure) [PSYoungGen: 0K->0K(47104K)] [ParOldGen: 416273K->57873K(458752K)] 416273K->57873K(505856K), [Metaspace: 2796K->2796K(1056768K)], 0.0057706 secs] [Times: user=0.00 sys=0.00, real=0.01 secs] 
83.510: [GC (Allocation Failure) [PSYoungGen: 23084K->6144K(46592K)] 183357K->166417K(505344K), 0.0007964 secs] [Times: user=0.00 sys=0.00, real=0.00 secs] 
83.837: [GC (Allocation Failure) [PSYoungGen: 27182K->10240K(46592K)] 187456K->181777K(505344K), 0.0014972 secs] [Times: user=0.00 sys=0.00, real=0.00 secs] 
85.256: [GC (Allocation Failure) [PSYoungGen: 38453K->10240K(47104K)] 384070K->355857K(505856K), 0.0012630 secs] [Times: user=0.00 sys=0.00, real=0.00 secs] 
85.585: [GC (Allocation Failure) [PSYoungGen: 21048K->10240K(46080K)] 438345K->427537K(504832K), 0.0012751 secs] [Times: user=0.00 sys=0.00, real=0.00 secs] 
85.586: [GC (Allocation Failure) [PSYoungGen: 10240K->0K(46592K)] 427537K->427537K(505344K), 0.0011867 secs] [Times: user=0.00 sys=0.00, real=0.00 secs] 
85.588: [Full GC (Allocation Failure) [PSYoungGen: 0K->0K(46592K)] [ParOldGen: 427537K->61969K(458752K)] 427537K->61969K(505344K), [Metaspace: 2796K->2796K(1056768K)], 0.0057437 secs] [Times: user=0.00 sys=0.00, real=0.01 secs] 
86.364: [GC (Allocation Failure) [PSYoungGen: 23075K->10240K(46592K)] 187445K->174609K(505344K), 0.0010303 secs] [Times: user=0.00 sys=0.00, real=0.00 secs] 
86.690: [GC (Allocation Failure) [PSYoungGen: 31269K->10240K(38400K)] 195639K->179729K(497152K), 0.0014678 secs] [Times: user=0.00 sys=0.00, real=0.00 secs] 
87.565: [GC (Allocation Failure) [PSYoungGen: 33313K->5120K(47104K)] 376883K->348689K(505856K), 0.0008182 secs] [Times: user=0.00 sys=0.00, real=0.00 secs] 
88.001: [GC (Allocation Failure) [PSYoungGen: 26148K->10240K(46080K)] 369717K->353809K(504832K), 0.0009700 secs] [Times: user=0.00 sys=0.00, real=0.00 secs] 
89.091: [GC (Allocation Failure) [PSYoungGen: 36384K->5120K(47616K)] 451634K->420369K(506368K), 0.0007692 secs] [Times: user=0.00 sys=0.00, real=0.00 secs] 
89.530: [GC (Allocation Failure) [PSYoungGen: 31298K->15360K(45056K)] 446547K->430609K(503808K), 0.0016276 secs] [Times: user=0.00 sys=0.00, real=0.00 secs] 
89.748: [Full GC (Ergonomics) [PSYoungGen: 26175K->0K(45056K)] [ParOldGen: 435729K->26129K(458752K)] 461905K->26129K(503808K), [Metaspace: 2796K->2796K(1056768K)], 0.0031724 secs] [Times: user=0.00 sys=0.00, real=0.00 secs] 
90.731: [GC (Allocation Failure) [PSYoungGen: 28223K->10240K(46080K)] 207953K->189969K(504832K), 0.0010600 secs] [Times: user=0.00 sys=0.00, real=0.00 secs] 
90.949: [GC (Allocation Failure) [PSYoungGen: 26117K->10240K(45568K)] 205846K->195089K(504320K), 0.0013842 secs] [Times: user=0.00 sys=0.00, real=0.00 secs] 
91.824: [GC (Allocation Failure) [PSYoungGen: 33281K->6144K(47104K)] 392210K->365073K(505856K), 0.0008890 secs] [Times: user=0.00 sys=0.00, real=0.00 secs] 
93.024: [GC (Allocation Failure) [PSYoungGen: 29218K->2048K(46080K)] 388148K->360977K(504832K), 0.0008017 secs] [Times: user=0.00 sys=0.00, real=0.00 secs] 
93.571: [GC (Allocation Failure) [PSYoungGen: 28192K->5120K(47616K)] 387121K->365073K(506368K), 0.0008998 secs] [Times: user=0.00 sys=0.00, real=0.00 secs] 
94.117: [GC (Allocation Failure) [PSYoungGen: 31293K->10240K(47104K)] 462927K->441873K(505856K), 0.0015718 secs] [Times: user=0.00 sys=0.00, real=0.00 secs] 
94.119: [GC (Allocation Failure) [PSYoungGen: 10240K->0K(47616K)] 441873K->441873K(506368K), 0.0012556 secs] [Times: user=0.00 sys=0.00, real=0.00 secs] 
94.120: [Full GC (Allocation Failure) [PSYoungGen: 0K->0K(47616K)] [ParOldGen: 441873K->62993K(458752K)] 441873K->62993K(506368K), [Metaspace: 2796K->2796K(1056768K)], 0.0061212 secs] [Times: user=0.00 sys=0.00, real=0.01 secs] 
95.007: [GC (Allocation Failure) [PSYoungGen: 28235K->10240K(40448K)] 193628K->175633K(499200K), 0.0010262 secs] [Times: user=0.00 sys=0.00, real=0.00 secs] 
95.880: [GC (Allocation Failure) [PSYoungGen: 38477K->11264K(46080K)] 377951K->355857K(504832K), 0.0016116 secs] [Times: user=0.00 sys=0.00, real=0.00 secs] 
96.973: [GC (Allocation Failure) [PSYoungGen: 32294K->0K(46592K)] 448567K->416273K(505344K), 0.0008801 secs] [Times: user=0.00 sys=0.00, real=0.00 secs] 
96.974: [GC (Allocation Failure) [PSYoungGen: 0K->0K(46592K)] 416273K->416273K(505344K), 0.0008394 secs] [Times: user=0.00 sys=0.00, real=0.00 secs] 
96.975: [Full GC (Allocation Failure) [PSYoungGen: 0K->0K(46592K)] [ParOldGen: 416273K->72209K(458752K)] 416273K->72209K(505344K), [Metaspace: 2796K->2796K(1056768K)], 0.0064787 secs] [Times: user=0.00 sys=0.00, real=0.01 secs] 
97.756: [GC (Allocation Failure) [PSYoungGen: 23079K->10240K(38400K)] 197688K->184849K(497152K), 0.0012080 secs] [Times: user=0.00 sys=0.00, real=0.00 secs] 
98.082: [GC (Allocation Failure) [PSYoungGen: 31271K->10240K(46080K)] 205881K->189969K(504832K), 0.0017588 secs] [Times: user=0.02 sys=0.00, real=0.00 secs] 
98.954: [GC (Allocation Failure) [PSYoungGen: 33295K->5120K(46080K)] 387104K->358929K(504832K), 0.0008183 secs] [Times: user=0.00 sys=0.00, real=0.00 secs] 
99.390: [GC (Allocation Failure) [PSYoungGen: 26128K->10240K(47104K)] 379938K->364049K(505856K), 0.0010089 secs] [Times: user=0.00 sys=0.00, real=0.00 secs] 
99.828: [GC (Allocation Failure) [PSYoungGen: 31285K->0K(47104K)] 456775K->430609K(505856K), 0.0009061 secs] [Times: user=0.00 sys=0.00, real=0.00 secs] 
99.829: [GC (Allocation Failure) [PSYoungGen: 0K->0K(47104K)] 430609K->430609K(505856K), 0.0012800 secs] [Times: user=0.00 sys=0.00, real=0.00 secs] 
99.830: [Full GC (Allocation Failure) [PSYoungGen: 0K->0K(47104K)] [ParOldGen: 430609K->133649K(458752K)] 430609K->133649K(505856K), [Metaspace: 2796K->2796K(1056768K)], 0.0098429 secs] [Times: user=0.02 sys=0.00, real=0.01 secs] 
100.935: [GC (Allocation Failure) [PSYoungGen: 26168K->15360K(44544K)] 262218K->251409K(503296K), 0.0015193 secs] [Times: user=0.00 sys=0.00, real=0.00 secs] 
101.916: [GC (Allocation Failure) [PSYoungGen: 43578K->6144K(46080K)] 453707K->421393K(504832K), 0.0012311 secs] [Times: user=0.00 sys=0.00, real=0.00 secs] 
102.245: [GC (Allocation Failure) [PSYoungGen: 22004K->10240K(44544K)] 437253K->426513K(503296K), 0.0010537 secs] [Times: user=0.00 sys=0.00, real=0.00 secs] 
102.572: [Full GC (Ergonomics) [PSYoungGen: 31215K->0K(44544K)] [ParOldGen: 436753K->32273K(458752K)] 467968K->32273K(503296K), [Metaspace: 2796K->2796K(1056768K)], 0.0037752 secs] [Times: user=0.00 sys=0.00, real=0.00 secs] 
103.448: [GC (Allocation Failure) [PSYoungGen: 23025K->6144K(47104K)] 208898K->192017K(505856K), 0.0008845 secs] [Times: user=0.00 sys=0.00, real=0.00 secs] 
104.544: [GC (Allocation Failure) [PSYoungGen: 33317K->10240K(46080K)] 219191K->196113K(504832K), 0.0009143 secs] [Times: user=0.00 sys=0.00, real=0.00 secs] 
105.089: [GC (Allocation Failure) [PSYoungGen: 36387K->5120K(47616K)] 222260K->196113K(506368K), 0.0011222 secs] [Times: user=0.00 sys=0.00, real=0.00 secs] 
105.963: [GC (Allocation Failure) [PSYoungGen: 33343K->15360K(45056K)] 398416K->380433K(503808K), 0.0015112 secs] [Times: user=0.00 sys=0.00, real=0.00 secs] 
106.508: [GC (Allocation Failure) [PSYoungGen: 41538K->10240K(46080K)] 406611K->385553K(504832K), 0.0019887 secs] [Times: user=0.00 sys=0.00, real=0.00 secs] 
106.943: [Full GC (Ergonomics) [PSYoungGen: 31235K->0K(46080K)] [ParOldGen: 446993K->92689K(458752K)] 478228K->92689K(504832K), [Metaspace: 2796K->2796K(1056768K)], 0.0078186 secs] [Times: user=0.00 sys=0.00, real=0.01 secs] 
108.817: [GC (Allocation Failure) [PSYoungGen: 25093K->5120K(45568K)] 394263K->374289K(504320K), 0.0007748 secs] [Times: user=0.00 sys=0.00, real=0.00 secs] 
109.255: [GC (Allocation Failure) [PSYoungGen: 26119K->10240K(46592K)] 395288K->379409K(505344K), 0.0010943 secs] [Times: user=0.00 sys=0.00, real=0.00 secs] 
109.802: [Full GC (Ergonomics) [PSYoungGen: 36386K->0K(46592K)] [ParOldGen: 440849K->108049K(458752K)] 477235K->108049K(505344K), [Metaspace: 2796K->2796K(1056768K)], 0.0086631 secs] [Times: user=0.00 sys=0.00, real=0.01 secs] 
110.586: [GC (Allocation Failure) [PSYoungGen: 23076K->5120K(46592K)] 233526K->215569K(505344K), 0.0007995 secs] [Times: user=0.00 sys=0.00, real=0.00 secs] 
110.912: [GC (Allocation Failure) [PSYoungGen: 26150K->15360K(44032K)] 236599K->225809K(502784K), 0.0014136 secs] [Times: user=0.00 sys=0.00, real=0.00 secs] 
112.225: [GC (Allocation Failure) [PSYoungGen: 37369K->10240K(45568K)] 421899K->394769K(504320K), 0.0008686 secs] [Times: user=0.00 sys=0.00, real=0.00 secs] 
112.664: [Full GC (Ergonomics) [PSYoungGen: 31227K->0K(45568K)] [ParOldGen: 456209K->56849K(458752K)] 487437K->56849K(504320K), [Metaspace: 2796K->2796K(1056768K)], 0.0052109 secs] [Times: user=0.00 sys=0.00, real=0.00 secs] 
113.449: [GC (Allocation Failure) [PSYoungGen: 23037K->6144K(46592K)] 182286K->165393K(505344K), 0.0008355 secs] [Times: user=0.00 sys=0.00, real=0.00 secs] 
113.778: [GC (Allocation Failure) [PSYoungGen: 27164K->10240K(46080K)] 186414K->180753K(504832K), 0.0015821 secs] [Times: user=0.00 sys=0.00, real=0.00 secs] 
114.651: [GC (Allocation Failure) [PSYoungGen: 33304K->10240K(47104K)] 377898K->354833K(505856K), 0.0012109 secs] [Times: user=0.00 sys=0.00, real=0.00 secs] 
115.087: [GC (Allocation Failure) [PSYoungGen: 31289K->5120K(47104K)] 375882K->354833K(505856K), 0.0009419 secs] [Times: user=0.00 sys=0.00, real=0.00 secs] 
115.958: [GC (Allocation Failure) [PSYoungGen: 31285K->5120K(48128K)] 380998K->354833K(506880K), 0.0009641 secs] [Times: user=0.00 sys=0.00, real=0.00 secs] 
116.501: [GC (Allocation Failure) [PSYoungGen: 31314K->10240K(47616K)] 381027K->359953K(506368K), 0.0014803 secs] [Times: user=0.00 sys=0.00, real=0.00 secs] 
116.940: [GC (Allocation Failure) [PSYoungGen: 31312K->0K(47104K)] 452706K->426513K(505856K), 0.0008960 secs] [Times: user=0.00 sys=0.00, real=0.00 secs] 
116.941: [GC (Allocation Failure) [PSYoungGen: 0K->0K(30208K)] 426513K->426513K(488960K), 0.0008489 secs] [Times: user=0.00 sys=0.00, real=0.00 secs] 
116.942: [Full GC (Allocation Failure) [PSYoungGen: 0K->0K(30208K)] [ParOldGen: 426513K->77329K(458752K)] 426513K->77329K(488960K), [Metaspace: 2796K->2796K(1056768K)], 0.0066854 secs] [Times: user=0.00 sys=0.00, real=0.01 secs] 
117.836: [GC (Allocation Failure) [PSYoungGen: 28234K->10240K(47104K)] 207964K->189969K(505856K), 0.0010314 secs] [Times: user=0.00 sys=0.00, real=0.00 secs] 
118.707: [GC (Allocation Failure) [PSYoungGen: 38457K->1024K(47104K)] 392266K->359953K(505856K), 0.0009926 secs] [Times: user=0.00 sys=0.00, real=0.00 secs] 
119.799: [GC (Allocation Failure) [PSYoungGen: 22074K->0K(47104K)] 432204K->410129K(505856K), 0.0008623 secs] [Times: user=0.00 sys=0.00, real=0.00 secs] 
119.800: [GC (Allocation Failure) [PSYoungGen: 0K->0K(47104K)] 410129K->410129K(505856K), 0.0006933 secs] [Times: user=0.00 sys=0.00, real=0.00 secs] 
119.800: [Full GC (Allocation Failure) [PSYoungGen: 0K->0K(47104K)] [ParOldGen: 410129K->51729K(458752K)] 410129K->51729K(505856K), [Metaspace: 2796K->2796K(1056768K)], 0.0048306 secs] [Times: user=0.01 sys=0.00, real=0.01 secs] 
120.687: [GC (Allocation Failure) [PSYoungGen: 28219K->10240K(46592K)] 182348K->164369K(505344K), 0.0007895 secs] [Times: user=0.00 sys=0.00, real=0.00 secs] 
121.562: [GC (Allocation Failure) [PSYoungGen: 38460K->2048K(47104K)] 366669K->335377K(505856K), 0.0009599 secs] [Times: user=0.00 sys=0.00, real=0.00 secs] 
122.105: [GC (Allocation Failure) [PSYoungGen: 28220K->5120K(48640K)] 361550K->339473K(507392K), 0.0009718 secs] [Times: user=0.00 sys=0.00, real=0.00 secs] 
122.653: [GC (Allocation Failure) [PSYoungGen: 31329K->5120K(47616K)] 437362K->411153K(506368K), 0.0008150 secs] [Times: user=0.00 sys=0.00, real=0.00 secs] 
122.654: [GC (Allocation Failure) [PSYoungGen: 5120K->0K(50176K)] 411153K->411153K(508928K), 0.0009705 secs] [Times: user=0.00 sys=0.00, real=0.00 secs] 
122.655: [Full GC (Allocation Failure) [PSYoungGen: 0K->0K(50176K)] [ParOldGen: 411153K->165393K(458752K)] 411153K->165393K(508928K), [Metaspace: 2796K->2796K(1056768K)], 0.0121367 secs] [Times: user=0.02 sys=0.00, real=0.01 secs] 
124.417: [Full GC (Ergonomics) [PSYoungGen: 30378K->0K(50176K)] [ParOldGen: 441873K->12288K(458752K)] 472251K->12288K(508928K), [Metaspace: 2796K->2796K(1056768K)], 0.0026974 secs] [Times: user=0.00 sys=0.00, real=0.00 secs] 
125.071: [GC (Allocation Failure) [PSYoungGen: 31403K->10240K(45056K)] 43691K->22528K(503808K), 0.0009619 secs] [Times: user=0.00 sys=0.00, real=0.00 secs] 
126.052: [GC (Allocation Failure) [PSYoungGen: 43687K->15360K(44032K)] 230055K->211968K(502784K), 0.0020609 secs] [Times: user=0.00 sys=0.00, real=0.00 secs] 
126.487: [GC (Allocation Failure) [PSYoungGen: 36389K->5120K(46592K)] 232997K->211968K(505344K), 0.0018508 secs] [Times: user=0.00 sys=0.00, real=0.00 secs] 
127.475: [GC (Allocation Failure) [PSYoungGen: 31265K->5120K(48640K)] 258593K->232448K(507392K), 0.0010714 secs] [Times: user=0.00 sys=0.00, real=0.00 secs] 
127.910: [GC (Allocation Failure) [PSYoungGen: 26209K->10240K(47616K)] 253537K->237568K(506368K), 0.0010960 secs] [Times: user=0.00 sys=0.00, real=0.00 secs] 
128.781: [GC (Allocation Failure) [PSYoungGen: 38492K->5120K(48640K)] 439901K->411648K(507392K), 0.0018925 secs] [Times: user=0.00 sys=0.00, real=0.00 secs] 
129.329: [GC (Allocation Failure) [PSYoungGen: 31338K->10240K(48128K)] 437866K->416768K(506880K), 0.0013253 secs] [Times: user=0.00 sys=0.00, real=0.00 secs] 
129.658: [GC (Allocation Failure) [PSYoungGen: 31335K->0K(48128K)] 458343K->432128K(506880K), 0.0012267 secs] [Times: user=0.00 sys=0.00, real=0.00 secs] 
129.659: [Full GC (Ergonomics) [PSYoungGen: 0K->0K(48128K)] [ParOldGen: 432128K->82449K(458752K)] 432128K->82449K(506880K), [Metaspace: 2796K->2796K(1056768K)], 0.0070104 secs] [Times: user=0.01 sys=0.00, real=0.01 secs] 
131.529: [GC (Allocation Failure) [PSYoungGen: 30304K->2048K(48128K)] 368754K->340497K(506880K), 0.0009190 secs] [Times: user=0.00 sys=0.00, real=0.00 secs] 
132.075: [GC (Allocation Failure) [PSYoungGen: 28258K->5120K(49664K)] 366708K->344593K(508416K), 0.0008891 secs] [Times: user=0.00 sys=0.00, real=0.00 secs] 
132.621: [GC (Allocation Failure) [PSYoungGen: 31367K->5120K(48640K)] 442520K->416273K(507392K), 0.0009479 secs] [Times: user=0.00 sys=0.00, real=0.00 secs] 
132.622: [GC (Allocation Failure) [PSYoungGen: 5120K->0K(50688K)] 416273K->416273K(509440K), 0.0010322 secs] [Times: user=0.00 sys=0.00, real=0.00 secs] 
132.623: [Full GC (Allocation Failure) [PSYoungGen: 0K->0K(50688K)] [ParOldGen: 416273K->57873K(458752K)] 416273K->57873K(509440K), [Metaspace: 2796K->2796K(1056768K)], 0.0052054 secs] [Times: user=0.00 sys=0.00, real=0.01 secs] 
133.621: [GC (Allocation Failure) [PSYoungGen: 33479K->6144K(50688K)] 193752K->166417K(509440K), 0.0008388 secs] [Times: user=0.00 sys=0.00, real=0.00 secs] 
135.038: [GC (Allocation Failure) [PSYoungGen: 34505K->5120K(52224K)] 368858K->339473K(510976K), 0.0009568 secs] [Times: user=0.00 sys=0.00, real=0.00 secs] 
135.479: [GC (Allocation Failure) [PSYoungGen: 26355K->10240K(48640K)] 432388K->416273K(507392K), 0.0016044 secs] [Times: user=0.00 sys=0.00, real=0.00 secs] 
135.481: [GC (Allocation Failure) [PSYoungGen: 10240K->0K(50688K)] 416273K->416273K(509440K), 0.0013445 secs] [Times: user=0.00 sys=0.00, real=0.00 secs] 
135.483: [Full GC (Allocation Failure) [PSYoungGen: 0K->0K(50688K)] [ParOldGen: 416273K->61969K(458752K)] 416273K->61969K(509440K), [Metaspace: 2796K->2796K(1056768K)], 0.0055691 secs] [Times: user=0.00 sys=0.00, real=0.00 secs] 
136.476: [GC (Allocation Failure) [PSYoungGen: 33483K->10240K(46592K)] 197852K->174609K(505344K), 0.0010111 secs] [Times: user=0.00 sys=0.00, real=0.00 secs] 
137.459: [GC (Allocation Failure) [PSYoungGen: 43723K->5120K(50688K)] 382173K->348689K(509440K), 0.0012839 secs] [Times: user=0.00 sys=0.00, real=0.00 secs] 
138.006: [GC (Allocation Failure) [PSYoungGen: 36535K->5120K(49664K)] 380105K->358929K(508416K), 0.0016437 secs] [Times: user=0.00 sys=0.00, real=0.00 secs] 
138.879: [GC (Allocation Failure) [PSYoungGen: 36530K->0K(51712K)] 441540K->405009K(510464K), 0.0010703 secs] [Times: user=0.02 sys=0.00, real=0.00 secs] 
139.426: [GC (Allocation Failure) [PSYoungGen: 31473K->5120K(51712K)] 436483K->420369K(510464K), 0.0015719 secs] [Times: user=0.00 sys=0.00, real=0.00 secs] 
139.642: [GC (Allocation Failure) [PSYoungGen: 36588K->0K(52224K)] 451838K->440849K(510976K), 0.0024866 secs] [Times: user=0.00 sys=0.00, real=0.00 secs] 
139.645: [Full GC (Ergonomics) [PSYoungGen: 0K->0K(52224K)] [ParOldGen: 440849K->26129K(458752K)] 440849K->26129K(510976K), [Metaspace: 2796K->2796K(1056768K)], 0.0033616 secs] [Times: user=0.00 sys=0.00, real=0.00 secs] 
140.734: [GC (Allocation Failure) [PSYoungGen: 33533K->10240K(49664K)] 213263K->189969K(508416K), 0.0010308 secs] [Times: user=0.00 sys=0.00, real=0.00 secs] 
141.826: [GC (Allocation Failure) [PSYoungGen: 48898K->6144K(51712K)] 402707K->365073K(510464K), 0.0011931 secs] [Times: user=0.00 sys=0.00, real=0.00 secs] 
143.248: [GC (Allocation Failure) [PSYoungGen: 39654K->6144K(51200K)] 398584K->365073K(509952K), 0.0009991 secs] [Times: user=0.00 sys=0.00, real=0.00 secs] 
144.010: [Full GC (Ergonomics) [PSYoungGen: 42722K->0K(51200K)] [ParOldGen: 430609K->62993K(458752K)] 473332K->62993K(509952K), [Metaspace: 2796K->2796K(1056768K)], 0.0058882 secs] [Times: user=0.00 sys=0.00, real=0.01 secs] 
145.009: [GC (Allocation Failure) [PSYoungGen: 33509K->10240K(50176K)] 198903K->175633K(508928K), 0.0009892 secs] [Times: user=0.00 sys=0.00, real=0.00 secs] 
146.540: [GC (Allocation Failure) [PSYoungGen: 43741K->5120K(51200K)] 383215K->344593K(509952K), 0.0008086 secs] [Times: user=0.00 sys=0.00, real=0.00 secs] 
146.869: [GC (Allocation Failure) [PSYoungGen: 36574K->0K(51712K)] 427248K->411153K(510464K), 0.0023830 secs] [Times: user=0.00 sys=0.00, real=0.00 secs] 
146.871: [GC (Allocation Failure) [PSYoungGen: 0K->0K(51712K)] 411153K->411153K(510464K), 0.0008391 secs] [Times: user=0.00 sys=0.00, real=0.00 secs] 
146.872: [Full GC (Allocation Failure) [PSYoungGen: 0K->0K(51712K)] [ParOldGen: 411153K->72209K(458752K)] 411153K->72209K(510464K), [Metaspace: 2796K->2796K(1056768K)], 0.0064591 secs] [Times: user=0.00 sys=0.00, real=0.01 secs] 
147.865: [GC (Allocation Failure) [PSYoungGen: 33524K->10240K(48640K)] 208133K->184849K(507392K), 0.0010553 secs] [Times: user=0.00 sys=0.00, real=0.00 secs] 
148.850: [GC (Allocation Failure) [PSYoungGen: 43703K->5120K(50176K)] 392392K->358929K(508928K), 0.0012394 secs] [Times: user=0.00 sys=0.00, real=0.00 secs] 
149.395: [GC (Allocation Failure) [PSYoungGen: 36535K->10240K(49152K)] 390345K->369169K(507904K), 0.0015957 secs] [Times: user=0.00 sys=0.00, real=0.00 secs] 
149.720: [GC (Allocation Failure) [PSYoungGen: 41650K->0K(50176K)] 451780K->410129K(508928K), 0.0009260 secs] [Times: user=0.00 sys=0.00, real=0.00 secs] 
149.721: [GC (Allocation Failure) [PSYoungGen: 0K->0K(50176K)] 410129K->410129K(508928K), 0.0008010 secs] [Times: user=0.00 sys=0.00, real=0.00 secs] 
149.722: [Full GC (Allocation Failure) [PSYoungGen: 0K->0K(50176K)] [ParOldGen: 410129K->133649K(458752K)] 410129K->133649K(508928K), [Metaspace: 2796K->2796K(1056768K)], 0.0113128 secs] [Times: user=0.00 sys=0.00, real=0.01 secs] 
150.827: [GC (Allocation Failure) [PSYoungGen: 26292K->10240K(45568K)] 262342K->251409K(504320K), 0.0015379 secs] [Times: user=0.00 sys=0.00, real=0.00 secs] 
151.484: [GC (Allocation Failure) [PSYoungGen: 43701K->2048K(49664K)] 438471K->396817K(508416K), 0.0007872 secs] [Times: user=0.00 sys=0.00, real=0.00 secs] 
152.141: [GC (Allocation Failure) [PSYoungGen: 33432K->10240K(49152K)] 428201K->406033K(507904K), 0.0011175 secs] [Times: user=0.00 sys=0.00, real=0.00 secs] 
152.465: [GC (Allocation Failure) [PSYoungGen: 31379K->0K(49152K)] 447653K->421393K(507904K), 0.0008797 secs] [Times: user=0.00 sys=0.00, real=0.00 secs] 
152.466: [GC (Allocation Failure) [PSYoungGen: 0K->0K(49152K)] 421393K->421393K(507904K), 0.0009069 secs] [Times: user=0.00 sys=0.00, real=0.00 secs] 
152.467: [Full GC (Allocation Failure) [PSYoungGen: 0K->0K(49152K)] [ParOldGen: 421393K->32273K(458752K)] 421393K->32273K(507904K), [Metaspace: 2796K->2796K(1056768K)], 0.0041014 secs] [Times: user=0.00 sys=0.00, real=0.00 secs] 
153.450: [GC (Allocation Failure) [PSYoungGen: 28299K->6144K(50176K)] 214173K->192017K(508928K), 0.0010327 secs] [Times: user=0.00 sys=0.00, real=0.00 secs] 
154.656: [GC (Allocation Failure) [PSYoungGen: 38571K->10240K(45056K)] 224445K->196113K(503808K), 0.0012566 secs] [Times: user=0.00 sys=0.00, real=0.00 secs] 
155.095: [GC (Allocation Failure) [PSYoungGen: 36519K->10240K(47104K)] 222392K->201233K(505856K), 0.0013954 secs] [Times: user=0.00 sys=0.00, real=0.00 secs] 
156.083: [GC (Allocation Failure) [PSYoungGen: 38493K->15360K(46592K)] 403566K->385553K(505344K), 0.0016972 secs] [Times: user=0.02 sys=0.00, real=0.00 secs] 
156.517: [GC (Allocation Failure) [PSYoungGen: 41568K->10240K(44544K)] 411761K->390673K(503296K), 0.0015919 secs] [Times: user=0.00 sys=0.00, real=0.00 secs] 
156.846: [Full GC (Ergonomics) [PSYoungGen: 20984K->0K(44544K)] [ParOldGen: 452113K->92689K(458752K)] 473098K->92689K(503296K), [Metaspace: 2796K->2796K(1056768K)], 0.0085515 secs] [Times: user=0.02 sys=0.00, real=0.01 secs] 
158.720: [GC (Allocation Failure) [PSYoungGen: 25080K->5120K(45568K)] 394250K->374289K(504320K), 0.0010904 secs] [Times: user=0.00 sys=0.00, real=0.00 secs] 
159.156: [GC (Allocation Failure) [PSYoungGen: 26107K->10240K(46592K)] 395276K->379409K(505344K), 0.0011561 secs] [Times: user=0.00 sys=0.00, real=0.00 secs] 
159.703: [Full GC (Ergonomics) [PSYoungGen: 36385K->0K(46592K)] [ParOldGen: 440849K->108049K(458752K)] 477234K->108049K(505344K), [Metaspace: 2796K->2796K(1056768K)], 0.0089930 secs] [Times: user=0.02 sys=0.00, real=0.01 secs] 
160.484: [GC (Allocation Failure) [PSYoungGen: 23075K->5120K(46592K)] 233525K->215569K(505344K), 0.0007988 secs] [Times: user=0.00 sys=0.00, real=0.00 secs] 
160.809: [GC (Allocation Failure) [PSYoungGen: 26149K->15360K(43008K)] 236599K->225809K(501760K), 0.0016887 secs] [Times: user=0.00 sys=0.00, real=0.00 secs] 
162.120: [GC (Allocation Failure) [PSYoungGen: 37349K->10240K(45056K)] 421878K->394769K(503808K), 0.0009452 secs] [Times: user=0.00 sys=0.00, real=0.00 secs] 
162.556: [Full GC (Ergonomics) [PSYoungGen: 31207K->0K(45056K)] [ParOldGen: 456209K->56849K(458752K)] 487416K->56849K(503808K), [Metaspace: 2796K->2796K(1056768K)], 0.0055470 secs] [Times: user=0.00 sys=0.00, real=0.01 secs] 
163.319: [GC (Allocation Failure) [PSYoungGen: 23016K->6144K(46592K)] 182266K->165393K(505344K), 0.0007571 secs] [Times: user=0.00 sys=0.00, real=0.00 secs] 
163.647: [GC (Allocation Failure) [PSYoungGen: 27154K->10240K(45568K)] 186404K->180753K(504320K), 0.0014066 secs] [Times: user=0.00 sys=0.00, real=0.00 secs] 
164.519: [GC (Allocation Failure) [PSYoungGen: 33294K->10240K(47104K)] 377888K->354833K(505856K), 0.0010608 secs] [Times: user=0.00 sys=0.00, real=0.00 secs] 
164.956: [GC (Allocation Failure) [PSYoungGen: 31279K->5120K(46592K)] 375872K->354833K(505344K), 0.0009776 secs] [Times: user=0.00 sys=0.00, real=0.00 secs] 
165.827: [GC (Allocation Failure) [PSYoungGen: 31275K->5120K(48128K)] 380988K->354833K(506880K), 0.0008917 secs] [Times: user=0.00 sys=0.00, real=0.00 secs] 
166.373: [GC (Allocation Failure) [PSYoungGen: 31314K->10240K(47616K)] 381027K->359953K(506368K), 0.0010823 secs] [Times: user=0.00 sys=0.00, real=0.00 secs] 
166.807: [GC (Allocation Failure) [PSYoungGen: 31312K->0K(47104K)] 452706K->426513K(505856K), 0.0011528 secs] [Times: user=0.00 sys=0.00, real=0.00 secs] 
166.808: [GC (Allocation Failure) [PSYoungGen: 0K->0K(30208K)] 426513K->426513K(488960K), 0.0008513 secs] [Times: user=0.00 sys=0.00, real=0.00 secs] 
166.809: [Full GC (Allocation Failure) [PSYoungGen: 0K->0K(30208K)] [ParOldGen: 426513K->77329K(458752K)] 426513K->77329K(488960K), [Metaspace: 2796K->2796K(1056768K)], 0.0067822 secs] [Times: user=0.00 sys=0.00, real=0.01 secs] 
167.696: [GC (Allocation Failure) [PSYoungGen: 28234K->10240K(47104K)] 207964K->189969K(505856K), 0.0012118 secs] [Times: user=0.00 sys=0.00, real=0.00 secs] 
168.573: [GC (Allocation Failure) [PSYoungGen: 38457K->1024K(47104K)] 392266K->359953K(505856K), 0.0008750 secs] [Times: user=0.00 sys=0.00, real=0.00 secs] 
169.669: [GC (Allocation Failure) [PSYoungGen: 22074K->0K(47616K)] 432204K->410129K(506368K), 0.0007382 secs] [Times: user=0.00 sys=0.00, real=0.00 secs] 
169.669: [GC (Allocation Failure) [PSYoungGen: 0K->0K(47104K)] 410129K->410129K(505856K), 0.0007805 secs] [Times: user=0.00 sys=0.00, real=0.00 secs] 
169.670: [Full GC (Allocation Failure) [PSYoungGen: 0K->0K(47104K)] [ParOldGen: 410129K->51729K(458752K)] 410129K->51729K(505856K), [Metaspace: 2796K->2796K(1056768K)], 0.0045871 secs] [Times: user=0.00 sys=0.00, real=0.00 secs] 
170.556: [GC (Allocation Failure) [PSYoungGen: 28229K->10240K(46592K)] 182359K->164369K(505344K), 0.0008872 secs] [Times: user=0.00 sys=0.00, real=0.00 secs] 
171.433: [GC (Allocation Failure) [PSYoungGen: 38460K->2048K(47104K)] 366669K->335377K(505856K), 0.0009143 secs] [Times: user=0.00 sys=0.00, real=0.00 secs] 
171.978: [GC (Allocation Failure) [PSYoungGen: 28220K->5120K(48640K)] 361550K->339473K(507392K), 0.0008069 secs] [Times: user=0.00 sys=0.00, real=0.00 secs] 
172.529: [GC (Allocation Failure) [PSYoungGen: 31329K->5120K(47616K)] 437362K->411153K(506368K), 0.0008966 secs] [Times: user=0.00 sys=0.00, real=0.00 secs] 
172.530: [GC (Allocation Failure) [PSYoungGen: 5120K->0K(50176K)] 411153K->411153K(508928K), 0.0007753 secs] [Times: user=0.00 sys=0.00, real=0.00 secs] 
172.531: [Full GC (Allocation Failure) [PSYoungGen: 0K->0K(50176K)] [ParOldGen: 411153K->165393K(458752K)] 411153K->165393K(508928K), [Metaspace: 2796K->2796K(1056768K)], 0.0121318 secs] [Times: user=0.00 sys=0.00, real=0.01 secs] 
174.294: [Full GC (Ergonomics) [PSYoungGen: 30388K->0K(50176K)] [ParOldGen: 441873K->12288K(458752K)] 472262K->12288K(508928K), [Metaspace: 2796K->2796K(1056768K)], 0.0023250 secs] [Times: user=0.00 sys=0.00, real=0.00 secs] 
174.946: [GC (Allocation Failure) [PSYoungGen: 31413K->10240K(45568K)] 43701K->22528K(504320K), 0.0009066 secs] [Times: user=0.00 sys=0.00, real=0.00 secs] 
175.925: [GC (Allocation Failure) [PSYoungGen: 43697K->15360K(44032K)] 230065K->211968K(502784K), 0.0020817 secs] [Times: user=0.02 sys=0.00, real=0.00 secs] 
176.365: [GC (Allocation Failure) [PSYoungGen: 36389K->5120K(46592K)] 232997K->217088K(505344K), 0.0015731 secs] [Times: user=0.00 sys=0.00, real=0.00 secs] 
177.343: [GC (Allocation Failure) [PSYoungGen: 31265K->5120K(48640K)] 263713K->237568K(507392K), 0.0008576 secs] [Times: user=0.00 sys=0.00, real=0.00 secs] 
177.780: [GC (Allocation Failure) [PSYoungGen: 26209K->10240K(47616K)] 258657K->242688K(506368K), 0.0011075 secs] [Times: user=0.00 sys=0.00, real=0.00 secs] 
178.651: [GC (Allocation Failure) [PSYoungGen: 38492K->5120K(48640K)] 445021K->416768K(507392K), 0.0014600 secs] [Times: user=0.00 sys=0.00, real=0.00 secs] 
179.198: [GC (Allocation Failure) [PSYoungGen: 31338K->10240K(48128K)] 442986K->421888K(506880K), 0.0015036 secs] [Times: user=0.00 sys=0.00, real=0.00 secs] 
179.524: [Full GC (Ergonomics) [PSYoungGen: 31335K->0K(48128K)] [ParOldGen: 432128K->82449K(458752K)] 463463K->82449K(506880K), [Metaspace: 2796K->2796K(1056768K)], 0.0069463 secs] [Times: user=0.00 sys=0.00, real=0.01 secs] 
181.382: [GC (Allocation Failure) [PSYoungGen: 30314K->2048K(48640K)] 368764K->340497K(507392K), 0.0010060 secs] [Times: user=0.00 sys=0.00, real=0.00 secs] 
182.036: [GC (Allocation Failure) [PSYoungGen: 33399K->10240K(42496K)] 371848K->349713K(501248K), 0.0011409 secs] [Times: user=0.06 sys=0.00, real=0.00 secs] 
182.477: [GC (Allocation Failure) [PSYoungGen: 31347K->0K(48128K)] 442501K->416273K(506880K), 0.0011440 secs] [Times: user=0.00 sys=0.00, real=0.00 secs] 
182.478: [GC (Allocation Failure) [PSYoungGen: 0K->0K(48128K)] 416273K->416273K(506880K), 0.0007227 secs] [Times: user=0.00 sys=0.00, real=0.00 secs] 
182.478: [Full GC (Allocation Failure) [PSYoungGen: 0K->0K(48128K)] [ParOldGen: 416273K->57873K(458752K)] 416273K->57873K(506880K), [Metaspace: 2796K->2796K(1056768K)], 0.0051599 secs] [Times: user=0.00 sys=0.00, real=0.01 secs] 
183.366: [GC (Allocation Failure) [PSYoungGen: 28258K->6144K(49152K)] 188531K->166417K(507904K), 0.0007494 secs] [Times: user=0.00 sys=0.00, real=0.00 secs] 
184.243: [GC (Allocation Failure) [PSYoungGen: 34424K->11264K(48128K)] 368777K->346641K(506880K), 0.0015756 secs] [Times: user=0.00 sys=0.00, real=0.00 secs] 
185.333: [GC (Allocation Failure) [PSYoungGen: 37497K->10240K(47104K)] 444554K->417297K(505856K), 0.0012747 secs] [Times: user=0.00 sys=0.00, real=0.00 secs] 
185.335: [GC (Allocation Failure) [PSYoungGen: 10240K->0K(47616K)] 417297K->417297K(506368K), 0.0012390 secs] [Times: user=0.00 sys=0.00, real=0.00 secs] 
185.336: [Full GC (Allocation Failure) [PSYoungGen: 0K->0K(47616K)] [ParOldGen: 417297K->61969K(458752K)] 417297K->61969K(506368K), [Metaspace: 2796K->2796K(1056768K)], 0.0058837 secs] [Times: user=0.00 sys=0.00, real=0.00 secs] 
186.224: [GC (Allocation Failure) [PSYoungGen: 28240K->10240K(46592K)] 192610K->174609K(505344K), 0.0009326 secs] [Times: user=0.00 sys=0.00, real=0.00 secs] 
187.093: [GC (Allocation Failure) [PSYoungGen: 38460K->1024K(47104K)] 376910K->344593K(505856K), 0.0008934 secs] [Times: user=0.00 sys=0.00, real=0.00 secs] 
187.639: [GC (Allocation Failure) [PSYoungGen: 27197K->10240K(46592K)] 370766K->353809K(505344K), 0.0010186 secs] [Times: user=0.00 sys=0.00, real=0.00 secs] 
188.730: [GC (Allocation Failure) [PSYoungGen: 36408K->0K(47104K)] 451658K->415249K(505856K), 0.0008686 secs] [Times: user=0.00 sys=0.00, real=0.00 secs] 
189.168: [GC (Allocation Failure) [PSYoungGen: 21050K->10240K(46080K)] 436299K->425489K(504832K), 0.0011599 secs] [Times: user=0.00 sys=0.00, real=0.00 secs] 
189.494: [Full GC (Ergonomics) [PSYoungGen: 31265K->0K(46080K)] [ParOldGen: 435729K->26129K(458752K)] 466995K->26129K(504832K), [Metaspace: 2796K->2796K(1056768K)], 0.0032876 secs] [Times: user=0.00 sys=0.00, real=0.00 secs] 
190.374: [GC (Allocation Failure) [PSYoungGen: 23076K->5120K(46592K)] 202805K->184849K(505344K), 0.0007253 secs] [Times: user=0.00 sys=0.00, real=0.00 secs] 
190.703: [GC (Allocation Failure) [PSYoungGen: 26150K->15360K(43520K)] 205879K->195089K(502272K), 0.0014001 secs] [Times: user=0.00 sys=0.00, real=0.00 secs] 
191.572: [GC (Allocation Failure) [PSYoungGen: 38393K->6176K(45568K)] 392203K->365105K(504320K), 0.0010999 secs] [Times: user=0.00 sys=0.00, real=0.00 secs] 
192.778: [GC (Allocation Failure) [PSYoungGen: 29211K->2048K(47104K)] 388141K->360985K(505856K), 0.0010081 secs] [Times: user=0.00 sys=0.00, real=0.00 secs] 
193.323: [GC (Allocation Failure) [PSYoungGen: 28203K->5120K(46592K)] 387141K->365081K(505344K), 0.0009000 secs] [Times: user=0.00 sys=0.00, real=0.00 secs] 
193.869: [GC (Allocation Failure) [PSYoungGen: 31274K->10240K(47104K)] 462915K->441881K(505856K), 0.0012659 secs] [Times: user=0.00 sys=0.00, real=0.00 secs] 
193.870: [GC (Allocation Failure) [PSYoungGen: 10240K->0K(47616K)] 441881K->441881K(506368K), 0.0012782 secs] [Times: user=0.00 sys=0.00, real=0.00 secs] 
193.872: [Full GC (Allocation Failure) [PSYoungGen: 0K->0K(47616K)] [ParOldGen: 441881K->62993K(458752K)] 441881K->62993K(506368K), [Metaspace: 2796K->2796K(1056768K)], 0.0057778 secs] [Times: user=0.00 sys=0.00, real=0.01 secs] 
194.759: [GC (Allocation Failure) [PSYoungGen: 28235K->10272K(46592K)] 193629K->175665K(505344K), 0.0010767 secs] [Times: user=0.00 sys=0.00, real=0.00 secs] 
195.631: [GC (Allocation Failure) [PSYoungGen: 38489K->11264K(40448K)] 377963K->355865K(499200K), 0.0015120 secs] [Times: user=0.00 sys=0.00, real=0.00 secs] 
196.719: [GC (Allocation Failure) [PSYoungGen: 32315K->0K(46592K)] 448596K->416281K(505344K), 0.0009236 secs] [Times: user=0.00 sys=0.00, real=0.00 secs] 
196.720: [GC (Allocation Failure) [PSYoungGen: 0K->0K(46592K)] 416281K->416281K(505344K), 0.0006521 secs] [Times: user=0.00 sys=0.00, real=0.00 secs] 
196.721: [Full GC (Allocation Failure) [PSYoungGen: 0K->0K(46592K)] [ParOldGen: 416281K->72209K(458752K)] 416281K->72209K(505344K), [Metaspace: 2796K->2796K(1056768K)], 0.0057044 secs] [Times: user=0.00 sys=0.00, real=0.01 secs] 
197.501: [GC (Allocation Failure) [PSYoungGen: 23079K->10240K(45568K)] 197689K->184849K(504320K), 0.0009156 secs] [Times: user=0.00 sys=0.00, real=0.00 secs] 
197.827: [GC (Allocation Failure) [PSYoungGen: 31251K->10240K(46080K)] 205861K->189969K(504832K), 0.0015982 secs] [Times: user=0.00 sys=0.00, real=0.00 secs] 
198.699: [GC (Allocation Failure) [PSYoungGen: 33295K->5120K(47104K)] 387105K->358929K(505856K), 0.0011491 secs] [Times: user=0.00 sys=0.00, real=0.00 secs] 
199.135: [GC (Allocation Failure) [PSYoungGen: 26149K->10240K(46080K)] 379959K->364049K(504832K), 0.0010285 secs] [Times: user=0.00 sys=0.00, real=0.00 secs] 
199.571: [GC (Allocation Failure) [PSYoungGen: 31265K->0K(47104K)] 456755K->430609K(505856K), 0.0010790 secs] [Times: user=0.00 sys=0.00, real=0.00 secs] 
199.573: [GC (Allocation Failure) [PSYoungGen: 0K->0K(46592K)] 430609K->430609K(505344K), 0.0010501 secs] [Times: user=0.00 sys=0.00, real=0.00 secs] 
199.574: [Full GC (Allocation Failure) [PSYoungGen: 0K->0K(46592K)] [ParOldGen: 430609K->133649K(458752K)] 430609K->133649K(505344K), [Metaspace: 2796K->2796K(1056768K)], 0.0086910 secs] [Times: user=0.00 sys=0.00, real=0.01 secs] 
200.677: [GC (Allocation Failure) [PSYoungGen: 26158K->15360K(41984K)] 262208K->251409K(500736K), 0.0014751 secs] [Times: user=0.00 sys=0.00, real=0.00 secs] 
201.552: [GC (Allocation Failure) [PSYoungGen: 38356K->6144K(44544K)] 448486K->421393K(503296K), 0.0015942 secs] [Times: user=0.00 sys=0.00, real=0.00 secs] 
201.991: [GC (Allocation Failure) [PSYoungGen: 27093K->10240K(46080K)] 442343K->426513K(504832K), 0.0010312 secs] [Times: user=0.00 sys=0.00, real=0.00 secs] 
202.321: [Full GC (Ergonomics) [PSYoungGen: 31247K->0K(46080K)] [ParOldGen: 436753K->32273K(458752K)] 468001K->32273K(504832K), [Metaspace: 2796K->2796K(1056768K)], 0.0038000 secs] [Times: user=0.00 sys=0.00, real=0.00 secs] 
203.192: [GC (Allocation Failure) [PSYoungGen: 23057K->6144K(46080K)] 208930K->192017K(504832K), 0.0009132 secs] [Times: user=0.00 sys=0.00, real=0.00 secs] 
204.175: [GC (Allocation Failure) [PSYoungGen: 28178K->1024K(47104K)] 214052K->186897K(505856K), 0.0005364 secs] [Times: user=0.00 sys=0.00, real=0.00 secs] 
204.721: [GC (Allocation Failure) [PSYoungGen: 27191K->10240K(47104K)] 213064K->196113K(505856K), 0.0010615 secs] [Times: user=0.00 sys=0.00, real=0.00 secs] 
205.595: [GC (Allocation Failure) [PSYoungGen: 38453K->11264K(46080K)] 398406K->376337K(504832K), 0.0016072 secs] [Times: user=0.00 sys=0.00, real=0.00 secs] 
206.139: [GC (Allocation Failure) [PSYoungGen: 37411K->10240K(46592K)] 402485K->385553K(505344K), 0.0017245 secs] [Times: user=0.00 sys=0.00, real=0.00 secs] 
206.684: [Full GC (Ergonomics) [PSYoungGen: 36385K->0K(46592K)] [ParOldGen: 446993K->92689K(458752K)] 483379K->92689K(505344K), [Metaspace: 2796K->2796K(1056768K)], 0.0082263 secs] [Times: user=0.02 sys=0.00, real=0.01 secs] 
208.557: [GC (Allocation Failure) [PSYoungGen: 25124K->5120K(47104K)] 394294K->374289K(505856K), 0.0008387 secs] [Times: user=0.00 sys=0.00, real=0.00 secs] 
209.105: [GC (Allocation Failure) [PSYoungGen: 31280K->10240K(46592K)] 400449K->379409K(505344K), 0.0012559 secs] [Times: user=0.00 sys=0.00, real=0.00 secs] 
209.546: [Full GC (Ergonomics) [PSYoungGen: 31277K->0K(46592K)] [ParOldGen: 440849K->108049K(458752K)] 472126K->108049K(505344K), [Metaspace: 2796K->2796K(1056768K)], 0.0086982 secs] [Times: user=0.00 sys=0.00, real=0.01 secs] 
210.328: [GC (Allocation Failure) [PSYoungGen: 23087K->5120K(47616K)] 233537K->215569K(506368K), 0.0008405 secs] [Times: user=0.00 sys=0.00, real=0.00 secs] 
210.655: [GC (Allocation Failure) [PSYoungGen: 26181K->15360K(45056K)] 236630K->225809K(503808K), 0.0015368 secs] [Times: user=0.00 sys=0.00, real=0.00 secs] 
211.969: [GC (Allocation Failure) [PSYoungGen: 37440K->10240K(46080K)] 421970K->394769K(504832K), 0.0010607 secs] [Times: user=0.00 sys=0.00, real=0.00 secs] 
212.404: [Full GC (Ergonomics) [PSYoungGen: 31238K->0K(46080K)] [ParOldGen: 456209K->56849K(458752K)] 487447K->56849K(504832K), [Metaspace: 2796K->2796K(1056768K)], 0.0053422 secs] [Times: user=0.00 sys=0.00, real=0.01 secs] 
213.167: [GC (Allocation Failure) [PSYoungGen: 23047K->6144K(45568K)] 182297K->165393K(504320K), 0.0007913 secs] [Times: user=0.00 sys=0.00, real=0.00 secs] 
213.496: [GC (Allocation Failure) [PSYoungGen: 27144K->10240K(47104K)] 186394K->180753K(505856K), 0.0015544 secs] [Times: user=0.00 sys=0.00, real=0.00 secs] 
214.374: [GC (Allocation Failure) [PSYoungGen: 33325K->10240K(46592K)] 377919K->354833K(505344K), 0.0011325 secs] [Times: user=0.00 sys=0.00, real=0.00 secs] 
214.811: [GC (Allocation Failure) [PSYoungGen: 31279K->5120K(47616K)] 375873K->354833K(506368K), 0.0011913 secs] [Times: user=0.00 sys=0.00, real=0.00 secs] 
215.685: [GC (Allocation Failure) [PSYoungGen: 31295K->5120K(47104K)] 381009K->354833K(505856K), 0.0009451 secs] [Times: user=0.00 sys=0.00, real=0.00 secs] 
216.234: [GC (Allocation Failure) [PSYoungGen: 31294K->10240K(48128K)] 381007K->359953K(506880K), 0.0010199 secs] [Times: user=0.00 sys=0.00, real=0.00 secs] 
216.669: [GC (Allocation Failure) [PSYoungGen: 31323K->0K(31232K)] 452717K->426513K(489984K), 0.0011603 secs] [Times: user=0.00 sys=0.00, real=0.00 secs] 
216.670: [GC (Allocation Failure) [PSYoungGen: 0K->0K(47616K)] 426513K->426513K(506368K), 0.0007496 secs] [Times: user=0.00 sys=0.00, real=0.00 secs] 
216.671: [Full GC (Allocation Failure) [PSYoungGen: 0K->0K(47616K)] [ParOldGen: 426513K->77329K(458752K)] 426513K->77329K(506368K), [Metaspace: 2796K->2796K(1056768K)], 0.0065969 secs] [Times: user=0.00 sys=0.00, real=0.01 secs] 
217.558: [GC (Allocation Failure) [PSYoungGen: 28234K->10240K(40448K)] 207964K->189969K(499200K), 0.0009945 secs] [Times: user=0.00 sys=0.00, real=0.00 secs] 
218.431: [GC (Allocation Failure) [PSYoungGen: 38477K->1024K(47616K)] 392287K->359953K(506368K), 0.0008407 secs] [Times: user=0.00 sys=0.00, real=0.00 secs] 
Heap
 PSYoungGen      total 47616K, used 22668K [0x00000000fc000000, 0x0000000100000000, 0x0000000100000000)
  eden space 29184K, 74% used [0x00000000fc000000,0x00000000fd523350,0x00000000fdc80000)
  from space 18432K, 5% used [0x00000000fee00000,0x00000000fef00010,0x0000000100000000)
  to   space 17920K, 0% used [0x00000000fdc80000,0x00000000fdc80000,0x00000000fee00000)
 ParOldGen       total 458752K, used 358929K [0x00000000e0000000, 0x00000000fc000000, 0x00000000fc000000)
  object space 458752K, 78% used [0x00000000e0000000,0x00000000f5e84760,0x00000000fc000000)
 Metaspace       used 2804K, capacity 4486K, committed 4864K, reserved 1056768K
  class space    used 297K, capacity 386K, committed 512K, reserved 1048576K
