Java HotSpot(TM) 64-Bit Server VM (25.411-b09) for windows-amd64 JRE (1.8.0_411-b09), built on Mar 13 2024 07:26:13 by "java_re" with MS VC++ 17.1 (VS2022)
Memory: 4k page, physical 33403376k(13853140k free), swap 37876016k(5938196k free)
CommandLine flags: -XX:InitialHeapSize=536870912 -XX:MaxHeapSize=536870912 -XX:NewRatio=1 -XX:ParallelGCThreads=6 -XX:+PrintGC -XX:+PrintGCDetails -XX:+PrintGCTimeStamps -XX:SurvivorRatio=4 -XX:-UseAdaptiveSizePolicy -XX:+UseCompressedClassPointers -XX:+UseCompressedOops -XX:-UseLargePagesIndividualAllocation -XX:+UseParallelGC 
2.504: [GC (Allocation Failure) [PSYoungGen: 172892K->22136K(218624K)] 275292K->124544K(480768K), 0.0045181 secs] [Times: user=0.00 sys=0.00, real=0.00 secs] 
5.367: [GC (Allocation Failure) [PSYoungGen: 189478K->15976K(218624K)] 394286K->220784K(480768K), 0.0043951 secs] [Times: user=0.00 sys=0.00, real=0.00 secs] 
5.694: [GC (Allocation Failure) [PSYoungGen: 101398K->15976K(218624K)] 306206K->271984K(480768K), 0.0160880 secs] [Times: user=0.00 sys=0.00, real=0.02 secs] 
5.710: [Full GC (Ergonomics) [PSYoungGen: 15976K->0K(218624K)] [ParOldGen: 256008K->67088K(262144K)] 271984K->67088K(480768K), [Metaspace: 2753K->2753K(1056768K)], 0.0088965 secs] [Times: user=0.02 sys=0.00, real=0.01 secs] 
6.925: [GC (Allocation Failure) [PSYoungGen: 157102K->15360K(218624K)] 224191K->82448K(480768K), 0.0014523 secs] [Times: user=0.00 sys=0.00, real=0.00 secs] 
8.560: [GC (Allocation Failure) --[PSYoungGen: 179306K->179306K(218624K)] 348794K->400002K(480768K), 0.0049985 secs] [Times: user=0.00 sys=0.00, real=0.00 secs] 
8.565: [Full GC (Ergonomics) [PSYoungGen: 179306K->0K(218624K)] [ParOldGen: 220696K->51728K(262144K)] 400002K->51728K(480768K), [Metaspace: 2759K->2759K(1056768K)], 0.0069796 secs] [Times: user=0.00 sys=0.00, real=0.01 secs] 
9.775: [GC (Allocation Failure) [PSYoungGen: 157084K->15360K(218624K)] 208813K->67088K(480768K), 0.0016207 secs] [Times: user=0.00 sys=0.00, real=0.00 secs] 
11.300: [GC (Allocation Failure) [PSYoungGen: 162183K->30720K(218624K)] 316312K->184848K(480768K), 0.0036496 secs] [Times: user=0.00 sys=0.00, real=0.00 secs] 
12.390: [GC (Allocation Failure) [PSYoungGen: 198037K->10240K(218624K)] 352165K->164368K(480768K), 0.0008670 secs] [Times: user=0.00 sys=0.00, real=0.00 secs] 
14.135: [Full GC (Ergonomics) [PSYoungGen: 178693K->0K(218624K)] [ParOldGen: 256528K->37393K(262144K)] 435222K->37393K(480768K), [Metaspace: 2768K->2768K(1056768K)], 0.0042175 secs] [Times: user=0.00 sys=0.00, real=0.00 secs] 
14.901: [GC (Allocation Failure) [PSYoungGen: 172444K->10240K(218624K)] 209837K->47633K(480768K), 0.0009963 secs] [Times: user=0.00 sys=0.00, real=0.00 secs] 
17.625: [GC (Allocation Failure) [PSYoungGen: 182680K->30720K(218624K)] 322474K->170513K(480768K), 0.0032098 secs] [Times: user=0.00 sys=0.00, real=0.00 secs] 
19.798: [Full GC (Ergonomics) [PSYoungGen: 167328K->0K(218624K)] [ParOldGen: 242193K->6144K(262144K)] 409521K->6144K(480768K), [Metaspace: 2770K->2770K(1056768K)], 0.0020667 secs] [Times: user=0.00 sys=0.00, real=0.00 secs] 
20.562: [GC (Allocation Failure) [PSYoungGen: 172453K->5120K(218624K)] 178597K->113664K(480768K), 0.0161876 secs] [Times: user=0.00 sys=0.00, real=0.02 secs] 
22.536: [Full GC (Ergonomics) [PSYoungGen: 167326K->0K(218624K)] [ParOldGen: 210944K->130048K(262144K)] 378270K->130048K(480768K), [Metaspace: 2779K->2779K(1056768K)], 0.0033006 secs] [Times: user=0.00 sys=0.00, real=0.00 secs] 
24.169: [Full GC (Ergonomics) [PSYoungGen: 172451K->0K(218624K)] [ParOldGen: 232448K->62464K(262144K)] 404900K->62464K(480768K), [Metaspace: 2779K->2779K(1056768K)], 0.0057246 secs] [Times: user=0.00 sys=0.00, real=0.01 secs] 
25.385: [GC (Allocation Failure) [PSYoungGen: 157095K->25600K(218624K)] 219559K->88064K(480768K), 0.0015048 secs] [Times: user=0.00 sys=0.00, real=0.00 secs] 
28.003: [GC (Allocation Failure) [PSYoungGen: 198046K->10240K(218624K)] 362911K->175104K(480768K), 0.0009841 secs] [Times: user=0.00 sys=0.00, real=0.00 secs] 
28.439: [GC (Allocation Failure) --[PSYoungGen: 106631K->106631K(218624K)] 271496K->322704K(480768K), 0.0059996 secs] [Times: user=0.00 sys=0.00, real=0.01 secs] 
28.445: [Full GC (Ergonomics) [PSYoungGen: 106631K->0K(218624K)] [ParOldGen: 216072K->57344K(262144K)] 322704K->57344K(480768K), [Metaspace: 2793K->2793K(1056768K)], 0.0060649 secs] [Times: user=0.00 sys=0.00, real=0.01 secs] 
29.655: [GC (Allocation Failure) [PSYoungGen: 157067K->15360K(218624K)] 214412K->72704K(480768K), 0.0013568 secs] [Times: user=0.00 sys=0.00, real=0.00 secs] 
31.291: [GC (Allocation Failure) [PSYoungGen: 116092K->5120K(218624K)] 275837K->164864K(480768K), 0.0006891 secs] [Times: user=0.00 sys=0.00, real=0.00 secs] 
32.486: [GC (Allocation Failure) [PSYoungGen: 162190K->16384K(218624K)] 321934K->176128K(480768K), 0.0014128 secs] [Times: user=0.00 sys=0.00, real=0.00 secs] 
32.705: [GC (Allocation Failure) [PSYoungGen: 91534K->6144K(218624K)] 251278K->217088K(480768K), 0.0049562 secs] [Times: user=0.00 sys=0.00, real=0.01 secs] 
32.710: [Full GC (Ergonomics) [PSYoungGen: 6144K->0K(218624K)] [ParOldGen: 210944K->57873K(262144K)] 217088K->57873K(480768K), [Metaspace: 2793K->2793K(1056768K)], 0.0053342 secs] [Times: user=0.00 sys=0.00, real=0.00 secs] 
33.920: [GC (Allocation Failure) [PSYoungGen: 157070K->21504K(218624K)] 214943K->79377K(480768K), 0.0017995 secs] [Times: user=0.00 sys=0.00, real=0.00 secs] 
35.559: [GC (Allocation Failure) [PSYoungGen: 193918K->10240K(218624K)] 354191K->221713K(480768K), 0.0049656 secs] [Times: user=0.05 sys=0.00, real=0.00 secs] 
35.564: [Full GC (Ergonomics) [PSYoungGen: 10240K->0K(218624K)] [ParOldGen: 211473K->61969K(262144K)] 221713K->61969K(480768K), [Metaspace: 2793K->2793K(1056768K)], 0.0053862 secs] [Times: user=0.00 sys=0.00, real=0.01 secs] 
36.774: [GC (Allocation Failure) [PSYoungGen: 157071K->15360K(218624K)] 219040K->77329K(480768K), 0.0016687 secs] [Times: user=0.00 sys=0.00, real=0.00 secs] 
38.294: [GC (Allocation Failure) [PSYoungGen: 162174K->30720K(218624K)] 326544K->215569K(480768K), 0.0033998 secs] [Times: user=0.00 sys=0.00, real=0.00 secs] 
38.297: [Full GC (Ergonomics) [PSYoungGen: 30720K->0K(218624K)] [ParOldGen: 184849K->61969K(262144K)] 215569K->61969K(480768K), [Metaspace: 2793K->2793K(1056768K)], 0.0058635 secs] [Times: user=0.00 sys=0.00, real=0.01 secs] 
40.268: [GC (Allocation Failure) [PSYoungGen: 172431K->10240K(218624K)] 336800K->174609K(480768K), 0.0009941 secs] [Times: user=0.00 sys=0.00, real=0.00 secs] 
41.253: [GC (Allocation Failure) [PSYoungGen: 131482K->10240K(218624K)] 295851K->225809K(480768K), 0.0049108 secs] [Times: user=0.00 sys=0.00, real=0.00 secs] 
41.258: [Full GC (Ergonomics) [PSYoungGen: 10240K->0K(218624K)] [ParOldGen: 215569K->164369K(262144K)] 225809K->164369K(480768K), [Metaspace: 2793K->2793K(1056768K)], 0.0126475 secs] [Times: user=0.00 sys=0.00, real=0.01 secs] 
43.668: [GC (Allocation Failure) [PSYoungGen: 168338K->6144K(218624K)] 332708K->170513K(480768K), 0.0009527 secs] [Times: user=0.00 sys=0.00, real=0.00 secs] 
44.102: [GC (Allocation Failure) [PSYoungGen: 101763K->11264K(218624K)] 266132K->226833K(480768K), 0.0053376 secs] [Times: user=0.00 sys=0.00, real=0.00 secs] 
44.107: [Full GC (Ergonomics) [PSYoungGen: 11264K->0K(218624K)] [ParOldGen: 215569K->62993K(262144K)] 226833K->62993K(480768K), [Metaspace: 2795K->2795K(1056768K)], 0.0054440 secs] [Times: user=0.00 sys=0.00, real=0.01 secs] 
45.324: [GC (Allocation Failure) [PSYoungGen: 157069K->25600K(218624K)] 220062K->88593K(480768K), 0.0016498 secs] [Times: user=0.02 sys=0.00, real=0.00 secs] 
46.958: [GC (Allocation Failure) [PSYoungGen: 192893K->20480K(218624K)] 358287K->237073K(480768K), 0.0053315 secs] [Times: user=0.00 sys=0.00, real=0.01 secs] 
46.963: [Full GC (Ergonomics) [PSYoungGen: 20480K->0K(218624K)] [ParOldGen: 216593K->72209K(262144K)] 237073K->72209K(480768K), [Metaspace: 2795K->2795K(1056768K)], 0.0059231 secs] [Times: user=0.00 sys=0.00, real=0.01 secs] 
48.172: [GC (Allocation Failure) [PSYoungGen: 157070K->15360K(218624K)] 229280K->87569K(480768K), 0.0015671 secs] [Times: user=0.00 sys=0.00, real=0.00 secs] 
49.701: [Full GC (Ergonomics) [PSYoungGen: 162174K->0K(218624K)] [ParOldGen: 174609K->102929K(262144K)] 336784K->102929K(480768K), [Metaspace: 2795K->2795K(1056768K)], 0.0088524 secs] [Times: user=0.00 sys=0.00, real=0.01 secs] 
50.802: [GC (Allocation Failure) [PSYoungGen: 172431K->10240K(218624K)] 275360K->113169K(480768K), 0.0009355 secs] [Times: user=0.00 sys=0.00, real=0.00 secs] 
52.543: [Full GC (Ergonomics) [PSYoungGen: 177552K->0K(218624K)] [ParOldGen: 205329K->32768K(262144K)] 382881K->32768K(480768K), [Metaspace: 2795K->2795K(1056768K)], 0.0041702 secs] [Times: user=0.00 sys=0.00, real=0.00 secs] 
53.308: [GC (Allocation Failure) [PSYoungGen: 172442K->6144K(218624K)] 205210K->38912K(480768K), 0.0008076 secs] [Times: user=0.00 sys=0.00, real=0.00 secs] 
56.248: [GC (Allocation Failure) [PSYoungGen: 178583K->25600K(218624K)] 313751K->160768K(480768K), 0.0019677 secs] [Times: user=0.00 sys=0.00, real=0.00 secs] 
58.211: [Full GC (Ergonomics) [PSYoungGen: 167327K->0K(218624K)] [ParOldGen: 237568K->21504K(262144K)] 404895K->21504K(480768K), [Metaspace: 2796K->2796K(1056768K)], 0.0040826 secs] [Times: user=0.01 sys=0.00, real=0.00 secs] 
58.975: [GC (Allocation Failure) [PSYoungGen: 172452K->5120K(218624K)] 193956K->77824K(480768K), 0.0049134 secs] [Times: user=0.00 sys=0.00, real=0.01 secs] 
60.939: [Full GC (Ergonomics) [PSYoungGen: 167325K->0K(218624K)] [ParOldGen: 175104K->174609K(262144K)] 342429K->174609K(480768K), [Metaspace: 2796K->2796K(1056768K)], 0.0128636 secs] [Times: user=0.02 sys=0.00, real=0.01 secs] 
61.173: [GC (Allocation Failure) [PSYoungGen: 75171K->0K(218624K)] 249780K->225809K(480768K), 0.0047661 secs] [Times: user=0.00 sys=0.00, real=0.00 secs] 
61.178: [Full GC (Ergonomics) [PSYoungGen: 0K->0K(218624K)] [ParOldGen: 225809K->215569K(262144K)] 225809K->215569K(480768K), [Metaspace: 2796K->2796K(1056768K)], 0.0045812 secs] [Times: user=0.00 sys=0.00, real=0.00 secs] 
62.494: [Full GC (Ergonomics) [PSYoungGen: 157091K->0K(218624K)] [ParOldGen: 215569K->26624K(262144K)] 372660K->26624K(480768K), [Metaspace: 2796K->2796K(1056768K)], 0.0032621 secs] [Times: user=0.00 sys=0.00, real=0.00 secs] 
63.255: [GC (Allocation Failure) [PSYoungGen: 172427K->6144K(218624K)] 199051K->32768K(480768K), 0.0007157 secs] [Times: user=0.00 sys=0.00, real=0.00 secs] 
65.978: [GC (Allocation Failure) [PSYoungGen: 178566K->10240K(218624K)] 307590K->139264K(480768K), 0.0010069 secs] [Times: user=0.00 sys=0.00, real=0.00 secs] 
68.049: [Full GC (Ergonomics) [PSYoungGen: 177556K->0K(218624K)] [ParOldGen: 231424K->41984K(262144K)] 408980K->41984K(480768K), [Metaspace: 2796K->2796K(1056768K)], 0.0042488 secs] [Times: user=0.00 sys=0.00, real=0.00 secs] 
70.557: [Full GC (Ergonomics) [PSYoungGen: 173469K->0K(218624K)] [ParOldGen: 246784K->108049K(262144K)] 420253K->108049K(480768K), [Metaspace: 2796K->2796K(1056768K)], 0.0092591 secs] [Times: user=0.02 sys=0.00, real=0.01 secs] 
72.410: [Full GC (Ergonomics) [PSYoungGen: 172451K->0K(218624K)] [ParOldGen: 210449K->134673K(262144K)] 382900K->134673K(480768K), [Metaspace: 2796K->2796K(1056768K)], 0.0032972 secs] [Times: user=0.00 sys=0.00, real=0.00 secs] 
73.612: [GC (Allocation Failure) [PSYoungGen: 172455K->20480K(218624K)] 307128K->155153K(480768K), 0.0012757 secs] [Times: user=0.00 sys=0.00, real=0.00 secs] 
75.244: [Full GC (Ergonomics) [PSYoungGen: 177567K->0K(218624K)] [ParOldGen: 237073K->47104K(262144K)] 414640K->47104K(480768K), [Metaspace: 2796K->2796K(1056768K)], 0.0051050 secs] [Times: user=0.00 sys=0.00, real=0.01 secs] 
76.005: [GC (Allocation Failure) [PSYoungGen: 172452K->10240K(218624K)] 219556K->57344K(480768K), 0.0010894 secs] [Times: user=0.00 sys=0.00, real=0.00 secs] 
78.076: [GC (Allocation Failure) [PSYoungGen: 136605K->25600K(218624K)] 183709K->72704K(480768K), 0.0020473 secs] [Times: user=0.00 sys=0.00, real=0.00 secs] 
78.841: [GC (Allocation Failure) [PSYoungGen: 198037K->10240K(218624K)] 245141K->108544K(480768K), 0.0050078 secs] [Times: user=0.00 sys=0.00, real=0.00 secs] 
81.026: [Full GC (Ergonomics) [PSYoungGen: 146821K->0K(218624K)] [ParOldGen: 200704K->5649K(262144K)] 347525K->5649K(480768K), [Metaspace: 2796K->2796K(1056768K)], 0.0020091 secs] [Times: user=0.00 sys=0.00, real=0.00 secs] 
82.223: [GC (Allocation Failure) [PSYoungGen: 157075K->16384K(218624K)] 162725K->22033K(480768K), 0.0013473 secs] [Times: user=0.00 sys=0.00, real=0.00 secs] 
83.746: [GC (Allocation Failure) [PSYoungGen: 163218K->37888K(218624K)] 271267K->145937K(480768K), 0.0027861 secs] [Times: user=0.00 sys=0.00, real=0.00 secs] 
84.946: [GC (Allocation Failure) [PSYoungGen: 210331K->10240K(218624K)] 318381K->118289K(480768K), 0.0013145 secs] [Times: user=0.00 sys=0.00, real=0.00 secs] 
86.583: [Full GC (Ergonomics) [PSYoungGen: 167320K->0K(218624K)] [ParOldGen: 210449K->36864K(262144K)] 377769K->36864K(480768K), [Metaspace: 2796K->2796K(1056768K)], 0.0038746 secs] [Times: user=0.00 sys=0.00, real=0.00 secs] 
87.347: [GC (Allocation Failure) [PSYoungGen: 172447K->10240K(218624K)] 209311K->47104K(480768K), 0.0009553 secs] [Times: user=0.00 sys=0.00, real=0.00 secs] 
89.424: [GC (Allocation Failure) [PSYoungGen: 182682K->25600K(218624K)] 219546K->62464K(480768K), 0.0025334 secs] [Times: user=0.00 sys=0.00, real=0.00 secs] 
90.181: [GC (Allocation Failure) [PSYoungGen: 198039K->10240K(218624K)] 234903K->149504K(480768K), 0.0160068 secs] [Times: user=0.02 sys=0.00, real=0.02 secs] 
93.363: [Full GC (Ergonomics) [PSYoungGen: 183686K->0K(218624K)] [ParOldGen: 241664K->7168K(262144K)] 425350K->7168K(480768K), [Metaspace: 2796K->2796K(1056768K)], 0.0020923 secs] [Times: user=0.00 sys=0.00, real=0.00 secs] 
95.110: [GC (Allocation Failure) [PSYoungGen: 167316K->35840K(218624K)] 276884K->155648K(480768K), 0.0048924 secs] [Times: user=0.00 sys=0.00, real=0.01 secs] 
96.311: [GC (Allocation Failure) [PSYoungGen: 203165K->5120K(218624K)] 322973K->124928K(480768K), 0.0007541 secs] [Times: user=0.00 sys=0.00, real=0.00 secs] 
97.950: [Full GC (Ergonomics) [PSYoungGen: 162200K->0K(218624K)] [ParOldGen: 222208K->47104K(262144K)] 384409K->47104K(480768K), [Metaspace: 2796K->2796K(1056768K)], 0.0046007 secs] [Times: user=0.00 sys=0.00, real=0.00 secs] 
98.712: [GC (Allocation Failure) [PSYoungGen: 172448K->5120K(218624K)] 219552K->103424K(480768K), 0.0045825 secs] [Times: user=0.03 sys=0.00, real=0.00 secs] 
100.778: [Full GC (Ergonomics) [PSYoungGen: 172443K->0K(218624K)] [ParOldGen: 200704K->26624K(262144K)] 373147K->26624K(480768K), [Metaspace: 2796K->2796K(1056768K)], 0.0031443 secs] [Times: user=0.00 sys=0.00, real=0.00 secs] 
101.542: [GC (Allocation Failure) [PSYoungGen: 172449K->6144K(218624K)] 199073K->32768K(480768K), 0.0007213 secs] [Times: user=0.00 sys=0.00, real=0.00 secs] 
104.488: [GC (Allocation Failure) [PSYoungGen: 178573K->10240K(218624K)] 307597K->139264K(480768K), 0.0009211 secs] [Times: user=0.00 sys=0.00, real=0.00 secs] 
106.344: [Full GC (Ergonomics) [PSYoungGen: 167320K->0K(218624K)] [ParOldGen: 231424K->31744K(262144K)] 398745K->31744K(480768K), [Metaspace: 2796K->2796K(1056768K)], 0.0041518 secs] [Times: user=0.00 sys=0.00, real=0.00 secs] 
108.523: [Full GC (Ergonomics) [PSYoungGen: 173472K->0K(218624K)] [ParOldGen: 236544K->57344K(262144K)] 410016K->57344K(480768K), [Metaspace: 2796K->2796K(1056768K)], 0.0055309 secs] [Times: user=0.00 sys=0.00, real=0.00 secs] 
110.601: [GC (Allocation Failure) [PSYoungGen: 167333K->20480K(218624K)] 327077K->180224K(480768K), 0.0015797 secs] [Times: user=0.00 sys=0.00, real=0.00 secs] 
110.820: [GC (Allocation Failure) [PSYoungGen: 95656K->10240K(218624K)] 255400K->221184K(480768K), 0.0049666 secs] [Times: user=0.01 sys=0.00, real=0.01 secs] 
110.825: [Full GC (Ergonomics) [PSYoungGen: 10240K->0K(218624K)] [ParOldGen: 210944K->215569K(262144K)] 221184K->215569K(480768K), [Metaspace: 2796K->2796K(1056768K)], 0.0183643 secs] [Times: user=0.02 sys=0.00, real=0.02 secs] 
112.160: [Full GC (Ergonomics) [PSYoungGen: 157096K->0K(218624K)] [ParOldGen: 215569K->26624K(262144K)] 372665K->26624K(480768K), [Metaspace: 2796K->2796K(1056768K)], 0.0036449 secs] [Times: user=0.00 sys=0.00, real=0.00 secs] 
112.925: [GC (Allocation Failure) [PSYoungGen: 172431K->6144K(218624K)] 199055K->32768K(480768K), 0.0007258 secs] [Times: user=0.00 sys=0.00, real=0.00 secs] 
115.652: [GC (Allocation Failure) [PSYoungGen: 178568K->10240K(218624K)] 307592K->139264K(480768K), 0.0008581 secs] [Times: user=0.00 sys=0.00, real=0.00 secs] 
117.727: [Full GC (Ergonomics) [PSYoungGen: 177557K->0K(218624K)] [ParOldGen: 231424K->41984K(262144K)] 408982K->41984K(480768K), [Metaspace: 2796K->2796K(1056768K)], 0.0042375 secs] [Times: user=0.00 sys=0.00, real=0.00 secs] 
120.237: [Full GC (Ergonomics) [PSYoungGen: 173470K->0K(218624K)] [ParOldGen: 246784K->108049K(262144K)] 420254K->108049K(480768K), [Metaspace: 2796K->2796K(1056768K)], 0.0090557 secs] [Times: user=0.00 sys=0.00, real=0.01 secs] 
122.110: [Full GC (Ergonomics) [PSYoungGen: 172451K->0K(218624K)] [ParOldGen: 210449K->134673K(262144K)] 382901K->134673K(480768K), [Metaspace: 2796K->2796K(1056768K)], 0.0034908 secs] [Times: user=0.00 sys=0.00, real=0.00 secs] 
123.312: [GC (Allocation Failure) [PSYoungGen: 172455K->20480K(218624K)] 307128K->155153K(480768K), 0.0014451 secs] [Times: user=0.00 sys=0.00, real=0.00 secs] 
124.951: [Full GC (Ergonomics) [PSYoungGen: 177567K->0K(218624K)] [ParOldGen: 237073K->47104K(262144K)] 414641K->47104K(480768K), [Metaspace: 2796K->2796K(1056768K)], 0.0048324 secs] [Times: user=0.00 sys=0.00, real=0.00 secs] 
125.714: [GC (Allocation Failure) [PSYoungGen: 172452K->10240K(218624K)] 219556K->57344K(480768K), 0.0008320 secs] [Times: user=0.00 sys=0.00, real=0.00 secs] 
127.786: [GC (Allocation Failure) [PSYoungGen: 136605K->25600K(218624K)] 183710K->72704K(480768K), 0.0026115 secs] [Times: user=0.00 sys=0.00, real=0.00 secs] 
128.550: [GC (Allocation Failure) [PSYoungGen: 198037K->10240K(218624K)] 245141K->108544K(480768K), 0.0048042 secs] [Times: user=0.00 sys=0.00, real=0.01 secs] 
130.734: [Full GC (Ergonomics) [PSYoungGen: 146821K->0K(218624K)] [ParOldGen: 200704K->6144K(262144K)] 347525K->6144K(480768K), [Metaspace: 2796K->2796K(1056768K)], 0.0021010 secs] [Times: user=0.00 sys=0.00, real=0.00 secs] 
131.933: [GC (Allocation Failure) [PSYoungGen: 157075K->16384K(218624K)] 163219K->22528K(480768K), 0.0013191 secs] [Times: user=0.00 sys=0.00, real=0.00 secs] 
133.465: [GC (Allocation Failure) [PSYoungGen: 163218K->37888K(218624K)] 271762K->146432K(480768K), 0.0029337 secs] [Times: user=0.02 sys=0.00, real=0.00 secs] 
134.667: [GC (Allocation Failure) [PSYoungGen: 210331K->10240K(218624K)] 318875K->118784K(480768K), 0.0011658 secs] [Times: user=0.00 sys=0.00, real=0.00 secs] 
136.301: [Full GC (Ergonomics) [PSYoungGen: 167320K->0K(218624K)] [ParOldGen: 210944K->36864K(262144K)] 378264K->36864K(480768K), [Metaspace: 2796K->2796K(1056768K)], 0.0039437 secs] [Times: user=0.00 sys=0.00, real=0.00 secs] 
137.062: [GC (Allocation Failure) [PSYoungGen: 172447K->10240K(218624K)] 209311K->47104K(480768K), 0.0008357 secs] [Times: user=0.00 sys=0.00, real=0.00 secs] 
139.136: [GC (Allocation Failure) [PSYoungGen: 182682K->25600K(218624K)] 219546K->62464K(480768K), 0.0024088 secs] [Times: user=0.00 sys=0.00, real=0.00 secs] 
139.899: [GC (Allocation Failure) [PSYoungGen: 198039K->10240K(218624K)] 234903K->149504K(480768K), 0.0153306 secs] [Times: user=0.00 sys=0.00, real=0.02 secs] 
143.079: [Full GC (Ergonomics) [PSYoungGen: 183686K->0K(218624K)] [ParOldGen: 241664K->7168K(262144K)] 425350K->7168K(480768K), [Metaspace: 2796K->2796K(1056768K)], 0.0020433 secs] [Times: user=0.00 sys=0.00, real=0.00 secs] 
144.826: [GC (Allocation Failure) [PSYoungGen: 167316K->40960K(218624K)] 276884K->155648K(480768K), 0.0042365 secs] [Times: user=0.00 sys=0.00, real=0.00 secs] 
146.025: [GC (Allocation Failure) [PSYoungGen: 208285K->5120K(218624K)] 322973K->119808K(480768K), 0.0007021 secs] [Times: user=0.00 sys=0.00, real=0.00 secs] 
147.660: [Full GC (Ergonomics) [PSYoungGen: 162200K->0K(218624K)] [ParOldGen: 217088K->47104K(262144K)] 379289K->47104K(480768K), [Metaspace: 2796K->2796K(1056768K)], 0.0047569 secs] [Times: user=0.00 sys=0.00, real=0.00 secs] 
148.425: [GC (Allocation Failure) [PSYoungGen: 172448K->5120K(218624K)] 219552K->103424K(480768K), 0.0055130 secs] [Times: user=0.00 sys=0.00, real=0.01 secs] 
150.494: [Full GC (Ergonomics) [PSYoungGen: 172443K->0K(218624K)] [ParOldGen: 200704K->26624K(262144K)] 373147K->26624K(480768K), [Metaspace: 2796K->2796K(1056768K)], 0.0032954 secs] [Times: user=0.00 sys=0.00, real=0.00 secs] 
151.259: [GC (Allocation Failure) [PSYoungGen: 172449K->6144K(218624K)] 199073K->32768K(480768K), 0.0009165 secs] [Times: user=0.00 sys=0.00, real=0.00 secs] 
154.202: [GC (Allocation Failure) [PSYoungGen: 178573K->10240K(218624K)] 307597K->139264K(480768K), 0.0011875 secs] [Times: user=0.00 sys=0.00, real=0.00 secs] 
156.052: [Full GC (Ergonomics) [PSYoungGen: 167320K->0K(218624K)] [ParOldGen: 231424K->31744K(262144K)] 398745K->31744K(480768K), [Metaspace: 2796K->2796K(1056768K)], 0.0038632 secs] [Times: user=0.00 sys=0.00, real=0.00 secs] 
158.228: [Full GC (Ergonomics) [PSYoungGen: 173472K->0K(218624K)] [ParOldGen: 236544K->57344K(262144K)] 410016K->57344K(480768K), [Metaspace: 2796K->2796K(1056768K)], 0.0053264 secs] [Times: user=0.00 sys=0.00, real=0.01 secs] 
160.302: [GC (Allocation Failure) [PSYoungGen: 167333K->20480K(218624K)] 327077K->180224K(480768K), 0.0018155 secs] [Times: user=0.00 sys=0.00, real=0.00 secs] 
160.520: [GC (Allocation Failure) [PSYoungGen: 95656K->10240K(218624K)] 255400K->221184K(480768K), 0.0049099 secs] [Times: user=0.00 sys=0.00, real=0.01 secs] 
160.525: [Full GC (Ergonomics) [PSYoungGen: 10240K->0K(218624K)] [ParOldGen: 210944K->215569K(262144K)] 221184K->215569K(480768K), [Metaspace: 2796K->2796K(1056768K)], 0.0166902 secs] [Times: user=0.00 sys=0.00, real=0.02 secs] 
161.861: [Full GC (Ergonomics) [PSYoungGen: 157096K->0K(218624K)] [ParOldGen: 215569K->26129K(262144K)] 372665K->26129K(480768K), [Metaspace: 2796K->2796K(1056768K)], 0.0031002 secs] [Times: user=0.00 sys=0.00, real=0.00 secs] 
162.625: [GC (Allocation Failure) [PSYoungGen: 172431K->6144K(218624K)] 198560K->32273K(480768K), 0.0008354 secs] [Times: user=0.00 sys=0.00, real=0.00 secs] 
165.353: [GC (Allocation Failure) [PSYoungGen: 178568K->10240K(218624K)] 307098K->138769K(480768K), 0.0009040 secs] [Times: user=0.00 sys=0.00, real=0.00 secs] 
167.422: [Full GC (Ergonomics) [PSYoungGen: 177557K->0K(218624K)] [ParOldGen: 230929K->41984K(262144K)] 408487K->41984K(480768K), [Metaspace: 2796K->2796K(1056768K)], 0.0046096 secs] [Times: user=0.00 sys=0.00, real=0.01 secs] 
169.925: [Full GC (Ergonomics) [PSYoungGen: 173470K->0K(218624K)] [ParOldGen: 246784K->108049K(262144K)] 420254K->108049K(480768K), [Metaspace: 2796K->2796K(1056768K)], 0.0090540 secs] [Times: user=0.00 sys=0.00, real=0.01 secs] 
171.778: [Full GC (Ergonomics) [PSYoungGen: 172451K->0K(218624K)] [ParOldGen: 210449K->134673K(262144K)] 382901K->134673K(480768K), [Metaspace: 2796K->2796K(1056768K)], 0.0033465 secs] [Times: user=0.00 sys=0.00, real=0.00 secs] 
172.978: [GC (Allocation Failure) [PSYoungGen: 172455K->20480K(218624K)] 307128K->155153K(480768K), 0.0014517 secs] [Times: user=0.00 sys=0.00, real=0.00 secs] 
174.624: [Full GC (Ergonomics) [PSYoungGen: 177567K->0K(218624K)] [ParOldGen: 237073K->47104K(262144K)] 414641K->47104K(480768K), [Metaspace: 2796K->2796K(1056768K)], 0.0044379 secs] [Times: user=0.00 sys=0.00, real=0.00 secs] 
175.386: [GC (Allocation Failure) [PSYoungGen: 172452K->10240K(218624K)] 219556K->57344K(480768K), 0.0011453 secs] [Times: user=0.02 sys=0.00, real=0.00 secs] 
177.459: [GC (Allocation Failure) [PSYoungGen: 136605K->25600K(218624K)] 183710K->72704K(480768K), 0.0021612 secs] [Times: user=0.00 sys=0.00, real=0.00 secs] 
178.221: [GC (Allocation Failure) [PSYoungGen: 198037K->10240K(218624K)] 245141K->108544K(480768K), 0.0050063 secs] [Times: user=0.00 sys=0.00, real=0.01 secs] 
180.407: [Full GC (Ergonomics) [PSYoungGen: 146821K->0K(218624K)] [ParOldGen: 200704K->6144K(262144K)] 347525K->6144K(480768K), [Metaspace: 2796K->2796K(1056768K)], 0.0018480 secs] [Times: user=0.00 sys=0.00, real=0.00 secs] 
181.602: [GC (Allocation Failure) [PSYoungGen: 157075K->16384K(218624K)] 163219K->22528K(480768K), 0.0015747 secs] [Times: user=0.00 sys=0.00, real=0.00 secs] 
183.129: [GC (Allocation Failure) [PSYoungGen: 163218K->37888K(218624K)] 271762K->146432K(480768K), 0.0027127 secs] [Times: user=0.00 sys=0.00, real=0.00 secs] 
184.330: [GC (Allocation Failure) [PSYoungGen: 210331K->10240K(218624K)] 318875K->118784K(480768K), 0.0011519 secs] [Times: user=0.00 sys=0.00, real=0.00 secs] 
185.969: [Full GC (Ergonomics) [PSYoungGen: 167320K->0K(218624K)] [ParOldGen: 210944K->36864K(262144K)] 378264K->36864K(480768K), [Metaspace: 2796K->2796K(1056768K)], 0.0043802 secs] [Times: user=0.00 sys=0.00, real=0.00 secs] 
186.736: [GC (Allocation Failure) [PSYoungGen: 172447K->10240K(218624K)] 209311K->47104K(480768K), 0.0009846 secs] [Times: user=0.00 sys=0.00, real=0.00 secs] 
188.802: [GC (Allocation Failure) [PSYoungGen: 182682K->25600K(218624K)] 219546K->62464K(480768K), 0.0021679 secs] [Times: user=0.00 sys=0.00, real=0.00 secs] 
189.561: [GC (Allocation Failure) [PSYoungGen: 198039K->10240K(218624K)] 234903K->149504K(480768K), 0.0156241 secs] [Times: user=0.00 sys=0.00, real=0.01 secs] 
192.735: [Full GC (Ergonomics) [PSYoungGen: 183686K->0K(218624K)] [ParOldGen: 241664K->7168K(262144K)] 425350K->7168K(480768K), [Metaspace: 2796K->2796K(1056768K)], 0.0022363 secs] [Times: user=0.00 sys=0.00, real=0.00 secs] 
194.479: [GC (Allocation Failure) [PSYoungGen: 167316K->25696K(218624K)] 276884K->155744K(480768K), 0.0036817 secs] [Times: user=0.02 sys=0.00, real=0.00 secs] 
195.681: [GC (Allocation Failure) [PSYoungGen: 193021K->5152K(218624K)] 323069K->135200K(480768K), 0.0007793 secs] [Times: user=0.00 sys=0.00, real=0.00 secs] 
197.309: [Full GC (Ergonomics) [PSYoungGen: 162232K->0K(218624K)] [ParOldGen: 232448K->47104K(262144K)] 394681K->47104K(480768K), [Metaspace: 2796K->2796K(1056768K)], 0.0045605 secs] [Times: user=0.00 sys=0.00, real=0.00 secs] 
198.070: [GC (Allocation Failure) [PSYoungGen: 172448K->5120K(218624K)] 219552K->103424K(480768K), 0.0047863 secs] [Times: user=0.00 sys=0.00, real=0.00 secs] 
200.145: [Full GC (Ergonomics) [PSYoungGen: 172443K->0K(218624K)] [ParOldGen: 200704K->26624K(262144K)] 373147K->26624K(480768K), [Metaspace: 2796K->2796K(1056768K)], 0.0033729 secs] [Times: user=0.00 sys=0.00, real=0.00 secs] 
200.907: [GC (Allocation Failure) [PSYoungGen: 172449K->6144K(218624K)] 199074K->32768K(480768K), 0.0008353 secs] [Times: user=0.00 sys=0.00, real=0.00 secs] 
203.851: [GC (Allocation Failure) [PSYoungGen: 178573K->10240K(218624K)] 307597K->139264K(480768K), 0.0009592 secs] [Times: user=0.00 sys=0.00, real=0.00 secs] 
205.708: [Full GC (Ergonomics) [PSYoungGen: 167320K->0K(218624K)] [ParOldGen: 231424K->31744K(262144K)] 398745K->31744K(480768K), [Metaspace: 2796K->2796K(1056768K)], 0.0039665 secs] [Times: user=0.00 sys=0.00, real=0.00 secs] 
207.890: [Full GC (Ergonomics) [PSYoungGen: 173472K->0K(218624K)] [ParOldGen: 236544K->57344K(262144K)] 410016K->57344K(480768K), [Metaspace: 2796K->2796K(1056768K)], 0.0055220 secs] [Times: user=0.00 sys=0.00, real=0.00 secs] 
209.954: [GC (Allocation Failure) [PSYoungGen: 167333K->20480K(218624K)] 327077K->180224K(480768K), 0.0017180 secs] [Times: user=0.00 sys=0.00, real=0.00 secs] 
210.172: [GC (Allocation Failure) [PSYoungGen: 95656K->10240K(218624K)] 255400K->221184K(480768K), 0.0052311 secs] [Times: user=0.00 sys=0.00, real=0.01 secs] 
210.177: [Full GC (Ergonomics) [PSYoungGen: 10240K->0K(218624K)] [ParOldGen: 210944K->215569K(262144K)] 221184K->215569K(480768K), [Metaspace: 2796K->2796K(1056768K)], 0.0166456 secs] [Times: user=0.02 sys=0.00, real=0.02 secs] 
211.515: [Full GC (Ergonomics) [PSYoungGen: 157096K->0K(218624K)] [ParOldGen: 215569K->26624K(262144K)] 372666K->26624K(480768K), [Metaspace: 2796K->2796K(1056768K)], 0.0035327 secs] [Times: user=0.00 sys=0.00, real=0.00 secs] 
212.276: [GC (Allocation Failure) [PSYoungGen: 172431K->6144K(218624K)] 199055K->32768K(480768K), 0.0007524 secs] [Times: user=0.00 sys=0.00, real=0.00 secs] 
215.001: [GC (Allocation Failure) [PSYoungGen: 178568K->10240K(218624K)] 307592K->139264K(480768K), 0.0009843 secs] [Times: user=0.00 sys=0.00, real=0.00 secs] 
217.072: [Full GC (Ergonomics) [PSYoungGen: 177557K->0K(218624K)] [ParOldGen: 231424K->41984K(262144K)] 408982K->41984K(480768K), [Metaspace: 2796K->2796K(1056768K)], 0.0047574 secs] [Times: user=0.00 sys=0.00, real=0.00 secs] 
Heap
 PSYoungGen      total 218624K, used 99148K [0x00000000f0000000, 0x0000000100000000, 0x0000000100000000)
  eden space 175104K, 56% used [0x00000000f0000000,0x00000000f60d32f8,0x00000000fab00000)
  from space 43520K, 0% used [0x00000000fab00000,0x00000000fab00000,0x00000000fd580000)
  to   space 43520K, 0% used [0x00000000fd580000,0x00000000fd580000,0x0000000100000000)
 ParOldGen       total 262144K, used 144384K [0x00000000e0000000, 0x00000000f0000000, 0x00000000f0000000)
  object space 262144K, 55% used [0x00000000e0000000,0x00000000e8d00050,0x00000000f0000000)
 Metaspace       used 2804K, capacity 4486K, committed 4864K, reserved 1056768K
  class space    used 297K, capacity 386K, committed 512K, reserved 1048576K
