Java HotSpot(TM) 64-Bit Server VM (25.411-b09) for windows-amd64 JRE (1.8.0_411-b09), built on Mar 13 2024 07:26:13 by "java_re" with MS VC++ 17.1 (VS2022)
Memory: 4k page, physical 33403376k(14223228k free), swap 37876016k(5752776k free)
CommandLine flags: -XX:InitialHeapSize=1073741824 -XX:MaxHeapSize=1073741824 -XX:NewRatio=4 -XX:ParallelGCThreads=6 -XX:+PrintGC -XX:+PrintGCDetails -XX:+PrintGCTimeStamps -XX:-UseAdaptiveSizePolicy -XX:+UseCompressedClassPointers -XX:+UseCompressedOops -XX:-UseLargePagesIndividualAllocation -XX:+UseParallelGC 
2.297: [GC (Allocation Failure) [PSYoungGen: 156815K->12032K(183296K)] 259215K->114440K(1022464K), 0.0027252 secs] [Times: user=0.00 sys=0.00, real=0.00 secs] 
4.940: [GC (Allocation Failure) [PSYoungGen: 168776K->10824K(183296K)] 373584K->215632K(1022464K), 0.0026493 secs] [Times: user=0.00 sys=0.00, real=0.00 secs] 
6.819: [GC (Allocation Failure) [PSYoungGen: 162448K->21128K(183296K)] 469656K->338576K(1022464K), 0.0049816 secs] [Times: user=0.00 sys=0.00, real=0.00 secs] 
8.486: [GC (Allocation Failure) [PSYoungGen: 143603K->21064K(183296K)] 563451K->440920K(1022464K), 0.0043350 secs] [Times: user=0.00 sys=0.00, real=0.00 secs] 
8.925: [GC (Allocation Failure) [PSYoungGen: 177807K->1592K(183296K)] 597663K->472648K(1022464K), 0.0169267 secs] [Times: user=0.00 sys=0.00, real=0.02 secs] 
11.045: [GC (Allocation Failure) [PSYoungGen: 158328K->15976K(183296K)] 731784K->589432K(1022464K), 0.0016031 secs] [Times: user=0.00 sys=0.00, real=0.00 secs] 
12.821: [GC (Allocation Failure) [PSYoungGen: 163496K->5656K(183296K)] 839352K->702000K(1022464K), 0.0153462 secs] [Times: user=0.00 sys=0.00, real=0.02 secs] 
13.272: [GC (Allocation Failure) [PSYoungGen: 162396K->6712K(183296K)] 858740K->703056K(1022464K), 0.0016877 secs] [Times: user=0.00 sys=0.00, real=0.00 secs] 
15.367: [Full GC (Ergonomics) [PSYoungGen: 163439K->0K(183296K)] [ParOldGen: 798744K->27153K(839168K)] 962183K->27153K(1022464K), [Metaspace: 2768K->2768K(1056768K)], 0.0152602 secs] [Times: user=0.00 sys=0.00, real=0.02 secs] 
17.777: [GC (Allocation Failure) [PSYoungGen: 156732K->10240K(183296K)] 286286K->160273K(1022464K), 0.0024025 secs] [Times: user=0.00 sys=0.00, real=0.00 secs] 
19.952: [GC (Allocation Failure) [PSYoungGen: 146496K->5120K(183296K)] 398930K->257553K(1022464K), 0.0009578 secs] [Times: user=0.00 sys=0.00, real=0.00 secs] 
20.390: [GC (Allocation Failure) [PSYoungGen: 161859K->1024K(183296K)] 414292K->355857K(1022464K), 0.0152684 secs] [Times: user=0.00 sys=0.00, real=0.02 secs] 
22.475: [GC (Allocation Failure) [PSYoungGen: 157757K->16384K(183296K)] 614990K->473617K(1022464K), 0.0014165 secs] [Times: user=0.00 sys=0.00, real=0.00 secs] 
24.221: [GC (Allocation Failure) [PSYoungGen: 157761K->20480K(183296K)] 717394K->590353K(1022464K), 0.0024594 secs] [Times: user=0.00 sys=0.00, real=0.00 secs] 
24.659: [GC (Allocation Failure) [PSYoungGen: 177219K->1024K(183296K)] 747092K->570897K(1022464K), 0.0012134 secs] [Times: user=0.00 sys=0.00, real=0.00 secs] 
26.729: [GC (Allocation Failure) [PSYoungGen: 157757K->25600K(183296K)] 830030K->697873K(1022464K), 0.0036813 secs] [Times: user=0.00 sys=0.00, real=0.00 secs] 
28.470: [GC (Allocation Failure) [PSYoungGen: 136921K->25632K(183296K)] 809194K->697913K(1022464K), 0.0033293 secs] [Times: user=0.00 sys=0.00, real=0.00 secs] 
28.905: [GC (Allocation Failure) [PSYoungGen: 182354K->6272K(183296K)] 854635K->729753K(1022464K), 0.0049064 secs] [Times: user=0.00 sys=0.00, real=0.00 secs] 
31.427: [Full GC (Ergonomics) [PSYoungGen: 157859K->0K(183296K)] [ParOldGen: 825881K->5649K(839168K)] 983741K->5649K(1022464K), [Metaspace: 2793K->2793K(1056768K)], 0.0053319 secs] [Times: user=0.00 sys=0.00, real=0.00 secs] 
32.643: [GC (Allocation Failure) [PSYoungGen: 156720K->16384K(183296K)] 162369K->22033K(1022464K), 0.0013919 secs] [Times: user=0.00 sys=0.00, real=0.00 secs] 
34.167: [GC (Allocation Failure) [PSYoungGen: 162865K->22528K(183296K)] 270914K->145937K(1022464K), 0.0031577 secs] [Times: user=0.00 sys=0.00, real=0.00 secs] 
34.607: [GC (Allocation Failure) [PSYoungGen: 179257K->3072K(183296K)] 302666K->126481K(1022464K), 0.0006616 secs] [Times: user=0.00 sys=0.00, real=0.00 secs] 
36.897: [GC (Allocation Failure) [PSYoungGen: 154678K->25600K(183296K)] 380488K->251409K(1022464K), 0.0017240 secs] [Times: user=0.00 sys=0.00, real=0.00 secs] 
38.429: [GC (Allocation Failure) [PSYoungGen: 172092K->25600K(183296K)] 500302K->389649K(1022464K), 0.0041379 secs] [Times: user=0.00 sys=0.00, real=0.00 secs] 
39.846: [GC (Allocation Failure) [PSYoungGen: 141376K->25600K(183296K)] 505426K->389649K(1022464K), 0.0025041 secs] [Times: user=0.00 sys=0.00, real=0.00 secs] 
40.284: [GC (Allocation Failure) [PSYoungGen: 182328K->6144K(183296K)] 546378K->472593K(1022464K), 0.0151351 secs] [Times: user=0.00 sys=0.00, real=0.02 secs] 
43.028: [GC (Allocation Failure) [PSYoungGen: 162856K->1024K(183296K)] 731705K->569873K(1022464K), 0.0013766 secs] [Times: user=0.00 sys=0.00, real=0.00 secs] 
45.101: [GC (Allocation Failure) [PSYoungGen: 153651K->21504K(183296K)] 824900K->692753K(1022464K), 0.0021467 secs] [Times: user=0.00 sys=0.00, real=0.00 secs] 
46.958: [Full GC (Ergonomics) [PSYoungGen: 162874K->0K(183296K)] [ParOldGen: 773649K->21009K(839168K)] 936524K->21009K(1022464K), [Metaspace: 2795K->2795K(1056768K)], 0.0040938 secs] [Times: user=0.00 sys=0.00, real=0.00 secs] 
47.395: [GC (Allocation Failure) [PSYoungGen: 156735K->1024K(183296K)] 177744K->22033K(1022464K), 0.0003692 secs] [Times: user=0.00 sys=0.00, real=0.00 secs] 
49.465: [GC (Allocation Failure) [PSYoungGen: 157754K->15360K(183296K)] 281164K->189969K(1022464K), 0.0054395 secs] [Times: user=0.02 sys=0.00, real=0.01 secs] 
51.207: [GC (Allocation Failure) [PSYoungGen: 166975K->25600K(183296K)] 443984K->302609K(1022464K), 0.0023977 secs] [Times: user=0.00 sys=0.00, real=0.00 secs] 
51.640: [GC (Allocation Failure) [PSYoungGen: 182338K->7168K(183296K)] 459347K->284177K(1022464K), 0.0008993 secs] [Times: user=0.00 sys=0.00, real=0.00 secs] 
53.710: [GC (Allocation Failure) [PSYoungGen: 163886K->17408K(183296K)] 543295K->396817K(1022464K), 0.0013615 secs] [Times: user=0.00 sys=0.00, real=0.00 secs] 
56.218: [GC (Allocation Failure) [PSYoungGen: 172142K->25600K(183296K)] 653951K->507409K(1022464K), 0.0020911 secs] [Times: user=0.00 sys=0.00, real=0.00 secs] 
58.287: [GC (Allocation Failure) [PSYoungGen: 172093K->20480K(183296K)] 756302K->604689K(1022464K), 0.0022588 secs] [Times: user=0.00 sys=0.00, real=0.00 secs] 
58.723: [GC (Allocation Failure) [PSYoungGen: 177216K->1024K(183296K)] 761426K->636433K(1022464K), 0.0048742 secs] [Times: user=0.00 sys=0.00, real=0.01 secs] 
60.799: [GC (Allocation Failure) [PSYoungGen: 157755K->15360K(183296K)] 895565K->753169K(1022464K), 0.0017576 secs] [Times: user=0.00 sys=0.00, real=0.00 secs] 
61.232: [GC (Allocation Failure) [PSYoungGen: 110655K->10240K(183296K)] 848465K->799249K(1022464K), 0.0049856 secs] [Times: user=0.02 sys=0.00, real=0.01 secs] 
61.237: [Full GC (Ergonomics) [PSYoungGen: 10240K->0K(183296K)] [ParOldGen: 789009K->215569K(839168K)] 799249K->215569K(1022464K), [Metaspace: 2796K->2796K(1056768K)], 0.0164238 secs] [Times: user=0.01 sys=0.00, real=0.02 secs] 
62.573: [GC (Allocation Failure) [PSYoungGen: 156726K->25600K(183296K)] 372295K->241169K(1022464K), 0.0027067 secs] [Times: user=0.00 sys=0.00, real=0.00 secs] 
63.008: [GC (Allocation Failure) [PSYoungGen: 182310K->7168K(183296K)] 397879K->222737K(1022464K), 0.0009139 secs] [Times: user=0.00 sys=0.00, real=0.00 secs] 
65.081: [GC (Allocation Failure) [PSYoungGen: 163875K->16384K(183296K)] 481845K->344593K(1022464K), 0.0020368 secs] [Times: user=0.00 sys=0.00, real=0.00 secs] 
67.481: [GC (Allocation Failure) [PSYoungGen: 173104K->25600K(183296K)] 603713K->461329K(1022464K), 0.0032990 secs] [Times: user=0.02 sys=0.00, real=0.00 secs] 
69.666: [GC (Allocation Failure) [PSYoungGen: 161848K->5120K(183296K)] 699978K->543249K(1022464K), 0.0015308 secs] [Times: user=0.00 sys=0.00, real=0.00 secs] 
70.100: [GC (Allocation Failure) [PSYoungGen: 161853K->1024K(183296K)] 699983K->641553K(1022464K), 0.0159679 secs] [Times: user=0.00 sys=0.00, real=0.02 secs] 
72.187: [Full GC (Ergonomics) [PSYoungGen: 157753K->0K(183296K)] [ParOldGen: 742929K->114193K(839168K)] 900683K->114193K(1022464K), [Metaspace: 2796K->2796K(1056768K)], 0.0099581 secs] [Times: user=0.00 sys=0.00, real=0.01 secs] 
73.950: [GC (Allocation Failure) [PSYoungGen: 141374K->20480K(183296K)] 357968K->247313K(1022464K), 0.0029305 secs] [Times: user=0.01 sys=0.00, real=0.00 secs] 
74.387: [GC (Allocation Failure) [PSYoungGen: 177217K->1024K(183296K)] 404051K->227857K(1022464K), 0.0007023 secs] [Times: user=0.00 sys=0.00, real=0.00 secs] 
76.455: [GC (Allocation Failure) [PSYoungGen: 157756K->25600K(183296K)] 486989K->354833K(1022464K), 0.0022739 secs] [Times: user=0.00 sys=0.00, real=0.00 secs] 
78.200: [GC (Allocation Failure) [PSYoungGen: 136256K->25600K(183296K)] 465489K->354833K(1022464K), 0.0034255 secs] [Times: user=0.02 sys=0.00, real=0.00 secs] 
78.635: [GC (Allocation Failure) [PSYoungGen: 182328K->6144K(183296K)] 511561K->386577K(1022464K), 0.0046536 secs] [Times: user=0.00 sys=0.00, real=0.00 secs] 
81.470: [GC (Allocation Failure) [PSYoungGen: 161871K->2048K(183296K)] 747105K->587281K(1022464K), 0.0012623 secs] [Times: user=0.00 sys=0.00, real=0.00 secs] 
83.542: [GC (Allocation Failure) [PSYoungGen: 158771K->12288K(183296K)] 846404K->699921K(1022464K), 0.0015153 secs] [Times: user=0.00 sys=0.00, real=0.00 secs] 
85.280: [Full GC (Ergonomics) [PSYoungGen: 153658K->0K(183296K)] [ParOldGen: 790033K->31744K(839168K)] 943691K->31744K(1022464K), [Metaspace: 2796K->2796K(1056768K)], 0.0058804 secs] [Times: user=0.00 sys=0.00, real=0.00 secs] 
85.713: [GC (Allocation Failure) [PSYoungGen: 156734K->1024K(183296K)] 188478K->32768K(1022464K), 0.0004963 secs] [Times: user=0.00 sys=0.00, real=0.00 secs] 
87.787: [GC (Allocation Failure) [PSYoungGen: 157754K->15360K(183296K)] 291898K->169984K(1022464K), 0.0032357 secs] [Times: user=0.00 sys=0.00, real=0.00 secs] 
89.535: [GC (Allocation Failure) [PSYoungGen: 172095K->25600K(183296K)] 326719K->180224K(1022464K), 0.0022848 secs] [Times: user=0.00 sys=0.00, real=0.00 secs] 
89.971: [GC (Allocation Failure) [PSYoungGen: 182330K->6144K(183296K)] 336954K->263168K(1022464K), 0.0161880 secs] [Times: user=0.00 sys=0.00, real=0.02 secs] 
92.716: [GC (Allocation Failure) [PSYoungGen: 162857K->1024K(183296K)] 522281K->360448K(1022464K), 0.0011381 secs] [Times: user=0.02 sys=0.00, real=0.00 secs] 
94.787: [GC (Allocation Failure) [PSYoungGen: 153652K->21504K(183296K)] 615476K->483328K(1022464K), 0.0024805 secs] [Times: user=0.00 sys=0.00, real=0.00 secs] 
96.642: [GC (Allocation Failure) [PSYoungGen: 162874K->20480K(183296K)] 727099K->605184K(1022464K), 0.0039043 secs] [Times: user=0.00 sys=0.00, real=0.00 secs] 
97.078: [GC (Allocation Failure) [PSYoungGen: 177215K->21504K(183296K)] 761919K->606208K(1022464K), 0.0027547 secs] [Times: user=0.00 sys=0.00, real=0.00 secs] 
99.143: [GC (Allocation Failure) [PSYoungGen: 178234K->25600K(183296K)] 865339K->774144K(1022464K), 0.0067540 secs] [Times: user=0.00 sys=0.00, real=0.01 secs] 
99.150: [Full GC (Ergonomics) [PSYoungGen: 25600K->0K(183296K)] [ParOldGen: 748544K->87569K(839168K)] 774144K->87569K(1022464K), [Metaspace: 2796K->2796K(1056768K)], 0.0086588 secs] [Times: user=0.02 sys=0.00, real=0.01 secs] 
100.903: [GC (Allocation Failure) [PSYoungGen: 151615K->25600K(183296K)] 341584K->215569K(1022464K), 0.0025530 secs] [Times: user=0.00 sys=0.00, real=0.00 secs] 
101.340: [GC (Allocation Failure) [PSYoungGen: 182338K->7168K(183296K)] 372307K->197137K(1022464K), 0.0008708 secs] [Times: user=0.00 sys=0.00, real=0.00 secs] 
103.412: [GC (Allocation Failure) [PSYoungGen: 163886K->17408K(183296K)] 456255K->309777K(1022464K), 0.0016560 secs] [Times: user=0.00 sys=0.00, real=0.00 secs] 
105.919: [GC (Allocation Failure) [PSYoungGen: 172142K->25600K(183296K)] 566911K->420369K(1022464K), 0.0021120 secs] [Times: user=0.02 sys=0.00, real=0.00 secs] 
107.990: [GC (Allocation Failure) [PSYoungGen: 172093K->20480K(183296K)] 669262K->517649K(1022464K), 0.0024850 secs] [Times: user=0.00 sys=0.00, real=0.00 secs] 
108.427: [GC (Allocation Failure) [PSYoungGen: 177216K->1024K(183296K)] 674386K->549393K(1022464K), 0.0048063 secs] [Times: user=0.00 sys=0.00, real=0.00 secs] 
110.503: [GC (Allocation Failure) [PSYoungGen: 157755K->15360K(183296K)] 808525K->666129K(1022464K), 0.0014671 secs] [Times: user=0.00 sys=0.00, real=0.00 secs] 
112.250: [Full GC (Ergonomics) [PSYoungGen: 161855K->0K(183296K)] [ParOldGen: 753169K->26624K(839168K)] 915025K->26624K(1022464K), [Metaspace: 2796K->2796K(1056768K)], 0.0042891 secs] [Times: user=0.00 sys=0.00, real=0.00 secs] 
112.687: [GC (Allocation Failure) [PSYoungGen: 156738K->2048K(183296K)] 183362K->28672K(1022464K), 0.0004014 secs] [Times: user=0.00 sys=0.00, real=0.00 secs] 
114.754: [GC (Allocation Failure) [PSYoungGen: 158773K->21504K(183296K)] 287797K->150528K(1022464K), 0.0022310 secs] [Times: user=0.00 sys=0.00, real=0.00 secs] 
117.149: [GC (Allocation Failure) [PSYoungGen: 178236K->25600K(183296K)] 409660K->262144K(1022464K), 0.0024913 secs] [Times: user=0.00 sys=0.00, real=0.00 secs] 
119.330: [GC (Allocation Failure) [PSYoungGen: 161856K->5120K(183296K)] 500800K->344064K(1022464K), 0.0011512 secs] [Times: user=0.00 sys=0.00, real=0.00 secs] 
119.765: [GC (Allocation Failure) [PSYoungGen: 161858K->1024K(183296K)] 500802K->442368K(1022464K), 0.0153488 secs] [Times: user=0.00 sys=0.00, real=0.02 secs] 
121.850: [GC (Allocation Failure) [PSYoungGen: 157757K->16384K(183296K)] 701501K->560128K(1022464K), 0.0017979 secs] [Times: user=0.00 sys=0.00, real=0.00 secs] 
123.599: [GC (Allocation Failure) [PSYoungGen: 157760K->20480K(183296K)] 803904K->676864K(1022464K), 0.0033684 secs] [Times: user=0.00 sys=0.00, real=0.00 secs] 
124.037: [GC (Allocation Failure) [PSYoungGen: 177219K->1024K(183296K)] 833603K->657408K(1022464K), 0.0016230 secs] [Times: user=0.00 sys=0.00, real=0.00 secs] 
126.107: [Full GC (Ergonomics) [PSYoungGen: 157757K->0K(183296K)] [ParOldGen: 758784K->36369K(839168K)] 916541K->36369K(1022464K), [Metaspace: 2796K->2796K(1056768K)], 0.0056159 secs] [Times: user=0.00 sys=0.00, real=0.01 secs] 
127.855: [GC (Allocation Failure) [PSYoungGen: 110656K->25600K(183296K)] 147026K->61969K(1022464K), 0.0020731 secs] [Times: user=0.00 sys=0.00, real=0.00 secs] 
128.290: [GC (Allocation Failure) [PSYoungGen: 182328K->6144K(183296K)] 218697K->93713K(1022464K), 0.0047180 secs] [Times: user=0.00 sys=0.00, real=0.00 secs] 
131.130: [GC (Allocation Failure) [PSYoungGen: 161872K->2048K(183296K)] 454241K->294417K(1022464K), 0.0006822 secs] [Times: user=0.00 sys=0.00, real=0.00 secs] 
133.203: [GC (Allocation Failure) [PSYoungGen: 158771K->12288K(183296K)] 553540K->407057K(1022464K), 0.0013727 secs] [Times: user=0.00 sys=0.00, real=0.00 secs] 
134.947: [GC (Allocation Failure) [PSYoungGen: 153658K->10240K(183296K)] 650827K->527889K(1022464K), 0.0025736 secs] [Times: user=0.00 sys=0.00, real=0.00 secs] 
135.386: [GC (Allocation Failure) [PSYoungGen: 166974K->11264K(183296K)] 684624K->528913K(1022464K), 0.0017539 secs] [Times: user=0.00 sys=0.00, real=0.00 secs] 
137.451: [GC (Allocation Failure) [PSYoungGen: 167994K->25600K(183296K)] 788044K->666129K(1022464K), 0.0034670 secs] [Times: user=0.00 sys=0.00, real=0.00 secs] 
139.193: [GC (Allocation Failure) [PSYoungGen: 182335K->25600K(183296K)] 822864K->666129K(1022464K), 0.0026752 secs] [Times: user=0.00 sys=0.00, real=0.00 secs] 
139.629: [GC (Allocation Failure) [PSYoungGen: 182330K->6144K(183296K)] 822860K->749073K(1022464K), 0.0161836 secs] [Times: user=0.00 sys=0.00, real=0.02 secs] 
139.645: [Full GC (Ergonomics) [PSYoungGen: 6144K->0K(183296K)] [ParOldGen: 742929K->109073K(839168K)] 749073K->109073K(1022464K), [Metaspace: 2796K->2796K(1056768K)], 0.0091851 secs] [Times: user=0.00 sys=0.00, real=0.01 secs] 
142.375: [GC (Allocation Failure) [PSYoungGen: 156713K->1024K(183296K)] 368186K->212497K(1022464K), 0.0005409 secs] [Times: user=0.00 sys=0.00, real=0.00 secs] 
144.445: [GC (Allocation Failure) [PSYoungGen: 153652K->21504K(183296K)] 467525K->335377K(1022464K), 0.0018257 secs] [Times: user=0.00 sys=0.00, real=0.00 secs] 
146.295: [GC (Allocation Failure) [PSYoungGen: 162875K->20480K(183296K)] 579148K->457233K(1022464K), 0.0028283 secs] [Times: user=0.00 sys=0.00, real=0.00 secs] 
146.730: [GC (Allocation Failure) [PSYoungGen: 177215K->21504K(183296K)] 613968K->458257K(1022464K), 0.0021585 secs] [Times: user=0.00 sys=0.00, real=0.00 secs] 
148.803: [GC (Allocation Failure) [PSYoungGen: 178234K->15360K(183296K)] 717388K->626193K(1022464K), 0.0061972 secs] [Times: user=0.00 sys=0.00, real=0.01 secs] 
150.548: [GC (Allocation Failure) [PSYoungGen: 166975K->25600K(183296K)] 880208K->738833K(1022464K), 0.0026675 secs] [Times: user=0.00 sys=0.00, real=0.00 secs] 
150.984: [GC (Allocation Failure) [PSYoungGen: 182338K->7168K(183296K)] 895571K->720401K(1022464K), 0.0010752 secs] [Times: user=0.00 sys=0.00, real=0.00 secs] 
153.059: [Full GC (Ergonomics) [PSYoungGen: 163886K->0K(183296K)] [ParOldGen: 815633K->18432K(839168K)] 979519K->18432K(1022464K), [Metaspace: 2796K->2796K(1056768K)], 0.0045274 secs] [Times: user=0.00 sys=0.00, real=0.00 secs] 
155.565: [GC (Allocation Failure) [PSYoungGen: 154734K->25600K(183296K)] 275566K->146432K(1022464K), 0.0019402 secs] [Times: user=0.00 sys=0.00, real=0.00 secs] 
157.627: [GC (Allocation Failure) [PSYoungGen: 172093K->20480K(183296K)] 395325K->243712K(1022464K), 0.0020921 secs] [Times: user=0.00 sys=0.00, real=0.00 secs] 
158.059: [GC (Allocation Failure) [PSYoungGen: 177216K->1024K(183296K)] 400448K->275456K(1022464K), 0.0050939 secs] [Times: user=0.00 sys=0.00, real=0.00 secs] 
160.125: [GC (Allocation Failure) [PSYoungGen: 157755K->15360K(183296K)] 534587K->392192K(1022464K), 0.0017285 secs] [Times: user=0.00 sys=0.00, real=0.00 secs] 
161.872: [GC (Allocation Failure) [PSYoungGen: 161855K->25600K(183296K)] 641088K->504832K(1022464K), 0.0025878 secs] [Times: user=0.00 sys=0.00, real=0.00 secs] 
162.308: [GC (Allocation Failure) [PSYoungGen: 182338K->6144K(183296K)] 661570K->485376K(1022464K), 0.0014419 secs] [Times: user=0.00 sys=0.00, real=0.00 secs] 
164.378: [GC (Allocation Failure) [PSYoungGen: 162869K->16384K(183296K)] 744502K->608256K(1022464K), 0.0026726 secs] [Times: user=0.00 sys=0.00, real=0.00 secs] 
166.780: [GC (Allocation Failure) [PSYoungGen: 173116K->10240K(183296K)] 867388K->724992K(1022464K), 0.0031431 secs] [Times: user=0.00 sys=0.00, real=0.00 secs] 
168.960: [Full GC (Ergonomics) [PSYoungGen: 146496K->0K(183296K)] [ParOldGen: 817152K->6144K(839168K)] 963648K->6144K(1022464K), [Metaspace: 2796K->2796K(1056768K)], 0.0032270 secs] [Times: user=0.00 sys=0.00, real=0.00 secs] 
169.395: [GC (Allocation Failure) [PSYoungGen: 156738K->1024K(183296K)] 162882K->109568K(1022464K), 0.0155777 secs] [Times: user=0.00 sys=0.00, real=0.01 secs] 
171.481: [GC (Allocation Failure) [PSYoungGen: 157757K->16384K(183296K)] 368701K->227328K(1022464K), 0.0012611 secs] [Times: user=0.00 sys=0.00, real=0.00 secs] 
173.226: [GC (Allocation Failure) [PSYoungGen: 157760K->20480K(183296K)] 471104K->344064K(1022464K), 0.0025298 secs] [Times: user=0.00 sys=0.00, real=0.00 secs] 
173.663: [GC (Allocation Failure) [PSYoungGen: 177219K->1024K(183296K)] 500803K->324608K(1022464K), 0.0010090 secs] [Times: user=0.00 sys=0.00, real=0.00 secs] 
175.736: [GC (Allocation Failure) [PSYoungGen: 157757K->25600K(183296K)] 583741K->451584K(1022464K), 0.0023715 secs] [Times: user=0.00 sys=0.00, real=0.00 secs] 
177.478: [GC (Allocation Failure) [PSYoungGen: 136257K->25600K(183296K)] 562241K->451584K(1022464K), 0.0027947 secs] [Times: user=0.00 sys=0.00, real=0.00 secs] 
177.915: [GC (Allocation Failure) [PSYoungGen: 182328K->6144K(183296K)] 608312K->483328K(1022464K), 0.0048896 secs] [Times: user=0.00 sys=0.00, real=0.00 secs] 
180.756: [GC (Allocation Failure) [PSYoungGen: 161872K->2048K(183296K)] 843856K->684032K(1022464K), 0.0014534 secs] [Times: user=0.00 sys=0.00, real=0.00 secs] 
182.823: [Full GC (Ergonomics) [PSYoungGen: 158771K->0K(183296K)] [ParOldGen: 784384K->13312K(839168K)] 943155K->13312K(1022464K), [Metaspace: 2796K->2796K(1056768K)], 0.0041126 secs] [Times: user=0.00 sys=0.00, real=0.00 secs] 
184.565: [GC (Allocation Failure) [PSYoungGen: 141370K->20480K(183296K)] 257082K->146432K(1022464K), 0.0023581 secs] [Times: user=0.00 sys=0.00, real=0.00 secs] 
185.003: [GC (Allocation Failure) [PSYoungGen: 177214K->1024K(183296K)] 303167K->126976K(1022464K), 0.0007107 secs] [Times: user=0.00 sys=0.00, real=0.00 secs] 
187.072: [GC (Allocation Failure) [PSYoungGen: 157754K->15360K(183296K)] 386106K->264192K(1022464K), 0.0027412 secs] [Times: user=0.00 sys=0.00, real=0.00 secs] 
188.817: [GC (Allocation Failure) [PSYoungGen: 172095K->25600K(183296K)] 420927K->274432K(1022464K), 0.0026623 secs] [Times: user=0.00 sys=0.00, real=0.00 secs] 
189.255: [GC (Allocation Failure) [PSYoungGen: 182330K->6144K(183296K)] 431162K->357376K(1022464K), 0.0160553 secs] [Times: user=0.00 sys=0.00, real=0.02 secs] 
191.996: [GC (Allocation Failure) [PSYoungGen: 162857K->1056K(183296K)] 616489K->454688K(1022464K), 0.0009751 secs] [Times: user=0.00 sys=0.00, real=0.00 secs] 
194.065: [GC (Allocation Failure) [PSYoungGen: 153684K->21536K(183296K)] 709716K->577568K(1022464K), 0.0021165 secs] [Times: user=0.00 sys=0.00, real=0.00 secs] 
195.917: [GC (Allocation Failure) [PSYoungGen: 162907K->20544K(183296K)] 821339K->699456K(1022464K), 0.0032061 secs] [Times: user=0.01 sys=0.00, real=0.00 secs] 
196.354: [GC (Allocation Failure) [PSYoungGen: 177279K->21536K(183296K)] 856191K->700448K(1022464K), 0.0030525 secs] [Times: user=0.00 sys=0.00, real=0.00 secs] 
198.432: [Full GC (Ergonomics) [PSYoungGen: 178266K->0K(183296K)] [ParOldGen: 781312K->88064K(839168K)] 959579K->88064K(1022464K), [Metaspace: 2796K->2796K(1056768K)], 0.0083460 secs] [Times: user=0.00 sys=0.00, real=0.01 secs] 
200.177: [GC (Allocation Failure) [PSYoungGen: 151615K->25600K(183296K)] 342079K->216064K(1022464K), 0.0025904 secs] [Times: user=0.00 sys=0.00, real=0.00 secs] 
200.612: [GC (Allocation Failure) [PSYoungGen: 182338K->7168K(183296K)] 372802K->197632K(1022464K), 0.0010415 secs] [Times: user=0.00 sys=0.00, real=0.00 secs] 
202.680: [GC (Allocation Failure) [PSYoungGen: 163886K->17408K(183296K)] 456750K->310272K(1022464K), 0.0016978 secs] [Times: user=0.00 sys=0.00, real=0.00 secs] 
205.190: [GC (Allocation Failure) [PSYoungGen: 172142K->25600K(183296K)] 567406K->420864K(1022464K), 0.0020521 secs] [Times: user=0.00 sys=0.00, real=0.00 secs] 
207.261: [GC (Allocation Failure) [PSYoungGen: 172093K->20480K(183296K)] 669757K->518144K(1022464K), 0.0020785 secs] [Times: user=0.00 sys=0.00, real=0.00 secs] 
207.697: [GC (Allocation Failure) [PSYoungGen: 177216K->1024K(183296K)] 674881K->549888K(1022464K), 0.0053347 secs] [Times: user=0.02 sys=0.00, real=0.00 secs] 
209.771: [GC (Allocation Failure) [PSYoungGen: 157755K->15360K(183296K)] 809020K->666624K(1022464K), 0.0017913 secs] [Times: user=0.00 sys=0.00, real=0.00 secs] 
211.520: [GC (Allocation Failure) [PSYoungGen: 161855K->25600K(183296K)] 915520K->779264K(1022464K), 0.0030366 secs] [Times: user=0.00 sys=0.00, real=0.00 secs] 
211.957: [GC (Allocation Failure) [PSYoungGen: 182338K->6144K(183296K)] 936003K->759808K(1022464K), 0.0013760 secs] [Times: user=0.00 sys=0.00, real=0.00 secs] 
213.045: [GC (Allocation Failure) [PSYoungGen: 132149K->16384K(183296K)] 885814K->821248K(1022464K), 0.0056048 secs] [Times: user=0.00 sys=0.00, real=0.01 secs] 
213.051: [Full GC (Ergonomics) [PSYoungGen: 16384K->0K(183296K)] [ParOldGen: 804864K->68113K(839168K)] 821248K->68113K(1022464K), [Metaspace: 2796K->2796K(1056768K)], 0.0067425 secs] [Times: user=0.00 sys=0.00, real=0.01 secs] 
214.808: [GC (Allocation Failure) [PSYoungGen: 156722K->10240K(183296K)] 224836K->78353K(1022464K), 0.0012896 secs] [Times: user=0.00 sys=0.00, real=0.00 secs] 
216.881: [GC (Allocation Failure) [PSYoungGen: 166948K->15360K(183296K)] 337462K->206353K(1022464K), 0.0027898 secs] [Times: user=0.00 sys=0.00, real=0.00 secs] 
Heap
 PSYoungGen      total 183296K, used 134264K [0x00000000f3380000, 0x0000000100000000, 0x0000000100000000)
  eden space 157184K, 75% used [0x00000000f3380000,0x00000000fa79e298,0x00000000fcd00000)
  from space 26112K, 58% used [0x00000000fe680000,0x00000000ff580030,0x0000000100000000)
  to   space 26112K, 0% used [0x00000000fcd00000,0x00000000fcd00000,0x00000000fe680000)
 ParOldGen       total 839168K, used 293393K [0x00000000c0000000, 0x00000000f3380000, 0x00000000f3380000)
  object space 839168K, 34% used [0x00000000c0000000,0x00000000d1e84750,0x00000000f3380000)
 Metaspace       used 2804K, capacity 4486K, committed 4864K, reserved 1056768K
  class space    used 297K, capacity 386K, committed 512K, reserved 1048576K
