Java HotSpot(TM) 64-Bit Server VM (25.411-b09) for windows-amd64 JRE (1.8.0_411-b09), built on Mar 13 2024 07:26:13 by "java_re" with MS VC++ 17.1 (VS2022)
Memory: 4k page, physical 33403376k(15057632k free), swap 38794768k(7685100k free)
CommandLine flags: -XX:InitialHeapSize=1073741824 -XX:MaxHeapSize=1073741824 -XX:NewRatio=8 -XX:ParallelGCThreads=6 -XX:+PrintGC -XX:+PrintGCDetails -XX:+PrintGCTimeStamps -XX:SurvivorRatio=4 -XX:-UseAdaptiveSizePolicy -XX:+UseCompressedClassPointers -XX:+UseCompressedOops -XX:-UseLargePagesIndividualAllocation -XX:+UseParallelGC 
1.643: [GC (Allocation Failure) [PSYoungGen: 77885K->7848K(97280K)] 231485K->161456K(1029632K), 0.0024362 secs] [Times: user=0.00 sys=0.00, real=0.00 secs] 
3.221: [GC (Allocation Failure) [PSYoungGen: 83143K->13944K(97280K)] 390351K->321152K(1029632K), 0.0032986 secs] [Times: user=0.00 sys=0.00, real=0.00 secs] 
5.294: [GC (Allocation Failure) [PSYoungGen: 87191K->10872K(97280K)] 394399K->318080K(1029632K), 0.0017083 secs] [Times: user=0.00 sys=0.00, real=0.00 secs] 
6.755: [GC (Allocation Failure) [PSYoungGen: 85139K->16008K(97280K)] 545947K->487056K(1029632K), 0.0044415 secs] [Times: user=0.00 sys=0.00, real=0.00 secs] 
8.439: [GC (Allocation Failure) [PSYoungGen: 75699K->5688K(97280K)] 700347K->630344K(1029632K), 0.0022235 secs] [Times: user=0.00 sys=0.00, real=0.00 secs] 
9.014: [GC (Allocation Failure) [PSYoungGen: 79957K->1592K(97280K)] 807013K->779848K(1029632K), 0.0167622 secs] [Times: user=0.00 sys=0.00, real=0.02 secs] 
10.496: [Full GC (Ergonomics) [PSYoungGen: 75861K->0K(97280K)] [ParOldGen: 931856K->160272K(932352K)] 1007718K->160272K(1029632K), [Metaspace: 2761K->2761K(1056768K)], 0.0222600 secs] [Times: user=0.00 sys=0.00, real=0.02 secs] 
12.369: [GC (Allocation Failure) [PSYoungGen: 73246K->1024K(97280K)] 387119K->314896K(1029632K), 0.0006034 secs] [Times: user=0.00 sys=0.00, real=0.00 secs] 
13.787: [GC (Allocation Failure) [PSYoungGen: 75803K->11296K(97280K)] 543276K->478777K(1029632K), 0.0011353 secs] [Times: user=0.00 sys=0.00, real=0.00 secs] 
15.202: [GC (Allocation Failure) [PSYoungGen: 85566K->16416K(97280K)] 706647K->647737K(1029632K), 0.0022672 secs] [Times: user=0.00 sys=0.00, real=0.00 secs] 
16.948: [GC (Allocation Failure) [PSYoungGen: 89662K->15392K(97280K)] 720983K->646713K(1029632K), 0.0016949 secs] [Times: user=0.00 sys=0.00, real=0.00 secs] 
18.364: [GC (Allocation Failure) [PSYoungGen: 89658K->15392K(97280K)] 874579K->825913K(1029632K), 0.0034127 secs] [Times: user=0.00 sys=0.00, real=0.00 secs] 
18.692: [GC (Allocation Failure) [PSYoungGen: 47676K->5152K(97280K)] 909397K->866873K(1029632K), 0.0014811 secs] [Times: user=0.00 sys=0.00, real=0.00 secs] 
18.694: [GC (Allocation Failure) [PSYoungGen: 5152K->5152K(97280K)] 866873K->866873K(1029632K), 0.0013129 secs] [Times: user=0.00 sys=0.00, real=0.00 secs] 
18.695: [Full GC (Allocation Failure) [PSYoungGen: 5152K->0K(97280K)] [ParOldGen: 861721K->82449K(932352K)] 866873K->82449K(1029632K), [Metaspace: 2770K->2770K(1056768K)], 0.0079472 secs] [Times: user=0.00 sys=0.00, real=0.01 secs] 
20.456: [GC (Allocation Failure) [PSYoungGen: 76316K->1024K(97280K)] 363565K->288273K(1029632K), 0.0008643 secs] [Times: user=0.00 sys=0.00, real=0.00 secs] 
21.873: [GC (Allocation Failure) [PSYoungGen: 75293K->7168K(97280K)] 516142K->448017K(1029632K), 0.0011114 secs] [Times: user=0.00 sys=0.00, real=0.00 secs] 
23.835: [GC (Allocation Failure) [PSYoungGen: 81437K->1024K(97280K)] 675887K->595473K(1029632K), 0.0017952 secs] [Times: user=0.00 sys=0.00, real=0.00 secs] 
25.253: [GC (Allocation Failure) [PSYoungGen: 75294K->10240K(97280K)] 823343K->768529K(1029632K), 0.0019728 secs] [Times: user=0.00 sys=0.00, real=0.00 secs] 
26.670: [Full GC (Ergonomics) [PSYoungGen: 84510K->0K(97280K)] [ParOldGen: 911889K->36369K(932352K)] 996399K->36369K(1029632K), [Metaspace: 2780K->2780K(1056768K)], 0.0049007 secs] [Times: user=0.00 sys=0.02, real=0.01 secs] 
28.200: [GC (Allocation Failure) [PSYoungGen: 73246K->10240K(97280K)] 109615K->46609K(1029632K), 0.0010436 secs] [Times: user=0.00 sys=0.00, real=0.00 secs] 
29.618: [GC (Allocation Failure) [PSYoungGen: 84837K->15424K(97280K)] 274806K->205401K(1029632K), 0.0011815 secs] [Times: user=0.00 sys=0.00, real=0.00 secs] 
31.915: [GC (Allocation Failure) [PSYoungGen: 91740K->6208K(97280K)] 537717K->452193K(1029632K), 0.0020691 secs] [Times: user=0.00 sys=0.00, real=0.00 secs] 
33.331: [GC (Allocation Failure) [PSYoungGen: 80477K->12352K(97280K)] 680062K->611937K(1029632K), 0.0023322 secs] [Times: user=0.00 sys=0.00, real=0.00 secs] 
35.300: [GC (Allocation Failure) [PSYoungGen: 86621K->5184K(97280K)] 839807K->758369K(1029632K), 0.0024552 secs] [Times: user=0.00 sys=0.00, real=0.00 secs] 
36.716: [Full GC (Ergonomics) [PSYoungGen: 79454K->0K(97280K)] [ParOldGen: 906785K->21504K(932352K)] 986239K->21504K(1029632K), [Metaspace: 2793K->2793K(1056768K)], 0.0037975 secs] [Times: user=0.00 sys=0.00, real=0.00 secs] 
38.135: [GC (Allocation Failure) [PSYoungGen: 74270K->10240K(97280K)] 249374K->205824K(1029632K), 0.0025351 secs] [Times: user=0.00 sys=0.00, real=0.00 secs] 
39.668: [GC (Allocation Failure) [PSYoungGen: 83486K->15360K(97280K)] 330270K->262144K(1029632K), 0.0018345 secs] [Times: user=0.00 sys=0.00, real=0.00 secs] 
41.087: [GC (Allocation Failure) [PSYoungGen: 89630K->15360K(97280K)] 490015K->420864K(1029632K), 0.0020443 secs] [Times: user=0.00 sys=0.00, real=0.00 secs] 
43.377: [GC (Allocation Failure) [PSYoungGen: 91678K->6144K(97280K)] 650783K->565248K(1029632K), 0.0012877 secs] [Times: user=0.03 sys=0.00, real=0.00 secs] 
44.797: [GC (Allocation Failure) [PSYoungGen: 80414K->16384K(97280K)] 793119K->734208K(1029632K), 0.0022621 secs] [Times: user=0.00 sys=0.00, real=0.00 secs] 
46.764: [GC (Allocation Failure) [PSYoungGen: 90654K->5120K(97280K)] 962079K->876544K(1029632K), 0.0021066 secs] [Times: user=0.00 sys=0.00, real=0.00 secs] 
47.090: [Full GC (Ergonomics) [PSYoungGen: 37406K->0K(97280K)] [ParOldGen: 922624K->72209K(932352K)] 960031K->72209K(1029632K), [Metaspace: 2795K->2795K(1056768K)], 0.0075323 secs] [Times: user=0.00 sys=0.00, real=0.01 secs] 
48.853: [GC (Allocation Failure) [PSYoungGen: 76318K->6144K(97280K)] 404528K->334353K(1029632K), 0.0010182 secs] [Times: user=0.00 sys=0.00, real=0.00 secs] 
50.605: [GC (Allocation Failure) [PSYoungGen: 79390K->0K(97280K)] 561200K->481809K(1029632K), 0.0010112 secs] [Times: user=0.00 sys=0.00, real=0.00 secs] 
52.019: [GC (Allocation Failure) [PSYoungGen: 74270K->11264K(97280K)] 709680K->646673K(1029632K), 0.0016085 secs] [Times: user=0.00 sys=0.00, real=0.00 secs] 
53.438: [GC (Allocation Failure) [PSYoungGen: 85534K->17408K(97280K)] 874544K->806417K(1029632K), 0.0018878 secs] [Times: user=0.00 sys=0.00, real=0.00 secs] 
55.294: [GC (Allocation Failure) [PSYoungGen: 85534K->15360K(97280K)] 874544K->804369K(1029632K), 0.0021000 secs] [Times: user=0.00 sys=0.00, real=0.00 secs] 
55.619: [GC (Allocation Failure) [PSYoungGen: 47642K->15360K(97280K)] 887851K->855569K(1029632K), 0.0018363 secs] [Times: user=0.00 sys=0.00, real=0.00 secs] 
55.621: [GC (Allocation Failure) [PSYoungGen: 15360K->15360K(97280K)] 855569K->855569K(1029632K), 0.0015479 secs] [Times: user=0.00 sys=0.00, real=0.00 secs] 
55.623: [Full GC (Allocation Failure) [PSYoungGen: 15360K->0K(97280K)] [ParOldGen: 840209K->67089K(932352K)] 855569K->67089K(1029632K), [Metaspace: 2795K->2795K(1056768K)], 0.0065421 secs] [Times: user=0.00 sys=0.00, real=0.01 secs] 
57.381: [GC (Allocation Failure) [PSYoungGen: 76314K->6144K(97280K)] 399403K->349713K(1029632K), 0.0022533 secs] [Times: user=0.00 sys=0.00, real=0.00 secs] 
59.450: [GC (Allocation Failure) [PSYoungGen: 75292K->10240K(97280K)] 572461K->507409K(1029632K), 0.0011213 secs] [Times: user=0.00 sys=0.00, real=0.00 secs] 
60.873: [GC (Allocation Failure) [PSYoungGen: 84509K->15360K(97280K)] 735278K->666129K(1029632K), 0.0014977 secs] [Times: user=0.00 sys=0.00, real=0.00 secs] 
62.516: [GC (Allocation Failure) [PSYoungGen: 88605K->15360K(97280K)] 892975K->819729K(1029632K), 0.0017566 secs] [Times: user=0.00 sys=0.00, real=0.00 secs] 
63.061: [Full GC (Ergonomics) [PSYoungGen: 89630K->0K(97280K)] [ParOldGen: 906769K->7168K(932352K)] 996399K->7168K(1029632K), [Metaspace: 2796K->2796K(1056768K)], 0.0032100 secs] [Times: user=0.00 sys=0.00, real=0.00 secs] 
64.476: [GC (Allocation Failure) [PSYoungGen: 74270K->11264K(97280K)] 235038K->172032K(1029632K), 0.0013278 secs] [Times: user=0.00 sys=0.00, real=0.00 secs] 
66.336: [GC (Allocation Failure) [PSYoungGen: 84510K->10240K(97280K)] 245278K->171008K(1029632K), 0.0012397 secs] [Times: user=0.00 sys=0.00, real=0.00 secs] 
67.755: [GC (Allocation Failure) [PSYoungGen: 84506K->15360K(97280K)] 398874K->350208K(1029632K), 0.0029012 secs] [Times: user=0.00 sys=0.00, real=0.00 secs] 
70.153: [GC (Allocation Failure) [PSYoungGen: 91676K->1024K(97280K)] 733724K->643072K(1029632K), 0.0018375 secs] [Times: user=0.00 sys=0.00, real=0.00 secs] 
71.574: [GC (Allocation Failure) [PSYoungGen: 75293K->7168K(97280K)] 870941K->802816K(1029632K), 0.0018459 secs] [Times: user=0.00 sys=0.00, real=0.00 secs] 
72.665: [GC (Allocation Failure) [PSYoungGen: 80413K->11264K(97280K)] 927261K->858112K(1029632K), 0.0026570 secs] [Times: user=0.00 sys=0.00, real=0.00 secs] 
72.668: [GC (Allocation Failure) [PSYoungGen: 11264K->11264K(97280K)] 858112K->858112K(1029632K), 0.0022488 secs] [Times: user=0.00 sys=0.00, real=0.00 secs] 
72.670: [Full GC (Allocation Failure) [PSYoungGen: 11264K->0K(97280K)] [ParOldGen: 846848K->165393K(932352K)] 858112K->165393K(1029632K), [Metaspace: 2796K->2796K(1056768K)], 0.0130645 secs] [Times: user=0.00 sys=0.00, real=0.01 secs] 
74.975: [GC (Allocation Failure) [PSYoungGen: 76318K->15360K(97280K)] 497711K->441873K(1029632K), 0.0019942 secs] [Times: user=0.00 sys=0.00, real=0.00 secs] 
76.398: [GC (Allocation Failure) [PSYoungGen: 89630K->10240K(97280K)] 669743K->610833K(1029632K), 0.0025162 secs] [Times: user=0.00 sys=0.00, real=0.00 secs] 
77.929: [GC (Allocation Failure) [PSYoungGen: 83486K->10240K(97280K)] 684080K->610833K(1029632K), 0.0013796 secs] [Times: user=0.00 sys=0.00, real=0.00 secs] 
79.352: [GC (Allocation Failure) [PSYoungGen: 84506K->15360K(97280K)] 838700K->769553K(1029632K), 0.0015455 secs] [Times: user=0.00 sys=0.00, real=0.00 secs] 
81.205: [Full GC (Ergonomics) [PSYoungGen: 84508K->0K(97280K)] [ParOldGen: 907793K->6144K(932352K)] 992301K->6144K(1029632K), [Metaspace: 2796K->2796K(1056768K)], 0.0031318 secs] [Times: user=0.00 sys=0.00, real=0.00 secs] 
82.950: [GC (Allocation Failure) [PSYoungGen: 76317K->7168K(97280K)] 338461K->269312K(1029632K), 0.0011572 secs] [Times: user=0.00 sys=0.00, real=0.00 secs] 
84.374: [GC (Allocation Failure) [PSYoungGen: 81437K->18432K(97280K)] 497181K->434176K(1029632K), 0.0023869 secs] [Times: user=0.00 sys=0.00, real=0.00 secs] 
86.341: [GC (Allocation Failure) [PSYoungGen: 92702K->15360K(97280K)] 662046K->589824K(1029632K), 0.0028029 secs] [Times: user=0.00 sys=0.00, real=0.00 secs] 
87.761: [GC (Allocation Failure) [PSYoungGen: 89630K->15360K(97280K)] 817694K->769024K(1029632K), 0.0031821 secs] [Times: user=0.00 sys=0.00, real=0.00 secs] 
89.287: [GC (Allocation Failure) [PSYoungGen: 83486K->10240K(97280K)] 888350K->815104K(1029632K), 0.0026979 secs] [Times: user=0.00 sys=0.00, real=0.00 secs] 
89.725: [GC (Allocation Failure) [PSYoungGen: 52766K->5120K(97280K)] 908830K->861184K(1029632K), 0.0028972 secs] [Times: user=0.00 sys=0.00, real=0.00 secs] 
89.727: [GC (Allocation Failure) [PSYoungGen: 5120K->5120K(97280K)] 861184K->861184K(1029632K), 0.0029983 secs] [Times: user=0.00 sys=0.00, real=0.00 secs] 
89.730: [Full GC (Allocation Failure) [PSYoungGen: 5120K->0K(97280K)] [ParOldGen: 856064K->56849K(932352K)] 861184K->56849K(1029632K), [Metaspace: 2796K->2796K(1056768K)], 0.0060464 secs] [Times: user=0.00 sys=0.00, real=0.01 secs] 
91.487: [GC (Allocation Failure) [PSYoungGen: 76318K->7168K(97280K)] 389168K->320017K(1029632K), 0.0009374 secs] [Times: user=0.00 sys=0.00, real=0.00 secs] 
93.675: [GC (Allocation Failure) [PSYoungGen: 81438K->11264K(97280K)] 394288K->334353K(1029632K), 0.0015333 secs] [Times: user=0.00 sys=0.00, real=0.00 secs] 
95.093: [GC (Allocation Failure) [PSYoungGen: 85530K->16384K(97280K)] 562220K->493073K(1029632K), 0.0016567 secs] [Times: user=0.00 sys=0.00, real=0.00 secs] 
97.167: [GC (Allocation Failure) [PSYoungGen: 92700K->1024K(97280K)] 876589K->805393K(1029632K), 0.0021880 secs] [Times: user=0.00 sys=0.00, real=0.00 secs] 
98.260: [GC (Allocation Failure) [PSYoungGen: 74269K->5120K(97280K)] 929838K->860689K(1029632K), 0.0020172 secs] [Times: user=0.00 sys=0.00, real=0.00 secs] 
98.263: [GC (Allocation Failure) [PSYoungGen: 5120K->5120K(97280K)] 860689K->860689K(1029632K), 0.0022765 secs] [Times: user=0.00 sys=0.00, real=0.00 secs] 
98.265: [Full GC (Allocation Failure) [PSYoungGen: 5120K->0K(97280K)] [ParOldGen: 855569K->77329K(932352K)] 860689K->77329K(1029632K), [Metaspace: 2796K->2796K(1056768K)], 0.0069286 secs] [Times: user=0.02 sys=0.00, real=0.01 secs] 
100.347: [GC (Allocation Failure) [PSYoungGen: 74269K->0K(97280K)] 407599K->333329K(1029632K), 0.0007658 secs] [Times: user=0.00 sys=0.00, real=0.00 secs] 
101.763: [GC (Allocation Failure) [PSYoungGen: 74270K->11264K(97280K)] 561199K->498193K(1029632K), 0.0014704 secs] [Times: user=0.00 sys=0.00, real=0.00 secs] 
103.178: [GC (Allocation Failure) [PSYoungGen: 85534K->17408K(97280K)] 726063K->657937K(1029632K), 0.0016289 secs] [Times: user=0.00 sys=0.00, real=0.00 secs] 
105.034: [GC (Allocation Failure) [PSYoungGen: 85534K->15360K(97280K)] 726064K->655889K(1029632K), 0.0014870 secs] [Times: user=0.00 sys=0.00, real=0.00 secs] 
106.446: [GC (Allocation Failure) [PSYoungGen: 89626K->15360K(97280K)] 883755K->824849K(1029632K), 0.0024066 secs] [Times: user=0.00 sys=0.00, real=0.00 secs] 
106.775: [GC (Allocation Failure) [PSYoungGen: 47643K->5120K(97280K)] 908333K->886289K(1029632K), 0.0025035 secs] [Times: user=0.00 sys=0.00, real=0.00 secs] 
106.777: [GC (Allocation Failure) [PSYoungGen: 5120K->5120K(97280K)] 886289K->886289K(1029632K), 0.0014206 secs] [Times: user=0.00 sys=0.00, real=0.00 secs] 
106.779: [Full GC (Allocation Failure) [PSYoungGen: 5120K->0K(97280K)] [ParOldGen: 881169K->92689K(932352K)] 886289K->92689K(1029632K), [Metaspace: 2796K->2796K(1056768K)], 0.0080689 secs] [Times: user=0.00 sys=0.00, real=0.01 secs] 
109.188: [GC (Allocation Failure) [PSYoungGen: 71195K->10240K(97280K)] 419885K->358929K(1029632K), 0.0010569 secs] [Times: user=0.00 sys=0.00, real=0.00 secs] 
110.607: [GC (Allocation Failure) [PSYoungGen: 84508K->15360K(97280K)] 586798K->517649K(1029632K), 0.0013490 secs] [Times: user=0.00 sys=0.00, real=0.00 secs] 
112.244: [GC (Allocation Failure) [PSYoungGen: 88605K->15360K(97280K)] 744495K->671249K(1029632K), 0.0015132 secs] [Times: user=0.00 sys=0.00, real=0.00 secs] 
112.789: [GC (Allocation Failure) [PSYoungGen: 89629K->7168K(97280K)] 847919K->765457K(1029632K), 0.0013279 secs] [Times: user=0.00 sys=0.00, real=0.00 secs] 
114.207: [Full GC (Ergonomics) [PSYoungGen: 81438K->0K(97280K)] [ParOldGen: 911889K->18432K(932352K)] 993327K->18432K(1029632K), [Metaspace: 2796K->2796K(1056768K)], 0.0037787 secs] [Times: user=0.00 sys=0.00, real=0.00 secs] 
116.064: [GC (Allocation Failure) [PSYoungGen: 73246K->10240K(97280K)] 91678K->28672K(1029632K), 0.0010149 secs] [Times: user=0.00 sys=0.00, real=0.00 secs] 
117.488: [GC (Allocation Failure) [PSYoungGen: 84506K->15360K(97280K)] 256538K->207872K(1029632K), 0.0030042 secs] [Times: user=0.00 sys=0.00, real=0.00 secs] 
119.889: [GC (Allocation Failure) [PSYoungGen: 91676K->1024K(97280K)] 591388K->500736K(1029632K), 0.0013113 secs] [Times: user=0.00 sys=0.00, real=0.00 secs] 
121.309: [GC (Allocation Failure) [PSYoungGen: 75293K->7168K(97280K)] 728605K->660480K(1029632K), 0.0021192 secs] [Times: user=0.00 sys=0.00, real=0.00 secs] 
123.273: [GC (Allocation Failure) [PSYoungGen: 81437K->1024K(97280K)] 888349K->807936K(1029632K), 0.0019281 secs] [Times: user=0.00 sys=0.00, real=0.00 secs] 
123.817: [GC (Allocation Failure) [PSYoungGen: 48670K->10240K(97280K)] 906782K->868352K(1029632K), 0.0033540 secs] [Times: user=0.00 sys=0.00, real=0.00 secs] 
123.821: [GC (Allocation Failure) [PSYoungGen: 10240K->10240K(97280K)] 868352K->868352K(1029632K), 0.0021757 secs] [Times: user=0.00 sys=0.00, real=0.00 secs] 
123.823: [Full GC (Allocation Failure) [PSYoungGen: 10240K->0K(97280K)] [ParOldGen: 858112K->61969K(932352K)] 868352K->61969K(1029632K), [Metaspace: 2796K->2796K(1056768K)], 0.0062455 secs] [Times: user=0.00 sys=0.00, real=0.01 secs] 
125.579: [GC (Allocation Failure) [PSYoungGen: 76318K->16384K(97280K)] 394287K->334353K(1029632K), 0.0016947 secs] [Times: user=0.00 sys=0.00, real=0.00 secs] 
127.104: [GC (Allocation Failure) [PSYoungGen: 89630K->0K(97280K)] 407599K->338449K(1029632K), 0.0019880 secs] [Times: user=0.00 sys=0.00, real=0.00 secs] 
128.520: [GC (Allocation Failure) [PSYoungGen: 74266K->10240K(97280K)] 566316K->502289K(1029632K), 0.0012581 secs] [Times: user=0.00 sys=0.00, real=0.00 secs] 
129.944: [GC (Allocation Failure) [PSYoungGen: 84508K->15360K(97280K)] 730157K->661009K(1029632K), 0.0018106 secs] [Times: user=0.00 sys=0.00, real=0.00 secs] 
132.129: [GC (Allocation Failure) [PSYoungGen: 89629K->16384K(97280K)] 837678K->764433K(1029632K), 0.0019203 secs] [Times: user=0.00 sys=0.00, real=0.00 secs] 
132.674: [GC (Allocation Failure) [PSYoungGen: 90653K->8192K(97280K)] 941103K->858641K(1029632K), 0.0017633 secs] [Times: user=0.02 sys=0.00, real=0.00 secs] 
133.764: [Full GC (Ergonomics) [PSYoungGen: 81438K->0K(97280K)] [ParOldGen: 901649K->69137K(932352K)] 983087K->69137K(1029632K), [Metaspace: 2796K->2796K(1056768K)], 0.0068506 secs] [Times: user=0.02 sys=0.00, real=0.01 secs] 
136.075: [GC (Allocation Failure) [PSYoungGen: 76318K->10240K(97280K)] 401455K->345617K(1029632K), 0.0018488 secs] [Times: user=0.00 sys=0.00, real=0.00 secs] 
137.492: [GC (Allocation Failure) [PSYoungGen: 84510K->15360K(97280K)] 573488K->524817K(1029632K), 0.0026966 secs] [Times: user=0.00 sys=0.00, real=0.00 secs] 
139.022: [GC (Allocation Failure) [PSYoungGen: 83486K->10240K(97280K)] 644144K->570897K(1029632K), 0.0012314 secs] [Times: user=0.00 sys=0.00, real=0.00 secs] 
140.441: [GC (Allocation Failure) [PSYoungGen: 84510K->15360K(97280K)] 798768K->729617K(1029632K), 0.0014985 secs] [Times: user=0.00 sys=0.00, real=0.00 secs] 
142.614: [GC (Allocation Failure) [PSYoungGen: 91678K->2048K(97280K)] 959536K->869905K(1029632K), 0.0016759 secs] [Times: user=0.00 sys=0.00, real=0.00 secs] 
143.705: [Full GC (Ergonomics) [PSYoungGen: 75294K->0K(97280K)] [ParOldGen: 919057K->62993K(932352K)] 994352K->62993K(1029632K), [Metaspace: 2796K->2796K(1056768K)], 0.0069618 secs] [Times: user=0.01 sys=0.00, real=0.01 secs] 
145.467: [GC (Allocation Failure) [PSYoungGen: 76318K->16384K(97280K)] 395312K->335377K(1029632K), 0.0016505 secs] [Times: user=0.00 sys=0.00, real=0.00 secs] 
147.538: [GC (Allocation Failure) [PSYoungGen: 90654K->10240K(97280K)] 563248K->503313K(1029632K), 0.0027829 secs] [Times: user=0.00 sys=0.00, real=0.00 secs] 
148.959: [GC (Allocation Failure) [PSYoungGen: 84510K->15360K(97280K)] 731184K->662033K(1029632K), 0.0016575 secs] [Times: user=0.00 sys=0.00, real=0.00 secs] 
150.489: [GC (Allocation Failure) [PSYoungGen: 83486K->15360K(97280K)] 883760K->815633K(1029632K), 0.0015596 secs] [Times: user=0.00 sys=0.00, real=0.00 secs] 
150.817: [GC (Allocation Failure) [PSYoungGen: 47646K->5120K(97280K)] 899120K->856593K(1029632K), 0.0014585 secs] [Times: user=0.00 sys=0.00, real=0.00 secs] 
150.819: [GC (Allocation Failure) [PSYoungGen: 5120K->5120K(97280K)] 856593K->856593K(1029632K), 0.0012715 secs] [Times: user=0.00 sys=0.00, real=0.00 secs] 
150.820: [Full GC (Allocation Failure) [PSYoungGen: 5120K->0K(97280K)] [ParOldGen: 851473K->56849K(932352K)] 856593K->56849K(1029632K), [Metaspace: 2796K->2796K(1056768K)], 0.0061273 secs] [Times: user=0.00 sys=0.00, real=0.00 secs] 
152.572: [GC (Allocation Failure) [PSYoungGen: 76318K->8192K(97280K)] 389168K->321041K(1029632K), 0.0009438 secs] [Times: user=0.00 sys=0.00, real=0.00 secs] 
154.642: [GC (Allocation Failure) [PSYoungGen: 81438K->10240K(97280K)] 394288K->323089K(1029632K), 0.0011084 secs] [Times: user=0.00 sys=0.02, real=0.00 secs] 
156.061: [GC (Allocation Failure) [PSYoungGen: 84506K->15360K(97280K)] 550956K->492049K(1029632K), 0.0021305 secs] [Times: user=0.00 sys=0.00, real=0.00 secs] 
157.700: [GC (Allocation Failure) [PSYoungGen: 74268K->5120K(97280K)] 704557K->635409K(1029632K), 0.0012978 secs] [Times: user=0.00 sys=0.00, real=0.00 secs] 
158.244: [GC (Allocation Failure) [PSYoungGen: 79389K->1024K(97280K)] 812078K->784913K(1029632K), 0.0049719 secs] [Times: user=0.00 sys=0.00, real=0.00 secs] 
159.335: [GC (Allocation Failure) [PSYoungGen: 74269K->5120K(97280K)] 909359K->840209K(1029632K), 0.0014476 secs] [Times: user=0.00 sys=0.00, real=0.00 secs] 
159.337: [GC (Allocation Failure) [PSYoungGen: 5120K->5120K(97280K)] 840209K->840209K(1029632K), 0.0014674 secs] [Times: user=0.00 sys=0.00, real=0.00 secs] 
159.338: [Full GC (Allocation Failure) [PSYoungGen: 5120K->0K(97280K)] [ParOldGen: 835089K->108049K(932352K)] 840209K->108049K(1029632K), [Metaspace: 2796K->2796K(1056768K)], 0.0089951 secs] [Times: user=0.00 sys=0.00, real=0.01 secs] 
161.529: [GC (Allocation Failure) [PSYoungGen: 75294K->1024K(97280K)] 439343K->365073K(1029632K), 0.0007763 secs] [Times: user=0.00 sys=0.00, real=0.00 secs] 
162.948: [GC (Allocation Failure) [PSYoungGen: 75294K->11264K(97280K)] 592943K->528913K(1029632K), 0.0012376 secs] [Times: user=0.00 sys=0.00, real=0.00 secs] 
164.367: [GC (Allocation Failure) [PSYoungGen: 85534K->16384K(97280K)] 756784K->697873K(1029632K), 0.0025985 secs] [Times: user=0.00 sys=0.00, real=0.00 secs] 
166.114: [GC (Allocation Failure) [PSYoungGen: 89630K->15360K(97280K)] 771120K->696849K(1029632K), 0.0019954 secs] [Times: user=0.00 sys=0.00, real=0.00 secs] 
167.537: [GC (Allocation Failure) [PSYoungGen: 89626K->15360K(97280K)] 924716K->876049K(1029632K), 0.0036764 secs] [Times: user=0.00 sys=0.00, real=0.00 secs] 
167.863: [Full GC (Ergonomics) [PSYoungGen: 47644K->0K(97280K)] [ParOldGen: 911889K->82449K(932352K)] 959533K->82449K(1029632K), [Metaspace: 2796K->2796K(1056768K)], 0.0077641 secs] [Times: user=0.00 sys=0.00, real=0.01 secs] 
169.623: [GC (Allocation Failure) [PSYoungGen: 76316K->1024K(97280K)] 363565K->288273K(1029632K), 0.0011392 secs] [Times: user=0.00 sys=0.00, real=0.00 secs] 
171.041: [GC (Allocation Failure) [PSYoungGen: 75293K->7168K(97280K)] 516142K->448017K(1029632K), 0.0009174 secs] [Times: user=0.00 sys=0.00, real=0.00 secs] 
173.005: [GC (Allocation Failure) [PSYoungGen: 81437K->1024K(97280K)] 675887K->595473K(1029632K), 0.0012291 secs] [Times: user=0.00 sys=0.00, real=0.00 secs] 
174.424: [GC (Allocation Failure) [PSYoungGen: 75294K->10240K(97280K)] 823343K->768529K(1029632K), 0.0021446 secs] [Times: user=0.00 sys=0.00, real=0.00 secs] 
175.839: [Full GC (Ergonomics) [PSYoungGen: 84510K->0K(97280K)] [ParOldGen: 911889K->36369K(932352K)] 996399K->36369K(1029632K), [Metaspace: 2796K->2796K(1056768K)], 0.0047537 secs] [Times: user=0.00 sys=0.00, real=0.01 secs] 
177.368: [GC (Allocation Failure) [PSYoungGen: 73246K->10240K(97280K)] 109615K->46609K(1029632K), 0.0008840 secs] [Times: user=0.00 sys=0.00, real=0.00 secs] 
178.786: [GC (Allocation Failure) [PSYoungGen: 84506K->15360K(97280K)] 274476K->205329K(1029632K), 0.0012814 secs] [Times: user=0.00 sys=0.00, real=0.00 secs] 
181.080: [GC (Allocation Failure) [PSYoungGen: 91676K->6144K(97280K)] 537645K->452113K(1029632K), 0.0010655 secs] [Times: user=0.02 sys=0.00, real=0.00 secs] 
182.497: [GC (Allocation Failure) [PSYoungGen: 80413K->12288K(97280K)] 679982K->611857K(1029632K), 0.0017766 secs] [Times: user=0.00 sys=0.00, real=0.00 secs] 
184.459: [GC (Allocation Failure) [PSYoungGen: 86557K->5120K(97280K)] 839727K->758289K(1029632K), 0.0019305 secs] [Times: user=0.00 sys=0.00, real=0.00 secs] 
185.878: [Full GC (Ergonomics) [PSYoungGen: 79390K->0K(97280K)] [ParOldGen: 906769K->21504K(932352K)] 986159K->21504K(1029632K), [Metaspace: 2796K->2796K(1056768K)], 0.0042303 secs] [Times: user=0.00 sys=0.00, real=0.00 secs] 
187.299: [GC (Allocation Failure) [PSYoungGen: 74270K->10240K(97280K)] 249374K->205824K(1029632K), 0.0027062 secs] [Times: user=0.00 sys=0.00, real=0.00 secs] 
188.833: [GC (Allocation Failure) [PSYoungGen: 83486K->15360K(97280K)] 330270K->262144K(1029632K), 0.0015098 secs] [Times: user=0.00 sys=0.00, real=0.00 secs] 
190.257: [GC (Allocation Failure) [PSYoungGen: 89630K->15360K(97280K)] 490014K->420864K(1029632K), 0.0020229 secs] [Times: user=0.00 sys=0.00, real=0.00 secs] 
192.551: [GC (Allocation Failure) [PSYoungGen: 91678K->6176K(97280K)] 650783K->565280K(1029632K), 0.0014025 secs] [Times: user=0.00 sys=0.00, real=0.00 secs] 
193.975: [GC (Allocation Failure) [PSYoungGen: 80446K->16416K(97280K)] 793151K->734240K(1029632K), 0.0023356 secs] [Times: user=0.00 sys=0.00, real=0.00 secs] 
195.937: [GC (Allocation Failure) [PSYoungGen: 90686K->5152K(97280K)] 962111K->876576K(1029632K), 0.0018678 secs] [Times: user=0.00 sys=0.00, real=0.00 secs] 
196.266: [Full GC (Ergonomics) [PSYoungGen: 37438K->0K(97280K)] [ParOldGen: 922624K->72209K(932352K)] 960063K->72209K(1029632K), [Metaspace: 2796K->2796K(1056768K)], 0.0074481 secs] [Times: user=0.06 sys=0.00, real=0.01 secs] 
198.031: [GC (Allocation Failure) [PSYoungGen: 76318K->6144K(97280K)] 404528K->334353K(1029632K), 0.0008791 secs] [Times: user=0.00 sys=0.00, real=0.00 secs] 
199.776: [GC (Allocation Failure) [PSYoungGen: 79390K->0K(97280K)] 561200K->481809K(1029632K), 0.0011189 secs] [Times: user=0.00 sys=0.00, real=0.00 secs] 
201.191: [GC (Allocation Failure) [PSYoungGen: 74270K->11264K(97280K)] 709680K->646673K(1029632K), 0.0015789 secs] [Times: user=0.00 sys=0.00, real=0.00 secs] 
202.608: [GC (Allocation Failure) [PSYoungGen: 85534K->17408K(97280K)] 874544K->806417K(1029632K), 0.0017872 secs] [Times: user=0.00 sys=0.00, real=0.00 secs] 
204.466: [GC (Allocation Failure) [PSYoungGen: 85534K->15360K(97280K)] 874544K->804369K(1029632K), 0.0017907 secs] [Times: user=0.00 sys=0.00, real=0.00 secs] 
204.791: [GC (Allocation Failure) [PSYoungGen: 47642K->15360K(97280K)] 887852K->855569K(1029632K), 0.0018084 secs] [Times: user=0.00 sys=0.00, real=0.00 secs] 
204.792: [GC (Allocation Failure) [PSYoungGen: 15360K->15360K(97280K)] 855569K->855569K(1029632K), 0.0017127 secs] [Times: user=0.00 sys=0.00, real=0.00 secs] 
204.794: [Full GC (Allocation Failure) [PSYoungGen: 15360K->0K(97280K)] [ParOldGen: 840209K->67089K(932352K)] 855569K->67089K(1029632K), [Metaspace: 2796K->2796K(1056768K)], 0.0064827 secs] [Times: user=0.02 sys=0.00, real=0.01 secs] 
206.552: [GC (Allocation Failure) [PSYoungGen: 76314K->6144K(97280K)] 399404K->349713K(1029632K), 0.0026184 secs] [Times: user=0.00 sys=0.00, real=0.00 secs] 
208.628: [GC (Allocation Failure) [PSYoungGen: 75292K->10240K(97280K)] 572461K->507409K(1029632K), 0.0011003 secs] [Times: user=0.00 sys=0.00, real=0.00 secs] 
210.050: [GC (Allocation Failure) [PSYoungGen: 84509K->15360K(97280K)] 735278K->666129K(1029632K), 0.0013979 secs] [Times: user=0.00 sys=0.00, real=0.00 secs] 
211.685: [GC (Allocation Failure) [PSYoungGen: 88605K->15360K(97280K)] 892975K->819729K(1029632K), 0.0019930 secs] [Times: user=0.00 sys=0.00, real=0.00 secs] 
212.228: [Full GC (Ergonomics) [PSYoungGen: 89630K->0K(97280K)] [ParOldGen: 906769K->6673K(932352K)] 996399K->6673K(1029632K), [Metaspace: 2796K->2796K(1056768K)], 0.0031333 secs] [Times: user=0.00 sys=0.00, real=0.00 secs] 
213.644: [GC (Allocation Failure) [PSYoungGen: 74270K->11264K(97280K)] 234544K->171537K(1029632K), 0.0013527 secs] [Times: user=0.00 sys=0.00, real=0.00 secs] 
215.497: [GC (Allocation Failure) [PSYoungGen: 84510K->10240K(97280K)] 244784K->170513K(1029632K), 0.0010365 secs] [Times: user=0.00 sys=0.00, real=0.00 secs] 
216.915: [GC (Allocation Failure) [PSYoungGen: 84506K->15360K(97280K)] 398380K->349713K(1029632K), 0.0029047 secs] [Times: user=0.00 sys=0.00, real=0.00 secs] 
Heap
 PSYoungGen      total 97280K, used 91195K [0x00000000f8e80000, 0x0000000100000000, 0x0000000100000000)
  eden space 78336K, 96% used [0x00000000f8e80000,0x00000000fd88ecd8,0x00000000fdb00000)
  from space 18944K, 81% used [0x00000000fdb00000,0x00000000fea00030,0x00000000fed80000)
  to   space 18944K, 0% used [0x00000000fed80000,0x00000000fed80000,0x0000000100000000)
 ParOldGen       total 932352K, used 487953K [0x00000000c0000000, 0x00000000f8e80000, 0x00000000f8e80000)
  object space 932352K, 52% used [0x00000000c0000000,0x00000000ddc84770,0x00000000f8e80000)
 Metaspace       used 2804K, capacity 4486K, committed 4864K, reserved 1056768K
  class space    used 297K, capacity 386K, committed 512K, reserved 1048576K
