Java HotSpot(TM) 64-Bit Server VM (25.411-b09) for windows-amd64 JRE (1.8.0_411-b09), built on Mar 13 2024 07:26:13 by "java_re" with MS VC++ 17.1 (VS2022)
Memory: 4k page, physical 33403376k(15305704k free), swap 38794768k(7662540k free)
CommandLine flags: -XX:InitialHeapSize=1073741824 -XX:MaxHeapSize=1073741824 -XX:NewRatio=7 -XX:ParallelGCThreads=6 -XX:+PrintGC -XX:+PrintGCDetails -XX:+PrintGCTimeStamps -XX:SurvivorRatio=13 -XX:-UseAdaptiveSizePolicy -XX:+UseCompressedClassPointers -XX:+UseCompressedOops -XX:-UseLargePagesIndividualAllocation -XX:+UseParallelGC 
1.270: [GC (Allocation Failure) [PSYoungGen: 77250K->5784K(122368K)] 77250K->26272K(1039872K), 0.0166952 secs] [Times: user=0.02 sys=0.00, real=0.02 secs] 
2.626: [GC (Allocation Failure) [PSYoungGen: 110390K->6800K(122368K)] 233278K->145056K(1039872K), 0.0045364 secs] [Times: user=0.00 sys=0.00, real=0.00 secs] 
3.860: [GC (Allocation Failure) [PSYoungGen: 111430K->7800K(122368K)] 352086K->253576K(1039872K), 0.0026543 secs] [Times: user=0.00 sys=0.00, real=0.00 secs] 
5.608: [GC (Allocation Failure) [PSYoungGen: 91965K->5816K(122368K)] 337741K->282312K(1039872K), 0.0155067 secs] [Times: user=0.00 sys=0.00, real=0.02 secs] 
6.961: [GC (Allocation Failure) [PSYoungGen: 110469K->5784K(122368K)] 489365K->400040K(1039872K), 0.0043974 secs] [Times: user=0.03 sys=0.00, real=0.00 secs] 
8.521: [GC (Allocation Failure) [PSYoungGen: 116701K->568K(122368K)] 613357K->517712K(1039872K), 0.0074926 secs] [Times: user=0.00 sys=0.00, real=0.01 secs] 
9.877: [GC (Allocation Failure) [PSYoungGen: 105232K->5752K(122368K)] 724777K->686736K(1039872K), 0.0173609 secs] [Times: user=0.00 sys=0.02, real=0.02 secs] 
11.129: [GC (Allocation Failure) [PSYoungGen: 110419K->5672K(122368K)] 893804K->799296K(1039872K), 0.0029253 secs] [Times: user=0.00 sys=0.00, real=0.00 secs] 
12.579: [Full GC (Ergonomics) [PSYoungGen: 110341K->0K(122368K)] [ParOldGen: 896024K->6159K(917504K)] 1006366K->6159K(1039872K), [Metaspace: 2761K->2761K(1056768K)], 0.0136598 secs] [Times: user=0.00 sys=0.00, real=0.01 secs] 
13.683: [GC (Allocation Failure) [PSYoungGen: 110529K->6176K(122368K)] 219089K->114735K(1039872K), 0.0007856 secs] [Times: user=0.00 sys=0.00, real=0.00 secs] 
14.775: [GC (Allocation Failure) [PSYoungGen: 115967K->2080K(122368K)] 326927K->223287K(1039872K), 0.0013356 secs] [Times: user=0.00 sys=0.00, real=0.00 secs] 
17.071: [GC (Allocation Failure) [PSYoungGen: 106752K->5216K(122368K)] 327960K->236663K(1039872K), 0.0015517 secs] [Times: user=0.09 sys=0.00, real=0.00 secs] 
18.269: [GC (Allocation Failure) [PSYoungGen: 109887K->5152K(122368K)] 443734K->369719K(1039872K), 0.0028712 secs] [Times: user=0.00 sys=0.00, real=0.00 secs] 
19.357: [GC (Allocation Failure) [PSYoungGen: 114943K->5152K(122368K)] 581911K->528439K(1039872K), 0.0047603 secs] [Times: user=0.00 sys=0.00, real=0.00 secs] 
21.319: [GC (Allocation Failure) [PSYoungGen: 114944K->5152K(122368K)] 740632K->641079K(1039872K), 0.0016118 secs] [Times: user=0.00 sys=0.00, real=0.00 secs] 
22.520: [GC (Allocation Failure) [PSYoungGen: 109824K->6208K(122368K)] 848152K->754775K(1039872K), 0.0019090 secs] [Times: user=0.00 sys=0.00, real=0.00 secs] 
24.048: [Full GC (Ergonomics) [PSYoungGen: 116001K->0K(122368K)] [ParOldGen: 850967K->16896K(917504K)] 966969K->16896K(1039872K), [Metaspace: 2779K->2779K(1056768K)], 0.0033118 secs] [Times: user=0.00 sys=0.00, real=0.00 secs] 
25.248: [GC (Allocation Failure) [PSYoungGen: 109793K->5120K(122368K)] 229089K->129536K(1039872K), 0.0010913 secs] [Times: user=0.00 sys=0.00, real=0.00 secs] 
26.340: [GC (Allocation Failure) [PSYoungGen: 114913K->5120K(122368K)] 341729K->252416K(1039872K), 0.0018942 secs] [Times: user=0.00 sys=0.00, real=0.00 secs] 
28.416: [GC (Allocation Failure) [PSYoungGen: 115393K->5184K(122368K)] 362690K->262728K(1039872K), 0.0014702 secs] [Times: user=0.00 sys=0.00, real=0.00 secs] 
29.619: [GC (Allocation Failure) [PSYoungGen: 109852K->5152K(122368K)] 469796K->426536K(1039872K), 0.0053859 secs] [Times: user=0.00 sys=0.00, real=0.00 secs] 
30.711: [GC (Allocation Failure) [PSYoungGen: 114942K->5152K(122368K)] 638726K->534056K(1039872K), 0.0012283 secs] [Times: user=0.00 sys=0.00, real=0.00 secs] 
32.782: [GC (Allocation Failure) [PSYoungGen: 89343K->6208K(122368K)] 720647K->657992K(1039872K), 0.0028925 secs] [Times: user=0.00 sys=0.00, real=0.00 secs] 
34.092: [GC (Allocation Failure) [PSYoungGen: 110880K->7232K(122368K)] 865064K->781896K(1039872K), 0.0024377 secs] [Times: user=0.00 sys=0.00, real=0.00 secs] 
35.512: [Full GC (Ergonomics) [PSYoungGen: 106784K->0K(122368K)] [ParOldGen: 877064K->10769K(917504K)] 983849K->10769K(1039872K), [Metaspace: 2793K->2793K(1056768K)], 0.0048095 secs] [Times: user=0.00 sys=0.00, real=0.00 secs] 
36.712: [GC (Allocation Failure) [PSYoungGen: 104672K->5120K(122368K)] 217842K->123409K(1039872K), 0.0009898 secs] [Times: user=0.00 sys=0.00, real=0.00 secs] 
37.806: [GC (Allocation Failure) [PSYoungGen: 114913K->5120K(122368K)] 335602K->256529K(1039872K), 0.0028901 secs] [Times: user=0.00 sys=0.00, real=0.00 secs] 
39.116: [GC (Allocation Failure) [PSYoungGen: 114913K->0K(122368K)] 366322K->302609K(1039872K), 0.0049831 secs] [Times: user=0.00 sys=0.00, real=0.00 secs] 
39.878: [GC (Allocation Failure) [PSYoungGen: 63711K->5120K(122368K)] 366321K->328209K(1039872K), 0.0023758 secs] [Times: user=0.00 sys=0.00, real=0.00 secs] 
41.187: [GC (Allocation Failure) [PSYoungGen: 109763K->5120K(122368K)] 535253K->445969K(1039872K), 0.0016969 secs] [Times: user=0.00 sys=0.00, real=0.00 secs] 
43.260: [GC (Allocation Failure) [PSYoungGen: 116942K->6144K(122368K)] 660191K->549393K(1039872K), 0.0009965 secs] [Times: user=0.00 sys=0.00, real=0.00 secs] 
44.131: [GC (Allocation Failure) [PSYoungGen: 74964K->1024K(122368K)] 618214K->574993K(1039872K), 0.0027015 secs] [Times: user=0.00 sys=0.00, real=0.00 secs] 
45.439: [GC (Allocation Failure) [PSYoungGen: 105686K->6144K(122368K)] 782056K->702993K(1039872K), 0.0021215 secs] [Times: user=0.00 sys=0.00, real=0.00 secs] 
46.866: [GC (Allocation Failure) [PSYoungGen: 100570K->0K(122368K)] 899820K->809489K(1039872K), 0.0014470 secs] [Times: user=0.00 sys=0.00, real=0.00 secs] 
48.070: [Full GC (Ergonomics) [PSYoungGen: 104668K->0K(122368K)] [ParOldGen: 911889K->31744K(917504K)] 1016558K->31744K(1039872K), [Metaspace: 2795K->2795K(1056768K)], 0.0047084 secs] [Times: user=0.08 sys=0.00, real=0.00 secs] 
49.161: [GC (Allocation Failure) [PSYoungGen: 109790K->5120K(122368K)] 243934K->190464K(1039872K), 0.0045077 secs] [Times: user=0.00 sys=0.00, real=0.00 secs] 
50.581: [GC (Allocation Failure) [PSYoungGen: 114911K->0K(122368K)] 402655K->287744K(1039872K), 0.0007475 secs] [Times: user=0.00 sys=0.00, real=0.00 secs] 
51.673: [GC (Allocation Failure) [PSYoungGen: 109792K->7168K(122368K)] 499936K->397312K(1039872K), 0.0015684 secs] [Times: user=0.00 sys=0.00, real=0.00 secs] 
52.654: [GC (Allocation Failure) [PSYoungGen: 81120K->6144K(122368K)] 471264K->421888K(1039872K), 0.0026035 secs] [Times: user=0.00 sys=0.00, real=0.00 secs] 
54.837: [GC (Allocation Failure) [PSYoungGen: 116958K->5120K(122368K)] 635102K->528384K(1039872K), 0.0017179 secs] [Times: user=0.00 sys=0.00, real=0.00 secs] 
55.928: [GC (Allocation Failure) [PSYoungGen: 114911K->1024K(122368K)] 740575K->636928K(1039872K), 0.0029396 secs] [Times: user=0.00 sys=0.00, real=0.00 secs] 
56.907: [GC (Allocation Failure) [PSYoungGen: 74976K->5120K(122368K)] 710880K->681984K(1039872K), 0.0034665 secs] [Times: user=0.00 sys=0.00, real=0.00 secs] 
58.324: [GC (Allocation Failure) [PSYoungGen: 94430K->0K(122368K)] 873694K->799744K(1039872K), 0.0023822 secs] [Times: user=0.00 sys=0.00, real=0.00 secs] 
59.633: [Full GC (Ergonomics) [PSYoungGen: 104671K->0K(122368K)] [ParOldGen: 902144K->67584K(917504K)] 1006815K->67584K(1039872K), [Metaspace: 2796K->2796K(1056768K)], 0.0070646 secs] [Times: user=0.00 sys=0.00, real=0.01 secs] 
60.833: [GC (Allocation Failure) [PSYoungGen: 104672K->5120K(122368K)] 274656K->180224K(1039872K), 0.0010064 secs] [Times: user=0.00 sys=0.00, real=0.00 secs] 
62.251: [GC (Allocation Failure) [PSYoungGen: 109792K->5120K(122368K)] 387296K->287744K(1039872K), 0.0013214 secs] [Times: user=0.00 sys=0.00, real=0.00 secs] 
63.344: [GC (Allocation Failure) [PSYoungGen: 114912K->6144K(122368K)] 499937K->391168K(1039872K), 0.0012219 secs] [Times: user=0.00 sys=0.00, real=0.00 secs] 
64.435: [GC (Allocation Failure) [PSYoungGen: 115937K->2048K(122368K)] 603361K->499712K(1039872K), 0.0014246 secs] [Times: user=0.00 sys=0.00, real=0.00 secs] 
66.728: [GC (Allocation Failure) [PSYoungGen: 106721K->5120K(122368K)] 604385K->513024K(1039872K), 0.0021185 secs] [Times: user=0.00 sys=0.00, real=0.00 secs] 
67.934: [GC (Allocation Failure) [PSYoungGen: 109791K->5120K(122368K)] 720095K->646144K(1039872K), 0.0034483 secs] [Times: user=0.00 sys=0.00, real=0.00 secs] 
69.025: [GC (Allocation Failure) [PSYoungGen: 114912K->5120K(122368K)] 858336K->804864K(1039872K), 0.0055416 secs] [Times: user=0.00 sys=0.00, real=0.01 secs] 
70.987: [Full GC (Ergonomics) [PSYoungGen: 114912K->0K(122368K)] [ParOldGen: 902144K->118289K(917504K)] 1017057K->118289K(1039872K), [Metaspace: 2796K->2796K(1056768K)], 0.0102115 secs] [Times: user=0.02 sys=0.00, real=0.01 secs] 
72.203: [GC (Allocation Failure) [PSYoungGen: 104672K->6144K(122368K)] 325362K->231953K(1039872K), 0.0009262 secs] [Times: user=0.00 sys=0.00, real=0.00 secs] 
73.731: [GC (Allocation Failure) [PSYoungGen: 115937K->0K(122368K)] 444146K->348689K(1039872K), 0.0015105 secs] [Times: user=0.00 sys=0.00, real=0.00 secs] 
74.929: [GC (Allocation Failure) [PSYoungGen: 109793K->5120K(122368K)] 560882K->461329K(1039872K), 0.0011945 secs] [Times: user=0.00 sys=0.00, real=0.00 secs] 
76.023: [GC (Allocation Failure) [PSYoungGen: 114913K->5120K(122368K)] 673522K->584209K(1039872K), 0.0019645 secs] [Times: user=0.02 sys=0.00, real=0.00 secs] 
78.099: [GC (Allocation Failure) [PSYoungGen: 114913K->5120K(122368K)] 694002K->594449K(1039872K), 0.0016331 secs] [Times: user=0.00 sys=0.00, real=0.00 secs] 
79.297: [GC (Allocation Failure) [PSYoungGen: 109791K->5120K(122368K)] 801521K->758289K(1039872K), 0.0053416 secs] [Times: user=0.00 sys=0.00, real=0.00 secs] 
80.388: [Full GC (Ergonomics) [PSYoungGen: 114912K->0K(122368K)] [ParOldGen: 855569K->169489K(917504K)] 970481K->169489K(1039872K), [Metaspace: 2796K->2796K(1056768K)], 0.0134474 secs] [Times: user=0.02 sys=0.00, real=0.01 secs] 
82.476: [GC (Allocation Failure) [PSYoungGen: 84192K->6144K(122368K)] 356082K->298513K(1039872K), 0.0023254 secs] [Times: user=0.00 sys=0.00, real=0.00 secs] 
83.787: [GC (Allocation Failure) [PSYoungGen: 110816K->7168K(122368K)] 505586K->422417K(1039872K), 0.0021492 secs] [Times: user=0.00 sys=0.00, real=0.00 secs] 
85.208: [GC (Allocation Failure) [PSYoungGen: 106721K->0K(122368K)] 624370K->538129K(1039872K), 0.0017520 secs] [Times: user=0.00 sys=0.00, real=0.00 secs] 
86.407: [GC (Allocation Failure) [PSYoungGen: 104673K->5120K(122368K)] 745202K->650769K(1039872K), 0.0018186 secs] [Times: user=0.00 sys=0.00, real=0.00 secs] 
87.501: [GC (Allocation Failure) [PSYoungGen: 114913K->5120K(122368K)] 862962K->783889K(1039872K), 0.0029142 secs] [Times: user=0.00 sys=0.00, real=0.00 secs] 
88.810: [GC (Allocation Failure) [PSYoungGen: 114913K->0K(122368K)] 893682K->829969K(1039872K), 0.0047345 secs] [Times: user=0.00 sys=0.00, real=0.00 secs] 
89.569: [GC (Allocation Failure) [PSYoungGen: 63711K->5120K(122368K)] 893681K->855569K(1039872K), 0.0024461 secs] [Times: user=0.00 sys=0.00, real=0.00 secs] 
89.571: [Full GC (Ergonomics) [PSYoungGen: 5120K->0K(122368K)] [ParOldGen: 850449K->26129K(917504K)] 855569K->26129K(1039872K), [Metaspace: 2796K->2796K(1056768K)], 0.0041752 secs] [Times: user=0.00 sys=0.00, real=0.00 secs] 
90.893: [GC (Allocation Failure) [PSYoungGen: 104644K->5120K(122368K)] 233173K->143889K(1039872K), 0.0015857 secs] [Times: user=0.00 sys=0.00, real=0.00 secs] 
92.968: [GC (Allocation Failure) [PSYoungGen: 116942K->6144K(122368K)] 358111K->247313K(1039872K), 0.0009077 secs] [Times: user=0.00 sys=0.00, real=0.00 secs] 
93.843: [GC (Allocation Failure) [PSYoungGen: 74965K->1024K(122368K)] 316134K->272913K(1039872K), 0.0024933 secs] [Times: user=0.00 sys=0.00, real=0.00 secs] 
95.150: [GC (Allocation Failure) [PSYoungGen: 105687K->6144K(122368K)] 479976K->400913K(1039872K), 0.0018565 secs] [Times: user=0.00 sys=0.00, real=0.00 secs] 
96.568: [GC (Allocation Failure) [PSYoungGen: 100570K->0K(122368K)] 597740K->507409K(1039872K), 0.0014686 secs] [Times: user=0.00 sys=0.00, real=0.00 secs] 
97.771: [GC (Allocation Failure) [PSYoungGen: 104668K->5120K(122368K)] 714478K->640529K(1039872K), 0.0026594 secs] [Times: user=0.00 sys=0.00, real=0.00 secs] 
98.863: [GC (Allocation Failure) [PSYoungGen: 114910K->5120K(122368K)] 852720K->794129K(1039872K), 0.0055582 secs] [Times: user=0.01 sys=0.00, real=0.01 secs] 
100.283: [Full GC (Ergonomics) [PSYoungGen: 114911K->0K(122368K)] [ParOldGen: 891409K->102929K(917504K)] 1006321K->102929K(1039872K), [Metaspace: 2796K->2796K(1056768K)], 0.0093433 secs] [Times: user=0.00 sys=0.00, real=0.01 secs] 
101.376: [GC (Allocation Failure) [PSYoungGen: 109792K->7168K(122368K)] 315121K->212497K(1039872K), 0.0009922 secs] [Times: user=0.00 sys=0.00, real=0.00 secs] 
102.358: [GC (Allocation Failure) [PSYoungGen: 81120K->6144K(122368K)] 286450K->237073K(1039872K), 0.0026710 secs] [Times: user=0.00 sys=0.00, real=0.00 secs] 
104.541: [GC (Allocation Failure) [PSYoungGen: 116958K->5120K(122368K)] 450288K->343569K(1039872K), 0.0013638 secs] [Times: user=0.00 sys=0.00, real=0.00 secs] 
105.630: [GC (Allocation Failure) [PSYoungGen: 114911K->6144K(122368K)] 555760K->457233K(1039872K), 0.0014963 secs] [Times: user=0.00 sys=0.00, real=0.00 secs] 
106.613: [GC (Allocation Failure) [PSYoungGen: 80096K->5120K(122368K)] 531185K->502289K(1039872K), 0.0032555 secs] [Times: user=0.00 sys=0.00, real=0.00 secs] 
108.031: [GC (Allocation Failure) [PSYoungGen: 94430K->0K(122368K)] 693999K->620049K(1039872K), 0.0022211 secs] [Times: user=0.00 sys=0.00, real=0.00 secs] 
109.337: [GC (Allocation Failure) [PSYoungGen: 104671K->5120K(122368K)] 827120K->789009K(1039872K), 0.0052155 secs] [Times: user=0.02 sys=0.00, real=0.01 secs] 
110.545: [Full GC (Ergonomics) [PSYoungGen: 109792K->0K(122368K)] [ParOldGen: 886289K->169489K(917504K)] 996081K->169489K(1039872K), [Metaspace: 2796K->2796K(1056768K)], 0.0137411 secs] [Times: user=0.00 sys=0.00, real=0.01 secs] 
111.976: [GC (Allocation Failure) [PSYoungGen: 104672K->5120K(122368K)] 376561K->282129K(1039872K), 0.0009564 secs] [Times: user=0.00 sys=0.00, real=0.00 secs] 
113.066: [GC (Allocation Failure) [PSYoungGen: 114912K->6144K(122368K)] 494322K->390673K(1039872K), 0.0011036 secs] [Times: user=0.00 sys=0.00, real=0.00 secs] 
114.160: [GC (Allocation Failure) [PSYoungGen: 115937K->7168K(122368K)] 602866K->504337K(1039872K), 0.0017852 secs] [Times: user=0.00 sys=0.00, real=0.00 secs] 
116.452: [GC (Allocation Failure) [PSYoungGen: 111841K->5120K(122368K)] 609010K->512529K(1039872K), 0.0017002 secs] [Times: user=0.00 sys=0.00, real=0.00 secs] 
117.649: [GC (Allocation Failure) [PSYoungGen: 109791K->5120K(122368K)] 719601K->645649K(1039872K), 0.0030299 secs] [Times: user=0.00 sys=0.00, real=0.00 secs] 
118.743: [GC (Allocation Failure) [PSYoungGen: 114912K->5120K(122368K)] 857841K->799249K(1039872K), 0.0048892 secs] [Times: user=0.03 sys=0.00, real=0.00 secs] 
120.711: [Full GC (Ergonomics) [PSYoungGen: 114912K->0K(122368K)] [ParOldGen: 896529K->118289K(917504K)] 1011442K->118289K(1039872K), [Metaspace: 2796K->2796K(1056768K)], 0.0108843 secs] [Times: user=0.03 sys=0.00, real=0.01 secs] 
121.924: [GC (Allocation Failure) [PSYoungGen: 104672K->6144K(122368K)] 325362K->231953K(1039872K), 0.0008989 secs] [Times: user=0.00 sys=0.00, real=0.00 secs] 
123.452: [GC (Allocation Failure) [PSYoungGen: 115937K->0K(122368K)] 444146K->348689K(1039872K), 0.0015344 secs] [Times: user=0.00 sys=0.00, real=0.00 secs] 
124.650: [GC (Allocation Failure) [PSYoungGen: 109793K->5120K(122368K)] 560882K->461329K(1039872K), 0.0012665 secs] [Times: user=0.00 sys=0.00, real=0.00 secs] 
125.742: [GC (Allocation Failure) [PSYoungGen: 114913K->5120K(122368K)] 673522K->584209K(1039872K), 0.0020192 secs] [Times: user=0.00 sys=0.00, real=0.00 secs] 
127.819: [GC (Allocation Failure) [PSYoungGen: 114913K->5120K(122368K)] 694002K->594449K(1039872K), 0.0016014 secs] [Times: user=0.00 sys=0.00, real=0.00 secs] 
129.027: [GC (Allocation Failure) [PSYoungGen: 109791K->5120K(122368K)] 801521K->758289K(1039872K), 0.0052757 secs] [Times: user=0.00 sys=0.00, real=0.00 secs] 
130.122: [Full GC (Ergonomics) [PSYoungGen: 114912K->0K(122368K)] [ParOldGen: 855569K->169489K(917504K)] 970481K->169489K(1039872K), [Metaspace: 2796K->2796K(1056768K)], 0.0129702 secs] [Times: user=0.00 sys=0.00, real=0.01 secs] 
132.210: [GC (Allocation Failure) [PSYoungGen: 84192K->6144K(122368K)] 356082K->298513K(1039872K), 0.0024149 secs] [Times: user=0.01 sys=0.00, real=0.00 secs] 
133.521: [GC (Allocation Failure) [PSYoungGen: 110816K->7168K(122368K)] 505586K->422417K(1039872K), 0.0019393 secs] [Times: user=0.00 sys=0.00, real=0.00 secs] 
134.937: [GC (Allocation Failure) [PSYoungGen: 106721K->0K(122368K)] 624370K->538129K(1039872K), 0.0016669 secs] [Times: user=0.00 sys=0.00, real=0.00 secs] 
136.134: [GC (Allocation Failure) [PSYoungGen: 104673K->5120K(122368K)] 745202K->650769K(1039872K), 0.0012880 secs] [Times: user=0.00 sys=0.00, real=0.00 secs] 
137.226: [GC (Allocation Failure) [PSYoungGen: 114913K->5120K(122368K)] 862962K->783889K(1039872K), 0.0030068 secs] [Times: user=0.02 sys=0.00, real=0.00 secs] 
138.534: [GC (Allocation Failure) [PSYoungGen: 114913K->0K(122368K)] 893682K->829969K(1039872K), 0.0048700 secs] [Times: user=0.00 sys=0.00, real=0.00 secs] 
139.299: [GC (Allocation Failure) [PSYoungGen: 63711K->5120K(122368K)] 893681K->855569K(1039872K), 0.0028879 secs] [Times: user=0.00 sys=0.00, real=0.00 secs] 
139.302: [Full GC (Ergonomics) [PSYoungGen: 5120K->0K(122368K)] [ParOldGen: 850449K->26129K(917504K)] 855569K->26129K(1039872K), [Metaspace: 2796K->2796K(1056768K)], 0.0038309 secs] [Times: user=0.00 sys=0.00, real=0.00 secs] 
140.623: [GC (Allocation Failure) [PSYoungGen: 104644K->5120K(122368K)] 233173K->143889K(1039872K), 0.0016072 secs] [Times: user=0.00 sys=0.00, real=0.00 secs] 
142.696: [GC (Allocation Failure) [PSYoungGen: 116942K->6144K(122368K)] 358111K->247313K(1039872K), 0.0008648 secs] [Times: user=0.00 sys=0.00, real=0.00 secs] 
143.570: [GC (Allocation Failure) [PSYoungGen: 74965K->1024K(122368K)] 316134K->272913K(1039872K), 0.0026631 secs] [Times: user=0.01 sys=0.00, real=0.00 secs] 
144.882: [GC (Allocation Failure) [PSYoungGen: 105687K->6144K(122368K)] 479976K->400913K(1039872K), 0.0018819 secs] [Times: user=0.00 sys=0.00, real=0.00 secs] 
146.301: [GC (Allocation Failure) [PSYoungGen: 100570K->0K(122368K)] 597740K->507409K(1039872K), 0.0014375 secs] [Times: user=0.00 sys=0.00, real=0.00 secs] 
147.502: [GC (Allocation Failure) [PSYoungGen: 104668K->5120K(122368K)] 714478K->640529K(1039872K), 0.0027043 secs] [Times: user=0.00 sys=0.00, real=0.00 secs] 
148.599: [GC (Allocation Failure) [PSYoungGen: 114910K->5120K(122368K)] 852720K->799249K(1039872K), 0.0050005 secs] [Times: user=0.02 sys=0.00, real=0.00 secs] 
150.018: [Full GC (Ergonomics) [PSYoungGen: 114911K->0K(122368K)] [ParOldGen: 896529K->102929K(917504K)] 1011441K->102929K(1039872K), [Metaspace: 2796K->2796K(1056768K)], 0.0089575 secs] [Times: user=0.00 sys=0.00, real=0.01 secs] 
151.111: [GC (Allocation Failure) [PSYoungGen: 109792K->7168K(122368K)] 315121K->212497K(1039872K), 0.0008789 secs] [Times: user=0.00 sys=0.00, real=0.00 secs] 
152.092: [GC (Allocation Failure) [PSYoungGen: 81120K->6144K(122368K)] 286450K->237073K(1039872K), 0.0028265 secs] [Times: user=0.00 sys=0.00, real=0.00 secs] 
154.277: [GC (Allocation Failure) [PSYoungGen: 116958K->5120K(122368K)] 450288K->343569K(1039872K), 0.0010095 secs] [Times: user=0.00 sys=0.00, real=0.00 secs] 
155.369: [GC (Allocation Failure) [PSYoungGen: 114911K->6144K(122368K)] 555760K->457233K(1039872K), 0.0016886 secs] [Times: user=0.00 sys=0.00, real=0.00 secs] 
156.352: [GC (Allocation Failure) [PSYoungGen: 80096K->5120K(122368K)] 531185K->502289K(1039872K), 0.0033629 secs] [Times: user=0.02 sys=0.00, real=0.00 secs] 
157.770: [GC (Allocation Failure) [PSYoungGen: 94430K->0K(122368K)] 693999K->620049K(1039872K), 0.0023151 secs] [Times: user=0.00 sys=0.00, real=0.00 secs] 
159.078: [GC (Allocation Failure) [PSYoungGen: 104671K->5120K(122368K)] 827120K->789009K(1039872K), 0.0050650 secs] [Times: user=0.00 sys=0.00, real=0.00 secs] 
160.280: [Full GC (Ergonomics) [PSYoungGen: 109792K->0K(122368K)] [ParOldGen: 886289K->169489K(917504K)] 996081K->169489K(1039872K), [Metaspace: 2796K->2796K(1056768K)], 0.0130178 secs] [Times: user=0.00 sys=0.00, real=0.01 secs] 
161.714: [GC (Allocation Failure) [PSYoungGen: 104672K->5120K(122368K)] 376561K->282129K(1039872K), 0.0008354 secs] [Times: user=0.00 sys=0.00, real=0.00 secs] 
162.805: [GC (Allocation Failure) [PSYoungGen: 114912K->6144K(122368K)] 494322K->385553K(1039872K), 0.0008352 secs] [Times: user=0.00 sys=0.00, real=0.00 secs] 
163.896: [GC (Allocation Failure) [PSYoungGen: 115937K->2048K(122368K)] 597746K->494097K(1039872K), 0.0015386 secs] [Times: user=0.00 sys=0.00, real=0.00 secs] 
166.185: [GC (Allocation Failure) [PSYoungGen: 106721K->5120K(122368K)] 598770K->507409K(1039872K), 0.0016321 secs] [Times: user=0.00 sys=0.00, real=0.00 secs] 
167.389: [GC (Allocation Failure) [PSYoungGen: 109791K->5120K(122368K)] 714481K->640529K(1039872K), 0.0029380 secs] [Times: user=0.00 sys=0.00, real=0.00 secs] 
168.485: [GC (Allocation Failure) [PSYoungGen: 114912K->5120K(122368K)] 852721K->794129K(1039872K), 0.0050244 secs] [Times: user=0.00 sys=0.00, real=0.00 secs] 
170.449: [Full GC (Ergonomics) [PSYoungGen: 114912K->0K(122368K)] [ParOldGen: 891409K->118289K(917504K)] 1006322K->118289K(1039872K), [Metaspace: 2796K->2796K(1056768K)], 0.0102831 secs] [Times: user=0.00 sys=0.00, real=0.01 secs] 
171.663: [GC (Allocation Failure) [PSYoungGen: 104672K->6144K(122368K)] 325362K->231953K(1039872K), 0.0009726 secs] [Times: user=0.00 sys=0.00, real=0.00 secs] 
173.189: [GC (Allocation Failure) [PSYoungGen: 115937K->0K(122368K)] 444146K->348689K(1039872K), 0.0015795 secs] [Times: user=0.00 sys=0.00, real=0.00 secs] 
174.389: [GC (Allocation Failure) [PSYoungGen: 109793K->5120K(122368K)] 560882K->461329K(1039872K), 0.0011473 secs] [Times: user=0.00 sys=0.00, real=0.00 secs] 
175.479: [GC (Allocation Failure) [PSYoungGen: 114913K->5120K(122368K)] 673522K->584209K(1039872K), 0.0021624 secs] [Times: user=0.00 sys=0.00, real=0.00 secs] 
177.551: [GC (Allocation Failure) [PSYoungGen: 114913K->5120K(122368K)] 694002K->594449K(1039872K), 0.0015492 secs] [Times: user=0.00 sys=0.00, real=0.00 secs] 
178.750: [GC (Allocation Failure) [PSYoungGen: 109791K->5120K(122368K)] 801521K->758289K(1039872K), 0.0055624 secs] [Times: user=0.00 sys=0.00, real=0.00 secs] 
179.840: [Full GC (Ergonomics) [PSYoungGen: 114912K->0K(122368K)] [ParOldGen: 855569K->169489K(917504K)] 970481K->169489K(1039872K), [Metaspace: 2796K->2796K(1056768K)], 0.0124679 secs] [Times: user=0.00 sys=0.00, real=0.01 secs] 
181.928: [GC (Allocation Failure) [PSYoungGen: 84192K->6144K(122368K)] 356082K->298513K(1039872K), 0.0026969 secs] [Times: user=0.00 sys=0.00, real=0.00 secs] 
183.238: [GC (Allocation Failure) [PSYoungGen: 110816K->7168K(122368K)] 505586K->422417K(1039872K), 0.0022264 secs] [Times: user=0.00 sys=0.00, real=0.00 secs] 
184.656: [GC (Allocation Failure) [PSYoungGen: 106721K->0K(122368K)] 624370K->538129K(1039872K), 0.0015888 secs] [Times: user=0.00 sys=0.00, real=0.00 secs] 
185.856: [GC (Allocation Failure) [PSYoungGen: 104673K->5120K(122368K)] 745202K->650769K(1039872K), 0.0016185 secs] [Times: user=0.00 sys=0.00, real=0.00 secs] 
186.952: [GC (Allocation Failure) [PSYoungGen: 114913K->5120K(122368K)] 862962K->778769K(1039872K), 0.0028294 secs] [Times: user=0.00 sys=0.00, real=0.00 secs] 
188.264: [GC (Allocation Failure) [PSYoungGen: 114913K->0K(122368K)] 888562K->824849K(1039872K), 0.0045513 secs] [Times: user=0.00 sys=0.00, real=0.00 secs] 
189.027: [GC (Allocation Failure) [PSYoungGen: 63711K->5120K(122368K)] 888561K->850449K(1039872K), 0.0024732 secs] [Times: user=0.00 sys=0.00, real=0.00 secs] 
189.030: [Full GC (Ergonomics) [PSYoungGen: 5120K->0K(122368K)] [ParOldGen: 845329K->26129K(917504K)] 850449K->26129K(1039872K), [Metaspace: 2796K->2796K(1056768K)], 0.0040566 secs] [Times: user=0.00 sys=0.00, real=0.00 secs] 
190.339: [GC (Allocation Failure) [PSYoungGen: 104644K->5120K(122368K)] 233173K->143889K(1039872K), 0.0013954 secs] [Times: user=0.00 sys=0.00, real=0.00 secs] 
192.405: [GC (Allocation Failure) [PSYoungGen: 116942K->6176K(122368K)] 358111K->247345K(1039872K), 0.0009326 secs] [Times: user=0.00 sys=0.00, real=0.00 secs] 
193.277: [GC (Allocation Failure) [PSYoungGen: 74997K->1056K(122368K)] 316166K->272945K(1039872K), 0.0024739 secs] [Times: user=0.00 sys=0.00, real=0.00 secs] 
194.587: [GC (Allocation Failure) [PSYoungGen: 105719K->6240K(122368K)] 480008K->401009K(1039872K), 0.0018796 secs] [Times: user=0.02 sys=0.00, real=0.00 secs] 
196.011: [GC (Allocation Failure) [PSYoungGen: 100666K->32K(122368K)] 597836K->507441K(1039872K), 0.0015446 secs] [Times: user=0.00 sys=0.00, real=0.00 secs] 
197.216: [GC (Allocation Failure) [PSYoungGen: 104700K->5184K(122368K)] 714510K->640593K(1039872K), 0.0025967 secs] [Times: user=0.00 sys=0.00, real=0.00 secs] 
198.311: [GC (Allocation Failure) [PSYoungGen: 114974K->5184K(122368K)] 852784K->799313K(1039872K), 0.0049892 secs] [Times: user=0.00 sys=0.00, real=0.01 secs] 
199.733: [Full GC (Ergonomics) [PSYoungGen: 114975K->0K(122368K)] [ParOldGen: 896529K->102929K(917504K)] 1011505K->102929K(1039872K), [Metaspace: 2796K->2796K(1056768K)], 0.0092092 secs] [Times: user=0.00 sys=0.00, real=0.01 secs] 
200.839: [GC (Allocation Failure) [PSYoungGen: 109792K->7168K(122368K)] 315121K->212497K(1039872K), 0.0008739 secs] [Times: user=0.00 sys=0.00, real=0.00 secs] 
201.821: [GC (Allocation Failure) [PSYoungGen: 81120K->6144K(122368K)] 286450K->237073K(1039872K), 0.0027117 secs] [Times: user=0.00 sys=0.00, real=0.00 secs] 
204.003: [GC (Allocation Failure) [PSYoungGen: 116958K->5120K(122368K)] 450288K->343569K(1039872K), 0.0011622 secs] [Times: user=0.00 sys=0.00, real=0.00 secs] 
205.095: [GC (Allocation Failure) [PSYoungGen: 114911K->1024K(122368K)] 555761K->452113K(1039872K), 0.0012385 secs] [Times: user=0.00 sys=0.00, real=0.00 secs] 
206.077: [GC (Allocation Failure) [PSYoungGen: 74976K->5120K(122368K)] 526066K->497169K(1039872K), 0.0026222 secs] [Times: user=0.00 sys=0.00, real=0.00 secs] 
207.493: [GC (Allocation Failure) [PSYoungGen: 94430K->0K(122368K)] 688880K->614929K(1039872K), 0.0026207 secs] [Times: user=0.01 sys=0.00, real=0.00 secs] 
208.805: [GC (Allocation Failure) [PSYoungGen: 104671K->5120K(122368K)] 822001K->783889K(1039872K), 0.0053503 secs] [Times: user=0.05 sys=0.00, real=0.01 secs] 
210.005: [Full GC (Ergonomics) [PSYoungGen: 109792K->0K(122368K)] [ParOldGen: 881169K->169489K(917504K)] 990962K->169489K(1039872K), [Metaspace: 2796K->2796K(1056768K)], 0.0133153 secs] [Times: user=0.00 sys=0.00, real=0.01 secs] 
211.438: [GC (Allocation Failure) [PSYoungGen: 104672K->5120K(122368K)] 376562K->282129K(1039872K), 0.0008045 secs] [Times: user=0.00 sys=0.00, real=0.00 secs] 
212.527: [GC (Allocation Failure) [PSYoungGen: 114912K->6144K(122368K)] 494322K->385553K(1039872K), 0.0007991 secs] [Times: user=0.00 sys=0.00, real=0.00 secs] 
213.618: [GC (Allocation Failure) [PSYoungGen: 115937K->2048K(122368K)] 597746K->494097K(1039872K), 0.0015741 secs] [Times: user=0.00 sys=0.00, real=0.00 secs] 
215.903: [GC (Allocation Failure) [PSYoungGen: 106721K->5120K(122368K)] 598771K->507409K(1039872K), 0.0015279 secs] [Times: user=0.00 sys=0.00, real=0.00 secs] 
217.111: [GC (Allocation Failure) [PSYoungGen: 109791K->5120K(122368K)] 714481K->640529K(1039872K), 0.0029432 secs] [Times: user=0.00 sys=0.00, real=0.00 secs] 
218.202: [GC (Allocation Failure) [PSYoungGen: 114912K->5120K(122368K)] 852722K->794130K(1039872K), 0.0046091 secs] [Times: user=0.00 sys=0.00, real=0.00 secs] 
Heap
 PSYoungGen      total 122368K, used 14786K [0x00000000f8000000, 0x0000000100000000, 0x0000000100000000)
  eden space 113664K, 8% used [0x00000000f8000000,0x00000000f89708a0,0x00000000fef00000)
  from space 8704K, 58% used [0x00000000fef00000,0x00000000ff400010,0x00000000ff780000)
  to   space 8704K, 0% used [0x00000000ff780000,0x00000000ff780000,0x0000000100000000)
 ParOldGen       total 917504K, used 789009K [0x00000000c0000000, 0x00000000f8000000, 0x00000000f8000000)
  object space 917504K, 85% used [0x00000000c0000000,0x00000000f02847f0,0x00000000f8000000)
 Metaspace       used 2804K, capacity 4486K, committed 4864K, reserved 1056768K
  class space    used 297K, capacity 386K, committed 512K, reserved 1048576K
