Java HotSpot(TM) 64-Bit Server VM (25.411-b09) for windows-amd64 JRE (1.8.0_411-b09), built on Mar 13 2024 07:26:13 by "java_re" with MS VC++ 17.1 (VS2022)
Memory: 4k page, physical 33403376k(13667340k free), swap 37876016k(5832344k free)
CommandLine flags: -XX:InitialHeapSize=536870912 -XX:MaxHeapSize=536870912 -XX:NewRatio=1 -XX:ParallelGCThreads=6 -XX:+PrintGC -XX:+PrintGCDetails -XX:+PrintGCTimeStamps -XX:SurvivorRatio=2 -XX:-UseAdaptiveSizePolicy -XX:+UseCompressedClassPointers -XX:+UseCompressedOops -XX:-UseLargePagesIndividualAllocation -XX:+UseParallelGC 
1.634: [GC (Allocation Failure) [PSYoungGen: 130171K->7832K(196608K)] 232571K->110240K(458752K), 0.0022447 secs] [Times: user=0.00 sys=0.00, real=0.00 secs] 
3.185: [GC (Allocation Failure) [PSYoungGen: 134357K->13928K(196608K)] 339165K->218736K(458752K), 0.0030703 secs] [Times: user=0.00 sys=0.00, real=0.00 secs] 
5.578: [GC (Allocation Failure) [PSYoungGen: 129189K->36424K(196608K)] 333997K->241232K(458752K), 0.0155227 secs] [Times: user=0.00 sys=0.00, real=0.02 secs] 
5.702: [GC (Allocation Failure) [PSYoungGen: 90241K->62072K(196608K)] 295049K->272000K(458752K), 0.0632974 secs] [Times: user=0.03 sys=0.02, real=0.06 secs] 
6.638: [GC (Allocation Failure) [PSYoungGen: 192689K->21112K(196608K)] 402617K->231040K(458752K), 0.0020187 secs] [Times: user=0.00 sys=0.00, real=0.00 secs] 
7.183: [GC (Allocation Failure) [PSYoungGen: 122303K->36488K(196608K)] 332231K->297624K(458752K), 0.0622865 secs] [Times: user=0.02 sys=0.03, real=0.06 secs] 
7.245: [Full GC (Ergonomics) [PSYoungGen: 36488K->0K(196608K)] [ParOldGen: 261136K->92688K(262144K)] 297624K->92688K(458752K), [Metaspace: 2759K->2759K(1056768K)], 0.0159377 secs] [Times: user=0.00 sys=0.00, real=0.02 secs] 
8.462: [GC (Allocation Failure) [PSYoungGen: 120350K->5120K(196608K)] 213039K->97808K(458752K), 0.0009255 secs] [Times: user=0.00 sys=0.00, real=0.00 secs] 
9.881: [GC (Allocation Failure) [PSYoungGen: 130581K->56320K(196608K)] 325670K->261649K(458752K), 0.0053618 secs] [Times: user=0.00 sys=0.00, real=0.01 secs] 
10.098: [GC (Allocation Failure) [PSYoungGen: 130595K->56320K(196608K)] 335924K->312849K(458752K), 0.0309376 secs] [Times: user=0.00 sys=0.00, real=0.03 secs] 
10.129: [Full GC (Ergonomics) [PSYoungGen: 56320K->0K(196608K)] [ParOldGen: 256528K->108048K(262144K)] 312849K->108048K(458752K), [Metaspace: 2761K->2761K(1056768K)], 0.0103797 secs] [Times: user=0.00 sys=0.00, real=0.01 secs] 
11.019: [GC (Allocation Failure) [PSYoungGen: 130598K->10240K(196608K)] 238647K->220688K(458752K), 0.0161065 secs] [Times: user=0.02 sys=0.00, real=0.02 secs] 
11.036: [Full GC (Ergonomics) [PSYoungGen: 10240K->0K(196608K)] [ParOldGen: 210448K->164368K(262144K)] 220688K->164368K(458752K), [Metaspace: 2761K->2761K(1056768K)], 0.0126139 secs] [Times: user=0.00 sys=0.00, real=0.01 secs] 
11.599: [GC (Allocation Failure) [PSYoungGen: 99868K->51200K(196608K)] 264236K->215568K(458752K), 0.0052959 secs] [Times: user=0.01 sys=0.00, real=0.01 secs] 
12.704: [GC (Allocation Failure) [PSYoungGen: 176656K->15360K(196608K)] 341024K->179728K(458752K), 0.0013857 secs] [Times: user=0.00 sys=0.00, real=0.00 secs] 
13.030: [GC (Allocation Failure) [PSYoungGen: 100705K->56352K(196608K)] 265074K->220728K(458752K), 0.0048199 secs] [Times: user=0.00 sys=0.00, real=0.00 secs] 
13.915: [GC (Allocation Failure) [PSYoungGen: 186916K->11296K(196608K)] 351293K->175672K(458752K), 0.0012223 secs] [Times: user=0.00 sys=0.00, real=0.00 secs] 
14.452: [GC (Allocation Failure) [PSYoungGen: 111142K->16416K(196608K)] 275519K->231992K(458752K), 0.0050290 secs] [Times: user=0.00 sys=0.00, real=0.00 secs] 
14.457: [Full GC (Ergonomics) [PSYoungGen: 16416K->0K(196608K)] [ParOldGen: 215576K->68113K(262144K)] 231992K->68113K(458752K), [Metaspace: 2768K->2768K(1056768K)], 0.0056672 secs] [Times: user=0.00 sys=0.00, real=0.01 secs] 
15.342: [GC (Allocation Failure) [PSYoungGen: 130580K->10240K(196608K)] 198694K->78353K(458752K), 0.0009621 secs] [Times: user=0.00 sys=0.00, real=0.00 secs] 
17.202: [GC (Allocation Failure) [PSYoungGen: 110097K->46080K(196608K)] 178210K->114193K(458752K), 0.0027598 secs] [Times: user=0.00 sys=0.00, real=0.00 secs] 
18.620: [GC (Allocation Failure) [PSYoungGen: 171547K->51200K(196608K)] 342061K->221713K(458752K), 0.0033407 secs] [Times: user=0.00 sys=0.00, real=0.00 secs] 
18.730: [GC (Allocation Failure) --[PSYoungGen: 104999K->104999K(196608K)] 275512K->326712K(458752K), 0.0056151 secs] [Times: user=0.00 sys=0.00, real=0.01 secs] 
18.735: [Full GC (Ergonomics) [PSYoungGen: 104999K->0K(196608K)] [ParOldGen: 221713K->82944K(262144K)] 326712K->82944K(458752K), [Metaspace: 2770K->2770K(1056768K)], 0.0070645 secs] [Times: user=0.00 sys=0.00, real=0.01 secs] 
20.050: [GC (Allocation Failure) [PSYoungGen: 125479K->5120K(196608K)] 208423K->88064K(458752K), 0.0007215 secs] [Times: user=0.00 sys=0.00, real=0.00 secs] 
21.466: [GC (Allocation Failure) [PSYoungGen: 130588K->25600K(196608K)] 315932K->210944K(458752K), 0.0022070 secs] [Times: user=0.00 sys=0.00, real=0.00 secs] 
21.575: [GC (Allocation Failure) [PSYoungGen: 79399K->56320K(196608K)] 264744K->241664K(458752K), 0.0051105 secs] [Times: user=0.00 sys=0.00, real=0.00 secs] 
22.463: [GC (Allocation Failure) [PSYoungGen: 186919K->11264K(196608K)] 372264K->196608K(458752K), 0.0011325 secs] [Times: user=0.00 sys=0.00, real=0.00 secs] 
23.008: [GC (Allocation Failure) [PSYoungGen: 111133K->62464K(196608K)] 296477K->247808K(458752K), 0.0048010 secs] [Times: user=0.00 sys=0.00, real=0.00 secs] 
24.223: [GC (Allocation Failure) [PSYoungGen: 193059K->20480K(196608K)] 378403K->205824K(458752K), 0.0016279 secs] [Times: user=0.00 sys=0.00, real=0.00 secs] 
24.441: [GC (Allocation Failure) [PSYoungGen: 94746K->61440K(196608K)] 280090K->246784K(458752K), 0.0047546 secs] [Times: user=0.02 sys=0.00, real=0.00 secs] 
25.327: [GC (Allocation Failure) [PSYoungGen: 192032K->20480K(196608K)] 377376K->205824K(458752K), 0.0019080 secs] [Times: user=0.00 sys=0.00, real=0.00 secs] 
25.868: [GC (Allocation Failure) [PSYoungGen: 120344K->25600K(196608K)] 305688K->262144K(458752K), 0.0055249 secs] [Times: user=0.00 sys=0.00, real=0.01 secs] 
25.874: [Full GC (Ergonomics) [PSYoungGen: 25600K->0K(196608K)] [ParOldGen: 236544K->77329K(262144K)] 262144K->77329K(458752K), [Metaspace: 2779K->2779K(1056768K)], 0.0064475 secs] [Times: user=0.00 sys=0.00, real=0.01 secs] 
26.754: [GC (Allocation Failure) [PSYoungGen: 130592K->10240K(196608K)] 207921K->87569K(458752K), 0.0009224 secs] [Times: user=0.00 sys=0.00, real=0.00 secs] 
28.602: [GC (Allocation Failure) [PSYoungGen: 126018K->25632K(196608K)] 203347K->102961K(458752K), 0.0021370 secs] [Times: user=0.00 sys=0.00, real=0.00 secs] 
30.014: [GC (Allocation Failure) [PSYoungGen: 151100K->61504K(196608K)] 330830K->261721K(458752K), 0.0059340 secs] [Times: user=0.00 sys=0.00, real=0.01 secs] 
30.020: [Full GC (Ergonomics) [PSYoungGen: 61504K->0K(196608K)] [ParOldGen: 200217K->82449K(262144K)] 261721K->82449K(458752K), [Metaspace: 2793K->2793K(1056768K)], 0.0072696 secs] [Times: user=0.01 sys=0.00, real=0.01 secs] 
31.549: [GC (Allocation Failure) [PSYoungGen: 79400K->5120K(196608K)] 264249K->189969K(458752K), 0.0007667 secs] [Times: user=0.00 sys=0.00, real=0.00 secs] 
32.421: [GC (Allocation Failure) [PSYoungGen: 135727K->6144K(196608K)] 320577K->190993K(458752K), 0.0008419 secs] [Times: user=0.00 sys=0.00, real=0.00 secs] 
32.962: [GC (Allocation Failure) [PSYoungGen: 106032K->57344K(196608K)] 290882K->242193K(458752K), 0.0046922 secs] [Times: user=0.00 sys=0.00, real=0.00 secs] 
33.845: [GC (Allocation Failure) [PSYoungGen: 187952K->12288K(196608K)] 372801K->197137K(458752K), 0.0013310 secs] [Times: user=0.00 sys=0.00, real=0.00 secs] 
34.390: [GC (Allocation Failure) [PSYoungGen: 112162K->17408K(196608K)] 297011K->253457K(458752K), 0.0052136 secs] [Times: user=0.00 sys=0.00, real=0.00 secs] 
34.395: [Full GC (Ergonomics) [PSYoungGen: 17408K->0K(196608K)] [ParOldGen: 236049K->69137K(262144K)] 253457K->69137K(458752K), [Metaspace: 2793K->2793K(1056768K)], 0.0056516 secs] [Times: user=0.00 sys=0.00, real=0.01 secs] 
35.605: [GC (Allocation Failure) [PSYoungGen: 130598K->20480K(196608K)] 199736K->89617K(458752K), 0.0014409 secs] [Times: user=0.00 sys=0.00, real=0.00 secs] 
37.024: [GC (Allocation Failure) [PSYoungGen: 145948K->25600K(196608K)] 317486K->197137K(458752K), 0.0017556 secs] [Times: user=0.00 sys=0.00, real=0.00 secs] 
37.243: [GC (Allocation Failure) [PSYoungGen: 99880K->61440K(196608K)] 271417K->258577K(458752K), 0.0059319 secs] [Times: user=0.00 sys=0.00, real=0.01 secs] 
38.130: [GC (Allocation Failure) [PSYoungGen: 192040K->20480K(196608K)] 389178K->217617K(458752K), 0.0020728 secs] [Times: user=0.02 sys=0.00, real=0.00 secs] 
39.766: [GC (Allocation Failure) [PSYoungGen: 151069K->15360K(196608K)] 348207K->212497K(458752K), 0.0013277 secs] [Times: user=0.00 sys=0.00, real=0.00 secs] 
40.093: [GC (Allocation Failure) [PSYoungGen: 99877K->56320K(196608K)] 297014K->253457K(458752K), 0.0048768 secs] [Times: user=0.00 sys=0.00, real=0.01 secs] 
40.979: [GC (Allocation Failure) --[PSYoungGen: 186897K->186897K(196608K)] 384035K->384035K(458752K), 0.0011815 secs] [Times: user=0.00 sys=0.00, real=0.00 secs] 
40.980: [Full GC (Ergonomics) [PSYoungGen: 186897K->0K(196608K)] [ParOldGen: 197137K->113664K(262144K)] 384035K->113664K(458752K), [Metaspace: 2793K->2793K(1056768K)], 0.0092000 secs] [Times: user=0.00 sys=0.00, real=0.01 secs] 
43.061: [Full GC (Ergonomics) [PSYoungGen: 130574K->0K(196608K)] [ParOldGen: 216064K->6144K(262144K)] 346638K->6144K(458752K), [Metaspace: 2795K->2795K(1056768K)], 0.0019835 secs] [Times: user=0.00 sys=0.00, real=0.00 secs] 
44.694: [GC (Allocation Failure) [PSYoungGen: 127519K->12288K(196608K)] 236063K->120832K(458752K), 0.0012498 secs] [Times: user=0.00 sys=0.00, real=0.00 secs] 
46.217: [Full GC (Ergonomics) [PSYoungGen: 142889K->0K(196608K)] [ParOldGen: 210944K->32768K(262144K)] 353833K->32768K(458752K), [Metaspace: 2795K->2795K(1056768K)], 0.0038116 secs] [Times: user=0.00 sys=0.00, real=0.00 secs] 
48.284: [GC (Allocation Failure) [PSYoungGen: 130608K->35840K(196608K)] 265776K->171008K(458752K), 0.0029745 secs] [Times: user=0.00 sys=0.00, real=0.00 secs] 
49.697: [Full GC (Ergonomics) [PSYoungGen: 161333K->0K(196608K)] [ParOldGen: 237568K->93184K(262144K)] 398901K->93184K(458752K), [Metaspace: 2795K->2795K(1056768K)], 0.0077225 secs] [Times: user=0.00 sys=0.00, real=0.01 secs] 
51.226: [GC (Allocation Failure) [PSYoungGen: 120376K->15360K(196608K)] 315960K->210944K(458752K), 0.0015252 secs] [Times: user=0.00 sys=0.00, real=0.00 secs] 
51.444: [GC (Allocation Failure) [PSYoungGen: 89657K->56320K(196608K)] 285242K->251904K(458752K), 0.0046856 secs] [Times: user=0.00 sys=0.00, real=0.00 secs] 
52.312: [GC (Allocation Failure) [PSYoungGen: 186907K->11264K(196608K)] 382491K->206848K(458752K), 0.0010821 secs] [Times: user=0.00 sys=0.00, real=0.00 secs] 
52.856: [GC (Allocation Failure) [PSYoungGen: 111124K->62464K(196608K)] 306709K->258048K(458752K), 0.0050241 secs] [Times: user=0.00 sys=0.00, real=0.01 secs] 
53.728: [GC (Allocation Failure) [PSYoungGen: 193054K->17408K(196608K)] 388638K->212992K(458752K), 0.0014696 secs] [Times: user=0.00 sys=0.00, real=0.00 secs] 
55.588: [GC (Allocation Failure) [PSYoungGen: 107031K->35840K(196608K)] 302615K->231424K(458752K), 0.0028829 secs] [Times: user=0.00 sys=0.00, real=0.00 secs] 
55.697: [GC (Allocation Failure) [PSYoungGen: 89631K->56320K(196608K)] 285215K->262144K(458752K), 0.0051932 secs] [Times: user=0.00 sys=0.00, real=0.00 secs] 
56.571: [GC (Allocation Failure) [PSYoungGen: 186911K->15360K(196608K)] 392735K->221184K(458752K), 0.0013341 secs] [Times: user=0.00 sys=0.00, real=0.00 secs] 
57.116: [GC (Allocation Failure) [PSYoungGen: 115223K->61440K(196608K)] 321047K->287744K(458752K), 0.0060520 secs] [Times: user=0.00 sys=0.00, real=0.01 secs] 
57.122: [Full GC (Ergonomics) [PSYoungGen: 61440K->0K(196608K)] [ParOldGen: 226304K->92689K(262144K)] 287744K->92689K(458752K), [Metaspace: 2796K->2796K(1056768K)], 0.0078910 secs] [Times: user=0.00 sys=0.00, real=0.01 secs] 
58.330: [GC (Allocation Failure) [PSYoungGen: 120351K->5120K(196608K)] 213041K->97809K(458752K), 0.0007668 secs] [Times: user=0.00 sys=0.00, real=0.00 secs] 
59.744: [GC (Allocation Failure) [PSYoungGen: 130582K->61440K(196608K)] 325672K->261649K(458752K), 0.0049679 secs] [Times: user=0.00 sys=0.00, real=0.00 secs] 
59.962: [GC (Allocation Failure) [PSYoungGen: 135716K->51200K(196608K)] 335925K->302609K(458752K), 0.0160952 secs] [Times: user=0.00 sys=0.00, real=0.02 secs] 
59.978: [Full GC (Ergonomics) [PSYoungGen: 51200K->0K(196608K)] [ParOldGen: 251409K->108049K(262144K)] 302609K->108049K(458752K), [Metaspace: 2796K->2796K(1056768K)], 0.0085538 secs] [Times: user=0.00 sys=0.00, real=0.01 secs] 
60.866: [GC (Allocation Failure) [PSYoungGen: 130598K->10240K(196608K)] 238647K->220689K(458752K), 0.0151311 secs] [Times: user=0.00 sys=0.00, real=0.02 secs] 
60.881: [Full GC (Ergonomics) [PSYoungGen: 10240K->0K(196608K)] [ParOldGen: 210449K->164369K(262144K)] 220689K->164369K(458752K), [Metaspace: 2796K->2796K(1056768K)], 0.0087280 secs] [Times: user=0.00 sys=0.00, real=0.01 secs] 
61.426: [GC (Allocation Failure) [PSYoungGen: 99868K->51200K(196608K)] 264237K->215569K(458752K), 0.0043823 secs] [Times: user=0.00 sys=0.00, real=0.00 secs] 
62.523: [GC (Allocation Failure) [PSYoungGen: 176656K->15360K(196608K)] 341025K->179729K(458752K), 0.0015206 secs] [Times: user=0.00 sys=0.00, real=0.00 secs] 
62.853: [GC (Allocation Failure) [PSYoungGen: 99853K->56320K(196608K)] 264222K->220689K(458752K), 0.0050650 secs] [Times: user=0.00 sys=0.00, real=0.00 secs] 
63.738: [GC (Allocation Failure) [PSYoungGen: 186893K->11264K(196608K)] 351262K->175633K(458752K), 0.0011241 secs] [Times: user=0.00 sys=0.00, real=0.00 secs] 
64.286: [GC (Allocation Failure) [PSYoungGen: 111116K->16384K(196608K)] 275485K->231953K(458752K), 0.0050832 secs] [Times: user=0.00 sys=0.00, real=0.00 secs] 
64.291: [Full GC (Ergonomics) [PSYoungGen: 16384K->0K(196608K)] [ParOldGen: 215569K->68113K(262144K)] 231953K->68113K(458752K), [Metaspace: 2796K->2796K(1056768K)], 0.0058397 secs] [Times: user=0.00 sys=0.00, real=0.01 secs] 
65.173: [GC (Allocation Failure) [PSYoungGen: 130584K->10240K(196608K)] 198698K->78353K(458752K), 0.0008975 secs] [Times: user=0.00 sys=0.00, real=0.00 secs] 
67.025: [GC (Allocation Failure) [PSYoungGen: 110099K->46080K(196608K)] 178212K->114193K(458752K), 0.0027564 secs] [Times: user=0.00 sys=0.00, real=0.00 secs] 
68.438: [GC (Allocation Failure) [PSYoungGen: 171549K->51200K(196608K)] 342062K->221713K(458752K), 0.0036153 secs] [Times: user=0.00 sys=0.00, real=0.00 secs] 
68.546: [GC (Allocation Failure) --[PSYoungGen: 105000K->105000K(196608K)] 275513K->326713K(458752K), 0.0062678 secs] [Times: user=0.00 sys=0.00, real=0.01 secs] 
68.553: [Full GC (Ergonomics) [PSYoungGen: 105000K->0K(196608K)] [ParOldGen: 221713K->82944K(262144K)] 326713K->82944K(458752K), [Metaspace: 2796K->2796K(1056768K)], 0.0068212 secs] [Times: user=0.00 sys=0.00, real=0.01 secs] 
69.867: [GC (Allocation Failure) [PSYoungGen: 125480K->5120K(196608K)] 208424K->88064K(458752K), 0.0008230 secs] [Times: user=0.00 sys=0.00, real=0.00 secs] 
71.286: [GC (Allocation Failure) [PSYoungGen: 130588K->25600K(196608K)] 315933K->210944K(458752K), 0.0022235 secs] [Times: user=0.00 sys=0.00, real=0.00 secs] 
71.393: [GC (Allocation Failure) [PSYoungGen: 79400K->56320K(196608K)] 264744K->241664K(458752K), 0.0046159 secs] [Times: user=0.02 sys=0.00, real=0.00 secs] 
72.279: [GC (Allocation Failure) [PSYoungGen: 186920K->11264K(196608K)] 372264K->196608K(458752K), 0.0010566 secs] [Times: user=0.00 sys=0.00, real=0.00 secs] 
72.824: [GC (Allocation Failure) [PSYoungGen: 111133K->62464K(196608K)] 296477K->247808K(458752K), 0.0050686 secs] [Times: user=0.00 sys=0.00, real=0.00 secs] 
74.025: [GC (Allocation Failure) [PSYoungGen: 193059K->20480K(196608K)] 378403K->205824K(458752K), 0.0016784 secs] [Times: user=0.00 sys=0.00, real=0.00 secs] 
74.244: [GC (Allocation Failure) [PSYoungGen: 94746K->61440K(196608K)] 280090K->246784K(458752K), 0.0048256 secs] [Times: user=0.00 sys=0.00, real=0.01 secs] 
75.116: [GC (Allocation Failure) [PSYoungGen: 192032K->20480K(196608K)] 377376K->205824K(458752K), 0.0018142 secs] [Times: user=0.00 sys=0.00, real=0.00 secs] 
75.662: [GC (Allocation Failure) [PSYoungGen: 120344K->25600K(196608K)] 305688K->262144K(458752K), 0.0057714 secs] [Times: user=0.00 sys=0.00, real=0.01 secs] 
75.668: [Full GC (Ergonomics) [PSYoungGen: 25600K->0K(196608K)] [ParOldGen: 236544K->77329K(262144K)] 262144K->77329K(458752K), [Metaspace: 2796K->2796K(1056768K)], 0.0065330 secs] [Times: user=0.00 sys=0.00, real=0.01 secs] 
76.550: [GC (Allocation Failure) [PSYoungGen: 130592K->10240K(196608K)] 207921K->87569K(458752K), 0.0009184 secs] [Times: user=0.00 sys=0.00, real=0.00 secs] 
78.403: [GC (Allocation Failure) [PSYoungGen: 125464K->25600K(196608K)] 202793K->102929K(458752K), 0.0021822 secs] [Times: user=0.00 sys=0.00, real=0.00 secs] 
79.819: [GC (Allocation Failure) [PSYoungGen: 151073K->61440K(196608K)] 330802K->261649K(458752K), 0.0056521 secs] [Times: user=0.00 sys=0.00, real=0.01 secs] 
79.928: [GC (Allocation Failure) [PSYoungGen: 115243K->61440K(196608K)] 315452K->312849K(458752K), 0.0164171 secs] [Times: user=0.00 sys=0.00, real=0.02 secs] 
79.944: [Full GC (Ergonomics) [PSYoungGen: 61440K->0K(196608K)] [ParOldGen: 251409K->113169K(262144K)] 312849K->113169K(458752K), [Metaspace: 2796K->2796K(1056768K)], 0.0086834 secs] [Times: user=0.00 sys=0.00, real=0.01 secs] 
81.482: [Full GC (Ergonomics) [PSYoungGen: 130603K->0K(196608K)] [ParOldGen: 215569K->102929K(262144K)] 346172K->102929K(458752K), [Metaspace: 2796K->2796K(1056768K)], 0.0085030 secs] [Times: user=0.00 sys=0.00, real=0.01 secs] 
83.116: [Full GC (Ergonomics) [PSYoungGen: 127537K->0K(196608K)] [ParOldGen: 205329K->8192K(262144K)] 332866K->8192K(458752K), [Metaspace: 2796K->2796K(1056768K)], 0.0020056 secs] [Times: user=0.00 sys=0.00, real=0.00 secs] 
85.176: [GC (Allocation Failure) [PSYoungGen: 130613K->5120K(196608K)] 241205K->115712K(458752K), 0.0008425 secs] [Times: user=0.00 sys=0.00, real=0.00 secs] 
86.593: [Full GC (Ergonomics) [PSYoungGen: 130616K->0K(196608K)] [ParOldGen: 212992K->21504K(262144K)] 343608K->21504K(458752K), [Metaspace: 2796K->2796K(1056768K)], 0.0030575 secs] [Times: user=0.00 sys=0.00, real=0.00 secs] 
88.007: [GC (Allocation Failure) [PSYoungGen: 125498K->30720K(196608K)] 249402K->154624K(458752K), 0.0028083 secs] [Times: user=0.00 sys=0.00, real=0.00 secs] 
89.534: [GC (Allocation Failure) [PSYoungGen: 156219K->15360K(196608K)] 280123K->139264K(458752K), 0.0016821 secs] [Times: user=0.00 sys=0.00, real=0.00 secs] 
90.951: [Full GC (Ergonomics) [PSYoungGen: 140856K->0K(196608K)] [ParOldGen: 226304K->123409K(262144K)] 367160K->123409K(458752K), [Metaspace: 2796K->2796K(1056768K)], 0.0095595 secs] [Times: user=0.00 sys=0.00, real=0.01 secs] 
93.231: [Full GC (Ergonomics) [PSYoungGen: 127546K->0K(196608K)] [ParOldGen: 225809K->6673K(262144K)] 353355K->6673K(458752K), [Metaspace: 2796K->2796K(1056768K)], 0.0021144 secs] [Times: user=0.00 sys=0.00, real=0.00 secs] 
94.748: [GC (Allocation Failure) [PSYoungGen: 130619K->20480K(196608K)] 239692K->129553K(458752K), 0.0017670 secs] [Times: user=0.00 sys=0.00, real=0.00 secs] 
96.712: [Full GC (Ergonomics) [PSYoungGen: 151100K->0K(196608K)] [ParOldGen: 211473K->11264K(262144K)] 362573K->11264K(458752K), [Metaspace: 2796K->2796K(1056768K)], 0.0025577 secs] [Times: user=0.00 sys=0.00, real=0.00 secs] 
98.124: [GC (Allocation Failure) [PSYoungGen: 125500K->35840K(196608K)] 239164K->149504K(458752K), 0.0026226 secs] [Times: user=0.00 sys=0.00, real=0.00 secs] 
99.535: [Full GC (Ergonomics) [PSYoungGen: 161341K->0K(196608K)] [ParOldGen: 216064K->93184K(262144K)] 377405K->93184K(458752K), [Metaspace: 2796K->2796K(1056768K)], 0.0072813 secs] [Times: user=0.02 sys=0.00, real=0.01 secs] 
101.059: [GC (Allocation Failure) [PSYoungGen: 130621K->25600K(196608K)] 326205K->221184K(458752K), 0.0027587 secs] [Times: user=0.00 sys=0.00, real=0.00 secs] 
101.167: [GC (Allocation Failure) [PSYoungGen: 79421K->56320K(196608K)] 275005K->251904K(458752K), 0.0044705 secs] [Times: user=0.00 sys=0.00, real=0.00 secs] 
102.050: [GC (Allocation Failure) [PSYoungGen: 186941K->11264K(196608K)] 382525K->206848K(458752K), 0.0009698 secs] [Times: user=0.00 sys=0.00, real=0.00 secs] 
102.594: [GC (Allocation Failure) [PSYoungGen: 111146K->62464K(196608K)] 306731K->258048K(458752K), 0.0050755 secs] [Times: user=0.00 sys=0.00, real=0.00 secs] 
103.469: [GC (Allocation Failure) [PSYoungGen: 193068K->17408K(196608K)] 388652K->212992K(458752K), 0.0014214 secs] [Times: user=0.00 sys=0.00, real=0.00 secs] 
105.321: [GC (Allocation Failure) [PSYoungGen: 107040K->35840K(196608K)] 302624K->231424K(458752K), 0.0027431 secs] [Times: user=0.00 sys=0.00, real=0.00 secs] 
105.431: [GC (Allocation Failure) [PSYoungGen: 89636K->15360K(196608K)] 285220K->262144K(458752K), 0.0051262 secs] [Times: user=0.00 sys=0.00, real=0.00 secs] 
105.436: [Full GC (Ergonomics) [PSYoungGen: 15360K->0K(196608K)] [ParOldGen: 246784K->67089K(262144K)] 262144K->67089K(458752K), [Metaspace: 2796K->2796K(1056768K)], 0.0055656 secs] [Times: user=0.00 sys=0.00, real=0.01 secs] 
106.323: [GC (Allocation Failure) [PSYoungGen: 130596K->10240K(196608K)] 197686K->77329K(458752K), 0.0011931 secs] [Times: user=0.00 sys=0.00, real=0.00 secs] 
108.061: [GC (Allocation Failure) [PSYoungGen: 125467K->5120K(196608K)] 294956K->174609K(458752K), 0.0009355 secs] [Times: user=0.00 sys=0.00, real=0.00 secs] 
108.277: [GC (Allocation Failure) [PSYoungGen: 79399K->51200K(196608K)] 248888K->271889K(458752K), 0.0050430 secs] [Times: user=0.00 sys=0.00, real=0.00 secs] 
108.282: [Full GC (Ergonomics) [PSYoungGen: 51200K->0K(196608K)] [ParOldGen: 220689K->52224K(262144K)] 271889K->52224K(458752K), [Metaspace: 2796K->2796K(1056768K)], 0.0046684 secs] [Times: user=0.00 sys=0.00, real=0.00 secs] 
109.167: [GC (Allocation Failure) [PSYoungGen: 130600K->10240K(196608K)] 182824K->62464K(458752K), 0.0011431 secs] [Times: user=0.00 sys=0.00, real=0.00 secs] 
110.688: [GC (Allocation Failure) [PSYoungGen: 140829K->15360K(196608K)] 295453K->169984K(458752K), 0.0012853 secs] [Times: user=0.00 sys=0.00, real=0.00 secs] 
112.316: [Full GC (Ergonomics) [PSYoungGen: 140840K->0K(196608K)] [ParOldGen: 257024K->16384K(262144K)] 397864K->16384K(458752K), [Metaspace: 2796K->2796K(1056768K)], 0.0034832 secs] [Times: user=0.00 sys=0.00, real=0.00 secs] 
113.733: [GC (Allocation Failure) [PSYoungGen: 125488K->21504K(196608K)] 244272K->140288K(458752K), 0.0015955 secs] [Times: user=0.00 sys=0.00, real=0.00 secs] 
115.806: [Full GC (Ergonomics) [PSYoungGen: 152116K->0K(196608K)] [ParOldGen: 221184K->6144K(262144K)] 373300K->6144K(458752K), [Metaspace: 2796K->2796K(1056768K)], 0.0021774 secs] [Times: user=0.00 sys=0.00, real=0.00 secs] 
117.331: [GC (Allocation Failure) [PSYoungGen: 130615K->30720K(196608K)] 239159K->139264K(458752K), 0.0026572 secs] [Times: user=0.00 sys=0.00, real=0.00 secs] 
118.855: [Full GC (Ergonomics) [PSYoungGen: 161337K->0K(196608K)] [ParOldGen: 210944K->88064K(262144K)] 372281K->88064K(458752K), [Metaspace: 2796K->2796K(1056768K)], 0.0074279 secs] [Times: user=0.00 sys=0.00, real=0.01 secs] 
120.925: [GC (Allocation Failure) [PSYoungGen: 130619K->25600K(196608K)] 321083K->216064K(458752K), 0.0021631 secs] [Times: user=0.00 sys=0.00, real=0.00 secs] 
121.033: [GC (Allocation Failure) [PSYoungGen: 79419K->56320K(196608K)] 269884K->246784K(458752K), 0.0044582 secs] [Times: user=0.00 sys=0.00, real=0.00 secs] 
121.905: [GC (Allocation Failure) [PSYoungGen: 186939K->11264K(196608K)] 377404K->201728K(458752K), 0.0011419 secs] [Times: user=0.00 sys=0.00, real=0.00 secs] 
122.452: [GC (Allocation Failure) [PSYoungGen: 111146K->62464K(196608K)] 301610K->252928K(458752K), 0.0053809 secs] [Times: user=0.00 sys=0.00, real=0.01 secs] 
123.664: [GC (Allocation Failure) [PSYoungGen: 193067K->20480K(196608K)] 383531K->210944K(458752K), 0.0016190 secs] [Times: user=0.00 sys=0.00, real=0.00 secs] 
123.882: [GC (Allocation Failure) [PSYoungGen: 94751K->61440K(196608K)] 285215K->251904K(458752K), 0.0053139 secs] [Times: user=0.00 sys=0.00, real=0.00 secs] 
124.767: [GC (Allocation Failure) [PSYoungGen: 192035K->20480K(196608K)] 382499K->210944K(458752K), 0.0016940 secs] [Times: user=0.00 sys=0.00, real=0.00 secs] 
125.309: [GC (Allocation Failure) [PSYoungGen: 120346K->61440K(196608K)] 310810K->267264K(458752K), 0.0059725 secs] [Times: user=0.00 sys=0.00, real=0.01 secs] 
126.181: [GC (Allocation Failure) [PSYoungGen: 192033K->20480K(196608K)] 397857K->226304K(458752K), 0.0018763 secs] [Times: user=0.00 sys=0.00, real=0.00 secs] 
128.033: [GC (Allocation Failure) [PSYoungGen: 135705K->25600K(196608K)] 341529K->231424K(458752K), 0.0025391 secs] [Times: user=0.00 sys=0.00, real=0.00 secs] 
128.141: [GC (Allocation Failure) [PSYoungGen: 79393K->56320K(196608K)] 285217K->313344K(458752K), 0.0155438 secs] [Times: user=0.00 sys=0.00, real=0.02 secs] 
128.157: [Full GC (Ergonomics) [PSYoungGen: 56320K->0K(196608K)] [ParOldGen: 257024K->56849K(262144K)] 313344K->56849K(458752K), [Metaspace: 2796K->2796K(1056768K)], 0.0049417 secs] [Times: user=0.00 sys=0.00, real=0.00 secs] 
129.045: [GC (Allocation Failure) [PSYoungGen: 130593K->10240K(196608K)] 187443K->67089K(458752K), 0.0008815 secs] [Times: user=0.00 sys=0.00, real=0.00 secs] 
131.336: [Full GC (Ergonomics) [PSYoungGen: 137753K->0K(196608K)] [ParOldGen: 261649K->3072K(262144K)] 399402K->3072K(458752K), [Metaspace: 2796K->2796K(1056768K)], 0.0017383 secs] [Times: user=0.00 sys=0.00, real=0.00 secs] 
132.859: [GC (Allocation Failure) [PSYoungGen: 130598K->11264K(196608K)] 236070K->116736K(458752K), 0.0009943 secs] [Times: user=0.00 sys=0.00, real=0.00 secs] 
134.824: [GC (Allocation Failure) [PSYoungGen: 136750K->5120K(196608K)] 344622K->212992K(458752K), 0.0008895 secs] [Times: user=0.00 sys=0.00, real=0.00 secs] 
135.259: [GC (Allocation Failure) [PSYoungGen: 99891K->61440K(196608K)] 307763K->269312K(458752K), 0.0055258 secs] [Times: user=0.00 sys=0.00, real=0.00 secs] 
136.130: [GC (Allocation Failure) [PSYoungGen: 192049K->20480K(196608K)] 399921K->228352K(458752K), 0.0017105 secs] [Times: user=0.00 sys=0.00, real=0.00 secs] 
136.671: [GC (Allocation Failure) [PSYoungGen: 120355K->35840K(196608K)] 328227K->294912K(458752K), 0.0060326 secs] [Times: user=0.00 sys=0.00, real=0.01 secs] 
136.677: [Full GC (Ergonomics) [PSYoungGen: 35840K->0K(196608K)] [ParOldGen: 259072K->87569K(262144K)] 294912K->87569K(458752K), [Metaspace: 2796K->2796K(1056768K)], 0.0069895 secs] [Times: user=0.00 sys=0.00, real=0.01 secs] 
137.559: [GC (Allocation Failure) [PSYoungGen: 130599K->10240K(196608K)] 218169K->97809K(458752K), 0.0009372 secs] [Times: user=0.00 sys=0.00, real=0.00 secs] 
139.194: [GC (Allocation Failure) [PSYoungGen: 140829K->15360K(196608K)] 228398K->102929K(458752K), 0.0016286 secs] [Times: user=0.00 sys=0.00, real=0.00 secs] 
140.609: [GC (Allocation Failure) [PSYoungGen: 140836K->20480K(196608K)] 330806K->210449K(458752K), 0.0017430 secs] [Times: user=0.00 sys=0.00, real=0.00 secs] 
140.936: [GC (Allocation Failure) [PSYoungGen: 105005K->61440K(196608K)] 294974K->251409K(458752K), 0.0047643 secs] [Times: user=0.00 sys=0.00, real=0.00 secs] 
141.803: [GC (Allocation Failure) [PSYoungGen: 192045K->16384K(196608K)] 382014K->206353K(458752K), 0.0013715 secs] [Times: user=0.00 sys=0.00, real=0.00 secs] 
143.761: [GC (Allocation Failure) [PSYoungGen: 146976K->62464K(196608K)] 336946K->252433K(458752K), 0.0047205 secs] [Times: user=0.00 sys=0.00, real=0.00 secs] 
144.634: [GC (Allocation Failure) [PSYoungGen: 193062K->21504K(196608K)] 383032K->211473K(458752K), 0.0017185 secs] [Times: user=0.00 sys=0.00, real=0.00 secs] 
145.181: [GC (Allocation Failure) [PSYoungGen: 121387K->26624K(196608K)] 311356K->267793K(458752K), 0.0058109 secs] [Times: user=0.00 sys=0.00, real=0.01 secs] 
145.187: [Full GC (Ergonomics) [PSYoungGen: 26624K->0K(196608K)] [ParOldGen: 241169K->78353K(262144K)] 267793K->78353K(458752K), [Metaspace: 2796K->2796K(1056768K)], 0.0065470 secs] [Times: user=0.00 sys=0.00, real=0.01 secs] 
146.395: [GC (Allocation Failure) [PSYoungGen: 125484K->10240K(196608K)] 203837K->88593K(458752K), 0.0010913 secs] [Times: user=0.00 sys=0.00, real=0.00 secs] 
147.812: [GC (Allocation Failure) [PSYoungGen: 135711K->35840K(196608K)] 316464K->216593K(458752K), 0.0026766 secs] [Times: user=0.00 sys=0.00, real=0.00 secs] 
148.029: [GC (Allocation Failure) --[PSYoungGen: 110121K->110121K(196608K)] 290875K->342075K(458752K), 0.0053118 secs] [Times: user=0.00 sys=0.00, real=0.00 secs] 
148.034: [Full GC (Ergonomics) [PSYoungGen: 110121K->0K(196608K)] [ParOldGen: 231953K->77824K(262144K)] 342075K->77824K(458752K), [Metaspace: 2796K->2796K(1056768K)], 0.0064917 secs] [Times: user=0.00 sys=0.00, real=0.01 secs] 
148.910: [GC (Allocation Failure) [PSYoungGen: 130602K->10240K(196608K)] 208426K->88064K(458752K), 0.0009427 secs] [Times: user=0.00 sys=0.00, real=0.00 secs] 
150.547: [GC (Allocation Failure) [PSYoungGen: 135710K->15360K(196608K)] 315934K->195584K(458752K), 0.0014836 secs] [Times: user=0.00 sys=0.00, real=0.00 secs] 
150.876: [GC (Allocation Failure) [PSYoungGen: 99881K->56320K(196608K)] 280105K->236544K(458752K), 0.0064602 secs] [Times: user=0.00 sys=0.00, real=0.01 secs] 
151.763: [GC (Allocation Failure) [PSYoungGen: 186900K->11264K(196608K)] 367124K->191488K(458752K), 0.0012185 secs] [Times: user=0.00 sys=0.00, real=0.00 secs] 
152.309: [GC (Allocation Failure) [PSYoungGen: 111120K->62464K(196608K)] 291344K->242688K(458752K), 0.0051180 secs] [Times: user=0.00 sys=0.00, real=0.01 secs] 
153.200: [GC (Allocation Failure) [PSYoungGen: 193051K->17408K(196608K)] 373275K->197632K(458752K), 0.0013966 secs] [Times: user=0.00 sys=0.00, real=0.00 secs] 
155.052: [GC (Allocation Failure) [PSYoungGen: 107029K->35840K(196608K)] 287253K->216064K(458752K), 0.0030465 secs] [Times: user=0.01 sys=0.00, real=0.00 secs] 
155.161: [GC (Allocation Failure) [PSYoungGen: 89629K->56320K(196608K)] 269853K->246784K(458752K), 0.0052686 secs] [Times: user=0.00 sys=0.00, real=0.00 secs] 
156.048: [GC (Allocation Failure) [PSYoungGen: 186909K->15360K(196608K)] 377374K->205824K(458752K), 0.0012307 secs] [Times: user=0.00 sys=0.00, real=0.00 secs] 
156.593: [GC (Allocation Failure) [PSYoungGen: 115222K->61440K(196608K)] 305686K->272384K(458752K), 0.0062806 secs] [Times: user=0.00 sys=0.00, real=0.00 secs] 
157.808: [GC (Allocation Failure) [PSYoungGen: 181791K->5120K(196608K)] 392735K->216064K(458752K), 0.0012173 secs] [Times: user=0.00 sys=0.00, real=0.00 secs] 
158.025: [GC (Allocation Failure) --[PSYoungGen: 79382K->79382K(196608K)] 290326K->290326K(458752K), 0.0044137 secs] [Times: user=0.00 sys=0.00, real=0.00 secs] 
158.029: [Full GC (Ergonomics) [PSYoungGen: 79382K->0K(196608K)] [ParOldGen: 210944K->52224K(262144K)] 290326K->52224K(458752K), [Metaspace: 2796K->2796K(1056768K)], 0.0049498 secs] [Times: user=0.00 sys=0.00, real=0.01 secs] 
158.914: [GC (Allocation Failure) [PSYoungGen: 130589K->10240K(196608K)] 182813K->62464K(458752K), 0.0008390 secs] [Times: user=0.00 sys=0.00, real=0.00 secs] 
160.447: [GC (Allocation Failure) [PSYoungGen: 140822K->15360K(196608K)] 295446K->169984K(458752K), 0.0012484 secs] [Times: user=0.00 sys=0.00, real=0.00 secs] 
162.084: [Full GC (Ergonomics) [PSYoungGen: 140836K->0K(196608K)] [ParOldGen: 257024K->16384K(262144K)] 397860K->16384K(458752K), [Metaspace: 2796K->2796K(1056768K)], 0.0034081 secs] [Times: user=0.00 sys=0.00, real=0.00 secs] 
163.499: [GC (Allocation Failure) [PSYoungGen: 125485K->21504K(196608K)] 244269K->140288K(458752K), 0.0017175 secs] [Times: user=0.00 sys=0.00, real=0.00 secs] 
165.575: [GC (Allocation Failure) [PSYoungGen: 152114K->5120K(196608K)] 373299K->226304K(458752K), 0.0006966 secs] [Times: user=0.00 sys=0.00, real=0.00 secs] 
166.555: [GC (Allocation Failure) --[PSYoungGen: 125494K->125494K(196608K)] 346678K->346678K(458752K), 0.0024073 secs] [Times: user=0.00 sys=0.00, real=0.00 secs] 
166.558: [Full GC (Ergonomics) [PSYoungGen: 125494K->0K(196608K)] [ParOldGen: 221184K->77824K(262144K)] 346678K->77824K(458752K), [Metaspace: 2796K->2796K(1056768K)], 0.0064885 secs] [Times: user=0.00 sys=0.00, real=0.01 secs] 
167.444: [GC (Allocation Failure) [PSYoungGen: 130612K->10240K(196608K)] 208436K->88064K(458752K), 0.0010062 secs] [Times: user=0.00 sys=0.00, real=0.00 secs] 
169.296: [GC (Allocation Failure) [PSYoungGen: 130597K->5120K(196608K)] 310821K->185344K(458752K), 0.0007674 secs] [Times: user=0.00 sys=0.00, real=0.00 secs] 
169.404: [GC (Allocation Failure) [PSYoungGen: 58925K->51200K(196608K)] 239149K->231424K(458752K), 0.0040997 secs] [Times: user=0.00 sys=0.00, real=0.00 secs] 
170.276: [GC (Allocation Failure) --[PSYoungGen: 181805K->181805K(196608K)] 362029K->362029K(458752K), 0.0009335 secs] [Times: user=0.00 sys=0.00, real=0.00 secs] 
170.277: [Full GC (Ergonomics) [PSYoungGen: 181805K->0K(196608K)] [ParOldGen: 180224K->108544K(262144K)] 362029K->108544K(458752K), [Metaspace: 2796K->2796K(1056768K)], 0.0086450 secs] [Times: user=0.00 sys=0.00, real=0.01 secs] 
171.819: [GC (Allocation Failure) [PSYoungGen: 130593K->11264K(196608K)] 341537K->222208K(458752K), 0.0010880 secs] [Times: user=0.00 sys=0.00, real=0.00 secs] 
172.255: [GC (Allocation Failure) [PSYoungGen: 106027K->57344K(196608K)] 316971K->268288K(458752K), 0.0044590 secs] [Times: user=0.00 sys=0.00, real=0.00 secs] 
173.452: [GC (Allocation Failure) [PSYoungGen: 187948K->20480K(196608K)] 398892K->231424K(458752K), 0.0017929 secs] [Times: user=0.00 sys=0.00, real=0.00 secs] 
173.671: [GC (Allocation Failure) [PSYoungGen: 94751K->61440K(196608K)] 305695K->272384K(458752K), 0.0048492 secs] [Times: user=0.00 sys=0.00, real=0.00 secs] 
174.543: [GC (Allocation Failure) [PSYoungGen: 192035K->20480K(196608K)] 402979K->231424K(458752K), 0.0018211 secs] [Times: user=0.00 sys=0.00, real=0.00 secs] 
175.088: [GC (Allocation Failure) --[PSYoungGen: 120346K->120346K(196608K)] 331290K->331290K(458752K), 0.0019036 secs] [Times: user=0.00 sys=0.00, real=0.00 secs] 
175.090: [Full GC (Ergonomics) [PSYoungGen: 120346K->0K(196608K)] [ParOldGen: 210944K->77824K(262144K)] 331290K->77824K(458752K), [Metaspace: 2796K->2796K(1056768K)], 0.0066845 secs] [Times: user=0.00 sys=0.00, real=0.01 secs] 
175.974: [GC (Allocation Failure) [PSYoungGen: 130593K->10240K(196608K)] 208417K->88064K(458752K), 0.0010932 secs] [Times: user=0.00 sys=0.00, real=0.00 secs] 
177.829: [GC (Allocation Failure) [PSYoungGen: 125465K->25600K(196608K)] 203289K->103424K(458752K), 0.0024656 secs] [Times: user=0.00 sys=0.00, real=0.00 secs] 
179.246: [GC (Allocation Failure) [PSYoungGen: 151073K->61440K(196608K)] 331297K->262144K(458752K), 0.0059219 secs] [Times: user=0.00 sys=0.00, real=0.01 secs] 
179.355: [GC (Allocation Failure) [PSYoungGen: 115243K->61440K(196608K)] 315947K->313344K(458752K), 0.0075792 secs] [Times: user=0.00 sys=0.00, real=0.01 secs] 
179.363: [Full GC (Ergonomics) [PSYoungGen: 61440K->0K(196608K)] [ParOldGen: 251904K->113169K(262144K)] 313344K->113169K(458752K), [Metaspace: 2796K->2796K(1056768K)], 0.0091470 secs] [Times: user=0.00 sys=0.00, real=0.01 secs] 
180.896: [Full GC (Ergonomics) [PSYoungGen: 130603K->0K(196608K)] [ParOldGen: 215569K->102929K(262144K)] 346172K->102929K(458752K), [Metaspace: 2796K->2796K(1056768K)], 0.0083918 secs] [Times: user=0.00 sys=0.00, real=0.01 secs] 
182.537: [GC (Allocation Failure) [PSYoungGen: 127537K->8192K(196608K)] 332867K->213521K(458752K), 0.0009177 secs] [Times: user=0.00 sys=0.00, real=0.00 secs] 
183.618: [GC (Allocation Failure) [PSYoungGen: 133686K->58368K(196608K)] 339015K->273937K(458752K), 0.0051863 secs] [Times: user=0.00 sys=0.00, real=0.00 secs] 
184.834: [GC (Allocation Failure) [PSYoungGen: 188980K->20480K(196608K)] 404549K->236049K(458752K), 0.0014580 secs] [Times: user=0.00 sys=0.00, real=0.00 secs] 
185.052: [GC (Allocation Failure) [PSYoungGen: 94757K->61440K(196608K)] 310326K->277009K(458752K), 0.0052195 secs] [Times: user=0.00 sys=0.00, real=0.00 secs] 
185.925: [GC (Allocation Failure) [PSYoungGen: 192039K->20480K(196608K)] 407608K->236049K(458752K), 0.0015530 secs] [Times: user=0.00 sys=0.00, real=0.00 secs] 
186.470: [GC (Allocation Failure) --[PSYoungGen: 120348K->120348K(196608K)] 335918K->335918K(458752K), 0.0026410 secs] [Times: user=0.00 sys=0.00, real=0.00 secs] 
186.472: [Full GC (Ergonomics) [PSYoungGen: 120348K->0K(196608K)] [ParOldGen: 215569K->88064K(262144K)] 335918K->88064K(458752K), [Metaspace: 2796K->2796K(1056768K)], 0.0072686 secs] [Times: user=0.00 sys=0.00, real=0.01 secs] 
187.359: [GC (Allocation Failure) [PSYoungGen: 130595K->10240K(196608K)] 218659K->98304K(458752K), 0.0011656 secs] [Times: user=0.00 sys=0.00, real=0.00 secs] 
188.996: [GC (Allocation Failure) [PSYoungGen: 140826K->15360K(196608K)] 228890K->103424K(458752K), 0.0014002 secs] [Times: user=0.00 sys=0.00, real=0.00 secs] 
190.409: [GC (Allocation Failure) [PSYoungGen: 140834K->20480K(196608K)] 331298K->210944K(458752K), 0.0017730 secs] [Times: user=0.00 sys=0.00, real=0.00 secs] 
190.734: [GC (Allocation Failure) [PSYoungGen: 105004K->61440K(196608K)] 295468K->251904K(458752K), 0.0052788 secs] [Times: user=0.00 sys=0.00, real=0.01 secs] 
191.608: [GC (Allocation Failure) [PSYoungGen: 192044K->16416K(196608K)] 382508K->206880K(458752K), 0.0013982 secs] [Times: user=0.00 sys=0.00, real=0.00 secs] 
193.570: [GC (Allocation Failure) [PSYoungGen: 147008K->62496K(196608K)] 337472K->252960K(458752K), 0.0049090 secs] [Times: user=0.00 sys=0.00, real=0.01 secs] 
194.443: [GC (Allocation Failure) [PSYoungGen: 193094K->21536K(196608K)] 383558K->212000K(458752K), 0.0017669 secs] [Times: user=0.02 sys=0.00, real=0.00 secs] 
194.989: [GC (Allocation Failure) [PSYoungGen: 121418K->62528K(196608K)] 311882K->268352K(458752K), 0.0057325 secs] [Times: user=0.02 sys=0.00, real=0.01 secs] 
196.201: [GC (Allocation Failure) [PSYoungGen: 188012K->10272K(196608K)] 393836K->216096K(458752K), 0.0011456 secs] [Times: user=0.00 sys=0.00, real=0.00 secs] 
196.418: [GC (Allocation Failure) [PSYoungGen: 84543K->51232K(196608K)] 290367K->277536K(458752K), 0.0056157 secs] [Times: user=0.00 sys=0.00, real=0.01 secs] 
196.424: [Full GC (Ergonomics) [PSYoungGen: 51232K->0K(196608K)] [ParOldGen: 226304K->72209K(262144K)] 277536K->72209K(458752K), [Metaspace: 2796K->2796K(1056768K)], 0.0065445 secs] [Times: user=0.00 sys=0.00, real=0.01 secs] 
197.308: [GC (Allocation Failure) [PSYoungGen: 130595K->10240K(196608K)] 202804K->82449K(458752K), 0.0009949 secs] [Times: user=0.00 sys=0.00, real=0.00 secs] 
198.837: [GC (Allocation Failure) [PSYoungGen: 140826K->15360K(196608K)] 315436K->241169K(458752K), 0.0050358 secs] [Times: user=0.00 sys=0.00, real=0.00 secs] 
198.842: [Full GC (Ergonomics) [PSYoungGen: 15360K->0K(196608K)] [ParOldGen: 225809K->87569K(262144K)] 241169K->87569K(458752K), [Metaspace: 2796K->2796K(1056768K)], 0.0056841 secs] [Times: user=0.00 sys=0.00, real=0.01 secs] 
200.483: [GC (Allocation Failure) [PSYoungGen: 130598K->15360K(196608K)] 320568K->205329K(458752K), 0.0015602 secs] [Times: user=0.00 sys=0.00, real=0.00 secs] 
200.703: [GC (Allocation Failure) [PSYoungGen: 89646K->56320K(196608K)] 279616K->246289K(458752K), 0.0044931 secs] [Times: user=0.00 sys=0.00, real=0.00 secs] 
201.589: [GC (Allocation Failure) [PSYoungGen: 186899K->11264K(196608K)] 376869K->201233K(458752K), 0.0010844 secs] [Times: user=0.00 sys=0.00, real=0.00 secs] 
202.134: [GC (Allocation Failure) [PSYoungGen: 111120K->62464K(196608K)] 301090K->252433K(458752K), 0.0053919 secs] [Times: user=0.00 sys=0.00, real=0.00 secs] 
203.008: [GC (Allocation Failure) [PSYoungGen: 193051K->17408K(196608K)] 383021K->207377K(458752K), 0.0014127 secs] [Times: user=0.00 sys=0.00, real=0.00 secs] 
204.859: [GC (Allocation Failure) [PSYoungGen: 107029K->35840K(196608K)] 296999K->225809K(458752K), 0.0026413 secs] [Times: user=0.00 sys=0.00, real=0.00 secs] 
204.970: [GC (Allocation Failure) [PSYoungGen: 89629K->15360K(196608K)] 279599K->256529K(458752K), 0.0049212 secs] [Times: user=0.00 sys=0.00, real=0.00 secs] 
204.975: [Full GC (Ergonomics) [PSYoungGen: 15360K->0K(196608K)] [ParOldGen: 241169K->67089K(262144K)] 256529K->67089K(458752K), [Metaspace: 2796K->2796K(1056768K)], 0.0058242 secs] [Times: user=0.00 sys=0.00, real=0.01 secs] 
205.856: [GC (Allocation Failure) [PSYoungGen: 130589K->10240K(196608K)] 197679K->77329K(458752K), 0.0012529 secs] [Times: user=0.00 sys=0.00, real=0.00 secs] 
207.601: [GC (Allocation Failure) [PSYoungGen: 125462K->5120K(196608K)] 294952K->174609K(458752K), 0.0008396 secs] [Times: user=0.00 sys=0.00, real=0.00 secs] 
207.819: [GC (Allocation Failure) [PSYoungGen: 79396K->51200K(196608K)] 248886K->271889K(458752K), 0.0054635 secs] [Times: user=0.00 sys=0.00, real=0.01 secs] 
207.824: [Full GC (Ergonomics) [PSYoungGen: 51200K->0K(196608K)] [ParOldGen: 220689K->51729K(262144K)] 271889K->51729K(458752K), [Metaspace: 2796K->2796K(1056768K)], 0.0048884 secs] [Times: user=0.00 sys=0.00, real=0.00 secs] 
208.706: [GC (Allocation Failure) [PSYoungGen: 130598K->10240K(196608K)] 182328K->61969K(458752K), 0.0008781 secs] [Times: user=0.00 sys=0.00, real=0.00 secs] 
210.236: [GC (Allocation Failure) [PSYoungGen: 140828K->15360K(196608K)] 294958K->169489K(458752K), 0.0013602 secs] [Times: user=0.00 sys=0.00, real=0.00 secs] 
211.867: [Full GC (Ergonomics) [PSYoungGen: 140839K->0K(196608K)] [ParOldGen: 256529K->16384K(262144K)] 397369K->16384K(458752K), [Metaspace: 2796K->2796K(1056768K)], 0.0025902 secs] [Times: user=0.00 sys=0.00, real=0.00 secs] 
213.287: [GC (Allocation Failure) [PSYoungGen: 125487K->21504K(196608K)] 244271K->140288K(458752K), 0.0017557 secs] [Times: user=0.01 sys=0.00, real=0.00 secs] 
215.356: [Full GC (Ergonomics) [PSYoungGen: 152116K->0K(196608K)] [ParOldGen: 221184K->6144K(262144K)] 373300K->6144K(458752K), [Metaspace: 2796K->2796K(1056768K)], 0.0019504 secs] [Times: user=0.00 sys=0.00, real=0.00 secs] 
216.883: [GC (Allocation Failure) [PSYoungGen: 130615K->30720K(196608K)] 239159K->139264K(458752K), 0.0027949 secs] [Times: user=0.00 sys=0.00, real=0.00 secs] 
218.417: [Full GC (Ergonomics) [PSYoungGen: 161337K->0K(196608K)] [ParOldGen: 210944K->88064K(262144K)] 372281K->88064K(458752K), [Metaspace: 2796K->2796K(1056768K)], 0.0071292 secs] [Times: user=0.00 sys=0.00, real=0.01 secs] 
Heap
 PSYoungGen      total 196608K, used 10360K [0x00000000f0000000, 0x0000000100000000, 0x0000000100000000)
  eden space 131072K, 7% used [0x00000000f0000000,0x00000000f0a1e300,0x00000000f8000000)
  from space 65536K, 0% used [0x00000000f8000000,0x00000000f8000000,0x00000000fc000000)
  to   space 65536K, 0% used [0x00000000fc000000,0x00000000fc000000,0x0000000100000000)
 ParOldGen       total 262144K, used 88064K [0x00000000e0000000, 0x00000000f0000000, 0x00000000f0000000)
  object space 262144K, 33% used [0x00000000e0000000,0x00000000e5600050,0x00000000f0000000)
 Metaspace       used 2804K, capacity 4486K, committed 4864K, reserved 1056768K
  class space    used 297K, capacity 386K, committed 512K, reserved 1048576K
