Java HotSpot(TM) 64-Bit Server VM (25.411-b09) for windows-amd64 JRE (1.8.0_411-b09), built on Mar 13 2024 07:26:13 by "java_re" with MS VC++ 17.1 (VS2022)
Memory: 4k page, physical 33403376k(13549804k free), swap 39632896k(6494444k free)
CommandLine flags: -XX:InitialHeapSize=1073741824 -XX:MaxHeapSize=1073741824 -XX:NewRatio=9 -XX:ParallelGCThreads=6 -XX:+PrintGC -XX:+PrintGCDetails -XX:+PrintGCTimeStamps -XX:SurvivorRatio=8 -XX:-UseAdaptiveSizePolicy -XX:+UseCompressedClassPointers -XX:+UseCompressedOops -XX:-UseLargePagesIndividualAllocation -XX:+UseParallelGC 
1.748: [GC (Allocation Failure) [PSYoungGen: 79134K->7848K(94208K)] 232734K->161456K(1038336K), 0.0024886 secs] [Times: user=0.00 sys=0.00, real=0.00 secs] 
3.323: [GC (Allocation Failure) [PSYoungGen: 87351K->7800K(94208K)] 394559K->325248K(1038336K), 0.0034266 secs] [Times: user=0.00 sys=0.00, real=0.00 secs] 
5.394: [GC (Allocation Failure) [PSYoungGen: 86279K->5688K(94208K)] 403727K->333376K(1038336K), 0.0036470 secs] [Times: user=0.00 sys=0.00, real=0.00 secs] 
5.970: [GC (Allocation Failure) [PSYoungGen: 89282K->6744K(94208K)] 519370K->447072K(1038336K), 0.0035125 secs] [Times: user=0.00 sys=0.00, real=0.00 secs] 
7.649: [GC (Allocation Failure) [PSYoungGen: 88108K->5736K(94208K)] 682036K->630392K(1038336K), 0.0083655 secs] [Times: user=0.00 sys=0.00, real=0.01 secs] 
8.884: [GC (Allocation Failure) [PSYoungGen: 89333K->1592K(94208K)] 816389K->779848K(1038336K), 0.0156139 secs] [Times: user=0.00 sys=0.00, real=0.01 secs] 
10.579: [Full GC (Ergonomics) [PSYoungGen: 82118K->0K(94208K)] [ParOldGen: 931856K->164368K(944128K)] 1013974K->164368K(1038336K), [Metaspace: 2761K->2761K(1056768K)], 0.0265051 secs] [Times: user=0.00 sys=0.00, real=0.03 secs] 
12.572: [GC (Allocation Failure) [PSYoungGen: 78478K->5120K(94208K)] 396447K->328208K(1038336K), 0.0009989 secs] [Times: user=0.00 sys=0.00, real=0.00 secs] 
13.991: [GC (Allocation Failure) [PSYoungGen: 80048K->6176K(94208K)] 556737K->487993K(1038336K), 0.0016761 secs] [Times: user=0.00 sys=0.00, real=0.00 secs] 
15.409: [GC (Allocation Failure) [PSYoungGen: 80559K->6208K(94208K)] 715976K->656985K(1038336K), 0.0022423 secs] [Times: user=0.00 sys=0.00, real=0.00 secs] 
17.042: [GC (Allocation Failure) [PSYoungGen: 79567K->5152K(94208K)] 730344K->666169K(1038336K), 0.0015088 secs] [Times: user=0.00 sys=0.00, real=0.00 secs] 
17.698: [GC (Allocation Failure) [PSYoungGen: 84650K->5152K(94208K)] 848067K->794169K(1038336K), 0.0026621 secs] [Times: user=0.00 sys=0.00, real=0.00 secs] 
19.227: [Full GC (Ergonomics) [PSYoungGen: 84652K->0K(94208K)] [ParOldGen: 942617K->87569K(944128K)] 1027269K->87569K(1038336K), [Metaspace: 2770K->2770K(1056768K)], 0.0087701 secs] [Times: user=0.00 sys=0.00, real=0.01 secs] 
20.768: [GC (Allocation Failure) [PSYoungGen: 79501K->5120K(94208K)] 269470K->195089K(1038336K), 0.0009735 secs] [Times: user=0.00 sys=0.00, real=0.00 secs] 
22.295: [GC (Allocation Failure) [PSYoungGen: 84622K->6144K(94208K)] 428191K->354833K(1038336K), 0.0012021 secs] [Times: user=0.00 sys=0.00, real=0.00 secs] 
24.149: [GC (Allocation Failure) [PSYoungGen: 85646K->0K(94208K)] 587935K->522769K(1038336K), 0.0017797 secs] [Times: user=0.00 sys=0.00, real=0.00 secs] 
24.806: [GC (Allocation Failure) [PSYoungGen: 79502K->5120K(94208K)] 704672K->635409K(1038336K), 0.0014576 secs] [Times: user=0.00 sys=0.00, real=0.00 secs] 
26.331: [GC (Allocation Failure) [PSYoungGen: 84623K->5120K(94208K)] 868512K->809489K(1038336K), 0.0020597 secs] [Times: user=0.00 sys=0.00, real=0.00 secs] 
28.079: [GC (Allocation Failure) [PSYoungGen: 88719K->5120K(94208K)] 893088K->814609K(1038336K), 0.0018004 secs] [Times: user=0.00 sys=0.00, real=0.00 secs] 
28.623: [GC (Allocation Failure) [PSYoungGen: 53229K->5152K(94208K)] 913918K->865849K(1038336K), 0.0015468 secs] [Times: user=0.00 sys=0.00, real=0.00 secs] 
28.624: [GC (Allocation Failure) [PSYoungGen: 5152K->5216K(94208K)] 865849K->865913K(1038336K), 0.0011771 secs] [Times: user=0.00 sys=0.00, real=0.00 secs] 
28.626: [Full GC (Allocation Failure) [PSYoungGen: 5216K->0K(94208K)] [ParOldGen: 860697K->56849K(944128K)] 865913K->56849K(1038336K), [Metaspace: 2793K->2793K(1056768K)], 0.0059944 secs] [Times: user=0.00 sys=0.00, real=0.01 secs] 
30.493: [GC (Allocation Failure) [PSYoungGen: 81548K->5120K(94208K)] 394397K->323089K(1038336K), 0.0014010 secs] [Times: user=0.00 sys=0.00, real=0.00 secs] 
32.691: [GC (Allocation Failure) [PSYoungGen: 79501K->6144K(94208K)] 499871K->436753K(1038336K), 0.0016929 secs] [Times: user=0.00 sys=0.00, real=0.00 secs] 
33.346: [GC (Allocation Failure) [PSYoungGen: 85646K->7168K(94208K)] 618655K->545297K(1038336K), 0.0011445 secs] [Times: user=0.00 sys=0.00, real=0.00 secs] 
35.312: [GC (Allocation Failure) [PSYoungGen: 81550K->5120K(94208K)] 773280K->696849K(1038336K), 0.0015554 secs] [Times: user=0.00 sys=0.00, real=0.00 secs] 
36.730: [GC (Allocation Failure) [PSYoungGen: 79502K->5120K(94208K)] 924832K->865809K(1038336K), 0.0019134 secs] [Times: user=0.00 sys=0.00, real=0.00 secs] 
37.171: [Full GC (Ergonomics) [PSYoungGen: 47759K->0K(94208K)] [ParOldGen: 911889K->87569K(944128K)] 959648K->87569K(1038336K), [Metaspace: 2793K->2793K(1056768K)], 0.0081152 secs] [Times: user=0.00 sys=0.00, real=0.01 secs] 
39.257: [GC (Allocation Failure) [PSYoungGen: 79503K->5120K(94208K)] 320672K->246289K(1038336K), 0.0007483 secs] [Times: user=0.00 sys=0.00, real=0.00 secs] 
40.785: [GC (Allocation Failure) [PSYoungGen: 84623K->5120K(94208K)] 479392K->405009K(1038336K), 0.0010196 secs] [Times: user=0.00 sys=0.00, real=0.00 secs] 
42.312: [GC (Allocation Failure) [PSYoungGen: 84623K->6144K(94208K)] 638112K->564753K(1038336K), 0.0014272 secs] [Times: user=0.00 sys=0.00, real=0.00 secs] 
44.608: [GC (Allocation Failure) [PSYoungGen: 87695K->2048K(94208K)] 799905K->724497K(1038336K), 0.0013525 secs] [Times: user=0.00 sys=0.00, real=0.00 secs] 
46.139: [GC (Allocation Failure) [PSYoungGen: 81551K->6144K(94208K)] 957601K->897553K(1038336K), 0.0021954 secs] [Times: user=0.00 sys=0.00, real=0.00 secs] 
47.121: [Full GC (Ergonomics) [PSYoungGen: 43663K->0K(94208K)] [ParOldGen: 942609K->72209K(944128K)] 986273K->72209K(1038336K), [Metaspace: 2795K->2795K(1056768K)], 0.0068094 secs] [Times: user=0.00 sys=0.00, real=0.01 secs] 
48.993: [GC (Allocation Failure) [PSYoungGen: 81551K->5120K(94208K)] 409760K->338449K(1038336K), 0.0009855 secs] [Times: user=0.00 sys=0.00, real=0.00 secs] 
50.963: [GC (Allocation Failure) [PSYoungGen: 88719K->5120K(94208K)] 575648K->497169K(1038336K), 0.0011914 secs] [Times: user=0.00 sys=0.00, real=0.00 secs] 
52.380: [GC (Allocation Failure) [PSYoungGen: 79503K->6144K(94208K)] 725153K->662033K(1038336K), 0.0013360 secs] [Times: user=0.00 sys=0.00, real=0.00 secs] 
53.801: [GC (Allocation Failure) [PSYoungGen: 80527K->7168K(94208K)] 890017K->816657K(1038336K), 0.0011677 secs] [Times: user=0.00 sys=0.00, real=0.00 secs] 
55.653: [GC (Allocation Failure) [PSYoungGen: 90767K->5120K(94208K)] 951457K->876049K(1038336K), 0.0015622 secs] [Times: user=0.00 sys=0.00, real=0.00 secs] 
55.655: [GC (Allocation Failure) [PSYoungGen: 5120K->5120K(94208K)] 876049K->876049K(1038336K), 0.0015328 secs] [Times: user=0.00 sys=0.00, real=0.00 secs] 
55.656: [Full GC (Allocation Failure) [PSYoungGen: 5120K->0K(94208K)] [ParOldGen: 870929K->67089K(944128K)] 876049K->67089K(1038336K), [Metaspace: 2795K->2795K(1056768K)], 0.0061465 secs] [Times: user=0.00 sys=0.00, real=0.01 secs] 
57.518: [GC (Allocation Failure) [PSYoungGen: 81551K->5120K(94208K)] 404640K->353809K(1038336K), 0.0023553 secs] [Times: user=0.00 sys=0.00, real=0.00 secs] 
58.725: [GC (Allocation Failure) [PSYoungGen: 88719K->1024K(94208K)] 539808K->503313K(1038336K), 0.0043635 secs] [Times: user=0.00 sys=0.00, real=0.00 secs] 
60.358: [GC (Allocation Failure) [PSYoungGen: 81551K->5120K(94208K)] 737441K->666129K(1038336K), 0.0015307 secs] [Times: user=0.00 sys=0.00, real=0.00 secs] 
62.312: [GC (Allocation Failure) [PSYoungGen: 83599K->5120K(94208K)] 898209K->824849K(1038336K), 0.0017159 secs] [Times: user=0.00 sys=0.00, real=0.00 secs] 
62.750: [GC (Allocation Failure) [PSYoungGen: 47759K->0K(94208K)] 918689K->870929K(1038336K), 0.0019469 secs] [Times: user=0.00 sys=0.00, real=0.00 secs] 
62.752: [GC (Allocation Failure) [PSYoungGen: 0K->0K(94208K)] 870929K->870929K(1038336K), 0.0018108 secs] [Times: user=0.00 sys=0.00, real=0.00 secs] 
62.754: [Full GC (Allocation Failure) [PSYoungGen: 0K->0K(94208K)] [ParOldGen: 870929K->56849K(944128K)] 870929K->56849K(1038336K), [Metaspace: 2796K->2796K(1056768K)], 0.0057500 secs] [Times: user=0.02 sys=0.00, real=0.01 secs] 
64.621: [GC (Allocation Failure) [PSYoungGen: 81551K->6144K(94208K)] 394400K->334353K(1038336K), 0.0016234 secs] [Times: user=0.00 sys=0.00, real=0.00 secs] 
66.583: [GC (Allocation Failure) [PSYoungGen: 84623K->5120K(94208K)] 412833K->338449K(1038336K), 0.0010325 secs] [Times: user=0.02 sys=0.00, real=0.00 secs] 
68.002: [GC (Allocation Failure) [PSYoungGen: 79498K->5120K(94208K)] 566428K->517649K(1038336K), 0.0025982 secs] [Times: user=0.00 sys=0.00, real=0.00 secs] 
70.513: [GC (Allocation Failure) [PSYoungGen: 86668K->5120K(94208K)] 906397K->824849K(1038336K), 0.0012936 secs] [Times: user=0.00 sys=0.00, real=0.00 secs] 
71.282: [GC (Allocation Failure) [PSYoungGen: 63117K->5120K(94208K)] 934047K->876049K(1038336K), 0.0015645 secs] [Times: user=0.00 sys=0.00, real=0.00 secs] 
71.284: [GC (Allocation Failure) [PSYoungGen: 5120K->5120K(94208K)] 876049K->876049K(1038336K), 0.0019695 secs] [Times: user=0.00 sys=0.00, real=0.00 secs] 
71.286: [Full GC (Allocation Failure) [PSYoungGen: 5120K->0K(94208K)] [ParOldGen: 870929K->159249K(944128K)] 876049K->159249K(1038336K), [Metaspace: 2796K->2796K(1056768K)], 0.0129888 secs] [Times: user=0.00 sys=0.00, real=0.01 secs] 
73.700: [GC (Allocation Failure) [PSYoungGen: 81550K->5120K(94208K)] 496799K->420369K(1038336K), 0.0008243 secs] [Times: user=0.00 sys=0.00, real=0.00 secs] 
75.122: [GC (Allocation Failure) [PSYoungGen: 79502K->5120K(94208K)] 648352K->589329K(1038336K), 0.0018189 secs] [Times: user=0.00 sys=0.00, real=0.00 secs] 
76.534: [GC (Allocation Failure) [PSYoungGen: 79502K->5120K(94208K)] 817312K->758289K(1038336K), 0.0019800 secs] [Times: user=0.00 sys=0.00, real=0.00 secs] 
78.066: [GC (Allocation Failure) [PSYoungGen: 83599K->5120K(94208K)] 836768K->768529K(1038336K), 0.0015893 secs] [Times: user=0.00 sys=0.00, real=0.00 secs] 
78.610: [GC (Allocation Failure) [PSYoungGen: 88714K->6144K(94208K)] 954523K->923153K(1038336K), 0.0047153 secs] [Times: user=0.00 sys=0.00, real=0.01 secs] 
78.614: [Full GC (Ergonomics) [PSYoungGen: 6144K->0K(94208K)] [ParOldGen: 917009K->57873K(944128K)] 923153K->57873K(1038336K), [Metaspace: 2796K->2796K(1056768K)], 0.0059706 secs] [Times: user=0.02 sys=0.00, real=0.01 secs] 
80.259: [GC (Allocation Failure) [PSYoungGen: 80524K->5120K(94208K)] 291997K->221713K(1038336K), 0.0010128 secs] [Times: user=0.00 sys=0.00, real=0.00 secs] 
82.444: [GC (Allocation Failure) [PSYoungGen: 79501K->6144K(94208K)] 398494K->335377K(1038336K), 0.0018168 secs] [Times: user=0.00 sys=0.00, real=0.00 secs] 
83.099: [GC (Allocation Failure) [PSYoungGen: 85646K->7168K(94208K)] 517279K->443921K(1038336K), 0.0010987 secs] [Times: user=0.00 sys=0.00, real=0.00 secs] 
85.060: [GC (Allocation Failure) [PSYoungGen: 81550K->5120K(94208K)] 671904K->595473K(1038336K), 0.0014258 secs] [Times: user=0.00 sys=0.00, real=0.00 secs] 
86.478: [GC (Allocation Failure) [PSYoungGen: 79502K->5120K(94208K)] 823456K->764433K(1038336K), 0.0018408 secs] [Times: user=0.00 sys=0.00, real=0.00 secs] 
87.895: [Full GC (Ergonomics) [PSYoungGen: 79503K->0K(94208K)] [ParOldGen: 912913K->46609K(944128K)] 992416K->46609K(1038336K), [Metaspace: 2796K->2796K(1056768K)], 0.0052314 secs] [Times: user=0.00 sys=0.00, real=0.00 secs] 
89.530: [GC (Allocation Failure) [PSYoungGen: 83599K->5120K(94208K)] 181408K->113169K(1038336K), 0.0014180 secs] [Times: user=0.00 sys=0.00, real=0.00 secs] 
90.187: [GC (Allocation Failure) [PSYoungGen: 84623K->5120K(94208K)] 295072K->220689K(1038336K), 0.0011867 secs] [Times: user=0.00 sys=0.00, real=0.00 secs] 
91.719: [GC (Allocation Failure) [PSYoungGen: 84623K->6144K(94208K)] 453792K->385553K(1038336K), 0.0017744 secs] [Times: user=0.00 sys=0.00, real=0.00 secs] 
93.792: [GC (Allocation Failure) [PSYoungGen: 80527K->1024K(94208K)] 459937K->400913K(1038336K), 0.0017034 secs] [Times: user=0.00 sys=0.00, real=0.00 secs] 
94.447: [GC (Allocation Failure) [PSYoungGen: 80522K->6144K(94208K)] 582811K->513553K(1038336K), 0.0012159 secs] [Times: user=0.00 sys=0.00, real=0.00 secs] 
96.525: [GC (Allocation Failure) [PSYoungGen: 85644K->5120K(94208K)] 746653K->666129K(1038336K), 0.0014499 secs] [Times: user=0.00 sys=0.00, real=0.00 secs] 
97.071: [GC (Allocation Failure) [PSYoungGen: 88717K->1024K(94208K)] 852126K->784913K(1038336K), 0.0022035 secs] [Times: user=0.00 sys=0.00, real=0.00 secs] 
98.707: [Full GC (Ergonomics) [PSYoungGen: 81550K->0K(94208K)] [ParOldGen: 937489K->82449K(944128K)] 1019039K->82449K(1038336K), [Metaspace: 2796K->2796K(1056768K)], 0.0082181 secs] [Times: user=0.02 sys=0.00, real=0.01 secs] 
100.669: [GC (Allocation Failure) [PSYoungGen: 83598K->5120K(94208K)] 319648K->246289K(1038336K), 0.0010599 secs] [Times: user=0.00 sys=0.00, real=0.00 secs] 
102.093: [GC (Allocation Failure) [PSYoungGen: 79502K->6144K(94208K)] 474272K->411153K(1038336K), 0.0013536 secs] [Times: user=0.00 sys=0.00, real=0.00 secs] 
103.519: [GC (Allocation Failure) [PSYoungGen: 80527K->7168K(94208K)] 639136K->570897K(1038336K), 0.0010974 secs] [Times: user=0.00 sys=0.00, real=0.00 secs] 
105.473: [GC (Allocation Failure) [PSYoungGen: 90767K->5120K(94208K)] 808096K->732689K(1038336K), 0.0015154 secs] [Times: user=0.00 sys=0.00, real=0.00 secs] 
107.224: [GC (Allocation Failure) [PSYoungGen: 86671K->5120K(94208K)] 967841K->917009K(1038336K), 0.0031779 secs] [Times: user=0.00 sys=0.00, real=0.00 secs] 
107.227: [Full GC (Ergonomics) [PSYoungGen: 5120K->0K(94208K)] [ParOldGen: 911889K->46609K(944128K)] 917009K->46609K(1038336K), [Metaspace: 2796K->2796K(1056768K)], 0.0054013 secs] [Times: user=0.00 sys=0.00, real=0.01 secs] 
108.431: [GC (Allocation Failure) [PSYoungGen: 83599K->1024K(94208K)] 232608K->201233K(1038336K), 0.0058101 secs] [Times: user=0.00 sys=0.00, real=0.01 secs] 
110.067: [GC (Allocation Failure) [PSYoungGen: 81551K->5120K(94208K)] 435360K->364049K(1038336K), 0.0011011 secs] [Times: user=0.00 sys=0.00, real=0.00 secs] 
112.032: [GC (Allocation Failure) [PSYoungGen: 83599K->5120K(94208K)] 596128K->522769K(1038336K), 0.0013575 secs] [Times: user=0.00 sys=0.00, real=0.00 secs] 
113.454: [GC (Allocation Failure) [PSYoungGen: 79503K->6144K(94208K)] 750753K->677393K(1038336K), 0.0014609 secs] [Times: user=0.00 sys=0.00, real=0.00 secs] 
114.871: [GC (Allocation Failure) [PSYoungGen: 80527K->6144K(94208K)] 905377K->846353K(1038336K), 0.0020771 secs] [Times: user=0.00 sys=0.00, real=0.00 secs] 
116.509: [GC (Allocation Failure) [PSYoungGen: 79503K->5120K(94208K)] 919713K->855569K(1038336K), 0.0015361 secs] [Times: user=0.00 sys=0.00, real=0.00 secs] 
116.725: [GC (Allocation Failure) [PSYoungGen: 78474K->5120K(94208K)] 928923K->927249K(1038336K), 0.0055801 secs] [Times: user=0.00 sys=0.00, real=0.01 secs] 
116.731: [Full GC (Ergonomics) [PSYoungGen: 5120K->0K(94208K)] [ParOldGen: 922129K->77329K(944128K)] 927249K->77329K(1038336K), [Metaspace: 2796K->2796K(1056768K)], 0.0072563 secs] [Times: user=0.00 sys=0.00, real=0.01 secs] 
118.601: [GC (Allocation Failure) [PSYoungGen: 81534K->5120K(94208K)] 414864K->343569K(1038336K), 0.0009978 secs] [Times: user=0.00 sys=0.00, real=0.00 secs] 
120.129: [GC (Allocation Failure) [PSYoungGen: 84612K->5120K(94208K)] 525462K->445969K(1038336K), 0.0008344 secs] [Times: user=0.00 sys=0.00, real=0.00 secs] 
121.658: [GC (Allocation Failure) [PSYoungGen: 84616K->6144K(94208K)] 679065K->605713K(1038336K), 0.0015546 secs] [Times: user=0.00 sys=0.00, real=0.00 secs] 
123.509: [GC (Allocation Failure) [PSYoungGen: 80522K->0K(94208K)] 833692K->773649K(1038336K), 0.0015716 secs] [Times: user=0.00 sys=0.00, real=0.00 secs] 
124.057: [Full GC (Ergonomics) [PSYoungGen: 83596K->0K(94208K)] [ParOldGen: 876049K->11793K(944128K)] 959645K->11793K(1038336K), [Metaspace: 2796K->2796K(1056768K)], 0.0036175 secs] [Times: user=0.00 sys=0.00, real=0.00 secs] 
125.692: [GC (Allocation Failure) [PSYoungGen: 80525K->5120K(94208K)] 245918K->185873K(1038336K), 0.0016976 secs] [Times: user=0.00 sys=0.00, real=0.00 secs] 
127.434: [GC (Allocation Failure) [PSYoungGen: 88718K->5120K(94208K)] 269471K->190993K(1038336K), 0.0011182 secs] [Times: user=0.00 sys=0.00, real=0.00 secs] 
128.962: [GC (Allocation Failure) [PSYoungGen: 84618K->5120K(94208K)] 424091K->354833K(1038336K), 0.0014056 secs] [Times: user=0.00 sys=0.00, real=0.00 secs] 
131.368: [GC (Allocation Failure) [PSYoungGen: 86668K->6144K(94208K)] 692381K->611857K(1038336K), 0.0012824 secs] [Times: user=0.00 sys=0.00, real=0.00 secs] 
132.895: [GC (Allocation Failure) [PSYoungGen: 85645K->7168K(94208K)] 844958K->771601K(1038336K), 0.0017293 secs] [Times: user=0.00 sys=0.00, real=0.00 secs] 
134.864: [Full GC (Ergonomics) [PSYoungGen: 86670K->0K(94208K)] [ParOldGen: 918033K->11264K(944128K)] 1004703K->11264K(1038336K), [Metaspace: 2796K->2796K(1056768K)], 0.0031682 secs] [Times: user=0.00 sys=0.00, real=0.00 secs] 
135.412: [GC (Allocation Failure) [PSYoungGen: 83598K->1024K(94208K)] 197262K->124928K(1038336K), 0.0013005 secs] [Times: user=0.00 sys=0.00, real=0.00 secs] 
137.050: [GC (Allocation Failure) [PSYoungGen: 81550K->5120K(94208K)] 359055K->308224K(1038336K), 0.0029514 secs] [Times: user=0.00 sys=0.00, real=0.00 secs] 
138.905: [GC (Allocation Failure) [PSYoungGen: 88719K->5120K(94208K)] 443023K->364544K(1038336K), 0.0011891 secs] [Times: user=0.00 sys=0.00, real=0.00 secs] 
140.432: [GC (Allocation Failure) [PSYoungGen: 84623K->5120K(94208K)] 597647K->523264K(1038336K), 0.0015965 secs] [Times: user=0.00 sys=0.00, real=0.00 secs] 
142.727: [GC (Allocation Failure) [PSYoungGen: 86671K->6144K(94208K)] 758415K->677888K(1038336K), 0.0013442 secs] [Times: user=0.00 sys=0.00, real=0.00 secs] 
144.254: [GC (Allocation Failure) [PSYoungGen: 85647K->6144K(94208K)] 910991K->846848K(1038336K), 0.0026846 secs] [Times: user=0.00 sys=0.00, real=0.00 secs] 
145.129: [Full GC (Ergonomics) [PSYoungGen: 69263K->0K(94208K)] [ParOldGen: 891904K->78353K(944128K)] 961167K->78353K(1038336K), [Metaspace: 2796K->2796K(1056768K)], 0.0078148 secs] [Times: user=0.01 sys=0.00, real=0.01 secs] 
147.548: [GC (Allocation Failure) [PSYoungGen: 76431K->5120K(94208K)] 410784K->365073K(1038336K), 0.0024889 secs] [Times: user=0.00 sys=0.00, real=0.00 secs] 
148.965: [GC (Allocation Failure) [PSYoungGen: 79503K->5120K(94208K)] 593057K->528913K(1038336K), 0.0014277 secs] [Times: user=0.00 sys=0.00, real=0.00 secs] 
150.609: [GC (Allocation Failure) [PSYoungGen: 83599K->5120K(94208K)] 760993K->692753K(1038336K), 0.0018137 secs] [Times: user=0.00 sys=0.00, real=0.00 secs] 
151.261: [GC (Allocation Failure) [PSYoungGen: 84623K->6144K(94208K)] 874657K->801297K(1038336K), 0.0014893 secs] [Times: user=0.00 sys=0.00, real=0.00 secs] 
152.244: [GC (Allocation Failure) [PSYoungGen: 74383K->6144K(94208K)] 920737K->852497K(1038336K), 0.0013375 secs] [Times: user=0.00 sys=0.00, real=0.00 secs] 
152.245: [GC (Allocation Failure) [PSYoungGen: 6144K->6144K(94208K)] 852497K->852497K(1038336K), 0.0015240 secs] [Times: user=0.00 sys=0.00, real=0.00 secs] 
152.247: [Full GC (Allocation Failure) [PSYoungGen: 6144K->0K(94208K)] [ParOldGen: 846353K->62993K(944128K)] 852497K->62993K(1038336K), [Metaspace: 2796K->2796K(1056768K)], 0.0066166 secs] [Times: user=0.00 sys=0.00, real=0.01 secs] 
154.661: [GC (Allocation Failure) [PSYoungGen: 75407K->5120K(94208K)] 240800K->175633K(1038336K), 0.0011231 secs] [Times: user=0.02 sys=0.00, real=0.00 secs] 
156.077: [GC (Allocation Failure) [PSYoungGen: 79503K->5120K(94208K)] 403616K->349713K(1038336K), 0.0023057 secs] [Times: user=0.00 sys=0.00, real=0.00 secs] 
158.260: [GC (Allocation Failure) [PSYoungGen: 86671K->1024K(94208K)] 738465K->652817K(1038336K), 0.0013899 secs] [Times: user=0.00 sys=0.00, real=0.00 secs] 
159.787: [GC (Allocation Failure) [PSYoungGen: 80527K->5120K(94208K)] 885921K->815633K(1038336K), 0.0016006 secs] [Times: user=0.00 sys=0.00, real=0.00 secs] 
160.770: [GC (Allocation Failure) [PSYoungGen: 73359K->5120K(94208K)] 935073K->871953K(1038336K), 0.0018237 secs] [Times: user=0.02 sys=0.00, real=0.00 secs] 
160.772: [GC (Allocation Failure) [PSYoungGen: 5120K->5120K(94208K)] 871953K->871953K(1038336K), 0.0011393 secs] [Times: user=0.00 sys=0.00, real=0.00 secs] 
160.773: [Full GC (Allocation Failure) [PSYoungGen: 5120K->0K(94208K)] [ParOldGen: 866833K->215569K(944128K)] 871953K->215569K(1038336K), [Metaspace: 2796K->2796K(1056768K)], 0.0171291 secs] [Times: user=0.02 sys=0.00, real=0.02 secs] 
163.080: [GC (Allocation Failure) [PSYoungGen: 80527K->6144K(94208K)] 552096K->482833K(1038336K), 0.0010899 secs] [Times: user=0.00 sys=0.00, real=0.00 secs] 
164.609: [GC (Allocation Failure) [PSYoungGen: 85647K->6144K(94208K)] 715937K->651793K(1038336K), 0.0020701 secs] [Times: user=0.00 sys=0.00, real=0.00 secs] 
166.250: [GC (Allocation Failure) [PSYoungGen: 79503K->5120K(94208K)] 725153K->661009K(1038336K), 0.0020246 secs] [Times: user=0.00 sys=0.00, real=0.00 secs] 
166.905: [GC (Allocation Failure) [PSYoungGen: 84618K->5120K(94208K)] 842907K->789009K(1038336K), 0.0026421 secs] [Times: user=0.00 sys=0.00, real=0.00 secs] 
168.432: [Full GC (Ergonomics) [PSYoungGen: 84620K->0K(94208K)] [ParOldGen: 937489K->87569K(944128K)] 1022109K->87569K(1038336K), [Metaspace: 2796K->2796K(1056768K)], 0.0081455 secs] [Times: user=0.00 sys=0.00, real=0.01 secs] 
169.959: [GC (Allocation Failure) [PSYoungGen: 79501K->5120K(94208K)] 269470K->195089K(1038336K), 0.0007969 secs] [Times: user=0.00 sys=0.00, real=0.00 secs] 
171.489: [GC (Allocation Failure) [PSYoungGen: 84622K->6144K(94208K)] 428191K->354833K(1038336K), 0.0010119 secs] [Times: user=0.00 sys=0.00, real=0.00 secs] 
173.351: [GC (Allocation Failure) [PSYoungGen: 85646K->0K(94208K)] 587936K->522769K(1038336K), 0.0018064 secs] [Times: user=0.00 sys=0.00, real=0.00 secs] 
174.006: [GC (Allocation Failure) [PSYoungGen: 79502K->5120K(94208K)] 704672K->635409K(1038336K), 0.0013977 secs] [Times: user=0.00 sys=0.00, real=0.00 secs] 
175.525: [GC (Allocation Failure) [PSYoungGen: 84623K->5120K(94208K)] 868512K->809489K(1038336K), 0.0021291 secs] [Times: user=0.00 sys=0.00, real=0.00 secs] 
177.276: [GC (Allocation Failure) [PSYoungGen: 88719K->5120K(94208K)] 893088K->814609K(1038336K), 0.0015265 secs] [Times: user=0.00 sys=0.00, real=0.00 secs] 
177.819: [GC (Allocation Failure) [PSYoungGen: 52874K->0K(94208K)] 913564K->860689K(1038336K), 0.0013767 secs] [Times: user=0.00 sys=0.00, real=0.00 secs] 
177.820: [GC (Allocation Failure) [PSYoungGen: 0K->0K(94208K)] 860689K->860689K(1038336K), 0.0015300 secs] [Times: user=0.00 sys=0.00, real=0.00 secs] 
177.822: [Full GC (Allocation Failure) [PSYoungGen: 0K->0K(94208K)] [ParOldGen: 860689K->56849K(944128K)] 860689K->56849K(1038336K), [Metaspace: 2796K->2796K(1056768K)], 0.0057947 secs] [Times: user=0.00 sys=0.00, real=0.01 secs] 
179.690: [GC (Allocation Failure) [PSYoungGen: 81548K->5120K(94208K)] 394397K->323089K(1038336K), 0.0011853 secs] [Times: user=0.00 sys=0.00, real=0.00 secs] 
181.869: [GC (Allocation Failure) [PSYoungGen: 79501K->6144K(94208K)] 499871K->436753K(1038336K), 0.0015720 secs] [Times: user=0.00 sys=0.00, real=0.00 secs] 
182.523: [GC (Allocation Failure) [PSYoungGen: 85646K->7168K(94208K)] 618655K->545297K(1038336K), 0.0014695 secs] [Times: user=0.00 sys=0.00, real=0.00 secs] 
184.484: [GC (Allocation Failure) [PSYoungGen: 81550K->5120K(94208K)] 773280K->696849K(1038336K), 0.0020337 secs] [Times: user=0.00 sys=0.00, real=0.00 secs] 
185.902: [GC (Allocation Failure) [PSYoungGen: 79502K->5120K(94208K)] 924832K->865809K(1038336K), 0.0018720 secs] [Times: user=0.00 sys=0.00, real=0.00 secs] 
186.339: [Full GC (Ergonomics) [PSYoungGen: 47759K->0K(94208K)] [ParOldGen: 911889K->87569K(944128K)] 959648K->87569K(1038336K), [Metaspace: 2796K->2796K(1056768K)], 0.0078960 secs] [Times: user=0.00 sys=0.00, real=0.01 secs] 
188.425: [GC (Allocation Failure) [PSYoungGen: 79503K->5120K(94208K)] 320672K->246289K(1038336K), 0.0008408 secs] [Times: user=0.00 sys=0.00, real=0.00 secs] 
189.953: [GC (Allocation Failure) [PSYoungGen: 84623K->5120K(94208K)] 479392K->405009K(1038336K), 0.0011804 secs] [Times: user=0.00 sys=0.00, real=0.00 secs] 
191.477: [GC (Allocation Failure) [PSYoungGen: 84623K->6176K(94208K)] 638112K->569905K(1038336K), 0.0015350 secs] [Times: user=0.00 sys=0.00, real=0.00 secs] 
193.768: [GC (Allocation Failure) [PSYoungGen: 87727K->2080K(94208K)] 805057K->729649K(1038336K), 0.0015668 secs] [Times: user=0.00 sys=0.00, real=0.00 secs] 
195.301: [GC (Allocation Failure) [PSYoungGen: 81583K->6240K(94208K)] 962753K->902769K(1038336K), 0.0023296 secs] [Times: user=0.00 sys=0.00, real=0.00 secs] 
196.175: [GC (Allocation Failure) [PSYoungGen: 43759K->32K(94208K)] 940289K->937521K(1038336K), 0.0023831 secs] [Times: user=0.02 sys=0.00, real=0.00 secs] 
196.177: [Full GC (Ergonomics) [PSYoungGen: 32K->0K(94208K)] [ParOldGen: 937489K->21009K(944128K)] 937521K->21009K(1038336K), [Metaspace: 2796K->2796K(1056768K)], 0.0035976 secs] [Times: user=0.00 sys=0.00, real=0.00 secs] 
197.158: [GC (Allocation Failure) [PSYoungGen: 79503K->5120K(94208K)] 202913K->133649K(1038336K), 0.0009611 secs] [Times: user=0.00 sys=0.00, real=0.00 secs] 
198.688: [GC (Allocation Failure) [PSYoungGen: 84623K->5120K(94208K)] 366753K->292369K(1038336K), 0.0010515 secs] [Times: user=0.00 sys=0.00, real=0.00 secs] 
200.326: [GC (Allocation Failure) [PSYoungGen: 83599K->5120K(94208K)] 524449K->456209K(1038336K), 0.0015141 secs] [Times: user=0.00 sys=0.00, real=0.00 secs] 
200.985: [GC (Allocation Failure) [PSYoungGen: 84623K->6144K(94208K)] 638113K->564753K(1038336K), 0.0012631 secs] [Times: user=0.00 sys=0.00, real=0.00 secs] 
202.511: [GC (Allocation Failure) [PSYoungGen: 85647K->7168K(94208K)] 797857K->724497K(1038336K), 0.0014207 secs] [Times: user=0.00 sys=0.00, real=0.00 secs] 
204.591: [GC (Allocation Failure) [PSYoungGen: 90767K->5120K(94208K)] 808097K->742929K(1038336K), 0.0023269 secs] [Times: user=0.00 sys=0.00, real=0.00 secs] 
205.244: [GC (Allocation Failure) [PSYoungGen: 84618K->5120K(94208K)] 924828K->850450K(1038336K), 0.0016270 secs] [Times: user=0.00 sys=0.00, real=0.00 secs] 
206.228: [Full GC (Ergonomics) [PSYoungGen: 73356K->0K(94208K)] [ParOldGen: 896530K->92689K(944128K)] 969886K->92689K(1038336K), [Metaspace: 2796K->2796K(1056768K)], 0.0085923 secs] [Times: user=0.00 sys=0.00, real=0.01 secs] 
208.751: [GC (Allocation Failure) [PSYoungGen: 81549K->5120K(94208K)] 430239K->364049K(1038336K), 0.0015003 secs] [Times: user=0.00 sys=0.00, real=0.00 secs] 
209.298: [GC (Allocation Failure) [PSYoungGen: 88718K->6144K(94208K)] 550048K->467473K(1038336K), 0.0009356 secs] [Times: user=0.00 sys=0.00, real=0.00 secs] 
211.371: [GC (Allocation Failure) [PSYoungGen: 85646K->5120K(94208K)] 700576K->620049K(1038336K), 0.0013454 secs] [Times: user=0.00 sys=0.00, real=0.00 secs] 
212.905: [GC (Allocation Failure) [PSYoungGen: 84623K->6144K(94208K)] 853152K->779793K(1038336K), 0.0017235 secs] [Times: user=0.00 sys=0.00, real=0.00 secs] 
214.324: [Full GC (Ergonomics) [PSYoungGen: 80527K->0K(94208K)] [ParOldGen: 927249K->27153K(944128K)] 1007777K->27153K(1038336K), [Metaspace: 2796K->2796K(1056768K)], 0.0045296 secs] [Times: user=0.00 sys=0.00, real=0.00 secs] 
215.962: [GC (Allocation Failure) [PSYoungGen: 73359K->5120K(94208K)] 100513K->42513K(1038336K), 0.0013034 secs] [Times: user=0.00 sys=0.00, real=0.00 secs] 
216.618: [GC (Allocation Failure) [PSYoungGen: 84618K->5120K(94208K)] 224411K->170513K(1038336K), 0.0025864 secs] [Times: user=0.00 sys=0.00, real=0.00 secs] 
218.145: [GC (Allocation Failure) [PSYoungGen: 84620K->5120K(94208K)] 403613K->329233K(1038336K), 0.0009535 secs] [Times: user=0.00 sys=0.00, real=0.00 secs] 
Heap
 PSYoungGen      total 94208K, used 18716K [0x00000000f9a00000, 0x0000000100000000, 0x0000000100000000)
  eden space 83968K, 16% used [0x00000000f9a00000,0x00000000fa747368,0x00000000fec00000)
  from space 10240K, 50% used [0x00000000ff600000,0x00000000ffb00010,0x0000000100000000)
  to   space 10240K, 0% used [0x00000000fec00000,0x00000000fec00000,0x00000000ff600000)
 ParOldGen       total 944128K, used 324113K [0x00000000c0000000, 0x00000000f9a00000, 0x00000000f9a00000)
  object space 944128K, 34% used [0x00000000c0000000,0x00000000d3c847a0,0x00000000f9a00000)
 Metaspace       used 2804K, capacity 4486K, committed 4864K, reserved 1056768K
  class space    used 297K, capacity 386K, committed 512K, reserved 1048576K
