Java HotSpot(TM) 64-Bit Server VM (25.411-b09) for windows-amd64 JRE (1.8.0_411-b09), built on Mar 13 2024 07:26:13 by "java_re" with MS VC++ 17.1 (VS2022)
Memory: 4k page, physical 33403376k(14325820k free), swap 37153868k(7526896k free)
CommandLine flags: -XX:InitialHeapSize=536870912 -XX:MaxHeapSize=536870912 -XX:NewRatio=7 -XX:ParallelGCThreads=6 -XX:+PrintGC -XX:+PrintGCDetails -XX:+PrintGCTimeStamps -XX:SurvivorRatio=4 -XX:-UseAdaptiveSizePolicy -XX:+UseCompressedClassPointers -XX:+UseCompressedOops -XX:-UseLargePagesIndividualAllocation -XX:+UseParallelGC 
0.934: [GC (Allocation Failure) [PSYoungGen: 34529K->10728K(54784K)] 34529K->10856K(513536K), 0.0025686 secs] [Times: user=0.00 sys=0.00, real=0.00 secs] 
1.742: [GC (Allocation Failure) [PSYoungGen: 54594K->7688K(54784K)] 208322K->161416K(513536K), 0.0022434 secs] [Times: user=0.00 sys=0.00, real=0.00 secs] 
2.510: [GC (Allocation Failure) [PSYoungGen: 49514K->10744K(54784K)] 203242K->175736K(513536K), 0.0026143 secs] [Times: user=0.00 sys=0.00, real=0.00 secs] 
3.435: [GC (Allocation Failure) [PSYoungGen: 54617K->6664K(54784K)] 373209K->325256K(513536K), 0.0013085 secs] [Times: user=0.00 sys=0.00, real=0.00 secs] 
4.862: [GC (Allocation Failure) [PSYoungGen: 49518K->10728K(54784K)] 368110K->329344K(513536K), 0.0014466 secs] [Times: user=0.00 sys=0.00, real=0.00 secs] 
5.520: [GC (Allocation Failure) [PSYoungGen: 52555K->10744K(54784K)] 371172K->344720K(513536K), 0.0044387 secs] [Times: user=0.00 sys=0.00, real=0.00 secs] 
5.754: [GC (Allocation Failure) [PSYoungGen: 32090K->10744K(54784K)] 417266K->395920K(513536K), 0.0015828 secs] [Times: user=0.00 sys=0.00, real=0.00 secs] 
5.755: [GC (Allocation Failure) [PSYoungGen: 10744K->10696K(54784K)] 395920K->395872K(513536K), 0.0013701 secs] [Times: user=0.00 sys=0.00, real=0.00 secs] 
5.757: [Full GC (Allocation Failure) [PSYoungGen: 10696K->0K(54784K)] [ParOldGen: 385176K->67088K(458752K)] 395872K->67088K(513536K), [Metaspace: 2753K->2753K(1056768K)], 0.0094660 secs] [Times: user=0.00 sys=0.00, real=0.01 secs] 
6.859: [GC (Allocation Failure) [PSYoungGen: 43874K->5120K(54784K)] 213362K->184848K(513536K), 0.0014695 secs] [Times: user=0.00 sys=0.00, real=0.00 secs] 
7.623: [GC (Allocation Failure) [PSYoungGen: 44319K->10272K(54784K)] 377648K->364088K(513536K), 0.0026370 secs] [Times: user=0.00 sys=0.00, real=0.00 secs] 
8.599: [GC (Allocation Failure) [PSYoungGen: 41866K->32K(54784K)] 446883K->405048K(513536K), 0.0009740 secs] [Times: user=0.00 sys=0.00, real=0.00 secs] 
8.600: [GC (Allocation Failure) [PSYoungGen: 32K->32K(54784K)] 405048K->405048K(513536K), 0.0007941 secs] [Times: user=0.02 sys=0.00, real=0.00 secs] 
8.601: [Full GC (Allocation Failure) [PSYoungGen: 32K->0K(54784K)] [ParOldGen: 405016K->51728K(458752K)] 405048K->51728K(513536K), [Metaspace: 2759K->2759K(1056768K)], 0.0054381 secs] [Times: user=0.00 sys=0.00, real=0.01 secs] 
9.705: [GC (Allocation Failure) [PSYoungGen: 43884K->10240K(54784K)] 198013K->169488K(513536K), 0.0013772 secs] [Times: user=0.00 sys=0.00, real=0.00 secs] 
10.578: [GC (Allocation Failure) [PSYoungGen: 54126K->5120K(54784K)] 366975K->317968K(513536K), 0.0009287 secs] [Times: user=0.00 sys=0.00, real=0.00 secs] 
11.233: [GC (Allocation Failure) [PSYoungGen: 46959K->10240K(54784K)] 359808K->328208K(513536K), 0.0013968 secs] [Times: user=0.00 sys=0.00, real=0.00 secs] 
11.452: [GC (Allocation Failure) [PSYoungGen: 31593K->0K(54784K)] 400762K->369168K(513536K), 0.0007888 secs] [Times: user=0.00 sys=0.00, real=0.00 secs] 
11.452: [GC (Allocation Failure) [PSYoungGen: 0K->0K(54784K)] 369168K->369168K(513536K), 0.0007070 secs] [Times: user=0.00 sys=0.00, real=0.00 secs] 
11.453: [Full GC (Allocation Failure) [PSYoungGen: 0K->0K(54784K)] [ParOldGen: 369168K->215568K(458752K)] 369168K->215568K(513536K), [Metaspace: 2761K->2761K(1056768K)], 0.0119690 secs] [Times: user=0.00 sys=0.00, real=0.01 secs] 
12.669: [GC (Allocation Failure) [PSYoungGen: 32903K->10272K(54784K)] 350872K->333368K(513536K), 0.0017314 secs] [Times: user=0.00 sys=0.00, real=0.00 secs] 
12.887: [GC (Allocation Failure) [PSYoungGen: 31627K->96K(54784K)] 405924K->374392K(513536K), 0.0012126 secs] [Times: user=0.00 sys=0.00, real=0.00 secs] 
12.888: [GC (Allocation Failure) [PSYoungGen: 96K->96K(54784K)] 374392K->374392K(513536K), 0.0007955 secs] [Times: user=0.00 sys=0.00, real=0.00 secs] 
12.889: [Full GC (Allocation Failure) [PSYoungGen: 96K->0K(54784K)] [ParOldGen: 374296K->56849K(458752K)] 374392K->56849K(513536K), [Metaspace: 2763K->2763K(1056768K)], 0.0054819 secs] [Times: user=0.00 sys=0.00, real=0.01 secs] 
13.995: [GC (Allocation Failure) [PSYoungGen: 43883K->10240K(54784K)] 203133K->180753K(513536K), 0.0015420 secs] [Times: user=0.00 sys=0.00, real=0.00 secs] 
14.870: [GC (Allocation Failure) [PSYoungGen: 54125K->10240K(54784K)] 378238K->334353K(513536K), 0.0010905 secs] [Times: user=0.00 sys=0.00, real=0.00 secs] 
16.071: [GC (Allocation Failure) [PSYoungGen: 52078K->10240K(54784K)] 376191K->334353K(513536K), 0.0012401 secs] [Times: user=0.00 sys=0.00, real=0.00 secs] 
16.837: [GC (Allocation Failure) [PSYoungGen: 52073K->5120K(54784K)] 376186K->339473K(513536K), 0.0014699 secs] [Times: user=0.00 sys=0.00, real=0.00 secs] 
17.165: [GC (Allocation Failure) [PSYoungGen: 36709K->5120K(54784K)] 422262K->411153K(513536K), 0.0026388 secs] [Times: user=0.00 sys=0.00, real=0.00 secs] 
17.167: [GC (Allocation Failure) [PSYoungGen: 5120K->5120K(54784K)] 411153K->411153K(513536K), 0.0007881 secs] [Times: user=0.00 sys=0.00, real=0.00 secs] 
17.168: [Full GC (Allocation Failure) [PSYoungGen: 5120K->0K(54784K)] [ParOldGen: 406033K->77329K(458752K)] 411153K->77329K(513536K), [Metaspace: 2768K->2768K(1056768K)], 0.0064157 secs] [Times: user=0.00 sys=0.00, real=0.01 secs] 
18.272: [GC (Allocation Failure) [PSYoungGen: 43881K->5120K(54784K)] 223610K->195089K(513536K), 0.0014923 secs] [Times: user=0.00 sys=0.00, real=0.00 secs] 
19.148: [GC (Allocation Failure) [PSYoungGen: 49003K->10240K(54784K)] 392573K->353809K(513536K), 0.0010325 secs] [Times: user=0.00 sys=0.00, real=0.00 secs] 
20.018: [GC (Allocation Failure) [PSYoungGen: 21357K->0K(54784K)] 416126K->394769K(513536K), 0.0008480 secs] [Times: user=0.00 sys=0.00, real=0.00 secs] 
20.019: [GC (Allocation Failure) [PSYoungGen: 0K->0K(54784K)] 394769K->394769K(513536K), 0.0007080 secs] [Times: user=0.00 sys=0.00, real=0.00 secs] 
20.020: [Full GC (Allocation Failure) [PSYoungGen: 0K->0K(54784K)] [ParOldGen: 394769K->51729K(458752K)] 394769K->51729K(513536K), [Metaspace: 2770K->2770K(1056768K)], 0.0049609 secs] [Times: user=0.02 sys=0.00, real=0.00 secs] 
21.112: [GC (Allocation Failure) [PSYoungGen: 43885K->10240K(54784K)] 198014K->169489K(513536K), 0.0015396 secs] [Times: user=0.00 sys=0.00, real=0.00 secs] 
21.983: [GC (Allocation Failure) [PSYoungGen: 54126K->6144K(54784K)] 366975K->318993K(513536K), 0.0009287 secs] [Times: user=0.00 sys=0.00, real=0.00 secs] 
22.640: [GC (Allocation Failure) [PSYoungGen: 47983K->10240K(54784K)] 360832K->329233K(513536K), 0.0015822 secs] [Times: user=0.00 sys=0.00, real=0.00 secs] 
22.857: [GC (Allocation Failure) [PSYoungGen: 31593K->0K(54784K)] 401786K->370193K(513536K), 0.0010643 secs] [Times: user=0.00 sys=0.00, real=0.00 secs] 
22.858: [GC (Allocation Failure) [PSYoungGen: 0K->0K(54784K)] 370193K->370193K(513536K), 0.0007260 secs] [Times: user=0.00 sys=0.00, real=0.00 secs] 
22.859: [Full GC (Allocation Failure) [PSYoungGen: 0K->0K(54784K)] [ParOldGen: 370193K->165393K(458752K)] 370193K->165393K(513536K), [Metaspace: 2779K->2779K(1056768K)], 0.0119285 secs] [Times: user=0.00 sys=0.00, real=0.01 secs] 
24.073: [GC (Allocation Failure) [PSYoungGen: 28521K->10240K(54784K)] 296314K->288273K(513536K), 0.0019404 secs] [Times: user=0.00 sys=0.00, real=0.00 secs] 
25.070: [Full GC (Ergonomics) [PSYoungGen: 54124K->0K(54784K)] [ParOldGen: 431633K->21009K(458752K)] 485757K->21009K(513536K), [Metaspace: 2779K->2779K(1056768K)], 0.0037358 secs] [Times: user=0.00 sys=0.00, real=0.00 secs] 
25.507: [GC (Allocation Failure) [PSYoungGen: 31597K->10240K(54784K)] 52606K->41489K(513536K), 0.0015283 secs] [Times: user=0.00 sys=0.00, real=0.00 secs] 
26.491: [GC (Allocation Failure) [PSYoungGen: 54118K->10240K(54784K)] 238967K->205329K(513536K), 0.0020219 secs] [Times: user=0.00 sys=0.00, real=0.00 secs] 
26.927: [GC (Allocation Failure) [PSYoungGen: 41833K->5120K(54784K)] 236923K->210449K(513536K), 0.0016727 secs] [Times: user=0.00 sys=0.00, real=0.00 secs] 
28.017: [GC (Allocation Failure) [PSYoungGen: 46947K->10240K(54784K)] 252277K->215569K(513536K), 0.0011987 secs] [Times: user=0.00 sys=0.00, real=0.00 secs] 
28.342: [GC (Allocation Failure) [PSYoungGen: 36892K->10272K(54784K)] 242221K->220729K(513536K), 0.0018061 secs] [Times: user=0.00 sys=0.00, real=0.00 secs] 
29.324: [GC (Allocation Failure) [PSYoungGen: 54139K->10304K(54784K)] 418196K->374361K(513536K), 0.0009326 secs] [Times: user=0.00 sys=0.00, real=0.00 secs] 
29.762: [GC (Allocation Failure) [PSYoungGen: 41890K->5152K(54784K)] 405947K->379449K(513536K), 0.0015597 secs] [Times: user=0.00 sys=0.00, real=0.00 secs] 
29.979: [GC (Allocation Failure) [PSYoungGen: 26495K->5184K(54784K)] 451992K->430681K(513536K), 0.0009056 secs] [Times: user=0.00 sys=0.00, real=0.00 secs] 
29.980: [Full GC (Ergonomics) [PSYoungGen: 5184K->0K(54784K)] [ParOldGen: 425497K->113169K(458752K)] 430681K->113169K(513536K), [Metaspace: 2793K->2793K(1056768K)], 0.0084130 secs] [Times: user=0.00 sys=0.00, real=0.01 secs] 
31.960: [GC (Allocation Failure) [PSYoungGen: 40799K->6144K(54784K)] 358768K->324113K(513536K), 0.0009251 secs] [Times: user=0.00 sys=0.00, real=0.00 secs] 
32.618: [GC (Allocation Failure) [PSYoungGen: 47973K->6144K(54784K)] 365942K->334353K(513536K), 0.0014999 secs] [Times: user=0.00 sys=0.00, real=0.00 secs] 
32.836: [GC (Allocation Failure) [PSYoungGen: 27490K->6144K(54784K)] 406900K->385553K(513536K), 0.0008303 secs] [Times: user=0.00 sys=0.00, real=0.00 secs] 
32.837: [GC (Allocation Failure) [PSYoungGen: 6144K->6144K(54784K)] 385553K->385553K(513536K), 0.0007218 secs] [Times: user=0.00 sys=0.00, real=0.00 secs] 
32.838: [Full GC (Allocation Failure) [PSYoungGen: 6144K->0K(54784K)] [ParOldGen: 379409K->57873K(458752K)] 385553K->57873K(513536K), [Metaspace: 2793K->2793K(1056768K)], 0.0049145 secs] [Times: user=0.00 sys=0.00, real=0.00 secs] 
33.943: [GC (Allocation Failure) [PSYoungGen: 43874K->10240K(54784K)] 204148K->181777K(513536K), 0.0014165 secs] [Times: user=0.02 sys=0.00, real=0.00 secs] 
35.260: [GC (Allocation Failure) [PSYoungGen: 48999K->5120K(54784K)] 374137K->330257K(513536K), 0.0008374 secs] [Times: user=0.00 sys=0.00, real=0.00 secs] 
35.695: [GC (Allocation Failure) [PSYoungGen: 46954K->10240K(54784K)] 423292K->386577K(513536K), 0.0012115 secs] [Times: user=0.00 sys=0.00, real=0.00 secs] 
35.696: [GC (Allocation Failure) [PSYoungGen: 10240K->10240K(54784K)] 386577K->386577K(513536K), 0.0012185 secs] [Times: user=0.00 sys=0.00, real=0.00 secs] 
35.698: [Full GC (Allocation Failure) [PSYoungGen: 10240K->0K(54784K)] [ParOldGen: 376337K->61969K(458752K)] 386577K->61969K(513536K), [Metaspace: 2793K->2793K(1056768K)], 0.0053389 secs] [Times: user=0.00 sys=0.00, real=0.01 secs] 
36.801: [GC (Allocation Failure) [PSYoungGen: 43884K->10240K(54784K)] 208254K->179729K(513536K), 0.0012850 secs] [Times: user=0.00 sys=0.00, real=0.00 secs] 
37.675: [GC (Allocation Failure) [PSYoungGen: 54126K->5120K(54784K)] 377215K->348689K(513536K), 0.0021267 secs] [Times: user=0.00 sys=0.00, real=0.00 secs] 
38.331: [GC (Allocation Failure) [PSYoungGen: 46959K->10240K(54784K)] 390528K->358929K(513536K), 0.0013093 secs] [Times: user=0.00 sys=0.00, real=0.00 secs] 
39.531: [GC (Allocation Failure) [PSYoungGen: 52073K->10240K(54784K)] 451962K->410129K(513536K), 0.0011490 secs] [Times: user=0.00 sys=0.00, real=0.00 secs] 
39.965: [Full GC (Ergonomics) [PSYoungGen: 52075K->0K(54784K)] [ParOldGen: 451089K->56849K(458752K)] 503165K->56849K(513536K), [Metaspace: 2793K->2793K(1056768K)], 0.0055286 secs] [Times: user=0.00 sys=0.00, real=0.00 secs] 
41.072: [GC (Allocation Failure) [PSYoungGen: 43885K->10240K(54784K)] 203134K->174609K(513536K), 0.0013629 secs] [Times: user=0.00 sys=0.00, real=0.00 secs] 
41.949: [GC (Allocation Failure) [PSYoungGen: 54126K->6144K(54784K)] 372096K->324113K(513536K), 0.0009322 secs] [Times: user=0.00 sys=0.00, real=0.00 secs] 
43.586: [GC (Allocation Failure) [PSYoungGen: 50031K->6144K(54784K)] 368000K->324113K(513536K), 0.0009667 secs] [Times: user=0.00 sys=0.00, real=0.00 secs] 
44.023: [GC (Allocation Failure) [PSYoungGen: 37737K->10240K(54784K)] 355707K->339473K(513536K), 0.0016470 secs] [Times: user=0.00 sys=0.00, real=0.00 secs] 
44.242: [GC (Allocation Failure) [PSYoungGen: 31587K->0K(54784K)] 412021K->380433K(513536K), 0.0008480 secs] [Times: user=0.00 sys=0.00, real=0.00 secs] 
44.243: [GC (Allocation Failure) [PSYoungGen: 0K->0K(54784K)] 380433K->380433K(513536K), 0.0005805 secs] [Times: user=0.00 sys=0.00, real=0.00 secs] 
44.244: [Full GC (Allocation Failure) [PSYoungGen: 0K->0K(54784K)] [ParOldGen: 380433K->62993K(458752K)] 380433K->62993K(513536K), [Metaspace: 2795K->2795K(1056768K)], 0.0057434 secs] [Times: user=0.00 sys=0.00, real=0.00 secs] 
45.350: [GC (Allocation Failure) [PSYoungGen: 43875K->10240K(54784K)] 209269K->180753K(513536K), 0.0014883 secs] [Times: user=0.00 sys=0.00, real=0.00 secs] 
46.768: [GC (Allocation Failure) [PSYoungGen: 54120K->5120K(54784K)] 378233K->329233K(513536K), 0.0007600 secs] [Times: user=0.00 sys=0.00, real=0.00 secs] 
47.094: [GC (Allocation Failure) [PSYoungGen: 36715K->0K(54784K)] 412028K->395793K(513536K), 0.0020851 secs] [Times: user=0.00 sys=0.00, real=0.00 secs] 
47.096: [GC (Allocation Failure) [PSYoungGen: 0K->0K(54784K)] 395793K->395793K(513536K), 0.0008106 secs] [Times: user=0.00 sys=0.00, real=0.00 secs] 
47.097: [Full GC (Allocation Failure) [PSYoungGen: 0K->0K(54784K)] [ParOldGen: 395793K->72209K(458752K)] 395793K->72209K(513536K), [Metaspace: 2795K->2795K(1056768K)], 0.0062651 secs] [Times: user=0.00 sys=0.00, real=0.01 secs] 
48.203: [GC (Allocation Failure) [PSYoungGen: 43885K->5120K(54784K)] 218494K->189969K(513536K), 0.0014084 secs] [Times: user=0.00 sys=0.00, real=0.00 secs] 
49.075: [GC (Allocation Failure) [PSYoungGen: 49006K->10240K(54784K)] 387455K->348689K(513536K), 0.0011631 secs] [Times: user=0.00 sys=0.00, real=0.00 secs] 
49.730: [GC (Allocation Failure) [PSYoungGen: 52079K->10240K(54784K)] 390528K->358929K(513536K), 0.0018914 secs] [Times: user=0.00 sys=0.00, real=0.00 secs] 
49.948: [GC (Allocation Failure) [PSYoungGen: 31593K->10240K(54784K)] 431482K->410129K(513536K), 0.0011071 secs] [Times: user=0.00 sys=0.00, real=0.00 secs] 
49.949: [GC (Allocation Failure) [PSYoungGen: 10240K->10240K(54784K)] 410129K->410129K(513536K), 0.0009645 secs] [Times: user=0.00 sys=0.00, real=0.00 secs] 
49.950: [Full GC (Allocation Failure) [PSYoungGen: 10240K->0K(54784K)] [ParOldGen: 399889K->133649K(458752K)] 410129K->133649K(513536K), [Metaspace: 2795K->2795K(1056768K)], 0.0102077 secs] [Times: user=0.00 sys=0.00, real=0.01 secs] 
51.164: [GC (Allocation Failure) [PSYoungGen: 36713K->10240K(54784K)] 272762K->251409K(513536K), 0.0014133 secs] [Times: user=0.00 sys=0.00, real=0.00 secs] 
52.148: [GC (Allocation Failure) [PSYoungGen: 54123K->6144K(54784K)] 448893K->400913K(513536K), 0.0009431 secs] [Times: user=0.00 sys=0.00, real=0.00 secs] 
52.583: [GC (Allocation Failure) [PSYoungGen: 37741K->6144K(54784K)] 432511K->411153K(513536K), 0.0015935 secs] [Times: user=0.00 sys=0.00, real=0.00 secs] 
52.803: [Full GC (Ergonomics) [PSYoungGen: 27494K->0K(54784K)] [ParOldGen: 456209K->62993K(458752K)] 483703K->62993K(513536K), [Metaspace: 2795K->2795K(1056768K)], 0.0060766 secs] [Times: user=0.00 sys=0.00, real=0.00 secs] 
54.457: [GC (Allocation Failure) [PSYoungGen: 43878K->10240K(54784K)] 209271K->175633K(513536K), 0.0012252 secs] [Times: user=0.00 sys=0.00, real=0.00 secs] 
55.335: [GC (Allocation Failure) [PSYoungGen: 53097K->10240K(54784K)] 218491K->180753K(513536K), 0.0013286 secs] [Times: user=0.00 sys=0.00, real=0.00 secs] 
56.204: [GC (Allocation Failure) [PSYoungGen: 54118K->10240K(54784K)] 378231K->344593K(513536K), 0.0018977 secs] [Times: user=0.00 sys=0.00, real=0.00 secs] 
56.857: [GC (Allocation Failure) [PSYoungGen: 52073K->10240K(54784K)] 386427K->349713K(513536K), 0.0015268 secs] [Times: user=0.00 sys=0.00, real=0.00 secs] 
57.076: [GC (Allocation Failure) [PSYoungGen: 31589K->0K(54784K)] 422263K->411153K(513536K), 0.0019539 secs] [Times: user=0.00 sys=0.00, real=0.00 secs] 
57.077: [GC (Allocation Failure) [PSYoungGen: 0K->0K(54784K)] 411153K->411153K(513536K), 0.0007027 secs] [Times: user=0.00 sys=0.00, real=0.00 secs] 
57.078: [Full GC (Allocation Failure) [PSYoungGen: 0K->0K(54784K)] [ParOldGen: 411153K->92689K(458752K)] 411153K->92689K(513536K), [Metaspace: 2796K->2796K(1056768K)], 0.0072342 secs] [Times: user=0.00 sys=0.00, real=0.01 secs] 
58.838: [GC (Allocation Failure) [PSYoungGen: 40805K->1024K(54784K)] 389495K->349713K(513536K), 0.0007503 secs] [Times: user=0.00 sys=0.00, real=0.00 secs] 
59.601: [GC (Allocation Failure) [PSYoungGen: 42857K->10240K(54784K)] 391547K->364049K(513536K), 0.0014477 secs] [Times: user=0.00 sys=0.00, real=0.00 secs] 
59.930: [GC (Allocation Failure) [PSYoungGen: 41829K->0K(54784K)] 446839K->405009K(513536K), 0.0012739 secs] [Times: user=0.00 sys=0.00, real=0.00 secs] 
59.931: [GC (Allocation Failure) [PSYoungGen: 0K->0K(54784K)] 405009K->405009K(513536K), 0.0007211 secs] [Times: user=0.00 sys=0.00, real=0.00 secs] 
59.932: [Full GC (Allocation Failure) [PSYoungGen: 0K->0K(54784K)] [ParOldGen: 405009K->108049K(458752K)] 405009K->108049K(513536K), [Metaspace: 2796K->2796K(1056768K)], 0.0084415 secs] [Times: user=0.00 sys=0.00, real=0.01 secs] 
61.033: [GC (Allocation Failure) [PSYoungGen: 43881K->10240K(54784K)] 254331K->225809K(513536K), 0.0014704 secs] [Times: user=0.00 sys=0.00, real=0.00 secs] 
62.342: [GC (Allocation Failure) [PSYoungGen: 53100K->10240K(54784K)] 422269K->379409K(513536K), 0.0009829 secs] [Times: user=0.00 sys=0.00, real=0.00 secs] 
62.777: [GC (Allocation Failure) [PSYoungGen: 52077K->5120K(54784K)] 472447K->425489K(513536K), 0.0008856 secs] [Times: user=0.00 sys=0.00, real=0.00 secs] 
62.778: [GC (Allocation Failure) [PSYoungGen: 5120K->5120K(54784K)] 425489K->425489K(513536K), 0.0011330 secs] [Times: user=0.00 sys=0.00, real=0.00 secs] 
62.779: [Full GC (Allocation Failure) [PSYoungGen: 5120K->0K(54784K)] [ParOldGen: 420369K->56849K(458752K)] 425489K->56849K(513536K), [Metaspace: 2796K->2796K(1056768K)], 0.0053815 secs] [Times: user=0.00 sys=0.00, real=0.01 secs] 
63.883: [GC (Allocation Failure) [PSYoungGen: 43886K->10240K(54784K)] 203136K->180753K(513536K), 0.0016239 secs] [Times: user=0.00 sys=0.00, real=0.00 secs] 
64.756: [GC (Allocation Failure) [PSYoungGen: 54127K->10240K(54784K)] 378240K->334353K(513536K), 0.0009808 secs] [Times: user=0.00 sys=0.00, real=0.00 secs] 
65.955: [GC (Allocation Failure) [PSYoungGen: 52079K->10240K(54784K)] 376193K->334353K(513536K), 0.0012415 secs] [Times: user=0.00 sys=0.00, real=0.00 secs] 
66.717: [GC (Allocation Failure) [PSYoungGen: 52073K->5120K(54784K)] 376187K->339473K(513536K), 0.0014721 secs] [Times: user=0.00 sys=0.00, real=0.00 secs] 
67.044: [GC (Allocation Failure) [PSYoungGen: 36709K->5120K(54784K)] 422263K->411153K(513536K), 0.0021651 secs] [Times: user=0.00 sys=0.00, real=0.00 secs] 
67.046: [GC (Allocation Failure) [PSYoungGen: 5120K->5120K(54784K)] 411153K->411153K(513536K), 0.0008327 secs] [Times: user=0.00 sys=0.00, real=0.00 secs] 
67.047: [Full GC (Allocation Failure) [PSYoungGen: 5120K->0K(54784K)] [ParOldGen: 406033K->77329K(458752K)] 411153K->77329K(513536K), [Metaspace: 2796K->2796K(1056768K)], 0.0065707 secs] [Times: user=0.00 sys=0.00, real=0.01 secs] 
68.151: [GC (Allocation Failure) [PSYoungGen: 43881K->10240K(54784K)] 223611K->195089K(513536K), 0.0015559 secs] [Times: user=0.00 sys=0.00, real=0.00 secs] 
69.024: [GC (Allocation Failure) [PSYoungGen: 54124K->5120K(54784K)] 392573K->343569K(513536K), 0.0006964 secs] [Times: user=0.00 sys=0.00, real=0.00 secs] 
69.895: [GC (Allocation Failure) [PSYoungGen: 16237K->0K(54784K)] 405887K->389649K(513536K), 0.0009524 secs] [Times: user=0.00 sys=0.00, real=0.00 secs] 
69.896: [GC (Allocation Failure) [PSYoungGen: 0K->0K(54784K)] 389649K->389649K(513536K), 0.0009990 secs] [Times: user=0.00 sys=0.00, real=0.00 secs] 
69.897: [Full GC (Allocation Failure) [PSYoungGen: 0K->0K(54784K)] [ParOldGen: 389649K->51729K(458752K)] 389649K->51729K(513536K), [Metaspace: 2796K->2796K(1056768K)], 0.0051969 secs] [Times: user=0.00 sys=0.00, real=0.01 secs] 
71.004: [GC (Allocation Failure) [PSYoungGen: 43885K->5120K(54784K)] 198015K->169489K(513536K), 0.0014116 secs] [Times: user=0.00 sys=0.00, real=0.00 secs] 
71.879: [GC (Allocation Failure) [PSYoungGen: 49006K->6144K(54784K)] 366976K->329233K(513536K), 0.0011710 secs] [Times: user=0.00 sys=0.00, real=0.00 secs] 
72.533: [GC (Allocation Failure) [PSYoungGen: 47983K->10240K(54784K)] 371072K->344593K(513536K), 0.0019014 secs] [Times: user=0.00 sys=0.00, real=0.00 secs] 
72.752: [GC (Allocation Failure) [PSYoungGen: 31593K->0K(54784K)] 417146K->385553K(513536K), 0.0009742 secs] [Times: user=0.00 sys=0.00, real=0.00 secs] 
72.753: [GC (Allocation Failure) [PSYoungGen: 0K->0K(54784K)] 385553K->385553K(513536K), 0.0009625 secs] [Times: user=0.00 sys=0.00, real=0.00 secs] 
72.754: [Full GC (Allocation Failure) [PSYoungGen: 0K->0K(54784K)] [ParOldGen: 385553K->165393K(458752K)] 385553K->165393K(513536K), [Metaspace: 2796K->2796K(1056768K)], 0.0118690 secs] [Times: user=0.00 sys=0.00, real=0.01 secs] 
73.969: [GC (Allocation Failure) [PSYoungGen: 28521K->10240K(54784K)] 296314K->288273K(513536K), 0.0017276 secs] [Times: user=0.00 sys=0.00, real=0.00 secs] 
74.949: [Full GC (Ergonomics) [PSYoungGen: 54124K->0K(54784K)] [ParOldGen: 431633K->21504K(458752K)] 485757K->21504K(513536K), [Metaspace: 2796K->2796K(1056768K)], 0.0032191 secs] [Times: user=0.00 sys=0.00, real=0.00 secs] 
75.384: [GC (Allocation Failure) [PSYoungGen: 31597K->10240K(54784K)] 53101K->41984K(513536K), 0.0012989 secs] [Times: user=0.00 sys=0.00, real=0.00 secs] 
76.367: [GC (Allocation Failure) [PSYoungGen: 54118K->10240K(54784K)] 239462K->195584K(513536K), 0.0012197 secs] [Times: user=0.00 sys=0.00, real=0.00 secs] 
76.803: [GC (Allocation Failure) [PSYoungGen: 41833K->10240K(54784K)] 227177K->200704K(513536K), 0.0013564 secs] [Times: user=0.00 sys=0.00, real=0.00 secs] 
77.895: [GC (Allocation Failure) [PSYoungGen: 52067K->10240K(54784K)] 242531K->200704K(513536K), 0.0011677 secs] [Times: user=0.00 sys=0.00, real=0.00 secs] 
78.223: [GC (Allocation Failure) [PSYoungGen: 36705K->5120K(54784K)] 227170K->205824K(513536K), 0.0015493 secs] [Times: user=0.00 sys=0.00, real=0.00 secs] 
79.209: [GC (Allocation Failure) [PSYoungGen: 48989K->10240K(54784K)] 403293K->369664K(513536K), 0.0013838 secs] [Times: user=0.02 sys=0.00, real=0.00 secs] 
79.644: [GC (Allocation Failure) [PSYoungGen: 41827K->5120K(54784K)] 401252K->374784K(513536K), 0.0015963 secs] [Times: user=0.00 sys=0.00, real=0.00 secs] 
79.861: [GC (Allocation Failure) [PSYoungGen: 26463K->5120K(54784K)] 447328K->425984K(513536K), 0.0012185 secs] [Times: user=0.00 sys=0.00, real=0.00 secs] 
79.863: [GC (Allocation Failure) [PSYoungGen: 5120K->5120K(54784K)] 425984K->425984K(513536K), 0.0013000 secs] [Times: user=0.00 sys=0.00, real=0.00 secs] 
79.864: [Full GC (Allocation Failure) [PSYoungGen: 5120K->0K(54784K)] [ParOldGen: 420864K->113169K(458752K)] 425984K->113169K(513536K), [Metaspace: 2796K->2796K(1056768K)], 0.0087264 secs] [Times: user=0.09 sys=0.00, real=0.01 secs] 
81.840: [GC (Allocation Failure) [PSYoungGen: 40800K->6144K(54784K)] 358769K->324113K(513536K), 0.0009617 secs] [Times: user=0.00 sys=0.00, real=0.00 secs] 
82.497: [GC (Allocation Failure) [PSYoungGen: 47973K->10240K(54784K)] 365943K->334353K(513536K), 0.0014264 secs] [Times: user=0.00 sys=0.00, real=0.00 secs] 
82.714: [GC (Allocation Failure) [PSYoungGen: 31587K->0K(54784K)] 406900K->375313K(513536K), 0.0008604 secs] [Times: user=0.00 sys=0.00, real=0.00 secs] 
82.715: [GC (Allocation Failure) [PSYoungGen: 0K->0K(54784K)] 375313K->375313K(513536K), 0.0005749 secs] [Times: user=0.00 sys=0.00, real=0.00 secs] 
82.715: [Full GC (Allocation Failure) [PSYoungGen: 0K->0K(54784K)] [ParOldGen: 375313K->57873K(458752K)] 375313K->57873K(513536K), [Metaspace: 2796K->2796K(1056768K)], 0.0055148 secs] [Times: user=0.00 sys=0.00, real=0.01 secs] 
83.825: [GC (Allocation Failure) [PSYoungGen: 43875K->1024K(54784K)] 204148K->181777K(513536K), 0.0013035 secs] [Times: user=0.00 sys=0.00, real=0.00 secs] 
85.133: [GC (Allocation Failure) [PSYoungGen: 39784K->5120K(54784K)] 374137K->339473K(513536K), 0.0010284 secs] [Times: user=0.00 sys=0.00, real=0.00 secs] 
85.572: [GC (Allocation Failure) [PSYoungGen: 46955K->10240K(54784K)] 432508K->395793K(513536K), 0.0014150 secs] [Times: user=0.00 sys=0.00, real=0.00 secs] 
85.573: [GC (Allocation Failure) [PSYoungGen: 10240K->10240K(54784K)] 395793K->395793K(513536K), 0.0012609 secs] [Times: user=0.00 sys=0.00, real=0.00 secs] 
85.575: [Full GC (Allocation Failure) [PSYoungGen: 10240K->0K(54784K)] [ParOldGen: 385553K->61969K(458752K)] 395793K->61969K(513536K), [Metaspace: 2796K->2796K(1056768K)], 0.0055012 secs] [Times: user=0.00 sys=0.00, real=0.01 secs] 
86.678: [GC (Allocation Failure) [PSYoungGen: 43885K->10240K(54784K)] 208254K->179729K(513536K), 0.0014840 secs] [Times: user=0.02 sys=0.00, real=0.00 secs] 
87.550: [GC (Allocation Failure) [PSYoungGen: 54126K->5120K(54784K)] 377215K->348689K(513536K), 0.0021821 secs] [Times: user=0.00 sys=0.00, real=0.00 secs] 
88.205: [GC (Allocation Failure) [PSYoungGen: 46959K->10240K(54784K)] 390528K->358929K(513536K), 0.0016630 secs] [Times: user=0.00 sys=0.00, real=0.00 secs] 
89.409: [GC (Allocation Failure) [PSYoungGen: 52073K->10240K(54784K)] 451962K->410129K(513536K), 0.0011441 secs] [Times: user=0.00 sys=0.00, real=0.00 secs] 
89.846: [Full GC (Ergonomics) [PSYoungGen: 52075K->0K(54784K)] [ParOldGen: 451089K->56849K(458752K)] 503165K->56849K(513536K), [Metaspace: 2796K->2796K(1056768K)], 0.0052741 secs] [Times: user=0.00 sys=0.00, real=0.00 secs] 
90.952: [GC (Allocation Failure) [PSYoungGen: 43885K->5120K(54784K)] 203134K->174609K(513536K), 0.0016191 secs] [Times: user=0.00 sys=0.00, real=0.00 secs] 
91.823: [GC (Allocation Failure) [PSYoungGen: 49006K->6144K(54784K)] 372096K->334353K(513536K), 0.0011918 secs] [Times: user=0.00 sys=0.00, real=0.00 secs] 
93.460: [GC (Allocation Failure) [PSYoungGen: 50031K->6144K(54784K)] 378240K->334353K(513536K), 0.0008216 secs] [Times: user=0.00 sys=0.00, real=0.00 secs] 
93.897: [GC (Allocation Failure) [PSYoungGen: 37737K->10240K(54784K)] 365947K->349713K(513536K), 0.0017430 secs] [Times: user=0.00 sys=0.00, real=0.00 secs] 
94.116: [GC (Allocation Failure) [PSYoungGen: 31587K->10240K(54784K)] 422261K->400913K(513536K), 0.0012254 secs] [Times: user=0.00 sys=0.00, real=0.00 secs] 
94.117: [GC (Allocation Failure) [PSYoungGen: 10240K->10240K(54784K)] 400913K->400913K(513536K), 0.0013651 secs] [Times: user=0.00 sys=0.00, real=0.00 secs] 
94.118: [Full GC (Allocation Failure) [PSYoungGen: 10240K->0K(54784K)] [ParOldGen: 390673K->62993K(458752K)] 400913K->62993K(513536K), [Metaspace: 2796K->2796K(1056768K)], 0.0054161 secs] [Times: user=0.00 sys=0.00, real=0.01 secs] 
95.227: [GC (Allocation Failure) [PSYoungGen: 43875K->10240K(54784K)] 209269K->180753K(513536K), 0.0015912 secs] [Times: user=0.00 sys=0.00, real=0.00 secs] 
96.646: [GC (Allocation Failure) [PSYoungGen: 54120K->5120K(54784K)] 378233K->329233K(513536K), 0.0010854 secs] [Times: user=0.00 sys=0.00, real=0.00 secs] 
96.977: [GC (Allocation Failure) [PSYoungGen: 36715K->0K(54784K)] 412028K->395793K(513536K), 0.0023964 secs] [Times: user=0.00 sys=0.00, real=0.00 secs] 
96.980: [GC (Allocation Failure) [PSYoungGen: 0K->0K(54784K)] 395793K->395793K(513536K), 0.0007265 secs] [Times: user=0.00 sys=0.00, real=0.00 secs] 
96.981: [Full GC (Allocation Failure) [PSYoungGen: 0K->0K(54784K)] [ParOldGen: 395793K->72209K(458752K)] 395793K->72209K(513536K), [Metaspace: 2796K->2796K(1056768K)], 0.0060412 secs] [Times: user=0.00 sys=0.00, real=0.01 secs] 
98.082: [GC (Allocation Failure) [PSYoungGen: 43885K->5120K(54784K)] 218494K->189969K(513536K), 0.0015427 secs] [Times: user=0.00 sys=0.00, real=0.00 secs] 
98.954: [GC (Allocation Failure) [PSYoungGen: 49006K->10240K(54784K)] 387455K->348689K(513536K), 0.0010338 secs] [Times: user=0.00 sys=0.00, real=0.00 secs] 
99.613: [GC (Allocation Failure) [PSYoungGen: 52079K->10240K(54784K)] 390528K->358929K(513536K), 0.0016980 secs] [Times: user=0.00 sys=0.00, real=0.00 secs] 
99.831: [GC (Allocation Failure) [PSYoungGen: 31593K->10240K(54784K)] 431482K->410129K(513536K), 0.0011073 secs] [Times: user=0.00 sys=0.00, real=0.00 secs] 
99.832: [GC (Allocation Failure) [PSYoungGen: 10240K->10240K(54784K)] 410129K->410129K(513536K), 0.0011507 secs] [Times: user=0.00 sys=0.00, real=0.00 secs] 
99.833: [Full GC (Allocation Failure) [PSYoungGen: 10240K->0K(54784K)] [ParOldGen: 399889K->133649K(458752K)] 410129K->133649K(513536K), [Metaspace: 2796K->2796K(1056768K)], 0.0098383 secs] [Times: user=0.00 sys=0.00, real=0.01 secs] 
101.048: [GC (Allocation Failure) [PSYoungGen: 36713K->10240K(54784K)] 272762K->251409K(513536K), 0.0014699 secs] [Times: user=0.00 sys=0.00, real=0.00 secs] 
102.028: [GC (Allocation Failure) [PSYoungGen: 54123K->6144K(54784K)] 448893K->400913K(513536K), 0.0009466 secs] [Times: user=0.00 sys=0.00, real=0.00 secs] 
102.465: [GC (Allocation Failure) [PSYoungGen: 37741K->10240K(54784K)] 432511K->411153K(513536K), 0.0016525 secs] [Times: user=0.00 sys=0.00, real=0.00 secs] 
102.683: [Full GC (Ergonomics) [PSYoungGen: 31590K->0K(54784K)] [ParOldGen: 452113K->62993K(458752K)] 483703K->62993K(513536K), [Metaspace: 2796K->2796K(1056768K)], 0.0054776 secs] [Times: user=0.00 sys=0.00, real=0.01 secs] 
104.322: [GC (Allocation Failure) [PSYoungGen: 43878K->10240K(54784K)] 209271K->175633K(513536K), 0.0011792 secs] [Times: user=0.00 sys=0.00, real=0.00 secs] 
105.197: [GC (Allocation Failure) [PSYoungGen: 53097K->10240K(54784K)] 218491K->180753K(513536K), 0.0013560 secs] [Times: user=0.00 sys=0.00, real=0.00 secs] 
106.071: [GC (Allocation Failure) [PSYoungGen: 54118K->10240K(54784K)] 378231K->344593K(513536K), 0.0015268 secs] [Times: user=0.00 sys=0.00, real=0.00 secs] 
106.731: [GC (Allocation Failure) [PSYoungGen: 52073K->5120K(54784K)] 386427K->349713K(513536K), 0.0014048 secs] [Times: user=0.00 sys=0.00, real=0.00 secs] 
106.950: [GC (Allocation Failure) [PSYoungGen: 26469K->5120K(54784K)] 422263K->421393K(513536K), 0.0021719 secs] [Times: user=0.00 sys=0.00, real=0.00 secs] 
106.952: [GC (Allocation Failure) [PSYoungGen: 5120K->5120K(54784K)] 421393K->421393K(513536K), 0.0008645 secs] [Times: user=0.00 sys=0.00, real=0.00 secs] 
106.953: [Full GC (Allocation Failure) [PSYoungGen: 5120K->0K(54784K)] [ParOldGen: 416273K->92689K(458752K)] 421393K->92689K(513536K), [Metaspace: 2796K->2796K(1056768K)], 0.0074678 secs] [Times: user=0.02 sys=0.00, real=0.01 secs] 
108.712: [GC (Allocation Failure) [PSYoungGen: 40805K->1024K(54784K)] 389495K->349713K(513536K), 0.0008537 secs] [Times: user=0.00 sys=0.00, real=0.00 secs] 
109.473: [GC (Allocation Failure) [PSYoungGen: 42857K->10240K(54784K)] 391547K->364049K(513536K), 0.0015661 secs] [Times: user=0.00 sys=0.00, real=0.00 secs] 
109.801: [GC (Allocation Failure) [PSYoungGen: 41829K->0K(54784K)] 446839K->405009K(513536K), 0.0009315 secs] [Times: user=0.00 sys=0.00, real=0.00 secs] 
109.802: [GC (Allocation Failure) [PSYoungGen: 0K->0K(54784K)] 405009K->405009K(513536K), 0.0009294 secs] [Times: user=0.00 sys=0.00, real=0.00 secs] 
109.803: [Full GC (Allocation Failure) [PSYoungGen: 0K->0K(54784K)] [ParOldGen: 405009K->108049K(458752K)] 405009K->108049K(513536K), [Metaspace: 2796K->2796K(1056768K)], 0.0084162 secs] [Times: user=0.00 sys=0.00, real=0.01 secs] 
110.909: [GC (Allocation Failure) [PSYoungGen: 43881K->10240K(54784K)] 254331K->225809K(513536K), 0.0015233 secs] [Times: user=0.00 sys=0.00, real=0.00 secs] 
112.218: [GC (Allocation Failure) [PSYoungGen: 53100K->10240K(54784K)] 422269K->379409K(513536K), 0.0009804 secs] [Times: user=0.00 sys=0.00, real=0.00 secs] 
112.656: [GC (Allocation Failure) [PSYoungGen: 52077K->5120K(54784K)] 472447K->425489K(513536K), 0.0009069 secs] [Times: user=0.00 sys=0.00, real=0.00 secs] 
112.657: [GC (Allocation Failure) [PSYoungGen: 5120K->5120K(54784K)] 425489K->425489K(513536K), 0.0010624 secs] [Times: user=0.00 sys=0.00, real=0.00 secs] 
112.658: [Full GC (Allocation Failure) [PSYoungGen: 5120K->0K(54784K)] [ParOldGen: 420369K->56849K(458752K)] 425489K->56849K(513536K), [Metaspace: 2796K->2796K(1056768K)], 0.0052225 secs] [Times: user=0.00 sys=0.00, real=0.01 secs] 
113.759: [GC (Allocation Failure) [PSYoungGen: 43886K->10240K(54784K)] 203136K->180753K(513536K), 0.0013419 secs] [Times: user=0.00 sys=0.00, real=0.00 secs] 
114.634: [GC (Allocation Failure) [PSYoungGen: 54127K->10240K(54784K)] 378240K->334353K(513536K), 0.0010741 secs] [Times: user=0.00 sys=0.00, real=0.00 secs] 
115.835: [GC (Allocation Failure) [PSYoungGen: 52079K->10240K(54784K)] 376193K->334353K(513536K), 0.0012288 secs] [Times: user=0.00 sys=0.00, real=0.00 secs] 
116.601: [GC (Allocation Failure) [PSYoungGen: 52073K->10240K(54784K)] 376187K->339473K(513536K), 0.0013844 secs] [Times: user=0.00 sys=0.00, real=0.00 secs] 
116.930: [GC (Allocation Failure) [PSYoungGen: 41829K->0K(54784K)] 422263K->400913K(513536K), 0.0020707 secs] [Times: user=0.00 sys=0.00, real=0.00 secs] 
116.932: [GC (Allocation Failure) [PSYoungGen: 0K->0K(54784K)] 400913K->400913K(513536K), 0.0007972 secs] [Times: user=0.00 sys=0.00, real=0.00 secs] 
116.933: [Full GC (Allocation Failure) [PSYoungGen: 0K->0K(54784K)] [ParOldGen: 400913K->77329K(458752K)] 400913K->77329K(513536K), [Metaspace: 2796K->2796K(1056768K)], 0.0063951 secs] [Times: user=0.00 sys=0.00, real=0.01 secs] 
118.038: [GC (Allocation Failure) [PSYoungGen: 43881K->5120K(54784K)] 223611K->195089K(513536K), 0.0013997 secs] [Times: user=0.00 sys=0.00, real=0.00 secs] 
118.916: [GC (Allocation Failure) [PSYoungGen: 49004K->10240K(54784K)] 392573K->353809K(513536K), 0.0010754 secs] [Times: user=0.00 sys=0.00, real=0.00 secs] 
119.791: [GC (Allocation Failure) [PSYoungGen: 21357K->0K(54784K)] 416127K->394769K(513536K), 0.0009303 secs] [Times: user=0.00 sys=0.00, real=0.00 secs] 
119.792: [GC (Allocation Failure) [PSYoungGen: 0K->0K(54784K)] 394769K->394769K(513536K), 0.0007008 secs] [Times: user=0.00 sys=0.00, real=0.00 secs] 
119.793: [Full GC (Allocation Failure) [PSYoungGen: 0K->0K(54784K)] [ParOldGen: 394769K->51729K(458752K)] 394769K->51729K(513536K), [Metaspace: 2796K->2796K(1056768K)], 0.0046979 secs] [Times: user=0.00 sys=0.00, real=0.00 secs] 
120.898: [GC (Allocation Failure) [PSYoungGen: 43885K->5120K(54784K)] 198015K->169489K(513536K), 0.0014185 secs] [Times: user=0.00 sys=0.00, real=0.00 secs] 
121.769: [GC (Allocation Failure) [PSYoungGen: 49006K->10240K(54784K)] 366976K->329233K(513536K), 0.0011493 secs] [Times: user=0.00 sys=0.00, real=0.00 secs] 
122.425: [GC (Allocation Failure) [PSYoungGen: 52079K->10240K(54784K)] 371072K->339473K(513536K), 0.0016503 secs] [Times: user=0.00 sys=0.00, real=0.00 secs] 
122.643: [GC (Allocation Failure) [PSYoungGen: 31593K->0K(54784K)] 412026K->380433K(513536K), 0.0008474 secs] [Times: user=0.00 sys=0.00, real=0.00 secs] 
122.643: [GC (Allocation Failure) [PSYoungGen: 0K->0K(54784K)] 380433K->380433K(513536K), 0.0008505 secs] [Times: user=0.00 sys=0.00, real=0.00 secs] 
122.644: [Full GC (Allocation Failure) [PSYoungGen: 0K->0K(54784K)] [ParOldGen: 380433K->165393K(458752K)] 380433K->165393K(513536K), [Metaspace: 2796K->2796K(1056768K)], 0.0118708 secs] [Times: user=0.00 sys=0.00, real=0.01 secs] 
123.863: [GC (Allocation Failure) [PSYoungGen: 28521K->10240K(54784K)] 296314K->288273K(513536K), 0.0015996 secs] [Times: user=0.00 sys=0.00, real=0.00 secs] 
124.847: [Full GC (Ergonomics) [PSYoungGen: 54124K->0K(54784K)] [ParOldGen: 431633K->21009K(458752K)] 485757K->21009K(513536K), [Metaspace: 2796K->2796K(1056768K)], 0.0033207 secs] [Times: user=0.00 sys=0.00, real=0.00 secs] 
125.284: [GC (Allocation Failure) [PSYoungGen: 31597K->10240K(54784K)] 52606K->41489K(513536K), 0.0012962 secs] [Times: user=0.00 sys=0.00, real=0.00 secs] 
126.268: [GC (Allocation Failure) [PSYoungGen: 54118K->10240K(54784K)] 238967K->205329K(513536K), 0.0016815 secs] [Times: user=0.00 sys=0.00, real=0.00 secs] 
126.702: [GC (Allocation Failure) [PSYoungGen: 41833K->10240K(54784K)] 236923K->210449K(513536K), 0.0013964 secs] [Times: user=0.00 sys=0.00, real=0.00 secs] 
127.796: [GC (Allocation Failure) [PSYoungGen: 52067K->10240K(54784K)] 252277K->210449K(513536K), 0.0009923 secs] [Times: user=0.00 sys=0.00, real=0.00 secs] 
128.126: [GC (Allocation Failure) [PSYoungGen: 36705K->5120K(54784K)] 236915K->215569K(513536K), 0.0017195 secs] [Times: user=0.00 sys=0.00, real=0.00 secs] 
129.109: [GC (Allocation Failure) [PSYoungGen: 48989K->10240K(54784K)] 413038K->379409K(513536K), 0.0011832 secs] [Times: user=0.00 sys=0.00, real=0.00 secs] 
129.545: [GC (Allocation Failure) [PSYoungGen: 41827K->5120K(54784K)] 410997K->384529K(513536K), 0.0015009 secs] [Times: user=0.00 sys=0.00, real=0.00 secs] 
129.763: [GC (Allocation Failure) [PSYoungGen: 26463K->5120K(54784K)] 457073K->435729K(513536K), 0.0008778 secs] [Times: user=0.00 sys=0.00, real=0.00 secs] 
129.764: [Full GC (Ergonomics) [PSYoungGen: 5120K->0K(54784K)] [ParOldGen: 430609K->113169K(458752K)] 435729K->113169K(513536K), [Metaspace: 2796K->2796K(1056768K)], 0.0088013 secs] [Times: user=0.00 sys=0.00, real=0.01 secs] 
131.743: [GC (Allocation Failure) [PSYoungGen: 40800K->6144K(54784K)] 358769K->324113K(513536K), 0.0009473 secs] [Times: user=0.00 sys=0.00, real=0.00 secs] 
132.397: [GC (Allocation Failure) [PSYoungGen: 47973K->6144K(54784K)] 365943K->334353K(513536K), 0.0013415 secs] [Times: user=0.00 sys=0.00, real=0.00 secs] 
132.616: [GC (Allocation Failure) [PSYoungGen: 27491K->6144K(54784K)] 406900K->385553K(513536K), 0.0009118 secs] [Times: user=0.00 sys=0.00, real=0.00 secs] 
132.617: [GC (Allocation Failure) [PSYoungGen: 6144K->6144K(54784K)] 385553K->385553K(513536K), 0.0007441 secs] [Times: user=0.00 sys=0.00, real=0.00 secs] 
132.617: [Full GC (Allocation Failure) [PSYoungGen: 6144K->0K(54784K)] [ParOldGen: 379409K->57873K(458752K)] 385553K->57873K(513536K), [Metaspace: 2796K->2796K(1056768K)], 0.0049411 secs] [Times: user=0.00 sys=0.00, real=0.01 secs] 
133.727: [GC (Allocation Failure) [PSYoungGen: 43875K->1024K(54784K)] 204148K->181777K(513536K), 0.0015108 secs] [Times: user=0.00 sys=0.00, real=0.00 secs] 
135.036: [GC (Allocation Failure) [PSYoungGen: 39784K->5120K(54784K)] 374137K->339473K(513536K), 0.0008284 secs] [Times: user=0.00 sys=0.00, real=0.00 secs] 
135.474: [GC (Allocation Failure) [PSYoungGen: 46955K->10240K(54784K)] 432508K->395793K(513536K), 0.0012102 secs] [Times: user=0.00 sys=0.00, real=0.00 secs] 
135.475: [GC (Allocation Failure) [PSYoungGen: 10240K->10240K(54784K)] 395793K->395793K(513536K), 0.0011813 secs] [Times: user=0.00 sys=0.00, real=0.00 secs] 
135.476: [Full GC (Allocation Failure) [PSYoungGen: 10240K->0K(54784K)] [ParOldGen: 385553K->61969K(458752K)] 395793K->61969K(513536K), [Metaspace: 2796K->2796K(1056768K)], 0.0054464 secs] [Times: user=0.00 sys=0.00, real=0.01 secs] 
136.579: [GC (Allocation Failure) [PSYoungGen: 43885K->5120K(54784K)] 208254K->179729K(513536K), 0.0017331 secs] [Times: user=0.00 sys=0.00, real=0.00 secs] 
137.453: [GC (Allocation Failure) [PSYoungGen: 49006K->10240K(54784K)] 377215K->358929K(513536K), 0.0024865 secs] [Times: user=0.00 sys=0.00, real=0.00 secs] 
138.106: [GC (Allocation Failure) [PSYoungGen: 52079K->10240K(54784K)] 400768K->369169K(513536K), 0.0016958 secs] [Times: user=0.00 sys=0.00, real=0.00 secs] 
139.309: [GC (Allocation Failure) [PSYoungGen: 52073K->10240K(54784K)] 462202K->420369K(513536K), 0.0012354 secs] [Times: user=0.00 sys=0.00, real=0.00 secs] 
139.635: [GC (Allocation Failure) [PSYoungGen: 52075K->5120K(54784K)] 462205K->435729K(513536K), 0.0023830 secs] [Times: user=0.00 sys=0.00, real=0.00 secs] 
139.637: [Full GC (Ergonomics) [PSYoungGen: 5120K->0K(54784K)] [ParOldGen: 430609K->26129K(458752K)] 435729K->26129K(513536K), [Metaspace: 2796K->2796K(1056768K)], 0.0035477 secs] [Times: user=0.00 sys=0.00, real=0.00 secs] 
140.836: [GC (Allocation Failure) [PSYoungGen: 43879K->10240K(54784K)] 223608K->195089K(513536K), 0.0014478 secs] [Times: user=0.00 sys=0.00, real=0.00 secs] 
141.711: [GC (Allocation Failure) [PSYoungGen: 54122K->6144K(54784K)] 392571K->344593K(513536K), 0.0009308 secs] [Times: user=0.00 sys=0.00, real=0.00 secs] 
143.348: [GC (Allocation Failure) [PSYoungGen: 50028K->6144K(54784K)] 388478K->344593K(513536K), 0.0009191 secs] [Times: user=0.00 sys=0.00, real=0.00 secs] 
143.786: [GC (Allocation Failure) [PSYoungGen: 37735K->1024K(54784K)] 376185K->359953K(513536K), 0.0017671 secs] [Times: user=0.00 sys=0.00, real=0.00 secs] 
144.007: [GC (Allocation Failure) [PSYoungGen: 22370K->1024K(54784K)] 432500K->411153K(513536K), 0.0007254 secs] [Times: user=0.00 sys=0.00, real=0.00 secs] 
144.008: [GC (Allocation Failure) [PSYoungGen: 1024K->1024K(54784K)] 411153K->411153K(513536K), 0.0007400 secs] [Times: user=0.00 sys=0.00, real=0.00 secs] 
144.008: [Full GC (Allocation Failure) [PSYoungGen: 1024K->0K(54784K)] [ParOldGen: 410129K->62993K(458752K)] 411153K->62993K(513536K), [Metaspace: 2796K->2796K(1056768K)], 0.0054726 secs] [Times: user=0.00 sys=0.00, real=0.01 secs] 
145.119: [GC (Allocation Failure) [PSYoungGen: 43874K->5120K(54784K)] 209268K->180753K(513536K), 0.0016482 secs] [Times: user=0.00 sys=0.00, real=0.00 secs] 
146.536: [GC (Allocation Failure) [PSYoungGen: 48999K->5120K(54784K)] 378232K->334353K(513536K), 0.0009087 secs] [Times: user=0.00 sys=0.00, real=0.00 secs] 
146.864: [GC (Allocation Failure) [PSYoungGen: 36714K->0K(54784K)] 417148K->400913K(513536K), 0.0022043 secs] [Times: user=0.00 sys=0.00, real=0.00 secs] 
146.866: [GC (Allocation Failure) [PSYoungGen: 0K->0K(54784K)] 400913K->400913K(513536K), 0.0012276 secs] [Times: user=0.00 sys=0.00, real=0.00 secs] 
146.867: [Full GC (Allocation Failure) [PSYoungGen: 0K->0K(54784K)] [ParOldGen: 400913K->72209K(458752K)] 400913K->72209K(513536K), [Metaspace: 2796K->2796K(1056768K)], 0.0062097 secs] [Times: user=0.00 sys=0.00, real=0.01 secs] 
147.972: [GC (Allocation Failure) [PSYoungGen: 43884K->5120K(54784K)] 218494K->189969K(513536K), 0.0015153 secs] [Times: user=0.00 sys=0.00, real=0.00 secs] 
148.852: [GC (Allocation Failure) [PSYoungGen: 49006K->10240K(54784K)] 387455K->348689K(513536K), 0.0012309 secs] [Times: user=0.00 sys=0.00, real=0.00 secs] 
149.509: [GC (Allocation Failure) [PSYoungGen: 52079K->10240K(54784K)] 390528K->358929K(513536K), 0.0018185 secs] [Times: user=0.00 sys=0.00, real=0.00 secs] 
149.728: [GC (Allocation Failure) [PSYoungGen: 31593K->0K(54784K)] 431482K->399889K(513536K), 0.0009899 secs] [Times: user=0.00 sys=0.00, real=0.00 secs] 
149.729: [GC (Allocation Failure) [PSYoungGen: 0K->0K(54784K)] 399889K->399889K(513536K), 0.0008315 secs] [Times: user=0.00 sys=0.00, real=0.00 secs] 
149.730: [Full GC (Allocation Failure) [PSYoungGen: 0K->0K(54784K)] [ParOldGen: 399889K->133649K(458752K)] 399889K->133649K(513536K), [Metaspace: 2796K->2796K(1056768K)], 0.0097019 secs] [Times: user=0.00 sys=0.00, real=0.01 secs] 
150.940: [GC (Allocation Failure) [PSYoungGen: 36713K->10240K(54784K)] 272762K->251409K(513536K), 0.0014527 secs] [Times: user=0.00 sys=0.00, real=0.00 secs] 
151.921: [GC (Allocation Failure) [PSYoungGen: 54123K->6144K(54784K)] 448893K->400913K(513536K), 0.0008602 secs] [Times: user=0.00 sys=0.00, real=0.00 secs] 
152.358: [GC (Allocation Failure) [PSYoungGen: 37741K->6144K(54784K)] 432511K->411153K(513536K), 0.0015621 secs] [Times: user=0.00 sys=0.00, real=0.00 secs] 
152.576: [Full GC (Ergonomics) [PSYoungGen: 27494K->0K(54784K)] [ParOldGen: 456209K->62993K(458752K)] 483703K->62993K(513536K), [Metaspace: 2796K->2796K(1056768K)], 0.0062348 secs] [Times: user=0.00 sys=0.00, real=0.01 secs] 
154.230: [GC (Allocation Failure) [PSYoungGen: 43878K->10240K(54784K)] 209271K->175633K(513536K), 0.0012963 secs] [Times: user=0.00 sys=0.00, real=0.00 secs] 
155.101: [GC (Allocation Failure) [PSYoungGen: 53097K->10240K(54784K)] 218491K->180753K(513536K), 0.0013093 secs] [Times: user=0.00 sys=0.00, real=0.00 secs] 
155.976: [GC (Allocation Failure) [PSYoungGen: 54118K->10240K(54784K)] 378231K->344593K(513536K), 0.0016289 secs] [Times: user=0.00 sys=0.00, real=0.00 secs] 
156.635: [GC (Allocation Failure) [PSYoungGen: 52073K->10240K(54784K)] 386427K->354833K(513536K), 0.0017082 secs] [Times: user=0.00 sys=0.00, real=0.00 secs] 
156.854: [GC (Allocation Failure) [PSYoungGen: 31589K->0K(54784K)] 427383K->416273K(513536K), 0.0020885 secs] [Times: user=0.00 sys=0.00, real=0.00 secs] 
156.856: [Full GC (Ergonomics) [PSYoungGen: 0K->0K(54784K)] [ParOldGen: 416273K->92689K(458752K)] 416273K->92689K(513536K), [Metaspace: 2796K->2796K(1056768K)], 0.0078388 secs] [Times: user=0.00 sys=0.00, real=0.01 secs] 
158.615: [GC (Allocation Failure) [PSYoungGen: 40805K->1024K(54784K)] 389495K->349713K(513536K), 0.0007842 secs] [Times: user=0.00 sys=0.00, real=0.00 secs] 
159.381: [GC (Allocation Failure) [PSYoungGen: 42857K->5120K(54784K)] 391547K->364049K(513536K), 0.0014821 secs] [Times: user=0.00 sys=0.00, real=0.00 secs] 
159.708: [GC (Allocation Failure) [PSYoungGen: 36709K->5120K(54784K)] 446839K->415249K(513536K), 0.0008089 secs] [Times: user=0.00 sys=0.00, real=0.00 secs] 
159.709: [GC (Allocation Failure) [PSYoungGen: 5120K->5120K(54784K)] 415249K->415249K(513536K), 0.0008568 secs] [Times: user=0.00 sys=0.00, real=0.00 secs] 
159.710: [Full GC (Allocation Failure) [PSYoungGen: 5120K->0K(54784K)] [ParOldGen: 410129K->108049K(458752K)] 415249K->108049K(513536K), [Metaspace: 2796K->2796K(1056768K)], 0.0083059 secs] [Times: user=0.00 sys=0.00, real=0.01 secs] 
160.814: [GC (Allocation Failure) [PSYoungGen: 43881K->10240K(54784K)] 254331K->225809K(513536K), 0.0013547 secs] [Times: user=0.00 sys=0.00, real=0.00 secs] 
162.122: [GC (Allocation Failure) [PSYoungGen: 53100K->10240K(54784K)] 422269K->379409K(513536K), 0.0010149 secs] [Times: user=0.00 sys=0.00, real=0.00 secs] 
162.557: [Full GC (Ergonomics) [PSYoungGen: 52077K->0K(54784K)] [ParOldGen: 420369K->56849K(458752K)] 472447K->56849K(513536K), [Metaspace: 2796K->2796K(1056768K)], 0.0051592 secs] [Times: user=0.00 sys=0.00, real=0.00 secs] 
163.650: [GC (Allocation Failure) [PSYoungGen: 43886K->1024K(54784K)] 203136K->180753K(513536K), 0.0014407 secs] [Times: user=0.00 sys=0.00, real=0.00 secs] 
164.523: [GC (Allocation Failure) [PSYoungGen: 44911K->6144K(54784K)] 378240K->344593K(513536K), 0.0012861 secs] [Times: user=0.00 sys=0.00, real=0.00 secs] 
165.722: [GC (Allocation Failure) [PSYoungGen: 47983K->10240K(54784K)] 386433K->348689K(513536K), 0.0014662 secs] [Times: user=0.00 sys=0.00, real=0.00 secs] 
166.490: [GC (Allocation Failure) [PSYoungGen: 52073K->10240K(54784K)] 390523K->353809K(513536K), 0.0015303 secs] [Times: user=0.00 sys=0.00, real=0.00 secs] 
166.815: [GC (Allocation Failure) [PSYoungGen: 41829K->0K(54784K)] 436599K->415249K(513536K), 0.0019780 secs] [Times: user=0.00 sys=0.00, real=0.00 secs] 
166.817: [GC (Allocation Failure) [PSYoungGen: 0K->0K(54784K)] 415249K->415249K(513536K), 0.0007262 secs] [Times: user=0.00 sys=0.00, real=0.00 secs] 
166.817: [Full GC (Allocation Failure) [PSYoungGen: 0K->0K(54784K)] [ParOldGen: 415249K->77329K(458752K)] 415249K->77329K(513536K), [Metaspace: 2796K->2796K(1056768K)], 0.0063120 secs] [Times: user=0.01 sys=0.00, real=0.01 secs] 
167.921: [GC (Allocation Failure) [PSYoungGen: 43881K->5120K(54784K)] 223611K->195089K(513536K), 0.0015841 secs] [Times: user=0.00 sys=0.00, real=0.00 secs] 
168.790: [GC (Allocation Failure) [PSYoungGen: 49004K->10240K(54784K)] 392573K->353809K(513536K), 0.0013537 secs] [Times: user=0.00 sys=0.00, real=0.00 secs] 
169.664: [GC (Allocation Failure) [PSYoungGen: 21357K->0K(54784K)] 416127K->394769K(513536K), 0.0010869 secs] [Times: user=0.00 sys=0.00, real=0.00 secs] 
169.665: [GC (Allocation Failure) [PSYoungGen: 0K->0K(54784K)] 394769K->394769K(513536K), 0.0007466 secs] [Times: user=0.00 sys=0.00, real=0.00 secs] 
169.665: [Full GC (Allocation Failure) [PSYoungGen: 0K->0K(54784K)] [ParOldGen: 394769K->51729K(458752K)] 394769K->51729K(513536K), [Metaspace: 2796K->2796K(1056768K)], 0.0049011 secs] [Times: user=0.00 sys=0.00, real=0.00 secs] 
170.772: [GC (Allocation Failure) [PSYoungGen: 43885K->10240K(54784K)] 198015K->169489K(513536K), 0.0013789 secs] [Times: user=0.00 sys=0.00, real=0.00 secs] 
171.643: [GC (Allocation Failure) [PSYoungGen: 54126K->6144K(54784K)] 366976K->318993K(513536K), 0.0010427 secs] [Times: user=0.00 sys=0.00, real=0.00 secs] 
172.295: [GC (Allocation Failure) [PSYoungGen: 47983K->10240K(54784K)] 360832K->329233K(513536K), 0.0017279 secs] [Times: user=0.00 sys=0.00, real=0.00 secs] 
172.513: [GC (Allocation Failure) [PSYoungGen: 31593K->0K(54784K)] 401786K->370193K(513536K), 0.0010663 secs] [Times: user=0.00 sys=0.00, real=0.00 secs] 
172.514: [GC (Allocation Failure) [PSYoungGen: 0K->0K(54784K)] 370193K->370193K(513536K), 0.0008769 secs] [Times: user=0.00 sys=0.00, real=0.00 secs] 
172.515: [Full GC (Allocation Failure) [PSYoungGen: 0K->0K(54784K)] [ParOldGen: 370193K->165393K(458752K)] 370193K->165393K(513536K), [Metaspace: 2796K->2796K(1056768K)], 0.0118923 secs] [Times: user=0.00 sys=0.00, real=0.01 secs] 
173.731: [GC (Allocation Failure) [PSYoungGen: 28521K->10240K(54784K)] 296314K->288273K(513536K), 0.0016501 secs] [Times: user=0.00 sys=0.00, real=0.00 secs] 
174.713: [Full GC (Ergonomics) [PSYoungGen: 54124K->0K(54784K)] [ParOldGen: 431633K->21009K(458752K)] 485757K->21009K(513536K), [Metaspace: 2796K->2796K(1056768K)], 0.0030521 secs] [Times: user=0.00 sys=0.00, real=0.00 secs] 
175.150: [GC (Allocation Failure) [PSYoungGen: 31597K->10240K(54784K)] 52606K->41489K(513536K), 0.0012240 secs] [Times: user=0.00 sys=0.00, real=0.00 secs] 
176.135: [GC (Allocation Failure) [PSYoungGen: 54118K->10240K(54784K)] 238967K->205329K(513536K), 0.0017201 secs] [Times: user=0.00 sys=0.00, real=0.00 secs] 
176.575: [GC (Allocation Failure) [PSYoungGen: 41833K->10240K(54784K)] 236923K->215569K(513536K), 0.0017401 secs] [Times: user=0.00 sys=0.00, real=0.00 secs] 
177.667: [GC (Allocation Failure) [PSYoungGen: 52067K->10240K(54784K)] 257397K->215569K(513536K), 0.0011863 secs] [Times: user=0.00 sys=0.00, real=0.00 secs] 
177.992: [GC (Allocation Failure) [PSYoungGen: 36705K->5120K(54784K)] 242035K->220689K(513536K), 0.0014059 secs] [Times: user=0.00 sys=0.00, real=0.00 secs] 
178.975: [GC (Allocation Failure) [PSYoungGen: 48989K->10240K(54784K)] 418158K->384529K(513536K), 0.0012216 secs] [Times: user=0.00 sys=0.00, real=0.00 secs] 
179.413: [GC (Allocation Failure) [PSYoungGen: 41827K->10240K(54784K)] 416117K->389649K(513536K), 0.0016327 secs] [Times: user=0.00 sys=0.00, real=0.00 secs] 
179.631: [Full GC (Ergonomics) [PSYoungGen: 31583K->0K(54784K)] [ParOldGen: 430609K->113169K(458752K)] 462193K->113169K(513536K), [Metaspace: 2796K->2796K(1056768K)], 0.0088490 secs] [Times: user=0.02 sys=0.00, real=0.01 secs] 
181.612: [GC (Allocation Failure) [PSYoungGen: 40800K->6144K(54784K)] 358769K->324113K(513536K), 0.0008815 secs] [Times: user=0.00 sys=0.00, real=0.00 secs] 
182.263: [GC (Allocation Failure) [PSYoungGen: 47973K->10240K(54784K)] 365943K->334353K(513536K), 0.0014510 secs] [Times: user=0.00 sys=0.00, real=0.00 secs] 
182.483: [GC (Allocation Failure) [PSYoungGen: 31587K->0K(54784K)] 406900K->375313K(513536K), 0.0005724 secs] [Times: user=0.00 sys=0.00, real=0.00 secs] 
182.484: [GC (Allocation Failure) [PSYoungGen: 0K->0K(54784K)] 375313K->375313K(513536K), 0.0006377 secs] [Times: user=0.00 sys=0.00, real=0.00 secs] 
182.485: [Full GC (Allocation Failure) [PSYoungGen: 0K->0K(54784K)] [ParOldGen: 375313K->57873K(458752K)] 375313K->57873K(513536K), [Metaspace: 2796K->2796K(1056768K)], 0.0050765 secs] [Times: user=0.00 sys=0.00, real=0.00 secs] 
183.591: [GC (Allocation Failure) [PSYoungGen: 43875K->1024K(54784K)] 204148K->181777K(513536K), 0.0014362 secs] [Times: user=0.00 sys=0.00, real=0.00 secs] 
184.898: [GC (Allocation Failure) [PSYoungGen: 39784K->5120K(54784K)] 374137K->339473K(513536K), 0.0008343 secs] [Times: user=0.00 sys=0.00, real=0.00 secs] 
185.335: [GC (Allocation Failure) [PSYoungGen: 46955K->10240K(54784K)] 432508K->395793K(513536K), 0.0012377 secs] [Times: user=0.00 sys=0.00, real=0.00 secs] 
185.336: [GC (Allocation Failure) [PSYoungGen: 10240K->10240K(54784K)] 395793K->395793K(513536K), 0.0011983 secs] [Times: user=0.00 sys=0.00, real=0.00 secs] 
185.337: [Full GC (Allocation Failure) [PSYoungGen: 10240K->0K(54784K)] [ParOldGen: 385553K->61969K(458752K)] 395793K->61969K(513536K), [Metaspace: 2796K->2796K(1056768K)], 0.0052651 secs] [Times: user=0.00 sys=0.00, real=0.01 secs] 
186.441: [GC (Allocation Failure) [PSYoungGen: 43885K->10240K(54784K)] 208254K->179729K(513536K), 0.0013149 secs] [Times: user=0.00 sys=0.00, real=0.00 secs] 
187.310: [GC (Allocation Failure) [PSYoungGen: 54126K->5120K(54784K)] 377215K->348689K(513536K), 0.0023311 secs] [Times: user=0.00 sys=0.00, real=0.00 secs] 
187.964: [GC (Allocation Failure) [PSYoungGen: 46959K->5120K(54784K)] 390528K->358929K(513536K), 0.0015299 secs] [Times: user=0.00 sys=0.00, real=0.00 secs] 
189.165: [GC (Allocation Failure) [PSYoungGen: 46953K->10240K(54784K)] 451962K->415249K(513536K), 0.0011992 secs] [Times: user=0.00 sys=0.00, real=0.00 secs] 
189.601: [Full GC (Ergonomics) [PSYoungGen: 52075K->0K(54784K)] [ParOldGen: 456209K->56849K(458752K)] 508285K->56849K(513536K), [Metaspace: 2796K->2796K(1056768K)], 0.0055587 secs] [Times: user=0.00 sys=0.00, real=0.01 secs] 
190.705: [GC (Allocation Failure) [PSYoungGen: 43885K->10240K(54784K)] 203134K->174609K(513536K), 0.0014623 secs] [Times: user=0.00 sys=0.00, real=0.00 secs] 
191.576: [GC (Allocation Failure) [PSYoungGen: 54126K->6176K(54784K)] 372096K->324145K(513536K), 0.0008953 secs] [Times: user=0.00 sys=0.00, real=0.00 secs] 
193.211: [GC (Allocation Failure) [PSYoungGen: 50063K->6176K(54784K)] 368032K->324145K(513536K), 0.0009007 secs] [Times: user=0.00 sys=0.00, real=0.00 secs] 
193.647: [GC (Allocation Failure) [PSYoungGen: 37769K->10272K(54784K)] 355739K->339505K(513536K), 0.0016365 secs] [Times: user=0.02 sys=0.00, real=0.00 secs] 
193.865: [GC (Allocation Failure) [PSYoungGen: 31619K->32K(54784K)] 412053K->380465K(513536K), 0.0008625 secs] [Times: user=0.00 sys=0.00, real=0.00 secs] 
193.866: [GC (Allocation Failure) [PSYoungGen: 32K->32K(54784K)] 380465K->380465K(513536K), 0.0008278 secs] [Times: user=0.00 sys=0.00, real=0.00 secs] 
193.867: [Full GC (Allocation Failure) [PSYoungGen: 32K->0K(54784K)] [ParOldGen: 380433K->62993K(458752K)] 380465K->62993K(513536K), [Metaspace: 2796K->2796K(1056768K)], 0.0057028 secs] [Times: user=0.00 sys=0.00, real=0.01 secs] 
194.974: [GC (Allocation Failure) [PSYoungGen: 43875K->10272K(54784K)] 209269K->180785K(513536K), 0.0015202 secs] [Times: user=0.00 sys=0.00, real=0.00 secs] 
196.391: [GC (Allocation Failure) [PSYoungGen: 54152K->5152K(54784K)] 378265K->329265K(513536K), 0.0008283 secs] [Times: user=0.00 sys=0.00, real=0.00 secs] 
196.720: [GC (Allocation Failure) [PSYoungGen: 36747K->32K(54784K)] 412060K->395825K(513536K), 0.0019980 secs] [Times: user=0.00 sys=0.00, real=0.00 secs] 
196.722: [GC (Allocation Failure) [PSYoungGen: 32K->32K(54784K)] 395825K->395825K(513536K), 0.0007477 secs] [Times: user=0.00 sys=0.00, real=0.00 secs] 
196.723: [Full GC (Allocation Failure) [PSYoungGen: 32K->0K(54784K)] [ParOldGen: 395793K->72209K(458752K)] 395825K->72209K(513536K), [Metaspace: 2796K->2796K(1056768K)], 0.0060206 secs] [Times: user=0.02 sys=0.00, real=0.01 secs] 
197.827: [GC (Allocation Failure) [PSYoungGen: 43885K->10240K(54784K)] 218494K->189969K(513536K), 0.0014107 secs] [Times: user=0.00 sys=0.00, real=0.00 secs] 
198.700: [GC (Allocation Failure) [PSYoungGen: 54126K->5120K(54784K)] 387456K->338449K(513536K), 0.0009295 secs] [Times: user=0.00 sys=0.00, real=0.00 secs] 
199.352: [GC (Allocation Failure) [PSYoungGen: 46959K->5120K(54784K)] 380289K->348689K(513536K), 0.0013929 secs] [Times: user=0.00 sys=0.00, real=0.00 secs] 
199.567: [GC (Allocation Failure) [PSYoungGen: 26473K->5120K(54784K)] 421243K->399889K(513536K), 0.0009997 secs] [Times: user=0.00 sys=0.00, real=0.00 secs] 
199.568: [GC (Allocation Failure) [PSYoungGen: 5120K->5120K(54784K)] 399889K->399889K(513536K), 0.0008075 secs] [Times: user=0.00 sys=0.00, real=0.00 secs] 
199.569: [Full GC (Allocation Failure) [PSYoungGen: 5120K->0K(54784K)] [ParOldGen: 394769K->133649K(458752K)] 399889K->133649K(513536K), [Metaspace: 2796K->2796K(1056768K)], 0.0105112 secs] [Times: user=0.00 sys=0.00, real=0.01 secs] 
200.779: [GC (Allocation Failure) [PSYoungGen: 36713K->10240K(54784K)] 272763K->251409K(513536K), 0.0015029 secs] [Times: user=0.00 sys=0.00, real=0.00 secs] 
201.763: [GC (Allocation Failure) [PSYoungGen: 54123K->6144K(54784K)] 448893K->400913K(513536K), 0.0010900 secs] [Times: user=0.00 sys=0.00, real=0.00 secs] 
202.200: [GC (Allocation Failure) [PSYoungGen: 37741K->6144K(54784K)] 432511K->411153K(513536K), 0.0015495 secs] [Times: user=0.00 sys=0.00, real=0.00 secs] 
202.417: [Full GC (Ergonomics) [PSYoungGen: 27494K->0K(54784K)] [ParOldGen: 456209K->62993K(458752K)] 483704K->62993K(513536K), [Metaspace: 2796K->2796K(1056768K)], 0.0057826 secs] [Times: user=0.00 sys=0.00, real=0.01 secs] 
204.053: [GC (Allocation Failure) [PSYoungGen: 43878K->10240K(54784K)] 209272K->175633K(513536K), 0.0013837 secs] [Times: user=0.08 sys=0.00, real=0.00 secs] 
204.928: [GC (Allocation Failure) [PSYoungGen: 53097K->5120K(54784K)] 218491K->180753K(513536K), 0.0015378 secs] [Times: user=0.03 sys=0.00, real=0.00 secs] 
205.803: [GC (Allocation Failure) [PSYoungGen: 48998K->10240K(54784K)] 378231K->354833K(513536K), 0.0020887 secs] [Times: user=0.02 sys=0.00, real=0.00 secs] 
206.458: [GC (Allocation Failure) [PSYoungGen: 52073K->10240K(54784K)] 396667K->365073K(513536K), 0.0017972 secs] [Times: user=0.00 sys=0.00, real=0.00 secs] 
206.676: [GC (Allocation Failure) [PSYoungGen: 31589K->0K(54784K)] 437623K->426513K(513536K), 0.0021295 secs] [Times: user=0.00 sys=0.00, real=0.00 secs] 
206.678: [Full GC (Ergonomics) [PSYoungGen: 0K->0K(54784K)] [ParOldGen: 426513K->92689K(458752K)] 426513K->92689K(513536K), [Metaspace: 2796K->2796K(1056768K)], 0.0078345 secs] [Times: user=0.00 sys=0.00, real=0.01 secs] 
208.438: [GC (Allocation Failure) [PSYoungGen: 40805K->1024K(54784K)] 389495K->349713K(513536K), 0.0008086 secs] [Times: user=0.00 sys=0.00, real=0.00 secs] 
209.203: [GC (Allocation Failure) [PSYoungGen: 42857K->10240K(54784K)] 391547K->364049K(513536K), 0.0014269 secs] [Times: user=0.00 sys=0.00, real=0.00 secs] 
209.530: [GC (Allocation Failure) [PSYoungGen: 41829K->0K(54784K)] 446839K->405009K(513536K), 0.0009255 secs] [Times: user=0.00 sys=0.00, real=0.00 secs] 
209.531: [GC (Allocation Failure) [PSYoungGen: 0K->0K(54784K)] 405009K->405009K(513536K), 0.0009473 secs] [Times: user=0.00 sys=0.00, real=0.00 secs] 
209.532: [Full GC (Allocation Failure) [PSYoungGen: 0K->0K(54784K)] [ParOldGen: 405009K->108049K(458752K)] 405009K->108049K(513536K), [Metaspace: 2796K->2796K(1056768K)], 0.0085234 secs] [Times: user=0.02 sys=0.00, real=0.01 secs] 
210.637: [GC (Allocation Failure) [PSYoungGen: 43881K->5120K(54784K)] 254331K->225809K(513536K), 0.0013823 secs] [Times: user=0.00 sys=0.00, real=0.00 secs] 
211.947: [GC (Allocation Failure) [PSYoungGen: 47980K->10240K(54784K)] 422269K->384529K(513536K), 0.0009484 secs] [Times: user=0.00 sys=0.00, real=0.00 secs] 
212.384: [Full GC (Ergonomics) [PSYoungGen: 52077K->0K(54784K)] [ParOldGen: 425489K->56849K(458752K)] 477567K->56849K(513536K), [Metaspace: 2796K->2796K(1056768K)], 0.0058878 secs] [Times: user=0.00 sys=0.00, real=0.00 secs] 
213.490: [GC (Allocation Failure) [PSYoungGen: 43886K->10240K(54784K)] 203136K->180753K(513536K), 0.0012646 secs] [Times: user=0.01 sys=0.00, real=0.00 secs] 
214.364: [GC (Allocation Failure) [PSYoungGen: 54127K->10240K(54784K)] 378241K->344593K(513536K), 0.0019214 secs] [Times: user=0.00 sys=0.00, real=0.00 secs] 
215.562: [GC (Allocation Failure) [PSYoungGen: 52079K->10240K(54784K)] 386433K->344593K(513536K), 0.0014550 secs] [Times: user=0.00 sys=0.00, real=0.00 secs] 
216.326: [GC (Allocation Failure) [PSYoungGen: 52073K->5120K(54784K)] 386427K->349713K(513536K), 0.0015077 secs] [Times: user=0.00 sys=0.00, real=0.00 secs] 
216.655: [GC (Allocation Failure) [PSYoungGen: 36709K->5120K(54784K)] 432503K->421393K(513536K), 0.0027304 secs] [Times: user=0.00 sys=0.00, real=0.00 secs] 
216.658: [Full GC (Ergonomics) [PSYoungGen: 5120K->0K(54784K)] [ParOldGen: 416273K->77329K(458752K)] 421393K->77329K(513536K), [Metaspace: 2796K->2796K(1056768K)], 0.0066102 secs] [Times: user=0.00 sys=0.00, real=0.01 secs] 
217.759: [GC (Allocation Failure) [PSYoungGen: 43881K->10240K(54784K)] 223611K->195089K(513536K), 0.0013686 secs] [Times: user=0.00 sys=0.00, real=0.00 secs] 
218.631: [GC (Allocation Failure) [PSYoungGen: 54124K->5120K(54784K)] 392573K->343569K(513536K), 0.0008253 secs] [Times: user=0.00 sys=0.00, real=0.00 secs] 
Heap
 PSYoungGen      total 54784K, used 17118K [0x00000000fc000000, 0x0000000100000000, 0x0000000100000000)
  eden space 44032K, 27% used [0x00000000fc000000,0x00000000fcbb7aa8,0x00000000feb00000)
  from space 10752K, 47% used [0x00000000ff580000,0x00000000ffa80010,0x0000000100000000)
  to   space 10752K, 0% used [0x00000000feb00000,0x00000000feb00000,0x00000000ff580000)
 ParOldGen       total 458752K, used 338449K [0x00000000e0000000, 0x00000000fc000000, 0x00000000fc000000)
  object space 458752K, 73% used [0x00000000e0000000,0x00000000f4a84750,0x00000000fc000000)
 Metaspace       used 2804K, capacity 4486K, committed 4864K, reserved 1056768K
  class space    used 297K, capacity 386K, committed 512K, reserved 1048576K
