Java HotSpot(TM) 64-Bit Server VM (25.411-b09) for windows-amd64 JRE (1.8.0_411-b09), built on Mar 13 2024 07:26:13 by "java_re" with MS VC++ 17.1 (VS2022)
Memory: 4k page, physical 33403376k(14219256k free), swap 36670664k(7285880k free)
CommandLine flags: -XX:InitialHeapSize=1073741824 -XX:MaxHeapSize=1073741824 -XX:NewRatio=1 -XX:ParallelGCThreads=6 -XX:+PrintGC -XX:+PrintGCDetails -XX:+PrintGCTimeStamps -XX:SurvivorRatio=9 -XX:-UseAdaptiveSizePolicy -XX:+UseCompressedClassPointers -XX:+UseCompressedOops -XX:-UseLargePagesIndividualAllocation -XX:+UseParallelGC 
2.859: [GC (Allocation Failure) [PSYoungGen: 362250K->11944K(476672K)] 362250K->63152K(1000960K), 0.0166214 secs] [Times: user=0.02 sys=0.00, real=0.02 secs] 
6.914: [GC (Allocation Failure) [PSYoungGen: 437090K->31440K(476672K)] 488298K->82656K(1000960K), 0.0050787 secs] [Times: user=0.00 sys=0.00, real=0.00 secs] 
9.752: [GC (Allocation Failure) [PSYoungGen: 454800K->15992K(476672K)] 506016K->118416K(1000960K), 0.0157991 secs] [Times: user=0.00 sys=0.00, real=0.02 secs] 
12.489: [GC (Allocation Failure) [PSYoungGen: 439173K->16008K(476672K)] 541597K->118432K(1000960K), 0.0015440 secs] [Times: user=0.00 sys=0.00, real=0.00 secs] 
14.783: [GC (Allocation Failure) [PSYoungGen: 443042K->27256K(476672K)] 545466K->129688K(1000960K), 0.0039919 secs] [Times: user=0.00 sys=0.00, real=0.00 secs] 
18.494: [GC (Allocation Failure) [PSYoungGen: 419764K->31408K(476672K)] 522196K->236248K(1000960K), 0.0200436 secs] [Times: user=0.02 sys=0.02, real=0.02 secs] 
21.345: [GC (Allocation Failure) [PSYoungGen: 435203K->5720K(476672K)] 640043K->364160K(1000960K), 0.0362810 secs] [Times: user=0.02 sys=0.02, real=0.04 secs] 
24.119: [GC (Allocation Failure) [PSYoungGen: 383922K->31408K(476672K)] 742362K->389848K(1000960K), 0.0025356 secs] [Times: user=0.00 sys=0.00, real=0.00 secs] 
26.744: [GC (Allocation Failure) [PSYoungGen: 455703K->41624K(476672K)] 814143K->400064K(1000960K), 0.0050163 secs] [Times: user=0.00 sys=0.00, real=0.01 secs] 
29.911: [GC (Allocation Failure) [PSYoungGen: 420636K->10872K(476672K)] 779076K->471720K(1000960K), 0.0204344 secs] [Times: user=0.00 sys=0.02, real=0.02 secs] 
29.931: [Full GC (Ergonomics) [PSYoungGen: 10872K->0K(476672K)] [ParOldGen: 460848K->113169K(524288K)] 471720K->113169K(1000960K), [Metaspace: 2793K->2793K(1056768K)], 0.0128173 secs] [Times: user=0.00 sys=0.00, real=0.01 secs] 
32.784: [GC (Allocation Failure) [PSYoungGen: 357733K->6144K(476672K)] 470903K->170513K(1000960K), 0.0044514 secs] [Times: user=0.00 sys=0.00, real=0.00 secs] 
35.517: [GC (Allocation Failure) [PSYoungGen: 384297K->30720K(476672K)] 548666K->195089K(1000960K), 0.0022946 secs] [Times: user=0.00 sys=0.00, real=0.00 secs] 
38.135: [GC (Allocation Failure) [PSYoungGen: 454983K->40960K(476672K)] 619352K->215569K(1000960K), 0.0036960 secs] [Times: user=0.00 sys=0.00, real=0.00 secs] 
41.305: [GC (Allocation Failure) [PSYoungGen: 464218K->10240K(476672K)] 638828K->338449K(1000960K), 0.0154700 secs] [Times: user=0.00 sys=0.00, real=0.01 secs] 
45.361: [GC (Allocation Failure) [PSYoungGen: 426343K->36864K(476672K)] 754552K->365073K(1000960K), 0.0025041 secs] [Times: user=0.00 sys=0.00, real=0.00 secs] 
48.201: [GC (Allocation Failure) [PSYoungGen: 461159K->35840K(476672K)] 789369K->364049K(1000960K), 0.0027416 secs] [Times: user=0.00 sys=0.00, real=0.00 secs] 
50.935: [GC (Allocation Failure) [PSYoungGen: 464239K->15360K(476672K)] 792449K->343569K(1000960K), 0.0015590 secs] [Times: user=0.00 sys=0.00, real=0.00 secs] 
53.229: [GC (Allocation Failure) [PSYoungGen: 439668K->17408K(476672K)] 767878K->345617K(1000960K), 0.0014778 secs] [Times: user=0.00 sys=0.00, real=0.00 secs] 
56.944: [GC (Allocation Failure) [PSYoungGen: 399729K->40960K(476672K)] 727938K->420369K(1000960K), 0.0066362 secs] [Times: user=0.00 sys=0.00, real=0.01 secs] 
56.951: [Full GC (Ergonomics) [PSYoungGen: 40960K->0K(476672K)] [ParOldGen: 379409K->92689K(524288K)] 420369K->92689K(1000960K), [Metaspace: 2796K->2796K(1056768K)], 0.0078107 secs] [Times: user=0.00 sys=0.00, real=0.01 secs] 
59.803: [GC (Allocation Failure) [PSYoungGen: 419189K->5120K(476672K)] 511878K->200209K(1000960K), 0.0155272 secs] [Times: user=0.02 sys=0.00, real=0.02 secs] 
62.544: [GC (Allocation Failure) [PSYoungGen: 387389K->25600K(476672K)] 582478K->220689K(1000960K), 0.0024950 secs] [Times: user=0.00 sys=0.00, real=0.00 secs] 
65.162: [GC (Allocation Failure) [PSYoungGen: 449876K->31744K(476672K)] 644965K->226833K(1000960K), 0.0021622 secs] [Times: user=0.00 sys=0.00, real=0.00 secs] 
68.331: [GC (Allocation Failure) [PSYoungGen: 393571K->30720K(476672K)] 588660K->328209K(1000960K), 0.0157972 secs] [Times: user=0.00 sys=0.00, real=0.02 secs] 
71.188: [GC (Allocation Failure) [PSYoungGen: 434540K->5120K(476672K)] 732029K->456209K(1000960K), 0.0158199 secs] [Times: user=0.00 sys=0.00, real=0.02 secs] 
71.203: [Full GC (Ergonomics) [PSYoungGen: 5120K->0K(476672K)] [ParOldGen: 451089K->159249K(524288K)] 456209K->159249K(1000960K), [Metaspace: 2796K->2796K(1056768K)], 0.0123033 secs] [Times: user=0.00 sys=0.00, real=0.01 secs] 
73.952: [GC (Allocation Failure) [PSYoungGen: 378218K->30720K(476672K)] 537468K->189969K(1000960K), 0.0025596 secs] [Times: user=0.00 sys=0.00, real=0.00 secs] 
76.574: [GC (Allocation Failure) [PSYoungGen: 454960K->40960K(476672K)] 614209K->200209K(1000960K), 0.0039454 secs] [Times: user=0.00 sys=0.00, real=0.00 secs] 
79.741: [GC (Allocation Failure) [PSYoungGen: 418124K->10240K(476672K)] 577373K->271889K(1000960K), 0.0156347 secs] [Times: user=0.00 sys=0.00, real=0.02 secs] 
82.591: [GC (Allocation Failure) [PSYoungGen: 367965K->6144K(476672K)] 629614K->318993K(1000960K), 0.0046989 secs] [Times: user=0.00 sys=0.00, real=0.00 secs] 
85.320: [GC (Allocation Failure) [PSYoungGen: 384352K->30720K(476672K)] 697201K->343569K(1000960K), 0.0023532 secs] [Times: user=0.00 sys=0.00, real=0.00 secs] 
87.939: [GC (Allocation Failure) [PSYoungGen: 455018K->46080K(476672K)] 767867K->364049K(1000960K), 0.0042172 secs] [Times: user=0.00 sys=0.00, real=0.00 secs] 
91.110: [GC (Allocation Failure) [PSYoungGen: 469361K->10240K(476672K)] 787330K->481809K(1000960K), 0.0155579 secs] [Times: user=0.00 sys=0.00, real=0.02 secs] 
91.125: [Full GC (Ergonomics) [PSYoungGen: 10240K->0K(476672K)] [ParOldGen: 471569K->164369K(524288K)] 481809K->164369K(1000960K), [Metaspace: 2796K->2796K(1056768K)], 0.0120164 secs] [Times: user=0.00 sys=0.00, real=0.01 secs] 
95.180: [GC (Allocation Failure) [PSYoungGen: 416117K->36864K(476672K)] 580487K->201233K(1000960K), 0.0023899 secs] [Times: user=0.00 sys=0.00, real=0.00 secs] 
98.016: [GC (Allocation Failure) [PSYoungGen: 461117K->35840K(476672K)] 625486K->200209K(1000960K), 0.0025778 secs] [Times: user=0.00 sys=0.00, real=0.00 secs] 
100.742: [GC (Allocation Failure) [PSYoungGen: 464212K->15360K(476672K)] 628581K->179729K(1000960K), 0.0012803 secs] [Times: user=0.00 sys=0.00, real=0.00 secs] 
103.033: [GC (Allocation Failure) [PSYoungGen: 439651K->17408K(476672K)] 604020K->181777K(1000960K), 0.0014258 secs] [Times: user=0.00 sys=0.00, real=0.00 secs] 
106.744: [GC (Allocation Failure) [PSYoungGen: 399717K->40960K(476672K)] 564087K->256529K(1000960K), 0.0151029 secs] [Times: user=0.02 sys=0.00, real=0.02 secs] 
109.593: [GC (Allocation Failure) [PSYoungGen: 460142K->5120K(476672K)] 675711K->323089K(1000960K), 0.0152384 secs] [Times: user=0.00 sys=0.00, real=0.02 secs] 
112.340: [GC (Allocation Failure) [PSYoungGen: 387443K->25600K(476672K)] 705413K->343569K(1000960K), 0.0026681 secs] [Times: user=0.00 sys=0.00, real=0.00 secs] 
114.958: [GC (Allocation Failure) [PSYoungGen: 449911K->31744K(476672K)] 767880K->349713K(1000960K), 0.0023412 secs] [Times: user=0.00 sys=0.00, real=0.00 secs] 
118.126: [GC (Allocation Failure) [PSYoungGen: 393593K->30720K(476672K)] 711563K->451089K(1000960K), 0.0151797 secs] [Times: user=0.00 sys=0.00, real=0.02 secs] 
118.141: [Full GC (Ergonomics) [PSYoungGen: 30720K->0K(476672K)] [ParOldGen: 420369K->82449K(524288K)] 451089K->82449K(1000960K), [Metaspace: 2796K->2796K(1056768K)], 0.0069851 secs] [Times: user=0.00 sys=0.00, real=0.01 secs] 
120.997: [GC (Allocation Failure) [PSYoungGen: 403834K->5120K(476672K)] 486283K->241169K(1000960K), 0.0161882 secs] [Times: user=0.00 sys=0.00, real=0.02 secs] 
123.742: [GC (Allocation Failure) [PSYoungGen: 383294K->30720K(476672K)] 619344K->266769K(1000960K), 0.0023590 secs] [Times: user=0.00 sys=0.00, real=0.00 secs] 
126.360: [GC (Allocation Failure) [PSYoungGen: 454997K->40960K(476672K)] 691046K->277009K(1000960K), 0.0027779 secs] [Times: user=0.00 sys=0.00, real=0.00 secs] 
129.524: [GC (Allocation Failure) [PSYoungGen: 418147K->10240K(476672K)] 654197K->348689K(1000960K), 0.0156373 secs] [Times: user=0.00 sys=0.00, real=0.02 secs] 
129.540: [Full GC (Ergonomics) [PSYoungGen: 10240K->0K(476672K)] [ParOldGen: 338449K->113169K(524288K)] 348689K->113169K(1000960K), [Metaspace: 2796K->2796K(1056768K)], 0.0086625 secs] [Times: user=0.00 sys=0.00, real=0.01 secs] 
132.396: [GC (Allocation Failure) [PSYoungGen: 357740K->6144K(476672K)] 470910K->170513K(1000960K), 0.0047392 secs] [Times: user=0.00 sys=0.00, real=0.01 secs] 
135.125: [GC (Allocation Failure) [PSYoungGen: 384301K->30720K(476672K)] 548670K->195089K(1000960K), 0.0023530 secs] [Times: user=0.00 sys=0.00, real=0.00 secs] 
137.747: [GC (Allocation Failure) [PSYoungGen: 454986K->30720K(476672K)] 619355K->215569K(1000960K), 0.0033986 secs] [Times: user=0.00 sys=0.00, real=0.00 secs] 
140.915: [GC (Allocation Failure) [PSYoungGen: 453980K->10240K(476672K)] 638830K->348689K(1000960K), 0.0152792 secs] [Times: user=0.00 sys=0.00, real=0.02 secs] 
140.931: [Full GC (Ergonomics) [PSYoungGen: 10240K->0K(476672K)] [ParOldGen: 338449K->164369K(524288K)] 348689K->164369K(1000960K), [Metaspace: 2796K->2796K(1056768K)], 0.0126565 secs] [Times: user=0.00 sys=0.00, real=0.01 secs] 
144.985: [GC (Allocation Failure) [PSYoungGen: 416104K->36864K(476672K)] 580473K->201233K(1000960K), 0.0021885 secs] [Times: user=0.00 sys=0.00, real=0.00 secs] 
147.829: [GC (Allocation Failure) [PSYoungGen: 461108K->35840K(476672K)] 625478K->200209K(1000960K), 0.0025744 secs] [Times: user=0.00 sys=0.00, real=0.00 secs] 
150.552: [GC (Allocation Failure) [PSYoungGen: 464206K->15360K(476672K)] 628576K->179729K(1000960K), 0.0015132 secs] [Times: user=0.00 sys=0.00, real=0.00 secs] 
152.845: [GC (Allocation Failure) [PSYoungGen: 439647K->17408K(476672K)] 604017K->181777K(1000960K), 0.0015456 secs] [Times: user=0.00 sys=0.00, real=0.00 secs] 
156.561: [GC (Allocation Failure) [PSYoungGen: 399715K->40960K(476672K)] 564084K->256529K(1000960K), 0.0154264 secs] [Times: user=0.00 sys=0.00, real=0.02 secs] 
159.418: [GC (Allocation Failure) [PSYoungGen: 460140K->5120K(476672K)] 675709K->323089K(1000960K), 0.0157867 secs] [Times: user=0.00 sys=0.00, real=0.02 secs] 
162.157: [GC (Allocation Failure) [PSYoungGen: 387442K->25600K(476672K)] 705412K->343569K(1000960K), 0.0021610 secs] [Times: user=0.00 sys=0.00, real=0.00 secs] 
164.782: [GC (Allocation Failure) [PSYoungGen: 449910K->31744K(476672K)] 767879K->349713K(1000960K), 0.0022598 secs] [Times: user=0.00 sys=0.00, real=0.00 secs] 
167.953: [GC (Allocation Failure) [PSYoungGen: 393593K->30720K(476672K)] 711562K->451089K(1000960K), 0.0069086 secs] [Times: user=0.00 sys=0.00, real=0.01 secs] 
167.960: [Full GC (Ergonomics) [PSYoungGen: 30720K->0K(476672K)] [ParOldGen: 420369K->82449K(524288K)] 451089K->82449K(1000960K), [Metaspace: 2796K->2796K(1056768K)], 0.0068850 secs] [Times: user=0.00 sys=0.00, real=0.01 secs] 
170.809: [GC (Allocation Failure) [PSYoungGen: 403834K->5120K(476672K)] 486283K->241169K(1000960K), 0.0153355 secs] [Times: user=0.00 sys=0.00, real=0.01 secs] 
173.552: [GC (Allocation Failure) [PSYoungGen: 383294K->30720K(476672K)] 619343K->266769K(1000960K), 0.0026525 secs] [Times: user=0.00 sys=0.00, real=0.00 secs] 
176.177: [GC (Allocation Failure) [PSYoungGen: 454996K->40960K(476672K)] 691046K->277009K(1000960K), 0.0029080 secs] [Times: user=0.00 sys=0.00, real=0.00 secs] 
179.351: [GC (Allocation Failure) [PSYoungGen: 418147K->10240K(476672K)] 654197K->348689K(1000960K), 0.0157012 secs] [Times: user=0.01 sys=0.00, real=0.01 secs] 
179.367: [Full GC (Ergonomics) [PSYoungGen: 10240K->0K(476672K)] [ParOldGen: 338449K->113169K(524288K)] 348689K->113169K(1000960K), [Metaspace: 2796K->2796K(1056768K)], 0.0089611 secs] [Times: user=0.00 sys=0.00, real=0.01 secs] 
182.220: [GC (Allocation Failure) [PSYoungGen: 357740K->6144K(476672K)] 470910K->170513K(1000960K), 0.0049842 secs] [Times: user=0.00 sys=0.00, real=0.00 secs] 
184.949: [GC (Allocation Failure) [PSYoungGen: 384301K->30720K(476672K)] 548670K->195089K(1000960K), 0.0024024 secs] [Times: user=0.00 sys=0.00, real=0.00 secs] 
187.567: [GC (Allocation Failure) [PSYoungGen: 454986K->40960K(476672K)] 619355K->215569K(1000960K), 0.0035015 secs] [Times: user=0.00 sys=0.00, real=0.00 secs] 
190.736: [GC (Allocation Failure) [PSYoungGen: 464220K->10240K(476672K)] 638830K->338449K(1000960K), 0.0155455 secs] [Times: user=0.00 sys=0.00, real=0.02 secs] 
190.751: [Full GC (Ergonomics) [PSYoungGen: 10240K->0K(476672K)] [ParOldGen: 328209K->164369K(524288K)] 338449K->164369K(1000960K), [Metaspace: 2796K->2796K(1056768K)], 0.0123452 secs] [Times: user=0.02 sys=0.00, real=0.01 secs] 
194.806: [GC (Allocation Failure) [PSYoungGen: 416104K->36928K(476672K)] 580473K->201297K(1000960K), 0.0023040 secs] [Times: user=0.00 sys=0.00, real=0.00 secs] 
197.648: [GC (Allocation Failure) [PSYoungGen: 461172K->35936K(476672K)] 625542K->200305K(1000960K), 0.0026904 secs] [Times: user=0.00 sys=0.00, real=0.00 secs] 
200.382: [GC (Allocation Failure) [PSYoungGen: 464302K->15456K(476672K)] 628672K->179825K(1000960K), 0.0013929 secs] [Times: user=0.00 sys=0.00, real=0.00 secs] 
202.674: [GC (Allocation Failure) [PSYoungGen: 439743K->17440K(476672K)] 604113K->181809K(1000960K), 0.0014575 secs] [Times: user=0.00 sys=0.00, real=0.00 secs] 
206.384: [GC (Allocation Failure) [PSYoungGen: 399747K->41056K(476672K)] 564116K->256625K(1000960K), 0.0154232 secs] [Times: user=0.00 sys=0.00, real=0.01 secs] 
209.239: [GC (Allocation Failure) [PSYoungGen: 460236K->5216K(476672K)] 675805K->323185K(1000960K), 0.0159019 secs] [Times: user=0.00 sys=0.00, real=0.02 secs] 
211.982: [GC (Allocation Failure) [PSYoungGen: 387538K->25696K(476672K)] 705508K->343665K(1000960K), 0.0023425 secs] [Times: user=0.00 sys=0.00, real=0.00 secs] 
214.600: [GC (Allocation Failure) [PSYoungGen: 450006K->31840K(476672K)] 767975K->349809K(1000960K), 0.0023553 secs] [Times: user=0.00 sys=0.00, real=0.00 secs] 
217.767: [GC (Allocation Failure) [PSYoungGen: 393689K->30752K(476672K)] 711658K->451121K(1000960K), 0.0166223 secs] [Times: user=0.00 sys=0.00, real=0.02 secs] 
217.783: [Full GC (Ergonomics) [PSYoungGen: 30752K->0K(476672K)] [ParOldGen: 420369K->82449K(524288K)] 451121K->82449K(1000960K), [Metaspace: 2796K->2796K(1056768K)], 0.0067400 secs] [Times: user=0.00 sys=0.00, real=0.01 secs] 
Heap
 PSYoungGen      total 476672K, used 134911K [0x00000000e0000000, 0x0000000100000000, 0x0000000100000000)
  eden space 429056K, 31% used [0x00000000e0000000,0x00000000e83bfe80,0x00000000fa300000)
  from space 47616K, 0% used [0x00000000fd180000,0x00000000fd180000,0x0000000100000000)
  to   space 47616K, 0% used [0x00000000fa300000,0x00000000fa300000,0x00000000fd180000)
 ParOldGen       total 524288K, used 82449K [0x00000000c0000000, 0x00000000e0000000, 0x00000000e0000000)
  object space 524288K, 15% used [0x00000000c0000000,0x00000000c5084720,0x00000000e0000000)
 Metaspace       used 2804K, capacity 4486K, committed 4864K, reserved 1056768K
  class space    used 297K, capacity 386K, committed 512K, reserved 1048576K
