Java HotSpot(TM) 64-Bit Server VM (25.411-b09) for windows-amd64 JRE (1.8.0_411-b09), built on Mar 13 2024 07:26:13 by "java_re" with MS VC++ 17.1 (VS2022)
Memory: 4k page, physical 33403376k(13489104k free), swap 38794768k(6036348k free)
CommandLine flags: -XX:InitialHeapSize=1073741824 -XX:MaxHeapSize=1073741824 -XX:NewRatio=3 -XX:ParallelGCThreads=6 -XX:+PrintGC -XX:+PrintGCDetails -XX:+PrintGCTimeStamps -XX:SurvivorRatio=8 -XX:-UseAdaptiveSizePolicy -XX:+UseCompressedClassPointers -XX:+UseCompressedOops -XX:-UseLargePagesIndividualAllocation -XX:+UseParallelGC 
1.396: [GC (Allocation Failure) [PSYoungGen: 131276K->5808K(236032K)] 131276K->57016K(1022464K), 0.0156946 secs] [Times: user=0.00 sys=0.00, real=0.02 secs] 
2.722: [GC (Allocation Failure) [PSYoungGen: 183952K->26080K(236032K)] 235160K->83608K(1022464K), 0.0159789 secs] [Times: user=0.00 sys=0.00, real=0.02 secs] 
4.811: [GC (Allocation Failure) [PSYoungGen: 234980K->10712K(236032K)] 292508K->68240K(1022464K), 0.0019386 secs] [Times: user=0.00 sys=0.00, real=0.00 secs] 
5.685: [GC (Allocation Failure) [PSYoungGen: 127472K->15864K(236032K)] 185000K->124592K(1022464K), 0.0155425 secs] [Times: user=0.00 sys=0.00, real=0.02 secs] 
7.010: [GC (Allocation Failure) [PSYoungGen: 196178K->26104K(236032K)] 304906K->170680K(1022464K), 0.0156597 secs] [Times: user=0.02 sys=0.00, real=0.02 secs] 
8.445: [GC (Allocation Failure) [PSYoungGen: 219650K->20920K(236032K)] 364226K->165496K(1022464K), 0.0021900 secs] [Times: user=0.00 sys=0.00, real=0.00 secs] 
9.754: [GC (Allocation Failure) [PSYoungGen: 229843K->15848K(236032K)] 374419K->211624K(1022464K), 0.0161704 secs] [Times: user=0.00 sys=0.00, real=0.02 secs] 
10.964: [GC (Allocation Failure) [PSYoungGen: 224782K->15848K(236032K)] 420559K->314024K(1022464K), 0.0324966 secs] [Times: user=0.03 sys=0.02, real=0.03 secs] 
12.414: [GC (Allocation Failure) [PSYoungGen: 224790K->10696K(236032K)] 522966K->308872K(1022464K), 0.0013940 secs] [Times: user=0.00 sys=0.00, real=0.00 secs] 
13.285: [GC (Allocation Failure) [PSYoungGen: 215888K->11736K(236032K)] 514064K->309920K(1022464K), 0.0015576 secs] [Times: user=0.00 sys=0.00, real=0.00 secs] 
14.265: [GC (Allocation Failure) [PSYoungGen: 133629K->16872K(236032K)] 431813K->366256K(1022464K), 0.0165945 secs] [Times: user=0.00 sys=0.00, real=0.02 secs] 
16.890: [GC (Allocation Failure) [PSYoungGen: 225803K->15832K(236032K)] 575187K->365216K(1022464K), 0.0019274 secs] [Times: user=0.00 sys=0.00, real=0.00 secs] 
18.090: [GC (Allocation Failure) [PSYoungGen: 224757K->15848K(236032K)] 574141K->385712K(1022464K), 0.0156263 secs] [Times: user=0.00 sys=0.00, real=0.02 secs] 
19.085: [GC (Allocation Failure) [PSYoungGen: 224784K->15864K(236032K)] 594648K->436928K(1022464K), 0.0163190 secs] [Times: user=0.00 sys=0.00, real=0.01 secs] 
21.064: [GC (Allocation Failure) [PSYoungGen: 224807K->15816K(236032K)] 645871K->539280K(1022464K), 0.0323879 secs] [Times: user=0.01 sys=0.02, real=0.03 secs] 
22.187: [GC (Allocation Failure) [PSYoungGen: 224764K->11328K(236032K)] 748228K->535168K(1022464K), 0.0017638 secs] [Times: user=0.00 sys=0.00, real=0.00 secs] 
23.709: [GC (Allocation Failure) [PSYoungGen: 220279K->1088K(236032K)] 744119K->524928K(1022464K), 0.0009843 secs] [Times: user=0.00 sys=0.00, real=0.00 secs] 
24.688: [GC (Allocation Failure) [PSYoungGen: 210040K->20544K(236032K)] 733881K->544400K(1022464K), 0.0021077 secs] [Times: user=0.00 sys=0.00, real=0.00 secs] 
25.664: [GC (Allocation Failure) [PSYoungGen: 142458K->25664K(236032K)] 666314K->600720K(1022464K), 0.0167696 secs] [Times: user=0.00 sys=0.00, real=0.02 secs] 
28.074: [GC (Allocation Failure) [PSYoungGen: 229488K->10272K(236032K)] 804544K->585336K(1022464K), 0.0016561 secs] [Times: user=0.00 sys=0.00, real=0.00 secs] 
29.057: [GC (Allocation Failure) [PSYoungGen: 220092K->10336K(236032K)] 795156K->636608K(1022464K), 0.0171109 secs] [Times: user=0.00 sys=0.00, real=0.02 secs] 
29.941: [GC (Allocation Failure) [PSYoungGen: 127111K->10304K(236032K)] 753383K->687776K(1022464K), 0.0179935 secs] [Times: user=0.02 sys=0.00, real=0.02 secs] 
31.372: [GC (Allocation Failure) [PSYoungGen: 142435K->5216K(236032K)] 819907K->682688K(1022464K), 0.0012541 secs] [Times: user=0.00 sys=0.00, real=0.00 secs] 
32.675: [GC (Allocation Failure) [PSYoungGen: 183404K->25664K(236032K)] 860877K->704160K(1022464K), 0.0027668 secs] [Times: user=0.00 sys=0.00, real=0.00 secs] 
33.983: [GC (Allocation Failure) [PSYoungGen: 234587K->25632K(236032K)] 913083K->705160K(1022464K), 0.0022657 secs] [Times: user=0.01 sys=0.00, real=0.00 secs] 
35.402: [GC (Allocation Failure) [PSYoungGen: 229447K->20544K(236032K)] 908975K->700072K(1022464K), 0.0017653 secs] [Times: user=0.00 sys=0.00, real=0.00 secs] 
36.602: [GC (Allocation Failure) [PSYoungGen: 229486K->20544K(236032K)] 909014K->700072K(1022464K), 0.0027531 secs] [Times: user=0.00 sys=0.00, real=0.00 secs] 
37.583: [GC (Allocation Failure) [PSYoungGen: 229491K->25632K(236032K)] 909019K->720520K(1022464K), 0.0055973 secs] [Times: user=0.00 sys=0.00, real=0.01 secs] 
39.765: [GC (Allocation Failure) [PSYoungGen: 203862K->25664K(236032K)] 898751K->720552K(1022464K), 0.0025613 secs] [Times: user=0.00 sys=0.00, real=0.00 secs] 
41.074: [GC (Allocation Failure) --[PSYoungGen: 234614K->234614K(236032K)] 929502K->929502K(1022464K), 0.0021385 secs] [Times: user=0.00 sys=0.00, real=0.00 secs] 
41.076: [Full GC (Ergonomics) [PSYoungGen: 234614K->0K(236032K)] [ParOldGen: 694888K->123409K(786432K)] 929502K->123409K(1022464K), [Metaspace: 2793K->2793K(1056768K)], 0.0188487 secs] [Times: user=0.00 sys=0.00, real=0.02 secs] 
43.043: [GC (Allocation Failure) [PSYoungGen: 208937K->2048K(236032K)] 332347K->125457K(1022464K), 0.0006595 secs] [Times: user=0.00 sys=0.00, real=0.00 secs] 
44.141: [GC (Allocation Failure) [PSYoungGen: 129086K->11264K(236032K)] 252496K->185873K(1022464K), 0.0046873 secs] [Times: user=0.00 sys=0.00, real=0.00 secs] 
45.450: [GC (Allocation Failure) [PSYoungGen: 189468K->16384K(236032K)] 364078K->221713K(1022464K), 0.0035876 secs] [Times: user=0.02 sys=0.00, real=0.00 secs] 
46.868: [GC (Allocation Failure) [PSYoungGen: 215060K->20480K(236032K)] 420389K->246289K(1022464K), 0.0023699 secs] [Times: user=0.00 sys=0.00, real=0.00 secs] 
48.180: [GC (Allocation Failure) [PSYoungGen: 229410K->15360K(236032K)] 455219K->241169K(1022464K), 0.0013712 secs] [Times: user=0.00 sys=0.00, real=0.00 secs] 
49.380: [GC (Allocation Failure) [PSYoungGen: 224299K->15360K(236032K)] 450108K->292369K(1022464K), 0.0052335 secs] [Times: user=0.00 sys=0.00, real=0.01 secs] 
50.687: [GC (Allocation Failure) [PSYoungGen: 224305K->10240K(236032K)] 501314K->287249K(1022464K), 0.0008967 secs] [Times: user=0.00 sys=0.00, real=0.00 secs] 
51.668: [GC (Allocation Failure) [PSYoungGen: 219189K->11264K(236032K)] 496198K->288273K(1022464K), 0.0010394 secs] [Times: user=0.00 sys=0.00, real=0.00 secs] 
52.651: [GC (Allocation Failure) [PSYoungGen: 133161K->11264K(236032K)] 410170K->339473K(1022464K), 0.0051588 secs] [Times: user=0.00 sys=0.00, real=0.00 secs] 
55.284: [GC (Allocation Failure) [PSYoungGen: 209957K->25600K(236032K)] 538167K->353809K(1022464K), 0.0020607 secs] [Times: user=0.00 sys=0.00, real=0.00 secs] 
56.480: [GC (Allocation Failure) [PSYoungGen: 234525K->25600K(236032K)] 562735K->353809K(1022464K), 0.0021577 secs] [Times: user=0.00 sys=0.00, real=0.00 secs] 
57.459: [GC (Allocation Failure) [PSYoungGen: 234543K->25600K(236032K)] 562753K->374289K(1022464K), 0.0035347 secs] [Times: user=0.00 sys=0.00, real=0.00 secs] 
59.206: [GC (Allocation Failure) [PSYoungGen: 234548K->10240K(236032K)] 583237K->410129K(1022464K), 0.0051099 secs] [Times: user=0.00 sys=0.00, real=0.01 secs] 
60.190: [GC (Allocation Failure) [PSYoungGen: 219191K->10240K(236032K)] 619080K->512529K(1022464K), 0.0166891 secs] [Times: user=0.00 sys=0.00, real=0.02 secs] 
61.188: [GC (Allocation Failure) [PSYoungGen: 132153K->10240K(236032K)] 634442K->563729K(1022464K), 0.0052790 secs] [Times: user=0.00 sys=0.00, real=0.00 secs] 
62.616: [GC (Allocation Failure) [PSYoungGen: 219183K->5120K(236032K)] 772673K->609809K(1022464K), 0.0045849 secs] [Times: user=0.00 sys=0.00, real=0.00 secs] 
63.924: [GC (Allocation Failure) [PSYoungGen: 183333K->16384K(236032K)] 788023K->641553K(1022464K), 0.0029702 secs] [Times: user=0.00 sys=0.00, real=0.00 secs] 
65.779: [GC (Allocation Failure) [PSYoungGen: 225314K->10240K(236032K)] 850484K->635409K(1022464K), 0.0013754 secs] [Times: user=0.00 sys=0.00, real=0.00 secs] 
66.869: [GC (Allocation Failure) [PSYoungGen: 137259K->25600K(236032K)] 762429K->701969K(1022464K), 0.0054233 secs] [Times: user=0.00 sys=0.00, real=0.00 secs] 
68.180: [GC (Allocation Failure) [PSYoungGen: 203816K->25600K(236032K)] 880185K->727569K(1022464K), 0.0041001 secs] [Times: user=0.00 sys=0.00, real=0.00 secs] 
68.184: [Full GC (Ergonomics) [PSYoungGen: 25600K->0K(236032K)] [ParOldGen: 701969K->51729K(786432K)] 727569K->51729K(1022464K), [Metaspace: 2796K->2796K(1056768K)], 0.0058627 secs] [Times: user=0.00 sys=0.00, real=0.00 secs] 
69.617: [GC (Allocation Failure) [PSYoungGen: 178203K->5120K(236032K)] 229933K->56849K(1022464K), 0.0008484 secs] [Times: user=0.00 sys=0.00, real=0.00 secs] 
70.925: [GC (Allocation Failure) [PSYoungGen: 214036K->15360K(236032K)] 265765K->169489K(1022464K), 0.0156257 secs] [Times: user=0.00 sys=0.00, real=0.02 secs] 
72.143: [GC (Allocation Failure) [PSYoungGen: 224290K->16384K(236032K)] 378419K->170513K(1022464K), 0.0011337 secs] [Times: user=0.00 sys=0.00, real=0.00 secs] 
73.562: [GC (Allocation Failure) [PSYoungGen: 220203K->5120K(236032K)] 374333K->159249K(1022464K), 0.0007861 secs] [Times: user=0.00 sys=0.00, real=0.00 secs] 
74.546: [GC (Allocation Failure) [PSYoungGen: 214065K->20480K(236032K)] 368194K->174609K(1022464K), 0.0017438 secs] [Times: user=0.00 sys=0.00, real=0.00 secs] 
75.412: [GC (Allocation Failure) [PSYoungGen: 137269K->25600K(236032K)] 291398K->230929K(1022464K), 0.0067996 secs] [Times: user=0.00 sys=0.00, real=0.01 secs] 
77.830: [GC (Allocation Failure) [PSYoungGen: 229420K->10240K(236032K)] 434749K->215569K(1022464K), 0.0010267 secs] [Times: user=0.00 sys=0.00, real=0.00 secs] 
78.812: [GC (Allocation Failure) [PSYoungGen: 219170K->10240K(236032K)] 424500K->266769K(1022464K), 0.0048767 secs] [Times: user=0.00 sys=0.00, real=0.00 secs] 
79.685: [GC (Allocation Failure) [PSYoungGen: 127019K->10240K(236032K)] 383549K->317969K(1022464K), 0.0049650 secs] [Times: user=0.02 sys=0.00, real=0.01 secs] 
81.117: [GC (Allocation Failure) [PSYoungGen: 142374K->5120K(236032K)] 450103K->312849K(1022464K), 0.0007434 secs] [Times: user=0.00 sys=0.00, real=0.00 secs] 
82.426: [GC (Allocation Failure) [PSYoungGen: 183310K->21504K(236032K)] 491040K->334353K(1022464K), 0.0025818 secs] [Times: user=0.00 sys=0.00, real=0.00 secs] 
83.733: [GC (Allocation Failure) [PSYoungGen: 230428K->22528K(236032K)] 543278K->335377K(1022464K), 0.0019785 secs] [Times: user=0.02 sys=0.00, real=0.00 secs] 
85.153: [GC (Allocation Failure) [PSYoungGen: 226343K->20480K(236032K)] 539193K->333329K(1022464K), 0.0014746 secs] [Times: user=0.00 sys=0.00, real=0.00 secs] 
86.349: [GC (Allocation Failure) [PSYoungGen: 229422K->20480K(236032K)] 542272K->333329K(1022464K), 0.0021036 secs] [Times: user=0.00 sys=0.00, real=0.00 secs] 
87.330: [GC (Allocation Failure) [PSYoungGen: 229427K->20480K(236032K)] 542277K->353809K(1022464K), 0.0030903 secs] [Times: user=0.00 sys=0.00, real=0.00 secs] 
89.518: [GC (Allocation Failure) [PSYoungGen: 198710K->25600K(236032K)] 532040K->358929K(1022464K), 0.0026763 secs] [Times: user=0.00 sys=0.00, real=0.00 secs] 
90.830: [GC (Allocation Failure) [PSYoungGen: 234550K->20480K(236032K)] 567879K->456209K(1022464K), 0.0164488 secs] [Times: user=0.00 sys=0.00, real=0.02 secs] 
92.802: [GC (Allocation Failure) [PSYoungGen: 229418K->2048K(236032K)] 665147K->437777K(1022464K), 0.0007600 secs] [Times: user=0.00 sys=0.00, real=0.00 secs] 
93.888: [GC (Allocation Failure) [PSYoungGen: 129087K->11264K(236032K)] 564816K->498193K(1022464K), 0.0048519 secs] [Times: user=0.00 sys=0.00, real=0.00 secs] 
95.192: [GC (Allocation Failure) [PSYoungGen: 189468K->21504K(236032K)] 676398K->534033K(1022464K), 0.0032062 secs] [Times: user=0.00 sys=0.00, real=0.00 secs] 
96.607: [GC (Allocation Failure) [PSYoungGen: 220180K->20480K(236032K)] 732710K->553489K(1022464K), 0.0028067 secs] [Times: user=0.01 sys=0.00, real=0.00 secs] 
97.910: [GC (Allocation Failure) [PSYoungGen: 229410K->15360K(236032K)] 762419K->548369K(1022464K), 0.0014271 secs] [Times: user=0.00 sys=0.00, real=0.00 secs] 
99.106: [GC (Allocation Failure) [PSYoungGen: 224299K->15360K(236032K)] 757309K->599569K(1022464K), 0.0052709 secs] [Times: user=0.00 sys=0.00, real=0.01 secs] 
100.412: [GC (Allocation Failure) [PSYoungGen: 224305K->10240K(236032K)] 808515K->594449K(1022464K), 0.0010957 secs] [Times: user=0.00 sys=0.00, real=0.00 secs] 
101.389: [GC (Allocation Failure) [PSYoungGen: 219189K->11264K(236032K)] 803398K->595473K(1022464K), 0.0011071 secs] [Times: user=0.00 sys=0.00, real=0.00 secs] 
102.369: [GC (Allocation Failure) [PSYoungGen: 133161K->11264K(236032K)] 717371K->646673K(1022464K), 0.0062029 secs] [Times: user=0.00 sys=0.00, real=0.01 secs] 
104.986: [GC (Allocation Failure) [PSYoungGen: 209957K->25600K(236032K)] 845367K->661009K(1022464K), 0.0025602 secs] [Times: user=0.00 sys=0.00, real=0.00 secs] 
106.183: [GC (Allocation Failure) [PSYoungGen: 234525K->25600K(236032K)] 869935K->661009K(1022464K), 0.0021689 secs] [Times: user=0.00 sys=0.00, real=0.00 secs] 
107.165: [GC (Allocation Failure) [PSYoungGen: 234543K->25600K(236032K)] 869953K->681489K(1022464K), 0.0034432 secs] [Times: user=0.00 sys=0.00, real=0.00 secs] 
108.915: [GC (Allocation Failure) [PSYoungGen: 234548K->10240K(236032K)] 890438K->717329K(1022464K), 0.0155729 secs] [Times: user=0.00 sys=0.00, real=0.01 secs] 
108.931: [Full GC (Ergonomics) [PSYoungGen: 10240K->0K(236032K)] [ParOldGen: 707089K->61969K(786432K)] 717329K->61969K(1022464K), [Metaspace: 2796K->2796K(1056768K)], 0.0068224 secs] [Times: user=0.00 sys=0.00, real=0.01 secs] 
109.910: [GC (Allocation Failure) [PSYoungGen: 208951K->5120K(236032K)] 270920K->169489K(1022464K), 0.0158414 secs] [Times: user=0.00 sys=0.00, real=0.02 secs] 
110.906: [GC (Allocation Failure) [PSYoungGen: 127018K->5120K(236032K)] 291387K->220689K(1022464K), 0.0048316 secs] [Times: user=0.00 sys=0.00, real=0.00 secs] 
112.330: [GC (Allocation Failure) [PSYoungGen: 214054K->5120K(236032K)] 429623K->271889K(1022464K), 0.0048727 secs] [Times: user=0.00 sys=0.00, real=0.01 secs] 
113.637: [GC (Allocation Failure) [PSYoungGen: 183327K->25600K(236032K)] 450097K->303633K(1022464K), 0.0027288 secs] [Times: user=0.00 sys=0.00, real=0.00 secs] 
115.486: [GC (Allocation Failure) [PSYoungGen: 234527K->10240K(236032K)] 512560K->288273K(1022464K), 0.0012179 secs] [Times: user=0.00 sys=0.00, real=0.00 secs] 
116.574: [GC (Allocation Failure) [PSYoungGen: 137257K->25600K(236032K)] 415290K->354833K(1022464K), 0.0052226 secs] [Times: user=0.00 sys=0.00, real=0.01 secs] 
117.895: [GC (Allocation Failure) [PSYoungGen: 203814K->25600K(236032K)] 533048K->380433K(1022464K), 0.0035400 secs] [Times: user=0.00 sys=0.00, real=0.00 secs] 
119.310: [GC (Allocation Failure) [PSYoungGen: 203803K->5120K(236032K)] 558636K->359953K(1022464K), 0.0008743 secs] [Times: user=0.00 sys=0.00, real=0.00 secs] 
120.621: [GC (Allocation Failure) [PSYoungGen: 214052K->15360K(236032K)] 568885K->472593K(1022464K), 0.0155373 secs] [Times: user=0.00 sys=0.00, real=0.01 secs] 
121.834: [GC (Allocation Failure) [PSYoungGen: 224300K->16384K(236032K)] 681534K->473617K(1022464K), 0.0015442 secs] [Times: user=0.00 sys=0.00, real=0.00 secs] 
123.252: [GC (Allocation Failure) [PSYoungGen: 220210K->5120K(236032K)] 677443K->462353K(1022464K), 0.0009094 secs] [Times: user=0.00 sys=0.00, real=0.00 secs] 
124.233: [GC (Allocation Failure) [PSYoungGen: 214069K->20480K(236032K)] 671303K->477713K(1022464K), 0.0022111 secs] [Times: user=0.00 sys=0.00, real=0.00 secs] 
125.105: [GC (Allocation Failure) [PSYoungGen: 137271K->25600K(236032K)] 594505K->534033K(1022464K), 0.0070455 secs] [Times: user=0.00 sys=0.00, real=0.01 secs] 
127.522: [GC (Allocation Failure) [PSYoungGen: 229421K->10240K(236032K)] 737855K->518673K(1022464K), 0.0012646 secs] [Times: user=0.00 sys=0.00, real=0.00 secs] 
128.502: [GC (Allocation Failure) [PSYoungGen: 219171K->10240K(236032K)] 727605K->569873K(1022464K), 0.0049747 secs] [Times: user=0.00 sys=0.00, real=0.01 secs] 
129.375: [GC (Allocation Failure) [PSYoungGen: 127020K->10240K(236032K)] 686654K->621073K(1022464K), 0.0054918 secs] [Times: user=0.00 sys=0.00, real=0.01 secs] 
130.805: [GC (Allocation Failure) [PSYoungGen: 142374K->5120K(236032K)] 753208K->615953K(1022464K), 0.0011575 secs] [Times: user=0.00 sys=0.00, real=0.00 secs] 
132.111: [GC (Allocation Failure) [PSYoungGen: 183311K->21504K(236032K)] 794144K->637457K(1022464K), 0.0025755 secs] [Times: user=0.00 sys=0.00, real=0.00 secs] 
133.415: [GC (Allocation Failure) [PSYoungGen: 230428K->22528K(236032K)] 846382K->638481K(1022464K), 0.0017922 secs] [Times: user=0.00 sys=0.00, real=0.00 secs] 
134.835: [GC (Allocation Failure) [PSYoungGen: 226343K->20480K(236032K)] 842297K->636433K(1022464K), 0.0014360 secs] [Times: user=0.00 sys=0.00, real=0.00 secs] 
136.035: [GC (Allocation Failure) [PSYoungGen: 229422K->20480K(236032K)] 845376K->636433K(1022464K), 0.0019095 secs] [Times: user=0.00 sys=0.00, real=0.00 secs] 
137.016: [GC (Allocation Failure) [PSYoungGen: 229427K->20480K(236032K)] 845381K->656913K(1022464K), 0.0033105 secs] [Times: user=0.00 sys=0.00, real=0.00 secs] 
139.202: [GC (Allocation Failure) [PSYoungGen: 198710K->25600K(236032K)] 835144K->662033K(1022464K), 0.0026673 secs] [Times: user=0.00 sys=0.00, real=0.00 secs] 
140.503: [GC (Allocation Failure) [PSYoungGen: 234550K->20480K(236032K)] 870983K->759313K(1022464K), 0.0158270 secs] [Times: user=0.00 sys=0.00, real=0.01 secs] 
140.519: [Full GC (Ergonomics) [PSYoungGen: 20480K->0K(236032K)] [ParOldGen: 738833K->123409K(786432K)] 759313K->123409K(1022464K), [Metaspace: 2796K->2796K(1056768K)], 0.0113578 secs] [Times: user=0.00 sys=0.00, real=0.01 secs] 
142.494: [GC (Allocation Failure) [PSYoungGen: 208937K->2048K(236032K)] 332347K->125457K(1022464K), 0.0009443 secs] [Times: user=0.00 sys=0.00, real=0.00 secs] 
143.583: [GC (Allocation Failure) [PSYoungGen: 129086K->11264K(236032K)] 252496K->185873K(1022464K), 0.0050564 secs] [Times: user=0.00 sys=0.00, real=0.00 secs] 
144.892: [GC (Allocation Failure) [PSYoungGen: 189468K->21504K(236032K)] 364078K->221713K(1022464K), 0.0033539 secs] [Times: user=0.00 sys=0.00, real=0.00 secs] 
146.305: [GC (Allocation Failure) [PSYoungGen: 220180K->20480K(236032K)] 420389K->241169K(1022464K), 0.0026168 secs] [Times: user=0.00 sys=0.00, real=0.00 secs] 
147.612: [GC (Allocation Failure) [PSYoungGen: 229410K->15360K(236032K)] 450099K->236049K(1022464K), 0.0014179 secs] [Times: user=0.00 sys=0.00, real=0.00 secs] 
148.809: [GC (Allocation Failure) [PSYoungGen: 224299K->15360K(236032K)] 444988K->287249K(1022464K), 0.0056067 secs] [Times: user=0.02 sys=0.00, real=0.00 secs] 
150.120: [GC (Allocation Failure) [PSYoungGen: 224305K->10240K(236032K)] 496194K->282129K(1022464K), 0.0008420 secs] [Times: user=0.00 sys=0.00, real=0.00 secs] 
151.098: [GC (Allocation Failure) [PSYoungGen: 219189K->11264K(236032K)] 491078K->283153K(1022464K), 0.0010323 secs] [Times: user=0.00 sys=0.00, real=0.00 secs] 
152.080: [GC (Allocation Failure) [PSYoungGen: 133161K->11264K(236032K)] 405050K->334353K(1022464K), 0.0047846 secs] [Times: user=0.00 sys=0.00, real=0.00 secs] 
154.698: [GC (Allocation Failure) [PSYoungGen: 209957K->25600K(236032K)] 533047K->348689K(1022464K), 0.0020222 secs] [Times: user=0.00 sys=0.00, real=0.00 secs] 
155.896: [GC (Allocation Failure) [PSYoungGen: 234525K->25600K(236032K)] 557615K->348689K(1022464K), 0.0020415 secs] [Times: user=0.00 sys=0.00, real=0.00 secs] 
156.872: [GC (Allocation Failure) [PSYoungGen: 234543K->25600K(236032K)] 557633K->369169K(1022464K), 0.0036146 secs] [Times: user=0.00 sys=0.00, real=0.00 secs] 
158.614: [GC (Allocation Failure) [PSYoungGen: 234548K->10240K(236032K)] 578117K->405009K(1022464K), 0.0051551 secs] [Times: user=0.00 sys=0.00, real=0.00 secs] 
159.595: [GC (Allocation Failure) [PSYoungGen: 219191K->10240K(236032K)] 613960K->507409K(1022464K), 0.0157804 secs] [Times: user=0.00 sys=0.00, real=0.02 secs] 
160.590: [GC (Allocation Failure) [PSYoungGen: 132153K->10240K(236032K)] 629322K->558609K(1022464K), 0.0054001 secs] [Times: user=0.01 sys=0.00, real=0.01 secs] 
162.024: [GC (Allocation Failure) [PSYoungGen: 219183K->5120K(236032K)] 767553K->604689K(1022464K), 0.0046930 secs] [Times: user=0.00 sys=0.00, real=0.01 secs] 
163.330: [GC (Allocation Failure) [PSYoungGen: 183333K->25600K(236032K)] 782903K->636433K(1022464K), 0.0028556 secs] [Times: user=0.00 sys=0.00, real=0.00 secs] 
165.186: [GC (Allocation Failure) [PSYoungGen: 234530K->10240K(236032K)] 845364K->621073K(1022464K), 0.0012881 secs] [Times: user=0.05 sys=0.00, real=0.00 secs] 
166.276: [GC (Allocation Failure) [PSYoungGen: 137259K->25600K(236032K)] 748093K->687633K(1022464K), 0.0057295 secs] [Times: user=0.00 sys=0.00, real=0.01 secs] 
167.592: [GC (Allocation Failure) [PSYoungGen: 203816K->25600K(236032K)] 865849K->713233K(1022464K), 0.0037310 secs] [Times: user=0.00 sys=0.00, real=0.00 secs] 
169.013: [GC (Allocation Failure) [PSYoungGen: 203804K->5120K(236032K)] 891437K->692753K(1022464K), 0.0014112 secs] [Times: user=0.00 sys=0.00, real=0.00 secs] 
170.327: [GC (Allocation Failure) --[PSYoungGen: 214053K->214053K(236032K)] 901686K->901686K(1022464K), 0.0015283 secs] [Times: user=0.02 sys=0.00, real=0.00 secs] 
170.328: [Full GC (Ergonomics) [PSYoungGen: 214053K->0K(236032K)] [ParOldGen: 687633K->118784K(786432K)] 901686K->118784K(1022464K), [Metaspace: 2796K->2796K(1056768K)], 0.0100890 secs] [Times: user=0.00 sys=0.00, real=0.01 secs] 
171.543: [GC (Allocation Failure) [PSYoungGen: 208941K->11264K(236032K)] 327725K->130048K(1022464K), 0.0009624 secs] [Times: user=0.00 sys=0.00, real=0.00 secs] 
172.960: [GC (Allocation Failure) [PSYoungGen: 215076K->5120K(236032K)] 333860K->123904K(1022464K), 0.0006888 secs] [Times: user=0.00 sys=0.00, real=0.00 secs] 
173.940: [GC (Allocation Failure) [PSYoungGen: 214060K->20480K(236032K)] 332844K->139264K(1022464K), 0.0016592 secs] [Times: user=0.00 sys=0.00, real=0.00 secs] 
174.811: [GC (Allocation Failure) [PSYoungGen: 137266K->25600K(236032K)] 256050K->195584K(1022464K), 0.0161079 secs] [Times: user=0.01 sys=0.00, real=0.02 secs] 
177.231: [GC (Allocation Failure) [PSYoungGen: 229418K->10240K(236032K)] 399402K->180224K(1022464K), 0.0010243 secs] [Times: user=0.00 sys=0.00, real=0.00 secs] 
178.218: [GC (Allocation Failure) [PSYoungGen: 219169K->10240K(236032K)] 389153K->231424K(1022464K), 0.0054017 secs] [Times: user=0.02 sys=0.00, real=0.00 secs] 
179.090: [GC (Allocation Failure) [PSYoungGen: 127019K->10240K(236032K)] 348203K->282624K(1022464K), 0.0054422 secs] [Times: user=0.00 sys=0.00, real=0.01 secs] 
180.509: [GC (Allocation Failure) [PSYoungGen: 142373K->5120K(236032K)] 414757K->277504K(1022464K), 0.0010179 secs] [Times: user=0.00 sys=0.00, real=0.00 secs] 
181.814: [GC (Allocation Failure) [PSYoungGen: 183310K->21504K(236032K)] 455694K->299008K(1022464K), 0.0023948 secs] [Times: user=0.00 sys=0.00, real=0.00 secs] 
183.120: [GC (Allocation Failure) [PSYoungGen: 230428K->22528K(236032K)] 507932K->300032K(1022464K), 0.0024747 secs] [Times: user=0.00 sys=0.00, real=0.00 secs] 
184.536: [GC (Allocation Failure) [PSYoungGen: 226343K->20480K(236032K)] 503847K->297984K(1022464K), 0.0017410 secs] [Times: user=0.00 sys=0.00, real=0.00 secs] 
185.727: [GC (Allocation Failure) [PSYoungGen: 229422K->20480K(236032K)] 506926K->297984K(1022464K), 0.0018097 secs] [Times: user=0.00 sys=0.00, real=0.00 secs] 
186.702: [GC (Allocation Failure) [PSYoungGen: 229427K->20480K(236032K)] 506931K->318464K(1022464K), 0.0031228 secs] [Times: user=0.01 sys=0.00, real=0.00 secs] 
188.872: [GC (Allocation Failure) [PSYoungGen: 198710K->25600K(236032K)] 496694K->323584K(1022464K), 0.0023900 secs] [Times: user=0.00 sys=0.00, real=0.00 secs] 
190.173: [GC (Allocation Failure) [PSYoungGen: 234550K->20480K(236032K)] 532534K->420864K(1022464K), 0.0156174 secs] [Times: user=0.00 sys=0.00, real=0.02 secs] 
192.141: [GC (Allocation Failure) [PSYoungGen: 229417K->2080K(236032K)] 629802K->402464K(1022464K), 0.0011135 secs] [Times: user=0.00 sys=0.00, real=0.00 secs] 
193.222: [GC (Allocation Failure) [PSYoungGen: 129119K->11296K(236032K)] 529503K->462880K(1022464K), 0.0062911 secs] [Times: user=0.00 sys=0.00, real=0.01 secs] 
194.535: [GC (Allocation Failure) [PSYoungGen: 189500K->21536K(236032K)] 641085K->498720K(1022464K), 0.0038995 secs] [Times: user=0.00 sys=0.00, real=0.00 secs] 
195.942: [GC (Allocation Failure) [PSYoungGen: 220212K->20512K(236032K)] 697396K->518176K(1022464K), 0.0034332 secs] [Times: user=0.00 sys=0.00, real=0.00 secs] 
197.235: [GC (Allocation Failure) [PSYoungGen: 229442K->15392K(236032K)] 727106K->513056K(1022464K), 0.0018535 secs] [Times: user=0.00 sys=0.00, real=0.00 secs] 
198.420: [GC (Allocation Failure) [PSYoungGen: 224331K->15392K(236032K)] 721995K->564256K(1022464K), 0.0062427 secs] [Times: user=0.00 sys=0.00, real=0.01 secs] 
199.709: [GC (Allocation Failure) [PSYoungGen: 224337K->10304K(236032K)] 773201K->559168K(1022464K), 0.0018209 secs] [Times: user=0.00 sys=0.00, real=0.00 secs] 
200.677: [GC (Allocation Failure) [PSYoungGen: 219253K->11296K(236032K)] 768117K->560160K(1022464K), 0.0016876 secs] [Times: user=0.00 sys=0.00, real=0.00 secs] 
201.644: [GC (Allocation Failure) [PSYoungGen: 133193K->11296K(236032K)] 682057K->611360K(1022464K), 0.0057222 secs] [Times: user=0.00 sys=0.00, real=0.01 secs] 
204.244: [GC (Allocation Failure) [PSYoungGen: 209989K->25632K(236032K)] 810054K->625696K(1022464K), 0.0025954 secs] [Times: user=0.00 sys=0.00, real=0.00 secs] 
205.433: [GC (Allocation Failure) [PSYoungGen: 234557K->25632K(236032K)] 834622K->625696K(1022464K), 0.0026337 secs] [Times: user=0.00 sys=0.00, real=0.00 secs] 
206.409: [GC (Allocation Failure) [PSYoungGen: 234575K->25632K(236032K)] 834640K->646176K(1022464K), 0.0039370 secs] [Times: user=0.00 sys=0.00, real=0.00 secs] 
208.144: [GC (Allocation Failure) [PSYoungGen: 234580K->10272K(236032K)] 855124K->682016K(1022464K), 0.0054815 secs] [Times: user=0.00 sys=0.00, real=0.00 secs] 
209.119: [GC (Allocation Failure) [PSYoungGen: 219223K->10336K(236032K)] 890967K->784480K(1022464K), 0.0198664 secs] [Times: user=0.00 sys=0.00, real=0.02 secs] 
209.139: [Full GC (Ergonomics) [PSYoungGen: 10336K->0K(236032K)] [ParOldGen: 774144K->164369K(786432K)] 784480K->164369K(1022464K), [Metaspace: 2796K->2796K(1056768K)], 0.0145106 secs] [Times: user=0.00 sys=0.00, real=0.01 secs] 
210.123: [GC (Allocation Failure) [PSYoungGen: 121913K->5120K(236032K)] 286282K->220689K(1022464K), 0.0157390 secs] [Times: user=0.00 sys=0.00, real=0.02 secs] 
211.538: [GC (Allocation Failure) [PSYoungGen: 214038K->5120K(236032K)] 429608K->271889K(1022464K), 0.0159851 secs] [Times: user=0.00 sys=0.00, real=0.02 secs] 
212.853: [GC (Allocation Failure) [PSYoungGen: 183317K->25600K(236032K)] 450087K->303633K(1022464K), 0.0029042 secs] [Times: user=0.00 sys=0.00, real=0.00 secs] 
214.701: [GC (Allocation Failure) [PSYoungGen: 234520K->10240K(236032K)] 512554K->288273K(1022464K), 0.0012529 secs] [Times: user=0.00 sys=0.00, real=0.00 secs] 
215.784: [GC (Allocation Failure) [PSYoungGen: 137253K->25600K(236032K)] 415287K->354833K(1022464K), 0.0158896 secs] [Times: user=0.00 sys=0.00, real=0.02 secs] 
217.106: [GC (Allocation Failure) [PSYoungGen: 203812K->25600K(236032K)] 533046K->380433K(1022464K), 0.0036727 secs] [Times: user=0.02 sys=0.00, real=0.00 secs] 
Heap
 PSYoungGen      total 236032K, used 208000K [0x00000000f0000000, 0x0000000100000000, 0x0000000100000000)
  eden space 209920K, 86% used [0x00000000f0000000,0x00000000fb220038,0x00000000fcd00000)
  from space 26112K, 98% used [0x00000000fcd00000,0x00000000fe600020,0x00000000fe680000)
  to   space 26112K, 0% used [0x00000000fe680000,0x00000000fe680000,0x0000000100000000)
 ParOldGen       total 786432K, used 354833K [0x00000000c0000000, 0x00000000f0000000, 0x00000000f0000000)
  object space 786432K, 45% used [0x00000000c0000000,0x00000000d5a84790,0x00000000f0000000)
 Metaspace       used 2804K, capacity 4486K, committed 4864K, reserved 1056768K
  class space    used 297K, capacity 386K, committed 512K, reserved 1048576K
