Java HotSpot(TM) 64-Bit Server VM (25.411-b09) for windows-amd64 JRE (1.8.0_411-b09), built on Mar 13 2024 07:26:13 by "java_re" with MS VC++ 17.1 (VS2022)
Memory: 4k page, physical 33403376k(14843404k free), swap 38794768k(7656404k free)
CommandLine flags: -XX:InitialHeapSize=1073741824 -XX:MaxHeapSize=1073741824 -XX:NewRatio=8 -XX:ParallelGCThreads=6 -XX:+PrintGC -XX:+PrintGCDetails -XX:+PrintGCTimeStamps -XX:SurvivorRatio=10 -XX:-UseAdaptiveSizePolicy -XX:+UseCompressedClassPointers -XX:+UseCompressedOops -XX:-UseLargePagesIndividualAllocation -XX:+UseParallelGC 
2.071: [GC (Allocation Failure) [PSYoungGen: 94023K->6872K(107008K)] 247623K->165600K(1039360K), 0.0027129 secs] [Times: user=0.00 sys=0.00, real=0.00 secs] 
3.867: [GC (Allocation Failure) [PSYoungGen: 96892K->7784K(107008K)] 409220K->325232K(1039360K), 0.0031496 secs] [Times: user=0.00 sys=0.00, real=0.00 secs] 
6.317: [GC (Allocation Failure) [PSYoungGen: 103948K->5752K(107008K)] 574996K->497280K(1039360K), 0.0046526 secs] [Times: user=0.00 sys=0.02, real=0.00 secs] 
8.441: [GC (Allocation Failure) [PSYoungGen: 86510K->5688K(107008K)] 731638K->650824K(1039360K), 0.0014595 secs] [Times: user=0.00 sys=0.00, real=0.00 secs] 
9.455: [GC (Allocation Failure) [PSYoungGen: 100828K->5688K(107008K)] 848364K->804432K(1039360K), 0.0179192 secs] [Times: user=0.02 sys=0.01, real=0.02 secs] 
10.139: [GC (Allocation Failure) [PSYoungGen: 58844K->5720K(107008K)] 908788K->855664K(1039360K), 0.0016876 secs] [Times: user=0.00 sys=0.00, real=0.00 secs] 
10.141: [GC (Allocation Failure) [PSYoungGen: 5720K->5688K(107008K)] 855664K->855632K(1039360K), 0.0017200 secs] [Times: user=0.00 sys=0.00, real=0.00 secs] 
10.143: [Full GC (Allocation Failure) [PSYoungGen: 5688K->0K(107008K)] [ParOldGen: 849944K->108048K(932352K)] 855632K->108048K(1039360K), [Metaspace: 2761K->2761K(1056768K)], 0.0164613 secs] [Times: user=0.00 sys=0.00, real=0.02 secs] 
12.666: [GC (Allocation Failure) [PSYoungGen: 96164K->5120K(107008K)] 460213K->379408K(1039360K), 0.0017371 secs] [Times: user=0.00 sys=0.00, real=0.00 secs] 
13.540: [GC (Allocation Failure) [PSYoungGen: 100895K->6176K(107008K)] 577584K->487993K(1039360K), 0.0012374 secs] [Times: user=0.00 sys=0.00, real=0.00 secs] 
15.393: [GC (Allocation Failure) [PSYoungGen: 101316K->6176K(107008K)] 736733K->662073K(1039360K), 0.0021750 secs] [Times: user=0.00 sys=0.00, real=0.00 secs] 
17.581: [GC (Allocation Failure) [PSYoungGen: 101316K->6176K(107008K)] 910813K->836153K(1039360K), 0.0024188 secs] [Times: user=0.00 sys=0.00, real=0.00 secs] 
18.689: [Full GC (Ergonomics) [PSYoungGen: 79812K->0K(107008K)] [ParOldGen: 881177K->82449K(932352K)] 960989K->82449K(1039360K), [Metaspace: 2770K->2770K(1056768K)], 0.0089282 secs] [Times: user=0.02 sys=0.00, real=0.01 secs] 
20.886: [GC (Allocation Failure) [PSYoungGen: 97188K->5120K(107008K)] 384437K->292369K(1039360K), 0.0008830 secs] [Times: user=0.00 sys=0.00, real=0.00 secs] 
22.629: [GC (Allocation Failure) [PSYoungGen: 100260K->6144K(107008K)] 541109K->462353K(1039360K), 0.0019112 secs] [Times: user=0.02 sys=0.00, real=0.00 secs] 
23.942: [GC (Allocation Failure) [PSYoungGen: 96164K->5120K(107008K)] 654773K->563729K(1039360K), 0.0011348 secs] [Times: user=0.00 sys=0.00, real=0.00 secs] 
24.705: [GC (Allocation Failure) [PSYoungGen: 100259K->1024K(107008K)] 761269K->672273K(1039360K), 0.0014793 secs] [Times: user=0.00 sys=0.00, real=0.00 secs] 
26.561: [GC (Allocation Failure) [PSYoungGen: 96164K->5120K(107008K)] 921013K->850449K(1039360K), 0.0021370 secs] [Times: user=0.00 sys=0.00, real=0.00 secs] 
28.312: [GC (Allocation Failure) [PSYoungGen: 94529K->5152K(107008K)] 939858K->860729K(1039360K), 0.0016392 secs] [Times: user=0.00 sys=0.00, real=0.00 secs] 
28.638: [GC (Allocation Failure) --[PSYoungGen: 89017K->89017K(107008K)] 944595K->995795K(1039360K), 0.0157845 secs] [Times: user=0.00 sys=0.00, real=0.02 secs] 
28.653: [Full GC (Ergonomics) [PSYoungGen: 89017K->0K(107008K)] [ParOldGen: 906777K->56849K(932352K)] 995795K->56849K(1039360K), [Metaspace: 2793K->2793K(1056768K)], 0.0064428 secs] [Times: user=0.00 sys=0.00, real=0.01 secs] 
30.831: [GC (Allocation Failure) [PSYoungGen: 97165K->5120K(107008K)] 410015K->323089K(1039360K), 0.0011977 secs] [Times: user=0.00 sys=0.00, real=0.00 secs] 
33.562: [GC (Allocation Failure) [PSYoungGen: 102293K->7168K(107008K)] 676262K->586257K(1039360K), 0.0016340 secs] [Times: user=0.00 sys=0.00, real=0.00 secs] 
35.530: [GC (Allocation Failure) [PSYoungGen: 92058K->0K(107008K)] 824748K->753169K(1039360K), 0.0015683 secs] [Times: user=0.00 sys=0.00, real=0.00 secs] 
36.511: [GC (Allocation Failure) [PSYoungGen: 95133K->5120K(107008K)] 950703K->865809K(1039360K), 0.0019515 secs] [Times: user=0.00 sys=0.00, real=0.00 secs] 
37.166: [Full GC (Ergonomics) [PSYoungGen: 58271K->0K(107008K)] [ParOldGen: 911889K->87569K(932352K)] 970161K->87569K(1039360K), [Metaspace: 2793K->2793K(1056768K)], 0.0077983 secs] [Times: user=0.00 sys=0.00, real=0.01 secs] 
39.590: [GC (Allocation Failure) [PSYoungGen: 95137K->5120K(107008K)] 336306K->251409K(1039360K), 0.0010355 secs] [Times: user=0.00 sys=0.00, real=0.00 secs] 
40.355: [GC (Allocation Failure) [PSYoungGen: 100258K->6144K(107008K)] 448947K->354833K(1039360K), 0.0008656 secs] [Times: user=0.00 sys=0.00, real=0.00 secs] 
42.208: [GC (Allocation Failure) [PSYoungGen: 101282K->6144K(107008K)] 603572K->518673K(1039360K), 0.0014158 secs] [Times: user=0.00 sys=0.00, real=0.00 secs] 
44.829: [GC (Allocation Failure) [PSYoungGen: 103331K->6144K(107008K)] 769460K->687633K(1039360K), 0.0018628 secs] [Times: user=0.00 sys=0.00, real=0.00 secs] 
46.901: [GC (Allocation Failure) [PSYoungGen: 91043K->0K(107008K)] 926133K->845329K(1039360K), 0.0019562 secs] [Times: user=0.00 sys=0.00, real=0.00 secs] 
47.120: [GC (Allocation Failure) [PSYoungGen: 73635K->0K(107008K)] 918965K->917009K(1039360K), 0.0051647 secs] [Times: user=0.00 sys=0.00, real=0.00 secs] 
47.125: [Full GC (Ergonomics) [PSYoungGen: 0K->0K(107008K)] [ParOldGen: 917009K->72209K(932352K)] 917009K->72209K(1039360K), [Metaspace: 2795K->2795K(1056768K)], 0.0069034 secs] [Times: user=0.01 sys=0.00, real=0.01 secs] 
49.318: [GC (Allocation Failure) [PSYoungGen: 97179K->5120K(107008K)] 425388K->343569K(1039360K), 0.0012607 secs] [Times: user=0.00 sys=0.00, real=0.00 secs] 
51.176: [GC (Allocation Failure) [PSYoungGen: 94110K->5120K(107008K)] 586159K->507409K(1039360K), 0.0015325 secs] [Times: user=0.00 sys=0.00, real=0.00 secs] 
52.156: [GC (Allocation Failure) [PSYoungGen: 100256K->6144K(107008K)] 704945K->615953K(1039360K), 0.0015239 secs] [Times: user=0.00 sys=0.00, real=0.00 secs] 
54.558: [GC (Allocation Failure) [PSYoungGen: 102305K->1024K(107008K)] 865715K->764433K(1039360K), 0.0018457 secs] [Times: user=0.00 sys=0.00, real=0.00 secs] 
56.421: [Full GC (Ergonomics) [PSYoungGen: 96162K->0K(107008K)] [ParOldGen: 917009K->26624K(932352K)] 1013172K->26624K(1039360K), [Metaspace: 2796K->2796K(1056768K)], 0.0042662 secs] [Times: user=0.00 sys=0.00, real=0.00 secs] 
58.928: [GC (Allocation Failure) [PSYoungGen: 97187K->5120K(107008K)] 431011K->338944K(1039360K), 0.0009189 secs] [Times: user=0.00 sys=0.00, real=0.00 secs] 
60.783: [GC (Allocation Failure) [PSYoungGen: 100259K->5120K(107008K)] 587683K->502784K(1039360K), 0.0019166 secs] [Times: user=0.00 sys=0.00, real=0.00 secs] 
62.528: [GC (Allocation Failure) [PSYoungGen: 83875K->5120K(107008K)] 735139K->666624K(1039360K), 0.0023842 secs] [Times: user=0.00 sys=0.00, real=0.00 secs] 
63.509: [GC (Allocation Failure) [PSYoungGen: 100259K->6144K(107008K)] 864163K->775168K(1039360K), 0.0033409 secs] [Times: user=0.00 sys=0.00, real=0.00 secs] 
65.250: [Full GC (Ergonomics) [PSYoungGen: 101283K->0K(107008K)] [ParOldGen: 922624K->32768K(932352K)] 1023908K->32768K(1039360K), [Metaspace: 2796K->2796K(1056768K)], 0.0046218 secs] [Times: user=0.00 sys=0.00, real=0.01 secs] 
67.540: [GC (Allocation Failure) [PSYoungGen: 95139K->5120K(107008K)] 281508K->217088K(1039360K), 0.0024853 secs] [Times: user=0.00 sys=0.00, real=0.00 secs] 
70.380: [GC (Allocation Failure) [PSYoungGen: 102308K->5120K(107008K)] 621476K->524288K(1039360K), 0.0016182 secs] [Times: user=0.00 sys=0.00, real=0.00 secs] 
72.235: [GC (Allocation Failure) [PSYoungGen: 100260K->6144K(107008K)] 773028K->689152K(1039360K), 0.0017754 secs] [Times: user=0.00 sys=0.00, real=0.00 secs] 
73.542: [GC (Allocation Failure) [PSYoungGen: 101283K->1024K(107008K)] 886692K->786432K(1039360K), 0.0024980 secs] [Times: user=0.00 sys=0.00, real=0.00 secs] 
74.087: [GC (Allocation Failure) [PSYoungGen: 49059K->0K(107008K)] 885668K->846848K(1039360K), 0.0027280 secs] [Times: user=0.00 sys=0.00, real=0.00 secs] 
74.090: [GC (Allocation Failure) [PSYoungGen: 0K->0K(107008K)] 846848K->846848K(1039360K), 0.0025959 secs] [Times: user=0.00 sys=0.00, real=0.00 secs] 
74.093: [Full GC (Allocation Failure) [PSYoungGen: 0K->0K(107008K)] [ParOldGen: 846848K->61969K(932352K)] 846848K->61969K(1039360K), [Metaspace: 2796K->2796K(1056768K)], 0.0062038 secs] [Times: user=0.00 sys=0.00, real=0.01 secs] 
76.286: [GC (Allocation Failure) [PSYoungGen: 97188K->5120K(107008K)] 415157K->343569K(1039360K), 0.0020652 secs] [Times: user=0.00 sys=0.00, real=0.00 secs] 
78.027: [GC (Allocation Failure) [PSYoungGen: 94116K->5120K(107008K)] 432565K->353809K(1039360K), 0.0015225 secs] [Times: user=0.00 sys=0.00, real=0.00 secs] 
78.899: [GC (Allocation Failure) [PSYoungGen: 100252K->5120K(107008K)] 551342K->512529K(1039360K), 0.0051471 secs] [Times: user=0.00 sys=0.00, real=0.00 secs] 
81.633: [GC (Allocation Failure) [PSYoungGen: 102303K->6144K(107008K)] 865713K->769553K(1039360K), 0.0013973 secs] [Times: user=0.00 sys=0.00, real=0.00 secs] 
83.492: [Full GC (Ergonomics) [PSYoungGen: 101281K->0K(107008K)] [ParOldGen: 917009K->13312K(932352K)] 1018290K->13312K(1039360K), [Metaspace: 2796K->2796K(1056768K)], 0.0036274 secs] [Times: user=0.00 sys=0.00, real=0.00 secs] 
85.779: [GC (Allocation Failure) [PSYoungGen: 97186K->1024K(107008K)] 417698K->331776K(1039360K), 0.0013591 secs] [Times: user=0.00 sys=0.00, real=0.00 secs] 
87.637: [GC (Allocation Failure) [PSYoungGen: 96162K->5120K(107008K)] 580514K->520192K(1039360K), 0.0029240 secs] [Times: user=0.00 sys=0.00, real=0.00 secs] 
89.486: [GC (Allocation Failure) [PSYoungGen: 99235K->5120K(107008K)] 665507K->581632K(1039360K), 0.0022461 secs] [Times: user=0.00 sys=0.00, real=0.00 secs] 
90.468: [GC (Allocation Failure) [PSYoungGen: 100259K->5120K(107008K)] 779171K->689152K(1039360K), 0.0022590 secs] [Times: user=0.00 sys=0.00, real=0.00 secs] 
93.086: [GC (Allocation Failure) [PSYoungGen: 102307K->6144K(107008K)] 939940K->843776K(1039360K), 0.0026899 secs] [Times: user=0.00 sys=0.00, real=0.00 secs] 
93.960: [Full GC (Ergonomics) [PSYoungGen: 69539K->0K(107008K)] [ParOldGen: 888832K->62993K(932352K)] 958372K->62993K(1039360K), [Metaspace: 2796K->2796K(1056768K)], 0.0065547 secs] [Times: user=0.00 sys=0.00, real=0.01 secs] 
96.590: [GC (Allocation Failure) [PSYoungGen: 97187K->0K(107008K)] 416181K->329233K(1039360K), 0.0014114 secs] [Times: user=0.00 sys=0.00, real=0.00 secs] 
97.572: [GC (Allocation Failure) [PSYoungGen: 95139K->5120K(107008K)] 526773K->462353K(1039360K), 0.0024676 secs] [Times: user=0.00 sys=0.00, real=0.00 secs] 
99.318: [GC (Allocation Failure) [PSYoungGen: 100259K->5120K(107008K)] 711093K->626193K(1039360K), 0.0017616 secs] [Times: user=0.00 sys=0.00, real=0.00 secs] 
100.518: [GC (Allocation Failure) [PSYoungGen: 99235K->5120K(107008K)] 822709K->733713K(1039360K), 0.0017514 secs] [Times: user=0.00 sys=0.00, real=0.00 secs] 
102.154: [Full GC (Ergonomics) [PSYoungGen: 95140K->0K(107008K)] [ParOldGen: 882193K->22528K(932352K)] 977333K->22528K(1039360K), [Metaspace: 2796K->2796K(1056768K)], 0.0039366 secs] [Times: user=0.00 sys=0.00, real=0.00 secs] 
103.028: [GC (Allocation Failure) [PSYoungGen: 95139K->6144K(107008K)] 220067K->131072K(1039360K), 0.0011248 secs] [Times: user=0.00 sys=0.00, real=0.00 secs] 
105.100: [GC (Allocation Failure) [PSYoungGen: 90020K->5120K(107008K)] 214948K->150528K(1039360K), 0.0015851 secs] [Times: user=0.00 sys=0.00, real=0.00 secs] 
106.087: [GC (Allocation Failure) [PSYoungGen: 100252K->5120K(107008K)] 348060K->263168K(1039360K), 0.0014215 secs] [Times: user=0.00 sys=0.00, real=0.00 secs] 
108.594: [GC (Allocation Failure) [PSYoungGen: 102303K->5120K(107008K)] 667551K->570368K(1039360K), 0.0014878 secs] [Times: user=0.00 sys=0.00, real=0.00 secs] 
110.449: [GC (Allocation Failure) [PSYoungGen: 100256K->5120K(107008K)] 819105K->734208K(1039360K), 0.0017476 secs] [Times: user=0.00 sys=0.00, real=0.00 secs] 
112.196: [Full GC (Ergonomics) [PSYoungGen: 83873K->0K(107008K)] [ParOldGen: 882688K->16384K(932352K)] 966562K->16384K(1039360K), [Metaspace: 2796K->2796K(1056768K)], 0.0033942 secs] [Times: user=0.00 sys=0.00, real=0.00 secs] 
113.179: [GC (Allocation Failure) [PSYoungGen: 95138K->6144K(107008K)] 213922K->124928K(1039360K), 0.0007358 secs] [Times: user=0.00 sys=0.00, real=0.00 secs] 
114.922: [GC (Allocation Failure) [PSYoungGen: 101283K->6144K(107008K)] 373667K->299008K(1039360K), 0.0018462 secs] [Times: user=0.00 sys=0.00, real=0.00 secs] 
117.209: [GC (Allocation Failure) [PSYoungGen: 101283K->5120K(107008K)] 547747K->477184K(1039360K), 0.0032031 secs] [Times: user=0.00 sys=0.00, real=0.00 secs] 
120.047: [GC (Allocation Failure) [PSYoungGen: 102307K->5120K(107008K)] 881571K->784384K(1039360K), 0.0020312 secs] [Times: user=0.00 sys=0.00, real=0.00 secs] 
120.921: [GC (Allocation Failure) [PSYoungGen: 68515K->5120K(107008K)] 898979K->835584K(1039360K), 0.0023126 secs] [Times: user=0.00 sys=0.00, real=0.00 secs] 
120.923: [GC (Allocation Failure) [PSYoungGen: 5120K->5120K(107008K)] 835584K->835584K(1039360K), 0.0017023 secs] [Times: user=0.00 sys=0.00, real=0.00 secs] 
120.925: [Full GC (Allocation Failure) [PSYoungGen: 5120K->0K(107008K)] [ParOldGen: 830464K->159249K(932352K)] 835584K->159249K(1039360K), [Metaspace: 2796K->2796K(1056768K)], 0.0125156 secs] [Times: user=0.00 sys=0.00, real=0.01 secs] 
123.447: [GC (Allocation Failure) [PSYoungGen: 92067K->0K(107008K)] 507317K->435729K(1039360K), 0.0016444 secs] [Times: user=0.00 sys=0.00, real=0.00 secs] 
124.317: [GC (Allocation Failure) [PSYoungGen: 95139K->5120K(107008K)] 633269K->548369K(1039360K), 0.0011547 secs] [Times: user=0.00 sys=0.00, real=0.00 secs] 
126.175: [GC (Allocation Failure) [PSYoungGen: 100260K->5120K(107008K)] 797109K->722449K(1039360K), 0.0021225 secs] [Times: user=0.01 sys=0.00, real=0.00 secs] 
127.813: [GC (Allocation Failure) [PSYoungGen: 94115K->5120K(107008K)] 811445K->732689K(1039360K), 0.0016893 secs] [Times: user=0.00 sys=0.00, real=0.00 secs] 
128.794: [GC (Allocation Failure) [PSYoungGen: 100252K->5120K(107008K)] 930222K->896529K(1039360K), 0.0055673 secs] [Times: user=0.00 sys=0.00, real=0.00 secs] 
128.800: [Full GC (Ergonomics) [PSYoungGen: 5120K->0K(107008K)] [ParOldGen: 891409K->61969K(932352K)] 896529K->61969K(1039360K), [Metaspace: 2796K->2796K(1056768K)], 0.0064153 secs] [Times: user=0.02 sys=0.00, real=0.01 secs] 
131.540: [GC (Allocation Failure) [PSYoungGen: 97183K->6144K(107008K)] 415152K->324113K(1039360K), 0.0009956 secs] [Times: user=0.00 sys=0.00, real=0.00 secs] 
133.289: [GC (Allocation Failure) [PSYoungGen: 96161K->7168K(107008K)] 567730K->483857K(1039360K), 0.0013605 secs] [Times: user=0.00 sys=0.00, real=0.00 secs] 
134.054: [GC (Allocation Failure) [PSYoungGen: 102306K->3072K(107008K)] 681395K->592401K(1039360K), 0.0016834 secs] [Times: user=0.00 sys=0.00, real=0.00 secs] 
136.235: [GC (Allocation Failure) [PSYoungGen: 93090K->5120K(107008K)] 836020K->768529K(1039360K), 0.0021930 secs] [Times: user=0.00 sys=0.00, real=0.00 secs] 
137.107: [GC (Allocation Failure) [PSYoungGen: 100259K->5120K(107008K)] 966068K->896529K(1039360K), 0.0027305 secs] [Times: user=0.00 sys=0.00, real=0.00 secs] 
137.109: [Full GC (Ergonomics) [PSYoungGen: 5120K->0K(107008K)] [ParOldGen: 891409K->41489K(932352K)] 896529K->41489K(1039360K), [Metaspace: 2796K->2796K(1056768K)], 0.0051986 secs] [Times: user=0.00 sys=0.00, real=0.01 secs] 
139.085: [GC (Allocation Failure) [PSYoungGen: 94115K->5120K(107008K)] 186804K->108049K(1039360K), 0.0015517 secs] [Times: user=0.00 sys=0.00, real=0.00 secs] 
139.957: [GC (Allocation Failure) [PSYoungGen: 100259K->5120K(107008K)] 305589K->215569K(1039360K), 0.0012657 secs] [Times: user=0.00 sys=0.00, real=0.00 secs] 
142.571: [GC (Allocation Failure) [PSYoungGen: 102307K->2048K(107008K)] 466357K->366097K(1039360K), 0.0009691 secs] [Times: user=0.00 sys=0.00, real=0.00 secs] 
144.426: [GC (Allocation Failure) [PSYoungGen: 97187K->6144K(107008K)] 614837K->539153K(1039360K), 0.0019121 secs] [Times: user=0.02 sys=0.00, real=0.00 secs] 
146.823: [GC (Allocation Failure) [PSYoungGen: 103331K->1024K(107008K)] 943541K->861713K(1039360K), 0.0022675 secs] [Times: user=0.00 sys=0.00, real=0.00 secs] 
147.917: [Full GC (Ergonomics) [PSYoungGen: 74659K->0K(107008K)] [ParOldGen: 911889K->77329K(932352K)] 986549K->77329K(1039360K), [Metaspace: 2796K->2796K(1056768K)], 0.0073398 secs] [Times: user=0.00 sys=0.00, real=0.01 secs] 
150.333: [GC (Allocation Failure) [PSYoungGen: 90020K->5120K(107008K)] 423349K->343569K(1039360K), 0.0011197 secs] [Times: user=0.00 sys=0.00, real=0.00 secs] 
151.098: [GC (Allocation Failure) [PSYoungGen: 100259K->2048K(107008K)] 541109K->442897K(1039360K), 0.0010607 secs] [Times: user=0.00 sys=0.00, real=0.00 secs] 
152.955: [GC (Allocation Failure) [PSYoungGen: 97188K->7168K(107008K)] 691637K->606737K(1039360K), 0.0015912 secs] [Times: user=0.00 sys=0.00, real=0.00 secs] 
155.354: [GC (Allocation Failure) [PSYoungGen: 103332K->6144K(107008K)] 856501K->769553K(1039360K), 0.0016145 secs] [Times: user=0.00 sys=0.00, real=0.00 secs] 
157.641: [Full GC (Ergonomics) [PSYoungGen: 96164K->0K(107008K)] [ParOldGen: 917009K->6144K(932352K)] 1013173K->6144K(1039360K), [Metaspace: 2796K->2796K(1056768K)], 0.0028616 secs] [Times: user=0.00 sys=0.00, real=0.00 secs] 
158.621: [GC (Allocation Failure) [PSYoungGen: 95139K->5120K(107008K)] 203683K->169984K(1039360K), 0.0050596 secs] [Times: user=0.00 sys=0.00, real=0.01 secs] 
160.370: [GC (Allocation Failure) [PSYoungGen: 100260K->5120K(107008K)] 418724K->333824K(1039360K), 0.0016587 secs] [Times: user=0.00 sys=0.00, real=0.00 secs] 
161.690: [GC (Allocation Failure) [PSYoungGen: 99235K->5120K(107008K)] 530340K->441344K(1039360K), 0.0014129 secs] [Times: user=0.00 sys=0.00, real=0.00 secs] 
162.451: [GC (Allocation Failure) [PSYoungGen: 100259K->7168K(107008K)] 638884K->545792K(1039360K), 0.0018768 secs] [Times: user=0.00 sys=0.00, real=0.00 secs] 
164.309: [GC (Allocation Failure) [PSYoungGen: 102308K->6144K(107008K)] 794532K->718848K(1039360K), 0.0028416 secs] [Times: user=0.00 sys=0.00, real=0.00 secs] 
166.165: [GC (Allocation Failure) [PSYoungGen: 90020K->5120K(107008K)] 802724K->728064K(1039360K), 0.0033711 secs] [Times: user=0.00 sys=0.00, real=0.00 secs] 
167.148: [GC (Allocation Failure) [PSYoungGen: 100252K->5120K(107008K)] 925596K->861184K(1039360K), 0.0035277 secs] [Times: user=0.00 sys=0.00, real=0.00 secs] 
167.804: [Full GC (Ergonomics) [PSYoungGen: 58271K->0K(107008K)] [ParOldGen: 907264K->82449K(932352K)] 965535K->82449K(1039360K), [Metaspace: 2796K->2796K(1056768K)], 0.0085105 secs] [Times: user=0.00 sys=0.00, real=0.01 secs] 
169.998: [GC (Allocation Failure) [PSYoungGen: 97184K->5120K(107008K)] 384434K->292369K(1039360K), 0.0013442 secs] [Times: user=0.00 sys=0.00, real=0.00 secs] 
171.744: [GC (Allocation Failure) [PSYoungGen: 100257K->6144K(107008K)] 541107K->462353K(1039360K), 0.0017945 secs] [Times: user=0.00 sys=0.00, real=0.00 secs] 
173.054: [GC (Allocation Failure) [PSYoungGen: 96162K->5120K(107008K)] 654772K->563729K(1039360K), 0.0010365 secs] [Times: user=0.00 sys=0.00, real=0.00 secs] 
173.817: [GC (Allocation Failure) [PSYoungGen: 100259K->1024K(107008K)] 761268K->672273K(1039360K), 0.0013180 secs] [Times: user=0.05 sys=0.00, real=0.00 secs] 
175.675: [GC (Allocation Failure) [PSYoungGen: 96163K->5120K(107008K)] 921013K->850449K(1039360K), 0.0023657 secs] [Times: user=0.02 sys=0.00, real=0.00 secs] 
177.418: [GC (Allocation Failure) [PSYoungGen: 94115K->5120K(107008K)] 939445K->860689K(1039360K), 0.0017806 secs] [Times: user=0.00 sys=0.00, real=0.00 secs] 
177.748: [GC (Allocation Failure) --[PSYoungGen: 88988K->88988K(107008K)] 944558K->995758K(1039360K), 0.0048968 secs] [Times: user=0.00 sys=0.00, real=0.00 secs] 
177.752: [Full GC (Ergonomics) [PSYoungGen: 88988K->0K(107008K)] [ParOldGen: 906769K->57344K(932352K)] 995758K->57344K(1039360K), [Metaspace: 2796K->2796K(1056768K)], 0.0059405 secs] [Times: user=0.00 sys=0.00, real=0.01 secs] 
179.945: [GC (Allocation Failure) [PSYoungGen: 97167K->5120K(107008K)] 410511K->323584K(1039360K), 0.0017883 secs] [Times: user=0.00 sys=0.00, real=0.00 secs] 
182.667: [GC (Allocation Failure) [PSYoungGen: 102294K->7168K(107008K)] 676758K->586752K(1039360K), 0.0030895 secs] [Times: user=0.00 sys=0.00, real=0.00 secs] 
184.636: [GC (Allocation Failure) [PSYoungGen: 92059K->0K(107008K)] 825243K->753664K(1039360K), 0.0028650 secs] [Times: user=0.00 sys=0.00, real=0.00 secs] 
185.614: [GC (Allocation Failure) [PSYoungGen: 95134K->5120K(107008K)] 951198K->866304K(1039360K), 0.0024113 secs] [Times: user=0.00 sys=0.00, real=0.00 secs] 
186.269: [Full GC (Ergonomics) [PSYoungGen: 58272K->0K(107008K)] [ParOldGen: 912384K->87569K(932352K)] 970656K->87569K(1039360K), [Metaspace: 2796K->2796K(1056768K)], 0.0079356 secs] [Times: user=0.00 sys=0.00, real=0.01 secs] 
188.678: [GC (Allocation Failure) [PSYoungGen: 95137K->5120K(107008K)] 336307K->251409K(1039360K), 0.0012473 secs] [Times: user=0.00 sys=0.00, real=0.00 secs] 
189.440: [GC (Allocation Failure) [PSYoungGen: 100258K->1024K(107008K)] 448947K->349713K(1039360K), 0.0006200 secs] [Times: user=0.00 sys=0.00, real=0.00 secs] 
191.299: [GC (Allocation Failure) [PSYoungGen: 96163K->6176K(107008K)] 598452K->513585K(1039360K), 0.0013211 secs] [Times: user=0.00 sys=0.00, real=0.00 secs] 
193.922: [GC (Allocation Failure) [PSYoungGen: 103363K->6176K(107008K)] 764372K->682545K(1039360K), 0.0018483 secs] [Times: user=0.00 sys=0.00, real=0.00 secs] 
195.995: [GC (Allocation Failure) [PSYoungGen: 91075K->32K(107008K)] 921045K->840241K(1039360K), 0.0018834 secs] [Times: user=0.00 sys=0.00, real=0.00 secs] 
196.212: [GC (Allocation Failure) [PSYoungGen: 73667K->32K(107008K)] 913877K->911921K(1039360K), 0.0058192 secs] [Times: user=0.00 sys=0.00, real=0.01 secs] 
196.218: [Full GC (Ergonomics) [PSYoungGen: 32K->0K(107008K)] [ParOldGen: 911889K->72209K(932352K)] 911921K->72209K(1039360K), [Metaspace: 2796K->2796K(1056768K)], 0.0072165 secs] [Times: user=0.00 sys=0.00, real=0.01 secs] 
198.411: [GC (Allocation Failure) [PSYoungGen: 97179K->5120K(107008K)] 425389K->343569K(1039360K), 0.0014417 secs] [Times: user=0.00 sys=0.00, real=0.00 secs] 
200.265: [GC (Allocation Failure) [PSYoungGen: 94110K->5120K(107008K)] 586160K->507409K(1039360K), 0.0017979 secs] [Times: user=0.00 sys=0.00, real=0.00 secs] 
201.247: [GC (Allocation Failure) [PSYoungGen: 100256K->6144K(107008K)] 704946K->615953K(1039360K), 0.0017221 secs] [Times: user=0.00 sys=0.00, real=0.00 secs] 
203.646: [GC (Allocation Failure) [PSYoungGen: 102305K->1024K(107008K)] 865715K->764433K(1039360K), 0.0011867 secs] [Times: user=0.00 sys=0.00, real=0.00 secs] 
205.502: [Full GC (Ergonomics) [PSYoungGen: 96162K->0K(107008K)] [ParOldGen: 917009K->26624K(932352K)] 1013172K->26624K(1039360K), [Metaspace: 2796K->2796K(1056768K)], 0.0044009 secs] [Times: user=0.00 sys=0.00, real=0.00 secs] 
208.008: [GC (Allocation Failure) [PSYoungGen: 97187K->5120K(107008K)] 431011K->338944K(1039360K), 0.0011114 secs] [Times: user=0.00 sys=0.00, real=0.00 secs] 
209.862: [GC (Allocation Failure) [PSYoungGen: 100259K->5120K(107008K)] 587683K->502784K(1039360K), 0.0016591 secs] [Times: user=0.00 sys=0.00, real=0.00 secs] 
211.607: [GC (Allocation Failure) [PSYoungGen: 83875K->5120K(107008K)] 735140K->666624K(1039360K), 0.0018222 secs] [Times: user=0.00 sys=0.00, real=0.00 secs] 
212.590: [GC (Allocation Failure) [PSYoungGen: 100259K->6144K(107008K)] 864164K->775168K(1039360K), 0.0021453 secs] [Times: user=0.00 sys=0.00, real=0.00 secs] 
214.338: [Full GC (Ergonomics) [PSYoungGen: 101283K->0K(107008K)] [ParOldGen: 922624K->32768K(932352K)] 1023908K->32768K(1039360K), [Metaspace: 2796K->2796K(1056768K)], 0.0045284 secs] [Times: user=0.00 sys=0.00, real=0.00 secs] 
216.627: [GC (Allocation Failure) [PSYoungGen: 95139K->5120K(107008K)] 281508K->217088K(1039360K), 0.0027738 secs] [Times: user=0.00 sys=0.00, real=0.00 secs] 
Heap
 PSYoungGen      total 107008K, used 91976K [0x00000000f8e80000, 0x0000000100000000, 0x0000000100000000)
  eden space 97792K, 88% used [0x00000000f8e80000,0x00000000fe352098,0x00000000fee00000)
  from space 9216K, 55% used [0x00000000ff700000,0x00000000ffc00010,0x0000000100000000)
  to   space 9216K, 0% used [0x00000000fee00000,0x00000000fee00000,0x00000000ff700000)
 ParOldGen       total 932352K, used 365568K [0x00000000c0000000, 0x00000000f8e80000, 0x00000000f8e80000)
  object space 932352K, 39% used [0x00000000c0000000,0x00000000d6500248,0x00000000f8e80000)
 Metaspace       used 2804K, capacity 4486K, committed 4864K, reserved 1056768K
  class space    used 297K, capacity 386K, committed 512K, reserved 1048576K
