Java HotSpot(TM) 64-Bit Server VM (25.411-b09) for windows-amd64 JRE (1.8.0_411-b09), built on Mar 13 2024 07:26:13 by "java_re" with MS VC++ 17.1 (VS2022)
Memory: 4k page, physical 33403376k(14539268k free), swap 36670664k(6589176k free)
CommandLine flags: -XX:InitialHeapSize=1073741824 -XX:MaxHeapSize=1073741824 -XX:NewRatio=3 -XX:ParallelGCThreads=6 -XX:+PrintGC -XX:+PrintGCDetails -XX:+PrintGCTimeStamps -XX:SurvivorRatio=2 -XX:-UseAdaptiveSizePolicy -XX:+UseCompressedClassPointers -XX:+UseCompressedOops -XX:-UseLargePagesIndividualAllocation -XX:+UseParallelGC 
1.635: [GC (Allocation Failure) [PSYoungGen: 130171K->7840K(196608K)] 232571K->110248K(983040K), 0.0028313 secs] [Times: user=0.00 sys=0.00, real=0.00 secs] 
3.227: [GC (Allocation Failure) [PSYoungGen: 134365K->13960K(196608K)] 339173K->218768K(983040K), 0.0032790 secs] [Times: user=0.00 sys=0.00, real=0.00 secs] 
5.628: [GC (Allocation Failure) [PSYoungGen: 129221K->36440K(196608K)] 334029K->241256K(983040K), 0.0066448 secs] [Times: user=0.00 sys=0.00, real=0.01 secs] 
7.096: [GC (Allocation Failure) [PSYoungGen: 163248K->62008K(196608K)] 470464K->369232K(983040K), 0.0154931 secs] [Times: user=0.00 sys=0.00, real=0.01 secs] 
8.560: [GC (Allocation Failure) [PSYoungGen: 151666K->21016K(196608K)] 561290K->430640K(983040K), 0.0023900 secs] [Times: user=0.00 sys=0.00, real=0.00 secs] 
10.006: [GC (Allocation Failure) [PSYoungGen: 146515K->26232K(196608K)] 658539K->589456K(983040K), 0.0171405 secs] [Times: user=0.00 sys=0.00, real=0.02 secs] 
11.471: [GC (Allocation Failure) [PSYoungGen: 151732K->31256K(196608K)] 817356K->696880K(983040K), 0.0031280 secs] [Times: user=0.00 sys=0.00, real=0.00 secs] 
12.918: [Full GC (Ergonomics) [PSYoungGen: 137128K->0K(196608K)] [ParOldGen: 768024K->26129K(786432K)] 905152K->26129K(983040K), [Metaspace: 2763K->2763K(1056768K)], 0.0140642 secs] [Times: user=0.00 sys=0.00, real=0.01 secs] 
14.353: [GC (Allocation Failure) [PSYoungGen: 125501K->31744K(196608K)] 254030K->160273K(983040K), 0.0026463 secs] [Times: user=0.00 sys=0.00, real=0.00 secs] 
16.735: [GC (Allocation Failure) [PSYoungGen: 162365K->10240K(196608K)] 393294K->241169K(983040K), 0.0008686 secs] [Times: user=0.00 sys=0.00, real=0.00 secs] 
18.258: [GC (Allocation Failure) [PSYoungGen: 140861K->35840K(196608K)] 474190K->369169K(983040K), 0.0028135 secs] [Times: user=0.00 sys=0.00, real=0.00 secs] 
20.005: [GC (Allocation Failure) [PSYoungGen: 151101K->5120K(196608K)] 586830K->440849K(983040K), 0.0006958 secs] [Times: user=0.00 sys=0.00, real=0.00 secs] 
21.423: [GC (Allocation Failure) [PSYoungGen: 130621K->25600K(196608K)] 668750K->563729K(983040K), 0.0026514 secs] [Times: user=0.00 sys=0.00, real=0.00 secs] 
22.840: [GC (Allocation Failure) [PSYoungGen: 151101K->31744K(196608K)] 791630K->672273K(983040K), 0.0030649 secs] [Times: user=0.00 sys=0.00, real=0.00 secs] 
24.248: [GC (Allocation Failure) [PSYoungGen: 131645K->30720K(196608K)] 874574K->773649K(983040K), 0.0027236 secs] [Times: user=0.00 sys=0.00, real=0.00 secs] 
24.354: [GC (Allocation Failure) [PSYoungGen: 84541K->61440K(196608K)] 827470K->804369K(983040K), 0.0152892 secs] [Times: user=0.00 sys=0.00, real=0.02 secs] 
25.232: [GC (Allocation Failure) [PSYoungGen: 192061K->20480K(196608K)] 934990K->763409K(983040K), 0.0034061 secs] [Times: user=0.00 sys=0.00, real=0.00 secs] 
25.777: [GC (Allocation Failure) --[PSYoungGen: 120363K->120363K(196608K)] 863292K->863292K(983040K), 0.0020062 secs] [Times: user=0.00 sys=0.00, real=0.00 secs] 
25.779: [Full GC (Ergonomics) [PSYoungGen: 120363K->0K(196608K)] [ParOldGen: 742929K->77329K(786432K)] 863292K->77329K(983040K), [Metaspace: 2779K->2779K(1056768K)], 0.0075495 secs] [Times: user=0.00 sys=0.00, real=0.01 secs] 
26.671: [GC (Allocation Failure) [PSYoungGen: 130604K->10240K(196608K)] 207933K->87569K(983040K), 0.0012189 secs] [Times: user=0.00 sys=0.00, real=0.00 secs] 
28.521: [GC (Allocation Failure) [PSYoungGen: 126026K->25664K(196608K)] 203355K->103001K(983040K), 0.0026464 secs] [Times: user=0.00 sys=0.00, real=0.00 secs] 
29.937: [GC (Allocation Failure) [PSYoungGen: 151137K->30784K(196608K)] 330875K->261729K(983040K), 0.0064380 secs] [Times: user=0.00 sys=0.00, real=0.01 secs] 
32.557: [GC (Allocation Failure) [PSYoungGen: 153195K->16416K(196608K)] 588940K->452161K(983040K), 0.0018740 secs] [Times: user=0.00 sys=0.00, real=0.00 secs] 
33.979: [GC (Allocation Failure) [PSYoungGen: 141905K->27712K(196608K)] 680051K->565857K(983040K), 0.0026007 secs] [Times: user=0.00 sys=0.00, real=0.00 secs] 
35.615: [GC (Allocation Failure) [PSYoungGen: 158326K->30752K(196608K)] 798871K->671297K(983040K), 0.0026614 secs] [Times: user=0.00 sys=0.00, real=0.00 secs] 
37.032: [GC (Allocation Failure) [PSYoungGen: 156248K->56416K(196608K)] 899193K->799361K(983040K), 0.0039255 secs] [Times: user=0.00 sys=0.00, real=0.00 secs] 
37.141: [GC (Allocation Failure) --[PSYoungGen: 110234K->110234K(196608K)] 853179K->853179K(983040K), 0.0029954 secs] [Times: user=0.00 sys=0.00, real=0.00 secs] 
37.144: [Full GC (Ergonomics) [PSYoungGen: 110234K->0K(196608K)] [ParOldGen: 742945K->87569K(786432K)] 853179K->87569K(983040K), [Metaspace: 2793K->2793K(1056768K)], 0.0096631 secs] [Times: user=0.00 sys=0.00, real=0.01 secs] 
38.029: [GC (Allocation Failure) [PSYoungGen: 130618K->10240K(196608K)] 218187K->97809K(983040K), 0.0008532 secs] [Times: user=0.00 sys=0.00, real=0.00 secs] 
39.667: [GC (Allocation Failure) [PSYoungGen: 140841K->15360K(196608K)] 228410K->102929K(983040K), 0.0013738 secs] [Times: user=0.00 sys=0.00, real=0.00 secs] 
41.087: [GC (Allocation Failure) [PSYoungGen: 140844K->20480K(196608K)] 330813K->210449K(983040K), 0.0016871 secs] [Times: user=0.00 sys=0.00, real=0.00 secs] 
43.375: [GC (Allocation Failure) [PSYoungGen: 148018K->6144K(196608K)] 440387K->298513K(983040K), 0.0008278 secs] [Times: user=0.00 sys=0.00, real=0.00 secs] 
44.907: [GC (Allocation Failure) [PSYoungGen: 136758K->21504K(196608K)] 531527K->416273K(983040K), 0.0023431 secs] [Times: user=0.00 sys=0.00, real=0.00 secs] 
46.870: [GC (Allocation Failure) [PSYoungGen: 152120K->10240K(196608K)] 649290K->507409K(983040K), 0.0011670 secs] [Times: user=0.00 sys=0.00, real=0.00 secs] 
48.290: [GC (Allocation Failure) [PSYoungGen: 135738K->35840K(196608K)] 735308K->635409K(983040K), 0.0030335 secs] [Times: user=0.00 sys=0.00, real=0.00 secs] 
49.706: [GC (Allocation Failure) [PSYoungGen: 161339K->40960K(196608K)] 863309K->794129K(983040K), 0.0069714 secs] [Times: user=0.00 sys=0.00, real=0.01 secs] 
49.713: [Full GC (Ergonomics) [PSYoungGen: 40960K->0K(196608K)] [ParOldGen: 753169K->92689K(786432K)] 794129K->92689K(983040K), [Metaspace: 2795K->2795K(1056768K)], 0.0084458 secs] [Times: user=0.00 sys=0.00, real=0.01 secs] 
51.246: [GC (Allocation Failure) [PSYoungGen: 130620K->25600K(196608K)] 325709K->220689K(983040K), 0.0024935 secs] [Times: user=0.00 sys=0.00, real=0.00 secs] 
52.664: [GC (Allocation Failure) [PSYoungGen: 151100K->31744K(196608K)] 448590K->329233K(983040K), 0.0025546 secs] [Times: user=0.00 sys=0.00, real=0.00 secs] 
55.183: [GC (Allocation Failure) [PSYoungGen: 158269K->10240K(196608K)] 558158K->410129K(983040K), 0.0011407 secs] [Times: user=0.00 sys=0.00, real=0.00 secs] 
56.600: [GC (Allocation Failure) [PSYoungGen: 135741K->25600K(196608K)] 638030K->527889K(983040K), 0.0020120 secs] [Times: user=0.01 sys=0.00, real=0.00 secs] 
58.342: [GC (Allocation Failure) [PSYoungGen: 156221K->20480K(196608K)] 760910K->625169K(983040K), 0.0019610 secs] [Times: user=0.00 sys=0.00, real=0.00 secs] 
59.760: [GC (Allocation Failure) [PSYoungGen: 145981K->56320K(196608K)] 853070K->783889K(983040K), 0.0068685 secs] [Times: user=0.00 sys=0.00, real=0.01 secs] 
59.884: [GC (Allocation Failure) [PSYoungGen: 110141K->56320K(196608K)] 837710K->835089K(983040K), 0.0155724 secs] [Times: user=0.00 sys=0.00, real=0.02 secs] 
59.900: [Full GC (Ergonomics) [PSYoungGen: 56320K->0K(196608K)] [ParOldGen: 778769K->108049K(786432K)] 835089K->108049K(983040K), [Metaspace: 2796K->2796K(1056768K)], 0.0103520 secs] [Times: user=0.00 sys=0.00, real=0.01 secs] 
60.789: [GC (Allocation Failure) [PSYoungGen: 130621K->5120K(196608K)] 238670K->215569K(983040K), 0.0178956 secs] [Times: user=0.03 sys=0.00, real=0.02 secs] 
62.548: [GC (Allocation Failure) [PSYoungGen: 135723K->15360K(196608K)] 448572K->328209K(983040K), 0.0013883 secs] [Times: user=0.00 sys=0.00, real=0.00 secs] 
63.969: [GC (Allocation Failure) [PSYoungGen: 140849K->26624K(196608K)] 556099K->441873K(983040K), 0.0020870 secs] [Times: user=0.00 sys=0.00, real=0.00 secs] 
66.037: [GC (Allocation Failure) [PSYoungGen: 157237K->5120K(196608K)] 674887K->522769K(983040K), 0.0010629 secs] [Times: user=0.00 sys=0.00, real=0.00 secs] 
67.556: [GC (Allocation Failure) [PSYoungGen: 135736K->30720K(196608K)] 755785K->650769K(983040K), 0.0038416 secs] [Times: user=0.00 sys=0.00, real=0.00 secs] 
69.077: [Full GC (Ergonomics) [PSYoungGen: 161338K->0K(196608K)] [ParOldGen: 722449K->88064K(786432K)] 883787K->88064K(983040K), [Metaspace: 2796K->2796K(1056768K)], 0.0080808 secs] [Times: user=0.00 sys=0.00, real=0.01 secs] 
71.144: [GC (Allocation Failure) [PSYoungGen: 130619K->25600K(196608K)] 321083K->216064K(983040K), 0.0023182 secs] [Times: user=0.00 sys=0.00, real=0.00 secs] 
72.547: [GC (Allocation Failure) [PSYoungGen: 151100K->31744K(196608K)] 443964K->324608K(983040K), 0.0030506 secs] [Times: user=0.00 sys=0.00, real=0.00 secs] 
73.960: [GC (Allocation Failure) [PSYoungGen: 131644K->30720K(196608K)] 526908K->425984K(983040K), 0.0032851 secs] [Times: user=0.02 sys=0.01, real=0.00 secs] 
75.374: [GC (Allocation Failure) [PSYoungGen: 156221K->46080K(196608K)] 653885K->543744K(983040K), 0.0035758 secs] [Times: user=0.00 sys=0.00, real=0.00 secs] 
77.447: [GC (Allocation Failure) [PSYoungGen: 176701K->5120K(196608K)] 776765K->605184K(983040K), 0.0017245 secs] [Times: user=0.00 sys=0.00, real=0.00 secs] 
78.981: [GC (Allocation Failure) [PSYoungGen: 135741K->61440K(196608K)] 838205K->763904K(983040K), 0.0059515 secs] [Times: user=0.00 sys=0.00, real=0.01 secs] 
79.743: [GC (Allocation Failure) [PSYoungGen: 171581K->61440K(196608K)] 874045K->815104K(983040K), 0.0077785 secs] [Times: user=0.00 sys=0.00, real=0.01 secs] 
79.751: [Full GC (Ergonomics) [PSYoungGen: 61440K->0K(196608K)] [ParOldGen: 753664K->113169K(786432K)] 815104K->113169K(983040K), [Metaspace: 2796K->2796K(1056768K)], 0.0094496 secs] [Times: user=0.00 sys=0.00, real=0.01 secs] 
81.285: [GC (Allocation Failure) [PSYoungGen: 130616K->0K(196608K)] 346186K->215569K(983040K), 0.0004967 secs] [Times: user=0.00 sys=0.00, real=0.00 secs] 
82.918: [GC (Allocation Failure) [PSYoungGen: 127546K->8192K(196608K)] 445515K->326161K(983040K), 0.0009095 secs] [Times: user=0.00 sys=0.00, real=0.00 secs] 
84.991: [GC (Allocation Failure) [PSYoungGen: 138811K->5120K(196608K)] 559181K->425489K(983040K), 0.0009203 secs] [Times: user=0.00 sys=0.00, real=0.00 secs] 
86.406: [GC (Allocation Failure) [PSYoungGen: 130620K->20480K(196608K)] 653389K->543249K(983040K), 0.0016975 secs] [Times: user=0.00 sys=0.00, real=0.00 secs] 
87.822: [GC (Allocation Failure) [PSYoungGen: 145980K->46080K(196608K)] 771150K->671249K(983040K), 0.0037936 secs] [Times: user=0.00 sys=0.00, real=0.00 secs] 
89.345: [GC (Allocation Failure) [PSYoungGen: 171581K->15360K(196608K)] 796750K->640529K(983040K), 0.0014931 secs] [Times: user=0.00 sys=0.00, real=0.00 secs] 
90.765: [GC (Allocation Failure) [PSYoungGen: 140857K->20480K(196608K)] 868426K->748049K(983040K), 0.0019105 secs] [Times: user=0.00 sys=0.00, real=0.00 secs] 
91.097: [GC (Allocation Failure) [PSYoungGen: 105018K->61440K(196608K)] 832588K->789009K(983040K), 0.0111143 secs] [Times: user=0.08 sys=0.00, real=0.01 secs] 
91.971: [GC (Allocation Failure) [PSYoungGen: 192053K->16384K(196608K)] 919623K->743953K(983040K), 0.0014020 secs] [Times: user=0.00 sys=0.00, real=0.00 secs] 
93.933: [GC (Allocation Failure) [PSYoungGen: 146982K->62464K(196608K)] 874551K->790033K(983040K), 0.0050705 secs] [Times: user=0.00 sys=0.00, real=0.01 secs] 
94.809: [GC (Allocation Failure) [PSYoungGen: 193066K->21504K(196608K)] 920635K->749073K(983040K), 0.0024182 secs] [Times: user=0.00 sys=0.00, real=0.00 secs] 
95.351: [GC (Allocation Failure) [PSYoungGen: 121389K->26624K(196608K)] 848958K->805393K(983040K), 0.0062201 secs] [Times: user=0.00 sys=0.00, real=0.01 secs] 
95.358: [Full GC (Ergonomics) [PSYoungGen: 26624K->0K(196608K)] [ParOldGen: 778769K->78353K(786432K)] 805393K->78353K(983040K), [Metaspace: 2796K->2796K(1056768K)], 0.0072524 secs] [Times: user=0.00 sys=0.00, real=0.01 secs] 
96.565: [GC (Allocation Failure) [PSYoungGen: 125485K->10240K(196608K)] 203839K->88593K(983040K), 0.0011935 secs] [Times: user=0.00 sys=0.00, real=0.00 secs] 
97.981: [GC (Allocation Failure) [PSYoungGen: 135712K->35840K(196608K)] 316465K->216593K(983040K), 0.0025614 secs] [Times: user=0.00 sys=0.00, real=0.00 secs] 
99.399: [GC (Allocation Failure) [PSYoungGen: 161322K->40960K(196608K)] 444476K->375313K(983040K), 0.0062429 secs] [Times: user=0.00 sys=0.00, real=0.01 secs] 
100.927: [GC (Allocation Failure) [PSYoungGen: 171569K->25600K(196608K)] 608322K->462353K(983040K), 0.0022434 secs] [Times: user=0.02 sys=0.00, real=0.00 secs] 
102.347: [GC (Allocation Failure) [PSYoungGen: 151093K->31744K(196608K)] 690247K->570897K(983040K), 0.0026188 secs] [Times: user=0.00 sys=0.00, real=0.00 secs] 
104.859: [GC (Allocation Failure) [PSYoungGen: 158264K->10240K(196608K)] 799818K->651793K(983040K), 0.0012852 secs] [Times: user=0.00 sys=0.00, real=0.00 secs] 
106.278: [Full GC (Ergonomics) [PSYoungGen: 135738K->0K(196608K)] [ParOldGen: 743953K->26624K(786432K)] 879691K->26624K(983040K), [Metaspace: 2796K->2796K(1056768K)], 0.0042649 secs] [Times: user=0.00 sys=0.00, real=0.00 secs] 
108.017: [GC (Allocation Failure) [PSYoungGen: 130619K->20480K(196608K)] 259643K->149504K(983040K), 0.0019683 secs] [Times: user=0.00 sys=0.00, real=0.00 secs] 
109.424: [GC (Allocation Failure) [PSYoungGen: 145980K->56320K(196608K)] 377404K->308224K(983040K), 0.0059014 secs] [Times: user=0.00 sys=0.00, real=0.01 secs] 
110.852: [GC (Allocation Failure) [PSYoungGen: 181820K->30720K(196608K)] 536124K->436224K(983040K), 0.0061974 secs] [Times: user=0.00 sys=0.00, real=0.00 secs] 
112.264: [GC (Allocation Failure) [PSYoungGen: 135740K->25600K(196608K)] 643645K->533504K(983040K), 0.0025112 secs] [Times: user=0.00 sys=0.00, real=0.00 secs] 
113.675: [GC (Allocation Failure) [PSYoungGen: 151101K->36864K(196608K)] 761405K->647168K(983040K), 0.0028506 secs] [Times: user=0.00 sys=0.00, real=0.00 secs] 
116.060: [GC (Allocation Failure) [PSYoungGen: 167485K->10240K(196608K)] 880189K->722944K(983040K), 0.0021245 secs] [Times: user=0.00 sys=0.00, real=0.00 secs] 
116.604: [GC (Allocation Failure) [PSYoungGen: 110141K->56320K(196608K)] 822845K->789504K(983040K), 0.0058670 secs] [Times: user=0.00 sys=0.00, real=0.01 secs] 
116.610: [Full GC (Ergonomics) [PSYoungGen: 56320K->0K(196608K)] [ParOldGen: 733184K->77329K(786432K)] 789504K->77329K(983040K), [Metaspace: 2796K->2796K(1056768K)], 0.0073818 secs] [Times: user=0.00 sys=0.00, real=0.01 secs] 
117.486: [GC (Allocation Failure) [PSYoungGen: 130616K->10240K(196608K)] 207945K->87569K(983040K), 0.0008771 secs] [Times: user=0.00 sys=0.00, real=0.00 secs] 
119.330: [GC (Allocation Failure) [PSYoungGen: 130599K->5120K(196608K)] 310329K->184849K(983040K), 0.0008895 secs] [Times: user=0.00 sys=0.00, real=0.00 secs] 
120.744: [GC (Allocation Failure) [PSYoungGen: 130607K->25600K(196608K)] 412736K->307729K(983040K), 0.0023632 secs] [Times: user=0.00 sys=0.00, real=0.00 secs] 
122.161: [GC (Allocation Failure) [PSYoungGen: 151092K->31744K(196608K)] 535621K->416273K(983040K), 0.0026029 secs] [Times: user=0.01 sys=0.00, real=0.00 secs] 
123.581: [GC (Allocation Failure) [PSYoungGen: 131639K->30720K(196608K)] 618569K->517649K(983040K), 0.0025686 secs] [Times: user=0.00 sys=0.00, real=0.00 secs] 
124.998: [GC (Allocation Failure) [PSYoungGen: 156217K->46080K(196608K)] 745547K->635409K(983040K), 0.0034890 secs] [Times: user=0.00 sys=0.00, real=0.00 secs] 
127.067: [GC (Allocation Failure) [PSYoungGen: 176699K->5120K(196608K)] 868428K->696849K(983040K), 0.0013584 secs] [Times: user=0.00 sys=0.00, real=0.00 secs] 
127.939: [GC (Allocation Failure) [PSYoungGen: 120379K->56320K(196608K)] 812109K->799249K(983040K), 0.0055517 secs] [Times: user=0.00 sys=0.00, real=0.01 secs] 
127.945: [Full GC (Ergonomics) [PSYoungGen: 56320K->0K(196608K)] [ParOldGen: 742929K->57344K(786432K)] 799249K->57344K(983040K), [Metaspace: 2796K->2796K(1056768K)], 0.0056314 secs] [Times: user=0.00 sys=0.00, real=0.00 secs] 
128.828: [GC (Allocation Failure) [PSYoungGen: 130615K->10240K(196608K)] 187960K->67584K(983040K), 0.0010040 secs] [Times: user=0.00 sys=0.00, real=0.00 secs] 
131.115: [GC (Allocation Failure) [PSYoungGen: 137767K->2048K(196608K)] 399911K->264192K(983040K), 0.0009189 secs] [Times: user=0.00 sys=0.00, real=0.00 secs] 
132.642: [GC (Allocation Failure) [PSYoungGen: 132655K->12288K(196608K)] 497199K->376832K(983040K), 0.0012532 secs] [Times: user=0.00 sys=0.00, real=0.00 secs] 
134.607: [GC (Allocation Failure) [PSYoungGen: 137780K->5120K(196608K)] 604724K->472064K(983040K), 0.0011877 secs] [Times: user=0.00 sys=0.00, real=0.00 secs] 
136.020: [GC (Allocation Failure) [PSYoungGen: 130615K->20480K(196608K)] 699959K->589824K(983040K), 0.0020969 secs] [Times: user=0.00 sys=0.00, real=0.00 secs] 
137.439: [GC (Allocation Failure) [PSYoungGen: 145977K->46080K(196608K)] 817721K->717824K(983040K), 0.0039850 secs] [Times: user=0.00 sys=0.00, real=0.00 secs] 
138.968: [GC (Allocation Failure) [PSYoungGen: 171579K->15360K(196608K)] 843323K->687104K(983040K), 0.0019588 secs] [Times: user=0.00 sys=0.00, real=0.00 secs] 
140.393: [Full GC (Ergonomics) [PSYoungGen: 140855K->0K(196608K)] [ParOldGen: 774144K->123409K(786432K)] 914999K->123409K(983040K), [Metaspace: 2796K->2796K(1056768K)], 0.0105532 secs] [Times: user=0.00 sys=0.00, real=0.01 secs] 
142.698: [GC (Allocation Failure) [PSYoungGen: 127545K->6144K(196608K)] 353355K->231953K(983040K), 0.0007702 secs] [Times: user=0.00 sys=0.00, real=0.00 secs] 
144.223: [GC (Allocation Failure) [PSYoungGen: 136763K->21504K(196608K)] 464972K->349713K(983040K), 0.0019078 secs] [Times: user=0.00 sys=0.00, real=0.00 secs] 
146.187: [GC (Allocation Failure) [PSYoungGen: 152124K->10240K(196608K)] 582733K->440849K(983040K), 0.0015563 secs] [Times: user=0.00 sys=0.00, real=0.00 secs] 
147.602: [GC (Allocation Failure) [PSYoungGen: 135740K->35840K(196608K)] 668750K->568849K(983040K), 0.0028481 secs] [Times: user=0.00 sys=0.00, real=0.00 secs] 
149.023: [GC (Allocation Failure) [PSYoungGen: 161340K->40960K(196608K)] 796750K->727569K(983040K), 0.0068322 secs] [Times: user=0.02 sys=0.00, real=0.01 secs] 
149.239: [GC (Allocation Failure) [PSYoungGen: 115261K->61440K(196608K)] 801870K->768529K(983040K), 0.0058779 secs] [Times: user=0.00 sys=0.00, real=0.00 secs] 
150.344: [GC (Allocation Failure) [PSYoungGen: 192054K->15360K(196608K)] 899143K->722449K(983040K), 0.0015974 secs] [Times: user=0.00 sys=0.00, real=0.00 secs] 
150.673: [GC (Allocation Failure) [PSYoungGen: 99878K->56320K(196608K)] 806967K->763409K(983040K), 0.0048278 secs] [Times: user=0.00 sys=0.00, real=0.00 secs] 
151.561: [GC (Allocation Failure) [PSYoungGen: 186898K->11264K(196608K)] 893987K->718353K(983040K), 0.0012755 secs] [Times: user=0.00 sys=0.00, real=0.00 secs] 
152.106: [GC (Allocation Failure) [PSYoungGen: 111119K->62464K(196608K)] 818208K->769553K(983040K), 0.0055768 secs] [Times: user=0.00 sys=0.00, real=0.00 secs] 
152.993: [GC (Allocation Failure) [PSYoungGen: 193050K->17408K(196608K)] 900140K->724497K(983040K), 0.0016896 secs] [Times: user=0.00 sys=0.00, real=0.00 secs] 
154.844: [GC (Allocation Failure) [PSYoungGen: 107028K->35840K(196608K)] 814118K->742929K(983040K), 0.0027976 secs] [Times: user=0.00 sys=0.00, real=0.00 secs] 
154.954: [GC (Allocation Failure) [PSYoungGen: 89629K->15360K(196608K)] 796719K->773649K(983040K), 0.0053410 secs] [Times: user=0.00 sys=0.00, real=0.01 secs] 
154.959: [Full GC (Ergonomics) [PSYoungGen: 15360K->0K(196608K)] [ParOldGen: 758289K->67089K(786432K)] 773649K->67089K(983040K), [Metaspace: 2796K->2796K(1056768K)], 0.0063064 secs] [Times: user=0.00 sys=0.00, real=0.01 secs] 
155.841: [GC (Allocation Failure) [PSYoungGen: 130589K->10240K(196608K)] 197678K->77329K(983040K), 0.0010375 secs] [Times: user=0.00 sys=0.00, real=0.00 secs] 
157.583: [GC (Allocation Failure) [PSYoungGen: 125462K->5120K(196608K)] 294952K->174609K(983040K), 0.0008799 secs] [Times: user=0.00 sys=0.00, real=0.00 secs] 
158.999: [GC (Allocation Failure) [PSYoungGen: 130596K->56320K(196608K)] 402485K->338449K(983040K), 0.0048519 secs] [Times: user=0.00 sys=0.00, real=0.01 secs] 
160.413: [GC (Allocation Failure) [PSYoungGen: 181805K->61440K(196608K)] 566334K->456209K(983040K), 0.0053603 secs] [Times: user=0.00 sys=0.00, real=0.01 secs] 
161.936: [GC (Allocation Failure) [PSYoungGen: 186930K->25600K(196608K)] 684100K->522769K(983040K), 0.0024311 secs] [Times: user=0.00 sys=0.00, real=0.00 secs] 
163.357: [GC (Allocation Failure) [PSYoungGen: 151094K->36864K(196608K)] 750664K->636433K(983040K), 0.0027432 secs] [Times: user=0.00 sys=0.00, real=0.00 secs] 
165.757: [GC (Allocation Failure) [PSYoungGen: 167481K->10240K(196608K)] 869450K->712209K(983040K), 0.0013753 secs] [Times: user=0.00 sys=0.00, real=0.00 secs] 
166.302: [GC (Allocation Failure) [PSYoungGen: 110138K->56320K(196608K)] 812108K->778769K(983040K), 0.0058778 secs] [Times: user=0.00 sys=0.00, real=0.01 secs] 
167.191: [GC (Allocation Failure) [PSYoungGen: 186934K->15360K(196608K)] 909384K->737809K(983040K), 0.0017427 secs] [Times: user=0.00 sys=0.00, real=0.00 secs] 
167.733: [GC (Allocation Failure) [PSYoungGen: 115238K->61440K(196608K)] 837688K->835089K(983040K), 0.0062002 secs] [Times: user=0.00 sys=0.00, real=0.01 secs] 
167.740: [Full GC (Ergonomics) [PSYoungGen: 61440K->0K(196608K)] [ParOldGen: 773649K->82449K(786432K)] 835089K->82449K(983040K), [Metaspace: 2796K->2796K(1056768K)], 0.0072970 secs] [Times: user=0.00 sys=0.00, real=0.01 secs] 
169.059: [GC (Allocation Failure) [PSYoungGen: 125481K->5120K(196608K)] 207930K->87569K(983040K), 0.0008161 secs] [Times: user=0.00 sys=0.00, real=0.00 secs] 
170.481: [GC (Allocation Failure) [PSYoungGen: 130589K->25600K(196608K)] 315439K->210449K(983040K), 0.0026669 secs] [Times: user=0.00 sys=0.00, real=0.00 secs] 
171.897: [GC (Allocation Failure) [PSYoungGen: 151080K->31744K(196608K)] 438330K->318993K(983040K), 0.0025391 secs] [Times: user=0.00 sys=0.00, real=0.00 secs] 
173.316: [GC (Allocation Failure) [PSYoungGen: 131632K->30720K(196608K)] 521281K->420369K(983040K), 0.0028220 secs] [Times: user=0.00 sys=0.00, real=0.00 secs] 
174.729: [GC (Allocation Failure) [PSYoungGen: 156212K->46080K(196608K)] 648262K->538129K(983040K), 0.0032369 secs] [Times: user=0.00 sys=0.00, real=0.00 secs] 
176.802: [GC (Allocation Failure) [PSYoungGen: 176695K->5120K(196608K)] 771145K->599569K(983040K), 0.0015791 secs] [Times: user=0.00 sys=0.00, real=0.00 secs] 
178.329: [GC (Allocation Failure) [PSYoungGen: 135737K->61440K(196608K)] 832587K->758289K(983040K), 0.0053803 secs] [Times: user=0.00 sys=0.00, real=0.00 secs] 
179.092: [GC (Allocation Failure) [PSYoungGen: 171579K->61440K(196608K)] 868428K->809489K(983040K), 0.0154094 secs] [Times: user=0.00 sys=0.00, real=0.02 secs] 
179.107: [Full GC (Ergonomics) [PSYoungGen: 61440K->0K(196608K)] [ParOldGen: 748049K->113169K(786432K)] 809489K->113169K(983040K), [Metaspace: 2796K->2796K(1056768K)], 0.0094164 secs] [Times: user=0.00 sys=0.00, real=0.01 secs] 
180.653: [GC (Allocation Failure) [PSYoungGen: 130615K->0K(196608K)] 346184K->215569K(983040K), 0.0006257 secs] [Times: user=0.00 sys=0.00, real=0.00 secs] 
182.287: [GC (Allocation Failure) [PSYoungGen: 127545K->8192K(196608K)] 445514K->326161K(983040K), 0.0008764 secs] [Times: user=0.00 sys=0.00, real=0.00 secs] 
184.360: [GC (Allocation Failure) [PSYoungGen: 138811K->5120K(196608K)] 559180K->425489K(983040K), 0.0009891 secs] [Times: user=0.00 sys=0.00, real=0.00 secs] 
185.776: [GC (Allocation Failure) [PSYoungGen: 130619K->20480K(196608K)] 653389K->543249K(983040K), 0.0019650 secs] [Times: user=0.00 sys=0.00, real=0.00 secs] 
187.192: [GC (Allocation Failure) [PSYoungGen: 145980K->46080K(196608K)] 771149K->671249K(983040K), 0.0036759 secs] [Times: user=0.02 sys=0.00, real=0.00 secs] 
188.717: [GC (Allocation Failure) [PSYoungGen: 171580K->15360K(196608K)] 796750K->640529K(983040K), 0.0016133 secs] [Times: user=0.00 sys=0.00, real=0.00 secs] 
190.133: [GC (Allocation Failure) [PSYoungGen: 140857K->20480K(196608K)] 868426K->748049K(983040K), 0.0020431 secs] [Times: user=0.00 sys=0.00, real=0.00 secs] 
190.461: [GC (Allocation Failure) [PSYoungGen: 105018K->61440K(196608K)] 832588K->789009K(983040K), 0.0052586 secs] [Times: user=0.00 sys=0.00, real=0.01 secs] 
191.334: [GC (Allocation Failure) [PSYoungGen: 192053K->16416K(196608K)] 919622K->743985K(983040K), 0.0015686 secs] [Times: user=0.00 sys=0.00, real=0.00 secs] 
193.300: [GC (Allocation Failure) [PSYoungGen: 147014K->62496K(196608K)] 874583K->790065K(983040K), 0.0052296 secs] [Times: user=0.02 sys=0.00, real=0.00 secs] 
194.185: [GC (Allocation Failure) [PSYoungGen: 193098K->21568K(196608K)] 920667K->749137K(983040K), 0.0018637 secs] [Times: user=0.00 sys=0.00, real=0.00 secs] 
194.730: [GC (Allocation Failure) [PSYoungGen: 121453K->62496K(196608K)] 849022K->805425K(983040K), 0.0058319 secs] [Times: user=0.00 sys=0.00, real=0.01 secs] 
195.944: [GC (Allocation Failure) [PSYoungGen: 187981K->10304K(196608K)] 930911K->753233K(983040K), 0.0016991 secs] [Times: user=0.02 sys=0.00, real=0.00 secs] 
196.161: [GC (Allocation Failure) [PSYoungGen: 84576K->51232K(196608K)] 827505K->814641K(983040K), 0.0051978 secs] [Times: user=0.00 sys=0.00, real=0.00 secs] 
196.166: [Full GC (Ergonomics) [PSYoungGen: 51232K->0K(196608K)] [ParOldGen: 763409K->72209K(786432K)] 814641K->72209K(983040K), [Metaspace: 2796K->2796K(1056768K)], 0.0066274 secs] [Times: user=0.00 sys=0.00, real=0.01 secs] 
197.050: [GC (Allocation Failure) [PSYoungGen: 130595K->10240K(196608K)] 202805K->82449K(983040K), 0.0008936 secs] [Times: user=0.00 sys=0.00, real=0.00 secs] 
198.574: [GC (Allocation Failure) [PSYoungGen: 140826K->15360K(196608K)] 315436K->241169K(983040K), 0.0057169 secs] [Times: user=0.00 sys=0.00, real=0.01 secs] 
200.208: [GC (Allocation Failure) [PSYoungGen: 145958K->15360K(196608K)] 474168K->343569K(983040K), 0.0013706 secs] [Times: user=0.00 sys=0.00, real=0.00 secs] 
201.626: [GC (Allocation Failure) [PSYoungGen: 140846K->21504K(196608K)] 571456K->452113K(983040K), 0.0019533 secs] [Times: user=0.00 sys=0.00, real=0.00 secs] 
203.809: [GC (Allocation Failure) [PSYoungGen: 148020K->10240K(196608K)] 681029K->543249K(983040K), 0.0012000 secs] [Times: user=0.00 sys=0.00, real=0.00 secs] 
205.333: [GC (Allocation Failure) [PSYoungGen: 140855K->25600K(196608K)] 776265K->661009K(983040K), 0.0023544 secs] [Times: user=0.00 sys=0.00, real=0.00 secs] 
207.298: [Full GC (Ergonomics) [PSYoungGen: 151097K->0K(196608K)] [ParOldGen: 737809K->6144K(786432K)] 888907K->6144K(983040K), [Metaspace: 2796K->2796K(1056768K)], 0.0030248 secs] [Times: user=0.00 sys=0.00, real=0.00 secs] 
208.711: [GC (Allocation Failure) [PSYoungGen: 125498K->61440K(196608K)] 234043K->175104K(983040K), 0.0053167 secs] [Times: user=0.00 sys=0.00, real=0.00 secs] 
210.132: [GC (Allocation Failure) [PSYoungGen: 186939K->61440K(196608K)] 403004K->282624K(983040K), 0.0050435 secs] [Times: user=0.01 sys=0.00, real=0.01 secs] 
211.654: [GC (Allocation Failure) [PSYoungGen: 186940K->25600K(196608K)] 510524K->349184K(983040K), 0.0025306 secs] [Times: user=0.00 sys=0.00, real=0.00 secs] 
213.074: [GC (Allocation Failure) [PSYoungGen: 151100K->36864K(196608K)] 577085K->462848K(983040K), 0.0030773 secs] [Times: user=0.00 sys=0.00, real=0.00 secs] 
215.472: [GC (Allocation Failure) [PSYoungGen: 167485K->10240K(196608K)] 695869K->538624K(983040K), 0.0014479 secs] [Times: user=0.00 sys=0.00, real=0.00 secs] 
216.999: [GC (Allocation Failure) [PSYoungGen: 140861K->35840K(196608K)] 771645K->666624K(983040K), 0.0029033 secs] [Times: user=0.00 sys=0.00, real=0.00 secs] 
Heap
 PSYoungGen      total 196608K, used 153723K [0x00000000f0000000, 0x0000000100000000, 0x0000000100000000)
  eden space 131072K, 89% used [0x00000000f0000000,0x00000000f731eca8,0x00000000f8000000)
  from space 65536K, 54% used [0x00000000f8000000,0x00000000fa300040,0x00000000fc000000)
  to   space 65536K, 0% used [0x00000000fc000000,0x00000000fc000000,0x0000000100000000)
 ParOldGen       total 786432K, used 733184K [0x00000000c0000000, 0x00000000f0000000, 0x00000000f0000000)
  object space 786432K, 93% used [0x00000000c0000000,0x00000000ecc00238,0x00000000f0000000)
 Metaspace       used 2804K, capacity 4486K, committed 4864K, reserved 1056768K
  class space    used 297K, capacity 386K, committed 512K, reserved 1048576K
