Java HotSpot(TM) 64-Bit Server VM (25.411-b09) for windows-amd64 JRE (1.8.0_411-b09), built on Mar 13 2024 07:26:13 by "java_re" with MS VC++ 17.1 (VS2022)
Memory: 4k page, physical 33403376k(14298172k free), swap 36670664k(7317284k free)
CommandLine flags: -XX:InitialHeapSize=536870912 -XX:MaxHeapSize=536870912 -XX:NewRatio=9 -XX:ParallelGCThreads=6 -XX:+PrintGC -XX:+PrintGCDetails -XX:+PrintGCTimeStamps -XX:SurvivorRatio=3 -XX:-UseAdaptiveSizePolicy -XX:+UseCompressedClassPointers -XX:+UseCompressedOops -XX:-UseLargePagesIndividualAllocation -XX:+UseParallelGC 
0.826: [GC (Allocation Failure) [PSYoungGen: 29552K->5840K(41984K)] 29552K->10968K(514048K), 0.0023494 secs] [Times: user=0.00 sys=0.00, real=0.00 secs] 
1.747: [GC (Allocation Failure) [PSYoungGen: 34109K->7856K(41984K)] 213317K->187064K(514048K), 0.0026643 secs] [Times: user=0.00 sys=0.00, real=0.00 secs] 
2.400: [GC (Allocation Failure) [PSYoungGen: 39202K->6848K(41984K)] 218410K->196296K(514048K), 0.0025862 secs] [Times: user=0.00 sys=0.00, real=0.00 secs] 
3.324: [GC (Allocation Failure) [PSYoungGen: 35120K->7840K(41984K)] 398649K->376488K(514048K), 0.0024140 secs] [Times: user=0.00 sys=0.00, real=0.00 secs] 
3.871: [GC (Allocation Failure) [PSYoungGen: 34068K->7808K(41984K)] 402716K->376456K(514048K), 0.0012112 secs] [Times: user=0.00 sys=0.00, real=0.00 secs] 
4.965: [GC (Allocation Failure) [PSYoungGen: 35057K->5824K(41984K)] 403705K->379592K(514048K), 0.0023175 secs] [Times: user=0.00 sys=0.00, real=0.00 secs] 
5.402: [GC (Allocation Failure) [PSYoungGen: 32047K->568K(41984K)] 405815K->384576K(514048K), 0.0037063 secs] [Times: user=0.00 sys=0.00, real=0.00 secs] 
5.745: [GC (Allocation Failure) [PSYoungGen: 31910K->656K(41984K)] 467118K->446104K(514048K), 0.0032874 secs] [Times: user=0.00 sys=0.00, real=0.00 secs] 
5.749: [Full GC (Ergonomics) [PSYoungGen: 656K->0K(41984K)] [ParOldGen: 445448K->67088K(472064K)] 446104K->67088K(514048K), [Metaspace: 2753K->2753K(1056768K)], 0.0113885 secs] [Times: user=0.00 sys=0.00, real=0.01 secs] 
6.637: [GC (Allocation Failure) [PSYoungGen: 28274K->5120K(41984K)] 197763K->179728K(514048K), 0.0010931 secs] [Times: user=0.00 sys=0.00, real=0.00 secs] 
7.508: [GC (Allocation Failure) [PSYoungGen: 33715K->1056K(41984K)] 382404K->349752K(514048K), 0.0011680 secs] [Times: user=0.03 sys=0.00, real=0.00 secs] 
8.600: [GC (Allocation Failure) [PSYoungGen: 17047K->32K(41984K)] 437424K->420408K(514048K), 0.0013617 secs] [Times: user=0.00 sys=0.00, real=0.00 secs] 
8.601: [GC (Allocation Failure) [PSYoungGen: 32K->32K(41984K)] 420408K->420408K(514048K), 0.0011762 secs] [Times: user=0.00 sys=0.00, real=0.00 secs] 
8.603: [Full GC (Allocation Failure) [PSYoungGen: 32K->0K(41984K)] [ParOldGen: 420376K->51728K(472064K)] 420408K->51728K(514048K), [Metaspace: 2759K->2759K(1056768K)], 0.0053358 secs] [Times: user=0.00 sys=0.00, real=0.01 secs] 
9.492: [GC (Allocation Failure) [PSYoungGen: 28280K->5120K(41984K)] 182409K->164368K(514048K), 0.0010327 secs] [Times: user=0.02 sys=0.00, real=0.00 secs] 
10.362: [GC (Allocation Failure) [PSYoungGen: 33401K->1024K(41984K)] 366730K->334352K(514048K), 0.0007062 secs] [Times: user=0.00 sys=0.00, real=0.00 secs] 
11.019: [GC (Allocation Failure) [PSYoungGen: 32378K->5120K(41984K)] 365707K->343568K(514048K), 0.0013371 secs] [Times: user=0.00 sys=0.00, real=0.00 secs] 
11.455: [GC (Allocation Failure) [PSYoungGen: 26229K->5120K(41984K)] 436358K->415249K(514048K), 0.0008816 secs] [Times: user=0.00 sys=0.00, real=0.00 secs] 
11.456: [GC (Allocation Failure) [PSYoungGen: 5120K->5120K(41984K)] 415249K->415249K(514048K), 0.0009284 secs] [Times: user=0.00 sys=0.00, real=0.00 secs] 
11.456: [Full GC (Allocation Failure) [PSYoungGen: 5120K->0K(41984K)] [ParOldGen: 410129K->215568K(472064K)] 415249K->215568K(514048K), [Metaspace: 2761K->2761K(1056768K)], 0.0129382 secs] [Times: user=0.02 sys=0.00, real=0.01 secs] 
12.558: [GC (Allocation Failure) [PSYoungGen: 22135K->5120K(41984K)] 340104K->333328K(514048K), 0.0015696 secs] [Times: user=0.00 sys=0.00, real=0.00 secs] 
12.885: [GC (Allocation Failure) [PSYoungGen: 36679K->5152K(41984K)] 416088K->384569K(514048K), 0.0011725 secs] [Times: user=0.00 sys=0.00, real=0.00 secs] 
12.886: [GC (Allocation Failure) [PSYoungGen: 5152K->5152K(41984K)] 384569K->384569K(514048K), 0.0010249 secs] [Times: user=0.00 sys=0.00, real=0.00 secs] 
12.887: [Full GC (Allocation Failure) [PSYoungGen: 5152K->0K(41984K)] [ParOldGen: 379416K->56849K(472064K)] 384569K->56849K(514048K), [Metaspace: 2763K->2763K(1056768K)], 0.0053596 secs] [Times: user=0.00 sys=0.00, real=0.00 secs] 
13.773: [GC (Allocation Failure) [PSYoungGen: 28281K->6144K(41984K)] 187530K->165393K(514048K), 0.0008804 secs] [Times: user=0.00 sys=0.00, real=0.00 secs] 
14.647: [GC (Allocation Failure) [PSYoungGen: 34426K->2048K(41984K)] 367755K->345617K(514048K), 0.0013491 secs] [Times: user=0.00 sys=0.00, real=0.00 secs] 
15.301: [GC (Allocation Failure) [PSYoungGen: 33402K->6144K(41984K)] 376971K->354833K(514048K), 0.0014510 secs] [Times: user=0.00 sys=0.00, real=0.00 secs] 
16.284: [GC (Allocation Failure) [PSYoungGen: 37494K->5120K(41984K)] 386183K->358929K(514048K), 0.0010025 secs] [Times: user=0.00 sys=0.00, real=0.00 secs] 
16.830: [GC (Allocation Failure) [PSYoungGen: 36467K->5120K(41984K)] 390276K->369169K(514048K), 0.0015323 secs] [Times: user=0.00 sys=0.00, real=0.00 secs] 
17.157: [GC (Allocation Failure) [PSYoungGen: 36465K->5120K(41984K)] 451714K->440849K(514048K), 0.0021587 secs] [Times: user=0.00 sys=0.00, real=0.00 secs] 
17.160: [Full GC (Ergonomics) [PSYoungGen: 5120K->0K(41984K)] [ParOldGen: 435729K->77329K(472064K)] 440849K->77329K(514048K), [Metaspace: 2768K->2768K(1056768K)], 0.0067088 secs] [Times: user=0.00 sys=0.00, real=0.01 secs] 
18.046: [GC (Allocation Failure) [PSYoungGen: 28276K->5120K(41984K)] 208006K->189969K(514048K), 0.0011193 secs] [Times: user=0.00 sys=0.00, real=0.00 secs] 
18.918: [GC (Allocation Failure) [PSYoungGen: 33399K->6144K(41984K)] 392328K->365073K(514048K), 0.0009447 secs] [Times: user=0.00 sys=0.00, real=0.00 secs] 
20.009: [GC (Allocation Failure) [PSYoungGen: 27256K->0K(41984K)] 437385K->410129K(514048K), 0.0007720 secs] [Times: user=0.00 sys=0.00, real=0.00 secs] 
20.009: [GC (Allocation Failure) [PSYoungGen: 0K->0K(41984K)] 410129K->410129K(514048K), 0.0007087 secs] [Times: user=0.00 sys=0.00, real=0.00 secs] 
20.010: [Full GC (Allocation Failure) [PSYoungGen: 0K->0K(41984K)] [ParOldGen: 410129K->51729K(472064K)] 410129K->51729K(514048K), [Metaspace: 2770K->2770K(1056768K)], 0.0045894 secs] [Times: user=0.00 sys=0.00, real=0.00 secs] 
20.895: [GC (Allocation Failure) [PSYoungGen: 28281K->5120K(41984K)] 182410K->164369K(514048K), 0.0008856 secs] [Times: user=0.00 sys=0.00, real=0.00 secs] 
21.767: [GC (Allocation Failure) [PSYoungGen: 33401K->2048K(41984K)] 366731K->335377K(514048K), 0.0009652 secs] [Times: user=0.00 sys=0.00, real=0.00 secs] 
22.421: [GC (Allocation Failure) [PSYoungGen: 33402K->6144K(41984K)] 366731K->344593K(514048K), 0.0010852 secs] [Times: user=0.00 sys=0.00, real=0.00 secs] 
22.859: [GC (Allocation Failure) [PSYoungGen: 27254K->1024K(41984K)] 437383K->411153K(514048K), 0.0011832 secs] [Times: user=0.00 sys=0.00, real=0.00 secs] 
22.860: [GC (Allocation Failure) [PSYoungGen: 1024K->1024K(41984K)] 411153K->411153K(514048K), 0.0007197 secs] [Times: user=0.00 sys=0.00, real=0.00 secs] 
22.861: [Full GC (Allocation Failure) [PSYoungGen: 1024K->0K(41984K)] [ParOldGen: 410129K->165393K(472064K)] 411153K->165393K(514048K), [Metaspace: 2779K->2779K(1056768K)], 0.0122820 secs] [Times: user=0.00 sys=0.00, real=0.01 secs] 
24.626: [Full GC (Ergonomics) [PSYoungGen: 30327K->0K(41984K)] [ParOldGen: 441873K->12288K(472064K)] 472201K->12288K(514048K), [Metaspace: 2779K->2779K(1056768K)], 0.0028224 secs] [Times: user=0.00 sys=0.00, real=0.00 secs] 
25.281: [GC (Allocation Failure) [PSYoungGen: 31352K->5120K(41984K)] 43640K->22528K(514048K), 0.0009874 secs] [Times: user=0.00 sys=0.00, real=0.00 secs] 
26.148: [GC (Allocation Failure) [PSYoungGen: 33397K->5120K(41984K)] 224885K->211968K(514048K), 0.0016962 secs] [Times: user=0.02 sys=0.00, real=0.00 secs] 
26.695: [GC (Allocation Failure) [PSYoungGen: 31351K->5120K(41984K)] 238199K->222208K(514048K), 0.0014842 secs] [Times: user=0.00 sys=0.00, real=0.00 secs] 
27.788: [GC (Allocation Failure) [PSYoungGen: 36467K->5120K(41984K)] 274035K->247808K(514048K), 0.0011200 secs] [Times: user=0.00 sys=0.00, real=0.00 secs] 
28.225: [GC (Allocation Failure) [PSYoungGen: 31484K->5152K(41984K)] 274172K->258088K(514048K), 0.0017425 secs] [Times: user=0.00 sys=0.00, real=0.00 secs] 
28.663: [GC (Allocation Failure) [PSYoungGen: 36497K->5152K(41984K)] 443033K->411688K(514048K), 0.0010691 secs] [Times: user=0.00 sys=0.00, real=0.00 secs] 
29.423: [GC (Allocation Failure) [PSYoungGen: 33428K->5184K(41984K)] 439964K->421960K(514048K), 0.0014559 secs] [Times: user=0.00 sys=0.00, real=0.00 secs] 
29.862: [GC (Allocation Failure) [PSYoungGen: 31409K->5152K(41984K)] 468666K->442408K(514048K), 0.0010817 secs] [Times: user=0.00 sys=0.00, real=0.00 secs] 
29.863: [Full GC (Ergonomics) [PSYoungGen: 5152K->0K(41984K)] [ParOldGen: 437256K->82449K(472064K)] 442408K->82449K(514048K), [Metaspace: 2793K->2793K(1056768K)], 0.0066512 secs] [Times: user=0.00 sys=0.00, real=0.01 secs] 
31.718: [GC (Allocation Failure) [PSYoungGen: 30325K->2048K(41984K)] 368774K->340497K(514048K), 0.0010781 secs] [Times: user=0.00 sys=0.00, real=0.00 secs] 
32.374: [GC (Allocation Failure) [PSYoungGen: 33399K->6144K(41984K)] 371848K->349713K(514048K), 0.0011921 secs] [Times: user=0.00 sys=0.00, real=0.00 secs] 
32.811: [GC (Allocation Failure) [PSYoungGen: 27252K->6144K(41984K)] 442501K->421393K(514048K), 0.0010941 secs] [Times: user=0.00 sys=0.00, real=0.00 secs] 
32.812: [GC (Allocation Failure) [PSYoungGen: 6144K->6144K(41984K)] 421393K->421393K(514048K), 0.0009258 secs] [Times: user=0.00 sys=0.00, real=0.00 secs] 
32.813: [Full GC (Allocation Failure) [PSYoungGen: 6144K->0K(41984K)] [ParOldGen: 415249K->57873K(472064K)] 421393K->57873K(514048K), [Metaspace: 2793K->2793K(1056768K)], 0.0053405 secs] [Times: user=0.00 sys=0.00, real=0.01 secs] 
33.700: [GC (Allocation Failure) [PSYoungGen: 28278K->6144K(41984K)] 188551K->166417K(514048K), 0.0009065 secs] [Times: user=0.00 sys=0.00, real=0.00 secs] 
34.573: [GC (Allocation Failure) [PSYoungGen: 34424K->2048K(41984K)] 368777K->346641K(514048K), 0.0013015 secs] [Times: user=0.00 sys=0.00, real=0.00 secs] 
35.663: [GC (Allocation Failure) [PSYoungGen: 28281K->0K(41984K)] 444554K->426513K(514048K), 0.0014364 secs] [Times: user=0.00 sys=0.00, real=0.00 secs] 
35.664: [GC (Allocation Failure) [PSYoungGen: 0K->0K(41984K)] 426513K->426513K(514048K), 0.0008427 secs] [Times: user=0.00 sys=0.00, real=0.00 secs] 
35.665: [Full GC (Allocation Failure) [PSYoungGen: 0K->0K(41984K)] [ParOldGen: 426513K->61969K(472064K)] 426513K->61969K(514048K), [Metaspace: 2793K->2793K(1056768K)], 0.0060514 secs] [Times: user=0.00 sys=0.00, real=0.01 secs] 
36.553: [GC (Allocation Failure) [PSYoungGen: 28281K->5120K(41984K)] 192651K->174609K(514048K), 0.0010388 secs] [Times: user=0.00 sys=0.00, real=0.00 secs] 
37.428: [GC (Allocation Failure) [PSYoungGen: 33402K->1024K(41984K)] 376971K->344593K(514048K), 0.0006056 secs] [Times: user=0.00 sys=0.00, real=0.00 secs] 
38.082: [GC (Allocation Failure) [PSYoungGen: 32378K->5120K(41984K)] 375947K->353809K(514048K), 0.0010032 secs] [Times: user=0.00 sys=0.00, real=0.00 secs] 
39.283: [GC (Allocation Failure) [PSYoungGen: 36470K->5120K(41984K)] 456839K->430609K(514048K), 0.0010310 secs] [Times: user=0.00 sys=0.00, real=0.00 secs] 
39.829: [Full GC (Ergonomics) [PSYoungGen: 36471K->0K(41984K)] [ParOldGen: 445969K->26129K(472064K)] 482441K->26129K(514048K), [Metaspace: 2793K->2793K(1056768K)], 0.0034141 secs] [Times: user=0.00 sys=0.00, real=0.00 secs] 
40.810: [GC (Allocation Failure) [PSYoungGen: 28280K->5120K(41984K)] 208010K->189969K(514048K), 0.0009873 secs] [Times: user=0.00 sys=0.00, real=0.00 secs] 
41.681: [GC (Allocation Failure) [PSYoungGen: 33401K->2048K(41984K)] 392331K->360977K(514048K), 0.0010664 secs] [Times: user=0.00 sys=0.00, real=0.00 secs] 
42.877: [GC (Allocation Failure) [PSYoungGen: 33402K->5120K(41984K)] 392331K->364049K(514048K), 0.0008920 secs] [Times: user=0.00 sys=0.00, real=0.00 secs] 
43.643: [GC (Allocation Failure) [PSYoungGen: 33397K->6144K(41984K)] 392327K->365073K(514048K), 0.0010006 secs] [Times: user=0.00 sys=0.00, real=0.00 secs] 
44.189: [GC (Allocation Failure) [PSYoungGen: 32370K->1024K(41984K)] 462980K->441873K(514048K), 0.0012594 secs] [Times: user=0.00 sys=0.00, real=0.00 secs] 
44.190: [Full GC (Ergonomics) [PSYoungGen: 1024K->0K(41984K)] [ParOldGen: 440849K->62993K(472064K)] 441873K->62993K(514048K), [Metaspace: 2795K->2795K(1056768K)], 0.0058346 secs] [Times: user=0.00 sys=0.00, real=0.01 secs] 
45.080: [GC (Allocation Failure) [PSYoungGen: 28277K->5120K(41984K)] 193671K->175633K(514048K), 0.0011254 secs] [Times: user=0.00 sys=0.00, real=0.00 secs] 
45.952: [GC (Allocation Failure) [PSYoungGen: 33399K->1024K(41984K)] 377992K->355857K(514048K), 0.0013296 secs] [Times: user=0.00 sys=0.00, real=0.00 secs] 
47.041: [GC (Allocation Failure) [PSYoungGen: 22136K->0K(41984K)] 448650K->426513K(514048K), 0.0010323 secs] [Times: user=0.00 sys=0.00, real=0.00 secs] 
47.042: [GC (Allocation Failure) [PSYoungGen: 0K->0K(41984K)] 426513K->426513K(514048K), 0.0008296 secs] [Times: user=0.00 sys=0.00, real=0.00 secs] 
47.043: [Full GC (Allocation Failure) [PSYoungGen: 0K->0K(41984K)] [ParOldGen: 426513K->72209K(472064K)] 426513K->72209K(514048K), [Metaspace: 2795K->2795K(1056768K)], 0.0062268 secs] [Times: user=0.00 sys=0.00, real=0.01 secs] 
47.931: [GC (Allocation Failure) [PSYoungGen: 28281K->5120K(41984K)] 202890K->184849K(514048K), 0.0010023 secs] [Times: user=0.00 sys=0.00, real=0.00 secs] 
48.807: [GC (Allocation Failure) [PSYoungGen: 33402K->6144K(41984K)] 387211K->359953K(514048K), 0.0010301 secs] [Times: user=0.00 sys=0.00, real=0.00 secs] 
49.464: [GC (Allocation Failure) [PSYoungGen: 37498K->5120K(41984K)] 391307K->369169K(514048K), 0.0012980 secs] [Times: user=0.00 sys=0.00, real=0.00 secs] 
49.898: [GC (Allocation Failure) [PSYoungGen: 26230K->5120K(41984K)] 461959K->440849K(514048K), 0.0010196 secs] [Times: user=0.00 sys=0.00, real=0.00 secs] 
49.899: [GC (Allocation Failure) [PSYoungGen: 5120K->5120K(41984K)] 440849K->440849K(514048K), 0.0007710 secs] [Times: user=0.00 sys=0.00, real=0.00 secs] 
49.900: [Full GC (Allocation Failure) [PSYoungGen: 5120K->0K(41984K)] [ParOldGen: 435729K->133649K(472064K)] 440849K->133649K(514048K), [Metaspace: 2795K->2795K(1056768K)], 0.0085207 secs] [Times: user=0.00 sys=0.00, real=0.01 secs] 
50.999: [GC (Allocation Failure) [PSYoungGen: 26231K->5120K(41984K)] 262281K->251409K(514048K), 0.0015609 secs] [Times: user=0.00 sys=0.00, real=0.00 secs] 
51.433: [GC (Allocation Failure) [PSYoungGen: 36472K->5120K(41984K)] 436362K->405009K(514048K), 0.0008386 secs] [Times: user=0.00 sys=0.00, real=0.00 secs] 
52.199: [GC (Allocation Failure) [PSYoungGen: 33401K->6144K(41984K)] 433291K->411153K(514048K), 0.0012949 secs] [Times: user=0.00 sys=0.00, real=0.00 secs] 
52.635: [GC (Allocation Failure) [PSYoungGen: 32373K->6144K(41984K)] 457862K->436753K(514048K), 0.0015113 secs] [Times: user=0.00 sys=0.00, real=0.00 secs] 
52.637: [GC (Allocation Failure) [PSYoungGen: 6144K->6144K(41984K)] 436753K->436753K(514048K), 0.0009788 secs] [Times: user=0.00 sys=0.00, real=0.00 secs] 
52.638: [Full GC (Allocation Failure) [PSYoungGen: 6144K->0K(41984K)] [ParOldGen: 430609K->32273K(472064K)] 436753K->32273K(514048K), [Metaspace: 2795K->2795K(1056768K)], 0.0037663 secs] [Times: user=0.00 sys=0.00, real=0.00 secs] 
53.617: [GC (Allocation Failure) [PSYoungGen: 28279K->6144K(41984K)] 214152K->192017K(514048K), 0.0008288 secs] [Times: user=0.00 sys=0.00, real=0.00 secs] 
54.708: [GC (Allocation Failure) [PSYoungGen: 33400K->5120K(41984K)] 219273K->196113K(514048K), 0.0011167 secs] [Times: user=0.00 sys=0.00, real=0.00 secs] 
55.253: [GC (Allocation Failure) [PSYoungGen: 36468K->5120K(41984K)] 227461K->206353K(514048K), 0.0014975 secs] [Times: user=0.00 sys=0.00, real=0.00 secs] 
55.691: [GC (Allocation Failure) [PSYoungGen: 36466K->5120K(41984K)] 391299K->370193K(514048K), 0.0016346 secs] [Times: user=0.00 sys=0.00, real=0.00 secs] 
56.453: [GC (Allocation Failure) [PSYoungGen: 33397K->5120K(41984K)] 398470K->380433K(514048K), 0.0014157 secs] [Times: user=0.00 sys=0.00, real=0.00 secs] 
57.001: [Full GC (Ergonomics) [PSYoungGen: 31346K->0K(41984K)] [ParOldGen: 446993K->92689K(472064K)] 478339K->92689K(514048K), [Metaspace: 2796K->2796K(1056768K)], 0.0074234 secs] [Times: user=0.00 sys=0.00, real=0.01 secs] 
58.978: [GC (Allocation Failure) [PSYoungGen: 30325K->5120K(41984K)] 399494K->374289K(514048K), 0.0008327 secs] [Times: user=0.00 sys=0.00, real=0.00 secs] 
59.524: [GC (Allocation Failure) [PSYoungGen: 36471K->5120K(41984K)] 405640K->384529K(514048K), 0.0014914 secs] [Times: user=0.00 sys=0.00, real=0.00 secs] 
59.853: [GC (Allocation Failure) [PSYoungGen: 36468K->5120K(41984K)] 467077K->435729K(514048K), 0.0008632 secs] [Times: user=0.00 sys=0.00, real=0.00 secs] 
59.854: [GC (Allocation Failure) [PSYoungGen: 5120K->5120K(41984K)] 435729K->435729K(514048K), 0.0007374 secs] [Times: user=0.00 sys=0.00, real=0.00 secs] 
59.854: [Full GC (Allocation Failure) [PSYoungGen: 5120K->0K(41984K)] [ParOldGen: 430609K->108049K(472064K)] 435729K->108049K(514048K), [Metaspace: 2796K->2796K(1056768K)], 0.0084538 secs] [Times: user=0.00 sys=0.00, real=0.01 secs] 
60.745: [GC (Allocation Failure) [PSYoungGen: 28278K->5120K(41984K)] 238727K->220689K(514048K), 0.0010388 secs] [Times: user=0.00 sys=0.00, real=0.00 secs] 
62.052: [GC (Allocation Failure) [PSYoungGen: 32376K->1024K(41984K)] 422025K->390673K(514048K), 0.0007182 secs] [Times: user=0.00 sys=0.00, real=0.00 secs] 
62.709: [Full GC (Ergonomics) [PSYoungGen: 32377K->0K(41984K)] [ParOldGen: 461329K->56849K(472064K)] 493706K->56849K(514048K), [Metaspace: 2796K->2796K(1056768K)], 0.0054197 secs] [Times: user=0.00 sys=0.00, real=0.00 secs] 
63.598: [GC (Allocation Failure) [PSYoungGen: 28281K->6144K(41984K)] 187531K->165393K(514048K), 0.0008264 secs] [Times: user=0.00 sys=0.00, real=0.00 secs] 
64.470: [GC (Allocation Failure) [PSYoungGen: 34426K->2048K(41984K)] 367755K->345617K(514048K), 0.0015594 secs] [Times: user=0.00 sys=0.00, real=0.00 secs] 
65.125: [GC (Allocation Failure) [PSYoungGen: 33402K->6144K(41984K)] 376971K->354833K(514048K), 0.0010946 secs] [Times: user=0.00 sys=0.00, real=0.00 secs] 
66.109: [GC (Allocation Failure) [PSYoungGen: 37494K->5120K(41984K)] 386183K->358929K(514048K), 0.0009450 secs] [Times: user=0.00 sys=0.00, real=0.00 secs] 
66.656: [GC (Allocation Failure) [PSYoungGen: 36467K->0K(41984K)] 390276K->364049K(514048K), 0.0013387 secs] [Times: user=0.00 sys=0.00, real=0.00 secs] 
66.983: [GC (Allocation Failure) [PSYoungGen: 31345K->0K(41984K)] 446595K->435729K(514048K), 0.0021552 secs] [Times: user=0.00 sys=0.00, real=0.00 secs] 
66.986: [Full GC (Ergonomics) [PSYoungGen: 0K->0K(41984K)] [ParOldGen: 435729K->77329K(472064K)] 435729K->77329K(514048K), [Metaspace: 2796K->2796K(1056768K)], 0.0066875 secs] [Times: user=0.00 sys=0.00, real=0.01 secs] 
67.870: [GC (Allocation Failure) [PSYoungGen: 28276K->5120K(41984K)] 208006K->189969K(514048K), 0.0010737 secs] [Times: user=0.00 sys=0.00, real=0.00 secs] 
68.744: [GC (Allocation Failure) [PSYoungGen: 33399K->6144K(41984K)] 392328K->365073K(514048K), 0.0009040 secs] [Times: user=0.00 sys=0.00, real=0.00 secs] 
69.837: [GC (Allocation Failure) [PSYoungGen: 27256K->0K(41984K)] 437385K->410129K(514048K), 0.0012318 secs] [Times: user=0.00 sys=0.00, real=0.00 secs] 
69.838: [GC (Allocation Failure) [PSYoungGen: 0K->0K(41984K)] 410129K->410129K(514048K), 0.0010189 secs] [Times: user=0.00 sys=0.00, real=0.00 secs] 
69.839: [Full GC (Allocation Failure) [PSYoungGen: 0K->0K(41984K)] [ParOldGen: 410129K->51729K(472064K)] 410129K->51729K(514048K), [Metaspace: 2796K->2796K(1056768K)], 0.0047441 secs] [Times: user=0.00 sys=0.00, real=0.01 secs] 
70.728: [GC (Allocation Failure) [PSYoungGen: 28281K->5120K(41984K)] 182410K->164369K(514048K), 0.0008000 secs] [Times: user=0.00 sys=0.00, real=0.00 secs] 
71.601: [GC (Allocation Failure) [PSYoungGen: 33401K->2048K(41984K)] 366731K->335377K(514048K), 0.0007623 secs] [Times: user=0.00 sys=0.00, real=0.00 secs] 
72.256: [GC (Allocation Failure) [PSYoungGen: 33402K->6144K(41984K)] 366731K->344593K(514048K), 0.0008538 secs] [Times: user=0.00 sys=0.00, real=0.00 secs] 
72.692: [GC (Allocation Failure) [PSYoungGen: 27254K->1024K(41984K)] 437383K->411153K(514048K), 0.0007518 secs] [Times: user=0.00 sys=0.00, real=0.00 secs] 
72.693: [GC (Allocation Failure) [PSYoungGen: 1024K->1024K(41984K)] 411153K->411153K(514048K), 0.0008063 secs] [Times: user=0.00 sys=0.00, real=0.00 secs] 
72.693: [Full GC (Allocation Failure) [PSYoungGen: 1024K->0K(41984K)] [ParOldGen: 410129K->165393K(472064K)] 411153K->165393K(514048K), [Metaspace: 2796K->2796K(1056768K)], 0.0120399 secs] [Times: user=0.00 sys=0.00, real=0.01 secs] 
74.452: [Full GC (Ergonomics) [PSYoungGen: 30327K->0K(41984K)] [ParOldGen: 441873K->12288K(472064K)] 472201K->12288K(514048K), [Metaspace: 2796K->2796K(1056768K)], 0.0031134 secs] [Times: user=0.00 sys=0.00, real=0.00 secs] 
75.106: [GC (Allocation Failure) [PSYoungGen: 31352K->5120K(41984K)] 43640K->22528K(514048K), 0.0011418 secs] [Times: user=0.00 sys=0.00, real=0.00 secs] 
75.978: [GC (Allocation Failure) [PSYoungGen: 33397K->5120K(41984K)] 224885K->211968K(514048K), 0.0017614 secs] [Times: user=0.00 sys=0.00, real=0.00 secs] 
76.524: [GC (Allocation Failure) [PSYoungGen: 31351K->5120K(41984K)] 238199K->217088K(514048K), 0.0011677 secs] [Times: user=0.00 sys=0.00, real=0.00 secs] 
77.618: [GC (Allocation Failure) [PSYoungGen: 36467K->5120K(41984K)] 268915K->242688K(514048K), 0.0011723 secs] [Times: user=0.00 sys=0.00, real=0.00 secs] 
78.054: [GC (Allocation Failure) [PSYoungGen: 31349K->5120K(41984K)] 268918K->252928K(514048K), 0.0015187 secs] [Times: user=0.00 sys=0.00, real=0.00 secs] 
78.492: [GC (Allocation Failure) [PSYoungGen: 36466K->5120K(41984K)] 437874K->406528K(514048K), 0.0010204 secs] [Times: user=0.00 sys=0.00, real=0.00 secs] 
79.253: [GC (Allocation Failure) [PSYoungGen: 33397K->5120K(41984K)] 434805K->416768K(514048K), 0.0014306 secs] [Times: user=0.00 sys=0.00, real=0.00 secs] 
79.692: [GC (Allocation Failure) [PSYoungGen: 31346K->5120K(41984K)] 463474K->437248K(514048K), 0.0010214 secs] [Times: user=0.00 sys=0.00, real=0.00 secs] 
79.693: [GC (Allocation Failure) [PSYoungGen: 5120K->5120K(41984K)] 437248K->437248K(514048K), 0.0008790 secs] [Times: user=0.00 sys=0.00, real=0.00 secs] 
79.694: [Full GC (Allocation Failure) [PSYoungGen: 5120K->0K(41984K)] [ParOldGen: 432128K->82449K(472064K)] 437248K->82449K(514048K), [Metaspace: 2796K->2796K(1056768K)], 0.0069020 secs] [Times: user=0.00 sys=0.00, real=0.01 secs] 
81.564: [GC (Allocation Failure) [PSYoungGen: 30325K->2048K(41984K)] 368774K->340497K(514048K), 0.0008502 secs] [Times: user=0.00 sys=0.00, real=0.00 secs] 
82.221: [GC (Allocation Failure) [PSYoungGen: 33399K->6144K(41984K)] 371848K->349713K(514048K), 0.0012315 secs] [Times: user=0.00 sys=0.00, real=0.00 secs] 
82.657: [GC (Allocation Failure) [PSYoungGen: 27252K->1024K(41984K)] 442501K->416273K(514048K), 0.0008931 secs] [Times: user=0.00 sys=0.00, real=0.00 secs] 
82.658: [GC (Allocation Failure) [PSYoungGen: 1024K->1024K(41984K)] 416273K->416273K(514048K), 0.0007118 secs] [Times: user=0.00 sys=0.00, real=0.00 secs] 
82.658: [Full GC (Allocation Failure) [PSYoungGen: 1024K->0K(41984K)] [ParOldGen: 415249K->57873K(472064K)] 416273K->57873K(514048K), [Metaspace: 2796K->2796K(1056768K)], 0.0052998 secs] [Times: user=0.00 sys=0.00, real=0.01 secs] 
83.546: [GC (Allocation Failure) [PSYoungGen: 28278K->6144K(41984K)] 188551K->166417K(514048K), 0.0010085 secs] [Times: user=0.00 sys=0.00, real=0.00 secs] 
84.417: [GC (Allocation Failure) [PSYoungGen: 34424K->2048K(41984K)] 368777K->346641K(514048K), 0.0015039 secs] [Times: user=0.00 sys=0.00, real=0.00 secs] 
85.510: [GC (Allocation Failure) [PSYoungGen: 28281K->0K(41984K)] 444554K->426513K(514048K), 0.0015108 secs] [Times: user=0.00 sys=0.00, real=0.00 secs] 
85.512: [GC (Allocation Failure) [PSYoungGen: 0K->0K(41984K)] 426513K->426513K(514048K), 0.0008641 secs] [Times: user=0.00 sys=0.00, real=0.00 secs] 
85.512: [Full GC (Allocation Failure) [PSYoungGen: 0K->0K(41984K)] [ParOldGen: 426513K->61969K(472064K)] 426513K->61969K(514048K), [Metaspace: 2796K->2796K(1056768K)], 0.0056179 secs] [Times: user=0.00 sys=0.00, real=0.00 secs] 
86.399: [GC (Allocation Failure) [PSYoungGen: 28281K->5120K(41984K)] 192651K->174609K(514048K), 0.0010068 secs] [Times: user=0.00 sys=0.00, real=0.00 secs] 
87.272: [GC (Allocation Failure) [PSYoungGen: 33402K->6144K(41984K)] 376971K->349713K(514048K), 0.0010668 secs] [Times: user=0.00 sys=0.00, real=0.00 secs] 
87.928: [GC (Allocation Failure) [PSYoungGen: 37498K->5120K(41984K)] 381067K->358929K(514048K), 0.0017759 secs] [Times: user=0.00 sys=0.00, real=0.00 secs] 
89.128: [GC (Allocation Failure) [PSYoungGen: 36470K->5120K(41984K)] 461959K->435729K(514048K), 0.0011057 secs] [Times: user=0.00 sys=0.00, real=0.00 secs] 
89.674: [Full GC (Ergonomics) [PSYoungGen: 36471K->0K(41984K)] [ParOldGen: 451089K->26129K(472064K)] 487561K->26129K(514048K), [Metaspace: 2796K->2796K(1056768K)], 0.0034945 secs] [Times: user=0.00 sys=0.00, real=0.00 secs] 
90.653: [GC (Allocation Failure) [PSYoungGen: 28280K->5120K(41984K)] 208010K->189969K(514048K), 0.0008711 secs] [Times: user=0.00 sys=0.00, real=0.00 secs] 
91.525: [GC (Allocation Failure) [PSYoungGen: 33401K->2048K(41984K)] 392331K->360977K(514048K), 0.0007514 secs] [Times: user=0.00 sys=0.00, real=0.00 secs] 
92.726: [GC (Allocation Failure) [PSYoungGen: 33402K->5120K(41984K)] 392331K->364049K(514048K), 0.0008186 secs] [Times: user=0.00 sys=0.00, real=0.00 secs] 
93.491: [GC (Allocation Failure) [PSYoungGen: 33397K->6144K(41984K)] 392327K->365073K(514048K), 0.0011809 secs] [Times: user=0.00 sys=0.00, real=0.00 secs] 
94.034: [GC (Allocation Failure) [PSYoungGen: 32370K->1024K(41984K)] 462980K->441873K(514048K), 0.0013692 secs] [Times: user=0.00 sys=0.00, real=0.00 secs] 
94.035: [Full GC (Ergonomics) [PSYoungGen: 1024K->0K(41984K)] [ParOldGen: 440849K->62993K(472064K)] 441873K->62993K(514048K), [Metaspace: 2796K->2796K(1056768K)], 0.0058172 secs] [Times: user=0.00 sys=0.00, real=0.01 secs] 
94.924: [GC (Allocation Failure) [PSYoungGen: 28277K->5120K(41984K)] 193671K->175633K(514048K), 0.0011231 secs] [Times: user=0.00 sys=0.00, real=0.00 secs] 
95.797: [GC (Allocation Failure) [PSYoungGen: 33399K->6144K(41984K)] 377992K->360977K(514048K), 0.0015133 secs] [Times: user=0.00 sys=0.00, real=0.00 secs] 
96.894: [GC (Allocation Failure) [PSYoungGen: 27256K->0K(41984K)] 453770K->426513K(514048K), 0.0010251 secs] [Times: user=0.00 sys=0.00, real=0.00 secs] 
96.895: [GC (Allocation Failure) [PSYoungGen: 0K->0K(41984K)] 426513K->426513K(514048K), 0.0010275 secs] [Times: user=0.00 sys=0.00, real=0.00 secs] 
96.896: [Full GC (Allocation Failure) [PSYoungGen: 0K->0K(41984K)] [ParOldGen: 426513K->72209K(472064K)] 426513K->72209K(514048K), [Metaspace: 2796K->2796K(1056768K)], 0.0071105 secs] [Times: user=0.00 sys=0.00, real=0.01 secs] 
97.783: [GC (Allocation Failure) [PSYoungGen: 28281K->5120K(41984K)] 202890K->184849K(514048K), 0.0010828 secs] [Times: user=0.00 sys=0.00, real=0.00 secs] 
98.662: [GC (Allocation Failure) [PSYoungGen: 33402K->6144K(41984K)] 387211K->359953K(514048K), 0.0009547 secs] [Times: user=0.00 sys=0.00, real=0.00 secs] 
99.323: [GC (Allocation Failure) [PSYoungGen: 37498K->5120K(41984K)] 391307K->369169K(514048K), 0.0012835 secs] [Times: user=0.00 sys=0.00, real=0.00 secs] 
99.759: [GC (Allocation Failure) [PSYoungGen: 26230K->5120K(41984K)] 461959K->440849K(514048K), 0.0008523 secs] [Times: user=0.00 sys=0.00, real=0.00 secs] 
99.760: [GC (Allocation Failure) [PSYoungGen: 5120K->5120K(41984K)] 440849K->440849K(514048K), 0.0008642 secs] [Times: user=0.00 sys=0.00, real=0.00 secs] 
99.761: [Full GC (Allocation Failure) [PSYoungGen: 5120K->0K(41984K)] [ParOldGen: 435729K->133649K(472064K)] 440849K->133649K(514048K), [Metaspace: 2796K->2796K(1056768K)], 0.0085627 secs] [Times: user=0.00 sys=0.00, real=0.01 secs] 
100.864: [GC (Allocation Failure) [PSYoungGen: 26231K->5120K(41984K)] 262281K->251409K(514048K), 0.0016235 secs] [Times: user=0.00 sys=0.00, real=0.00 secs] 
101.302: [GC (Allocation Failure) [PSYoungGen: 36472K->5120K(41984K)] 436362K->405009K(514048K), 0.0009541 secs] [Times: user=0.00 sys=0.00, real=0.00 secs] 
102.067: [GC (Allocation Failure) [PSYoungGen: 33401K->6144K(41984K)] 433291K->411153K(514048K), 0.0013071 secs] [Times: user=0.00 sys=0.00, real=0.00 secs] 
102.503: [GC (Allocation Failure) [PSYoungGen: 32373K->6144K(41984K)] 457862K->431633K(514048K), 0.0011570 secs] [Times: user=0.00 sys=0.00, real=0.00 secs] 
102.504: [GC (Allocation Failure) [PSYoungGen: 6144K->6144K(41984K)] 431633K->431633K(514048K), 0.0009784 secs] [Times: user=0.00 sys=0.00, real=0.00 secs] 
102.505: [Full GC (Allocation Failure) [PSYoungGen: 6144K->0K(41984K)] [ParOldGen: 425489K->32273K(472064K)] 431633K->32273K(514048K), [Metaspace: 2796K->2796K(1056768K)], 0.0039588 secs] [Times: user=0.00 sys=0.00, real=0.00 secs] 
103.487: [GC (Allocation Failure) [PSYoungGen: 28279K->6144K(41984K)] 214152K->192017K(514048K), 0.0007917 secs] [Times: user=0.00 sys=0.00, real=0.00 secs] 
104.578: [GC (Allocation Failure) [PSYoungGen: 33400K->5120K(41984K)] 219273K->196113K(514048K), 0.0009543 secs] [Times: user=0.00 sys=0.00, real=0.00 secs] 
105.129: [GC (Allocation Failure) [PSYoungGen: 36468K->0K(41984K)] 227461K->201233K(514048K), 0.0012057 secs] [Times: user=0.00 sys=0.00, real=0.00 secs] 
105.564: [GC (Allocation Failure) [PSYoungGen: 31346K->0K(41984K)] 386179K->365073K(514048K), 0.0011990 secs] [Times: user=0.00 sys=0.00, real=0.00 secs] 
106.325: [GC (Allocation Failure) [PSYoungGen: 28277K->5120K(41984K)] 393350K->375313K(514048K), 0.0010434 secs] [Times: user=0.00 sys=0.00, real=0.00 secs] 
106.870: [Full GC (Ergonomics) [PSYoungGen: 31346K->0K(41984K)] [ParOldGen: 441873K->92689K(472064K)] 473219K->92689K(514048K), [Metaspace: 2796K->2796K(1056768K)], 0.0082852 secs] [Times: user=0.00 sys=0.00, real=0.01 secs] 
108.847: [GC (Allocation Failure) [PSYoungGen: 30325K->5120K(41984K)] 399494K->374289K(514048K), 0.0008906 secs] [Times: user=0.00 sys=0.00, real=0.00 secs] 
109.390: [GC (Allocation Failure) [PSYoungGen: 36471K->5120K(41984K)] 405640K->384529K(514048K), 0.0015039 secs] [Times: user=0.00 sys=0.00, real=0.00 secs] 
109.719: [GC (Allocation Failure) [PSYoungGen: 36468K->5120K(41984K)] 467077K->435729K(514048K), 0.0008272 secs] [Times: user=0.00 sys=0.00, real=0.00 secs] 
109.720: [GC (Allocation Failure) [PSYoungGen: 5120K->5120K(41984K)] 435729K->435729K(514048K), 0.0009757 secs] [Times: user=0.00 sys=0.00, real=0.00 secs] 
109.721: [Full GC (Allocation Failure) [PSYoungGen: 5120K->0K(41984K)] [ParOldGen: 430609K->108049K(472064K)] 435729K->108049K(514048K), [Metaspace: 2796K->2796K(1056768K)], 0.0085453 secs] [Times: user=0.00 sys=0.00, real=0.01 secs] 
110.607: [GC (Allocation Failure) [PSYoungGen: 28278K->5120K(41984K)] 238727K->220689K(514048K), 0.0010547 secs] [Times: user=0.00 sys=0.00, real=0.00 secs] 
111.915: [GC (Allocation Failure) [PSYoungGen: 32376K->1024K(41984K)] 422025K->390673K(514048K), 0.0006939 secs] [Times: user=0.00 sys=0.00, real=0.00 secs] 
112.570: [Full GC (Ergonomics) [PSYoungGen: 32377K->0K(41984K)] [ParOldGen: 461329K->56849K(472064K)] 493706K->56849K(514048K), [Metaspace: 2796K->2796K(1056768K)], 0.0055470 secs] [Times: user=0.02 sys=0.00, real=0.00 secs] 
113.455: [GC (Allocation Failure) [PSYoungGen: 28281K->6144K(41984K)] 187531K->165393K(514048K), 0.0010341 secs] [Times: user=0.00 sys=0.00, real=0.00 secs] 
114.329: [GC (Allocation Failure) [PSYoungGen: 34426K->2048K(41984K)] 367755K->345617K(514048K), 0.0014920 secs] [Times: user=0.00 sys=0.00, real=0.00 secs] 
114.983: [GC (Allocation Failure) [PSYoungGen: 33402K->6144K(41984K)] 376971K->354833K(514048K), 0.0011209 secs] [Times: user=0.00 sys=0.00, real=0.00 secs] 
115.968: [GC (Allocation Failure) [PSYoungGen: 37494K->5120K(41984K)] 386183K->358929K(514048K), 0.0010549 secs] [Times: user=0.00 sys=0.00, real=0.00 secs] 
116.514: [GC (Allocation Failure) [PSYoungGen: 36467K->0K(41984K)] 390276K->364049K(514048K), 0.0012072 secs] [Times: user=0.00 sys=0.00, real=0.00 secs] 
116.840: [GC (Allocation Failure) [PSYoungGen: 31345K->0K(41984K)] 446595K->435729K(514048K), 0.0020261 secs] [Times: user=0.00 sys=0.00, real=0.00 secs] 
116.842: [Full GC (Ergonomics) [PSYoungGen: 0K->0K(41984K)] [ParOldGen: 435729K->77329K(472064K)] 435729K->77329K(514048K), [Metaspace: 2796K->2796K(1056768K)], 0.0067719 secs] [Times: user=0.00 sys=0.00, real=0.01 secs] 
117.729: [GC (Allocation Failure) [PSYoungGen: 28276K->5120K(41984K)] 208006K->189969K(514048K), 0.0010655 secs] [Times: user=0.00 sys=0.00, real=0.00 secs] 
118.603: [GC (Allocation Failure) [PSYoungGen: 33399K->6144K(41984K)] 392328K->365073K(514048K), 0.0008196 secs] [Times: user=0.00 sys=0.00, real=0.00 secs] 
119.697: [GC (Allocation Failure) [PSYoungGen: 27256K->0K(41984K)] 437385K->410129K(514048K), 0.0007142 secs] [Times: user=0.00 sys=0.00, real=0.00 secs] 
119.698: [GC (Allocation Failure) [PSYoungGen: 0K->0K(41984K)] 410129K->410129K(514048K), 0.0006815 secs] [Times: user=0.00 sys=0.00, real=0.00 secs] 
119.699: [Full GC (Allocation Failure) [PSYoungGen: 0K->0K(41984K)] [ParOldGen: 410129K->51729K(472064K)] 410129K->51729K(514048K), [Metaspace: 2796K->2796K(1056768K)], 0.0048893 secs] [Times: user=0.00 sys=0.00, real=0.00 secs] 
120.586: [GC (Allocation Failure) [PSYoungGen: 28281K->5120K(41984K)] 182410K->164369K(514048K), 0.0008046 secs] [Times: user=0.00 sys=0.00, real=0.00 secs] 
121.459: [GC (Allocation Failure) [PSYoungGen: 33401K->2048K(41984K)] 366731K->335377K(514048K), 0.0007985 secs] [Times: user=0.00 sys=0.00, real=0.00 secs] 
122.115: [GC (Allocation Failure) [PSYoungGen: 33402K->6144K(41984K)] 366731K->344593K(514048K), 0.0009552 secs] [Times: user=0.00 sys=0.00, real=0.00 secs] 
122.551: [GC (Allocation Failure) [PSYoungGen: 27254K->6144K(41984K)] 437383K->416273K(514048K), 0.0008427 secs] [Times: user=0.00 sys=0.00, real=0.00 secs] 
122.551: [GC (Allocation Failure) [PSYoungGen: 6144K->6144K(41984K)] 416273K->416273K(514048K), 0.0006703 secs] [Times: user=0.00 sys=0.00, real=0.00 secs] 
122.552: [Full GC (Allocation Failure) [PSYoungGen: 6144K->0K(41984K)] [ParOldGen: 410129K->165393K(472064K)] 416273K->165393K(514048K), [Metaspace: 2796K->2796K(1056768K)], 0.0125994 secs] [Times: user=0.00 sys=0.00, real=0.01 secs] 
124.310: [Full GC (Ergonomics) [PSYoungGen: 30327K->0K(41984K)] [ParOldGen: 441873K->12288K(472064K)] 472201K->12288K(514048K), [Metaspace: 2796K->2796K(1056768K)], 0.0025066 secs] [Times: user=0.00 sys=0.00, real=0.00 secs] 
124.965: [GC (Allocation Failure) [PSYoungGen: 31352K->5120K(41984K)] 43640K->22528K(514048K), 0.0008541 secs] [Times: user=0.00 sys=0.00, real=0.00 secs] 
125.839: [GC (Allocation Failure) [PSYoungGen: 33397K->5120K(41984K)] 224885K->211968K(514048K), 0.0017511 secs] [Times: user=0.00 sys=0.00, real=0.00 secs] 
126.387: [GC (Allocation Failure) [PSYoungGen: 31351K->5120K(41984K)] 238199K->217088K(514048K), 0.0011327 secs] [Times: user=0.00 sys=0.00, real=0.00 secs] 
127.478: [GC (Allocation Failure) [PSYoungGen: 36467K->5120K(41984K)] 268915K->242688K(514048K), 0.0010184 secs] [Times: user=0.00 sys=0.00, real=0.00 secs] 
127.918: [GC (Allocation Failure) [PSYoungGen: 31349K->0K(41984K)] 268918K->247808K(514048K), 0.0013963 secs] [Times: user=0.00 sys=0.00, real=0.00 secs] 
128.355: [GC (Allocation Failure) [PSYoungGen: 31346K->0K(41984K)] 432754K->401408K(514048K), 0.0010824 secs] [Times: user=0.00 sys=0.00, real=0.00 secs] 
129.119: [GC (Allocation Failure) [PSYoungGen: 28277K->5120K(41984K)] 429685K->411648K(514048K), 0.0015127 secs] [Times: user=0.00 sys=0.00, real=0.00 secs] 
129.559: [GC (Allocation Failure) [PSYoungGen: 31346K->0K(41984K)] 458354K->427008K(514048K), 0.0012264 secs] [Times: user=0.00 sys=0.00, real=0.00 secs] 
129.560: [GC (Allocation Failure) [PSYoungGen: 0K->0K(41984K)] 427008K->427008K(514048K), 0.0011257 secs] [Times: user=0.00 sys=0.00, real=0.00 secs] 
129.561: [Full GC (Allocation Failure) [PSYoungGen: 0K->0K(41984K)] [ParOldGen: 427008K->82449K(472064K)] 427008K->82449K(514048K), [Metaspace: 2796K->2796K(1056768K)], 0.0066060 secs] [Times: user=0.00 sys=0.00, real=0.01 secs] 
131.432: [GC (Allocation Failure) [PSYoungGen: 30325K->2048K(41984K)] 368774K->340497K(514048K), 0.0010144 secs] [Times: user=0.00 sys=0.00, real=0.00 secs] 
132.087: [GC (Allocation Failure) [PSYoungGen: 33399K->6144K(41984K)] 371848K->349713K(514048K), 0.0009862 secs] [Times: user=0.00 sys=0.00, real=0.00 secs] 
132.523: [GC (Allocation Failure) [PSYoungGen: 27252K->6144K(41984K)] 442501K->421393K(514048K), 0.0009817 secs] [Times: user=0.00 sys=0.00, real=0.00 secs] 
132.524: [GC (Allocation Failure) [PSYoungGen: 6144K->6144K(41984K)] 421393K->421393K(514048K), 0.0007479 secs] [Times: user=0.00 sys=0.00, real=0.00 secs] 
132.525: [Full GC (Allocation Failure) [PSYoungGen: 6144K->0K(41984K)] [ParOldGen: 415249K->57873K(472064K)] 421393K->57873K(514048K), [Metaspace: 2796K->2796K(1056768K)], 0.0055376 secs] [Times: user=0.00 sys=0.00, real=0.00 secs] 
133.412: [GC (Allocation Failure) [PSYoungGen: 28278K->6144K(41984K)] 188551K->166417K(514048K), 0.0010351 secs] [Times: user=0.00 sys=0.00, real=0.00 secs] 
134.288: [GC (Allocation Failure) [PSYoungGen: 34424K->2048K(41984K)] 368777K->346641K(514048K), 0.0013297 secs] [Times: user=0.00 sys=0.00, real=0.00 secs] 
135.377: [GC (Allocation Failure) [PSYoungGen: 28281K->0K(41984K)] 444554K->426513K(514048K), 0.0013592 secs] [Times: user=0.00 sys=0.00, real=0.00 secs] 
135.378: [GC (Allocation Failure) [PSYoungGen: 0K->0K(41984K)] 426513K->426513K(514048K), 0.0009479 secs] [Times: user=0.00 sys=0.00, real=0.00 secs] 
135.379: [Full GC (Allocation Failure) [PSYoungGen: 0K->0K(41984K)] [ParOldGen: 426513K->61969K(472064K)] 426513K->61969K(514048K), [Metaspace: 2796K->2796K(1056768K)], 0.0056666 secs] [Times: user=0.00 sys=0.00, real=0.01 secs] 
136.265: [GC (Allocation Failure) [PSYoungGen: 28281K->5120K(41984K)] 192651K->174609K(514048K), 0.0009466 secs] [Times: user=0.00 sys=0.00, real=0.00 secs] 
137.138: [GC (Allocation Failure) [PSYoungGen: 33402K->1024K(41984K)] 376971K->344593K(514048K), 0.0007128 secs] [Times: user=0.00 sys=0.00, real=0.00 secs] 
137.790: [GC (Allocation Failure) [PSYoungGen: 32378K->5120K(41984K)] 375947K->353809K(514048K), 0.0011401 secs] [Times: user=0.00 sys=0.00, real=0.00 secs] 
138.990: [GC (Allocation Failure) [PSYoungGen: 36470K->5120K(41984K)] 456839K->430609K(514048K), 0.0009351 secs] [Times: user=0.00 sys=0.00, real=0.00 secs] 
139.536: [Full GC (Ergonomics) [PSYoungGen: 36471K->0K(41984K)] [ParOldGen: 445969K->26129K(472064K)] 482441K->26129K(514048K), [Metaspace: 2796K->2796K(1056768K)], 0.0036407 secs] [Times: user=0.00 sys=0.00, real=0.00 secs] 
140.519: [GC (Allocation Failure) [PSYoungGen: 28280K->5120K(41984K)] 208010K->189969K(514048K), 0.0009739 secs] [Times: user=0.00 sys=0.00, real=0.00 secs] 
141.389: [GC (Allocation Failure) [PSYoungGen: 33401K->2048K(41984K)] 392331K->360977K(514048K), 0.0008086 secs] [Times: user=0.00 sys=0.00, real=0.00 secs] 
142.590: [GC (Allocation Failure) [PSYoungGen: 33402K->5120K(41984K)] 392331K->364049K(514048K), 0.0009508 secs] [Times: user=0.00 sys=0.00, real=0.00 secs] 
143.353: [GC (Allocation Failure) [PSYoungGen: 33397K->6144K(41984K)] 392327K->365073K(514048K), 0.0008473 secs] [Times: user=0.00 sys=0.00, real=0.00 secs] 
143.902: [GC (Allocation Failure) [PSYoungGen: 32370K->1024K(41984K)] 462980K->441873K(514048K), 0.0012065 secs] [Times: user=0.00 sys=0.00, real=0.00 secs] 
143.903: [Full GC (Ergonomics) [PSYoungGen: 1024K->0K(41984K)] [ParOldGen: 440849K->62993K(472064K)] 441873K->62993K(514048K), [Metaspace: 2796K->2796K(1056768K)], 0.0061562 secs] [Times: user=0.00 sys=0.00, real=0.01 secs] 
144.789: [GC (Allocation Failure) [PSYoungGen: 28277K->5120K(41984K)] 193671K->175633K(514048K), 0.0011615 secs] [Times: user=0.02 sys=0.00, real=0.00 secs] 
145.665: [GC (Allocation Failure) [PSYoungGen: 33399K->6144K(41984K)] 377992K->360977K(514048K), 0.0015310 secs] [Times: user=0.00 sys=0.00, real=0.00 secs] 
146.762: [GC (Allocation Failure) [PSYoungGen: 27256K->0K(41984K)] 453770K->426513K(514048K), 0.0008836 secs] [Times: user=0.00 sys=0.00, real=0.00 secs] 
146.763: [GC (Allocation Failure) [PSYoungGen: 0K->0K(41984K)] 426513K->426513K(514048K), 0.0008452 secs] [Times: user=0.00 sys=0.00, real=0.00 secs] 
146.764: [Full GC (Allocation Failure) [PSYoungGen: 0K->0K(41984K)] [ParOldGen: 426513K->72209K(472064K)] 426513K->72209K(514048K), [Metaspace: 2796K->2796K(1056768K)], 0.0063694 secs] [Times: user=0.00 sys=0.00, real=0.01 secs] 
147.654: [GC (Allocation Failure) [PSYoungGen: 28281K->5120K(41984K)] 202890K->184849K(514048K), 0.0009629 secs] [Times: user=0.00 sys=0.00, real=0.00 secs] 
148.526: [GC (Allocation Failure) [PSYoungGen: 33402K->6144K(41984K)] 387211K->359953K(514048K), 0.0008835 secs] [Times: user=0.00 sys=0.00, real=0.00 secs] 
149.182: [GC (Allocation Failure) [PSYoungGen: 37498K->5120K(41984K)] 391307K->369169K(514048K), 0.0013282 secs] [Times: user=0.00 sys=0.00, real=0.00 secs] 
149.620: [GC (Allocation Failure) [PSYoungGen: 26230K->0K(41984K)] 461959K->435729K(514048K), 0.0009481 secs] [Times: user=0.00 sys=0.00, real=0.00 secs] 
149.621: [GC (Allocation Failure) [PSYoungGen: 0K->0K(41984K)] 435729K->435729K(514048K), 0.0010367 secs] [Times: user=0.00 sys=0.00, real=0.00 secs] 
149.622: [Full GC (Allocation Failure) [PSYoungGen: 0K->0K(41984K)] [ParOldGen: 435729K->133649K(472064K)] 435729K->133649K(514048K), [Metaspace: 2796K->2796K(1056768K)], 0.0090015 secs] [Times: user=0.00 sys=0.00, real=0.01 secs] 
150.728: [GC (Allocation Failure) [PSYoungGen: 26231K->5120K(41984K)] 262281K->251409K(514048K), 0.0014058 secs] [Times: user=0.00 sys=0.00, real=0.00 secs] 
151.164: [GC (Allocation Failure) [PSYoungGen: 36472K->5120K(41984K)] 436362K->405009K(514048K), 0.0008752 secs] [Times: user=0.00 sys=0.00, real=0.00 secs] 
151.927: [GC (Allocation Failure) [PSYoungGen: 33401K->6144K(41984K)] 433291K->411153K(514048K), 0.0011619 secs] [Times: user=0.00 sys=0.00, real=0.00 secs] 
152.364: [GC (Allocation Failure) [PSYoungGen: 32373K->6144K(41984K)] 457862K->436753K(514048K), 0.0012189 secs] [Times: user=0.00 sys=0.00, real=0.00 secs] 
152.365: [GC (Allocation Failure) [PSYoungGen: 6144K->6144K(41984K)] 436753K->436753K(514048K), 0.0009640 secs] [Times: user=0.00 sys=0.00, real=0.00 secs] 
152.366: [Full GC (Allocation Failure) [PSYoungGen: 6144K->0K(41984K)] [ParOldGen: 430609K->32273K(472064K)] 436753K->32273K(514048K), [Metaspace: 2796K->2796K(1056768K)], 0.0037742 secs] [Times: user=0.02 sys=0.00, real=0.00 secs] 
153.343: [GC (Allocation Failure) [PSYoungGen: 28279K->6144K(41984K)] 214152K->192017K(514048K), 0.0007571 secs] [Times: user=0.00 sys=0.00, real=0.00 secs] 
154.438: [GC (Allocation Failure) [PSYoungGen: 33400K->5120K(41984K)] 219273K->196113K(514048K), 0.0010495 secs] [Times: user=0.00 sys=0.00, real=0.00 secs] 
154.984: [GC (Allocation Failure) [PSYoungGen: 36468K->0K(41984K)] 227461K->201233K(514048K), 0.0011725 secs] [Times: user=0.00 sys=0.00, real=0.00 secs] 
155.424: [GC (Allocation Failure) [PSYoungGen: 31346K->0K(41984K)] 386179K->365073K(514048K), 0.0013256 secs] [Times: user=0.00 sys=0.00, real=0.00 secs] 
156.189: [GC (Allocation Failure) [PSYoungGen: 28277K->5120K(41984K)] 393350K->375313K(514048K), 0.0010091 secs] [Times: user=0.00 sys=0.00, real=0.00 secs] 
156.736: [Full GC (Ergonomics) [PSYoungGen: 31346K->0K(41984K)] [ParOldGen: 441873K->92689K(472064K)] 473219K->92689K(514048K), [Metaspace: 2796K->2796K(1056768K)], 0.0078591 secs] [Times: user=0.00 sys=0.00, real=0.01 secs] 
158.724: [GC (Allocation Failure) [PSYoungGen: 30325K->5120K(41984K)] 399494K->374289K(514048K), 0.0009442 secs] [Times: user=0.00 sys=0.00, real=0.00 secs] 
159.271: [GC (Allocation Failure) [PSYoungGen: 36471K->5120K(41984K)] 405640K->384529K(514048K), 0.0016446 secs] [Times: user=0.00 sys=0.00, real=0.00 secs] 
159.601: [GC (Allocation Failure) [PSYoungGen: 36468K->5120K(41984K)] 467077K->435729K(514048K), 0.0010347 secs] [Times: user=0.00 sys=0.00, real=0.00 secs] 
159.602: [GC (Allocation Failure) [PSYoungGen: 5120K->5120K(41984K)] 435729K->435729K(514048K), 0.0006821 secs] [Times: user=0.00 sys=0.00, real=0.00 secs] 
159.603: [Full GC (Allocation Failure) [PSYoungGen: 5120K->0K(41984K)] [ParOldGen: 430609K->108049K(472064K)] 435729K->108049K(514048K), [Metaspace: 2796K->2796K(1056768K)], 0.0082815 secs] [Times: user=0.00 sys=0.00, real=0.01 secs] 
160.487: [GC (Allocation Failure) [PSYoungGen: 28278K->5120K(41984K)] 238727K->220689K(514048K), 0.0009501 secs] [Times: user=0.00 sys=0.00, real=0.00 secs] 
161.797: [GC (Allocation Failure) [PSYoungGen: 32376K->1024K(41984K)] 422025K->390673K(514048K), 0.0007559 secs] [Times: user=0.00 sys=0.00, real=0.00 secs] 
162.456: [Full GC (Ergonomics) [PSYoungGen: 32377K->0K(41984K)] [ParOldGen: 461329K->56849K(472064K)] 493706K->56849K(514048K), [Metaspace: 2796K->2796K(1056768K)], 0.0059827 secs] [Times: user=0.00 sys=0.00, real=0.01 secs] 
163.328: [GC (Allocation Failure) [PSYoungGen: 28281K->6144K(41984K)] 187531K->165393K(514048K), 0.0007706 secs] [Times: user=0.00 sys=0.00, real=0.00 secs] 
164.204: [GC (Allocation Failure) [PSYoungGen: 34426K->2048K(41984K)] 367755K->345617K(514048K), 0.0014031 secs] [Times: user=0.00 sys=0.00, real=0.00 secs] 
164.855: [GC (Allocation Failure) [PSYoungGen: 33402K->6144K(41984K)] 376971K->354833K(514048K), 0.0010718 secs] [Times: user=0.00 sys=0.00, real=0.00 secs] 
165.841: [GC (Allocation Failure) [PSYoungGen: 37494K->5120K(41984K)] 386183K->358929K(514048K), 0.0009802 secs] [Times: user=0.00 sys=0.00, real=0.00 secs] 
166.385: [GC (Allocation Failure) [PSYoungGen: 36467K->0K(41984K)] 390276K->364049K(514048K), 0.0011847 secs] [Times: user=0.00 sys=0.00, real=0.00 secs] 
166.712: [GC (Allocation Failure) [PSYoungGen: 31345K->0K(41984K)] 446595K->435729K(514048K), 0.0024532 secs] [Times: user=0.00 sys=0.00, real=0.00 secs] 
166.715: [Full GC (Ergonomics) [PSYoungGen: 0K->0K(41984K)] [ParOldGen: 435729K->77329K(472064K)] 435729K->77329K(514048K), [Metaspace: 2796K->2796K(1056768K)], 0.0069008 secs] [Times: user=0.00 sys=0.00, real=0.01 secs] 
167.605: [GC (Allocation Failure) [PSYoungGen: 28276K->5120K(41984K)] 208006K->189969K(514048K), 0.0011317 secs] [Times: user=0.00 sys=0.00, real=0.00 secs] 
168.475: [GC (Allocation Failure) [PSYoungGen: 33399K->6144K(41984K)] 392328K->365073K(514048K), 0.0010122 secs] [Times: user=0.00 sys=0.00, real=0.00 secs] 
169.568: [GC (Allocation Failure) [PSYoungGen: 27256K->0K(41984K)] 437385K->410129K(514048K), 0.0007554 secs] [Times: user=0.00 sys=0.00, real=0.00 secs] 
169.569: [GC (Allocation Failure) [PSYoungGen: 0K->0K(41984K)] 410129K->410129K(514048K), 0.0007752 secs] [Times: user=0.00 sys=0.00, real=0.00 secs] 
169.569: [Full GC (Allocation Failure) [PSYoungGen: 0K->0K(41984K)] [ParOldGen: 410129K->51729K(472064K)] 410129K->51729K(514048K), [Metaspace: 2796K->2796K(1056768K)], 0.0050403 secs] [Times: user=0.00 sys=0.00, real=0.01 secs] 
170.454: [GC (Allocation Failure) [PSYoungGen: 28281K->5120K(41984K)] 182410K->164369K(514048K), 0.0009575 secs] [Times: user=0.00 sys=0.00, real=0.00 secs] 
171.322: [GC (Allocation Failure) [PSYoungGen: 33401K->2048K(41984K)] 366731K->335377K(514048K), 0.0007304 secs] [Times: user=0.00 sys=0.00, real=0.00 secs] 
171.978: [GC (Allocation Failure) [PSYoungGen: 33402K->6144K(41984K)] 366731K->344593K(514048K), 0.0010497 secs] [Times: user=0.00 sys=0.00, real=0.00 secs] 
172.415: [GC (Allocation Failure) [PSYoungGen: 27254K->1024K(41984K)] 437383K->411153K(514048K), 0.0009760 secs] [Times: user=0.00 sys=0.00, real=0.00 secs] 
172.416: [GC (Allocation Failure) [PSYoungGen: 1024K->1024K(41984K)] 411153K->411153K(514048K), 0.0006614 secs] [Times: user=0.00 sys=0.00, real=0.00 secs] 
172.416: [Full GC (Allocation Failure) [PSYoungGen: 1024K->0K(41984K)] [ParOldGen: 410129K->165393K(472064K)] 411153K->165393K(514048K), [Metaspace: 2796K->2796K(1056768K)], 0.0121829 secs] [Times: user=0.00 sys=0.00, real=0.01 secs] 
174.187: [Full GC (Ergonomics) [PSYoungGen: 30327K->0K(41984K)] [ParOldGen: 441873K->12288K(472064K)] 472201K->12288K(514048K), [Metaspace: 2796K->2796K(1056768K)], 0.0025598 secs] [Times: user=0.00 sys=0.00, real=0.00 secs] 
174.843: [GC (Allocation Failure) [PSYoungGen: 31352K->5120K(41984K)] 43640K->22528K(514048K), 0.0011071 secs] [Times: user=0.00 sys=0.00, real=0.00 secs] 
175.714: [GC (Allocation Failure) [PSYoungGen: 33397K->5120K(41984K)] 224885K->211968K(514048K), 0.0017052 secs] [Times: user=0.00 sys=0.00, real=0.00 secs] 
176.262: [GC (Allocation Failure) [PSYoungGen: 31351K->5120K(41984K)] 238199K->222208K(514048K), 0.0014082 secs] [Times: user=0.00 sys=0.00, real=0.00 secs] 
177.354: [GC (Allocation Failure) [PSYoungGen: 36467K->5120K(41984K)] 274035K->247808K(514048K), 0.0010722 secs] [Times: user=0.00 sys=0.00, real=0.00 secs] 
177.789: [GC (Allocation Failure) [PSYoungGen: 31349K->0K(41984K)] 274038K->252928K(514048K), 0.0014872 secs] [Times: user=0.00 sys=0.00, real=0.00 secs] 
178.225: [GC (Allocation Failure) [PSYoungGen: 31346K->0K(41984K)] 437874K->406528K(514048K), 0.0015784 secs] [Times: user=0.00 sys=0.00, real=0.00 secs] 
178.988: [GC (Allocation Failure) [PSYoungGen: 28277K->5120K(41984K)] 434805K->416768K(514048K), 0.0013980 secs] [Times: user=0.00 sys=0.00, real=0.00 secs] 
179.424: [GC (Allocation Failure) [PSYoungGen: 31346K->5120K(41984K)] 463474K->437248K(514048K), 0.0013225 secs] [Times: user=0.00 sys=0.00, real=0.00 secs] 
179.425: [GC (Allocation Failure) [PSYoungGen: 5120K->5120K(41984K)] 437248K->437248K(514048K), 0.0012859 secs] [Times: user=0.00 sys=0.00, real=0.00 secs] 
179.427: [Full GC (Allocation Failure) [PSYoungGen: 5120K->0K(41984K)] [ParOldGen: 432128K->82449K(472064K)] 437248K->82449K(514048K), [Metaspace: 2796K->2796K(1056768K)], 0.0069374 secs] [Times: user=0.00 sys=0.00, real=0.01 secs] 
181.294: [GC (Allocation Failure) [PSYoungGen: 30325K->2048K(41984K)] 368774K->340497K(514048K), 0.0008600 secs] [Times: user=0.00 sys=0.00, real=0.00 secs] 
181.949: [GC (Allocation Failure) [PSYoungGen: 33399K->6144K(41984K)] 371848K->349713K(514048K), 0.0009796 secs] [Times: user=0.00 sys=0.00, real=0.00 secs] 
182.386: [GC (Allocation Failure) [PSYoungGen: 27252K->1024K(41984K)] 442501K->416273K(514048K), 0.0011647 secs] [Times: user=0.00 sys=0.00, real=0.00 secs] 
182.387: [GC (Allocation Failure) [PSYoungGen: 1024K->1024K(41984K)] 416273K->416273K(514048K), 0.0007559 secs] [Times: user=0.00 sys=0.00, real=0.00 secs] 
182.388: [Full GC (Allocation Failure) [PSYoungGen: 1024K->0K(41984K)] [ParOldGen: 415249K->57873K(472064K)] 416273K->57873K(514048K), [Metaspace: 2796K->2796K(1056768K)], 0.0054589 secs] [Times: user=0.00 sys=0.00, real=0.01 secs] 
183.273: [GC (Allocation Failure) [PSYoungGen: 28278K->6144K(41984K)] 188551K->166417K(514048K), 0.0008680 secs] [Times: user=0.00 sys=0.00, real=0.00 secs] 
184.143: [GC (Allocation Failure) [PSYoungGen: 34424K->2048K(41984K)] 368777K->346641K(514048K), 0.0013933 secs] [Times: user=0.00 sys=0.00, real=0.00 secs] 
185.237: [GC (Allocation Failure) [PSYoungGen: 28281K->0K(41984K)] 444554K->426513K(514048K), 0.0014967 secs] [Times: user=0.00 sys=0.00, real=0.00 secs] 
185.238: [GC (Allocation Failure) [PSYoungGen: 0K->0K(41984K)] 426513K->426513K(514048K), 0.0008565 secs] [Times: user=0.00 sys=0.00, real=0.00 secs] 
185.239: [Full GC (Allocation Failure) [PSYoungGen: 0K->0K(41984K)] [ParOldGen: 426513K->61969K(472064K)] 426513K->61969K(514048K), [Metaspace: 2796K->2796K(1056768K)], 0.0054869 secs] [Times: user=0.00 sys=0.00, real=0.01 secs] 
186.125: [GC (Allocation Failure) [PSYoungGen: 28281K->5120K(41984K)] 192651K->174609K(514048K), 0.0010886 secs] [Times: user=0.00 sys=0.00, real=0.00 secs] 
187.000: [GC (Allocation Failure) [PSYoungGen: 33402K->6144K(41984K)] 376971K->349713K(514048K), 0.0008150 secs] [Times: user=0.00 sys=0.00, real=0.00 secs] 
187.653: [GC (Allocation Failure) [PSYoungGen: 37498K->5120K(41984K)] 381067K->358929K(514048K), 0.0012894 secs] [Times: user=0.00 sys=0.00, real=0.00 secs] 
188.857: [GC (Allocation Failure) [PSYoungGen: 36470K->5120K(41984K)] 461959K->435729K(514048K), 0.0012571 secs] [Times: user=0.00 sys=0.00, real=0.00 secs] 
189.405: [Full GC (Ergonomics) [PSYoungGen: 36471K->0K(41984K)] [ParOldGen: 451089K->26129K(472064K)] 487561K->26129K(514048K), [Metaspace: 2796K->2796K(1056768K)], 0.0034190 secs] [Times: user=0.00 sys=0.00, real=0.00 secs] 
190.392: [GC (Allocation Failure) [PSYoungGen: 28280K->5120K(41984K)] 208010K->189969K(514048K), 0.0008810 secs] [Times: user=0.00 sys=0.00, real=0.00 secs] 
191.264: [GC (Allocation Failure) [PSYoungGen: 33401K->2080K(41984K)] 392331K->361009K(514048K), 0.0007431 secs] [Times: user=0.00 sys=0.00, real=0.00 secs] 
192.465: [GC (Allocation Failure) [PSYoungGen: 33434K->5152K(41984K)] 392363K->364081K(514048K), 0.0009575 secs] [Times: user=0.00 sys=0.00, real=0.00 secs] 
193.227: [GC (Allocation Failure) [PSYoungGen: 33429K->6176K(41984K)] 392359K->365105K(514048K), 0.0009897 secs] [Times: user=0.00 sys=0.00, real=0.00 secs] 
193.768: [GC (Allocation Failure) [PSYoungGen: 32402K->1056K(41984K)] 463012K->441905K(514048K), 0.0012624 secs] [Times: user=0.00 sys=0.00, real=0.00 secs] 
193.769: [Full GC (Ergonomics) [PSYoungGen: 1056K->0K(41984K)] [ParOldGen: 440849K->62993K(472064K)] 441905K->62993K(514048K), [Metaspace: 2796K->2796K(1056768K)], 0.0058063 secs] [Times: user=0.00 sys=0.00, real=0.01 secs] 
194.655: [GC (Allocation Failure) [PSYoungGen: 28277K->5152K(41984K)] 193671K->175665K(514048K), 0.0010823 secs] [Times: user=0.00 sys=0.00, real=0.00 secs] 
195.526: [GC (Allocation Failure) [PSYoungGen: 33431K->6176K(41984K)] 378025K->361009K(514048K), 0.0015108 secs] [Times: user=0.00 sys=0.00, real=0.00 secs] 
196.617: [GC (Allocation Failure) [PSYoungGen: 27288K->32K(41984K)] 453802K->426545K(514048K), 0.0010643 secs] [Times: user=0.00 sys=0.00, real=0.00 secs] 
196.618: [GC (Allocation Failure) [PSYoungGen: 32K->32K(41984K)] 426545K->426545K(514048K), 0.0011239 secs] [Times: user=0.00 sys=0.00, real=0.00 secs] 
196.619: [Full GC (Allocation Failure) [PSYoungGen: 32K->0K(41984K)] [ParOldGen: 426513K->72209K(472064K)] 426545K->72209K(514048K), [Metaspace: 2796K->2796K(1056768K)], 0.0063229 secs] [Times: user=0.00 sys=0.00, real=0.01 secs] 
197.507: [GC (Allocation Failure) [PSYoungGen: 28281K->5120K(41984K)] 202891K->184849K(514048K), 0.0009882 secs] [Times: user=0.00 sys=0.00, real=0.00 secs] 
198.378: [GC (Allocation Failure) [PSYoungGen: 33402K->1024K(41984K)] 387211K->354833K(514048K), 0.0011458 secs] [Times: user=0.00 sys=0.00, real=0.00 secs] 
199.029: [GC (Allocation Failure) [PSYoungGen: 32378K->5120K(41984K)] 386188K->364049K(514048K), 0.0010148 secs] [Times: user=0.00 sys=0.00, real=0.00 secs] 
199.464: [GC (Allocation Failure) [PSYoungGen: 26230K->5120K(41984K)] 456839K->435729K(514048K), 0.0012202 secs] [Times: user=0.00 sys=0.00, real=0.00 secs] 
199.465: [GC (Allocation Failure) [PSYoungGen: 5120K->5120K(41984K)] 435729K->435729K(514048K), 0.0008831 secs] [Times: user=0.00 sys=0.00, real=0.00 secs] 
199.466: [Full GC (Allocation Failure) [PSYoungGen: 5120K->0K(41984K)] [ParOldGen: 430609K->133649K(472064K)] 435729K->133649K(514048K), [Metaspace: 2796K->2796K(1056768K)], 0.0089715 secs] [Times: user=0.00 sys=0.00, real=0.01 secs] 
200.571: [GC (Allocation Failure) [PSYoungGen: 26231K->5120K(41984K)] 262281K->251409K(514048K), 0.0014664 secs] [Times: user=0.00 sys=0.00, real=0.00 secs] 
201.009: [GC (Allocation Failure) [PSYoungGen: 36472K->5120K(41984K)] 436362K->405009K(514048K), 0.0009375 secs] [Times: user=0.00 sys=0.00, real=0.00 secs] 
201.769: [GC (Allocation Failure) [PSYoungGen: 33401K->6144K(41984K)] 433291K->411153K(514048K), 0.0013855 secs] [Times: user=0.00 sys=0.00, real=0.00 secs] 
202.205: [GC (Allocation Failure) [PSYoungGen: 32373K->6144K(41984K)] 457863K->436753K(514048K), 0.0011143 secs] [Times: user=0.00 sys=0.00, real=0.00 secs] 
202.206: [GC (Allocation Failure) [PSYoungGen: 6144K->6144K(41984K)] 436753K->436753K(514048K), 0.0008548 secs] [Times: user=0.00 sys=0.00, real=0.00 secs] 
202.207: [Full GC (Allocation Failure) [PSYoungGen: 6144K->0K(41984K)] [ParOldGen: 430609K->32273K(472064K)] 436753K->32273K(514048K), [Metaspace: 2796K->2796K(1056768K)], 0.0039792 secs] [Times: user=0.00 sys=0.00, real=0.00 secs] 
203.189: [GC (Allocation Failure) [PSYoungGen: 28279K->6144K(41984K)] 214153K->192017K(514048K), 0.0008449 secs] [Times: user=0.00 sys=0.00, real=0.00 secs] 
204.282: [GC (Allocation Failure) [PSYoungGen: 33400K->5120K(41984K)] 219274K->196113K(514048K), 0.0009678 secs] [Times: user=0.00 sys=0.00, real=0.00 secs] 
204.828: [GC (Allocation Failure) [PSYoungGen: 36468K->0K(41984K)] 227462K->201233K(514048K), 0.0011851 secs] [Times: user=0.00 sys=0.00, real=0.00 secs] 
205.265: [GC (Allocation Failure) [PSYoungGen: 31346K->0K(41984K)] 386179K->365073K(514048K), 0.0012412 secs] [Times: user=0.00 sys=0.00, real=0.00 secs] 
206.029: [GC (Allocation Failure) [PSYoungGen: 28277K->5120K(41984K)] 393351K->375313K(514048K), 0.0011638 secs] [Times: user=0.00 sys=0.00, real=0.00 secs] 
206.575: [Full GC (Ergonomics) [PSYoungGen: 31346K->0K(41984K)] [ParOldGen: 441873K->92689K(472064K)] 473220K->92689K(514048K), [Metaspace: 2796K->2796K(1056768K)], 0.0077362 secs] [Times: user=0.00 sys=0.00, real=0.01 secs] 
208.556: [GC (Allocation Failure) [PSYoungGen: 30325K->5120K(41984K)] 399495K->374289K(514048K), 0.0008567 secs] [Times: user=0.00 sys=0.00, real=0.00 secs] 
209.107: [GC (Allocation Failure) [PSYoungGen: 36471K->5120K(41984K)] 405641K->384529K(514048K), 0.0015016 secs] [Times: user=0.00 sys=0.00, real=0.00 secs] 
209.435: [GC (Allocation Failure) [PSYoungGen: 36468K->5120K(41984K)] 467078K->435729K(514048K), 0.0009083 secs] [Times: user=0.00 sys=0.00, real=0.00 secs] 
209.436: [GC (Allocation Failure) [PSYoungGen: 5120K->5120K(41984K)] 435729K->435729K(514048K), 0.0008054 secs] [Times: user=0.00 sys=0.00, real=0.00 secs] 
209.437: [Full GC (Allocation Failure) [PSYoungGen: 5120K->0K(41984K)] [ParOldGen: 430609K->108049K(472064K)] 435729K->108049K(514048K), [Metaspace: 2796K->2796K(1056768K)], 0.0083377 secs] [Times: user=0.00 sys=0.00, real=0.01 secs] 
210.323: [GC (Allocation Failure) [PSYoungGen: 28278K->5120K(41984K)] 238728K->220689K(514048K), 0.0011183 secs] [Times: user=0.00 sys=0.00, real=0.00 secs] 
211.634: [GC (Allocation Failure) [PSYoungGen: 32376K->1024K(41984K)] 422025K->390673K(514048K), 0.0009894 secs] [Times: user=0.00 sys=0.00, real=0.00 secs] 
212.290: [Full GC (Ergonomics) [PSYoungGen: 32377K->0K(41984K)] [ParOldGen: 461329K->56849K(472064K)] 493706K->56849K(514048K), [Metaspace: 2796K->2796K(1056768K)], 0.0058109 secs] [Times: user=0.00 sys=0.00, real=0.01 secs] 
213.180: [GC (Allocation Failure) [PSYoungGen: 28281K->6144K(41984K)] 187531K->165393K(514048K), 0.0008124 secs] [Times: user=0.00 sys=0.00, real=0.00 secs] 
214.051: [GC (Allocation Failure) [PSYoungGen: 34426K->2048K(41984K)] 367756K->345617K(514048K), 0.0014316 secs] [Times: user=0.00 sys=0.00, real=0.00 secs] 
214.705: [GC (Allocation Failure) [PSYoungGen: 33402K->6144K(41984K)] 376972K->354833K(514048K), 0.0011607 secs] [Times: user=0.00 sys=0.00, real=0.00 secs] 
215.691: [GC (Allocation Failure) [PSYoungGen: 37494K->5120K(41984K)] 386184K->358929K(514048K), 0.0008714 secs] [Times: user=0.00 sys=0.00, real=0.00 secs] 
216.237: [GC (Allocation Failure) [PSYoungGen: 36467K->0K(41984K)] 390277K->364049K(514048K), 0.0013067 secs] [Times: user=0.00 sys=0.00, real=0.00 secs] 
216.564: [GC (Allocation Failure) [PSYoungGen: 31345K->0K(41984K)] 446595K->435729K(514048K), 0.0023083 secs] [Times: user=0.00 sys=0.00, real=0.00 secs] 
216.567: [Full GC (Ergonomics) [PSYoungGen: 0K->0K(41984K)] [ParOldGen: 435729K->77329K(472064K)] 435729K->77329K(514048K), [Metaspace: 2796K->2796K(1056768K)], 0.0069301 secs] [Times: user=0.02 sys=0.00, real=0.01 secs] 
217.453: [GC (Allocation Failure) [PSYoungGen: 28276K->5120K(41984K)] 208006K->189969K(514048K), 0.0011095 secs] [Times: user=0.00 sys=0.00, real=0.00 secs] 
218.329: [GC (Allocation Failure) [PSYoungGen: 33399K->6144K(41984K)] 392328K->365073K(514048K), 0.0009053 secs] [Times: user=0.00 sys=0.00, real=0.00 secs] 
Heap
 PSYoungGen      total 41984K, used 27891K [0x00000000fcd00000, 0x0000000100000000, 0x0000000100000000)
  eden space 31744K, 68% used [0x00000000fcd00000,0x00000000fe23ce78,0x00000000fec00000)
  from space 10240K, 60% used [0x00000000fec00000,0x00000000ff200020,0x00000000ff600000)
  to   space 10240K, 0% used [0x00000000ff600000,0x00000000ff600000,0x0000000100000000)
 ParOldGen       total 472064K, used 358929K [0x00000000e0000000, 0x00000000fcd00000, 0x00000000fcd00000)
  object space 472064K, 76% used [0x00000000e0000000,0x00000000f5e84760,0x00000000fcd00000)
 Metaspace       used 2804K, capacity 4486K, committed 4864K, reserved 1056768K
  class space    used 297K, capacity 386K, committed 512K, reserved 1048576K
