Java HotSpot(TM) 64-Bit Server VM (25.411-b09) for windows-amd64 JRE (1.8.0_411-b09), built on Mar 13 2024 07:26:13 by "java_re" with MS VC++ 17.1 (VS2022)
Memory: 4k page, physical 33403376k(14230388k free), swap 36670664k(7249484k free)
CommandLine flags: -XX:InitialHeapSize=1073741824 -XX:MaxHeapSize=1073741824 -XX:NewRatio=1 -XX:ParallelGCThreads=6 -XX:+PrintGC -XX:+PrintGCDetails -XX:+PrintGCTimeStamps -XX:SurvivorRatio=11 -XX:-UseAdaptiveSizePolicy -XX:+UseCompressedClassPointers -XX:+UseCompressedOops -XX:-UseLargePagesIndividualAllocation -XX:+UseParallelGC 
2.865: [GC (Allocation Failure) [PSYoungGen: 362865K->11928K(484352K)] 362865K->63136K(1008640K), 0.0170145 secs] [Times: user=0.02 sys=0.00, real=0.02 secs] 
6.923: [GC (Allocation Failure) [PSYoungGen: 437367K->31424K(484352K)] 488575K->82632K(1008640K), 0.0050576 secs] [Times: user=0.00 sys=0.00, real=0.01 secs] 
9.868: [GC (Allocation Failure) [PSYoungGen: 475713K->26264K(484352K)] 526921K->128680K(1008640K), 0.0173097 secs] [Times: user=0.00 sys=0.02, real=0.02 secs] 
12.725: [GC (Allocation Failure) [PSYoungGen: 462870K->26272K(484352K)] 565286K->128696K(1008640K), 0.0023501 secs] [Times: user=0.00 sys=0.00, real=0.00 secs] 
16.102: [GC (Allocation Failure) [PSYoungGen: 466155K->5720K(484352K)] 568579K->108144K(1008640K), 0.0011313 secs] [Times: user=0.00 sys=0.00, real=0.00 secs] 
18.504: [GC (Allocation Failure) [PSYoungGen: 352453K->31408K(484352K)] 454877K->236240K(1008640K), 0.0198888 secs] [Times: user=0.00 sys=0.00, real=0.02 secs] 
21.361: [GC (Allocation Failure) [PSYoungGen: 435506K->5752K(484352K)] 640338K->364184K(1008640K), 0.0352952 secs] [Times: user=0.00 sys=0.05, real=0.04 secs] 
24.230: [GC (Allocation Failure) [PSYoungGen: 435456K->10840K(484352K)] 793888K->420472K(1008640K), 0.0152543 secs] [Times: user=0.00 sys=0.00, real=0.01 secs] 
24.246: [Full GC (Ergonomics) [PSYoungGen: 10840K->0K(484352K)] [ParOldGen: 409632K->61969K(524288K)] 420472K->61969K(1008640K), [Metaspace: 2779K->2779K(1056768K)], 0.0102782 secs] [Times: user=0.00 sys=0.00, real=0.01 secs] 
28.189: [GC (Allocation Failure) [PSYoungGen: 441834K->15392K(484352K)] 503803K->77369K(1008640K), 0.0013604 secs] [Times: user=0.00 sys=0.00, real=0.00 secs] 
31.361: [GC (Allocation Failure) [PSYoungGen: 455285K->5152K(484352K)] 517262K->67129K(1008640K), 0.0008932 secs] [Times: user=0.00 sys=0.00, real=0.00 secs] 
34.092: [GC (Allocation Failure) [PSYoungGen: 409236K->37920K(484352K)] 471213K->99897K(1008640K), 0.0045003 secs] [Times: user=0.00 sys=0.00, real=0.00 secs] 
36.929: [GC (Allocation Failure) [PSYoungGen: 467623K->35872K(484352K)] 529600K->118329K(1008640K), 0.0040157 secs] [Times: user=0.00 sys=0.00, real=0.00 secs] 
39.873: [GC (Allocation Failure) [PSYoungGen: 428724K->5184K(484352K)] 511181K->138841K(1008640K), 0.0046427 secs] [Times: user=0.00 sys=0.00, real=0.00 secs] 
44.019: [GC (Allocation Failure) [PSYoungGen: 442075K->31776K(484352K)] 575733K->165433K(1008640K), 0.0025373 secs] [Times: user=0.00 sys=0.00, real=0.00 secs] 
46.858: [GC (Allocation Failure) [PSYoungGen: 456377K->20544K(484352K)] 590035K->174681K(1008640K), 0.0021672 secs] [Times: user=0.00 sys=0.00, real=0.00 secs] 
49.586: [GC (Allocation Failure) [PSYoungGen: 455391K->35904K(484352K)] 609529K->246361K(1008640K), 0.0067365 secs] [Times: user=0.00 sys=0.00, real=0.01 secs] 
52.423: [GC (Allocation Failure) [PSYoungGen: 474851K->21536K(484352K)] 685309K->231993K(1008640K), 0.0018548 secs] [Times: user=0.00 sys=0.00, real=0.00 secs] 
55.590: [GC (Allocation Failure) [PSYoungGen: 465606K->15392K(484352K)] 676063K->328249K(1008640K), 0.0158227 secs] [Times: user=0.01 sys=0.00, real=0.02 secs] 
59.096: [GC (Allocation Failure) [PSYoungGen: 457409K->10336K(484352K)] 770266K->374393K(1008640K), 0.0050676 secs] [Times: user=0.00 sys=0.00, real=0.00 secs] 
62.153: [GC (Allocation Failure) [PSYoungGen: 454404K->10304K(484352K)] 818461K->374361K(1008640K), 0.0011264 secs] [Times: user=0.00 sys=0.00, real=0.00 secs] 
64.666: [GC (Allocation Failure) [PSYoungGen: 450278K->26656K(484352K)] 814336K->390713K(1008640K), 0.0023541 secs] [Times: user=0.00 sys=0.00, real=0.00 secs] 
68.269: [GC (Allocation Failure) [PSYoungGen: 414408K->30752K(484352K)] 778465K->497209K(1008640K), 0.0175502 secs] [Times: user=0.00 sys=0.01, real=0.02 secs] 
68.286: [Full GC (Ergonomics) [PSYoungGen: 30752K->0K(484352K)] [ParOldGen: 466457K->82449K(524288K)] 497209K->82449K(1008640K), [Metaspace: 2796K->2796K(1056768K)], 0.0078216 secs] [Times: user=0.00 sys=0.00, real=0.01 secs] 
71.141: [GC (Allocation Failure) [PSYoungGen: 404136K->5120K(484352K)] 486586K->241169K(1008640K), 0.0157419 secs] [Times: user=0.00 sys=0.00, real=0.02 secs] 
73.998: [GC (Allocation Failure) [PSYoungGen: 434793K->10240K(484352K)] 670843K->297489K(1008640K), 0.0048689 secs] [Times: user=0.00 sys=0.00, real=0.00 secs] 
77.928: [GC (Allocation Failure) [PSYoungGen: 450177K->15360K(484352K)] 737426K->302609K(1008640K), 0.0016107 secs] [Times: user=0.00 sys=0.00, real=0.00 secs] 
81.088: [GC (Allocation Failure) [PSYoungGen: 455312K->5120K(484352K)] 742561K->292369K(1008640K), 0.0007238 secs] [Times: user=0.00 sys=0.00, real=0.00 secs] 
83.815: [GC (Allocation Failure) [PSYoungGen: 409241K->37888K(484352K)] 696491K->325137K(1008640K), 0.0032986 secs] [Times: user=0.00 sys=0.00, real=0.00 secs] 
86.647: [GC (Allocation Failure) [PSYoungGen: 467615K->35840K(484352K)] 754865K->343569K(1008640K), 0.0031136 secs] [Times: user=0.00 sys=0.00, real=0.00 secs] 
89.598: [GC (Allocation Failure) [PSYoungGen: 428707K->5120K(484352K)] 736437K->364049K(1008640K), 0.0050277 secs] [Times: user=0.00 sys=0.00, real=0.01 secs] 
93.741: [GC (Allocation Failure) [PSYoungGen: 442021K->31744K(484352K)] 800951K->390673K(1008640K), 0.0025624 secs] [Times: user=0.00 sys=0.00, real=0.00 secs] 
96.576: [GC (Allocation Failure) [PSYoungGen: 456352K->20480K(484352K)] 815281K->399889K(1008640K), 0.0023344 secs] [Times: user=0.00 sys=0.00, real=0.00 secs] 
99.304: [GC (Allocation Failure) [PSYoungGen: 455332K->20480K(484352K)] 834741K->451089K(1008640K), 0.0052079 secs] [Times: user=0.00 sys=0.00, real=0.00 secs] 
99.310: [Full GC (Ergonomics) [PSYoungGen: 20480K->0K(484352K)] [ParOldGen: 430609K->92689K(524288K)] 451089K->92689K(1008640K), [Metaspace: 2796K->2796K(1056768K)], 0.0075706 secs] [Times: user=0.00 sys=0.00, real=0.01 secs] 
102.162: [GC (Allocation Failure) [PSYoungGen: 438950K->21504K(484352K)] 531639K->114193K(1008640K), 0.0018447 secs] [Times: user=0.00 sys=0.00, real=0.00 secs] 
105.331: [GC (Allocation Failure) [PSYoungGen: 465518K->15360K(484352K)] 558207K->210449K(1008640K), 0.0158217 secs] [Times: user=0.00 sys=0.00, real=0.02 secs] 
108.839: [GC (Allocation Failure) [PSYoungGen: 457340K->10240K(484352K)] 652430K->256529K(1008640K), 0.0050482 secs] [Times: user=0.00 sys=0.00, real=0.00 secs] 
111.893: [GC (Allocation Failure) [PSYoungGen: 454285K->10240K(484352K)] 700574K->256529K(1008640K), 0.0009065 secs] [Times: user=0.00 sys=0.00, real=0.00 secs] 
114.409: [GC (Allocation Failure) [PSYoungGen: 450199K->26624K(484352K)] 696489K->272913K(1008640K), 0.0020220 secs] [Times: user=0.00 sys=0.00, real=0.00 secs] 
118.011: [GC (Allocation Failure) [PSYoungGen: 414366K->30720K(484352K)] 660656K->379409K(1008640K), 0.0070813 secs] [Times: user=0.00 sys=0.00, real=0.01 secs] 
120.865: [GC (Allocation Failure) [PSYoungGen: 434850K->5120K(484352K)] 783539K->507409K(1008640K), 0.0160767 secs] [Times: user=0.00 sys=0.00, real=0.02 secs] 
120.881: [Full GC (Ergonomics) [PSYoungGen: 5120K->0K(484352K)] [ParOldGen: 502289K->159249K(524288K)] 507409K->159249K(1008640K), [Metaspace: 2796K->2796K(1056768K)], 0.0120473 secs] [Times: user=0.00 sys=0.00, real=0.01 secs] 
123.731: [GC (Allocation Failure) [PSYoungGen: 429725K->10240K(484352K)] 588974K->220689K(1008640K), 0.0048410 secs] [Times: user=0.01 sys=0.00, real=0.00 secs] 
127.677: [GC (Allocation Failure) [PSYoungGen: 450150K->15360K(484352K)] 660600K->225809K(1008640K), 0.0015864 secs] [Times: user=0.00 sys=0.00, real=0.00 secs] 
130.838: [GC (Allocation Failure) [PSYoungGen: 455295K->5120K(484352K)] 665744K->215569K(1008640K), 0.0007820 secs] [Times: user=0.00 sys=0.00, real=0.00 secs] 
133.577: [GC (Allocation Failure) [PSYoungGen: 409230K->37888K(484352K)] 619680K->248337K(1008640K), 0.0032502 secs] [Times: user=0.02 sys=0.00, real=0.00 secs] 
136.415: [GC (Allocation Failure) [PSYoungGen: 467608K->35840K(484352K)] 678057K->266769K(1008640K), 0.0030408 secs] [Times: user=0.00 sys=0.00, real=0.00 secs] 
139.361: [GC (Allocation Failure) [PSYoungGen: 428703K->5120K(484352K)] 659632K->287249K(1008640K), 0.0044282 secs] [Times: user=0.00 sys=0.00, real=0.00 secs] 
143.507: [GC (Allocation Failure) [PSYoungGen: 442018K->31744K(484352K)] 724148K->313873K(1008640K), 0.0028275 secs] [Times: user=0.00 sys=0.00, real=0.00 secs] 
146.351: [GC (Allocation Failure) [PSYoungGen: 456350K->20480K(484352K)] 738479K->323089K(1008640K), 0.0023530 secs] [Times: user=0.00 sys=0.00, real=0.00 secs] 
149.075: [GC (Allocation Failure) [PSYoungGen: 455330K->20480K(484352K)] 757940K->374289K(1008640K), 0.0051568 secs] [Times: user=0.00 sys=0.00, real=0.00 secs] 
151.926: [GC (Allocation Failure) [PSYoungGen: 459429K->21504K(484352K)] 813239K->375313K(1008640K), 0.0017235 secs] [Times: user=0.00 sys=0.00, real=0.00 secs] 
155.087: [GC (Allocation Failure) [PSYoungGen: 465575K->15360K(484352K)] 819385K->471569K(1008640K), 0.0157860 secs] [Times: user=0.00 sys=0.00, real=0.02 secs] 
155.103: [Full GC (Ergonomics) [PSYoungGen: 15360K->0K(484352K)] [ParOldGen: 456209K->118289K(524288K)] 471569K->118289K(1008640K), [Metaspace: 2796K->2796K(1056768K)], 0.0091371 secs] [Times: user=0.02 sys=0.00, real=0.01 secs] 
158.595: [GC (Allocation Failure) [PSYoungGen: 442017K->10240K(484352K)] 560307K->179729K(1008640K), 0.0045690 secs] [Times: user=0.00 sys=0.00, real=0.00 secs] 
161.659: [GC (Allocation Failure) [PSYoungGen: 454251K->10240K(484352K)] 623740K->179729K(1008640K), 0.0009547 secs] [Times: user=0.00 sys=0.00, real=0.00 secs] 
164.168: [GC (Allocation Failure) [PSYoungGen: 450178K->26624K(484352K)] 619667K->196113K(1008640K), 0.0021053 secs] [Times: user=0.00 sys=0.00, real=0.00 secs] 
167.770: [GC (Allocation Failure) [PSYoungGen: 414352K->30720K(484352K)] 583842K->302609K(1008640K), 0.0160700 secs] [Times: user=0.00 sys=0.00, real=0.01 secs] 
170.620: [GC (Allocation Failure) [PSYoungGen: 434841K->5120K(484352K)] 706730K->430609K(1008640K), 0.0159011 secs] [Times: user=0.00 sys=0.00, real=0.02 secs] 
170.636: [Full GC (Ergonomics) [PSYoungGen: 5120K->0K(484352K)] [ParOldGen: 425489K->159249K(524288K)] 430609K->159249K(1008640K), [Metaspace: 2796K->2796K(1056768K)], 0.0119450 secs] [Times: user=0.00 sys=0.00, real=0.01 secs] 
173.495: [GC (Allocation Failure) [PSYoungGen: 429719K->10240K(484352K)] 588968K->220689K(1008640K), 0.0046529 secs] [Times: user=0.00 sys=0.00, real=0.00 secs] 
177.417: [GC (Allocation Failure) [PSYoungGen: 450147K->15360K(484352K)] 660596K->225809K(1008640K), 0.0016437 secs] [Times: user=0.00 sys=0.00, real=0.00 secs] 
180.580: [GC (Allocation Failure) [PSYoungGen: 455292K->5120K(484352K)] 665742K->215569K(1008640K), 0.0008580 secs] [Times: user=0.00 sys=0.00, real=0.00 secs] 
183.314: [GC (Allocation Failure) [PSYoungGen: 409229K->37888K(484352K)] 619678K->248337K(1008640K), 0.0027425 secs] [Times: user=0.00 sys=0.00, real=0.00 secs] 
186.153: [GC (Allocation Failure) [PSYoungGen: 467607K->35840K(484352K)] 678056K->266769K(1008640K), 0.0032160 secs] [Times: user=0.00 sys=0.00, real=0.00 secs] 
189.096: [GC (Allocation Failure) [PSYoungGen: 428702K->5120K(484352K)] 659631K->287249K(1008640K), 0.0048858 secs] [Times: user=0.00 sys=0.00, real=0.00 secs] 
193.244: [GC (Allocation Failure) [PSYoungGen: 442018K->31776K(484352K)] 724147K->313905K(1008640K), 0.0028433 secs] [Times: user=0.00 sys=0.00, real=0.00 secs] 
196.087: [GC (Allocation Failure) [PSYoungGen: 456382K->20576K(484352K)] 738511K->323185K(1008640K), 0.0023673 secs] [Times: user=0.00 sys=0.00, real=0.00 secs] 
198.813: [GC (Allocation Failure) [PSYoungGen: 455426K->35936K(484352K)] 758036K->394865K(1008640K), 0.0070718 secs] [Times: user=0.00 sys=0.00, real=0.01 secs] 
201.656: [GC (Allocation Failure) [PSYoungGen: 474885K->21536K(484352K)] 833815K->380465K(1008640K), 0.0017688 secs] [Times: user=0.01 sys=0.00, real=0.00 secs] 
204.821: [GC (Allocation Failure) [PSYoungGen: 465607K->15392K(484352K)] 824537K->476721K(1008640K), 0.0154454 secs] [Times: user=0.00 sys=0.00, real=0.02 secs] 
204.837: [Full GC (Ergonomics) [PSYoungGen: 15392K->0K(484352K)] [ParOldGen: 461329K->118289K(524288K)] 476721K->118289K(1008640K), [Metaspace: 2796K->2796K(1056768K)], 0.0093292 secs] [Times: user=0.02 sys=0.00, real=0.01 secs] 
208.329: [GC (Allocation Failure) [PSYoungGen: 442017K->10240K(484352K)] 560307K->179729K(1008640K), 0.0046250 secs] [Times: user=0.00 sys=0.00, real=0.01 secs] 
211.387: [GC (Allocation Failure) [PSYoungGen: 454251K->10240K(484352K)] 623741K->179729K(1008640K), 0.0008803 secs] [Times: user=0.00 sys=0.00, real=0.00 secs] 
213.898: [GC (Allocation Failure) [PSYoungGen: 450178K->26624K(484352K)] 619667K->196113K(1008640K), 0.0020131 secs] [Times: user=0.00 sys=0.00, real=0.00 secs] 
217.499: [GC (Allocation Failure) [PSYoungGen: 414352K->30720K(484352K)] 583842K->302609K(1008640K), 0.0065689 secs] [Times: user=0.00 sys=0.00, real=0.01 secs] 
Heap
 PSYoungGen      total 484352K, used 166226K [0x00000000e0000000, 0x0000000100000000, 0x0000000100000000)
  eden space 444416K, 30% used [0x00000000e0000000,0x00000000e84547d0,0x00000000fb200000)
  from space 39936K, 76% used [0x00000000fd900000,0x00000000ff700030,0x0000000100000000)
  to   space 39936K, 0% used [0x00000000fb200000,0x00000000fb200000,0x00000000fd900000)
 ParOldGen       total 524288K, used 271889K [0x00000000c0000000, 0x00000000e0000000, 0x00000000e0000000)
  object space 524288K, 51% used [0x00000000c0000000,0x00000000d0984740,0x00000000e0000000)
 Metaspace       used 2804K, capacity 4486K, committed 4864K, reserved 1056768K
  class space    used 297K, capacity 386K, committed 512K, reserved 1048576K
