Java HotSpot(TM) 64-Bit Server VM (25.411-b09) for windows-amd64 JRE (1.8.0_411-b09), built on Mar 13 2024 07:26:13 by "java_re" with MS VC++ 17.1 (VS2022)
Memory: 4k page, physical 33403376k(14147972k free), swap 36670664k(7239860k free)
CommandLine flags: -XX:InitialHeapSize=1073741824 -XX:MaxHeapSize=1073741824 -XX:NewRatio=1 -XX:ParallelGCThreads=6 -XX:+PrintGC -XX:+PrintGCDetails -XX:+PrintGCTimeStamps -XX:SurvivorRatio=6 -XX:-UseAdaptiveSizePolicy -XX:+UseCompressedClassPointers -XX:+UseCompressedOops -XX:-UseLargePagesIndividualAllocation -XX:+UseParallelGC 
2.853: [GC (Allocation Failure) [PSYoungGen: 363888K->63128K(458752K)] 363888K->63136K(983040K), 0.0163030 secs] [Times: user=0.00 sys=0.00, real=0.02 secs] 
6.359: [GC (Allocation Failure) [PSYoungGen: 452774K->26288K(458752K)] 452782K->26296K(983040K), 0.0044837 secs] [Times: user=0.00 sys=0.02, real=0.00 secs] 
8.546: [GC (Allocation Failure) [PSYoungGen: 329794K->51816K(458752K)] 329802K->103032K(983040K), 0.0166416 secs] [Times: user=0.03 sys=0.00, real=0.01 secs] 
11.180: [GC (Allocation Failure) [PSYoungGen: 435363K->21064K(458752K)] 486579K->225880K(983040K), 0.0353124 secs] [Times: user=0.03 sys=0.03, real=0.04 secs] 
13.285: [GC (Allocation Failure) [PSYoungGen: 411302K->11936K(458752K)] 616118K->216760K(983040K), 0.0014248 secs] [Times: user=0.00 sys=0.00, real=0.00 secs] 
16.999: [GC (Allocation Failure) [PSYoungGen: 357642K->46712K(458752K)] 562466K->251536K(983040K), 0.0160695 secs] [Times: user=0.02 sys=0.00, real=0.02 secs] 
18.981: [GC (Allocation Failure) [PSYoungGen: 435449K->62176K(458752K)] 640273K->292608K(983040K), 0.0085202 secs] [Times: user=0.00 sys=0.00, real=0.01 secs] 
21.381: [GC (Allocation Failure) [PSYoungGen: 356720K->56968K(458752K)] 587152K->389800K(983040K), 0.0319401 secs] [Times: user=0.02 sys=0.00, real=0.03 secs] 
24.149: [GC (Allocation Failure) [PSYoungGen: 435488K->31352K(458752K)] 768320K->364184K(983040K), 0.0025048 secs] [Times: user=0.00 sys=0.00, real=0.00 secs] 
26.117: [GC (Allocation Failure) [PSYoungGen: 420118K->31384K(458752K)] 752950K->364216K(983040K), 0.0023199 secs] [Times: user=0.00 sys=0.00, real=0.00 secs] 
29.830: [GC (Allocation Failure) [PSYoungGen: 394168K->31320K(458752K)] 727000K->415360K(983040K), 0.0160780 secs] [Times: user=0.00 sys=0.00, real=0.02 secs] 
32.679: [GC (Allocation Failure) [PSYoungGen: 389361K->27224K(458752K)] 773401K->411264K(983040K), 0.0024630 secs] [Times: user=0.00 sys=0.00, real=0.00 secs] 
35.202: [GC (Allocation Failure) [PSYoungGen: 415991K->5752K(458752K)] 800031K->389792K(983040K), 0.0013170 secs] [Times: user=0.00 sys=0.00, real=0.00 secs] 
37.061: [GC (Allocation Failure) [PSYoungGen: 325915K->36440K(458752K)] 709955K->471680K(983040K), 0.0188158 secs] [Times: user=0.02 sys=0.00, real=0.02 secs] 
37.080: [Full GC (Ergonomics) [PSYoungGen: 36440K->0K(458752K)] [ParOldGen: 435240K->87569K(524288K)] 471680K->87569K(983040K), [Metaspace: 2793K->2793K(1056768K)], 0.0115207 secs] [Times: user=0.00 sys=0.00, real=0.01 secs] 
39.930: [GC (Allocation Failure) [PSYoungGen: 340645K->56320K(458752K)] 428214K->143889K(983040K), 0.0047823 secs] [Times: user=0.00 sys=0.00, real=0.00 secs] 
43.653: [GC (Allocation Failure) [PSYoungGen: 447084K->6144K(458752K)] 534654K->93713K(983040K), 0.0007970 secs] [Times: user=0.00 sys=0.00, real=0.00 secs] 
45.617: [GC (Allocation Failure) [PSYoungGen: 331394K->26624K(458752K)] 418964K->165393K(983040K), 0.0060559 secs] [Times: user=0.00 sys=0.00, real=0.01 secs] 
48.358: [GC (Allocation Failure) [PSYoungGen: 400016K->46080K(458752K)] 538785K->184849K(983040K), 0.0031029 secs] [Times: user=0.00 sys=0.00, real=0.00 secs] 
50.763: [GC (Allocation Failure) [PSYoungGen: 437913K->10240K(458752K)] 576683K->149009K(983040K), 0.0010871 secs] [Times: user=0.00 sys=0.00, real=0.00 secs] 
52.726: [GC (Allocation Failure) [PSYoungGen: 335519K->62464K(458752K)] 474289K->201233K(983040K), 0.0062732 secs] [Times: user=0.00 sys=0.00, real=0.01 secs] 
56.238: [GC (Allocation Failure) [PSYoungGen: 452259K->25600K(458752K)] 591028K->164369K(983040K), 0.0020571 secs] [Times: user=0.00 sys=0.00, real=0.00 secs] 
58.420: [GC (Allocation Failure) [PSYoungGen: 325285K->51200K(458752K)] 464055K->241169K(983040K), 0.0050083 secs] [Times: user=0.00 sys=0.00, real=0.00 secs] 
61.045: [GC (Allocation Failure) [PSYoungGen: 434854K->20480K(458752K)] 624823K->312849K(983040K), 0.0157178 secs] [Times: user=0.01 sys=0.00, real=0.02 secs] 
63.245: [GC (Allocation Failure) [PSYoungGen: 413351K->11264K(458752K)] 705721K->303633K(983040K), 0.0010779 secs] [Times: user=0.00 sys=0.00, real=0.00 secs] 
66.954: [GC (Allocation Failure) [PSYoungGen: 403113K->25600K(458752K)] 695482K->369169K(983040K), 0.0053285 secs] [Times: user=0.00 sys=0.00, real=0.00 secs] 
69.693: [GC (Allocation Failure) [PSYoungGen: 378537K->5120K(458752K)] 722107K->348689K(983040K), 0.0008129 secs] [Times: user=0.00 sys=0.00, real=0.00 secs] 
71.658: [GC (Allocation Failure) [PSYoungGen: 393897K->11264K(458752K)] 737467K->457233K(983040K), 0.0158940 secs] [Times: user=0.00 sys=0.00, real=0.02 secs] 
71.674: [Full GC (Ergonomics) [PSYoungGen: 11264K->0K(458752K)] [ParOldGen: 445969K->114193K(524288K)] 457233K->114193K(983040K), [Metaspace: 2796K->2796K(1056768K)], 0.0094494 secs] [Times: user=0.00 sys=0.00, real=0.01 secs] 
74.088: [GC (Allocation Failure) [PSYoungGen: 320170K->61440K(458752K)] 434363K->175633K(983040K), 0.0046535 secs] [Times: user=0.00 sys=0.00, real=0.00 secs] 
76.716: [GC (Allocation Failure) [PSYoungGen: 445035K->40960K(458752K)] 559229K->155153K(983040K), 0.0026114 secs] [Times: user=0.00 sys=0.00, real=0.00 secs] 
79.776: [GC (Allocation Failure) [PSYoungGen: 407170K->61440K(458752K)] 521363K->226833K(983040K), 0.0156690 secs] [Times: user=0.00 sys=0.00, real=0.02 secs] 
82.634: [GC (Allocation Failure) [PSYoungGen: 419472K->57344K(458752K)] 584865K->222737K(983040K), 0.0045250 secs] [Times: user=0.00 sys=0.00, real=0.00 secs] 
85.367: [GC (Allocation Failure) [PSYoungGen: 435865K->30720K(458752K)] 601259K->196113K(983040K), 0.0028125 secs] [Times: user=0.00 sys=0.00, real=0.00 secs] 
87.332: [GC (Allocation Failure) [PSYoungGen: 419487K->40960K(458752K)] 584881K->206353K(983040K), 0.0031586 secs] [Times: user=0.00 sys=0.00, real=0.00 secs] 
90.934: [GC (Allocation Failure) [PSYoungGen: 427683K->20480K(458752K)] 593077K->288273K(983040K), 0.0154067 secs] [Times: user=0.02 sys=0.00, real=0.01 secs] 
94.004: [GC (Allocation Failure) [PSYoungGen: 352934K->62464K(458752K)] 620727K->330257K(983040K), 0.0050349 secs] [Times: user=0.00 sys=0.00, real=0.00 secs] 
96.731: [GC (Allocation Failure) [PSYoungGen: 435879K->40960K(458752K)] 703672K->308753K(983040K), 0.0024219 secs] [Times: user=0.00 sys=0.00, real=0.00 secs] 
98.694: [GC (Allocation Failure) [PSYoungGen: 429736K->30720K(458752K)] 697529K->349713K(983040K), 0.0055042 secs] [Times: user=0.00 sys=0.00, real=0.00 secs] 
101.090: [GC (Allocation Failure) [PSYoungGen: 361129K->56320K(458752K)] 680122K->375313K(983040K), 0.0046884 secs] [Times: user=0.00 sys=0.00, real=0.00 secs] 
104.589: [GC (Allocation Failure) [PSYoungGen: 446121K->10240K(458752K)] 765114K->329233K(983040K), 0.0011592 secs] [Times: user=0.00 sys=0.00, real=0.00 secs] 
106.773: [GC (Allocation Failure) [PSYoungGen: 345755K->61440K(458752K)] 664748K->411153K(983040K), 0.0068307 secs] [Times: user=0.00 sys=0.00, real=0.01 secs] 
109.521: [GC (Allocation Failure) [PSYoungGen: 429728K->25600K(458752K)] 779441K->426513K(983040K), 0.0056861 secs] [Times: user=0.00 sys=0.00, real=0.00 secs] 
109.526: [Full GC (Ergonomics) [PSYoungGen: 25600K->0K(458752K)] [ParOldGen: 400913K->77329K(524288K)] 426513K->77329K(983040K), [Metaspace: 2796K->2796K(1056768K)], 0.0065761 secs] [Times: user=0.00 sys=0.00, real=0.01 secs] 
112.047: [GC (Allocation Failure) [PSYoungGen: 392867K->10240K(458752K)] 470197K->87569K(983040K), 0.0009278 secs] [Times: user=0.00 sys=0.00, real=0.00 secs] 
113.904: [GC (Allocation Failure) [PSYoungGen: 330356K->62464K(458752K)] 407685K->144913K(983040K), 0.0049059 secs] [Times: user=0.02 sys=0.00, real=0.01 secs] 
117.184: [GC (Allocation Failure) [PSYoungGen: 451206K->30720K(458752K)] 533656K->113169K(983040K), 0.0025085 secs] [Times: user=0.00 sys=0.00, real=0.00 secs] 
119.584: [GC (Allocation Failure) [PSYoungGen: 325267K->51200K(458752K)] 407717K->133649K(983040K), 0.0043357 secs] [Times: user=0.00 sys=0.00, real=0.00 secs] 
122.204: [GC (Allocation Failure) [PSYoungGen: 434842K->21504K(458752K)] 517292K->206353K(983040K), 0.0157744 secs] [Times: user=0.00 sys=0.00, real=0.02 secs] 
124.401: [GC (Allocation Failure) [PSYoungGen: 410272K->20480K(458752K)] 595121K->205329K(983040K), 0.0016747 secs] [Times: user=0.00 sys=0.00, real=0.00 secs] 
128.002: [GC (Allocation Failure) [PSYoungGen: 376484K->25600K(458752K)] 561333K->210449K(983040K), 0.0025460 secs] [Times: user=0.00 sys=0.00, real=0.00 secs] 
129.969: [GC (Allocation Failure) [PSYoungGen: 414374K->61440K(458752K)] 599223K->353809K(983040K), 0.0152100 secs] [Times: user=0.02 sys=0.00, real=0.02 secs] 
133.377: [GC (Allocation Failure) [PSYoungGen: 445096K->12288K(458752K)] 737465K->304657K(983040K), 0.0011558 secs] [Times: user=0.00 sys=0.00, real=0.00 secs] 
135.235: [GC (Allocation Failure) [PSYoungGen: 306856K->61440K(458752K)] 599226K->353809K(983040K), 0.0046947 secs] [Times: user=0.02 sys=0.00, real=0.00 secs] 
137.866: [GC (Allocation Failure) [PSYoungGen: 445096K->51200K(458752K)] 737465K->343569K(983040K), 0.0034048 secs] [Times: user=0.00 sys=0.00, real=0.00 secs] 
140.814: [GC (Allocation Failure) [PSYoungGen: 412329K->30720K(458752K)] 704698K->425489K(983040K), 0.0156410 secs] [Times: user=0.00 sys=0.00, real=0.02 secs] 
140.830: [Full GC (Ergonomics) [PSYoungGen: 30720K->0K(458752K)] [ParOldGen: 394769K->133649K(524288K)] 425489K->133649K(983040K), [Metaspace: 2796K->2796K(1056768K)], 0.0098391 secs] [Times: user=0.00 sys=0.00, real=0.01 secs] 
143.797: [GC (Allocation Failure) [PSYoungGen: 311977K->62464K(458752K)] 445626K->196113K(983040K), 0.0047164 secs] [Times: user=0.00 sys=0.00, real=0.00 secs] 
146.523: [GC (Allocation Failure) [PSYoungGen: 435817K->40960K(458752K)] 569466K->174609K(983040K), 0.0022300 secs] [Times: user=0.00 sys=0.00, real=0.00 secs] 
148.486: [GC (Allocation Failure) [PSYoungGen: 429696K->30720K(458752K)] 563346K->215569K(983040K), 0.0057772 secs] [Times: user=0.00 sys=0.00, real=0.01 secs] 
150.898: [GC (Allocation Failure) [PSYoungGen: 361103K->56320K(458752K)] 545953K->241169K(983040K), 0.0048739 secs] [Times: user=0.00 sys=0.00, real=0.00 secs] 
154.392: [GC (Allocation Failure) [PSYoungGen: 446104K->10240K(458752K)] 630954K->195089K(983040K), 0.0010361 secs] [Times: user=0.00 sys=0.00, real=0.00 secs] 
156.578: [GC (Allocation Failure) [PSYoungGen: 345744K->40960K(458752K)] 530594K->277009K(983040K), 0.0063935 secs] [Times: user=0.01 sys=0.00, real=0.01 secs] 
159.328: [GC (Allocation Failure) [PSYoungGen: 409241K->56320K(458752K)] 645290K->312849K(983040K), 0.0055230 secs] [Times: user=0.00 sys=0.00, real=0.01 secs] 
161.839: [GC (Allocation Failure) [PSYoungGen: 449183K->10240K(458752K)] 705712K->266769K(983040K), 0.0008656 secs] [Times: user=0.00 sys=0.00, real=0.00 secs] 
163.699: [GC (Allocation Failure) [PSYoungGen: 330403K->16384K(458752K)] 586933K->324113K(983040K), 0.0049939 secs] [Times: user=0.00 sys=0.00, real=0.00 secs] 
166.990: [GC (Allocation Failure) [PSYoungGen: 405157K->30720K(458752K)] 712886K->338449K(983040K), 0.0024082 secs] [Times: user=0.00 sys=0.00, real=0.00 secs] 
169.392: [GC (Allocation Failure) [PSYoungGen: 325287K->51200K(458752K)] 633016K->358929K(983040K), 0.0045479 secs] [Times: user=0.00 sys=0.00, real=0.01 secs] 
172.014: [GC (Allocation Failure) [PSYoungGen: 434855K->21504K(458752K)] 742584K->431633K(983040K), 0.0153447 secs] [Times: user=0.00 sys=0.00, real=0.01 secs] 
172.030: [Full GC (Ergonomics) [PSYoungGen: 21504K->0K(458752K)] [ParOldGen: 410129K->124433K(524288K)] 431633K->124433K(983040K), [Metaspace: 2796K->2796K(1056768K)], 0.0094799 secs] [Times: user=0.00 sys=0.00, real=0.01 secs] 
174.234: [GC (Allocation Failure) [PSYoungGen: 388776K->20480K(458752K)] 513209K->144913K(983040K), 0.0018473 secs] [Times: user=0.00 sys=0.00, real=0.00 secs] 
177.838: [GC (Allocation Failure) [PSYoungGen: 376438K->25600K(458752K)] 500872K->150033K(983040K), 0.0023345 secs] [Times: user=0.00 sys=0.00, real=0.00 secs] 
179.805: [GC (Allocation Failure) [PSYoungGen: 414344K->61440K(458752K)] 538778K->293393K(983040K), 0.0150538 secs] [Times: user=0.00 sys=0.00, real=0.02 secs] 
183.205: [GC (Allocation Failure) [PSYoungGen: 445077K->12288K(458752K)] 677030K->244241K(983040K), 0.0011013 secs] [Times: user=0.00 sys=0.00, real=0.00 secs] 
185.058: [GC (Allocation Failure) [PSYoungGen: 306844K->61440K(458752K)] 538798K->293393K(983040K), 0.0047809 secs] [Times: user=0.00 sys=0.00, real=0.00 secs] 
187.690: [GC (Allocation Failure) [PSYoungGen: 445088K->51200K(458752K)] 677041K->283153K(983040K), 0.0036448 secs] [Times: user=0.00 sys=0.00, real=0.00 secs] 
190.641: [GC (Allocation Failure) [PSYoungGen: 412324K->30720K(458752K)] 644277K->365073K(983040K), 0.0158048 secs] [Times: user=0.00 sys=0.00, real=0.02 secs] 
193.607: [GC (Allocation Failure) [PSYoungGen: 342694K->62496K(458752K)] 677047K->396849K(983040K), 0.0048320 secs] [Times: user=0.00 sys=0.00, real=0.00 secs] 
196.354: [GC (Allocation Failure) [PSYoungGen: 435910K->41024K(458752K)] 770264K->375377K(983040K), 0.0024425 secs] [Times: user=0.00 sys=0.00, real=0.00 secs] 
198.318: [GC (Allocation Failure) [PSYoungGen: 429800K->30784K(458752K)] 764153K->416337K(983040K), 0.0058415 secs] [Times: user=0.00 sys=0.00, real=0.01 secs] 
198.324: [Full GC (Ergonomics) [PSYoungGen: 30784K->0K(458752K)] [ParOldGen: 385553K->82449K(524288K)] 416337K->82449K(983040K), [Metaspace: 2796K->2796K(1056768K)], 0.0066859 secs] [Times: user=0.00 sys=0.00, real=0.01 secs] 
200.731: [GC (Allocation Failure) [PSYoungGen: 330409K->56320K(458752K)] 412858K->138769K(983040K), 0.0045829 secs] [Times: user=0.02 sys=0.00, real=0.00 secs] 
204.220: [GC (Allocation Failure) [PSYoungGen: 446061K->10240K(458752K)] 528511K->92689K(983040K), 0.0009591 secs] [Times: user=0.00 sys=0.00, real=0.00 secs] 
206.403: [GC (Allocation Failure) [PSYoungGen: 345716K->61440K(458752K)] 428166K->174609K(983040K), 0.0154883 secs] [Times: user=0.01 sys=0.00, real=0.02 secs] 
209.149: [GC (Allocation Failure) [PSYoungGen: 429703K->56320K(458752K)] 542873K->189969K(983040K), 0.0056073 secs] [Times: user=0.00 sys=0.00, real=0.01 secs] 
211.653: [GC (Allocation Failure) [PSYoungGen: 449171K->10240K(458752K)] 582821K->143889K(983040K), 0.0008870 secs] [Times: user=0.00 sys=0.00, real=0.00 secs] 
213.513: [GC (Allocation Failure) [PSYoungGen: 330396K->62464K(458752K)] 464045K->201233K(983040K), 0.0050060 secs] [Times: user=0.00 sys=0.00, real=0.01 secs] 
216.802: [GC (Allocation Failure) [PSYoungGen: 451232K->30720K(458752K)] 590002K->169489K(983040K), 0.0025823 secs] [Times: user=0.00 sys=0.00, real=0.00 secs] 
Heap
 PSYoungGen      total 458752K, used 281948K [0x00000000e0000000, 0x0000000100000000, 0x0000000100000000)
  eden space 393216K, 63% used [0x00000000e0000000,0x00000000ef557348,0x00000000f8000000)
  from space 65536K, 46% used [0x00000000fc000000,0x00000000fde00030,0x0000000100000000)
  to   space 65536K, 0% used [0x00000000f8000000,0x00000000f8000000,0x00000000fc000000)
 ParOldGen       total 524288K, used 138769K [0x00000000c0000000, 0x00000000e0000000, 0x00000000e0000000)
  object space 524288K, 26% used [0x00000000c0000000,0x00000000c8784760,0x00000000e0000000)
 Metaspace       used 2804K, capacity 4486K, committed 4864K, reserved 1056768K
  class space    used 297K, capacity 386K, committed 512K, reserved 1048576K
