Java HotSpot(TM) 64-Bit Server VM (25.411-b09) for windows-amd64 JRE (1.8.0_411-b09), built on Mar 13 2024 07:26:13 by "java_re" with MS VC++ 17.1 (VS2022)
Memory: 4k page, physical 33403376k(14913628k free), swap 38794768k(6601624k free)
CommandLine flags: -XX:InitialHeapSize=1073741824 -XX:MaxHeapSize=1073741824 -XX:NewRatio=7 -XX:ParallelGCThreads=6 -XX:+PrintGC -XX:+PrintGCDetails -XX:+PrintGCTimeStamps -XX:SurvivorRatio=5 -XX:-UseAdaptiveSizePolicy -XX:+UseCompressedClassPointers -XX:+UseCompressedOops -XX:-UseLargePagesIndividualAllocation -XX:+UseParallelGC 
2.081: [GC (Allocation Failure) [PSYoungGen: 93880K->11944K(112640K)] 247480K->165552K(1030144K), 0.0027895 secs] [Times: user=0.00 sys=0.00, real=0.00 secs] 
3.869: [GC (Allocation Failure) [PSYoungGen: 101892K->18088K(112640K)] 409100K->325296K(1030144K), 0.0034053 secs] [Times: user=0.00 sys=0.00, real=0.00 secs] 
6.205: [GC (Allocation Failure) [PSYoungGen: 109060K->16024K(112640K)] 569868K->481952K(1030144K), 0.0032521 secs] [Times: user=0.00 sys=0.00, real=0.00 secs] 
8.435: [GC (Allocation Failure) [PSYoungGen: 101794K->5688K(112640K)] 721322K->625224K(1030144K), 0.0023208 secs] [Times: user=0.02 sys=0.00, real=0.00 secs] 
9.344: [GC (Allocation Failure) [PSYoungGen: 95636K->5752K(112640K)] 817572K->778888K(1030144K), 0.0178688 secs] [Times: user=0.00 sys=0.00, real=0.02 secs] 
10.140: [GC (Allocation Failure) [PSYoungGen: 63956K->5688K(112640K)] 888292K->830032K(1030144K), 0.0027660 secs] [Times: user=0.00 sys=0.00, real=0.00 secs] 
10.143: [GC (Allocation Failure) [PSYoungGen: 5688K->5720K(112640K)] 830032K->830064K(1030144K), 0.0016903 secs] [Times: user=0.00 sys=0.00, real=0.00 secs] 
10.144: [Full GC (Allocation Failure) [PSYoungGen: 5720K->0K(112640K)] [ParOldGen: 824344K->108048K(917504K)] 830064K->108048K(1030144K), [Metaspace: 2761K->2761K(1056768K)], 0.0171818 secs] [Times: user=0.00 sys=0.02, real=0.02 secs] 
12.571: [GC (Allocation Failure) [PSYoungGen: 85852K->10240K(112640K)] 449901K->374288K(1030144K), 0.0009689 secs] [Times: user=0.00 sys=0.00, real=0.00 secs] 
14.097: [GC (Allocation Failure) [PSYoungGen: 95680K->16448K(112640K)] 613329K->544345K(1030144K), 0.0021808 secs] [Times: user=0.00 sys=0.00, real=0.00 secs] 
14.862: [GC (Allocation Failure) [PSYoungGen: 106396K->16416K(112640K)] 736693K->656953K(1030144K), 0.0020487 secs] [Times: user=0.00 sys=0.00, real=0.00 secs] 
16.933: [GC (Allocation Failure) [PSYoungGen: 105340K->15392K(112640K)] 745877K->655929K(1030144K), 0.0015391 secs] [Times: user=0.00 sys=0.00, real=0.00 secs] 
17.696: [GC (Allocation Failure) [PSYoungGen: 105333K->10272K(112640K)] 848271K->773689K(1030144K), 0.0027594 secs] [Times: user=0.00 sys=0.00, real=0.00 secs] 
20.018: [Full GC (Ergonomics) [PSYoungGen: 100216K->0K(112640K)] [ParOldGen: 917017K->5649K(917504K)] 1017233K->5649K(1030144K), [Metaspace: 2770K->2770K(1056768K)], 0.0062888 secs] [Times: user=0.00 sys=0.00, real=0.01 secs] 
21.108: [GC (Allocation Failure) [PSYoungGen: 84825K->10240K(112640K)] 192874K->118289K(1030144K), 0.0010682 secs] [Times: user=0.00 sys=0.00, real=0.00 secs] 
21.759: [GC (Allocation Failure) [PSYoungGen: 104282K->7168K(112640K)] 314731K->217617K(1030144K), 0.0010166 secs] [Times: user=0.00 sys=0.00, real=0.00 secs] 
24.054: [GC (Allocation Failure) [PSYoungGen: 98139K->10240K(112640K)] 462188K->384529K(1030144K), 0.0014719 secs] [Times: user=0.00 sys=0.00, real=0.00 secs] 
24.813: [GC (Allocation Failure) [PSYoungGen: 100187K->10240K(112640K)] 576876K->486929K(1030144K), 0.0009420 secs] [Times: user=0.00 sys=0.00, real=0.00 secs] 
26.559: [GC (Allocation Failure) [PSYoungGen: 100187K->15360K(112640K)] 730477K->655889K(1030144K), 0.0021769 secs] [Times: user=0.02 sys=0.00, real=0.00 secs] 
28.304: [GC (Allocation Failure) [PSYoungGen: 104682K->15392K(112640K)] 745211K->655929K(1030144K), 0.0016026 secs] [Times: user=0.00 sys=0.00, real=0.00 secs] 
29.070: [GC (Allocation Failure) [PSYoungGen: 105330K->10272K(112640K)] 848268K->804409K(1030144K), 0.0049678 secs] [Times: user=0.00 sys=0.00, real=0.00 secs] 
30.049: [GC (Allocation Failure) [PSYoungGen: 78710K->10272K(112640K)] 924047K->855609K(1030144K), 0.0018310 secs] [Times: user=0.00 sys=0.00, real=0.00 secs] 
30.050: [GC (Allocation Failure) [PSYoungGen: 10272K->10304K(112640K)] 855609K->855641K(1030144K), 0.0016763 secs] [Times: user=0.00 sys=0.00, real=0.00 secs] 
30.052: [Full GC (Allocation Failure) [PSYoungGen: 10304K->0K(112640K)] [ParOldGen: 845337K->113169K(917504K)] 855641K->113169K(1030144K), [Metaspace: 2793K->2793K(1056768K)], 0.0099998 secs] [Times: user=0.00 sys=0.00, real=0.01 secs] 
32.678: [GC (Allocation Failure) [PSYoungGen: 81752K->16384K(112640K)] 399721K->334353K(1030144K), 0.0015719 secs] [Times: user=0.00 sys=0.00, real=0.00 secs] 
33.556: [GC (Allocation Failure) [PSYoungGen: 106329K->12288K(112640K)] 526699K->432657K(1030144K), 0.0015336 secs] [Times: user=0.00 sys=0.00, real=0.00 secs] 
35.521: [GC (Allocation Failure) [PSYoungGen: 97114K->10240K(112640K)] 671084K->594449K(1030144K), 0.0015514 secs] [Times: user=0.00 sys=0.00, real=0.00 secs] 
36.390: [GC (Allocation Failure) [PSYoungGen: 100187K->15360K(112640K)] 786796K->707089K(1030144K), 0.0018417 secs] [Times: user=0.00 sys=0.00, real=0.00 secs] 
38.135: [GC (Allocation Failure) [PSYoungGen: 105307K->15360K(112640K)] 950637K->886289K(1030144K), 0.0032746 secs] [Times: user=0.00 sys=0.00, real=0.00 secs] 
38.139: [Full GC (Ergonomics) [PSYoungGen: 15360K->0K(112640K)] [ParOldGen: 870929K->46609K(917504K)] 886289K->46609K(1030144K), [Metaspace: 2793K->2793K(1056768K)], 0.0053454 secs] [Times: user=0.00 sys=0.00, real=0.01 secs] 
39.118: [GC (Allocation Failure) [PSYoungGen: 94043K->0K(112640K)] 140653K->97809K(1030144K), 0.0046464 secs] [Times: user=0.00 sys=0.00, real=0.00 secs] 
40.870: [GC (Allocation Failure) [PSYoungGen: 89934K->15360K(112640K)] 341344K->266769K(1030144K), 0.0014271 secs] [Times: user=0.00 sys=0.00, real=0.00 secs] 
43.378: [GC (Allocation Failure) [PSYoungGen: 107347K->6144K(112640K)] 512357K->411153K(1030144K), 0.0009243 secs] [Times: user=0.00 sys=0.00, real=0.00 secs] 
45.123: [GC (Allocation Failure) [PSYoungGen: 96086K->11264K(112640K)] 654696K->580113K(1030144K), 0.0017692 secs] [Times: user=0.00 sys=0.00, real=0.00 secs] 
47.411: [Full GC (Ergonomics) [PSYoungGen: 103256K->0K(112640K)] [ParOldGen: 876049K->22528K(917504K)] 979306K->22528K(1030144K), [Metaspace: 2795K->2795K(1056768K)], 0.0036680 secs] [Times: user=0.00 sys=0.00, real=0.00 secs] 
49.157: [GC (Allocation Failure) [PSYoungGen: 89945K->10240K(112640K)] 266074K->186368K(1030144K), 0.0010972 secs] [Times: user=0.00 sys=0.00, real=0.00 secs] 
51.119: [GC (Allocation Failure) [PSYoungGen: 104282K->15360K(112640K)] 434010K->345088K(1030144K), 0.0015749 secs] [Times: user=0.00 sys=0.00, real=0.00 secs] 
51.992: [GC (Allocation Failure) [PSYoungGen: 105307K->11264K(112640K)] 537435K->443392K(1030144K), 0.0013985 secs] [Times: user=0.00 sys=0.00, real=0.00 secs] 
53.739: [GC (Allocation Failure) [PSYoungGen: 101211K->17408K(112640K)] 686939K->603136K(1030144K), 0.0020701 secs] [Times: user=0.00 sys=0.00, real=0.00 secs] 
56.030: [GC (Allocation Failure) [PSYoungGen: 108380K->15360K(112640K)] 847708K->759808K(1030144K), 0.0026096 secs] [Times: user=0.00 sys=0.00, real=0.00 secs] 
58.216: [Full GC (Ergonomics) [PSYoungGen: 100188K->0K(112640K)] [ParOldGen: 898048K->6144K(917504K)] 998236K->6144K(1030144K), [Metaspace: 2796K->2796K(1056768K)], 0.0032640 secs] [Times: user=0.00 sys=0.00, real=0.00 secs] 
59.089: [GC (Allocation Failure) [PSYoungGen: 89948K->5120K(112640K)] 198492K->164864K(1030144K), 0.0044836 secs] [Times: user=0.02 sys=0.00, real=0.00 secs] 
60.835: [GC (Allocation Failure) [PSYoungGen: 95068K->15360K(112640K)] 408412K->328704K(1030144K), 0.0014310 secs] [Times: user=0.00 sys=0.00, real=0.00 secs] 
62.034: [GC (Allocation Failure) [PSYoungGen: 109404K->1024K(112640K)] 525148K->416768K(1030144K), 0.0010137 secs] [Times: user=0.00 sys=0.00, real=0.00 secs] 
63.675: [GC (Allocation Failure) [PSYoungGen: 85852K->11264K(112640K)] 655196K->580608K(1030144K), 0.0013930 secs] [Times: user=0.00 sys=0.00, real=0.00 secs] 
64.328: [GC (Allocation Failure) [PSYoungGen: 105308K->17408K(112640K)] 777052K->689152K(1030144K), 0.0025359 secs] [Times: user=0.00 sys=0.00, real=0.00 secs] 
66.513: [GC (Allocation Failure) [PSYoungGen: 102236K->10240K(112640K)] 773980K->681984K(1030144K), 0.0015409 secs] [Times: user=0.00 sys=0.00, real=0.00 secs] 
67.165: [GC (Allocation Failure) [PSYoungGen: 104277K->6144K(112640K)] 878421K->800768K(1030144K), 0.0029067 secs] [Times: user=0.00 sys=0.00, real=0.00 secs] 
68.365: [GC (Allocation Failure) [PSYoungGen: 80728K->10240K(112640K)] 926552K->856064K(1030144K), 0.0018933 secs] [Times: user=0.00 sys=0.00, real=0.00 secs] 
68.367: [GC (Allocation Failure) [PSYoungGen: 10240K->10240K(112640K)] 856064K->856064K(1030144K), 0.0016207 secs] [Times: user=0.00 sys=0.00, real=0.00 secs] 
68.369: [Full GC (Allocation Failure) [PSYoungGen: 10240K->0K(112640K)] [ParOldGen: 845824K->82449K(917504K)] 856064K->82449K(1030144K), [Metaspace: 2796K->2796K(1056768K)], 0.0079443 secs] [Times: user=0.00 sys=0.00, real=0.01 secs] 
70.451: [GC (Allocation Failure) [PSYoungGen: 91993K->5120K(112640K)] 379242K->292369K(1030144K), 0.0010377 secs] [Times: user=0.00 sys=0.00, real=0.00 secs] 
72.193: [GC (Allocation Failure) [PSYoungGen: 95066K->16384K(112640K)] 535915K->457233K(1030144K), 0.0013018 secs] [Times: user=0.00 sys=0.00, real=0.00 secs] 
72.847: [GC (Allocation Failure) [PSYoungGen: 110427K->12288K(112640K)] 653676K->555537K(1030144K), 0.0013925 secs] [Times: user=0.00 sys=0.00, real=0.00 secs] 
75.139: [GC (Allocation Failure) [PSYoungGen: 103259K->15360K(112640K)] 800109K->722449K(1030144K), 0.0021617 secs] [Times: user=0.00 sys=0.00, real=0.00 secs] 
75.901: [GC (Allocation Failure) [PSYoungGen: 105307K->10240K(112640K)] 914797K->829969K(1030144K), 0.0026207 secs] [Times: user=0.00 sys=0.00, real=0.00 secs] 
77.863: [GC (Allocation Failure) [PSYoungGen: 104284K->10240K(112640K)] 924013K->829969K(1030144K), 0.0014081 secs] [Times: user=0.00 sys=0.00, real=0.00 secs] 
78.298: [GC (Allocation Failure) --[PSYoungGen: 104278K->104278K(112640K)] 924007K->975207K(1030144K), 0.0047124 secs] [Times: user=0.00 sys=0.00, real=0.00 secs] 
78.303: [Full GC (Ergonomics) [PSYoungGen: 104278K->0K(112640K)] [ParOldGen: 870929K->57344K(917504K)] 975207K->57344K(1030144K), [Metaspace: 2796K->2796K(1056768K)], 0.0058794 secs] [Times: user=0.00 sys=0.00, real=0.01 secs] 
80.386: [GC (Allocation Failure) [PSYoungGen: 91979K->10240K(112640K)] 405323K->323584K(1030144K), 0.0012017 secs] [Times: user=0.00 sys=0.00, real=0.00 secs] 
83.006: [GC (Allocation Failure) [PSYoungGen: 102225K->12288K(112640K)] 671569K->581632K(1030144K), 0.0014784 secs] [Times: user=0.00 sys=0.00, real=0.00 secs] 
85.078: [GC (Allocation Failure) [PSYoungGen: 97109K->10240K(112640K)] 820053K->733184K(1030144K), 0.0025589 secs] [Times: user=0.00 sys=0.00, real=0.00 secs] 
85.843: [GC (Allocation Failure) [PSYoungGen: 100183K->15360K(112640K)] 925527K->840704K(1030144K), 0.0026645 secs] [Times: user=0.00 sys=0.00, real=0.00 secs] 
86.821: [Full GC (Ergonomics) [PSYoungGen: 83801K->0K(112640K)] [ParOldGen: 876544K->87569K(917504K)] 960345K->87569K(1030144K), [Metaspace: 2796K->2796K(1056768K)], 0.0078981 secs] [Times: user=0.02 sys=0.00, real=0.01 secs] 
89.124: [GC (Allocation Failure) [PSYoungGen: 89946K->10240K(112640K)] 331115K->251409K(1030144K), 0.0012464 secs] [Times: user=0.00 sys=0.00, real=0.00 secs] 
90.763: [GC (Allocation Failure) [PSYoungGen: 100187K->15360K(112640K)] 494956K->415249K(1030144K), 0.0019405 secs] [Times: user=0.02 sys=0.00, real=0.00 secs] 
91.523: [GC (Allocation Failure) [PSYoungGen: 105307K->11264K(112640K)] 607596K->513553K(1030144K), 0.0012296 secs] [Times: user=0.00 sys=0.00, real=0.00 secs] 
93.708: [GC (Allocation Failure) [PSYoungGen: 90971K->11264K(112640K)] 593261K->523793K(1030144K), 0.0016983 secs] [Times: user=0.00 sys=0.00, real=0.00 secs] 
94.581: [GC (Allocation Failure) [PSYoungGen: 101204K->11264K(112640K)] 716134K->626193K(1030144K), 0.0014173 secs] [Times: user=0.00 sys=0.00, real=0.00 secs] 
96.546: [GC (Allocation Failure) [PSYoungGen: 90967K->10240K(112640K)] 859497K->778769K(1030144K), 0.0014289 secs] [Times: user=0.00 sys=0.00, real=0.00 secs] 
97.421: [GC (Allocation Failure) [PSYoungGen: 100185K->10240K(112640K)] 971114K->901649K(1030144K), 0.0027839 secs] [Times: user=0.00 sys=0.00, real=0.00 secs] 
97.423: [Full GC (Ergonomics) [PSYoungGen: 10240K->0K(112640K)] [ParOldGen: 891409K->26129K(917504K)] 901649K->26129K(1030144K), [Metaspace: 2796K->2796K(1056768K)], 0.0043236 secs] [Times: user=0.00 sys=0.00, real=0.01 secs] 
99.165: [GC (Allocation Failure) [PSYoungGen: 89946K->10240K(112640K)] 269675K->189969K(1030144K), 0.0009939 secs] [Times: user=0.00 sys=0.00, real=0.00 secs] 
100.257: [GC (Allocation Failure) [PSYoungGen: 104282K->0K(112640K)] 386412K->282129K(1030144K), 0.0007054 secs] [Times: user=0.00 sys=0.00, real=0.00 secs] 
101.998: [GC (Allocation Failure) [PSYoungGen: 89947K->16384K(112640K)] 525676K->452113K(1030144K), 0.0016386 secs] [Times: user=0.02 sys=0.00, real=0.00 secs] 
102.650: [GC (Allocation Failure) [PSYoungGen: 110427K->12288K(112640K)] 648557K->550417K(1030144K), 0.0013727 secs] [Times: user=0.00 sys=0.00, real=0.00 secs] 
104.930: [GC (Allocation Failure) [PSYoungGen: 97116K->15360K(112640K)] 635245K->553489K(1030144K), 0.0015468 secs] [Times: user=0.00 sys=0.00, real=0.00 secs] 
105.688: [GC (Allocation Failure) [PSYoungGen: 105301K->10240K(112640K)] 745830K->661009K(1030144K), 0.0019019 secs] [Times: user=0.00 sys=0.00, real=0.00 secs] 
107.858: [GC (Allocation Failure) [PSYoungGen: 95063K->5120K(112640K)] 899433K->809489K(1030144K), 0.0017071 secs] [Times: user=0.00 sys=0.00, real=0.00 secs] 
108.728: [Full GC (Ergonomics) [PSYoungGen: 95065K->0K(112640K)] [ParOldGen: 906769K->57344K(917504K)] 1001834K->57344K(1030144K), [Metaspace: 2796K->2796K(1056768K)], 0.0060184 secs] [Times: user=0.02 sys=0.00, real=0.01 secs] 
110.472: [GC (Allocation Failure) [PSYoungGen: 89946K->15360K(112640K)] 300890K->226304K(1030144K), 0.0015399 secs] [Times: user=0.00 sys=0.00, real=0.00 secs] 
111.673: [GC (Allocation Failure) [PSYoungGen: 109403K->1024K(112640K)] 422747K->314368K(1030144K), 0.0010942 secs] [Times: user=0.00 sys=0.00, real=0.00 secs] 
113.308: [GC (Allocation Failure) [PSYoungGen: 85851K->11264K(112640K)] 552795K->478208K(1030144K), 0.0013301 secs] [Times: user=0.00 sys=0.00, real=0.00 secs] 
113.962: [GC (Allocation Failure) [PSYoungGen: 105307K->17408K(112640K)] 674651K->586752K(1030144K), 0.0020414 secs] [Times: user=0.00 sys=0.00, real=0.00 secs] 
116.141: [GC (Allocation Failure) [PSYoungGen: 102236K->10240K(112640K)] 671580K->579584K(1030144K), 0.0017923 secs] [Times: user=0.00 sys=0.00, real=0.00 secs] 
116.787: [GC (Allocation Failure) [PSYoungGen: 104277K->6144K(112640K)] 776021K->698368K(1030144K), 0.0028735 secs] [Times: user=0.00 sys=0.00, real=0.00 secs] 
118.640: [GC (Allocation Failure) [PSYoungGen: 97111K->15360K(112640K)] 942936K->861184K(1030144K), 0.0019931 secs] [Times: user=0.00 sys=0.00, real=0.00 secs] 
119.400: [GC (Allocation Failure) [PSYoungGen: 73561K->0K(112640K)] 919385K->897024K(1030144K), 0.0054229 secs] [Times: user=0.00 sys=0.00, real=0.01 secs] 
119.405: [Full GC (Ergonomics) [PSYoungGen: 0K->0K(112640K)] [ParOldGen: 897024K->51729K(917504K)] 897024K->51729K(1030144K), [Metaspace: 2796K->2796K(1056768K)], 0.0057812 secs] [Times: user=0.00 sys=0.00, real=0.01 secs] 
121.487: [GC (Allocation Failure) [PSYoungGen: 91984K->11264K(112640K)] 399714K->318993K(1030144K), 0.0011771 secs] [Times: user=0.00 sys=0.00, real=0.00 secs] 
123.449: [GC (Allocation Failure) [PSYoungGen: 96084K->10240K(112640K)] 557414K->481809K(1030144K), 0.0017224 secs] [Times: user=0.00 sys=0.00, real=0.00 secs] 
124.319: [GC (Allocation Failure) [PSYoungGen: 100183K->10240K(112640K)] 674152K->584209K(1030144K), 0.0015533 secs] [Times: user=0.00 sys=0.00, real=0.00 secs] 
126.060: [GC (Allocation Failure) [PSYoungGen: 100185K->15360K(112640K)] 827754K->753169K(1030144K), 0.0019405 secs] [Times: user=0.01 sys=0.00, real=0.00 secs] 
127.695: [GC (Allocation Failure) [PSYoungGen: 104282K->15360K(112640K)] 842091K->753169K(1030144K), 0.0020203 secs] [Times: user=0.00 sys=0.00, real=0.00 secs] 
128.569: [GC (Allocation Failure) [PSYoungGen: 105300K->10240K(112640K)] 945510K->901649K(1030144K), 0.0051677 secs] [Times: user=0.00 sys=0.00, real=0.00 secs] 
128.574: [Full GC (Ergonomics) [PSYoungGen: 10240K->0K(112640K)] [ParOldGen: 891409K->61969K(917504K)] 901649K->61969K(1030144K), [Metaspace: 2796K->2796K(1056768K)], 0.0063954 secs] [Times: user=0.02 sys=0.00, real=0.01 secs] 
131.206: [GC (Allocation Failure) [PSYoungGen: 91991K->6144K(112640K)] 409960K->324113K(1030144K), 0.0008263 secs] [Times: user=0.00 sys=0.00, real=0.00 secs] 
132.952: [GC (Allocation Failure) [PSYoungGen: 96089K->12288K(112640K)] 567658K->483857K(1030144K), 0.0012546 secs] [Times: user=0.00 sys=0.00, real=0.00 secs] 
134.808: [GC (Allocation Failure) [PSYoungGen: 91994K->10240K(112640K)] 717163K->645649K(1030144K), 0.0020193 secs] [Times: user=0.00 sys=0.00, real=0.00 secs] 
135.678: [GC (Allocation Failure) [PSYoungGen: 100186K->10240K(112640K)] 837996K->748049K(1030144K), 0.0014484 secs] [Times: user=0.00 sys=0.00, real=0.00 secs] 
137.422: [Full GC (Ergonomics) [PSYoungGen: 100187K->0K(112640K)] [ParOldGen: 891409K->46609K(917504K)] 991597K->46609K(1030144K), [Metaspace: 2796K->2796K(1056768K)], 0.0055800 secs] [Times: user=0.00 sys=0.00, real=0.01 secs] 
138.394: [GC (Allocation Failure) [PSYoungGen: 94043K->0K(112640K)] 140653K->97809K(1030144K), 0.0045745 secs] [Times: user=0.00 sys=0.00, real=0.00 secs] 
140.136: [GC (Allocation Failure) [PSYoungGen: 89942K->15360K(112640K)] 341351K->266769K(1030144K), 0.0013956 secs] [Times: user=0.00 sys=0.00, real=0.00 secs] 
142.646: [GC (Allocation Failure) [PSYoungGen: 107352K->6144K(112640K)] 512361K->411153K(1030144K), 0.0009629 secs] [Times: user=0.00 sys=0.00, real=0.00 secs] 
144.389: [GC (Allocation Failure) [PSYoungGen: 96089K->16384K(112640K)] 654699K->580113K(1030144K), 0.0019097 secs] [Times: user=0.00 sys=0.00, real=0.00 secs] 
146.685: [Full GC (Ergonomics) [PSYoungGen: 108378K->0K(112640K)] [ParOldGen: 870929K->22528K(917504K)] 979308K->22528K(1030144K), [Metaspace: 2796K->2796K(1056768K)], 0.0038254 secs] [Times: user=0.00 sys=0.00, real=0.00 secs] 
148.430: [GC (Allocation Failure) [PSYoungGen: 89947K->10240K(112640K)] 266075K->186368K(1030144K), 0.0010356 secs] [Times: user=0.00 sys=0.00, real=0.00 secs] 
150.389: [GC (Allocation Failure) [PSYoungGen: 104283K->15360K(112640K)] 434011K->345088K(1030144K), 0.0015353 secs] [Times: user=0.00 sys=0.00, real=0.00 secs] 
151.257: [GC (Allocation Failure) [PSYoungGen: 105307K->11264K(112640K)] 537435K->443392K(1030144K), 0.0011422 secs] [Times: user=0.00 sys=0.00, real=0.00 secs] 
152.999: [GC (Allocation Failure) [PSYoungGen: 101212K->17408K(112640K)] 686940K->603136K(1030144K), 0.0017786 secs] [Times: user=0.00 sys=0.00, real=0.00 secs] 
155.288: [GC (Allocation Failure) [PSYoungGen: 108380K->10240K(112640K)] 847708K->759808K(1030144K), 0.0023710 secs] [Times: user=0.00 sys=0.00, real=0.00 secs] 
157.474: [Full GC (Ergonomics) [PSYoungGen: 95068K->0K(112640K)] [ParOldGen: 903168K->6144K(917504K)] 998236K->6144K(1030144K), [Metaspace: 2796K->2796K(1056768K)], 0.0027333 secs] [Times: user=0.00 sys=0.00, real=0.00 secs] 
158.347: [GC (Allocation Failure) [PSYoungGen: 89948K->5120K(112640K)] 198492K->164864K(1030144K), 0.0046641 secs] [Times: user=0.00 sys=0.00, real=0.00 secs] 
160.094: [GC (Allocation Failure) [PSYoungGen: 95068K->15360K(112640K)] 408412K->328704K(1030144K), 0.0014322 secs] [Times: user=0.00 sys=0.00, real=0.00 secs] 
161.302: [GC (Allocation Failure) [PSYoungGen: 109404K->1024K(112640K)] 525148K->416768K(1030144K), 0.0011991 secs] [Times: user=0.00 sys=0.00, real=0.00 secs] 
162.935: [GC (Allocation Failure) [PSYoungGen: 85852K->11264K(112640K)] 655196K->580608K(1030144K), 0.0014453 secs] [Times: user=0.00 sys=0.00, real=0.00 secs] 
163.587: [GC (Allocation Failure) [PSYoungGen: 105308K->17408K(112640K)] 777052K->689152K(1030144K), 0.0023588 secs] [Times: user=0.00 sys=0.00, real=0.00 secs] 
165.766: [GC (Allocation Failure) [PSYoungGen: 102236K->10240K(112640K)] 773980K->681984K(1030144K), 0.0021969 secs] [Times: user=0.00 sys=0.00, real=0.00 secs] 
166.420: [GC (Allocation Failure) [PSYoungGen: 104277K->6144K(112640K)] 878421K->800768K(1030144K), 0.0027563 secs] [Times: user=0.00 sys=0.00, real=0.00 secs] 
167.621: [GC (Allocation Failure) [PSYoungGen: 80728K->10240K(112640K)] 926552K->856064K(1030144K), 0.0018894 secs] [Times: user=0.00 sys=0.00, real=0.00 secs] 
167.623: [GC (Allocation Failure) [PSYoungGen: 10240K->10240K(112640K)] 856064K->856064K(1030144K), 0.0022717 secs] [Times: user=0.00 sys=0.00, real=0.00 secs] 
167.625: [Full GC (Allocation Failure) [PSYoungGen: 10240K->0K(112640K)] [ParOldGen: 845824K->82449K(917504K)] 856064K->82449K(1030144K), [Metaspace: 2796K->2796K(1056768K)], 0.0075804 secs] [Times: user=0.00 sys=0.00, real=0.01 secs] 
169.705: [GC (Allocation Failure) [PSYoungGen: 91993K->5120K(112640K)] 379242K->292369K(1030144K), 0.0008703 secs] [Times: user=0.00 sys=0.00, real=0.00 secs] 
171.452: [GC (Allocation Failure) [PSYoungGen: 95066K->16384K(112640K)] 535915K->457233K(1030144K), 0.0014111 secs] [Times: user=0.00 sys=0.00, real=0.00 secs] 
172.105: [GC (Allocation Failure) [PSYoungGen: 110427K->12288K(112640K)] 653676K->555537K(1030144K), 0.0012463 secs] [Times: user=0.00 sys=0.00, real=0.00 secs] 
174.406: [GC (Allocation Failure) [PSYoungGen: 103259K->15360K(112640K)] 800109K->722449K(1030144K), 0.0023670 secs] [Times: user=0.00 sys=0.00, real=0.00 secs] 
175.166: [GC (Allocation Failure) [PSYoungGen: 105307K->10240K(112640K)] 914797K->829969K(1030144K), 0.0017428 secs] [Times: user=0.00 sys=0.00, real=0.00 secs] 
177.132: [GC (Allocation Failure) [PSYoungGen: 104284K->10240K(112640K)] 924013K->829969K(1030144K), 0.0013668 secs] [Times: user=0.00 sys=0.00, real=0.00 secs] 
177.569: [GC (Allocation Failure) --[PSYoungGen: 104278K->104278K(112640K)] 924007K->975207K(1030144K), 0.0046256 secs] [Times: user=0.00 sys=0.00, real=0.00 secs] 
177.573: [Full GC (Ergonomics) [PSYoungGen: 104278K->0K(112640K)] [ParOldGen: 870929K->57344K(917504K)] 975207K->57344K(1030144K), [Metaspace: 2796K->2796K(1056768K)], 0.0062022 secs] [Times: user=0.00 sys=0.00, real=0.01 secs] 
179.660: [GC (Allocation Failure) [PSYoungGen: 91979K->10240K(112640K)] 405323K->323584K(1030144K), 0.0014896 secs] [Times: user=0.00 sys=0.00, real=0.00 secs] 
182.279: [GC (Allocation Failure) [PSYoungGen: 102225K->12288K(112640K)] 671569K->581632K(1030144K), 0.0025402 secs] [Times: user=0.02 sys=0.00, real=0.00 secs] 
184.344: [GC (Allocation Failure) [PSYoungGen: 97109K->10240K(112640K)] 820053K->733184K(1030144K), 0.0016225 secs] [Times: user=0.00 sys=0.00, real=0.00 secs] 
185.108: [GC (Allocation Failure) [PSYoungGen: 100183K->15360K(112640K)] 925527K->840704K(1030144K), 0.0020033 secs] [Times: user=0.00 sys=0.00, real=0.00 secs] 
186.091: [Full GC (Ergonomics) [PSYoungGen: 83801K->0K(112640K)] [ParOldGen: 876544K->87569K(917504K)] 960345K->87569K(1030144K), [Metaspace: 2796K->2796K(1056768K)], 0.0079008 secs] [Times: user=0.00 sys=0.00, real=0.01 secs] 
188.399: [GC (Allocation Failure) [PSYoungGen: 89946K->10240K(112640K)] 331115K->251409K(1030144K), 0.0011590 secs] [Times: user=0.00 sys=0.00, real=0.00 secs] 
190.029: [GC (Allocation Failure) [PSYoungGen: 100187K->15360K(112640K)] 494956K->415249K(1030144K), 0.0017763 secs] [Times: user=0.00 sys=0.00, real=0.00 secs] 
190.793: [GC (Allocation Failure) [PSYoungGen: 105307K->11296K(112640K)] 607596K->513585K(1030144K), 0.0013041 secs] [Times: user=0.00 sys=0.00, real=0.00 secs] 
192.971: [GC (Allocation Failure) [PSYoungGen: 91003K->11296K(112640K)] 593293K->523825K(1030144K), 0.0018448 secs] [Times: user=0.00 sys=0.00, real=0.00 secs] 
193.844: [GC (Allocation Failure) [PSYoungGen: 101236K->11296K(112640K)] 716166K->626225K(1030144K), 0.0013986 secs] [Times: user=0.00 sys=0.00, real=0.00 secs] 
195.806: [GC (Allocation Failure) [PSYoungGen: 90999K->10272K(112640K)] 859529K->778801K(1030144K), 0.0014646 secs] [Times: user=0.00 sys=0.00, real=0.00 secs] 
196.677: [GC (Allocation Failure) [PSYoungGen: 100217K->10304K(112640K)] 971146K->901713K(1030144K), 0.0028043 secs] [Times: user=0.00 sys=0.00, real=0.00 secs] 
196.680: [Full GC (Ergonomics) [PSYoungGen: 10304K->0K(112640K)] [ParOldGen: 891409K->26129K(917504K)] 901713K->26129K(1030144K), [Metaspace: 2796K->2796K(1056768K)], 0.0040401 secs] [Times: user=0.00 sys=0.00, real=0.00 secs] 
198.427: [GC (Allocation Failure) [PSYoungGen: 89946K->10240K(112640K)] 269676K->189969K(1030144K), 0.0010177 secs] [Times: user=0.00 sys=0.00, real=0.00 secs] 
199.521: [GC (Allocation Failure) [PSYoungGen: 104282K->0K(112640K)] 386412K->282129K(1030144K), 0.0006898 secs] [Times: user=0.00 sys=0.00, real=0.00 secs] 
201.261: [GC (Allocation Failure) [PSYoungGen: 89947K->16384K(112640K)] 525677K->452113K(1030144K), 0.0012694 secs] [Times: user=0.00 sys=0.00, real=0.00 secs] 
201.919: [GC (Allocation Failure) [PSYoungGen: 110427K->12288K(112640K)] 648557K->550417K(1030144K), 0.0012648 secs] [Times: user=0.00 sys=0.00, real=0.00 secs] 
204.205: [GC (Allocation Failure) [PSYoungGen: 97116K->15360K(112640K)] 635245K->553489K(1030144K), 0.0015508 secs] [Times: user=0.00 sys=0.00, real=0.00 secs] 
204.968: [GC (Allocation Failure) [PSYoungGen: 105301K->10240K(112640K)] 745831K->661009K(1030144K), 0.0019294 secs] [Times: user=0.00 sys=0.00, real=0.00 secs] 
207.150: [GC (Allocation Failure) [PSYoungGen: 95063K->5120K(112640K)] 899433K->809489K(1030144K), 0.0011289 secs] [Times: user=0.00 sys=0.00, real=0.00 secs] 
208.023: [Full GC (Ergonomics) [PSYoungGen: 95065K->0K(112640K)] [ParOldGen: 906769K->57344K(917504K)] 1001835K->57344K(1030144K), [Metaspace: 2796K->2796K(1056768K)], 0.0059896 secs] [Times: user=0.00 sys=0.00, real=0.01 secs] 
209.770: [GC (Allocation Failure) [PSYoungGen: 89946K->15360K(112640K)] 300890K->226304K(1030144K), 0.0013192 secs] [Times: user=0.00 sys=0.00, real=0.00 secs] 
210.972: [GC (Allocation Failure) [PSYoungGen: 109403K->1024K(112640K)] 422747K->314368K(1030144K), 0.0009616 secs] [Times: user=0.00 sys=0.00, real=0.00 secs] 
212.608: [GC (Allocation Failure) [PSYoungGen: 85851K->11264K(112640K)] 552796K->478208K(1030144K), 0.0014157 secs] [Times: user=0.00 sys=0.00, real=0.00 secs] 
213.262: [GC (Allocation Failure) [PSYoungGen: 105307K->17408K(112640K)] 674652K->586752K(1030144K), 0.0019795 secs] [Times: user=0.00 sys=0.00, real=0.00 secs] 
215.451: [GC (Allocation Failure) [PSYoungGen: 102236K->10240K(112640K)] 671580K->579584K(1030144K), 0.0014923 secs] [Times: user=0.00 sys=0.00, real=0.00 secs] 
216.100: [GC (Allocation Failure) [PSYoungGen: 104277K->6144K(112640K)] 776021K->698368K(1030144K), 0.0024978 secs] [Times: user=0.00 sys=0.00, real=0.00 secs] 
217.954: [GC (Allocation Failure) [PSYoungGen: 97111K->15360K(112640K)] 942936K->861184K(1030144K), 0.0017689 secs] [Times: user=0.00 sys=0.00, real=0.00 secs] 
Heap
 PSYoungGen      total 112640K, used 24245K [0x00000000f8000000, 0x0000000100000000, 0x0000000100000000)
  eden space 94208K, 9% used [0x00000000f8000000,0x00000000f88ad728,0x00000000fdc00000)
  from space 18432K, 83% used [0x00000000fdc00000,0x00000000feb00030,0x00000000fee00000)
  to   space 18432K, 0% used [0x00000000fee00000,0x00000000fee00000,0x0000000100000000)
 ParOldGen       total 917504K, used 845824K [0x00000000c0000000, 0x00000000f8000000, 0x00000000f8000000)
  object space 917504K, 92% used [0x00000000c0000000,0x00000000f3a00258,0x00000000f8000000)
 Metaspace       used 2804K, capacity 4486K, committed 4864K, reserved 1056768K
  class space    used 297K, capacity 386K, committed 512K, reserved 1048576K
