Java HotSpot(TM) 64-Bit Server VM (25.411-b09) for windows-amd64 JRE (1.8.0_411-b09), built on Mar 13 2024 07:26:13 by "java_re" with MS VC++ 17.1 (VS2022)
Memory: 4k page, physical 33403376k(13573524k free), swap 37728072k(5783216k free)
CommandLine flags: -XX:InitialHeapSize=1073741824 -XX:MaxHeapSize=1073741824 -XX:NewRatio=3 -XX:ParallelGCThreads=6 -XX:+PrintGC -XX:+PrintGCDetails -XX:+PrintGCTimeStamps -XX:SurvivorRatio=6 -XX:-UseAdaptiveSizePolicy -XX:+UseCompressedClassPointers -XX:+UseCompressedOops -XX:-UseLargePagesIndividualAllocation -XX:+UseParallelGC 
2.626: [GC (Allocation Failure) [PSYoungGen: 182968K->22168K(229376K)] 285368K->124576K(1015808K), 0.0046014 secs] [Times: user=0.00 sys=0.00, real=0.00 secs] 
3.500: [GC (Allocation Failure) [PSYoungGen: 215540K->17992K(229376K)] 317948K->120400K(1015808K), 0.0035887 secs] [Times: user=0.00 sys=0.00, real=0.00 secs] 
6.801: [GC (Allocation Failure) [PSYoungGen: 211363K->31352K(229376K)] 416171K->236160K(1015808K), 0.0044723 secs] [Times: user=0.00 sys=0.00, real=0.00 secs] 
7.565: [GC (Allocation Failure) [PSYoungGen: 226689K->31368K(229376K)] 431497K->251544K(1015808K), 0.0057525 secs] [Times: user=0.00 sys=0.00, real=0.01 secs] 
8.987: [GC (Allocation Failure) [PSYoungGen: 224720K->5720K(229376K)] 444896K->277096K(1015808K), 0.0620157 secs] [Times: user=0.03 sys=0.03, real=0.06 secs] 
11.444: [GC (Allocation Failure) [PSYoungGen: 199066K->31320K(229376K)] 572842K->405096K(1015808K), 0.0027965 secs] [Times: user=0.00 sys=0.00, real=0.00 secs] 
12.750: [GC (Allocation Failure) [PSYoungGen: 220833K->15960K(229376K)] 594609K->389744K(1015808K), 0.0016756 secs] [Times: user=0.00 sys=0.00, real=0.00 secs] 
13.623: [GC (Allocation Failure) [PSYoungGen: 209298K->11896K(229376K)] 583082K->385680K(1015808K), 0.0016595 secs] [Times: user=0.00 sys=0.00, real=0.00 secs] 
16.892: [GC (Allocation Failure) [PSYoungGen: 205226K->10840K(229376K)] 681410K->487024K(1015808K), 0.0016151 secs] [Times: user=0.00 sys=0.00, real=0.00 secs] 
18.772: [GC (Allocation Failure) [PSYoungGen: 178584K->31304K(229376K)] 757169K->630376K(1015808K), 0.0318357 secs] [Times: user=0.01 sys=0.00, real=0.03 secs] 
20.225: [GC (Allocation Failure) [PSYoungGen: 209298K->5736K(229376K)] 808370K->604808K(1015808K), 0.0024715 secs] [Times: user=0.00 sys=0.00, real=0.00 secs] 
21.313: [GC (Allocation Failure) [PSYoungGen: 193962K->10808K(229376K)] 793034K->712280K(1015808K), 0.0938598 secs] [Times: user=0.05 sys=0.01, real=0.09 secs] 
21.842: [GC (Allocation Failure) [PSYoungGen: 106869K->5704K(229376K)] 808342K->758376K(1015808K), 0.0614632 secs] [Times: user=0.00 sys=0.03, real=0.06 secs] 
21.904: [Full GC (Ergonomics) [PSYoungGen: 5704K->0K(229376K)] [ParOldGen: 752672K->159249K(786432K)] 758376K->159249K(1015808K), [Metaspace: 2779K->2779K(1056768K)], 0.0436357 secs] [Times: user=0.00 sys=0.03, real=0.04 secs] 
23.263: [GC (Allocation Failure) [PSYoungGen: 177981K->26624K(229376K)] 337231K->185873K(1015808K), 0.0022186 secs] [Times: user=0.00 sys=0.00, real=0.00 secs] 
24.575: [GC (Allocation Failure) [PSYoungGen: 209706K->20480K(229376K)] 368955K->179729K(1015808K), 0.0017778 secs] [Times: user=0.00 sys=0.00, real=0.00 secs] 
25.446: [GC (Allocation Failure) [PSYoungGen: 213806K->20480K(229376K)] 373055K->179729K(1015808K), 0.0014832 secs] [Times: user=0.00 sys=0.00, real=0.00 secs] 
28.277: [GC (Allocation Failure) [PSYoungGen: 213809K->10240K(229376K)] 475458K->271889K(1015808K), 0.0010916 secs] [Times: user=0.00 sys=0.00, real=0.00 secs] 
30.346: [GC (Allocation Failure) [PSYoungGen: 194175K->30752K(229376K)] 558224K->446009K(1015808K), 0.0063299 secs] [Times: user=0.00 sys=0.00, real=0.01 secs] 
32.431: [GC (Allocation Failure) [PSYoungGen: 225130K->6208K(229376K)] 742787K->523865K(1015808K), 0.0011983 secs] [Times: user=0.06 sys=0.00, real=0.00 secs] 
34.611: [GC (Allocation Failure) [PSYoungGen: 194448K->31776K(229376K)] 814505K->657977K(1015808K), 0.0029066 secs] [Times: user=0.00 sys=0.00, real=0.00 secs] 
35.920: [GC (Allocation Failure) [PSYoungGen: 214900K->20512K(229376K)] 841101K->646713K(1015808K), 0.0014179 secs] [Times: user=0.00 sys=0.00, real=0.00 secs] 
36.794: [GC (Allocation Failure) [PSYoungGen: 213865K->20512K(229376K)] 840066K->646713K(1015808K), 0.0020372 secs] [Times: user=0.00 sys=0.00, real=0.00 secs] 
38.871: [Full GC (Ergonomics) [PSYoungGen: 203618K->0K(229376K)] [ParOldGen: 728601K->61969K(786432K)] 932220K->61969K(1015808K), [Metaspace: 2793K->2793K(1056768K)], 0.0085150 secs] [Times: user=0.00 sys=0.00, real=0.01 secs] 
41.281: [GC (Allocation Failure) [PSYoungGen: 193355K->15360K(229376K)] 357725K->179729K(1015808K), 0.0012773 secs] [Times: user=0.00 sys=0.00, real=0.00 secs] 
44.452: [GC (Allocation Failure) [PSYoungGen: 199505K->21504K(229376K)] 466275K->288273K(1015808K), 0.0017623 secs] [Times: user=0.00 sys=0.00, real=0.00 secs] 
45.327: [GC (Allocation Failure) [PSYoungGen: 214869K->21504K(229376K)] 481638K->288273K(1015808K), 0.0016931 secs] [Times: user=0.00 sys=0.00, real=0.00 secs] 
47.398: [GC (Allocation Failure) [PSYoungGen: 173905K->20480K(229376K)] 543075K->410129K(1015808K), 0.0025248 secs] [Times: user=0.00 sys=0.00, real=0.00 secs] 
48.485: [GC (Allocation Failure) [PSYoungGen: 208725K->10240K(229376K)] 598374K->399889K(1015808K), 0.0010217 secs] [Times: user=0.00 sys=0.00, real=0.00 secs] 
50.234: [GC (Allocation Failure) [PSYoungGen: 177994K->30720K(229376K)] 670043K->573969K(1015808K), 0.0059231 secs] [Times: user=0.00 sys=0.00, real=0.00 secs] 
51.537: [GC (Allocation Failure) [PSYoungGen: 224080K->15360K(229376K)] 767330K->558609K(1015808K), 0.0014762 secs] [Times: user=0.00 sys=0.00, real=0.00 secs] 
52.412: [GC (Allocation Failure) [PSYoungGen: 208711K->11264K(229376K)] 751960K->554513K(1015808K), 0.0010267 secs] [Times: user=0.00 sys=0.00, real=0.00 secs] 
55.693: [GC (Allocation Failure) [PSYoungGen: 204595K->15360K(229376K)] 850244K->661009K(1015808K), 0.0014525 secs] [Times: user=0.00 sys=0.00, real=0.00 secs] 
56.455: [GC (Allocation Failure) [PSYoungGen: 208705K->20480K(229376K)] 854354K->666129K(1015808K), 0.0017967 secs] [Times: user=0.00 sys=0.00, real=0.00 secs] 
58.746: [Full GC (Ergonomics) [PSYoungGen: 177989K->0K(229376K)] [ParOldGen: 748049K->21009K(786432K)] 926038K->21009K(1015808K), [Metaspace: 2796K->2796K(1056768K)], 0.0035195 secs] [Times: user=0.00 sys=0.00, real=0.00 secs] 
59.833: [GC (Allocation Failure) [PSYoungGen: 188237K->10240K(229376K)] 209246K->82449K(1015808K), 0.0051076 secs] [Times: user=0.02 sys=0.00, real=0.00 secs] 
61.575: [GC (Allocation Failure) [PSYoungGen: 177988K->30720K(229376K)] 352598K->205329K(1015808K), 0.0024633 secs] [Times: user=0.00 sys=0.00, real=0.00 secs] 
62.886: [GC (Allocation Failure) [PSYoungGen: 218957K->15360K(229376K)] 393566K->189969K(1015808K), 0.0015437 secs] [Times: user=0.00 sys=0.00, real=0.00 secs] 
63.756: [GC (Allocation Failure) [PSYoungGen: 208708K->11264K(229376K)] 383318K->185873K(1015808K), 0.0011349 secs] [Times: user=0.00 sys=0.00, real=0.00 secs] 
66.931: [GC (Allocation Failure) [PSYoungGen: 204600K->10240K(229376K)] 481610K->287249K(1015808K), 0.0010505 secs] [Times: user=0.00 sys=0.00, real=0.00 secs] 
68.673: [GC (Allocation Failure) [PSYoungGen: 177989K->30720K(229376K)] 557398K->430609K(1015808K), 0.0038402 secs] [Times: user=0.00 sys=0.00, real=0.00 secs] 
70.094: [GC (Allocation Failure) [PSYoungGen: 208717K->5120K(229376K)] 608606K->405009K(1015808K), 0.0010861 secs] [Times: user=0.00 sys=0.00, real=0.00 secs] 
71.182: [GC (Allocation Failure) [PSYoungGen: 193348K->10240K(229376K)] 593237K->512529K(1015808K), 0.0156995 secs] [Times: user=0.00 sys=0.00, real=0.02 secs] 
72.939: [GC (Allocation Failure) [PSYoungGen: 177983K->31744K(229376K)] 782672K->636433K(1015808K), 0.0028413 secs] [Times: user=0.00 sys=0.00, real=0.00 secs] 
74.243: [GC (Allocation Failure) [PSYoungGen: 214857K->20480K(229376K)] 819546K->625169K(1015808K), 0.0016619 secs] [Times: user=0.02 sys=0.00, real=0.00 secs] 
75.113: [GC (Allocation Failure) [PSYoungGen: 213825K->20480K(229376K)] 818515K->625169K(1015808K), 0.0019656 secs] [Times: user=0.00 sys=0.00, real=0.00 secs] 
77.953: [Full GC (Ergonomics) [PSYoungGen: 213822K->0K(229376K)] [ParOldGen: 707089K->6144K(786432K)] 920911K->6144K(1015808K), [Metaspace: 2796K->2796K(1056768K)], 0.0031068 secs] [Times: user=0.00 sys=0.00, real=0.00 secs] 
80.028: [GC (Allocation Failure) [PSYoungGen: 183112K->25600K(229376K)] 291656K->185344K(1015808K), 0.0051871 secs] [Times: user=0.00 sys=0.00, real=0.01 secs] 
82.102: [GC (Allocation Failure) [PSYoungGen: 219983K->6144K(229376K)] 482127K->268288K(1015808K), 0.0008664 secs] [Times: user=0.00 sys=0.00, real=0.00 secs] 
84.280: [GC (Allocation Failure) [PSYoungGen: 194388K->17408K(229376K)] 558932K->402432K(1015808K), 0.0030237 secs] [Times: user=0.00 sys=0.00, real=0.00 secs] 
85.588: [GC (Allocation Failure) [PSYoungGen: 200534K->20480K(229376K)] 585558K->405504K(1015808K), 0.0016671 secs] [Times: user=0.00 sys=0.00, real=0.00 secs] 
86.457: [GC (Allocation Failure) [PSYoungGen: 213834K->20480K(229376K)] 598858K->405504K(1015808K), 0.0020745 secs] [Times: user=0.00 sys=0.00, real=0.00 secs] 
88.526: [GC (Allocation Failure) [PSYoungGen: 203587K->20480K(229376K)] 691011K->548864K(1015808K), 0.0045453 secs] [Times: user=0.00 sys=0.00, real=0.00 secs] 
90.924: [GC (Allocation Failure) [PSYoungGen: 213836K->15360K(229376K)] 844620K->646144K(1015808K), 0.0015405 secs] [Times: user=0.00 sys=0.00, real=0.00 secs] 
94.085: [Full GC (Ergonomics) [PSYoungGen: 199506K->0K(229376K)] [ParOldGen: 733184K->22528K(786432K)] 932690K->22528K(1015808K), [Metaspace: 2796K->2796K(1056768K)], 0.0036904 secs] [Times: user=0.00 sys=0.00, real=0.00 secs] 
94.960: [GC (Allocation Failure) [PSYoungGen: 193365K->10240K(229376K)] 215893K->32768K(1015808K), 0.0010104 secs] [Times: user=0.00 sys=0.00, real=0.00 secs] 
97.030: [GC (Allocation Failure) [PSYoungGen: 162641K->20480K(229376K)] 287570K->165888K(1015808K), 0.0022016 secs] [Times: user=0.00 sys=0.00, real=0.00 secs] 
98.119: [GC (Allocation Failure) [PSYoungGen: 208725K->30720K(229376K)] 354133K->176128K(1015808K), 0.0024426 secs] [Times: user=0.00 sys=0.00, real=0.00 secs] 
99.868: [GC (Allocation Failure) [PSYoungGen: 198474K->30720K(229376K)] 446282K->350208K(1015808K), 0.0082433 secs] [Times: user=0.00 sys=0.00, real=0.01 secs] 
101.184: [GC (Allocation Failure) [PSYoungGen: 224080K->15360K(229376K)] 543568K->334848K(1015808K), 0.0014475 secs] [Times: user=0.00 sys=0.00, real=0.00 secs] 
102.053: [GC (Allocation Failure) [PSYoungGen: 208711K->11264K(229376K)] 528199K->330752K(1015808K), 0.0014306 secs] [Times: user=0.00 sys=0.00, real=0.00 secs] 
105.319: [GC (Allocation Failure) [PSYoungGen: 204595K->15360K(229376K)] 626483K->437248K(1015808K), 0.0020019 secs] [Times: user=0.00 sys=0.00, real=0.00 secs] 
106.084: [GC (Allocation Failure) [PSYoungGen: 208705K->20480K(229376K)] 630593K->442368K(1015808K), 0.0018773 secs] [Times: user=0.00 sys=0.00, real=0.00 secs] 
108.369: [GC (Allocation Failure) [PSYoungGen: 177989K->20480K(229376K)] 702277K->544768K(1015808K), 0.0021424 secs] [Times: user=0.09 sys=0.00, real=0.00 secs] 
109.460: [GC (Allocation Failure) [PSYoungGen: 208717K->10240K(229376K)] 733005K->585728K(1015808K), 0.0052673 secs] [Times: user=0.00 sys=0.00, real=0.00 secs] 
111.204: [GC (Allocation Failure) [PSYoungGen: 177988K->30720K(229376K)] 855877K->708608K(1015808K), 0.0027947 secs] [Times: user=0.00 sys=0.00, real=0.00 secs] 
112.515: [GC (Allocation Failure) [PSYoungGen: 218957K->15360K(229376K)] 896845K->693248K(1015808K), 0.0021862 secs] [Times: user=0.00 sys=0.00, real=0.00 secs] 
113.384: [GC (Allocation Failure) [PSYoungGen: 208708K->11264K(229376K)] 886596K->689152K(1015808K), 0.0017209 secs] [Times: user=0.00 sys=0.00, real=0.00 secs] 
116.541: [Full GC (Ergonomics) [PSYoungGen: 204600K->0K(229376K)] [ParOldGen: 780288K->11264K(786432K)] 984888K->11264K(1015808K), [Metaspace: 2796K->2796K(1056768K)], 0.0032584 secs] [Times: user=0.00 sys=0.00, real=0.00 secs] 
118.278: [GC (Allocation Failure) [PSYoungGen: 167749K->25600K(229376K)] 281413K->159744K(1015808K), 0.0029500 secs] [Times: user=0.00 sys=0.00, real=0.00 secs] 
119.693: [GC (Allocation Failure) [PSYoungGen: 203597K->5120K(229376K)] 337741K->139264K(1015808K), 0.0010276 secs] [Times: user=0.00 sys=0.00, real=0.00 secs] 
120.785: [GC (Allocation Failure) [PSYoungGen: 193348K->10240K(229376K)] 327492K->246784K(1015808K), 0.0150047 secs] [Times: user=0.02 sys=0.00, real=0.02 secs] 
122.546: [GC (Allocation Failure) [PSYoungGen: 177983K->31744K(229376K)] 516927K->370688K(1015808K), 0.0025493 secs] [Times: user=0.00 sys=0.00, real=0.00 secs] 
123.855: [GC (Allocation Failure) [PSYoungGen: 214857K->20480K(229376K)] 553801K->359424K(1015808K), 0.0018516 secs] [Times: user=0.00 sys=0.00, real=0.00 secs] 
124.730: [GC (Allocation Failure) [PSYoungGen: 213825K->20480K(229376K)] 552770K->359424K(1015808K), 0.0017015 secs] [Times: user=0.00 sys=0.00, real=0.00 secs] 
127.569: [GC (Allocation Failure) [PSYoungGen: 213822K->10240K(229376K)] 655166K->451584K(1015808K), 0.0018863 secs] [Times: user=0.00 sys=0.00, real=0.00 secs] 
129.641: [GC (Allocation Failure) [PSYoungGen: 193352K->30720K(229376K)] 737096K->625664K(1015808K), 0.0067688 secs] [Times: user=0.00 sys=0.00, real=0.01 secs] 
131.729: [Full GC (Ergonomics) [PSYoungGen: 225103K->0K(229376K)] [ParOldGen: 697344K->7168K(786432K)] 922447K->7168K(1015808K), [Metaspace: 2796K->2796K(1056768K)], 0.0032869 secs] [Times: user=0.00 sys=0.00, real=0.00 secs] 
133.915: [GC (Allocation Failure) [PSYoungGen: 188244K->26624K(229376K)] 297812K->146432K(1015808K), 0.0037674 secs] [Times: user=0.03 sys=0.00, real=0.00 secs] 
135.233: [GC (Allocation Failure) [PSYoungGen: 209750K->20480K(229376K)] 329558K->140288K(1015808K), 0.0014225 secs] [Times: user=0.00 sys=0.00, real=0.00 secs] 
136.106: [GC (Allocation Failure) [PSYoungGen: 213834K->20480K(229376K)] 333642K->140288K(1015808K), 0.0015975 secs] [Times: user=0.00 sys=0.00, real=0.00 secs] 
138.170: [GC (Allocation Failure) [PSYoungGen: 203587K->30720K(229376K)] 425795K->283648K(1015808K), 0.0047193 secs] [Times: user=0.00 sys=0.00, real=0.00 secs] 
140.586: [GC (Allocation Failure) [PSYoungGen: 224076K->15360K(229376K)] 579404K->370688K(1015808K), 0.0012183 secs] [Times: user=0.00 sys=0.00, real=0.00 secs] 
143.752: [GC (Allocation Failure) [PSYoungGen: 199506K->21504K(229376K)] 657234K->479232K(1015808K), 0.0019064 secs] [Times: user=0.00 sys=0.00, real=0.00 secs] 
144.623: [GC (Allocation Failure) [PSYoungGen: 214869K->21504K(229376K)] 672597K->479232K(1015808K), 0.0017962 secs] [Times: user=0.00 sys=0.00, real=0.00 secs] 
146.696: [GC (Allocation Failure) [PSYoungGen: 173906K->20480K(229376K)] 734034K->601088K(1015808K), 0.0027784 secs] [Times: user=0.00 sys=0.00, real=0.00 secs] 
147.789: [GC (Allocation Failure) [PSYoungGen: 208725K->10240K(229376K)] 789333K->590848K(1015808K), 0.0017362 secs] [Times: user=0.00 sys=0.00, real=0.00 secs] 
149.535: [GC (Allocation Failure) [PSYoungGen: 177994K->30720K(229376K)] 861002K->764928K(1015808K), 0.0062584 secs] [Times: user=0.02 sys=0.00, real=0.01 secs] 
149.542: [Full GC (Ergonomics) [PSYoungGen: 30720K->0K(229376K)] [ParOldGen: 734208K->102929K(786432K)] 764928K->102929K(1015808K), [Metaspace: 2796K->2796K(1056768K)], 0.0091116 secs] [Times: user=0.00 sys=0.00, real=0.01 secs] 
150.860: [GC (Allocation Failure) [PSYoungGen: 193360K->15360K(229376K)] 296289K->118289K(1015808K), 0.0015233 secs] [Times: user=0.00 sys=0.00, real=0.00 secs] 
151.733: [GC (Allocation Failure) [PSYoungGen: 208696K->11264K(229376K)] 311626K->114193K(1015808K), 0.0011782 secs] [Times: user=0.00 sys=0.00, real=0.00 secs] 
154.998: [GC (Allocation Failure) [PSYoungGen: 204585K->15360K(229376K)] 409915K->220689K(1015808K), 0.0014232 secs] [Times: user=0.00 sys=0.00, real=0.00 secs] 
155.764: [GC (Allocation Failure) [PSYoungGen: 208699K->20480K(229376K)] 414028K->225809K(1015808K), 0.0018822 secs] [Times: user=0.00 sys=0.00, real=0.00 secs] 
158.051: [GC (Allocation Failure) [PSYoungGen: 177985K->20480K(229376K)] 485714K->328209K(1015808K), 0.0021011 secs] [Times: user=0.00 sys=0.00, real=0.00 secs] 
159.139: [GC (Allocation Failure) [PSYoungGen: 208714K->10240K(229376K)] 516444K->369169K(1015808K), 0.0055230 secs] [Times: user=0.00 sys=0.00, real=0.01 secs] 
160.879: [GC (Allocation Failure) [PSYoungGen: 177987K->30720K(229376K)] 639316K->492049K(1015808K), 0.0025917 secs] [Times: user=0.00 sys=0.00, real=0.00 secs] 
162.192: [GC (Allocation Failure) [PSYoungGen: 218955K->15360K(229376K)] 680285K->476689K(1015808K), 0.0017145 secs] [Times: user=0.00 sys=0.00, real=0.00 secs] 
163.063: [GC (Allocation Failure) [PSYoungGen: 208708K->11264K(229376K)] 670037K->472593K(1015808K), 0.0012248 secs] [Times: user=0.00 sys=0.00, real=0.00 secs] 
166.230: [GC (Allocation Failure) [PSYoungGen: 204600K->10240K(229376K)] 768329K->573969K(1015808K), 0.0010565 secs] [Times: user=0.00 sys=0.00, real=0.00 secs] 
167.971: [GC (Allocation Failure) [PSYoungGen: 177988K->30720K(229376K)] 844118K->717329K(1015808K), 0.0036858 secs] [Times: user=0.00 sys=0.00, real=0.00 secs] 
169.392: [GC (Allocation Failure) [PSYoungGen: 208716K->5120K(229376K)] 895326K->691729K(1015808K), 0.0015448 secs] [Times: user=0.00 sys=0.00, real=0.00 secs] 
170.480: [GC (Allocation Failure) --[PSYoungGen: 193347K->193347K(229376K)] 879957K->879957K(1015808K), 0.0017612 secs] [Times: user=0.00 sys=0.00, real=0.00 secs] 
170.482: [Full GC (Ergonomics) [PSYoungGen: 193347K->0K(229376K)] [ParOldGen: 686609K->113664K(786432K)] 879957K->113664K(1015808K), [Metaspace: 2796K->2796K(1056768K)], 0.0097079 secs] [Times: user=0.00 sys=0.00, real=0.01 secs] 
172.244: [GC (Allocation Failure) [PSYoungGen: 167742K->26624K(229376K)] 383807K->242688K(1015808K), 0.0021375 secs] [Times: user=0.00 sys=0.00, real=0.00 secs] 
173.555: [GC (Allocation Failure) [PSYoungGen: 209737K->20480K(229376K)] 425801K->236544K(1015808K), 0.0015211 secs] [Times: user=0.00 sys=0.00, real=0.00 secs] 
174.433: [GC (Allocation Failure) [PSYoungGen: 213825K->20480K(229376K)] 429889K->236544K(1015808K), 0.0019499 secs] [Times: user=0.00 sys=0.00, real=0.00 secs] 
177.273: [GC (Allocation Failure) [PSYoungGen: 213822K->10240K(229376K)] 532286K->328704K(1015808K), 0.0009753 secs] [Times: user=0.00 sys=0.00, real=0.00 secs] 
179.345: [GC (Allocation Failure) [PSYoungGen: 193352K->30720K(229376K)] 614216K->502784K(1015808K), 0.0058204 secs] [Times: user=0.00 sys=0.00, real=0.01 secs] 
181.418: [GC (Allocation Failure) [PSYoungGen: 225103K->6144K(229376K)] 799567K->580608K(1015808K), 0.0017467 secs] [Times: user=0.00 sys=0.00, real=0.00 secs] 
183.604: [GC (Allocation Failure) [PSYoungGen: 194388K->27648K(229376K)] 871252K->714752K(1015808K), 0.0030583 secs] [Times: user=0.00 sys=0.00, real=0.00 secs] 
184.910: [GC (Allocation Failure) [PSYoungGen: 210774K->20480K(229376K)] 897879K->707584K(1015808K), 0.0020217 secs] [Times: user=0.00 sys=0.00, real=0.00 secs] 
185.780: [GC (Allocation Failure) [PSYoungGen: 213834K->20480K(229376K)] 900938K->707584K(1015808K), 0.0023210 secs] [Times: user=0.00 sys=0.00, real=0.00 secs] 
186.541: [GC (Allocation Failure) [PSYoungGen: 131907K->15360K(229376K)] 819011K->774144K(1015808K), 0.0068510 secs] [Times: user=0.00 sys=0.00, real=0.01 secs] 
186.548: [Full GC (Ergonomics) [PSYoungGen: 15360K->0K(229376K)] [ParOldGen: 758784K->87569K(786432K)] 774144K->87569K(1015808K), [Metaspace: 2796K->2796K(1056768K)], 0.0083181 secs] [Times: user=0.00 sys=0.00, real=0.01 secs] 
187.862: [GC (Allocation Failure) [PSYoungGen: 177973K->25600K(229376K)] 265542K->113169K(1015808K), 0.0022477 secs] [Times: user=0.00 sys=0.00, real=0.00 secs] 
190.260: [GC (Allocation Failure) [PSYoungGen: 218916K->15360K(229376K)] 408886K->205329K(1015808K), 0.0012155 secs] [Times: user=0.00 sys=0.00, real=0.00 secs] 
193.420: [GC (Allocation Failure) [PSYoungGen: 199480K->21536K(229376K)] 491849K->313905K(1015808K), 0.0017554 secs] [Times: user=0.00 sys=0.00, real=0.00 secs] 
194.292: [GC (Allocation Failure) [PSYoungGen: 214884K->21568K(229376K)] 507254K->313937K(1015808K), 0.0019044 secs] [Times: user=0.00 sys=0.00, real=0.00 secs] 
196.363: [GC (Allocation Failure) [PSYoungGen: 173959K->20512K(229376K)] 568728K->435761K(1015808K), 0.0022748 secs] [Times: user=0.00 sys=0.00, real=0.00 secs] 
197.456: [GC (Allocation Failure) [PSYoungGen: 208750K->10272K(229376K)] 624000K->425521K(1015808K), 0.0013368 secs] [Times: user=0.00 sys=0.00, real=0.00 secs] 
199.206: [GC (Allocation Failure) [PSYoungGen: 178021K->30816K(229376K)] 695671K->599665K(1015808K), 0.0060585 secs] [Times: user=0.00 sys=0.00, real=0.01 secs] 
200.520: [GC (Allocation Failure) [PSYoungGen: 224173K->15424K(229376K)] 793023K->584273K(1015808K), 0.0015557 secs] [Times: user=0.00 sys=0.00, real=0.00 secs] 
201.392: [GC (Allocation Failure) [PSYoungGen: 208773K->11296K(229376K)] 777622K->580145K(1015808K), 0.0012444 secs] [Times: user=0.00 sys=0.00, real=0.00 secs] 
204.664: [GC (Allocation Failure) [PSYoungGen: 204625K->15392K(229376K)] 875875K->686641K(1015808K), 0.0015330 secs] [Times: user=0.00 sys=0.00, real=0.00 secs] 
205.428: [GC (Allocation Failure) [PSYoungGen: 208736K->20544K(229376K)] 879986K->691793K(1015808K), 0.0017757 secs] [Times: user=0.00 sys=0.00, real=0.00 secs] 
207.714: [Full GC (Ergonomics) [PSYoungGen: 178052K->0K(229376K)] [ParOldGen: 773649K->21504K(786432K)] 951702K->21504K(1015808K), [Metaspace: 2796K->2796K(1056768K)], 0.0036037 secs] [Times: user=0.00 sys=0.00, real=0.00 secs] 
208.801: [GC (Allocation Failure) [PSYoungGen: 188236K->10240K(229376K)] 209741K->82944K(1015808K), 0.0050075 secs] [Times: user=0.00 sys=0.00, real=0.00 secs] 
210.548: [GC (Allocation Failure) [PSYoungGen: 177988K->30720K(229376K)] 353093K->205824K(1015808K), 0.0026818 secs] [Times: user=0.00 sys=0.00, real=0.00 secs] 
211.856: [GC (Allocation Failure) [PSYoungGen: 218956K->15360K(229376K)] 394061K->190464K(1015808K), 0.0014233 secs] [Times: user=0.00 sys=0.00, real=0.00 secs] 
212.728: [GC (Allocation Failure) [PSYoungGen: 208708K->11264K(229376K)] 383813K->186368K(1015808K), 0.0009749 secs] [Times: user=0.00 sys=0.00, real=0.00 secs] 
215.889: [GC (Allocation Failure) [PSYoungGen: 204600K->10240K(229376K)] 482105K->287744K(1015808K), 0.0010600 secs] [Times: user=0.00 sys=0.00, real=0.00 secs] 
217.627: [GC (Allocation Failure) [PSYoungGen: 177989K->30720K(229376K)] 557893K->431104K(1015808K), 0.0034318 secs] [Times: user=0.00 sys=0.00, real=0.00 secs] 
Heap
 PSYoungGen      total 229376K, used 212649K [0x00000000f0000000, 0x0000000100000000, 0x0000000100000000)
  eden space 196608K, 92% used [0x00000000f0000000,0x00000000fb1aa688,0x00000000fc000000)
  from space 32768K, 93% used [0x00000000fe000000,0x00000000ffe00030,0x0000000100000000)
  to   space 32768K, 0% used [0x00000000fc000000,0x00000000fc000000,0x00000000fe000000)
 ParOldGen       total 786432K, used 400384K [0x00000000c0000000, 0x00000000f0000000, 0x00000000f0000000)
  object space 786432K, 50% used [0x00000000c0000000,0x00000000d87001f8,0x00000000f0000000)
 Metaspace       used 2804K, capacity 4486K, committed 4864K, reserved 1056768K
  class space    used 297K, capacity 386K, committed 512K, reserved 1048576K
