Java HotSpot(TM) 64-Bit Server VM (25.411-b09) for windows-amd64 JRE (1.8.0_411-b09), built on Mar 13 2024 07:26:13 by "java_re" with MS VC++ 17.1 (VS2022)
Memory: 4k page, physical 33403376k(14216224k free), swap 37876016k(5997412k free)
CommandLine flags: -XX:InitialHeapSize=1073741824 -XX:MaxHeapSize=1073741824 -XX:NewRatio=1 -XX:ParallelGCThreads=6 -XX:+PrintGC -XX:+PrintGCDetails -XX:+PrintGCTimeStamps -XX:-UseAdaptiveSizePolicy -XX:+UseCompressedClassPointers -XX:+UseCompressedOops -XX:-UseLargePagesIndividualAllocation -XX:+UseParallelGC 
2.857: [GC (Allocation Failure) [PSYoungGen: 363888K->63176K(458752K)] 363888K->63184K(983040K), 0.0171205 secs] [Times: user=0.00 sys=0.00, real=0.02 secs] 
6.362: [GC (Allocation Failure) [PSYoungGen: 452822K->26304K(458752K)] 452830K->26312K(983040K), 0.0050622 secs] [Times: user=0.00 sys=0.00, real=0.01 secs] 
8.537: [GC (Allocation Failure) [PSYoungGen: 329810K->51832K(458752K)] 329818K->103048K(983040K), 0.0165954 secs] [Times: user=0.02 sys=0.00, real=0.02 secs] 
11.169: [GC (Allocation Failure) [PSYoungGen: 435379K->21120K(458752K)] 486595K->225944K(983040K), 0.0458162 secs] [Times: user=0.03 sys=0.00, real=0.05 secs] 
13.282: [GC (Allocation Failure) [PSYoungGen: 411358K->11864K(458752K)] 616182K->216696K(983040K), 0.0013764 secs] [Times: user=0.00 sys=0.00, real=0.00 secs] 
16.979: [GC (Allocation Failure) [PSYoungGen: 357570K->46712K(458752K)] 562402K->251544K(983040K), 0.0159595 secs] [Times: user=0.00 sys=0.00, real=0.02 secs] 
18.956: [GC (Allocation Failure) [PSYoungGen: 435449K->62040K(458752K)] 640281K->292480K(983040K), 0.0157775 secs] [Times: user=0.00 sys=0.00, real=0.02 secs] 
21.370: [GC (Allocation Failure) [PSYoungGen: 356584K->56920K(458752K)] 587024K->389760K(983040K), 0.0351388 secs] [Times: user=0.05 sys=0.02, real=0.03 secs] 
24.132: [GC (Allocation Failure) [PSYoungGen: 435440K->31320K(458752K)] 768280K->364160K(983040K), 0.0026870 secs] [Times: user=0.00 sys=0.00, real=0.00 secs] 
26.093: [GC (Allocation Failure) [PSYoungGen: 420086K->31320K(458752K)] 752926K->364160K(983040K), 0.0023871 secs] [Times: user=0.01 sys=0.00, real=0.00 secs] 
29.798: [GC (Allocation Failure) [PSYoungGen: 394104K->31352K(458752K)] 726944K->415400K(983040K), 0.0185241 secs] [Times: user=0.00 sys=0.02, real=0.02 secs] 
32.645: [GC (Allocation Failure) [PSYoungGen: 389393K->27192K(458752K)] 773441K->411240K(983040K), 0.0023710 secs] [Times: user=0.00 sys=0.00, real=0.00 secs] 
35.156: [GC (Allocation Failure) [PSYoungGen: 415959K->5720K(458752K)] 800007K->389768K(983040K), 0.0013285 secs] [Times: user=0.00 sys=0.00, real=0.00 secs] 
37.005: [GC (Allocation Failure) [PSYoungGen: 325883K->36440K(458752K)] 709931K->471688K(983040K), 0.0169367 secs] [Times: user=0.00 sys=0.00, real=0.02 secs] 
37.022: [Full GC (Ergonomics) [PSYoungGen: 36440K->0K(458752K)] [ParOldGen: 435248K->87569K(524288K)] 471688K->87569K(983040K), [Metaspace: 2793K->2793K(1056768K)], 0.0118657 secs] [Times: user=0.00 sys=0.00, real=0.01 secs] 
39.869: [GC (Allocation Failure) [PSYoungGen: 340645K->56320K(458752K)] 428214K->143889K(983040K), 0.0045438 secs] [Times: user=0.00 sys=0.00, real=0.00 secs] 
43.580: [GC (Allocation Failure) [PSYoungGen: 447084K->6144K(458752K)] 534654K->93713K(983040K), 0.0009448 secs] [Times: user=0.00 sys=0.00, real=0.00 secs] 
45.548: [GC (Allocation Failure) [PSYoungGen: 331394K->26624K(458752K)] 418964K->165393K(983040K), 0.0069743 secs] [Times: user=0.00 sys=0.00, real=0.01 secs] 
48.284: [GC (Allocation Failure) [PSYoungGen: 400016K->46080K(458752K)] 538785K->184849K(983040K), 0.0041008 secs] [Times: user=0.00 sys=0.00, real=0.00 secs] 
50.682: [GC (Allocation Failure) [PSYoungGen: 437913K->10240K(458752K)] 576683K->149009K(983040K), 0.0008661 secs] [Times: user=0.00 sys=0.00, real=0.00 secs] 
52.646: [GC (Allocation Failure) [PSYoungGen: 335519K->62464K(458752K)] 474289K->201233K(983040K), 0.0153531 secs] [Times: user=0.00 sys=0.00, real=0.02 secs] 
56.148: [GC (Allocation Failure) [PSYoungGen: 452259K->25600K(458752K)] 591028K->164369K(983040K), 0.0020656 secs] [Times: user=0.00 sys=0.00, real=0.00 secs] 
58.334: [GC (Allocation Failure) [PSYoungGen: 325285K->51200K(458752K)] 464055K->241169K(983040K), 0.0049609 secs] [Times: user=0.00 sys=0.00, real=0.00 secs] 
60.965: [GC (Allocation Failure) [PSYoungGen: 434854K->20480K(458752K)] 624823K->312849K(983040K), 0.0154084 secs] [Times: user=0.02 sys=0.00, real=0.02 secs] 
63.159: [GC (Allocation Failure) [PSYoungGen: 413351K->11264K(458752K)] 705721K->303633K(983040K), 0.0012270 secs] [Times: user=0.00 sys=0.00, real=0.00 secs] 
66.863: [GC (Allocation Failure) [PSYoungGen: 403113K->25600K(458752K)] 695482K->369169K(983040K), 0.0060889 secs] [Times: user=0.00 sys=0.00, real=0.01 secs] 
69.610: [GC (Allocation Failure) [PSYoungGen: 378537K->5120K(458752K)] 722107K->348689K(983040K), 0.0010543 secs] [Times: user=0.00 sys=0.00, real=0.00 secs] 
71.570: [GC (Allocation Failure) [PSYoungGen: 393897K->11264K(458752K)] 737467K->457233K(983040K), 0.0152318 secs] [Times: user=0.00 sys=0.00, real=0.02 secs] 
71.585: [Full GC (Ergonomics) [PSYoungGen: 11264K->0K(458752K)] [ParOldGen: 445969K->114193K(524288K)] 457233K->114193K(983040K), [Metaspace: 2796K->2796K(1056768K)], 0.0099002 secs] [Times: user=0.00 sys=0.00, real=0.01 secs] 
73.999: [GC (Allocation Failure) [PSYoungGen: 320170K->61440K(458752K)] 434363K->175633K(983040K), 0.0047660 secs] [Times: user=0.01 sys=0.00, real=0.00 secs] 
76.610: [GC (Allocation Failure) [PSYoungGen: 445035K->40960K(458752K)] 559229K->155153K(983040K), 0.0028783 secs] [Times: user=0.00 sys=0.00, real=0.00 secs] 
79.666: [GC (Allocation Failure) [PSYoungGen: 407170K->61440K(458752K)] 521363K->226833K(983040K), 0.0160444 secs] [Times: user=0.02 sys=0.00, real=0.02 secs] 
82.521: [GC (Allocation Failure) [PSYoungGen: 419472K->57344K(458752K)] 584865K->222737K(983040K), 0.0044701 secs] [Times: user=0.00 sys=0.00, real=0.00 secs] 
85.248: [GC (Allocation Failure) [PSYoungGen: 435865K->30720K(458752K)] 601259K->196113K(983040K), 0.0030343 secs] [Times: user=0.00 sys=0.00, real=0.00 secs] 
87.212: [GC (Allocation Failure) [PSYoungGen: 419487K->40960K(458752K)] 584881K->206353K(983040K), 0.0030955 secs] [Times: user=0.00 sys=0.00, real=0.00 secs] 
90.810: [GC (Allocation Failure) [PSYoungGen: 427683K->20480K(458752K)] 593077K->288273K(983040K), 0.0158246 secs] [Times: user=0.02 sys=0.00, real=0.01 secs] 
93.877: [GC (Allocation Failure) [PSYoungGen: 352934K->62464K(458752K)] 620727K->330257K(983040K), 0.0046873 secs] [Times: user=0.00 sys=0.00, real=0.00 secs] 
96.602: [GC (Allocation Failure) [PSYoungGen: 435879K->40960K(458752K)] 703672K->308753K(983040K), 0.0023721 secs] [Times: user=0.00 sys=0.00, real=0.00 secs] 
98.568: [GC (Allocation Failure) [PSYoungGen: 429736K->30720K(458752K)] 697529K->349713K(983040K), 0.0057331 secs] [Times: user=0.00 sys=0.00, real=0.01 secs] 
100.965: [GC (Allocation Failure) [PSYoungGen: 361129K->56320K(458752K)] 680122K->375313K(983040K), 0.0045209 secs] [Times: user=0.00 sys=0.00, real=0.00 secs] 
104.456: [GC (Allocation Failure) [PSYoungGen: 446121K->10240K(458752K)] 765114K->329233K(983040K), 0.0013062 secs] [Times: user=0.00 sys=0.00, real=0.00 secs] 
106.636: [GC (Allocation Failure) [PSYoungGen: 345755K->40960K(458752K)] 664748K->411153K(983040K), 0.0157810 secs] [Times: user=0.02 sys=0.00, real=0.02 secs] 
109.372: [GC (Allocation Failure) [PSYoungGen: 409248K->56320K(458752K)] 779441K->446993K(983040K), 0.0054219 secs] [Times: user=0.00 sys=0.00, real=0.00 secs] 
111.884: [GC (Allocation Failure) [PSYoungGen: 449187K->10240K(458752K)] 839861K->400913K(983040K), 0.0009755 secs] [Times: user=0.00 sys=0.00, real=0.00 secs] 
113.743: [GC (Allocation Failure) [PSYoungGen: 330406K->62464K(458752K)] 721079K->458257K(983040K), 0.0058433 secs] [Times: user=0.00 sys=0.00, real=0.01 secs] 
117.026: [GC (Allocation Failure) [PSYoungGen: 451239K->30720K(458752K)] 847032K->426513K(983040K), 0.0027956 secs] [Times: user=0.00 sys=0.00, real=0.00 secs] 
119.429: [GC (Allocation Failure) [PSYoungGen: 325288K->51200K(458752K)] 721081K->446993K(983040K), 0.0043657 secs] [Times: user=0.00 sys=0.00, real=0.00 secs] 
122.061: [GC (Allocation Failure) [PSYoungGen: 434855K->21504K(458752K)] 830649K->519697K(983040K), 0.0309807 secs] [Times: user=0.03 sys=0.00, real=0.03 secs] 
122.092: [Full GC (Ergonomics) [PSYoungGen: 21504K->0K(458752K)] [ParOldGen: 498193K->124433K(524288K)] 519697K->124433K(983040K), [Metaspace: 2796K->2796K(1056768K)], 0.0107757 secs] [Times: user=0.02 sys=0.00, real=0.01 secs] 
124.288: [GC (Allocation Failure) [PSYoungGen: 388776K->20480K(458752K)] 513210K->144913K(983040K), 0.0016920 secs] [Times: user=0.00 sys=0.00, real=0.00 secs] 
127.882: [GC (Allocation Failure) [PSYoungGen: 376438K->25600K(458752K)] 500872K->150033K(983040K), 0.0021817 secs] [Times: user=0.00 sys=0.00, real=0.00 secs] 
129.847: [GC (Allocation Failure) [PSYoungGen: 414345K->61440K(458752K)] 538778K->293393K(983040K), 0.0159202 secs] [Times: user=0.00 sys=0.00, real=0.02 secs] 
133.237: [GC (Allocation Failure) [PSYoungGen: 445077K->12288K(458752K)] 677030K->244241K(983040K), 0.0012747 secs] [Times: user=0.00 sys=0.00, real=0.00 secs] 
135.091: [GC (Allocation Failure) [PSYoungGen: 306844K->61440K(458752K)] 538798K->293393K(983040K), 0.0050433 secs] [Times: user=0.00 sys=0.00, real=0.01 secs] 
137.684: [GC (Allocation Failure) [PSYoungGen: 445088K->51200K(458752K)] 677041K->283153K(983040K), 0.0033582 secs] [Times: user=0.00 sys=0.00, real=0.00 secs] 
140.613: [GC (Allocation Failure) [PSYoungGen: 412324K->30720K(458752K)] 644277K->365073K(983040K), 0.0156958 secs] [Times: user=0.00 sys=0.00, real=0.02 secs] 
143.570: [GC (Allocation Failure) [PSYoungGen: 342694K->62464K(458752K)] 677047K->396817K(983040K), 0.0048425 secs] [Times: user=0.00 sys=0.00, real=0.00 secs] 
146.294: [GC (Allocation Failure) [PSYoungGen: 435878K->40960K(458752K)] 770232K->375313K(983040K), 0.0022683 secs] [Times: user=0.00 sys=0.00, real=0.00 secs] 
148.254: [GC (Allocation Failure) [PSYoungGen: 429736K->61440K(458752K)] 764089K->416273K(983040K), 0.0057920 secs] [Times: user=0.00 sys=0.00, real=0.01 secs] 
150.651: [GC (Allocation Failure) [PSYoungGen: 391849K->56320K(458752K)] 746682K->411153K(983040K), 0.0049527 secs] [Times: user=0.00 sys=0.00, real=0.01 secs] 
154.150: [GC (Allocation Failure) [PSYoungGen: 446121K->10240K(458752K)] 800954K->365073K(983040K), 0.0011399 secs] [Times: user=0.00 sys=0.00, real=0.00 secs] 
156.336: [GC (Allocation Failure) [PSYoungGen: 345755K->40960K(458752K)] 700588K->446993K(983040K), 0.0067617 secs] [Times: user=0.00 sys=0.00, real=0.01 secs] 
156.343: [Full GC (Ergonomics) [PSYoungGen: 40960K->0K(458752K)] [ParOldGen: 406033K->92689K(524288K)] 446993K->92689K(983040K), [Metaspace: 2796K->2796K(1056768K)], 0.0077789 secs] [Times: user=0.00 sys=0.00, real=0.01 secs] 
159.076: [GC (Allocation Failure) [PSYoungGen: 368288K->56320K(458752K)] 460977K->169489K(983040K), 0.0158669 secs] [Times: user=0.01 sys=0.00, real=0.01 secs] 
161.603: [GC (Allocation Failure) [PSYoungGen: 449134K->10240K(458752K)] 562303K->123409K(983040K), 0.0009122 secs] [Times: user=0.00 sys=0.00, real=0.00 secs] 
163.457: [GC (Allocation Failure) [PSYoungGen: 330371K->57344K(458752K)] 443541K->180753K(983040K), 0.0051212 secs] [Times: user=0.00 sys=0.00, real=0.00 secs] 
166.730: [GC (Allocation Failure) [PSYoungGen: 446097K->30720K(458752K)] 569506K->154129K(983040K), 0.0034155 secs] [Times: user=0.00 sys=0.00, real=0.00 secs] 
169.121: [GC (Allocation Failure) [PSYoungGen: 325274K->51200K(458752K)] 448683K->174609K(983040K), 0.0042924 secs] [Times: user=0.00 sys=0.00, real=0.01 secs] 
171.735: [GC (Allocation Failure) [PSYoungGen: 434846K->21504K(458752K)] 558256K->247313K(983040K), 0.0155268 secs] [Times: user=0.00 sys=0.00, real=0.02 secs] 
173.926: [GC (Allocation Failure) [PSYoungGen: 410275K->20480K(458752K)] 636084K->246289K(983040K), 0.0015531 secs] [Times: user=0.00 sys=0.00, real=0.00 secs] 
177.514: [GC (Allocation Failure) [PSYoungGen: 376486K->25600K(458752K)] 602295K->251409K(983040K), 0.0023604 secs] [Times: user=0.00 sys=0.00, real=0.00 secs] 
179.479: [GC (Allocation Failure) [PSYoungGen: 414375K->61440K(458752K)] 640184K->394769K(983040K), 0.0152265 secs] [Times: user=0.00 sys=0.00, real=0.02 secs] 
182.878: [GC (Allocation Failure) [PSYoungGen: 445096K->12288K(458752K)] 778426K->345617K(983040K), 0.0013242 secs] [Times: user=0.00 sys=0.00, real=0.00 secs] 
184.733: [GC (Allocation Failure) [PSYoungGen: 306857K->61440K(458752K)] 640186K->394769K(983040K), 0.0057556 secs] [Times: user=0.02 sys=0.00, real=0.01 secs] 
187.362: [GC (Allocation Failure) [PSYoungGen: 445096K->51200K(458752K)] 778426K->384529K(983040K), 0.0047437 secs] [Times: user=0.00 sys=0.00, real=0.00 secs] 
190.302: [GC (Allocation Failure) [PSYoungGen: 412329K->30720K(458752K)] 745658K->466449K(983040K), 0.0163140 secs] [Times: user=0.00 sys=0.00, real=0.02 secs] 
190.318: [Full GC (Ergonomics) [PSYoungGen: 30720K->0K(458752K)] [ParOldGen: 435729K->133649K(524288K)] 466449K->133649K(983040K), [Metaspace: 2796K->2796K(1056768K)], 0.0109038 secs] [Times: user=0.00 sys=0.00, real=0.01 secs] 
193.274: [GC (Allocation Failure) [PSYoungGen: 311977K->62496K(458752K)] 445626K->196145K(983040K), 0.0049695 secs] [Times: user=0.00 sys=0.00, real=0.00 secs] 
196.005: [GC (Allocation Failure) [PSYoungGen: 435849K->40992K(458752K)] 569498K->174641K(983040K), 0.0029513 secs] [Times: user=0.00 sys=0.00, real=0.00 secs] 
197.964: [GC (Allocation Failure) [PSYoungGen: 429728K->61472K(458752K)] 563378K->215601K(983040K), 0.0060550 secs] [Times: user=0.00 sys=0.00, real=0.01 secs] 
200.360: [GC (Allocation Failure) [PSYoungGen: 391855K->56352K(458752K)] 545985K->210481K(983040K), 0.0057305 secs] [Times: user=0.00 sys=0.00, real=0.01 secs] 
203.853: [GC (Allocation Failure) [PSYoungGen: 446136K->10272K(458752K)] 600266K->164401K(983040K), 0.0009747 secs] [Times: user=0.00 sys=0.00, real=0.00 secs] 
206.040: [GC (Allocation Failure) [PSYoungGen: 345776K->61472K(458752K)] 499906K->246321K(983040K), 0.0154040 secs] [Times: user=0.00 sys=0.00, real=0.01 secs] 
208.780: [GC (Allocation Failure) [PSYoungGen: 429753K->25632K(458752K)] 614602K->261681K(983040K), 0.0058678 secs] [Times: user=0.00 sys=0.00, real=0.01 secs] 
211.288: [GC (Allocation Failure) [PSYoungGen: 418495K->10272K(458752K)] 654544K->246321K(983040K), 0.0010799 secs] [Times: user=0.00 sys=0.00, real=0.00 secs] 
213.148: [GC (Allocation Failure) [PSYoungGen: 330435K->16416K(458752K)] 566485K->303665K(983040K), 0.0052011 secs] [Times: user=0.00 sys=0.00, real=0.01 secs] 
216.434: [GC (Allocation Failure) [PSYoungGen: 405189K->30752K(458752K)] 692438K->318001K(983040K), 0.0024435 secs] [Times: user=0.00 sys=0.00, real=0.00 secs] 
Heap
 PSYoungGen      total 458752K, used 281983K [0x00000000e0000000, 0x0000000100000000, 0x0000000100000000)
  eden space 393216K, 63% used [0x00000000e0000000,0x00000000ef557f88,0x00000000f8000000)
  from space 65536K, 46% used [0x00000000fc000000,0x00000000fde08030,0x0000000100000000)
  to   space 65536K, 0% used [0x00000000f8000000,0x00000000f8000000,0x00000000fc000000)
 ParOldGen       total 524288K, used 287249K [0x00000000c0000000, 0x00000000e0000000, 0x00000000e0000000)
  object space 524288K, 54% used [0x00000000c0000000,0x00000000d18845d8,0x00000000e0000000)
 Metaspace       used 2804K, capacity 4486K, committed 4864K, reserved 1056768K
  class space    used 297K, capacity 386K, committed 512K, reserved 1048576K
