Java HotSpot(TM) 64-Bit Server VM (25.411-b09) for windows-amd64 JRE (1.8.0_411-b09), built on Mar 13 2024 07:26:13 by "java_re" with MS VC++ 17.1 (VS2022)
Memory: 4k page, physical 33403376k(10308188k free), swap 39274048k(7351928k free)
CommandLine flags: -XX:InitialHeapSize=2147483648 -XX:MaxHeapSize=2147483648 -XX:NewRatio=1 -XX:ParallelGCThreads=10 -XX:+PrintGC -XX:+PrintGCDetails -XX:+PrintGCTimeStamps -XX:SurvivorRatio=6 -XX:+UseCompressedClassPointers -XX:+UseCompressedOops -XX:-UseLargePagesIndividualAllocation -XX:+UseParallelGC 
6.828: [GC (Allocation Failure) [PSYoungGen: 784098K->31536K(917504K)] 784098K->31544K(1966080K), 0.0055961 secs] [Times: user=0.00 sys=0.00, real=0.01 secs] 
11.349: [GC (Allocation Failure) [PSYoungGen: 772744K->113392K(917504K)] 772752K->215808K(1966080K), 0.0469966 secs] [Times: user=0.11 sys=0.03, real=0.05 secs] 
17.025: [GC (Allocation Failure) [PSYoungGen: 835624K->77504K(917504K)] 938040K->179928K(1966080K), 0.0158469 secs] [Times: user=0.02 sys=0.00, real=0.02 secs] 
22.333: [GC (Allocation Failure) [PSYoungGen: 857039K->124656K(917504K)] 959463K->227088K(1966080K), 0.0154745 secs] [Times: user=0.02 sys=0.00, real=0.01 secs] 
28.156: [GC (Allocation Failure) [PSYoungGen: 887512K->26368K(917504K)] 989944K->128808K(1966080K), 0.0026963 secs] [Times: user=0.00 sys=0.00, real=0.00 secs] 
33.591: [GC (Allocation Failure) [PSYoungGen: 811166K->28384K(917504K)] 913606K->130832K(1966080K), 0.0023068 secs] [Times: user=0.00 sys=0.00, real=0.00 secs] 
39.293: [GC (Allocation Failure) [PSYoungGen: 813632K->15488K(917504K)] 916080K->118560K(1966080K), 0.0015881 secs] [Times: user=0.00 sys=0.00, real=0.00 secs] 
44.997: [GC (Allocation Failure) [PSYoungGen: 754518K->47168K(917504K)] 857590K->150264K(1966080K), 0.0042473 secs] [Times: user=0.01 sys=0.00, real=0.00 secs] 
49.300: [GC (Allocation Failure) [PSYoungGen: 755481K->128000K(917504K)] 858577K->236232K(1966080K), 0.0310270 secs] [Times: user=0.03 sys=0.02, real=0.03 secs] 
54.929: [GC (Allocation Failure) [PSYoungGen: 835075K->66560K(917504K)] 943307K->174792K(1966080K), 0.0060200 secs] [Times: user=0.00 sys=0.00, real=0.01 secs] 
60.109: [GC (Allocation Failure) [PSYoungGen: 848377K->66560K(917504K)] 956610K->277192K(1966080K), 0.0372181 secs] [Times: user=0.06 sys=0.02, real=0.04 secs] 
66.083: [GC (Allocation Failure) [PSYoungGen: 819493K->46080K(917504K)] 1030126K->256712K(1966080K), 0.0039126 secs] [Times: user=0.02 sys=0.00, real=0.00 secs] 
70.385: [GC (Allocation Failure) [PSYoungGen: 733800K->56320K(917504K)] 944432K->369352K(1966080K), 0.0388185 secs] [Times: user=0.09 sys=0.00, real=0.04 secs] 
75.395: [GC (Allocation Failure) [PSYoungGen: 841354K->35840K(917504K)] 1154387K->348872K(1966080K), 0.0032545 secs] [Times: user=0.02 sys=0.00, real=0.00 secs] 
81.643: [GC (Allocation Failure) [PSYoungGen: 796002K->57344K(917504K)] 1109034K->370376K(1966080K), 0.0060994 secs] [Times: user=0.02 sys=0.00, real=0.01 secs] 
86.613: [GC (Allocation Failure) [PSYoungGen: 842467K->46080K(927744K)] 1155499K->359112K(1976320K), 0.0044417 secs] [Times: user=0.00 sys=0.00, real=0.00 secs] 
92.857: [GC (Allocation Failure) [PSYoungGen: 749118K->62464K(923648K)] 1062150K->375496K(1972224K), 0.0062058 secs] [Times: user=0.02 sys=0.00, real=0.01 secs] 
98.142: [GC (Allocation Failure) [PSYoungGen: 859752K->92160K(919552K)] 1172785K->405192K(1968128K), 0.0087410 secs] [Times: user=0.00 sys=0.00, real=0.01 secs] 
104.078: [GC (Allocation Failure) [PSYoungGen: 881301K->66560K(926208K)] 1194333K->379592K(1974784K), 0.0077598 secs] [Times: user=0.00 sys=0.00, real=0.01 secs] 
109.474: [GC (Allocation Failure) [PSYoungGen: 869028K->71680K(932864K)] 1182060K->487112K(1981440K), 0.0432689 secs] [Times: user=0.09 sys=0.02, real=0.04 secs] 
115.329: [GC (Allocation Failure) [PSYoungGen: 855951K->76800K(930816K)] 1271383K->492232K(1979392K), 0.0080503 secs] [Times: user=0.00 sys=0.00, real=0.01 secs] 
120.833: [GC (Allocation Failure) [PSYoungGen: 884627K->31744K(931328K)] 1300059K->549576K(1979904K), 0.0449589 secs] [Times: user=0.03 sys=0.00, real=0.04 secs] 
126.580: [GC (Allocation Failure) [PSYoungGen: 806827K->107520K(903680K)] 1324659K->625352K(1952256K), 0.0085710 secs] [Times: user=0.00 sys=0.00, real=0.01 secs] 
132.094: [GC (Allocation Failure) [PSYoungGen: 868883K->37888K(920064K)] 1386716K->555720K(1968640K), 0.0041225 secs] [Times: user=0.00 sys=0.00, real=0.00 secs] 
137.703: [GC (Allocation Failure) [PSYoungGen: 807447K->25600K(922112K)] 1325279K->543432K(1970688K), 0.0027510 secs] [Times: user=0.00 sys=0.00, real=0.00 secs] 
143.421: [GC (Allocation Failure) [PSYoungGen: 792090K->77824K(922112K)] 1309922K->595656K(1970688K), 0.0067267 secs] [Times: user=0.00 sys=0.00, real=0.01 secs] 
148.824: [GC (Allocation Failure) [PSYoungGen: 867867K->15360K(811520K)] 1385700K->533192K(1860096K), 0.0021098 secs] [Times: user=0.00 sys=0.00, real=0.00 secs] 
154.528: [GC (Allocation Failure) [PSYoungGen: 760349K->61440K(926208K)] 1278181K->579272K(1974784K), 0.0046034 secs] [Times: user=0.01 sys=0.00, real=0.00 secs] 
158.844: [GC (Allocation Failure) [PSYoungGen: 759376K->112640K(911360K)] 1277208K->732872K(1959936K), 0.0462652 secs] [Times: user=0.08 sys=0.01, real=0.05 secs] 
164.495: [GC (Allocation Failure) [PSYoungGen: 824912K->76800K(917504K)] 1445144K->697032K(1966080K), 0.0070801 secs] [Times: user=0.03 sys=0.00, real=0.01 secs] 
169.790: [GC (Allocation Failure) [PSYoungGen: 853348K->123904K(917504K)] 1473581K->744136K(1966080K), 0.0141316 secs] [Times: user=0.02 sys=0.00, real=0.01 secs] 
175.614: [GC (Allocation Failure) [PSYoungGen: 877926K->25600K(917504K)] 1498159K->645832K(1966080K), 0.0033947 secs] [Times: user=0.00 sys=0.00, real=0.00 secs] 
181.011: [GC (Allocation Failure) [PSYoungGen: 807272K->27648K(917504K)] 1427504K->647880K(1966080K), 0.0033116 secs] [Times: user=0.00 sys=0.00, real=0.00 secs] 
186.712: [GC (Allocation Failure) [PSYoungGen: 807272K->15360K(917504K)] 1427505K->635592K(1966080K), 0.0022820 secs] [Times: user=0.00 sys=0.00, real=0.00 secs] 
192.415: [GC (Allocation Failure) [PSYoungGen: 750953K->47136K(917504K)] 1371185K->667368K(1966080K), 0.0046044 secs] [Times: user=0.00 sys=0.00, real=0.00 secs] 
196.727: [GC (Allocation Failure) [PSYoungGen: 749961K->128000K(917504K)] 1370193K->753360K(1966080K), 0.0116007 secs] [Times: user=0.00 sys=0.00, real=0.01 secs] 
202.332: [GC (Allocation Failure) [PSYoungGen: 834921K->66560K(917504K)] 1460281K->691920K(1966080K), 0.0086678 secs] [Times: user=0.00 sys=0.00, real=0.01 secs] 
207.499: [GC (Allocation Failure) [PSYoungGen: 848233K->66560K(917504K)] 1473593K->794320K(1966080K), 0.0469853 secs] [Times: user=0.05 sys=0.02, real=0.05 secs] 
213.453: [GC (Allocation Failure) [PSYoungGen: 819561K->46080K(917504K)] 1547322K->773840K(1966080K), 0.0036411 secs] [Times: user=0.00 sys=0.00, real=0.00 secs] 
217.982: [GC (Allocation Failure) [PSYoungGen: 831849K->109568K(917504K)] 1559610K->837328K(1966080K), 0.0157664 secs] [Times: user=0.02 sys=0.00, real=0.02 secs] 
224.567: [GC (Allocation Failure) [PSYoungGen: 885098K->15360K(917504K)] 1612858K->743120K(1966080K), 0.0030044 secs] [Times: user=0.00 sys=0.00, real=0.00 secs] 
229.742: [GC (Allocation Failure) [PSYoungGen: 797034K->12288K(917504K)] 1524794K->740048K(1966080K), 0.0024576 secs] [Times: user=0.02 sys=0.00, real=0.00 secs] 
235.571: [GC (Allocation Failure) [PSYoungGen: 791914K->10240K(917504K)] 1519674K->738000K(1966080K), 0.0028111 secs] [Times: user=0.00 sys=0.00, real=0.00 secs] 
241.508: [GC (Allocation Failure) [PSYoungGen: 766314K->47104K(917504K)] 1494074K->774864K(1966080K), 0.0045058 secs] [Times: user=0.00 sys=0.00, real=0.00 secs] 
245.813: [GC (Allocation Failure) [PSYoungGen: 749930K->81920K(917504K)] 1477690K->860880K(1966080K), 0.0306569 secs] [Times: user=0.06 sys=0.00, real=0.03 secs] 
251.467: [GC (Allocation Failure) [PSYoungGen: 788842K->66560K(917504K)] 1567802K->845520K(1966080K), 0.0073897 secs] [Times: user=0.00 sys=0.00, real=0.01 secs] 
256.659: [GC (Allocation Failure) [PSYoungGen: 848233K->66560K(917504K)] 1627194K->947920K(1966080K), 0.0383141 secs] [Times: user=0.03 sys=0.01, real=0.04 secs] 
262.623: [GC (Allocation Failure) [PSYoungGen: 819562K->46080K(921600K)] 1700922K->927440K(1970176K), 0.0042136 secs] [Times: user=0.01 sys=0.00, real=0.00 secs] 
267.263: [GC (Allocation Failure) [PSYoungGen: 832955K->109568K(917504K)] 1714316K->990928K(1966080K), 0.0154212 secs] [Times: user=0.03 sys=0.00, real=0.02 secs] 
273.760: [GC (Allocation Failure) [PSYoungGen: 884155K->15456K(917504K)] 1765516K->896816K(1966080K), 0.0030658 secs] [Times: user=0.00 sys=0.00, real=0.00 secs] 
278.935: [GC (Allocation Failure) [PSYoungGen: 797129K->12288K(917504K)] 1678489K->893680K(1966080K), 0.0030838 secs] [Times: user=0.02 sys=0.00, real=0.00 secs] 
284.760: [GC (Allocation Failure) [PSYoungGen: 791913K->10240K(917504K)] 1673306K->891632K(1966080K), 0.0030123 secs] [Times: user=0.00 sys=0.00, real=0.00 secs] 
290.700: [GC (Allocation Failure) [PSYoungGen: 766314K->47136K(917504K)] 1647706K->928528K(1966080K), 0.0045733 secs] [Times: user=0.00 sys=0.00, real=0.01 secs] 
295.015: [GC (Allocation Failure) [PSYoungGen: 749961K->128000K(914944K)] 1631354K->1014520K(1963520K), 0.0151962 secs] [Times: user=0.00 sys=0.00, real=0.02 secs] 
300.628: [GC (Allocation Failure) [PSYoungGen: 834921K->66560K(917504K)] 1721442K->953080K(1966080K), 0.0064375 secs] [Times: user=0.00 sys=0.00, real=0.01 secs] 
305.824: [GC (Allocation Failure) [PSYoungGen: 848233K->66560K(917504K)] 1734754K->1055480K(1966080K), 0.0388305 secs] [Times: user=0.06 sys=0.02, real=0.04 secs] 
305.863: [Full GC (Ergonomics) [PSYoungGen: 66560K->0K(917504K)] [ParOldGen: 988920K->169490K(1048576K)] 1055480K->169490K(1966080K), [Metaspace: 2796K->2796K(1056768K)], 0.0274000 secs] [Times: user=0.03 sys=0.02, real=0.03 secs] 
311.810: [GC (Allocation Failure) [PSYoungGen: 753002K->46080K(917504K)] 922492K->215570K(1966080K), 0.0031529 secs] [Times: user=0.00 sys=0.00, real=0.00 secs] 
316.337: [GC (Allocation Failure) [PSYoungGen: 832512K->109568K(917504K)] 1002002K->279058K(1966080K), 0.0155915 secs] [Times: user=0.02 sys=0.00, real=0.01 secs] 
322.919: [GC (Allocation Failure) [PSYoungGen: 885027K->15392K(917504K)] 1054518K->184882K(1966080K), 0.0023252 secs] [Times: user=0.01 sys=0.00, real=0.00 secs] 
Heap
 PSYoungGen      total 917504K, used 261735K [0x00000000c0000000, 0x0000000100000000, 0x0000000100000000)
  eden space 786432K, 31% used [0x00000000c0000000,0x00000000cf091d98,0x00000000f0000000)
  from space 131072K, 11% used [0x00000000f0000000,0x00000000f0f08020,0x00000000f8000000)
  to   space 131072K, 0% used [0x00000000f8000000,0x00000000f8000000,0x0000000100000000)
 ParOldGen       total 1048576K, used 169490K [0x0000000080000000, 0x00000000c0000000, 0x00000000c0000000)
  object space 1048576K, 16% used [0x0000000080000000,0x000000008a584b60,0x00000000c0000000)
 Metaspace       used 2804K, capacity 4486K, committed 4864K, reserved 1056768K
  class space    used 297K, capacity 386K, committed 512K, reserved 1048576K
