Java HotSpot(TM) 64-Bit Server VM (25.411-b09) for windows-amd64 JRE (1.8.0_411-b09), built on Mar 13 2024 07:26:13 by "java_re" with MS VC++ 17.1 (VS2022)
Memory: 4k page, physical 33403376k(12969656k free), swap 37262300k(5640856k free)
CommandLine flags: -XX:InitialHeapSize=1073741824 -XX:MaxHeapSize=1073741824 -XX:NewRatio=8 -XX:ParallelGCThreads=6 -XX:PretenureSizeThreshold=52428800 -XX:+PrintGC -XX:+PrintGCDetails -XX:+PrintGCTimeStamps -XX:SurvivorRatio=8 -XX:-UseAdaptiveSizePolicy -XX:+UseCompressedClassPointers -XX:+UseCompressedOops -XX:-UseLargePagesIndividualAllocation -XX:+UseParallelGC 
1.969: [GC (Allocation Failure) [PSYoungGen: 88740K->6840K(104960K)] 242340K->165568K(1037312K), 0.0026933 secs] [Times: user=0.00 sys=0.00, real=0.00 secs] 
3.763: [GC (Allocation Failure) [PSYoungGen: 96778K->7800K(104960K)] 409106K->325248K(1037312K), 0.0031136 secs] [Times: user=0.00 sys=0.00, real=0.00 secs] 
6.102: [GC (Allocation Failure) [PSYoungGen: 98762K->10840K(104960K)] 569810K->488032K(1037312K), 0.0031071 secs] [Times: user=0.00 sys=0.00, real=0.00 secs] 
8.450: [GC (Allocation Failure) [PSYoungGen: 101715K->5656K(104960K)] 732507K->636456K(1037312K), 0.0016948 secs] [Times: user=0.00 sys=0.00, real=0.00 secs] 
9.356: [GC (Allocation Failure) [PSYoungGen: 95594K->5720K(104960K)] 828794K->790128K(1037312K), 0.0164511 secs] [Times: user=0.00 sys=0.00, real=0.02 secs] 
10.152: [GC (Allocation Failure) [PSYoungGen: 63914K->5720K(104960K)] 899522K->841328K(1037312K), 0.0019676 secs] [Times: user=0.00 sys=0.00, real=0.00 secs] 
10.154: [GC (Allocation Failure) [PSYoungGen: 5720K->5720K(104960K)] 841328K->841328K(1037312K), 0.0025072 secs] [Times: user=0.00 sys=0.00, real=0.00 secs] 
10.156: [Full GC (Allocation Failure) [PSYoungGen: 5720K->0K(104960K)] [ParOldGen: 835608K->108048K(932352K)] 841328K->108048K(1037312K), [Metaspace: 2761K->2761K(1056768K)], 0.0178272 secs] [Times: user=0.00 sys=0.00, real=0.02 secs] 
12.586: [GC (Allocation Failure) [PSYoungGen: 85842K->10240K(104960K)] 449891K->374288K(1037312K), 0.0015063 secs] [Times: user=0.00 sys=0.00, real=0.00 secs] 
14.111: [GC (Allocation Failure) [PSYoungGen: 95667K->10272K(104960K)] 613316K->544313K(1037312K), 0.0019260 secs] [Times: user=0.00 sys=0.00, real=0.00 secs] 
14.875: [GC (Allocation Failure) [PSYoungGen: 100210K->10336K(104960K)] 736651K->646777K(1037312K), 0.0013920 secs] [Times: user=0.00 sys=0.00, real=0.00 secs] 
16.948: [GC (Allocation Failure) [PSYoungGen: 99250K->10336K(104960K)] 735691K->651897K(1037312K), 0.0016447 secs] [Times: user=0.00 sys=0.00, real=0.00 secs] 
17.709: [GC (Allocation Failure) [PSYoungGen: 100267K->5184K(104960K)] 844228K->769625K(1037312K), 0.0025296 secs] [Times: user=0.02 sys=0.00, real=0.00 secs] 
20.029: [Full GC (Ergonomics) [PSYoungGen: 95118K->0K(104960K)] [ParOldGen: 918041K->5649K(932352K)] 1013159K->5649K(1037312K), [Metaspace: 2770K->2770K(1056768K)], 0.0072023 secs] [Times: user=0.00 sys=0.00, real=0.01 secs] 
21.116: [GC (Allocation Failure) [PSYoungGen: 84815K->10240K(104960K)] 192864K->118289K(1037312K), 0.0011725 secs] [Times: user=0.00 sys=0.00, real=0.00 secs] 
22.646: [GC (Allocation Failure) [PSYoungGen: 95056K->10240K(104960K)] 356705K->283153K(1037312K), 0.0021432 secs] [Times: user=0.00 sys=0.00, real=0.00 secs] 
23.954: [GC (Allocation Failure) [PSYoungGen: 100176K->5120K(104960K)] 475490K->380433K(1037312K), 0.0007107 secs] [Times: user=0.00 sys=0.00, real=0.00 secs] 
25.479: [GC (Allocation Failure) [PSYoungGen: 89937K->10240K(104960K)] 618850K->554513K(1037312K), 0.0019837 secs] [Times: user=0.00 sys=0.00, real=0.00 secs] 
26.243: [GC (Allocation Failure) [PSYoungGen: 100177K->5120K(104960K)] 746850K->662033K(1037312K), 0.0018456 secs] [Times: user=0.00 sys=0.00, real=0.00 secs] 
28.095: [GC (Allocation Failure) [PSYoungGen: 94033K->10240K(104960K)] 750947K->667153K(1037312K), 0.0016228 secs] [Times: user=0.00 sys=0.00, real=0.00 secs] 
29.728: [GC (Allocation Failure) [PSYoungGen: 100567K->10272K(104960K)] 911080K->831033K(1037312K), 0.0017486 secs] [Times: user=0.00 sys=0.00, real=0.00 secs] 
30.492: [Full GC (Ergonomics) [PSYoungGen: 100205K->0K(104960K)] [ParOldGen: 923161K->169489K(932352K)] 1023367K->169489K(1037312K), [Metaspace: 2793K->2793K(1056768K)], 0.0147908 secs] [Times: user=0.00 sys=0.00, real=0.01 secs] 
32.690: [GC (Allocation Failure) [PSYoungGen: 74575K->6144K(104960K)] 346464K->288273K(1037312K), 0.0014174 secs] [Times: user=0.00 sys=0.00, real=0.00 secs] 
33.570: [GC (Allocation Failure) [PSYoungGen: 96080K->7168K(104960K)] 480609K->396817K(1037312K), 0.0012732 secs] [Times: user=0.00 sys=0.00, real=0.00 secs] 
35.535: [GC (Allocation Failure) [PSYoungGen: 91984K->10240K(104960K)] 635234K->563729K(1037312K), 0.0018876 secs] [Times: user=0.00 sys=0.00, real=0.00 secs] 
36.405: [GC (Allocation Failure) [PSYoungGen: 100177K->10240K(104960K)] 756066K->676369K(1037312K), 0.0018555 secs] [Times: user=0.00 sys=0.00, real=0.00 secs] 
38.152: [GC (Allocation Failure) [PSYoungGen: 100177K->10240K(104960K)] 919907K->855569K(1037312K), 0.0030382 secs] [Times: user=0.00 sys=0.00, real=0.00 secs] 
39.786: [Full GC (Ergonomics) [PSYoungGen: 94033K->0K(104960K)] [ParOldGen: 896529K->16384K(932352K)] 990563K->16384K(1037312K), [Metaspace: 2793K->2793K(1056768K)], 0.0040087 secs] [Times: user=0.00 sys=0.00, real=0.00 secs] 
40.660: [GC (Allocation Failure) [PSYoungGen: 89937K->5120K(104960K)] 208722K->123904K(1037312K), 0.0008949 secs] [Times: user=0.00 sys=0.00, real=0.00 secs] 
43.170: [GC (Allocation Failure) [PSYoungGen: 97106K->2048K(104960K)] 369490K->274432K(1037312K), 0.0007230 secs] [Times: user=0.00 sys=0.00, real=0.00 secs] 
44.912: [GC (Allocation Failure) [PSYoungGen: 91986K->6144K(104960K)] 517970K->447488K(1037312K), 0.0017024 secs] [Times: user=0.00 sys=0.00, real=0.00 secs] 
46.871: [GC (Allocation Failure) [PSYoungGen: 85842K->10240K(104960K)] 680786K->605184K(1037312K), 0.0014460 secs] [Times: user=0.00 sys=0.00, real=0.00 secs] 
47.745: [GC (Allocation Failure) [PSYoungGen: 100177K->5120K(104960K)] 797522K->722944K(1037312K), 0.0029376 secs] [Times: user=0.00 sys=0.00, real=0.00 secs] 
49.490: [GC (Allocation Failure) [PSYoungGen: 95058K->10240K(104960K)] 966482K->886784K(1037312K), 0.0022323 secs] [Times: user=0.00 sys=0.00, real=0.00 secs] 
49.927: [Full GC (Ergonomics) [PSYoungGen: 53073K->0K(104960K)] [ParOldGen: 927744K->133649K(932352K)] 980818K->133649K(1037312K), [Metaspace: 2795K->2795K(1056768K)], 0.0115063 secs] [Times: user=0.02 sys=0.00, real=0.01 secs] 
52.345: [GC (Allocation Failure) [PSYoungGen: 89938K->10240K(104960K)] 479587K->406033K(1037312K), 0.0012133 secs] [Times: user=0.00 sys=0.00, real=0.00 secs] 
54.639: [GC (Allocation Failure) [PSYoungGen: 101202K->10240K(104960K)] 650595K->559633K(1037312K), 0.0011564 secs] [Times: user=0.00 sys=0.00, real=0.00 secs] 
56.384: [GC (Allocation Failure) [PSYoungGen: 100178K->10240K(104960K)] 803171K->728593K(1037312K), 0.0022708 secs] [Times: user=0.00 sys=0.00, real=0.00 secs] 
58.462: [Full GC (Ergonomics) [PSYoungGen: 100178K->0K(104960K)] [ParOldGen: 923153K->51729K(932352K)] 1023331K->51729K(1037312K), [Metaspace: 2796K->2796K(1056768K)], 0.0061098 secs] [Times: user=0.00 sys=0.00, real=0.01 secs] 
60.550: [GC (Allocation Failure) [PSYoungGen: 91986K->10240K(104960K)] 399715K->317969K(1037312K), 0.0009094 secs] [Times: user=0.00 sys=0.00, real=0.00 secs] 
62.512: [GC (Allocation Failure) [PSYoungGen: 99154K->10240K(104960K)] 560483K->476689K(1037312K), 0.0017794 secs] [Times: user=0.00 sys=0.00, real=0.00 secs] 
63.385: [GC (Allocation Failure) [PSYoungGen: 100178K->6144K(104960K)] 669027K->574993K(1037312K), 0.0011662 secs] [Times: user=0.00 sys=0.00, real=0.00 secs] 
65.132: [GC (Allocation Failure) [PSYoungGen: 96082K->6144K(104960K)] 818531K->743953K(1037312K), 0.0017927 secs] [Times: user=0.02 sys=0.00, real=0.00 secs] 
66.778: [GC (Allocation Failure) [PSYoungGen: 79698K->10240K(104960K)] 817507K->753169K(1037312K), 0.0018663 secs] [Times: user=0.00 sys=0.00, real=0.00 secs] 
67.651: [GC (Allocation Failure) [PSYoungGen: 100170K->10240K(104960K)] 945499K->876049K(1037312K), 0.0026615 secs] [Times: user=0.00 sys=0.00, real=0.00 secs] 
68.418: [Full GC (Ergonomics) [PSYoungGen: 68429K->0K(104960K)] [ParOldGen: 917009K->82449K(932352K)] 985438K->82449K(1037312K), [Metaspace: 2796K->2796K(1056768K)], 0.0085570 secs] [Times: user=0.00 sys=0.00, real=0.01 secs] 
70.510: [GC (Allocation Failure) [PSYoungGen: 91982K->5120K(104960K)] 379232K->292369K(1037312K), 0.0007773 secs] [Times: user=0.00 sys=0.00, real=0.00 secs] 
72.254: [GC (Allocation Failure) [PSYoungGen: 95056K->10240K(104960K)] 535905K->457233K(1037312K), 0.0012912 secs] [Times: user=0.00 sys=0.00, real=0.00 secs] 
74.430: [GC (Allocation Failure) [PSYoungGen: 102224K->1024K(104960K)] 856418K->765457K(1037312K), 0.0013673 secs] [Times: user=0.00 sys=0.00, real=0.00 secs] 
76.172: [Full GC (Ergonomics) [PSYoungGen: 90961K->0K(104960K)] [ParOldGen: 918033K->36369K(932352K)] 1008994K->36369K(1037312K), [Metaspace: 2796K->2796K(1056768K)], 0.0046722 secs] [Times: user=0.00 sys=0.00, real=0.01 secs] 
77.916: [GC (Allocation Failure) [PSYoungGen: 83793K->10240K(104960K)] 120162K->46609K(1037312K), 0.0010590 secs] [Times: user=0.00 sys=0.00, real=0.00 secs] 
79.444: [GC (Allocation Failure) [PSYoungGen: 95051K->10240K(104960K)] 285020K->210449K(1037312K), 0.0017378 secs] [Times: user=0.01 sys=0.00, real=0.00 secs] 
80.209: [GC (Allocation Failure) [PSYoungGen: 100173K->5120K(104960K)] 402782K->307729K(1037312K), 0.0007353 secs] [Times: user=0.00 sys=0.00, real=0.00 secs] 
82.385: [GC (Allocation Failure) [PSYoungGen: 79695K->10240K(104960K)] 484704K->421393K(1037312K), 0.0017110 secs] [Times: user=0.00 sys=0.00, real=0.00 secs] 
83.260: [GC (Allocation Failure) [PSYoungGen: 100176K->6144K(104960K)] 613729K->519697K(1037312K), 0.0010531 secs] [Times: user=0.00 sys=0.00, real=0.00 secs] 
85.230: [GC (Allocation Failure) [PSYoungGen: 90960K->10240K(104960K)] 758114K->687633K(1037312K), 0.0016142 secs] [Times: user=0.00 sys=0.00, real=0.00 secs] 
86.102: [GC (Allocation Failure) [PSYoungGen: 100177K->10240K(104960K)] 879970K->800273K(1037312K), 0.0017810 secs] [Times: user=0.00 sys=0.00, real=0.00 secs] 
86.866: [GC (Allocation Failure) [PSYoungGen: 68433K->5120K(104960K)] 909667K->866833K(1037312K), 0.0024794 secs] [Times: user=0.05 sys=0.00, real=0.00 secs] 
86.869: [GC (Allocation Failure) [PSYoungGen: 5120K->5120K(104960K)] 866833K->866833K(1037312K), 0.0012863 secs] [Times: user=0.00 sys=0.00, real=0.00 secs] 
86.870: [Full GC (Allocation Failure) [PSYoungGen: 5120K->0K(104960K)] [ParOldGen: 861713K->87569K(932352K)] 866833K->87569K(1037312K), [Metaspace: 2796K->2796K(1056768K)], 0.0078753 secs] [Times: user=0.00 sys=0.00, real=0.01 secs] 
89.174: [GC (Allocation Failure) [PSYoungGen: 89937K->10240K(104960K)] 331107K->251409K(1037312K), 0.0010555 secs] [Times: user=0.00 sys=0.00, real=0.00 secs] 
90.813: [GC (Allocation Failure) [PSYoungGen: 100177K->10240K(104960K)] 494947K->415249K(1037312K), 0.0018506 secs] [Times: user=0.00 sys=0.00, real=0.00 secs] 
91.575: [GC (Allocation Failure) [PSYoungGen: 100177K->6144K(104960K)] 607587K->513553K(1037312K), 0.0009168 secs] [Times: user=0.00 sys=0.00, real=0.00 secs] 
93.756: [GC (Allocation Failure) [PSYoungGen: 85842K->10240K(104960K)] 593251K->528913K(1037312K), 0.0018498 secs] [Times: user=0.00 sys=0.00, real=0.00 secs] 
94.629: [GC (Allocation Failure) [PSYoungGen: 100170K->10240K(104960K)] 721244K->631313K(1037312K), 0.0011885 secs] [Times: user=0.00 sys=0.00, real=0.00 secs] 
96.591: [GC (Allocation Failure) [PSYoungGen: 89933K->10240K(104960K)] 864607K->784913K(1037312K), 0.0014691 secs] [Times: user=0.00 sys=0.00, real=0.00 secs] 
97.465: [GC (Allocation Failure) [PSYoungGen: 100175K->10240K(104960K)] 977248K->907793K(1037312K), 0.0025870 secs] [Times: user=0.00 sys=0.00, real=0.00 secs] 
97.468: [Full GC (Ergonomics) [PSYoungGen: 10240K->0K(104960K)] [ParOldGen: 897553K->26129K(932352K)] 907793K->26129K(1037312K), [Metaspace: 2796K->2796K(1056768K)], 0.0041079 secs] [Times: user=0.00 sys=0.00, real=0.00 secs] 
99.212: [GC (Allocation Failure) [PSYoungGen: 89936K->10240K(104960K)] 269665K->189969K(1037312K), 0.0009199 secs] [Times: user=0.00 sys=0.00, real=0.00 secs] 
100.850: [GC (Allocation Failure) [PSYoungGen: 88912K->10240K(104960K)] 422242K->348689K(1037312K), 0.0013941 secs] [Times: user=0.00 sys=0.00, real=0.00 secs] 
101.727: [GC (Allocation Failure) [PSYoungGen: 100177K->6144K(104960K)] 541026K->446993K(1037312K), 0.0009435 secs] [Times: user=0.00 sys=0.00, real=0.00 secs] 
103.472: [GC (Allocation Failure) [PSYoungGen: 96081K->7168K(104960K)] 690531K->606737K(1037312K), 0.0011964 secs] [Times: user=0.00 sys=0.00, real=0.00 secs] 
105.762: [GC (Allocation Failure) [PSYoungGen: 98129K->10240K(104960K)] 851299K->773649K(1037312K), 0.0023153 secs] [Times: user=0.00 sys=0.00, real=0.00 secs] 
107.940: [Full GC (Ergonomics) [PSYoungGen: 95057K->0K(104960K)] [ParOldGen: 917009K->6144K(932352K)] 1012067K->6144K(1037312K), [Metaspace: 2796K->2796K(1056768K)], 0.0030286 secs] [Times: user=0.00 sys=0.00, real=0.00 secs] 
108.814: [GC (Allocation Failure) [PSYoungGen: 89937K->5120K(104960K)] 198481K->164864K(1037312K), 0.0047530 secs] [Times: user=0.00 sys=0.00, real=0.00 secs] 
110.563: [GC (Allocation Failure) [PSYoungGen: 95058K->10240K(104960K)] 408402K->328704K(1037312K), 0.0014263 secs] [Times: user=0.00 sys=0.00, real=0.00 secs] 
112.199: [GC (Allocation Failure) [PSYoungGen: 83793K->10240K(104960K)] 555858K->487424K(1037312K), 0.0020818 secs] [Times: user=0.00 sys=0.00, real=0.00 secs] 
113.076: [GC (Allocation Failure) [PSYoungGen: 100177K->6144K(104960K)] 679762K->585728K(1037312K), 0.0014152 secs] [Times: user=0.00 sys=0.00, real=0.00 secs] 
114.824: [GC (Allocation Failure) [PSYoungGen: 96082K->6144K(104960K)] 829266K->754688K(1037312K), 0.0025600 secs] [Times: user=0.00 sys=0.00, real=0.00 secs] 
116.460: [GC (Allocation Failure) [PSYoungGen: 79698K->10240K(104960K)] 828242K->763904K(1037312K), 0.0019654 secs] [Times: user=0.02 sys=0.00, real=0.00 secs] 
117.332: [GC (Allocation Failure) [PSYoungGen: 100170K->10240K(104960K)] 956234K->886784K(1037312K), 0.0030562 secs] [Times: user=0.00 sys=0.00, real=0.00 secs] 
118.093: [Full GC (Ergonomics) [PSYoungGen: 68429K->0K(104960K)] [ParOldGen: 927744K->82449K(932352K)] 996173K->82449K(1037312K), [Metaspace: 2796K->2796K(1056768K)], 0.0099084 secs] [Times: user=0.00 sys=0.00, real=0.01 secs] 
120.173: [GC (Allocation Failure) [PSYoungGen: 91982K->5120K(104960K)] 379232K->292369K(1037312K), 0.0007987 secs] [Times: user=0.00 sys=0.00, real=0.00 secs] 
121.914: [GC (Allocation Failure) [PSYoungGen: 95056K->10240K(104960K)] 535905K->457233K(1037312K), 0.0012658 secs] [Times: user=0.00 sys=0.00, real=0.00 secs] 
124.096: [GC (Allocation Failure) [PSYoungGen: 102224K->1024K(104960K)] 856418K->765457K(1037312K), 0.0018139 secs] [Times: user=0.00 sys=0.00, real=0.00 secs] 
125.842: [Full GC (Ergonomics) [PSYoungGen: 90961K->0K(104960K)] [ParOldGen: 918033K->36369K(932352K)] 1008994K->36369K(1037312K), [Metaspace: 2796K->2796K(1056768K)], 0.0049628 secs] [Times: user=0.00 sys=0.00, real=0.01 secs] 
127.587: [GC (Allocation Failure) [PSYoungGen: 83793K->10240K(104960K)] 120162K->46609K(1037312K), 0.0009346 secs] [Times: user=0.00 sys=0.00, real=0.00 secs] 
129.113: [GC (Allocation Failure) [PSYoungGen: 95051K->10240K(104960K)] 285020K->210449K(1037312K), 0.0020007 secs] [Times: user=0.00 sys=0.00, real=0.00 secs] 
129.876: [GC (Allocation Failure) [PSYoungGen: 100173K->5120K(104960K)] 402782K->307729K(1037312K), 0.0007803 secs] [Times: user=0.00 sys=0.00, real=0.00 secs] 
132.035: [GC (Allocation Failure) [PSYoungGen: 79695K->10240K(104960K)] 484704K->421393K(1037312K), 0.0020158 secs] [Times: user=0.00 sys=0.00, real=0.00 secs] 
132.905: [GC (Allocation Failure) [PSYoungGen: 100176K->6144K(104960K)] 613729K->519697K(1037312K), 0.0010745 secs] [Times: user=0.00 sys=0.00, real=0.00 secs] 
134.864: [GC (Allocation Failure) [PSYoungGen: 90960K->10240K(104960K)] 758114K->687633K(1037312K), 0.0014380 secs] [Times: user=0.00 sys=0.00, real=0.00 secs] 
135.736: [GC (Allocation Failure) [PSYoungGen: 100177K->10240K(104960K)] 879970K->790033K(1037312K), 0.0014097 secs] [Times: user=0.00 sys=0.00, real=0.00 secs] 
136.499: [GC (Allocation Failure) [PSYoungGen: 68433K->5120K(104960K)] 899427K->856593K(1037312K), 0.0024356 secs] [Times: user=0.00 sys=0.00, real=0.00 secs] 
136.501: [GC (Allocation Failure) [PSYoungGen: 5120K->5120K(104960K)] 856593K->856593K(1037312K), 0.0010951 secs] [Times: user=0.00 sys=0.00, real=0.00 secs] 
136.502: [Full GC (Allocation Failure) [PSYoungGen: 5120K->0K(104960K)] [ParOldGen: 851473K->87569K(932352K)] 856593K->87569K(1037312K), [Metaspace: 2796K->2796K(1056768K)], 0.0092858 secs] [Times: user=0.02 sys=0.00, real=0.01 secs] 
138.794: [GC (Allocation Failure) [PSYoungGen: 89937K->10240K(104960K)] 331107K->251409K(1037312K), 0.0011760 secs] [Times: user=0.00 sys=0.00, real=0.00 secs] 
140.423: [GC (Allocation Failure) [PSYoungGen: 100177K->10240K(104960K)] 494947K->415249K(1037312K), 0.0018959 secs] [Times: user=0.00 sys=0.00, real=0.00 secs] 
141.182: [GC (Allocation Failure) [PSYoungGen: 100177K->10240K(104960K)] 607587K->523793K(1037312K), 0.0015368 secs] [Times: user=0.00 sys=0.00, real=0.00 secs] 
143.338: [GC (Allocation Failure) [PSYoungGen: 89938K->10240K(104960K)] 603491K->535057K(1037312K), 0.0017151 secs] [Times: user=0.00 sys=0.00, real=0.00 secs] 
144.200: [GC (Allocation Failure) [PSYoungGen: 100170K->10240K(104960K)] 727388K->637457K(1037312K), 0.0010219 secs] [Times: user=0.00 sys=0.00, real=0.00 secs] 
146.143: [GC (Allocation Failure) [PSYoungGen: 89933K->10240K(104960K)] 870751K->791057K(1037312K), 0.0048840 secs] [Times: user=0.00 sys=0.00, real=0.00 secs] 
147.010: [GC (Allocation Failure) [PSYoungGen: 100175K->10240K(104960K)] 983392K->913937K(1037312K), 0.0035718 secs] [Times: user=0.00 sys=0.00, real=0.00 secs] 
147.014: [Full GC (Ergonomics) [PSYoungGen: 10240K->0K(104960K)] [ParOldGen: 903697K->26129K(932352K)] 913937K->26129K(1037312K), [Metaspace: 2796K->2796K(1056768K)], 0.0057400 secs] [Times: user=0.00 sys=0.00, real=0.01 secs] 
148.762: [GC (Allocation Failure) [PSYoungGen: 89936K->10240K(104960K)] 269665K->189969K(1037312K), 0.0009137 secs] [Times: user=0.00 sys=0.00, real=0.00 secs] 
150.388: [GC (Allocation Failure) [PSYoungGen: 88912K->10240K(104960K)] 422242K->348689K(1037312K), 0.0013934 secs] [Times: user=0.00 sys=0.00, real=0.00 secs] 
151.262: [GC (Allocation Failure) [PSYoungGen: 100177K->6144K(104960K)] 541026K->446993K(1037312K), 0.0012963 secs] [Times: user=0.00 sys=0.00, real=0.00 secs] 
153.006: [GC (Allocation Failure) [PSYoungGen: 96081K->7168K(104960K)] 690531K->606737K(1037312K), 0.0017588 secs] [Times: user=0.00 sys=0.00, real=0.00 secs] 
155.291: [GC (Allocation Failure) [PSYoungGen: 98129K->10240K(104960K)] 851299K->773649K(1037312K), 0.0019747 secs] [Times: user=0.00 sys=0.00, real=0.00 secs] 
157.470: [Full GC (Ergonomics) [PSYoungGen: 95057K->0K(104960K)] [ParOldGen: 917009K->6144K(932352K)] 1012067K->6144K(1037312K), [Metaspace: 2796K->2796K(1056768K)], 0.0033404 secs] [Times: user=0.00 sys=0.00, real=0.00 secs] 
158.343: [GC (Allocation Failure) [PSYoungGen: 89937K->5120K(104960K)] 198481K->164864K(1037312K), 0.0042904 secs] [Times: user=0.00 sys=0.00, real=0.00 secs] 
160.081: [GC (Allocation Failure) [PSYoungGen: 95058K->10240K(104960K)] 408402K->328704K(1037312K), 0.0013513 secs] [Times: user=0.00 sys=0.00, real=0.00 secs] 
161.706: [GC (Allocation Failure) [PSYoungGen: 83793K->10240K(104960K)] 555858K->487424K(1037312K), 0.0017600 secs] [Times: user=0.00 sys=0.00, real=0.00 secs] 
162.572: [GC (Allocation Failure) [PSYoungGen: 100177K->6144K(104960K)] 679762K->585728K(1037312K), 0.0012934 secs] [Times: user=0.00 sys=0.00, real=0.00 secs] 
164.317: [GC (Allocation Failure) [PSYoungGen: 96082K->6144K(104960K)] 829266K->754688K(1037312K), 0.0022773 secs] [Times: user=0.00 sys=0.00, real=0.00 secs] 
165.941: [GC (Allocation Failure) [PSYoungGen: 79698K->10240K(104960K)] 828242K->763904K(1037312K), 0.0022790 secs] [Times: user=0.00 sys=0.00, real=0.00 secs] 
166.807: [GC (Allocation Failure) [PSYoungGen: 100170K->10240K(104960K)] 956234K->886784K(1037312K), 0.0033112 secs] [Times: user=0.00 sys=0.00, real=0.00 secs] 
167.570: [Full GC (Ergonomics) [PSYoungGen: 68429K->0K(104960K)] [ParOldGen: 927744K->82449K(932352K)] 996173K->82449K(1037312K), [Metaspace: 2796K->2796K(1056768K)], 0.0077290 secs] [Times: user=0.00 sys=0.00, real=0.01 secs] 
169.655: [GC (Allocation Failure) [PSYoungGen: 91982K->5120K(104960K)] 379232K->292369K(1037312K), 0.0008334 secs] [Times: user=0.00 sys=0.00, real=0.00 secs] 
171.401: [GC (Allocation Failure) [PSYoungGen: 95056K->10240K(104960K)] 535905K->457233K(1037312K), 0.0017702 secs] [Times: user=0.00 sys=0.00, real=0.00 secs] 
173.576: [GC (Allocation Failure) [PSYoungGen: 102224K->1024K(104960K)] 856418K->765457K(1037312K), 0.0015584 secs] [Times: user=0.00 sys=0.00, real=0.00 secs] 
175.317: [Full GC (Ergonomics) [PSYoungGen: 90961K->0K(104960K)] [ParOldGen: 918033K->36369K(932352K)] 1008994K->36369K(1037312K), [Metaspace: 2796K->2796K(1056768K)], 0.0051931 secs] [Times: user=0.02 sys=0.00, real=0.01 secs] 
177.056: [GC (Allocation Failure) [PSYoungGen: 83793K->10240K(104960K)] 120162K->46609K(1037312K), 0.0009978 secs] [Times: user=0.00 sys=0.00, real=0.00 secs] 
178.581: [GC (Allocation Failure) [PSYoungGen: 95051K->10240K(104960K)] 285020K->210449K(1037312K), 0.0016948 secs] [Times: user=0.00 sys=0.00, real=0.00 secs] 
179.341: [GC (Allocation Failure) [PSYoungGen: 100173K->5120K(104960K)] 402782K->307729K(1037312K), 0.0009852 secs] [Times: user=0.00 sys=0.00, real=0.00 secs] 
181.510: [GC (Allocation Failure) [PSYoungGen: 79695K->6144K(104960K)] 484704K->421393K(1037312K), 0.0019554 secs] [Times: user=0.00 sys=0.00, real=0.00 secs] 
182.375: [GC (Allocation Failure) [PSYoungGen: 96080K->7168K(104960K)] 613729K->529937K(1037312K), 0.0014575 secs] [Times: user=0.00 sys=0.00, real=0.00 secs] 
184.330: [GC (Allocation Failure) [PSYoungGen: 91984K->10240K(104960K)] 768354K->696849K(1037312K), 0.0015000 secs] [Times: user=0.00 sys=0.00, real=0.00 secs] 
185.195: [GC (Allocation Failure) [PSYoungGen: 100177K->10240K(104960K)] 889186K->799249K(1037312K), 0.0015232 secs] [Times: user=0.00 sys=0.00, real=0.00 secs] 
185.952: [GC (Allocation Failure) [PSYoungGen: 68433K->5120K(104960K)] 908643K->865809K(1037312K), 0.0022996 secs] [Times: user=0.00 sys=0.00, real=0.00 secs] 
185.954: [GC (Allocation Failure) [PSYoungGen: 5120K->5120K(104960K)] 865809K->865809K(1037312K), 0.0013325 secs] [Times: user=0.00 sys=0.00, real=0.00 secs] 
185.956: [Full GC (Allocation Failure) [PSYoungGen: 5120K->0K(104960K)] [ParOldGen: 860689K->87569K(932352K)] 865809K->87569K(1037312K), [Metaspace: 2796K->2796K(1056768K)], 0.0080757 secs] [Times: user=0.00 sys=0.00, real=0.01 secs] 
188.241: [GC (Allocation Failure) [PSYoungGen: 89937K->10240K(104960K)] 331107K->251409K(1037312K), 0.0009452 secs] [Times: user=0.01 sys=0.00, real=0.00 secs] 
189.867: [GC (Allocation Failure) [PSYoungGen: 100177K->10240K(104960K)] 494947K->415249K(1037312K), 0.0023893 secs] [Times: user=0.00 sys=0.00, real=0.00 secs] 
190.622: [GC (Allocation Failure) [PSYoungGen: 100177K->6176K(104960K)] 607587K->523825K(1037312K), 0.0016587 secs] [Times: user=0.00 sys=0.00, real=0.00 secs] 
192.791: [GC (Allocation Failure) [PSYoungGen: 85874K->10272K(104960K)] 603523K->539185K(1037312K), 0.0020452 secs] [Times: user=0.00 sys=0.00, real=0.00 secs] 
193.660: [GC (Allocation Failure) [PSYoungGen: 100203K->10304K(104960K)] 731516K->651857K(1037312K), 0.0021312 secs] [Times: user=0.00 sys=0.00, real=0.00 secs] 
195.614: [GC (Allocation Failure) [PSYoungGen: 89997K->10304K(104960K)] 885151K->805457K(1037312K), 0.0016141 secs] [Times: user=0.00 sys=0.00, real=0.00 secs] 
196.480: [Full GC (Ergonomics) [PSYoungGen: 100239K->0K(104960K)] [ParOldGen: 897553K->26624K(932352K)] 997792K->26624K(1037312K), [Metaspace: 2796K->2796K(1056768K)], 0.0041067 secs] [Times: user=0.00 sys=0.00, real=0.00 secs] 
198.212: [GC (Allocation Failure) [PSYoungGen: 89936K->10240K(104960K)] 270160K->190464K(1037312K), 0.0009823 secs] [Times: user=0.00 sys=0.00, real=0.00 secs] 
199.840: [GC (Allocation Failure) [PSYoungGen: 88912K->10240K(104960K)] 422737K->349184K(1037312K), 0.0018436 secs] [Times: user=0.00 sys=0.00, real=0.00 secs] 
200.707: [GC (Allocation Failure) [PSYoungGen: 100177K->6144K(104960K)] 541521K->447488K(1037312K), 0.0015485 secs] [Times: user=0.00 sys=0.00, real=0.00 secs] 
202.441: [GC (Allocation Failure) [PSYoungGen: 96081K->7168K(104960K)] 691026K->607232K(1037312K), 0.0015899 secs] [Times: user=0.00 sys=0.00, real=0.00 secs] 
204.720: [GC (Allocation Failure) [PSYoungGen: 98129K->10240K(104960K)] 851794K->774144K(1037312K), 0.0020583 secs] [Times: user=0.00 sys=0.00, real=0.00 secs] 
206.897: [Full GC (Ergonomics) [PSYoungGen: 95057K->0K(104960K)] [ParOldGen: 917504K->6144K(932352K)] 1012562K->6144K(1037312K), [Metaspace: 2796K->2796K(1056768K)], 0.0037978 secs] [Times: user=0.00 sys=0.00, real=0.00 secs] 
207.760: [GC (Allocation Failure) [PSYoungGen: 89937K->5120K(104960K)] 198482K->164864K(1037312K), 0.0051056 secs] [Times: user=0.00 sys=0.00, real=0.01 secs] 
209.499: [GC (Allocation Failure) [PSYoungGen: 95058K->10240K(104960K)] 408402K->328704K(1037312K), 0.0015874 secs] [Times: user=0.00 sys=0.00, real=0.00 secs] 
211.124: [GC (Allocation Failure) [PSYoungGen: 83793K->10240K(104960K)] 555858K->487424K(1037312K), 0.0016133 secs] [Times: user=0.00 sys=0.00, real=0.00 secs] 
211.989: [GC (Allocation Failure) [PSYoungGen: 100177K->6144K(104960K)] 679762K->585728K(1037312K), 0.0011677 secs] [Times: user=0.00 sys=0.00, real=0.00 secs] 
213.711: [GC (Allocation Failure) [PSYoungGen: 96082K->10240K(104960K)] 829266K->754688K(1037312K), 0.0021920 secs] [Times: user=0.00 sys=0.00, real=0.00 secs] 
215.336: [GC (Allocation Failure) [PSYoungGen: 83794K->10240K(104960K)] 828242K->759808K(1037312K), 0.0021556 secs] [Times: user=0.00 sys=0.00, real=0.00 secs] 
216.201: [GC (Allocation Failure) [PSYoungGen: 100170K->10240K(104960K)] 952139K->882688K(1037312K), 0.0034592 secs] [Times: user=0.00 sys=0.00, real=0.00 secs] 
216.958: [Full GC (Ergonomics) [PSYoungGen: 68429K->0K(104960K)] [ParOldGen: 923648K->82449K(932352K)] 992077K->82449K(1037312K), [Metaspace: 2796K->2796K(1056768K)], 0.0081189 secs] [Times: user=0.01 sys=0.00, real=0.01 secs] 
Heap
 PSYoungGen      total 104960K, used 25249K [0x00000000f8e80000, 0x0000000100000000, 0x0000000100000000)
  eden space 93696K, 26% used [0x00000000f8e80000,0x00000000fa728460,0x00000000fea00000)
  from space 11264K, 0% used [0x00000000fea00000,0x00000000fea00000,0x00000000ff500000)
  to   space 11264K, 0% used [0x00000000ff500000,0x00000000ff500000,0x0000000100000000)
 ParOldGen       total 932352K, used 184849K [0x00000000c0000000, 0x00000000f8e80000, 0x00000000f8e80000)
  object space 932352K, 19% used [0x00000000c0000000,0x00000000cb4846f8,0x00000000f8e80000)
 Metaspace       used 2804K, capacity 4486K, committed 4864K, reserved 1056768K
  class space    used 297K, capacity 386K, committed 512K, reserved 1048576K
