Java HotSpot(TM) 64-Bit Server VM (25.411-b09) for windows-amd64 JRE (1.8.0_411-b09), built on Mar 13 2024 07:26:13 by "java_re" with MS VC++ 17.1 (VS2022)
Memory: 4k page, physical 33403376k(13640180k free), swap 35500528k(7152540k free)
CommandLine flags: -XX:InitialHeapSize=1073741824 -XX:MaxHeapSize=1073741824 -XX:ParallelGCThreads=10 -XX:+PrintGC -XX:+PrintGCDetails -XX:+PrintGCTimeStamps -XX:+UseCompressedClassPointers -XX:+UseCompressedOops -XX:-UseLargePagesIndividualAllocation -XX:+UseParallelGC 
2.298: [GC (Allocation Failure) [PSYoungGen: 261366K->12008K(305664K)] 261366K->12016K(1005056K), 0.0029046 secs] [Times: user=0.00 sys=0.00, real=0.00 secs] 
4.920: [GC (Allocation Failure) [PSYoungGen: 273146K->10968K(305664K)] 273154K->10976K(1005056K), 0.0030669 secs] [Times: user=0.00 sys=0.00, real=0.00 secs] 
6.777: [GC (Allocation Failure) [PSYoungGen: 267072K->31504K(305664K)] 267080K->31512K(1005056K), 0.0047267 secs] [Times: user=0.00 sys=0.00, real=0.00 secs] 
8.410: [GC (Allocation Failure) [PSYoungGen: 259430K->21176K(305664K)] 259438K->21192K(1005056K), 0.0045294 secs] [Times: user=0.00 sys=0.00, real=0.01 secs] 
9.829: [GC (Allocation Failure) [PSYoungGen: 251630K->26296K(305664K)] 251646K->77512K(1005056K), 0.0172257 secs] [Times: user=0.00 sys=0.00, real=0.02 secs] 
11.263: [GC (Allocation Failure) [PSYoungGen: 256749K->31440K(307200K)] 307965K->185056K(1006592K), 0.0326642 secs] [Times: user=0.02 sys=0.02, real=0.03 secs] 
12.821: [GC (Allocation Failure) [PSYoungGen: 294612K->5184K(279040K)] 448228K->210636K(978432K), 0.0163866 secs] [Times: user=0.00 sys=0.02, real=0.02 secs] 
14.257: [GC (Allocation Failure) [PSYoungGen: 235847K->16480K(311296K)] 441299K->273140K(1010688K), 0.0177543 secs] [Times: user=0.03 sys=0.00, real=0.02 secs] 
16.995: [GC (Allocation Failure) [PSYoungGen: 247107K->25696K(309760K)] 503767K->302836K(1009152K), 0.0078630 secs] [Times: user=0.02 sys=0.00, real=0.01 secs] 
18.429: [GC (Allocation Failure) [PSYoungGen: 256327K->30720K(306688K)] 533467K->328364K(1006080K), 0.0079021 secs] [Times: user=0.01 sys=0.00, real=0.01 secs] 
19.971: [GC (Allocation Failure) [PSYoungGen: 261283K->0K(268800K)] 558928K->348844K(968192K), 0.0168832 secs] [Times: user=0.00 sys=0.02, real=0.02 secs] 
21.404: [GC (Allocation Failure) [PSYoungGen: 230566K->5120K(306176K)] 579410K->507564K(1005568K), 0.0364190 secs] [Times: user=0.02 sys=0.01, real=0.04 secs] 
22.868: [GC (Allocation Failure) [PSYoungGen: 235607K->6144K(306688K)] 738051K->564908K(1006080K), 0.0167744 secs] [Times: user=0.03 sys=0.00, real=0.02 secs] 
24.299: [GC (Allocation Failure) [PSYoungGen: 211032K->10240K(308736K)] 769797K->620204K(1008128K), 0.0172329 secs] [Times: user=0.02 sys=0.00, real=0.02 secs] 
24.316: [Full GC (Ergonomics) [PSYoungGen: 10240K->0K(308736K)] [ParOldGen: 609964K->61969K(699392K)] 620204K->61969K(1008128K), [Metaspace: 2779K->2779K(1056768K)], 0.0118502 secs] [Times: user=0.00 sys=0.00, real=0.01 secs] 
25.740: [GC (Allocation Failure) [PSYoungGen: 230537K->15360K(307200K)] 292506K->128529K(1006592K), 0.0062461 secs] [Times: user=0.00 sys=0.00, real=0.01 secs] 
28.484: [GC (Allocation Failure) [PSYoungGen: 262369K->25632K(308224K)] 375538K->138809K(1007616K), 0.0026778 secs] [Times: user=0.00 sys=0.00, real=0.00 secs] 
29.892: [GC (Allocation Failure) [PSYoungGen: 256224K->25600K(296448K)] 369401K->195113K(995840K), 0.0079511 secs] [Times: user=0.00 sys=0.00, real=0.01 secs] 
31.425: [GC (Allocation Failure) [PSYoungGen: 210118K->5120K(308736K)] 379631K->174633K(1008128K), 0.0015485 secs] [Times: user=0.00 sys=0.00, real=0.00 secs] 
32.836: [GC (Allocation Failure) [PSYoungGen: 235675K->6144K(308736K)] 405188K->226857K(1008128K), 0.0052886 secs] [Times: user=0.00 sys=0.00, real=0.00 secs] 
34.260: [GC (Allocation Failure) [PSYoungGen: 236705K->11264K(311296K)] 457418K->289321K(1010688K), 0.0063538 secs] [Times: user=0.02 sys=0.00, real=0.01 secs] 
35.684: [GC (Allocation Failure) [PSYoungGen: 216288K->10240K(309248K)] 494346K->339497K(1008640K), 0.0054173 secs] [Times: user=0.00 sys=0.00, real=0.01 secs] 
37.094: [GC (Allocation Failure) [PSYoungGen: 240863K->25600K(308736K)] 570120K->416297K(1008128K), 0.0070289 secs] [Times: user=0.00 sys=0.00, real=0.01 secs] 
39.722: [GC (Allocation Failure) [PSYoungGen: 297205K->15360K(310784K)] 687903K->406057K(1010176K), 0.0014172 secs] [Times: user=0.00 sys=0.00, real=0.00 secs] 
41.249: [GC (Allocation Failure) [PSYoungGen: 266491K->25600K(309760K)] 657188K->523817K(1009152K), 0.0155049 secs] [Times: user=0.00 sys=0.00, real=0.02 secs] 
44.081: [GC (Allocation Failure) [PSYoungGen: 286993K->31744K(299008K)] 785210K->529961K(998400K), 0.0038922 secs] [Times: user=0.00 sys=0.00, real=0.00 secs] 
45.495: [GC (Allocation Failure) [PSYoungGen: 262287K->35840K(299520K)] 760505K->545321K(998912K), 0.0039207 secs] [Times: user=0.02 sys=0.00, real=0.00 secs] 
47.017: [GC (Allocation Failure) [PSYoungGen: 286707K->20480K(303616K)] 796188K->581161K(1003008K), 0.0057377 secs] [Times: user=0.00 sys=0.00, real=0.00 secs] 
48.444: [GC (Allocation Failure) [PSYoungGen: 250864K->5120K(305664K)] 811545K->688681K(1005056K), 0.0355036 secs] [Times: user=0.03 sys=0.01, real=0.04 secs] 
48.479: [Full GC (Ergonomics) [PSYoungGen: 5120K->0K(305664K)] [ParOldGen: 683561K->77329K(699392K)] 688681K->77329K(1005056K), [Metaspace: 2795K->2795K(1056768K)], 0.0077570 secs] [Times: user=0.02 sys=0.00, real=0.01 secs] 
49.901: [GC (Allocation Failure) [PSYoungGen: 230461K->5120K(305664K)] 307790K->133649K(1005056K), 0.0056250 secs] [Times: user=0.00 sys=0.00, real=0.01 secs] 
51.327: [GC (Allocation Failure) [PSYoungGen: 220284K->5120K(306176K)] 348813K->184849K(1005568K), 0.0045366 secs] [Times: user=0.00 sys=0.00, real=0.00 secs] 
52.758: [GC (Allocation Failure) [PSYoungGen: 235485K->6144K(305664K)] 415214K->242193K(1005056K), 0.0048581 secs] [Times: user=0.00 sys=0.00, real=0.00 secs] 
55.504: [GC (Allocation Failure) [PSYoungGen: 226328K->35840K(296960K)] 462377K->271889K(996352K), 0.0028496 secs] [Times: user=0.00 sys=0.00, real=0.00 secs] 
56.925: [GC (Allocation Failure) [PSYoungGen: 266125K->46080K(295424K)] 502175K->297489K(994816K), 0.0036367 secs] [Times: user=0.00 sys=0.00, real=0.00 secs] 
58.451: [GC (Allocation Failure) [PSYoungGen: 291622K->0K(287232K)] 543032K->353809K(986624K), 0.0050920 secs] [Times: user=0.00 sys=0.00, real=0.00 secs] 
59.873: [GC (Allocation Failure) [PSYoungGen: 230006K->51200K(285696K)] 583816K->410129K(985088K), 0.0048278 secs] [Times: user=0.00 sys=0.00, real=0.00 secs] 
61.304: [GC (Allocation Failure) [PSYoungGen: 281099K->56320K(262656K)] 640028K->517649K(962048K), 0.0163732 secs] [Times: user=0.01 sys=0.00, real=0.02 secs] 
62.625: [GC (Allocation Failure) [PSYoungGen: 213965K->25600K(276992K)] 675295K->486929K(976384K), 0.0028916 secs] [Times: user=0.00 sys=0.00, real=0.00 secs] 
63.824: [GC (Allocation Failure) [PSYoungGen: 224205K->21504K(285184K)] 685534K->487953K(984576K), 0.0029943 secs] [Times: user=0.02 sys=0.00, real=0.00 secs] 
65.023: [GC (Allocation Failure) [PSYoungGen: 235717K->10240K(281600K)] 702167K->487953K(980992K), 0.0023259 secs] [Times: user=0.00 sys=0.00, real=0.00 secs] 
66.986: [GC (Allocation Failure) [PSYoungGen: 163018K->25600K(289792K)] 640731K->554513K(989184K), 0.0065274 secs] [Times: user=0.00 sys=0.00, real=0.01 secs] 
68.309: [GC (Allocation Failure) [PSYoungGen: 204166K->25600K(286720K)] 733080K->580113K(986112K), 0.0036725 secs] [Times: user=0.16 sys=0.00, real=0.00 secs] 
69.733: [GC (Allocation Failure) [PSYoungGen: 204147K->5120K(292352K)] 758661K->559633K(991744K), 0.0021743 secs] [Times: user=0.00 sys=0.00, real=0.00 secs] 
71.151: [GC (Allocation Failure) [PSYoungGen: 235035K->25600K(292352K)] 789548K->682513K(991744K), 0.0159072 secs] [Times: user=0.02 sys=0.00, real=0.02 secs] 
71.167: [Full GC (Ergonomics) [PSYoungGen: 25600K->0K(292352K)] [ParOldGen: 656913K->128529K(699392K)] 682513K->128529K(991744K), [Metaspace: 2796K->2796K(1056768K)], 0.0104179 secs] [Times: user=0.02 sys=0.00, real=0.01 secs] 
72.602: [GC (Allocation Failure) [PSYoungGen: 229923K->26624K(295936K)] 358452K->155153K(995328K), 0.0027166 secs] [Times: user=0.00 sys=0.00, real=0.00 secs] 
74.020: [GC (Allocation Failure) [PSYoungGen: 231048K->30720K(294400K)] 359577K->159249K(993792K), 0.0023259 secs] [Times: user=0.00 sys=0.00, real=0.00 secs] 
75.443: [GC (Allocation Failure) [PSYoungGen: 260749K->35840K(292864K)] 389279K->174609K(992256K), 0.0032558 secs] [Times: user=0.00 sys=0.00, real=0.00 secs] 
77.517: [GC (Allocation Failure) [PSYoungGen: 270965K->5120K(294400K)] 409734K->143889K(993792K), 0.0010615 secs] [Times: user=0.00 sys=0.00, real=0.00 secs] 
79.044: [GC (Allocation Failure) [PSYoungGen: 240249K->10240K(295424K)] 379019K->200209K(994816K), 0.0060843 secs] [Times: user=0.00 sys=0.00, real=0.00 secs] 
81.241: [GC (Allocation Failure) [PSYoungGen: 250512K->5120K(294400K)] 440482K->195089K(993792K), 0.0011341 secs] [Times: user=0.00 sys=0.00, real=0.00 secs] 
82.657: [GC (Allocation Failure) [PSYoungGen: 235155K->6144K(296960K)] 425124K->247313K(996352K), 0.0050923 secs] [Times: user=0.00 sys=0.00, real=0.01 secs] 
84.098: [GC (Allocation Failure) [PSYoungGen: 236240K->11264K(295936K)] 477409K->309777K(995328K), 0.0053272 secs] [Times: user=0.00 sys=0.00, real=0.01 secs] 
85.528: [GC (Allocation Failure) [PSYoungGen: 215760K->10240K(301056K)] 514273K->359953K(1000448K), 0.0052795 secs] [Times: user=0.16 sys=0.00, real=0.00 secs] 
86.961: [GC (Allocation Failure) [PSYoungGen: 240475K->25600K(299008K)] 590188K->436753K(998400K), 0.0062082 secs] [Times: user=0.00 sys=0.00, real=0.01 secs] 
89.373: [GC (Allocation Failure) [PSYoungGen: 276314K->10240K(302592K)] 687468K->421393K(1001984K), 0.0016928 secs] [Times: user=0.00 sys=0.00, real=0.00 secs] 
91.008: [GC (Allocation Failure) [PSYoungGen: 261017K->15360K(300544K)] 672170K->534033K(999936K), 0.0153398 secs] [Times: user=0.00 sys=0.00, real=0.01 secs] 
93.754: [GC (Allocation Failure) [PSYoungGen: 266138K->21504K(306176K)] 784811K->540177K(1005568K), 0.0016716 secs] [Times: user=0.00 sys=0.00, real=0.00 secs] 
95.393: [GC (Allocation Failure) [PSYoungGen: 282684K->35840K(292352K)] 801357K->565777K(991744K), 0.0035212 secs] [Times: user=0.00 sys=0.00, real=0.00 secs] 
96.917: [GC (Allocation Failure) [PSYoungGen: 286672K->20480K(304128K)] 816610K->601617K(1003520K), 0.0055428 secs] [Times: user=0.01 sys=0.00, real=0.01 secs] 
96.923: [Full GC (Ergonomics) [PSYoungGen: 20480K->0K(304128K)] [ParOldGen: 581137K->72209K(699392K)] 601617K->72209K(1003520K), [Metaspace: 2796K->2796K(1056768K)], 0.0071529 secs] [Times: user=0.00 sys=0.00, real=0.01 secs] 
98.350: [GC (Allocation Failure) [PSYoungGen: 230368K->5120K(302080K)] 302577K->179729K(1001472K), 0.0049032 secs] [Times: user=0.00 sys=0.00, real=0.00 secs] 
99.782: [GC (Allocation Failure) [PSYoungGen: 235466K->5120K(304640K)] 410076K->236049K(1004032K), 0.0049095 secs] [Times: user=0.00 sys=0.00, real=0.00 secs] 
101.204: [GC (Allocation Failure) [PSYoungGen: 220159K->5120K(304128K)] 451088K->287249K(1003520K), 0.0050461 secs] [Times: user=0.00 sys=0.00, real=0.01 secs] 
102.638: [GC (Allocation Failure) [PSYoungGen: 235519K->6144K(306688K)] 517648K->344593K(1006080K), 0.0049218 secs] [Times: user=0.00 sys=0.00, real=0.01 secs] 
105.369: [GC (Allocation Failure) [PSYoungGen: 226358K->35840K(292864K)] 564808K->374289K(992256K), 0.0027481 secs] [Times: user=0.00 sys=0.00, real=0.00 secs] 
106.791: [GC (Allocation Failure) [PSYoungGen: 266168K->46080K(286208K)] 604618K->399889K(985600K), 0.0040399 secs] [Times: user=0.02 sys=0.00, real=0.00 secs] 
108.211: [GC (Allocation Failure) [PSYoungGen: 240228K->20480K(293888K)] 594037K->374289K(993280K), 0.0026764 secs] [Times: user=0.00 sys=0.00, real=0.00 secs] 
109.626: [GC (Allocation Failure) [PSYoungGen: 250467K->25600K(297984K)] 604277K->430609K(997376K), 0.0054692 secs] [Times: user=0.00 sys=0.00, real=0.00 secs] 
111.048: [GC (Allocation Failure) [PSYoungGen: 255732K->25600K(296960K)] 660742K->538129K(996352K), 0.0152354 secs] [Times: user=0.00 sys=0.00, real=0.02 secs] 
112.481: [GC (Allocation Failure) [PSYoungGen: 235253K->25600K(300544K)] 747783K->538129K(999936K), 0.0028456 secs] [Times: user=0.02 sys=0.00, real=0.00 secs] 
113.898: [GC (Allocation Failure) [PSYoungGen: 255823K->31744K(299008K)] 768352K->549393K(998400K), 0.0031171 secs] [Times: user=0.00 sys=0.00, real=0.00 secs] 
116.412: [GC (Allocation Failure) [PSYoungGen: 272200K->10240K(300032K)] 789849K->527889K(999424K), 0.0022477 secs] [Times: user=0.00 sys=0.00, real=0.00 secs] 
117.939: [GC (Allocation Failure) [PSYoungGen: 250689K->35840K(286208K)] 768339K->558609K(985600K), 0.0030787 secs] [Times: user=0.00 sys=0.00, real=0.00 secs] 
119.578: [GC (Allocation Failure) [PSYoungGen: 245572K->5120K(296448K)] 768342K->527889K(995840K), 0.0031287 secs] [Times: user=0.00 sys=0.00, real=0.00 secs] 
120.999: [GC (Allocation Failure) [PSYoungGen: 235230K->25600K(296960K)] 757999K->650769K(996352K), 0.0155669 secs] [Times: user=0.00 sys=0.00, real=0.02 secs] 
121.014: [Full GC (Ergonomics) [PSYoungGen: 25600K->0K(296960K)] [ParOldGen: 625169K->128529K(699392K)] 650769K->128529K(996352K), [Metaspace: 2796K->2796K(1056768K)], 0.0107789 secs] [Times: user=0.00 sys=0.00, real=0.01 secs] 
122.449: [GC (Allocation Failure) [PSYoungGen: 230112K->26624K(299520K)] 358641K->155153K(998912K), 0.0029859 secs] [Times: user=0.02 sys=0.00, real=0.00 secs] 
123.870: [GC (Allocation Failure) [PSYoungGen: 231202K->30720K(298496K)] 359732K->159249K(997888K), 0.0030110 secs] [Times: user=0.02 sys=0.00, real=0.00 secs] 
125.290: [GC (Allocation Failure) [PSYoungGen: 260901K->35840K(294912K)] 389431K->174609K(994304K), 0.0033953 secs] [Times: user=0.00 sys=0.00, real=0.00 secs] 
127.471: [GC (Allocation Failure) [PSYoungGen: 276185K->10240K(296960K)] 414955K->149009K(996352K), 0.0011635 secs] [Times: user=0.00 sys=0.00, real=0.00 secs] 
129.110: [GC (Allocation Failure) [PSYoungGen: 250590K->10240K(297984K)] 389359K->205329K(997376K), 0.0053882 secs] [Times: user=0.00 sys=0.00, real=0.00 secs] 
131.076: [GC (Allocation Failure) [PSYoungGen: 240383K->5120K(297472K)] 435472K->200209K(996864K), 0.0014710 secs] [Times: user=0.00 sys=0.00, real=0.00 secs] 
132.495: [GC (Allocation Failure) [PSYoungGen: 235264K->6144K(299008K)] 430353K->252433K(998400K), 0.0048560 secs] [Times: user=0.03 sys=0.00, real=0.00 secs] 
133.915: [GC (Allocation Failure) [PSYoungGen: 236318K->11264K(297984K)] 482608K->314897K(997376K), 0.0052170 secs] [Times: user=0.02 sys=0.00, real=0.00 secs] 
135.338: [GC (Allocation Failure) [PSYoungGen: 215838K->10240K(302592K)] 519472K->365073K(1001984K), 0.0050084 secs] [Times: user=0.02 sys=0.00, real=0.01 secs] 
136.761: [GC (Allocation Failure) [PSYoungGen: 240543K->25600K(301056K)] 595377K->441873K(1000448K), 0.0065963 secs] [Times: user=0.02 sys=0.00, real=0.01 secs] 
139.176: [GC (Allocation Failure) [PSYoungGen: 276383K->10240K(304128K)] 692657K->426513K(1003520K), 0.0021444 secs] [Times: user=0.00 sys=0.00, real=0.00 secs] 
140.812: [GC (Allocation Failure) [PSYoungGen: 261086K->15360K(302592K)] 677359K->539153K(1001984K), 0.0152271 secs] [Times: user=0.00 sys=0.00, real=0.02 secs] 
143.555: [GC (Allocation Failure) [PSYoungGen: 266207K->21504K(307200K)] 790000K->545297K(1006592K), 0.0017023 secs] [Times: user=0.00 sys=0.00, real=0.00 secs] 
145.194: [GC (Allocation Failure) [PSYoungGen: 282733K->35840K(294400K)] 806526K->570897K(993792K), 0.0034419 secs] [Times: user=0.00 sys=0.00, real=0.00 secs] 
146.726: [GC (Allocation Failure) [PSYoungGen: 286712K->20480K(305152K)] 821769K->606737K(1004544K), 0.0054843 secs] [Times: user=0.00 sys=0.00, real=0.01 secs] 
146.732: [Full GC (Ergonomics) [PSYoungGen: 20480K->0K(305152K)] [ParOldGen: 586257K->72209K(699392K)] 606737K->72209K(1004544K), [Metaspace: 2796K->2796K(1056768K)], 0.0087440 secs] [Times: user=0.00 sys=0.00, real=0.01 secs] 
148.160: [GC (Allocation Failure) [PSYoungGen: 230407K->5120K(303104K)] 302616K->179729K(1002496K), 0.0052972 secs] [Times: user=0.00 sys=0.00, real=0.00 secs] 
149.581: [GC (Allocation Failure) [PSYoungGen: 235506K->5120K(305664K)] 410115K->236049K(1005056K), 0.0047647 secs] [Times: user=0.00 sys=0.00, real=0.01 secs] 
151.014: [GC (Allocation Failure) [PSYoungGen: 220276K->5120K(305152K)] 451206K->287249K(1004544K), 0.0047689 secs] [Times: user=0.00 sys=0.00, real=0.00 secs] 
152.431: [GC (Allocation Failure) [PSYoungGen: 235470K->6144K(307200K)] 517600K->344593K(1006592K), 0.0055757 secs] [Times: user=0.00 sys=0.00, real=0.01 secs] 
155.160: [GC (Allocation Failure) [PSYoungGen: 226361K->35840K(293888K)] 564811K->374289K(993280K), 0.0031917 secs] [Times: user=0.00 sys=0.00, real=0.00 secs] 
156.576: [GC (Allocation Failure) [PSYoungGen: 266177K->46080K(286720K)] 604627K->399889K(986112K), 0.0038093 secs] [Times: user=0.00 sys=0.00, real=0.00 secs] 
157.996: [GC (Allocation Failure) [PSYoungGen: 240241K->20480K(294400K)] 594051K->374289K(993792K), 0.0024243 secs] [Times: user=0.00 sys=0.00, real=0.00 secs] 
159.413: [GC (Allocation Failure) [PSYoungGen: 250483K->25600K(298496K)] 604293K->430609K(997888K), 0.0058063 secs] [Times: user=0.00 sys=0.00, real=0.01 secs] 
160.830: [GC (Allocation Failure) [PSYoungGen: 255749K->25600K(297472K)] 660759K->538129K(996864K), 0.0157009 secs] [Times: user=0.00 sys=0.00, real=0.02 secs] 
162.268: [GC (Allocation Failure) [PSYoungGen: 235271K->25600K(300544K)] 747801K->538129K(999936K), 0.0029537 secs] [Times: user=0.00 sys=0.00, real=0.00 secs] 
163.688: [GC (Allocation Failure) [PSYoungGen: 255831K->31744K(299520K)] 768361K->549393K(998912K), 0.0028634 secs] [Times: user=0.00 sys=0.00, real=0.00 secs] 
166.315: [GC (Allocation Failure) [PSYoungGen: 282449K->15360K(301056K)] 800098K->533009K(1000448K), 0.0028748 secs] [Times: user=0.00 sys=0.00, real=0.00 secs] 
167.840: [GC (Allocation Failure) [PSYoungGen: 255840K->35840K(287744K)] 773489K->558609K(987136K), 0.0033087 secs] [Times: user=0.02 sys=0.00, real=0.00 secs] 
169.477: [GC (Allocation Failure) [PSYoungGen: 286562K->0K(295424K)] 809332K->573969K(994816K), 0.0052796 secs] [Times: user=0.00 sys=0.00, real=0.01 secs] 
170.909: [GC (Allocation Failure) [PSYoungGen: 230113K->51200K(290304K)] 804083K->732689K(989696K), 0.0152895 secs] [Times: user=0.00 sys=0.00, real=0.01 secs] 
170.924: [Full GC (Ergonomics) [PSYoungGen: 51200K->0K(290304K)] [ParOldGen: 681489K->159249K(699392K)] 732689K->159249K(989696K), [Metaspace: 2796K->2796K(1056768K)], 0.0134772 secs] [Times: user=0.01 sys=0.00, real=0.01 secs] 
172.359: [GC (Allocation Failure) [PSYoungGen: 229993K->52224K(267776K)] 389242K->216593K(967168K), 0.0050616 secs] [Times: user=0.00 sys=0.00, real=0.01 secs] 
173.796: [GC (Allocation Failure) [PSYoungGen: 256139K->61440K(271872K)] 420508K->225809K(971264K), 0.0059690 secs] [Times: user=0.00 sys=0.00, real=0.01 secs] 
175.105: [GC (Allocation Failure) [PSYoungGen: 239661K->35840K(274944K)] 404030K->210449K(974336K), 0.0037208 secs] [Times: user=0.02 sys=0.00, real=0.00 secs] 
176.308: [GC (Allocation Failure) [PSYoungGen: 234402K->15360K(275968K)] 409012K->205329K(975360K), 0.0021889 secs] [Times: user=0.01 sys=0.00, real=0.00 secs] 
179.147: [GC (Allocation Failure) [PSYoungGen: 208807K->66560K(258048K)] 501176K->364049K(957440K), 0.0055636 secs] [Times: user=0.00 sys=0.00, real=0.01 secs] 
182.201: [GC (Allocation Failure) [PSYoungGen: 250482K->26624K(267776K)] 752772K->528913K(967168K), 0.0031534 secs] [Times: user=0.00 sys=0.00, real=0.00 secs] 
183.183: [GC (Allocation Failure) [PSYoungGen: 209532K->6144K(271360K)] 711822K->514577K(970752K), 0.0028722 secs] [Times: user=0.02 sys=0.00, real=0.00 secs] 
185.037: [Full GC (Ergonomics) [PSYoungGen: 153357K->0K(271360K)] [ParOldGen: 610833K->31744K(699392K)] 764191K->31744K(970752K), [Metaspace: 2796K->2796K(1056768K)], 0.0058153 secs] [Times: user=0.00 sys=0.00, real=0.01 secs] 
186.130: [GC (Allocation Failure) [PSYoungGen: 188179K->10240K(271360K)] 219923K->41984K(970752K), 0.0013827 secs] [Times: user=0.00 sys=0.00, real=0.00 secs] 
187.878: [GC (Allocation Failure) [PSYoungGen: 177930K->46080K(268800K)] 312074K->185344K(968192K), 0.0039697 secs] [Times: user=0.00 sys=0.00, real=0.00 secs] 
190.183: [GC (Allocation Failure) [PSYoungGen: 234237K->10240K(270848K)] 475901K->251904K(970240K), 0.0011905 secs] [Times: user=0.00 sys=0.00, real=0.00 secs] 
193.453: [GC (Allocation Failure) [PSYoungGen: 199426K->21536K(276480K)] 543490K->365600K(975872K), 0.0019472 secs] [Times: user=0.00 sys=0.00, real=0.00 secs] 
194.433: [GC (Allocation Failure) [PSYoungGen: 220084K->10272K(272384K)] 564148K->365608K(971776K), 0.0022607 secs] [Times: user=0.00 sys=0.00, real=0.00 secs] 
196.836: [GC (Allocation Failure) [PSYoungGen: 209839K->21504K(282112K)] 769975K->581664K(981504K), 0.0026456 secs] [Times: user=0.00 sys=0.00, real=0.00 secs] 
197.929: [GC (Allocation Failure) [PSYoungGen: 148596K->56320K(263168K)] 708756K->688160K(962560K), 0.0069247 secs] [Times: user=0.02 sys=0.00, real=0.01 secs] 
197.936: [Full GC (Ergonomics) [PSYoungGen: 56320K->0K(263168K)] [ParOldGen: 631840K->77329K(699392K)] 688160K->77329K(962560K), [Metaspace: 2796K->2796K(1056768K)], 0.0072004 secs] [Times: user=0.00 sys=0.00, real=0.01 secs] 
199.252: [GC (Allocation Failure) [PSYoungGen: 178189K->25600K(279040K)] 255519K->102929K(978432K), 0.0022628 secs] [Times: user=0.00 sys=0.00, real=0.00 secs] 
200.564: [GC (Allocation Failure) [PSYoungGen: 219081K->15360K(274432K)] 296411K->92689K(973824K), 0.0014324 secs] [Times: user=0.00 sys=0.00, real=0.00 secs] 
201.653: [GC (Allocation Failure) [PSYoungGen: 219082K->6144K(281600K)] 296412K->88593K(980992K), 0.0011227 secs] [Times: user=0.02 sys=0.00, real=0.00 secs] 
202.640: [GC (Allocation Failure) [PSYoungGen: 215155K->11264K(281088K)] 297604K->94737K(980480K), 0.0010076 secs] [Times: user=0.00 sys=0.00, real=0.00 secs] 
205.045: [GC (Allocation Failure) [PSYoungGen: 174200K->56320K(267264K)] 257674K->150033K(966656K), 0.0051955 secs] [Times: user=0.00 sys=0.00, real=0.00 secs] 
206.357: [GC (Allocation Failure) [PSYoungGen: 234382K->46080K(243712K)] 328096K->144913K(943104K), 0.0031558 secs] [Times: user=0.00 sys=0.00, real=0.00 secs] 
207.780: [GC (Allocation Failure) [PSYoungGen: 239406K->20480K(276480K)] 338240K->119313K(975872K), 0.0020078 secs] [Times: user=0.00 sys=0.00, real=0.00 secs] 
208.977: [GC (Allocation Failure) [PSYoungGen: 218993K->66560K(262656K)] 317827K->165393K(962048K), 0.0047567 secs] [Times: user=0.00 sys=0.00, real=0.00 secs] 
209.745: [GC (Allocation Failure) [PSYoungGen: 259866K->5120K(267264K)] 358700K->262673K(966656K), 0.0154040 secs] [Times: user=0.02 sys=0.00, real=0.01 secs] 
212.055: [GC (Allocation Failure) [PSYoungGen: 177747K->25600K(267264K)] 537701K->385553K(966656K), 0.0021525 secs] [Times: user=0.00 sys=0.00, real=0.00 secs] 
213.042: [GC (Allocation Failure) [PSYoungGen: 208481K->6144K(272896K)] 568435K->371217K(972288K), 0.0013123 secs] [Times: user=0.00 sys=0.00, real=0.00 secs] 
216.100: [GC (Allocation Failure) [PSYoungGen: 199458K->15360K(271872K)] 666932K->482833K(971264K), 0.0018344 secs] [Times: user=0.00 sys=0.00, real=0.00 secs] 
216.864: [GC (Allocation Failure) [PSYoungGen: 208687K->25600K(280576K)] 676161K->498193K(979968K), 0.0027113 secs] [Times: user=0.00 sys=0.00, real=0.00 secs] 
217.849: [GC (Allocation Failure) [PSYoungGen: 147476K->56320K(259584K)] 620070K->600594K(958976K), 0.0063596 secs] [Times: user=0.00 sys=0.00, real=0.01 secs] 
Heap
 PSYoungGen      total 259584K, used 187267K [0x00000000eab00000, 0x0000000100000000, 0x0000000100000000)
  eden space 202752K, 64% used [0x00000000eab00000,0x00000000f2ae0c30,0x00000000f7100000)
  from space 56832K, 99% used [0x00000000f7580000,0x00000000fac80020,0x00000000fad00000)
  to   space 75776K, 0% used [0x00000000fb600000,0x00000000fb600000,0x0000000100000000)
 ParOldGen       total 699392K, used 544273K [0x00000000c0000000, 0x00000000eab00000, 0x00000000eab00000)
  object space 699392K, 77% used [0x00000000c0000000,0x00000000e13847e0,0x00000000eab00000)
 Metaspace       used 2804K, capacity 4486K, committed 4864K, reserved 1056768K
  class space    used 297K, capacity 386K, committed 512K, reserved 1048576K
