Java HotSpot(TM) 64-Bit Server VM (25.411-b09) for windows-amd64 JRE (1.8.0_411-b09), built on Mar 13 2024 07:26:13 by "java_re" with MS VC++ 17.1 (VS2022)
Memory: 4k page, physical 33403376k(14398684k free), swap 36670664k(7406772k free)
CommandLine flags: -XX:InitialHeapSize=536870912 -XX:MaxHeapSize=536870912 -XX:NewRatio=8 -XX:ParallelGCThreads=6 -XX:+PrintGC -XX:+PrintGCDetails -XX:+PrintGCTimeStamps -XX:SurvivorRatio=6 -XX:-UseAdaptiveSizePolicy -XX:+UseCompressedClassPointers -XX:+UseCompressedOops -XX:-UseLargePagesIndividualAllocation -XX:+UseParallelGC 
0.929: [GC (Allocation Failure) [PSYoungGen: 34508K->5752K(50688K)] 34508K->10880K(517120K), 0.0027989 secs] [Times: user=0.00 sys=0.00, real=0.00 secs] 
1.629: [GC (Allocation Failure) [PSYoungGen: 48584K->2720K(50688K)] 207312K->166568K(517120K), 0.0022550 secs] [Times: user=0.00 sys=0.00, real=0.00 secs] 
2.505: [GC (Allocation Failure) [PSYoungGen: 45560K->6848K(50688K)] 209408K->180936K(517120K), 0.0040703 secs] [Times: user=0.00 sys=0.00, real=0.00 secs] 
3.319: [GC (Allocation Failure) [PSYoungGen: 45591K->6776K(50688K)] 373279K->340608K(517120K), 0.0028221 secs] [Times: user=0.00 sys=0.00, real=0.00 secs] 
4.741: [GC (Allocation Failure) [PSYoungGen: 49620K->5752K(50688K)] 383452K->344704K(517120K), 0.0022108 secs] [Times: user=0.00 sys=0.00, real=0.00 secs] 
5.395: [GC (Allocation Failure) [PSYoungGen: 42450K->5760K(50688K)] 381402K->354952K(517120K), 0.0039991 secs] [Times: user=0.00 sys=0.00, real=0.00 secs] 
5.737: [GC (Allocation Failure) [PSYoungGen: 37335K->5720K(50688K)] 437727K->416352K(517120K), 0.0034820 secs] [Times: user=0.00 sys=0.00, real=0.00 secs] 
5.741: [GC (Allocation Failure) [PSYoungGen: 5720K->5720K(50688K)] 416352K->416352K(517120K), 0.0008317 secs] [Times: user=0.00 sys=0.00, real=0.00 secs] 
5.742: [Full GC (Allocation Failure) [PSYoungGen: 5720K->0K(50688K)] [ParOldGen: 410632K->67088K(466432K)] 416352K->67088K(517120K), [Metaspace: 2753K->2753K(1056768K)], 0.0104870 secs] [Times: user=0.00 sys=0.00, real=0.01 secs] 
6.734: [GC (Allocation Failure) [PSYoungGen: 33628K->5120K(50688K)] 203117K->179728K(517120K), 0.0009428 secs] [Times: user=0.00 sys=0.00, real=0.00 secs] 
7.391: [GC (Allocation Failure) [PSYoungGen: 48403K->1056K(50688K)] 376612K->349752K(517120K), 0.0024471 secs] [Times: user=0.00 sys=0.00, real=0.00 secs] 
8.590: [GC (Allocation Failure) [PSYoungGen: 38786K->32K(50688K)] 438683K->399928K(517120K), 0.0011227 secs] [Times: user=0.00 sys=0.00, real=0.00 secs] 
8.591: [GC (Allocation Failure) [PSYoungGen: 32K->32K(50688K)] 399928K->399928K(517120K), 0.0008972 secs] [Times: user=0.00 sys=0.00, real=0.00 secs] 
8.592: [Full GC (Allocation Failure) [PSYoungGen: 32K->0K(50688K)] [ParOldGen: 399896K->51728K(466432K)] 399928K->51728K(517120K), [Metaspace: 2759K->2759K(1056768K)], 0.0050567 secs] [Times: user=0.00 sys=0.00, real=0.01 secs] 
9.586: [GC (Allocation Failure) [PSYoungGen: 33635K->5120K(50688K)] 187764K->164368K(517120K), 0.0010836 secs] [Times: user=0.00 sys=0.00, real=0.00 secs] 
10.243: [GC (Allocation Failure) [PSYoungGen: 47972K->1024K(50688K)] 360821K->313872K(517120K), 0.0005718 secs] [Times: user=0.00 sys=0.00, real=0.00 secs] 
11.115: [GC (Allocation Failure) [PSYoungGen: 43877K->5120K(50688K)] 356726K->328208K(517120K), 0.0016820 secs] [Times: user=0.00 sys=0.00, real=0.00 secs] 
11.442: [GC (Allocation Failure) [PSYoungGen: 36703K->5120K(50688K)] 410992K->379408K(517120K), 0.0011122 secs] [Times: user=0.00 sys=0.00, real=0.00 secs] 
11.443: [GC (Allocation Failure) [PSYoungGen: 5120K->5120K(50688K)] 379408K->379408K(517120K), 0.0009102 secs] [Times: user=0.00 sys=0.00, real=0.00 secs] 
11.444: [Full GC (Allocation Failure) [PSYoungGen: 5120K->0K(50688K)] [ParOldGen: 374288K->215568K(466432K)] 379408K->215568K(517120K), [Metaspace: 2761K->2761K(1056768K)], 0.0117234 secs] [Times: user=0.00 sys=0.00, real=0.01 secs] 
12.659: [GC (Allocation Failure) [PSYoungGen: 32892K->5152K(50688K)] 350861K->333368K(517120K), 0.0013119 secs] [Times: user=0.00 sys=0.00, real=0.00 secs] 
12.879: [GC (Allocation Failure) [PSYoungGen: 26499K->5184K(50688K)] 405916K->384601K(517120K), 0.0009680 secs] [Times: user=0.00 sys=0.00, real=0.00 secs] 
12.880: [GC (Allocation Failure) [PSYoungGen: 5184K->5152K(50688K)] 384601K->384569K(517120K), 0.0007267 secs] [Times: user=0.00 sys=0.00, real=0.00 secs] 
12.881: [Full GC (Allocation Failure) [PSYoungGen: 5152K->0K(50688K)] [ParOldGen: 379416K->56849K(466432K)] 384569K->56849K(517120K), [Metaspace: 2763K->2763K(1056768K)], 0.0050402 secs] [Times: user=0.00 sys=0.00, real=0.01 secs] 
13.860: [GC (Allocation Failure) [PSYoungGen: 33635K->6144K(50688K)] 192884K->165393K(517120K), 0.0008053 secs] [Times: user=0.02 sys=0.00, real=0.00 secs] 
14.519: [GC (Allocation Failure) [PSYoungGen: 48996K->2048K(50688K)] 361845K->325137K(517120K), 0.0015008 secs] [Times: user=0.00 sys=0.00, real=0.00 secs] 
15.395: [GC (Allocation Failure) [PSYoungGen: 44901K->6144K(50688K)] 367990K->339473K(517120K), 0.0015602 secs] [Times: user=0.00 sys=0.00, real=0.00 secs] 
16.705: [GC (Allocation Failure) [PSYoungGen: 47967K->5120K(50688K)] 381296K->343569K(517120K), 0.0012883 secs] [Times: user=0.00 sys=0.00, real=0.00 secs] 
17.143: [GC (Allocation Failure) [PSYoungGen: 46939K->0K(50688K)] 436588K->410129K(517120K), 0.0024759 secs] [Times: user=0.00 sys=0.00, real=0.00 secs] 
17.145: [GC (Allocation Failure) [PSYoungGen: 0K->0K(50688K)] 410129K->410129K(517120K), 0.0009843 secs] [Times: user=0.00 sys=0.00, real=0.00 secs] 
17.146: [Full GC (Allocation Failure) [PSYoungGen: 0K->0K(50688K)] [ParOldGen: 410129K->77329K(466432K)] 410129K->77329K(517120K), [Metaspace: 2768K->2768K(1056768K)], 0.0063618 secs] [Times: user=0.00 sys=0.00, real=0.01 secs] 
18.142: [GC (Allocation Failure) [PSYoungGen: 33631K->5120K(50688K)] 213360K->189969K(517120K), 0.0011474 secs] [Times: user=0.00 sys=0.00, real=0.00 secs] 
18.795: [GC (Allocation Failure) [PSYoungGen: 47969K->1024K(50688K)] 386419K->339473K(517120K), 0.0008161 secs] [Times: user=0.00 sys=0.00, real=0.00 secs] 
19.996: [GC (Allocation Failure) [PSYoungGen: 23395K->0K(50688K)] 413044K->389649K(517120K), 0.0008665 secs] [Times: user=0.00 sys=0.00, real=0.00 secs] 
19.997: [GC (Allocation Failure) [PSYoungGen: 0K->0K(50688K)] 389649K->389649K(517120K), 0.0007916 secs] [Times: user=0.00 sys=0.00, real=0.00 secs] 
19.998: [Full GC (Allocation Failure) [PSYoungGen: 0K->0K(50688K)] [ParOldGen: 389649K->51729K(466432K)] 389649K->51729K(517120K), [Metaspace: 2770K->2770K(1056768K)], 0.0047618 secs] [Times: user=0.00 sys=0.00, real=0.01 secs] 
20.993: [GC (Allocation Failure) [PSYoungGen: 33636K->5120K(50688K)] 187765K->164369K(517120K), 0.0009346 secs] [Times: user=0.00 sys=0.00, real=0.00 secs] 
21.648: [GC (Allocation Failure) [PSYoungGen: 47973K->2048K(50688K)] 360822K->314897K(517120K), 0.0007634 secs] [Times: user=0.00 sys=0.00, real=0.00 secs] 
22.525: [GC (Allocation Failure) [PSYoungGen: 44901K->6144K(50688K)] 357750K->329233K(517120K), 0.0015933 secs] [Times: user=0.00 sys=0.00, real=0.00 secs] 
22.852: [GC (Allocation Failure) [PSYoungGen: 37727K->6144K(50688K)] 412017K->380433K(517120K), 0.0010787 secs] [Times: user=0.00 sys=0.00, real=0.00 secs] 
22.854: [GC (Allocation Failure) [PSYoungGen: 6144K->6144K(50688K)] 380433K->380433K(517120K), 0.0010293 secs] [Times: user=0.00 sys=0.00, real=0.00 secs] 
22.855: [Full GC (Allocation Failure) [PSYoungGen: 6144K->0K(50688K)] [ParOldGen: 374289K->165393K(466432K)] 380433K->165393K(517120K), [Metaspace: 2779K->2779K(1056768K)], 0.0123306 secs] [Times: user=0.00 sys=0.00, real=0.01 secs] 
24.074: [GC (Allocation Failure) [PSYoungGen: 28514K->0K(50688K)] 296307K->288273K(517120K), 0.0018501 secs] [Times: user=0.00 sys=0.00, real=0.00 secs] 
24.963: [Full GC (Ergonomics) [PSYoungGen: 38755K->0K(50688K)] [ParOldGen: 441873K->21009K(466432K)] 480628K->21009K(517120K), [Metaspace: 2779K->2779K(1056768K)], 0.0039465 secs] [Times: user=0.00 sys=0.00, real=0.00 secs] 
25.506: [GC (Allocation Failure) [PSYoungGen: 36708K->0K(50688K)] 57717K->41489K(517120K), 0.0014088 secs] [Times: user=0.00 sys=0.00, real=0.00 secs] 
26.380: [GC (Allocation Failure) [PSYoungGen: 38750K->5120K(50688K)] 233839K->205329K(517120K), 0.0009711 secs] [Times: user=0.00 sys=0.00, real=0.00 secs] 
26.927: [GC (Allocation Failure) [PSYoungGen: 41825K->0K(50688K)] 242034K->210449K(517120K), 0.0011450 secs] [Times: user=0.00 sys=0.00, real=0.00 secs] 
28.020: [GC (Allocation Failure) [PSYoungGen: 41819K->5120K(50688K)] 252269K->220689K(517120K), 0.0010643 secs] [Times: user=0.00 sys=0.00, real=0.00 secs] 
28.347: [GC (Allocation Failure) [PSYoungGen: 31761K->32K(50688K)] 247330K->225849K(517120K), 0.0013510 secs] [Times: user=0.00 sys=0.00, real=0.00 secs] 
29.219: [GC (Allocation Failure) [PSYoungGen: 38770K->5184K(50688K)] 418187K->384601K(517120K), 0.0009057 secs] [Times: user=0.00 sys=0.00, real=0.00 secs] 
29.766: [GC (Allocation Failure) [PSYoungGen: 41881K->5184K(50688K)] 421298K->394841K(517120K), 0.0014437 secs] [Times: user=0.01 sys=0.00, real=0.00 secs] 
29.985: [Full GC (Ergonomics) [PSYoungGen: 26518K->0K(50688K)] [ParOldGen: 440857K->113169K(466432K)] 467376K->113169K(517120K), [Metaspace: 2793K->2793K(1056768K)], 0.0095985 secs] [Times: user=0.00 sys=0.00, real=0.01 secs] 
31.969: [GC (Allocation Failure) [PSYoungGen: 40790K->6144K(50688K)] 358760K->324113K(517120K), 0.0009784 secs] [Times: user=0.00 sys=0.00, real=0.00 secs] 
32.629: [GC (Allocation Failure) [PSYoungGen: 47964K->6144K(50688K)] 365933K->334353K(517120K), 0.0016357 secs] [Times: user=0.00 sys=0.00, real=0.00 secs] 
32.848: [GC (Allocation Failure) [PSYoungGen: 27481K->6144K(50688K)] 406891K->385553K(517120K), 0.0009264 secs] [Times: user=0.00 sys=0.00, real=0.00 secs] 
32.849: [GC (Allocation Failure) [PSYoungGen: 6144K->6144K(50688K)] 385553K->385553K(517120K), 0.0009030 secs] [Times: user=0.00 sys=0.00, real=0.00 secs] 
32.850: [Full GC (Allocation Failure) [PSYoungGen: 6144K->0K(50688K)] [ParOldGen: 379409K->57873K(466432K)] 385553K->57873K(517120K), [Metaspace: 2793K->2793K(1056768K)], 0.0052339 secs] [Times: user=0.00 sys=0.00, real=0.00 secs] 
33.847: [GC (Allocation Failure) [PSYoungGen: 33625K->6144K(50688K)] 193899K->166417K(517120K), 0.0008990 secs] [Times: user=0.00 sys=0.00, real=0.00 secs] 
34.505: [GC (Allocation Failure) [PSYoungGen: 48990K->2048K(50688K)] 362863K->326161K(517120K), 0.0012667 secs] [Times: user=0.00 sys=0.00, real=0.00 secs] 
35.486: [GC (Allocation Failure) [PSYoungGen: 29537K->0K(50688K)] 353650K->344593K(517120K), 0.0014213 secs] [Times: user=0.00 sys=0.00, real=0.00 secs] 
35.706: [GC (Allocation Failure) [PSYoungGen: 21337K->0K(50688K)] 417130K->395793K(517120K), 0.0008361 secs] [Times: user=0.00 sys=0.00, real=0.00 secs] 
35.707: [GC (Allocation Failure) [PSYoungGen: 0K->0K(50688K)] 395793K->395793K(517120K), 0.0006291 secs] [Times: user=0.00 sys=0.00, real=0.00 secs] 
35.708: [Full GC (Allocation Failure) [PSYoungGen: 0K->0K(50688K)] [ParOldGen: 395793K->61969K(466432K)] 395793K->61969K(517120K), [Metaspace: 2793K->2793K(1056768K)], 0.0053299 secs] [Times: user=0.00 sys=0.00, real=0.01 secs] 
36.703: [GC (Allocation Failure) [PSYoungGen: 33625K->5120K(50688K)] 197994K->174609K(517120K), 0.0012789 secs] [Times: user=0.00 sys=0.00, real=0.00 secs] 
37.361: [GC (Allocation Failure) [PSYoungGen: 47965K->1024K(50688K)] 371055K->344593K(517120K), 0.0020937 secs] [Times: user=0.00 sys=0.00, real=0.00 secs] 
38.230: [GC (Allocation Failure) [PSYoungGen: 43873K->5120K(50688K)] 387442K->358929K(517120K), 0.0014580 secs] [Times: user=0.00 sys=0.00, real=0.00 secs] 
39.321: [GC (Allocation Failure) [PSYoungGen: 46940K->5120K(50688K)] 451950K->415249K(517120K), 0.0011270 secs] [Times: user=0.00 sys=0.00, real=0.00 secs] 
39.756: [GC (Allocation Failure) [PSYoungGen: 36704K->0K(50688K)] 446833K->420369K(517120K), 0.0011639 secs] [Times: user=0.00 sys=0.00, real=0.00 secs] 
39.866: [GC (Allocation Failure) [PSYoungGen: 21338K->0K(50688K)] 441707K->440849K(517120K), 0.0018989 secs] [Times: user=0.00 sys=0.00, real=0.00 secs] 
39.867: [Full GC (Ergonomics) [PSYoungGen: 0K->0K(50688K)] [ParOldGen: 440849K->26129K(466432K)] 440849K->26129K(517120K), [Metaspace: 2793K->2793K(1056768K)], 0.0034782 secs] [Times: user=0.00 sys=0.00, real=0.00 secs] 
40.957: [GC (Allocation Failure) [PSYoungGen: 33626K->5120K(50688K)] 213355K->189969K(517120K), 0.0009422 secs] [Times: user=0.00 sys=0.00, real=0.00 secs] 
41.609: [GC (Allocation Failure) [PSYoungGen: 47966K->2048K(50688K)] 386415K->340497K(517120K), 0.0006852 secs] [Times: user=0.00 sys=0.00, real=0.00 secs] 
43.248: [GC (Allocation Failure) [PSYoungGen: 41825K->6144K(50688K)] 380274K->344593K(517120K), 0.0010878 secs] [Times: user=0.00 sys=0.00, real=0.00 secs] 
43.901: [GC (Allocation Failure) [PSYoungGen: 42844K->1024K(50688K)] 381293K->359953K(517120K), 0.0013943 secs] [Times: user=0.00 sys=0.00, real=0.00 secs] 
44.228: [GC (Allocation Failure) [PSYoungGen: 32600K->1024K(50688K)] 442730K->411153K(517120K), 0.0009372 secs] [Times: user=0.00 sys=0.00, real=0.00 secs] 
44.229: [GC (Allocation Failure) [PSYoungGen: 1024K->1024K(50688K)] 411153K->411153K(517120K), 0.0007737 secs] [Times: user=0.00 sys=0.00, real=0.00 secs] 
44.230: [Full GC (Allocation Failure) [PSYoungGen: 1024K->0K(50688K)] [ParOldGen: 410129K->62993K(466432K)] 411153K->62993K(517120K), [Metaspace: 2795K->2795K(1056768K)], 0.0058224 secs] [Times: user=0.00 sys=0.00, real=0.01 secs] 
45.230: [GC (Allocation Failure) [PSYoungGen: 33629K->5120K(50688K)] 199023K->175633K(517120K), 0.0009309 secs] [Times: user=0.00 sys=0.00, real=0.00 secs] 
45.884: [GC (Allocation Failure) [PSYoungGen: 47968K->1024K(50688K)] 372082K->335377K(517120K), 0.0015657 secs] [Times: user=0.00 sys=0.00, real=0.00 secs] 
47.082: [GC (Allocation Failure) [PSYoungGen: 43874K->0K(50688K)] 429428K->406033K(517120K), 0.0021123 secs] [Times: user=0.00 sys=0.00, real=0.00 secs] 
47.084: [GC (Allocation Failure) [PSYoungGen: 0K->0K(50688K)] 406033K->406033K(517120K), 0.0007465 secs] [Times: user=0.00 sys=0.00, real=0.00 secs] 
47.085: [Full GC (Allocation Failure) [PSYoungGen: 0K->0K(50688K)] [ParOldGen: 406033K->72209K(466432K)] 406033K->72209K(517120K), [Metaspace: 2795K->2795K(1056768K)], 0.0064982 secs] [Times: user=0.00 sys=0.00, real=0.01 secs] 
48.082: [GC (Allocation Failure) [PSYoungGen: 33636K->5120K(50688K)] 208245K->184849K(517120K), 0.0010829 secs] [Times: user=0.00 sys=0.00, real=0.00 secs] 
48.737: [GC (Allocation Failure) [PSYoungGen: 47972K->1024K(50688K)] 381302K->334353K(517120K), 0.0010696 secs] [Times: user=0.00 sys=0.00, real=0.00 secs] 
49.613: [GC (Allocation Failure) [PSYoungGen: 43877K->5120K(50688K)] 377206K->348689K(517120K), 0.0016148 secs] [Times: user=0.00 sys=0.00, real=0.00 secs] 
49.941: [GC (Allocation Failure) [PSYoungGen: 36703K->5120K(50688K)] 431473K->399889K(517120K), 0.0008355 secs] [Times: user=0.00 sys=0.00, real=0.00 secs] 
49.942: [GC (Allocation Failure) [PSYoungGen: 5120K->5120K(50688K)] 399889K->399889K(517120K), 0.0006985 secs] [Times: user=0.00 sys=0.00, real=0.00 secs] 
49.942: [Full GC (Allocation Failure) [PSYoungGen: 5120K->0K(50688K)] [ParOldGen: 394769K->133649K(466432K)] 399889K->133649K(517120K), [Metaspace: 2795K->2795K(1056768K)], 0.0111719 secs] [Times: user=0.00 sys=0.00, real=0.01 secs] 
51.157: [GC (Allocation Failure) [PSYoungGen: 36706K->5120K(50688K)] 272755K->251409K(517120K), 0.0012746 secs] [Times: user=0.00 sys=0.00, real=0.00 secs] 
52.027: [GC (Allocation Failure) [PSYoungGen: 43875K->6144K(50688K)] 443765K->411153K(517120K), 0.0012422 secs] [Times: user=0.00 sys=0.00, real=0.00 secs] 
52.572: [GC (Allocation Failure) [PSYoungGen: 42852K->6144K(50688K)] 447862K->421393K(517120K), 0.0014816 secs] [Times: user=0.00 sys=0.00, real=0.00 secs] 
52.681: [GC (Allocation Failure) [PSYoungGen: 27486K->6144K(50688K)] 442735K->441873K(517120K), 0.0025106 secs] [Times: user=0.00 sys=0.00, real=0.00 secs] 
52.683: [Full GC (Ergonomics) [PSYoungGen: 6144K->0K(50688K)] [ParOldGen: 435729K->32273K(466432K)] 441873K->32273K(517120K), [Metaspace: 2795K->2795K(1056768K)], 0.0038210 secs] [Times: user=0.00 sys=0.00, real=0.00 secs] 
53.769: [GC (Allocation Failure) [PSYoungGen: 33630K->6144K(50688K)] 219503K->192017K(517120K), 0.0008481 secs] [Times: user=0.00 sys=0.00, real=0.00 secs] 
55.186: [GC (Allocation Failure) [PSYoungGen: 48993K->5120K(50688K)] 234866K->196113K(517120K), 0.0011543 secs] [Times: user=0.00 sys=0.00, real=0.00 secs] 
55.843: [GC (Allocation Failure) [PSYoungGen: 47964K->1024K(50688K)] 392558K->355857K(517120K), 0.0016158 secs] [Times: user=0.00 sys=0.00, real=0.00 secs] 
56.714: [GC (Allocation Failure) [PSYoungGen: 43872K->5120K(50688K)] 398705K->370193K(517120K), 0.0015620 secs] [Times: user=0.00 sys=0.00, real=0.00 secs] 
57.043: [GC (Allocation Failure) [PSYoungGen: 36700K->5120K(50688K)] 452973K->441873K(517120K), 0.0023306 secs] [Times: user=0.00 sys=0.00, real=0.00 secs] 
57.046: [Full GC (Ergonomics) [PSYoungGen: 5120K->0K(50688K)] [ParOldGen: 436753K->92689K(466432K)] 441873K->92689K(517120K), [Metaspace: 2796K->2796K(1056768K)], 0.0075988 secs] [Times: user=0.00 sys=0.00, real=0.01 secs] 
58.808: [GC (Allocation Failure) [PSYoungGen: 40799K->1024K(50688K)] 389489K->349713K(517120K), 0.0006490 secs] [Times: user=0.00 sys=0.00, real=0.00 secs] 
59.575: [GC (Allocation Failure) [PSYoungGen: 42850K->5120K(50688K)] 391539K->364049K(517120K), 0.0015168 secs] [Times: user=0.00 sys=0.00, real=0.00 secs] 
59.905: [GC (Allocation Failure) [PSYoungGen: 36701K->5120K(50688K)] 446830K->415249K(517120K), 0.0008242 secs] [Times: user=0.00 sys=0.00, real=0.00 secs] 
59.905: [GC (Allocation Failure) [PSYoungGen: 5120K->5120K(50688K)] 415249K->415249K(517120K), 0.0009619 secs] [Times: user=0.00 sys=0.00, real=0.00 secs] 
59.906: [Full GC (Allocation Failure) [PSYoungGen: 5120K->0K(50688K)] [ParOldGen: 410129K->108049K(466432K)] 415249K->108049K(517120K), [Metaspace: 2796K->2796K(1056768K)], 0.0083844 secs] [Times: user=0.00 sys=0.00, real=0.01 secs] 
60.910: [GC (Allocation Failure) [PSYoungGen: 33632K->5120K(50688K)] 244082K->220689K(517120K), 0.0011047 secs] [Times: user=0.00 sys=0.00, real=0.00 secs] 
62.111: [GC (Allocation Failure) [PSYoungGen: 47970K->1024K(50688K)] 417140K->370193K(517120K), 0.0008888 secs] [Times: user=0.00 sys=0.00, real=0.00 secs] 
62.548: [GC (Allocation Failure) [PSYoungGen: 32611K->5120K(50688K)] 401781K->384529K(517120K), 0.0015766 secs] [Times: user=0.00 sys=0.00, real=0.00 secs] 
62.766: [GC (Allocation Failure) [PSYoungGen: 26460K->5120K(50688K)] 457069K->435729K(517120K), 0.0014236 secs] [Times: user=0.00 sys=0.00, real=0.00 secs] 
62.768: [Full GC (Ergonomics) [PSYoungGen: 5120K->0K(50688K)] [ParOldGen: 430609K->56849K(466432K)] 435729K->56849K(517120K), [Metaspace: 2796K->2796K(1056768K)], 0.0051507 secs] [Times: user=0.00 sys=0.00, real=0.00 secs] 
63.765: [GC (Allocation Failure) [PSYoungGen: 33628K->6144K(50688K)] 192877K->165393K(517120K), 0.0007865 secs] [Times: user=0.00 sys=0.00, real=0.00 secs] 
64.424: [GC (Allocation Failure) [PSYoungGen: 48992K->2048K(50688K)] 361841K->325137K(517120K), 0.0014527 secs] [Times: user=0.00 sys=0.00, real=0.00 secs] 
65.299: [GC (Allocation Failure) [PSYoungGen: 44898K->6144K(50688K)] 367987K->339473K(517120K), 0.0013919 secs] [Times: user=0.00 sys=0.00, real=0.00 secs] 
66.611: [GC (Allocation Failure) [PSYoungGen: 47965K->5120K(50688K)] 381295K->343569K(517120K), 0.0012592 secs] [Times: user=0.00 sys=0.00, real=0.00 secs] 
67.045: [GC (Allocation Failure) [PSYoungGen: 46938K->0K(50688K)] 436587K->410129K(517120K), 0.0020800 secs] [Times: user=0.00 sys=0.00, real=0.00 secs] 
67.047: [GC (Allocation Failure) [PSYoungGen: 0K->0K(50688K)] 410129K->410129K(517120K), 0.0012539 secs] [Times: user=0.00 sys=0.00, real=0.00 secs] 
67.049: [Full GC (Allocation Failure) [PSYoungGen: 0K->0K(50688K)] [ParOldGen: 410129K->77329K(466432K)] 410129K->77329K(517120K), [Metaspace: 2796K->2796K(1056768K)], 0.0063376 secs] [Times: user=0.00 sys=0.00, real=0.01 secs] 
68.045: [GC (Allocation Failure) [PSYoungGen: 33630K->5120K(50688K)] 213360K->189969K(517120K), 0.0011273 secs] [Times: user=0.00 sys=0.00, real=0.00 secs] 
68.696: [GC (Allocation Failure) [PSYoungGen: 47969K->1024K(50688K)] 386418K->339473K(517120K), 0.0008069 secs] [Times: user=0.00 sys=0.00, real=0.00 secs] 
69.897: [GC (Allocation Failure) [PSYoungGen: 23395K->0K(50688K)] 413044K->389649K(517120K), 0.0007578 secs] [Times: user=0.00 sys=0.00, real=0.00 secs] 
69.898: [GC (Allocation Failure) [PSYoungGen: 0K->0K(50688K)] 389649K->389649K(517120K), 0.0006417 secs] [Times: user=0.00 sys=0.00, real=0.00 secs] 
69.899: [Full GC (Allocation Failure) [PSYoungGen: 0K->0K(50688K)] [ParOldGen: 389649K->51729K(466432K)] 389649K->51729K(517120K), [Metaspace: 2796K->2796K(1056768K)], 0.0048868 secs] [Times: user=0.00 sys=0.00, real=0.01 secs] 
70.897: [GC (Allocation Failure) [PSYoungGen: 33636K->5120K(50688K)] 187765K->164369K(517120K), 0.0009500 secs] [Times: user=0.00 sys=0.00, real=0.00 secs] 
71.550: [GC (Allocation Failure) [PSYoungGen: 47973K->6144K(50688K)] 360822K->320017K(517120K), 0.0009825 secs] [Times: user=0.00 sys=0.00, real=0.00 secs] 
72.422: [GC (Allocation Failure) [PSYoungGen: 48997K->5120K(50688K)] 362871K->334353K(517120K), 0.0017066 secs] [Times: user=0.00 sys=0.00, real=0.00 secs] 
72.749: [GC (Allocation Failure) [PSYoungGen: 36703K->5120K(50688K)] 417137K->385553K(517120K), 0.0008440 secs] [Times: user=0.00 sys=0.00, real=0.00 secs] 
72.750: [GC (Allocation Failure) [PSYoungGen: 5120K->5120K(50688K)] 385553K->385553K(517120K), 0.0007343 secs] [Times: user=0.00 sys=0.00, real=0.00 secs] 
72.751: [Full GC (Allocation Failure) [PSYoungGen: 5120K->0K(50688K)] [ParOldGen: 380433K->165393K(466432K)] 385553K->165393K(517120K), [Metaspace: 2796K->2796K(1056768K)], 0.0124073 secs] [Times: user=0.02 sys=0.00, real=0.01 secs] 
73.968: [GC (Allocation Failure) [PSYoungGen: 28514K->0K(50688K)] 296307K->288273K(517120K), 0.0016849 secs] [Times: user=0.00 sys=0.00, real=0.00 secs] 
74.842: [Full GC (Ergonomics) [PSYoungGen: 38755K->0K(50688K)] [ParOldGen: 441873K->21009K(466432K)] 480629K->21009K(517120K), [Metaspace: 2796K->2796K(1056768K)], 0.0033268 secs] [Times: user=0.00 sys=0.00, real=0.00 secs] 
75.387: [GC (Allocation Failure) [PSYoungGen: 36708K->0K(50688K)] 57717K->41489K(517120K), 0.0012836 secs] [Times: user=0.00 sys=0.00, real=0.00 secs] 
76.260: [GC (Allocation Failure) [PSYoungGen: 38750K->5120K(50688K)] 233839K->205329K(517120K), 0.0011093 secs] [Times: user=0.00 sys=0.00, real=0.00 secs] 
76.806: [GC (Allocation Failure) [PSYoungGen: 41825K->0K(50688K)] 242034K->210449K(517120K), 0.0011791 secs] [Times: user=0.00 sys=0.00, real=0.00 secs] 
77.894: [GC (Allocation Failure) [PSYoungGen: 41819K->5120K(50688K)] 252269K->220689K(517120K), 0.0012616 secs] [Times: user=0.00 sys=0.00, real=0.00 secs] 
78.224: [GC (Allocation Failure) [PSYoungGen: 31577K->0K(50688K)] 247146K->225809K(517120K), 0.0016291 secs] [Times: user=0.00 sys=0.00, real=0.00 secs] 
79.094: [GC (Allocation Failure) [PSYoungGen: 38740K->5120K(50688K)] 418149K->384529K(517120K), 0.0008009 secs] [Times: user=0.00 sys=0.00, real=0.00 secs] 
79.642: [GC (Allocation Failure) [PSYoungGen: 41818K->5120K(50688K)] 421228K->394769K(517120K), 0.0017255 secs] [Times: user=0.00 sys=0.00, real=0.00 secs] 
79.862: [Full GC (Ergonomics) [PSYoungGen: 26455K->0K(50688K)] [ParOldGen: 440849K->113169K(466432K)] 467305K->113169K(517120K), [Metaspace: 2796K->2796K(1056768K)], 0.0086993 secs] [Times: user=0.00 sys=0.00, real=0.01 secs] 
81.837: [GC (Allocation Failure) [PSYoungGen: 40791K->6144K(50688K)] 358761K->324113K(517120K), 0.0009386 secs] [Times: user=0.00 sys=0.00, real=0.00 secs] 
82.492: [GC (Allocation Failure) [PSYoungGen: 47964K->6144K(50688K)] 365934K->334353K(517120K), 0.0015746 secs] [Times: user=0.00 sys=0.00, real=0.00 secs] 
82.710: [GC (Allocation Failure) [PSYoungGen: 27481K->6144K(50688K)] 406891K->385553K(517120K), 0.0010112 secs] [Times: user=0.00 sys=0.00, real=0.00 secs] 
82.711: [GC (Allocation Failure) [PSYoungGen: 6144K->6144K(50688K)] 385553K->385553K(517120K), 0.0009421 secs] [Times: user=0.00 sys=0.00, real=0.00 secs] 
82.712: [Full GC (Allocation Failure) [PSYoungGen: 6144K->0K(50688K)] [ParOldGen: 379409K->57873K(466432K)] 385553K->57873K(517120K), [Metaspace: 2796K->2796K(1056768K)], 0.0052453 secs] [Times: user=0.00 sys=0.00, real=0.00 secs] 
83.708: [GC (Allocation Failure) [PSYoungGen: 33626K->6144K(50688K)] 193899K->166417K(517120K), 0.0008212 secs] [Times: user=0.00 sys=0.00, real=0.00 secs] 
84.364: [GC (Allocation Failure) [PSYoungGen: 48990K->2048K(50688K)] 362863K->326161K(517120K), 0.0013855 secs] [Times: user=0.00 sys=0.00, real=0.00 secs] 
85.342: [GC (Allocation Failure) [PSYoungGen: 29537K->0K(50688K)] 353650K->344593K(517120K), 0.0016548 secs] [Times: user=0.00 sys=0.00, real=0.00 secs] 
85.560: [GC (Allocation Failure) [PSYoungGen: 21337K->0K(50688K)] 417130K->395793K(517120K), 0.0009104 secs] [Times: user=0.00 sys=0.00, real=0.00 secs] 
85.561: [GC (Allocation Failure) [PSYoungGen: 0K->0K(50688K)] 395793K->395793K(517120K), 0.0006970 secs] [Times: user=0.00 sys=0.00, real=0.00 secs] 
85.562: [Full GC (Allocation Failure) [PSYoungGen: 0K->0K(50688K)] [ParOldGen: 395793K->61969K(466432K)] 395793K->61969K(517120K), [Metaspace: 2796K->2796K(1056768K)], 0.0054140 secs] [Times: user=0.00 sys=0.00, real=0.01 secs] 
86.556: [GC (Allocation Failure) [PSYoungGen: 33625K->5120K(50688K)] 197994K->174609K(517120K), 0.0010808 secs] [Times: user=0.00 sys=0.00, real=0.00 secs] 
87.212: [GC (Allocation Failure) [PSYoungGen: 47966K->1024K(50688K)] 371055K->344593K(517120K), 0.0020962 secs] [Times: user=0.00 sys=0.00, real=0.00 secs] 
88.084: [GC (Allocation Failure) [PSYoungGen: 43873K->5120K(50688K)] 387442K->358929K(517120K), 0.0015696 secs] [Times: user=0.00 sys=0.00, real=0.00 secs] 
89.179: [GC (Allocation Failure) [PSYoungGen: 46940K->5120K(50688K)] 451950K->415249K(517120K), 0.0011142 secs] [Times: user=0.00 sys=0.00, real=0.00 secs] 
89.618: [GC (Allocation Failure) [PSYoungGen: 36704K->0K(50688K)] 446833K->420369K(517120K), 0.0013421 secs] [Times: user=0.00 sys=0.00, real=0.00 secs] 
89.727: [GC (Allocation Failure) [PSYoungGen: 21338K->0K(50688K)] 441707K->440849K(517120K), 0.0020184 secs] [Times: user=0.00 sys=0.00, real=0.00 secs] 
89.729: [Full GC (Ergonomics) [PSYoungGen: 0K->0K(50688K)] [ParOldGen: 440849K->26129K(466432K)] 440849K->26129K(517120K), [Metaspace: 2796K->2796K(1056768K)], 0.0036683 secs] [Times: user=0.00 sys=0.00, real=0.00 secs] 
90.817: [GC (Allocation Failure) [PSYoungGen: 33626K->5120K(50688K)] 213355K->189969K(517120K), 0.0011823 secs] [Times: user=0.00 sys=0.00, real=0.00 secs] 
91.475: [GC (Allocation Failure) [PSYoungGen: 47966K->2048K(50688K)] 386415K->340497K(517120K), 0.0007082 secs] [Times: user=0.00 sys=0.00, real=0.00 secs] 
93.118: [GC (Allocation Failure) [PSYoungGen: 41825K->6144K(50688K)] 380274K->344593K(517120K), 0.0008222 secs] [Times: user=0.00 sys=0.00, real=0.00 secs] 
93.775: [GC (Allocation Failure) [PSYoungGen: 42844K->1024K(50688K)] 381293K->359953K(517120K), 0.0017076 secs] [Times: user=0.00 sys=0.00, real=0.00 secs] 
94.102: [GC (Allocation Failure) [PSYoungGen: 32600K->1024K(50688K)] 442730K->411153K(517120K), 0.0009652 secs] [Times: user=0.00 sys=0.00, real=0.00 secs] 
94.103: [GC (Allocation Failure) [PSYoungGen: 1024K->1024K(50688K)] 411153K->411153K(517120K), 0.0010891 secs] [Times: user=0.00 sys=0.00, real=0.00 secs] 
94.104: [Full GC (Allocation Failure) [PSYoungGen: 1024K->0K(50688K)] [ParOldGen: 410129K->62993K(466432K)] 411153K->62993K(517120K), [Metaspace: 2796K->2796K(1056768K)], 0.0055943 secs] [Times: user=0.00 sys=0.00, real=0.01 secs] 
95.098: [GC (Allocation Failure) [PSYoungGen: 33629K->5120K(50688K)] 199023K->175633K(517120K), 0.0010237 secs] [Times: user=0.00 sys=0.00, real=0.00 secs] 
95.751: [GC (Allocation Failure) [PSYoungGen: 47968K->1024K(50688K)] 372082K->335377K(517120K), 0.0016295 secs] [Times: user=0.02 sys=0.00, real=0.00 secs] 
96.953: [GC (Allocation Failure) [PSYoungGen: 43874K->0K(50688K)] 429428K->406033K(517120K), 0.0021858 secs] [Times: user=0.00 sys=0.00, real=0.00 secs] 
96.955: [GC (Allocation Failure) [PSYoungGen: 0K->0K(50688K)] 406033K->406033K(517120K), 0.0010229 secs] [Times: user=0.02 sys=0.00, real=0.00 secs] 
96.956: [Full GC (Allocation Failure) [PSYoungGen: 0K->0K(50688K)] [ParOldGen: 406033K->72209K(466432K)] 406033K->72209K(517120K), [Metaspace: 2796K->2796K(1056768K)], 0.0060637 secs] [Times: user=0.00 sys=0.00, real=0.01 secs] 
97.949: [GC (Allocation Failure) [PSYoungGen: 33636K->5120K(50688K)] 208245K->184849K(517120K), 0.0008800 secs] [Times: user=0.00 sys=0.00, real=0.00 secs] 
98.607: [GC (Allocation Failure) [PSYoungGen: 47972K->1024K(50688K)] 381302K->334353K(517120K), 0.0007822 secs] [Times: user=0.00 sys=0.00, real=0.00 secs] 
99.479: [GC (Allocation Failure) [PSYoungGen: 43877K->5120K(50688K)] 377206K->348689K(517120K), 0.0014740 secs] [Times: user=0.00 sys=0.00, real=0.00 secs] 
99.809: [GC (Allocation Failure) [PSYoungGen: 36703K->5120K(50688K)] 431473K->399889K(517120K), 0.0007571 secs] [Times: user=0.00 sys=0.00, real=0.00 secs] 
99.809: [GC (Allocation Failure) [PSYoungGen: 5120K->5120K(50688K)] 399889K->399889K(517120K), 0.0006907 secs] [Times: user=0.00 sys=0.00, real=0.00 secs] 
99.810: [Full GC (Allocation Failure) [PSYoungGen: 5120K->0K(50688K)] [ParOldGen: 394769K->133649K(466432K)] 399889K->133649K(517120K), [Metaspace: 2796K->2796K(1056768K)], 0.0096209 secs] [Times: user=0.00 sys=0.00, real=0.01 secs] 
101.025: [GC (Allocation Failure) [PSYoungGen: 36706K->5120K(50688K)] 272755K->251409K(517120K), 0.0015611 secs] [Times: user=0.00 sys=0.00, real=0.00 secs] 
101.902: [GC (Allocation Failure) [PSYoungGen: 43875K->6144K(50688K)] 443765K->411153K(517120K), 0.0012736 secs] [Times: user=0.00 sys=0.00, real=0.00 secs] 
102.445: [GC (Allocation Failure) [PSYoungGen: 42852K->6144K(50688K)] 447862K->421393K(517120K), 0.0015709 secs] [Times: user=0.00 sys=0.00, real=0.00 secs] 
102.554: [GC (Allocation Failure) [PSYoungGen: 27486K->6144K(50688K)] 442735K->441873K(517120K), 0.0025269 secs] [Times: user=0.00 sys=0.00, real=0.00 secs] 
102.556: [Full GC (Ergonomics) [PSYoungGen: 6144K->0K(50688K)] [ParOldGen: 435729K->32273K(466432K)] 441873K->32273K(517120K), [Metaspace: 2796K->2796K(1056768K)], 0.0041340 secs] [Times: user=0.00 sys=0.00, real=0.01 secs] 
103.661: [GC (Allocation Failure) [PSYoungGen: 33630K->6144K(50688K)] 219503K->192017K(517120K), 0.0008869 secs] [Times: user=0.00 sys=0.00, real=0.00 secs] 
105.084: [GC (Allocation Failure) [PSYoungGen: 48993K->5120K(50688K)] 234866K->196113K(517120K), 0.0010419 secs] [Times: user=0.00 sys=0.00, real=0.00 secs] 
105.733: [GC (Allocation Failure) [PSYoungGen: 47964K->1024K(50688K)] 392558K->355857K(517120K), 0.0012520 secs] [Times: user=0.00 sys=0.00, real=0.00 secs] 
106.607: [GC (Allocation Failure) [PSYoungGen: 43872K->5120K(50688K)] 398705K->370193K(517120K), 0.0016315 secs] [Times: user=0.00 sys=0.00, real=0.00 secs] 
106.938: [GC (Allocation Failure) [PSYoungGen: 36700K->5120K(50688K)] 452973K->441873K(517120K), 0.0025886 secs] [Times: user=0.01 sys=0.00, real=0.00 secs] 
106.941: [Full GC (Ergonomics) [PSYoungGen: 5120K->0K(50688K)] [ParOldGen: 436753K->92689K(466432K)] 441873K->92689K(517120K), [Metaspace: 2796K->2796K(1056768K)], 0.0077211 secs] [Times: user=0.00 sys=0.00, real=0.01 secs] 
108.697: [GC (Allocation Failure) [PSYoungGen: 40799K->1024K(50688K)] 389489K->349713K(517120K), 0.0008426 secs] [Times: user=0.00 sys=0.00, real=0.00 secs] 
109.461: [GC (Allocation Failure) [PSYoungGen: 42850K->5120K(50688K)] 391539K->364049K(517120K), 0.0015879 secs] [Times: user=0.00 sys=0.00, real=0.00 secs] 
109.789: [GC (Allocation Failure) [PSYoungGen: 36701K->5120K(50688K)] 446830K->415249K(517120K), 0.0011214 secs] [Times: user=0.00 sys=0.00, real=0.00 secs] 
109.790: [GC (Allocation Failure) [PSYoungGen: 5120K->5120K(50688K)] 415249K->415249K(517120K), 0.0007151 secs] [Times: user=0.00 sys=0.00, real=0.00 secs] 
109.791: [Full GC (Allocation Failure) [PSYoungGen: 5120K->0K(50688K)] [ParOldGen: 410129K->108049K(466432K)] 415249K->108049K(517120K), [Metaspace: 2796K->2796K(1056768K)], 0.0084150 secs] [Times: user=0.00 sys=0.00, real=0.01 secs] 
110.790: [GC (Allocation Failure) [PSYoungGen: 33632K->5120K(50688K)] 244082K->220689K(517120K), 0.0010603 secs] [Times: user=0.00 sys=0.00, real=0.00 secs] 
111.989: [GC (Allocation Failure) [PSYoungGen: 47970K->1024K(50688K)] 417140K->370193K(517120K), 0.0009659 secs] [Times: user=0.00 sys=0.00, real=0.00 secs] 
112.424: [GC (Allocation Failure) [PSYoungGen: 32611K->5120K(50688K)] 401781K->384529K(517120K), 0.0014331 secs] [Times: user=0.00 sys=0.00, real=0.00 secs] 
112.644: [GC (Allocation Failure) [PSYoungGen: 26460K->5120K(50688K)] 457069K->435729K(517120K), 0.0008058 secs] [Times: user=0.00 sys=0.00, real=0.00 secs] 
112.645: [Full GC (Ergonomics) [PSYoungGen: 5120K->0K(50688K)] [ParOldGen: 430609K->56849K(466432K)] 435729K->56849K(517120K), [Metaspace: 2796K->2796K(1056768K)], 0.0053833 secs] [Times: user=0.00 sys=0.00, real=0.01 secs] 
113.643: [GC (Allocation Failure) [PSYoungGen: 33628K->6144K(50688K)] 192877K->165393K(517120K), 0.0009518 secs] [Times: user=0.00 sys=0.00, real=0.00 secs] 
114.296: [GC (Allocation Failure) [PSYoungGen: 48992K->2048K(50688K)] 361841K->325137K(517120K), 0.0016199 secs] [Times: user=0.00 sys=0.00, real=0.00 secs] 
115.171: [GC (Allocation Failure) [PSYoungGen: 44898K->6144K(50688K)] 367987K->339473K(517120K), 0.0015965 secs] [Times: user=0.00 sys=0.00, real=0.00 secs] 
116.476: [GC (Allocation Failure) [PSYoungGen: 47965K->5120K(50688K)] 381295K->343569K(517120K), 0.0009959 secs] [Times: user=0.00 sys=0.00, real=0.00 secs] 
116.913: [GC (Allocation Failure) [PSYoungGen: 46938K->0K(50688K)] 436587K->410129K(517120K), 0.0020072 secs] [Times: user=0.00 sys=0.00, real=0.00 secs] 
116.915: [GC (Allocation Failure) [PSYoungGen: 0K->0K(50688K)] 410129K->410129K(517120K), 0.0009091 secs] [Times: user=0.00 sys=0.00, real=0.00 secs] 
116.916: [Full GC (Allocation Failure) [PSYoungGen: 0K->0K(50688K)] [ParOldGen: 410129K->77329K(466432K)] 410129K->77329K(517120K), [Metaspace: 2796K->2796K(1056768K)], 0.0064186 secs] [Times: user=0.00 sys=0.00, real=0.01 secs] 
117.910: [GC (Allocation Failure) [PSYoungGen: 33630K->5120K(50688K)] 213360K->189969K(517120K), 0.0010687 secs] [Times: user=0.00 sys=0.00, real=0.00 secs] 
118.565: [GC (Allocation Failure) [PSYoungGen: 47969K->1024K(50688K)] 386418K->339473K(517120K), 0.0007259 secs] [Times: user=0.00 sys=0.00, real=0.00 secs] 
119.767: [GC (Allocation Failure) [PSYoungGen: 23395K->0K(50688K)] 413044K->389649K(517120K), 0.0007914 secs] [Times: user=0.00 sys=0.00, real=0.00 secs] 
119.768: [GC (Allocation Failure) [PSYoungGen: 0K->0K(50688K)] 389649K->389649K(517120K), 0.0007514 secs] [Times: user=0.00 sys=0.00, real=0.00 secs] 
119.768: [Full GC (Allocation Failure) [PSYoungGen: 0K->0K(50688K)] [ParOldGen: 389649K->51729K(466432K)] 389649K->51729K(517120K), [Metaspace: 2796K->2796K(1056768K)], 0.0048111 secs] [Times: user=0.00 sys=0.00, real=0.00 secs] 
120.761: [GC (Allocation Failure) [PSYoungGen: 33636K->5120K(50688K)] 187765K->164369K(517120K), 0.0009612 secs] [Times: user=0.00 sys=0.00, real=0.00 secs] 
121.415: [GC (Allocation Failure) [PSYoungGen: 47973K->6144K(50688K)] 360822K->320017K(517120K), 0.0009920 secs] [Times: user=0.00 sys=0.00, real=0.00 secs] 
122.288: [GC (Allocation Failure) [PSYoungGen: 48997K->5120K(50688K)] 362871K->334353K(517120K), 0.0018865 secs] [Times: user=0.00 sys=0.00, real=0.00 secs] 
122.614: [GC (Allocation Failure) [PSYoungGen: 36703K->5120K(50688K)] 417137K->385553K(517120K), 0.0008544 secs] [Times: user=0.00 sys=0.00, real=0.00 secs] 
122.615: [GC (Allocation Failure) [PSYoungGen: 5120K->5120K(50688K)] 385553K->385553K(517120K), 0.0007643 secs] [Times: user=0.00 sys=0.00, real=0.00 secs] 
122.615: [Full GC (Allocation Failure) [PSYoungGen: 5120K->0K(50688K)] [ParOldGen: 380433K->165393K(466432K)] 385553K->165393K(517120K), [Metaspace: 2796K->2796K(1056768K)], 0.0124475 secs] [Times: user=0.00 sys=0.00, real=0.01 secs] 
123.827: [GC (Allocation Failure) [PSYoungGen: 28514K->0K(50688K)] 296307K->288273K(517120K), 0.0019471 secs] [Times: user=0.00 sys=0.00, real=0.00 secs] 
124.699: [Full GC (Ergonomics) [PSYoungGen: 38755K->0K(50688K)] [ParOldGen: 441873K->21009K(466432K)] 480629K->21009K(517120K), [Metaspace: 2796K->2796K(1056768K)], 0.0029958 secs] [Times: user=0.00 sys=0.00, real=0.00 secs] 
125.247: [GC (Allocation Failure) [PSYoungGen: 36708K->0K(50688K)] 57717K->41489K(517120K), 0.0013236 secs] [Times: user=0.00 sys=0.00, real=0.00 secs] 
126.116: [GC (Allocation Failure) [PSYoungGen: 38750K->5120K(50688K)] 233839K->205329K(517120K), 0.0012584 secs] [Times: user=0.00 sys=0.00, real=0.00 secs] 
126.663: [GC (Allocation Failure) [PSYoungGen: 41825K->5120K(50688K)] 242034K->215569K(517120K), 0.0015025 secs] [Times: user=0.00 sys=0.00, real=0.00 secs] 
127.752: [GC (Allocation Failure) [PSYoungGen: 46939K->5120K(50688K)] 257389K->220689K(517120K), 0.0011890 secs] [Times: user=0.00 sys=0.00, real=0.00 secs] 
128.082: [GC (Allocation Failure) [PSYoungGen: 31577K->0K(50688K)] 247146K->225809K(517120K), 0.0013109 secs] [Times: user=0.00 sys=0.00, real=0.00 secs] 
128.955: [GC (Allocation Failure) [PSYoungGen: 38740K->5120K(50688K)] 418149K->384529K(517120K), 0.0008233 secs] [Times: user=0.00 sys=0.00, real=0.00 secs] 
129.499: [GC (Allocation Failure) [PSYoungGen: 41818K->5120K(50688K)] 421228K->394769K(517120K), 0.0014206 secs] [Times: user=0.00 sys=0.00, real=0.00 secs] 
129.717: [Full GC (Ergonomics) [PSYoungGen: 26455K->0K(50688K)] [ParOldGen: 440849K->113169K(466432K)] 467305K->113169K(517120K), [Metaspace: 2796K->2796K(1056768K)], 0.0087845 secs] [Times: user=0.02 sys=0.00, real=0.01 secs] 
131.706: [GC (Allocation Failure) [PSYoungGen: 40791K->6144K(50688K)] 358761K->324113K(517120K), 0.0009519 secs] [Times: user=0.00 sys=0.00, real=0.00 secs] 
132.360: [GC (Allocation Failure) [PSYoungGen: 47964K->6144K(50688K)] 365934K->334353K(517120K), 0.0016131 secs] [Times: user=0.02 sys=0.00, real=0.00 secs] 
132.578: [GC (Allocation Failure) [PSYoungGen: 27481K->6144K(50688K)] 406891K->385553K(517120K), 0.0010573 secs] [Times: user=0.00 sys=0.00, real=0.00 secs] 
132.579: [GC (Allocation Failure) [PSYoungGen: 6144K->6144K(50688K)] 385553K->385553K(517120K), 0.0008066 secs] [Times: user=0.00 sys=0.00, real=0.00 secs] 
132.580: [Full GC (Allocation Failure) [PSYoungGen: 6144K->0K(50688K)] [ParOldGen: 379409K->57873K(466432K)] 385553K->57873K(517120K), [Metaspace: 2796K->2796K(1056768K)], 0.0051317 secs] [Times: user=0.00 sys=0.00, real=0.00 secs] 
133.581: [GC (Allocation Failure) [PSYoungGen: 33626K->6144K(50688K)] 193899K->166417K(517120K), 0.0006986 secs] [Times: user=0.00 sys=0.00, real=0.00 secs] 
134.235: [GC (Allocation Failure) [PSYoungGen: 48990K->2048K(50688K)] 362863K->326161K(517120K), 0.0013337 secs] [Times: user=0.00 sys=0.00, real=0.00 secs] 
135.216: [GC (Allocation Failure) [PSYoungGen: 29537K->0K(50688K)] 353650K->344593K(517120K), 0.0014878 secs] [Times: user=0.00 sys=0.00, real=0.00 secs] 
135.432: [GC (Allocation Failure) [PSYoungGen: 21337K->0K(50688K)] 417130K->395793K(517120K), 0.0011508 secs] [Times: user=0.00 sys=0.00, real=0.00 secs] 
135.433: [GC (Allocation Failure) [PSYoungGen: 0K->0K(50688K)] 395793K->395793K(517120K), 0.0010463 secs] [Times: user=0.00 sys=0.00, real=0.00 secs] 
135.435: [Full GC (Allocation Failure) [PSYoungGen: 0K->0K(50688K)] [ParOldGen: 395793K->61969K(466432K)] 395793K->61969K(517120K), [Metaspace: 2796K->2796K(1056768K)], 0.0054722 secs] [Times: user=0.00 sys=0.00, real=0.01 secs] 
136.428: [GC (Allocation Failure) [PSYoungGen: 33625K->5120K(50688K)] 197994K->174609K(517120K), 0.0009509 secs] [Times: user=0.00 sys=0.00, real=0.00 secs] 
137.084: [GC (Allocation Failure) [PSYoungGen: 47966K->1024K(50688K)] 371055K->344593K(517120K), 0.0019825 secs] [Times: user=0.00 sys=0.00, real=0.00 secs] 
137.957: [GC (Allocation Failure) [PSYoungGen: 43873K->5120K(50688K)] 387442K->358929K(517120K), 0.0015056 secs] [Times: user=0.00 sys=0.00, real=0.00 secs] 
139.051: [GC (Allocation Failure) [PSYoungGen: 46940K->5120K(50688K)] 451950K->415249K(517120K), 0.0010976 secs] [Times: user=0.00 sys=0.00, real=0.00 secs] 
139.490: [GC (Allocation Failure) [PSYoungGen: 36704K->0K(50688K)] 446833K->420369K(517120K), 0.0012947 secs] [Times: user=0.00 sys=0.00, real=0.00 secs] 
139.600: [GC (Allocation Failure) [PSYoungGen: 21338K->0K(50688K)] 441707K->440849K(517120K), 0.0022191 secs] [Times: user=0.00 sys=0.00, real=0.00 secs] 
139.603: [Full GC (Ergonomics) [PSYoungGen: 0K->0K(50688K)] [ParOldGen: 440849K->26129K(466432K)] 440849K->26129K(517120K), [Metaspace: 2796K->2796K(1056768K)], 0.0036474 secs] [Times: user=0.00 sys=0.00, real=0.00 secs] 
140.691: [GC (Allocation Failure) [PSYoungGen: 33626K->5120K(50688K)] 213355K->189969K(517120K), 0.0010450 secs] [Times: user=0.00 sys=0.00, real=0.00 secs] 
141.347: [GC (Allocation Failure) [PSYoungGen: 47966K->2048K(50688K)] 386415K->340497K(517120K), 0.0008270 secs] [Times: user=0.00 sys=0.00, real=0.00 secs] 
142.987: [GC (Allocation Failure) [PSYoungGen: 41825K->6144K(50688K)] 380274K->344593K(517120K), 0.0011289 secs] [Times: user=0.00 sys=0.00, real=0.00 secs] 
143.642: [GC (Allocation Failure) [PSYoungGen: 42844K->1024K(50688K)] 381293K->359953K(517120K), 0.0014644 secs] [Times: user=0.03 sys=0.00, real=0.00 secs] 
143.970: [GC (Allocation Failure) [PSYoungGen: 32600K->1024K(50688K)] 442730K->411153K(517120K), 0.0008664 secs] [Times: user=0.00 sys=0.00, real=0.00 secs] 
143.970: [GC (Allocation Failure) [PSYoungGen: 1024K->1024K(50688K)] 411153K->411153K(517120K), 0.0007381 secs] [Times: user=0.00 sys=0.00, real=0.00 secs] 
143.971: [Full GC (Allocation Failure) [PSYoungGen: 1024K->0K(50688K)] [ParOldGen: 410129K->62993K(466432K)] 411153K->62993K(517120K), [Metaspace: 2796K->2796K(1056768K)], 0.0055554 secs] [Times: user=0.00 sys=0.00, real=0.01 secs] 
144.968: [GC (Allocation Failure) [PSYoungGen: 33629K->5120K(50688K)] 199023K->175633K(517120K), 0.0010080 secs] [Times: user=0.00 sys=0.00, real=0.00 secs] 
145.627: [GC (Allocation Failure) [PSYoungGen: 47968K->1024K(50688K)] 372082K->335377K(517120K), 0.0015633 secs] [Times: user=0.00 sys=0.00, real=0.00 secs] 
146.829: [GC (Allocation Failure) [PSYoungGen: 43874K->0K(50688K)] 429428K->406033K(517120K), 0.0022154 secs] [Times: user=0.00 sys=0.00, real=0.00 secs] 
146.831: [GC (Allocation Failure) [PSYoungGen: 0K->0K(50688K)] 406033K->406033K(517120K), 0.0006493 secs] [Times: user=0.00 sys=0.00, real=0.00 secs] 
146.832: [Full GC (Allocation Failure) [PSYoungGen: 0K->0K(50688K)] [ParOldGen: 406033K->72209K(466432K)] 406033K->72209K(517120K), [Metaspace: 2796K->2796K(1056768K)], 0.0060093 secs] [Times: user=0.00 sys=0.00, real=0.01 secs] 
147.827: [GC (Allocation Failure) [PSYoungGen: 33636K->5120K(50688K)] 208245K->184849K(517120K), 0.0009704 secs] [Times: user=0.00 sys=0.00, real=0.00 secs] 
148.482: [GC (Allocation Failure) [PSYoungGen: 47972K->1024K(50688K)] 381302K->334353K(517120K), 0.0010824 secs] [Times: user=0.00 sys=0.00, real=0.00 secs] 
149.353: [GC (Allocation Failure) [PSYoungGen: 43877K->5120K(50688K)] 377206K->348689K(517120K), 0.0015423 secs] [Times: user=0.00 sys=0.00, real=0.00 secs] 
149.680: [GC (Allocation Failure) [PSYoungGen: 36703K->5120K(50688K)] 431473K->399889K(517120K), 0.0009189 secs] [Times: user=0.00 sys=0.00, real=0.00 secs] 
149.681: [GC (Allocation Failure) [PSYoungGen: 5120K->5120K(50688K)] 399889K->399889K(517120K), 0.0009682 secs] [Times: user=0.00 sys=0.00, real=0.00 secs] 
149.682: [Full GC (Allocation Failure) [PSYoungGen: 5120K->0K(50688K)] [ParOldGen: 394769K->133649K(466432K)] 399889K->133649K(517120K), [Metaspace: 2796K->2796K(1056768K)], 0.0100004 secs] [Times: user=0.01 sys=0.00, real=0.01 secs] 
150.896: [GC (Allocation Failure) [PSYoungGen: 36706K->5120K(50688K)] 272755K->251409K(517120K), 0.0014485 secs] [Times: user=0.00 sys=0.00, real=0.00 secs] 
151.770: [GC (Allocation Failure) [PSYoungGen: 43875K->6144K(50688K)] 443765K->411153K(517120K), 0.0011229 secs] [Times: user=0.00 sys=0.00, real=0.00 secs] 
152.316: [GC (Allocation Failure) [PSYoungGen: 42852K->6144K(50688K)] 447862K->421393K(517120K), 0.0014465 secs] [Times: user=0.00 sys=0.00, real=0.00 secs] 
152.426: [GC (Allocation Failure) [PSYoungGen: 27486K->6144K(50688K)] 442735K->441873K(517120K), 0.0024773 secs] [Times: user=0.00 sys=0.00, real=0.00 secs] 
152.428: [Full GC (Ergonomics) [PSYoungGen: 6144K->0K(50688K)] [ParOldGen: 435729K->32273K(466432K)] 441873K->32273K(517120K), [Metaspace: 2796K->2796K(1056768K)], 0.0039004 secs] [Times: user=0.00 sys=0.00, real=0.00 secs] 
153.519: [GC (Allocation Failure) [PSYoungGen: 33630K->6144K(50688K)] 219503K->192017K(517120K), 0.0007804 secs] [Times: user=0.00 sys=0.00, real=0.00 secs] 
154.941: [GC (Allocation Failure) [PSYoungGen: 48993K->5120K(50688K)] 234866K->196113K(517120K), 0.0010512 secs] [Times: user=0.00 sys=0.00, real=0.00 secs] 
155.594: [GC (Allocation Failure) [PSYoungGen: 47964K->1024K(50688K)] 392558K->355857K(517120K), 0.0015488 secs] [Times: user=0.00 sys=0.00, real=0.00 secs] 
156.466: [GC (Allocation Failure) [PSYoungGen: 43872K->5120K(50688K)] 398705K->370193K(517120K), 0.0016865 secs] [Times: user=0.00 sys=0.00, real=0.00 secs] 
156.794: [GC (Allocation Failure) [PSYoungGen: 36700K->5120K(50688K)] 452973K->441873K(517120K), 0.0023594 secs] [Times: user=0.00 sys=0.00, real=0.00 secs] 
156.796: [Full GC (Ergonomics) [PSYoungGen: 5120K->0K(50688K)] [ParOldGen: 436753K->92689K(466432K)] 441873K->92689K(517120K), [Metaspace: 2796K->2796K(1056768K)], 0.0074906 secs] [Times: user=0.00 sys=0.00, real=0.01 secs] 
158.557: [GC (Allocation Failure) [PSYoungGen: 40799K->1024K(50688K)] 389489K->349713K(517120K), 0.0007294 secs] [Times: user=0.00 sys=0.00, real=0.00 secs] 
159.318: [GC (Allocation Failure) [PSYoungGen: 42850K->5120K(50688K)] 391539K->364049K(517120K), 0.0014714 secs] [Times: user=0.00 sys=0.00, real=0.00 secs] 
159.646: [GC (Allocation Failure) [PSYoungGen: 36701K->5120K(50688K)] 446830K->415249K(517120K), 0.0010590 secs] [Times: user=0.00 sys=0.00, real=0.00 secs] 
159.647: [GC (Allocation Failure) [PSYoungGen: 5120K->5120K(50688K)] 415249K->415249K(517120K), 0.0009977 secs] [Times: user=0.00 sys=0.00, real=0.00 secs] 
159.648: [Full GC (Allocation Failure) [PSYoungGen: 5120K->0K(50688K)] [ParOldGen: 410129K->108049K(466432K)] 415249K->108049K(517120K), [Metaspace: 2796K->2796K(1056768K)], 0.0083634 secs] [Times: user=0.00 sys=0.00, real=0.01 secs] 
160.645: [GC (Allocation Failure) [PSYoungGen: 33632K->5120K(50688K)] 244082K->220689K(517120K), 0.0012153 secs] [Times: user=0.00 sys=0.00, real=0.00 secs] 
161.848: [GC (Allocation Failure) [PSYoungGen: 47970K->1024K(50688K)] 417140K->370193K(517120K), 0.0009190 secs] [Times: user=0.00 sys=0.00, real=0.00 secs] 
162.287: [GC (Allocation Failure) [PSYoungGen: 32611K->5120K(50688K)] 401781K->384529K(517120K), 0.0016510 secs] [Times: user=0.00 sys=0.00, real=0.00 secs] 
162.503: [GC (Allocation Failure) [PSYoungGen: 26460K->5120K(50688K)] 457069K->435729K(517120K), 0.0008877 secs] [Times: user=0.00 sys=0.00, real=0.00 secs] 
162.504: [Full GC (Ergonomics) [PSYoungGen: 5120K->0K(50688K)] [ParOldGen: 430609K->56849K(466432K)] 435729K->56849K(517120K), [Metaspace: 2796K->2796K(1056768K)], 0.0050920 secs] [Times: user=0.00 sys=0.00, real=0.01 secs] 
163.498: [GC (Allocation Failure) [PSYoungGen: 33628K->6144K(50688K)] 192877K->165393K(517120K), 0.0009164 secs] [Times: user=0.00 sys=0.00, real=0.00 secs] 
164.149: [GC (Allocation Failure) [PSYoungGen: 48992K->2048K(50688K)] 361841K->325137K(517120K), 0.0015109 secs] [Times: user=0.00 sys=0.00, real=0.00 secs] 
165.025: [GC (Allocation Failure) [PSYoungGen: 44898K->6144K(50688K)] 367987K->339473K(517120K), 0.0016022 secs] [Times: user=0.00 sys=0.00, real=0.00 secs] 
166.337: [GC (Allocation Failure) [PSYoungGen: 47965K->5120K(50688K)] 381295K->343569K(517120K), 0.0011846 secs] [Times: user=0.00 sys=0.00, real=0.00 secs] 
166.775: [GC (Allocation Failure) [PSYoungGen: 46938K->0K(50688K)] 436587K->410129K(517120K), 0.0020304 secs] [Times: user=0.00 sys=0.00, real=0.00 secs] 
166.777: [GC (Allocation Failure) [PSYoungGen: 0K->0K(50688K)] 410129K->410129K(517120K), 0.0008698 secs] [Times: user=0.00 sys=0.00, real=0.00 secs] 
166.778: [Full GC (Allocation Failure) [PSYoungGen: 0K->0K(50688K)] [ParOldGen: 410129K->77329K(466432K)] 410129K->77329K(517120K), [Metaspace: 2796K->2796K(1056768K)], 0.0066221 secs] [Times: user=0.00 sys=0.00, real=0.01 secs] 
167.774: [GC (Allocation Failure) [PSYoungGen: 33630K->5120K(50688K)] 213360K->189969K(517120K), 0.0011437 secs] [Times: user=0.00 sys=0.00, real=0.00 secs] 
168.429: [GC (Allocation Failure) [PSYoungGen: 47969K->1024K(50688K)] 386418K->339473K(517120K), 0.0006101 secs] [Times: user=0.00 sys=0.00, real=0.00 secs] 
169.634: [GC (Allocation Failure) [PSYoungGen: 23395K->0K(50688K)] 413044K->389649K(517120K), 0.0008347 secs] [Times: user=0.00 sys=0.00, real=0.00 secs] 
169.635: [GC (Allocation Failure) [PSYoungGen: 0K->0K(50688K)] 389649K->389649K(517120K), 0.0008283 secs] [Times: user=0.00 sys=0.00, real=0.00 secs] 
169.636: [Full GC (Allocation Failure) [PSYoungGen: 0K->0K(50688K)] [ParOldGen: 389649K->51729K(466432K)] 389649K->51729K(517120K), [Metaspace: 2796K->2796K(1056768K)], 0.0049340 secs] [Times: user=0.00 sys=0.00, real=0.01 secs] 
170.629: [GC (Allocation Failure) [PSYoungGen: 33636K->5120K(50688K)] 187765K->164369K(517120K), 0.0010224 secs] [Times: user=0.00 sys=0.00, real=0.00 secs] 
171.287: [GC (Allocation Failure) [PSYoungGen: 47973K->2048K(50688K)] 360822K->314897K(517120K), 0.0007102 secs] [Times: user=0.00 sys=0.00, real=0.00 secs] 
172.158: [GC (Allocation Failure) [PSYoungGen: 44901K->6144K(50688K)] 357751K->329233K(517120K), 0.0017106 secs] [Times: user=0.00 sys=0.00, real=0.00 secs] 
172.487: [GC (Allocation Failure) [PSYoungGen: 37727K->6144K(50688K)] 412017K->380433K(517120K), 0.0010749 secs] [Times: user=0.00 sys=0.00, real=0.00 secs] 
172.488: [GC (Allocation Failure) [PSYoungGen: 6144K->6144K(50688K)] 380433K->380433K(517120K), 0.0007443 secs] [Times: user=0.00 sys=0.00, real=0.00 secs] 
172.489: [Full GC (Allocation Failure) [PSYoungGen: 6144K->0K(50688K)] [ParOldGen: 374289K->165393K(466432K)] 380433K->165393K(517120K), [Metaspace: 2796K->2796K(1056768K)], 0.0118532 secs] [Times: user=0.00 sys=0.00, real=0.01 secs] 
173.702: [GC (Allocation Failure) [PSYoungGen: 28514K->0K(50688K)] 296307K->288273K(517120K), 0.0016517 secs] [Times: user=0.00 sys=0.00, real=0.00 secs] 
174.575: [Full GC (Ergonomics) [PSYoungGen: 38755K->0K(50688K)] [ParOldGen: 441873K->21009K(466432K)] 480629K->21009K(517120K), [Metaspace: 2796K->2796K(1056768K)], 0.0031533 secs] [Times: user=0.00 sys=0.00, real=0.00 secs] 
175.120: [GC (Allocation Failure) [PSYoungGen: 36708K->0K(50688K)] 57717K->41489K(517120K), 0.0013872 secs] [Times: user=0.00 sys=0.00, real=0.00 secs] 
175.993: [GC (Allocation Failure) [PSYoungGen: 38750K->5120K(50688K)] 233839K->205329K(517120K), 0.0010669 secs] [Times: user=0.00 sys=0.00, real=0.00 secs] 
176.539: [GC (Allocation Failure) [PSYoungGen: 41825K->0K(50688K)] 242034K->210449K(517120K), 0.0012984 secs] [Times: user=0.00 sys=0.00, real=0.00 secs] 
177.629: [GC (Allocation Failure) [PSYoungGen: 41819K->5120K(50688K)] 252269K->220689K(517120K), 0.0010086 secs] [Times: user=0.00 sys=0.00, real=0.00 secs] 
177.959: [GC (Allocation Failure) [PSYoungGen: 31577K->0K(50688K)] 247146K->225809K(517120K), 0.0012809 secs] [Times: user=0.00 sys=0.00, real=0.00 secs] 
178.833: [GC (Allocation Failure) [PSYoungGen: 38740K->5120K(50688K)] 418149K->384529K(517120K), 0.0011586 secs] [Times: user=0.00 sys=0.00, real=0.00 secs] 
179.379: [GC (Allocation Failure) [PSYoungGen: 41818K->5120K(50688K)] 421228K->394769K(517120K), 0.0017677 secs] [Times: user=0.00 sys=0.00, real=0.00 secs] 
179.597: [Full GC (Ergonomics) [PSYoungGen: 26455K->0K(50688K)] [ParOldGen: 440849K->113169K(466432K)] 467305K->113169K(517120K), [Metaspace: 2796K->2796K(1056768K)], 0.0086851 secs] [Times: user=0.00 sys=0.00, real=0.01 secs] 
181.578: [GC (Allocation Failure) [PSYoungGen: 40791K->6144K(50688K)] 358761K->324113K(517120K), 0.0010151 secs] [Times: user=0.00 sys=0.00, real=0.00 secs] 
182.235: [GC (Allocation Failure) [PSYoungGen: 47964K->6144K(50688K)] 365934K->334353K(517120K), 0.0015910 secs] [Times: user=0.00 sys=0.00, real=0.00 secs] 
182.454: [GC (Allocation Failure) [PSYoungGen: 27481K->6144K(50688K)] 406891K->385553K(517120K), 0.0011061 secs] [Times: user=0.08 sys=0.00, real=0.00 secs] 
182.455: [GC (Allocation Failure) [PSYoungGen: 6144K->6144K(50688K)] 385553K->385553K(517120K), 0.0010057 secs] [Times: user=0.00 sys=0.00, real=0.00 secs] 
182.456: [Full GC (Allocation Failure) [PSYoungGen: 6144K->0K(50688K)] [ParOldGen: 379409K->57873K(466432K)] 385553K->57873K(517120K), [Metaspace: 2796K->2796K(1056768K)], 0.0052287 secs] [Times: user=0.00 sys=0.00, real=0.01 secs] 
183.451: [GC (Allocation Failure) [PSYoungGen: 33626K->6144K(50688K)] 193899K->166417K(517120K), 0.0009336 secs] [Times: user=0.00 sys=0.00, real=0.00 secs] 
184.105: [GC (Allocation Failure) [PSYoungGen: 48990K->2048K(50688K)] 362863K->326161K(517120K), 0.0015031 secs] [Times: user=0.00 sys=0.00, real=0.00 secs] 
185.090: [GC (Allocation Failure) [PSYoungGen: 29537K->0K(50688K)] 353650K->344593K(517120K), 0.0014156 secs] [Times: user=0.00 sys=0.00, real=0.00 secs] 
185.309: [GC (Allocation Failure) [PSYoungGen: 21337K->0K(50688K)] 417130K->395793K(517120K), 0.0010750 secs] [Times: user=0.00 sys=0.00, real=0.00 secs] 
185.310: [GC (Allocation Failure) [PSYoungGen: 0K->0K(50688K)] 395793K->395793K(517120K), 0.0011262 secs] [Times: user=0.00 sys=0.00, real=0.00 secs] 
185.312: [Full GC (Allocation Failure) [PSYoungGen: 0K->0K(50688K)] [ParOldGen: 395793K->61969K(466432K)] 395793K->61969K(517120K), [Metaspace: 2796K->2796K(1056768K)], 0.0058317 secs] [Times: user=0.00 sys=0.00, real=0.01 secs] 
186.305: [GC (Allocation Failure) [PSYoungGen: 33625K->5120K(50688K)] 197994K->174609K(517120K), 0.0009247 secs] [Times: user=0.00 sys=0.00, real=0.00 secs] 
186.961: [GC (Allocation Failure) [PSYoungGen: 47966K->1024K(50688K)] 371055K->344593K(517120K), 0.0021022 secs] [Times: user=0.00 sys=0.00, real=0.00 secs] 
187.838: [GC (Allocation Failure) [PSYoungGen: 43873K->5120K(50688K)] 387442K->358929K(517120K), 0.0016453 secs] [Times: user=0.00 sys=0.00, real=0.00 secs] 
188.930: [GC (Allocation Failure) [PSYoungGen: 46940K->5120K(50688K)] 451950K->415249K(517120K), 0.0010553 secs] [Times: user=0.00 sys=0.00, real=0.00 secs] 
189.365: [GC (Allocation Failure) [PSYoungGen: 36704K->0K(50688K)] 446833K->420369K(517120K), 0.0013585 secs] [Times: user=0.00 sys=0.00, real=0.00 secs] 
189.474: [GC (Allocation Failure) [PSYoungGen: 21338K->0K(50688K)] 441707K->440849K(517120K), 0.0021491 secs] [Times: user=0.00 sys=0.00, real=0.00 secs] 
189.476: [Full GC (Ergonomics) [PSYoungGen: 0K->0K(50688K)] [ParOldGen: 440849K->26129K(466432K)] 440849K->26129K(517120K), [Metaspace: 2796K->2796K(1056768K)], 0.0035259 secs] [Times: user=0.00 sys=0.00, real=0.00 secs] 
190.569: [GC (Allocation Failure) [PSYoungGen: 33626K->5120K(50688K)] 213355K->189969K(517120K), 0.0009146 secs] [Times: user=0.00 sys=0.00, real=0.00 secs] 
191.224: [GC (Allocation Failure) [PSYoungGen: 47966K->2048K(50688K)] 386415K->340497K(517120K), 0.0005948 secs] [Times: user=0.00 sys=0.00, real=0.00 secs] 
192.862: [GC (Allocation Failure) [PSYoungGen: 41825K->6176K(50688K)] 380274K->344625K(517120K), 0.0008504 secs] [Times: user=0.00 sys=0.00, real=0.00 secs] 
193.519: [GC (Allocation Failure) [PSYoungGen: 42876K->1056K(50688K)] 381325K->359985K(517120K), 0.0016838 secs] [Times: user=0.00 sys=0.00, real=0.00 secs] 
193.851: [GC (Allocation Failure) [PSYoungGen: 32632K->1056K(50688K)] 442762K->411185K(517120K), 0.0009902 secs] [Times: user=0.00 sys=0.00, real=0.00 secs] 
193.852: [GC (Allocation Failure) [PSYoungGen: 1056K->1056K(50688K)] 411185K->411185K(517120K), 0.0006454 secs] [Times: user=0.00 sys=0.00, real=0.00 secs] 
193.852: [Full GC (Allocation Failure) [PSYoungGen: 1056K->0K(50688K)] [ParOldGen: 410129K->62993K(466432K)] 411185K->62993K(517120K), [Metaspace: 2796K->2796K(1056768K)], 0.0054427 secs] [Times: user=0.00 sys=0.00, real=0.01 secs] 
194.844: [GC (Allocation Failure) [PSYoungGen: 33629K->5152K(50688K)] 199023K->175665K(517120K), 0.0011393 secs] [Times: user=0.00 sys=0.00, real=0.00 secs] 
195.498: [GC (Allocation Failure) [PSYoungGen: 48000K->1056K(50688K)] 372114K->335409K(517120K), 0.0012508 secs] [Times: user=0.00 sys=0.00, real=0.00 secs] 
196.698: [GC (Allocation Failure) [PSYoungGen: 43906K->64K(50688K)] 429460K->406097K(517120K), 0.0021700 secs] [Times: user=0.00 sys=0.00, real=0.00 secs] 
196.700: [GC (Allocation Failure) [PSYoungGen: 64K->32K(50688K)] 406097K->406065K(517120K), 0.0006632 secs] [Times: user=0.00 sys=0.00, real=0.00 secs] 
196.700: [Full GC (Allocation Failure) [PSYoungGen: 32K->0K(50688K)] [ParOldGen: 406033K->72209K(466432K)] 406065K->72209K(517120K), [Metaspace: 2796K->2796K(1056768K)], 0.0059253 secs] [Times: user=0.00 sys=0.00, real=0.01 secs] 
197.697: [GC (Allocation Failure) [PSYoungGen: 33636K->5120K(50688K)] 208245K->184849K(517120K), 0.0010454 secs] [Times: user=0.00 sys=0.00, real=0.00 secs] 
198.352: [GC (Allocation Failure) [PSYoungGen: 47972K->1024K(50688K)] 381302K->334353K(517120K), 0.0011367 secs] [Times: user=0.00 sys=0.00, real=0.00 secs] 
199.223: [GC (Allocation Failure) [PSYoungGen: 43877K->5120K(50688K)] 377207K->348689K(517120K), 0.0014692 secs] [Times: user=0.00 sys=0.00, real=0.00 secs] 
199.550: [GC (Allocation Failure) [PSYoungGen: 36703K->5120K(50688K)] 431473K->399889K(517120K), 0.0012153 secs] [Times: user=0.00 sys=0.00, real=0.00 secs] 
199.552: [GC (Allocation Failure) [PSYoungGen: 5120K->5120K(50688K)] 399889K->399889K(517120K), 0.0006851 secs] [Times: user=0.00 sys=0.00, real=0.00 secs] 
199.552: [Full GC (Allocation Failure) [PSYoungGen: 5120K->0K(50688K)] [ParOldGen: 394769K->133649K(466432K)] 399889K->133649K(517120K), [Metaspace: 2796K->2796K(1056768K)], 0.0101912 secs] [Times: user=0.00 sys=0.00, real=0.01 secs] 
200.768: [GC (Allocation Failure) [PSYoungGen: 36706K->5120K(50688K)] 272755K->251409K(517120K), 0.0015458 secs] [Times: user=0.00 sys=0.00, real=0.00 secs] 
201.640: [GC (Allocation Failure) [PSYoungGen: 43875K->6144K(50688K)] 443765K->411153K(517120K), 0.0013624 secs] [Times: user=0.00 sys=0.00, real=0.00 secs] 
202.182: [GC (Allocation Failure) [PSYoungGen: 42852K->6144K(50688K)] 447862K->421393K(517120K), 0.0014220 secs] [Times: user=0.00 sys=0.00, real=0.00 secs] 
202.292: [GC (Allocation Failure) [PSYoungGen: 27486K->6144K(50688K)] 442735K->441873K(517120K), 0.0024345 secs] [Times: user=0.00 sys=0.00, real=0.00 secs] 
202.294: [Full GC (Ergonomics) [PSYoungGen: 6144K->0K(50688K)] [ParOldGen: 435729K->32273K(466432K)] 441873K->32273K(517120K), [Metaspace: 2796K->2796K(1056768K)], 0.0038131 secs] [Times: user=0.00 sys=0.00, real=0.00 secs] 
203.385: [GC (Allocation Failure) [PSYoungGen: 33630K->6144K(50688K)] 219503K->192017K(517120K), 0.0008803 secs] [Times: user=0.00 sys=0.00, real=0.00 secs] 
204.804: [GC (Allocation Failure) [PSYoungGen: 48993K->5120K(50688K)] 234866K->196113K(517120K), 0.0013259 secs] [Times: user=0.00 sys=0.00, real=0.00 secs] 
205.462: [GC (Allocation Failure) [PSYoungGen: 47964K->1024K(50688K)] 392558K->355857K(517120K), 0.0012973 secs] [Times: user=0.00 sys=0.00, real=0.00 secs] 
206.334: [GC (Allocation Failure) [PSYoungGen: 43872K->5120K(50688K)] 398706K->370193K(517120K), 0.0016389 secs] [Times: user=0.00 sys=0.00, real=0.00 secs] 
206.661: [GC (Allocation Failure) [PSYoungGen: 36700K->5120K(50688K)] 452974K->441873K(517120K), 0.0024624 secs] [Times: user=0.00 sys=0.00, real=0.00 secs] 
206.663: [Full GC (Ergonomics) [PSYoungGen: 5120K->0K(50688K)] [ParOldGen: 436753K->92689K(466432K)] 441873K->92689K(517120K), [Metaspace: 2796K->2796K(1056768K)], 0.0079006 secs] [Times: user=0.00 sys=0.00, real=0.01 secs] 
208.425: [GC (Allocation Failure) [PSYoungGen: 40799K->1024K(50688K)] 389489K->349713K(517120K), 0.0007193 secs] [Times: user=0.00 sys=0.00, real=0.00 secs] 
209.191: [GC (Allocation Failure) [PSYoungGen: 42850K->5120K(50688K)] 391540K->364049K(517120K), 0.0015625 secs] [Times: user=0.00 sys=0.00, real=0.00 secs] 
209.521: [GC (Allocation Failure) [PSYoungGen: 36701K->5120K(50688K)] 446831K->415249K(517120K), 0.0009705 secs] [Times: user=0.00 sys=0.00, real=0.00 secs] 
209.522: [GC (Allocation Failure) [PSYoungGen: 5120K->5120K(50688K)] 415249K->415249K(517120K), 0.0010715 secs] [Times: user=0.00 sys=0.00, real=0.00 secs] 
209.523: [Full GC (Allocation Failure) [PSYoungGen: 5120K->0K(50688K)] [ParOldGen: 410129K->108049K(466432K)] 415249K->108049K(517120K), [Metaspace: 2796K->2796K(1056768K)], 0.0085374 secs] [Times: user=0.00 sys=0.00, real=0.01 secs] 
210.516: [GC (Allocation Failure) [PSYoungGen: 33632K->5120K(50688K)] 244082K->220689K(517120K), 0.0010383 secs] [Times: user=0.00 sys=0.00, real=0.00 secs] 
211.716: [GC (Allocation Failure) [PSYoungGen: 47970K->1024K(50688K)] 417140K->370193K(517120K), 0.0007609 secs] [Times: user=0.00 sys=0.00, real=0.00 secs] 
212.153: [GC (Allocation Failure) [PSYoungGen: 32611K->5120K(50688K)] 401781K->384529K(517120K), 0.0015334 secs] [Times: user=0.00 sys=0.00, real=0.00 secs] 
212.372: [GC (Allocation Failure) [PSYoungGen: 26460K->5120K(50688K)] 457070K->435729K(517120K), 0.0009168 secs] [Times: user=0.00 sys=0.00, real=0.00 secs] 
212.373: [Full GC (Ergonomics) [PSYoungGen: 5120K->0K(50688K)] [ParOldGen: 430609K->56849K(466432K)] 435729K->56849K(517120K), [Metaspace: 2796K->2796K(1056768K)], 0.0052353 secs] [Times: user=0.00 sys=0.00, real=0.00 secs] 
213.369: [GC (Allocation Failure) [PSYoungGen: 33628K->6144K(50688K)] 192878K->165393K(517120K), 0.0009204 secs] [Times: user=0.00 sys=0.00, real=0.00 secs] 
214.026: [GC (Allocation Failure) [PSYoungGen: 48992K->2048K(50688K)] 361841K->325137K(517120K), 0.0014225 secs] [Times: user=0.00 sys=0.00, real=0.00 secs] 
214.899: [GC (Allocation Failure) [PSYoungGen: 44898K->6144K(50688K)] 367988K->339473K(517120K), 0.0013739 secs] [Times: user=0.00 sys=0.00, real=0.00 secs] 
216.210: [GC (Allocation Failure) [PSYoungGen: 47965K->5120K(50688K)] 381295K->343569K(517120K), 0.0010605 secs] [Times: user=0.00 sys=0.00, real=0.00 secs] 
216.646: [GC (Allocation Failure) [PSYoungGen: 46938K->0K(50688K)] 436588K->410129K(517120K), 0.0020452 secs] [Times: user=0.00 sys=0.00, real=0.00 secs] 
216.648: [GC (Allocation Failure) [PSYoungGen: 0K->0K(50688K)] 410129K->410129K(517120K), 0.0008053 secs] [Times: user=0.00 sys=0.00, real=0.00 secs] 
216.648: [Full GC (Allocation Failure) [PSYoungGen: 0K->0K(50688K)] [ParOldGen: 410129K->77329K(466432K)] 410129K->77329K(517120K), [Metaspace: 2796K->2796K(1056768K)], 0.0063783 secs] [Times: user=0.00 sys=0.00, real=0.01 secs] 
217.642: [GC (Allocation Failure) [PSYoungGen: 33630K->5120K(50688K)] 213360K->189969K(517120K), 0.0010799 secs] [Times: user=0.00 sys=0.00, real=0.00 secs] 
218.299: [GC (Allocation Failure) [PSYoungGen: 47969K->1024K(50688K)] 386419K->339473K(517120K), 0.0006793 secs] [Times: user=0.00 sys=0.00, real=0.00 secs] 
Heap
 PSYoungGen      total 50688K, used 24265K [0x00000000fc780000, 0x0000000100000000, 0x0000000100000000)
  eden space 43520K, 53% used [0x00000000fc780000,0x00000000fde327c0,0x00000000ff200000)
  from space 7168K, 14% used [0x00000000ff900000,0x00000000ffa00010,0x0000000100000000)
  to   space 7168K, 0% used [0x00000000ff200000,0x00000000ff200000,0x00000000ff900000)
 ParOldGen       total 466432K, used 338449K [0x00000000e0000000, 0x00000000fc780000, 0x00000000fc780000)
  object space 466432K, 72% used [0x00000000e0000000,0x00000000f4a84750,0x00000000fc780000)
 Metaspace       used 2804K, capacity 4486K, committed 4864K, reserved 1056768K
  class space    used 297K, capacity 386K, committed 512K, reserved 1048576K
