Java HotSpot(TM) 64-Bit Server VM (25.411-b09) for windows-amd64 JRE (1.8.0_411-b09), built on Mar 13 2024 07:26:13 by "java_re" with MS VC++ 17.1 (VS2022)
Memory: 4k page, physical 33403376k(14414604k free), swap 39632896k(5951396k free)
CommandLine flags: -XX:InitialHeapSize=1073741824 -XX:MaxHeapSize=1073741824 -XX:NewRatio=9 -XX:ParallelGCThreads=6 -XX:+PrintGC -XX:+PrintGCDetails -XX:+PrintGCTimeStamps -XX:SurvivorRatio=11 -XX:-UseAdaptiveSizePolicy -XX:+UseCompressedClassPointers -XX:+UseCompressedOops -XX:-UseLargePagesIndividualAllocation -XX:+UseParallelGC 
1.965: [GC (Allocation Failure) [PSYoungGen: 88555K->6840K(96768K)] 242155K->165568K(1040896K), 0.0026967 secs] [Times: user=0.00 sys=0.00, real=0.00 secs] 
3.645: [GC (Allocation Failure) [PSYoungGen: 91566K->7656K(96768K)] 403894K->325240K(1040896K), 0.0029036 secs] [Times: user=0.00 sys=0.00, real=0.00 secs] 
5.496: [GC (Allocation Failure) [PSYoungGen: 81118K->5624K(96768K)] 398702K->343688K(1040896K), 0.0046339 secs] [Times: user=0.00 sys=0.00, real=0.00 secs] 
6.289: [GC (Allocation Failure) [PSYoungGen: 90343K->5608K(96768K)] 530807K->456312K(1040896K), 0.0028927 secs] [Times: user=0.00 sys=0.00, real=0.00 secs] 
8.403: [GC (Allocation Failure) [PSYoungGen: 86100K->5576K(96768K)] 690404K->609888K(1040896K), 0.0015429 secs] [Times: user=0.00 sys=0.00, real=0.00 secs] 
9.200: [GC (Allocation Failure) [PSYoungGen: 90299K->5592K(96768K)] 797011K->763504K(1040896K), 0.0319035 secs] [Times: user=0.00 sys=0.02, real=0.03 secs] 
10.913: [Full GC (Ergonomics) [PSYoungGen: 90316K->0K(96768K)] [ParOldGen: 911512K->164368K(944128K)] 1001828K->164368K(1040896K), [Metaspace: 2761K->2761K(1056768K)], 0.0221753 secs] [Times: user=0.00 sys=0.00, real=0.02 secs] 
12.782: [GC (Allocation Failure) [PSYoungGen: 84279K->5152K(96768K)] 402248K->333368K(1040896K), 0.0014679 secs] [Times: user=0.00 sys=0.00, real=0.00 secs] 
13.543: [GC (Allocation Failure) [PSYoungGen: 89877K->6176K(96768K)] 520494K->441913K(1040896K), 0.0012848 secs] [Times: user=0.00 sys=0.00, real=0.00 secs] 
15.180: [GC (Allocation Failure) [PSYoungGen: 90901K->6176K(96768K)] 680238K->610873K(1040896K), 0.0019192 secs] [Times: user=0.00 sys=0.00, real=0.00 secs] 
17.039: [GC (Allocation Failure) [PSYoungGen: 89877K->5152K(96768K)] 694574K->620089K(1040896K), 0.0016010 secs] [Times: user=0.00 sys=0.00, real=0.00 secs] 
17.803: [GC (Allocation Failure) [PSYoungGen: 89872K->5152K(96768K)] 807209K->748089K(1040896K), 0.0027000 secs] [Times: user=0.00 sys=0.00, real=0.00 secs] 
19.985: [Full GC (Ergonomics) [PSYoungGen: 89874K->0K(96768K)] [ParOldGen: 896537K->6034K(944128K)] 986411K->6034K(1040896K), [Metaspace: 2770K->2770K(1056768K)], 0.0047925 secs] [Times: user=0.00 sys=0.00, real=0.00 secs] 
21.073: [GC (Allocation Failure) [PSYoungGen: 84723K->5120K(96768K)] 193157K->118674K(1040896K), 0.0010606 secs] [Times: user=0.00 sys=0.00, real=0.00 secs] 
22.601: [GC (Allocation Failure) [PSYoungGen: 89844K->6144K(96768K)] 356998K->288658K(1040896K), 0.0017693 secs] [Times: user=0.00 sys=0.00, real=0.00 secs] 
23.802: [GC (Allocation Failure) [PSYoungGen: 90868K->1024K(96768K)] 475783K->385938K(1040896K), 0.0010771 secs] [Times: user=0.00 sys=0.00, real=0.00 secs] 
25.326: [GC (Allocation Failure) [PSYoungGen: 80629K->5120K(96768K)] 619143K->558994K(1040896K), 0.0017209 secs] [Times: user=0.00 sys=0.00, real=0.00 secs] 
26.856: [GC (Allocation Failure) [PSYoungGen: 89845K->5120K(96768K)] 797319K->733074K(1040896K), 0.0021299 secs] [Times: user=0.00 sys=0.00, real=0.00 secs] 
28.388: [GC (Allocation Failure) [PSYoungGen: 84078K->5152K(96768K)] 812032K->743354K(1040896K), 0.0017609 secs] [Times: user=0.00 sys=0.00, real=0.00 secs] 
29.155: [GC (Allocation Failure) [PSYoungGen: 89868K->5184K(96768K)] 930471K->902106K(1040896K), 0.0051951 secs] [Times: user=0.02 sys=0.00, real=0.01 secs] 
29.160: [Full GC (Ergonomics) [PSYoungGen: 5184K->0K(96768K)] [ParOldGen: 896922K->61969K(944128K)] 902106K->61969K(1040896K), [Metaspace: 2793K->2793K(1056768K)], 0.0069976 secs] [Times: user=0.00 sys=0.00, real=0.01 secs] 
30.804: [GC (Allocation Failure) [PSYoungGen: 84720K->5120K(96768K)] 300289K->225809K(1040896K), 0.0011523 secs] [Times: user=0.00 sys=0.00, real=0.00 secs] 
33.316: [GC (Allocation Failure) [PSYoungGen: 91890K->7168K(96768K)] 568579K->488977K(1040896K), 0.0011969 secs] [Times: user=0.00 sys=0.00, real=0.00 secs] 
35.394: [GC (Allocation Failure) [PSYoungGen: 91891K->0K(96768K)] 727300K->645649K(1040896K), 0.0017384 secs] [Times: user=0.00 sys=0.00, real=0.00 secs] 
36.046: [GC (Allocation Failure) [PSYoungGen: 84724K->1024K(96768K)] 832773K->759313K(1040896K), 0.0015045 secs] [Times: user=0.00 sys=0.00, real=0.00 secs] 
37.682: [Full GC (Ergonomics) [PSYoungGen: 85748K->0K(96768K)] [ParOldGen: 911889K->41489K(944128K)] 997638K->41489K(1040896K), [Metaspace: 2793K->2793K(1056768K)], 0.0051513 secs] [Times: user=0.00 sys=0.00, real=0.00 secs] 
39.534: [GC (Allocation Failure) [PSYoungGen: 83701K->5120K(96768K)] 176390K->102929K(1040896K), 0.0009984 secs] [Times: user=0.00 sys=0.00, real=0.00 secs] 
41.067: [GC (Allocation Failure) [PSYoungGen: 89845K->5120K(96768K)] 341254K->266769K(1040896K), 0.0013861 secs] [Times: user=0.00 sys=0.00, real=0.00 secs] 
41.717: [GC (Allocation Failure) [PSYoungGen: 89845K->7168K(96768K)] 453895K->371217K(1040896K), 0.0011315 secs] [Times: user=0.00 sys=0.00, real=0.00 secs] 
44.007: [GC (Allocation Failure) [PSYoungGen: 91893K->1024K(96768K)] 455943K->385553K(1040896K), 0.0017303 secs] [Times: user=0.00 sys=0.00, real=0.00 secs] 
44.771: [GC (Allocation Failure) [PSYoungGen: 85744K->6144K(96768K)] 572673K->498193K(1040896K), 0.0012360 secs] [Times: user=0.00 sys=0.00, real=0.00 secs] 
46.850: [GC (Allocation Failure) [PSYoungGen: 90866K->0K(96768K)] 736515K->655889K(1040896K), 0.0014452 secs] [Times: user=0.00 sys=0.00, real=0.00 secs] 
47.610: [GC (Allocation Failure) [PSYoungGen: 84723K->5120K(96768K)] 843013K->783889K(1040896K), 0.0023288 secs] [Times: user=0.02 sys=0.00, real=0.00 secs] 
49.260: [Full GC (Ergonomics) [PSYoungGen: 89844K->0K(96768K)] [ParOldGen: 932369K->82449K(944128K)] 1022214K->82449K(1040896K), [Metaspace: 2795K->2795K(1056768K)], 0.0083323 secs] [Times: user=0.00 sys=0.00, real=0.01 secs] 
51.113: [GC (Allocation Failure) [PSYoungGen: 88820K->5120K(96768K)] 324870K->251409K(1040896K), 0.0014247 secs] [Times: user=0.00 sys=0.00, real=0.00 secs] 
51.865: [GC (Allocation Failure) [PSYoungGen: 89845K->6144K(96768K)] 438534K->359953K(1040896K), 0.0011960 secs] [Times: user=0.00 sys=0.00, real=0.00 secs] 
53.487: [GC (Allocation Failure) [PSYoungGen: 90869K->7168K(96768K)] 598279K->519697K(1040896K), 0.0017617 secs] [Times: user=0.00 sys=0.00, real=0.00 secs] 
55.329: [GC (Allocation Failure) [PSYoungGen: 80629K->5120K(96768K)] 593159K->538129K(1040896K), 0.0020288 secs] [Times: user=0.02 sys=0.00, real=0.00 secs] 
56.092: [GC (Allocation Failure) [PSYoungGen: 89839K->5120K(96768K)] 725248K->650769K(1040896K), 0.0016601 secs] [Times: user=0.00 sys=0.00, real=0.00 secs] 
58.167: [GC (Allocation Failure) [PSYoungGen: 84721K->5120K(96768K)] 883971K->804369K(1040896K), 0.0011893 secs] [Times: user=0.00 sys=0.00, real=0.00 secs] 
58.919: [Full GC (Ergonomics) [PSYoungGen: 89843K->0K(96768K)] [ParOldGen: 901649K->57344K(944128K)] 991492K->57344K(1040896K), [Metaspace: 2796K->2796K(1056768K)], 0.0058026 secs] [Times: user=0.00 sys=0.00, real=0.01 secs] 
60.542: [GC (Allocation Failure) [PSYoungGen: 84724K->5120K(96768K)] 295668K->221184K(1040896K), 0.0009891 secs] [Times: user=0.00 sys=0.00, real=0.00 secs] 
62.395: [GC (Allocation Failure) [PSYoungGen: 88820K->5120K(96768K)] 458484K->385024K(1040896K), 0.0019816 secs] [Times: user=0.00 sys=0.00, real=0.00 secs] 
63.160: [GC (Allocation Failure) [PSYoungGen: 89845K->6144K(96768K)] 572149K->493568K(1040896K), 0.0015506 secs] [Times: user=0.00 sys=0.00, real=0.00 secs] 
64.789: [GC (Allocation Failure) [PSYoungGen: 90869K->6144K(96768K)] 731893K->662528K(1040896K), 0.0026492 secs] [Times: user=0.00 sys=0.00, real=0.00 secs] 
66.637: [GC (Allocation Failure) [PSYoungGen: 89845K->5120K(96768K)] 746229K->671744K(1040896K), 0.0021689 secs] [Times: user=0.00 sys=0.00, real=0.00 secs] 
67.404: [GC (Allocation Failure) [PSYoungGen: 89840K->5120K(96768K)] 858864K->799744K(1040896K), 0.0033292 secs] [Times: user=0.00 sys=0.00, real=0.00 secs] 
68.277: [GC (Allocation Failure) [PSYoungGen: 68338K->5120K(96768K)] 914162K->850944K(1040896K), 0.0018820 secs] [Times: user=0.00 sys=0.00, real=0.00 secs] 
68.278: [GC (Allocation Failure) [PSYoungGen: 5120K->5120K(96768K)] 850944K->850944K(1040896K), 0.0014808 secs] [Times: user=0.00 sys=0.00, real=0.00 secs] 
68.280: [Full GC (Allocation Failure) [PSYoungGen: 5120K->0K(96768K)] [ParOldGen: 845824K->82449K(944128K)] 850944K->82449K(1040896K), [Metaspace: 2796K->2796K(1056768K)], 0.0075847 secs] [Times: user=0.00 sys=0.00, real=0.01 secs] 
70.253: [GC (Allocation Failure) [PSYoungGen: 86771K->5120K(96768K)] 374020K->292369K(1040896K), 0.0009380 secs] [Times: user=0.00 sys=0.00, real=0.00 secs] 
71.887: [GC (Allocation Failure) [PSYoungGen: 89844K->6144K(96768K)] 530693K->452113K(1040896K), 0.0013171 secs] [Times: user=0.00 sys=0.00, real=0.00 secs] 
73.735: [GC (Allocation Failure) [PSYoungGen: 85748K->0K(96768K)] 685318K->620049K(1040896K), 0.0019795 secs] [Times: user=0.00 sys=0.00, real=0.00 secs] 
74.496: [GC (Allocation Failure) [PSYoungGen: 84725K->5120K(96768K)] 807174K->732689K(1040896K), 0.0020789 secs] [Times: user=0.00 sys=0.00, real=0.00 secs] 
76.132: [GC (Allocation Failure) [PSYoungGen: 89845K->5120K(96768K)] 971015K->906769K(1040896K), 0.0025537 secs] [Times: user=0.00 sys=0.00, real=0.00 secs] 
76.134: [Full GC (Ergonomics) [PSYoungGen: 5120K->0K(96768K)] [ParOldGen: 901649K->36369K(944128K)] 906769K->36369K(1040896K), [Metaspace: 2796K->2796K(1056768K)], 0.0052010 secs] [Times: user=0.00 sys=0.00, real=0.01 secs] 
77.876: [GC (Allocation Failure) [PSYoungGen: 88821K->5120K(96768K)] 125191K->51729K(1040896K), 0.0013862 secs] [Times: user=0.00 sys=0.00, real=0.00 secs] 
78.533: [GC (Allocation Failure) [PSYoungGen: 89833K->6144K(96768K)] 238842K->206353K(1040896K), 0.0049796 secs] [Times: user=0.01 sys=0.00, real=0.01 secs] 
80.169: [GC (Allocation Failure) [PSYoungGen: 90861K->5120K(96768K)] 444671K->369169K(1040896K), 0.0014630 secs] [Times: user=0.00 sys=0.00, real=0.00 secs] 
82.242: [GC (Allocation Failure) [PSYoungGen: 74480K->6144K(96768K)] 540930K->482833K(1040896K), 0.0016518 secs] [Times: user=0.00 sys=0.00, real=0.00 secs] 
83.003: [GC (Allocation Failure) [PSYoungGen: 90866K->7168K(96768K)] 669955K->591377K(1040896K), 0.0013550 secs] [Times: user=0.00 sys=0.00, real=0.00 secs] 
84.966: [GC (Allocation Failure) [PSYoungGen: 86771K->0K(96768K)] 824581K->748049K(1040896K), 0.0018093 secs] [Times: user=0.00 sys=0.00, real=0.00 secs] 
85.621: [GC (Allocation Failure) [PSYoungGen: 84724K->1024K(96768K)] 935173K->861713K(1040896K), 0.0017391 secs] [Times: user=0.00 sys=0.00, real=0.00 secs] 
86.714: [Full GC (Ergonomics) [PSYoungGen: 74484K->0K(96768K)] [ParOldGen: 911889K->87569K(944128K)] 986374K->87569K(1040896K), [Metaspace: 2796K->2796K(1056768K)], 0.0081435 secs] [Times: user=0.00 sys=0.00, real=0.01 secs] 
88.908: [GC (Allocation Failure) [PSYoungGen: 84725K->5120K(96768K)] 325894K->251409K(1040896K), 0.0010636 secs] [Times: user=0.00 sys=0.00, real=0.00 secs] 
90.543: [GC (Allocation Failure) [PSYoungGen: 89845K->5120K(96768K)] 489735K->415249K(1040896K), 0.0012829 secs] [Times: user=0.00 sys=0.00, real=0.00 secs] 
92.938: [GC (Allocation Failure) [PSYoungGen: 91893K->6144K(96768K)] 655623K->569873K(1040896K), 0.0011594 secs] [Times: user=0.00 sys=0.00, real=0.00 secs] 
94.573: [GC (Allocation Failure) [PSYoungGen: 90869K->6144K(96768K)] 808199K->738833K(1040896K), 0.0019377 secs] [Times: user=0.00 sys=0.00, real=0.00 secs] 
96.428: [GC (Allocation Failure) [PSYoungGen: 80629K->0K(96768K)] 966919K->896529K(1040896K), 0.0014587 secs] [Times: user=0.00 sys=0.00, real=0.00 secs] 
96.643: [GC (Allocation Failure) --[PSYoungGen: 73461K->73461K(96768K)] 969991K->969991K(1040896K), 0.0018160 secs] [Times: user=0.00 sys=0.00, real=0.00 secs] 
96.645: [Full GC (Ergonomics) [PSYoungGen: 73461K->0K(96768K)] [ParOldGen: 896529K->72704K(944128K)] 969991K->72704K(1040896K), [Metaspace: 2796K->2796K(1056768K)], 0.0068798 secs] [Times: user=0.00 sys=0.00, real=0.01 secs] 
98.621: [GC (Allocation Failure) [PSYoungGen: 86767K->5120K(96768K)] 415471K->338944K(1040896K), 0.0017699 secs] [Times: user=0.00 sys=0.00, real=0.00 secs] 
100.586: [GC (Allocation Failure) [PSYoungGen: 93937K->5120K(96768K)] 581361K->502784K(1040896K), 0.0020347 secs] [Times: user=0.00 sys=0.00, real=0.00 secs] 
101.240: [GC (Allocation Failure) [PSYoungGen: 89843K->7168K(96768K)] 689907K->607232K(1040896K), 0.0012524 secs] [Times: user=0.00 sys=0.00, real=0.00 secs] 
102.878: [GC (Allocation Failure) [PSYoungGen: 91892K->7168K(96768K)] 845556K->771072K(1040896K), 0.0023561 secs] [Times: user=0.00 sys=0.00, real=0.00 secs] 
104.950: [GC (Allocation Failure) [PSYoungGen: 90868K->5120K(96768K)] 854773K->789504K(1040896K), 0.0025386 secs] [Times: user=0.00 sys=0.00, real=0.00 secs] 
105.715: [GC (Allocation Failure) [PSYoungGen: 89839K->5120K(96768K)] 976623K->902144K(1040896K), 0.0024980 secs] [Times: user=0.00 sys=0.00, real=0.00 secs] 
106.476: [GC (Allocation Failure) [PSYoungGen: 68337K->5120K(96768K)] 965362K->943104K(1040896K), 0.0048861 secs] [Times: user=0.00 sys=0.00, real=0.01 secs] 
106.481: [Full GC (Ergonomics) [PSYoungGen: 5120K->0K(96768K)] [ParOldGen: 937984K->41489K(944128K)] 943104K->41489K(1040896K), [Metaspace: 2796K->2796K(1056768K)], 0.0054082 secs] [Times: user=0.00 sys=0.00, real=0.00 secs] 
107.802: [GC (Allocation Failure) [PSYoungGen: 69355K->5120K(96768K)] 213245K->149009K(1040896K), 0.0009114 secs] [Times: user=0.00 sys=0.00, real=0.00 secs] 
108.569: [GC (Allocation Failure) [PSYoungGen: 89839K->5120K(96768K)] 336128K->302609K(1040896K), 0.0047399 secs] [Times: user=0.00 sys=0.00, real=0.01 secs] 
110.205: [GC (Allocation Failure) [PSYoungGen: 89841K->5120K(96768K)] 540931K->461329K(1040896K), 0.0017181 secs] [Times: user=0.00 sys=0.00, real=0.00 secs] 
112.062: [GC (Allocation Failure) [PSYoungGen: 88819K->5120K(96768K)] 698628K->625169K(1040896K), 0.0017289 secs] [Times: user=0.00 sys=0.00, real=0.00 secs] 
112.824: [GC (Allocation Failure) [PSYoungGen: 89844K->6144K(96768K)] 812293K->733713K(1040896K), 0.0016981 secs] [Times: user=0.00 sys=0.00, real=0.00 secs] 
114.455: [GC (Allocation Failure) [PSYoungGen: 90868K->6144K(96768K)] 972038K->902673K(1040896K), 0.0024818 secs] [Times: user=0.00 sys=0.00, real=0.00 secs] 
114.457: [Full GC (Ergonomics) [PSYoungGen: 6144K->0K(96768K)] [ParOldGen: 896529K->27153K(944128K)] 902673K->27153K(1040896K), [Metaspace: 2796K->2796K(1056768K)], 0.0045148 secs] [Times: user=0.00 sys=0.00, real=0.01 secs] 
116.305: [GC (Allocation Failure) [PSYoungGen: 83701K->5120K(96768K)] 110854K->42513K(1040896K), 0.0014313 secs] [Times: user=0.00 sys=0.00, real=0.00 secs] 
117.068: [GC (Allocation Failure) [PSYoungGen: 89832K->5120K(96768K)] 229625K->170513K(1040896K), 0.0025911 secs] [Times: user=0.00 sys=0.00, real=0.00 secs] 
119.686: [GC (Allocation Failure) [PSYoungGen: 91885K->1024K(96768K)] 564478K->473617K(1040896K), 0.0011938 secs] [Times: user=0.00 sys=0.00, real=0.00 secs] 
121.322: [GC (Allocation Failure) [PSYoungGen: 85744K->6144K(96768K)] 711937K->637457K(1040896K), 0.0017376 secs] [Times: user=0.00 sys=0.00, real=0.00 secs] 
123.290: [GC (Allocation Failure) [PSYoungGen: 85746K->0K(96768K)] 870659K->805393K(1040896K), 0.0019406 secs] [Times: user=0.00 sys=0.00, real=0.00 secs] 
123.944: [Full GC (Ergonomics) [PSYoungGen: 84723K->0K(96768K)] [ParOldGen: 907793K->11793K(944128K)] 992517K->11793K(1040896K), [Metaspace: 2796K->2796K(1056768K)], 0.0032046 secs] [Times: user=0.00 sys=0.00, real=0.00 secs] 
125.586: [GC (Allocation Failure) [PSYoungGen: 84724K->5120K(96768K)] 250117K->190993K(1040896K), 0.0020677 secs] [Times: user=0.00 sys=0.00, real=0.00 secs] 
127.444: [GC (Allocation Failure) [PSYoungGen: 93940K->5120K(96768K)] 279814K->196113K(1040896K), 0.0010822 secs] [Times: user=0.00 sys=0.00, real=0.00 secs] 
128.970: [GC (Allocation Failure) [PSYoungGen: 89840K->5120K(96768K)] 434433K->359953K(1040896K), 0.0014264 secs] [Times: user=0.00 sys=0.00, real=0.00 secs] 
129.623: [GC (Allocation Failure) [PSYoungGen: 89841K->6144K(96768K)] 547075K->463377K(1040896K), 0.0009874 secs] [Times: user=0.00 sys=0.00, real=0.00 secs] 
131.918: [GC (Allocation Failure) [PSYoungGen: 85747K->6144K(96768K)] 645381K->576017K(1040896K), 0.0015733 secs] [Times: user=0.00 sys=0.00, real=0.00 secs] 
132.681: [GC (Allocation Failure) [PSYoungGen: 90868K->7168K(96768K)] 763141K->684561K(1040896K), 0.0019366 secs] [Times: user=0.00 sys=0.00, real=0.00 secs] 
134.650: [GC (Allocation Failure) [PSYoungGen: 86772K->0K(96768K)] 917766K->841233K(1040896K), 0.0016662 secs] [Times: user=0.00 sys=0.00, real=0.00 secs] 
135.304: [Full GC (Ergonomics) [PSYoungGen: 84725K->0K(96768K)] [ParOldGen: 943633K->12288K(944128K)] 1028358K->12288K(1040896K), [Metaspace: 2796K->2796K(1056768K)], 0.0034458 secs] [Times: user=0.00 sys=0.00, real=0.00 secs] 
136.943: [GC (Allocation Failure) [PSYoungGen: 84725K->5120K(96768K)] 250613K->196608K(1040896K), 0.0024643 secs] [Times: user=0.00 sys=0.00, real=0.00 secs] 
138.803: [GC (Allocation Failure) [PSYoungGen: 88821K->5120K(96768K)] 331509K->252928K(1040896K), 0.0013779 secs] [Times: user=0.00 sys=0.00, real=0.00 secs] 
140.332: [GC (Allocation Failure) [PSYoungGen: 89845K->5120K(96768K)] 491253K->416768K(1040896K), 0.0019419 secs] [Times: user=0.00 sys=0.00, real=0.00 secs] 
140.985: [GC (Allocation Failure) [PSYoungGen: 89845K->7168K(96768K)] 603893K->521216K(1040896K), 0.0014242 secs] [Times: user=0.00 sys=0.00, real=0.00 secs] 
143.276: [GC (Allocation Failure) [PSYoungGen: 91893K->1024K(96768K)] 605942K->535552K(1040896K), 0.0023837 secs] [Times: user=0.00 sys=0.00, real=0.00 secs] 
144.039: [GC (Allocation Failure) [PSYoungGen: 85744K->6144K(96768K)] 722672K->648192K(1040896K), 0.0020325 secs] [Times: user=0.00 sys=0.00, real=0.00 secs] 
146.116: [GC (Allocation Failure) [PSYoungGen: 90866K->0K(96768K)] 886514K->805888K(1040896K), 0.0024039 secs] [Times: user=0.00 sys=0.00, real=0.00 secs] 
146.877: [Full GC (Ergonomics) [PSYoungGen: 84723K->0K(96768K)] [ParOldGen: 908288K->26624K(944128K)] 993011K->26624K(1040896K), [Metaspace: 2796K->2796K(1056768K)], 0.0041265 secs] [Times: user=0.00 sys=0.00, real=0.00 secs] 
148.520: [GC (Allocation Failure) [PSYoungGen: 84724K->5120K(96768K)] 264948K->195584K(1040896K), 0.0013125 secs] [Times: user=0.00 sys=0.00, real=0.00 secs] 
150.374: [GC (Allocation Failure) [PSYoungGen: 93940K->5120K(96768K)] 438005K->359424K(1040896K), 0.0015770 secs] [Times: user=0.00 sys=0.00, real=0.00 secs] 
151.142: [GC (Allocation Failure) [PSYoungGen: 89845K->6144K(96768K)] 546549K->467968K(1040896K), 0.0018849 secs] [Times: user=0.00 sys=0.00, real=0.00 secs] 
152.777: [GC (Allocation Failure) [PSYoungGen: 90869K->7168K(96768K)] 706293K->627712K(1040896K), 0.0049065 secs] [Times: user=0.00 sys=0.00, real=0.01 secs] 
154.634: [GC (Allocation Failure) [PSYoungGen: 80629K->5120K(96768K)] 701173K->646144K(1040896K), 0.0022104 secs] [Times: user=0.00 sys=0.00, real=0.00 secs] 
155.394: [GC (Allocation Failure) [PSYoungGen: 89839K->5120K(96768K)] 833263K->758784K(1040896K), 0.0021864 secs] [Times: user=0.00 sys=0.00, real=0.00 secs] 
157.470: [Full GC (Ergonomics) [PSYoungGen: 84721K->0K(96768K)] [ParOldGen: 907264K->6144K(944128K)] 991986K->6144K(1040896K), [Metaspace: 2796K->2796K(1056768K)], 0.0028569 secs] [Times: user=0.02 sys=0.00, real=0.00 secs] 
158.234: [GC (Allocation Failure) [PSYoungGen: 84723K->5120K(96768K)] 193267K->164864K(1040896K), 0.0045660 secs] [Times: user=0.00 sys=0.00, real=0.00 secs] 
159.874: [GC (Allocation Failure) [PSYoungGen: 89844K->5120K(96768K)] 403188K->323584K(1040896K), 0.0012059 secs] [Times: user=0.00 sys=0.00, real=0.00 secs] 
161.741: [GC (Allocation Failure) [PSYoungGen: 88820K->5120K(96768K)] 560884K->487424K(1040896K), 0.0015674 secs] [Times: user=0.00 sys=0.00, real=0.00 secs] 
162.501: [GC (Allocation Failure) [PSYoungGen: 89845K->6144K(96768K)] 674549K->595968K(1040896K), 0.0018877 secs] [Times: user=0.00 sys=0.00, real=0.00 secs] 
164.140: [GC (Allocation Failure) [PSYoungGen: 90869K->6144K(96768K)] 834293K->764928K(1040896K), 0.0024869 secs] [Times: user=0.00 sys=0.00, real=0.00 secs] 
165.999: [GC (Allocation Failure) [PSYoungGen: 89845K->5120K(96768K)] 848629K->774144K(1040896K), 0.0021378 secs] [Times: user=0.00 sys=0.00, real=0.00 secs] 
166.762: [GC (Allocation Failure) [PSYoungGen: 89840K->5120K(96768K)] 961264K->902144K(1040896K), 0.0034432 secs] [Times: user=0.00 sys=0.00, real=0.00 secs] 
166.766: [Full GC (Ergonomics) [PSYoungGen: 5120K->0K(96768K)] [ParOldGen: 897024K->31249K(944128K)] 902144K->31249K(1040896K), [Metaspace: 2796K->2796K(1056768K)], 0.0055406 secs] [Times: user=0.02 sys=0.00, real=0.00 secs] 
169.386: [GC (Allocation Failure) [PSYoungGen: 86770K->1024K(96768K)] 425219K->339473K(1040896K), 0.0009326 secs] [Times: user=0.00 sys=0.00, real=0.00 secs] 
171.021: [GC (Allocation Failure) [PSYoungGen: 85747K->6144K(96768K)] 577796K->503313K(1040896K), 0.0016408 secs] [Times: user=0.00 sys=0.00, real=0.00 secs] 
172.975: [GC (Allocation Failure) [PSYoungGen: 85748K->0K(96768K)] 736517K->671249K(1040896K), 0.0024409 secs] [Times: user=0.00 sys=0.00, real=0.00 secs] 
173.620: [GC (Allocation Failure) [PSYoungGen: 84724K->1024K(96768K)] 858374K->774673K(1040896K), 0.0012666 secs] [Times: user=0.00 sys=0.00, real=0.00 secs] 
175.254: [Full GC (Ergonomics) [PSYoungGen: 85749K->0K(96768K)] [ParOldGen: 927249K->31249K(944128K)] 1012998K->31249K(1040896K), [Metaspace: 2796K->2796K(1056768K)], 0.0049148 secs] [Times: user=0.00 sys=0.00, real=0.01 secs] 
177.109: [GC (Allocation Failure) [PSYoungGen: 88821K->5120K(96768K)] 120070K->41489K(1040896K), 0.0013944 secs] [Times: user=0.00 sys=0.00, real=0.00 secs] 
178.633: [GC (Allocation Failure) [PSYoungGen: 89840K->5120K(96768K)] 279809K->210449K(1040896K), 0.0019184 secs] [Times: user=0.00 sys=0.00, real=0.00 secs] 
179.289: [GC (Allocation Failure) [PSYoungGen: 89842K->6144K(96768K)] 397571K->313873K(1040896K), 0.0009338 secs] [Times: user=0.00 sys=0.00, real=0.00 secs] 
181.573: [GC (Allocation Failure) [PSYoungGen: 85747K->6144K(96768K)] 495877K->426513K(1040896K), 0.0014860 secs] [Times: user=0.00 sys=0.00, real=0.00 secs] 
182.329: [GC (Allocation Failure) [PSYoungGen: 90868K->7168K(96768K)] 613637K->535057K(1040896K), 0.0014016 secs] [Times: user=0.00 sys=0.00, real=0.00 secs] 
184.278: [GC (Allocation Failure) [PSYoungGen: 86772K->0K(96768K)] 768262K->691729K(1040896K), 0.0015727 secs] [Times: user=0.00 sys=0.00, real=0.00 secs] 
184.933: [GC (Allocation Failure) [PSYoungGen: 84725K->1024K(96768K)] 878854K->805393K(1040896K), 0.0013677 secs] [Times: user=0.00 sys=0.00, real=0.00 secs] 
186.022: [GC (Allocation Failure) [PSYoungGen: 74485K->5120K(96768K)] 930055K->881169K(1040896K), 0.0026560 secs] [Times: user=0.00 sys=0.00, real=0.00 secs] 
186.025: [GC (Allocation Failure) [PSYoungGen: 5120K->5120K(96768K)] 881169K->881169K(1040896K), 0.0013037 secs] [Times: user=0.00 sys=0.00, real=0.00 secs] 
186.026: [Full GC (Allocation Failure) [PSYoungGen: 5120K->0K(96768K)] [ParOldGen: 876049K->87569K(944128K)] 881169K->87569K(1040896K), [Metaspace: 2796K->2796K(1056768K)], 0.0082600 secs] [Times: user=0.00 sys=0.00, real=0.01 secs] 
188.214: [GC (Allocation Failure) [PSYoungGen: 84725K->5120K(96768K)] 325895K->251409K(1040896K), 0.0009472 secs] [Times: user=0.00 sys=0.00, real=0.00 secs] 
189.852: [GC (Allocation Failure) [PSYoungGen: 89845K->5120K(96768K)] 489735K->410129K(1040896K), 0.0011630 secs] [Times: user=0.00 sys=0.00, real=0.00 secs] 
192.252: [GC (Allocation Failure) [PSYoungGen: 91893K->6176K(96768K)] 650503K->564785K(1040896K), 0.0010063 secs] [Times: user=0.02 sys=0.00, real=0.00 secs] 
193.889: [GC (Allocation Failure) [PSYoungGen: 90901K->6176K(96768K)] 803111K->733745K(1040896K), 0.0021332 secs] [Times: user=0.00 sys=0.00, real=0.00 secs] 
195.742: [GC (Allocation Failure) [PSYoungGen: 80661K->32K(96768K)] 961831K->891441K(1040896K), 0.0019588 secs] [Times: user=0.00 sys=0.00, real=0.00 secs] 
195.961: [GC (Allocation Failure) --[PSYoungGen: 73493K->73493K(96768K)] 964903K->1016103K(1040896K), 0.0043864 secs] [Times: user=0.00 sys=0.00, real=0.00 secs] 
195.966: [Full GC (Ergonomics) [PSYoungGen: 73493K->0K(96768K)] [ParOldGen: 942609K->72209K(944128K)] 1016103K->72209K(1040896K), [Metaspace: 2796K->2796K(1056768K)], 0.0066547 secs] [Times: user=0.00 sys=0.00, real=0.01 secs] 
197.938: [GC (Allocation Failure) [PSYoungGen: 86767K->5120K(96768K)] 414977K->338449K(1040896K), 0.0012040 secs] [Times: user=0.00 sys=0.00, real=0.00 secs] 
199.901: [GC (Allocation Failure) [PSYoungGen: 93937K->5120K(96768K)] 580867K->502289K(1040896K), 0.0016358 secs] [Times: user=0.00 sys=0.00, real=0.00 secs] 
200.555: [GC (Allocation Failure) [PSYoungGen: 89843K->7168K(96768K)] 689413K->606737K(1040896K), 0.0012373 secs] [Times: user=0.00 sys=0.00, real=0.00 secs] 
202.194: [GC (Allocation Failure) [PSYoungGen: 91892K->7168K(96768K)] 845062K->770577K(1040896K), 0.0016055 secs] [Times: user=0.00 sys=0.00, real=0.00 secs] 
204.269: [GC (Allocation Failure) [PSYoungGen: 90868K->5120K(96768K)] 854278K->789009K(1040896K), 0.0017749 secs] [Times: user=0.00 sys=0.00, real=0.00 secs] 
205.031: [GC (Allocation Failure) [PSYoungGen: 89839K->5120K(96768K)] 976129K->901650K(1040896K), 0.0015148 secs] [Times: user=0.00 sys=0.00, real=0.00 secs] 
205.794: [GC (Allocation Failure) [PSYoungGen: 68337K->5120K(96768K)] 964867K->942610K(1040896K), 0.0029579 secs] [Times: user=0.00 sys=0.00, real=0.00 secs] 
205.797: [Full GC (Ergonomics) [PSYoungGen: 5120K->0K(96768K)] [ParOldGen: 937490K->41489K(944128K)] 942610K->41489K(1040896K), [Metaspace: 2796K->2796K(1056768K)], 0.0053324 secs] [Times: user=0.01 sys=0.00, real=0.00 secs] 
207.104: [GC (Allocation Failure) [PSYoungGen: 69355K->5120K(96768K)] 213245K->149009K(1040896K), 0.0009250 secs] [Times: user=0.00 sys=0.00, real=0.00 secs] 
207.869: [GC (Allocation Failure) [PSYoungGen: 89839K->5120K(96768K)] 336129K->302609K(1040896K), 0.0055665 secs] [Times: user=0.00 sys=0.00, real=0.01 secs] 
209.504: [GC (Allocation Failure) [PSYoungGen: 89841K->5120K(96768K)] 540931K->461329K(1040896K), 0.0013411 secs] [Times: user=0.00 sys=0.00, real=0.00 secs] 
211.358: [GC (Allocation Failure) [PSYoungGen: 88819K->5120K(96768K)] 698629K->625169K(1040896K), 0.0015251 secs] [Times: user=0.00 sys=0.00, real=0.00 secs] 
212.116: [GC (Allocation Failure) [PSYoungGen: 89844K->6144K(96768K)] 812293K->733713K(1040896K), 0.0013630 secs] [Times: user=0.00 sys=0.00, real=0.00 secs] 
213.751: [GC (Allocation Failure) [PSYoungGen: 90868K->6144K(96768K)] 972038K->902674K(1040896K), 0.0021816 secs] [Times: user=0.00 sys=0.00, real=0.00 secs] 
213.753: [Full GC (Ergonomics) [PSYoungGen: 6144K->0K(96768K)] [ParOldGen: 896530K->27153K(944128K)] 902674K->27153K(1040896K), [Metaspace: 2796K->2796K(1056768K)], 0.0040036 secs] [Times: user=0.00 sys=0.00, real=0.00 secs] 
215.600: [GC (Allocation Failure) [PSYoungGen: 83701K->5120K(96768K)] 110854K->42513K(1040896K), 0.0013891 secs] [Times: user=0.00 sys=0.00, real=0.00 secs] 
216.362: [GC (Allocation Failure) [PSYoungGen: 89832K->5120K(96768K)] 229625K->170513K(1040896K), 0.0026085 secs] [Times: user=0.00 sys=0.00, real=0.00 secs] 
Heap
 PSYoungGen      total 96768K, used 91619K [0x00000000f9a00000, 0x0000000100000000, 0x0000000100000000)
  eden space 89088K, 97% used [0x00000000f9a00000,0x00000000fee78c80,0x00000000ff100000)
  from space 7680K, 66% used [0x00000000ff880000,0x00000000ffd80010,0x0000000100000000)
  to   space 7680K, 0% used [0x00000000ff100000,0x00000000ff100000,0x00000000ff880000)
 ParOldGen       total 944128K, used 318993K [0x00000000c0000000, 0x00000000f9a00000, 0x00000000f9a00000)
  object space 944128K, 33% used [0x00000000c0000000,0x00000000d3784790,0x00000000f9a00000)
 Metaspace       used 2804K, capacity 4486K, committed 4864K, reserved 1056768K
  class space    used 297K, capacity 386K, committed 512K, reserved 1048576K
