Java HotSpot(TM) 64-Bit Server VM (25.411-b09) for windows-amd64 JRE (1.8.0_411-b09), built on Mar 13 2024 07:26:13 by "java_re" with MS VC++ 17.1 (VS2022)
Memory: 4k page, physical 33403376k(8655568k free), swap 45382888k(3376332k free)
CommandLine flags: -XX:InitialHeapSize=2147483648 -XX:MaxHeapSize=2147483648 -XX:NewRatio=7 -XX:ParallelGCThreads=10 -XX:+PrintGC -XX:+PrintGCDetails -XX:+PrintGCTimeStamps -XX:-UseAdaptiveSizePolicy -XX:+UseCompressedClassPointers -XX:+UseCompressedOops -XX:-UseLargePagesIndividualAllocation -XX:+UseParallelGC 
2.628: [GC (Allocation Failure) [PSYoungGen: 182968K->22240K(229376K)] 285368K->124648K(2064384K), 0.0053655 secs] [Times: user=0.00 sys=0.00, real=0.01 secs] 
3.511: [GC (Allocation Failure) [PSYoungGen: 215612K->18184K(229376K)] 318020K->120592K(2064384K), 0.0034514 secs] [Times: user=0.00 sys=0.00, real=0.00 secs] 
6.882: [GC (Allocation Failure) [PSYoungGen: 211555K->31432K(229376K)] 416363K->236240K(2064384K), 0.0152740 secs] [Times: user=0.00 sys=0.00, real=0.01 secs] 
7.655: [GC (Allocation Failure) [PSYoungGen: 226769K->31384K(229376K)] 431577K->251560K(2064384K), 0.0312991 secs] [Times: user=0.00 sys=0.02, real=0.03 secs] 
9.091: [GC (Allocation Failure) [PSYoungGen: 224736K->5848K(229376K)] 444912K->277224K(2064384K), 0.0695375 secs] [Times: user=0.00 sys=0.00, real=0.07 secs] 
11.555: [GC (Allocation Failure) [PSYoungGen: 199194K->31464K(229376K)] 572970K->405240K(2064384K), 0.0028327 secs] [Times: user=0.00 sys=0.00, real=0.00 secs] 
12.856: [GC (Allocation Failure) [PSYoungGen: 220977K->16024K(229376K)] 594753K->389808K(2064384K), 0.0028776 secs] [Times: user=0.02 sys=0.00, real=0.00 secs] 
13.721: [GC (Allocation Failure) [PSYoungGen: 209362K->11960K(229376K)] 583146K->385744K(2064384K), 0.0036476 secs] [Times: user=0.00 sys=0.00, real=0.00 secs] 
16.975: [GC (Allocation Failure) [PSYoungGen: 205290K->10920K(229376K)] 681474K->487104K(2064384K), 0.0042679 secs] [Times: user=0.00 sys=0.00, real=0.00 secs] 
18.856: [GC (Allocation Failure) [PSYoungGen: 178664K->31400K(229376K)] 757249K->630472K(2064384K), 0.0309267 secs] [Times: user=0.03 sys=0.02, real=0.03 secs] 
20.301: [GC (Allocation Failure) [PSYoungGen: 209394K->5768K(229376K)] 808466K->604840K(2064384K), 0.0038105 secs] [Times: user=0.00 sys=0.00, real=0.00 secs] 
21.383: [GC (Allocation Failure) [PSYoungGen: 193994K->10936K(229376K)] 793066K->712408K(2064384K), 0.1549291 secs] [Times: user=0.25 sys=0.01, real=0.15 secs] 
23.424: [GC (Allocation Failure) [PSYoungGen: 178678K->32456K(229376K)] 982550K->836328K(2064384K), 0.0052869 secs] [Times: user=0.00 sys=0.00, real=0.01 secs] 
24.726: [GC (Allocation Failure) [PSYoungGen: 215568K->21112K(229376K)] 1019440K->824984K(2064384K), 0.0046350 secs] [Times: user=0.00 sys=0.00, real=0.00 secs] 
25.595: [GC (Allocation Failure) [PSYoungGen: 214457K->21192K(229376K)] 1018329K->825064K(2064384K), 0.0047996 secs] [Times: user=0.00 sys=0.00, real=0.01 secs] 
28.521: [GC (Allocation Failure) [PSYoungGen: 214533K->10400K(229376K)] 1120806K->917236K(2064384K), 0.0059197 secs] [Times: user=0.00 sys=0.00, real=0.01 secs] 
30.704: [GC (Allocation Failure) [PSYoungGen: 194343K->30880K(229376K)] 1203579K->1091324K(2064384K), 0.0932486 secs] [Times: user=0.05 sys=0.02, real=0.09 secs] 
33.013: [GC (Allocation Failure) [PSYoungGen: 225263K->6336K(229376K)] 1388107K->1169196K(2064384K), 0.0061748 secs] [Times: user=0.00 sys=0.00, real=0.01 secs] 
35.304: [GC (Allocation Failure) [PSYoungGen: 194580K->27808K(229376K)] 1459840K->1303316K(2064384K), 0.0149861 secs] [Times: user=0.02 sys=0.00, real=0.02 secs] 
36.619: [GC (Allocation Failure) [PSYoungGen: 210934K->10368K(229376K)] 1486443K->1285876K(2064384K), 0.0054259 secs] [Times: user=0.02 sys=0.00, real=0.01 secs] 
37.487: [GC (Allocation Failure) [PSYoungGen: 203722K->20672K(229376K)] 1479231K->1296180K(2064384K), 0.0071107 secs] [Times: user=0.00 sys=0.00, real=0.01 secs] 
39.658: [GC (Allocation Failure) [PSYoungGen: 203779K->30752K(229376K)] 1581688K->1439388K(2064384K), 0.0155788 secs] [Times: user=0.03 sys=0.00, real=0.01 secs] 
42.108: [GC (Allocation Failure) [PSYoungGen: 224108K->10336K(229376K)] 1735144K->1521372K(2064384K), 0.0065828 secs] [Times: user=0.00 sys=0.00, real=0.01 secs] 
45.297: [GC (Allocation Failure) [PSYoungGen: 194482K->21632K(229376K)] 1807918K->1635068K(2064384K), 0.0063887 secs] [Times: user=0.00 sys=0.00, real=0.01 secs] 
46.166: [GC (Allocation Failure) [PSYoungGen: 214997K->21568K(229376K)] 1828433K->1635004K(2064384K), 0.0074981 secs] [Times: user=0.00 sys=0.00, real=0.01 secs] 
48.287: [GC (Allocation Failure) [PSYoungGen: 173970K->20576K(229376K)] 1889806K->1736412K(2064384K), 0.0055230 secs] [Times: user=0.00 sys=0.00, real=0.01 secs] 
49.370: [GC (Allocation Failure) [PSYoungGen: 208821K->30816K(229376K)] 1924658K->1746652K(2064384K), 0.0081698 secs] [Times: user=0.02 sys=0.00, real=0.01 secs] 
51.166: [Full GC (Ergonomics) [PSYoungGen: 198570K->0K(229376K)] [ParOldGen: 1818236K->102929K(1835008K)] 2016806K->102929K(2064384K), [Metaspace: 2795K->2795K(1056768K)], 0.0352730 secs] [Times: user=0.02 sys=0.02, real=0.04 secs] 
52.497: [GC (Allocation Failure) [PSYoungGen: 193360K->15360K(229376K)] 296289K->118289K(2064384K), 0.0017641 secs] [Times: user=0.00 sys=0.00, real=0.00 secs] 
53.361: [GC (Allocation Failure) [PSYoungGen: 208711K->11264K(229376K)] 311640K->114193K(2064384K), 0.0010606 secs] [Times: user=0.00 sys=0.00, real=0.00 secs] 
56.626: [GC (Allocation Failure) [PSYoungGen: 204595K->15360K(229376K)] 409924K->220689K(2064384K), 0.0016592 secs] [Times: user=0.00 sys=0.00, real=0.00 secs] 
57.384: [GC (Allocation Failure) [PSYoungGen: 208705K->20480K(229376K)] 414034K->225809K(2064384K), 0.0018410 secs] [Times: user=0.00 sys=0.00, real=0.00 secs] 
59.673: [GC (Allocation Failure) [PSYoungGen: 177989K->20480K(229376K)] 485718K->328209K(2064384K), 0.0022736 secs] [Times: user=0.00 sys=0.00, real=0.00 secs] 
60.755: [GC (Allocation Failure) [PSYoungGen: 208717K->10240K(229376K)] 516446K->369169K(2064384K), 0.0066140 secs] [Times: user=0.00 sys=0.00, real=0.01 secs] 
62.491: [GC (Allocation Failure) [PSYoungGen: 177988K->30720K(229376K)] 639318K->492049K(2064384K), 0.0044594 secs] [Times: user=0.00 sys=0.00, real=0.00 secs] 
63.787: [GC (Allocation Failure) [PSYoungGen: 218957K->15360K(229376K)] 680286K->476689K(2064384K), 0.0015108 secs] [Times: user=0.00 sys=0.00, real=0.00 secs] 
64.653: [GC (Allocation Failure) [PSYoungGen: 208708K->11264K(229376K)] 670038K->472593K(2064384K), 0.0014139 secs] [Times: user=0.00 sys=0.00, real=0.00 secs] 
67.802: [GC (Allocation Failure) [PSYoungGen: 204600K->10240K(229376K)] 768330K->573969K(2064384K), 0.0020746 secs] [Times: user=0.00 sys=0.00, real=0.00 secs] 
69.543: [GC (Allocation Failure) [PSYoungGen: 177989K->30720K(229376K)] 844118K->717329K(2064384K), 0.0037527 secs] [Times: user=0.00 sys=0.00, real=0.00 secs] 
70.951: [GC (Allocation Failure) [PSYoungGen: 208717K->5120K(229376K)] 895326K->691729K(2064384K), 0.0036290 secs] [Times: user=0.00 sys=0.00, real=0.00 secs] 
72.037: [GC (Allocation Failure) [PSYoungGen: 193348K->10240K(229376K)] 879957K->799249K(2064384K), 0.0110155 secs] [Times: user=0.00 sys=0.00, real=0.01 secs] 
73.790: [GC (Allocation Failure) [PSYoungGen: 177983K->31744K(229376K)] 1069392K->923153K(2064384K), 0.0039949 secs] [Times: user=0.00 sys=0.00, real=0.00 secs] 
75.096: [GC (Allocation Failure) [PSYoungGen: 214857K->20480K(229376K)] 1106266K->911889K(2064384K), 0.0027955 secs] [Times: user=0.00 sys=0.00, real=0.00 secs] 
75.964: [GC (Allocation Failure) [PSYoungGen: 213825K->20480K(229376K)] 1105235K->911889K(2064384K), 0.0038471 secs] [Times: user=0.02 sys=0.00, real=0.00 secs] 
78.786: [GC (Allocation Failure) [PSYoungGen: 213822K->10240K(229376K)] 1207631K->1004049K(2064384K), 0.0033038 secs] [Times: user=0.00 sys=0.00, real=0.00 secs] 
80.848: [GC (Allocation Failure) [PSYoungGen: 193352K->30720K(229376K)] 1289562K->1178129K(2064384K), 0.0061772 secs] [Times: user=0.00 sys=0.00, real=0.00 secs] 
82.919: [GC (Allocation Failure) [PSYoungGen: 225103K->6144K(229376K)] 1474913K->1255953K(2064384K), 0.0039697 secs] [Times: user=0.00 sys=0.00, real=0.00 secs] 
85.088: [GC (Allocation Failure) [PSYoungGen: 194388K->27648K(229376K)] 1546597K->1390097K(2064384K), 0.0064641 secs] [Times: user=0.02 sys=0.00, real=0.01 secs] 
86.406: [GC (Allocation Failure) [PSYoungGen: 210774K->20480K(229376K)] 1573224K->1382929K(2064384K), 0.0058662 secs] [Times: user=0.00 sys=0.00, real=0.01 secs] 
87.274: [GC (Allocation Failure) [PSYoungGen: 213834K->20480K(229376K)] 1576284K->1382929K(2064384K), 0.0063944 secs] [Times: user=0.01 sys=0.00, real=0.01 secs] 
89.334: [GC (Allocation Failure) [PSYoungGen: 203587K->30720K(229376K)] 1668437K->1526289K(2064384K), 0.0077761 secs] [Times: user=0.00 sys=0.00, real=0.01 secs] 
91.730: [GC (Allocation Failure) [PSYoungGen: 224076K->15360K(229376K)] 1822046K->1613329K(2064384K), 0.0064725 secs] [Times: user=0.02 sys=0.00, real=0.01 secs] 
94.873: [GC (Allocation Failure) [PSYoungGen: 199506K->21504K(229376K)] 1899875K->1721873K(2064384K), 0.0075884 secs] [Times: user=0.00 sys=0.00, real=0.01 secs] 
95.740: [GC (Allocation Failure) [PSYoungGen: 214869K->21504K(229376K)] 1915239K->1721873K(2064384K), 0.0071071 secs] [Times: user=0.01 sys=0.00, real=0.01 secs] 
97.801: [Full GC (Ergonomics) [PSYoungGen: 173906K->0K(229376K)] [ParOldGen: 1802769K->21504K(1835008K)] 1976675K->21504K(2064384K), [Metaspace: 2796K->2796K(1056768K)], 0.0070438 secs] [Times: user=0.00 sys=0.00, real=0.01 secs] 
98.903: [GC (Allocation Failure) [PSYoungGen: 188245K->10240K(229376K)] 209749K->31744K(2064384K), 0.0010271 secs] [Times: user=0.00 sys=0.00, real=0.00 secs] 
100.638: [GC (Allocation Failure) [PSYoungGen: 177994K->30720K(229376K)] 301898K->205824K(2064384K), 0.0078626 secs] [Times: user=0.00 sys=0.00, real=0.01 secs] 
101.955: [GC (Allocation Failure) [PSYoungGen: 224080K->15360K(229376K)] 399184K->190464K(2064384K), 0.0014039 secs] [Times: user=0.00 sys=0.00, real=0.00 secs] 
102.821: [GC (Allocation Failure) [PSYoungGen: 208711K->11264K(229376K)] 383815K->186368K(2064384K), 0.0011096 secs] [Times: user=0.00 sys=0.00, real=0.00 secs] 
106.076: [GC (Allocation Failure) [PSYoungGen: 204595K->15360K(229376K)] 482099K->292864K(2064384K), 0.0017923 secs] [Times: user=0.00 sys=0.00, real=0.00 secs] 
106.835: [GC (Allocation Failure) [PSYoungGen: 208705K->20480K(229376K)] 486209K->297984K(2064384K), 0.0019619 secs] [Times: user=0.00 sys=0.00, real=0.00 secs] 
109.129: [GC (Allocation Failure) [PSYoungGen: 177989K->20480K(229376K)] 557893K->400384K(2064384K), 0.0031453 secs] [Times: user=0.00 sys=0.00, real=0.00 secs] 
110.212: [GC (Allocation Failure) [PSYoungGen: 208717K->10240K(229376K)] 588621K->441344K(2064384K), 0.0084404 secs] [Times: user=0.02 sys=0.00, real=0.01 secs] 
111.977: [GC (Allocation Failure) [PSYoungGen: 177988K->30720K(229376K)] 711493K->564224K(2064384K), 0.0029604 secs] [Times: user=0.00 sys=0.00, real=0.00 secs] 
113.277: [GC (Allocation Failure) [PSYoungGen: 218957K->15360K(229376K)] 752461K->548864K(2064384K), 0.0029499 secs] [Times: user=0.00 sys=0.00, real=0.00 secs] 
114.143: [GC (Allocation Failure) [PSYoungGen: 208708K->11264K(229376K)] 742213K->544768K(2064384K), 0.0027500 secs] [Times: user=0.00 sys=0.00, real=0.00 secs] 
117.305: [GC (Allocation Failure) [PSYoungGen: 204600K->10240K(229376K)] 840505K->646144K(2064384K), 0.0035669 secs] [Times: user=0.00 sys=0.00, real=0.00 secs] 
119.038: [GC (Allocation Failure) [PSYoungGen: 177989K->30720K(229376K)] 916293K->789504K(2064384K), 0.0048244 secs] [Times: user=0.00 sys=0.00, real=0.01 secs] 
120.445: [GC (Allocation Failure) [PSYoungGen: 208717K->5120K(229376K)] 967501K->763904K(2064384K), 0.0047244 secs] [Times: user=0.00 sys=0.00, real=0.00 secs] 
121.528: [GC (Allocation Failure) [PSYoungGen: 193348K->10240K(229376K)] 952132K->871424K(2064384K), 0.0156654 secs] [Times: user=0.00 sys=0.00, real=0.02 secs] 
123.277: [GC (Allocation Failure) [PSYoungGen: 177983K->31744K(229376K)] 1141567K->995328K(2064384K), 0.0058454 secs] [Times: user=0.00 sys=0.00, real=0.01 secs] 
124.575: [GC (Allocation Failure) [PSYoungGen: 214857K->20480K(229376K)] 1178441K->984064K(2064384K), 0.0056171 secs] [Times: user=0.00 sys=0.00, real=0.01 secs] 
125.442: [GC (Allocation Failure) [PSYoungGen: 213825K->20480K(229376K)] 1177410K->984064K(2064384K), 0.0057288 secs] [Times: user=0.00 sys=0.00, real=0.01 secs] 
128.262: [GC (Allocation Failure) [PSYoungGen: 213822K->10240K(229376K)] 1279806K->1076224K(2064384K), 0.0060397 secs] [Times: user=0.02 sys=0.00, real=0.01 secs] 
130.321: [GC (Allocation Failure) [PSYoungGen: 193352K->30720K(229376K)] 1361737K->1250304K(2064384K), 0.0068178 secs] [Times: user=0.02 sys=0.00, real=0.01 secs] 
132.394: [GC (Allocation Failure) [PSYoungGen: 225103K->6144K(229376K)] 1547087K->1328128K(2064384K), 0.0076554 secs] [Times: user=0.00 sys=0.00, real=0.01 secs] 
134.575: [GC (Allocation Failure) [PSYoungGen: 194388K->27648K(229376K)] 1618772K->1462272K(2064384K), 0.0156067 secs] [Times: user=0.02 sys=0.00, real=0.02 secs] 
135.892: [GC (Allocation Failure) [PSYoungGen: 210774K->20480K(229376K)] 1645399K->1455104K(2064384K), 0.0097416 secs] [Times: user=0.00 sys=0.00, real=0.01 secs] 
136.776: [GC (Allocation Failure) [PSYoungGen: 213834K->20480K(229376K)] 1648459K->1455104K(2064384K), 0.0158295 secs] [Times: user=0.00 sys=0.00, real=0.02 secs] 
138.853: [GC (Allocation Failure) [PSYoungGen: 203587K->20480K(229376K)] 1740612K->1598464K(2064384K), 0.0078420 secs] [Times: user=0.01 sys=0.00, real=0.01 secs] 
141.252: [GC (Allocation Failure) [PSYoungGen: 213836K->15360K(229376K)] 1894220K->1695744K(2064384K), 0.0089222 secs] [Times: user=0.00 sys=0.00, real=0.01 secs] 
144.409: [Full GC (Ergonomics) [PSYoungGen: 199506K->0K(229376K)] [ParOldGen: 1782784K->22033K(1835008K)] 1982290K->22033K(2064384K), [Metaspace: 2796K->2796K(1056768K)], 0.0061663 secs] [Times: user=0.00 sys=0.00, real=0.01 secs] 
145.276: [GC (Allocation Failure) [PSYoungGen: 193365K->10240K(229376K)] 215398K->32273K(2064384K), 0.0010900 secs] [Times: user=0.00 sys=0.00, real=0.00 secs] 
147.331: [GC (Allocation Failure) [PSYoungGen: 162641K->20480K(229376K)] 287075K->165393K(2064384K), 0.0032025 secs] [Times: user=0.00 sys=0.00, real=0.00 secs] 
148.409: [GC (Allocation Failure) [PSYoungGen: 208725K->30720K(229376K)] 353638K->175633K(2064384K), 0.0024989 secs] [Times: user=0.00 sys=0.00, real=0.00 secs] 
150.140: [GC (Allocation Failure) [PSYoungGen: 198474K->30720K(229376K)] 445787K->349713K(2064384K), 0.0068562 secs] [Times: user=0.00 sys=0.00, real=0.01 secs] 
151.453: [GC (Allocation Failure) [PSYoungGen: 224080K->15360K(229376K)] 543074K->334353K(2064384K), 0.0017224 secs] [Times: user=0.00 sys=0.00, real=0.00 secs] 
152.320: [GC (Allocation Failure) [PSYoungGen: 208711K->11264K(229376K)] 527704K->330257K(2064384K), 0.0017091 secs] [Times: user=0.00 sys=0.00, real=0.00 secs] 
155.567: [GC (Allocation Failure) [PSYoungGen: 204595K->15360K(229376K)] 625988K->436753K(2064384K), 0.0016654 secs] [Times: user=0.00 sys=0.00, real=0.00 secs] 
156.321: [GC (Allocation Failure) [PSYoungGen: 208705K->20480K(229376K)] 630098K->441873K(2064384K), 0.0021944 secs] [Times: user=0.00 sys=0.00, real=0.00 secs] 
158.596: [GC (Allocation Failure) [PSYoungGen: 177989K->20480K(229376K)] 701782K->544273K(2064384K), 0.0021723 secs] [Times: user=0.00 sys=0.00, real=0.00 secs] 
159.676: [GC (Allocation Failure) [PSYoungGen: 208717K->10240K(229376K)] 732510K->585233K(2064384K), 0.0059044 secs] [Times: user=0.00 sys=0.00, real=0.01 secs] 
161.411: [GC (Allocation Failure) [PSYoungGen: 177988K->30720K(229376K)] 855382K->708113K(2064384K), 0.0035501 secs] [Times: user=0.00 sys=0.00, real=0.00 secs] 
162.709: [GC (Allocation Failure) [PSYoungGen: 218957K->15360K(229376K)] 896350K->692753K(2064384K), 0.0028388 secs] [Times: user=0.00 sys=0.00, real=0.00 secs] 
163.574: [GC (Allocation Failure) [PSYoungGen: 208708K->11264K(229376K)] 886102K->688657K(2064384K), 0.0027606 secs] [Times: user=0.01 sys=0.00, real=0.00 secs] 
166.729: [GC (Allocation Failure) [PSYoungGen: 204600K->10240K(229376K)] 984394K->790033K(2064384K), 0.0032668 secs] [Times: user=0.02 sys=0.00, real=0.00 secs] 
168.477: [GC (Allocation Failure) [PSYoungGen: 177989K->30720K(229376K)] 1060182K->933393K(2064384K), 0.0044101 secs] [Times: user=0.02 sys=0.00, real=0.00 secs] 
169.887: [GC (Allocation Failure) [PSYoungGen: 208717K->5120K(229376K)] 1111390K->907793K(2064384K), 0.0036847 secs] [Times: user=0.00 sys=0.00, real=0.00 secs] 
170.976: [GC (Allocation Failure) [PSYoungGen: 193348K->10240K(229376K)] 1096021K->1015313K(2064384K), 0.0311222 secs] [Times: user=0.05 sys=0.00, real=0.03 secs] 
172.748: [GC (Allocation Failure) [PSYoungGen: 177983K->31744K(229376K)] 1285456K->1139217K(2064384K), 0.0046701 secs] [Times: user=0.00 sys=0.00, real=0.00 secs] 
174.055: [GC (Allocation Failure) [PSYoungGen: 214857K->20480K(229376K)] 1322330K->1127953K(2064384K), 0.0048423 secs] [Times: user=0.01 sys=0.00, real=0.01 secs] 
174.920: [GC (Allocation Failure) [PSYoungGen: 213825K->20480K(229376K)] 1321299K->1127953K(2064384K), 0.0046031 secs] [Times: user=0.00 sys=0.00, real=0.00 secs] 
177.734: [GC (Allocation Failure) [PSYoungGen: 213822K->10240K(229376K)] 1423695K->1220113K(2064384K), 0.0049040 secs] [Times: user=0.00 sys=0.00, real=0.00 secs] 
179.789: [GC (Allocation Failure) [PSYoungGen: 193352K->30720K(229376K)] 1505626K->1394193K(2064384K), 0.0094425 secs] [Times: user=0.02 sys=0.00, real=0.01 secs] 
181.863: [GC (Allocation Failure) [PSYoungGen: 225103K->6144K(229376K)] 1690977K->1472017K(2064384K), 0.0060135 secs] [Times: user=0.00 sys=0.00, real=0.01 secs] 
184.027: [GC (Allocation Failure) [PSYoungGen: 194388K->27648K(229376K)] 1762661K->1606161K(2064384K), 0.0074249 secs] [Times: user=0.09 sys=0.00, real=0.01 secs] 
185.338: [GC (Allocation Failure) [PSYoungGen: 210774K->20480K(229376K)] 1789288K->1598993K(2064384K), 0.0066847 secs] [Times: user=0.01 sys=0.00, real=0.01 secs] 
186.205: [GC (Allocation Failure) [PSYoungGen: 213834K->20480K(229376K)] 1792348K->1598993K(2064384K), 0.0068664 secs] [Times: user=0.00 sys=0.00, real=0.01 secs] 
188.253: [GC (Allocation Failure) [PSYoungGen: 203587K->20480K(229376K)] 1884501K->1742353K(2064384K), 0.0078497 secs] [Times: user=0.00 sys=0.00, real=0.01 secs] 
190.644: [Full GC (Ergonomics) [PSYoungGen: 213836K->0K(229376K)] [ParOldGen: 1824273K->113169K(1835008K)] 2038110K->113169K(2064384K), [Metaspace: 2796K->2796K(1056768K)], 0.0128542 secs] [Times: user=0.00 sys=0.00, real=0.01 secs] 
193.798: [GC (Allocation Failure) [PSYoungGen: 184146K->21536K(229376K)] 399715K->237105K(2064384K), 0.0017880 secs] [Times: user=0.00 sys=0.00, real=0.00 secs] 
194.664: [GC (Allocation Failure) [PSYoungGen: 214901K->21536K(229376K)] 430470K->237105K(2064384K), 0.0016831 secs] [Times: user=0.00 sys=0.00, real=0.00 secs] 
196.725: [GC (Allocation Failure) [PSYoungGen: 173938K->20544K(229376K)] 491907K->358993K(2064384K), 0.0024724 secs] [Times: user=0.00 sys=0.00, real=0.00 secs] 
197.806: [GC (Allocation Failure) [PSYoungGen: 208789K->30784K(229376K)] 547238K->369233K(2064384K), 0.0023975 secs] [Times: user=0.00 sys=0.00, real=0.00 secs] 
199.536: [GC (Allocation Failure) [PSYoungGen: 198538K->30752K(229376K)] 639387K->543281K(2064384K), 0.0082839 secs] [Times: user=0.02 sys=0.00, real=0.01 secs] 
200.848: [GC (Allocation Failure) [PSYoungGen: 224112K->15456K(229376K)] 736642K->527985K(2064384K), 0.0021676 secs] [Times: user=0.00 sys=0.00, real=0.00 secs] 
201.715: [GC (Allocation Failure) [PSYoungGen: 208807K->11296K(229376K)] 721336K->523825K(2064384K), 0.0025397 secs] [Times: user=0.01 sys=0.00, real=0.00 secs] 
205.055: [GC (Allocation Failure) [PSYoungGen: 204627K->15424K(229376K)] 819556K->630353K(2064384K), 0.0026855 secs] [Times: user=0.00 sys=0.00, real=0.00 secs] 
205.816: [GC (Allocation Failure) [PSYoungGen: 208769K->20512K(229376K)] 823698K->635441K(2064384K), 0.0024221 secs] [Times: user=0.00 sys=0.00, real=0.00 secs] 
208.088: [GC (Allocation Failure) [PSYoungGen: 178021K->20544K(229376K)] 895350K->737873K(2064384K), 0.0032006 secs] [Times: user=0.02 sys=0.00, real=0.00 secs] 
209.172: [GC (Allocation Failure) [PSYoungGen: 208781K->10272K(229376K)] 926110K->778801K(2064384K), 0.0049964 secs] [Times: user=0.00 sys=0.00, real=0.00 secs] 
210.906: [GC (Allocation Failure) [PSYoungGen: 178020K->30752K(229376K)] 1048950K->901681K(2064384K), 0.0031677 secs] [Times: user=0.00 sys=0.00, real=0.00 secs] 
212.207: [GC (Allocation Failure) [PSYoungGen: 218989K->15424K(229376K)] 1089918K->886353K(2064384K), 0.0034557 secs] [Times: user=0.00 sys=0.00, real=0.00 secs] 
213.073: [GC (Allocation Failure) [PSYoungGen: 208772K->11328K(229376K)] 1079702K->882257K(2064384K), 0.0038367 secs] [Times: user=0.00 sys=0.00, real=0.00 secs] 
216.217: [GC (Allocation Failure) [PSYoungGen: 204664K->10336K(229376K)] 1177994K->983665K(2064384K), 0.0029003 secs] [Times: user=0.00 sys=0.00, real=0.00 secs] 
217.962: [GC (Allocation Failure) [PSYoungGen: 178085K->30784K(229376K)] 1253814K->1127001K(2064384K), 0.0042593 secs] [Times: user=0.02 sys=0.00, real=0.00 secs] 
Heap
 PSYoungGen      total 229376K, used 212713K [0x00000000f0000000, 0x0000000100000000, 0x0000000100000000)
  eden space 196608K, 92% used [0x00000000f0000000,0x00000000fb1aa6a0,0x00000000fc000000)
  from space 32768K, 93% used [0x00000000fe000000,0x00000000ffe10030,0x0000000100000000)
  to   space 32768K, 0% used [0x00000000fc000000,0x00000000fc000000,0x00000000fe000000)
 ParOldGen       total 1835008K, used 1096217K [0x0000000080000000, 0x00000000f0000000, 0x00000000f0000000)
  object space 1835008K, 59% used [0x0000000080000000,0x00000000c2e86648,0x00000000f0000000)
 Metaspace       used 2804K, capacity 4486K, committed 4864K, reserved 1056768K
  class space    used 297K, capacity 386K, committed 512K, reserved 1048576K
