Java HotSpot(TM) 64-Bit Server VM (25.411-b09) for windows-amd64 JRE (1.8.0_411-b09), built on Mar 13 2024 07:26:13 by "java_re" with MS VC++ 17.1 (VS2022)
Memory: 4k page, physical 33403376k(14143664k free), swap 37876016k(5514028k free)
CommandLine flags: -XX:InitialHeapSize=1073741824 -XX:MaxHeapSize=1073741824 -XX:NewRatio=2 -XX:ParallelGCThreads=6 -XX:+PrintGC -XX:+PrintGCDetails -XX:+PrintGCTimeStamps -XX:-UseAdaptiveSizePolicy -XX:+UseCompressedClassPointers -XX:+UseCompressedOops -XX:-UseLargePagesIndividualAllocation -XX:+UseParallelGC 
2.292: [GC (Allocation Failure) [PSYoungGen: 261366K->11928K(305664K)] 261366K->11936K(1005056K), 0.0025612 secs] [Times: user=0.00 sys=0.00, real=0.00 secs] 
4.909: [GC (Allocation Failure) [PSYoungGen: 273066K->10896K(305664K)] 273074K->10904K(1005056K), 0.0023692 secs] [Times: user=0.00 sys=0.00, real=0.00 secs] 
6.759: [GC (Allocation Failure) [PSYoungGen: 267000K->31336K(305664K)] 267008K->31352K(1005056K), 0.0043348 secs] [Times: user=0.00 sys=0.00, real=0.00 secs] 
8.393: [GC (Allocation Failure) [PSYoungGen: 259262K->21168K(305664K)] 259278K->21192K(1005056K), 0.0046211 secs] [Times: user=0.00 sys=0.00, real=0.00 secs] 
9.803: [GC (Allocation Failure) [PSYoungGen: 251622K->26264K(305664K)] 251646K->77488K(1005056K), 0.0171881 secs] [Times: user=0.00 sys=0.02, real=0.02 secs] 
11.237: [GC (Allocation Failure) [PSYoungGen: 256717K->31400K(305664K)] 307941K->185024K(1005056K), 0.0316246 secs] [Times: user=0.02 sys=0.00, real=0.03 secs] 
12.690: [GC (Allocation Failure) [PSYoungGen: 243077K->26256K(305664K)] 396701K->179888K(1005056K), 0.0023439 secs] [Times: user=0.00 sys=0.00, real=0.00 secs] 
14.107: [GC (Allocation Failure) [PSYoungGen: 256691K->37504K(305664K)] 410323K->191136K(1005056K), 0.0028393 secs] [Times: user=0.00 sys=0.00, real=0.00 secs] 
16.835: [GC (Allocation Failure) [PSYoungGen: 298657K->15976K(305664K)] 452289K->169608K(1005056K), 0.0022025 secs] [Times: user=0.00 sys=0.00, real=0.00 secs] 
18.364: [GC (Allocation Failure) [PSYoungGen: 266899K->31392K(305664K)] 420531K->205512K(1005056K), 0.0152497 secs] [Times: user=0.00 sys=0.00, real=0.01 secs] 
19.905: [GC (Allocation Failure) [PSYoungGen: 261840K->656K(305664K)] 435960K->225976K(1005056K), 0.0158696 secs] [Times: user=0.02 sys=0.00, real=0.02 secs] 
21.337: [GC (Allocation Failure) [PSYoungGen: 231105K->5736K(305664K)] 456425K->384656K(1005056K), 0.0461502 secs] [Times: user=0.06 sys=0.02, real=0.05 secs] 
22.801: [GC (Allocation Failure) [PSYoungGen: 236186K->11896K(305664K)] 615106K->442016K(1005056K), 0.0162376 secs] [Times: user=0.00 sys=0.00, real=0.02 secs] 
24.228: [GC (Allocation Failure) [PSYoungGen: 216747K->10872K(305664K)] 646867K->492192K(1005056K), 0.0167752 secs] [Times: user=0.02 sys=0.00, real=0.02 secs] 
25.661: [GC (Allocation Failure) [PSYoungGen: 241320K->26264K(305664K)] 722640K->558784K(1005056K), 0.0175687 secs] [Times: user=0.00 sys=0.00, real=0.02 secs] 
28.411: [GC (Allocation Failure) [PSYoungGen: 273181K->25696K(305664K)] 805701K->558828K(1005056K), 0.0027476 secs] [Times: user=0.00 sys=0.00, real=0.00 secs] 
29.831: [GC (Allocation Failure) [PSYoungGen: 256140K->30784K(305664K)] 789272K->615132K(1005056K), 0.0172862 secs] [Times: user=0.00 sys=0.00, real=0.02 secs] 
31.367: [GC (Allocation Failure) [PSYoungGen: 215150K->5184K(305664K)] 799499K->589532K(1005056K), 0.0015417 secs] [Times: user=0.00 sys=0.00, real=0.00 secs] 
32.786: [GC (Allocation Failure) [PSYoungGen: 235626K->6240K(305664K)] 819974K->641796K(1005056K), 0.0179804 secs] [Times: user=0.02 sys=0.00, real=0.02 secs] 
32.804: [Full GC (Ergonomics) [PSYoungGen: 6240K->0K(305664K)] [ParOldGen: 635556K->57873K(699392K)] 641796K->57873K(1005056K), [Metaspace: 2793K->2793K(1056768K)], 0.0275632 secs] [Times: user=0.02 sys=0.00, real=0.03 secs] 
34.252: [GC (Allocation Failure) [PSYoungGen: 230446K->11264K(305664K)] 288319K->120337K(1005056K), 0.0048121 secs] [Times: user=0.00 sys=0.00, real=0.00 secs] 
35.668: [GC (Allocation Failure) [PSYoungGen: 216095K->10240K(305664K)] 325169K->170513K(1005056K), 0.0047869 secs] [Times: user=0.02 sys=0.00, real=0.00 secs] 
37.101: [GC (Allocation Failure) [PSYoungGen: 240676K->35840K(305664K)] 400949K->247313K(1005056K), 0.0058409 secs] [Times: user=0.00 sys=0.00, real=0.01 secs] 
39.627: [GC (Allocation Failure) [PSYoungGen: 297001K->15360K(305664K)] 508475K->226833K(1005056K), 0.0014448 secs] [Times: user=0.00 sys=0.00, real=0.00 secs] 
41.264: [GC (Allocation Failure) [PSYoungGen: 276528K->30720K(305664K)] 488001K->344593K(1005056K), 0.0157289 secs] [Times: user=0.00 sys=0.00, real=0.02 secs] 
44.110: [GC (Allocation Failure) [PSYoungGen: 291892K->31744K(305664K)] 605766K->345617K(1005056K), 0.0023623 secs] [Times: user=0.00 sys=0.00, real=0.00 secs] 
45.531: [GC (Allocation Failure) [PSYoungGen: 262199K->41984K(305664K)] 576072K->360977K(1005056K), 0.0035646 secs] [Times: user=0.00 sys=0.00, real=0.00 secs] 
47.057: [GC (Allocation Failure) [PSYoungGen: 292934K->20480K(305664K)] 611928K->390673K(1005056K), 0.0051685 secs] [Times: user=0.00 sys=0.00, real=0.00 secs] 
48.475: [GC (Allocation Failure) [PSYoungGen: 250946K->25600K(305664K)] 621139K->498193K(1005056K), 0.0158675 secs] [Times: user=0.00 sys=0.00, real=0.02 secs] 
49.914: [GC (Allocation Failure) [PSYoungGen: 256061K->30720K(305664K)] 728654K->554513K(1005056K), 0.0060957 secs] [Times: user=0.00 sys=0.00, real=0.01 secs] 
51.335: [GC (Allocation Failure) [PSYoungGen: 245933K->5120K(305664K)] 769726K->580113K(1005056K), 0.0056566 secs] [Times: user=0.00 sys=0.00, real=0.01 secs] 
52.772: [GC (Allocation Failure) [PSYoungGen: 235485K->11264K(305664K)] 810479K->637457K(1005056K), 0.0048660 secs] [Times: user=0.00 sys=0.00, real=0.01 secs] 
52.777: [Full GC (Ergonomics) [PSYoungGen: 11264K->0K(305664K)] [ParOldGen: 626193K->62993K(699392K)] 637457K->62993K(1005056K), [Metaspace: 2795K->2795K(1056768K)], 0.0062859 secs] [Times: user=0.00 sys=0.00, real=0.01 secs] 
55.515: [GC (Allocation Failure) [PSYoungGen: 220180K->35840K(305664K)] 283174K->98833K(1005056K), 0.0025996 secs] [Times: user=0.05 sys=0.00, real=0.00 secs] 
56.939: [GC (Allocation Failure) [PSYoungGen: 266253K->40960K(305664K)] 329247K->124433K(1005056K), 0.0157494 secs] [Times: user=0.00 sys=0.00, real=0.02 secs] 
58.483: [GC (Allocation Failure) [PSYoungGen: 286755K->0K(305664K)] 370229K->185873K(1005056K), 0.0051575 secs] [Times: user=0.00 sys=0.00, real=0.01 secs] 
59.919: [GC (Allocation Failure) [PSYoungGen: 230443K->5120K(305664K)] 416316K->242193K(1005056K), 0.0043460 secs] [Times: user=0.02 sys=0.00, real=0.00 secs] 
61.338: [GC (Allocation Failure) [PSYoungGen: 235566K->10240K(305664K)] 472639K->400913K(1005056K), 0.0157898 secs] [Times: user=0.02 sys=0.00, real=0.02 secs] 
62.772: [GC (Allocation Failure) [PSYoungGen: 220208K->5120K(305664K)] 610881K->446993K(1005056K), 0.0048269 secs] [Times: user=0.00 sys=0.00, real=0.01 secs] 
64.186: [GC (Allocation Failure) [PSYoungGen: 235567K->16384K(305664K)] 677440K->509457K(1005056K), 0.0051610 secs] [Times: user=0.00 sys=0.00, real=0.01 secs] 
66.923: [GC (Allocation Failure) [PSYoungGen: 246825K->25600K(305664K)] 739898K->539153K(1005056K), 0.0028418 secs] [Times: user=0.02 sys=0.00, real=0.00 secs] 
68.343: [GC (Allocation Failure) [PSYoungGen: 256044K->30720K(305664K)] 769598K->544273K(1005056K), 0.0028524 secs] [Times: user=0.00 sys=0.00, real=0.00 secs] 
69.866: [GC (Allocation Failure) [PSYoungGen: 261167K->0K(305664K)] 774721K->564753K(1005056K), 0.0044550 secs] [Times: user=0.00 sys=0.00, real=0.00 secs] 
71.284: [GC (Allocation Failure) --[PSYoungGen: 230449K->230449K(305664K)] 795202K->897602K(1005056K), 0.0485762 secs] [Times: user=0.00 sys=0.02, real=0.05 secs] 
71.333: [Full GC (Ergonomics) [PSYoungGen: 230449K->0K(305664K)] [ParOldGen: 667153K->159249K(699392K)] 897602K->159249K(1005056K), [Metaspace: 2796K->2796K(1056768K)], 0.0225741 secs] [Times: user=0.01 sys=0.00, real=0.02 secs] 
72.782: [GC (Allocation Failure) [PSYoungGen: 230450K->6144K(305664K)] 389699K->216593K(1005056K), 0.0044203 secs] [Times: user=0.00 sys=0.00, real=0.01 secs] 
74.217: [GC (Allocation Failure) [PSYoungGen: 210978K->10240K(305664K)] 421427K->271889K(1005056K), 0.0052540 secs] [Times: user=0.02 sys=0.00, real=0.00 secs] 
75.648: [GC (Allocation Failure) [PSYoungGen: 240677K->25600K(305664K)] 502327K->338449K(1005056K), 0.0060794 secs] [Times: user=0.00 sys=0.00, real=0.01 secs] 
78.389: [GC (Allocation Failure) [PSYoungGen: 271403K->25600K(305664K)] 584252K->338449K(1005056K), 0.0023863 secs] [Times: user=0.00 sys=0.00, real=0.00 secs] 
79.805: [GC (Allocation Failure) [PSYoungGen: 256047K->30720K(305664K)] 568897K->394769K(1005056K), 0.0069377 secs] [Times: user=0.00 sys=0.00, real=0.01 secs] 
81.348: [GC (Allocation Failure) [PSYoungGen: 215089K->5120K(305664K)] 579138K->369169K(1005056K), 0.0009893 secs] [Times: user=0.00 sys=0.00, real=0.00 secs] 
82.765: [GC (Allocation Failure) [PSYoungGen: 235564K->6144K(305664K)] 599613K->421393K(1005056K), 0.0047454 secs] [Times: user=0.00 sys=0.00, real=0.00 secs] 
84.182: [GC (Allocation Failure) [PSYoungGen: 236591K->17408K(305664K)] 651840K->483857K(1005056K), 0.0057259 secs] [Times: user=0.00 sys=0.00, real=0.00 secs] 
85.600: [GC (Allocation Failure) [PSYoungGen: 222256K->10240K(305664K)] 688706K->527889K(1005056K), 0.0048714 secs] [Times: user=0.00 sys=0.00, real=0.01 secs] 
87.039: [GC (Allocation Failure) [PSYoungGen: 240686K->35840K(305664K)] 758336K->604689K(1005056K), 0.0064752 secs] [Times: user=0.00 sys=0.00, real=0.01 secs] 
89.560: [GC (Allocation Failure) [PSYoungGen: 297008K->15360K(305664K)] 865858K->584209K(1005056K), 0.0015223 secs] [Times: user=0.00 sys=0.00, real=0.00 secs] 
91.203: [GC (Allocation Failure) [PSYoungGen: 276532K->30720K(305664K)] 845382K->701969K(1005056K), 0.0156700 secs] [Times: user=0.00 sys=0.00, real=0.02 secs] 
91.219: [Full GC (Ergonomics) [PSYoungGen: 30720K->0K(305664K)] [ParOldGen: 671249K->133649K(699392K)] 701969K->133649K(1005056K), [Metaspace: 2796K->2796K(1056768K)], 0.0105391 secs] [Times: user=0.00 sys=0.00, real=0.01 secs] 
94.077: [GC (Allocation Failure) [PSYoungGen: 261175K->31744K(305664K)] 394825K->165393K(1005056K), 0.0026185 secs] [Times: user=0.01 sys=0.00, real=0.00 secs] 
95.493: [GC (Allocation Failure) [PSYoungGen: 262186K->41984K(305664K)] 395836K->180753K(1005056K), 0.0032403 secs] [Times: user=0.00 sys=0.00, real=0.00 secs] 
97.023: [GC (Allocation Failure) [PSYoungGen: 292926K->20480K(305664K)] 431695K->210449K(1005056K), 0.0056308 secs] [Times: user=0.00 sys=0.00, real=0.00 secs] 
98.455: [GC (Allocation Failure) [PSYoungGen: 250940K->25600K(305664K)] 440910K->317969K(1005056K), 0.0075006 secs] [Times: user=0.00 sys=0.00, real=0.01 secs] 
99.893: [GC (Allocation Failure) [PSYoungGen: 256057K->30720K(305664K)] 548427K->374289K(1005056K), 0.0057960 secs] [Times: user=0.00 sys=0.00, real=0.01 secs] 
101.327: [GC (Allocation Failure) [PSYoungGen: 245926K->5120K(305664K)] 589496K->399889K(1005056K), 0.0047727 secs] [Times: user=0.00 sys=0.00, real=0.00 secs] 
102.742: [GC (Allocation Failure) [PSYoungGen: 235484K->11264K(305664K)] 630253K->457233K(1005056K), 0.0051706 secs] [Times: user=0.00 sys=0.00, real=0.00 secs] 
105.475: [GC (Allocation Failure) [PSYoungGen: 231444K->35840K(305664K)] 677413K->481809K(1005056K), 0.0027782 secs] [Times: user=0.00 sys=0.00, real=0.00 secs] 
106.889: [GC (Allocation Failure) [PSYoungGen: 266270K->40960K(305664K)] 712239K->507409K(1005056K), 0.0048023 secs] [Times: user=0.02 sys=0.00, real=0.00 secs] 
108.417: [GC (Allocation Failure) [PSYoungGen: 286766K->0K(305664K)] 753215K->568849K(1005056K), 0.0055726 secs] [Times: user=0.02 sys=0.00, real=0.01 secs] 
109.859: [GC (Allocation Failure) [PSYoungGen: 230449K->5120K(305664K)] 799299K->625169K(1005056K), 0.0046601 secs] [Times: user=0.00 sys=0.00, real=0.00 secs] 
109.864: [Full GC (Ergonomics) [PSYoungGen: 5120K->0K(305664K)] [ParOldGen: 620049K->108049K(699392K)] 625169K->108049K(1005056K), [Metaspace: 2796K->2796K(1056768K)], 0.0089564 secs] [Times: user=0.00 sys=0.00, real=0.01 secs] 
111.297: [GC (Allocation Failure) [PSYoungGen: 230450K->5120K(305664K)] 338500K->266769K(1005056K), 0.0156839 secs] [Times: user=0.00 sys=0.00, real=0.02 secs] 
112.732: [GC (Allocation Failure) [PSYoungGen: 215074K->5120K(305664K)] 476724K->317969K(1005056K), 0.0047638 secs] [Times: user=0.02 sys=0.00, real=0.01 secs] 
114.147: [GC (Allocation Failure) [PSYoungGen: 235558K->16384K(305664K)] 548408K->380433K(1005056K), 0.0051849 secs] [Times: user=0.00 sys=0.00, real=0.01 secs] 
116.890: [GC (Allocation Failure) [PSYoungGen: 246819K->25600K(305664K)] 610868K->410129K(1005056K), 0.0027362 secs] [Times: user=0.00 sys=0.00, real=0.00 secs] 
118.309: [GC (Allocation Failure) [PSYoungGen: 256041K->30720K(305664K)] 640570K->415249K(1005056K), 0.0035926 secs] [Times: user=0.00 sys=0.00, real=0.00 secs] 
119.834: [GC (Allocation Failure) [PSYoungGen: 261165K->0K(305664K)] 645694K->435729K(1005056K), 0.0045776 secs] [Times: user=0.00 sys=0.00, real=0.01 secs] 
121.250: [GC (Allocation Failure) [PSYoungGen: 230447K->5120K(305664K)] 666177K->594449K(1005056K), 0.0155628 secs] [Times: user=0.00 sys=0.00, real=0.02 secs] 
121.266: [Full GC (Ergonomics) [PSYoungGen: 5120K->0K(305664K)] [ParOldGen: 589329K->159249K(699392K)] 594449K->159249K(1005056K), [Metaspace: 2796K->2796K(1056768K)], 0.0122409 secs] [Times: user=0.00 sys=0.00, real=0.01 secs] 
122.703: [GC (Allocation Failure) [PSYoungGen: 230449K->6144K(305664K)] 389698K->216593K(1005056K), 0.0077227 secs] [Times: user=0.00 sys=0.00, real=0.01 secs] 
124.138: [GC (Allocation Failure) [PSYoungGen: 210977K->10240K(305664K)] 421427K->271889K(1005056K), 0.0058260 secs] [Times: user=0.01 sys=0.00, real=0.00 secs] 
125.574: [GC (Allocation Failure) [PSYoungGen: 240677K->25600K(305664K)] 502326K->338449K(1005056K), 0.0061226 secs] [Times: user=0.02 sys=0.00, real=0.01 secs] 
128.317: [GC (Allocation Failure) [PSYoungGen: 271402K->25600K(305664K)] 584252K->338449K(1005056K), 0.0021290 secs] [Times: user=0.00 sys=0.00, real=0.00 secs] 
129.734: [GC (Allocation Failure) [PSYoungGen: 256047K->30720K(305664K)] 568897K->394769K(1005056K), 0.0057614 secs] [Times: user=0.00 sys=0.00, real=0.00 secs] 
131.260: [GC (Allocation Failure) [PSYoungGen: 215089K->5120K(305664K)] 579138K->369169K(1005056K), 0.0008665 secs] [Times: user=0.00 sys=0.00, real=0.00 secs] 
132.674: [GC (Allocation Failure) [PSYoungGen: 235564K->6144K(305664K)] 599613K->421393K(1005056K), 0.0049558 secs] [Times: user=0.00 sys=0.00, real=0.00 secs] 
134.089: [GC (Allocation Failure) [PSYoungGen: 236590K->17408K(305664K)] 651840K->483857K(1005056K), 0.0054985 secs] [Times: user=0.02 sys=0.00, real=0.00 secs] 
135.519: [GC (Allocation Failure) [PSYoungGen: 222256K->10240K(305664K)] 688706K->527889K(1005056K), 0.0049426 secs] [Times: user=0.00 sys=0.00, real=0.01 secs] 
136.933: [GC (Allocation Failure) [PSYoungGen: 240686K->35840K(305664K)] 758336K->604689K(1005056K), 0.0061145 secs] [Times: user=0.02 sys=0.00, real=0.01 secs] 
139.452: [GC (Allocation Failure) [PSYoungGen: 297008K->15360K(305664K)] 865858K->584209K(1005056K), 0.0018722 secs] [Times: user=0.00 sys=0.00, real=0.00 secs] 
141.089: [GC (Allocation Failure) [PSYoungGen: 276532K->30720K(305664K)] 845382K->701969K(1005056K), 0.0152525 secs] [Times: user=0.02 sys=0.00, real=0.01 secs] 
141.104: [Full GC (Ergonomics) [PSYoungGen: 30720K->0K(305664K)] [ParOldGen: 671249K->133649K(699392K)] 701969K->133649K(1005056K), [Metaspace: 2796K->2796K(1056768K)], 0.0116534 secs] [Times: user=0.00 sys=0.00, real=0.01 secs] 
143.953: [GC (Allocation Failure) [PSYoungGen: 261175K->31744K(305664K)] 394825K->165393K(1005056K), 0.0027512 secs] [Times: user=0.00 sys=0.00, real=0.00 secs] 
145.371: [GC (Allocation Failure) [PSYoungGen: 262186K->41984K(305664K)] 395836K->180753K(1005056K), 0.0035872 secs] [Times: user=0.00 sys=0.00, real=0.00 secs] 
146.899: [GC (Allocation Failure) [PSYoungGen: 292926K->20480K(305664K)] 431695K->210449K(1005056K), 0.0054562 secs] [Times: user=0.00 sys=0.00, real=0.01 secs] 
148.320: [GC (Allocation Failure) [PSYoungGen: 250940K->25600K(305664K)] 440910K->317969K(1005056K), 0.0151922 secs] [Times: user=0.00 sys=0.00, real=0.01 secs] 
149.756: [GC (Allocation Failure) [PSYoungGen: 256057K->30720K(305664K)] 548427K->374289K(1005056K), 0.0059992 secs] [Times: user=0.00 sys=0.00, real=0.01 secs] 
151.188: [GC (Allocation Failure) [PSYoungGen: 245926K->5120K(305664K)] 589496K->399889K(1005056K), 0.0050904 secs] [Times: user=0.00 sys=0.00, real=0.00 secs] 
152.608: [GC (Allocation Failure) [PSYoungGen: 235484K->11264K(305664K)] 630253K->457233K(1005056K), 0.0051269 secs] [Times: user=0.01 sys=0.00, real=0.01 secs] 
155.354: [GC (Allocation Failure) [PSYoungGen: 231444K->35840K(305664K)] 677413K->481809K(1005056K), 0.0028830 secs] [Times: user=0.00 sys=0.00, real=0.00 secs] 
156.775: [GC (Allocation Failure) [PSYoungGen: 266270K->40960K(305664K)] 712239K->507409K(1005056K), 0.0036778 secs] [Times: user=0.00 sys=0.00, real=0.00 secs] 
158.311: [GC (Allocation Failure) [PSYoungGen: 286766K->0K(305664K)] 753215K->568849K(1005056K), 0.0053238 secs] [Times: user=0.00 sys=0.00, real=0.01 secs] 
159.757: [GC (Allocation Failure) [PSYoungGen: 230449K->5120K(305664K)] 799299K->625169K(1005056K), 0.0047842 secs] [Times: user=0.00 sys=0.00, real=0.00 secs] 
159.762: [Full GC (Ergonomics) [PSYoungGen: 5120K->0K(305664K)] [ParOldGen: 620049K->108049K(699392K)] 625169K->108049K(1005056K), [Metaspace: 2796K->2796K(1056768K)], 0.0096331 secs] [Times: user=0.00 sys=0.00, real=0.01 secs] 
161.192: [GC (Allocation Failure) [PSYoungGen: 230450K->5120K(305664K)] 338500K->266769K(1005056K), 0.0154528 secs] [Times: user=0.00 sys=0.00, real=0.02 secs] 
162.627: [GC (Allocation Failure) [PSYoungGen: 215074K->5120K(305664K)] 476724K->317969K(1005056K), 0.0048585 secs] [Times: user=0.00 sys=0.00, real=0.01 secs] 
164.047: [GC (Allocation Failure) [PSYoungGen: 235558K->16384K(305664K)] 548408K->380433K(1005056K), 0.0051764 secs] [Times: user=0.00 sys=0.00, real=0.00 secs] 
166.776: [GC (Allocation Failure) [PSYoungGen: 246819K->25600K(305664K)] 610868K->410129K(1005056K), 0.0025023 secs] [Times: user=0.00 sys=0.00, real=0.00 secs] 
168.189: [GC (Allocation Failure) [PSYoungGen: 256041K->30720K(305664K)] 640570K->415249K(1005056K), 0.0024476 secs] [Times: user=0.00 sys=0.00, real=0.00 secs] 
169.710: [GC (Allocation Failure) [PSYoungGen: 261165K->0K(305664K)] 645694K->435729K(1005056K), 0.0045148 secs] [Times: user=0.00 sys=0.00, real=0.00 secs] 
171.144: [GC (Allocation Failure) [PSYoungGen: 230447K->5120K(305664K)] 666177K->594449K(1005056K), 0.0152922 secs] [Times: user=0.00 sys=0.00, real=0.02 secs] 
171.159: [Full GC (Ergonomics) [PSYoungGen: 5120K->0K(305664K)] [ParOldGen: 589329K->159249K(699392K)] 594449K->159249K(1005056K), [Metaspace: 2796K->2796K(1056768K)], 0.0129677 secs] [Times: user=0.00 sys=0.00, real=0.01 secs] 
172.591: [GC (Allocation Failure) [PSYoungGen: 230449K->6144K(305664K)] 389698K->216593K(1005056K), 0.0049572 secs] [Times: user=0.00 sys=0.00, real=0.01 secs] 
174.019: [GC (Allocation Failure) [PSYoungGen: 210977K->10240K(305664K)] 421427K->271889K(1005056K), 0.0056693 secs] [Times: user=0.00 sys=0.00, real=0.00 secs] 
175.457: [GC (Allocation Failure) [PSYoungGen: 240677K->25600K(305664K)] 502326K->338449K(1005056K), 0.0055854 secs] [Times: user=0.00 sys=0.00, real=0.00 secs] 
178.198: [GC (Allocation Failure) [PSYoungGen: 271402K->25600K(305664K)] 584252K->338449K(1005056K), 0.0022708 secs] [Times: user=0.00 sys=0.00, real=0.00 secs] 
179.618: [GC (Allocation Failure) [PSYoungGen: 256047K->30720K(305664K)] 568897K->394769K(1005056K), 0.0058652 secs] [Times: user=0.00 sys=0.00, real=0.01 secs] 
181.140: [GC (Allocation Failure) [PSYoungGen: 215089K->5120K(305664K)] 579138K->369169K(1005056K), 0.0008364 secs] [Times: user=0.00 sys=0.00, real=0.00 secs] 
182.555: [GC (Allocation Failure) [PSYoungGen: 235564K->6144K(305664K)] 599613K->421393K(1005056K), 0.0050856 secs] [Times: user=0.00 sys=0.00, real=0.01 secs] 
183.971: [GC (Allocation Failure) [PSYoungGen: 236590K->17408K(305664K)] 651840K->483857K(1005056K), 0.0057444 secs] [Times: user=0.00 sys=0.00, real=0.01 secs] 
185.404: [GC (Allocation Failure) [PSYoungGen: 222256K->10240K(305664K)] 688706K->527889K(1005056K), 0.0049882 secs] [Times: user=0.03 sys=0.00, real=0.01 secs] 
186.841: [GC (Allocation Failure) [PSYoungGen: 240686K->35840K(305664K)] 758336K->604689K(1005056K), 0.0060690 secs] [Times: user=0.02 sys=0.00, real=0.00 secs] 
189.369: [GC (Allocation Failure) [PSYoungGen: 297008K->15360K(305664K)] 865858K->584209K(1005056K), 0.0015300 secs] [Times: user=0.00 sys=0.00, real=0.00 secs] 
191.006: [GC (Allocation Failure) [PSYoungGen: 276532K->30720K(305664K)] 845382K->701969K(1005056K), 0.0153663 secs] [Times: user=0.00 sys=0.00, real=0.02 secs] 
191.021: [Full GC (Ergonomics) [PSYoungGen: 30720K->0K(305664K)] [ParOldGen: 671249K->133649K(699392K)] 701969K->133649K(1005056K), [Metaspace: 2796K->2796K(1056768K)], 0.0101826 secs] [Times: user=0.00 sys=0.00, real=0.01 secs] 
193.880: [GC (Allocation Failure) [PSYoungGen: 261175K->31776K(305664K)] 394825K->165425K(1005056K), 0.0029176 secs] [Times: user=0.00 sys=0.00, real=0.00 secs] 
195.299: [GC (Allocation Failure) [PSYoungGen: 262218K->42048K(305664K)] 395868K->180817K(1005056K), 0.0033584 secs] [Times: user=0.00 sys=0.00, real=0.00 secs] 
196.822: [GC (Allocation Failure) [PSYoungGen: 292990K->20512K(305664K)] 431759K->210481K(1005056K), 0.0052903 secs] [Times: user=0.00 sys=0.00, real=0.00 secs] 
198.241: [GC (Allocation Failure) [PSYoungGen: 250972K->25632K(305664K)] 440942K->318001K(1005056K), 0.0065471 secs] [Times: user=0.00 sys=0.00, real=0.01 secs] 
199.678: [GC (Allocation Failure) [PSYoungGen: 256089K->30752K(305664K)] 548459K->374321K(1005056K), 0.0058233 secs] [Times: user=0.00 sys=0.00, real=0.01 secs] 
201.111: [GC (Allocation Failure) [PSYoungGen: 245958K->5152K(305664K)] 589528K->399921K(1005056K), 0.0051007 secs] [Times: user=0.00 sys=0.00, real=0.01 secs] 
202.535: [GC (Allocation Failure) [PSYoungGen: 235516K->11296K(305664K)] 630285K->457265K(1005056K), 0.0055297 secs] [Times: user=0.00 sys=0.00, real=0.01 secs] 
205.276: [GC (Allocation Failure) [PSYoungGen: 231476K->35872K(305664K)] 677445K->481841K(1005056K), 0.0025846 secs] [Times: user=0.00 sys=0.00, real=0.00 secs] 
206.692: [GC (Allocation Failure) [PSYoungGen: 266302K->40992K(305664K)] 712271K->507441K(1005056K), 0.0036179 secs] [Times: user=0.00 sys=0.00, real=0.00 secs] 
208.223: [GC (Allocation Failure) [PSYoungGen: 286798K->64K(305664K)] 753247K->568913K(1005056K), 0.0052880 secs] [Times: user=0.00 sys=0.00, real=0.01 secs] 
209.658: [GC (Allocation Failure) [PSYoungGen: 230513K->5152K(305664K)] 799363K->625201K(1005056K), 0.0049590 secs] [Times: user=0.00 sys=0.00, real=0.00 secs] 
209.663: [Full GC (Ergonomics) [PSYoungGen: 5152K->0K(305664K)] [ParOldGen: 620049K->108049K(699392K)] 625201K->108049K(1005056K), [Metaspace: 2796K->2796K(1056768K)], 0.0094836 secs] [Times: user=0.02 sys=0.00, real=0.01 secs] 
211.091: [GC (Allocation Failure) [PSYoungGen: 230450K->5120K(305664K)] 338500K->266769K(1005056K), 0.0157376 secs] [Times: user=0.02 sys=0.00, real=0.02 secs] 
212.523: [GC (Allocation Failure) [PSYoungGen: 215074K->5120K(305664K)] 476724K->317969K(1005056K), 0.0043854 secs] [Times: user=0.00 sys=0.00, real=0.00 secs] 
213.945: [GC (Allocation Failure) [PSYoungGen: 235558K->16384K(305664K)] 548408K->380433K(1005056K), 0.0062153 secs] [Times: user=0.00 sys=0.00, real=0.01 secs] 
216.682: [GC (Allocation Failure) [PSYoungGen: 246819K->25600K(305664K)] 610869K->410129K(1005056K), 0.0025767 secs] [Times: user=0.00 sys=0.00, real=0.00 secs] 
218.102: [GC (Allocation Failure) [PSYoungGen: 256041K->30720K(305664K)] 640571K->435729K(1005056K), 0.0033941 secs] [Times: user=0.00 sys=0.00, real=0.00 secs] 
Heap
 PSYoungGen      total 305664K, used 215208K [0x00000000eab00000, 0x0000000100000000, 0x0000000100000000)
  eden space 262144K, 70% used [0x00000000eab00000,0x00000000f5f2a188,0x00000000fab00000)
  from space 43520K, 70% used [0x00000000fab00000,0x00000000fc900030,0x00000000fd580000)
  to   space 43520K, 0% used [0x00000000fd580000,0x00000000fd580000,0x0000000100000000)
 ParOldGen       total 699392K, used 405009K [0x00000000c0000000, 0x00000000eab00000, 0x00000000eab00000)
  object space 699392K, 57% used [0x00000000c0000000,0x00000000d8b84770,0x00000000eab00000)
 Metaspace       used 2804K, capacity 4486K, committed 4864K, reserved 1056768K
  class space    used 297K, capacity 386K, committed 512K, reserved 1048576K
