Java HotSpot(TM) 64-Bit Server VM (25.411-b09) for windows-amd64 JRE (1.8.0_411-b09), built on Mar 13 2024 07:26:13 by "java_re" with MS VC++ 17.1 (VS2022)
Memory: 4k page, physical 33403376k(14328616k free), swap 37153868k(7488216k free)
CommandLine flags: -XX:InitialHeapSize=536870912 -XX:MaxHeapSize=536870912 -XX:NewRatio=7 -XX:ParallelGCThreads=6 -XX:+PrintGC -XX:+PrintGCDetails -XX:+PrintGCTimeStamps -XX:SurvivorRatio=3 -XX:-UseAdaptiveSizePolicy -XX:+UseCompressedClassPointers -XX:+UseCompressedOops -XX:-UseLargePagesIndividualAllocation -XX:+UseParallelGC 
0.934: [GC (Allocation Failure) [PSYoungGen: 34365K->10952K(52736K)] 34365K->10960K(511488K), 0.0025512 secs] [Times: user=0.00 sys=0.00, real=0.00 secs] 
2.073: [GC (Allocation Failure) [PSYoungGen: 49620K->11968K(52736K)] 223708K->186056K(511488K), 0.0026377 secs] [Times: user=0.00 sys=0.00, real=0.00 secs] 
3.213: [GC (Allocation Failure) [PSYoungGen: 50642K->12792K(52736K)] 398811K->362064K(511488K), 0.0021744 secs] [Times: user=0.00 sys=0.00, real=0.00 secs] 
3.866: [GC (Allocation Failure) [PSYoungGen: 44303K->11840K(52736K)] 393575K->366232K(511488K), 0.0022634 secs] [Times: user=0.00 sys=0.00, real=0.00 secs] 
5.177: [GC (Allocation Failure) [PSYoungGen: 49490K->10792K(52736K)] 403883K->365184K(511488K), 0.0011891 secs] [Times: user=0.00 sys=0.00, real=0.00 secs] 
5.738: [GC (Allocation Failure) [PSYoungGen: 37177K->10832K(52736K)] 463249K->442024K(511488K), 0.0022858 secs] [Times: user=0.00 sys=0.00, real=0.00 secs] 
5.740: [Full GC (Ergonomics) [PSYoungGen: 10832K->0K(52736K)] [ParOldGen: 431192K->67088K(458752K)] 442024K->67088K(511488K), [Metaspace: 2753K->2753K(1056768K)], 0.0108379 secs] [Times: user=0.00 sys=0.00, real=0.01 secs] 
6.735: [GC (Allocation Failure) [PSYoungGen: 33558K->10240K(52736K)] 203046K->179728K(511488K), 0.0010186 secs] [Times: user=0.00 sys=0.00, real=0.00 secs] 
8.591: [GC (Allocation Failure) [PSYoungGen: 49320K->32K(52736K)] 464569K->415288K(511488K), 0.0010214 secs] [Times: user=0.00 sys=0.00, real=0.00 secs] 
8.592: [GC (Allocation Failure) [PSYoungGen: 32K->32K(52736K)] 415288K->415288K(511488K), 0.0007648 secs] [Times: user=0.00 sys=0.00, real=0.00 secs] 
8.593: [Full GC (Allocation Failure) [PSYoungGen: 32K->0K(52736K)] [ParOldGen: 415256K->51728K(458752K)] 415288K->51728K(511488K), [Metaspace: 2759K->2759K(1056768K)], 0.0052306 secs] [Times: user=0.00 sys=0.00, real=0.01 secs] 
9.592: [GC (Allocation Failure) [PSYoungGen: 33563K->10240K(52736K)] 187692K->164368K(511488K), 0.0010532 secs] [Times: user=0.00 sys=0.00, real=0.00 secs] 
10.679: [GC (Allocation Failure) [PSYoungGen: 48924K->10240K(52736K)] 377133K->338448K(511488K), 0.0011089 secs] [Times: user=0.00 sys=0.00, real=0.00 secs] 
11.443: [GC (Allocation Failure) [PSYoungGen: 46877K->10240K(52736K)] 446766K->410129K(511488K), 0.0012638 secs] [Times: user=0.00 sys=0.00, real=0.00 secs] 
11.445: [GC (Allocation Failure) [PSYoungGen: 10240K->10240K(52736K)] 410129K->410129K(511488K), 0.0011749 secs] [Times: user=0.00 sys=0.00, real=0.00 secs] 
11.446: [Full GC (Allocation Failure) [PSYoungGen: 10240K->0K(52736K)] [ParOldGen: 399888K->215568K(458752K)] 410129K->215568K(511488K), [Metaspace: 2761K->2761K(1056768K)], 0.0114931 secs] [Times: user=0.02 sys=0.00, real=0.01 secs] 
12.886: [GC (Allocation Failure) [PSYoungGen: 32801K->5152K(52736K)] 422450K->394809K(511488K), 0.0008975 secs] [Times: user=0.00 sys=0.00, real=0.00 secs] 
12.887: [GC (Allocation Failure) [PSYoungGen: 5152K->5184K(52736K)] 394809K->394841K(511488K), 0.0009156 secs] [Times: user=0.00 sys=0.00, real=0.00 secs] 
12.888: [Full GC (Allocation Failure) [PSYoungGen: 5184K->0K(52736K)] [ParOldGen: 389656K->56849K(458752K)] 394841K->56849K(511488K), [Metaspace: 2763K->2763K(1056768K)], 0.0049611 secs] [Times: user=0.00 sys=0.00, real=0.00 secs] 
13.888: [GC (Allocation Failure) [PSYoungGen: 33566K->6144K(52736K)] 192815K->165393K(511488K), 0.0008533 secs] [Times: user=0.00 sys=0.00, real=0.00 secs] 
14.978: [GC (Allocation Failure) [PSYoungGen: 44830K->11264K(52736K)] 378159K->354833K(511488K), 0.0017502 secs] [Times: user=0.00 sys=0.00, real=0.00 secs] 
16.072: [GC (Allocation Failure) [PSYoungGen: 47902K->10240K(52736K)] 391471K->353809K(511488K), 0.0013264 secs] [Times: user=0.00 sys=0.00, real=0.00 secs] 
16.731: [GC (Allocation Failure) [PSYoungGen: 41752K->10240K(52736K)] 385321K->353809K(511488K), 0.0013008 secs] [Times: user=0.00 sys=0.00, real=0.00 secs] 
17.167: [GC (Allocation Failure) [PSYoungGen: 31507K->5120K(52736K)] 446757K->420369K(511488K), 0.0009935 secs] [Times: user=0.00 sys=0.00, real=0.00 secs] 
17.168: [GC (Allocation Failure) [PSYoungGen: 5120K->5120K(52736K)] 420369K->420369K(511488K), 0.0009028 secs] [Times: user=0.00 sys=0.00, real=0.00 secs] 
17.169: [Full GC (Allocation Failure) [PSYoungGen: 5120K->0K(52736K)] [ParOldGen: 415249K->77329K(458752K)] 420369K->77329K(511488K), [Metaspace: 2768K->2768K(1056768K)], 0.0066232 secs] [Times: user=0.02 sys=0.00, real=0.01 secs] 
18.165: [GC (Allocation Failure) [PSYoungGen: 33559K->10240K(52736K)] 213288K->189969K(511488K), 0.0010750 secs] [Times: user=0.00 sys=0.00, real=0.00 secs] 
19.259: [GC (Allocation Failure) [PSYoungGen: 48922K->10240K(52736K)] 402731K->364049K(511488K), 0.0010307 secs] [Times: user=0.00 sys=0.00, real=0.00 secs] 
20.025: [GC (Allocation Failure) [PSYoungGen: 16155K->0K(52736K)] 421164K->405009K(511488K), 0.0008619 secs] [Times: user=0.00 sys=0.00, real=0.00 secs] 
20.026: [GC (Allocation Failure) [PSYoungGen: 0K->0K(52736K)] 405009K->405009K(511488K), 0.0007798 secs] [Times: user=0.00 sys=0.00, real=0.00 secs] 
20.026: [Full GC (Allocation Failure) [PSYoungGen: 0K->0K(52736K)] [ParOldGen: 405009K->51729K(458752K)] 405009K->51729K(511488K), [Metaspace: 2770K->2770K(1056768K)], 0.0049572 secs] [Times: user=0.00 sys=0.00, real=0.01 secs] 
21.023: [GC (Allocation Failure) [PSYoungGen: 33563K->10240K(52736K)] 187692K->164369K(511488K), 0.0008844 secs] [Times: user=0.00 sys=0.00, real=0.00 secs] 
22.111: [GC (Allocation Failure) [PSYoungGen: 48924K->11264K(52736K)] 377134K->339473K(511488K), 0.0011731 secs] [Times: user=0.00 sys=0.00, real=0.00 secs] 
22.876: [GC (Allocation Failure) [PSYoungGen: 47901K->11264K(52736K)] 447790K->411153K(511488K), 0.0011161 secs] [Times: user=0.00 sys=0.00, real=0.00 secs] 
22.877: [GC (Allocation Failure) [PSYoungGen: 11264K->11264K(52736K)] 411153K->411153K(511488K), 0.0010576 secs] [Times: user=0.00 sys=0.00, real=0.00 secs] 
22.878: [Full GC (Allocation Failure) [PSYoungGen: 11264K->0K(52736K)] [ParOldGen: 399889K->165393K(458752K)] 411153K->165393K(511488K), [Metaspace: 2779K->2779K(1056768K)], 0.0122532 secs] [Times: user=0.00 sys=0.00, real=0.01 secs] 
24.742: [Full GC (Ergonomics) [PSYoungGen: 35614K->0K(52736K)] [ParOldGen: 441873K->16384K(458752K)] 477487K->16384K(511488K), [Metaspace: 2779K->2779K(1056768K)], 0.0031619 secs] [Times: user=0.00 sys=0.00, real=0.00 secs] 
25.400: [GC (Allocation Failure) [PSYoungGen: 36638K->10240K(52736K)] 53022K->26624K(511488K), 0.0012983 secs] [Times: user=0.00 sys=0.00, real=0.00 secs] 
26.165: [GC (Allocation Failure) [PSYoungGen: 48920K->5120K(52736K)] 218904K->185344K(511488K), 0.0015386 secs] [Times: user=0.00 sys=0.00, real=0.00 secs] 
26.820: [GC (Allocation Failure) [PSYoungGen: 41754K->10240K(52736K)] 221978K->195584K(511488K), 0.0014725 secs] [Times: user=0.00 sys=0.00, real=0.00 secs] 
27.694: [GC (Allocation Failure) [PSYoungGen: 46870K->5120K(52736K)] 232214K->190464K(511488K), 0.0008339 secs] [Times: user=0.00 sys=0.00, real=0.00 secs] 
28.239: [GC (Allocation Failure) [PSYoungGen: 36795K->10272K(52736K)] 222140K->200744K(511488K), 0.0014700 secs] [Times: user=0.00 sys=0.00, real=0.00 secs] 
29.004: [GC (Allocation Failure) [PSYoungGen: 48942K->5184K(52736K)] 393014K->349256K(511488K), 0.0010873 secs] [Times: user=0.00 sys=0.00, real=0.00 secs] 
29.658: [GC (Allocation Failure) [PSYoungGen: 41812K->10272K(52736K)] 385884K->359464K(511488K), 0.0016845 secs] [Times: user=0.00 sys=0.00, real=0.00 secs] 
29.986: [GC (Allocation Failure) [PSYoungGen: 41778K->32K(52736K)] 442170K->400424K(511488K), 0.0011064 secs] [Times: user=0.00 sys=0.00, real=0.00 secs] 
29.987: [GC (Allocation Failure) [PSYoungGen: 32K->96K(52736K)] 400424K->400488K(511488K), 0.0008558 secs] [Times: user=0.00 sys=0.00, real=0.00 secs] 
29.988: [Full GC (Allocation Failure) [PSYoungGen: 96K->0K(52736K)] [ParOldGen: 400392K->113169K(458752K)] 400488K->113169K(511488K), [Metaspace: 2793K->2793K(1056768K)], 0.0088711 secs] [Times: user=0.00 sys=0.00, real=0.01 secs] 
31.854: [GC (Allocation Failure) [PSYoungGen: 35606K->6144K(52736K)] 353576K->324113K(511488K), 0.0008908 secs] [Times: user=0.00 sys=0.00, real=0.00 secs] 
32.512: [GC (Allocation Failure) [PSYoungGen: 42777K->11264K(52736K)] 360746K->334353K(511488K), 0.0015316 secs] [Times: user=0.00 sys=0.00, real=0.00 secs] 
32.837: [GC (Allocation Failure) [PSYoungGen: 42773K->1024K(52736K)] 417062K->375313K(511488K), 0.0007943 secs] [Times: user=0.00 sys=0.00, real=0.00 secs] 
32.838: [GC (Allocation Failure) [PSYoungGen: 1024K->1024K(52736K)] 375313K->375313K(511488K), 0.0006834 secs] [Times: user=0.00 sys=0.00, real=0.00 secs] 
32.839: [Full GC (Allocation Failure) [PSYoungGen: 1024K->0K(52736K)] [ParOldGen: 374289K->57873K(458752K)] 375313K->57873K(511488K), [Metaspace: 2793K->2793K(1056768K)], 0.0053446 secs] [Times: user=0.00 sys=0.00, real=0.00 secs] 
33.835: [GC (Allocation Failure) [PSYoungGen: 33560K->6144K(52736K)] 193834K->166417K(511488K), 0.0007013 secs] [Times: user=0.00 sys=0.00, real=0.00 secs] 
35.364: [GC (Allocation Failure) [PSYoungGen: 44826K->10240K(52736K)] 379180K->344593K(511488K), 0.0012888 secs] [Times: user=0.00 sys=0.00, real=0.00 secs] 
35.693: [GC (Allocation Failure) [PSYoungGen: 41756K->10240K(52736K)] 427309K->395793K(511488K), 0.0010974 secs] [Times: user=0.00 sys=0.00, real=0.00 secs] 
35.694: [GC (Allocation Failure) [PSYoungGen: 10240K->10240K(52736K)] 395793K->395793K(511488K), 0.0012770 secs] [Times: user=0.00 sys=0.00, real=0.00 secs] 
35.695: [Full GC (Allocation Failure) [PSYoungGen: 10240K->0K(52736K)] [ParOldGen: 385553K->61969K(458752K)] 395793K->61969K(511488K), [Metaspace: 2793K->2793K(1056768K)], 0.0053673 secs] [Times: user=0.00 sys=0.00, real=0.01 secs] 
36.694: [GC (Allocation Failure) [PSYoungGen: 33565K->10240K(52736K)] 197934K->174609K(511488K), 0.0010504 secs] [Times: user=0.00 sys=0.00, real=0.00 secs] 
37.785: [GC (Allocation Failure) [PSYoungGen: 48925K->10240K(52736K)] 387375K->353809K(511488K), 0.0013733 secs] [Times: user=0.00 sys=0.00, real=0.00 secs] 
39.096: [GC (Allocation Failure) [PSYoungGen: 46878K->0K(52736K)] 462127K->415249K(511488K), 0.0008455 secs] [Times: user=0.00 sys=0.00, real=0.00 secs] 
39.640: [GC (Allocation Failure) [PSYoungGen: 31518K->5120K(52736K)] 446767K->430609K(511488K), 0.0016219 secs] [Times: user=0.00 sys=0.00, real=0.00 secs] 
39.858: [GC (Allocation Failure) [PSYoungGen: 36631K->5120K(52736K)] 462120K->451089K(511488K), 0.0033659 secs] [Times: user=0.02 sys=0.00, real=0.00 secs] 
39.862: [Full GC (Ergonomics) [PSYoungGen: 5120K->0K(52736K)] [ParOldGen: 445969K->26129K(458752K)] 451089K->26129K(511488K), [Metaspace: 2793K->2793K(1056768K)], 0.0033528 secs] [Times: user=0.00 sys=0.00, real=0.00 secs] 
40.950: [GC (Allocation Failure) [PSYoungGen: 33555K->10240K(52736K)] 213284K->189969K(511488K), 0.0010511 secs] [Times: user=0.00 sys=0.00, real=0.00 secs] 
42.040: [GC (Allocation Failure) [PSYoungGen: 48919K->11264K(52736K)] 402728K->365073K(511488K), 0.0013220 secs] [Times: user=0.00 sys=0.00, real=0.00 secs] 
43.566: [GC (Allocation Failure) [PSYoungGen: 49945K->6144K(52736K)] 403755K->359953K(511488K), 0.0009401 secs] [Times: user=0.00 sys=0.00, real=0.00 secs] 
44.220: [GC (Allocation Failure) [PSYoungGen: 37653K->11264K(52736K)] 463143K->436753K(511488K), 0.0015255 secs] [Times: user=0.00 sys=0.00, real=0.00 secs] 
44.221: [GC (Allocation Failure) [PSYoungGen: 11264K->11264K(52736K)] 436753K->436753K(511488K), 0.0012712 secs] [Times: user=0.00 sys=0.00, real=0.00 secs] 
44.223: [Full GC (Allocation Failure) [PSYoungGen: 11264K->0K(52736K)] [ParOldGen: 425489K->62993K(458752K)] 436753K->62993K(511488K), [Metaspace: 2795K->2795K(1056768K)], 0.0060430 secs] [Times: user=0.00 sys=0.00, real=0.01 secs] 
45.218: [GC (Allocation Failure) [PSYoungGen: 33561K->10240K(52736K)] 198954K->175633K(511488K), 0.0011311 secs] [Times: user=0.00 sys=0.00, real=0.00 secs] 
46.750: [GC (Allocation Failure) [PSYoungGen: 43803K->5120K(52736K)] 383276K->344593K(511488K), 0.0009582 secs] [Times: user=0.00 sys=0.00, real=0.00 secs] 
47.079: [GC (Allocation Failure) [PSYoungGen: 36636K->0K(52736K)] 427309K->411153K(511488K), 0.0021184 secs] [Times: user=0.00 sys=0.00, real=0.00 secs] 
47.081: [GC (Allocation Failure) [PSYoungGen: 0K->0K(52736K)] 411153K->411153K(511488K), 0.0007465 secs] [Times: user=0.00 sys=0.00, real=0.00 secs] 
47.082: [Full GC (Allocation Failure) [PSYoungGen: 0K->0K(52736K)] [ParOldGen: 411153K->72209K(458752K)] 411153K->72209K(511488K), [Metaspace: 2795K->2795K(1056768K)], 0.0067282 secs] [Times: user=0.00 sys=0.00, real=0.01 secs] 
48.077: [GC (Allocation Failure) [PSYoungGen: 33565K->10240K(52736K)] 208174K->184849K(511488K), 0.0009828 secs] [Times: user=0.00 sys=0.00, real=0.00 secs] 
49.169: [GC (Allocation Failure) [PSYoungGen: 48925K->10240K(52736K)] 397615K->358929K(511488K), 0.0012360 secs] [Times: user=0.00 sys=0.00, real=0.00 secs] 
49.932: [GC (Allocation Failure) [PSYoungGen: 46878K->10240K(52736K)] 467247K->430609K(511488K), 0.0013006 secs] [Times: user=0.00 sys=0.00, real=0.00 secs] 
49.934: [GC (Allocation Failure) [PSYoungGen: 10240K->10240K(52736K)] 430609K->430609K(511488K), 0.0010344 secs] [Times: user=0.00 sys=0.00, real=0.00 secs] 
49.935: [Full GC (Allocation Failure) [PSYoungGen: 10240K->0K(52736K)] [ParOldGen: 420369K->133649K(458752K)] 430609K->133649K(511488K), [Metaspace: 2795K->2795K(1056768K)], 0.0097820 secs] [Times: user=0.00 sys=0.00, real=0.01 secs] 
51.695: [GC (Allocation Failure) [PSYoungGen: 38686K->7168K(52736K)] 448815K->417297K(511488K), 0.0010206 secs] [Times: user=0.00 sys=0.00, real=0.00 secs] 
52.353: [GC (Allocation Failure) [PSYoungGen: 38686K->11264K(52736K)] 448816K->426513K(511488K), 0.0014250 secs] [Times: user=0.00 sys=0.00, real=0.00 secs] 
52.681: [Full GC (Ergonomics) [PSYoungGen: 32535K->0K(52736K)] [ParOldGen: 435729K->32273K(458752K)] 468265K->32273K(511488K), [Metaspace: 2795K->2795K(1056768K)], 0.0038299 secs] [Times: user=0.00 sys=0.00, real=0.00 secs] 
53.773: [GC (Allocation Failure) [PSYoungGen: 33562K->6144K(52736K)] 219435K->192017K(511488K), 0.0008030 secs] [Times: user=0.00 sys=0.00, real=0.00 secs] 
55.082: [GC (Allocation Failure) [PSYoungGen: 43803K->10240K(52736K)] 229677K->196113K(511488K), 0.0011790 secs] [Times: user=0.00 sys=0.00, real=0.00 secs] 
56.175: [GC (Allocation Failure) [PSYoungGen: 48919K->10240K(52736K)] 408872K->385553K(511488K), 0.0023457 secs] [Times: user=0.00 sys=0.00, real=0.00 secs] 
56.721: [GC (Allocation Failure) [PSYoungGen: 41753K->10240K(52736K)] 417067K->390673K(511488K), 0.0017085 secs] [Times: user=0.00 sys=0.00, real=0.00 secs] 
57.048: [Full GC (Ergonomics) [PSYoungGen: 41748K->0K(52736K)] [ParOldGen: 431633K->92689K(458752K)] 473381K->92689K(511488K), [Metaspace: 2796K->2796K(1056768K)], 0.0078831 secs] [Times: user=0.00 sys=0.00, real=0.01 secs] 
58.700: [GC (Allocation Failure) [PSYoungGen: 39704K->1024K(52736K)] 388393K->349713K(511488K), 0.0007529 secs] [Times: user=0.00 sys=0.00, real=0.00 secs] 
59.462: [GC (Allocation Failure) [PSYoungGen: 33562K->10240K(52736K)] 382251K->358929K(511488K), 0.0012056 secs] [Times: user=0.00 sys=0.00, real=0.00 secs] 
59.895: [GC (Allocation Failure) [PSYoungGen: 31509K->5120K(52736K)] 451878K->425489K(511488K), 0.0009832 secs] [Times: user=0.00 sys=0.00, real=0.00 secs] 
59.896: [GC (Allocation Failure) [PSYoungGen: 5120K->5120K(52736K)] 425489K->425489K(511488K), 0.0008974 secs] [Times: user=0.00 sys=0.00, real=0.00 secs] 
59.897: [Full GC (Allocation Failure) [PSYoungGen: 5120K->0K(52736K)] [ParOldGen: 420369K->108049K(458752K)] 425489K->108049K(511488K), [Metaspace: 2796K->2796K(1056768K)], 0.0084637 secs] [Times: user=0.00 sys=0.00, real=0.01 secs] 
60.891: [GC (Allocation Failure) [PSYoungGen: 33560K->10240K(52736K)] 244009K->220689K(511488K), 0.0011556 secs] [Times: user=0.00 sys=0.00, real=0.00 secs] 
62.312: [GC (Allocation Failure) [PSYoungGen: 42778K->10240K(52736K)] 427308K->394769K(511488K), 0.0008290 secs] [Times: user=0.00 sys=0.00, real=0.00 secs] 
62.749: [Full GC (Ergonomics) [PSYoungGen: 31516K->0K(52736K)] [ParOldGen: 456209K->56849K(458752K)] 487725K->56849K(511488K), [Metaspace: 2796K->2796K(1056768K)], 0.0053236 secs] [Times: user=0.02 sys=0.00, real=0.01 secs] 
63.732: [GC (Allocation Failure) [PSYoungGen: 33565K->6144K(52736K)] 192814K->165393K(511488K), 0.0008366 secs] [Times: user=0.00 sys=0.00, real=0.00 secs] 
64.823: [GC (Allocation Failure) [PSYoungGen: 44829K->11264K(52736K)] 378159K->354833K(511488K), 0.0017199 secs] [Times: user=0.00 sys=0.00, real=0.00 secs] 
65.919: [GC (Allocation Failure) [PSYoungGen: 47902K->10240K(52736K)] 391471K->353809K(511488K), 0.0014270 secs] [Times: user=0.00 sys=0.00, real=0.00 secs] 
66.574: [GC (Allocation Failure) [PSYoungGen: 41752K->10240K(52736K)] 385321K->353809K(511488K), 0.0010622 secs] [Times: user=0.00 sys=0.00, real=0.00 secs] 
67.010: [GC (Allocation Failure) [PSYoungGen: 31507K->5120K(52736K)] 446757K->420369K(511488K), 0.0009079 secs] [Times: user=0.00 sys=0.00, real=0.00 secs] 
67.011: [GC (Allocation Failure) [PSYoungGen: 5120K->5120K(52736K)] 420369K->420369K(511488K), 0.0007311 secs] [Times: user=0.00 sys=0.00, real=0.00 secs] 
67.012: [Full GC (Allocation Failure) [PSYoungGen: 5120K->0K(52736K)] [ParOldGen: 415249K->77329K(458752K)] 420369K->77329K(511488K), [Metaspace: 2796K->2796K(1056768K)], 0.0067459 secs] [Times: user=0.00 sys=0.00, real=0.01 secs] 
68.008: [GC (Allocation Failure) [PSYoungGen: 33559K->10240K(52736K)] 213288K->189969K(511488K), 0.0009590 secs] [Times: user=0.00 sys=0.00, real=0.00 secs] 
69.098: [GC (Allocation Failure) [PSYoungGen: 48922K->10240K(52736K)] 402731K->364049K(511488K), 0.0012384 secs] [Times: user=0.00 sys=0.00, real=0.00 secs] 
69.864: [GC (Allocation Failure) [PSYoungGen: 16155K->0K(52736K)] 421165K->405009K(511488K), 0.0008048 secs] [Times: user=0.00 sys=0.00, real=0.00 secs] 
69.864: [GC (Allocation Failure) [PSYoungGen: 0K->0K(52736K)] 405009K->405009K(511488K), 0.0007333 secs] [Times: user=0.00 sys=0.00, real=0.00 secs] 
69.865: [Full GC (Allocation Failure) [PSYoungGen: 0K->0K(52736K)] [ParOldGen: 405009K->51729K(458752K)] 405009K->51729K(511488K), [Metaspace: 2796K->2796K(1056768K)], 0.0050958 secs] [Times: user=0.00 sys=0.00, real=0.01 secs] 
70.862: [GC (Allocation Failure) [PSYoungGen: 33563K->10240K(52736K)] 187693K->164369K(511488K), 0.0009902 secs] [Times: user=0.00 sys=0.00, real=0.00 secs] 
71.952: [GC (Allocation Failure) [PSYoungGen: 48924K->11264K(52736K)] 377134K->339473K(511488K), 0.0013085 secs] [Times: user=0.00 sys=0.00, real=0.00 secs] 
72.717: [GC (Allocation Failure) [PSYoungGen: 47901K->11264K(52736K)] 447790K->411153K(511488K), 0.0015345 secs] [Times: user=0.00 sys=0.00, real=0.00 secs] 
72.719: [GC (Allocation Failure) [PSYoungGen: 11264K->11264K(52736K)] 411153K->411153K(511488K), 0.0011457 secs] [Times: user=0.00 sys=0.00, real=0.00 secs] 
72.720: [Full GC (Allocation Failure) [PSYoungGen: 11264K->0K(52736K)] [ParOldGen: 399889K->165393K(458752K)] 411153K->165393K(511488K), [Metaspace: 2796K->2796K(1056768K)], 0.0125373 secs] [Times: user=0.00 sys=0.00, real=0.01 secs] 
74.590: [Full GC (Ergonomics) [PSYoungGen: 35613K->0K(52736K)] [ParOldGen: 441873K->16384K(458752K)] 477487K->16384K(511488K), [Metaspace: 2796K->2796K(1056768K)], 0.0029549 secs] [Times: user=0.00 sys=0.00, real=0.00 secs] 
75.247: [GC (Allocation Failure) [PSYoungGen: 36638K->10240K(52736K)] 53022K->26624K(511488K), 0.0012866 secs] [Times: user=0.00 sys=0.00, real=0.00 secs] 
76.013: [GC (Allocation Failure) [PSYoungGen: 48920K->5120K(52736K)] 218904K->185344K(511488K), 0.0015903 secs] [Times: user=0.00 sys=0.00, real=0.00 secs] 
76.669: [GC (Allocation Failure) [PSYoungGen: 41754K->5120K(52736K)] 221978K->195584K(511488K), 0.0015180 secs] [Times: user=0.00 sys=0.00, real=0.00 secs] 
77.543: [GC (Allocation Failure) [PSYoungGen: 41750K->5120K(52736K)] 232214K->195584K(511488K), 0.0008475 secs] [Times: user=0.00 sys=0.00, real=0.00 secs] 
78.093: [GC (Allocation Failure) [PSYoungGen: 36627K->5120K(52736K)] 227091K->205824K(511488K), 0.0014883 secs] [Times: user=0.00 sys=0.00, real=0.00 secs] 
78.859: [GC (Allocation Failure) [PSYoungGen: 43792K->10240K(52736K)] 398096K->364544K(511488K), 0.0010440 secs] [Times: user=0.00 sys=0.00, real=0.00 secs] 
79.520: [GC (Allocation Failure) [PSYoungGen: 46869K->10240K(52736K)] 401173K->374784K(511488K), 0.0017623 secs] [Times: user=0.00 sys=0.00, real=0.00 secs] 
79.846: [GC (Allocation Failure) [PSYoungGen: 41746K->10240K(52736K)] 457490K->425984K(511488K), 0.0018017 secs] [Times: user=0.00 sys=0.00, real=0.00 secs] 
79.848: [GC (Allocation Failure) [PSYoungGen: 10240K->10240K(52736K)] 425984K->425984K(511488K), 0.0010322 secs] [Times: user=0.00 sys=0.00, real=0.00 secs] 
79.849: [Full GC (Allocation Failure) [PSYoungGen: 10240K->0K(52736K)] [ParOldGen: 415744K->113169K(458752K)] 425984K->113169K(511488K), [Metaspace: 2796K->2796K(1056768K)], 0.0087253 secs] [Times: user=0.00 sys=0.00, real=0.01 secs] 
81.716: [GC (Allocation Failure) [PSYoungGen: 35606K->6144K(52736K)] 353576K->324113K(511488K), 0.0010297 secs] [Times: user=0.00 sys=0.00, real=0.00 secs] 
82.373: [GC (Allocation Failure) [PSYoungGen: 42777K->11264K(52736K)] 360747K->334353K(511488K), 0.0014420 secs] [Times: user=0.00 sys=0.00, real=0.00 secs] 
82.700: [GC (Allocation Failure) [PSYoungGen: 42773K->1024K(52736K)] 417062K->375313K(511488K), 0.0006812 secs] [Times: user=0.00 sys=0.00, real=0.00 secs] 
82.701: [GC (Allocation Failure) [PSYoungGen: 1024K->1024K(52736K)] 375313K->375313K(511488K), 0.0008087 secs] [Times: user=0.00 sys=0.00, real=0.00 secs] 
82.702: [Full GC (Allocation Failure) [PSYoungGen: 1024K->0K(52736K)] [ParOldGen: 374289K->57873K(458752K)] 375313K->57873K(511488K), [Metaspace: 2796K->2796K(1056768K)], 0.0051920 secs] [Times: user=0.00 sys=0.00, real=0.01 secs] 
83.696: [GC (Allocation Failure) [PSYoungGen: 33560K->6144K(52736K)] 193834K->166417K(511488K), 0.0009866 secs] [Times: user=0.00 sys=0.00, real=0.00 secs] 
85.223: [GC (Allocation Failure) [PSYoungGen: 44826K->10240K(52736K)] 379180K->344593K(511488K), 0.0015433 secs] [Times: user=0.00 sys=0.00, real=0.00 secs] 
85.552: [GC (Allocation Failure) [PSYoungGen: 41756K->10240K(52736K)] 427309K->395793K(511488K), 0.0013229 secs] [Times: user=0.00 sys=0.00, real=0.00 secs] 
85.553: [GC (Allocation Failure) [PSYoungGen: 10240K->10240K(52736K)] 395793K->395793K(511488K), 0.0014514 secs] [Times: user=0.00 sys=0.00, real=0.00 secs] 
85.554: [Full GC (Allocation Failure) [PSYoungGen: 10240K->0K(52736K)] [ParOldGen: 385553K->61969K(458752K)] 395793K->61969K(511488K), [Metaspace: 2796K->2796K(1056768K)], 0.0057322 secs] [Times: user=0.00 sys=0.00, real=0.01 secs] 
86.549: [GC (Allocation Failure) [PSYoungGen: 33565K->10240K(52736K)] 197934K->174609K(511488K), 0.0011623 secs] [Times: user=0.00 sys=0.00, real=0.00 secs] 
87.641: [GC (Allocation Failure) [PSYoungGen: 48925K->10240K(52736K)] 387375K->353809K(511488K), 0.0011136 secs] [Times: user=0.00 sys=0.00, real=0.00 secs] 
88.948: [GC (Allocation Failure) [PSYoungGen: 46878K->0K(52736K)] 462127K->415249K(511488K), 0.0009937 secs] [Times: user=0.00 sys=0.00, real=0.00 secs] 
89.492: [GC (Allocation Failure) [PSYoungGen: 31518K->5120K(52736K)] 446767K->430609K(511488K), 0.0016192 secs] [Times: user=0.00 sys=0.00, real=0.00 secs] 
89.711: [GC (Allocation Failure) [PSYoungGen: 36631K->5120K(52736K)] 462120K->451089K(511488K), 0.0022439 secs] [Times: user=0.00 sys=0.00, real=0.00 secs] 
89.714: [Full GC (Ergonomics) [PSYoungGen: 5120K->0K(52736K)] [ParOldGen: 445969K->26129K(458752K)] 451089K->26129K(511488K), [Metaspace: 2796K->2796K(1056768K)], 0.0034586 secs] [Times: user=0.00 sys=0.00, real=0.00 secs] 
90.800: [GC (Allocation Failure) [PSYoungGen: 33555K->10240K(52736K)] 213284K->189969K(511488K), 0.0010367 secs] [Times: user=0.00 sys=0.00, real=0.00 secs] 
91.893: [GC (Allocation Failure) [PSYoungGen: 48919K->11264K(52736K)] 402728K->365073K(511488K), 0.0010742 secs] [Times: user=0.00 sys=0.00, real=0.00 secs] 
93.419: [GC (Allocation Failure) [PSYoungGen: 49945K->6144K(52736K)] 403755K->359953K(511488K), 0.0010213 secs] [Times: user=0.00 sys=0.00, real=0.00 secs] 
94.079: [Full GC (Ergonomics) [PSYoungGen: 37653K->0K(52736K)] [ParOldGen: 425489K->62993K(458752K)] 463143K->62993K(511488K), [Metaspace: 2796K->2796K(1056768K)], 0.0057238 secs] [Times: user=0.00 sys=0.00, real=0.00 secs] 
95.062: [GC (Allocation Failure) [PSYoungGen: 33561K->10240K(52736K)] 198954K->175633K(511488K), 0.0009643 secs] [Times: user=0.00 sys=0.00, real=0.00 secs] 
96.589: [GC (Allocation Failure) [PSYoungGen: 43803K->5120K(52736K)] 383276K->344593K(511488K), 0.0010712 secs] [Times: user=0.00 sys=0.00, real=0.00 secs] 
96.918: [GC (Allocation Failure) [PSYoungGen: 36636K->0K(52736K)] 427309K->411153K(511488K), 0.0020679 secs] [Times: user=0.00 sys=0.00, real=0.00 secs] 
96.920: [GC (Allocation Failure) [PSYoungGen: 0K->0K(52736K)] 411153K->411153K(511488K), 0.0008332 secs] [Times: user=0.00 sys=0.00, real=0.00 secs] 
96.921: [Full GC (Allocation Failure) [PSYoungGen: 0K->0K(52736K)] [ParOldGen: 411153K->72209K(458752K)] 411153K->72209K(511488K), [Metaspace: 2796K->2796K(1056768K)], 0.0060670 secs] [Times: user=0.00 sys=0.00, real=0.01 secs] 
97.917: [GC (Allocation Failure) [PSYoungGen: 33565K->10240K(52736K)] 208174K->184849K(511488K), 0.0009837 secs] [Times: user=0.00 sys=0.00, real=0.00 secs] 
99.006: [GC (Allocation Failure) [PSYoungGen: 48925K->10240K(52736K)] 397615K->358929K(511488K), 0.0011554 secs] [Times: user=0.00 sys=0.00, real=0.00 secs] 
99.769: [GC (Allocation Failure) [PSYoungGen: 46878K->10240K(52736K)] 467247K->430609K(511488K), 0.0013007 secs] [Times: user=0.00 sys=0.00, real=0.00 secs] 
99.771: [GC (Allocation Failure) [PSYoungGen: 10240K->10240K(52736K)] 430609K->430609K(511488K), 0.0009842 secs] [Times: user=0.00 sys=0.00, real=0.00 secs] 
99.772: [Full GC (Allocation Failure) [PSYoungGen: 10240K->0K(52736K)] [ParOldGen: 420369K->133649K(458752K)] 430609K->133649K(511488K), [Metaspace: 2796K->2796K(1056768K)], 0.0103066 secs] [Times: user=0.00 sys=0.00, real=0.01 secs] 
101.534: [GC (Allocation Failure) [PSYoungGen: 38686K->7168K(52736K)] 448815K->417297K(511488K), 0.0008343 secs] [Times: user=0.00 sys=0.00, real=0.00 secs] 
102.187: [GC (Allocation Failure) [PSYoungGen: 38686K->11264K(52736K)] 448816K->426513K(511488K), 0.0014453 secs] [Times: user=0.00 sys=0.00, real=0.00 secs] 
102.515: [Full GC (Ergonomics) [PSYoungGen: 32535K->0K(52736K)] [ParOldGen: 435729K->32273K(458752K)] 468265K->32273K(511488K), [Metaspace: 2796K->2796K(1056768K)], 0.0037897 secs] [Times: user=0.06 sys=0.00, real=0.00 secs] 
103.606: [GC (Allocation Failure) [PSYoungGen: 33562K->6144K(52736K)] 219435K->192017K(511488K), 0.0009438 secs] [Times: user=0.00 sys=0.00, real=0.00 secs] 
104.913: [GC (Allocation Failure) [PSYoungGen: 43803K->10240K(52736K)] 229677K->196113K(511488K), 0.0010139 secs] [Times: user=0.00 sys=0.00, real=0.00 secs] 
106.005: [GC (Allocation Failure) [PSYoungGen: 48919K->10240K(52736K)] 408872K->385553K(511488K), 0.0023241 secs] [Times: user=0.00 sys=0.00, real=0.00 secs] 
106.549: [GC (Allocation Failure) [PSYoungGen: 41753K->10240K(52736K)] 417067K->390673K(511488K), 0.0015585 secs] [Times: user=0.00 sys=0.00, real=0.00 secs] 
106.875: [Full GC (Ergonomics) [PSYoungGen: 41748K->0K(52736K)] [ParOldGen: 431633K->92689K(458752K)] 473381K->92689K(511488K), [Metaspace: 2796K->2796K(1056768K)], 0.0091459 secs] [Times: user=0.01 sys=0.00, real=0.01 secs] 
108.532: [GC (Allocation Failure) [PSYoungGen: 39704K->1024K(52736K)] 388393K->349713K(511488K), 0.0007021 secs] [Times: user=0.00 sys=0.00, real=0.00 secs] 
109.295: [GC (Allocation Failure) [PSYoungGen: 33562K->10240K(52736K)] 382251K->358929K(511488K), 0.0010956 secs] [Times: user=0.00 sys=0.00, real=0.00 secs] 
109.731: [GC (Allocation Failure) [PSYoungGen: 31509K->5120K(52736K)] 451878K->425489K(511488K), 0.0009725 secs] [Times: user=0.00 sys=0.00, real=0.00 secs] 
109.732: [GC (Allocation Failure) [PSYoungGen: 5120K->5120K(52736K)] 425489K->425489K(511488K), 0.0009057 secs] [Times: user=0.00 sys=0.00, real=0.00 secs] 
109.733: [Full GC (Allocation Failure) [PSYoungGen: 5120K->0K(52736K)] [ParOldGen: 420369K->108049K(458752K)] 425489K->108049K(511488K), [Metaspace: 2796K->2796K(1056768K)], 0.0083315 secs] [Times: user=0.00 sys=0.00, real=0.01 secs] 
110.730: [GC (Allocation Failure) [PSYoungGen: 33560K->10240K(52736K)] 244009K->220689K(511488K), 0.0011101 secs] [Times: user=0.00 sys=0.00, real=0.00 secs] 
112.145: [GC (Allocation Failure) [PSYoungGen: 42778K->10240K(52736K)] 427308K->394769K(511488K), 0.0009869 secs] [Times: user=0.00 sys=0.00, real=0.00 secs] 
112.583: [Full GC (Ergonomics) [PSYoungGen: 31516K->0K(52736K)] [ParOldGen: 456209K->56849K(458752K)] 487725K->56849K(511488K), [Metaspace: 2796K->2796K(1056768K)], 0.0053559 secs] [Times: user=0.00 sys=0.00, real=0.01 secs] 
113.581: [GC (Allocation Failure) [PSYoungGen: 33565K->6144K(52736K)] 192814K->165393K(511488K), 0.0008664 secs] [Times: user=0.00 sys=0.00, real=0.00 secs] 
114.669: [GC (Allocation Failure) [PSYoungGen: 44829K->11264K(52736K)] 378159K->354833K(511488K), 0.0019576 secs] [Times: user=0.00 sys=0.00, real=0.00 secs] 
115.760: [GC (Allocation Failure) [PSYoungGen: 47902K->10240K(52736K)] 391471K->353809K(511488K), 0.0014120 secs] [Times: user=0.00 sys=0.00, real=0.00 secs] 
116.412: [GC (Allocation Failure) [PSYoungGen: 41752K->10240K(52736K)] 385321K->353809K(511488K), 0.0010293 secs] [Times: user=0.00 sys=0.00, real=0.00 secs] 
116.847: [GC (Allocation Failure) [PSYoungGen: 31507K->5120K(52736K)] 446757K->420369K(511488K), 0.0010330 secs] [Times: user=0.00 sys=0.00, real=0.00 secs] 
116.848: [GC (Allocation Failure) [PSYoungGen: 5120K->5120K(52736K)] 420369K->420369K(511488K), 0.0007775 secs] [Times: user=0.00 sys=0.00, real=0.00 secs] 
116.849: [Full GC (Allocation Failure) [PSYoungGen: 5120K->0K(52736K)] [ParOldGen: 415249K->77329K(458752K)] 420369K->77329K(511488K), [Metaspace: 2796K->2796K(1056768K)], 0.0063442 secs] [Times: user=0.00 sys=0.00, real=0.01 secs] 
117.849: [GC (Allocation Failure) [PSYoungGen: 33559K->10240K(52736K)] 213288K->189969K(511488K), 0.0011654 secs] [Times: user=0.00 sys=0.00, real=0.00 secs] 
118.941: [GC (Allocation Failure) [PSYoungGen: 48922K->10240K(52736K)] 402731K->364049K(511488K), 0.0012414 secs] [Times: user=0.00 sys=0.00, real=0.00 secs] 
119.702: [GC (Allocation Failure) [PSYoungGen: 16155K->0K(52736K)] 421165K->405009K(511488K), 0.0006733 secs] [Times: user=0.00 sys=0.00, real=0.00 secs] 
119.703: [GC (Allocation Failure) [PSYoungGen: 0K->0K(52736K)] 405009K->405009K(511488K), 0.0008366 secs] [Times: user=0.00 sys=0.00, real=0.00 secs] 
119.704: [Full GC (Allocation Failure) [PSYoungGen: 0K->0K(52736K)] [ParOldGen: 405009K->51729K(458752K)] 405009K->51729K(511488K), [Metaspace: 2796K->2796K(1056768K)], 0.0048504 secs] [Times: user=0.00 sys=0.00, real=0.00 secs] 
120.699: [GC (Allocation Failure) [PSYoungGen: 33563K->10240K(52736K)] 187693K->164369K(511488K), 0.0011597 secs] [Times: user=0.00 sys=0.00, real=0.00 secs] 
121.791: [GC (Allocation Failure) [PSYoungGen: 48924K->11264K(52736K)] 377134K->339473K(511488K), 0.0013053 secs] [Times: user=0.00 sys=0.00, real=0.00 secs] 
122.555: [GC (Allocation Failure) [PSYoungGen: 47901K->11264K(52736K)] 447790K->411153K(511488K), 0.0012789 secs] [Times: user=0.00 sys=0.00, real=0.00 secs] 
122.556: [GC (Allocation Failure) [PSYoungGen: 11264K->11264K(52736K)] 411153K->411153K(511488K), 0.0010742 secs] [Times: user=0.00 sys=0.00, real=0.00 secs] 
122.557: [Full GC (Allocation Failure) [PSYoungGen: 11264K->0K(52736K)] [ParOldGen: 399889K->165393K(458752K)] 411153K->165393K(511488K), [Metaspace: 2796K->2796K(1056768K)], 0.0125245 secs] [Times: user=0.00 sys=0.00, real=0.01 secs] 
124.428: [Full GC (Ergonomics) [PSYoungGen: 35613K->0K(52736K)] [ParOldGen: 441873K->16384K(458752K)] 477487K->16384K(511488K), [Metaspace: 2796K->2796K(1056768K)], 0.0030948 secs] [Times: user=0.00 sys=0.00, real=0.00 secs] 
125.089: [GC (Allocation Failure) [PSYoungGen: 36638K->10240K(52736K)] 53022K->26624K(511488K), 0.0014087 secs] [Times: user=0.00 sys=0.00, real=0.00 secs] 
125.855: [GC (Allocation Failure) [PSYoungGen: 48920K->10240K(52736K)] 218904K->185344K(511488K), 0.0013613 secs] [Times: user=0.00 sys=0.00, real=0.00 secs] 
126.514: [GC (Allocation Failure) [PSYoungGen: 46874K->10240K(52736K)] 221978K->200704K(511488K), 0.0020025 secs] [Times: user=0.00 sys=0.00, real=0.00 secs] 
127.390: [GC (Allocation Failure) [PSYoungGen: 46870K->5120K(52736K)] 237334K->195584K(511488K), 0.0009277 secs] [Times: user=0.00 sys=0.00, real=0.00 secs] 
127.935: [GC (Allocation Failure) [PSYoungGen: 36627K->5120K(52736K)] 227091K->205824K(511488K), 0.0017577 secs] [Times: user=0.00 sys=0.00, real=0.00 secs] 
128.700: [GC (Allocation Failure) [PSYoungGen: 43792K->10240K(52736K)] 398096K->364544K(511488K), 0.0012919 secs] [Times: user=0.00 sys=0.00, real=0.00 secs] 
129.355: [GC (Allocation Failure) [PSYoungGen: 46869K->10240K(52736K)] 401173K->374784K(511488K), 0.0018728 secs] [Times: user=0.00 sys=0.00, real=0.00 secs] 
129.681: [GC (Allocation Failure) [PSYoungGen: 41746K->0K(52736K)] 457490K->415744K(511488K), 0.0016629 secs] [Times: user=0.00 sys=0.00, real=0.00 secs] 
129.682: [GC (Allocation Failure) [PSYoungGen: 0K->0K(52736K)] 415744K->415744K(511488K), 0.0010429 secs] [Times: user=0.00 sys=0.00, real=0.00 secs] 
129.683: [Full GC (Allocation Failure) [PSYoungGen: 0K->0K(52736K)] [ParOldGen: 415744K->113169K(458752K)] 415744K->113169K(511488K), [Metaspace: 2796K->2796K(1056768K)], 0.0086651 secs] [Times: user=0.00 sys=0.00, real=0.01 secs] 
131.553: [GC (Allocation Failure) [PSYoungGen: 35606K->6144K(52736K)] 353576K->324113K(511488K), 0.0010199 secs] [Times: user=0.00 sys=0.00, real=0.00 secs] 
132.208: [GC (Allocation Failure) [PSYoungGen: 42777K->11264K(52736K)] 360747K->334353K(511488K), 0.0018002 secs] [Times: user=0.00 sys=0.00, real=0.00 secs] 
132.537: [GC (Allocation Failure) [PSYoungGen: 42773K->1024K(52736K)] 417062K->375313K(511488K), 0.0008759 secs] [Times: user=0.00 sys=0.00, real=0.00 secs] 
132.538: [GC (Allocation Failure) [PSYoungGen: 1024K->1024K(52736K)] 375313K->375313K(511488K), 0.0007700 secs] [Times: user=0.00 sys=0.00, real=0.00 secs] 
132.539: [Full GC (Allocation Failure) [PSYoungGen: 1024K->0K(52736K)] [ParOldGen: 374289K->57873K(458752K)] 375313K->57873K(511488K), [Metaspace: 2796K->2796K(1056768K)], 0.0054765 secs] [Times: user=0.00 sys=0.00, real=0.01 secs] 
133.536: [GC (Allocation Failure) [PSYoungGen: 33560K->6144K(52736K)] 193834K->166417K(511488K), 0.0008593 secs] [Times: user=0.00 sys=0.00, real=0.00 secs] 
135.065: [GC (Allocation Failure) [PSYoungGen: 44826K->10240K(52736K)] 379180K->344593K(511488K), 0.0012206 secs] [Times: user=0.00 sys=0.00, real=0.00 secs] 
135.393: [GC (Allocation Failure) [PSYoungGen: 41756K->10240K(52736K)] 427309K->395793K(511488K), 0.0011387 secs] [Times: user=0.00 sys=0.00, real=0.00 secs] 
135.395: [GC (Allocation Failure) [PSYoungGen: 10240K->10240K(52736K)] 395793K->395793K(511488K), 0.0011399 secs] [Times: user=0.00 sys=0.00, real=0.00 secs] 
135.396: [Full GC (Allocation Failure) [PSYoungGen: 10240K->0K(52736K)] [ParOldGen: 385553K->61969K(458752K)] 395793K->61969K(511488K), [Metaspace: 2796K->2796K(1056768K)], 0.0057166 secs] [Times: user=0.00 sys=0.00, real=0.01 secs] 
136.391: [GC (Allocation Failure) [PSYoungGen: 33565K->10240K(52736K)] 197934K->174609K(511488K), 0.0009877 secs] [Times: user=0.00 sys=0.00, real=0.00 secs] 
137.483: [GC (Allocation Failure) [PSYoungGen: 48925K->10240K(52736K)] 387375K->353809K(511488K), 0.0012751 secs] [Times: user=0.00 sys=0.00, real=0.00 secs] 
138.791: [GC (Allocation Failure) [PSYoungGen: 46878K->0K(52736K)] 462127K->415249K(511488K), 0.0007795 secs] [Times: user=0.00 sys=0.00, real=0.00 secs] 
139.336: [GC (Allocation Failure) [PSYoungGen: 31518K->10240K(52736K)] 446767K->430609K(511488K), 0.0017194 secs] [Times: user=0.00 sys=0.00, real=0.00 secs] 
139.555: [GC (Allocation Failure) [PSYoungGen: 41751K->0K(52736K)] 462120K->440849K(511488K), 0.0018953 secs] [Times: user=0.00 sys=0.00, real=0.00 secs] 
139.557: [Full GC (Ergonomics) [PSYoungGen: 0K->0K(52736K)] [ParOldGen: 440849K->26129K(458752K)] 440849K->26129K(511488K), [Metaspace: 2796K->2796K(1056768K)], 0.0034994 secs] [Times: user=0.00 sys=0.00, real=0.00 secs] 
140.646: [GC (Allocation Failure) [PSYoungGen: 33555K->10240K(52736K)] 213284K->189969K(511488K), 0.0011929 secs] [Times: user=0.00 sys=0.00, real=0.00 secs] 
141.737: [GC (Allocation Failure) [PSYoungGen: 48919K->11264K(52736K)] 402728K->365073K(511488K), 0.0011706 secs] [Times: user=0.00 sys=0.00, real=0.00 secs] 
143.265: [GC (Allocation Failure) [PSYoungGen: 49945K->6144K(52736K)] 403755K->359953K(511488K), 0.0009068 secs] [Times: user=0.00 sys=0.00, real=0.00 secs] 
143.920: [GC (Allocation Failure) [PSYoungGen: 37653K->11264K(52736K)] 463143K->436753K(511488K), 0.0014160 secs] [Times: user=0.00 sys=0.00, real=0.00 secs] 
143.922: [GC (Allocation Failure) [PSYoungGen: 11264K->11264K(52736K)] 436753K->436753K(511488K), 0.0013526 secs] [Times: user=0.00 sys=0.00, real=0.00 secs] 
143.923: [Full GC (Allocation Failure) [PSYoungGen: 11264K->0K(52736K)] [ParOldGen: 425489K->62993K(458752K)] 436753K->62993K(511488K), [Metaspace: 2796K->2796K(1056768K)], 0.0055680 secs] [Times: user=0.00 sys=0.00, real=0.01 secs] 
144.921: [GC (Allocation Failure) [PSYoungGen: 33561K->10240K(52736K)] 198954K->175633K(511488K), 0.0009738 secs] [Times: user=0.00 sys=0.00, real=0.00 secs] 
146.451: [GC (Allocation Failure) [PSYoungGen: 43803K->5120K(52736K)] 383276K->344593K(511488K), 0.0009443 secs] [Times: user=0.00 sys=0.00, real=0.00 secs] 
146.779: [GC (Allocation Failure) [PSYoungGen: 36636K->0K(52736K)] 427309K->411153K(511488K), 0.0020528 secs] [Times: user=0.00 sys=0.00, real=0.00 secs] 
146.781: [GC (Allocation Failure) [PSYoungGen: 0K->0K(52736K)] 411153K->411153K(511488K), 0.0006415 secs] [Times: user=0.00 sys=0.00, real=0.00 secs] 
146.782: [Full GC (Allocation Failure) [PSYoungGen: 0K->0K(52736K)] [ParOldGen: 411153K->72209K(458752K)] 411153K->72209K(511488K), [Metaspace: 2796K->2796K(1056768K)], 0.0058469 secs] [Times: user=0.00 sys=0.00, real=0.01 secs] 
147.776: [GC (Allocation Failure) [PSYoungGen: 33565K->10240K(52736K)] 208174K->184849K(511488K), 0.0009448 secs] [Times: user=0.00 sys=0.00, real=0.00 secs] 
148.867: [GC (Allocation Failure) [PSYoungGen: 48925K->10240K(52736K)] 397615K->358929K(511488K), 0.0010599 secs] [Times: user=0.00 sys=0.00, real=0.00 secs] 
149.635: [GC (Allocation Failure) [PSYoungGen: 46878K->10240K(52736K)] 467247K->430609K(511488K), 0.0010470 secs] [Times: user=0.00 sys=0.00, real=0.00 secs] 
149.636: [GC (Allocation Failure) [PSYoungGen: 10240K->10240K(52736K)] 430609K->430609K(511488K), 0.0009641 secs] [Times: user=0.00 sys=0.00, real=0.00 secs] 
149.637: [Full GC (Allocation Failure) [PSYoungGen: 10240K->0K(52736K)] [ParOldGen: 420369K->133649K(458752K)] 430609K->133649K(511488K), [Metaspace: 2796K->2796K(1056768K)], 0.0104801 secs] [Times: user=0.00 sys=0.00, real=0.01 secs] 
151.392: [GC (Allocation Failure) [PSYoungGen: 38686K->7168K(52736K)] 448815K->417297K(511488K), 0.0008440 secs] [Times: user=0.00 sys=0.00, real=0.00 secs] 
152.048: [GC (Allocation Failure) [PSYoungGen: 38686K->11264K(52736K)] 448816K->426513K(511488K), 0.0014101 secs] [Times: user=0.02 sys=0.00, real=0.00 secs] 
152.373: [Full GC (Ergonomics) [PSYoungGen: 32535K->0K(52736K)] [ParOldGen: 435729K->32273K(458752K)] 468265K->32273K(511488K), [Metaspace: 2796K->2796K(1056768K)], 0.0038819 secs] [Times: user=0.02 sys=0.00, real=0.00 secs] 
153.467: [GC (Allocation Failure) [PSYoungGen: 33562K->6144K(52736K)] 219435K->192017K(511488K), 0.0010383 secs] [Times: user=0.00 sys=0.00, real=0.00 secs] 
154.775: [GC (Allocation Failure) [PSYoungGen: 43803K->10240K(52736K)] 229677K->196113K(511488K), 0.0012044 secs] [Times: user=0.00 sys=0.00, real=0.00 secs] 
155.866: [GC (Allocation Failure) [PSYoungGen: 48919K->10240K(52736K)] 408872K->385553K(511488K), 0.0020201 secs] [Times: user=0.00 sys=0.00, real=0.00 secs] 
156.414: [GC (Allocation Failure) [PSYoungGen: 41753K->10240K(52736K)] 417067K->395793K(511488K), 0.0018707 secs] [Times: user=0.00 sys=0.00, real=0.00 secs] 
156.743: [Full GC (Ergonomics) [PSYoungGen: 41748K->0K(52736K)] [ParOldGen: 436753K->92689K(458752K)] 478501K->92689K(511488K), [Metaspace: 2796K->2796K(1056768K)], 0.0076739 secs] [Times: user=0.00 sys=0.00, real=0.01 secs] 
158.401: [GC (Allocation Failure) [PSYoungGen: 39704K->1024K(52736K)] 388393K->349713K(511488K), 0.0006788 secs] [Times: user=0.00 sys=0.00, real=0.00 secs] 
159.167: [GC (Allocation Failure) [PSYoungGen: 33562K->10240K(52736K)] 382251K->358929K(511488K), 0.0012567 secs] [Times: user=0.00 sys=0.00, real=0.00 secs] 
159.603: [GC (Allocation Failure) [PSYoungGen: 31509K->5120K(52736K)] 451878K->425489K(511488K), 0.0014110 secs] [Times: user=0.00 sys=0.00, real=0.00 secs] 
159.604: [GC (Allocation Failure) [PSYoungGen: 5120K->5120K(52736K)] 425489K->425489K(511488K), 0.0007872 secs] [Times: user=0.00 sys=0.00, real=0.00 secs] 
159.605: [Full GC (Allocation Failure) [PSYoungGen: 5120K->0K(52736K)] [ParOldGen: 420369K->108049K(458752K)] 425489K->108049K(511488K), [Metaspace: 2796K->2796K(1056768K)], 0.0082589 secs] [Times: user=0.02 sys=0.00, real=0.01 secs] 
160.600: [GC (Allocation Failure) [PSYoungGen: 33560K->10240K(52736K)] 244009K->220689K(511488K), 0.0010087 secs] [Times: user=0.00 sys=0.00, real=0.00 secs] 
162.018: [GC (Allocation Failure) [PSYoungGen: 42778K->10240K(52736K)] 427308K->394769K(511488K), 0.0010228 secs] [Times: user=0.00 sys=0.00, real=0.00 secs] 
162.454: [Full GC (Ergonomics) [PSYoungGen: 31516K->0K(52736K)] [ParOldGen: 456209K->56849K(458752K)] 487725K->56849K(511488K), [Metaspace: 2796K->2796K(1056768K)], 0.0053867 secs] [Times: user=0.00 sys=0.00, real=0.00 secs] 
163.437: [GC (Allocation Failure) [PSYoungGen: 33565K->6144K(52736K)] 192814K->165393K(511488K), 0.0009303 secs] [Times: user=0.00 sys=0.00, real=0.00 secs] 
164.528: [GC (Allocation Failure) [PSYoungGen: 44829K->11264K(52736K)] 378159K->354833K(511488K), 0.0017616 secs] [Times: user=0.00 sys=0.00, real=0.00 secs] 
165.621: [GC (Allocation Failure) [PSYoungGen: 47902K->10240K(52736K)] 391471K->353809K(511488K), 0.0012699 secs] [Times: user=0.00 sys=0.00, real=0.00 secs] 
166.274: [GC (Allocation Failure) [PSYoungGen: 41752K->10240K(52736K)] 385321K->353809K(511488K), 0.0014035 secs] [Times: user=0.00 sys=0.00, real=0.00 secs] 
166.711: [GC (Allocation Failure) [PSYoungGen: 31507K->5120K(52736K)] 446757K->420369K(511488K), 0.0008236 secs] [Times: user=0.00 sys=0.00, real=0.00 secs] 
166.712: [GC (Allocation Failure) [PSYoungGen: 5120K->5120K(52736K)] 420369K->420369K(511488K), 0.0008398 secs] [Times: user=0.00 sys=0.00, real=0.00 secs] 
166.713: [Full GC (Allocation Failure) [PSYoungGen: 5120K->0K(52736K)] [ParOldGen: 415249K->77329K(458752K)] 420369K->77329K(511488K), [Metaspace: 2796K->2796K(1056768K)], 0.0063012 secs] [Times: user=0.00 sys=0.00, real=0.01 secs] 
167.709: [GC (Allocation Failure) [PSYoungGen: 33559K->10240K(52736K)] 213288K->189969K(511488K), 0.0010343 secs] [Times: user=0.00 sys=0.00, real=0.00 secs] 
168.799: [GC (Allocation Failure) [PSYoungGen: 48922K->10240K(52736K)] 402731K->364049K(511488K), 0.0011132 secs] [Times: user=0.00 sys=0.00, real=0.00 secs] 
169.561: [GC (Allocation Failure) [PSYoungGen: 16155K->0K(52736K)] 421165K->405009K(511488K), 0.0007072 secs] [Times: user=0.00 sys=0.00, real=0.00 secs] 
169.562: [GC (Allocation Failure) [PSYoungGen: 0K->0K(52736K)] 405009K->405009K(511488K), 0.0008925 secs] [Times: user=0.00 sys=0.00, real=0.00 secs] 
169.563: [Full GC (Allocation Failure) [PSYoungGen: 0K->0K(52736K)] [ParOldGen: 405009K->51729K(458752K)] 405009K->51729K(511488K), [Metaspace: 2796K->2796K(1056768K)], 0.0051457 secs] [Times: user=0.00 sys=0.00, real=0.01 secs] 
170.553: [GC (Allocation Failure) [PSYoungGen: 33563K->10240K(52736K)] 187693K->164369K(511488K), 0.0009950 secs] [Times: user=0.00 sys=0.00, real=0.00 secs] 
171.644: [GC (Allocation Failure) [PSYoungGen: 48924K->11264K(52736K)] 377134K->339473K(511488K), 0.0011430 secs] [Times: user=0.00 sys=0.00, real=0.00 secs] 
172.408: [GC (Allocation Failure) [PSYoungGen: 47901K->11264K(52736K)] 447790K->411153K(511488K), 0.0013717 secs] [Times: user=0.00 sys=0.00, real=0.00 secs] 
172.410: [GC (Allocation Failure) [PSYoungGen: 11264K->11264K(52736K)] 411153K->411153K(511488K), 0.0010061 secs] [Times: user=0.00 sys=0.00, real=0.00 secs] 
172.411: [Full GC (Allocation Failure) [PSYoungGen: 11264K->0K(52736K)] [ParOldGen: 399889K->165393K(458752K)] 411153K->165393K(511488K), [Metaspace: 2796K->2796K(1056768K)], 0.0118885 secs] [Times: user=0.00 sys=0.00, real=0.01 secs] 
174.277: [Full GC (Ergonomics) [PSYoungGen: 35613K->0K(52736K)] [ParOldGen: 441873K->16384K(458752K)] 477487K->16384K(511488K), [Metaspace: 2796K->2796K(1056768K)], 0.0030800 secs] [Times: user=0.00 sys=0.00, real=0.00 secs] 
174.932: [GC (Allocation Failure) [PSYoungGen: 36638K->10240K(52736K)] 53022K->26624K(511488K), 0.0011393 secs] [Times: user=0.00 sys=0.00, real=0.00 secs] 
175.696: [GC (Allocation Failure) [PSYoungGen: 48920K->10240K(52736K)] 218904K->185344K(511488K), 0.0016875 secs] [Times: user=0.00 sys=0.00, real=0.00 secs] 
176.352: [GC (Allocation Failure) [PSYoungGen: 46874K->5120K(52736K)] 221978K->200704K(511488K), 0.0019641 secs] [Times: user=0.00 sys=0.00, real=0.00 secs] 
177.230: [GC (Allocation Failure) [PSYoungGen: 41750K->5120K(52736K)] 237334K->200704K(511488K), 0.0009091 secs] [Times: user=0.00 sys=0.00, real=0.00 secs] 
177.777: [GC (Allocation Failure) [PSYoungGen: 36627K->5120K(52736K)] 232211K->210944K(511488K), 0.0013523 secs] [Times: user=0.00 sys=0.00, real=0.00 secs] 
178.547: [GC (Allocation Failure) [PSYoungGen: 43792K->10240K(52736K)] 403216K->369664K(511488K), 0.0012284 secs] [Times: user=0.01 sys=0.00, real=0.00 secs] 
179.201: [GC (Allocation Failure) [PSYoungGen: 46869K->10240K(52736K)] 406293K->379904K(511488K), 0.0019836 secs] [Times: user=0.00 sys=0.00, real=0.00 secs] 
179.528: [GC (Allocation Failure) [PSYoungGen: 41746K->10240K(52736K)] 462610K->431104K(511488K), 0.0014455 secs] [Times: user=0.00 sys=0.00, real=0.00 secs] 
179.530: [GC (Allocation Failure) [PSYoungGen: 10240K->10240K(52736K)] 431104K->431104K(511488K), 0.0014321 secs] [Times: user=0.00 sys=0.00, real=0.00 secs] 
179.531: [Full GC (Allocation Failure) [PSYoungGen: 10240K->0K(52736K)] [ParOldGen: 420864K->113169K(458752K)] 431104K->113169K(511488K), [Metaspace: 2796K->2796K(1056768K)], 0.0090678 secs] [Times: user=0.00 sys=0.00, real=0.01 secs] 
181.407: [GC (Allocation Failure) [PSYoungGen: 35606K->6144K(52736K)] 353576K->324113K(511488K), 0.0008723 secs] [Times: user=0.00 sys=0.00, real=0.00 secs] 
182.062: [GC (Allocation Failure) [PSYoungGen: 42777K->11264K(52736K)] 360747K->334353K(511488K), 0.0015424 secs] [Times: user=0.00 sys=0.00, real=0.00 secs] 
182.389: [GC (Allocation Failure) [PSYoungGen: 42773K->1024K(52736K)] 417062K->375313K(511488K), 0.0010079 secs] [Times: user=0.00 sys=0.00, real=0.00 secs] 
182.390: [GC (Allocation Failure) [PSYoungGen: 1024K->1024K(52736K)] 375313K->375313K(511488K), 0.0008554 secs] [Times: user=0.00 sys=0.00, real=0.00 secs] 
182.390: [Full GC (Allocation Failure) [PSYoungGen: 1024K->0K(52736K)] [ParOldGen: 374289K->57873K(458752K)] 375313K->57873K(511488K), [Metaspace: 2796K->2796K(1056768K)], 0.0051237 secs] [Times: user=0.00 sys=0.00, real=0.01 secs] 
183.383: [GC (Allocation Failure) [PSYoungGen: 33560K->6144K(52736K)] 193834K->166417K(511488K), 0.0010273 secs] [Times: user=0.00 sys=0.00, real=0.00 secs] 
184.913: [GC (Allocation Failure) [PSYoungGen: 44826K->10240K(52736K)] 379180K->344593K(511488K), 0.0013430 secs] [Times: user=0.00 sys=0.00, real=0.00 secs] 
185.238: [GC (Allocation Failure) [PSYoungGen: 41756K->10240K(52736K)] 427309K->395793K(511488K), 0.0013651 secs] [Times: user=0.00 sys=0.00, real=0.00 secs] 
185.239: [GC (Allocation Failure) [PSYoungGen: 10240K->10240K(52736K)] 395793K->395793K(511488K), 0.0013845 secs] [Times: user=0.00 sys=0.00, real=0.00 secs] 
185.240: [Full GC (Allocation Failure) [PSYoungGen: 10240K->0K(52736K)] [ParOldGen: 385553K->61969K(458752K)] 395793K->61969K(511488K), [Metaspace: 2796K->2796K(1056768K)], 0.0054859 secs] [Times: user=0.00 sys=0.00, real=0.00 secs] 
186.238: [GC (Allocation Failure) [PSYoungGen: 33565K->10240K(52736K)] 197934K->174609K(511488K), 0.0012462 secs] [Times: user=0.00 sys=0.00, real=0.00 secs] 
187.328: [GC (Allocation Failure) [PSYoungGen: 48925K->10240K(52736K)] 387375K->353809K(511488K), 0.0012592 secs] [Times: user=0.00 sys=0.00, real=0.00 secs] 
188.638: [GC (Allocation Failure) [PSYoungGen: 46878K->0K(52736K)] 462127K->415249K(511488K), 0.0006681 secs] [Times: user=0.00 sys=0.00, real=0.00 secs] 
189.184: [GC (Allocation Failure) [PSYoungGen: 31518K->10240K(52736K)] 446767K->430609K(511488K), 0.0016614 secs] [Times: user=0.00 sys=0.00, real=0.00 secs] 
189.401: [GC (Allocation Failure) [PSYoungGen: 41751K->0K(52736K)] 462120K->440849K(511488K), 0.0019929 secs] [Times: user=0.00 sys=0.00, real=0.00 secs] 
189.403: [Full GC (Ergonomics) [PSYoungGen: 0K->0K(52736K)] [ParOldGen: 440849K->26129K(458752K)] 440849K->26129K(511488K), [Metaspace: 2796K->2796K(1056768K)], 0.0034660 secs] [Times: user=0.00 sys=0.00, real=0.00 secs] 
190.493: [GC (Allocation Failure) [PSYoungGen: 33555K->10240K(52736K)] 213284K->189969K(511488K), 0.0010344 secs] [Times: user=0.00 sys=0.00, real=0.00 secs] 
191.584: [GC (Allocation Failure) [PSYoungGen: 48919K->11296K(52736K)] 402728K->365105K(511488K), 0.0013628 secs] [Times: user=0.00 sys=0.00, real=0.00 secs] 
193.112: [GC (Allocation Failure) [PSYoungGen: 49977K->6176K(52736K)] 403787K->359985K(511488K), 0.0008638 secs] [Times: user=0.00 sys=0.00, real=0.00 secs] 
193.767: [GC (Allocation Failure) [PSYoungGen: 37685K->11296K(52736K)] 463175K->436785K(511488K), 0.0014781 secs] [Times: user=0.00 sys=0.00, real=0.00 secs] 
193.769: [GC (Allocation Failure) [PSYoungGen: 11296K->11296K(52736K)] 436785K->436785K(511488K), 0.0013615 secs] [Times: user=0.00 sys=0.00, real=0.00 secs] 
193.770: [Full GC (Allocation Failure) [PSYoungGen: 11296K->0K(52736K)] [ParOldGen: 425489K->62993K(458752K)] 436785K->62993K(511488K), [Metaspace: 2796K->2796K(1056768K)], 0.0055411 secs] [Times: user=0.00 sys=0.00, real=0.00 secs] 
194.766: [GC (Allocation Failure) [PSYoungGen: 33561K->10304K(52736K)] 198954K->175697K(511488K), 0.0010121 secs] [Times: user=0.00 sys=0.00, real=0.00 secs] 
196.296: [GC (Allocation Failure) [PSYoungGen: 43867K->5152K(52736K)] 383340K->344625K(511488K), 0.0008951 secs] [Times: user=0.00 sys=0.00, real=0.00 secs] 
196.620: [GC (Allocation Failure) [PSYoungGen: 36668K->32K(52736K)] 427341K->411185K(511488K), 0.0019225 secs] [Times: user=0.00 sys=0.00, real=0.00 secs] 
196.622: [GC (Allocation Failure) [PSYoungGen: 32K->32K(52736K)] 411185K->411185K(511488K), 0.0006103 secs] [Times: user=0.00 sys=0.00, real=0.00 secs] 
196.622: [Full GC (Allocation Failure) [PSYoungGen: 32K->0K(52736K)] [ParOldGen: 411153K->72209K(458752K)] 411185K->72209K(511488K), [Metaspace: 2796K->2796K(1056768K)], 0.0061252 secs] [Times: user=0.00 sys=0.00, real=0.01 secs] 
197.617: [GC (Allocation Failure) [PSYoungGen: 33565K->10240K(52736K)] 208175K->184849K(511488K), 0.0010766 secs] [Times: user=0.00 sys=0.00, real=0.00 secs] 
198.710: [GC (Allocation Failure) [PSYoungGen: 48925K->10240K(52736K)] 397615K->358929K(511488K), 0.0010479 secs] [Times: user=0.00 sys=0.00, real=0.00 secs] 
199.473: [GC (Allocation Failure) [PSYoungGen: 46878K->10240K(52736K)] 467247K->430609K(511488K), 0.0011124 secs] [Times: user=0.00 sys=0.00, real=0.00 secs] 
199.474: [GC (Allocation Failure) [PSYoungGen: 10240K->10240K(52736K)] 430609K->430609K(511488K), 0.0009138 secs] [Times: user=0.00 sys=0.00, real=0.00 secs] 
199.475: [Full GC (Allocation Failure) [PSYoungGen: 10240K->0K(52736K)] [ParOldGen: 420369K->133649K(458752K)] 430609K->133649K(511488K), [Metaspace: 2796K->2796K(1056768K)], 0.0097691 secs] [Times: user=0.00 sys=0.00, real=0.01 secs] 
201.231: [GC (Allocation Failure) [PSYoungGen: 38686K->7168K(52736K)] 448816K->417297K(511488K), 0.0011004 secs] [Times: user=0.00 sys=0.00, real=0.00 secs] 
201.885: [GC (Allocation Failure) [PSYoungGen: 38686K->11264K(52736K)] 448816K->426513K(511488K), 0.0014140 secs] [Times: user=0.00 sys=0.00, real=0.00 secs] 
202.212: [Full GC (Ergonomics) [PSYoungGen: 32535K->0K(52736K)] [ParOldGen: 435729K->32273K(458752K)] 468265K->32273K(511488K), [Metaspace: 2796K->2796K(1056768K)], 0.0042335 secs] [Times: user=0.00 sys=0.00, real=0.00 secs] 
203.302: [GC (Allocation Failure) [PSYoungGen: 33562K->6144K(52736K)] 219435K->192017K(511488K), 0.0007671 secs] [Times: user=0.00 sys=0.00, real=0.00 secs] 
204.615: [GC (Allocation Failure) [PSYoungGen: 43803K->10240K(52736K)] 229677K->196113K(511488K), 0.0012059 secs] [Times: user=0.00 sys=0.00, real=0.00 secs] 
205.707: [GC (Allocation Failure) [PSYoungGen: 48919K->10240K(52736K)] 408872K->385553K(511488K), 0.0020651 secs] [Times: user=0.00 sys=0.00, real=0.00 secs] 
206.255: [GC (Allocation Failure) [PSYoungGen: 41753K->10240K(52736K)] 417067K->395793K(511488K), 0.0017549 secs] [Times: user=0.00 sys=0.00, real=0.00 secs] 
206.584: [Full GC (Ergonomics) [PSYoungGen: 41748K->0K(52736K)] [ParOldGen: 436753K->92689K(458752K)] 478502K->92689K(511488K), [Metaspace: 2796K->2796K(1056768K)], 0.0075924 secs] [Times: user=0.00 sys=0.00, real=0.01 secs] 
208.238: [GC (Allocation Failure) [PSYoungGen: 39704K->1024K(52736K)] 388393K->349713K(511488K), 0.0007991 secs] [Times: user=0.00 sys=0.00, real=0.00 secs] 
209.002: [GC (Allocation Failure) [PSYoungGen: 33562K->10240K(52736K)] 382252K->358929K(511488K), 0.0012367 secs] [Times: user=0.00 sys=0.00, real=0.00 secs] 
209.435: [GC (Allocation Failure) [PSYoungGen: 31509K->5120K(52736K)] 451879K->425489K(511488K), 0.0009948 secs] [Times: user=0.00 sys=0.00, real=0.00 secs] 
209.436: [GC (Allocation Failure) [PSYoungGen: 5120K->5120K(52736K)] 425489K->425489K(511488K), 0.0008630 secs] [Times: user=0.00 sys=0.00, real=0.00 secs] 
209.436: [Full GC (Allocation Failure) [PSYoungGen: 5120K->0K(52736K)] [ParOldGen: 420369K->108049K(458752K)] 425489K->108049K(511488K), [Metaspace: 2796K->2796K(1056768K)], 0.0093741 secs] [Times: user=0.02 sys=0.00, real=0.01 secs] 
210.433: [GC (Allocation Failure) [PSYoungGen: 33560K->10240K(52736K)] 244010K->220689K(511488K), 0.0013523 secs] [Times: user=0.00 sys=0.00, real=0.00 secs] 
211.845: [GC (Allocation Failure) [PSYoungGen: 42778K->10240K(52736K)] 427308K->394769K(511488K), 0.0010679 secs] [Times: user=0.00 sys=0.00, real=0.00 secs] 
212.280: [Full GC (Ergonomics) [PSYoungGen: 31516K->0K(52736K)] [ParOldGen: 456209K->56849K(458752K)] 487726K->56849K(511488K), [Metaspace: 2796K->2796K(1056768K)], 0.0054935 secs] [Times: user=0.00 sys=0.00, real=0.00 secs] 
213.279: [GC (Allocation Failure) [PSYoungGen: 33565K->6144K(52736K)] 192814K->165393K(511488K), 0.0009447 secs] [Times: user=0.00 sys=0.00, real=0.00 secs] 
214.373: [GC (Allocation Failure) [PSYoungGen: 44829K->11264K(52736K)] 378159K->354833K(511488K), 0.0018960 secs] [Times: user=0.00 sys=0.00, real=0.00 secs] 
215.467: [GC (Allocation Failure) [PSYoungGen: 47902K->10240K(52736K)] 391471K->353809K(511488K), 0.0013089 secs] [Times: user=0.00 sys=0.00, real=0.00 secs] 
216.121: [GC (Allocation Failure) [PSYoungGen: 41752K->10240K(52736K)] 385322K->353809K(511488K), 0.0009175 secs] [Times: user=0.00 sys=0.00, real=0.00 secs] 
216.557: [GC (Allocation Failure) [PSYoungGen: 31507K->5120K(52736K)] 446757K->420369K(511488K), 0.0010081 secs] [Times: user=0.00 sys=0.00, real=0.00 secs] 
216.558: [GC (Allocation Failure) [PSYoungGen: 5120K->5120K(52736K)] 420369K->420369K(511488K), 0.0007061 secs] [Times: user=0.00 sys=0.00, real=0.00 secs] 
216.559: [Full GC (Allocation Failure) [PSYoungGen: 5120K->0K(52736K)] [ParOldGen: 415249K->77329K(458752K)] 420369K->77329K(511488K), [Metaspace: 2796K->2796K(1056768K)], 0.0061720 secs] [Times: user=0.00 sys=0.00, real=0.01 secs] 
217.556: [GC (Allocation Failure) [PSYoungGen: 33559K->10240K(52736K)] 213289K->189969K(511488K), 0.0010578 secs] [Times: user=0.00 sys=0.00, real=0.00 secs] 
218.646: [GC (Allocation Failure) [PSYoungGen: 48922K->10240K(52736K)] 402731K->364049K(511488K), 0.0013121 secs] [Times: user=0.00 sys=0.00, real=0.00 secs] 
Heap
 PSYoungGen      total 52736K, used 16954K [0x00000000fc000000, 0x0000000100000000, 0x0000000100000000)
  eden space 39936K, 16% used [0x00000000fc000000,0x00000000fc68eaf0,0x00000000fe700000)
  from space 12800K, 80% used [0x00000000fe700000,0x00000000ff100020,0x00000000ff380000)
  to   space 12800K, 0% used [0x00000000ff380000,0x00000000ff380000,0x0000000100000000)
 ParOldGen       total 458752K, used 353809K [0x00000000e0000000, 0x00000000fc000000, 0x00000000fc000000)
  object space 458752K, 77% used [0x00000000e0000000,0x00000000f5984750,0x00000000fc000000)
 Metaspace       used 2804K, capacity 4486K, committed 4864K, reserved 1056768K
  class space    used 297K, capacity 386K, committed 512K, reserved 1048576K
