Java HotSpot(TM) 64-Bit Server VM (25.411-b09) for windows-amd64 JRE (1.8.0_411-b09), built on Mar 13 2024 07:26:13 by "java_re" with MS VC++ 17.1 (VS2022)
Memory: 4k page, physical 33403376k(15295952k free), swap 38794768k(7062876k free)
CommandLine flags: -XX:InitialHeapSize=1073741824 -XX:MaxHeapSize=1073741824 -XX:NewRatio=7 -XX:ParallelGCThreads=6 -XX:+PrintGC -XX:+PrintGCDetails -XX:+PrintGCTimeStamps -XX:SurvivorRatio=9 -XX:-UseAdaptiveSizePolicy -XX:+UseCompressedClassPointers -XX:+UseCompressedOops -XX:-UseLargePagesIndividualAllocation -XX:+UseParallelGC 
1.251: [GC (Allocation Failure) [PSYoungGen: 77004K->5832K(119296K)] 77004K->26320K(1036800K), 0.0153608 secs] [Times: user=0.00 sys=0.00, real=0.02 secs] 
2.609: [GC (Allocation Failure) [PSYoungGen: 110322K->11768K(119296K)] 233210K->145040K(1036800K), 0.0042998 secs] [Times: user=0.00 sys=0.00, real=0.00 secs] 
3.844: [GC (Allocation Failure) [PSYoungGen: 116279K->7728K(119296K)] 351951K->243400K(1036800K), 0.0012477 secs] [Times: user=0.00 sys=0.00, real=0.00 secs] 
5.584: [GC (Allocation Failure) [PSYoungGen: 91773K->10728K(119296K)] 327445K->272000K(1036800K), 0.0153180 secs] [Times: user=0.02 sys=0.00, real=0.02 secs] 
6.946: [GC (Allocation Failure) [PSYoungGen: 115261K->5648K(119296K)] 478933K->389800K(1036800K), 0.0047793 secs] [Times: user=0.00 sys=0.00, real=0.00 secs] 
8.390: [GC (Allocation Failure) [PSYoungGen: 95902K->5576K(119296K)] 582454K->492136K(1036800K), 0.0011703 secs] [Times: user=0.00 sys=0.00, real=0.00 secs] 
9.620: [GC (Allocation Failure) [PSYoungGen: 110119K->10728K(119296K)] 699079K->650896K(1036800K), 0.0167573 secs] [Times: user=0.02 sys=0.00, real=0.02 secs] 
10.650: [GC (Allocation Failure) [PSYoungGen: 115273K->10712K(119296K)] 857842K->753280K(1036800K), 0.0015866 secs] [Times: user=0.00 sys=0.00, real=0.00 secs] 
11.412: [GC (Allocation Failure) [PSYoungGen: 74299K->10696K(119296K)] 816867K->773744K(1036800K), 0.0154257 secs] [Times: user=0.01 sys=0.00, real=0.02 secs] 
12.874: [Full GC (Ergonomics) [PSYoungGen: 115942K->0K(119296K)] [ParOldGen: 865448K->26639K(917504K)] 981390K->26639K(1036800K), [Metaspace: 2763K->2763K(1056768K)], 0.0139582 secs] [Times: user=0.00 sys=0.02, real=0.01 secs] 
14.200: [GC (Allocation Failure) [PSYoungGen: 104548K->11264K(119296K)] 233588K->150543K(1036800K), 0.0017636 secs] [Times: user=0.00 sys=0.00, real=0.00 secs] 
15.401: [GC (Allocation Failure) [PSYoungGen: 115813K->11264K(119296K)] 357493K->252943K(1036800K), 0.0010074 secs] [Times: user=0.00 sys=0.00, real=0.00 secs] 
17.149: [GC (Allocation Failure) [PSYoungGen: 105573K->5120K(119296K)] 347253K->287759K(1036800K), 0.0027583 secs] [Times: user=0.00 sys=0.00, real=0.00 secs] 
18.461: [GC (Allocation Failure) [PSYoungGen: 109669K->10240K(119296K)] 494709K->405520K(1036800K), 0.0017264 secs] [Times: user=0.00 sys=0.00, real=0.00 secs] 
19.988: [GC (Allocation Failure) [PSYoungGen: 104549K->5120K(119296K)] 602229K->502800K(1036800K), 0.0008749 secs] [Times: user=0.00 sys=0.00, real=0.00 secs] 
21.292: [GC (Allocation Failure) [PSYoungGen: 109670K->5120K(119296K)] 709750K->615440K(1036800K), 0.0017441 secs] [Times: user=0.00 sys=0.00, real=0.00 secs] 
22.493: [GC (Allocation Failure) [PSYoungGen: 109670K->11264K(119296K)] 822390K->729104K(1036800K), 0.0014719 secs] [Times: user=0.00 sys=0.00, real=0.00 secs] 
23.914: [GC (Allocation Failure) [PSYoungGen: 110694K->5120K(119296K)] 930934K->825360K(1036800K), 0.0013257 secs] [Times: user=0.00 sys=0.00, real=0.00 secs] 
24.350: [GC (Allocation Failure) [PSYoungGen: 99430K->10240K(119296K)] 919670K->881680K(1036800K), 0.0158903 secs] [Times: user=0.02 sys=0.00, real=0.02 secs] 
24.366: [Full GC (Ergonomics) [PSYoungGen: 10240K->0K(119296K)] [ParOldGen: 871440K->61969K(917504K)] 881680K->61969K(1036800K), [Metaspace: 2779K->2779K(1056768K)], 0.0066259 secs] [Times: user=0.01 sys=0.00, real=0.01 secs] 
24.707: [GC (Allocation Failure) [PSYoungGen: 104549K->1024K(119296K)] 166518K->62993K(1036800K), 0.0005035 secs] [Times: user=0.00 sys=0.00, real=0.00 secs] 
25.689: [GC (Allocation Failure) [PSYoungGen: 74838K->5120K(119296K)] 136807K->97809K(1036800K), 0.0028388 secs] [Times: user=0.00 sys=0.00, real=0.00 secs] 
26.997: [GC (Allocation Failure) [PSYoungGen: 109659K->10240K(119296K)] 304748K->215569K(1036800K), 0.0017021 secs] [Times: user=0.00 sys=0.00, real=0.00 secs] 
28.526: [GC (Allocation Failure) [PSYoungGen: 99877K->5184K(119296K)] 305206K->231001K(1036800K), 0.0024072 secs] [Times: user=0.00 sys=0.00, real=0.00 secs] 
29.837: [GC (Allocation Failure) [PSYoungGen: 109725K->10304K(119296K)] 437942K->399969K(1036800K), 0.0055157 secs] [Times: user=0.00 sys=0.00, real=0.01 secs] 
31.911: [GC (Allocation Failure) [PSYoungGen: 116896K->6176K(119296K)] 711361K->600641K(1036800K), 0.0012506 secs] [Times: user=0.00 sys=0.00, real=0.00 secs] 
32.783: [GC (Allocation Failure) [PSYoungGen: 74882K->6176K(119296K)] 669347K->621121K(1036800K), 0.0022545 secs] [Times: user=0.00 sys=0.00, real=0.00 secs] 
34.091: [GC (Allocation Failure) [PSYoungGen: 110723K->11328K(119296K)] 828068K->745057K(1036800K), 0.0026917 secs] [Times: user=0.00 sys=0.00, real=0.00 secs] 
35.509: [GC (Allocation Failure) [PSYoungGen: 110756K->10272K(119296K)] 946885K->856641K(1036800K), 0.0018034 secs] [Times: user=0.00 sys=0.00, real=0.00 secs] 
35.728: [GC (Allocation Failure) [PSYoungGen: 84100K->64K(119296K)] 930470K->897633K(1036800K), 0.0152967 secs] [Times: user=0.00 sys=0.00, real=0.02 secs] 
35.743: [Full GC (Ergonomics) [PSYoungGen: 64K->0K(119296K)] [ParOldGen: 897569K->61969K(917504K)] 897633K->61969K(1036800K), [Metaspace: 2793K->2793K(1056768K)], 0.0063944 secs] [Times: user=0.00 sys=0.00, real=0.01 secs] 
36.085: [GC (Allocation Failure) [PSYoungGen: 104548K->1024K(119296K)] 166517K->62993K(1036800K), 0.0003589 secs] [Times: user=0.00 sys=0.00, real=0.00 secs] 
37.064: [GC (Allocation Failure) [PSYoungGen: 74837K->5120K(119296K)] 136807K->108049K(1036800K), 0.0026139 secs] [Times: user=0.00 sys=0.00, real=0.00 secs] 
38.370: [GC (Allocation Failure) [PSYoungGen: 109658K->10240K(119296K)] 314988K->225809K(1036800K), 0.0017778 secs] [Times: user=0.00 sys=0.00, real=0.00 secs] 
39.673: [GC (Allocation Failure) [PSYoungGen: 114782K->5120K(119296K)] 330352K->230929K(1036800K), 0.0015198 secs] [Times: user=0.00 sys=0.00, real=0.00 secs] 
40.765: [GC (Allocation Failure) [PSYoungGen: 109664K->10240K(119296K)] 437874K->338449K(1036800K), 0.0010782 secs] [Times: user=0.00 sys=0.00, real=0.00 secs] 
41.748: [GC (Allocation Failure) [PSYoungGen: 114786K->11264K(119296K)] 545396K->442897K(1036800K), 0.0012076 secs] [Times: user=0.00 sys=0.00, real=0.00 secs] 
44.148: [GC (Allocation Failure) [PSYoungGen: 115812K->11264K(119296K)] 547445K->463377K(1036800K), 0.0027742 secs] [Times: user=0.02 sys=0.00, real=0.00 secs] 
45.457: [GC (Allocation Failure) [PSYoungGen: 115812K->11264K(119296K)] 670325K->591377K(1036800K), 0.0029456 secs] [Times: user=0.00 sys=0.00, real=0.00 secs] 
46.877: [GC (Allocation Failure) [PSYoungGen: 105573K->10240K(119296K)] 788086K->692753K(1036800K), 0.0015620 secs] [Times: user=0.00 sys=0.00, real=0.00 secs] 
48.079: [GC (Allocation Failure) [PSYoungGen: 114789K->10240K(119296K)] 899703K->815633K(1036800K), 0.0029325 secs] [Times: user=0.00 sys=0.00, real=0.00 secs] 
49.060: [Full GC (Ergonomics) [PSYoungGen: 114789K->0K(119296K)] [ParOldGen: 907793K->82449K(917504K)] 1022583K->82449K(1036800K), [Metaspace: 2795K->2795K(1056768K)], 0.0078277 secs] [Times: user=0.00 sys=0.00, real=0.01 secs] 
49.823: [GC (Allocation Failure) [PSYoungGen: 63590K->5120K(119296K)] 146039K->108049K(1036800K), 0.0022787 secs] [Times: user=0.00 sys=0.00, real=0.00 secs] 
51.133: [GC (Allocation Failure) [PSYoungGen: 94309K->10240K(119296K)] 299638K->220689K(1036800K), 0.0014201 secs] [Times: user=0.00 sys=0.00, real=0.00 secs] 
52.334: [GC (Allocation Failure) [PSYoungGen: 114789K->11264K(119296K)] 427639K->324113K(1036800K), 0.0008884 secs] [Times: user=0.00 sys=0.00, real=0.00 secs] 
53.317: [GC (Allocation Failure) [PSYoungGen: 115813K->11264K(119296K)] 531063K->427537K(1036800K), 0.0016272 secs] [Times: user=0.00 sys=0.00, real=0.00 secs] 
55.501: [GC (Allocation Failure) [PSYoungGen: 115814K->5120K(119296K)] 532087K->452113K(1036800K), 0.0026402 secs] [Times: user=0.00 sys=0.00, real=0.00 secs] 
56.810: [GC (Allocation Failure) [PSYoungGen: 109669K->10240K(119296K)] 659063K->569873K(1036800K), 0.0017518 secs] [Times: user=0.00 sys=0.00, real=0.00 secs] 
58.229: [GC (Allocation Failure) [PSYoungGen: 99429K->5120K(119296K)] 761463K->667153K(1036800K), 0.0015140 secs] [Times: user=0.00 sys=0.00, real=0.00 secs] 
59.430: [GC (Allocation Failure) [PSYoungGen: 109670K->10240K(119296K)] 874103K->825873K(1036800K), 0.0051054 secs] [Times: user=0.00 sys=0.00, real=0.01 secs] 
59.865: [GC (Allocation Failure) [PSYoungGen: 104550K->5120K(119296K)] 920183K->871953K(1036800K), 0.0047321 secs] [Times: user=0.02 sys=0.00, real=0.00 secs] 
59.870: [Full GC (Ergonomics) [PSYoungGen: 5120K->0K(119296K)] [ParOldGen: 866833K->108049K(917504K)] 871953K->108049K(1036800K), [Metaspace: 2796K->2796K(1056768K)], 0.0088106 secs] [Times: user=0.00 sys=0.00, real=0.01 secs] 
60.208: [GC (Allocation Failure) [PSYoungGen: 104549K->1024K(119296K)] 212598K->211473K(1036800K), 0.0153291 secs] [Times: user=0.02 sys=0.00, real=0.02 secs] 
61.205: [GC (Allocation Failure) [PSYoungGen: 74838K->5120K(119296K)] 285287K->236049K(1036800K), 0.0023168 secs] [Times: user=0.00 sys=0.00, real=0.00 secs] 
62.625: [GC (Allocation Failure) [PSYoungGen: 109659K->5120K(119296K)] 442988K->358929K(1036800K), 0.0022109 secs] [Times: user=0.00 sys=0.00, real=0.00 secs] 
63.938: [GC (Allocation Failure) [PSYoungGen: 109663K->6144K(119296K)] 565872K->482833K(1036800K), 0.0020525 secs] [Times: user=0.00 sys=0.00, real=0.00 secs] 
65.137: [GC (Allocation Failure) [PSYoungGen: 110689K->11264K(119296K)] 689779K->595473K(1036800K), 0.0016604 secs] [Times: user=0.00 sys=0.00, real=0.00 secs] 
66.882: [GC (Allocation Failure) [PSYoungGen: 105571K->5120K(119296K)] 689781K->630289K(1036800K), 0.0032210 secs] [Times: user=0.03 sys=0.00, real=0.00 secs] 
68.192: [GC (Allocation Failure) [PSYoungGen: 109667K->10240K(119296K)] 837237K->748049K(1036800K), 0.0019936 secs] [Times: user=0.00 sys=0.00, real=0.00 secs] 
69.718: [Full GC (Ergonomics) [PSYoungGen: 104548K->0K(119296K)] [ParOldGen: 840209K->6144K(917504K)] 944758K->6144K(1036800K), [Metaspace: 2796K->2796K(1056768K)], 0.0028381 secs] [Times: user=0.00 sys=0.00, real=0.00 secs] 
71.027: [GC (Allocation Failure) [PSYoungGen: 104549K->5120K(119296K)] 213093K->123904K(1036800K), 0.0014295 secs] [Times: user=0.00 sys=0.00, real=0.00 secs] 
72.226: [GC (Allocation Failure) [PSYoungGen: 109669K->11264K(119296K)] 330853K->237568K(1036800K), 0.0012619 secs] [Times: user=0.00 sys=0.00, real=0.00 secs] 
73.642: [GC (Allocation Failure) [PSYoungGen: 110694K->5120K(119296K)] 439398K->333824K(1036800K), 0.0009071 secs] [Times: user=0.00 sys=0.00, real=0.00 secs] 
74.628: [GC (Allocation Failure) [PSYoungGen: 109670K->10240K(119296K)] 540774K->451584K(1036800K), 0.0021180 secs] [Times: user=0.00 sys=0.00, real=0.00 secs] 
75.393: [GC (Allocation Failure) [PSYoungGen: 73830K->5120K(119296K)] 515174K->477184K(1036800K), 0.0029293 secs] [Times: user=0.00 sys=0.00, real=0.00 secs] 
76.703: [GC (Allocation Failure) [PSYoungGen: 109669K->10240K(119296K)] 684133K->594944K(1036800K), 0.0019750 secs] [Times: user=0.00 sys=0.00, real=0.00 secs] 
78.229: [GC (Allocation Failure) [PSYoungGen: 99429K->5120K(119296K)] 684133K->610304K(1036800K), 0.0026008 secs] [Times: user=0.00 sys=0.00, real=0.00 secs] 
79.537: [GC (Allocation Failure) [PSYoungGen: 109669K->10240K(119296K)] 817253K->779264K(1036800K), 0.0060128 secs] [Times: user=0.00 sys=0.00, real=0.01 secs] 
81.168: [Full GC (Ergonomics) [PSYoungGen: 109669K->0K(119296K)] [ParOldGen: 871424K->6144K(917504K)] 981093K->6144K(1036800K), [Metaspace: 2796K->2796K(1056768K)], 0.0034442 secs] [Times: user=0.00 sys=0.00, real=0.00 secs] 
81.497: [GC (Allocation Failure) [PSYoungGen: 104549K->2048K(119296K)] 110693K->8192K(1036800K), 0.0003988 secs] [Times: user=0.00 sys=0.00, real=0.00 secs] 
82.480: [GC (Allocation Failure) [PSYoungGen: 75877K->6144K(119296K)] 82021K->32768K(1036800K), 0.0024177 secs] [Times: user=0.00 sys=0.00, real=0.00 secs] 
83.787: [GC (Allocation Failure) [PSYoungGen: 110692K->11264K(119296K)] 239716K->156672K(1036800K), 0.0022931 secs] [Times: user=0.00 sys=0.00, real=0.00 secs] 
85.206: [GC (Allocation Failure) [PSYoungGen: 110693K->10240K(119296K)] 358501K->268288K(1036800K), 0.0015764 secs] [Times: user=0.00 sys=0.00, real=0.00 secs] 
86.408: [GC (Allocation Failure) [PSYoungGen: 114789K->10240K(119296K)] 475237K->380928K(1036800K), 0.0018729 secs] [Times: user=0.00 sys=0.00, real=0.00 secs] 
87.386: [GC (Allocation Failure) [PSYoungGen: 114790K->5120K(119296K)] 587878K->508928K(1036800K), 0.0030477 secs] [Times: user=0.00 sys=0.00, real=0.00 secs] 
88.151: [GC (Allocation Failure) [PSYoungGen: 68710K->5120K(119296K)] 572518K->529408K(1036800K), 0.0027439 secs] [Times: user=0.00 sys=0.00, real=0.00 secs] 
89.461: [GC (Allocation Failure) [PSYoungGen: 99429K->5120K(119296K)] 623717K->539648K(1036800K), 0.0019101 secs] [Times: user=0.00 sys=0.00, real=0.00 secs] 
90.661: [GC (Allocation Failure) [PSYoungGen: 109652K->10240K(119296K)] 746580K->652288K(1036800K), 0.0020835 secs] [Times: user=0.00 sys=0.00, real=0.00 secs] 
91.644: [GC (Allocation Failure) [PSYoungGen: 114778K->11264K(119296K)] 859227K->755712K(1036800K), 0.0018377 secs] [Times: user=0.00 sys=0.00, real=0.00 secs] 
93.825: [GC (Allocation Failure) [PSYoungGen: 105567K->11264K(119296K)] 850015K->776192K(1036800K), 0.0031390 secs] [Times: user=0.00 sys=0.00, real=0.00 secs] 
95.134: [Full GC (Ergonomics) [PSYoungGen: 115808K->0K(119296K)] [ParOldGen: 867328K->27648K(917504K)] 983137K->27648K(1036800K), [Metaspace: 2796K->2796K(1056768K)], 0.0041418 secs] [Times: user=0.00 sys=0.00, real=0.00 secs] 
96.549: [GC (Allocation Failure) [PSYoungGen: 94306K->10240K(119296K)] 224354K->140288K(1036800K), 0.0012737 secs] [Times: user=0.00 sys=0.00, real=0.00 secs] 
97.749: [GC (Allocation Failure) [PSYoungGen: 114788K->10240K(119296K)] 347236K->263168K(1036800K), 0.0025461 secs] [Times: user=0.00 sys=0.00, real=0.00 secs] 
98.730: [GC (Allocation Failure) [PSYoungGen: 114788K->10240K(119296K)] 470117K->416768K(1036800K), 0.0052213 secs] [Times: user=0.00 sys=0.00, real=0.00 secs] 
99.494: [GC (Allocation Failure) [PSYoungGen: 73829K->10240K(119296K)] 480357K->437248K(1036800K), 0.0029471 secs] [Times: user=0.00 sys=0.00, real=0.00 secs] 
100.803: [GC (Allocation Failure) [PSYoungGen: 99428K->5120K(119296K)] 628836K->544768K(1036800K), 0.0020908 secs] [Times: user=0.00 sys=0.00, real=0.00 secs] 
102.006: [GC (Allocation Failure) [PSYoungGen: 109669K->11264K(119296K)] 751717K->658432K(1036800K), 0.0019125 secs] [Times: user=0.00 sys=0.00, real=0.00 secs] 
102.989: [GC (Allocation Failure) [PSYoungGen: 115813K->11264K(119296K)] 865382K->761856K(1036800K), 0.0018042 secs] [Times: user=0.00 sys=0.00, real=0.00 secs] 
105.173: [GC (Allocation Failure) [PSYoungGen: 115814K->10240K(119296K)] 866406K->786432K(1036800K), 0.0032288 secs] [Times: user=0.00 sys=0.00, real=0.00 secs] 
106.482: [Full GC (Ergonomics) [PSYoungGen: 114789K->0K(119296K)] [ParOldGen: 878592K->31744K(917504K)] 993381K->31744K(1036800K), [Metaspace: 2796K->2796K(1056768K)], 0.0047433 secs] [Times: user=0.00 sys=0.00, real=0.00 secs] 
107.903: [GC (Allocation Failure) [PSYoungGen: 89189K->5120K(119296K)] 223333K->139264K(1036800K), 0.0008652 secs] [Times: user=0.00 sys=0.00, real=0.00 secs] 
109.102: [GC (Allocation Failure) [PSYoungGen: 109670K->10240K(119296K)] 346214K->297984K(1036800K), 0.0049276 secs] [Times: user=0.00 sys=0.00, real=0.01 secs] 
110.081: [GC (Allocation Failure) [PSYoungGen: 114790K->10240K(119296K)] 504934K->400384K(1036800K), 0.0012458 secs] [Times: user=0.00 sys=0.00, real=0.00 secs] 
110.848: [GC (Allocation Failure) [PSYoungGen: 73830K->10240K(119296K)] 463974K->420864K(1036800K), 0.0027135 secs] [Times: user=0.00 sys=0.00, real=0.00 secs] 
112.263: [GC (Allocation Failure) [PSYoungGen: 114789K->5120K(119296K)] 627813K->538624K(1036800K), 0.0023736 secs] [Times: user=0.00 sys=0.00, real=0.00 secs] 
113.574: [GC (Allocation Failure) [PSYoungGen: 109669K->11264K(119296K)] 745573K->662528K(1036800K), 0.0023763 secs] [Times: user=0.00 sys=0.00, real=0.00 secs] 
114.777: [GC (Allocation Failure) [PSYoungGen: 115814K->11264K(119296K)] 869478K->764928K(1036800K), 0.0031237 secs] [Times: user=0.00 sys=0.00, real=0.00 secs] 
116.525: [GC (Allocation Failure) [PSYoungGen: 105574K->5120K(119296K)] 859238K->799744K(1036800K), 0.0035029 secs] [Times: user=0.00 sys=0.00, real=0.00 secs] 
117.835: [Full GC (Ergonomics) [PSYoungGen: 109669K->0K(119296K)] [ParOldGen: 897024K->41489K(917504K)] 1006693K->41489K(1036800K), [Metaspace: 2796K->2796K(1056768K)], 0.0051971 secs] [Times: user=0.00 sys=0.00, real=0.00 secs] 
119.358: [GC (Allocation Failure) [PSYoungGen: 94309K->5120K(119296K)] 238199K->149009K(1036800K), 0.0007183 secs] [Times: user=0.00 sys=0.00, real=0.00 secs] 
120.664: [GC (Allocation Failure) [PSYoungGen: 109670K->10240K(119296K)] 355959K->261649K(1036800K), 0.0016459 secs] [Times: user=0.00 sys=0.00, real=0.00 secs] 
121.866: [GC (Allocation Failure) [PSYoungGen: 114790K->11264K(119296K)] 468599K->365073K(1036800K), 0.0011056 secs] [Times: user=0.00 sys=0.00, real=0.00 secs] 
123.283: [GC (Allocation Failure) [PSYoungGen: 110694K->5120K(119296K)] 566903K->461329K(1036800K), 0.0011183 secs] [Times: user=0.00 sys=0.00, real=0.00 secs] 
124.260: [GC (Allocation Failure) [PSYoungGen: 109670K->10240K(119296K)] 668279K->579089K(1036800K), 0.0018045 secs] [Times: user=0.00 sys=0.00, real=0.00 secs] 
125.024: [GC (Allocation Failure) [PSYoungGen: 73830K->10240K(119296K)] 642679K->609809K(1036800K), 0.0033422 secs] [Times: user=0.00 sys=0.00, real=0.00 secs] 
126.333: [GC (Allocation Failure) [PSYoungGen: 114789K->10240K(119296K)] 816758K->727569K(1036800K), 0.0021758 secs] [Times: user=0.00 sys=0.00, real=0.00 secs] 
127.862: [GC (Allocation Failure) [PSYoungGen: 99429K->5120K(119296K)] 816759K->742929K(1036800K), 0.0024463 secs] [Times: user=0.00 sys=0.00, real=0.00 secs] 
129.173: [GC (Allocation Failure) [PSYoungGen: 109669K->10240K(119296K)] 949878K->911889K(1036800K), 0.0057359 secs] [Times: user=0.00 sys=0.00, real=0.01 secs] 
129.179: [Full GC (Ergonomics) [PSYoungGen: 10240K->0K(119296K)] [ParOldGen: 901649K->72209K(917504K)] 911889K->72209K(1036800K), [Metaspace: 2796K->2796K(1056768K)], 0.0070741 secs] [Times: user=0.02 sys=0.00, real=0.01 secs] 
131.263: [GC (Allocation Failure) [PSYoungGen: 106597K->6144K(119296K)] 383607K->283153K(1036800K), 0.0011499 secs] [Times: user=0.00 sys=0.00, real=0.00 secs] 
132.137: [GC (Allocation Failure) [PSYoungGen: 74853K->6144K(119296K)] 351863K->303633K(1036800K), 0.0022915 secs] [Times: user=0.00 sys=0.00, real=0.00 secs] 
133.448: [GC (Allocation Failure) [PSYoungGen: 110693K->11264K(119296K)] 510582K->427537K(1036800K), 0.0021110 secs] [Times: user=0.00 sys=0.00, real=0.00 secs] 
134.868: [GC (Allocation Failure) [PSYoungGen: 110693K->10240K(119296K)] 629367K->539153K(1036800K), 0.0015466 secs] [Times: user=0.00 sys=0.00, real=0.00 secs] 
136.066: [GC (Allocation Failure) [PSYoungGen: 114789K->10240K(119296K)] 746103K->641553K(1036800K), 0.0013759 secs] [Times: user=0.00 sys=0.00, real=0.00 secs] 
137.049: [GC (Allocation Failure) [PSYoungGen: 114790K->10240K(119296K)] 848503K->764433K(1036800K), 0.0025574 secs] [Times: user=0.00 sys=0.00, real=0.00 secs] 
137.814: [GC (Allocation Failure) [PSYoungGen: 73830K->10240K(119296K)] 828023K->784913K(1036800K), 0.0026036 secs] [Times: user=0.00 sys=0.00, real=0.00 secs] 
139.121: [GC (Allocation Failure) [PSYoungGen: 104549K->5120K(119296K)] 879222K->790033K(1036800K), 0.0019842 secs] [Times: user=0.00 sys=0.00, real=0.00 secs] 
140.319: [Full GC (Ergonomics) [PSYoungGen: 109652K->0K(119296K)] [ParOldGen: 887313K->118289K(917504K)] 996966K->118289K(1036800K), [Metaspace: 2796K->2796K(1056768K)], 0.0101373 secs] [Times: user=0.00 sys=0.00, real=0.01 secs] 
141.317: [GC (Allocation Failure) [PSYoungGen: 104538K->6144K(119296K)] 325228K->226833K(1036800K), 0.0008255 secs] [Times: user=0.00 sys=0.00, real=0.00 secs] 
143.497: [GC (Allocation Failure) [PSYoungGen: 100447K->11264K(119296K)] 321136K->252433K(1036800K), 0.0028392 secs] [Times: user=0.00 sys=0.00, real=0.00 secs] 
144.807: [GC (Allocation Failure) [PSYoungGen: 115808K->11264K(119296K)] 459378K->380433K(1036800K), 0.0025006 secs] [Times: user=0.00 sys=0.00, real=0.00 secs] 
146.224: [GC (Allocation Failure) [PSYoungGen: 105570K->10240K(119296K)] 577140K->481809K(1036800K), 0.0013902 secs] [Times: user=0.00 sys=0.00, real=0.00 secs] 
147.419: [GC (Allocation Failure) [PSYoungGen: 114788K->10240K(119296K)] 688757K->604689K(1036800K), 0.0026104 secs] [Times: user=0.00 sys=0.00, real=0.00 secs] 
148.402: [GC (Allocation Failure) [PSYoungGen: 114788K->10240K(119296K)] 811638K->758289K(1036800K), 0.0052276 secs] [Times: user=0.00 sys=0.00, real=0.00 secs] 
149.163: [GC (Allocation Failure) [PSYoungGen: 73829K->10240K(119296K)] 821879K->778769K(1036800K), 0.0027257 secs] [Times: user=0.02 sys=0.00, real=0.00 secs] 
150.469: [Full GC (Ergonomics) [PSYoungGen: 99428K->0K(119296K)] [ParOldGen: 870929K->16384K(917504K)] 970358K->16384K(1036800K), [Metaspace: 2796K->2796K(1056768K)], 0.0035054 secs] [Times: user=0.00 sys=0.00, real=0.00 secs] 
151.666: [GC (Allocation Failure) [PSYoungGen: 104549K->11264K(119296K)] 223333K->130048K(1036800K), 0.0010823 secs] [Times: user=0.00 sys=0.00, real=0.00 secs] 
152.650: [GC (Allocation Failure) [PSYoungGen: 115813K->7168K(119296K)] 336997K->233472K(1036800K), 0.0010758 secs] [Times: user=0.00 sys=0.00, real=0.00 secs] 
154.833: [GC (Allocation Failure) [PSYoungGen: 111718K->10240K(119296K)] 338022K->262144K(1036800K), 0.0028158 secs] [Times: user=0.00 sys=0.00, real=0.00 secs] 
156.142: [GC (Allocation Failure) [PSYoungGen: 114789K->10240K(119296K)] 469093K->379904K(1036800K), 0.0022738 secs] [Times: user=0.00 sys=0.00, real=0.00 secs] 
157.560: [GC (Allocation Failure) [PSYoungGen: 99429K->5120K(119296K)] 571493K->477184K(1036800K), 0.0011604 secs] [Times: user=0.00 sys=0.00, real=0.00 secs] 
158.760: [GC (Allocation Failure) [PSYoungGen: 109670K->10240K(119296K)] 684134K->635904K(1036800K), 0.0051918 secs] [Times: user=0.00 sys=0.00, real=0.00 secs] 
159.740: [GC (Allocation Failure) [PSYoungGen: 114790K->10240K(119296K)] 842854K->738304K(1036800K), 0.0016973 secs] [Times: user=0.00 sys=0.00, real=0.00 secs] 
160.503: [GC (Allocation Failure) [PSYoungGen: 73830K->10240K(119296K)] 801894K->758784K(1036800K), 0.0034787 secs] [Times: user=0.00 sys=0.00, real=0.00 secs] 
161.922: [Full GC (Ergonomics) [PSYoungGen: 114789K->0K(119296K)] [ParOldGen: 850944K->26624K(917504K)] 965733K->26624K(1036800K), [Metaspace: 2796K->2796K(1056768K)], 0.0043456 secs] [Times: user=0.00 sys=0.00, real=0.01 secs] 
163.232: [GC (Allocation Failure) [PSYoungGen: 104549K->11264K(119296K)] 233573K->150528K(1036800K), 0.0019755 secs] [Times: user=0.00 sys=0.00, real=0.00 secs] 
164.434: [GC (Allocation Failure) [PSYoungGen: 115814K->11264K(119296K)] 357478K->263168K(1036800K), 0.0017733 secs] [Times: user=0.00 sys=0.00, real=0.00 secs] 
166.184: [GC (Allocation Failure) [PSYoungGen: 105574K->5120K(119296K)] 357478K->297984K(1036800K), 0.0028660 secs] [Times: user=0.00 sys=0.00, real=0.00 secs] 
167.492: [GC (Allocation Failure) [PSYoungGen: 109669K->10240K(119296K)] 504933K->415744K(1036800K), 0.0019132 secs] [Times: user=0.02 sys=0.00, real=0.00 secs] 
169.021: [GC (Allocation Failure) [PSYoungGen: 104549K->5120K(119296K)] 612454K->513024K(1036800K), 0.0016928 secs] [Times: user=0.00 sys=0.00, real=0.00 secs] 
170.331: [GC (Allocation Failure) [PSYoungGen: 109670K->5120K(119296K)] 719974K->625664K(1036800K), 0.0019341 secs] [Times: user=0.00 sys=0.00, real=0.00 secs] 
171.530: [GC (Allocation Failure) [PSYoungGen: 109670K->11264K(119296K)] 832614K->734208K(1036800K), 0.0019222 secs] [Times: user=0.00 sys=0.00, real=0.00 secs] 
172.944: [GC (Allocation Failure) [PSYoungGen: 110694K->5120K(119296K)] 936038K->830464K(1036800K), 0.0015079 secs] [Times: user=0.00 sys=0.00, real=0.00 secs] 
173.381: [GC (Allocation Failure) [PSYoungGen: 99430K->10240K(119296K)] 924774K->886784K(1036800K), 0.0055522 secs] [Times: user=0.02 sys=0.00, real=0.01 secs] 
173.386: [Full GC (Ergonomics) [PSYoungGen: 10240K->0K(119296K)] [ParOldGen: 876544K->61969K(917504K)] 886784K->61969K(1036800K), [Metaspace: 2796K->2796K(1056768K)], 0.0063205 secs] [Times: user=0.00 sys=0.00, real=0.01 secs] 
173.727: [GC (Allocation Failure) [PSYoungGen: 104549K->1024K(119296K)] 166518K->62993K(1036800K), 0.0004505 secs] [Times: user=0.00 sys=0.00, real=0.00 secs] 
174.709: [GC (Allocation Failure) [PSYoungGen: 74838K->5120K(119296K)] 136807K->97809K(1036800K), 0.0027356 secs] [Times: user=0.01 sys=0.00, real=0.00 secs] 
176.017: [GC (Allocation Failure) [PSYoungGen: 109659K->10240K(119296K)] 304748K->215569K(1036800K), 0.0017258 secs] [Times: user=0.00 sys=0.00, real=0.00 secs] 
177.543: [GC (Allocation Failure) [PSYoungGen: 99423K->5120K(119296K)] 304752K->230929K(1036800K), 0.0022480 secs] [Times: user=0.00 sys=0.00, real=0.00 secs] 
178.849: [GC (Allocation Failure) [PSYoungGen: 109665K->10240K(119296K)] 437874K->399889K(1036800K), 0.0055652 secs] [Times: user=0.00 sys=0.00, real=0.01 secs] 
180.917: [GC (Allocation Failure) [PSYoungGen: 116834K->6144K(119296K)] 711284K->600593K(1036800K), 0.0012078 secs] [Times: user=0.00 sys=0.00, real=0.00 secs] 
181.791: [GC (Allocation Failure) [PSYoungGen: 74852K->6144K(119296K)] 669301K->621073K(1036800K), 0.0028943 secs] [Times: user=0.00 sys=0.00, real=0.00 secs] 
183.100: [GC (Allocation Failure) [PSYoungGen: 110692K->7168K(119296K)] 828021K->744977K(1036800K), 0.0023455 secs] [Times: user=0.00 sys=0.00, real=0.00 secs] 
184.517: [GC (Allocation Failure) [PSYoungGen: 106596K->10240K(119296K)] 946806K->860689K(1036800K), 0.0016500 secs] [Times: user=0.00 sys=0.00, real=0.00 secs] 
184.518: [Full GC (Ergonomics) [PSYoungGen: 10240K->0K(119296K)] [ParOldGen: 850449K->10769K(917504K)] 860689K->10769K(1036800K), [Metaspace: 2796K->2796K(1056768K)], 0.0030883 secs] [Times: user=0.00 sys=0.00, real=0.00 secs] 
185.718: [GC (Allocation Failure) [PSYoungGen: 104549K->10240K(119296K)] 217718K->123409K(1036800K), 0.0010078 secs] [Times: user=0.00 sys=0.00, real=0.00 secs] 
186.702: [GC (Allocation Failure) [PSYoungGen: 114789K->10240K(119296K)] 330359K->246289K(1036800K), 0.0025809 secs] [Times: user=0.00 sys=0.00, real=0.00 secs] 
187.465: [GC (Allocation Failure) [PSYoungGen: 73830K->10240K(119296K)] 309879K->266769K(1036800K), 0.0025404 secs] [Times: user=0.00 sys=0.00, real=0.00 secs] 
188.772: [GC (Allocation Failure) [PSYoungGen: 104549K->5120K(119296K)] 361078K->271889K(1036800K), 0.0017875 secs] [Times: user=0.00 sys=0.00, real=0.00 secs] 
189.972: [GC (Allocation Failure) [PSYoungGen: 109652K->10240K(119296K)] 478821K->384529K(1036800K), 0.0014326 secs] [Times: user=0.00 sys=0.00, real=0.00 secs] 
190.956: [GC (Allocation Failure) [PSYoungGen: 114778K->11296K(119296K)] 591468K->487985K(1036800K), 0.0012181 secs] [Times: user=0.00 sys=0.00, real=0.00 secs] 
193.133: [GC (Allocation Failure) [PSYoungGen: 105599K->11296K(119296K)] 582288K->508465K(1036800K), 0.0026918 secs] [Times: user=0.00 sys=0.00, real=0.00 secs] 
194.442: [GC (Allocation Failure) [PSYoungGen: 115840K->11360K(119296K)] 715410K->636529K(1036800K), 0.0025825 secs] [Times: user=0.00 sys=0.00, real=0.00 secs] 
195.857: [GC (Allocation Failure) [PSYoungGen: 105666K->10272K(119296K)] 833236K->737841K(1036800K), 0.0014561 secs] [Times: user=0.00 sys=0.00, real=0.00 secs] 
197.058: [GC (Allocation Failure) [PSYoungGen: 114820K->10304K(119296K)] 944789K->860753K(1036800K), 0.0029313 secs] [Times: user=0.00 sys=0.00, real=0.00 secs] 
197.497: [GC (Allocation Failure) --[PSYoungGen: 104612K->104612K(119296K)] 955062K->1006262K(1036800K), 0.0049262 secs] [Times: user=0.00 sys=0.00, real=0.00 secs] 
197.502: [Full GC (Ergonomics) [PSYoungGen: 104612K->0K(119296K)] [ParOldGen: 901649K->77329K(917504K)] 1006262K->77329K(1036800K), [Metaspace: 2796K->2796K(1056768K)], 0.0072921 secs] [Times: user=0.00 sys=0.00, real=0.01 secs] 
197.838: [GC (Allocation Failure) [PSYoungGen: 104548K->1024K(119296K)] 181878K->78353K(1036800K), 0.0005834 secs] [Times: user=0.00 sys=0.00, real=0.00 secs] 
198.823: [GC (Allocation Failure) [PSYoungGen: 74837K->5120K(119296K)] 152167K->102929K(1036800K), 0.0020896 secs] [Times: user=0.00 sys=0.00, real=0.00 secs] 
200.127: [GC (Allocation Failure) [PSYoungGen: 94298K->10240K(119296K)] 294508K->215569K(1036800K), 0.0016119 secs] [Times: user=0.00 sys=0.00, real=0.00 secs] 
201.325: [GC (Allocation Failure) [PSYoungGen: 114782K->11264K(119296K)] 422512K->318993K(1036800K), 0.0011235 secs] [Times: user=0.00 sys=0.00, real=0.00 secs] 
202.307: [GC (Allocation Failure) [PSYoungGen: 115809K->7168K(119296K)] 525939K->422417K(1036800K), 0.0013655 secs] [Times: user=0.00 sys=0.00, real=0.00 secs] 
204.481: [GC (Allocation Failure) [PSYoungGen: 111715K->5120K(119296K)] 526965K->451089K(1036800K), 0.0028312 secs] [Times: user=0.00 sys=0.00, real=0.00 secs] 
205.792: [GC (Allocation Failure) [PSYoungGen: 109667K->10240K(119296K)] 658037K->568849K(1036800K), 0.0020933 secs] [Times: user=0.00 sys=0.00, real=0.00 secs] 
207.210: [GC (Allocation Failure) [PSYoungGen: 99428K->5120K(119296K)] 760438K->666129K(1036800K), 0.0010973 secs] [Times: user=0.00 sys=0.00, real=0.00 secs] 
208.410: [GC (Allocation Failure) [PSYoungGen: 109669K->10240K(119296K)] 873079K->824850K(1036800K), 0.0052090 secs] [Times: user=0.00 sys=0.00, real=0.00 secs] 
209.393: [Full GC (Ergonomics) [PSYoungGen: 114789K->0K(119296K)] [ParOldGen: 917009K->164369K(917504K)] 1031799K->164369K(1036800K), [Metaspace: 2796K->2796K(1056768K)], 0.0125810 secs] [Times: user=0.00 sys=0.00, real=0.01 secs] 
210.172: [GC (Allocation Failure) [PSYoungGen: 63590K->5120K(119296K)] 227959K->189969K(1036800K), 0.0023623 secs] [Times: user=0.00 sys=0.00, real=0.00 secs] 
211.590: [GC (Allocation Failure) [PSYoungGen: 109669K->5120K(119296K)] 396918K->312849K(1036800K), 0.0024734 secs] [Times: user=0.00 sys=0.00, real=0.00 secs] 
212.900: [GC (Allocation Failure) [PSYoungGen: 109669K->6144K(119296K)] 519799K->436753K(1036800K), 0.0022064 secs] [Times: user=0.00 sys=0.00, real=0.00 secs] 
214.101: [GC (Allocation Failure) [PSYoungGen: 110693K->11264K(119296K)] 643703K->549393K(1036800K), 0.0017173 secs] [Times: user=0.06 sys=0.00, real=0.00 secs] 
215.846: [GC (Allocation Failure) [PSYoungGen: 105574K->5120K(119296K)] 643704K->584209K(1036800K), 0.0029521 secs] [Times: user=0.00 sys=0.00, real=0.00 secs] 
217.155: [GC (Allocation Failure) [PSYoungGen: 109669K->10240K(119296K)] 791159K->701970K(1036800K), 0.0019072 secs] [Times: user=0.00 sys=0.00, real=0.00 secs] 
Heap
 PSYoungGen      total 119296K, used 106700K [0x00000000f8000000, 0x0000000100000000, 0x0000000100000000)
  eden space 107520K, 89% used [0x00000000f8000000,0x00000000fde33250,0x00000000fe900000)
  from space 11776K, 86% used [0x00000000ff480000,0x00000000ffe80010,0x0000000100000000)
  to   space 11776K, 0% used [0x00000000fe900000,0x00000000fe900000,0x00000000ff480000)
 ParOldGen       total 917504K, used 794130K [0x00000000c0000000, 0x00000000f8000000, 0x00000000f8000000)
  object space 917504K, 86% used [0x00000000c0000000,0x00000000f0784800,0x00000000f8000000)
 Metaspace       used 2804K, capacity 4486K, committed 4864K, reserved 1056768K
  class space    used 297K, capacity 386K, committed 512K, reserved 1048576K
