Java HotSpot(TM) 64-Bit Server VM (25.411-b09) for windows-amd64 JRE (1.8.0_411-b09), built on Mar 13 2024 07:26:13 by "java_re" with MS VC++ 17.1 (VS2022)
Memory: 4k page, physical 33403376k(14436684k free), swap 37153868k(7493444k free)
CommandLine flags: -XX:InitialHeapSize=536870912 -XX:MaxHeapSize=536870912 -XX:NewRatio=7 -XX:ParallelGCThreads=6 -XX:+PrintGC -XX:+PrintGCDetails -XX:+PrintGCTimeStamps -XX:SurvivorRatio=1 -XX:-UseAdaptiveSizePolicy -XX:+UseCompressedClassPointers -XX:+UseCompressedOops -XX:-UseLargePagesIndividualAllocation -XX:+UseParallelGC 
0.608: [GC (Allocation Failure) [PSYoungGen: 18767K->5840K(44032K)] 18767K->5848K(502784K), 0.0020871 secs] [Times: user=0.00 sys=0.00, real=0.00 secs] 
0.935: [GC (Allocation Failure) [PSYoungGen: 21639K->10896K(44032K)] 21647K->10904K(502784K), 0.0023516 secs] [Times: user=0.00 sys=0.00, real=0.00 secs] 
1.638: [GC (Allocation Failure) [PSYoungGen: 32841K->7832K(44032K)] 206930K->181920K(502784K), 0.0013443 secs] [Times: user=0.00 sys=0.00, real=0.00 secs] 
2.186: [GC (Allocation Failure) [PSYoungGen: 29781K->11896K(44032K)] 203869K->185984K(502784K), 0.0013707 secs] [Times: user=0.00 sys=0.00, real=0.00 secs] 
2.512: [GC (Allocation Failure) [PSYoungGen: 32819K->21136K(44032K)] 206907K->196248K(502784K), 0.0038264 secs] [Times: user=0.00 sys=0.00, real=0.00 secs] 
3.324: [GC (Allocation Failure) [PSYoungGen: 38987K->16952K(44032K)] 388179K->366144K(502784K), 0.0025957 secs] [Times: user=0.00 sys=0.00, real=0.00 secs] 
3.762: [GC (Allocation Failure) [PSYoungGen: 37877K->16984K(44032K)] 387069K->366176K(502784K), 0.0013744 secs] [Times: user=0.00 sys=0.00, real=0.00 secs] 
4.746: [GC (Allocation Failure) [PSYoungGen: 38932K->10840K(44032K)] 388124K->360032K(502784K), 0.0010329 secs] [Times: user=0.00 sys=0.00, real=0.00 secs] 
5.184: [GC (Allocation Failure) [PSYoungGen: 31763K->10896K(44032K)] 380955K->360088K(502784K), 0.0013384 secs] [Times: user=0.00 sys=0.00, real=0.00 secs] 
5.402: [GC (Allocation Failure) [PSYoungGen: 26698K->15928K(44032K)] 375890K->365120K(502784K), 0.0014717 secs] [Times: user=0.00 sys=0.00, real=0.00 secs] 
5.746: [GC (Allocation Failure) [PSYoungGen: 26609K->15976K(44032K)] 447481K->436848K(502784K), 0.0016481 secs] [Times: user=0.00 sys=0.00, real=0.00 secs] 
5.747: [GC (Allocation Failure) [PSYoungGen: 15976K->15984K(44032K)] 436848K->436856K(502784K), 0.0015018 secs] [Times: user=0.00 sys=0.00, real=0.00 secs] 
5.749: [Full GC (Allocation Failure) [PSYoungGen: 15984K->0K(44032K)] [ParOldGen: 420872K->67088K(458752K)] 436856K->67088K(502784K), [Metaspace: 2753K->2753K(1056768K)], 0.0103706 secs] [Times: user=0.02 sys=0.00, real=0.01 secs] 
6.414: [GC (Allocation Failure) [PSYoungGen: 17849K->10240K(44032K)] 187337K->179728K(502784K), 0.0011317 secs] [Times: user=0.00 sys=0.00, real=0.00 secs] 
6.740: [GC (Allocation Failure) [PSYoungGen: 26044K->10240K(44032K)] 195533K->179728K(502784K), 0.0011830 secs] [Times: user=0.00 sys=0.00, real=0.00 secs] 
7.396: [GC (Allocation Failure) [PSYoungGen: 32411K->6176K(44032K)] 375980K->349752K(502784K), 0.0012040 secs] [Times: user=0.00 sys=0.00, real=0.00 secs] 
8.596: [GC (Allocation Failure) [PSYoungGen: 23005K->32K(44032K)] 438262K->415288K(502784K), 0.0009818 secs] [Times: user=0.00 sys=0.00, real=0.00 secs] 
8.597: [GC (Allocation Failure) [PSYoungGen: 32K->32K(44032K)] 415288K->415288K(502784K), 0.0009287 secs] [Times: user=0.00 sys=0.00, real=0.00 secs] 
8.598: [Full GC (Allocation Failure) [PSYoungGen: 32K->0K(44032K)] [ParOldGen: 415256K->51728K(458752K)] 415288K->51728K(502784K), [Metaspace: 2759K->2759K(1056768K)], 0.0054015 secs] [Times: user=0.00 sys=0.00, real=0.00 secs] 
9.267: [GC (Allocation Failure) [PSYoungGen: 17855K->5120K(44032K)] 171984K->159248K(502784K), 0.0007636 secs] [Times: user=0.00 sys=0.00, real=0.00 secs] 
9.594: [GC (Allocation Failure) [PSYoungGen: 20928K->10240K(44032K)] 175057K->164368K(502784K), 0.0010416 secs] [Times: user=0.00 sys=0.00, real=0.00 secs] 
10.250: [GC (Allocation Failure) [PSYoungGen: 32188K->6144K(44032K)] 360397K->334352K(502784K), 0.0009615 secs] [Times: user=0.00 sys=0.00, real=0.00 secs] 
10.796: [GC (Allocation Failure) [PSYoungGen: 28094K->10240K(44032K)] 356303K->338448K(502784K), 0.0011525 secs] [Times: user=0.00 sys=0.00, real=0.00 secs] 
11.123: [GC (Allocation Failure) [PSYoungGen: 31164K->20480K(44032K)] 359373K->348688K(502784K), 0.0018564 secs] [Times: user=0.00 sys=0.00, real=0.00 secs] 
11.451: [GC (Allocation Failure) [PSYoungGen: 31163K->10240K(44032K)] 431052K->410129K(502784K), 0.0010154 secs] [Times: user=0.00 sys=0.00, real=0.00 secs] 
11.452: [GC (Allocation Failure) [PSYoungGen: 10240K->10240K(44032K)] 410129K->410129K(502784K), 0.0009986 secs] [Times: user=0.00 sys=0.00, real=0.00 secs] 
11.453: [Full GC (Allocation Failure) [PSYoungGen: 10240K->0K(44032K)] [ParOldGen: 399888K->215568K(458752K)] 410129K->215568K(502784K), [Metaspace: 2761K->2761K(1056768K)], 0.0113370 secs] [Times: user=0.00 sys=0.00, real=0.01 secs] 
12.559: [GC (Allocation Failure) [PSYoungGen: 21947K->15360K(44032K)] 339916K->333328K(502784K), 0.0013835 secs] [Times: user=0.00 sys=0.00, real=0.00 secs] 
12.887: [GC (Allocation Failure) [PSYoungGen: 26192K->5152K(44032K)] 415841K->394809K(502784K), 0.0010767 secs] [Times: user=0.00 sys=0.00, real=0.00 secs] 
12.888: [GC (Allocation Failure) [PSYoungGen: 5152K->5216K(44032K)] 394809K->394873K(502784K), 0.0008616 secs] [Times: user=0.00 sys=0.00, real=0.00 secs] 
12.889: [Full GC (Allocation Failure) [PSYoungGen: 5216K->0K(44032K)] [ParOldGen: 389656K->56849K(458752K)] 394873K->56849K(502784K), [Metaspace: 2763K->2763K(1056768K)], 0.0051950 secs] [Times: user=0.00 sys=0.00, real=0.01 secs] 
13.555: [GC (Allocation Failure) [PSYoungGen: 17854K->6144K(44032K)] 177103K->165393K(502784K), 0.0009873 secs] [Times: user=0.00 sys=0.00, real=0.00 secs] 
13.883: [GC (Allocation Failure) [PSYoungGen: 21951K->6144K(44032K)] 181200K->165393K(502784K), 0.0007848 secs] [Times: user=0.00 sys=0.00, real=0.00 secs] 
14.544: [GC (Allocation Failure) [PSYoungGen: 28092K->12288K(44032K)] 361421K->345617K(502784K), 0.0014149 secs] [Times: user=0.00 sys=0.00, real=0.00 secs] 
15.087: [GC (Allocation Failure) [PSYoungGen: 34238K->16384K(44032K)] 367567K->354833K(502784K), 0.0018132 secs] [Times: user=0.00 sys=0.00, real=0.00 secs] 
15.414: [GC (Allocation Failure) [PSYoungGen: 37308K->11264K(44032K)] 375758K->359953K(502784K), 0.0017765 secs] [Times: user=0.00 sys=0.00, real=0.00 secs] 
16.285: [GC (Allocation Failure) [PSYoungGen: 32187K->10240K(44032K)] 380876K->358929K(502784K), 0.0008900 secs] [Times: user=0.00 sys=0.00, real=0.00 secs] 
16.724: [GC (Allocation Failure) [PSYoungGen: 31162K->10240K(44032K)] 379851K->358929K(502784K), 0.0012876 secs] [Times: user=0.00 sys=0.00, real=0.00 secs] 
17.160: [GC (Allocation Failure) [PSYoungGen: 31162K->5120K(44032K)] 451531K->425489K(502784K), 0.0009012 secs] [Times: user=0.00 sys=0.00, real=0.00 secs] 
17.161: [GC (Allocation Failure) [PSYoungGen: 5120K->5120K(44032K)] 425489K->425489K(502784K), 0.0008742 secs] [Times: user=0.00 sys=0.00, real=0.00 secs] 
17.162: [Full GC (Allocation Failure) [PSYoungGen: 5120K->0K(44032K)] [ParOldGen: 420369K->77329K(458752K)] 425489K->77329K(502784K), [Metaspace: 2768K->2768K(1056768K)], 0.0062953 secs] [Times: user=0.00 sys=0.00, real=0.01 secs] 
17.830: [GC (Allocation Failure) [PSYoungGen: 17853K->10240K(44032K)] 197582K->189969K(502784K), 0.0008517 secs] [Times: user=0.00 sys=0.00, real=0.00 secs] 
18.155: [GC (Allocation Failure) [PSYoungGen: 26047K->10240K(44032K)] 205776K->189969K(502784K), 0.0009807 secs] [Times: user=0.00 sys=0.00, real=0.00 secs] 
18.810: [GC (Allocation Failure) [PSYoungGen: 32187K->6144K(44032K)] 385997K->359953K(502784K), 0.0008612 secs] [Times: user=0.00 sys=0.00, real=0.00 secs] 
20.013: [GC (Allocation Failure) [PSYoungGen: 28094K->0K(44032K)] 433103K->405009K(502784K), 0.0008140 secs] [Times: user=0.00 sys=0.00, real=0.00 secs] 
20.014: [GC (Allocation Failure) [PSYoungGen: 0K->0K(44032K)] 405009K->405009K(502784K), 0.0006722 secs] [Times: user=0.00 sys=0.00, real=0.00 secs] 
20.015: [Full GC (Allocation Failure) [PSYoungGen: 0K->0K(44032K)] [ParOldGen: 405009K->51729K(458752K)] 405009K->51729K(502784K), [Metaspace: 2770K->2770K(1056768K)], 0.0049119 secs] [Times: user=0.02 sys=0.00, real=0.00 secs] 
20.683: [GC (Allocation Failure) [PSYoungGen: 17855K->5120K(44032K)] 171984K->159249K(502784K), 0.0009502 secs] [Times: user=0.00 sys=0.00, real=0.00 secs] 
21.010: [GC (Allocation Failure) [PSYoungGen: 20928K->10240K(44032K)] 175057K->164369K(502784K), 0.0010036 secs] [Times: user=0.00 sys=0.00, real=0.00 secs] 
21.663: [GC (Allocation Failure) [PSYoungGen: 32189K->7168K(44032K)] 360398K->335377K(502784K), 0.0009811 secs] [Times: user=0.00 sys=0.00, real=0.00 secs] 
22.209: [GC (Allocation Failure) [PSYoungGen: 29119K->11264K(44032K)] 357328K->339473K(502784K), 0.0012799 secs] [Times: user=0.00 sys=0.00, real=0.00 secs] 
22.536: [GC (Allocation Failure) [PSYoungGen: 32189K->16384K(44032K)] 360398K->349713K(502784K), 0.0020894 secs] [Times: user=0.00 sys=0.00, real=0.00 secs] 
22.865: [GC (Allocation Failure) [PSYoungGen: 27067K->6144K(44032K)] 432076K->411153K(502784K), 0.0009667 secs] [Times: user=0.00 sys=0.00, real=0.00 secs] 
22.866: [GC (Allocation Failure) [PSYoungGen: 6144K->6144K(44032K)] 411153K->411153K(502784K), 0.0012805 secs] [Times: user=0.00 sys=0.00, real=0.00 secs] 
22.867: [Full GC (Allocation Failure) [PSYoungGen: 6144K->0K(44032K)] [ParOldGen: 405009K->165393K(458752K)] 411153K->165393K(502784K), [Metaspace: 2779K->2779K(1056768K)], 0.0119761 secs] [Times: user=0.00 sys=0.00, real=0.01 secs] 
23.971: [GC (Allocation Failure) [PSYoungGen: 17851K->20480K(44032K)] 285644K->288273K(502784K), 0.0013246 secs] [Times: user=0.00 sys=0.00, real=0.00 secs] 
24.732: [Full GC (Ergonomics) [PSYoungGen: 38334K->0K(44032K)] [ParOldGen: 441873K->16384K(458752K)] 480207K->16384K(502784K), [Metaspace: 2779K->2779K(1056768K)], 0.0030095 secs] [Times: user=0.00 sys=0.00, real=0.00 secs] 
25.171: [GC (Allocation Failure) [PSYoungGen: 20927K->5120K(44032K)] 37311K->21504K(502784K), 0.0007639 secs] [Times: user=0.00 sys=0.00, real=0.00 secs] 
25.388: [GC (Allocation Failure) [PSYoungGen: 20925K->10240K(44032K)] 37309K->26624K(502784K), 0.0012244 secs] [Times: user=0.00 sys=0.00, real=0.00 secs] 
26.152: [GC (Allocation Failure) [PSYoungGen: 28090K->15360K(44032K)] 218554K->205824K(502784K), 0.0015082 secs] [Times: user=0.00 sys=0.00, real=0.00 secs] 
26.587: [GC (Allocation Failure) [PSYoungGen: 36285K->20480K(44032K)] 226749K->210944K(502784K), 0.0018222 secs] [Times: user=0.00 sys=0.00, real=0.00 secs] 
26.803: [GC (Allocation Failure) [PSYoungGen: 36284K->20480K(44032K)] 226748K->216064K(502784K), 0.0019458 secs] [Times: user=0.00 sys=0.00, real=0.00 secs] 
27.789: [GC (Allocation Failure) [PSYoungGen: 41401K->10240K(44032K)] 257466K->226304K(502784K), 0.0010739 secs] [Times: user=0.00 sys=0.00, real=0.00 secs] 
28.113: [GC (Allocation Failure) [PSYoungGen: 26045K->10240K(44032K)] 242109K->226304K(502784K), 0.0011903 secs] [Times: user=0.00 sys=0.00, real=0.00 secs] 
28.768: [GC (Allocation Failure) [PSYoungGen: 32333K->6176K(44032K)] 422477K->396328K(502784K), 0.0014325 secs] [Times: user=0.02 sys=0.00, real=0.00 secs] 
29.315: [GC (Allocation Failure) [PSYoungGen: 28125K->15392K(44032K)] 418277K->405544K(502784K), 0.0023145 secs] [Times: user=0.00 sys=0.00, real=0.00 secs] 
29.641: [GC (Allocation Failure) [PSYoungGen: 36316K->20512K(44032K)] 426468K->410664K(502784K), 0.0022896 secs] [Times: user=0.00 sys=0.00, real=0.00 secs] 
29.859: [GC (Allocation Failure) [PSYoungGen: 31195K->10304K(44032K)] 441827K->420936K(502784K), 0.0016418 secs] [Times: user=0.00 sys=0.00, real=0.00 secs] 
29.861: [GC (Allocation Failure) [PSYoungGen: 10304K->10272K(44032K)] 420936K->420904K(502784K), 0.0021428 secs] [Times: user=0.00 sys=0.00, real=0.00 secs] 
29.863: [Full GC (Allocation Failure) [PSYoungGen: 10272K->0K(44032K)] [ParOldGen: 410632K->82449K(458752K)] 420904K->82449K(502784K), [Metaspace: 2793K->2793K(1056768K)], 0.0064654 secs] [Times: user=0.00 sys=0.00, real=0.01 secs] 
30.639: [GC (Allocation Failure) [PSYoungGen: 17851K->5120K(44032K)] 253900K->241169K(502784K), 0.0009859 secs] [Times: user=0.00 sys=0.00, real=0.00 secs] 
31.839: [GC (Allocation Failure) [PSYoungGen: 22973K->6144K(44032K)] 361423K->344593K(502784K), 0.0009211 secs] [Times: user=0.00 sys=0.00, real=0.00 secs] 
32.275: [GC (Allocation Failure) [PSYoungGen: 27071K->6144K(44032K)] 365520K->344593K(502784K), 0.0008151 secs] [Times: user=0.00 sys=0.00, real=0.00 secs] 
32.495: [GC (Allocation Failure) [PSYoungGen: 21949K->16384K(44032K)] 360398K->354833K(502784K), 0.0016018 secs] [Times: user=0.00 sys=0.00, real=0.00 secs] 
32.821: [GC (Allocation Failure) [PSYoungGen: 27066K->6144K(44032K)] 437196K->416273K(502784K), 0.0009894 secs] [Times: user=0.00 sys=0.00, real=0.00 secs] 
32.822: [GC (Allocation Failure) [PSYoungGen: 6144K->6144K(44032K)] 416273K->416273K(502784K), 0.0009572 secs] [Times: user=0.00 sys=0.00, real=0.00 secs] 
32.823: [Full GC (Allocation Failure) [PSYoungGen: 6144K->0K(44032K)] [ParOldGen: 410129K->57873K(458752K)] 416273K->57873K(502784K), [Metaspace: 2793K->2793K(1056768K)], 0.0050844 secs] [Times: user=0.00 sys=0.00, real=0.00 secs] 
33.492: [GC (Allocation Failure) [PSYoungGen: 17850K->6144K(44032K)] 178124K->166417K(502784K), 0.0010496 secs] [Times: user=0.00 sys=0.00, real=0.00 secs] 
33.819: [GC (Allocation Failure) [PSYoungGen: 21949K->6144K(44032K)] 182222K->166417K(502784K), 0.0007357 secs] [Times: user=0.00 sys=0.00, real=0.00 secs] 
34.474: [GC (Allocation Failure) [PSYoungGen: 28090K->12288K(44032K)] 362444K->346641K(502784K), 0.0013639 secs] [Times: user=0.00 sys=0.00, real=0.00 secs] 
35.347: [GC (Allocation Failure) [PSYoungGen: 29117K->10240K(44032K)] 363471K->344593K(502784K), 0.0013129 secs] [Times: user=0.00 sys=0.00, real=0.00 secs] 
35.674: [GC (Allocation Failure) [PSYoungGen: 20923K->10240K(44032K)] 426956K->416273K(502784K), 0.0013304 secs] [Times: user=0.01 sys=0.00, real=0.00 secs] 
35.676: [GC (Allocation Failure) [PSYoungGen: 10240K->10240K(44032K)] 416273K->416273K(502784K), 0.0012793 secs] [Times: user=0.00 sys=0.00, real=0.00 secs] 
35.677: [Full GC (Allocation Failure) [PSYoungGen: 10240K->0K(44032K)] [ParOldGen: 406033K->61969K(458752K)] 416273K->61969K(502784K), [Metaspace: 2793K->2793K(1056768K)], 0.0057413 secs] [Times: user=0.00 sys=0.00, real=0.01 secs] 
36.344: [GC (Allocation Failure) [PSYoungGen: 17851K->10240K(44032K)] 182220K->174609K(502784K), 0.0011476 secs] [Times: user=0.00 sys=0.00, real=0.00 secs] 
36.673: [GC (Allocation Failure) [PSYoungGen: 26045K->10240K(44032K)] 190415K->174609K(502784K), 0.0010096 secs] [Times: user=0.00 sys=0.00, real=0.00 secs] 
37.324: [GC (Allocation Failure) [PSYoungGen: 32187K->6144K(44032K)] 370636K->344593K(502784K), 0.0008674 secs] [Times: user=0.00 sys=0.00, real=0.00 secs] 
37.870: [GC (Allocation Failure) [PSYoungGen: 28093K->15360K(44032K)] 366543K->353809K(502784K), 0.0013499 secs] [Times: user=0.00 sys=0.00, real=0.00 secs] 
38.198: [GC (Allocation Failure) [PSYoungGen: 36284K->20480K(44032K)] 374733K->358929K(502784K), 0.0018351 secs] [Times: user=0.00 sys=0.00, real=0.00 secs] 
39.293: [GC (Allocation Failure) [PSYoungGen: 41403K->10240K(44032K)] 451532K->420369K(502784K), 0.0010894 secs] [Times: user=0.00 sys=0.00, real=0.00 secs] 
39.619: [GC (Allocation Failure) [PSYoungGen: 31165K->15360K(44032K)] 441295K->425489K(502784K), 0.0017542 secs] [Times: user=0.00 sys=0.00, real=0.00 secs] 
39.836: [GC (Allocation Failure) [PSYoungGen: 26044K->5120K(44032K)] 456653K->435729K(502784K), 0.0008191 secs] [Times: user=0.00 sys=0.00, real=0.00 secs] 
39.837: [GC (Allocation Failure) [PSYoungGen: 5120K->5120K(44032K)] 435729K->435729K(502784K), 0.0007456 secs] [Times: user=0.00 sys=0.00, real=0.00 secs] 
39.838: [Full GC (Allocation Failure) [PSYoungGen: 5120K->0K(44032K)] [ParOldGen: 430609K->26129K(458752K)] 435729K->26129K(502784K), [Metaspace: 2793K->2793K(1056768K)], 0.0035328 secs] [Times: user=0.00 sys=0.00, real=0.00 secs] 
40.603: [GC (Allocation Failure) [PSYoungGen: 17852K->5120K(44032K)] 197581K->184849K(502784K), 0.0008238 secs] [Times: user=0.00 sys=0.00, real=0.00 secs] 
40.928: [GC (Allocation Failure) [PSYoungGen: 20926K->10240K(44032K)] 200655K->189969K(502784K), 0.0010717 secs] [Times: user=0.00 sys=0.00, real=0.00 secs] 
41.583: [GC (Allocation Failure) [PSYoungGen: 32187K->7168K(44032K)] 385996K->360977K(502784K), 0.0009129 secs] [Times: user=0.00 sys=0.00, real=0.00 secs] 
42.127: [GC (Allocation Failure) [PSYoungGen: 29118K->11264K(44032K)] 382927K->365073K(502784K), 0.0013543 secs] [Times: user=0.00 sys=0.00, real=0.00 secs] 
43.219: [GC (Allocation Failure) [PSYoungGen: 29116K->6144K(44032K)] 382925K->359953K(502784K), 0.0012431 secs] [Times: user=0.00 sys=0.00, real=0.00 secs] 
43.655: [GC (Allocation Failure) [PSYoungGen: 27066K->6144K(44032K)] 380876K->359953K(502784K), 0.0008493 secs] [Times: user=0.00 sys=0.00, real=0.00 secs] 
43.873: [GC (Allocation Failure) [PSYoungGen: 21946K->20480K(44032K)] 375755K->375313K(502784K), 0.0014317 secs] [Times: user=0.00 sys=0.00, real=0.00 secs] 
44.200: [GC (Allocation Failure) [PSYoungGen: 31160K->10240K(44032K)] 457674K->436753K(502784K), 0.0013822 secs] [Times: user=0.00 sys=0.00, real=0.00 secs] 
44.202: [GC (Allocation Failure) [PSYoungGen: 10240K->10240K(44032K)] 436753K->436753K(502784K), 0.0011019 secs] [Times: user=0.00 sys=0.00, real=0.00 secs] 
44.203: [Full GC (Allocation Failure) [PSYoungGen: 10240K->0K(44032K)] [ParOldGen: 426513K->62993K(458752K)] 436753K->62993K(502784K), [Metaspace: 2795K->2795K(1056768K)], 0.0055330 secs] [Times: user=0.02 sys=0.00, real=0.01 secs] 
44.873: [GC (Allocation Failure) [PSYoungGen: 17848K->10240K(44032K)] 183242K->175633K(502784K), 0.0009457 secs] [Times: user=0.00 sys=0.00, real=0.00 secs] 
45.200: [GC (Allocation Failure) [PSYoungGen: 26044K->10240K(44032K)] 191437K->175633K(502784K), 0.0009851 secs] [Times: user=0.00 sys=0.00, real=0.00 secs] 
45.858: [GC (Allocation Failure) [PSYoungGen: 32186K->16384K(44032K)] 371659K->355857K(502784K), 0.0014596 secs] [Times: user=0.00 sys=0.00, real=0.00 secs] 
47.060: [GC (Allocation Failure) [PSYoungGen: 38333K->0K(44032K)] 449486K->411153K(502784K), 0.0009219 secs] [Times: user=0.00 sys=0.00, real=0.00 secs] 
47.061: [GC (Allocation Failure) [PSYoungGen: 0K->0K(44032K)] 411153K->411153K(502784K), 0.0007814 secs] [Times: user=0.00 sys=0.00, real=0.00 secs] 
47.062: [Full GC (Allocation Failure) [PSYoungGen: 0K->0K(44032K)] [ParOldGen: 411153K->72209K(458752K)] 411153K->72209K(502784K), [Metaspace: 2795K->2795K(1056768K)], 0.0063997 secs] [Times: user=0.01 sys=0.00, real=0.01 secs] 
47.729: [GC (Allocation Failure) [PSYoungGen: 17855K->10240K(44032K)] 192464K->184849K(502784K), 0.0007600 secs] [Times: user=0.00 sys=0.00, real=0.00 secs] 
48.058: [GC (Allocation Failure) [PSYoungGen: 26048K->10240K(44032K)] 200657K->184849K(502784K), 0.0009978 secs] [Times: user=0.00 sys=0.00, real=0.00 secs] 
48.714: [GC (Allocation Failure) [PSYoungGen: 32188K->6144K(44032K)] 380878K->354833K(502784K), 0.0008985 secs] [Times: user=0.00 sys=0.00, real=0.00 secs] 
49.259: [GC (Allocation Failure) [PSYoungGen: 28094K->15360K(44032K)] 376784K->364049K(502784K), 0.0013931 secs] [Times: user=0.00 sys=0.00, real=0.00 secs] 
49.587: [GC (Allocation Failure) [PSYoungGen: 36284K->20480K(44032K)] 384974K->369169K(502784K), 0.0017207 secs] [Times: user=0.00 sys=0.00, real=0.00 secs] 
49.915: [GC (Allocation Failure) [PSYoungGen: 31163K->10240K(44032K)] 451533K->430609K(502784K), 0.0012674 secs] [Times: user=0.00 sys=0.00, real=0.00 secs] 
49.917: [GC (Allocation Failure) [PSYoungGen: 10240K->10240K(44032K)] 430609K->430609K(502784K), 0.0010216 secs] [Times: user=0.00 sys=0.00, real=0.00 secs] 
49.918: [Full GC (Allocation Failure) [PSYoungGen: 10240K->0K(44032K)] [ParOldGen: 420369K->133649K(458752K)] 430609K->133649K(502784K), [Metaspace: 2795K->2795K(1056768K)], 0.0088126 secs] [Times: user=0.02 sys=0.00, real=0.01 secs] 
50.915: [GC (Allocation Failure) [PSYoungGen: 15803K->10240K(44032K)] 251852K->246289K(502784K), 0.0011617 secs] [Times: user=0.00 sys=0.00, real=0.00 secs] 
51.569: [GC (Allocation Failure) [PSYoungGen: 32190K->7168K(44032K)] 442319K->417297K(502784K), 0.0010502 secs] [Times: user=0.00 sys=0.00, real=0.00 secs] 
52.117: [GC (Allocation Failure) [PSYoungGen: 29119K->11264K(44032K)] 439249K->421393K(502784K), 0.0012954 secs] [Times: user=0.00 sys=0.00, real=0.00 secs] 
52.448: [GC (Allocation Failure) [PSYoungGen: 32189K->16384K(44032K)] 442318K->431633K(502784K), 0.0018328 secs] [Times: user=0.00 sys=0.00, real=0.00 secs] 
52.666: [GC (Allocation Failure) [PSYoungGen: 27067K->6144K(44032K)] 462797K->441873K(502784K), 0.0008639 secs] [Times: user=0.00 sys=0.00, real=0.00 secs] 
52.667: [GC (Allocation Failure) [PSYoungGen: 6144K->6144K(44032K)] 441873K->441873K(502784K), 0.0010492 secs] [Times: user=0.00 sys=0.00, real=0.00 secs] 
52.668: [Full GC (Allocation Failure) [PSYoungGen: 6144K->0K(44032K)] [ParOldGen: 435729K->32273K(458752K)] 441873K->32273K(502784K), [Metaspace: 2795K->2795K(1056768K)], 0.0040978 secs] [Times: user=0.00 sys=0.00, real=0.00 secs] 
53.431: [GC (Allocation Failure) [PSYoungGen: 17851K->6144K(44032K)] 203725K->192017K(502784K), 0.0008006 secs] [Times: user=0.00 sys=0.00, real=0.00 secs] 
53.758: [GC (Allocation Failure) [PSYoungGen: 21950K->6144K(44032K)] 207823K->192017K(502784K), 0.0009066 secs] [Times: user=0.00 sys=0.00, real=0.00 secs] 
54.744: [GC (Allocation Failure) [PSYoungGen: 28091K->10240K(44032K)] 213964K->196113K(502784K), 0.0010661 secs] [Times: user=0.00 sys=0.00, real=0.00 secs] 
55.181: [GC (Allocation Failure) [PSYoungGen: 31162K->10240K(44032K)] 217036K->196113K(502784K), 0.0012272 secs] [Times: user=0.00 sys=0.00, real=0.00 secs] 
55.834: [GC (Allocation Failure) [PSYoungGen: 32186K->16384K(44032K)] 392139K->376337K(502784K), 0.0015123 secs] [Times: user=0.00 sys=0.00, real=0.00 secs] 
56.379: [GC (Allocation Failure) [PSYoungGen: 38333K->20480K(44032K)] 398286K->385553K(502784K), 0.0020126 secs] [Times: user=0.00 sys=0.00, real=0.00 secs] 
56.707: [GC (Allocation Failure) [PSYoungGen: 41403K->20480K(44032K)] 406477K->390673K(502784K), 0.0022803 secs] [Times: user=0.00 sys=0.00, real=0.00 secs] 
57.034: [Full GC (Ergonomics) [PSYoungGen: 31162K->0K(44032K)] [ParOldGen: 441873K->92689K(458752K)] 473036K->92689K(502784K), [Metaspace: 2796K->2796K(1056768K)], 0.0078594 secs] [Times: user=0.00 sys=0.00, real=0.01 secs] 
58.800: [GC (Allocation Failure) [PSYoungGen: 19898K->1024K(44032K)] 389068K->370193K(502784K), 0.0006904 secs] [Times: user=0.00 sys=0.00, real=0.00 secs] 
59.236: [GC (Allocation Failure) [PSYoungGen: 21949K->10240K(44032K)] 391119K->379409K(502784K), 0.0009831 secs] [Times: user=0.00 sys=0.00, real=0.00 secs] 
59.563: [GC (Allocation Failure) [PSYoungGen: 31164K->15360K(44032K)] 400333K->384529K(502784K), 0.0016912 secs] [Times: user=0.00 sys=0.00, real=0.00 secs] 
59.893: [Full GC (Ergonomics) [PSYoungGen: 26043K->0K(44032K)] [ParOldGen: 440849K->108049K(458752K)] 466892K->108049K(502784K), [Metaspace: 2796K->2796K(1056768K)], 0.0087274 secs] [Times: user=0.02 sys=0.00, real=0.01 secs] 
60.562: [GC (Allocation Failure) [PSYoungGen: 17851K->5120K(44032K)] 228300K->215569K(502784K), 0.0007336 secs] [Times: user=0.00 sys=0.00, real=0.00 secs] 
60.889: [GC (Allocation Failure) [PSYoungGen: 20925K->10240K(44032K)] 231375K->220689K(502784K), 0.0009440 secs] [Times: user=0.00 sys=0.00, real=0.00 secs] 
62.096: [GC (Allocation Failure) [PSYoungGen: 32187K->1024K(44032K)] 416716K->385553K(502784K), 0.0008139 secs] [Times: user=0.02 sys=0.00, real=0.00 secs] 
62.423: [GC (Allocation Failure) [PSYoungGen: 21949K->15360K(44032K)] 406479K->399889K(502784K), 0.0014907 secs] [Times: user=0.00 sys=0.00, real=0.00 secs] 
62.753: [Full GC (Ergonomics) [PSYoungGen: 26044K->0K(44032K)] [ParOldGen: 456209K->56849K(458752K)] 482253K->56849K(502784K), [Metaspace: 2796K->2796K(1056768K)], 0.0056840 secs] [Times: user=0.00 sys=0.00, real=0.00 secs] 
63.412: [GC (Allocation Failure) [PSYoungGen: 17852K->6144K(44032K)] 177101K->165393K(502784K), 0.0009890 secs] [Times: user=0.00 sys=0.00, real=0.00 secs] 
63.739: [GC (Allocation Failure) [PSYoungGen: 21950K->6144K(44032K)] 181199K->165393K(502784K), 0.0008453 secs] [Times: user=0.00 sys=0.00, real=0.00 secs] 
64.394: [GC (Allocation Failure) [PSYoungGen: 28091K->12288K(44032K)] 361420K->345617K(502784K), 0.0012286 secs] [Times: user=0.00 sys=0.00, real=0.00 secs] 
64.936: [GC (Allocation Failure) [PSYoungGen: 34238K->16384K(44032K)] 367567K->354833K(502784K), 0.0018158 secs] [Times: user=0.00 sys=0.00, real=0.00 secs] 
65.263: [GC (Allocation Failure) [PSYoungGen: 37308K->11264K(44032K)] 375757K->359953K(502784K), 0.0018309 secs] [Times: user=0.00 sys=0.00, real=0.00 secs] 
66.133: [GC (Allocation Failure) [PSYoungGen: 32187K->10240K(44032K)] 380876K->358929K(502784K), 0.0009113 secs] [Times: user=0.00 sys=0.00, real=0.00 secs] 
66.564: [GC (Allocation Failure) [PSYoungGen: 31162K->10240K(44032K)] 379851K->358929K(502784K), 0.0012013 secs] [Times: user=0.00 sys=0.00, real=0.00 secs] 
67.002: [GC (Allocation Failure) [PSYoungGen: 31162K->5120K(44032K)] 451531K->425489K(502784K), 0.0008641 secs] [Times: user=0.00 sys=0.02, real=0.00 secs] 
67.003: [GC (Allocation Failure) [PSYoungGen: 5120K->5120K(44032K)] 425489K->425489K(502784K), 0.0008859 secs] [Times: user=0.00 sys=0.00, real=0.00 secs] 
67.004: [Full GC (Allocation Failure) [PSYoungGen: 5120K->0K(44032K)] [ParOldGen: 420369K->77329K(458752K)] 425489K->77329K(502784K), [Metaspace: 2796K->2796K(1056768K)], 0.0063858 secs] [Times: user=0.00 sys=0.00, real=0.01 secs] 
67.668: [GC (Allocation Failure) [PSYoungGen: 17853K->10240K(44032K)] 197582K->189969K(502784K), 0.0008621 secs] [Times: user=0.00 sys=0.00, real=0.00 secs] 
67.996: [GC (Allocation Failure) [PSYoungGen: 26047K->10240K(44032K)] 205776K->189969K(502784K), 0.0012089 secs] [Times: user=0.00 sys=0.00, real=0.00 secs] 
68.650: [GC (Allocation Failure) [PSYoungGen: 32187K->6144K(44032K)] 385997K->359953K(502784K), 0.0009058 secs] [Times: user=0.00 sys=0.00, real=0.00 secs] 
69.849: [GC (Allocation Failure) [PSYoungGen: 28094K->0K(44032K)] 433103K->405009K(502784K), 0.0007552 secs] [Times: user=0.00 sys=0.00, real=0.00 secs] 
69.850: [GC (Allocation Failure) [PSYoungGen: 0K->0K(44032K)] 405009K->405009K(502784K), 0.0008757 secs] [Times: user=0.00 sys=0.00, real=0.00 secs] 
69.851: [Full GC (Allocation Failure) [PSYoungGen: 0K->0K(44032K)] [ParOldGen: 405009K->51729K(458752K)] 405009K->51729K(502784K), [Metaspace: 2796K->2796K(1056768K)], 0.0047633 secs] [Times: user=0.00 sys=0.00, real=0.01 secs] 
70.520: [GC (Allocation Failure) [PSYoungGen: 17855K->5120K(44032K)] 171985K->159249K(502784K), 0.0011003 secs] [Times: user=0.00 sys=0.00, real=0.00 secs] 
70.846: [GC (Allocation Failure) [PSYoungGen: 20928K->10240K(44032K)] 175058K->164369K(502784K), 0.0010945 secs] [Times: user=0.02 sys=0.00, real=0.00 secs] 
71.502: [GC (Allocation Failure) [PSYoungGen: 32188K->7168K(44032K)] 360398K->335377K(502784K), 0.0009138 secs] [Times: user=0.00 sys=0.00, real=0.00 secs] 
72.053: [GC (Allocation Failure) [PSYoungGen: 29119K->11264K(44032K)] 357328K->339473K(502784K), 0.0011716 secs] [Times: user=0.00 sys=0.00, real=0.00 secs] 
72.381: [GC (Allocation Failure) [PSYoungGen: 32189K->16384K(44032K)] 360398K->349713K(502784K), 0.0016835 secs] [Times: user=0.00 sys=0.00, real=0.00 secs] 
72.708: [GC (Allocation Failure) [PSYoungGen: 27067K->6144K(44032K)] 432077K->411153K(502784K), 0.0010598 secs] [Times: user=0.00 sys=0.00, real=0.00 secs] 
72.709: [GC (Allocation Failure) [PSYoungGen: 6144K->6144K(44032K)] 411153K->411153K(502784K), 0.0012534 secs] [Times: user=0.00 sys=0.00, real=0.00 secs] 
72.710: [Full GC (Allocation Failure) [PSYoungGen: 6144K->0K(44032K)] [ParOldGen: 405009K->165393K(458752K)] 411153K->165393K(502784K), [Metaspace: 2796K->2796K(1056768K)], 0.0120308 secs] [Times: user=0.02 sys=0.00, real=0.01 secs] 
73.816: [GC (Allocation Failure) [PSYoungGen: 17851K->20480K(44032K)] 285645K->288273K(502784K), 0.0013693 secs] [Times: user=0.00 sys=0.00, real=0.00 secs] 
74.582: [Full GC (Ergonomics) [PSYoungGen: 38334K->0K(44032K)] [ParOldGen: 441873K->16384K(458752K)] 480207K->16384K(502784K), [Metaspace: 2796K->2796K(1056768K)], 0.0031401 secs] [Times: user=0.00 sys=0.00, real=0.00 secs] 
75.019: [GC (Allocation Failure) [PSYoungGen: 20927K->5120K(44032K)] 37311K->21504K(502784K), 0.0007947 secs] [Times: user=0.00 sys=0.00, real=0.00 secs] 
75.237: [GC (Allocation Failure) [PSYoungGen: 20925K->10240K(44032K)] 37309K->26624K(502784K), 0.0013349 secs] [Times: user=0.01 sys=0.00, real=0.00 secs] 
76.002: [GC (Allocation Failure) [PSYoungGen: 28090K->15360K(44032K)] 218554K->205824K(502784K), 0.0013685 secs] [Times: user=0.00 sys=0.00, real=0.00 secs] 
76.437: [GC (Allocation Failure) [PSYoungGen: 36285K->20480K(44032K)] 226749K->210944K(502784K), 0.0017111 secs] [Times: user=0.00 sys=0.00, real=0.00 secs] 
76.655: [GC (Allocation Failure) [PSYoungGen: 36283K->20480K(44032K)] 226748K->216064K(502784K), 0.0018754 secs] [Times: user=0.00 sys=0.00, real=0.00 secs] 
77.637: [GC (Allocation Failure) [PSYoungGen: 41401K->10240K(44032K)] 257466K->226304K(502784K), 0.0012041 secs] [Times: user=0.00 sys=0.00, real=0.00 secs] 
77.963: [GC (Allocation Failure) [PSYoungGen: 26044K->10240K(44032K)] 242109K->226304K(502784K), 0.0012115 secs] [Times: user=0.00 sys=0.00, real=0.00 secs] 
78.621: [GC (Allocation Failure) [PSYoungGen: 32186K->6144K(44032K)] 422330K->396288K(502784K), 0.0013370 secs] [Times: user=0.00 sys=0.00, real=0.00 secs] 
79.166: [GC (Allocation Failure) [PSYoungGen: 28093K->15360K(44032K)] 418237K->405504K(502784K), 0.0015299 secs] [Times: user=0.00 sys=0.00, real=0.00 secs] 
79.494: [GC (Allocation Failure) [PSYoungGen: 36284K->20480K(44032K)] 426428K->410624K(502784K), 0.0019994 secs] [Times: user=0.00 sys=0.00, real=0.00 secs] 
79.713: [GC (Allocation Failure) [PSYoungGen: 31163K->10240K(44032K)] 441787K->420864K(502784K), 0.0015219 secs] [Times: user=0.00 sys=0.00, real=0.00 secs] 
79.714: [GC (Allocation Failure) [PSYoungGen: 10240K->10240K(44032K)] 420864K->420864K(502784K), 0.0014290 secs] [Times: user=0.00 sys=0.00, real=0.00 secs] 
79.716: [Full GC (Allocation Failure) [PSYoungGen: 10240K->0K(44032K)] [ParOldGen: 410624K->82449K(458752K)] 420864K->82449K(502784K), [Metaspace: 2796K->2796K(1056768K)], 0.0072993 secs] [Times: user=0.00 sys=0.00, real=0.01 secs] 
80.497: [GC (Allocation Failure) [PSYoungGen: 17851K->5120K(44032K)] 253900K->241169K(502784K), 0.0008496 secs] [Times: user=0.00 sys=0.00, real=0.00 secs] 
81.696: [GC (Allocation Failure) [PSYoungGen: 22973K->6144K(44032K)] 361423K->344593K(502784K), 0.0013341 secs] [Times: user=0.00 sys=0.00, real=0.00 secs] 
82.133: [GC (Allocation Failure) [PSYoungGen: 27071K->6144K(44032K)] 365520K->344593K(502784K), 0.0010658 secs] [Times: user=0.00 sys=0.00, real=0.00 secs] 
82.351: [GC (Allocation Failure) [PSYoungGen: 21949K->16384K(44032K)] 360398K->354833K(502784K), 0.0016834 secs] [Times: user=0.00 sys=0.00, real=0.00 secs] 
82.679: [GC (Allocation Failure) [PSYoungGen: 27066K->6144K(44032K)] 437196K->416273K(502784K), 0.0010950 secs] [Times: user=0.00 sys=0.00, real=0.00 secs] 
82.680: [GC (Allocation Failure) [PSYoungGen: 6144K->6144K(44032K)] 416273K->416273K(502784K), 0.0009335 secs] [Times: user=0.00 sys=0.00, real=0.00 secs] 
82.681: [Full GC (Allocation Failure) [PSYoungGen: 6144K->0K(44032K)] [ParOldGen: 410129K->57873K(458752K)] 416273K->57873K(502784K), [Metaspace: 2796K->2796K(1056768K)], 0.0050859 secs] [Times: user=0.00 sys=0.00, real=0.00 secs] 
83.349: [GC (Allocation Failure) [PSYoungGen: 17850K->6144K(44032K)] 178124K->166417K(502784K), 0.0009791 secs] [Times: user=0.00 sys=0.00, real=0.00 secs] 
83.674: [GC (Allocation Failure) [PSYoungGen: 21949K->6144K(44032K)] 182222K->166417K(502784K), 0.0010966 secs] [Times: user=0.00 sys=0.00, real=0.00 secs] 
84.331: [GC (Allocation Failure) [PSYoungGen: 28090K->12288K(44032K)] 362444K->346641K(502784K), 0.0013037 secs] [Times: user=0.01 sys=0.00, real=0.00 secs] 
85.207: [GC (Allocation Failure) [PSYoungGen: 29117K->10240K(44032K)] 363471K->344593K(502784K), 0.0016899 secs] [Times: user=0.00 sys=0.00, real=0.00 secs] 
85.536: [GC (Allocation Failure) [PSYoungGen: 20923K->10240K(44032K)] 426956K->416273K(502784K), 0.0012217 secs] [Times: user=0.00 sys=0.00, real=0.00 secs] 
85.537: [GC (Allocation Failure) [PSYoungGen: 10240K->10240K(44032K)] 416273K->416273K(502784K), 0.0011709 secs] [Times: user=0.00 sys=0.00, real=0.00 secs] 
85.538: [Full GC (Allocation Failure) [PSYoungGen: 10240K->0K(44032K)] [ParOldGen: 406033K->61969K(458752K)] 416273K->61969K(502784K), [Metaspace: 2796K->2796K(1056768K)], 0.0055541 secs] [Times: user=0.00 sys=0.00, real=0.01 secs] 
86.206: [GC (Allocation Failure) [PSYoungGen: 17851K->10240K(44032K)] 182220K->174609K(502784K), 0.0009181 secs] [Times: user=0.02 sys=0.00, real=0.00 secs] 
86.534: [GC (Allocation Failure) [PSYoungGen: 26045K->10240K(44032K)] 190415K->174609K(502784K), 0.0013542 secs] [Times: user=0.00 sys=0.00, real=0.00 secs] 
87.189: [GC (Allocation Failure) [PSYoungGen: 32187K->6144K(44032K)] 370636K->344593K(502784K), 0.0009399 secs] [Times: user=0.00 sys=0.00, real=0.00 secs] 
87.737: [GC (Allocation Failure) [PSYoungGen: 28093K->15360K(44032K)] 366543K->353809K(502784K), 0.0016311 secs] [Times: user=0.02 sys=0.00, real=0.00 secs] 
88.063: [GC (Allocation Failure) [PSYoungGen: 36284K->20480K(44032K)] 374733K->358929K(502784K), 0.0020873 secs] [Times: user=0.00 sys=0.00, real=0.00 secs] 
89.152: [GC (Allocation Failure) [PSYoungGen: 41403K->10240K(44032K)] 451532K->420369K(502784K), 0.0009317 secs] [Times: user=0.00 sys=0.00, real=0.00 secs] 
89.479: [GC (Allocation Failure) [PSYoungGen: 31165K->15360K(44032K)] 441295K->425489K(502784K), 0.0014170 secs] [Times: user=0.00 sys=0.00, real=0.00 secs] 
89.697: [GC (Allocation Failure) [PSYoungGen: 26044K->5120K(44032K)] 456653K->435729K(502784K), 0.0011017 secs] [Times: user=0.00 sys=0.00, real=0.00 secs] 
89.699: [GC (Allocation Failure) [PSYoungGen: 5120K->5120K(44032K)] 435729K->435729K(502784K), 0.0008952 secs] [Times: user=0.00 sys=0.00, real=0.00 secs] 
89.700: [Full GC (Allocation Failure) [PSYoungGen: 5120K->0K(44032K)] [ParOldGen: 430609K->26129K(458752K)] 435729K->26129K(502784K), [Metaspace: 2796K->2796K(1056768K)], 0.0034181 secs] [Times: user=0.00 sys=0.00, real=0.00 secs] 
90.462: [GC (Allocation Failure) [PSYoungGen: 17852K->5120K(44032K)] 197581K->184849K(502784K), 0.0008398 secs] [Times: user=0.00 sys=0.00, real=0.00 secs] 
90.789: [GC (Allocation Failure) [PSYoungGen: 20926K->10240K(44032K)] 200655K->189969K(502784K), 0.0009917 secs] [Times: user=0.00 sys=0.00, real=0.00 secs] 
91.442: [GC (Allocation Failure) [PSYoungGen: 32187K->7168K(44032K)] 385996K->360977K(502784K), 0.0010203 secs] [Times: user=0.00 sys=0.00, real=0.00 secs] 
91.987: [GC (Allocation Failure) [PSYoungGen: 29118K->11264K(44032K)] 382927K->365073K(502784K), 0.0010651 secs] [Times: user=0.02 sys=0.00, real=0.00 secs] 
93.083: [GC (Allocation Failure) [PSYoungGen: 29116K->6144K(44032K)] 382925K->359953K(502784K), 0.0009733 secs] [Times: user=0.00 sys=0.00, real=0.00 secs] 
93.520: [GC (Allocation Failure) [PSYoungGen: 27066K->6144K(44032K)] 380876K->359953K(502784K), 0.0010064 secs] [Times: user=0.00 sys=0.00, real=0.00 secs] 
93.738: [GC (Allocation Failure) [PSYoungGen: 21946K->11264K(44032K)] 375755K->375313K(502784K), 0.0020819 secs] [Times: user=0.00 sys=0.00, real=0.00 secs] 
94.066: [GC (Allocation Failure) [PSYoungGen: 21944K->1024K(44032K)] 457674K->436753K(502784K), 0.0008582 secs] [Times: user=0.00 sys=0.00, real=0.00 secs] 
94.067: [GC (Allocation Failure) [PSYoungGen: 1024K->1024K(44032K)] 436753K->436753K(502784K), 0.0008485 secs] [Times: user=0.00 sys=0.00, real=0.00 secs] 
94.068: [Full GC (Allocation Failure) [PSYoungGen: 1024K->0K(44032K)] [ParOldGen: 435729K->62993K(458752K)] 436753K->62993K(502784K), [Metaspace: 2796K->2796K(1056768K)], 0.0055871 secs] [Times: user=0.00 sys=0.00, real=0.01 secs] 
94.737: [GC (Allocation Failure) [PSYoungGen: 17848K->10240K(44032K)] 183242K->175633K(502784K), 0.0011787 secs] [Times: user=0.00 sys=0.00, real=0.00 secs] 
95.065: [GC (Allocation Failure) [PSYoungGen: 26044K->10240K(44032K)] 191437K->175633K(502784K), 0.0008559 secs] [Times: user=0.03 sys=0.00, real=0.00 secs] 
95.719: [GC (Allocation Failure) [PSYoungGen: 32186K->16384K(44032K)] 371659K->355857K(502784K), 0.0017658 secs] [Times: user=0.00 sys=0.00, real=0.00 secs] 
96.918: [GC (Allocation Failure) [PSYoungGen: 38333K->0K(44032K)] 449486K->411153K(502784K), 0.0008427 secs] [Times: user=0.00 sys=0.00, real=0.00 secs] 
96.918: [GC (Allocation Failure) [PSYoungGen: 0K->0K(44032K)] 411153K->411153K(502784K), 0.0008267 secs] [Times: user=0.00 sys=0.00, real=0.00 secs] 
96.919: [Full GC (Allocation Failure) [PSYoungGen: 0K->0K(44032K)] [ParOldGen: 411153K->72209K(458752K)] 411153K->72209K(502784K), [Metaspace: 2796K->2796K(1056768K)], 0.0062251 secs] [Times: user=0.00 sys=0.00, real=0.01 secs] 
97.591: [GC (Allocation Failure) [PSYoungGen: 17855K->10240K(44032K)] 192464K->184849K(502784K), 0.0008659 secs] [Times: user=0.00 sys=0.00, real=0.00 secs] 
97.916: [GC (Allocation Failure) [PSYoungGen: 26048K->10240K(44032K)] 200657K->184849K(502784K), 0.0009174 secs] [Times: user=0.00 sys=0.00, real=0.00 secs] 
98.574: [GC (Allocation Failure) [PSYoungGen: 32188K->6144K(44032K)] 380878K->354833K(502784K), 0.0008897 secs] [Times: user=0.00 sys=0.00, real=0.00 secs] 
99.120: [GC (Allocation Failure) [PSYoungGen: 28094K->15360K(44032K)] 376784K->364049K(502784K), 0.0013656 secs] [Times: user=0.00 sys=0.00, real=0.00 secs] 
99.449: [GC (Allocation Failure) [PSYoungGen: 36284K->20480K(44032K)] 384974K->369169K(502784K), 0.0018118 secs] [Times: user=0.00 sys=0.00, real=0.00 secs] 
99.775: [GC (Allocation Failure) [PSYoungGen: 31163K->10240K(44032K)] 451533K->430609K(502784K), 0.0011933 secs] [Times: user=0.00 sys=0.00, real=0.00 secs] 
99.777: [GC (Allocation Failure) [PSYoungGen: 10240K->10240K(44032K)] 430609K->430609K(502784K), 0.0009601 secs] [Times: user=0.00 sys=0.00, real=0.00 secs] 
99.778: [Full GC (Allocation Failure) [PSYoungGen: 10240K->0K(44032K)] [ParOldGen: 420369K->133649K(458752K)] 430609K->133649K(502784K), [Metaspace: 2796K->2796K(1056768K)], 0.0089460 secs] [Times: user=0.00 sys=0.00, real=0.01 secs] 
100.772: [GC (Allocation Failure) [PSYoungGen: 15803K->10240K(44032K)] 251852K->246289K(502784K), 0.0012112 secs] [Times: user=0.00 sys=0.00, real=0.00 secs] 
101.426: [GC (Allocation Failure) [PSYoungGen: 32190K->7168K(44032K)] 442319K->417297K(502784K), 0.0010220 secs] [Times: user=0.00 sys=0.00, real=0.00 secs] 
101.974: [GC (Allocation Failure) [PSYoungGen: 29119K->11264K(44032K)] 439249K->421393K(502784K), 0.0013078 secs] [Times: user=0.00 sys=0.00, real=0.00 secs] 
102.303: [GC (Allocation Failure) [PSYoungGen: 32189K->20480K(44032K)] 442318K->431633K(502784K), 0.0019594 secs] [Times: user=0.00 sys=0.00, real=0.00 secs] 
102.522: [GC (Allocation Failure) [PSYoungGen: 31163K->10240K(44032K)] 462797K->441873K(502784K), 0.0010829 secs] [Times: user=0.00 sys=0.00, real=0.00 secs] 
102.523: [GC (Allocation Failure) [PSYoungGen: 10240K->10240K(44032K)] 441873K->441873K(502784K), 0.0010448 secs] [Times: user=0.00 sys=0.00, real=0.00 secs] 
102.524: [Full GC (Allocation Failure) [PSYoungGen: 10240K->0K(44032K)] [ParOldGen: 431633K->32273K(458752K)] 441873K->32273K(502784K), [Metaspace: 2796K->2796K(1056768K)], 0.0039156 secs] [Times: user=0.00 sys=0.00, real=0.00 secs] 
103.285: [GC (Allocation Failure) [PSYoungGen: 17851K->6144K(44032K)] 203725K->192017K(502784K), 0.0009654 secs] [Times: user=0.00 sys=0.00, real=0.00 secs] 
103.612: [GC (Allocation Failure) [PSYoungGen: 21950K->6144K(44032K)] 207823K->192017K(502784K), 0.0008125 secs] [Times: user=0.02 sys=0.00, real=0.00 secs] 
104.600: [GC (Allocation Failure) [PSYoungGen: 28091K->10240K(44032K)] 213964K->196113K(502784K), 0.0010338 secs] [Times: user=0.00 sys=0.00, real=0.00 secs] 
105.036: [GC (Allocation Failure) [PSYoungGen: 31162K->10240K(44032K)] 217036K->196113K(502784K), 0.0012605 secs] [Times: user=0.00 sys=0.00, real=0.00 secs] 
105.690: [GC (Allocation Failure) [PSYoungGen: 32186K->16384K(44032K)] 392139K->376337K(502784K), 0.0018024 secs] [Times: user=0.00 sys=0.00, real=0.00 secs] 
106.235: [GC (Allocation Failure) [PSYoungGen: 38333K->15360K(44032K)] 398286K->385553K(502784K), 0.0019192 secs] [Times: user=0.00 sys=0.00, real=0.00 secs] 
106.560: [GC (Allocation Failure) [PSYoungGen: 36283K->20480K(44032K)] 406477K->390673K(502784K), 0.0017662 secs] [Times: user=0.00 sys=0.00, real=0.00 secs] 
106.888: [Full GC (Ergonomics) [PSYoungGen: 31162K->0K(44032K)] [ParOldGen: 441873K->92689K(458752K)] 473036K->92689K(502784K), [Metaspace: 2796K->2796K(1056768K)], 0.0078325 secs] [Times: user=0.01 sys=0.00, real=0.01 secs] 
108.648: [GC (Allocation Failure) [PSYoungGen: 19898K->1024K(44032K)] 389068K->370193K(502784K), 0.0009020 secs] [Times: user=0.00 sys=0.00, real=0.00 secs] 
109.085: [GC (Allocation Failure) [PSYoungGen: 21949K->10240K(44032K)] 391119K->379409K(502784K), 0.0011884 secs] [Times: user=0.00 sys=0.00, real=0.00 secs] 
109.414: [GC (Allocation Failure) [PSYoungGen: 31164K->15360K(44032K)] 400333K->384529K(502784K), 0.0013725 secs] [Times: user=0.00 sys=0.00, real=0.00 secs] 
109.739: [Full GC (Ergonomics) [PSYoungGen: 26043K->0K(44032K)] [ParOldGen: 440849K->108049K(458752K)] 466892K->108049K(502784K), [Metaspace: 2796K->2796K(1056768K)], 0.0095685 secs] [Times: user=0.00 sys=0.00, real=0.01 secs] 
110.409: [GC (Allocation Failure) [PSYoungGen: 17851K->5120K(44032K)] 228300K->215569K(502784K), 0.0009882 secs] [Times: user=0.00 sys=0.00, real=0.00 secs] 
110.735: [GC (Allocation Failure) [PSYoungGen: 20925K->10240K(44032K)] 231375K->220689K(502784K), 0.0009688 secs] [Times: user=0.00 sys=0.00, real=0.00 secs] 
111.934: [GC (Allocation Failure) [PSYoungGen: 32187K->1024K(44032K)] 416716K->385553K(502784K), 0.0006399 secs] [Times: user=0.00 sys=0.00, real=0.00 secs] 
112.261: [GC (Allocation Failure) [PSYoungGen: 21949K->15360K(44032K)] 406479K->399889K(502784K), 0.0016681 secs] [Times: user=0.00 sys=0.00, real=0.00 secs] 
112.589: [Full GC (Ergonomics) [PSYoungGen: 26044K->0K(44032K)] [ParOldGen: 456209K->56849K(458752K)] 482253K->56849K(502784K), [Metaspace: 2796K->2796K(1056768K)], 0.0055388 secs] [Times: user=0.00 sys=0.00, real=0.01 secs] 
113.261: [GC (Allocation Failure) [PSYoungGen: 17852K->6144K(44032K)] 177101K->165393K(502784K), 0.0008957 secs] [Times: user=0.00 sys=0.00, real=0.00 secs] 
113.588: [GC (Allocation Failure) [PSYoungGen: 21950K->6144K(44032K)] 181199K->165393K(502784K), 0.0007320 secs] [Times: user=0.00 sys=0.00, real=0.00 secs] 
114.242: [GC (Allocation Failure) [PSYoungGen: 28091K->12288K(44032K)] 361420K->345617K(502784K), 0.0013968 secs] [Times: user=0.00 sys=0.00, real=0.00 secs] 
114.789: [GC (Allocation Failure) [PSYoungGen: 34238K->16384K(44032K)] 367567K->354833K(502784K), 0.0019286 secs] [Times: user=0.00 sys=0.00, real=0.00 secs] 
115.114: [GC (Allocation Failure) [PSYoungGen: 37308K->11264K(44032K)] 375757K->359953K(502784K), 0.0017812 secs] [Times: user=0.00 sys=0.00, real=0.00 secs] 
115.988: [GC (Allocation Failure) [PSYoungGen: 32187K->10240K(44032K)] 380876K->358929K(502784K), 0.0012009 secs] [Times: user=0.00 sys=0.00, real=0.00 secs] 
116.424: [GC (Allocation Failure) [PSYoungGen: 31162K->10240K(44032K)] 379851K->358929K(502784K), 0.0011280 secs] [Times: user=0.00 sys=0.00, real=0.00 secs] 
116.859: [GC (Allocation Failure) [PSYoungGen: 31162K->5120K(44032K)] 451531K->425489K(502784K), 0.0008714 secs] [Times: user=0.00 sys=0.00, real=0.00 secs] 
116.860: [GC (Allocation Failure) [PSYoungGen: 5120K->5120K(44032K)] 425489K->425489K(502784K), 0.0008549 secs] [Times: user=0.00 sys=0.00, real=0.00 secs] 
116.861: [Full GC (Allocation Failure) [PSYoungGen: 5120K->0K(44032K)] [ParOldGen: 420369K->77329K(458752K)] 425489K->77329K(502784K), [Metaspace: 2796K->2796K(1056768K)], 0.0065782 secs] [Times: user=0.00 sys=0.00, real=0.01 secs] 
117.530: [GC (Allocation Failure) [PSYoungGen: 17853K->10240K(44032K)] 197582K->189969K(502784K), 0.0011409 secs] [Times: user=0.00 sys=0.00, real=0.00 secs] 
117.859: [GC (Allocation Failure) [PSYoungGen: 26047K->10240K(44032K)] 205776K->189969K(502784K), 0.0011777 secs] [Times: user=0.00 sys=0.00, real=0.00 secs] 
118.512: [GC (Allocation Failure) [PSYoungGen: 32187K->6144K(44032K)] 385997K->359953K(502784K), 0.0009015 secs] [Times: user=0.00 sys=0.00, real=0.00 secs] 
119.713: [GC (Allocation Failure) [PSYoungGen: 28094K->0K(44032K)] 433103K->405009K(502784K), 0.0008055 secs] [Times: user=0.00 sys=0.00, real=0.00 secs] 
119.713: [GC (Allocation Failure) [PSYoungGen: 0K->0K(44032K)] 405009K->405009K(502784K), 0.0009207 secs] [Times: user=0.00 sys=0.00, real=0.00 secs] 
119.714: [Full GC (Allocation Failure) [PSYoungGen: 0K->0K(44032K)] [ParOldGen: 405009K->51729K(458752K)] 405009K->51729K(502784K), [Metaspace: 2796K->2796K(1056768K)], 0.0048791 secs] [Times: user=0.00 sys=0.00, real=0.00 secs] 
120.385: [GC (Allocation Failure) [PSYoungGen: 17855K->5120K(44032K)] 171985K->159249K(502784K), 0.0006973 secs] [Times: user=0.00 sys=0.00, real=0.00 secs] 
120.715: [GC (Allocation Failure) [PSYoungGen: 20928K->10240K(44032K)] 175058K->164369K(502784K), 0.0011513 secs] [Times: user=0.00 sys=0.00, real=0.00 secs] 
121.371: [GC (Allocation Failure) [PSYoungGen: 32188K->7168K(44032K)] 360398K->335377K(502784K), 0.0009744 secs] [Times: user=0.00 sys=0.00, real=0.00 secs] 
121.917: [GC (Allocation Failure) [PSYoungGen: 29119K->11264K(44032K)] 357328K->339473K(502784K), 0.0012671 secs] [Times: user=0.00 sys=0.00, real=0.00 secs] 
122.244: [GC (Allocation Failure) [PSYoungGen: 32189K->16384K(44032K)] 360398K->349713K(502784K), 0.0017260 secs] [Times: user=0.00 sys=0.00, real=0.00 secs] 
122.570: [GC (Allocation Failure) [PSYoungGen: 27067K->6144K(44032K)] 432077K->411153K(502784K), 0.0008630 secs] [Times: user=0.00 sys=0.00, real=0.00 secs] 
122.571: [GC (Allocation Failure) [PSYoungGen: 6144K->6144K(44032K)] 411153K->411153K(502784K), 0.0011475 secs] [Times: user=0.00 sys=0.00, real=0.00 secs] 
122.572: [Full GC (Allocation Failure) [PSYoungGen: 6144K->0K(44032K)] [ParOldGen: 405009K->165393K(458752K)] 411153K->165393K(502784K), [Metaspace: 2796K->2796K(1056768K)], 0.0124441 secs] [Times: user=0.00 sys=0.00, real=0.01 secs] 
123.675: [GC (Allocation Failure) [PSYoungGen: 17851K->20480K(44032K)] 285645K->288273K(502784K), 0.0016268 secs] [Times: user=0.00 sys=0.00, real=0.00 secs] 
124.439: [Full GC (Ergonomics) [PSYoungGen: 38334K->0K(44032K)] [ParOldGen: 441873K->16384K(458752K)] 480207K->16384K(502784K), [Metaspace: 2796K->2796K(1056768K)], 0.0028418 secs] [Times: user=0.00 sys=0.00, real=0.00 secs] 
124.874: [GC (Allocation Failure) [PSYoungGen: 20927K->5120K(44032K)] 37311K->21504K(502784K), 0.0007114 secs] [Times: user=0.00 sys=0.00, real=0.00 secs] 
125.093: [GC (Allocation Failure) [PSYoungGen: 20925K->10240K(44032K)] 37309K->26624K(502784K), 0.0013592 secs] [Times: user=0.00 sys=0.00, real=0.00 secs] 
125.856: [GC (Allocation Failure) [PSYoungGen: 28090K->15360K(44032K)] 218554K->205824K(502784K), 0.0015409 secs] [Times: user=0.00 sys=0.00, real=0.00 secs] 
126.291: [GC (Allocation Failure) [PSYoungGen: 36285K->20480K(44032K)] 226749K->210944K(502784K), 0.0018066 secs] [Times: user=0.00 sys=0.00, real=0.00 secs] 
126.508: [GC (Allocation Failure) [PSYoungGen: 36283K->20480K(44032K)] 226748K->216064K(502784K), 0.0019311 secs] [Times: user=0.00 sys=0.00, real=0.00 secs] 
127.491: [GC (Allocation Failure) [PSYoungGen: 41401K->10240K(44032K)] 257466K->226304K(502784K), 0.0011040 secs] [Times: user=0.00 sys=0.00, real=0.00 secs] 
127.821: [GC (Allocation Failure) [PSYoungGen: 26044K->10240K(44032K)] 242109K->226304K(502784K), 0.0012281 secs] [Times: user=0.00 sys=0.00, real=0.00 secs] 
128.475: [GC (Allocation Failure) [PSYoungGen: 32186K->6144K(44032K)] 422330K->396288K(502784K), 0.0013488 secs] [Times: user=0.00 sys=0.00, real=0.00 secs] 
129.021: [GC (Allocation Failure) [PSYoungGen: 28093K->15360K(44032K)] 418237K->405504K(502784K), 0.0014344 secs] [Times: user=0.00 sys=0.00, real=0.00 secs] 
129.352: [GC (Allocation Failure) [PSYoungGen: 36284K->20480K(44032K)] 426428K->410624K(502784K), 0.0019553 secs] [Times: user=0.00 sys=0.00, real=0.00 secs] 
129.572: [GC (Allocation Failure) [PSYoungGen: 31163K->10240K(44032K)] 441787K->420864K(502784K), 0.0015787 secs] [Times: user=0.00 sys=0.00, real=0.00 secs] 
129.573: [GC (Allocation Failure) [PSYoungGen: 10240K->10240K(44032K)] 420864K->420864K(502784K), 0.0016044 secs] [Times: user=0.00 sys=0.00, real=0.00 secs] 
129.575: [Full GC (Allocation Failure) [PSYoungGen: 10240K->0K(44032K)] [ParOldGen: 410624K->82449K(458752K)] 420864K->82449K(502784K), [Metaspace: 2796K->2796K(1056768K)], 0.0068677 secs] [Times: user=0.00 sys=0.00, real=0.01 secs] 
130.355: [GC (Allocation Failure) [PSYoungGen: 17851K->5120K(44032K)] 253900K->241169K(502784K), 0.0008049 secs] [Times: user=0.00 sys=0.00, real=0.00 secs] 
131.555: [GC (Allocation Failure) [PSYoungGen: 22973K->6144K(44032K)] 361423K->344593K(502784K), 0.0008869 secs] [Times: user=0.00 sys=0.00, real=0.00 secs] 
131.990: [GC (Allocation Failure) [PSYoungGen: 27071K->6144K(44032K)] 365520K->344593K(502784K), 0.0011325 secs] [Times: user=0.00 sys=0.00, real=0.00 secs] 
132.208: [GC (Allocation Failure) [PSYoungGen: 21949K->16384K(44032K)] 360398K->354833K(502784K), 0.0016575 secs] [Times: user=0.00 sys=0.00, real=0.00 secs] 
132.536: [GC (Allocation Failure) [PSYoungGen: 27066K->6144K(44032K)] 437196K->416273K(502784K), 0.0011507 secs] [Times: user=0.00 sys=0.00, real=0.00 secs] 
132.537: [GC (Allocation Failure) [PSYoungGen: 6144K->6144K(44032K)] 416273K->416273K(502784K), 0.0008185 secs] [Times: user=0.00 sys=0.00, real=0.00 secs] 
132.538: [Full GC (Allocation Failure) [PSYoungGen: 6144K->0K(44032K)] [ParOldGen: 410129K->57873K(458752K)] 416273K->57873K(502784K), [Metaspace: 2796K->2796K(1056768K)], 0.0050622 secs] [Times: user=0.00 sys=0.00, real=0.01 secs] 
133.207: [GC (Allocation Failure) [PSYoungGen: 17850K->6144K(44032K)] 178124K->166417K(502784K), 0.0008177 secs] [Times: user=0.00 sys=0.00, real=0.00 secs] 
133.533: [GC (Allocation Failure) [PSYoungGen: 21949K->6144K(44032K)] 182222K->166417K(502784K), 0.0007487 secs] [Times: user=0.00 sys=0.00, real=0.00 secs] 
134.192: [GC (Allocation Failure) [PSYoungGen: 28090K->12288K(44032K)] 362444K->346641K(502784K), 0.0014224 secs] [Times: user=0.00 sys=0.00, real=0.00 secs] 
135.065: [GC (Allocation Failure) [PSYoungGen: 29117K->10240K(44032K)] 363471K->344593K(502784K), 0.0012271 secs] [Times: user=0.00 sys=0.00, real=0.00 secs] 
135.394: [GC (Allocation Failure) [PSYoungGen: 20923K->10240K(44032K)] 426956K->416273K(502784K), 0.0014039 secs] [Times: user=0.00 sys=0.00, real=0.00 secs] 
135.395: [GC (Allocation Failure) [PSYoungGen: 10240K->10240K(44032K)] 416273K->416273K(502784K), 0.0013558 secs] [Times: user=0.00 sys=0.00, real=0.00 secs] 
135.397: [Full GC (Allocation Failure) [PSYoungGen: 10240K->0K(44032K)] [ParOldGen: 406033K->61969K(458752K)] 416273K->61969K(502784K), [Metaspace: 2796K->2796K(1056768K)], 0.0055274 secs] [Times: user=0.00 sys=0.00, real=0.01 secs] 
136.064: [GC (Allocation Failure) [PSYoungGen: 17851K->10240K(44032K)] 182220K->174609K(502784K), 0.0008991 secs] [Times: user=0.00 sys=0.00, real=0.00 secs] 
136.389: [GC (Allocation Failure) [PSYoungGen: 26045K->10240K(44032K)] 190415K->174609K(502784K), 0.0012901 secs] [Times: user=0.00 sys=0.00, real=0.00 secs] 
137.045: [GC (Allocation Failure) [PSYoungGen: 32187K->6144K(44032K)] 370636K->344593K(502784K), 0.0011412 secs] [Times: user=0.00 sys=0.00, real=0.00 secs] 
137.591: [GC (Allocation Failure) [PSYoungGen: 28093K->15360K(44032K)] 366543K->353809K(502784K), 0.0016096 secs] [Times: user=0.00 sys=0.00, real=0.00 secs] 
137.918: [GC (Allocation Failure) [PSYoungGen: 36284K->20480K(44032K)] 374733K->358929K(502784K), 0.0016988 secs] [Times: user=0.00 sys=0.00, real=0.00 secs] 
139.012: [GC (Allocation Failure) [PSYoungGen: 41403K->10240K(44032K)] 451532K->420369K(502784K), 0.0009979 secs] [Times: user=0.00 sys=0.00, real=0.00 secs] 
139.344: [GC (Allocation Failure) [PSYoungGen: 31165K->15360K(44032K)] 441295K->425489K(502784K), 0.0015395 secs] [Times: user=0.00 sys=0.00, real=0.00 secs] 
139.563: [GC (Allocation Failure) [PSYoungGen: 26044K->5120K(44032K)] 456653K->435729K(502784K), 0.0009572 secs] [Times: user=0.00 sys=0.00, real=0.00 secs] 
139.564: [GC (Allocation Failure) [PSYoungGen: 5120K->5120K(44032K)] 435729K->435729K(502784K), 0.0009007 secs] [Times: user=0.00 sys=0.00, real=0.00 secs] 
139.565: [Full GC (Allocation Failure) [PSYoungGen: 5120K->0K(44032K)] [ParOldGen: 430609K->26129K(458752K)] 435729K->26129K(502784K), [Metaspace: 2796K->2796K(1056768K)], 0.0032823 secs] [Times: user=0.00 sys=0.00, real=0.00 secs] 
140.329: [GC (Allocation Failure) [PSYoungGen: 17852K->5120K(44032K)] 197581K->184849K(502784K), 0.0007250 secs] [Times: user=0.00 sys=0.00, real=0.00 secs] 
140.657: [GC (Allocation Failure) [PSYoungGen: 20926K->10240K(44032K)] 200655K->189969K(502784K), 0.0009867 secs] [Times: user=0.00 sys=0.00, real=0.00 secs] 
141.312: [GC (Allocation Failure) [PSYoungGen: 32187K->7168K(44032K)] 385996K->360977K(502784K), 0.0010266 secs] [Times: user=0.00 sys=0.00, real=0.00 secs] 
141.856: [GC (Allocation Failure) [PSYoungGen: 29118K->11264K(44032K)] 382927K->365073K(502784K), 0.0011586 secs] [Times: user=0.00 sys=0.00, real=0.00 secs] 
142.947: [GC (Allocation Failure) [PSYoungGen: 29116K->6144K(44032K)] 382925K->359953K(502784K), 0.0010391 secs] [Times: user=0.00 sys=0.00, real=0.00 secs] 
143.383: [GC (Allocation Failure) [PSYoungGen: 27066K->6144K(44032K)] 380876K->359953K(502784K), 0.0008904 secs] [Times: user=0.00 sys=0.00, real=0.00 secs] 
143.603: [GC (Allocation Failure) [PSYoungGen: 21946K->11264K(44032K)] 375755K->375313K(502784K), 0.0015061 secs] [Times: user=0.00 sys=0.00, real=0.00 secs] 
143.929: [GC (Allocation Failure) [PSYoungGen: 21944K->11264K(44032K)] 457674K->446993K(502784K), 0.0013613 secs] [Times: user=0.00 sys=0.00, real=0.00 secs] 
143.930: [GC (Allocation Failure) [PSYoungGen: 11264K->11264K(44032K)] 446993K->446993K(502784K), 0.0013118 secs] [Times: user=0.00 sys=0.00, real=0.00 secs] 
143.931: [Full GC (Allocation Failure) [PSYoungGen: 11264K->0K(44032K)] [ParOldGen: 435729K->62993K(458752K)] 446993K->62993K(502784K), [Metaspace: 2796K->2796K(1056768K)], 0.0061147 secs] [Times: user=0.00 sys=0.00, real=0.01 secs] 
144.601: [GC (Allocation Failure) [PSYoungGen: 17848K->10240K(44032K)] 183242K->175633K(502784K), 0.0009048 secs] [Times: user=0.00 sys=0.00, real=0.00 secs] 
144.925: [GC (Allocation Failure) [PSYoungGen: 26044K->10240K(44032K)] 191437K->175633K(502784K), 0.0009891 secs] [Times: user=0.00 sys=0.00, real=0.00 secs] 
145.583: [GC (Allocation Failure) [PSYoungGen: 32186K->16384K(44032K)] 371659K->355857K(502784K), 0.0015231 secs] [Times: user=0.00 sys=0.00, real=0.00 secs] 
146.781: [GC (Allocation Failure) [PSYoungGen: 38333K->0K(44032K)] 449486K->411153K(502784K), 0.0005877 secs] [Times: user=0.00 sys=0.00, real=0.00 secs] 
146.781: [GC (Allocation Failure) [PSYoungGen: 0K->0K(44032K)] 411153K->411153K(502784K), 0.0005132 secs] [Times: user=0.00 sys=0.00, real=0.00 secs] 
146.782: [Full GC (Allocation Failure) [PSYoungGen: 0K->0K(44032K)] [ParOldGen: 411153K->72209K(458752K)] 411153K->72209K(502784K), [Metaspace: 2796K->2796K(1056768K)], 0.0056566 secs] [Times: user=0.00 sys=0.00, real=0.01 secs] 
147.453: [GC (Allocation Failure) [PSYoungGen: 17855K->10240K(44032K)] 192464K->184849K(502784K), 0.0010088 secs] [Times: user=0.00 sys=0.00, real=0.00 secs] 
147.781: [GC (Allocation Failure) [PSYoungGen: 26048K->10240K(44032K)] 200657K->184849K(502784K), 0.0010131 secs] [Times: user=0.00 sys=0.00, real=0.00 secs] 
148.435: [GC (Allocation Failure) [PSYoungGen: 32188K->6144K(44032K)] 380878K->354833K(502784K), 0.0008527 secs] [Times: user=0.00 sys=0.00, real=0.00 secs] 
148.980: [GC (Allocation Failure) [PSYoungGen: 28094K->15360K(44032K)] 376784K->364049K(502784K), 0.0013306 secs] [Times: user=0.00 sys=0.00, real=0.00 secs] 
149.308: [GC (Allocation Failure) [PSYoungGen: 36284K->20480K(44032K)] 384974K->369169K(502784K), 0.0016996 secs] [Times: user=0.00 sys=0.00, real=0.00 secs] 
149.636: [GC (Allocation Failure) [PSYoungGen: 31163K->10240K(44032K)] 451533K->430609K(502784K), 0.0011012 secs] [Times: user=0.00 sys=0.00, real=0.00 secs] 
149.637: [GC (Allocation Failure) [PSYoungGen: 10240K->10240K(44032K)] 430609K->430609K(502784K), 0.0009630 secs] [Times: user=0.00 sys=0.00, real=0.00 secs] 
149.638: [Full GC (Allocation Failure) [PSYoungGen: 10240K->0K(44032K)] [ParOldGen: 420369K->133649K(458752K)] 430609K->133649K(502784K), [Metaspace: 2796K->2796K(1056768K)], 0.0088380 secs] [Times: user=0.00 sys=0.00, real=0.01 secs] 
150.634: [GC (Allocation Failure) [PSYoungGen: 15803K->10240K(44032K)] 251852K->246289K(502784K), 0.0009966 secs] [Times: user=0.00 sys=0.00, real=0.00 secs] 
151.288: [GC (Allocation Failure) [PSYoungGen: 32190K->7168K(44032K)] 442319K->417297K(502784K), 0.0010197 secs] [Times: user=0.00 sys=0.00, real=0.00 secs] 
151.833: [GC (Allocation Failure) [PSYoungGen: 29119K->11264K(44032K)] 439249K->421393K(502784K), 0.0013949 secs] [Times: user=0.00 sys=0.00, real=0.00 secs] 
152.161: [GC (Allocation Failure) [PSYoungGen: 32189K->16384K(44032K)] 442318K->431633K(502784K), 0.0019093 secs] [Times: user=0.00 sys=0.00, real=0.00 secs] 
152.378: [GC (Allocation Failure) [PSYoungGen: 27067K->6144K(44032K)] 462797K->441873K(502784K), 0.0010014 secs] [Times: user=0.08 sys=0.00, real=0.00 secs] 
152.379: [GC (Allocation Failure) [PSYoungGen: 6144K->6144K(44032K)] 441873K->441873K(502784K), 0.0008362 secs] [Times: user=0.00 sys=0.00, real=0.00 secs] 
152.379: [Full GC (Allocation Failure) [PSYoungGen: 6144K->0K(44032K)] [ParOldGen: 435729K->32273K(458752K)] 441873K->32273K(502784K), [Metaspace: 2796K->2796K(1056768K)], 0.0037478 secs] [Times: user=0.00 sys=0.00, real=0.00 secs] 
153.143: [GC (Allocation Failure) [PSYoungGen: 17851K->6144K(44032K)] 203725K->192017K(502784K), 0.0010634 secs] [Times: user=0.00 sys=0.00, real=0.00 secs] 
153.472: [GC (Allocation Failure) [PSYoungGen: 21950K->6144K(44032K)] 207823K->192017K(502784K), 0.0008468 secs] [Times: user=0.00 sys=0.00, real=0.00 secs] 
154.457: [GC (Allocation Failure) [PSYoungGen: 28091K->10240K(44032K)] 213964K->196113K(502784K), 0.0012386 secs] [Times: user=0.00 sys=0.00, real=0.00 secs] 
154.892: [GC (Allocation Failure) [PSYoungGen: 31162K->10240K(44032K)] 217036K->196113K(502784K), 0.0012170 secs] [Times: user=0.00 sys=0.00, real=0.00 secs] 
155.546: [GC (Allocation Failure) [PSYoungGen: 32186K->16384K(44032K)] 392139K->376337K(502784K), 0.0015738 secs] [Times: user=0.00 sys=0.00, real=0.00 secs] 
156.093: [GC (Allocation Failure) [PSYoungGen: 38333K->15360K(44032K)] 398286K->385553K(502784K), 0.0023490 secs] [Times: user=0.00 sys=0.00, real=0.00 secs] 
156.416: [GC (Allocation Failure) [PSYoungGen: 36283K->20480K(44032K)] 406477K->390673K(502784K), 0.0019038 secs] [Times: user=0.00 sys=0.00, real=0.00 secs] 
156.746: [Full GC (Ergonomics) [PSYoungGen: 31162K->0K(44032K)] [ParOldGen: 441873K->92689K(458752K)] 473036K->92689K(502784K), [Metaspace: 2796K->2796K(1056768K)], 0.0081237 secs] [Times: user=0.00 sys=0.00, real=0.01 secs] 
158.509: [GC (Allocation Failure) [PSYoungGen: 19898K->1024K(44032K)] 389068K->370193K(502784K), 0.0006485 secs] [Times: user=0.00 sys=0.00, real=0.00 secs] 
158.947: [GC (Allocation Failure) [PSYoungGen: 21949K->10240K(44032K)] 391119K->379409K(502784K), 0.0010633 secs] [Times: user=0.00 sys=0.00, real=0.00 secs] 
159.275: [GC (Allocation Failure) [PSYoungGen: 31164K->15360K(44032K)] 400333K->384529K(502784K), 0.0015565 secs] [Times: user=0.00 sys=0.00, real=0.00 secs] 
159.602: [Full GC (Ergonomics) [PSYoungGen: 26043K->0K(44032K)] [ParOldGen: 440849K->108049K(458752K)] 466892K->108049K(502784K), [Metaspace: 2796K->2796K(1056768K)], 0.0087131 secs] [Times: user=0.00 sys=0.00, real=0.01 secs] 
160.276: [GC (Allocation Failure) [PSYoungGen: 17851K->5120K(44032K)] 228300K->215569K(502784K), 0.0009620 secs] [Times: user=0.00 sys=0.00, real=0.00 secs] 
160.600: [GC (Allocation Failure) [PSYoungGen: 20925K->10240K(44032K)] 231375K->220689K(502784K), 0.0011461 secs] [Times: user=0.00 sys=0.00, real=0.00 secs] 
161.800: [GC (Allocation Failure) [PSYoungGen: 32187K->1024K(44032K)] 416716K->385553K(502784K), 0.0006902 secs] [Times: user=0.00 sys=0.00, real=0.00 secs] 
162.126: [GC (Allocation Failure) [PSYoungGen: 21949K->15360K(44032K)] 406479K->399889K(502784K), 0.0015813 secs] [Times: user=0.00 sys=0.00, real=0.00 secs] 
162.455: [Full GC (Ergonomics) [PSYoungGen: 26044K->0K(44032K)] [ParOldGen: 456209K->56849K(458752K)] 482253K->56849K(502784K), [Metaspace: 2796K->2796K(1056768K)], 0.0052232 secs] [Times: user=0.08 sys=0.00, real=0.00 secs] 
163.112: [GC (Allocation Failure) [PSYoungGen: 17852K->6144K(44032K)] 177101K->165393K(502784K), 0.0007949 secs] [Times: user=0.00 sys=0.00, real=0.00 secs] 
163.435: [GC (Allocation Failure) [PSYoungGen: 21950K->6144K(44032K)] 181199K->165393K(502784K), 0.0009944 secs] [Times: user=0.00 sys=0.00, real=0.00 secs] 
164.094: [GC (Allocation Failure) [PSYoungGen: 28091K->12288K(44032K)] 361420K->345617K(502784K), 0.0014348 secs] [Times: user=0.00 sys=0.00, real=0.00 secs] 
164.638: [GC (Allocation Failure) [PSYoungGen: 34238K->11264K(44032K)] 367567K->354833K(502784K), 0.0016307 secs] [Times: user=0.00 sys=0.00, real=0.00 secs] 
164.965: [GC (Allocation Failure) [PSYoungGen: 32188K->16384K(44032K)] 375757K->359953K(502784K), 0.0015943 secs] [Times: user=0.00 sys=0.00, real=0.00 secs] 
165.837: [GC (Allocation Failure) [PSYoungGen: 37307K->10240K(44032K)] 380876K->353809K(502784K), 0.0009065 secs] [Times: user=0.00 sys=0.00, real=0.00 secs] 
166.272: [GC (Allocation Failure) [PSYoungGen: 31162K->10240K(44032K)] 374731K->353809K(502784K), 0.0009452 secs] [Times: user=0.00 sys=0.00, real=0.00 secs] 
166.709: [GC (Allocation Failure) [PSYoungGen: 31162K->5120K(44032K)] 446411K->420369K(502784K), 0.0012232 secs] [Times: user=0.00 sys=0.00, real=0.00 secs] 
166.711: [GC (Allocation Failure) [PSYoungGen: 5120K->5120K(44032K)] 420369K->420369K(502784K), 0.0009345 secs] [Times: user=0.00 sys=0.00, real=0.00 secs] 
166.712: [Full GC (Allocation Failure) [PSYoungGen: 5120K->0K(44032K)] [ParOldGen: 415249K->77329K(458752K)] 420369K->77329K(502784K), [Metaspace: 2796K->2796K(1056768K)], 0.0062593 secs] [Times: user=0.00 sys=0.00, real=0.01 secs] 
167.379: [GC (Allocation Failure) [PSYoungGen: 17853K->10240K(44032K)] 197582K->189969K(502784K), 0.0009614 secs] [Times: user=0.00 sys=0.00, real=0.00 secs] 
167.705: [GC (Allocation Failure) [PSYoungGen: 26047K->10240K(44032K)] 205776K->189969K(502784K), 0.0009829 secs] [Times: user=0.00 sys=0.00, real=0.00 secs] 
168.361: [GC (Allocation Failure) [PSYoungGen: 32187K->6144K(44032K)] 385997K->359953K(502784K), 0.0009751 secs] [Times: user=0.00 sys=0.00, real=0.00 secs] 
169.557: [GC (Allocation Failure) [PSYoungGen: 28094K->0K(44032K)] 433103K->405009K(502784K), 0.0010495 secs] [Times: user=0.00 sys=0.00, real=0.00 secs] 
169.558: [GC (Allocation Failure) [PSYoungGen: 0K->0K(44032K)] 405009K->405009K(502784K), 0.0007551 secs] [Times: user=0.00 sys=0.00, real=0.00 secs] 
169.558: [Full GC (Allocation Failure) [PSYoungGen: 0K->0K(44032K)] [ParOldGen: 405009K->51729K(458752K)] 405009K->51729K(502784K), [Metaspace: 2796K->2796K(1056768K)], 0.0048604 secs] [Times: user=0.00 sys=0.00, real=0.01 secs] 
170.228: [GC (Allocation Failure) [PSYoungGen: 17855K->5120K(44032K)] 171985K->159249K(502784K), 0.0008348 secs] [Times: user=0.00 sys=0.00, real=0.00 secs] 
170.556: [GC (Allocation Failure) [PSYoungGen: 20928K->10240K(44032K)] 175058K->164369K(502784K), 0.0009322 secs] [Times: user=0.00 sys=0.00, real=0.00 secs] 
171.212: [GC (Allocation Failure) [PSYoungGen: 32188K->7168K(44032K)] 360398K->335377K(502784K), 0.0010412 secs] [Times: user=0.00 sys=0.00, real=0.00 secs] 
171.755: [GC (Allocation Failure) [PSYoungGen: 29119K->11264K(44032K)] 357328K->339473K(502784K), 0.0011459 secs] [Times: user=0.00 sys=0.00, real=0.00 secs] 
172.083: [GC (Allocation Failure) [PSYoungGen: 32189K->16384K(44032K)] 360398K->349713K(502784K), 0.0021884 secs] [Times: user=0.00 sys=0.00, real=0.00 secs] 
172.407: [GC (Allocation Failure) [PSYoungGen: 27067K->6144K(44032K)] 432077K->411153K(502784K), 0.0010944 secs] [Times: user=0.00 sys=0.00, real=0.00 secs] 
172.408: [GC (Allocation Failure) [PSYoungGen: 6144K->6144K(44032K)] 411153K->411153K(502784K), 0.0009132 secs] [Times: user=0.00 sys=0.00, real=0.00 secs] 
172.409: [Full GC (Allocation Failure) [PSYoungGen: 6144K->0K(44032K)] [ParOldGen: 405009K->165393K(458752K)] 411153K->165393K(502784K), [Metaspace: 2796K->2796K(1056768K)], 0.0120748 secs] [Times: user=0.02 sys=0.00, real=0.01 secs] 
173.516: [GC (Allocation Failure) [PSYoungGen: 17851K->20480K(44032K)] 285645K->288273K(502784K), 0.0013419 secs] [Times: user=0.00 sys=0.00, real=0.00 secs] 
174.278: [Full GC (Ergonomics) [PSYoungGen: 38334K->0K(44032K)] [ParOldGen: 441873K->16384K(458752K)] 480207K->16384K(502784K), [Metaspace: 2796K->2796K(1056768K)], 0.0027189 secs] [Times: user=0.00 sys=0.00, real=0.00 secs] 
174.715: [GC (Allocation Failure) [PSYoungGen: 20927K->5120K(44032K)] 37311K->21504K(502784K), 0.0008361 secs] [Times: user=0.00 sys=0.00, real=0.00 secs] 
174.929: [GC (Allocation Failure) [PSYoungGen: 20925K->10240K(44032K)] 37309K->26624K(502784K), 0.0012782 secs] [Times: user=0.00 sys=0.00, real=0.00 secs] 
175.692: [GC (Allocation Failure) [PSYoungGen: 28090K->15360K(44032K)] 218554K->205824K(502784K), 0.0015656 secs] [Times: user=0.00 sys=0.00, real=0.00 secs] 
176.128: [GC (Allocation Failure) [PSYoungGen: 36285K->20480K(44032K)] 226749K->210944K(502784K), 0.0018893 secs] [Times: user=0.00 sys=0.00, real=0.00 secs] 
176.346: [GC (Allocation Failure) [PSYoungGen: 36283K->20480K(44032K)] 226748K->216064K(502784K), 0.0021551 secs] [Times: user=0.02 sys=0.00, real=0.00 secs] 
177.329: [GC (Allocation Failure) [PSYoungGen: 41401K->10240K(44032K)] 257466K->226304K(502784K), 0.0009594 secs] [Times: user=0.00 sys=0.00, real=0.00 secs] 
177.656: [GC (Allocation Failure) [PSYoungGen: 26044K->10240K(44032K)] 242109K->226304K(502784K), 0.0013780 secs] [Times: user=0.00 sys=0.00, real=0.00 secs] 
178.308: [GC (Allocation Failure) [PSYoungGen: 32186K->6144K(44032K)] 422330K->396288K(502784K), 0.0013477 secs] [Times: user=0.00 sys=0.00, real=0.00 secs] 
178.854: [GC (Allocation Failure) [PSYoungGen: 28093K->15360K(44032K)] 418237K->405504K(502784K), 0.0013533 secs] [Times: user=0.00 sys=0.00, real=0.00 secs] 
179.180: [GC (Allocation Failure) [PSYoungGen: 36284K->20480K(44032K)] 426428K->410624K(502784K), 0.0017100 secs] [Times: user=0.00 sys=0.00, real=0.00 secs] 
179.398: [GC (Allocation Failure) [PSYoungGen: 31163K->10240K(44032K)] 441787K->420864K(502784K), 0.0014098 secs] [Times: user=0.00 sys=0.00, real=0.00 secs] 
179.399: [GC (Allocation Failure) [PSYoungGen: 10240K->10240K(44032K)] 420864K->420864K(502784K), 0.0014718 secs] [Times: user=0.00 sys=0.00, real=0.00 secs] 
179.401: [Full GC (Allocation Failure) [PSYoungGen: 10240K->0K(44032K)] [ParOldGen: 410624K->82449K(458752K)] 420864K->82449K(502784K), [Metaspace: 2796K->2796K(1056768K)], 0.0070343 secs] [Times: user=0.00 sys=0.00, real=0.01 secs] 
180.177: [GC (Allocation Failure) [PSYoungGen: 17851K->5120K(44032K)] 253900K->241169K(502784K), 0.0008912 secs] [Times: user=0.00 sys=0.00, real=0.00 secs] 
181.378: [GC (Allocation Failure) [PSYoungGen: 22973K->6144K(44032K)] 361423K->344593K(502784K), 0.0010202 secs] [Times: user=0.00 sys=0.00, real=0.00 secs] 
181.818: [GC (Allocation Failure) [PSYoungGen: 27071K->6144K(44032K)] 365520K->344593K(502784K), 0.0008424 secs] [Times: user=0.00 sys=0.00, real=0.00 secs] 
182.038: [GC (Allocation Failure) [PSYoungGen: 21949K->16384K(44032K)] 360398K->354833K(502784K), 0.0013656 secs] [Times: user=0.00 sys=0.00, real=0.00 secs] 
182.368: [GC (Allocation Failure) [PSYoungGen: 27066K->6144K(44032K)] 437196K->416273K(502784K), 0.0009410 secs] [Times: user=0.00 sys=0.00, real=0.00 secs] 
182.369: [GC (Allocation Failure) [PSYoungGen: 6144K->6144K(44032K)] 416273K->416273K(502784K), 0.0009784 secs] [Times: user=0.00 sys=0.00, real=0.00 secs] 
182.370: [Full GC (Allocation Failure) [PSYoungGen: 6144K->0K(44032K)] [ParOldGen: 410129K->57873K(458752K)] 416273K->57873K(502784K), [Metaspace: 2796K->2796K(1056768K)], 0.0052757 secs] [Times: user=0.00 sys=0.00, real=0.01 secs] 
183.040: [GC (Allocation Failure) [PSYoungGen: 17850K->6144K(44032K)] 178124K->166417K(502784K), 0.0008362 secs] [Times: user=0.00 sys=0.00, real=0.00 secs] 
183.369: [GC (Allocation Failure) [PSYoungGen: 21949K->6144K(44032K)] 182222K->166417K(502784K), 0.0008276 secs] [Times: user=0.00 sys=0.00, real=0.00 secs] 
184.022: [GC (Allocation Failure) [PSYoungGen: 28090K->12288K(44032K)] 362444K->346641K(502784K), 0.0015763 secs] [Times: user=0.00 sys=0.00, real=0.00 secs] 
184.897: [GC (Allocation Failure) [PSYoungGen: 29117K->10240K(44032K)] 363471K->344593K(502784K), 0.0012618 secs] [Times: user=0.00 sys=0.00, real=0.00 secs] 
185.226: [GC (Allocation Failure) [PSYoungGen: 20923K->10240K(44032K)] 426956K->416273K(502784K), 0.0014065 secs] [Times: user=0.00 sys=0.00, real=0.00 secs] 
185.227: [GC (Allocation Failure) [PSYoungGen: 10240K->10240K(44032K)] 416273K->416273K(502784K), 0.0012647 secs] [Times: user=0.00 sys=0.00, real=0.00 secs] 
185.228: [Full GC (Allocation Failure) [PSYoungGen: 10240K->0K(44032K)] [ParOldGen: 406033K->61969K(458752K)] 416273K->61969K(502784K), [Metaspace: 2796K->2796K(1056768K)], 0.0055083 secs] [Times: user=0.00 sys=0.00, real=0.01 secs] 
185.895: [GC (Allocation Failure) [PSYoungGen: 17851K->10240K(44032K)] 182220K->174609K(502784K), 0.0010400 secs] [Times: user=0.00 sys=0.00, real=0.00 secs] 
186.222: [GC (Allocation Failure) [PSYoungGen: 26045K->10240K(44032K)] 190415K->174609K(502784K), 0.0010208 secs] [Times: user=0.00 sys=0.00, real=0.00 secs] 
186.875: [GC (Allocation Failure) [PSYoungGen: 32187K->6144K(44032K)] 370636K->344593K(502784K), 0.0010072 secs] [Times: user=0.00 sys=0.00, real=0.00 secs] 
187.419: [GC (Allocation Failure) [PSYoungGen: 28093K->15360K(44032K)] 366543K->353809K(502784K), 0.0013577 secs] [Times: user=0.00 sys=0.00, real=0.00 secs] 
187.748: [GC (Allocation Failure) [PSYoungGen: 36284K->20480K(44032K)] 374733K->358929K(502784K), 0.0017062 secs] [Times: user=0.00 sys=0.00, real=0.00 secs] 
188.837: [GC (Allocation Failure) [PSYoungGen: 41403K->10240K(44032K)] 451532K->420369K(502784K), 0.0009987 secs] [Times: user=0.00 sys=0.00, real=0.00 secs] 
189.164: [GC (Allocation Failure) [PSYoungGen: 31165K->15360K(44032K)] 441295K->425489K(502784K), 0.0015698 secs] [Times: user=0.00 sys=0.00, real=0.00 secs] 
189.382: [GC (Allocation Failure) [PSYoungGen: 26044K->5120K(44032K)] 456653K->435729K(502784K), 0.0007865 secs] [Times: user=0.00 sys=0.00, real=0.00 secs] 
189.382: [GC (Allocation Failure) [PSYoungGen: 5120K->5120K(44032K)] 435729K->435729K(502784K), 0.0009000 secs] [Times: user=0.00 sys=0.00, real=0.00 secs] 
189.383: [Full GC (Allocation Failure) [PSYoungGen: 5120K->0K(44032K)] [ParOldGen: 430609K->26129K(458752K)] 435729K->26129K(502784K), [Metaspace: 2796K->2796K(1056768K)], 0.0032249 secs] [Times: user=0.00 sys=0.00, real=0.00 secs] 
190.146: [GC (Allocation Failure) [PSYoungGen: 17852K->5120K(44032K)] 197581K->184849K(502784K), 0.0007018 secs] [Times: user=0.00 sys=0.00, real=0.00 secs] 
190.471: [GC (Allocation Failure) [PSYoungGen: 20926K->10240K(44032K)] 200655K->189969K(502784K), 0.0011141 secs] [Times: user=0.05 sys=0.00, real=0.00 secs] 
191.127: [GC (Allocation Failure) [PSYoungGen: 32187K->7168K(44032K)] 385996K->360977K(502784K), 0.0010803 secs] [Times: user=0.00 sys=0.00, real=0.00 secs] 
191.672: [GC (Allocation Failure) [PSYoungGen: 29118K->11296K(44032K)] 382927K->365105K(502784K), 0.0012588 secs] [Times: user=0.00 sys=0.00, real=0.00 secs] 
192.763: [GC (Allocation Failure) [PSYoungGen: 29148K->6176K(44032K)] 382957K->359985K(502784K), 0.0010504 secs] [Times: user=0.00 sys=0.00, real=0.00 secs] 
193.201: [GC (Allocation Failure) [PSYoungGen: 27098K->6176K(44032K)] 380908K->359985K(502784K), 0.0010309 secs] [Times: user=0.00 sys=0.00, real=0.00 secs] 
193.419: [GC (Allocation Failure) [PSYoungGen: 21978K->20512K(44032K)] 375787K->375345K(502784K), 0.0013826 secs] [Times: user=0.00 sys=0.00, real=0.00 secs] 
193.748: [GC (Allocation Failure) [PSYoungGen: 31192K->10272K(44032K)] 457706K->436785K(502784K), 0.0014831 secs] [Times: user=0.00 sys=0.00, real=0.00 secs] 
193.749: [GC (Allocation Failure) [PSYoungGen: 10272K->10272K(44032K)] 436785K->436785K(502784K), 0.0015030 secs] [Times: user=0.00 sys=0.00, real=0.00 secs] 
193.751: [Full GC (Allocation Failure) [PSYoungGen: 10272K->0K(44032K)] [ParOldGen: 426513K->62993K(458752K)] 436785K->62993K(502784K), [Metaspace: 2796K->2796K(1056768K)], 0.0062831 secs] [Times: user=0.02 sys=0.00, real=0.01 secs] 
194.416: [GC (Allocation Failure) [PSYoungGen: 17848K->10272K(44032K)] 183242K->175665K(502784K), 0.0010332 secs] [Times: user=0.00 sys=0.00, real=0.00 secs] 
194.746: [GC (Allocation Failure) [PSYoungGen: 26076K->10272K(44032K)] 191469K->175665K(502784K), 0.0011244 secs] [Times: user=0.00 sys=0.00, real=0.00 secs] 
195.401: [GC (Allocation Failure) [PSYoungGen: 32218K->16448K(44032K)] 371691K->355921K(502784K), 0.0013966 secs] [Times: user=0.00 sys=0.00, real=0.00 secs] 
196.599: [GC (Allocation Failure) [PSYoungGen: 38397K->32K(44032K)] 449550K->411185K(502784K), 0.0010909 secs] [Times: user=0.00 sys=0.00, real=0.00 secs] 
196.601: [GC (Allocation Failure) [PSYoungGen: 32K->32K(44032K)] 411185K->411185K(502784K), 0.0006973 secs] [Times: user=0.00 sys=0.00, real=0.00 secs] 
196.601: [Full GC (Allocation Failure) [PSYoungGen: 32K->0K(44032K)] [ParOldGen: 411153K->72209K(458752K)] 411185K->72209K(502784K), [Metaspace: 2796K->2796K(1056768K)], 0.0062935 secs] [Times: user=0.00 sys=0.00, real=0.00 secs] 
197.270: [GC (Allocation Failure) [PSYoungGen: 17855K->10240K(44032K)] 192464K->184849K(502784K), 0.0008446 secs] [Times: user=0.00 sys=0.00, real=0.00 secs] 
197.596: [GC (Allocation Failure) [PSYoungGen: 26048K->10240K(44032K)] 200658K->184849K(502784K), 0.0013591 secs] [Times: user=0.00 sys=0.00, real=0.00 secs] 
198.254: [GC (Allocation Failure) [PSYoungGen: 32188K->6144K(44032K)] 380878K->354833K(502784K), 0.0008670 secs] [Times: user=0.00 sys=0.00, real=0.00 secs] 
198.797: [GC (Allocation Failure) [PSYoungGen: 28094K->15360K(44032K)] 376784K->364049K(502784K), 0.0012719 secs] [Times: user=0.00 sys=0.00, real=0.00 secs] 
199.125: [GC (Allocation Failure) [PSYoungGen: 36284K->20480K(44032K)] 384974K->369169K(502784K), 0.0017722 secs] [Times: user=0.00 sys=0.00, real=0.00 secs] 
199.454: [GC (Allocation Failure) [PSYoungGen: 31163K->10240K(44032K)] 451533K->430609K(502784K), 0.0010037 secs] [Times: user=0.00 sys=0.00, real=0.00 secs] 
199.455: [GC (Allocation Failure) [PSYoungGen: 10240K->10240K(44032K)] 430609K->430609K(502784K), 0.0011499 secs] [Times: user=0.00 sys=0.00, real=0.00 secs] 
199.456: [Full GC (Allocation Failure) [PSYoungGen: 10240K->0K(44032K)] [ParOldGen: 420369K->133649K(458752K)] 430609K->133649K(502784K), [Metaspace: 2796K->2796K(1056768K)], 0.0088304 secs] [Times: user=0.00 sys=0.00, real=0.01 secs] 
200.450: [GC (Allocation Failure) [PSYoungGen: 15803K->10240K(44032K)] 251853K->246289K(502784K), 0.0012588 secs] [Times: user=0.00 sys=0.00, real=0.00 secs] 
201.105: [GC (Allocation Failure) [PSYoungGen: 32190K->7168K(44032K)] 442319K->417297K(502784K), 0.0009258 secs] [Times: user=0.00 sys=0.00, real=0.00 secs] 
201.650: [GC (Allocation Failure) [PSYoungGen: 29119K->11264K(44032K)] 439249K->421393K(502784K), 0.0014365 secs] [Times: user=0.00 sys=0.00, real=0.00 secs] 
201.980: [GC (Allocation Failure) [PSYoungGen: 32189K->20480K(44032K)] 442319K->431633K(502784K), 0.0019785 secs] [Times: user=0.00 sys=0.00, real=0.00 secs] 
202.197: [GC (Allocation Failure) [PSYoungGen: 31163K->10240K(44032K)] 462797K->441873K(502784K), 0.0010634 secs] [Times: user=0.00 sys=0.00, real=0.00 secs] 
202.199: [GC (Allocation Failure) [PSYoungGen: 10240K->10240K(44032K)] 441873K->441873K(502784K), 0.0008880 secs] [Times: user=0.00 sys=0.00, real=0.00 secs] 
202.200: [Full GC (Allocation Failure) [PSYoungGen: 10240K->0K(44032K)] [ParOldGen: 431633K->32273K(458752K)] 441873K->32273K(502784K), [Metaspace: 2796K->2796K(1056768K)], 0.0036984 secs] [Times: user=0.00 sys=0.00, real=0.00 secs] 
202.965: [GC (Allocation Failure) [PSYoungGen: 17851K->6144K(44032K)] 203725K->192017K(502784K), 0.0010420 secs] [Times: user=0.00 sys=0.00, real=0.00 secs] 
203.293: [GC (Allocation Failure) [PSYoungGen: 21950K->6144K(44032K)] 207824K->192017K(502784K), 0.0007298 secs] [Times: user=0.00 sys=0.00, real=0.00 secs] 
204.276: [GC (Allocation Failure) [PSYoungGen: 28091K->10240K(44032K)] 213965K->196113K(502784K), 0.0009581 secs] [Times: user=0.00 sys=0.00, real=0.00 secs] 
204.711: [GC (Allocation Failure) [PSYoungGen: 31162K->10240K(44032K)] 217036K->196113K(502784K), 0.0011097 secs] [Times: user=0.00 sys=0.00, real=0.00 secs] 
205.368: [GC (Allocation Failure) [PSYoungGen: 32186K->16384K(44032K)] 392140K->376337K(502784K), 0.0016310 secs] [Times: user=0.00 sys=0.00, real=0.00 secs] 
205.914: [GC (Allocation Failure) [PSYoungGen: 38333K->15360K(44032K)] 398287K->385553K(502784K), 0.0020427 secs] [Times: user=0.00 sys=0.00, real=0.00 secs] 
206.241: [GC (Allocation Failure) [PSYoungGen: 36283K->20480K(44032K)] 406477K->390673K(502784K), 0.0017378 secs] [Times: user=0.00 sys=0.00, real=0.00 secs] 
206.568: [Full GC (Ergonomics) [PSYoungGen: 31162K->0K(44032K)] [ParOldGen: 441873K->92689K(458752K)] 473036K->92689K(502784K), [Metaspace: 2796K->2796K(1056768K)], 0.0077947 secs] [Times: user=0.00 sys=0.00, real=0.01 secs] 
208.331: [GC (Allocation Failure) [PSYoungGen: 19898K->1024K(44032K)] 389068K->370193K(502784K), 0.0007785 secs] [Times: user=0.00 sys=0.00, real=0.00 secs] 
208.769: [GC (Allocation Failure) [PSYoungGen: 21949K->10240K(44032K)] 391119K->379409K(502784K), 0.0010224 secs] [Times: user=0.00 sys=0.00, real=0.00 secs] 
209.097: [GC (Allocation Failure) [PSYoungGen: 31164K->15360K(44032K)] 400333K->384529K(502784K), 0.0015798 secs] [Times: user=0.00 sys=0.00, real=0.00 secs] 
209.427: [Full GC (Ergonomics) [PSYoungGen: 26043K->0K(44032K)] [ParOldGen: 440849K->108049K(458752K)] 466892K->108049K(502784K), [Metaspace: 2796K->2796K(1056768K)], 0.0088350 secs] [Times: user=0.00 sys=0.00, real=0.01 secs] 
210.099: [GC (Allocation Failure) [PSYoungGen: 17851K->5120K(44032K)] 228300K->215569K(502784K), 0.0007577 secs] [Times: user=0.00 sys=0.00, real=0.00 secs] 
210.424: [GC (Allocation Failure) [PSYoungGen: 20925K->10240K(44032K)] 231375K->220689K(502784K), 0.0012372 secs] [Times: user=0.00 sys=0.00, real=0.00 secs] 
211.631: [GC (Allocation Failure) [PSYoungGen: 32187K->1024K(44032K)] 416716K->385553K(502784K), 0.0008238 secs] [Times: user=0.00 sys=0.00, real=0.00 secs] 
211.960: [GC (Allocation Failure) [PSYoungGen: 21949K->15360K(44032K)] 406479K->399889K(502784K), 0.0016177 secs] [Times: user=0.00 sys=0.00, real=0.00 secs] 
212.288: [Full GC (Ergonomics) [PSYoungGen: 26044K->0K(44032K)] [ParOldGen: 456209K->56849K(458752K)] 482253K->56849K(502784K), [Metaspace: 2796K->2796K(1056768K)], 0.0054493 secs] [Times: user=0.00 sys=0.00, real=0.01 secs] 
212.959: [GC (Allocation Failure) [PSYoungGen: 17852K->6144K(44032K)] 177101K->165393K(502784K), 0.0008624 secs] [Times: user=0.00 sys=0.00, real=0.00 secs] 
213.285: [GC (Allocation Failure) [PSYoungGen: 21950K->6144K(44032K)] 181200K->165393K(502784K), 0.0009229 secs] [Times: user=0.00 sys=0.00, real=0.00 secs] 
213.941: [GC (Allocation Failure) [PSYoungGen: 28091K->12288K(44032K)] 361421K->345617K(502784K), 0.0015194 secs] [Times: user=0.00 sys=0.00, real=0.00 secs] 
214.485: [GC (Allocation Failure) [PSYoungGen: 34238K->11264K(44032K)] 367567K->354833K(502784K), 0.0018892 secs] [Times: user=0.00 sys=0.00, real=0.00 secs] 
214.813: [GC (Allocation Failure) [PSYoungGen: 32188K->16384K(44032K)] 375758K->359953K(502784K), 0.0015357 secs] [Times: user=0.00 sys=0.00, real=0.00 secs] 
215.686: [GC (Allocation Failure) [PSYoungGen: 37307K->10240K(44032K)] 380877K->353809K(502784K), 0.0009630 secs] [Times: user=0.00 sys=0.00, real=0.00 secs] 
216.124: [GC (Allocation Failure) [PSYoungGen: 31162K->10240K(44032K)] 374732K->353809K(502784K), 0.0010040 secs] [Times: user=0.00 sys=0.00, real=0.00 secs] 
216.560: [GC (Allocation Failure) [PSYoungGen: 31162K->5120K(44032K)] 446411K->420369K(502784K), 0.0009056 secs] [Times: user=0.00 sys=0.00, real=0.00 secs] 
216.560: [GC (Allocation Failure) [PSYoungGen: 5120K->5120K(44032K)] 420369K->420369K(502784K), 0.0009594 secs] [Times: user=0.00 sys=0.00, real=0.00 secs] 
216.561: [Full GC (Allocation Failure) [PSYoungGen: 5120K->0K(44032K)] [ParOldGen: 415249K->77329K(458752K)] 420369K->77329K(502784K), [Metaspace: 2796K->2796K(1056768K)], 0.0063869 secs] [Times: user=0.00 sys=0.00, real=0.01 secs] 
217.228: [GC (Allocation Failure) [PSYoungGen: 17853K->10240K(44032K)] 197582K->189969K(502784K), 0.0008230 secs] [Times: user=0.00 sys=0.00, real=0.00 secs] 
217.557: [GC (Allocation Failure) [PSYoungGen: 26047K->10240K(44032K)] 205776K->189969K(502784K), 0.0008928 secs] [Times: user=0.00 sys=0.00, real=0.00 secs] 
218.213: [GC (Allocation Failure) [PSYoungGen: 32187K->6144K(44032K)] 385997K->359953K(502784K), 0.0013660 secs] [Times: user=0.00 sys=0.00, real=0.00 secs] 
Heap
 PSYoungGen      total 44032K, used 28545K [0x00000000fc000000, 0x0000000100000000, 0x0000000100000000)
  eden space 22528K, 99% used [0x00000000fc000000,0x00000000fd5e0490,0x00000000fd600000)
  from space 21504K, 28% used [0x00000000fd600000,0x00000000fdc00020,0x00000000feb00000)
  to   space 21504K, 0% used [0x00000000feb00000,0x00000000feb00000,0x0000000100000000)
 ParOldGen       total 458752K, used 353809K [0x00000000e0000000, 0x00000000fc000000, 0x00000000fc000000)
  object space 458752K, 77% used [0x00000000e0000000,0x00000000f5984750,0x00000000fc000000)
 Metaspace       used 2804K, capacity 4486K, committed 4864K, reserved 1056768K
  class space    used 297K, capacity 386K, committed 512K, reserved 1048576K
