Java HotSpot(TM) 64-Bit Server VM (25.411-b09) for windows-amd64 JRE (1.8.0_411-b09), built on Mar 13 2024 07:26:13 by "java_re" with MS VC++ 17.1 (VS2022)
Memory: 4k page, physical 33403376k(14414028k free), swap 37153868k(7453604k free)
CommandLine flags: -XX:InitialHeapSize=536870912 -XX:MaxHeapSize=536870912 -XX:NewRatio=2 -XX:ParallelGCThreads=6 -XX:+PrintGC -XX:+PrintGCDetails -XX:+PrintGCTimeStamps -XX:SurvivorRatio=1 -XX:-UseAdaptiveSizePolicy -XX:+UseCompressedClassPointers -XX:+UseCompressedOops -XX:-UseLargePagesIndividualAllocation -XX:+UseParallelGC 
1.150: [GC (Allocation Failure) [PSYoungGen: 55603K->16080K(116736K)] 55603K->16088K(466432K), 0.0045715 secs] [Times: user=0.00 sys=0.00, real=0.00 secs] 
2.398: [GC (Allocation Failure) [PSYoungGen: 69456K->17040K(116736K)] 223064K->170656K(466432K), 0.0029194 secs] [Times: user=0.00 sys=0.00, real=0.00 secs] 
3.535: [GC (Allocation Failure) [PSYoungGen: 75545K->18080K(116736K)] 382761K->325296K(466432K), 0.0018238 secs] [Times: user=0.00 sys=0.00, real=0.00 secs] 
5.281: [GC (Allocation Failure) [PSYoungGen: 75567K->10912K(116736K)] 382783K->318128K(466432K), 0.0010981 secs] [Times: user=0.00 sys=0.00, real=0.00 secs] 
5.607: [GC (Allocation Failure) [PSYoungGen: 53041K->36512K(116736K)] 360258K->343728K(466432K), 0.0044054 secs] [Times: user=0.00 sys=0.00, real=0.00 secs] 
5.716: [GC (Allocation Failure) [PSYoungGen: 88883K->57024K(116736K)] 396099K->374480K(466432K), 0.0156514 secs] [Times: user=0.00 sys=0.00, real=0.01 secs] 
5.732: [GC (Allocation Failure) [PSYoungGen: 57024K->56920K(116736K)] 374480K->374376K(466432K), 0.0154252 secs] [Times: user=0.00 sys=0.00, real=0.02 secs] 
5.748: [Full GC (Allocation Failure) [PSYoungGen: 56920K->0K(116736K)] [ParOldGen: 317456K->67088K(349696K)] 374376K->67088K(466432K), [Metaspace: 2753K->2753K(1056768K)], 0.0092869 secs] [Times: user=0.00 sys=0.00, real=0.01 secs] 
6.963: [GC (Allocation Failure) [PSYoungGen: 53388K->15360K(116736K)] 222877K->184848K(466432K), 0.0016348 secs] [Times: user=0.00 sys=0.00, real=0.00 secs] 
8.379: [Full GC (Ergonomics) [PSYoungGen: 53981K->0K(116736K)] [ParOldGen: 323088K->5648K(349696K)] 377070K->5648K(466432K), [Metaspace: 2759K->2759K(1056768K)], 0.0043378 secs] [Times: user=0.00 sys=0.00, real=0.00 secs] 
9.587: [GC (Allocation Failure) [PSYoungGen: 53396K->10240K(116736K)] 212645K->169488K(466432K), 0.0010106 secs] [Times: user=0.02 sys=0.00, real=0.00 secs] 
10.684: [GC (Allocation Failure) [PSYoungGen: 68758K->10240K(116736K)] 381607K->323088K(466432K), 0.0010174 secs] [Times: user=0.00 sys=0.00, real=0.00 secs] 
11.342: [GC (Allocation Failure) [PSYoungGen: 67735K->30720K(116736K)] 380584K->343568K(466432K), 0.0026086 secs] [Times: user=0.00 sys=0.00, real=0.00 secs] 
11.453: [GC (Allocation Failure) [PSYoungGen: 83095K->56320K(116736K)] 395944K->374288K(466432K), 0.0046556 secs] [Times: user=0.00 sys=0.00, real=0.00 secs] 
11.458: [GC (Allocation Failure) [PSYoungGen: 56320K->56320K(116736K)] 374288K->374288K(466432K), 0.0043162 secs] [Times: user=0.00 sys=0.00, real=0.00 secs] 
11.462: [Full GC (Allocation Failure) [PSYoungGen: 56320K->0K(116736K)] [ParOldGen: 317968K->215568K(349696K)] 374288K->215568K(466432K), [Metaspace: 2761K->2761K(1056768K)], 0.0153221 secs] [Times: user=0.00 sys=0.00, real=0.02 secs] 
12.792: [GC (Allocation Failure) [PSYoungGen: 52749K->25632K(116736K)] 370718K->343608K(466432K), 0.0023224 secs] [Times: user=0.00 sys=0.00, real=0.00 secs] 
12.901: [GC (Allocation Failure) [PSYoungGen: 78002K->56352K(116736K)] 395979K->374328K(466432K), 0.0045501 secs] [Times: user=0.00 sys=0.00, real=0.00 secs] 
12.905: [GC (Allocation Failure) [PSYoungGen: 56352K->56416K(116736K)] 374328K->374392K(466432K), 0.0044693 secs] [Times: user=0.00 sys=0.00, real=0.01 secs] 
12.910: [Full GC (Allocation Failure) [PSYoungGen: 56416K->0K(116736K)] [ParOldGen: 317976K->57344K(349696K)] 374392K->57344K(466432K), [Metaspace: 2763K->2763K(1056768K)], 0.0055064 secs] [Times: user=0.02 sys=0.00, real=0.01 secs] 
14.118: [GC (Allocation Failure) [PSYoungGen: 53396K->21504K(116736K)] 213140K->181248K(466432K), 0.0015487 secs] [Times: user=0.02 sys=0.00, real=0.00 secs] 
15.322: [GC (Allocation Failure) [PSYoungGen: 74902K->21504K(116736K)] 388246K->334848K(466432K), 0.0022443 secs] [Times: user=0.00 sys=0.00, real=0.00 secs] 
16.739: [GC (Allocation Failure) [PSYoungGen: 73879K->10240K(116736K)] 387223K->323584K(466432K), 0.0011600 secs] [Times: user=0.00 sys=0.00, real=0.00 secs] 
17.067: [GC (Allocation Failure) [PSYoungGen: 52375K->46080K(116736K)] 365719K->359424K(466432K), 0.0027051 secs] [Times: user=0.00 sys=0.00, real=0.00 secs] 
17.176: [GC (Allocation Failure) [PSYoungGen: 98444K->56320K(116736K)] 411788K->390144K(466432K), 0.0053832 secs] [Times: user=0.00 sys=0.00, real=0.00 secs] 
17.182: [Full GC (Ergonomics) [PSYoungGen: 56320K->0K(116736K)] [ParOldGen: 333824K->77329K(349696K)] 390144K->77329K(466432K), [Metaspace: 2768K->2768K(1056768K)], 0.0061707 secs] [Times: user=0.00 sys=0.00, real=0.01 secs] 
18.394: [GC (Allocation Failure) [PSYoungGen: 53384K->15360K(116736K)] 233113K->195089K(466432K), 0.0015853 secs] [Times: user=0.00 sys=0.00, real=0.00 secs] 
19.922: [Full GC (Ergonomics) [PSYoungGen: 58510K->0K(116736K)] [ParOldGen: 333329K->6144K(349696K)] 391839K->6144K(466432K), [Metaspace: 2770K->2770K(1056768K)], 0.0020239 secs] [Times: user=0.00 sys=0.00, real=0.00 secs] 
20.470: [GC (Allocation Failure) [PSYoungGen: 58514K->5120K(116736K)] 167058K->113664K(466432K), 0.0007386 secs] [Times: user=0.00 sys=0.00, real=0.00 secs] 
21.232: [GC (Allocation Failure) [PSYoungGen: 52372K->15360K(116736K)] 160916K->123904K(466432K), 0.0013197 secs] [Times: user=0.00 sys=0.00, real=0.00 secs] 
22.433: [GC (Allocation Failure) [PSYoungGen: 68757K->16384K(116736K)] 330901K->278528K(466432K), 0.0017008 secs] [Times: user=0.00 sys=0.00, real=0.00 secs] 
22.869: [GC (Allocation Failure) [PSYoungGen: 58518K->11264K(116736K)] 371862K->324608K(466432K), 0.0010972 secs] [Times: user=0.00 sys=0.00, real=0.00 secs] 
22.870: [GC (Allocation Failure) [PSYoungGen: 11264K->11264K(116736K)] 324608K->324608K(466432K), 0.0009613 secs] [Times: user=0.00 sys=0.00, real=0.00 secs] 
22.871: [Full GC (Allocation Failure) [PSYoungGen: 11264K->0K(116736K)] [ParOldGen: 313344K->171008K(349696K)] 324608K->171008K(466432K), [Metaspace: 2779K->2779K(1056768K)], 0.0056688 secs] [Times: user=0.00 sys=0.00, real=0.01 secs] 
24.302: [Full GC (Ergonomics) [PSYoungGen: 48279K->0K(116736K)] [ParOldGen: 324608K->61969K(349696K)] 372887K->61969K(466432K), [Metaspace: 2779K->2779K(1056768K)], 0.0061143 secs] [Times: user=0.00 sys=0.00, real=0.01 secs] 
25.520: [GC (Allocation Failure) [PSYoungGen: 53400K->25600K(116736K)] 217769K->189969K(466432K), 0.0019582 secs] [Times: user=0.00 sys=0.00, real=0.00 secs] 
26.719: [GC (Allocation Failure) [PSYoungGen: 79001K->25600K(116736K)] 396970K->343569K(466432K), 0.0020217 secs] [Times: user=0.00 sys=0.00, real=0.00 secs] 
27.920: [GC (Allocation Failure) [PSYoungGen: 83097K->10240K(116736K)] 401066K->328209K(466432K), 0.0011171 secs] [Times: user=0.00 sys=0.00, real=0.00 secs] 
28.462: [GC (Allocation Failure) [PSYoungGen: 62865K->25632K(116736K)] 380834K->343609K(466432K), 0.0021833 secs] [Times: user=0.01 sys=0.00, real=0.00 secs] 
28.570: [GC (Allocation Failure) --[PSYoungGen: 77997K->77997K(116736K)] 395974K->395974K(466432K), 0.0048126 secs] [Times: user=0.00 sys=0.00, real=0.01 secs] 
28.575: [Full GC (Ergonomics) [PSYoungGen: 77997K->0K(116736K)] [ParOldGen: 317977K->57344K(349696K)] 395974K->57344K(466432K), [Metaspace: 2793K->2793K(1056768K)], 0.0053726 secs] [Times: user=0.00 sys=0.00, real=0.00 secs] 
29.787: [GC (Allocation Failure) [PSYoungGen: 53384K->15360K(116736K)] 213129K->175104K(466432K), 0.0013834 secs] [Times: user=0.00 sys=0.00, real=0.00 secs] 
31.425: [GC (Allocation Failure) [PSYoungGen: 63630K->5120K(116736K)] 376975K->318464K(466432K), 0.0009330 secs] [Times: user=0.00 sys=0.00, real=0.00 secs] 
31.426: [GC (Allocation Failure) [PSYoungGen: 5120K->5120K(116736K)] 318464K->318464K(466432K), 0.0009540 secs] [Times: user=0.00 sys=0.00, real=0.00 secs] 
31.427: [Full GC (Allocation Failure) [PSYoungGen: 5120K->0K(116736K)] [ParOldGen: 313344K->6144K(349696K)] 318464K->6144K(466432K), [Metaspace: 2793K->2793K(1056768K)], 0.0018949 secs] [Times: user=0.00 sys=0.00, real=0.00 secs] 
32.624: [GC (Allocation Failure) [PSYoungGen: 53394K->16384K(116736K)] 161938K->124928K(466432K), 0.0016825 secs] [Times: user=0.00 sys=0.00, real=0.00 secs] 
33.830: [GC (Allocation Failure) [PSYoungGen: 69781K->12288K(116736K)] 331925K->274432K(466432K), 0.0011240 secs] [Times: user=0.00 sys=0.00, real=0.00 secs] 
34.264: [GC (Allocation Failure) [PSYoungGen: 54422K->17408K(116736K)] 367767K->330752K(466432K), 0.0017568 secs] [Times: user=0.00 sys=0.00, real=0.00 secs] 
34.266: [GC (Allocation Failure) [PSYoungGen: 17408K->17408K(116736K)] 330752K->330752K(466432K), 0.0015349 secs] [Times: user=0.00 sys=0.00, real=0.00 secs] 
34.268: [Full GC (Allocation Failure) [PSYoungGen: 17408K->0K(116736K)] [ParOldGen: 313344K->69137K(349696K)] 330752K->69137K(466432K), [Metaspace: 2793K->2793K(1056768K)], 0.0055630 secs] [Times: user=0.00 sys=0.00, real=0.01 secs] 
36.140: [GC (Allocation Failure) [PSYoungGen: 55447K->15360K(116736K)] 380585K->340497K(466432K), 0.0015118 secs] [Times: user=0.00 sys=0.00, real=0.00 secs] 
36.902: [GC (Allocation Failure) [PSYoungGen: 62616K->25600K(116736K)] 387753K->350737K(466432K), 0.0020771 secs] [Times: user=0.00 sys=0.00, real=0.00 secs] 
37.012: [GC (Allocation Failure) [PSYoungGen: 47255K->56320K(116736K)] 372393K->381457K(466432K), 0.0033790 secs] [Times: user=0.00 sys=0.00, real=0.00 secs] 
37.122: [GC (Allocation Failure) --[PSYoungGen: 108695K->108695K(116736K)] 433833K->433833K(466432K), 0.0029067 secs] [Times: user=0.00 sys=0.00, real=0.00 secs] 
37.125: [Full GC (Ergonomics) [PSYoungGen: 108695K->0K(116736K)] [ParOldGen: 325137K->88064K(349696K)] 433833K->88064K(466432K), [Metaspace: 2793K->2793K(1056768K)], 0.0074330 secs] [Times: user=0.00 sys=0.00, real=0.01 secs] 
38.337: [GC (Allocation Failure) [PSYoungGen: 53391K->15360K(116736K)] 243855K->205824K(466432K), 0.0014457 secs] [Times: user=0.00 sys=0.00, real=0.00 secs] 
39.653: [GC (Allocation Failure) [PSYoungGen: 67730K->15360K(116736K)] 309394K->257024K(466432K), 0.0014934 secs] [Times: user=0.00 sys=0.00, real=0.00 secs] 
39.982: [GC (Allocation Failure) [PSYoungGen: 47253K->5120K(116736K)] 340117K->297984K(466432K), 0.0009664 secs] [Times: user=0.00 sys=0.00, real=0.00 secs] 
39.983: [GC (Allocation Failure) [PSYoungGen: 5120K->5120K(116736K)] 297984K->297984K(466432K), 0.0009742 secs] [Times: user=0.00 sys=0.00, real=0.00 secs] 
39.984: [Full GC (Allocation Failure) [PSYoungGen: 5120K->0K(116736K)] [ParOldGen: 292864K->56849K(349696K)] 297984K->56849K(466432K), [Metaspace: 2793K->2793K(1056768K)], 0.0052621 secs] [Times: user=0.00 sys=0.00, real=0.01 secs] 
41.198: [GC (Allocation Failure) [PSYoungGen: 53398K->15360K(116736K)] 212648K->174609K(466432K), 0.0015380 secs] [Times: user=0.00 sys=0.00, real=0.00 secs] 
43.159: [GC (Allocation Failure) [PSYoungGen: 70807K->2048K(116736K)] 383657K->314897K(466432K), 0.0006559 secs] [Times: user=0.00 sys=0.00, real=0.00 secs] 
44.034: [GC (Allocation Failure) [PSYoungGen: 54424K->21504K(116736K)] 367273K->334353K(466432K), 0.0018507 secs] [Times: user=0.00 sys=0.00, real=0.00 secs] 
44.143: [GC (Allocation Failure) [PSYoungGen: 43159K->31744K(116736K)] 356009K->344593K(466432K), 0.0025141 secs] [Times: user=0.00 sys=0.00, real=0.00 secs] 
44.251: [GC (Allocation Failure) --[PSYoungGen: 84119K->84119K(116736K)] 396969K->396969K(466432K), 0.0011667 secs] [Times: user=0.00 sys=0.00, real=0.00 secs] 
44.252: [Full GC (Ergonomics) [PSYoungGen: 84119K->0K(116736K)] [ParOldGen: 312849K->63488K(349696K)] 396969K->63488K(466432K), [Metaspace: 2795K->2795K(1056768K)], 0.0054744 secs] [Times: user=0.00 sys=0.00, real=0.00 secs] 
45.452: [GC (Allocation Failure) [PSYoungGen: 53391K->25600K(116736K)] 219279K->191488K(466432K), 0.0016699 secs] [Times: user=0.00 sys=0.00, real=0.00 secs] 
46.875: [GC (Allocation Failure) [PSYoungGen: 68754K->10240K(116736K)] 388242K->329728K(466432K), 0.0015148 secs] [Times: user=0.00 sys=0.00, real=0.00 secs] 
46.985: [GC (Allocation Failure) [PSYoungGen: 31893K->40960K(116736K)] 351381K->360448K(466432K), 0.0028530 secs] [Times: user=0.00 sys=0.00, real=0.00 secs] 
47.094: [GC (Allocation Failure) --[PSYoungGen: 93333K->93333K(116736K)] 412821K->412821K(466432K), 0.0021929 secs] [Times: user=0.00 sys=0.00, real=0.00 secs] 
47.096: [Full GC (Ergonomics) [PSYoungGen: 93333K->0K(116736K)] [ParOldGen: 319488K->72704K(349696K)] 412821K->72704K(466432K), [Metaspace: 2795K->2795K(1056768K)], 0.0061605 secs] [Times: user=0.00 sys=0.00, real=0.01 secs] 
48.309: [GC (Allocation Failure) [PSYoungGen: 53389K->15360K(116736K)] 228493K->190464K(466432K), 0.0014904 secs] [Times: user=0.00 sys=0.00, real=0.00 secs] 
49.507: [GC (Allocation Failure) [PSYoungGen: 68753K->15360K(116736K)] 397457K->344064K(466432K), 0.0016008 secs] [Times: user=0.00 sys=0.00, real=0.00 secs] 
49.833: [GC (Allocation Failure) [PSYoungGen: 57492K->30720K(116736K)] 386196K->359424K(466432K), 0.0028421 secs] [Times: user=0.00 sys=0.00, real=0.00 secs] 
49.942: [GC (Allocation Failure) [PSYoungGen: 83092K->56320K(116736K)] 411797K->390144K(466432K), 0.0048982 secs] [Times: user=0.00 sys=0.00, real=0.01 secs] 
49.947: [Full GC (Ergonomics) [PSYoungGen: 56320K->0K(116736K)] [ParOldGen: 333824K->133649K(349696K)] 390144K->133649K(466432K), [Metaspace: 2795K->2795K(1056768K)], 0.0101699 secs] [Times: user=0.00 sys=0.00, real=0.01 secs] 
51.372: [GC (Allocation Failure) [PSYoungGen: 57485K->5120K(116736K)] 344734K->292369K(466432K), 0.0008532 secs] [Times: user=0.00 sys=0.00, real=0.00 secs] 
51.372: [GC (Allocation Failure) [PSYoungGen: 5120K->5120K(116736K)] 292369K->292369K(466432K), 0.0006764 secs] [Times: user=0.00 sys=0.00, real=0.00 secs] 
51.373: [Full GC (Allocation Failure) [PSYoungGen: 5120K->0K(116736K)] [ParOldGen: 287249K->56849K(349696K)] 292369K->56849K(466432K), [Metaspace: 2795K->2795K(1056768K)], 0.0049846 secs] [Times: user=0.00 sys=0.00, real=0.00 secs] 
52.589: [GC (Allocation Failure) [PSYoungGen: 53393K->16384K(116736K)] 212643K->175633K(466432K), 0.0014162 secs] [Times: user=0.00 sys=0.00, real=0.00 secs] 
53.793: [GC (Allocation Failure) [PSYoungGen: 69780K->12288K(116736K)] 382629K->325137K(466432K), 0.0013314 secs] [Times: user=0.00 sys=0.00, real=0.00 secs] 
55.321: [GC (Allocation Failure) [PSYoungGen: 64662K->15360K(116736K)] 377511K->328209K(466432K), 0.0018629 secs] [Times: user=0.00 sys=0.00, real=0.00 secs] 
55.538: [GC (Allocation Failure) [PSYoungGen: 47254K->35840K(116736K)] 360103K->348689K(466432K), 0.0028628 secs] [Times: user=0.00 sys=0.00, real=0.00 secs] 
55.647: [GC (Allocation Failure) [PSYoungGen: 88213K->56320K(116736K)] 401063K->379409K(466432K), 0.0049615 secs] [Times: user=0.00 sys=0.00, real=0.00 secs] 
55.652: [GC (Allocation Failure) [PSYoungGen: 56320K->56320K(116736K)] 379409K->379409K(466432K), 0.0046560 secs] [Times: user=0.00 sys=0.00, real=0.01 secs] 
55.657: [Full GC (Allocation Failure) [PSYoungGen: 56320K->0K(116736K)] [ParOldGen: 323089K->67089K(349696K)] 379409K->67089K(466432K), [Metaspace: 2795K->2795K(1056768K)], 0.0056204 secs] [Times: user=0.00 sys=0.00, real=0.01 secs] 
56.869: [GC (Allocation Failure) [PSYoungGen: 53389K->15360K(116736K)] 222879K->184849K(466432K), 0.0013943 secs] [Times: user=0.00 sys=0.00, real=0.00 secs] 
58.398: [GC (Allocation Failure) [PSYoungGen: 73874K->20480K(116736K)] 396963K->343569K(466432K), 0.0020446 secs] [Times: user=0.00 sys=0.00, real=0.00 secs] 
58.508: [GC (Allocation Failure) --[PSYoungGen: 72852K->72852K(116736K)] 395942K->395942K(466432K), 0.0056743 secs] [Times: user=0.00 sys=0.00, real=0.00 secs] 
58.514: [Full GC (Ergonomics) [PSYoungGen: 72852K->0K(116736K)] [ParOldGen: 323089K->52224K(349696K)] 395942K->52224K(466432K), [Metaspace: 2796K->2796K(1056768K)], 0.0057045 secs] [Times: user=0.00 sys=0.00, real=0.01 secs] 
59.729: [GC (Allocation Failure) [PSYoungGen: 53397K->15360K(116736K)] 208021K->169984K(466432K), 0.0014065 secs] [Times: user=0.00 sys=0.00, real=0.00 secs] 
60.932: [GC (Allocation Failure) [PSYoungGen: 68758K->15360K(116736K)] 376982K->323584K(466432K), 0.0015549 secs] [Times: user=0.00 sys=0.00, real=0.00 secs] 
61.259: [GC (Allocation Failure) [PSYoungGen: 57495K->30720K(116736K)] 365719K->338944K(466432K), 0.0026444 secs] [Times: user=0.02 sys=0.00, real=0.00 secs] 
61.369: [GC (Allocation Failure) [PSYoungGen: 83095K->56320K(116736K)] 391319K->369664K(466432K), 0.0046673 secs] [Times: user=0.00 sys=0.00, real=0.00 secs] 
61.374: [GC (Allocation Failure) [PSYoungGen: 56320K->56320K(116736K)] 369664K->369664K(466432K), 0.0044185 secs] [Times: user=0.00 sys=0.00, real=0.00 secs] 
61.378: [Full GC (Allocation Failure) [PSYoungGen: 56320K->0K(116736K)] [ParOldGen: 313344K->216064K(349696K)] 369664K->216064K(466432K), [Metaspace: 2796K->2796K(1056768K)], 0.0120679 secs] [Times: user=0.02 sys=0.00, real=0.01 secs] 
62.695: [GC (Allocation Failure) [PSYoungGen: 52366K->25600K(116736K)] 370830K->344064K(466432K), 0.0023869 secs] [Times: user=0.00 sys=0.00, real=0.00 secs] 
62.804: [GC (Allocation Failure) [PSYoungGen: 77970K->56320K(116736K)] 396434K->374784K(466432K), 0.0052132 secs] [Times: user=0.02 sys=0.00, real=0.01 secs] 
62.809: [GC (Allocation Failure) [PSYoungGen: 56320K->56320K(116736K)] 374784K->374784K(466432K), 0.0048525 secs] [Times: user=0.00 sys=0.00, real=0.00 secs] 
62.814: [Full GC (Allocation Failure) [PSYoungGen: 56320K->0K(116736K)] [ParOldGen: 318464K->57344K(349696K)] 374784K->57344K(466432K), [Metaspace: 2796K->2796K(1056768K)], 0.0054009 secs] [Times: user=0.00 sys=0.00, real=0.01 secs] 
64.022: [GC (Allocation Failure) [PSYoungGen: 53396K->21504K(116736K)] 213140K->181248K(466432K), 0.0017825 secs] [Times: user=0.00 sys=0.00, real=0.00 secs] 
65.225: [GC (Allocation Failure) [PSYoungGen: 74902K->21504K(116736K)] 388246K->334848K(466432K), 0.0018922 secs] [Times: user=0.00 sys=0.00, real=0.00 secs] 
66.645: [GC (Allocation Failure) [PSYoungGen: 73879K->10240K(116736K)] 387223K->323584K(466432K), 0.0010960 secs] [Times: user=0.00 sys=0.00, real=0.00 secs] 
66.973: [GC (Allocation Failure) [PSYoungGen: 52374K->46080K(116736K)] 365719K->359424K(466432K), 0.0026906 secs] [Times: user=0.00 sys=0.00, real=0.00 secs] 
67.082: [GC (Allocation Failure) [PSYoungGen: 98444K->56320K(116736K)] 411788K->390144K(466432K), 0.0054759 secs] [Times: user=0.00 sys=0.00, real=0.01 secs] 
67.088: [Full GC (Ergonomics) [PSYoungGen: 56320K->0K(116736K)] [ParOldGen: 333824K->77329K(349696K)] 390144K->77329K(466432K), [Metaspace: 2796K->2796K(1056768K)], 0.0066424 secs] [Times: user=0.00 sys=0.00, real=0.01 secs] 
68.297: [GC (Allocation Failure) [PSYoungGen: 53384K->15360K(116736K)] 233113K->195089K(466432K), 0.0013745 secs] [Times: user=0.00 sys=0.00, real=0.00 secs] 
69.830: [Full GC (Ergonomics) [PSYoungGen: 58510K->0K(116736K)] [ParOldGen: 333329K->6144K(349696K)] 391839K->6144K(466432K), [Metaspace: 2796K->2796K(1056768K)], 0.0022763 secs] [Times: user=0.00 sys=0.00, real=0.00 secs] 
70.380: [GC (Allocation Failure) [PSYoungGen: 58514K->5120K(116736K)] 167058K->113664K(466432K), 0.0007975 secs] [Times: user=0.00 sys=0.00, real=0.00 secs] 
71.144: [GC (Allocation Failure) [PSYoungGen: 52372K->15360K(116736K)] 160916K->123904K(466432K), 0.0013839 secs] [Times: user=0.00 sys=0.00, real=0.00 secs] 
72.343: [GC (Allocation Failure) [PSYoungGen: 68757K->16384K(116736K)] 330901K->278528K(466432K), 0.0014489 secs] [Times: user=0.00 sys=0.00, real=0.00 secs] 
72.779: [GC (Allocation Failure) [PSYoungGen: 58518K->11264K(116736K)] 371862K->324608K(466432K), 0.0012866 secs] [Times: user=0.00 sys=0.00, real=0.00 secs] 
72.781: [GC (Allocation Failure) [PSYoungGen: 11264K->11264K(116736K)] 324608K->324608K(466432K), 0.0011069 secs] [Times: user=0.00 sys=0.00, real=0.00 secs] 
72.782: [Full GC (Allocation Failure) [PSYoungGen: 11264K->0K(116736K)] [ParOldGen: 313344K->165393K(349696K)] 324608K->165393K(466432K), [Metaspace: 2796K->2796K(1056768K)], 0.0116784 secs] [Times: user=0.02 sys=0.00, real=0.01 secs] 
74.221: [GC (Allocation Failure) [PSYoungGen: 48279K->10240K(116736K)] 367273K->329233K(466432K), 0.0012650 secs] [Times: user=0.00 sys=0.00, real=0.00 secs] 
74.223: [GC (Allocation Failure) [PSYoungGen: 10240K->10240K(116736K)] 329233K->329233K(466432K), 0.0012916 secs] [Times: user=0.00 sys=0.00, real=0.00 secs] 
74.224: [Full GC (Allocation Failure) [PSYoungGen: 10240K->0K(116736K)] [ParOldGen: 318993K->61969K(349696K)] 329233K->61969K(466432K), [Metaspace: 2796K->2796K(1056768K)], 0.0058187 secs] [Times: user=0.02 sys=0.00, real=0.01 secs] 
75.436: [GC (Allocation Failure) [PSYoungGen: 53400K->25600K(116736K)] 217769K->189969K(466432K), 0.0015973 secs] [Times: user=0.00 sys=0.00, real=0.00 secs] 
76.641: [GC (Allocation Failure) [PSYoungGen: 79000K->25600K(116736K)] 396970K->343569K(466432K), 0.0020184 secs] [Times: user=0.00 sys=0.00, real=0.00 secs] 
77.840: [GC (Allocation Failure) [PSYoungGen: 83097K->10240K(116736K)] 401066K->328209K(466432K), 0.0010470 secs] [Times: user=0.00 sys=0.00, real=0.00 secs] 
78.385: [GC (Allocation Failure) [PSYoungGen: 62616K->25600K(116736K)] 380585K->343569K(466432K), 0.0023997 secs] [Times: user=0.00 sys=0.00, real=0.00 secs] 
78.493: [GC (Allocation Failure) --[PSYoungGen: 77967K->77967K(116736K)] 395936K->395936K(466432K), 0.0046884 secs] [Times: user=0.00 sys=0.00, real=0.00 secs] 
78.498: [Full GC (Ergonomics) [PSYoungGen: 77967K->0K(116736K)] [ParOldGen: 317969K->57344K(349696K)] 395936K->57344K(466432K), [Metaspace: 2796K->2796K(1056768K)], 0.0054258 secs] [Times: user=0.00 sys=0.00, real=0.01 secs] 
79.712: [GC (Allocation Failure) [PSYoungGen: 53385K->15360K(116736K)] 213130K->175104K(466432K), 0.0016151 secs] [Times: user=0.06 sys=0.00, real=0.00 secs] 
81.347: [GC (Allocation Failure) [PSYoungGen: 63631K->5120K(116736K)] 376975K->318464K(466432K), 0.0013730 secs] [Times: user=0.00 sys=0.00, real=0.00 secs] 
81.349: [GC (Allocation Failure) [PSYoungGen: 5120K->5120K(116736K)] 318464K->318464K(466432K), 0.0010514 secs] [Times: user=0.00 sys=0.00, real=0.00 secs] 
81.350: [Full GC (Allocation Failure) [PSYoungGen: 5120K->0K(116736K)] [ParOldGen: 313344K->6144K(349696K)] 318464K->6144K(466432K), [Metaspace: 2796K->2796K(1056768K)], 0.0020214 secs] [Times: user=0.00 sys=0.00, real=0.00 secs] 
82.563: [GC (Allocation Failure) [PSYoungGen: 53395K->16384K(116736K)] 161939K->124928K(466432K), 0.0014322 secs] [Times: user=0.00 sys=0.00, real=0.00 secs] 
83.769: [GC (Allocation Failure) [PSYoungGen: 69781K->12288K(116736K)] 331925K->274432K(466432K), 0.0014282 secs] [Times: user=0.00 sys=0.00, real=0.00 secs] 
84.204: [GC (Allocation Failure) [PSYoungGen: 54422K->17408K(116736K)] 367766K->330752K(466432K), 0.0016620 secs] [Times: user=0.00 sys=0.00, real=0.00 secs] 
84.206: [GC (Allocation Failure) [PSYoungGen: 17408K->17408K(116736K)] 330752K->330752K(466432K), 0.0015340 secs] [Times: user=0.00 sys=0.00, real=0.00 secs] 
84.207: [Full GC (Allocation Failure) [PSYoungGen: 17408K->0K(116736K)] [ParOldGen: 313344K->69137K(349696K)] 330752K->69137K(466432K), [Metaspace: 2796K->2796K(1056768K)], 0.0057710 secs] [Times: user=0.00 sys=0.00, real=0.01 secs] 
86.078: [GC (Allocation Failure) [PSYoungGen: 55447K->15360K(116736K)] 380585K->340497K(466432K), 0.0014625 secs] [Times: user=0.00 sys=0.00, real=0.00 secs] 
86.840: [GC (Allocation Failure) [PSYoungGen: 62616K->25600K(116736K)] 387753K->350737K(466432K), 0.0017188 secs] [Times: user=0.00 sys=0.00, real=0.00 secs] 
86.950: [GC (Allocation Failure) [PSYoungGen: 47255K->56320K(116736K)] 372393K->381457K(466432K), 0.0034508 secs] [Times: user=0.00 sys=0.00, real=0.00 secs] 
87.060: [GC (Allocation Failure) --[PSYoungGen: 108695K->108695K(116736K)] 433833K->454313K(466432K), 0.0152105 secs] [Times: user=0.00 sys=0.00, real=0.02 secs] 
87.075: [Full GC (Ergonomics) [PSYoungGen: 108695K->0K(116736K)] [ParOldGen: 345617K->87569K(349696K)] 454313K->87569K(466432K), [Metaspace: 2796K->2796K(1056768K)], 0.0075145 secs] [Times: user=0.00 sys=0.00, real=0.01 secs] 
88.292: [GC (Allocation Failure) [PSYoungGen: 53391K->15360K(116736K)] 243360K->205329K(466432K), 0.0016453 secs] [Times: user=0.00 sys=0.00, real=0.00 secs] 
89.602: [GC (Allocation Failure) [PSYoungGen: 67730K->15360K(116736K)] 308900K->256529K(466432K), 0.0014546 secs] [Times: user=0.00 sys=0.00, real=0.00 secs] 
89.929: [GC (Allocation Failure) [PSYoungGen: 47253K->5120K(116736K)] 339622K->297489K(466432K), 0.0009256 secs] [Times: user=0.00 sys=0.00, real=0.00 secs] 
89.929: [GC (Allocation Failure) [PSYoungGen: 5120K->5120K(116736K)] 297489K->297489K(466432K), 0.0008114 secs] [Times: user=0.00 sys=0.00, real=0.00 secs] 
89.930: [Full GC (Allocation Failure) [PSYoungGen: 5120K->0K(116736K)] [ParOldGen: 292369K->56849K(349696K)] 297489K->56849K(466432K), [Metaspace: 2796K->2796K(1056768K)], 0.0051556 secs] [Times: user=0.02 sys=0.00, real=0.00 secs] 
91.145: [GC (Allocation Failure) [PSYoungGen: 53398K->15360K(116736K)] 212648K->174609K(466432K), 0.0013805 secs] [Times: user=0.00 sys=0.00, real=0.00 secs] 
93.111: [GC (Allocation Failure) [PSYoungGen: 70807K->2048K(116736K)] 383657K->314897K(466432K), 0.0009381 secs] [Times: user=0.00 sys=0.00, real=0.00 secs] 
93.983: [GC (Allocation Failure) [PSYoungGen: 54424K->21504K(116736K)] 367273K->334353K(466432K), 0.0017446 secs] [Times: user=0.00 sys=0.00, real=0.00 secs] 
94.092: [GC (Allocation Failure) [PSYoungGen: 43159K->31744K(116736K)] 356009K->344593K(466432K), 0.0024309 secs] [Times: user=0.00 sys=0.00, real=0.00 secs] 
94.202: [GC (Allocation Failure) --[PSYoungGen: 84119K->84119K(116736K)] 396969K->396969K(466432K), 0.0012104 secs] [Times: user=0.00 sys=0.00, real=0.00 secs] 
94.203: [Full GC (Ergonomics) [PSYoungGen: 84119K->0K(116736K)] [ParOldGen: 312849K->63488K(349696K)] 396969K->63488K(466432K), [Metaspace: 2796K->2796K(1056768K)], 0.0053061 secs] [Times: user=0.00 sys=0.00, real=0.00 secs] 
95.416: [GC (Allocation Failure) [PSYoungGen: 53391K->25600K(116736K)] 219279K->191488K(466432K), 0.0018947 secs] [Times: user=0.00 sys=0.00, real=0.00 secs] 
96.837: [GC (Allocation Failure) [PSYoungGen: 68754K->10240K(116736K)] 388242K->329728K(466432K), 0.0013882 secs] [Times: user=0.00 sys=0.00, real=0.00 secs] 
96.946: [GC (Allocation Failure) [PSYoungGen: 31893K->40960K(116736K)] 351381K->360448K(466432K), 0.0026007 secs] [Times: user=0.00 sys=0.00, real=0.00 secs] 
97.056: [GC (Allocation Failure) --[PSYoungGen: 93333K->93333K(116736K)] 412821K->412821K(466432K), 0.0022212 secs] [Times: user=0.00 sys=0.00, real=0.00 secs] 
97.059: [Full GC (Ergonomics) [PSYoungGen: 93333K->0K(116736K)] [ParOldGen: 319488K->72704K(349696K)] 412821K->72704K(466432K), [Metaspace: 2796K->2796K(1056768K)], 0.0060509 secs] [Times: user=0.00 sys=0.00, real=0.00 secs] 
98.272: [GC (Allocation Failure) [PSYoungGen: 53389K->15360K(116736K)] 228493K->190464K(466432K), 0.0016229 secs] [Times: user=0.00 sys=0.00, real=0.00 secs] 
99.473: [GC (Allocation Failure) [PSYoungGen: 68753K->15360K(116736K)] 397457K->344064K(466432K), 0.0017658 secs] [Times: user=0.00 sys=0.00, real=0.00 secs] 
99.801: [GC (Allocation Failure) [PSYoungGen: 57492K->30720K(116736K)] 386196K->359424K(466432K), 0.0024844 secs] [Times: user=0.00 sys=0.00, real=0.00 secs] 
99.910: [GC (Allocation Failure) [PSYoungGen: 83092K->56320K(116736K)] 411797K->390144K(466432K), 0.0048110 secs] [Times: user=0.00 sys=0.00, real=0.00 secs] 
99.914: [Full GC (Ergonomics) [PSYoungGen: 56320K->0K(116736K)] [ParOldGen: 333824K->133649K(349696K)] 390144K->133649K(466432K), [Metaspace: 2796K->2796K(1056768K)], 0.0097421 secs] [Times: user=0.00 sys=0.00, real=0.01 secs] 
101.343: [GC (Allocation Failure) [PSYoungGen: 57485K->5120K(116736K)] 344734K->292369K(466432K), 0.0008565 secs] [Times: user=0.00 sys=0.00, real=0.00 secs] 
101.344: [GC (Allocation Failure) [PSYoungGen: 5120K->5120K(116736K)] 292369K->292369K(466432K), 0.0008364 secs] [Times: user=0.00 sys=0.00, real=0.00 secs] 
101.345: [Full GC (Allocation Failure) [PSYoungGen: 5120K->0K(116736K)] [ParOldGen: 287249K->56849K(349696K)] 292369K->56849K(466432K), [Metaspace: 2796K->2796K(1056768K)], 0.0054266 secs] [Times: user=0.00 sys=0.00, real=0.01 secs] 
102.556: [GC (Allocation Failure) [PSYoungGen: 53393K->16384K(116736K)] 212643K->175633K(466432K), 0.0015592 secs] [Times: user=0.00 sys=0.00, real=0.00 secs] 
103.758: [GC (Allocation Failure) [PSYoungGen: 69780K->12288K(116736K)] 382629K->325137K(466432K), 0.0011989 secs] [Times: user=0.00 sys=0.00, real=0.00 secs] 
105.290: [GC (Allocation Failure) [PSYoungGen: 64662K->15360K(116736K)] 377511K->328209K(466432K), 0.0016514 secs] [Times: user=0.02 sys=0.00, real=0.00 secs] 
105.508: [GC (Allocation Failure) [PSYoungGen: 47254K->35840K(116736K)] 360103K->348689K(466432K), 0.0028078 secs] [Times: user=0.00 sys=0.00, real=0.00 secs] 
105.618: [GC (Allocation Failure) [PSYoungGen: 88213K->56320K(116736K)] 401063K->379409K(466432K), 0.0048918 secs] [Times: user=0.01 sys=0.00, real=0.00 secs] 
105.623: [GC (Allocation Failure) [PSYoungGen: 56320K->56320K(116736K)] 379409K->379409K(466432K), 0.0044238 secs] [Times: user=0.00 sys=0.00, real=0.01 secs] 
105.628: [Full GC (Allocation Failure) [PSYoungGen: 56320K->0K(116736K)] [ParOldGen: 323089K->67089K(349696K)] 379409K->67089K(466432K), [Metaspace: 2796K->2796K(1056768K)], 0.0056131 secs] [Times: user=0.00 sys=0.00, real=0.00 secs] 
106.835: [GC (Allocation Failure) [PSYoungGen: 53389K->15360K(116736K)] 222879K->184849K(466432K), 0.0012647 secs] [Times: user=0.00 sys=0.00, real=0.00 secs] 
108.361: [GC (Allocation Failure) [PSYoungGen: 73874K->20480K(116736K)] 396963K->343569K(466432K), 0.0022427 secs] [Times: user=0.00 sys=0.00, real=0.00 secs] 
108.469: [GC (Allocation Failure) --[PSYoungGen: 72852K->72852K(116736K)] 395942K->395942K(466432K), 0.0042951 secs] [Times: user=0.00 sys=0.00, real=0.00 secs] 
108.474: [Full GC (Ergonomics) [PSYoungGen: 72852K->0K(116736K)] [ParOldGen: 323089K->52224K(349696K)] 395942K->52224K(466432K), [Metaspace: 2796K->2796K(1056768K)], 0.0047675 secs] [Times: user=0.00 sys=0.00, real=0.00 secs] 
109.687: [GC (Allocation Failure) [PSYoungGen: 53397K->15360K(116736K)] 208021K->169984K(466432K), 0.0014625 secs] [Times: user=0.00 sys=0.00, real=0.00 secs] 
110.887: [GC (Allocation Failure) [PSYoungGen: 68758K->15360K(116736K)] 376982K->323584K(466432K), 0.0015956 secs] [Times: user=0.00 sys=0.00, real=0.00 secs] 
111.216: [GC (Allocation Failure) [PSYoungGen: 57495K->30720K(116736K)] 365719K->338944K(466432K), 0.0027949 secs] [Times: user=0.00 sys=0.00, real=0.00 secs] 
111.326: [GC (Allocation Failure) [PSYoungGen: 83095K->56320K(116736K)] 391319K->369664K(466432K), 0.0047699 secs] [Times: user=0.00 sys=0.00, real=0.00 secs] 
111.331: [GC (Allocation Failure) [PSYoungGen: 56320K->56320K(116736K)] 369664K->369664K(466432K), 0.0043470 secs] [Times: user=0.00 sys=0.00, real=0.00 secs] 
111.335: [Full GC (Allocation Failure) [PSYoungGen: 56320K->0K(116736K)] [ParOldGen: 313344K->216064K(349696K)] 369664K->216064K(466432K), [Metaspace: 2796K->2796K(1056768K)], 0.0122242 secs] [Times: user=0.00 sys=0.00, real=0.01 secs] 
112.672: [GC (Allocation Failure) [PSYoungGen: 52366K->25600K(116736K)] 370830K->344064K(466432K), 0.0025327 secs] [Times: user=0.00 sys=0.00, real=0.00 secs] 
112.783: [GC (Allocation Failure) [PSYoungGen: 77970K->56320K(116736K)] 396434K->374784K(466432K), 0.0046368 secs] [Times: user=0.00 sys=0.00, real=0.00 secs] 
112.788: [GC (Allocation Failure) [PSYoungGen: 56320K->56320K(116736K)] 374784K->374784K(466432K), 0.0044613 secs] [Times: user=0.00 sys=0.00, real=0.01 secs] 
112.792: [Full GC (Allocation Failure) [PSYoungGen: 56320K->0K(116736K)] [ParOldGen: 318464K->57344K(349696K)] 374784K->57344K(466432K), [Metaspace: 2796K->2796K(1056768K)], 0.0053006 secs] [Times: user=0.00 sys=0.00, real=0.00 secs] 
113.999: [GC (Allocation Failure) [PSYoungGen: 53396K->21504K(116736K)] 213140K->181248K(466432K), 0.0015708 secs] [Times: user=0.00 sys=0.00, real=0.00 secs] 
115.199: [GC (Allocation Failure) [PSYoungGen: 74902K->21504K(116736K)] 388246K->334848K(466432K), 0.0016699 secs] [Times: user=0.00 sys=0.00, real=0.00 secs] 
116.618: [GC (Allocation Failure) [PSYoungGen: 73879K->10240K(116736K)] 387223K->323584K(466432K), 0.0011632 secs] [Times: user=0.03 sys=0.00, real=0.00 secs] 
116.944: [GC (Allocation Failure) [PSYoungGen: 52374K->46080K(116736K)] 365719K->359424K(466432K), 0.0026093 secs] [Times: user=0.00 sys=0.00, real=0.00 secs] 
117.053: [GC (Allocation Failure) --[PSYoungGen: 98444K->98444K(116736K)] 411788K->411788K(466432K), 0.0023559 secs] [Times: user=0.00 sys=0.00, real=0.00 secs] 
117.055: [Full GC (Ergonomics) [PSYoungGen: 98444K->0K(116736K)] [ParOldGen: 313344K->77824K(349696K)] 411788K->77824K(466432K), [Metaspace: 2796K->2796K(1056768K)], 0.0063098 secs] [Times: user=0.05 sys=0.00, real=0.01 secs] 
118.269: [GC (Allocation Failure) [PSYoungGen: 53384K->15360K(116736K)] 233608K->195584K(466432K), 0.0014548 secs] [Times: user=0.00 sys=0.00, real=0.00 secs] 
119.795: [Full GC (Ergonomics) [PSYoungGen: 58510K->0K(116736K)] [ParOldGen: 333824K->6144K(349696K)] 392334K->6144K(466432K), [Metaspace: 2796K->2796K(1056768K)], 0.0025646 secs] [Times: user=0.00 sys=0.00, real=0.00 secs] 
120.340: [GC (Allocation Failure) [PSYoungGen: 58514K->5120K(116736K)] 167058K->113664K(466432K), 0.0009471 secs] [Times: user=0.00 sys=0.00, real=0.00 secs] 
121.104: [GC (Allocation Failure) [PSYoungGen: 52372K->15360K(116736K)] 160916K->123904K(466432K), 0.0015210 secs] [Times: user=0.00 sys=0.00, real=0.00 secs] 
122.306: [GC (Allocation Failure) [PSYoungGen: 68757K->16384K(116736K)] 330901K->278528K(466432K), 0.0015303 secs] [Times: user=0.00 sys=0.00, real=0.00 secs] 
122.744: [GC (Allocation Failure) [PSYoungGen: 58518K->11264K(116736K)] 371862K->324608K(466432K), 0.0012526 secs] [Times: user=0.00 sys=0.00, real=0.00 secs] 
122.746: [GC (Allocation Failure) [PSYoungGen: 11264K->11264K(116736K)] 324608K->324608K(466432K), 0.0011102 secs] [Times: user=0.00 sys=0.00, real=0.00 secs] 
122.747: [Full GC (Allocation Failure) [PSYoungGen: 11264K->0K(116736K)] [ParOldGen: 313344K->171008K(349696K)] 324608K->171008K(466432K), [Metaspace: 2796K->2796K(1056768K)], 0.0056625 secs] [Times: user=0.00 sys=0.00, real=0.01 secs] 
124.181: [GC (Allocation Failure) [PSYoungGen: 48279K->10240K(116736K)] 372887K->334848K(466432K), 0.0013222 secs] [Times: user=0.00 sys=0.00, real=0.00 secs] 
124.182: [GC (Allocation Failure) [PSYoungGen: 10240K->10240K(116736K)] 334848K->334848K(466432K), 0.0011912 secs] [Times: user=0.00 sys=0.00, real=0.00 secs] 
124.184: [Full GC (Allocation Failure) [PSYoungGen: 10240K->0K(116736K)] [ParOldGen: 324608K->61969K(349696K)] 334848K->61969K(466432K), [Metaspace: 2796K->2796K(1056768K)], 0.0051861 secs] [Times: user=0.00 sys=0.00, real=0.00 secs] 
125.400: [GC (Allocation Failure) [PSYoungGen: 53400K->25600K(116736K)] 217769K->189969K(466432K), 0.0015865 secs] [Times: user=0.00 sys=0.00, real=0.00 secs] 
126.601: [GC (Allocation Failure) [PSYoungGen: 79000K->25600K(116736K)] 396970K->343569K(466432K), 0.0021007 secs] [Times: user=0.00 sys=0.00, real=0.00 secs] 
127.804: [GC (Allocation Failure) [PSYoungGen: 83097K->10240K(116736K)] 401066K->328209K(466432K), 0.0010969 secs] [Times: user=0.00 sys=0.00, real=0.00 secs] 
128.345: [GC (Allocation Failure) [PSYoungGen: 62616K->25600K(116736K)] 380585K->343569K(466432K), 0.0022607 secs] [Times: user=0.00 sys=0.00, real=0.00 secs] 
128.455: [GC (Allocation Failure) --[PSYoungGen: 77967K->77967K(116736K)] 395936K->395936K(466432K), 0.0046193 secs] [Times: user=0.00 sys=0.00, real=0.01 secs] 
128.459: [Full GC (Ergonomics) [PSYoungGen: 77967K->0K(116736K)] [ParOldGen: 317969K->57344K(349696K)] 395936K->57344K(466432K), [Metaspace: 2796K->2796K(1056768K)], 0.0051872 secs] [Times: user=0.00 sys=0.00, real=0.00 secs] 
129.670: [GC (Allocation Failure) [PSYoungGen: 53385K->15360K(116736K)] 213130K->175104K(466432K), 0.0015849 secs] [Times: user=0.00 sys=0.00, real=0.00 secs] 
131.308: [GC (Allocation Failure) [PSYoungGen: 63631K->5120K(116736K)] 376975K->318464K(466432K), 0.0011549 secs] [Times: user=0.00 sys=0.00, real=0.00 secs] 
131.309: [GC (Allocation Failure) [PSYoungGen: 5120K->5120K(116736K)] 318464K->318464K(466432K), 0.0011428 secs] [Times: user=0.00 sys=0.00, real=0.00 secs] 
131.310: [Full GC (Allocation Failure) [PSYoungGen: 5120K->0K(116736K)] [ParOldGen: 313344K->6144K(349696K)] 318464K->6144K(466432K), [Metaspace: 2796K->2796K(1056768K)], 0.0017978 secs] [Times: user=0.00 sys=0.00, real=0.00 secs] 
132.509: [GC (Allocation Failure) [PSYoungGen: 53395K->16384K(116736K)] 161939K->124928K(466432K), 0.0014358 secs] [Times: user=0.00 sys=0.00, real=0.00 secs] 
133.707: [GC (Allocation Failure) [PSYoungGen: 69781K->12288K(116736K)] 331925K->274432K(466432K), 0.0013729 secs] [Times: user=0.00 sys=0.00, real=0.00 secs] 
134.142: [GC (Allocation Failure) [PSYoungGen: 54422K->17408K(116736K)] 367766K->330752K(466432K), 0.0015771 secs] [Times: user=0.00 sys=0.00, real=0.00 secs] 
134.144: [GC (Allocation Failure) [PSYoungGen: 17408K->17408K(116736K)] 330752K->330752K(466432K), 0.0014518 secs] [Times: user=0.00 sys=0.00, real=0.00 secs] 
134.146: [Full GC (Allocation Failure) [PSYoungGen: 17408K->0K(116736K)] [ParOldGen: 313344K->69137K(349696K)] 330752K->69137K(466432K), [Metaspace: 2796K->2796K(1056768K)], 0.0058380 secs] [Times: user=0.00 sys=0.00, real=0.01 secs] 
136.016: [GC (Allocation Failure) [PSYoungGen: 55447K->15360K(116736K)] 380585K->340497K(466432K), 0.0015322 secs] [Times: user=0.00 sys=0.00, real=0.00 secs] 
136.780: [GC (Allocation Failure) [PSYoungGen: 62616K->25600K(116736K)] 387753K->350737K(466432K), 0.0019388 secs] [Times: user=0.00 sys=0.00, real=0.00 secs] 
136.890: [GC (Allocation Failure) [PSYoungGen: 47255K->56320K(116736K)] 372393K->381457K(466432K), 0.0032645 secs] [Times: user=0.00 sys=0.00, real=0.00 secs] 
136.999: [GC (Allocation Failure) --[PSYoungGen: 108695K->108695K(116736K)] 433833K->454313K(466432K), 0.0053275 secs] [Times: user=0.00 sys=0.00, real=0.00 secs] 
137.005: [Full GC (Ergonomics) [PSYoungGen: 108695K->0K(116736K)] [ParOldGen: 345617K->87569K(349696K)] 454313K->87569K(466432K), [Metaspace: 2796K->2796K(1056768K)], 0.0072348 secs] [Times: user=0.00 sys=0.00, real=0.01 secs] 
138.219: [GC (Allocation Failure) [PSYoungGen: 53391K->15360K(116736K)] 243360K->205329K(466432K), 0.0014883 secs] [Times: user=0.00 sys=0.00, real=0.00 secs] 
139.528: [GC (Allocation Failure) [PSYoungGen: 67730K->15360K(116736K)] 308900K->256529K(466432K), 0.0017506 secs] [Times: user=0.00 sys=0.00, real=0.00 secs] 
139.856: [GC (Allocation Failure) [PSYoungGen: 47253K->5120K(116736K)] 339622K->297489K(466432K), 0.0009567 secs] [Times: user=0.00 sys=0.00, real=0.00 secs] 
139.857: [GC (Allocation Failure) [PSYoungGen: 5120K->5120K(116736K)] 297489K->297489K(466432K), 0.0007342 secs] [Times: user=0.00 sys=0.00, real=0.00 secs] 
139.858: [Full GC (Allocation Failure) [PSYoungGen: 5120K->0K(116736K)] [ParOldGen: 292369K->56849K(349696K)] 297489K->56849K(466432K), [Metaspace: 2796K->2796K(1056768K)], 0.0051598 secs] [Times: user=0.00 sys=0.00, real=0.00 secs] 
141.071: [GC (Allocation Failure) [PSYoungGen: 53398K->15360K(116736K)] 212648K->174609K(466432K), 0.0012420 secs] [Times: user=0.00 sys=0.00, real=0.00 secs] 
143.033: [GC (Allocation Failure) [PSYoungGen: 70807K->2048K(116736K)] 383657K->314897K(466432K), 0.0009325 secs] [Times: user=0.00 sys=0.00, real=0.00 secs] 
143.910: [GC (Allocation Failure) [PSYoungGen: 54424K->21504K(116736K)] 367273K->334353K(466432K), 0.0019516 secs] [Times: user=0.00 sys=0.00, real=0.00 secs] 
144.017: [GC (Allocation Failure) [PSYoungGen: 43159K->31744K(116736K)] 356009K->344593K(466432K), 0.0026360 secs] [Times: user=0.00 sys=0.00, real=0.00 secs] 
144.126: [GC (Allocation Failure) --[PSYoungGen: 84119K->84119K(116736K)] 396969K->396969K(466432K), 0.0012478 secs] [Times: user=0.00 sys=0.00, real=0.00 secs] 
144.128: [Full GC (Ergonomics) [PSYoungGen: 84119K->0K(116736K)] [ParOldGen: 312849K->63488K(349696K)] 396969K->63488K(466432K), [Metaspace: 2796K->2796K(1056768K)], 0.0060268 secs] [Times: user=0.00 sys=0.00, real=0.01 secs] 
145.346: [GC (Allocation Failure) [PSYoungGen: 53391K->25600K(116736K)] 219279K->191488K(466432K), 0.0017198 secs] [Times: user=0.00 sys=0.00, real=0.00 secs] 
146.768: [GC (Allocation Failure) [PSYoungGen: 68754K->10240K(116736K)] 388242K->329728K(466432K), 0.0017196 secs] [Times: user=0.00 sys=0.00, real=0.00 secs] 
146.875: [GC (Allocation Failure) [PSYoungGen: 31893K->40960K(116736K)] 351381K->360448K(466432K), 0.0024088 secs] [Times: user=0.00 sys=0.00, real=0.00 secs] 
146.984: [GC (Allocation Failure) --[PSYoungGen: 93333K->93333K(116736K)] 412821K->412821K(466432K), 0.0021099 secs] [Times: user=0.00 sys=0.00, real=0.00 secs] 
146.986: [Full GC (Ergonomics) [PSYoungGen: 93333K->0K(116736K)] [ParOldGen: 319488K->72704K(349696K)] 412821K->72704K(466432K), [Metaspace: 2796K->2796K(1056768K)], 0.0060980 secs] [Times: user=0.00 sys=0.00, real=0.01 secs] 
148.198: [GC (Allocation Failure) [PSYoungGen: 53389K->15360K(116736K)] 228493K->190464K(466432K), 0.0014735 secs] [Times: user=0.00 sys=0.00, real=0.00 secs] 
149.396: [GC (Allocation Failure) [PSYoungGen: 68753K->15360K(116736K)] 397457K->344064K(466432K), 0.0015917 secs] [Times: user=0.00 sys=0.00, real=0.00 secs] 
149.724: [GC (Allocation Failure) [PSYoungGen: 57492K->30720K(116736K)] 386196K->359424K(466432K), 0.0025661 secs] [Times: user=0.00 sys=0.00, real=0.00 secs] 
149.834: [GC (Allocation Failure) [PSYoungGen: 83092K->56320K(116736K)] 411797K->390144K(466432K), 0.0051144 secs] [Times: user=0.00 sys=0.00, real=0.00 secs] 
149.839: [Full GC (Ergonomics) [PSYoungGen: 56320K->0K(116736K)] [ParOldGen: 333824K->133649K(349696K)] 390144K->133649K(466432K), [Metaspace: 2796K->2796K(1056768K)], 0.0105627 secs] [Times: user=0.00 sys=0.00, real=0.01 secs] 
151.266: [GC (Allocation Failure) [PSYoungGen: 57485K->5120K(116736K)] 344734K->292369K(466432K), 0.0008864 secs] [Times: user=0.00 sys=0.00, real=0.00 secs] 
151.267: [GC (Allocation Failure) [PSYoungGen: 5120K->5120K(116736K)] 292369K->292369K(466432K), 0.0007069 secs] [Times: user=0.00 sys=0.00, real=0.00 secs] 
151.268: [Full GC (Allocation Failure) [PSYoungGen: 5120K->0K(116736K)] [ParOldGen: 287249K->56849K(349696K)] 292369K->56849K(466432K), [Metaspace: 2796K->2796K(1056768K)], 0.0051393 secs] [Times: user=0.00 sys=0.00, real=0.01 secs] 
152.484: [GC (Allocation Failure) [PSYoungGen: 53393K->16384K(116736K)] 212643K->175633K(466432K), 0.0017059 secs] [Times: user=0.00 sys=0.00, real=0.00 secs] 
153.684: [GC (Allocation Failure) [PSYoungGen: 69780K->12288K(116736K)] 382629K->325137K(466432K), 0.0010521 secs] [Times: user=0.00 sys=0.00, real=0.00 secs] 
155.215: [GC (Allocation Failure) [PSYoungGen: 64662K->15360K(116736K)] 377511K->328209K(466432K), 0.0014326 secs] [Times: user=0.00 sys=0.00, real=0.00 secs] 
155.434: [GC (Allocation Failure) [PSYoungGen: 47254K->35840K(116736K)] 360103K->348689K(466432K), 0.0027770 secs] [Times: user=0.00 sys=0.00, real=0.00 secs] 
155.544: [GC (Allocation Failure) --[PSYoungGen: 88213K->88213K(116736K)] 401063K->401063K(466432K), 0.0014309 secs] [Times: user=0.00 sys=0.00, real=0.00 secs] 
155.546: [Full GC (Ergonomics) [PSYoungGen: 88213K->0K(116736K)] [ParOldGen: 312849K->67584K(349696K)] 401063K->67584K(466432K), [Metaspace: 2796K->2796K(1056768K)], 0.0056111 secs] [Times: user=0.00 sys=0.00, real=0.00 secs] 
156.762: [GC (Allocation Failure) [PSYoungGen: 53389K->15360K(116736K)] 223373K->185344K(466432K), 0.0014569 secs] [Times: user=0.00 sys=0.00, real=0.00 secs] 
158.288: [GC (Allocation Failure) [PSYoungGen: 73874K->20480K(116736K)] 397458K->344064K(466432K), 0.0020848 secs] [Times: user=0.00 sys=0.00, real=0.00 secs] 
158.397: [GC (Allocation Failure) --[PSYoungGen: 72852K->72852K(116736K)] 396436K->396436K(466432K), 0.0042228 secs] [Times: user=0.00 sys=0.00, real=0.00 secs] 
158.402: [Full GC (Ergonomics) [PSYoungGen: 72852K->0K(116736K)] [ParOldGen: 323584K->52224K(349696K)] 396436K->52224K(466432K), [Metaspace: 2796K->2796K(1056768K)], 0.0048813 secs] [Times: user=0.00 sys=0.00, real=0.00 secs] 
159.614: [GC (Allocation Failure) [PSYoungGen: 53397K->15360K(116736K)] 208021K->169984K(466432K), 0.0013262 secs] [Times: user=0.00 sys=0.00, real=0.00 secs] 
160.814: [GC (Allocation Failure) [PSYoungGen: 68758K->15360K(116736K)] 376982K->323584K(466432K), 0.0013641 secs] [Times: user=0.00 sys=0.00, real=0.00 secs] 
161.141: [GC (Allocation Failure) [PSYoungGen: 57495K->30720K(116736K)] 365719K->338944K(466432K), 0.0025694 secs] [Times: user=0.00 sys=0.00, real=0.00 secs] 
161.250: [GC (Allocation Failure) [PSYoungGen: 83095K->56320K(116736K)] 391319K->369664K(466432K), 0.0051092 secs] [Times: user=0.00 sys=0.00, real=0.00 secs] 
161.255: [GC (Allocation Failure) [PSYoungGen: 56320K->56320K(116736K)] 369664K->369664K(466432K), 0.0045751 secs] [Times: user=0.00 sys=0.00, real=0.01 secs] 
161.260: [Full GC (Allocation Failure) [PSYoungGen: 56320K->0K(116736K)] [ParOldGen: 313344K->216064K(349696K)] 369664K->216064K(466432K), [Metaspace: 2796K->2796K(1056768K)], 0.0123029 secs] [Times: user=0.00 sys=0.00, real=0.01 secs] 
162.576: [GC (Allocation Failure) [PSYoungGen: 52366K->25600K(116736K)] 370830K->344064K(466432K), 0.0023040 secs] [Times: user=0.00 sys=0.00, real=0.00 secs] 
162.684: [GC (Allocation Failure) [PSYoungGen: 77970K->56320K(116736K)] 396434K->374784K(466432K), 0.0048482 secs] [Times: user=0.00 sys=0.00, real=0.01 secs] 
162.689: [GC (Allocation Failure) [PSYoungGen: 56320K->56320K(116736K)] 374784K->374784K(466432K), 0.0051374 secs] [Times: user=0.00 sys=0.00, real=0.00 secs] 
162.695: [Full GC (Allocation Failure) [PSYoungGen: 56320K->0K(116736K)] [ParOldGen: 318464K->57344K(349696K)] 374784K->57344K(466432K), [Metaspace: 2796K->2796K(1056768K)], 0.0050612 secs] [Times: user=0.00 sys=0.00, real=0.01 secs] 
163.901: [GC (Allocation Failure) [PSYoungGen: 53396K->21504K(116736K)] 213140K->181248K(466432K), 0.0017329 secs] [Times: user=0.00 sys=0.00, real=0.00 secs] 
165.101: [GC (Allocation Failure) [PSYoungGen: 74902K->21504K(116736K)] 388246K->334848K(466432K), 0.0016870 secs] [Times: user=0.00 sys=0.00, real=0.00 secs] 
166.517: [GC (Allocation Failure) [PSYoungGen: 73879K->10240K(116736K)] 387223K->323584K(466432K), 0.0011719 secs] [Times: user=0.00 sys=0.00, real=0.00 secs] 
166.845: [GC (Allocation Failure) [PSYoungGen: 52374K->46080K(116736K)] 365719K->359424K(466432K), 0.0027663 secs] [Times: user=0.00 sys=0.00, real=0.00 secs] 
166.954: [GC (Allocation Failure) --[PSYoungGen: 98444K->98444K(116736K)] 411788K->411788K(466432K), 0.0028126 secs] [Times: user=0.00 sys=0.00, real=0.00 secs] 
166.957: [Full GC (Ergonomics) [PSYoungGen: 98444K->0K(116736K)] [ParOldGen: 313344K->77824K(349696K)] 411788K->77824K(466432K), [Metaspace: 2796K->2796K(1056768K)], 0.0063695 secs] [Times: user=0.00 sys=0.00, real=0.01 secs] 
168.169: [GC (Allocation Failure) [PSYoungGen: 53384K->15360K(116736K)] 233608K->195584K(466432K), 0.0013940 secs] [Times: user=0.00 sys=0.00, real=0.00 secs] 
169.696: [Full GC (Ergonomics) [PSYoungGen: 58510K->0K(116736K)] [ParOldGen: 333824K->6144K(349696K)] 392334K->6144K(466432K), [Metaspace: 2796K->2796K(1056768K)], 0.0021744 secs] [Times: user=0.00 sys=0.00, real=0.00 secs] 
170.240: [GC (Allocation Failure) [PSYoungGen: 58514K->5120K(116736K)] 167058K->113664K(466432K), 0.0007271 secs] [Times: user=0.00 sys=0.00, real=0.00 secs] 
171.002: [GC (Allocation Failure) [PSYoungGen: 52372K->15360K(116736K)] 160916K->123904K(466432K), 0.0015218 secs] [Times: user=0.00 sys=0.00, real=0.00 secs] 
172.201: [GC (Allocation Failure) [PSYoungGen: 68757K->16384K(116736K)] 330901K->278528K(466432K), 0.0013828 secs] [Times: user=0.00 sys=0.00, real=0.00 secs] 
172.638: [GC (Allocation Failure) [PSYoungGen: 58518K->11264K(116736K)] 371862K->324608K(466432K), 0.0012457 secs] [Times: user=0.00 sys=0.00, real=0.00 secs] 
172.640: [GC (Allocation Failure) [PSYoungGen: 11264K->11264K(116736K)] 324608K->324608K(466432K), 0.0011098 secs] [Times: user=0.00 sys=0.00, real=0.00 secs] 
172.641: [Full GC (Allocation Failure) [PSYoungGen: 11264K->0K(116736K)] [ParOldGen: 313344K->171008K(349696K)] 324608K->171008K(466432K), [Metaspace: 2796K->2796K(1056768K)], 0.0056398 secs] [Times: user=0.00 sys=0.00, real=0.00 secs] 
174.073: [GC (Allocation Failure) [PSYoungGen: 48279K->10240K(116736K)] 372887K->334848K(466432K), 0.0013209 secs] [Times: user=0.00 sys=0.00, real=0.00 secs] 
174.074: [GC (Allocation Failure) [PSYoungGen: 10240K->10240K(116736K)] 334848K->334848K(466432K), 0.0012925 secs] [Times: user=0.00 sys=0.00, real=0.00 secs] 
174.075: [Full GC (Allocation Failure) [PSYoungGen: 10240K->0K(116736K)] [ParOldGen: 324608K->61969K(349696K)] 334848K->61969K(466432K), [Metaspace: 2796K->2796K(1056768K)], 0.0054640 secs] [Times: user=0.00 sys=0.00, real=0.01 secs] 
175.286: [GC (Allocation Failure) [PSYoungGen: 53400K->25600K(116736K)] 217769K->189969K(466432K), 0.0016675 secs] [Times: user=0.00 sys=0.00, real=0.00 secs] 
176.488: [GC (Allocation Failure) [PSYoungGen: 79000K->25600K(116736K)] 396970K->343569K(466432K), 0.0023219 secs] [Times: user=0.00 sys=0.00, real=0.00 secs] 
177.689: [GC (Allocation Failure) [PSYoungGen: 83097K->10240K(116736K)] 401066K->328209K(466432K), 0.0010684 secs] [Times: user=0.00 sys=0.00, real=0.00 secs] 
178.234: [GC (Allocation Failure) [PSYoungGen: 62616K->25600K(116736K)] 380585K->343569K(466432K), 0.0023607 secs] [Times: user=0.00 sys=0.00, real=0.00 secs] 
178.343: [GC (Allocation Failure) --[PSYoungGen: 77967K->77967K(116736K)] 395936K->395936K(466432K), 0.0046086 secs] [Times: user=0.00 sys=0.00, real=0.00 secs] 
178.348: [Full GC (Ergonomics) [PSYoungGen: 77967K->0K(116736K)] [ParOldGen: 317969K->57344K(349696K)] 395936K->57344K(466432K), [Metaspace: 2796K->2796K(1056768K)], 0.0050876 secs] [Times: user=0.00 sys=0.00, real=0.00 secs] 
179.558: [GC (Allocation Failure) [PSYoungGen: 53385K->15360K(116736K)] 213130K->175104K(466432K), 0.0013792 secs] [Times: user=0.00 sys=0.00, real=0.00 secs] 
181.202: [GC (Allocation Failure) [PSYoungGen: 63631K->5120K(116736K)] 376975K->318464K(466432K), 0.0014265 secs] [Times: user=0.00 sys=0.00, real=0.00 secs] 
181.204: [GC (Allocation Failure) [PSYoungGen: 5120K->5120K(116736K)] 318464K->318464K(466432K), 0.0010496 secs] [Times: user=0.00 sys=0.00, real=0.00 secs] 
181.205: [Full GC (Allocation Failure) [PSYoungGen: 5120K->0K(116736K)] [ParOldGen: 313344K->6144K(349696K)] 318464K->6144K(466432K), [Metaspace: 2796K->2796K(1056768K)], 0.0020844 secs] [Times: user=0.00 sys=0.00, real=0.00 secs] 
182.415: [GC (Allocation Failure) [PSYoungGen: 53395K->16384K(116736K)] 161939K->124928K(466432K), 0.0016625 secs] [Times: user=0.00 sys=0.00, real=0.00 secs] 
183.622: [GC (Allocation Failure) [PSYoungGen: 69781K->12288K(116736K)] 331925K->274432K(466432K), 0.0013300 secs] [Times: user=0.00 sys=0.00, real=0.00 secs] 
184.058: [GC (Allocation Failure) [PSYoungGen: 54422K->17408K(116736K)] 367766K->330752K(466432K), 0.0016730 secs] [Times: user=0.00 sys=0.00, real=0.00 secs] 
184.060: [GC (Allocation Failure) [PSYoungGen: 17408K->17408K(116736K)] 330752K->330752K(466432K), 0.0013750 secs] [Times: user=0.00 sys=0.00, real=0.00 secs] 
184.061: [Full GC (Allocation Failure) [PSYoungGen: 17408K->0K(116736K)] [ParOldGen: 313344K->69137K(349696K)] 330752K->69137K(466432K), [Metaspace: 2796K->2796K(1056768K)], 0.0060117 secs] [Times: user=0.00 sys=0.00, real=0.01 secs] 
185.930: [GC (Allocation Failure) [PSYoungGen: 55447K->15360K(116736K)] 380585K->340497K(466432K), 0.0016016 secs] [Times: user=0.00 sys=0.00, real=0.00 secs] 
186.693: [GC (Allocation Failure) [PSYoungGen: 62616K->25600K(116736K)] 387753K->350737K(466432K), 0.0019716 secs] [Times: user=0.00 sys=0.00, real=0.00 secs] 
186.802: [GC (Allocation Failure) [PSYoungGen: 47255K->56320K(116736K)] 372393K->381457K(466432K), 0.0031335 secs] [Times: user=0.00 sys=0.00, real=0.00 secs] 
186.912: [GC (Allocation Failure) --[PSYoungGen: 108695K->108695K(116736K)] 433833K->444073K(466432K), 0.0051020 secs] [Times: user=0.00 sys=0.00, real=0.01 secs] 
186.917: [Full GC (Ergonomics) [PSYoungGen: 108695K->0K(116736K)] [ParOldGen: 335377K->87569K(349696K)] 444073K->87569K(466432K), [Metaspace: 2796K->2796K(1056768K)], 0.0072759 secs] [Times: user=0.00 sys=0.00, real=0.01 secs] 
188.130: [GC (Allocation Failure) [PSYoungGen: 53391K->15360K(116736K)] 243360K->205329K(466432K), 0.0015901 secs] [Times: user=0.00 sys=0.00, real=0.00 secs] 
189.436: [GC (Allocation Failure) [PSYoungGen: 67730K->15360K(116736K)] 308900K->256529K(466432K), 0.0014174 secs] [Times: user=0.00 sys=0.00, real=0.00 secs] 
189.765: [GC (Allocation Failure) [PSYoungGen: 47253K->5120K(116736K)] 339622K->297489K(466432K), 0.0008596 secs] [Times: user=0.00 sys=0.00, real=0.00 secs] 
189.766: [GC (Allocation Failure) [PSYoungGen: 5120K->5120K(116736K)] 297489K->297489K(466432K), 0.0008532 secs] [Times: user=0.00 sys=0.00, real=0.00 secs] 
189.767: [Full GC (Allocation Failure) [PSYoungGen: 5120K->0K(116736K)] [ParOldGen: 292369K->56849K(349696K)] 297489K->56849K(466432K), [Metaspace: 2796K->2796K(1056768K)], 0.0048845 secs] [Times: user=0.00 sys=0.00, real=0.00 secs] 
190.980: [GC (Allocation Failure) [PSYoungGen: 53398K->15360K(116736K)] 212648K->174609K(466432K), 0.0014799 secs] [Times: user=0.00 sys=0.00, real=0.00 secs] 
192.955: [GC (Allocation Failure) [PSYoungGen: 70807K->2080K(116736K)] 383657K->314929K(466432K), 0.0007908 secs] [Times: user=0.00 sys=0.00, real=0.00 secs] 
193.827: [GC (Allocation Failure) [PSYoungGen: 54456K->21536K(116736K)] 367305K->334385K(466432K), 0.0016720 secs] [Times: user=0.00 sys=0.00, real=0.00 secs] 
193.935: [GC (Allocation Failure) [PSYoungGen: 43191K->31776K(116736K)] 356041K->344625K(466432K), 0.0024228 secs] [Times: user=0.00 sys=0.00, real=0.00 secs] 
194.044: [GC (Allocation Failure) --[PSYoungGen: 84151K->84151K(116736K)] 397001K->397001K(466432K), 0.0013836 secs] [Times: user=0.00 sys=0.00, real=0.00 secs] 
194.046: [Full GC (Ergonomics) [PSYoungGen: 84151K->0K(116736K)] [ParOldGen: 312849K->63488K(349696K)] 397001K->63488K(466432K), [Metaspace: 2796K->2796K(1056768K)], 0.0054256 secs] [Times: user=0.00 sys=0.00, real=0.01 secs] 
195.260: [GC (Allocation Failure) [PSYoungGen: 53391K->25632K(116736K)] 219279K->191520K(466432K), 0.0018709 secs] [Times: user=0.00 sys=0.00, real=0.00 secs] 
196.675: [GC (Allocation Failure) [PSYoungGen: 68786K->10272K(116736K)] 388275K->329760K(466432K), 0.0013893 secs] [Times: user=0.00 sys=0.00, real=0.00 secs] 
196.783: [GC (Allocation Failure) [PSYoungGen: 31925K->41024K(116736K)] 351413K->360512K(466432K), 0.0022846 secs] [Times: user=0.00 sys=0.00, real=0.00 secs] 
196.892: [GC (Allocation Failure) --[PSYoungGen: 93397K->93397K(116736K)] 412885K->412885K(466432K), 0.0021278 secs] [Times: user=0.00 sys=0.00, real=0.00 secs] 
196.894: [Full GC (Ergonomics) [PSYoungGen: 93397K->0K(116736K)] [ParOldGen: 319488K->72209K(349696K)] 412885K->72209K(466432K), [Metaspace: 2796K->2796K(1056768K)], 0.0061080 secs] [Times: user=0.00 sys=0.00, real=0.01 secs] 
198.109: [GC (Allocation Failure) [PSYoungGen: 53389K->15360K(116736K)] 227999K->189969K(466432K), 0.0014013 secs] [Times: user=0.00 sys=0.00, real=0.00 secs] 
199.307: [GC (Allocation Failure) [PSYoungGen: 68753K->15360K(116736K)] 396963K->343569K(466432K), 0.0013839 secs] [Times: user=0.00 sys=0.00, real=0.00 secs] 
199.633: [GC (Allocation Failure) [PSYoungGen: 57492K->30720K(116736K)] 385702K->358929K(466432K), 0.0025807 secs] [Times: user=0.00 sys=0.00, real=0.00 secs] 
199.743: [GC (Allocation Failure) [PSYoungGen: 83092K->56320K(116736K)] 411302K->389649K(466432K), 0.0050058 secs] [Times: user=0.00 sys=0.00, real=0.01 secs] 
199.748: [Full GC (Ergonomics) [PSYoungGen: 56320K->0K(116736K)] [ParOldGen: 333329K->133649K(349696K)] 389649K->133649K(466432K), [Metaspace: 2796K->2796K(1056768K)], 0.0097890 secs] [Times: user=0.00 sys=0.00, real=0.01 secs] 
201.175: [GC (Allocation Failure) [PSYoungGen: 57485K->5120K(116736K)] 344735K->292369K(466432K), 0.0008723 secs] [Times: user=0.00 sys=0.00, real=0.00 secs] 
201.176: [GC (Allocation Failure) [PSYoungGen: 5120K->5120K(116736K)] 292369K->292369K(466432K), 0.0009400 secs] [Times: user=0.00 sys=0.00, real=0.00 secs] 
201.177: [Full GC (Allocation Failure) [PSYoungGen: 5120K->0K(116736K)] [ParOldGen: 287249K->56849K(349696K)] 292369K->56849K(466432K), [Metaspace: 2796K->2796K(1056768K)], 0.0051207 secs] [Times: user=0.00 sys=0.00, real=0.01 secs] 
202.394: [GC (Allocation Failure) [PSYoungGen: 53393K->16384K(116736K)] 212643K->175633K(466432K), 0.0013533 secs] [Times: user=0.00 sys=0.00, real=0.00 secs] 
203.590: [GC (Allocation Failure) [PSYoungGen: 69780K->12288K(116736K)] 382630K->325137K(466432K), 0.0010745 secs] [Times: user=0.00 sys=0.00, real=0.00 secs] 
205.120: [GC (Allocation Failure) [PSYoungGen: 64662K->15360K(116736K)] 377512K->328209K(466432K), 0.0016686 secs] [Times: user=0.00 sys=0.00, real=0.00 secs] 
205.339: [GC (Allocation Failure) [PSYoungGen: 47254K->35840K(116736K)] 360104K->348689K(466432K), 0.0025408 secs] [Times: user=0.00 sys=0.00, real=0.00 secs] 
205.448: [GC (Allocation Failure) --[PSYoungGen: 88213K->88213K(116736K)] 401063K->401063K(466432K), 0.0015510 secs] [Times: user=0.00 sys=0.00, real=0.00 secs] 
205.449: [Full GC (Ergonomics) [PSYoungGen: 88213K->0K(116736K)] [ParOldGen: 312849K->67584K(349696K)] 401063K->67584K(466432K), [Metaspace: 2796K->2796K(1056768K)], 0.0055428 secs] [Times: user=0.00 sys=0.00, real=0.01 secs] 
206.665: [GC (Allocation Failure) [PSYoungGen: 53389K->15360K(116736K)] 223373K->185344K(466432K), 0.0014428 secs] [Times: user=0.02 sys=0.00, real=0.00 secs] 
208.196: [GC (Allocation Failure) [PSYoungGen: 73874K->20480K(116736K)] 397458K->344064K(466432K), 0.0023507 secs] [Times: user=0.03 sys=0.00, real=0.00 secs] 
208.305: [GC (Allocation Failure) --[PSYoungGen: 72852K->72852K(116736K)] 396436K->396436K(466432K), 0.0047092 secs] [Times: user=0.01 sys=0.00, real=0.00 secs] 
208.310: [Full GC (Ergonomics) [PSYoungGen: 72852K->0K(116736K)] [ParOldGen: 323584K->52224K(349696K)] 396436K->52224K(466432K), [Metaspace: 2796K->2796K(1056768K)], 0.0053761 secs] [Times: user=0.00 sys=0.00, real=0.01 secs] 
209.519: [GC (Allocation Failure) [PSYoungGen: 53397K->15360K(116736K)] 208021K->169984K(466432K), 0.0014634 secs] [Times: user=0.00 sys=0.00, real=0.00 secs] 
210.719: [GC (Allocation Failure) [PSYoungGen: 68758K->15360K(116736K)] 376982K->323584K(466432K), 0.0014199 secs] [Times: user=0.00 sys=0.00, real=0.00 secs] 
211.046: [GC (Allocation Failure) [PSYoungGen: 57495K->30720K(116736K)] 365719K->338944K(466432K), 0.0024634 secs] [Times: user=0.00 sys=0.00, real=0.00 secs] 
211.154: [GC (Allocation Failure) [PSYoungGen: 83095K->56320K(116736K)] 391319K->369664K(466432K), 0.0046282 secs] [Times: user=0.00 sys=0.00, real=0.01 secs] 
211.159: [GC (Allocation Failure) [PSYoungGen: 56320K->56320K(116736K)] 369664K->369664K(466432K), 0.0044761 secs] [Times: user=0.00 sys=0.00, real=0.00 secs] 
211.164: [Full GC (Allocation Failure) [PSYoungGen: 56320K->0K(116736K)] [ParOldGen: 313344K->216064K(349696K)] 369664K->216064K(466432K), [Metaspace: 2796K->2796K(1056768K)], 0.0121605 secs] [Times: user=0.00 sys=0.00, real=0.01 secs] 
212.497: [GC (Allocation Failure) [PSYoungGen: 52366K->25600K(116736K)] 370830K->344064K(466432K), 0.0024952 secs] [Times: user=0.00 sys=0.00, real=0.00 secs] 
212.606: [GC (Allocation Failure) [PSYoungGen: 77970K->56320K(116736K)] 396434K->374784K(466432K), 0.0047166 secs] [Times: user=0.00 sys=0.00, real=0.00 secs] 
212.611: [GC (Allocation Failure) [PSYoungGen: 56320K->56320K(116736K)] 374784K->374784K(466432K), 0.0044921 secs] [Times: user=0.00 sys=0.00, real=0.00 secs] 
212.616: [Full GC (Allocation Failure) [PSYoungGen: 56320K->0K(116736K)] [ParOldGen: 318464K->57344K(349696K)] 374784K->57344K(466432K), [Metaspace: 2796K->2796K(1056768K)], 0.0049880 secs] [Times: user=0.00 sys=0.00, real=0.01 secs] 
213.818: [GC (Allocation Failure) [PSYoungGen: 53396K->21504K(116736K)] 213140K->181248K(466432K), 0.0017166 secs] [Times: user=0.00 sys=0.00, real=0.00 secs] 
215.019: [GC (Allocation Failure) [PSYoungGen: 74902K->21504K(116736K)] 388246K->334848K(466432K), 0.0018224 secs] [Times: user=0.00 sys=0.00, real=0.00 secs] 
216.440: [GC (Allocation Failure) [PSYoungGen: 73879K->10240K(116736K)] 387223K->323584K(466432K), 0.0013252 secs] [Times: user=0.00 sys=0.00, real=0.00 secs] 
216.769: [GC (Allocation Failure) [PSYoungGen: 52374K->46080K(116736K)] 365719K->359424K(466432K), 0.0028146 secs] [Times: user=0.00 sys=0.00, real=0.00 secs] 
216.879: [GC (Allocation Failure) --[PSYoungGen: 98444K->98444K(116736K)] 411788K->411788K(466432K), 0.0024683 secs] [Times: user=0.00 sys=0.00, real=0.00 secs] 
216.882: [Full GC (Ergonomics) [PSYoungGen: 98444K->0K(116736K)] [ParOldGen: 313344K->77824K(349696K)] 411788K->77824K(466432K), [Metaspace: 2796K->2796K(1056768K)], 0.0064786 secs] [Times: user=0.00 sys=0.00, real=0.01 secs] 
218.102: [GC (Allocation Failure) [PSYoungGen: 53384K->15360K(116736K)] 233608K->195584K(466432K), 0.0015360 secs] [Times: user=0.00 sys=0.00, real=0.00 secs] 
Heap
 PSYoungGen      total 116736K, used 59688K [0x00000000f5580000, 0x0000000100000000, 0x0000000100000000)
  eden space 58880K, 75% used [0x00000000f5580000,0x00000000f80ca078,0x00000000f8f00000)
  from space 57856K, 26% used [0x00000000f8f00000,0x00000000f9e00020,0x00000000fc780000)
  to   space 57856K, 0% used [0x00000000fc780000,0x00000000fc780000,0x0000000100000000)
 ParOldGen       total 349696K, used 333824K [0x00000000e0000000, 0x00000000f5580000, 0x00000000f5580000)
  object space 349696K, 95% used [0x00000000e0000000,0x00000000f4600060,0x00000000f5580000)
 Metaspace       used 2804K, capacity 4486K, committed 4864K, reserved 1056768K
  class space    used 297K, capacity 386K, committed 512K, reserved 1048576K
