Java HotSpot(TM) 64-Bit Server VM (25.411-b09) for windows-amd64 JRE (1.8.0_411-b09), built on Mar 13 2024 07:26:13 by "java_re" with MS VC++ 17.1 (VS2022)
Memory: 4k page, physical 33403376k(14348808k free), swap 37153868k(7489108k free)
CommandLine flags: -XX:InitialHeapSize=536870912 -XX:MaxHeapSize=536870912 -XX:NewRatio=7 -XX:ParallelGCThreads=6 -XX:+PrintGC -XX:+PrintGCDetails -XX:+PrintGCTimeStamps -XX:SurvivorRatio=2 -XX:-UseAdaptiveSizePolicy -XX:+UseCompressedClassPointers -XX:+UseCompressedOops -XX:-UseLargePagesIndividualAllocation -XX:+UseParallelGC 
0.826: [GC (Allocation Failure) [PSYoungGen: 29614K->10856K(49152K)] 29614K->10864K(507904K), 0.0026202 secs] [Times: user=0.00 sys=0.00, real=0.00 secs] 
1.749: [GC (Allocation Failure) [PSYoungGen: 39145K->7784K(49152K)] 213233K->181872K(507904K), 0.0023338 secs] [Times: user=0.00 sys=0.00, real=0.00 secs] 
2.408: [GC (Allocation Failure) [PSYoungGen: 39150K->16048K(49152K)] 213238K->191160K(507904K), 0.0024792 secs] [Times: user=0.00 sys=0.00, real=0.00 secs] 
3.326: [GC (Allocation Failure) [PSYoungGen: 44340K->11880K(49152K)] 393532K->366192K(507904K), 0.0025282 secs] [Times: user=0.00 sys=0.00, real=0.00 secs] 
3.872: [GC (Allocation Failure) [PSYoungGen: 38128K->11864K(49152K)] 392440K->366176K(507904K), 0.0011687 secs] [Times: user=0.00 sys=0.00, real=0.00 secs] 
5.075: [GC (Allocation Failure) [PSYoungGen: 44253K->10840K(49152K)] 398565K->365152K(507904K), 0.0011520 secs] [Times: user=0.00 sys=0.00, real=0.00 secs] 
5.747: [GC (Allocation Failure) [PSYoungGen: 42204K->15960K(49152K)] 468196K->441952K(507904K), 0.0014724 secs] [Times: user=0.00 sys=0.00, real=0.00 secs] 
5.748: [GC (Allocation Failure) [PSYoungGen: 15960K->15928K(49152K)] 441952K->441920K(507904K), 0.0019493 secs] [Times: user=0.00 sys=0.00, real=0.00 secs] 
5.750: [Full GC (Allocation Failure) [PSYoungGen: 15928K->0K(49152K)] [ParOldGen: 425992K->67088K(458752K)] 441920K->67088K(507904K), [Metaspace: 2753K->2753K(1056768K)], 0.0103072 secs] [Times: user=0.00 sys=0.00, real=0.01 secs] 
6.635: [GC (Allocation Failure) [PSYoungGen: 28296K->10240K(49152K)] 197785K->179728K(507904K), 0.0009021 secs] [Times: user=0.00 sys=0.00, real=0.00 secs] 
7.505: [GC (Allocation Failure) [PSYoungGen: 38866K->6176K(49152K)] 382435K->349752K(507904K), 0.0010506 secs] [Times: user=0.02 sys=0.00, real=0.00 secs] 
8.597: [GC (Allocation Failure) [PSYoungGen: 22188K->32K(49152K)] 437445K->415288K(507904K), 0.0014252 secs] [Times: user=0.00 sys=0.00, real=0.00 secs] 
8.598: [GC (Allocation Failure) [PSYoungGen: 32K->32K(49152K)] 415288K->415288K(507904K), 0.0009208 secs] [Times: user=0.00 sys=0.00, real=0.00 secs] 
8.599: [Full GC (Allocation Failure) [PSYoungGen: 32K->0K(49152K)] [ParOldGen: 415256K->51728K(458752K)] 415288K->51728K(507904K), [Metaspace: 2759K->2759K(1056768K)], 0.0053470 secs] [Times: user=0.00 sys=0.00, real=0.00 secs] 
9.489: [GC (Allocation Failure) [PSYoungGen: 28300K->10240K(49152K)] 182429K->164368K(507904K), 0.0010613 secs] [Times: user=0.00 sys=0.00, real=0.00 secs] 
10.363: [GC (Allocation Failure) [PSYoungGen: 38541K->6144K(49152K)] 366750K->334352K(507904K), 0.0008793 secs] [Times: user=0.00 sys=0.00, real=0.00 secs] 
11.016: [GC (Allocation Failure) [PSYoungGen: 37518K->15360K(49152K)] 365727K->343568K(507904K), 0.0014401 secs] [Times: user=0.00 sys=0.00, real=0.00 secs] 
11.454: [GC (Allocation Failure) [PSYoungGen: 36489K->10240K(49152K)] 436378K->410129K(507904K), 0.0010426 secs] [Times: user=0.00 sys=0.00, real=0.00 secs] 
11.455: [GC (Allocation Failure) [PSYoungGen: 10240K->10240K(49152K)] 410129K->410129K(507904K), 0.0009247 secs] [Times: user=0.00 sys=0.00, real=0.00 secs] 
11.456: [Full GC (Allocation Failure) [PSYoungGen: 10240K->0K(49152K)] [ParOldGen: 399888K->215568K(458752K)] 410129K->215568K(507904K), [Metaspace: 2761K->2761K(1056768K)], 0.0115309 secs] [Times: user=0.00 sys=0.00, real=0.01 secs] 
12.889: [GC (Allocation Failure) [PSYoungGen: 32608K->5152K(49152K)] 422257K->394809K(507904K), 0.0009570 secs] [Times: user=0.00 sys=0.00, real=0.00 secs] 
12.890: [GC (Allocation Failure) [PSYoungGen: 5152K->5184K(49152K)] 394809K->394841K(507904K), 0.0008730 secs] [Times: user=0.00 sys=0.00, real=0.00 secs] 
12.891: [Full GC (Allocation Failure) [PSYoungGen: 5184K->0K(49152K)] [ParOldGen: 389656K->56849K(458752K)] 394841K->56849K(507904K), [Metaspace: 2763K->2763K(1056768K)], 0.0050501 secs] [Times: user=0.00 sys=0.00, real=0.01 secs] 
13.777: [GC (Allocation Failure) [PSYoungGen: 28301K->6144K(49152K)] 187550K->165393K(507904K), 0.0011067 secs] [Times: user=0.00 sys=0.00, real=0.00 secs] 
14.653: [GC (Allocation Failure) [PSYoungGen: 34445K->12288K(49152K)] 367775K->345617K(507904K), 0.0012218 secs] [Times: user=0.00 sys=0.00, real=0.00 secs] 
15.307: [GC (Allocation Failure) [PSYoungGen: 43662K->11264K(49152K)] 376991K->354833K(507904K), 0.0017561 secs] [Times: user=0.00 sys=0.00, real=0.00 secs] 
16.291: [GC (Allocation Failure) [PSYoungGen: 42634K->10240K(49152K)] 386203K->353809K(507904K), 0.0010088 secs] [Times: user=0.00 sys=0.00, real=0.00 secs] 
16.836: [GC (Allocation Failure) [PSYoungGen: 41607K->15360K(49152K)] 385176K->358929K(507904K), 0.0017033 secs] [Times: user=0.00 sys=0.00, real=0.00 secs] 
17.162: [GC (Allocation Failure) [PSYoungGen: 46725K->5120K(49152K)] 441494K->420369K(507904K), 0.0023517 secs] [Times: user=0.00 sys=0.00, real=0.00 secs] 
17.164: [GC (Allocation Failure) [PSYoungGen: 5120K->5120K(49152K)] 420369K->420369K(507904K), 0.0007836 secs] [Times: user=0.00 sys=0.00, real=0.00 secs] 
17.165: [Full GC (Allocation Failure) [PSYoungGen: 5120K->0K(49152K)] [ParOldGen: 415249K->77329K(458752K)] 420369K->77329K(507904K), [Metaspace: 2768K->2768K(1056768K)], 0.0068000 secs] [Times: user=0.00 sys=0.00, real=0.01 secs] 
18.047: [GC (Allocation Failure) [PSYoungGen: 28296K->10240K(49152K)] 208026K->189969K(507904K), 0.0009542 secs] [Times: user=0.00 sys=0.00, real=0.00 secs] 
18.923: [GC (Allocation Failure) [PSYoungGen: 38539K->6144K(49152K)] 392348K->359953K(507904K), 0.0008607 secs] [Times: user=0.00 sys=0.00, real=0.00 secs] 
20.014: [GC (Allocation Failure) [PSYoungGen: 27276K->0K(49152K)] 432285K->405009K(507904K), 0.0007533 secs] [Times: user=0.00 sys=0.00, real=0.00 secs] 
20.014: [GC (Allocation Failure) [PSYoungGen: 0K->0K(49152K)] 405009K->405009K(507904K), 0.0010918 secs] [Times: user=0.00 sys=0.00, real=0.00 secs] 
20.016: [Full GC (Allocation Failure) [PSYoungGen: 0K->0K(49152K)] [ParOldGen: 405009K->51729K(458752K)] 405009K->51729K(507904K), [Metaspace: 2770K->2770K(1056768K)], 0.0046950 secs] [Times: user=0.00 sys=0.00, real=0.00 secs] 
20.909: [GC (Allocation Failure) [PSYoungGen: 28301K->10240K(49152K)] 182430K->164369K(507904K), 0.0007551 secs] [Times: user=0.00 sys=0.00, real=0.00 secs] 
21.784: [GC (Allocation Failure) [PSYoungGen: 38542K->7168K(49152K)] 366751K->335377K(507904K), 0.0008986 secs] [Times: user=0.00 sys=0.00, real=0.00 secs] 
22.438: [GC (Allocation Failure) [PSYoungGen: 38542K->15360K(49152K)] 366751K->344593K(507904K), 0.0013743 secs] [Times: user=0.00 sys=0.00, real=0.00 secs] 
22.874: [GC (Allocation Failure) [PSYoungGen: 36490K->10240K(49152K)] 437403K->411153K(507904K), 0.0010412 secs] [Times: user=0.00 sys=0.00, real=0.00 secs] 
22.875: [GC (Allocation Failure) [PSYoungGen: 10240K->10240K(49152K)] 411153K->411153K(507904K), 0.0011193 secs] [Times: user=0.00 sys=0.00, real=0.00 secs] 
22.876: [Full GC (Allocation Failure) [PSYoungGen: 10240K->0K(49152K)] [ParOldGen: 400913K->165393K(458752K)] 411153K->165393K(507904K), [Metaspace: 2779K->2779K(1056768K)], 0.0122539 secs] [Times: user=0.00 sys=0.00, real=0.01 secs] 
24.635: [Full GC (Ergonomics) [PSYoungGen: 30348K->0K(49152K)] [ParOldGen: 441873K->12288K(458752K)] 472221K->12288K(507904K), [Metaspace: 2779K->2779K(1056768K)], 0.0029863 secs] [Times: user=0.00 sys=0.00, real=0.00 secs] 
25.291: [GC (Allocation Failure) [PSYoungGen: 31373K->10240K(49152K)] 43661K->22528K(507904K), 0.0011758 secs] [Times: user=0.00 sys=0.00, real=0.00 secs] 
26.162: [GC (Allocation Failure) [PSYoungGen: 38537K->10240K(49152K)] 224905K->206848K(507904K), 0.0016821 secs] [Times: user=0.00 sys=0.00, real=0.00 secs] 
26.708: [GC (Allocation Failure) [PSYoungGen: 36491K->15360K(49152K)] 233099K->211968K(507904K), 0.0012631 secs] [Times: user=0.02 sys=0.00, real=0.00 secs] 
27.798: [GC (Allocation Failure) [PSYoungGen: 46727K->10240K(49152K)] 263815K->227328K(507904K), 0.0010188 secs] [Times: user=0.00 sys=0.00, real=0.00 secs] 
28.233: [GC (Allocation Failure) [PSYoungGen: 36628K->15392K(49152K)] 253716K->232488K(507904K), 0.0016251 secs] [Times: user=0.00 sys=0.00, real=0.00 secs] 
28.779: [GC (Allocation Failure) [PSYoungGen: 47781K->6176K(49152K)] 418477K->376872K(507904K), 0.0009625 secs] [Times: user=0.00 sys=0.00, real=0.00 secs] 
29.544: [GC (Allocation Failure) [PSYoungGen: 38568K->15392K(49152K)] 409264K->386088K(507904K), 0.0015706 secs] [Times: user=0.00 sys=0.00, real=0.00 secs] 
29.982: [Full GC (Ergonomics) [PSYoungGen: 36518K->0K(49152K)] [ParOldGen: 442376K->113169K(458752K)] 478894K->113169K(507904K), [Metaspace: 2793K->2793K(1056768K)], 0.0097130 secs] [Times: user=0.01 sys=0.00, real=0.01 secs] 
31.742: [GC (Allocation Failure) [PSYoungGen: 30345K->2048K(49152K)] 348315K->320017K(507904K), 0.0009050 secs] [Times: user=0.00 sys=0.00, real=0.00 secs] 
32.398: [GC (Allocation Failure) [PSYoungGen: 33419K->11264K(49152K)] 351389K->329233K(507904K), 0.0010226 secs] [Times: user=0.00 sys=0.00, real=0.00 secs] 
32.835: [GC (Allocation Failure) [PSYoungGen: 32392K->6144K(49152K)] 422041K->395793K(507904K), 0.0010021 secs] [Times: user=0.00 sys=0.00, real=0.00 secs] 
32.836: [GC (Allocation Failure) [PSYoungGen: 6144K->6144K(49152K)] 395793K->395793K(507904K), 0.0007038 secs] [Times: user=0.00 sys=0.00, real=0.00 secs] 
32.836: [Full GC (Allocation Failure) [PSYoungGen: 6144K->0K(49152K)] [ParOldGen: 389649K->57873K(458752K)] 395793K->57873K(507904K), [Metaspace: 2793K->2793K(1056768K)], 0.0052033 secs] [Times: user=0.00 sys=0.00, real=0.00 secs] 
33.722: [GC (Allocation Failure) [PSYoungGen: 28298K->6144K(49152K)] 188572K->166417K(507904K), 0.0007776 secs] [Times: user=0.00 sys=0.00, real=0.00 secs] 
34.598: [GC (Allocation Failure) [PSYoungGen: 34444K->12288K(49152K)] 368797K->346641K(507904K), 0.0015069 secs] [Times: user=0.02 sys=0.00, real=0.00 secs] 
35.698: [GC (Allocation Failure) [PSYoungGen: 38541K->10240K(49152K)] 444574K->416273K(507904K), 0.0012267 secs] [Times: user=0.00 sys=0.00, real=0.00 secs] 
35.699: [GC (Allocation Failure) [PSYoungGen: 10240K->10240K(49152K)] 416273K->416273K(507904K), 0.0011799 secs] [Times: user=0.00 sys=0.00, real=0.00 secs] 
35.700: [Full GC (Allocation Failure) [PSYoungGen: 10240K->0K(49152K)] [ParOldGen: 406033K->61969K(458752K)] 416273K->61969K(507904K), [Metaspace: 2793K->2793K(1056768K)], 0.0056149 secs] [Times: user=0.00 sys=0.00, real=0.01 secs] 
36.587: [GC (Allocation Failure) [PSYoungGen: 28302K->10240K(49152K)] 192671K->174609K(507904K), 0.0008495 secs] [Times: user=0.00 sys=0.00, real=0.00 secs] 
37.461: [GC (Allocation Failure) [PSYoungGen: 38542K->6144K(49152K)] 376992K->344593K(507904K), 0.0009424 secs] [Times: user=0.00 sys=0.00, real=0.00 secs] 
38.115: [GC (Allocation Failure) [PSYoungGen: 37518K->15360K(49152K)] 375968K->353809K(507904K), 0.0013106 secs] [Times: user=0.00 sys=0.00, real=0.00 secs] 
39.320: [GC (Allocation Failure) [PSYoungGen: 46730K->10240K(49152K)] 456859K->420369K(507904K), 0.0009331 secs] [Times: user=0.00 sys=0.00, real=0.00 secs] 
39.864: [GC (Allocation Failure) [PSYoungGen: 41612K->5120K(49152K)] 472221K->435729K(507904K), 0.0010661 secs] [Times: user=0.03 sys=0.00, real=0.00 secs] 
39.865: [GC (Allocation Failure) [PSYoungGen: 5120K->5120K(49152K)] 435729K->435729K(507904K), 0.0009110 secs] [Times: user=0.00 sys=0.00, real=0.00 secs] 
39.866: [Full GC (Allocation Failure) [PSYoungGen: 5120K->0K(49152K)] [ParOldGen: 430609K->26129K(458752K)] 435729K->26129K(507904K), [Metaspace: 2793K->2793K(1056768K)], 0.0035299 secs] [Times: user=0.00 sys=0.00, real=0.00 secs] 
40.849: [GC (Allocation Failure) [PSYoungGen: 28301K->10240K(49152K)] 208030K->189969K(507904K), 0.0010913 secs] [Times: user=0.00 sys=0.00, real=0.00 secs] 
41.722: [GC (Allocation Failure) [PSYoungGen: 38542K->7168K(49152K)] 392351K->360977K(507904K), 0.0009449 secs] [Times: user=0.00 sys=0.00, real=0.00 secs] 
43.036: [GC (Allocation Failure) [PSYoungGen: 39566K->1024K(49152K)] 393376K->354833K(507904K), 0.0006338 secs] [Times: user=0.00 sys=0.00, real=0.00 secs] 
43.799: [GC (Allocation Failure) [PSYoungGen: 33418K->6144K(49152K)] 387227K->359953K(507904K), 0.0009802 secs] [Times: user=0.00 sys=0.00, real=0.00 secs] 
44.235: [GC (Allocation Failure) [PSYoungGen: 27271K->11264K(49152K)] 452760K->436753K(507904K), 0.0013255 secs] [Times: user=0.00 sys=0.00, real=0.00 secs] 
44.236: [GC (Allocation Failure) [PSYoungGen: 11264K->11264K(49152K)] 436753K->436753K(507904K), 0.0012285 secs] [Times: user=0.00 sys=0.00, real=0.00 secs] 
44.238: [Full GC (Allocation Failure) [PSYoungGen: 11264K->0K(49152K)] [ParOldGen: 425489K->62993K(458752K)] 436753K->62993K(507904K), [Metaspace: 2795K->2795K(1056768K)], 0.0058638 secs] [Times: user=0.00 sys=0.00, real=0.01 secs] 
45.131: [GC (Allocation Failure) [PSYoungGen: 28298K->10240K(49152K)] 193691K->175633K(507904K), 0.0012674 secs] [Times: user=0.00 sys=0.00, real=0.00 secs] 
46.007: [GC (Allocation Failure) [PSYoungGen: 38540K->11264K(49152K)] 378013K->355857K(507904K), 0.0015907 secs] [Times: user=0.00 sys=0.00, real=0.00 secs] 
47.101: [GC (Allocation Failure) [PSYoungGen: 32397K->0K(49152K)] 448670K->416273K(507904K), 0.0009935 secs] [Times: user=0.00 sys=0.00, real=0.00 secs] 
47.102: [GC (Allocation Failure) [PSYoungGen: 0K->0K(49152K)] 416273K->416273K(507904K), 0.0010181 secs] [Times: user=0.00 sys=0.00, real=0.00 secs] 
47.103: [Full GC (Allocation Failure) [PSYoungGen: 0K->0K(49152K)] [ParOldGen: 416273K->72209K(458752K)] 416273K->72209K(507904K), [Metaspace: 2795K->2795K(1056768K)], 0.0061223 secs] [Times: user=0.00 sys=0.00, real=0.01 secs] 
47.985: [GC (Allocation Failure) [PSYoungGen: 28302K->10240K(49152K)] 202911K->184849K(507904K), 0.0011781 secs] [Times: user=0.00 sys=0.00, real=0.00 secs] 
48.859: [GC (Allocation Failure) [PSYoungGen: 38542K->6144K(49152K)] 387231K->354833K(507904K), 0.0010418 secs] [Times: user=0.00 sys=0.00, real=0.00 secs] 
49.516: [GC (Allocation Failure) [PSYoungGen: 37518K->15360K(49152K)] 386208K->364049K(507904K), 0.0017119 secs] [Times: user=0.00 sys=0.00, real=0.00 secs] 
49.952: [GC (Allocation Failure) [PSYoungGen: 36490K->10240K(49152K)] 456859K->430609K(507904K), 0.0011036 secs] [Times: user=0.00 sys=0.00, real=0.00 secs] 
49.954: [GC (Allocation Failure) [PSYoungGen: 10240K->10240K(49152K)] 430609K->430609K(507904K), 0.0010337 secs] [Times: user=0.00 sys=0.00, real=0.00 secs] 
49.955: [Full GC (Allocation Failure) [PSYoungGen: 10240K->0K(49152K)] [ParOldGen: 420369K->133649K(458752K)] 430609K->133649K(507904K), [Metaspace: 2795K->2795K(1056768K)], 0.0089622 secs] [Times: user=0.00 sys=0.00, real=0.01 secs] 
51.059: [GC (Allocation Failure) [PSYoungGen: 26252K->15360K(49152K)] 262301K->251409K(507904K), 0.0017178 secs] [Times: user=0.00 sys=0.00, real=0.00 secs] 
51.604: [GC (Allocation Failure) [PSYoungGen: 47757K->7168K(49152K)] 437406K->396817K(507904K), 0.0009340 secs] [Times: user=0.00 sys=0.00, real=0.00 secs] 
52.368: [GC (Allocation Failure) [PSYoungGen: 39566K->15360K(49152K)] 429215K->406033K(507904K), 0.0016358 secs] [Times: user=0.00 sys=0.00, real=0.00 secs] 
52.697: [GC (Allocation Failure) [PSYoungGen: 36489K->10240K(49152K)] 447643K->421393K(507904K), 0.0010482 secs] [Times: user=0.00 sys=0.00, real=0.00 secs] 
52.698: [GC (Allocation Failure) [PSYoungGen: 10240K->10240K(49152K)] 421393K->421393K(507904K), 0.0010364 secs] [Times: user=0.00 sys=0.00, real=0.00 secs] 
52.699: [Full GC (Allocation Failure) [PSYoungGen: 10240K->0K(49152K)] [ParOldGen: 411153K->32273K(458752K)] 421393K->32273K(507904K), [Metaspace: 2795K->2795K(1056768K)], 0.0037072 secs] [Times: user=0.00 sys=0.00, real=0.00 secs] 
53.678: [GC (Allocation Failure) [PSYoungGen: 28299K->6144K(49152K)] 214173K->192017K(507904K), 0.0010323 secs] [Times: user=0.00 sys=0.00, real=0.00 secs] 
54.882: [GC (Allocation Failure) [PSYoungGen: 38541K->10240K(49152K)] 224414K->196113K(507904K), 0.0011721 secs] [Times: user=0.00 sys=0.00, real=0.00 secs] 
55.319: [GC (Allocation Failure) [PSYoungGen: 36489K->15360K(49152K)] 222362K->201233K(507904K), 0.0013973 secs] [Times: user=0.00 sys=0.00, real=0.00 secs] 
55.864: [GC (Allocation Failure) [PSYoungGen: 47749K->11264K(49152K)] 387223K->355857K(507904K), 0.0015106 secs] [Times: user=0.00 sys=0.00, real=0.00 secs] 
56.628: [GC (Allocation Failure) [PSYoungGen: 43657K->10240K(49152K)] 388250K->365073K(507904K), 0.0016039 secs] [Times: user=0.00 sys=0.00, real=0.00 secs] 
57.064: [GC (Allocation Failure) [PSYoungGen: 31366K->5120K(49152K)] 457880K->431633K(507904K), 0.0008092 secs] [Times: user=0.00 sys=0.00, real=0.00 secs] 
57.065: [GC (Allocation Failure) [PSYoungGen: 5120K->5120K(49152K)] 431633K->431633K(507904K), 0.0007471 secs] [Times: user=0.00 sys=0.00, real=0.00 secs] 
57.066: [Full GC (Allocation Failure) [PSYoungGen: 5120K->0K(49152K)] [ParOldGen: 426513K->92689K(458752K)] 431633K->92689K(507904K), [Metaspace: 2796K->2796K(1056768K)], 0.0072521 secs] [Times: user=0.02 sys=0.00, real=0.01 secs] 
59.043: [GC (Allocation Failure) [PSYoungGen: 30345K->5120K(49152K)] 399515K->374289K(507904K), 0.0008948 secs] [Times: user=0.00 sys=0.00, real=0.00 secs] 
59.589: [GC (Allocation Failure) [PSYoungGen: 36491K->15360K(49152K)] 405661K->384529K(507904K), 0.0015696 secs] [Times: user=0.00 sys=0.00, real=0.00 secs] 
59.917: [GC (Allocation Failure) [PSYoungGen: 46728K->5120K(49152K)] 467097K->425489K(507904K), 0.0012568 secs] [Times: user=0.00 sys=0.00, real=0.00 secs] 
59.918: [GC (Allocation Failure) [PSYoungGen: 5120K->5120K(49152K)] 425489K->425489K(507904K), 0.0009894 secs] [Times: user=0.00 sys=0.00, real=0.00 secs] 
59.919: [Full GC (Allocation Failure) [PSYoungGen: 5120K->0K(49152K)] [ParOldGen: 420369K->108049K(458752K)] 425489K->108049K(507904K), [Metaspace: 2796K->2796K(1056768K)], 0.0082222 secs] [Times: user=0.00 sys=0.00, real=0.01 secs] 
60.807: [GC (Allocation Failure) [PSYoungGen: 28298K->10240K(49152K)] 238748K->220689K(507904K), 0.0010006 secs] [Times: user=0.00 sys=0.00, real=0.00 secs] 
62.228: [GC (Allocation Failure) [PSYoungGen: 42636K->5120K(49152K)] 427165K->389649K(507904K), 0.0008747 secs] [Times: user=0.00 sys=0.00, real=0.00 secs] 
62.775: [Full GC (Ergonomics) [PSYoungGen: 31373K->0K(49152K)] [ParOldGen: 456209K->56849K(458752K)] 487582K->56849K(507904K), [Metaspace: 2796K->2796K(1056768K)], 0.0053830 secs] [Times: user=0.00 sys=0.00, real=0.00 secs] 
63.647: [GC (Allocation Failure) [PSYoungGen: 28302K->6144K(49152K)] 187551K->165393K(507904K), 0.0008451 secs] [Times: user=0.00 sys=0.00, real=0.00 secs] 
64.524: [GC (Allocation Failure) [PSYoungGen: 34446K->12288K(49152K)] 367776K->345617K(507904K), 0.0015757 secs] [Times: user=0.00 sys=0.00, real=0.00 secs] 
65.180: [GC (Allocation Failure) [PSYoungGen: 43662K->11264K(49152K)] 376992K->354833K(507904K), 0.0017325 secs] [Times: user=0.00 sys=0.00, real=0.00 secs] 
66.163: [GC (Allocation Failure) [PSYoungGen: 42634K->10240K(49152K)] 386203K->353809K(507904K), 0.0011261 secs] [Times: user=0.00 sys=0.00, real=0.00 secs] 
66.708: [GC (Allocation Failure) [PSYoungGen: 41607K->15360K(49152K)] 385176K->358929K(507904K), 0.0014981 secs] [Times: user=0.00 sys=0.00, real=0.00 secs] 
67.036: [GC (Allocation Failure) [PSYoungGen: 46725K->5120K(49152K)] 441494K->420369K(507904K), 0.0020795 secs] [Times: user=0.00 sys=0.00, real=0.00 secs] 
67.038: [GC (Allocation Failure) [PSYoungGen: 5120K->5120K(49152K)] 420369K->420369K(507904K), 0.0006847 secs] [Times: user=0.00 sys=0.00, real=0.00 secs] 
67.039: [Full GC (Allocation Failure) [PSYoungGen: 5120K->0K(49152K)] [ParOldGen: 415249K->77329K(458752K)] 420369K->77329K(507904K), [Metaspace: 2796K->2796K(1056768K)], 0.0061585 secs] [Times: user=0.00 sys=0.00, real=0.01 secs] 
67.927: [GC (Allocation Failure) [PSYoungGen: 28297K->10240K(49152K)] 208026K->189969K(507904K), 0.0010051 secs] [Times: user=0.00 sys=0.00, real=0.00 secs] 
68.799: [GC (Allocation Failure) [PSYoungGen: 38539K->6144K(49152K)] 392348K->359953K(507904K), 0.0007564 secs] [Times: user=0.00 sys=0.00, real=0.00 secs] 
69.891: [GC (Allocation Failure) [PSYoungGen: 27276K->0K(49152K)] 432286K->405009K(507904K), 0.0009421 secs] [Times: user=0.00 sys=0.00, real=0.00 secs] 
69.892: [GC (Allocation Failure) [PSYoungGen: 0K->0K(49152K)] 405009K->405009K(507904K), 0.0012242 secs] [Times: user=0.00 sys=0.00, real=0.00 secs] 
69.893: [Full GC (Allocation Failure) [PSYoungGen: 0K->0K(49152K)] [ParOldGen: 405009K->51729K(458752K)] 405009K->51729K(507904K), [Metaspace: 2796K->2796K(1056768K)], 0.0050011 secs] [Times: user=0.00 sys=0.00, real=0.00 secs] 
70.781: [GC (Allocation Failure) [PSYoungGen: 28301K->10240K(49152K)] 182431K->164369K(507904K), 0.0008575 secs] [Times: user=0.00 sys=0.00, real=0.00 secs] 
71.656: [GC (Allocation Failure) [PSYoungGen: 38542K->7168K(49152K)] 366751K->335377K(507904K), 0.0009375 secs] [Times: user=0.00 sys=0.00, real=0.00 secs] 
72.311: [GC (Allocation Failure) [PSYoungGen: 38542K->15360K(49152K)] 366752K->344593K(507904K), 0.0012941 secs] [Times: user=0.00 sys=0.00, real=0.00 secs] 
72.747: [GC (Allocation Failure) [PSYoungGen: 36490K->10240K(49152K)] 437403K->411153K(507904K), 0.0012704 secs] [Times: user=0.00 sys=0.00, real=0.00 secs] 
72.748: [GC (Allocation Failure) [PSYoungGen: 10240K->10240K(49152K)] 411153K->411153K(507904K), 0.0009759 secs] [Times: user=0.00 sys=0.00, real=0.00 secs] 
72.749: [Full GC (Allocation Failure) [PSYoungGen: 10240K->0K(49152K)] [ParOldGen: 400913K->165393K(458752K)] 411153K->165393K(507904K), [Metaspace: 2796K->2796K(1056768K)], 0.0122859 secs] [Times: user=0.00 sys=0.00, real=0.01 secs] 
74.511: [Full GC (Ergonomics) [PSYoungGen: 30348K->0K(49152K)] [ParOldGen: 441873K->12288K(458752K)] 472221K->12288K(507904K), [Metaspace: 2796K->2796K(1056768K)], 0.0025189 secs] [Times: user=0.00 sys=0.00, real=0.00 secs] 
75.165: [GC (Allocation Failure) [PSYoungGen: 31373K->10240K(49152K)] 43661K->22528K(507904K), 0.0009189 secs] [Times: user=0.00 sys=0.00, real=0.00 secs] 
76.039: [GC (Allocation Failure) [PSYoungGen: 38537K->10240K(49152K)] 224905K->206848K(507904K), 0.0017861 secs] [Times: user=0.00 sys=0.00, real=0.00 secs] 
76.584: [GC (Allocation Failure) [PSYoungGen: 36491K->15360K(49152K)] 233099K->211968K(507904K), 0.0014615 secs] [Times: user=0.00 sys=0.00, real=0.00 secs] 
77.673: [GC (Allocation Failure) [PSYoungGen: 46727K->10240K(49152K)] 263815K->227328K(507904K), 0.0009648 secs] [Times: user=0.00 sys=0.00, real=0.00 secs] 
78.109: [GC (Allocation Failure) [PSYoungGen: 36490K->15360K(49152K)] 253578K->232448K(507904K), 0.0015800 secs] [Times: user=0.00 sys=0.00, real=0.00 secs] 
78.654: [GC (Allocation Failure) [PSYoungGen: 47750K->6144K(49152K)] 418438K->376832K(507904K), 0.0009648 secs] [Times: user=0.00 sys=0.00, real=0.00 secs] 
79.420: [GC (Allocation Failure) [PSYoungGen: 38537K->15360K(49152K)] 409225K->386048K(507904K), 0.0015129 secs] [Times: user=0.00 sys=0.00, real=0.00 secs] 
79.858: [Full GC (Ergonomics) [PSYoungGen: 36486K->0K(49152K)] [ParOldGen: 442368K->113169K(458752K)] 478855K->113169K(507904K), [Metaspace: 2796K->2796K(1056768K)], 0.0089778 secs] [Times: user=0.02 sys=0.00, real=0.01 secs] 
81.624: [GC (Allocation Failure) [PSYoungGen: 30346K->2048K(49152K)] 348315K->320017K(507904K), 0.0008486 secs] [Times: user=0.00 sys=0.00, real=0.00 secs] 
82.280: [GC (Allocation Failure) [PSYoungGen: 33419K->11264K(49152K)] 351389K->329233K(507904K), 0.0011989 secs] [Times: user=0.00 sys=0.00, real=0.00 secs] 
82.715: [GC (Allocation Failure) [PSYoungGen: 32392K->6144K(49152K)] 422041K->395793K(507904K), 0.0010911 secs] [Times: user=0.00 sys=0.00, real=0.00 secs] 
82.717: [GC (Allocation Failure) [PSYoungGen: 6144K->6144K(49152K)] 395793K->395793K(507904K), 0.0008367 secs] [Times: user=0.00 sys=0.00, real=0.00 secs] 
82.717: [Full GC (Allocation Failure) [PSYoungGen: 6144K->0K(49152K)] [ParOldGen: 389649K->57873K(458752K)] 395793K->57873K(507904K), [Metaspace: 2796K->2796K(1056768K)], 0.0054323 secs] [Times: user=0.00 sys=0.00, real=0.00 secs] 
83.603: [GC (Allocation Failure) [PSYoungGen: 28298K->6144K(49152K)] 188572K->166417K(507904K), 0.0008419 secs] [Times: user=0.00 sys=0.00, real=0.00 secs] 
84.477: [GC (Allocation Failure) [PSYoungGen: 34444K->12288K(49152K)] 368797K->346641K(507904K), 0.0012792 secs] [Times: user=0.00 sys=0.00, real=0.00 secs] 
85.563: [GC (Allocation Failure) [PSYoungGen: 38541K->10240K(49152K)] 444574K->416273K(507904K), 0.0015000 secs] [Times: user=0.00 sys=0.00, real=0.00 secs] 
85.564: [GC (Allocation Failure) [PSYoungGen: 10240K->10240K(49152K)] 416273K->416273K(507904K), 0.0011816 secs] [Times: user=0.00 sys=0.00, real=0.00 secs] 
85.565: [Full GC (Allocation Failure) [PSYoungGen: 10240K->0K(49152K)] [ParOldGen: 406033K->61969K(458752K)] 416273K->61969K(507904K), [Metaspace: 2796K->2796K(1056768K)], 0.0055855 secs] [Times: user=0.00 sys=0.00, real=0.01 secs] 
86.451: [GC (Allocation Failure) [PSYoungGen: 28302K->10240K(49152K)] 192671K->174609K(507904K), 0.0009916 secs] [Times: user=0.00 sys=0.00, real=0.00 secs] 
87.324: [GC (Allocation Failure) [PSYoungGen: 38542K->6144K(49152K)] 376992K->344593K(507904K), 0.0008550 secs] [Times: user=0.00 sys=0.00, real=0.00 secs] 
87.981: [GC (Allocation Failure) [PSYoungGen: 37518K->15360K(49152K)] 375968K->353809K(507904K), 0.0014472 secs] [Times: user=0.00 sys=0.00, real=0.00 secs] 
89.178: [GC (Allocation Failure) [PSYoungGen: 46730K->10240K(49152K)] 456859K->420369K(507904K), 0.0011922 secs] [Times: user=0.00 sys=0.00, real=0.00 secs] 
89.723: [GC (Allocation Failure) [PSYoungGen: 41612K->5120K(49152K)] 472221K->435729K(507904K), 0.0009181 secs] [Times: user=0.00 sys=0.00, real=0.00 secs] 
89.724: [GC (Allocation Failure) [PSYoungGen: 5120K->5120K(49152K)] 435729K->435729K(507904K), 0.0008906 secs] [Times: user=0.00 sys=0.00, real=0.00 secs] 
89.725: [Full GC (Allocation Failure) [PSYoungGen: 5120K->0K(49152K)] [ParOldGen: 430609K->26129K(458752K)] 435729K->26129K(507904K), [Metaspace: 2796K->2796K(1056768K)], 0.0035065 secs] [Times: user=0.00 sys=0.00, real=0.00 secs] 
90.704: [GC (Allocation Failure) [PSYoungGen: 28301K->10240K(49152K)] 208030K->189969K(507904K), 0.0008008 secs] [Times: user=0.00 sys=0.00, real=0.00 secs] 
91.575: [GC (Allocation Failure) [PSYoungGen: 38542K->7168K(49152K)] 392351K->360977K(507904K), 0.0010513 secs] [Times: user=0.00 sys=0.00, real=0.00 secs] 
92.885: [GC (Allocation Failure) [PSYoungGen: 39566K->1024K(49152K)] 393376K->354833K(507904K), 0.0008665 secs] [Times: user=0.00 sys=0.00, real=0.00 secs] 
93.649: [GC (Allocation Failure) [PSYoungGen: 33418K->6144K(49152K)] 387227K->359953K(507904K), 0.0009808 secs] [Times: user=0.00 sys=0.00, real=0.00 secs] 
94.087: [GC (Allocation Failure) [PSYoungGen: 27271K->11264K(49152K)] 452760K->436753K(507904K), 0.0016389 secs] [Times: user=0.00 sys=0.00, real=0.00 secs] 
94.089: [GC (Allocation Failure) [PSYoungGen: 11264K->11264K(49152K)] 436753K->436753K(507904K), 0.0011113 secs] [Times: user=0.00 sys=0.00, real=0.00 secs] 
94.090: [Full GC (Allocation Failure) [PSYoungGen: 11264K->0K(49152K)] [ParOldGen: 425489K->62993K(458752K)] 436753K->62993K(507904K), [Metaspace: 2796K->2796K(1056768K)], 0.0057519 secs] [Times: user=0.00 sys=0.00, real=0.01 secs] 
94.979: [GC (Allocation Failure) [PSYoungGen: 28298K->10240K(49152K)] 193691K->175633K(507904K), 0.0012162 secs] [Times: user=0.00 sys=0.00, real=0.00 secs] 
95.855: [GC (Allocation Failure) [PSYoungGen: 38540K->11264K(49152K)] 378013K->355857K(507904K), 0.0016372 secs] [Times: user=0.00 sys=0.00, real=0.00 secs] 
96.947: [GC (Allocation Failure) [PSYoungGen: 32397K->0K(49152K)] 448670K->416273K(507904K), 0.0010229 secs] [Times: user=0.00 sys=0.00, real=0.00 secs] 
96.948: [GC (Allocation Failure) [PSYoungGen: 0K->0K(49152K)] 416273K->416273K(507904K), 0.0006760 secs] [Times: user=0.00 sys=0.00, real=0.00 secs] 
96.949: [Full GC (Allocation Failure) [PSYoungGen: 0K->0K(49152K)] [ParOldGen: 416273K->72209K(458752K)] 416273K->72209K(507904K), [Metaspace: 2796K->2796K(1056768K)], 0.0059071 secs] [Times: user=0.00 sys=0.00, real=0.01 secs] 
97.835: [GC (Allocation Failure) [PSYoungGen: 28302K->10240K(49152K)] 202911K->184849K(507904K), 0.0010440 secs] [Times: user=0.00 sys=0.00, real=0.00 secs] 
98.712: [GC (Allocation Failure) [PSYoungGen: 38542K->6144K(49152K)] 387231K->354833K(507904K), 0.0009754 secs] [Times: user=0.00 sys=0.00, real=0.00 secs] 
99.368: [GC (Allocation Failure) [PSYoungGen: 37518K->15360K(49152K)] 386208K->364049K(507904K), 0.0012507 secs] [Times: user=0.00 sys=0.00, real=0.00 secs] 
99.804: [GC (Allocation Failure) [PSYoungGen: 36490K->10240K(49152K)] 456859K->430609K(507904K), 0.0012554 secs] [Times: user=0.00 sys=0.00, real=0.00 secs] 
99.805: [GC (Allocation Failure) [PSYoungGen: 10240K->10240K(49152K)] 430609K->430609K(507904K), 0.0010012 secs] [Times: user=0.00 sys=0.00, real=0.00 secs] 
99.806: [Full GC (Allocation Failure) [PSYoungGen: 10240K->0K(49152K)] [ParOldGen: 420369K->133649K(458752K)] 430609K->133649K(507904K), [Metaspace: 2796K->2796K(1056768K)], 0.0085786 secs] [Times: user=0.00 sys=0.00, real=0.01 secs] 
100.911: [GC (Allocation Failure) [PSYoungGen: 26252K->15360K(49152K)] 262301K->251409K(507904K), 0.0014179 secs] [Times: user=0.02 sys=0.00, real=0.00 secs] 
101.457: [GC (Allocation Failure) [PSYoungGen: 47757K->7168K(49152K)] 437406K->396817K(507904K), 0.0009611 secs] [Times: user=0.00 sys=0.00, real=0.00 secs] 
102.219: [GC (Allocation Failure) [PSYoungGen: 39566K->15360K(49152K)] 429215K->406033K(507904K), 0.0012852 secs] [Times: user=0.00 sys=0.00, real=0.00 secs] 
102.548: [GC (Allocation Failure) [PSYoungGen: 36489K->10240K(49152K)] 447643K->421393K(507904K), 0.0013731 secs] [Times: user=0.00 sys=0.00, real=0.00 secs] 
102.549: [GC (Allocation Failure) [PSYoungGen: 10240K->10240K(49152K)] 421393K->421393K(507904K), 0.0009357 secs] [Times: user=0.00 sys=0.00, real=0.00 secs] 
102.550: [Full GC (Allocation Failure) [PSYoungGen: 10240K->0K(49152K)] [ParOldGen: 411153K->32273K(458752K)] 421393K->32273K(507904K), [Metaspace: 2796K->2796K(1056768K)], 0.0038686 secs] [Times: user=0.01 sys=0.00, real=0.00 secs] 
103.532: [GC (Allocation Failure) [PSYoungGen: 28299K->6144K(49152K)] 214173K->192017K(507904K), 0.0011334 secs] [Times: user=0.00 sys=0.00, real=0.00 secs] 
104.732: [GC (Allocation Failure) [PSYoungGen: 38541K->10240K(49152K)] 224414K->196113K(507904K), 0.0011874 secs] [Times: user=0.00 sys=0.00, real=0.00 secs] 
105.172: [GC (Allocation Failure) [PSYoungGen: 36489K->15360K(49152K)] 222362K->201233K(507904K), 0.0014486 secs] [Times: user=0.00 sys=0.00, real=0.00 secs] 
105.718: [GC (Allocation Failure) [PSYoungGen: 47749K->11264K(49152K)] 387223K->355857K(507904K), 0.0015867 secs] [Times: user=0.00 sys=0.00, real=0.00 secs] 
106.485: [GC (Allocation Failure) [PSYoungGen: 43657K->10240K(49152K)] 388250K->365073K(507904K), 0.0018836 secs] [Times: user=0.00 sys=0.00, real=0.00 secs] 
106.920: [GC (Allocation Failure) [PSYoungGen: 31366K->5120K(49152K)] 457880K->431633K(507904K), 0.0012834 secs] [Times: user=0.00 sys=0.00, real=0.00 secs] 
106.921: [GC (Allocation Failure) [PSYoungGen: 5120K->5120K(49152K)] 431633K->431633K(507904K), 0.0008496 secs] [Times: user=0.00 sys=0.00, real=0.00 secs] 
106.922: [Full GC (Allocation Failure) [PSYoungGen: 5120K->0K(49152K)] [ParOldGen: 426513K->92689K(458752K)] 431633K->92689K(507904K), [Metaspace: 2796K->2796K(1056768K)], 0.0072987 secs] [Times: user=0.00 sys=0.00, real=0.01 secs] 
108.895: [GC (Allocation Failure) [PSYoungGen: 30345K->5120K(49152K)] 399515K->374289K(507904K), 0.0009592 secs] [Times: user=0.00 sys=0.00, real=0.00 secs] 
109.440: [GC (Allocation Failure) [PSYoungGen: 36491K->15360K(49152K)] 405661K->384529K(507904K), 0.0014017 secs] [Times: user=0.00 sys=0.00, real=0.00 secs] 
109.766: [GC (Allocation Failure) [PSYoungGen: 46728K->5120K(49152K)] 467097K->425489K(507904K), 0.0010566 secs] [Times: user=0.00 sys=0.00, real=0.00 secs] 
109.767: [GC (Allocation Failure) [PSYoungGen: 5120K->5120K(49152K)] 425489K->425489K(507904K), 0.0007939 secs] [Times: user=0.00 sys=0.00, real=0.00 secs] 
109.768: [Full GC (Allocation Failure) [PSYoungGen: 5120K->0K(49152K)] [ParOldGen: 420369K->108049K(458752K)] 425489K->108049K(507904K), [Metaspace: 2796K->2796K(1056768K)], 0.0081187 secs] [Times: user=0.02 sys=0.00, real=0.01 secs] 
110.652: [GC (Allocation Failure) [PSYoungGen: 28298K->10240K(49152K)] 238748K->220689K(507904K), 0.0012508 secs] [Times: user=0.00 sys=0.00, real=0.00 secs] 
112.068: [GC (Allocation Failure) [PSYoungGen: 42636K->5120K(49152K)] 427165K->389649K(507904K), 0.0009168 secs] [Times: user=0.00 sys=0.00, real=0.00 secs] 
112.615: [Full GC (Ergonomics) [PSYoungGen: 31373K->0K(49152K)] [ParOldGen: 456209K->56849K(458752K)] 487582K->56849K(507904K), [Metaspace: 2796K->2796K(1056768K)], 0.0055508 secs] [Times: user=0.00 sys=0.00, real=0.01 secs] 
113.493: [GC (Allocation Failure) [PSYoungGen: 28302K->6144K(49152K)] 187551K->165393K(507904K), 0.0010671 secs] [Times: user=0.00 sys=0.00, real=0.00 secs] 
114.366: [GC (Allocation Failure) [PSYoungGen: 34446K->12288K(49152K)] 367776K->345617K(507904K), 0.0013436 secs] [Times: user=0.00 sys=0.00, real=0.00 secs] 
115.021: [GC (Allocation Failure) [PSYoungGen: 43662K->11264K(49152K)] 376992K->354833K(507904K), 0.0019824 secs] [Times: user=0.00 sys=0.00, real=0.00 secs] 
116.002: [GC (Allocation Failure) [PSYoungGen: 42634K->10240K(49152K)] 386203K->353809K(507904K), 0.0009899 secs] [Times: user=0.00 sys=0.00, real=0.00 secs] 
116.548: [GC (Allocation Failure) [PSYoungGen: 41607K->15360K(49152K)] 385176K->358929K(507904K), 0.0014491 secs] [Times: user=0.00 sys=0.00, real=0.00 secs] 
116.875: [GC (Allocation Failure) [PSYoungGen: 46725K->5120K(49152K)] 441494K->420369K(507904K), 0.0022793 secs] [Times: user=0.00 sys=0.00, real=0.00 secs] 
116.877: [GC (Allocation Failure) [PSYoungGen: 5120K->5120K(49152K)] 420369K->420369K(507904K), 0.0008716 secs] [Times: user=0.00 sys=0.00, real=0.00 secs] 
116.878: [Full GC (Allocation Failure) [PSYoungGen: 5120K->0K(49152K)] [ParOldGen: 415249K->77329K(458752K)] 420369K->77329K(507904K), [Metaspace: 2796K->2796K(1056768K)], 0.0065079 secs] [Times: user=0.00 sys=0.00, real=0.01 secs] 
117.764: [GC (Allocation Failure) [PSYoungGen: 28297K->10240K(49152K)] 208026K->189969K(507904K), 0.0009039 secs] [Times: user=0.00 sys=0.00, real=0.00 secs] 
118.636: [GC (Allocation Failure) [PSYoungGen: 38539K->6144K(49152K)] 392348K->359953K(507904K), 0.0008735 secs] [Times: user=0.00 sys=0.00, real=0.00 secs] 
119.729: [GC (Allocation Failure) [PSYoungGen: 27276K->0K(49152K)] 432286K->405009K(507904K), 0.0008360 secs] [Times: user=0.00 sys=0.00, real=0.00 secs] 
119.730: [GC (Allocation Failure) [PSYoungGen: 0K->0K(49152K)] 405009K->405009K(507904K), 0.0010572 secs] [Times: user=0.00 sys=0.00, real=0.00 secs] 
119.731: [Full GC (Allocation Failure) [PSYoungGen: 0K->0K(49152K)] [ParOldGen: 405009K->51729K(458752K)] 405009K->51729K(507904K), [Metaspace: 2796K->2796K(1056768K)], 0.0046862 secs] [Times: user=0.00 sys=0.00, real=0.00 secs] 
120.618: [GC (Allocation Failure) [PSYoungGen: 28301K->10240K(49152K)] 182431K->164369K(507904K), 0.0008784 secs] [Times: user=0.00 sys=0.00, real=0.00 secs] 
121.494: [GC (Allocation Failure) [PSYoungGen: 38542K->7168K(49152K)] 366751K->335377K(507904K), 0.0009522 secs] [Times: user=0.00 sys=0.00, real=0.00 secs] 
122.152: [GC (Allocation Failure) [PSYoungGen: 38542K->15360K(49152K)] 366752K->344593K(507904K), 0.0012285 secs] [Times: user=0.00 sys=0.00, real=0.00 secs] 
122.591: [GC (Allocation Failure) [PSYoungGen: 36490K->10240K(49152K)] 437403K->411153K(507904K), 0.0010891 secs] [Times: user=0.00 sys=0.00, real=0.00 secs] 
122.592: [GC (Allocation Failure) [PSYoungGen: 10240K->10240K(49152K)] 411153K->411153K(507904K), 0.0011495 secs] [Times: user=0.00 sys=0.00, real=0.00 secs] 
122.593: [Full GC (Allocation Failure) [PSYoungGen: 10240K->0K(49152K)] [ParOldGen: 400913K->165393K(458752K)] 411153K->165393K(507904K), [Metaspace: 2796K->2796K(1056768K)], 0.0123411 secs] [Times: user=0.01 sys=0.00, real=0.01 secs] 
124.352: [Full GC (Ergonomics) [PSYoungGen: 30348K->0K(49152K)] [ParOldGen: 441873K->12288K(458752K)] 472221K->12288K(507904K), [Metaspace: 2796K->2796K(1056768K)], 0.0027198 secs] [Times: user=0.00 sys=0.00, real=0.00 secs] 
125.006: [GC (Allocation Failure) [PSYoungGen: 31373K->10240K(49152K)] 43661K->22528K(507904K), 0.0012381 secs] [Times: user=0.00 sys=0.00, real=0.00 secs] 
125.883: [GC (Allocation Failure) [PSYoungGen: 38537K->10240K(49152K)] 224905K->206848K(507904K), 0.0017874 secs] [Times: user=0.00 sys=0.00, real=0.00 secs] 
126.427: [GC (Allocation Failure) [PSYoungGen: 36491K->15360K(49152K)] 233099K->211968K(507904K), 0.0013628 secs] [Times: user=0.00 sys=0.00, real=0.00 secs] 
127.520: [GC (Allocation Failure) [PSYoungGen: 46727K->10240K(49152K)] 263815K->227328K(507904K), 0.0011855 secs] [Times: user=0.00 sys=0.00, real=0.00 secs] 
127.956: [GC (Allocation Failure) [PSYoungGen: 36490K->15360K(49152K)] 253578K->232448K(507904K), 0.0017472 secs] [Times: user=0.00 sys=0.00, real=0.00 secs] 
128.504: [GC (Allocation Failure) [PSYoungGen: 47750K->6144K(49152K)] 418438K->376832K(507904K), 0.0010083 secs] [Times: user=0.00 sys=0.00, real=0.00 secs] 
129.266: [GC (Allocation Failure) [PSYoungGen: 38537K->15360K(49152K)] 409225K->386048K(507904K), 0.0016916 secs] [Times: user=0.00 sys=0.00, real=0.00 secs] 
129.701: [Full GC (Ergonomics) [PSYoungGen: 36486K->0K(49152K)] [ParOldGen: 442368K->113169K(458752K)] 478855K->113169K(507904K), [Metaspace: 2796K->2796K(1056768K)], 0.0093684 secs] [Times: user=0.02 sys=0.00, real=0.01 secs] 
131.462: [GC (Allocation Failure) [PSYoungGen: 30346K->2048K(49152K)] 348315K->320017K(507904K), 0.0008299 secs] [Times: user=0.00 sys=0.00, real=0.00 secs] 
132.119: [GC (Allocation Failure) [PSYoungGen: 33419K->11264K(49152K)] 351389K->329233K(507904K), 0.0011117 secs] [Times: user=0.00 sys=0.00, real=0.00 secs] 
132.556: [GC (Allocation Failure) [PSYoungGen: 32392K->6144K(49152K)] 422041K->395793K(507904K), 0.0010114 secs] [Times: user=0.00 sys=0.00, real=0.00 secs] 
132.557: [GC (Allocation Failure) [PSYoungGen: 6144K->6144K(49152K)] 395793K->395793K(507904K), 0.0007953 secs] [Times: user=0.00 sys=0.00, real=0.00 secs] 
132.558: [Full GC (Allocation Failure) [PSYoungGen: 6144K->0K(49152K)] [ParOldGen: 389649K->57873K(458752K)] 395793K->57873K(507904K), [Metaspace: 2796K->2796K(1056768K)], 0.0052212 secs] [Times: user=0.00 sys=0.00, real=0.01 secs] 
133.442: [GC (Allocation Failure) [PSYoungGen: 28298K->6144K(49152K)] 188572K->166417K(507904K), 0.0007586 secs] [Times: user=0.03 sys=0.00, real=0.00 secs] 
134.316: [GC (Allocation Failure) [PSYoungGen: 34444K->12288K(49152K)] 368797K->346641K(507904K), 0.0012946 secs] [Times: user=0.00 sys=0.00, real=0.00 secs] 
135.409: [GC (Allocation Failure) [PSYoungGen: 38541K->10240K(49152K)] 444574K->416273K(507904K), 0.0014109 secs] [Times: user=0.00 sys=0.00, real=0.00 secs] 
135.411: [GC (Allocation Failure) [PSYoungGen: 10240K->10240K(49152K)] 416273K->416273K(507904K), 0.0012805 secs] [Times: user=0.00 sys=0.00, real=0.00 secs] 
135.412: [Full GC (Allocation Failure) [PSYoungGen: 10240K->0K(49152K)] [ParOldGen: 406033K->61969K(458752K)] 416273K->61969K(507904K), [Metaspace: 2796K->2796K(1056768K)], 0.0055314 secs] [Times: user=0.00 sys=0.00, real=0.00 secs] 
136.304: [GC (Allocation Failure) [PSYoungGen: 28302K->10240K(49152K)] 192671K->174609K(507904K), 0.0009627 secs] [Times: user=0.00 sys=0.00, real=0.00 secs] 
137.177: [GC (Allocation Failure) [PSYoungGen: 38542K->6144K(49152K)] 376992K->344593K(507904K), 0.0011388 secs] [Times: user=0.00 sys=0.00, real=0.00 secs] 
137.831: [GC (Allocation Failure) [PSYoungGen: 37518K->15360K(49152K)] 375968K->353809K(507904K), 0.0014783 secs] [Times: user=0.00 sys=0.00, real=0.00 secs] 
139.029: [GC (Allocation Failure) [PSYoungGen: 46730K->10240K(49152K)] 456859K->420369K(507904K), 0.0008094 secs] [Times: user=0.00 sys=0.00, real=0.00 secs] 
139.577: [GC (Allocation Failure) [PSYoungGen: 41612K->5120K(49152K)] 472221K->435729K(507904K), 0.0008654 secs] [Times: user=0.00 sys=0.00, real=0.00 secs] 
139.578: [GC (Allocation Failure) [PSYoungGen: 5120K->5120K(49152K)] 435729K->435729K(507904K), 0.0008688 secs] [Times: user=0.00 sys=0.00, real=0.00 secs] 
139.579: [Full GC (Allocation Failure) [PSYoungGen: 5120K->0K(49152K)] [ParOldGen: 430609K->26129K(458752K)] 435729K->26129K(507904K), [Metaspace: 2796K->2796K(1056768K)], 0.0033677 secs] [Times: user=0.00 sys=0.00, real=0.00 secs] 
140.558: [GC (Allocation Failure) [PSYoungGen: 28301K->10240K(49152K)] 208030K->189969K(507904K), 0.0009607 secs] [Times: user=0.00 sys=0.00, real=0.00 secs] 
141.433: [GC (Allocation Failure) [PSYoungGen: 38542K->7168K(49152K)] 392351K->360977K(507904K), 0.0011079 secs] [Times: user=0.00 sys=0.00, real=0.00 secs] 
142.741: [GC (Allocation Failure) [PSYoungGen: 39566K->1024K(49152K)] 393376K->354833K(507904K), 0.0008501 secs] [Times: user=0.00 sys=0.00, real=0.00 secs] 
143.510: [GC (Allocation Failure) [PSYoungGen: 33418K->6144K(49152K)] 387227K->359953K(507904K), 0.0009810 secs] [Times: user=0.00 sys=0.00, real=0.00 secs] 
143.948: [GC (Allocation Failure) [PSYoungGen: 27271K->11264K(49152K)] 452760K->436753K(507904K), 0.0015087 secs] [Times: user=0.00 sys=0.00, real=0.00 secs] 
143.949: [GC (Allocation Failure) [PSYoungGen: 11264K->11264K(49152K)] 436753K->436753K(507904K), 0.0012892 secs] [Times: user=0.00 sys=0.00, real=0.00 secs] 
143.951: [Full GC (Allocation Failure) [PSYoungGen: 11264K->0K(49152K)] [ParOldGen: 425489K->62993K(458752K)] 436753K->62993K(507904K), [Metaspace: 2796K->2796K(1056768K)], 0.0056172 secs] [Times: user=0.00 sys=0.00, real=0.01 secs] 
144.835: [GC (Allocation Failure) [PSYoungGen: 28298K->10240K(49152K)] 193691K->175633K(507904K), 0.0012248 secs] [Times: user=0.00 sys=0.00, real=0.00 secs] 
145.709: [GC (Allocation Failure) [PSYoungGen: 38540K->11264K(49152K)] 378013K->355857K(507904K), 0.0015109 secs] [Times: user=0.00 sys=0.00, real=0.00 secs] 
146.802: [GC (Allocation Failure) [PSYoungGen: 32397K->0K(49152K)] 448670K->416273K(507904K), 0.0008558 secs] [Times: user=0.02 sys=0.00, real=0.00 secs] 
146.803: [GC (Allocation Failure) [PSYoungGen: 0K->0K(49152K)] 416273K->416273K(507904K), 0.0008136 secs] [Times: user=0.00 sys=0.00, real=0.00 secs] 
146.804: [Full GC (Allocation Failure) [PSYoungGen: 0K->0K(49152K)] [ParOldGen: 416273K->72209K(458752K)] 416273K->72209K(507904K), [Metaspace: 2796K->2796K(1056768K)], 0.0060532 secs] [Times: user=0.00 sys=0.00, real=0.01 secs] 
147.689: [GC (Allocation Failure) [PSYoungGen: 28302K->10240K(49152K)] 202911K->184849K(507904K), 0.0009835 secs] [Times: user=0.00 sys=0.00, real=0.00 secs] 
148.564: [GC (Allocation Failure) [PSYoungGen: 38542K->6144K(49152K)] 387231K->354833K(507904K), 0.0009428 secs] [Times: user=0.00 sys=0.00, real=0.00 secs] 
149.219: [GC (Allocation Failure) [PSYoungGen: 37518K->15360K(49152K)] 386208K->364049K(507904K), 0.0014646 secs] [Times: user=0.00 sys=0.00, real=0.00 secs] 
149.654: [GC (Allocation Failure) [PSYoungGen: 36490K->10240K(49152K)] 456859K->430609K(507904K), 0.0011348 secs] [Times: user=0.00 sys=0.00, real=0.00 secs] 
149.655: [GC (Allocation Failure) [PSYoungGen: 10240K->10240K(49152K)] 430609K->430609K(507904K), 0.0008876 secs] [Times: user=0.00 sys=0.00, real=0.00 secs] 
149.656: [Full GC (Allocation Failure) [PSYoungGen: 10240K->0K(49152K)] [ParOldGen: 420369K->133649K(458752K)] 430609K->133649K(507904K), [Metaspace: 2796K->2796K(1056768K)], 0.0088066 secs] [Times: user=0.00 sys=0.00, real=0.01 secs] 
150.759: [GC (Allocation Failure) [PSYoungGen: 26252K->15360K(49152K)] 262301K->251409K(507904K), 0.0017308 secs] [Times: user=0.00 sys=0.00, real=0.00 secs] 
151.307: [GC (Allocation Failure) [PSYoungGen: 47757K->7168K(49152K)] 437406K->396817K(507904K), 0.0010230 secs] [Times: user=0.00 sys=0.00, real=0.00 secs] 
152.069: [GC (Allocation Failure) [PSYoungGen: 39566K->15360K(49152K)] 429215K->406033K(507904K), 0.0017250 secs] [Times: user=0.00 sys=0.00, real=0.00 secs] 
152.393: [GC (Allocation Failure) [PSYoungGen: 36489K->10240K(49152K)] 447643K->421393K(507904K), 0.0012184 secs] [Times: user=0.00 sys=0.00, real=0.00 secs] 
152.395: [GC (Allocation Failure) [PSYoungGen: 10240K->10240K(49152K)] 421393K->421393K(507904K), 0.0010409 secs] [Times: user=0.00 sys=0.00, real=0.00 secs] 
152.396: [Full GC (Allocation Failure) [PSYoungGen: 10240K->0K(49152K)] [ParOldGen: 411153K->32273K(458752K)] 421393K->32273K(507904K), [Metaspace: 2796K->2796K(1056768K)], 0.0035868 secs] [Times: user=0.00 sys=0.00, real=0.00 secs] 
153.377: [GC (Allocation Failure) [PSYoungGen: 28299K->6144K(49152K)] 214173K->192017K(507904K), 0.0009222 secs] [Times: user=0.00 sys=0.00, real=0.00 secs] 
154.578: [GC (Allocation Failure) [PSYoungGen: 38541K->10240K(49152K)] 224414K->196113K(507904K), 0.0009312 secs] [Times: user=0.00 sys=0.00, real=0.00 secs] 
155.016: [GC (Allocation Failure) [PSYoungGen: 36489K->15360K(49152K)] 222362K->201233K(507904K), 0.0015256 secs] [Times: user=0.00 sys=0.00, real=0.00 secs] 
155.562: [GC (Allocation Failure) [PSYoungGen: 47749K->11264K(49152K)] 387223K->355857K(507904K), 0.0015359 secs] [Times: user=0.00 sys=0.00, real=0.00 secs] 
156.324: [GC (Allocation Failure) [PSYoungGen: 43657K->10240K(49152K)] 388250K->365073K(507904K), 0.0017762 secs] [Times: user=0.00 sys=0.00, real=0.00 secs] 
156.761: [GC (Allocation Failure) [PSYoungGen: 31366K->5120K(49152K)] 457880K->431633K(507904K), 0.0008131 secs] [Times: user=0.00 sys=0.00, real=0.00 secs] 
156.762: [GC (Allocation Failure) [PSYoungGen: 5120K->5120K(49152K)] 431633K->431633K(507904K), 0.0007431 secs] [Times: user=0.00 sys=0.00, real=0.00 secs] 
156.762: [Full GC (Allocation Failure) [PSYoungGen: 5120K->0K(49152K)] [ParOldGen: 426513K->92689K(458752K)] 431633K->92689K(507904K), [Metaspace: 2796K->2796K(1056768K)], 0.0071967 secs] [Times: user=0.00 sys=0.00, real=0.01 secs] 
158.745: [GC (Allocation Failure) [PSYoungGen: 30345K->5120K(49152K)] 399515K->374289K(507904K), 0.0008024 secs] [Times: user=0.00 sys=0.00, real=0.00 secs] 
159.289: [GC (Allocation Failure) [PSYoungGen: 36491K->15360K(49152K)] 405661K->384529K(507904K), 0.0016024 secs] [Times: user=0.00 sys=0.00, real=0.00 secs] 
159.616: [GC (Allocation Failure) [PSYoungGen: 46728K->5120K(49152K)] 467097K->425489K(507904K), 0.0009501 secs] [Times: user=0.00 sys=0.00, real=0.00 secs] 
159.617: [GC (Allocation Failure) [PSYoungGen: 5120K->5120K(49152K)] 425489K->425489K(507904K), 0.0008703 secs] [Times: user=0.00 sys=0.00, real=0.00 secs] 
159.618: [Full GC (Allocation Failure) [PSYoungGen: 5120K->0K(49152K)] [ParOldGen: 420369K->108049K(458752K)] 425489K->108049K(507904K), [Metaspace: 2796K->2796K(1056768K)], 0.0082164 secs] [Times: user=0.00 sys=0.00, real=0.01 secs] 
160.503: [GC (Allocation Failure) [PSYoungGen: 28298K->10240K(49152K)] 238748K->220689K(507904K), 0.0009259 secs] [Times: user=0.00 sys=0.00, real=0.00 secs] 
161.922: [GC (Allocation Failure) [PSYoungGen: 42636K->5120K(49152K)] 427165K->389649K(507904K), 0.0007261 secs] [Times: user=0.00 sys=0.00, real=0.00 secs] 
162.467: [Full GC (Ergonomics) [PSYoungGen: 31373K->0K(49152K)] [ParOldGen: 456209K->56849K(458752K)] 487582K->56849K(507904K), [Metaspace: 2796K->2796K(1056768K)], 0.0052221 secs] [Times: user=0.00 sys=0.00, real=0.01 secs] 
163.356: [GC (Allocation Failure) [PSYoungGen: 28302K->6144K(49152K)] 187551K->165393K(507904K), 0.0007654 secs] [Times: user=0.00 sys=0.00, real=0.00 secs] 
164.229: [GC (Allocation Failure) [PSYoungGen: 34446K->12288K(49152K)] 367776K->345617K(507904K), 0.0014613 secs] [Times: user=0.00 sys=0.00, real=0.00 secs] 
164.885: [GC (Allocation Failure) [PSYoungGen: 43662K->11264K(49152K)] 376992K->354833K(507904K), 0.0018515 secs] [Times: user=0.00 sys=0.00, real=0.00 secs] 
165.866: [GC (Allocation Failure) [PSYoungGen: 42634K->10240K(49152K)] 386203K->353809K(507904K), 0.0010867 secs] [Times: user=0.00 sys=0.00, real=0.00 secs] 
166.413: [GC (Allocation Failure) [PSYoungGen: 41607K->15360K(49152K)] 385176K->358929K(507904K), 0.0014733 secs] [Times: user=0.00 sys=0.00, real=0.00 secs] 
166.742: [GC (Allocation Failure) [PSYoungGen: 46725K->5120K(49152K)] 441494K->420369K(507904K), 0.0024856 secs] [Times: user=0.00 sys=0.00, real=0.00 secs] 
166.745: [GC (Allocation Failure) [PSYoungGen: 5120K->5120K(49152K)] 420369K->420369K(507904K), 0.0010754 secs] [Times: user=0.00 sys=0.00, real=0.00 secs] 
166.746: [Full GC (Allocation Failure) [PSYoungGen: 5120K->0K(49152K)] [ParOldGen: 415249K->77329K(458752K)] 420369K->77329K(507904K), [Metaspace: 2796K->2796K(1056768K)], 0.0064916 secs] [Times: user=0.00 sys=0.00, real=0.01 secs] 
167.628: [GC (Allocation Failure) [PSYoungGen: 28297K->10240K(49152K)] 208026K->189969K(507904K), 0.0010300 secs] [Times: user=0.00 sys=0.00, real=0.00 secs] 
168.503: [GC (Allocation Failure) [PSYoungGen: 38539K->6144K(49152K)] 392348K->359953K(507904K), 0.0009816 secs] [Times: user=0.00 sys=0.00, real=0.00 secs] 
169.595: [GC (Allocation Failure) [PSYoungGen: 27276K->0K(49152K)] 432286K->405009K(507904K), 0.0011624 secs] [Times: user=0.00 sys=0.00, real=0.00 secs] 
169.597: [GC (Allocation Failure) [PSYoungGen: 0K->0K(49152K)] 405009K->405009K(507904K), 0.0008652 secs] [Times: user=0.00 sys=0.00, real=0.00 secs] 
169.598: [Full GC (Allocation Failure) [PSYoungGen: 0K->0K(49152K)] [ParOldGen: 405009K->51729K(458752K)] 405009K->51729K(507904K), [Metaspace: 2796K->2796K(1056768K)], 0.0050355 secs] [Times: user=0.00 sys=0.00, real=0.01 secs] 
170.488: [GC (Allocation Failure) [PSYoungGen: 28301K->10240K(49152K)] 182431K->164369K(507904K), 0.0009060 secs] [Times: user=0.00 sys=0.00, real=0.00 secs] 
171.361: [GC (Allocation Failure) [PSYoungGen: 38542K->7168K(49152K)] 366751K->335377K(507904K), 0.0010440 secs] [Times: user=0.00 sys=0.00, real=0.00 secs] 
172.014: [GC (Allocation Failure) [PSYoungGen: 38542K->15360K(49152K)] 366752K->344593K(507904K), 0.0011400 secs] [Times: user=0.00 sys=0.00, real=0.00 secs] 
172.451: [GC (Allocation Failure) [PSYoungGen: 36490K->10240K(49152K)] 437403K->411153K(507904K), 0.0011393 secs] [Times: user=0.00 sys=0.00, real=0.00 secs] 
172.452: [GC (Allocation Failure) [PSYoungGen: 10240K->10240K(49152K)] 411153K->411153K(507904K), 0.0011879 secs] [Times: user=0.00 sys=0.00, real=0.00 secs] 
172.453: [Full GC (Allocation Failure) [PSYoungGen: 10240K->0K(49152K)] [ParOldGen: 400913K->165393K(458752K)] 411153K->165393K(507904K), [Metaspace: 2796K->2796K(1056768K)], 0.0123902 secs] [Times: user=0.00 sys=0.00, real=0.01 secs] 
174.214: [Full GC (Ergonomics) [PSYoungGen: 30348K->0K(49152K)] [ParOldGen: 441873K->12288K(458752K)] 472221K->12288K(507904K), [Metaspace: 2796K->2796K(1056768K)], 0.0027912 secs] [Times: user=0.00 sys=0.00, real=0.00 secs] 
174.869: [GC (Allocation Failure) [PSYoungGen: 31373K->10240K(49152K)] 43661K->22528K(507904K), 0.0010249 secs] [Times: user=0.00 sys=0.00, real=0.00 secs] 
175.745: [GC (Allocation Failure) [PSYoungGen: 38537K->15360K(49152K)] 224905K->206848K(507904K), 0.0017312 secs] [Times: user=0.00 sys=0.00, real=0.00 secs] 
176.290: [GC (Allocation Failure) [PSYoungGen: 41611K->15360K(49152K)] 233099K->217088K(507904K), 0.0021344 secs] [Times: user=0.00 sys=0.00, real=0.00 secs] 
177.381: [GC (Allocation Failure) [PSYoungGen: 46727K->10240K(49152K)] 268935K->232448K(507904K), 0.0009569 secs] [Times: user=0.00 sys=0.00, real=0.00 secs] 
177.814: [GC (Allocation Failure) [PSYoungGen: 36490K->15360K(49152K)] 258698K->237568K(507904K), 0.0013499 secs] [Times: user=0.00 sys=0.00, real=0.00 secs] 
178.362: [GC (Allocation Failure) [PSYoungGen: 47750K->6144K(49152K)] 423558K->381952K(507904K), 0.0010010 secs] [Times: user=0.00 sys=0.00, real=0.00 secs] 
179.124: [GC (Allocation Failure) [PSYoungGen: 38537K->15360K(49152K)] 414345K->391168K(507904K), 0.0016295 secs] [Times: user=0.00 sys=0.00, real=0.00 secs] 
179.559: [Full GC (Ergonomics) [PSYoungGen: 36486K->0K(49152K)] [ParOldGen: 447488K->113169K(458752K)] 483975K->113169K(507904K), [Metaspace: 2796K->2796K(1056768K)], 0.0086818 secs] [Times: user=0.00 sys=0.00, real=0.01 secs] 
181.322: [GC (Allocation Failure) [PSYoungGen: 30346K->2048K(49152K)] 348315K->320017K(507904K), 0.0006298 secs] [Times: user=0.00 sys=0.00, real=0.00 secs] 
181.981: [GC (Allocation Failure) [PSYoungGen: 33419K->11264K(49152K)] 351389K->329233K(507904K), 0.0010786 secs] [Times: user=0.00 sys=0.00, real=0.00 secs] 
182.415: [GC (Allocation Failure) [PSYoungGen: 32392K->6144K(49152K)] 422041K->395793K(507904K), 0.0009363 secs] [Times: user=0.00 sys=0.00, real=0.00 secs] 
182.416: [GC (Allocation Failure) [PSYoungGen: 6144K->6144K(49152K)] 395793K->395793K(507904K), 0.0008555 secs] [Times: user=0.00 sys=0.00, real=0.00 secs] 
182.417: [Full GC (Allocation Failure) [PSYoungGen: 6144K->0K(49152K)] [ParOldGen: 389649K->57873K(458752K)] 395793K->57873K(507904K), [Metaspace: 2796K->2796K(1056768K)], 0.0054291 secs] [Times: user=0.00 sys=0.00, real=0.01 secs] 
183.303: [GC (Allocation Failure) [PSYoungGen: 28298K->6144K(49152K)] 188572K->166417K(507904K), 0.0009369 secs] [Times: user=0.00 sys=0.00, real=0.00 secs] 
184.176: [GC (Allocation Failure) [PSYoungGen: 34444K->12288K(49152K)] 368797K->346641K(507904K), 0.0015000 secs] [Times: user=0.00 sys=0.00, real=0.00 secs] 
185.265: [GC (Allocation Failure) [PSYoungGen: 38541K->10240K(49152K)] 444574K->416273K(507904K), 0.0013690 secs] [Times: user=0.00 sys=0.00, real=0.00 secs] 
185.267: [GC (Allocation Failure) [PSYoungGen: 10240K->10240K(49152K)] 416273K->416273K(507904K), 0.0011215 secs] [Times: user=0.00 sys=0.00, real=0.00 secs] 
185.268: [Full GC (Allocation Failure) [PSYoungGen: 10240K->0K(49152K)] [ParOldGen: 406033K->61969K(458752K)] 416273K->61969K(507904K), [Metaspace: 2796K->2796K(1056768K)], 0.0054833 secs] [Times: user=0.00 sys=0.00, real=0.00 secs] 
186.155: [GC (Allocation Failure) [PSYoungGen: 28302K->10240K(49152K)] 192671K->174609K(507904K), 0.0009366 secs] [Times: user=0.00 sys=0.00, real=0.00 secs] 
187.028: [GC (Allocation Failure) [PSYoungGen: 38542K->6144K(49152K)] 376992K->344593K(507904K), 0.0007455 secs] [Times: user=0.00 sys=0.00, real=0.00 secs] 
187.686: [GC (Allocation Failure) [PSYoungGen: 37518K->15360K(49152K)] 375968K->353809K(507904K), 0.0015896 secs] [Times: user=0.00 sys=0.00, real=0.00 secs] 
188.881: [GC (Allocation Failure) [PSYoungGen: 46730K->10240K(49152K)] 456859K->420369K(507904K), 0.0010849 secs] [Times: user=0.00 sys=0.00, real=0.00 secs] 
189.429: [GC (Allocation Failure) [PSYoungGen: 41612K->5120K(49152K)] 472221K->435729K(507904K), 0.0011791 secs] [Times: user=0.00 sys=0.00, real=0.00 secs] 
189.430: [GC (Allocation Failure) [PSYoungGen: 5120K->5120K(49152K)] 435729K->435729K(507904K), 0.0008826 secs] [Times: user=0.00 sys=0.00, real=0.00 secs] 
189.431: [Full GC (Allocation Failure) [PSYoungGen: 5120K->0K(49152K)] [ParOldGen: 430609K->26129K(458752K)] 435729K->26129K(507904K), [Metaspace: 2796K->2796K(1056768K)], 0.0033294 secs] [Times: user=0.00 sys=0.00, real=0.00 secs] 
190.411: [GC (Allocation Failure) [PSYoungGen: 28301K->10240K(49152K)] 208030K->189969K(507904K), 0.0009738 secs] [Times: user=0.00 sys=0.00, real=0.00 secs] 
191.285: [GC (Allocation Failure) [PSYoungGen: 38542K->7200K(49152K)] 392351K->361009K(507904K), 0.0011034 secs] [Times: user=0.00 sys=0.00, real=0.00 secs] 
192.596: [GC (Allocation Failure) [PSYoungGen: 39598K->1056K(49152K)] 393408K->354865K(507904K), 0.0005958 secs] [Times: user=0.00 sys=0.00, real=0.00 secs] 
193.361: [GC (Allocation Failure) [PSYoungGen: 33450K->6176K(49152K)] 387259K->359985K(507904K), 0.0008497 secs] [Times: user=0.00 sys=0.00, real=0.00 secs] 
193.798: [GC (Allocation Failure) [PSYoungGen: 27303K->11296K(49152K)] 452792K->436785K(507904K), 0.0016956 secs] [Times: user=0.00 sys=0.00, real=0.00 secs] 
193.800: [GC (Allocation Failure) [PSYoungGen: 11296K->11296K(49152K)] 436785K->436785K(507904K), 0.0011728 secs] [Times: user=0.00 sys=0.00, real=0.00 secs] 
193.801: [Full GC (Allocation Failure) [PSYoungGen: 11296K->0K(49152K)] [ParOldGen: 425489K->62993K(458752K)] 436785K->62993K(507904K), [Metaspace: 2796K->2796K(1056768K)], 0.0057533 secs] [Times: user=0.00 sys=0.00, real=0.00 secs] 
194.686: [GC (Allocation Failure) [PSYoungGen: 28298K->10272K(49152K)] 193691K->175665K(507904K), 0.0012212 secs] [Times: user=0.00 sys=0.00, real=0.00 secs] 
195.558: [GC (Allocation Failure) [PSYoungGen: 38572K->15424K(49152K)] 378045K->355921K(507904K), 0.0016030 secs] [Times: user=0.00 sys=0.00, real=0.00 secs] 
196.651: [GC (Allocation Failure) [PSYoungGen: 36557K->32K(49152K)] 448734K->412209K(507904K), 0.0008774 secs] [Times: user=0.00 sys=0.00, real=0.00 secs] 
196.652: [GC (Allocation Failure) [PSYoungGen: 32K->32K(49152K)] 412209K->412209K(507904K), 0.0006474 secs] [Times: user=0.00 sys=0.00, real=0.00 secs] 
196.653: [Full GC (Allocation Failure) [PSYoungGen: 32K->0K(49152K)] [ParOldGen: 412177K->72209K(458752K)] 412209K->72209K(507904K), [Metaspace: 2796K->2796K(1056768K)], 0.0057952 secs] [Times: user=0.00 sys=0.00, real=0.01 secs] 
197.541: [GC (Allocation Failure) [PSYoungGen: 28302K->10240K(49152K)] 202911K->184849K(507904K), 0.0011803 secs] [Times: user=0.00 sys=0.00, real=0.00 secs] 
198.415: [GC (Allocation Failure) [PSYoungGen: 38542K->6144K(49152K)] 387232K->354833K(507904K), 0.0009772 secs] [Times: user=0.00 sys=0.00, real=0.00 secs] 
199.068: [GC (Allocation Failure) [PSYoungGen: 37518K->15360K(49152K)] 386208K->364049K(507904K), 0.0014876 secs] [Times: user=0.00 sys=0.00, real=0.00 secs] 
199.506: [GC (Allocation Failure) [PSYoungGen: 36490K->10240K(49152K)] 456860K->430609K(507904K), 0.0012497 secs] [Times: user=0.00 sys=0.00, real=0.00 secs] 
199.508: [GC (Allocation Failure) [PSYoungGen: 10240K->10240K(49152K)] 430609K->430609K(507904K), 0.0010239 secs] [Times: user=0.00 sys=0.00, real=0.00 secs] 
199.509: [Full GC (Allocation Failure) [PSYoungGen: 10240K->0K(49152K)] [ParOldGen: 420369K->133649K(458752K)] 430609K->133649K(507904K), [Metaspace: 2796K->2796K(1056768K)], 0.0088138 secs] [Times: user=0.00 sys=0.00, real=0.01 secs] 
200.613: [GC (Allocation Failure) [PSYoungGen: 26252K->15360K(49152K)] 262301K->251409K(507904K), 0.0014475 secs] [Times: user=0.00 sys=0.00, real=0.00 secs] 
201.159: [GC (Allocation Failure) [PSYoungGen: 47757K->7168K(49152K)] 437407K->396817K(507904K), 0.0012270 secs] [Times: user=0.00 sys=0.00, real=0.00 secs] 
201.924: [GC (Allocation Failure) [PSYoungGen: 39566K->15360K(49152K)] 429215K->406033K(507904K), 0.0013577 secs] [Times: user=0.00 sys=0.00, real=0.00 secs] 
202.252: [GC (Allocation Failure) [PSYoungGen: 36489K->10240K(49152K)] 447643K->421393K(507904K), 0.0011419 secs] [Times: user=0.00 sys=0.00, real=0.00 secs] 
202.253: [GC (Allocation Failure) [PSYoungGen: 10240K->10240K(49152K)] 421393K->421393K(507904K), 0.0009541 secs] [Times: user=0.00 sys=0.00, real=0.00 secs] 
202.254: [Full GC (Allocation Failure) [PSYoungGen: 10240K->0K(49152K)] [ParOldGen: 411153K->32273K(458752K)] 421393K->32273K(507904K), [Metaspace: 2796K->2796K(1056768K)], 0.0038874 secs] [Times: user=0.01 sys=0.00, real=0.00 secs] 
203.235: [GC (Allocation Failure) [PSYoungGen: 28299K->6144K(49152K)] 214173K->192017K(507904K), 0.0010140 secs] [Times: user=0.00 sys=0.00, real=0.00 secs] 
204.437: [GC (Allocation Failure) [PSYoungGen: 38541K->10240K(49152K)] 224414K->196113K(507904K), 0.0013158 secs] [Times: user=0.00 sys=0.00, real=0.00 secs] 
204.874: [GC (Allocation Failure) [PSYoungGen: 36489K->15360K(49152K)] 222363K->201233K(507904K), 0.0013581 secs] [Times: user=0.00 sys=0.00, real=0.00 secs] 
205.420: [GC (Allocation Failure) [PSYoungGen: 47749K->11264K(49152K)] 387223K->355857K(507904K), 0.0016364 secs] [Times: user=0.00 sys=0.00, real=0.00 secs] 
206.185: [GC (Allocation Failure) [PSYoungGen: 43657K->10240K(49152K)] 388251K->365073K(507904K), 0.0017419 secs] [Times: user=0.00 sys=0.00, real=0.00 secs] 
206.620: [GC (Allocation Failure) [PSYoungGen: 31366K->5120K(49152K)] 457880K->431633K(507904K), 0.0010655 secs] [Times: user=0.00 sys=0.00, real=0.00 secs] 
206.621: [GC (Allocation Failure) [PSYoungGen: 5120K->5120K(49152K)] 431633K->431633K(507904K), 0.0009518 secs] [Times: user=0.00 sys=0.00, real=0.00 secs] 
206.622: [Full GC (Allocation Failure) [PSYoungGen: 5120K->0K(49152K)] [ParOldGen: 426513K->92689K(458752K)] 431633K->92689K(507904K), [Metaspace: 2796K->2796K(1056768K)], 0.0074115 secs] [Times: user=0.00 sys=0.00, real=0.01 secs] 
208.596: [GC (Allocation Failure) [PSYoungGen: 30345K->5120K(49152K)] 399515K->374289K(507904K), 0.0008524 secs] [Times: user=0.00 sys=0.00, real=0.00 secs] 
209.143: [GC (Allocation Failure) [PSYoungGen: 36491K->15360K(49152K)] 405661K->384529K(507904K), 0.0017821 secs] [Times: user=0.00 sys=0.00, real=0.00 secs] 
209.468: [GC (Allocation Failure) [PSYoungGen: 46728K->5120K(49152K)] 467098K->425489K(507904K), 0.0011303 secs] [Times: user=0.00 sys=0.00, real=0.00 secs] 
209.469: [GC (Allocation Failure) [PSYoungGen: 5120K->5120K(49152K)] 425489K->425489K(507904K), 0.0007926 secs] [Times: user=0.00 sys=0.00, real=0.00 secs] 
209.470: [Full GC (Allocation Failure) [PSYoungGen: 5120K->0K(49152K)] [ParOldGen: 420369K->108049K(458752K)] 425489K->108049K(507904K), [Metaspace: 2796K->2796K(1056768K)], 0.0081827 secs] [Times: user=0.00 sys=0.00, real=0.01 secs] 
210.360: [GC (Allocation Failure) [PSYoungGen: 28298K->10240K(49152K)] 238748K->220689K(507904K), 0.0010985 secs] [Times: user=0.00 sys=0.00, real=0.00 secs] 
211.783: [GC (Allocation Failure) [PSYoungGen: 42636K->5120K(49152K)] 427166K->389649K(507904K), 0.0012787 secs] [Times: user=0.00 sys=0.00, real=0.00 secs] 
212.331: [Full GC (Ergonomics) [PSYoungGen: 31373K->0K(49152K)] [ParOldGen: 456209K->56849K(458752K)] 487583K->56849K(507904K), [Metaspace: 2796K->2796K(1056768K)], 0.0052464 secs] [Times: user=0.00 sys=0.00, real=0.01 secs] 
213.208: [GC (Allocation Failure) [PSYoungGen: 28302K->6144K(49152K)] 187551K->165393K(507904K), 0.0007802 secs] [Times: user=0.00 sys=0.00, real=0.00 secs] 
214.081: [GC (Allocation Failure) [PSYoungGen: 34446K->12288K(49152K)] 367776K->345617K(507904K), 0.0013235 secs] [Times: user=0.00 sys=0.00, real=0.00 secs] 
214.734: [GC (Allocation Failure) [PSYoungGen: 43662K->11264K(49152K)] 376992K->354833K(507904K), 0.0017332 secs] [Times: user=0.00 sys=0.00, real=0.00 secs] 
215.714: [GC (Allocation Failure) [PSYoungGen: 42634K->10240K(49152K)] 386204K->353809K(507904K), 0.0009806 secs] [Times: user=0.00 sys=0.00, real=0.00 secs] 
216.258: [GC (Allocation Failure) [PSYoungGen: 41607K->15360K(49152K)] 385177K->358929K(507904K), 0.0015135 secs] [Times: user=0.00 sys=0.00, real=0.00 secs] 
216.584: [GC (Allocation Failure) [PSYoungGen: 46725K->5120K(49152K)] 441495K->420369K(507904K), 0.0023388 secs] [Times: user=0.00 sys=0.00, real=0.00 secs] 
216.586: [GC (Allocation Failure) [PSYoungGen: 5120K->5120K(49152K)] 420369K->420369K(507904K), 0.0010168 secs] [Times: user=0.00 sys=0.00, real=0.00 secs] 
216.587: [Full GC (Allocation Failure) [PSYoungGen: 5120K->0K(49152K)] [ParOldGen: 415249K->77329K(458752K)] 420369K->77329K(507904K), [Metaspace: 2796K->2796K(1056768K)], 0.0066462 secs] [Times: user=0.00 sys=0.00, real=0.01 secs] 
217.474: [GC (Allocation Failure) [PSYoungGen: 28297K->10240K(49152K)] 208026K->189969K(507904K), 0.0011550 secs] [Times: user=0.00 sys=0.00, real=0.00 secs] 
218.343: [GC (Allocation Failure) [PSYoungGen: 38539K->6144K(49152K)] 392349K->359953K(507904K), 0.0011513 secs] [Times: user=0.00 sys=0.00, real=0.00 secs] 
Heap
 PSYoungGen      total 49152K, used 27932K [0x00000000fc000000, 0x0000000100000000, 0x0000000100000000)
  eden space 32768K, 66% used [0x00000000fc000000,0x00000000fd5471a8,0x00000000fe000000)
  from space 16384K, 37% used [0x00000000ff000000,0x00000000ff600020,0x0000000100000000)
  to   space 16384K, 0% used [0x00000000fe000000,0x00000000fe000000,0x00000000ff000000)
 ParOldGen       total 458752K, used 353809K [0x00000000e0000000, 0x00000000fc000000, 0x00000000fc000000)
  object space 458752K, 77% used [0x00000000e0000000,0x00000000f5984750,0x00000000fc000000)
 Metaspace       used 2804K, capacity 4486K, committed 4864K, reserved 1056768K
  class space    used 297K, capacity 386K, committed 512K, reserved 1048576K
