Java HotSpot(TM) 64-Bit Server VM (25.411-b09) for windows-amd64 JRE (1.8.0_411-b09), built on Mar 13 2024 07:26:13 by "java_re" with MS VC++ 17.1 (VS2022)
Memory: 4k page, physical 33403376k(15008196k free), swap 35500528k(6595824k free)
CommandLine flags: -XX:InitialHeapSize=536870912 -XX:MaxHeapSize=536870912 -XX:ParallelGCThreads=4 -XX:+PrintGC -XX:+PrintGCDetails -XX:+PrintGCTimeStamps -XX:+UseCompressedClassPointers -XX:+UseCompressedOops -XX:-UseLargePagesIndividualAllocation -XX:+UseParallelGC 
1.751: [GC (Allocation Failure) [PSYoungGen: 131215K->7816K(153088K)] 233615K->110224K(502784K), 0.0028445 secs] [Times: user=0.00 sys=0.00, real=0.00 secs] 
3.314: [GC (Allocation Failure) [PSYoungGen: 138448K->17992K(153088K)] 343256K->222800K(502784K), 0.0036281 secs] [Times: user=0.00 sys=0.00, real=0.00 secs] 
5.599: [GC (Allocation Failure) [PSYoungGen: 128144K->15976K(153088K)] 332952K->241264K(502784K), 0.0163007 secs] [Times: user=0.00 sys=0.00, real=0.02 secs] 
7.132: [Full GC (Ergonomics) [PSYoungGen: 142799K->0K(153088K)] [ParOldGen: 327688K->41488K(349696K)] 470487K->41488K(502784K), [Metaspace: 2759K->2759K(1056768K)], 0.0226980 secs] [Times: user=0.00 sys=0.02, real=0.02 secs] 
8.585: [GC (Allocation Failure) [PSYoungGen: 89668K->20480K(153088K)] 233557K->164368K(502784K), 0.0051971 secs] [Times: user=0.00 sys=0.00, real=0.01 secs] 
10.018: [GC (Allocation Failure) [PSYoungGen: 145989K->20480K(149504K)] 392278K->323089K(499200K), 0.0086775 secs] [Times: user=0.02 sys=0.00, real=0.01 secs] 
10.027: [Full GC (Ergonomics) [PSYoungGen: 20480K->0K(149504K)] [ParOldGen: 302608K->77328K(349696K)] 323089K->77328K(499200K), [Metaspace: 2761K->2761K(1056768K)], 0.0074858 secs] [Times: user=0.00 sys=0.00, real=0.01 secs] 
11.453: [GC (Allocation Failure) [PSYoungGen: 125449K->5120K(141312K)] 305178K->205328K(491008K), 0.0019845 secs] [Times: user=0.00 sys=0.00, real=0.00 secs] 
12.875: [Full GC (Ergonomics) [PSYoungGen: 110680K->0K(141312K)] [ParOldGen: 302608K->26129K(349696K)] 413289K->26129K(491008K), [Metaspace: 2763K->2763K(1056768K)], 0.0050851 secs] [Times: user=0.01 sys=0.00, real=0.00 secs] 
14.184: [GC (Allocation Failure) [PSYoungGen: 104785K->21504K(138752K)] 233314K->150033K(488448K), 0.0018852 secs] [Times: user=0.00 sys=0.00, real=0.00 secs] 
15.491: [GC (Allocation Failure) [PSYoungGen: 136478K->26624K(139264K)] 367407K->257553K(488960K), 0.0019981 secs] [Times: user=0.00 sys=0.00, real=0.00 secs] 
17.130: [GC (Allocation Failure) [PSYoungGen: 110745K->25600K(133632K)] 341674K->277009K(483328K), 0.0028711 secs] [Times: user=0.00 sys=0.00, real=0.00 secs] 
17.239: [GC (Allocation Failure) [PSYoungGen: 78949K->25600K(138240K)] 330358K->328209K(487936K), 0.0054844 secs] [Times: user=0.00 sys=0.00, real=0.00 secs] 
17.245: [Full GC (Ergonomics) [PSYoungGen: 25600K->0K(138240K)] [ParOldGen: 302609K->77329K(349696K)] 328209K->77329K(487936K), [Metaspace: 2768K->2768K(1056768K)], 0.0062935 secs] [Times: user=0.00 sys=0.00, real=0.01 secs] 
17.473: [GC (Allocation Failure) [PSYoungGen: 103936K->1024K(105472K)] 181265K->78353K(455168K), 0.0003856 secs] [Times: user=0.00 sys=0.00, real=0.00 secs] 
18.567: [GC (Allocation Failure) [PSYoungGen: 75795K->25600K(135680K)] 153124K->102929K(485376K), 0.0023348 secs] [Times: user=0.00 sys=0.00, real=0.00 secs] 
20.858: [Full GC (Ergonomics) [PSYoungGen: 122791K->0K(135680K)] [ParOldGen: 333329K->108049K(349696K)] 456120K->108049K(485376K), [Metaspace: 2779K->2779K(1056768K)], 0.0089460 secs] [Times: user=0.00 sys=0.00, real=0.01 secs] 
22.611: [GC (Allocation Failure) [PSYoungGen: 95149K->21504K(136704K)] 356798K->283153K(486400K), 0.0017760 secs] [Times: user=0.00 sys=0.00, real=0.00 secs] 
22.938: [GC (Allocation Failure) [PSYoungGen: 105393K->11264K(137728K)] 367042K->324113K(487424K), 0.0051283 secs] [Times: user=0.02 sys=0.00, real=0.01 secs] 
22.943: [Full GC (Ergonomics) [PSYoungGen: 11264K->0K(137728K)] [ParOldGen: 312849K->165393K(349696K)] 324113K->165393K(487424K), [Metaspace: 2779K->2779K(1056768K)], 0.0056203 secs] [Times: user=0.00 sys=0.00, real=0.00 secs] 
24.371: [GC (Allocation Failure) [PSYoungGen: 100298K->10240K(137216K)] 368091K->329233K(486912K), 0.0047311 secs] [Times: user=0.00 sys=0.00, real=0.00 secs] 
24.376: [Full GC (Ergonomics) [PSYoungGen: 10240K->0K(137216K)] [ParOldGen: 318993K->61969K(349696K)] 329233K->61969K(486912K), [Metaspace: 2779K->2779K(1056768K)], 0.0053839 secs] [Times: user=0.00 sys=0.00, real=0.01 secs] 
26.571: [Full GC (Ergonomics) [PSYoungGen: 97231K->0K(137216K)] [ParOldGen: 317969K->36369K(349696K)] 415200K->36369K(486912K), [Metaspace: 2780K->2780K(1056768K)], 0.0041558 secs] [Times: user=0.00 sys=0.00, real=0.00 secs] 
28.422: [GC (Allocation Failure) [PSYoungGen: 99705K->15392K(140288K)] 136075K->51769K(489984K), 0.0014748 secs] [Times: user=0.00 sys=0.00, real=0.00 secs] 
29.515: [GC (Allocation Failure) [PSYoungGen: 116822K->10240K(138752K)] 255599K->205353K(488448K), 0.0050901 secs] [Times: user=0.01 sys=0.00, real=0.01 secs] 
30.389: [Full GC (Ergonomics) [PSYoungGen: 109600K->0K(138752K)] [ParOldGen: 297513K->165393K(349696K)] 407113K->165393K(488448K), [Metaspace: 2793K->2793K(1056768K)], 0.0132061 secs] [Times: user=0.00 sys=0.00, real=0.01 secs] 
32.798: [Full GC (Ergonomics) [PSYoungGen: 101446K->0K(138752K)] [ParOldGen: 267793K->27648K(349696K)] 369239K->27648K(488448K), [Metaspace: 2793K->2793K(1056768K)], 0.0034846 secs] [Times: user=0.00 sys=0.00, real=0.00 secs] 
33.998: [GC (Allocation Failure) [PSYoungGen: 94245K->21504K(140800K)] 224293K->151552K(490496K), 0.0014309 secs] [Times: user=0.00 sys=0.00, real=0.00 secs] 
35.415: [GC (Allocation Failure) [PSYoungGen: 120921K->10240K(140800K)] 353369K->242688K(490496K), 0.0011744 secs] [Times: user=0.00 sys=0.00, real=0.00 secs] 
36.507: [Full GC (Ergonomics) [PSYoungGen: 114778K->0K(140800K)] [ParOldGen: 334848K->21504K(349696K)] 449626K->21504K(490496K), [Metaspace: 2793K->2793K(1056768K)], 0.0032745 secs] [Times: user=0.00 sys=0.00, real=0.00 secs] 
37.490: [GC (Allocation Failure) [PSYoungGen: 104539K->21504K(140288K)] 228443K->145408K(489984K), 0.0019564 secs] [Times: user=0.00 sys=0.00, real=0.00 secs] 
38.470: [GC (Allocation Failure) [PSYoungGen: 95323K->25600K(131072K)] 219227K->169984K(480768K), 0.0033382 secs] [Times: user=0.02 sys=0.00, real=0.00 secs] 
39.777: [GC (Allocation Failure) [PSYoungGen: 119858K->15360K(140800K)] 264242K->159744K(490496K), 0.0013382 secs] [Times: user=0.00 sys=0.00, real=0.00 secs] 
40.978: [GC (Allocation Failure) [PSYoungGen: 119852K->10240K(139264K)] 366636K->262144K(488960K), 0.0013369 secs] [Times: user=0.00 sys=0.00, real=0.00 secs] 
41.413: [GC (Allocation Failure) [PSYoungGen: 104498K->0K(138240K)] 356402K->308224K(487936K), 0.0052774 secs] [Times: user=0.00 sys=0.00, real=0.01 secs] 
41.418: [Full GC (Ergonomics) [PSYoungGen: 0K->0K(138240K)] [ParOldGen: 308224K->164369K(349696K)] 308224K->164369K(487936K), [Metaspace: 2793K->2793K(1056768K)], 0.0125410 secs] [Times: user=0.00 sys=0.00, real=0.01 secs] 
41.755: [GC (Allocation Failure) [PSYoungGen: 104491K->2048K(139776K)] 268860K->166417K(489472K), 0.0005763 secs] [Times: user=0.00 sys=0.00, real=0.00 secs] 
44.046: [GC (Allocation Failure) [PSYoungGen: 88127K->21504K(137728K)] 252496K->185873K(487424K), 0.0017211 secs] [Times: user=0.00 sys=0.00, real=0.00 secs] 
45.139: [GC (Allocation Failure) [PSYoungGen: 121810K->10240K(138752K)] 388579K->288273K(488448K), 0.0017751 secs] [Times: user=0.00 sys=0.00, real=0.00 secs] 
45.141: [Full GC (Ergonomics) [PSYoungGen: 10240K->0K(138752K)] [ParOldGen: 278033K->22033K(349696K)] 288273K->22033K(488448K), [Metaspace: 2795K->2795K(1056768K)], 0.0028056 secs] [Times: user=0.00 sys=0.00, real=0.00 secs] 
46.014: [GC (Allocation Failure) [PSYoungGen: 100326K->11264K(141824K)] 224759K->135697K(491520K), 0.0015506 secs] [Times: user=0.00 sys=0.00, real=0.00 secs] 
47.652: [GC (Allocation Failure) [PSYoungGen: 115789K->25600K(131584K)] 342623K->252433K(481280K), 0.0026522 secs] [Times: user=0.00 sys=0.00, real=0.00 secs] 
48.419: [GC (Allocation Failure) [PSYoungGen: 89133K->25600K(135168K)] 315967K->272913K(484864K), 0.0033646 secs] [Times: user=0.00 sys=0.00, real=0.00 secs] 
48.527: [GC (Allocation Failure) --[PSYoungGen: 78786K->78786K(135168K)] 326100K->382420K(484864K), 0.0048680 secs] [Times: user=0.00 sys=0.00, real=0.00 secs] 
48.532: [Full GC (Ergonomics) [PSYoungGen: 78786K->0K(135168K)] [ParOldGen: 303633K->77329K(349696K)] 382420K->77329K(484864K), [Metaspace: 2795K->2795K(1056768K)], 0.0069378 secs] [Times: user=0.00 sys=0.00, real=0.01 secs] 
50.942: [Full GC (Ergonomics) [PSYoungGen: 90028K->0K(135168K)] [ParOldGen: 333329K->11264K(349696K)] 423357K->11264K(484864K), [Metaspace: 2795K->2795K(1056768K)], 0.0025567 secs] [Times: user=0.00 sys=0.00, real=0.00 secs] 
51.705: [GC (Allocation Failure) [PSYoungGen: 95159K->2048K(137216K)] 208823K->115712K(486912K), 0.0004171 secs] [Times: user=0.00 sys=0.00, real=0.00 secs] 
53.562: [GC (Allocation Failure) [PSYoungGen: 97215K->11264K(138752K)] 364479K->279552K(488448K), 0.0012455 secs] [Times: user=0.00 sys=0.00, real=0.00 secs] 
55.641: [Full GC (Ergonomics) [PSYoungGen: 105442K->0K(138752K)] [ParOldGen: 319488K->67089K(349696K)] 424930K->67089K(488448K), [Metaspace: 2795K->2795K(1056768K)], 0.0065976 secs] [Times: user=0.03 sys=0.00, real=0.01 secs] 
58.266: [Full GC (Ergonomics) [PSYoungGen: 92133K->0K(138752K)] [ParOldGen: 323089K->6144K(349696K)] 415223K->6144K(488448K), [Metaspace: 2796K->2796K(1056768K)], 0.0021564 secs] [Times: user=0.00 sys=0.00, real=0.00 secs] 
59.356: [GC (Allocation Failure) [PSYoungGen: 100327K->10240K(137216K)] 208871K->169984K(486912K), 0.0057085 secs] [Times: user=0.00 sys=0.00, real=0.01 secs] 
60.229: [GC (Allocation Failure) [PSYoungGen: 110569K->1024K(140288K)] 372713K->268288K(489984K), 0.0012368 secs] [Times: user=0.00 sys=0.00, real=0.00 secs] 
61.213: [GC (Allocation Failure) [PSYoungGen: 74822K->25600K(130048K)] 342086K->292864K(479744K), 0.0021541 secs] [Times: user=0.00 sys=0.00, real=0.00 secs] 
61.323: [GC (Allocation Failure) [PSYoungGen: 78866K->0K(137216K)] 346131K->323584K(486912K), 0.0048365 secs] [Times: user=0.00 sys=0.00, real=0.00 secs] 
61.328: [Full GC (Ergonomics) [PSYoungGen: 0K->0K(137216K)] [ParOldGen: 323584K->215569K(349696K)] 323584K->215569K(486912K), [Metaspace: 2796K->2796K(1056768K)], 0.0150830 secs] [Times: user=0.00 sys=0.00, real=0.02 secs] 
62.665: [Full GC (Ergonomics) [PSYoungGen: 53162K->0K(137216K)] [ParOldGen: 317969K->26624K(349696K)] 371131K->26624K(486912K), [Metaspace: 2796K->2796K(1056768K)], 0.0033418 secs] [Times: user=0.00 sys=0.00, real=0.00 secs] 
63.864: [GC (Allocation Failure) [PSYoungGen: 95158K->21504K(121856K)] 224182K->150528K(471552K), 0.0015171 secs] [Times: user=0.00 sys=0.00, real=0.00 secs] 
64.739: [GC (Allocation Failure) [PSYoungGen: 116670K->10240K(138240K)] 348094K->252928K(487936K), 0.0017891 secs] [Times: user=0.00 sys=0.00, real=0.00 secs] 
66.809: [GC (Allocation Failure) [PSYoungGen: 104397K->15360K(136704K)] 347085K->258048K(486400K), 0.0014651 secs] [Times: user=0.00 sys=0.00, real=0.00 secs] 
67.901: [Full GC (Ergonomics) [PSYoungGen: 115657K->0K(136704K)] [ParOldGen: 345088K->36864K(349696K)] 460745K->36864K(486400K), [Metaspace: 2796K->2796K(1056768K)], 0.0043847 secs] [Times: user=0.00 sys=0.00, real=0.00 secs] 
68.776: [GC (Allocation Failure) [PSYoungGen: 100302K->1024K(139776K)] 239566K->191488K(489472K), 0.0047160 secs] [Times: user=0.00 sys=0.00, real=0.00 secs] 
70.848: [Full GC (Ergonomics) [PSYoungGen: 105517K->0K(139776K)] [ParOldGen: 292864K->113169K(349696K)] 398381K->113169K(489472K), [Metaspace: 2796K->2796K(1056768K)], 0.0094658 secs] [Times: user=0.00 sys=0.00, real=0.01 secs] 
71.843: [GC (Allocation Failure) [PSYoungGen: 104495K->6144K(139776K)] 320064K->221713K(489472K), 0.0007883 secs] [Times: user=0.00 sys=0.00, real=0.00 secs] 
72.604: [GC (Allocation Failure) [PSYoungGen: 69680K->25600K(135168K)] 285250K->242193K(484864K), 0.0021174 secs] [Times: user=0.00 sys=0.00, real=0.00 secs] 
74.025: [Full GC (Ergonomics) [PSYoungGen: 125939K->0K(135168K)] [ParOldGen: 318993K->31744K(349696K)] 444933K->31744K(484864K), [Metaspace: 2796K->2796K(1056768K)], 0.0035309 secs] [Times: user=0.00 sys=0.00, real=0.00 secs] 
75.222: [GC (Allocation Failure) [PSYoungGen: 95220K->15360K(138240K)] 229364K->149504K(487936K), 0.0014448 secs] [Times: user=0.00 sys=0.00, real=0.00 secs] 
76.204: [GC (Allocation Failure) [PSYoungGen: 115701K->20480K(138240K)] 352245K->262144K(487936K), 0.0018116 secs] [Times: user=0.00 sys=0.00, real=0.00 secs] 
78.058: [GC (Allocation Failure) [PSYoungGen: 114697K->15360K(138752K)] 356361K->257024K(488448K), 0.0014822 secs] [Times: user=0.00 sys=0.00, real=0.00 secs] 
79.040: [Full GC (Ergonomics) [PSYoungGen: 115714K->0K(138752K)] [ParOldGen: 344064K->62464K(349696K)] 459778K->62464K(488448K), [Metaspace: 2796K->2796K(1056768K)], 0.0054689 secs] [Times: user=0.00 sys=0.00, real=0.01 secs] 
79.690: [GC (Allocation Failure) [PSYoungGen: 58372K->25600K(135680K)] 120837K->88064K(485376K), 0.0021226 secs] [Times: user=0.00 sys=0.00, real=0.00 secs] 
81.873: [GC (Allocation Failure) [PSYoungGen: 122854K->6144K(138240K)] 390118K->273408K(487936K), 0.0009758 secs] [Times: user=0.00 sys=0.00, real=0.00 secs] 
82.636: [Full GC (Ergonomics) [PSYoungGen: 64491K->0K(138240K)] [ParOldGen: 318464K->57873K(349696K)] 382955K->57873K(487936K), [Metaspace: 2796K->2796K(1056768K)], 0.0054049 secs] [Times: user=0.00 sys=0.00, real=0.01 secs] 
85.162: [Full GC (Ergonomics) [PSYoungGen: 92143K->0K(138240K)] [ParOldGen: 313873K->11264K(349696K)] 406016K->11264K(487936K), [Metaspace: 2796K->2796K(1056768K)], 0.0023304 secs] [Times: user=0.00 sys=0.00, real=0.00 secs] 
86.142: [GC (Allocation Failure) [PSYoungGen: 100337K->20480K(138752K)] 214001K->134144K(488448K), 0.0016199 secs] [Times: user=0.00 sys=0.00, real=0.00 secs] 
86.801: [GC (Allocation Failure) [PSYoungGen: 78855K->30720K(132096K)] 192519K->169984K(481792K), 0.0032154 secs] [Times: user=0.00 sys=0.00, real=0.00 secs] 
88.001: [GC (Allocation Failure) [PSYoungGen: 125907K->35840K(125440K)] 367571K->287744K(475136K), 0.0042654 secs] [Times: user=0.00 sys=0.00, real=0.00 secs] 
88.874: [GC (Allocation Failure) [PSYoungGen: 119462K->0K(86016K)] 371366K->303104K(435712K), 0.0051706 secs] [Times: user=0.00 sys=0.00, real=0.01 secs] 
88.879: [Full GC (Ergonomics) [PSYoungGen: 0K->0K(86016K)] [ParOldGen: 303104K->51729K(349696K)] 303104K->51729K(435712K), [Metaspace: 2796K->2796K(1056768K)], 0.0055510 secs] [Times: user=0.00 sys=0.00, real=0.01 secs] 
90.526: [GC (Allocation Failure) [PSYoungGen: 84644K->10240K(131072K)] 289973K->215569K(480768K), 0.0010075 secs] [Times: user=0.00 sys=0.00, real=0.00 secs] 
91.184: [GC (Allocation Failure) [PSYoungGen: 63153K->5120K(129536K)] 319683K->266769K(479232K), 0.0010994 secs] [Times: user=0.00 sys=0.00, real=0.00 secs] 
91.185: [GC (Allocation Failure) [PSYoungGen: 5120K->0K(132096K)] 266769K->266769K(481792K), 0.0009238 secs] [Times: user=0.00 sys=0.00, real=0.00 secs] 
91.186: [Full GC (Allocation Failure) [PSYoungGen: 0K->0K(132096K)] [ParOldGen: 266769K->164369K(349696K)] 266769K->164369K(481792K), [Metaspace: 2796K->2796K(1056768K)], 0.0124007 secs] [Times: user=0.00 sys=0.00, real=0.01 secs] 
93.814: [GC (Allocation Failure) [PSYoungGen: 86779K->21504K(132096K)] 353549K->288273K(481792K), 0.0017043 secs] [Times: user=0.00 sys=0.00, real=0.00 secs] 
94.034: [GC (Allocation Failure) [PSYoungGen: 94973K->0K(132608K)] 361742K->329233K(482304K), 0.0050073 secs] [Times: user=0.00 sys=0.00, real=0.00 secs] 
94.039: [Full GC (Ergonomics) [PSYoungGen: 0K->0K(132608K)] [ParOldGen: 329233K->62993K(349696K)] 329233K->62993K(482304K), [Metaspace: 2796K->2796K(1056768K)], 0.0057177 secs] [Times: user=0.00 sys=0.00, real=0.01 secs] 
96.563: [Full GC (Ergonomics) [PSYoungGen: 86786K->0K(132608K)] [ParOldGen: 318993K->6144K(349696K)] 405779K->6144K(482304K), [Metaspace: 2796K->2796K(1056768K)], 0.0020630 secs] [Times: user=0.00 sys=0.00, real=0.00 secs] 
97.324: [GC (Allocation Failure) [PSYoungGen: 89860K->25600K(116224K)] 198404K->134144K(465920K), 0.0020789 secs] [Times: user=0.00 sys=0.00, real=0.00 secs] 
99.068: [GC (Allocation Failure) [PSYoungGen: 115462K->15360K(133120K)] 377607K->297984K(482816K), 0.0027448 secs] [Times: user=0.00 sys=0.00, real=0.00 secs] 
99.071: [Full GC (Ergonomics) [PSYoungGen: 15360K->0K(133120K)] [ParOldGen: 282624K->82449K(349696K)] 297984K->82449K(482816K), [Metaspace: 2796K->2796K(1056768K)], 0.0067122 secs] [Times: user=0.00 sys=0.00, real=0.01 secs] 
100.942: [GC (Allocation Failure) [PSYoungGen: 88819K->15360K(130560K)] 324869K->251409K(480256K), 0.0014653 secs] [Times: user=0.00 sys=0.00, real=0.00 secs] 
101.705: [Full GC (Ergonomics) [PSYoungGen: 100084K->0K(130560K)] [ParOldGen: 338449K->12288K(349696K)] 438533K->12288K(480256K), [Metaspace: 2796K->2796K(1056768K)], 0.0026127 secs] [Times: user=0.00 sys=0.00, real=0.00 secs] 
103.339: [GC (Allocation Failure) [PSYoungGen: 84724K->11264K(137216K)] 250613K->177152K(486912K), 0.0010892 secs] [Times: user=0.00 sys=0.00, real=0.00 secs] 
105.742: [Full GC (Ergonomics) [PSYoungGen: 107437K->0K(137216K)] [ParOldGen: 319488K->17408K(349696K)] 426925K->17408K(486912K), [Metaspace: 2796K->2796K(1056768K)], 0.0027570 secs] [Times: user=0.00 sys=0.00, real=0.00 secs] 
108.027: [GC (Allocation Failure) [PSYoungGen: 90029K->5120K(135680K)] 261037K->176128K(485376K), 0.0009375 secs] [Times: user=0.00 sys=0.00, real=0.00 secs] 
109.008: [GC (Allocation Failure) [PSYoungGen: 100269K->5120K(139264K)] 373678K->329728K(488960K), 0.0045622 secs] [Times: user=0.00 sys=0.00, real=0.00 secs] 
109.013: [Full GC (Ergonomics) [PSYoungGen: 5120K->0K(139264K)] [ParOldGen: 324608K->56849K(349696K)] 329728K->56849K(488960K), [Metaspace: 2796K->2796K(1056768K)], 0.0050225 secs] [Times: user=0.00 sys=0.00, real=0.00 secs] 
109.569: [GC (Allocation Failure) [PSYoungGen: 53258K->20480K(138240K)] 110107K->77329K(487936K), 0.0018687 secs] [Times: user=0.00 sys=0.00, real=0.00 secs] 
110.770: [GC (Allocation Failure) [PSYoungGen: 115694K->15360K(139776K)] 274943K->174609K(489472K), 0.0013967 secs] [Times: user=0.00 sys=0.00, real=0.00 secs] 
112.078: [GC (Allocation Failure) [PSYoungGen: 109570K->10240K(138240K)] 371219K->271889K(487936K), 0.0009125 secs] [Times: user=0.00 sys=0.00, real=0.00 secs] 
112.512: [GC (Allocation Failure) [PSYoungGen: 104456K->0K(141312K)] 366106K->317969K(491008K), 0.0050131 secs] [Times: user=0.00 sys=0.00, real=0.00 secs] 
112.517: [Full GC (Ergonomics) [PSYoungGen: 0K->0K(141312K)] [ParOldGen: 317969K->56849K(349696K)] 317969K->56849K(491008K), [Metaspace: 2796K->2796K(1056768K)], 0.0051949 secs] [Times: user=0.00 sys=0.00, real=0.00 secs] 
112.856: [GC (Allocation Failure) [PSYoungGen: 104544K->2048K(141312K)] 161393K->58897K(491008K), 0.0003730 secs] [Times: user=0.00 sys=0.00, real=0.00 secs] 
113.834: [GC (Allocation Failure) [PSYoungGen: 75862K->30720K(131584K)] 132712K->88593K(481280K), 0.0026560 secs] [Times: user=0.00 sys=0.00, real=0.00 secs] 
115.035: [GC (Allocation Failure) [PSYoungGen: 125864K->15360K(136704K)] 286137K->185873K(486400K), 0.0052253 secs] [Times: user=0.01 sys=0.00, real=0.00 secs] 
117.326: [Full GC (Ergonomics) [PSYoungGen: 110509K->0K(136704K)] [ParOldGen: 324113K->31744K(349696K)] 434623K->31744K(486400K), [Metaspace: 2796K->2796K(1056768K)], 0.0037161 secs] [Times: user=0.00 sys=0.00, real=0.00 secs] 
120.165: [Full GC (Ergonomics) [PSYoungGen: 97201K->0K(136704K)] [ParOldGen: 338944K->108049K(349696K)] 436145K->108049K(486400K), [Metaspace: 2796K->2796K(1056768K)], 0.0093538 secs] [Times: user=0.00 sys=0.00, real=0.01 secs] 
122.031: [GC (Allocation Failure) [PSYoungGen: 95156K->16384K(139264K)] 356805K->278033K(488960K), 0.0012461 secs] [Times: user=0.00 sys=0.00, real=0.00 secs] 
122.466: [GC (Allocation Failure) [PSYoungGen: 110599K->0K(138240K)] 372248K->324113K(487936K), 0.0050161 secs] [Times: user=0.00 sys=0.00, real=0.00 secs] 
122.471: [Full GC (Ergonomics) [PSYoungGen: 0K->0K(138240K)] [ParOldGen: 324113K->165393K(349696K)] 324113K->165393K(487936K), [Metaspace: 2796K->2796K(1056768K)], 0.0052995 secs] [Times: user=0.00 sys=0.00, real=0.01 secs] 
122.590: [GC (Allocation Failure) [PSYoungGen: 102912K->0K(139264K)] 268305K->267793K(488960K), 0.0155589 secs] [Times: user=0.00 sys=0.00, real=0.02 secs] 
122.606: [Full GC (Ergonomics) [PSYoungGen: 0K->0K(139264K)] [ParOldGen: 267793K->216593K(349696K)] 267793K->216593K(488960K), [Metaspace: 2796K->2796K(1056768K)], 0.0082531 secs] [Times: user=0.00 sys=0.00, real=0.01 secs] 
124.251: [Full GC (Ergonomics) [PSYoungGen: 103465K->0K(139264K)] [ParOldGen: 318993K->12288K(349696K)] 422458K->12288K(488960K), [Metaspace: 2796K->2796K(1056768K)], 0.0024461 secs] [Times: user=0.00 sys=0.00, real=0.00 secs] 
125.229: [GC (Allocation Failure) [PSYoungGen: 73752K->15360K(139264K)] 86040K->48128K(488960K), 0.0023983 secs] [Times: user=0.00 sys=0.00, real=0.00 secs] 
126.430: [GC (Allocation Failure) [PSYoungGen: 111648K->15360K(140800K)] 246816K->165888K(490496K), 0.0022175 secs] [Times: user=0.00 sys=0.00, real=0.00 secs] 
128.069: [GC (Allocation Failure) [PSYoungGen: 114760K->25600K(132608K)] 265288K->176128K(482304K), 0.0024387 secs] [Times: user=0.00 sys=0.00, real=0.00 secs] 
129.380: [Full GC (Ergonomics) [PSYoungGen: 130123K->0K(132608K)] [ParOldGen: 252928K->72704K(349696K)] 383051K->72704K(482304K), [Metaspace: 2796K->2796K(1056768K)], 0.0067765 secs] [Times: user=0.00 sys=0.00, real=0.01 secs] 
131.357: [Full GC (Ergonomics) [PSYoungGen: 101453K->0K(132608K)] [ParOldGen: 277504K->3072K(349696K)] 378958K->3072K(482304K), [Metaspace: 2796K->2796K(1056768K)], 0.0019929 secs] [Times: user=0.00 sys=0.00, real=0.00 secs] 
132.342: [GC (Allocation Failure) [PSYoungGen: 73807K->25600K(133632K)] 76879K->28672K(483328K), 0.0022980 secs] [Times: user=0.00 sys=0.00, real=0.00 secs] 
133.541: [GC (Allocation Failure) [PSYoungGen: 120717K->21504K(118784K)] 226189K->132096K(468480K), 0.0022670 secs] [Times: user=0.00 sys=0.00, real=0.00 secs] 
134.851: [GC (Allocation Failure) [PSYoungGen: 111502K->5120K(136192K)] 324494K->218112K(485888K), 0.0007780 secs] [Times: user=0.00 sys=0.00, real=0.00 secs] 
135.614: [Full GC (Ergonomics) [PSYoungGen: 100238K->0K(136192K)] [ParOldGen: 315392K->12288K(349696K)] 415630K->12288K(485888K), [Metaspace: 2796K->2796K(1056768K)], 0.0022933 secs] [Times: user=0.00 sys=0.00, real=0.00 secs] 
137.472: [GC (Allocation Failure) [PSYoungGen: 95118K->35840K(133120K)] 261007K->201728K(482816K), 0.0028448 secs] [Times: user=0.00 sys=0.00, real=0.00 secs] 
139.328: [GC (Allocation Failure) [PSYoungGen: 129935K->15360K(133120K)] 347023K->232448K(482816K), 0.0014205 secs] [Times: user=0.00 sys=0.00, real=0.00 secs] 
140.202: [Full GC (Ergonomics) [PSYoungGen: 105256K->0K(133120K)] [ParOldGen: 319488K->113169K(349696K)] 424744K->113169K(482816K), [Metaspace: 2796K->2796K(1056768K)], 0.0093720 secs] [Times: user=0.01 sys=0.00, real=0.01 secs] 
142.597: [Full GC (Ergonomics) [PSYoungGen: 90921K->0K(133120K)] [ParOldGen: 266769K->2048K(349696K)] 357690K->2048K(482816K), [Metaspace: 2796K->2796K(1056768K)], 0.0018753 secs] [Times: user=0.00 sys=0.00, real=0.00 secs] 
144.454: [GC (Allocation Failure) [PSYoungGen: 90921K->21504K(133120K)] 246569K->177152K(482816K), 0.0019160 secs] [Times: user=0.00 sys=0.00, real=0.00 secs] 
146.412: [Full GC (Ergonomics) [PSYoungGen: 101161K->0K(133120K)] [ParOldGen: 309248K->10769K(349696K)] 410409K->10769K(482816K), [Metaspace: 2796K->2796K(1056768K)], 0.0024794 secs] [Times: user=0.00 sys=0.00, real=0.00 secs] 
147.285: [GC (Allocation Failure) [PSYoungGen: 89897K->30720K(127488K)] 203066K->143889K(477184K), 0.0022799 secs] [Times: user=0.00 sys=0.00, real=0.00 secs] 
148.922: [GC (Allocation Failure) [PSYoungGen: 115394K->35840K(121856K)] 382164K->302609K(471552K), 0.0026569 secs] [Times: user=0.00 sys=0.00, real=0.00 secs] 
149.466: [Full GC (Ergonomics) [PSYoungGen: 83630K->0K(121856K)] [ParOldGen: 317969K->133649K(349696K)] 401599K->133649K(471552K), [Metaspace: 2796K->2796K(1056768K)], 0.0098246 secs] [Times: user=0.00 sys=0.00, real=0.01 secs] 
150.901: [GC (Allocation Failure) [PSYoungGen: 58030K->5120K(126976K)] 345279K->292369K(476672K), 0.0009616 secs] [Times: user=0.00 sys=0.00, real=0.00 secs] 
150.902: [Full GC (Ergonomics) [PSYoungGen: 5120K->0K(126976K)] [ParOldGen: 287249K->56849K(349696K)] 292369K->56849K(476672K), [Metaspace: 2796K->2796K(1056768K)], 0.0049127 secs] [Times: user=0.00 sys=0.00, real=0.00 secs] 
152.657: [Full GC (Ergonomics) [PSYoungGen: 76339K->0K(126976K)] [ParOldGen: 312849K->12817K(349696K)] 389188K->12817K(476672K), [Metaspace: 2796K->2796K(1056768K)], 0.0025575 secs] [Times: user=0.02 sys=0.00, real=0.00 secs] 
154.729: [GC (Allocation Failure) [PSYoungGen: 73267K->10240K(126976K)] 86084K->23057K(476672K), 0.0009407 secs] [Times: user=0.00 sys=0.00, real=0.00 secs] 
156.145: [GC (Allocation Failure) [PSYoungGen: 84527K->25600K(128512K)] 250944K->192017K(478208K), 0.0020995 secs] [Times: user=0.00 sys=0.00, real=0.00 secs] 
157.890: [Full GC (Ergonomics) [PSYoungGen: 105069K->0K(128512K)] [ParOldGen: 320017K->21504K(349696K)] 425087K->21504K(478208K), [Metaspace: 2796K->2796K(1056768K)], 0.0029874 secs] [Times: user=0.00 sys=0.00, real=0.00 secs] 
158.872: [GC (Allocation Failure) [PSYoungGen: 79470K->10240K(128512K)] 203374K->185344K(478208K), 0.0049294 secs] [Times: user=0.00 sys=0.00, real=0.00 secs] 
160.403: [Full GC (Ergonomics) [PSYoungGen: 89711K->0K(128512K)] [ParOldGen: 328704K->169489K(349696K)] 418415K->169489K(478208K), [Metaspace: 2796K->2796K(1056768K)], 0.0128855 secs] [Times: user=0.00 sys=0.00, real=0.01 secs] 
162.057: [Full GC (Ergonomics) [PSYoungGen: 73327K->0K(128512K)] [ParOldGen: 323089K->16384K(349696K)] 396417K->16384K(478208K), [Metaspace: 2796K->2796K(1056768K)], 0.0025372 secs] [Times: user=0.00 sys=0.00, real=0.00 secs] 
162.714: [GC (Allocation Failure) [PSYoungGen: 79472K->6144K(130560K)] 198256K->124928K(480256K), 0.0006717 secs] [Times: user=0.00 sys=0.00, real=0.00 secs] 
164.352: [GC (Allocation Failure) [PSYoungGen: 90797K->21504K(129536K)] 363182K->293888K(479232K), 0.0019931 secs] [Times: user=0.00 sys=0.00, real=0.00 secs] 
166.208: [GC (Allocation Failure) [PSYoungGen: 100014K->15360K(133632K)] 372398K->287744K(483328K), 0.0014673 secs] [Times: user=0.00 sys=0.00, real=0.00 secs] 
166.536: [GC (Allocation Failure) [PSYoungGen: 99086K->25600K(131584K)] 371470K->349184K(481280K), 0.0055253 secs] [Times: user=0.00 sys=0.00, real=0.00 secs] 
166.542: [Full GC (Ergonomics) [PSYoungGen: 25600K->0K(131584K)] [ParOldGen: 323584K->77329K(349696K)] 349184K->77329K(481280K), [Metaspace: 2796K->2796K(1056768K)], 0.0062838 secs] [Times: user=0.00 sys=0.00, real=0.01 secs] 
168.517: [Full GC (Ergonomics) [PSYoungGen: 86787K->0K(131584K)] [ParOldGen: 333329K->87569K(349696K)] 420116K->87569K(481280K), [Metaspace: 2796K->2796K(1056768K)], 0.0101812 secs] [Times: user=0.00 sys=0.00, real=0.01 secs] 
170.281: [GC (Allocation Failure) [PSYoungGen: 89865K->10240K(134144K)] 279834K->200209K(483840K), 0.0010333 secs] [Times: user=0.00 sys=0.00, real=0.00 secs] 
171.917: [Full GC (Ergonomics) [PSYoungGen: 100139K->0K(134144K)] [ParOldGen: 343569K->124433K(349696K)] 443709K->124433K(483840K), [Metaspace: 2796K->2796K(1056768K)], 0.0096595 secs] [Times: user=0.00 sys=0.00, real=0.01 secs] 
173.246: [GC (Allocation Failure) [PSYoungGen: 89902K->5120K(132608K)] 316735K->231953K(482304K), 0.0006938 secs] [Times: user=0.00 sys=0.00, real=0.00 secs] 
173.681: [GC (Allocation Failure) [PSYoungGen: 47920K->10240K(135680K)] 325953K->288273K(485376K), 0.0010909 secs] [Times: user=0.00 sys=0.00, real=0.00 secs] 
173.682: [Full GC (Ergonomics) [PSYoungGen: 10240K->0K(135680K)] [ParOldGen: 278033K->61969K(349696K)] 288273K->61969K(485376K), [Metaspace: 2796K->2796K(1056768K)], 0.0060521 secs] [Times: user=0.00 sys=0.00, real=0.01 secs] 
175.768: [Full GC (Ergonomics) [PSYoungGen: 92013K->0K(135680K)] [ParOldGen: 317969K->36369K(349696K)] 409983K->36369K(485376K), [Metaspace: 2796K->2796K(1056768K)], 0.0039160 secs] [Times: user=0.00 sys=0.00, real=0.00 secs] 
177.622: [GC (Allocation Failure) [PSYoungGen: 94062K->15360K(134144K)] 130432K->51729K(483840K), 0.0013245 secs] [Times: user=0.00 sys=0.00, real=0.00 secs] 
178.496: [GC (Allocation Failure) [PSYoungGen: 110441K->10240K(139264K)] 249210K->200209K(488960K), 0.0055189 secs] [Times: user=0.00 sys=0.00, real=0.00 secs] 
179.258: [GC (Allocation Failure) [PSYoungGen: 73733K->30720K(132096K)] 263702K->220689K(481792K), 0.0024925 secs] [Times: user=0.00 sys=0.00, real=0.00 secs] 
180.791: [Full GC (Ergonomics) [PSYoungGen: 110546K->0K(132096K)] [ParOldGen: 292369K->6144K(349696K)] 402916K->6144K(481792K), [Metaspace: 2796K->2796K(1056768K)], 0.0020313 secs] [Times: user=0.00 sys=0.00, real=0.00 secs] 
182.970: [GC (Allocation Failure) [PSYoungGen: 97239K->12288K(137216K)] 359383K->274432K(486912K), 0.0010098 secs] [Times: user=0.00 sys=0.00, real=0.00 secs] 
183.626: [Full GC (Ergonomics) [PSYoungGen: 65448K->0K(137216K)] [ParOldGen: 313344K->69137K(349696K)] 378792K->69137K(486912K), [Metaspace: 2796K->2796K(1056768K)], 0.0064137 secs] [Times: user=0.00 sys=0.00, real=0.01 secs] 
186.156: [Full GC (Ergonomics) [PSYoungGen: 92074K->0K(137216K)] [ParOldGen: 325137K->26624K(349696K)] 417211K->26624K(486912K), [Metaspace: 2796K->2796K(1056768K)], 0.0031343 secs] [Times: user=0.00 sys=0.00, real=0.00 secs] 
187.029: [GC (Allocation Failure) [PSYoungGen: 95147K->25600K(135680K)] 224171K->154624K(485376K), 0.0022223 secs] [Times: user=0.00 sys=0.00, real=0.00 secs] 
188.990: [GC (Allocation Failure) [PSYoungGen: 119724K->15360K(137728K)] 299948K->195584K(487424K), 0.0013726 secs] [Times: user=0.00 sys=0.00, real=0.00 secs] 
189.864: [Full GC (Ergonomics) [PSYoungGen: 110519K->0K(137728K)] [ParOldGen: 282624K->113169K(349696K)] 393143K->113169K(487424K), [Metaspace: 2796K->2796K(1056768K)], 0.0089720 secs] [Times: user=0.00 sys=0.00, real=0.01 secs] 
192.497: [GC (Allocation Failure) [PSYoungGen: 97207K->2080K(135680K)] 363977K->268849K(485376K), 0.0007417 secs] [Times: user=0.00 sys=0.00, real=0.00 secs] 
193.587: [Full GC (Ergonomics) [PSYoungGen: 75736K->0K(135680K)] [ParOldGen: 317969K->62993K(349696K)] 393705K->62993K(485376K), [Metaspace: 2796K->2796K(1056768K)], 0.0055184 secs] [Times: user=0.00 sys=0.00, real=0.01 secs] 
196.220: [Full GC (Ergonomics) [PSYoungGen: 97208K->0K(135680K)] [ParOldGen: 318993K->11264K(349696K)] 416201K->11264K(485376K), [Metaspace: 2796K->2796K(1056768K)], 0.0023427 secs] [Times: user=0.00 sys=0.00, real=0.00 secs] 
197.203: [GC (Allocation Failure) [PSYoungGen: 95160K->30720K(130048K)] 208824K->144384K(479744K), 0.0026033 secs] [Times: user=0.00 sys=0.00, real=0.00 secs] 
198.836: [GC (Allocation Failure) [PSYoungGen: 115517K->35840K(126976K)] 382782K->303104K(476672K), 0.0024827 secs] [Times: user=0.00 sys=0.00, real=0.00 secs] 
199.271: [Full GC (Ergonomics) [PSYoungGen: 78612K->0K(126976K)] [ParOldGen: 318464K->133649K(349696K)] 397076K->133649K(476672K), [Metaspace: 2796K->2796K(1056768K)], 0.0103388 secs] [Times: user=0.00 sys=0.00, real=0.01 secs] 
200.706: [GC (Allocation Failure) [PSYoungGen: 58132K->5120K(129024K)] 345382K->292369K(478720K), 0.0009806 secs] [Times: user=0.00 sys=0.00, real=0.00 secs] 
200.707: [GC (Allocation Failure) [PSYoungGen: 5120K->5120K(129024K)] 292369K->292369K(478720K), 0.0008420 secs] [Times: user=0.00 sys=0.00, real=0.00 secs] 
200.707: [Full GC (Allocation Failure) [PSYoungGen: 5120K->0K(129024K)] [ParOldGen: 287249K->56849K(349696K)] 292369K->56849K(478720K), [Metaspace: 2796K->2796K(1056768K)], 0.0051693 secs] [Times: user=0.00 sys=0.00, real=0.00 secs] 
202.572: [Full GC (Ergonomics) [PSYoungGen: 81541K->0K(129024K)] [ParOldGen: 312849K->17937K(349696K)] 394391K->17937K(478720K), [Metaspace: 2796K->2796K(1056768K)], 0.0027299 secs] [Times: user=0.00 sys=0.00, real=0.00 secs] 
204.645: [GC (Allocation Failure) [PSYoungGen: 78469K->15360K(132608K)] 96407K->33297K(482304K), 0.0012664 secs] [Times: user=0.00 sys=0.00, real=0.00 secs] 
205.301: [GC (Allocation Failure) [PSYoungGen: 100060K->16384K(130048K)] 220398K->136721K(479744K), 0.0014392 secs] [Times: user=0.00 sys=0.00, real=0.00 secs] 
206.940: [GC (Allocation Failure) [PSYoungGen: 101086K->35840K(124928K)] 375024K->320017K(474624K), 0.0030975 secs] [Times: user=0.00 sys=0.00, real=0.00 secs] 
207.815: [GC (Allocation Failure) --[PSYoungGen: 114348K->114348K(124928K)] 398525K->449726K(474624K), 0.0048227 secs] [Times: user=0.00 sys=0.00, real=0.00 secs] 
207.820: [Full GC (Ergonomics) [PSYoungGen: 114348K->0K(124928K)] [ParOldGen: 335377K->51729K(349696K)] 449726K->51729K(474624K), [Metaspace: 2796K->2796K(1056768K)], 0.0055394 secs] [Times: user=0.00 sys=0.00, real=0.01 secs] 
209.685: [Full GC (Ergonomics) [PSYoungGen: 81575K->0K(124928K)] [ParOldGen: 307729K->164369K(349696K)] 389305K->164369K(474624K), [Metaspace: 2796K->2796K(1056768K)], 0.0091663 secs] [Times: user=0.00 sys=0.00, real=0.01 secs] 
211.661: [Full GC (Ergonomics) [PSYoungGen: 78506K->0K(124928K)] [ParOldGen: 317969K->6144K(349696K)] 396475K->6144K(474624K), [Metaspace: 2796K->2796K(1056768K)], 0.0021135 secs] [Times: user=0.00 sys=0.00, real=0.00 secs] 
213.189: [GC (Allocation Failure) [PSYoungGen: 84651K->21504K(130048K)] 244395K->181248K(479744K), 0.0013964 secs] [Times: user=0.00 sys=0.00, real=0.00 secs] 
213.844: [GC (Allocation Failure) [PSYoungGen: 106156K->12288K(132608K)] 368300K->274432K(482304K), 0.0011597 secs] [Times: user=0.00 sys=0.00, real=0.00 secs] 
215.924: [GC (Allocation Failure) [PSYoungGen: 95999K->10240K(131584K)] 358143K->272384K(481280K), 0.0010068 secs] [Times: user=0.00 sys=0.00, real=0.00 secs] 
216.360: [Full GC (Ergonomics) [PSYoungGen: 52985K->0K(131584K)] [ParOldGen: 313344K->77329K(349696K)] 366329K->77329K(481280K), [Metaspace: 2796K->2796K(1056768K)], 0.0066702 secs] [Times: user=0.00 sys=0.00, real=0.01 secs] 
218.340: [Full GC (Ergonomics) [PSYoungGen: 86777K->0K(131584K)] [ParOldGen: 333329K->87569K(349696K)] 420107K->87569K(481280K), [Metaspace: 2796K->2796K(1056768K)], 0.0076140 secs] [Times: user=0.00 sys=0.00, real=0.01 secs] 
Heap
 PSYoungGen      total 131584K, used 13820K [0x00000000f5580000, 0x0000000100000000, 0x0000000100000000)
  eden space 89600K, 15% used [0x00000000f5580000,0x00000000f62ff0a0,0x00000000fad00000)
  from space 41984K, 0% used [0x00000000fad00000,0x00000000fad00000,0x00000000fd600000)
  to   space 40448K, 0% used [0x00000000fd880000,0x00000000fd880000,0x0000000100000000)
 ParOldGen       total 349696K, used 87569K [0x00000000e0000000, 0x00000000f5580000, 0x00000000f5580000)
  object space 349696K, 25% used [0x00000000e0000000,0x00000000e5584730,0x00000000f5580000)
 Metaspace       used 2804K, capacity 4486K, committed 4864K, reserved 1056768K
  class space    used 297K, capacity 386K, committed 512K, reserved 1048576K
