Java HotSpot(TM) 64-Bit Server VM (25.411-b09) for windows-amd64 JRE (1.8.0_411-b09), built on Mar 13 2024 07:26:13 by "java_re" with MS VC++ 17.1 (VS2022)
Memory: 4k page, physical 33403376k(14810556k free), swap 36815128k(7356868k free)
CommandLine flags: -XX:InitialHeapSize=536870912 -XX:MaxHeapSize=536870912 -XX:NewRatio=4 -XX:ParallelGCThreads=6 -XX:+PrintGC -XX:+PrintGCDetails -XX:+PrintGCTimeStamps -XX:+UseCompressedClassPointers -XX:+UseCompressedOops -XX:-UseLargePagesIndividualAllocation -XX:+UseParallelGC 
1.671: [GC (Allocation Failure) [PSYoungGen: 77906K->7816K(91648K)] 231506K->161424K(511488K), 0.0027733 secs] [Times: user=0.00 sys=0.03, real=0.00 secs] 
3.247: [GC (Allocation Failure) [PSYoungGen: 83121K->8776K(91648K)] 390329K->321104K(511488K), 0.0083129 secs] [Times: user=0.00 sys=0.00, real=0.01 secs] 
5.324: [GC (Allocation Failure) [PSYoungGen: 82033K->10824K(91648K)] 394361K->323152K(511488K), 0.0154504 secs] [Times: user=0.00 sys=0.00, real=0.01 secs] 
5.793: [GC (Allocation Failure) [PSYoungGen: 53357K->10904K(91648K)] 416885K->379560K(511488K), 0.0027446 secs] [Times: user=0.02 sys=0.00, real=0.00 secs] 
5.796: [GC (Allocation Failure) [PSYoungGen: 10904K->10824K(91648K)] 379560K->379480K(511488K), 0.0015562 secs] [Times: user=0.00 sys=0.00, real=0.00 secs] 
5.798: [Full GC (Allocation Failure) [PSYoungGen: 10824K->0K(91648K)] [ParOldGen: 368656K->67088K(419840K)] 379480K->67088K(511488K), [Metaspace: 2753K->2753K(1056768K)], 0.0108689 secs] [Times: user=0.00 sys=0.00, real=0.01 secs] 
7.569: [GC (Allocation Failure) [PSYoungGen: 77115K->6176K(90624K)] 400203K->349752K(510464K), 0.0036648 secs] [Times: user=0.03 sys=0.00, real=0.00 secs] 
8.681: [Full GC (Ergonomics) [PSYoungGen: 43570K->0K(90624K)] [ParOldGen: 394776K->51728K(419840K)] 438347K->51728K(510464K), [Metaspace: 2759K->2759K(1056768K)], 0.0062045 secs] [Times: user=0.03 sys=0.00, real=0.00 secs] 
10.444: [GC (Allocation Failure) [PSYoungGen: 76307K->6144K(91136K)] 384035K->313872K(510976K), 0.0052924 secs] [Times: user=0.02 sys=0.00, real=0.00 secs] 
11.543: [GC (Allocation Failure) [PSYoungGen: 79379K->10240K(91136K)] 438308K->369168K(510976K), 0.0138123 secs] [Times: user=0.02 sys=0.00, real=0.01 secs] 
11.556: [GC (Allocation Failure) [PSYoungGen: 10240K->10240K(91136K)] 369168K->369168K(510976K), 0.0012815 secs] [Times: user=0.00 sys=0.00, real=0.00 secs] 
11.558: [Full GC (Allocation Failure) [PSYoungGen: 10240K->0K(91136K)] [ParOldGen: 358928K->215568K(419840K)] 369168K->215568K(510976K), [Metaspace: 2761K->2761K(1056768K)], 0.0128899 secs] [Times: user=0.03 sys=0.00, real=0.01 secs] 
12.996: [GC (Allocation Failure) [PSYoungGen: 53261K->5152K(90112K)] 422430K->374328K(509952K), 0.0036067 secs] [Times: user=0.00 sys=0.00, real=0.00 secs] 
13.000: [GC (Allocation Failure) [PSYoungGen: 5152K->0K(77312K)] 374328K->374304K(497152K), 0.0009837 secs] [Times: user=0.00 sys=0.00, real=0.00 secs] 
13.001: [Full GC (Allocation Failure) [PSYoungGen: 0K->0K(77312K)] [ParOldGen: 374304K->56849K(419840K)] 374304K->56849K(497152K), [Metaspace: 2763K->2763K(1056768K)], 0.0054706 secs] [Times: user=0.03 sys=0.00, real=0.01 secs] 
14.765: [GC (Allocation Failure) [PSYoungGen: 76287K->12288K(87552K)] 389136K->325137K(507392K), 0.0014460 secs] [Times: user=0.01 sys=0.00, real=0.00 secs] 
16.512: [GC (Allocation Failure) [PSYoungGen: 80302K->10240K(88576K)] 393151K->323089K(508416K), 0.0012282 secs] [Times: user=0.00 sys=0.00, real=0.00 secs] 
17.276: [GC (Allocation Failure) [PSYoungGen: 68010K->0K(87552K)] 432060K->389649K(507392K), 0.0023517 secs] [Times: user=0.00 sys=0.00, real=0.00 secs] 
17.278: [Full GC (Ergonomics) [PSYoungGen: 0K->0K(87552K)] [ParOldGen: 389649K->77329K(419840K)] 389649K->77329K(507392K), [Metaspace: 2768K->2768K(1056768K)], 0.0068016 secs] [Times: user=0.02 sys=0.00, real=0.01 secs] 
18.493: [GC (Allocation Failure) [PSYoungGen: 53655K->15360K(87552K)] 233384K->195089K(507392K), 0.0016802 secs] [Times: user=0.00 sys=0.00, real=0.00 secs] 
20.137: [Full GC (Ergonomics) [PSYoungGen: 58776K->0K(87552K)] [ParOldGen: 384529K->51729K(419840K)] 443305K->51729K(507392K), [Metaspace: 2770K->2770K(1056768K)], 0.0054634 secs] [Times: user=0.00 sys=0.00, real=0.01 secs] 
21.339: [GC (Allocation Failure) [PSYoungGen: 53656K->15360K(81408K)] 207785K->169489K(501248K), 0.0015167 secs] [Times: user=0.00 sys=0.00, real=0.00 secs] 
22.649: [GC (Allocation Failure) [PSYoungGen: 79113K->16384K(81408K)] 386843K->329233K(501248K), 0.0019136 secs] [Times: user=0.00 sys=0.00, real=0.00 secs] 
22.979: [GC (Allocation Failure) [PSYoungGen: 48394K->0K(81920K)] 412443K->370193K(501760K), 0.0008554 secs] [Times: user=0.00 sys=0.00, real=0.00 secs] 
22.979: [GC (Allocation Failure) [PSYoungGen: 0K->0K(60928K)] 370193K->370193K(480768K), 0.0008522 secs] [Times: user=0.00 sys=0.00, real=0.00 secs] 
22.980: [Full GC (Allocation Failure) [PSYoungGen: 0K->0K(60928K)] [ParOldGen: 370193K->165393K(419840K)] 370193K->165393K(480768K), [Metaspace: 2782K->2782K(1056768K)], 0.0128839 secs] [Times: user=0.03 sys=0.00, real=0.01 secs] 
24.416: [GC (Allocation Failure) [PSYoungGen: 48312K->10240K(82432K)] 367305K->329233K(502272K), 0.0012127 secs] [Times: user=0.00 sys=0.00, real=0.00 secs] 
24.418: [GC (Allocation Failure) [PSYoungGen: 10240K->0K(81920K)] 329233K->329233K(501760K), 0.0058148 secs] [Times: user=0.01 sys=0.00, real=0.01 secs] 
24.424: [Full GC (Allocation Failure) [PSYoungGen: 0K->0K(81920K)] [ParOldGen: 329233K->61969K(419840K)] 329233K->61969K(501760K), [Metaspace: 2782K->2782K(1056768K)], 0.0059073 secs] [Times: user=0.00 sys=0.00, real=0.01 secs] 
25.640: [GC (Allocation Failure) [PSYoungGen: 53422K->15360K(79360K)] 217791K->189969K(499200K), 0.0017027 secs] [Times: user=0.00 sys=0.00, real=0.00 secs] 
26.838: [GC (Allocation Failure) [PSYoungGen: 68730K->10240K(80896K)] 396940K->353809K(500736K), 0.0022032 secs] [Times: user=0.03 sys=0.00, real=0.00 secs] 
27.930: [GC (Allocation Failure) [PSYoungGen: 62586K->10240K(82432K)] 406156K->353809K(502272K), 0.0015678 secs] [Times: user=0.00 sys=0.00, real=0.00 secs] 
28.692: [Full GC (Ergonomics) [PSYoungGen: 68010K->0K(82432K)] [ParOldGen: 394769K->56849K(419840K)] 462779K->56849K(502272K), [Metaspace: 2793K->2793K(1056768K)], 0.0056436 secs] [Times: user=0.02 sys=0.00, real=0.00 secs] 
29.910: [GC (Allocation Failure) [PSYoungGen: 53421K->15360K(75776K)] 212670K->174609K(495616K), 0.0016994 secs] [Times: user=0.00 sys=0.00, real=0.00 secs] 
32.017: [Full GC (Ergonomics) [PSYoungGen: 70829K->0K(75776K)] [ParOldGen: 415249K->7168K(419840K)] 486079K->7168K(495616K), [Metaspace: 2793K->2793K(1056768K)], 0.0107585 secs] [Times: user=0.00 sys=0.00, real=0.01 secs] 
32.798: [GC (Allocation Failure) [PSYoungGen: 47277K->15360K(79360K)] 54446K->22528K(499200K), 0.0013390 secs] [Times: user=0.02 sys=0.00, real=0.00 secs] 
34.000: [GC (Allocation Failure) [PSYoungGen: 68709K->6144K(80384K)] 229477K->172032K(500224K), 0.0013109 secs] [Times: user=0.00 sys=0.00, real=0.00 secs] 
35.419: [GC (Allocation Failure) [PSYoungGen: 54373K->5120K(81920K)] 373861K->324608K(501760K), 0.0010369 secs] [Times: user=0.00 sys=0.00, real=0.00 secs] 
35.856: [GC (Allocation Failure) [PSYoungGen: 47246K->10240K(80896K)] 417935K->380928K(500736K), 0.0053005 secs] [Times: user=0.02 sys=0.00, real=0.01 secs] 
35.862: [GC (Allocation Failure) [PSYoungGen: 10240K->0K(82432K)] 380928K->380928K(502272K), 0.0015201 secs] [Times: user=0.00 sys=0.00, real=0.00 secs] 
35.863: [Full GC (Allocation Failure) [PSYoungGen: 0K->0K(82432K)] [ParOldGen: 380928K->61969K(419840K)] 380928K->61969K(502272K), [Metaspace: 2793K->2793K(1056768K)], 0.0053512 secs] [Times: user=0.00 sys=0.00, real=0.00 secs] 
37.075: [GC (Allocation Failure) [PSYoungGen: 53432K->15360K(76288K)] 217801K->179729K(496128K), 0.0015410 secs] [Times: user=0.00 sys=0.00, real=0.00 secs] 
38.286: [GC (Allocation Failure) [PSYoungGen: 68792K->20480K(75776K)] 386761K->353809K(495616K), 0.0029452 secs] [Times: user=0.02 sys=0.00, real=0.00 secs] 
39.378: [Full GC (Ergonomics) [PSYoungGen: 67604K->0K(75776K)] [ParOldGen: 384529K->6144K(419840K)] 452133K->6144K(495616K), [Metaspace: 2793K->2793K(1056768K)], 0.0024400 secs] [Times: user=0.00 sys=0.00, real=0.00 secs] 
39.924: [GC (Allocation Failure) [PSYoungGen: 36884K->15360K(68096K)] 43028K->21504K(487936K), 0.0026765 secs] [Times: user=0.02 sys=0.00, real=0.00 secs] 
41.025: [GC (Allocation Failure) [PSYoungGen: 64532K->10240K(79360K)] 224276K->175104K(499200K), 0.0011695 secs] [Times: user=0.02 sys=0.00, real=0.00 secs] 
41.899: [GC (Allocation Failure) [PSYoungGen: 58392K->2048K(77824K)] 376856K->325632K(497664K), 0.0011723 secs] [Times: user=0.00 sys=0.00, real=0.00 secs] 
43.649: [GC (Allocation Failure) [PSYoungGen: 50202K->6144K(80384K)] 373786K->329728K(500224K), 0.0011456 secs] [Times: user=0.00 sys=0.00, real=0.00 secs] 
44.198: [GC (Allocation Failure) [PSYoungGen: 43086K->20480K(76288K)] 366670K->345088K(496128K), 0.0020216 secs] [Times: user=0.00 sys=0.00, real=0.00 secs] 
44.417: [GC (Allocation Failure) [PSYoungGen: 42063K->0K(76800K)] 417871K->386048K(496640K), 0.0022502 secs] [Times: user=0.00 sys=0.00, real=0.00 secs] 
44.419: [Full GC (Ergonomics) [PSYoungGen: 0K->0K(76800K)] [ParOldGen: 386048K->62993K(419840K)] 386048K->62993K(496640K), [Metaspace: 2795K->2795K(1056768K)], 0.0060360 secs] [Times: user=0.02 sys=0.00, real=0.01 secs] 
45.525: [GC (Allocation Failure) [PSYoungGen: 44009K->15360K(66048K)] 209402K->180753K(485888K), 0.0013804 secs] [Times: user=0.00 sys=0.00, real=0.00 secs] 
46.944: [GC (Allocation Failure) [PSYoungGen: 59369K->5120K(77824K)] 378363K->324113K(497664K), 0.0008863 secs] [Times: user=0.02 sys=0.00, real=0.00 secs] 
47.273: [GC (Allocation Failure) [PSYoungGen: 36842K->20480K(71168K)] 407035K->390673K(491008K), 0.0022262 secs] [Times: user=0.02 sys=0.00, real=0.00 secs] 
47.275: [GC (Allocation Failure) [PSYoungGen: 20480K->0K(75264K)] 390673K->390673K(495104K), 0.0022808 secs] [Times: user=0.00 sys=0.00, real=0.00 secs] 
47.277: [Full GC (Allocation Failure) [PSYoungGen: 0K->0K(75264K)] [ParOldGen: 390673K->72209K(419840K)] 390673K->72209K(495104K), [Metaspace: 2795K->2795K(1056768K)], 0.0071565 secs] [Times: user=0.01 sys=0.00, real=0.01 secs] 
48.381: [GC (Allocation Failure) [PSYoungGen: 43929K->15360K(75264K)] 218538K->189969K(495104K), 0.0033251 secs] [Times: user=0.00 sys=0.00, real=0.00 secs] 
49.256: [GC (Allocation Failure) [PSYoungGen: 59289K->5120K(76288K)] 387498K->338449K(496128K), 0.0013640 secs] [Times: user=0.02 sys=0.00, real=0.00 secs] 
49.914: [GC (Allocation Failure) [PSYoungGen: 47021K->15360K(75264K)] 380351K->348689K(495104K), 0.0014995 secs] [Times: user=0.00 sys=0.00, real=0.00 secs] 
50.132: [Full GC (Ergonomics) [PSYoungGen: 36774K->0K(75264K)] [ParOldGen: 384529K->133649K(419840K)] 421303K->133649K(495104K), [Metaspace: 2795K->2795K(1056768K)], 0.0105438 secs] [Times: user=0.02 sys=0.00, real=0.01 secs] 
51.354: [GC (Allocation Failure) [PSYoungGen: 36774K->15360K(75776K)] 272824K->251409K(495616K), 0.0099379 secs] [Times: user=0.00 sys=0.00, real=0.01 secs] 
52.353: [Full GC (Ergonomics) [PSYoungGen: 59305K->0K(75776K)] [ParOldGen: 389649K->12288K(419840K)] 448954K->12288K(495616K), [Metaspace: 2795K->2795K(1056768K)], 0.0033546 secs] [Times: user=0.00 sys=0.00, real=0.00 secs] 
52.788: [GC (Allocation Failure) [PSYoungGen: 31658K->15360K(75776K)] 43946K->27648K(495616K), 0.0021139 secs] [Times: user=0.00 sys=0.00, real=0.00 secs] 
53.772: [GC (Allocation Failure) [PSYoungGen: 59298K->6144K(76800K)] 225186K->177152K(496640K), 0.0012294 secs] [Times: user=0.00 sys=0.00, real=0.00 secs] 
55.301: [GC (Allocation Failure) [PSYoungGen: 54202K->10240K(75776K)] 225210K->181248K(495616K), 0.0010470 secs] [Times: user=0.00 sys=0.00, real=0.00 secs] 
56.069: [GC (Allocation Failure) [PSYoungGen: 58294K->11264K(79872K)] 382903K->340992K(499712K), 0.0017935 secs] [Times: user=0.00 sys=0.00, real=0.00 secs] 
57.056: [GC (Allocation Failure) [PSYoungGen: 64554K->15360K(78336K)] 394282K->355328K(498176K), 0.0023074 secs] [Times: user=0.00 sys=0.00, real=0.00 secs] 
57.275: [Full GC (Ergonomics) [PSYoungGen: 36902K->0K(78336K)] [ParOldGen: 391168K->92689K(419840K)] 428070K->92689K(498176K), [Metaspace: 2796K->2796K(1056768K)], 0.0086111 secs] [Times: user=0.00 sys=0.00, real=0.01 secs] 
59.265: [GC (Allocation Failure) [PSYoungGen: 50214K->5120K(79872K)] 398903K->353809K(499712K), 0.0008697 secs] [Times: user=0.00 sys=0.00, real=0.00 secs] 
59.924: [GC (Allocation Failure) [PSYoungGen: 47167K->15360K(79360K)] 395856K->364049K(499200K), 0.0029038 secs] [Times: user=0.00 sys=0.00, real=0.00 secs] 
60.143: [Full GC (Ergonomics) [PSYoungGen: 36929K->0K(79360K)] [ParOldGen: 399889K->108049K(419840K)] 436819K->108049K(499200K), [Metaspace: 2796K->2796K(1056768K)], 0.0126725 secs] [Times: user=0.03 sys=0.00, real=0.01 secs] 
61.364: [GC (Allocation Failure) [PSYoungGen: 53313K->15360K(78336K)] 263763K->225809K(498176K), 0.0014944 secs] [Times: user=0.00 sys=0.00, real=0.00 secs] 
62.782: [GC (Allocation Failure) [PSYoungGen: 67621K->15360K(78848K)] 431670K->379409K(498688K), 0.0015004 secs] [Times: user=0.03 sys=0.00, real=0.00 secs] 
63.000: [Full GC (Ergonomics) [PSYoungGen: 36902K->0K(78848K)] [ParOldGen: 415249K->56849K(419840K)] 452151K->56849K(498688K), [Metaspace: 2796K->2796K(1056768K)], 0.0057626 secs] [Times: user=0.00 sys=0.00, real=0.00 secs] 
64.110: [GC (Allocation Failure) [PSYoungGen: 43046K->21504K(74752K)] 202295K->180753K(494592K), 0.0013589 secs] [Times: user=0.00 sys=0.00, real=0.00 secs] 
65.094: [GC (Allocation Failure) [PSYoungGen: 70613K->10240K(76800K)] 383463K->334353K(496640K), 0.0018851 secs] [Times: user=0.00 sys=0.00, real=0.00 secs] 
66.404: [GC (Allocation Failure) [PSYoungGen: 57302K->10240K(78848K)] 381415K->334353K(498688K), 0.0040576 secs] [Times: user=0.00 sys=0.00, real=0.00 secs] 
67.055: [GC (Allocation Failure) [PSYoungGen: 52236K->10240K(77824K)] 376349K->339473K(497664K), 0.0014401 secs] [Times: user=0.00 sys=0.00, real=0.00 secs] 
67.276: [GC (Allocation Failure) [PSYoungGen: 31750K->20480K(75776K)] 412183K->400913K(495616K), 0.0020534 secs] [Times: user=0.00 sys=0.00, real=0.00 secs] 
67.278: [GC (Allocation Failure) [PSYoungGen: 20480K->0K(51712K)] 400913K->400913K(471552K), 0.0020838 secs] [Times: user=0.00 sys=0.00, real=0.00 secs] 
67.280: [Full GC (Allocation Failure) [PSYoungGen: 0K->0K(51712K)] [ParOldGen: 400913K->77329K(419840K)] 400913K->77329K(471552K), [Metaspace: 2796K->2796K(1056768K)], 0.0065038 secs] [Times: user=0.02 sys=0.00, real=0.01 secs] 
68.381: [GC (Allocation Failure) [PSYoungGen: 44018K->15360K(77312K)] 223747K->195089K(497152K), 0.0015552 secs] [Times: user=0.00 sys=0.00, real=0.00 secs] 
69.370: [GC (Allocation Failure) [PSYoungGen: 64472K->5120K(76800K)] 397801K->343569K(496640K), 0.0011234 secs] [Times: user=0.00 sys=0.00, real=0.00 secs] 
70.137: [GC (Allocation Failure) [PSYoungGen: 11227K->0K(77312K)] 400876K->389649K(497152K), 0.0010515 secs] [Times: user=0.02 sys=0.00, real=0.00 secs] 
70.139: [Full GC (Ergonomics) [PSYoungGen: 0K->0K(77312K)] [ParOldGen: 389649K->51729K(419840K)] 389649K->51729K(497152K), [Metaspace: 2796K->2796K(1056768K)], 0.0046338 secs] [Times: user=0.00 sys=0.00, real=0.00 secs] 
71.244: [GC (Allocation Failure) [PSYoungGen: 44005K->15360K(66048K)] 198135K->169489K(485888K), 0.0013636 secs] [Times: user=0.01 sys=0.00, real=0.00 secs] 
72.226: [GC (Allocation Failure) [PSYoungGen: 64487K->6144K(77824K)] 372217K->318993K(497664K), 0.0018803 secs] [Times: user=0.00 sys=0.02, real=0.00 secs] 
72.774: [GC (Allocation Failure) [PSYoungGen: 42985K->15360K(76800K)] 355834K->329233K(496640K), 0.0092821 secs] [Times: user=0.00 sys=0.01, real=0.01 secs] 
73.009: [GC (Allocation Failure) [PSYoungGen: 36832K->0K(77312K)] 401905K->370193K(497152K), 0.0017659 secs] [Times: user=0.00 sys=0.00, real=0.00 secs] 
73.011: [GC (Allocation Failure) [PSYoungGen: 0K->0K(77312K)] 370193K->370193K(497152K), 0.0008182 secs] [Times: user=0.00 sys=0.00, real=0.00 secs] 
73.011: [Full GC (Allocation Failure) [PSYoungGen: 0K->0K(77312K)] [ParOldGen: 370193K->165393K(419840K)] 370193K->165393K(497152K), [Metaspace: 2796K->2796K(1056768K)], 0.0143880 secs] [Times: user=0.05 sys=0.00, real=0.02 secs] 
74.445: [GC (Allocation Failure) [PSYoungGen: 49120K->10240K(78336K)] 368113K->329233K(498176K), 0.0012131 secs] [Times: user=0.00 sys=0.00, real=0.00 secs] 
74.446: [GC (Allocation Failure) [PSYoungGen: 10240K->0K(77312K)] 329233K->329233K(497152K), 0.0011349 secs] [Times: user=0.00 sys=0.00, real=0.00 secs] 
74.447: [Full GC (Allocation Failure) [PSYoungGen: 0K->0K(77312K)] [ParOldGen: 329233K->61969K(419840K)] 329233K->61969K(497152K), [Metaspace: 2796K->2796K(1056768K)], 0.0061536 secs] [Times: user=0.02 sys=0.00, real=0.01 secs] 
75.552: [GC (Allocation Failure) [PSYoungGen: 44024K->15360K(76800K)] 208394K->179729K(496640K), 0.0014799 secs] [Times: user=0.00 sys=0.00, real=0.00 secs] 
76.534: [GC (Allocation Failure) [PSYoungGen: 64507K->20480K(72192K)] 382476K->343569K(492032K), 0.0020306 secs] [Times: user=0.00 sys=0.00, real=0.00 secs] 
77.080: [GC (Allocation Failure) [PSYoungGen: 57341K->10240K(76800K)] 380430K->348689K(496640K), 0.0022718 secs] [Times: user=0.00 sys=0.00, real=0.00 secs] 
78.288: [GC (Allocation Failure) [PSYoungGen: 57261K->10240K(75264K)] 395710K->348689K(495104K), 0.0009558 secs] [Times: user=0.00 sys=0.00, real=0.00 secs] 
78.725: [Full GC (Ergonomics) [PSYoungGen: 52138K->0K(75264K)] [ParOldGen: 389649K->56849K(419840K)] 441788K->56849K(495104K), [Metaspace: 2796K->2796K(1056768K)], 0.0138208 secs] [Times: user=0.03 sys=0.00, real=0.01 secs] 
79.833: [GC (Allocation Failure) [PSYoungGen: 43951K->15360K(77824K)] 203200K->174609K(497664K), 0.0013785 secs] [Times: user=0.00 sys=0.00, real=0.00 secs] 
80.816: [GC (Allocation Failure) [PSYoungGen: 64540K->5120K(78336K)] 377389K->323089K(498176K), 0.0010975 secs] [Times: user=0.00 sys=0.00, real=0.00 secs] 
81.583: [GC (Allocation Failure) [PSYoungGen: 16400K->5120K(79360K)] 334369K->323089K(499200K), 0.0009074 secs] [Times: user=0.00 sys=0.00, real=0.00 secs] 
81.584: [GC (Allocation Failure) [PSYoungGen: 5120K->0K(78848K)] 323089K->323089K(498688K), 0.0008783 secs] [Times: user=0.00 sys=0.00, real=0.00 secs] 
81.585: [Full GC (Allocation Failure) [PSYoungGen: 0K->0K(78848K)] [ParOldGen: 323089K->5649K(419840K)] 323089K->5649K(498688K), [Metaspace: 2796K->2796K(1056768K)], 0.0020122 secs] [Times: user=0.00 sys=0.00, real=0.00 secs] 
82.788: [GC (Allocation Failure) [PSYoungGen: 53295K->16384K(77312K)] 161344K->124433K(497152K), 0.0014702 secs] [Times: user=0.00 sys=0.00, real=0.00 secs] 
83.887: [GC (Allocation Failure) [PSYoungGen: 65571K->6144K(78336K)] 327221K->273937K(498176K), 0.0013993 secs] [Times: user=0.00 sys=0.00, real=0.00 secs] 
84.432: [GC (Allocation Failure) [PSYoungGen: 53266K->10240K(80384K)] 372260K->330257K(500224K), 0.0012630 secs] [Times: user=0.00 sys=0.00, real=0.00 secs] 
84.434: [GC (Allocation Failure) [PSYoungGen: 10240K->0K(79360K)] 330257K->330257K(499200K), 0.0010654 secs] [Times: user=0.02 sys=0.00, real=0.00 secs] 
84.435: [Full GC (Allocation Failure) [PSYoungGen: 0K->0K(79360K)] [ParOldGen: 330257K->69137K(419840K)] 330257K->69137K(499200K), [Metaspace: 2796K->2796K(1056768K)], 0.0059342 secs] [Times: user=0.02 sys=0.00, real=0.01 secs] 
86.204: [GC (Allocation Failure) [PSYoungGen: 50256K->11264K(80896K)] 375394K->336401K(500736K), 0.0075922 secs] [Times: user=0.00 sys=0.00, real=0.01 secs] 
87.080: [GC (Allocation Failure) [PSYoungGen: 63599K->15360K(72704K)] 388737K->350737K(492544K), 0.0068258 secs] [Times: user=0.00 sys=0.00, real=0.01 secs] 
87.299: [Full GC (Ergonomics) [PSYoungGen: 36975K->0K(72704K)] [ParOldGen: 386577K->87569K(419840K)] 423552K->87569K(492544K), [Metaspace: 2796K->2796K(1056768K)], 0.0077711 secs] [Times: user=0.00 sys=0.00, real=0.01 secs] 
88.523: [GC (Allocation Failure) [PSYoungGen: 53359K->15360K(77824K)] 243328K->205329K(497664K), 0.0016540 secs] [Times: user=0.00 sys=0.00, real=0.00 secs] 
89.833: [GC (Allocation Failure) [PSYoungGen: 67624K->15360K(69120K)] 308793K->256529K(488960K), 0.0116558 secs] [Times: user=0.00 sys=0.00, real=0.01 secs] 
90.832: [Full GC (Ergonomics) [PSYoungGen: 63528K->0K(69120K)] [ParOldGen: 394769K->113169K(419840K)] 458298K->113169K(488960K), [Metaspace: 2796K->2796K(1056768K)], 0.0091295 secs] [Times: user=0.01 sys=0.00, real=0.01 secs] 
91.394: [GC (Allocation Failure) [PSYoungGen: 36904K->15360K(78336K)] 150074K->128529K(498176K), 0.0015824 secs] [Times: user=0.00 sys=0.00, real=0.00 secs] 
92.487: [GC (Allocation Failure) [PSYoungGen: 64551K->6144K(78336K)] 331321K->278033K(498176K), 0.0011337 secs] [Times: user=0.00 sys=0.00, real=0.00 secs] 
94.134: [GC (Allocation Failure) [PSYoungGen: 55336K->21504K(73728K)] 327225K->293393K(493568K), 0.0015348 secs] [Times: user=0.02 sys=0.00, real=0.00 secs] 
94.463: [GC (Allocation Failure) [PSYoungGen: 53179K->0K(48640K)] 376268K->334353K(468480K), 0.0031203 secs] [Times: user=0.00 sys=0.00, real=0.00 secs] 
94.466: [GC (Allocation Failure) [PSYoungGen: 0K->0K(75776K)] 334353K->334353K(495616K), 0.0012248 secs] [Times: user=0.00 sys=0.00, real=0.00 secs] 
94.468: [Full GC (Allocation Failure) [PSYoungGen: 0K->0K(75776K)] [ParOldGen: 334353K->62993K(419840K)] 334353K->62993K(495616K), [Metaspace: 2796K->2796K(1056768K)], 0.0091309 secs] [Times: user=0.05 sys=0.00, real=0.01 secs] 
95.572: [GC (Allocation Failure) [PSYoungGen: 43945K->15360K(75776K)] 209338K->180753K(495616K), 0.0013319 secs] [Times: user=0.00 sys=0.00, real=0.00 secs] 
96.997: [GC (Allocation Failure) [PSYoungGen: 59307K->5120K(76800K)] 378300K->324113K(496640K), 0.0008538 secs] [Times: user=0.00 sys=0.00, real=0.00 secs] 
97.327: [GC (Allocation Failure) [PSYoungGen: 36800K->20480K(69120K)] 406993K->390673K(488960K), 0.0022661 secs] [Times: user=0.01 sys=0.00, real=0.00 secs] 
97.329: [GC (Allocation Failure) [PSYoungGen: 20480K->0K(74752K)] 390673K->390673K(494592K), 0.0019588 secs] [Times: user=0.00 sys=0.00, real=0.00 secs] 
97.331: [Full GC (Allocation Failure) [PSYoungGen: 0K->0K(74752K)] [ParOldGen: 390673K->72209K(419840K)] 390673K->72209K(494592K), [Metaspace: 2796K->2796K(1056768K)], 0.0065075 secs] [Times: user=0.00 sys=0.00, real=0.01 secs] 
98.433: [GC (Allocation Failure) [PSYoungGen: 43897K->15360K(74240K)] 218507K->189969K(494080K), 0.0016596 secs] [Times: user=0.00 sys=0.00, real=0.00 secs] 
99.312: [GC (Allocation Failure) [PSYoungGen: 59258K->5120K(75264K)] 387467K->338449K(495104K), 0.0012637 secs] [Times: user=0.00 sys=0.00, real=0.00 secs] 
99.971: [GC (Allocation Failure) [PSYoungGen: 46980K->15360K(74240K)] 380310K->348689K(494080K), 0.0117611 secs] [Times: user=0.00 sys=0.00, real=0.01 secs] 
100.205: [GC (Allocation Failure) [PSYoungGen: 36734K->0K(75264K)] 421263K->389649K(495104K), 0.0014014 secs] [Times: user=0.02 sys=0.00, real=0.00 secs] 
100.207: [Full GC (Ergonomics) [PSYoungGen: 0K->0K(75264K)] [ParOldGen: 389649K->133649K(419840K)] 389649K->133649K(495104K), [Metaspace: 2796K->2796K(1056768K)], 0.0102500 secs] [Times: user=0.00 sys=0.00, real=0.01 secs] 
101.426: [GC (Allocation Failure) [PSYoungGen: 36754K->15360K(75264K)] 272803K->251409K(495104K), 0.0015938 secs] [Times: user=0.00 sys=0.00, real=0.00 secs] 
102.416: [Full GC (Ergonomics) [PSYoungGen: 59285K->0K(75264K)] [ParOldGen: 389649K->12288K(419840K)] 448934K->12288K(495104K), [Metaspace: 2796K->2796K(1056768K)], 0.0028492 secs] [Times: user=0.00 sys=0.00, real=0.00 secs] 
102.854: [GC (Allocation Failure) [PSYoungGen: 31638K->15360K(74240K)] 43926K->27648K(494080K), 0.0019191 secs] [Times: user=0.00 sys=0.00, real=0.00 secs] 
103.838: [GC (Allocation Failure) [PSYoungGen: 59258K->6144K(74752K)] 225146K->177152K(494592K), 0.0017431 secs] [Times: user=0.00 sys=0.00, real=0.00 secs] 
105.258: [GC (Allocation Failure) [PSYoungGen: 49022K->10240K(77824K)] 220030K->181248K(497664K), 0.0012505 secs] [Times: user=0.00 sys=0.00, real=0.00 secs] 
105.695: [GC (Allocation Failure) [PSYoungGen: 41941K->20480K(70656K)] 212949K->196608K(490496K), 0.0025660 secs] [Times: user=0.00 sys=0.00, real=0.00 secs] 
106.787: [GC (Allocation Failure) [PSYoungGen: 69582K->10240K(77312K)] 399310K->350208K(497152K), 0.0019779 secs] [Times: user=0.00 sys=0.00, real=0.00 secs] 
107.334: [Full GC (Ergonomics) [PSYoungGen: 57280K->0K(77312K)] [ParOldGen: 391168K->92689K(419840K)] 448449K->92689K(497152K), [Metaspace: 2796K->2796K(1056768K)], 0.0076755 secs] [Times: user=0.00 sys=0.00, real=0.01 secs] 
109.211: [GC (Allocation Failure) [PSYoungGen: 46021K->5120K(75776K)] 394710K->353809K(495616K), 0.0008696 secs] [Times: user=0.00 sys=0.00, real=0.00 secs] 
109.971: [GC (Allocation Failure) [PSYoungGen: 52167K->15360K(77824K)] 400857K->364049K(497664K), 0.0015823 secs] [Times: user=0.03 sys=0.00, real=0.00 secs] 
110.189: [Full GC (Ergonomics) [PSYoungGen: 36853K->0K(77824K)] [ParOldGen: 399889K->108049K(419840K)] 436742K->108049K(497664K), [Metaspace: 2796K->2796K(1056768K)], 0.0096409 secs] [Times: user=0.02 sys=0.00, real=0.01 secs] 
111.303: [GC (Allocation Failure) [PSYoungGen: 44021K->15360K(67072K)] 254470K->225809K(486912K), 0.0015999 secs] [Times: user=0.00 sys=0.00, real=0.00 secs] 
112.614: [GC (Allocation Failure) [PSYoungGen: 58361K->10240K(78848K)] 422410K->374289K(498688K), 0.0009532 secs] [Times: user=0.00 sys=0.00, real=0.00 secs] 
113.053: [Full GC (Ergonomics) [PSYoungGen: 52229K->0K(78848K)] [ParOldGen: 415249K->56849K(419840K)] 467479K->56849K(498688K), [Metaspace: 2796K->2796K(1056768K)], 0.0319406 secs] [Times: user=0.00 sys=0.00, real=0.03 secs] 
114.182: [GC (Allocation Failure) [PSYoungGen: 44046K->21504K(73728K)] 203295K->180753K(493568K), 0.0016581 secs] [Times: user=0.00 sys=0.00, real=0.00 secs] 
115.166: [GC (Allocation Failure) [PSYoungGen: 70672K->10240K(77824K)] 383522K->334353K(497664K), 0.0018936 secs] [Times: user=0.00 sys=0.00, real=0.00 secs] 
116.479: [GC (Allocation Failure) [PSYoungGen: 57312K->10240K(76288K)] 381425K->334353K(496128K), 0.0058482 secs] [Times: user=0.00 sys=0.00, real=0.01 secs] 
117.136: [GC (Allocation Failure) [PSYoungGen: 52192K->10240K(79872K)] 376306K->339473K(499712K), 0.0033709 secs] [Times: user=0.00 sys=0.00, real=0.00 secs] 
117.355: [GC (Allocation Failure) [PSYoungGen: 31795K->20480K(75264K)] 412229K->400913K(495104K), 0.0021995 secs] [Times: user=0.00 sys=0.00, real=0.00 secs] 
117.357: [GC (Allocation Failure) [PSYoungGen: 20480K->0K(76800K)] 400913K->400913K(496640K), 0.0020602 secs] [Times: user=0.02 sys=0.00, real=0.00 secs] 
117.359: [Full GC (Allocation Failure) [PSYoungGen: 0K->0K(76800K)] [ParOldGen: 400913K->77329K(419840K)] 400913K->77329K(496640K), [Metaspace: 2796K->2796K(1056768K)], 0.0069943 secs] [Times: user=0.00 sys=0.02, real=0.01 secs] 
118.465: [GC (Allocation Failure) [PSYoungGen: 44002K->15360K(77312K)] 223732K->195089K(497152K), 0.0014710 secs] [Times: user=0.00 sys=0.00, real=0.00 secs] 
119.454: [GC (Allocation Failure) [PSYoungGen: 64485K->5120K(77824K)] 397815K->343569K(497664K), 0.0010846 secs] [Times: user=0.03 sys=0.00, real=0.00 secs] 
120.219: [GC (Allocation Failure) [PSYoungGen: 11250K->0K(77312K)] 400899K->389649K(497152K), 0.0010071 secs] [Times: user=0.00 sys=0.00, real=0.00 secs] 
120.220: [Full GC (Ergonomics) [PSYoungGen: 0K->0K(77312K)] [ParOldGen: 389649K->51729K(419840K)] 389649K->51729K(497152K), [Metaspace: 2796K->2796K(1056768K)], 0.0305786 secs] [Times: user=0.03 sys=0.00, real=0.03 secs] 
121.348: [GC (Allocation Failure) [PSYoungGen: 44018K->15360K(76288K)] 198147K->169489K(496128K), 0.0015343 secs] [Times: user=0.00 sys=0.00, real=0.00 secs] 
122.333: [GC (Allocation Failure) [PSYoungGen: 64468K->6144K(76800K)] 372198K->318993K(496640K), 0.0014108 secs] [Times: user=0.02 sys=0.02, real=0.00 secs] 
122.880: [GC (Allocation Failure) [PSYoungGen: 42965K->15360K(77824K)] 355815K->329233K(497664K), 0.0041034 secs] [Times: user=0.00 sys=0.00, real=0.00 secs] 
123.098: [GC (Allocation Failure) [PSYoungGen: 36853K->0K(51712K)] 401926K->370193K(471552K), 0.0009468 secs] [Times: user=0.02 sys=0.00, real=0.00 secs] 
123.099: [GC (Allocation Failure) [PSYoungGen: 0K->0K(77312K)] 370193K->370193K(497152K), 0.0008758 secs] [Times: user=0.00 sys=0.02, real=0.00 secs] 
123.100: [Full GC (Allocation Failure) [PSYoungGen: 0K->0K(77312K)] [ParOldGen: 370193K->165393K(419840K)] 370193K->165393K(497152K), [Metaspace: 2796K->2796K(1056768K)], 0.0130900 secs] [Times: user=0.02 sys=0.00, real=0.01 secs] 
124.542: [GC (Allocation Failure) [PSYoungGen: 49121K->10240K(77312K)] 368114K->329233K(497152K), 0.0013389 secs] [Times: user=0.00 sys=0.00, real=0.00 secs] 
124.543: [GC (Allocation Failure) [PSYoungGen: 10240K->0K(78848K)] 329233K->329233K(498688K), 0.0017193 secs] [Times: user=0.00 sys=0.00, real=0.00 secs] 
124.545: [Full GC (Allocation Failure) [PSYoungGen: 0K->0K(78848K)] [ParOldGen: 329233K->61969K(419840K)] 329233K->61969K(498688K), [Metaspace: 2796K->2796K(1056768K)], 0.0183166 secs] [Times: user=0.03 sys=0.00, real=0.02 secs] 
125.663: [GC (Allocation Failure) [PSYoungGen: 43041K->15360K(69120K)] 207411K->179729K(488960K), 0.0013649 secs] [Times: user=0.00 sys=0.00, real=0.00 secs] 
126.646: [GC (Allocation Failure) [PSYoungGen: 63524K->20480K(72704K)] 381493K->343569K(492544K), 0.0029162 secs] [Times: user=0.00 sys=0.00, real=0.00 secs] 
127.193: [GC (Allocation Failure) [PSYoungGen: 57239K->10240K(75264K)] 380328K->348689K(495104K), 0.0018821 secs] [Times: user=0.00 sys=0.00, real=0.00 secs] 
128.285: [GC (Allocation Failure) [PSYoungGen: 52119K->10240K(78336K)] 390569K->348689K(498176K), 0.0010833 secs] [Times: user=0.00 sys=0.00, real=0.00 secs] 
128.834: [Full GC (Ergonomics) [PSYoungGen: 57324K->0K(78336K)] [ParOldGen: 389649K->56849K(419840K)] 446974K->56849K(498176K), [Metaspace: 2796K->2796K(1056768K)], 0.0054582 secs] [Times: user=0.00 sys=0.00, real=0.01 secs] 
129.934: [GC (Allocation Failure) [PSYoungGen: 44016K->15360K(76800K)] 203265K->174609K(496640K), 0.0013594 secs] [Times: user=0.00 sys=0.00, real=0.00 secs] 
130.921: [GC (Allocation Failure) [PSYoungGen: 64498K->5120K(78848K)] 377347K->323089K(498688K), 0.0010176 secs] [Times: user=0.00 sys=0.00, real=0.00 secs] 
131.684: [GC (Allocation Failure) [PSYoungGen: 16412K->5120K(78336K)] 334381K->323089K(498176K), 0.0009356 secs] [Times: user=0.00 sys=0.00, real=0.00 secs] 
131.685: [GC (Allocation Failure) [PSYoungGen: 5120K->0K(79360K)] 323089K->323089K(499200K), 0.0008648 secs] [Times: user=0.00 sys=0.00, real=0.00 secs] 
131.686: [Full GC (Allocation Failure) [PSYoungGen: 0K->0K(79360K)] [ParOldGen: 323089K->5649K(419840K)] 323089K->5649K(499200K), [Metaspace: 2796K->2796K(1056768K)], 0.0021413 secs] [Times: user=0.00 sys=0.00, real=0.00 secs] 
132.890: [GC (Allocation Failure) [PSYoungGen: 53306K->16384K(71168K)] 161356K->124433K(491008K), 0.0015664 secs] [Times: user=0.00 sys=0.00, real=0.00 secs] 
134.094: [GC (Allocation Failure) [PSYoungGen: 69691K->6144K(79360K)] 331341K->273937K(499200K), 0.0096622 secs] [Times: user=0.00 sys=0.00, real=0.01 secs] 
134.547: [GC (Allocation Failure) [PSYoungGen: 48167K->10240K(78336K)] 367161K->330257K(498176K), 0.0027218 secs] [Times: user=0.00 sys=0.00, real=0.00 secs] 
134.550: [GC (Allocation Failure) [PSYoungGen: 10240K->0K(80384K)] 330257K->330257K(500224K), 0.0025785 secs] [Times: user=0.00 sys=0.00, real=0.00 secs] 
134.552: [Full GC (Allocation Failure) [PSYoungGen: 0K->0K(80384K)] [ParOldGen: 330257K->69137K(419840K)] 330257K->69137K(500224K), [Metaspace: 2796K->2796K(1056768K)], 0.0074219 secs] [Times: user=0.03 sys=0.00, real=0.01 secs] 
136.424: [GC (Allocation Failure) [PSYoungGen: 55397K->15360K(72192K)] 380535K->340497K(492032K), 0.0038571 secs] [Times: user=0.02 sys=0.00, real=0.00 secs] 
137.191: [GC (Allocation Failure) [PSYoungGen: 62566K->15360K(77312K)] 387703K->350737K(497152K), 0.0019538 secs] [Times: user=0.01 sys=0.00, real=0.00 secs] 
137.408: [Full GC (Ergonomics) [PSYoungGen: 36883K->0K(77312K)] [ParOldGen: 386577K->87569K(419840K)] 423460K->87569K(497152K), [Metaspace: 2796K->2796K(1056768K)], 0.0070881 secs] [Times: user=0.00 sys=0.00, real=0.01 secs] 
138.517: [GC (Allocation Failure) [PSYoungGen: 44071K->15360K(68096K)] 234040K->205329K(487936K), 0.0015886 secs] [Times: user=0.00 sys=0.00, real=0.00 secs] 
139.716: [GC (Allocation Failure) [PSYoungGen: 62483K->10240K(79360K)] 303653K->251409K(499200K), 0.0069778 secs] [Times: user=0.02 sys=0.00, real=0.01 secs] 
140.591: [Full GC (Ergonomics) [PSYoungGen: 58398K->0K(79360K)] [ParOldGen: 394769K->109073K(419840K)] 453167K->109073K(499200K), [Metaspace: 2796K->2796K(1056768K)], 0.0087978 secs] [Times: user=0.01 sys=0.00, real=0.01 secs] 
141.480: [GC (Allocation Failure) [PSYoungGen: 52254K->15360K(77824K)] 161327K->124433K(497664K), 0.0014463 secs] [Times: user=0.02 sys=0.00, real=0.00 secs] 
142.570: [GC (Allocation Failure) [PSYoungGen: 63518K->6144K(79872K)] 326191K->273937K(499712K), 0.0011158 secs] [Times: user=0.00 sys=0.00, real=0.00 secs] 
144.215: [GC (Allocation Failure) [PSYoungGen: 54333K->21504K(76288K)] 322126K->289297K(496128K), 0.0014966 secs] [Times: user=0.00 sys=0.00, real=0.00 secs] 
144.545: [GC (Allocation Failure) [PSYoungGen: 53308K->0K(76800K)] 372302K->330257K(496640K), 0.0055825 secs] [Times: user=0.00 sys=0.00, real=0.00 secs] 
144.550: [GC (Allocation Failure) [PSYoungGen: 0K->0K(76800K)] 330257K->330257K(496640K), 0.0009251 secs] [Times: user=0.00 sys=0.00, real=0.00 secs] 
144.551: [Full GC (Allocation Failure) [PSYoungGen: 0K->0K(76800K)] [ParOldGen: 330257K->62993K(419840K)] 330257K->62993K(496640K), [Metaspace: 2796K->2796K(1056768K)], 0.0057361 secs] [Times: user=0.00 sys=0.02, real=0.01 secs] 
145.653: [GC (Allocation Failure) [PSYoungGen: 43990K->15360K(75776K)] 209384K->180753K(495616K), 0.0014162 secs] [Times: user=0.00 sys=0.00, real=0.00 secs] 
147.072: [GC (Allocation Failure) [PSYoungGen: 59330K->5120K(76288K)] 378323K->324113K(496128K), 0.0008712 secs] [Times: user=0.00 sys=0.00, real=0.00 secs] 
147.398: [GC (Allocation Failure) [PSYoungGen: 36802K->20480K(72192K)] 406995K->390673K(492032K), 0.0063183 secs] [Times: user=0.00 sys=0.00, real=0.01 secs] 
147.405: [GC (Allocation Failure) [PSYoungGen: 20480K->0K(74752K)] 390673K->390673K(494592K), 0.0019810 secs] [Times: user=0.00 sys=0.00, real=0.00 secs] 
147.407: [Full GC (Allocation Failure) [PSYoungGen: 0K->0K(74752K)] [ParOldGen: 390673K->72209K(419840K)] 390673K->72209K(494592K), [Metaspace: 2796K->2796K(1056768K)], 0.0066596 secs] [Times: user=0.01 sys=0.00, real=0.01 secs] 
148.509: [GC (Allocation Failure) [PSYoungGen: 43909K->15360K(74752K)] 218518K->189969K(494592K), 0.0014321 secs] [Times: user=0.00 sys=0.00, real=0.00 secs] 
149.381: [GC (Allocation Failure) [PSYoungGen: 59269K->5120K(74752K)] 387478K->338449K(494592K), 0.0011745 secs] [Times: user=0.00 sys=0.00, real=0.00 secs] 
150.040: [GC (Allocation Failure) [PSYoungGen: 46981K->15360K(75776K)] 380310K->348689K(495616K), 0.0014874 secs] [Times: user=0.00 sys=0.00, real=0.00 secs] 
150.259: [GC (Allocation Failure) [PSYoungGen: 36775K->0K(75776K)] 421304K->389649K(495616K), 0.0012356 secs] [Times: user=0.02 sys=0.00, real=0.00 secs] 
150.260: [Full GC (Ergonomics) [PSYoungGen: 0K->0K(75776K)] [ParOldGen: 389649K->133649K(419840K)] 389649K->133649K(495616K), [Metaspace: 2796K->2796K(1056768K)], 0.0107251 secs] [Times: user=0.03 sys=0.00, real=0.01 secs] 
151.477: [GC (Allocation Failure) [PSYoungGen: 36775K->15360K(74752K)] 272824K->251409K(494592K), 0.0014876 secs] [Times: user=0.00 sys=0.00, real=0.00 secs] 
152.461: [Full GC (Ergonomics) [PSYoungGen: 59285K->0K(74752K)] [ParOldGen: 389649K->12288K(419840K)] 448934K->12288K(494592K), [Metaspace: 2796K->2796K(1056768K)], 0.0161230 secs] [Times: user=0.00 sys=0.00, real=0.02 secs] 
152.916: [GC (Allocation Failure) [PSYoungGen: 31638K->15360K(75264K)] 43926K->27648K(495104K), 0.0015546 secs] [Times: user=0.00 sys=0.00, real=0.00 secs] 
153.898: [GC (Allocation Failure) [PSYoungGen: 59278K->6144K(76288K)] 225166K->177152K(496128K), 0.0011134 secs] [Times: user=0.01 sys=0.00, real=0.00 secs] 
155.321: [GC (Allocation Failure) [PSYoungGen: 49062K->10240K(75264K)] 220070K->181248K(495104K), 0.0012243 secs] [Times: user=0.00 sys=0.00, real=0.00 secs] 
155.759: [GC (Allocation Failure) [PSYoungGen: 41890K->20480K(73728K)] 212898K->196608K(493568K), 0.0062045 secs] [Times: user=0.00 sys=0.00, real=0.01 secs] 
156.742: [GC (Allocation Failure) [PSYoungGen: 64412K->10240K(75776K)] 394140K->350208K(495616K), 0.0031958 secs] [Times: user=0.00 sys=0.00, real=0.00 secs] 
157.181: [GC (Allocation Failure) [PSYoungGen: 41890K->10240K(78848K)] 381859K->355328K(498688K), 0.0018237 secs] [Times: user=0.00 sys=0.00, real=0.00 secs] 
157.400: [Full GC (Ergonomics) [PSYoungGen: 31735K->0K(78848K)] [ParOldGen: 396288K->92689K(419840K)] 428023K->92689K(498688K), [Metaspace: 2796K->2796K(1056768K)], 0.0076917 secs] [Times: user=0.00 sys=0.00, real=0.01 secs] 
159.393: [GC (Allocation Failure) [PSYoungGen: 51191K->5120K(77312K)] 399881K->353809K(497152K), 0.0008104 secs] [Times: user=0.00 sys=0.00, real=0.00 secs] 
160.052: [GC (Allocation Failure) [PSYoungGen: 47102K->15360K(78336K)] 395791K->364049K(498176K), 0.0015998 secs] [Times: user=0.00 sys=0.00, real=0.00 secs] 
160.270: [Full GC (Ergonomics) [PSYoungGen: 36887K->0K(78336K)] [ParOldGen: 399889K->108049K(419840K)] 436777K->108049K(498176K), [Metaspace: 2796K->2796K(1056768K)], 0.0093519 secs] [Times: user=0.03 sys=0.00, real=0.01 secs] 
161.381: [GC (Allocation Failure) [PSYoungGen: 43031K->15360K(78848K)] 253481K->225809K(498688K), 0.0015141 secs] [Times: user=0.00 sys=0.00, real=0.00 secs] 
162.810: [GC (Allocation Failure) [PSYoungGen: 67613K->15360K(77824K)] 431663K->379409K(497664K), 0.0087351 secs] [Times: user=0.00 sys=0.00, real=0.01 secs] 
163.152: [Full GC (Ergonomics) [PSYoungGen: 47117K->0K(77824K)] [ParOldGen: 415249K->56849K(419840K)] 462366K->56849K(497664K), [Metaspace: 2796K->2796K(1056768K)], 0.0119230 secs] [Times: user=0.00 sys=0.00, real=0.01 secs] 
164.270: [GC (Allocation Failure) [PSYoungGen: 44063K->21504K(73728K)] 203313K->180753K(493568K), 0.0014349 secs] [Times: user=0.00 sys=0.00, real=0.00 secs] 
165.260: [GC (Allocation Failure) [PSYoungGen: 70670K->10240K(77312K)] 383520K->334353K(497152K), 0.0018188 secs] [Times: user=0.00 sys=0.00, real=0.00 secs] 
166.577: [GC (Allocation Failure) [PSYoungGen: 57301K->10240K(76288K)] 381414K->334353K(496128K), 0.0010216 secs] [Times: user=0.03 sys=0.00, real=0.00 secs] 
167.239: [GC (Allocation Failure) [PSYoungGen: 52181K->10240K(79360K)] 376295K->339473K(499200K), 0.0014849 secs] [Times: user=0.00 sys=0.00, real=0.00 secs] 
167.459: [GC (Allocation Failure) [PSYoungGen: 31775K->20480K(73728K)] 412208K->400913K(493568K), 0.0020816 secs] [Times: user=0.00 sys=0.00, real=0.00 secs] 
167.461: [GC (Allocation Failure) [PSYoungGen: 20480K->0K(75776K)] 400913K->400913K(495616K), 0.0020596 secs] [Times: user=0.00 sys=0.00, real=0.00 secs] 
167.463: [Full GC (Allocation Failure) [PSYoungGen: 0K->0K(75776K)] [ParOldGen: 400913K->77329K(419840K)] 400913K->77329K(495616K), [Metaspace: 2796K->2796K(1056768K)], 0.0122342 secs] [Times: user=0.01 sys=0.00, real=0.01 secs] 
168.569: [GC (Allocation Failure) [PSYoungGen: 43982K->15360K(76800K)] 223711K->195089K(496640K), 0.0015838 secs] [Times: user=0.00 sys=0.00, real=0.00 secs] 
169.553: [GC (Allocation Failure) [PSYoungGen: 64465K->5120K(77312K)] 397794K->343569K(497152K), 0.0011459 secs] [Times: user=0.00 sys=0.00, real=0.00 secs] 
170.314: [GC (Allocation Failure) [PSYoungGen: 11229K->0K(76800K)] 400879K->389649K(496640K), 0.0010709 secs] [Times: user=0.00 sys=0.00, real=0.00 secs] 
170.315: [Full GC (Ergonomics) [PSYoungGen: 0K->0K(76800K)] [ParOldGen: 389649K->51729K(419840K)] 389649K->51729K(496640K), [Metaspace: 2796K->2796K(1056768K)], 0.0049519 secs] [Times: user=0.00 sys=0.00, real=0.00 secs] 
171.431: [GC (Allocation Failure) [PSYoungGen: 43997K->15360K(76800K)] 198127K->169489K(496640K), 0.0013837 secs] [Times: user=0.00 sys=0.00, real=0.00 secs] 
172.421: [GC (Allocation Failure) [PSYoungGen: 64468K->6144K(76800K)] 372198K->318993K(496640K), 0.0010193 secs] [Times: user=0.00 sys=0.00, real=0.00 secs] 
172.969: [GC (Allocation Failure) [PSYoungGen: 42965K->15360K(76800K)] 355814K->329233K(496640K), 0.0016192 secs] [Times: user=0.02 sys=0.00, real=0.00 secs] 
173.190: [GC (Allocation Failure) [PSYoungGen: 36833K->0K(77312K)] 401906K->370193K(497152K), 0.0016478 secs] [Times: user=0.00 sys=0.00, real=0.00 secs] 
173.192: [GC (Allocation Failure) [PSYoungGen: 0K->0K(77312K)] 370193K->370193K(497152K), 0.0011019 secs] [Times: user=0.00 sys=0.00, real=0.00 secs] 
173.193: [Full GC (Allocation Failure) [PSYoungGen: 0K->0K(77312K)] [ParOldGen: 370193K->165393K(419840K)] 370193K->165393K(497152K), [Metaspace: 2796K->2796K(1056768K)], 0.0147911 secs] [Times: user=0.06 sys=0.00, real=0.01 secs] 
174.629: [GC (Allocation Failure) [PSYoungGen: 49121K->10240K(77312K)] 368114K->329233K(497152K), 0.0012818 secs] [Times: user=0.00 sys=0.00, real=0.00 secs] 
174.630: [GC (Allocation Failure) [PSYoungGen: 10240K->0K(78848K)] 329233K->329233K(498688K), 0.0012050 secs] [Times: user=0.00 sys=0.00, real=0.00 secs] 
174.631: [Full GC (Allocation Failure) [PSYoungGen: 0K->0K(78848K)] [ParOldGen: 329233K->61969K(419840K)] 329233K->61969K(498688K), [Metaspace: 2796K->2796K(1056768K)], 0.0058191 secs] [Times: user=0.02 sys=0.00, real=0.01 secs] 
175.740: [GC (Allocation Failure) [PSYoungGen: 43031K->15360K(68608K)] 207401K->179729K(488448K), 0.0014442 secs] [Times: user=0.00 sys=0.00, real=0.00 secs] 
176.723: [GC (Allocation Failure) [PSYoungGen: 63514K->20480K(72704K)] 381483K->343569K(492544K), 0.0033522 secs] [Times: user=0.00 sys=0.00, real=0.00 secs] 
177.273: [GC (Allocation Failure) [PSYoungGen: 57239K->10240K(75264K)] 380328K->348689K(495104K), 0.0045379 secs] [Times: user=0.00 sys=0.00, real=0.00 secs] 
178.369: [GC (Allocation Failure) [PSYoungGen: 52119K->10240K(78336K)] 390569K->348689K(498176K), 0.0010957 secs] [Times: user=0.00 sys=0.00, real=0.00 secs] 
178.914: [Full GC (Ergonomics) [PSYoungGen: 57324K->0K(78336K)] [ParOldGen: 389649K->56849K(419840K)] 446974K->56849K(498176K), [Metaspace: 2796K->2796K(1056768K)], 0.0056630 secs] [Times: user=0.00 sys=0.00, real=0.00 secs] 
180.023: [GC (Allocation Failure) [PSYoungGen: 44016K->15360K(76800K)] 203265K->174609K(496640K), 0.0015256 secs] [Times: user=0.00 sys=0.00, real=0.00 secs] 
181.006: [GC (Allocation Failure) [PSYoungGen: 64498K->5120K(78848K)] 377347K->323089K(498688K), 0.0013636 secs] [Times: user=0.00 sys=0.00, real=0.00 secs] 
181.770: [GC (Allocation Failure) [PSYoungGen: 16412K->5120K(78336K)] 334381K->323089K(498176K), 0.0010465 secs] [Times: user=0.00 sys=0.00, real=0.00 secs] 
181.771: [GC (Allocation Failure) [PSYoungGen: 5120K->0K(79360K)] 323089K->323089K(499200K), 0.0010652 secs] [Times: user=0.00 sys=0.00, real=0.00 secs] 
181.772: [Full GC (Allocation Failure) [PSYoungGen: 0K->0K(79360K)] [ParOldGen: 323089K->5649K(419840K)] 323089K->5649K(499200K), [Metaspace: 2796K->2796K(1056768K)], 0.0018695 secs] [Times: user=0.00 sys=0.00, real=0.00 secs] 
182.971: [GC (Allocation Failure) [PSYoungGen: 53306K->16384K(71168K)] 161356K->124433K(491008K), 0.0090305 secs] [Times: user=0.00 sys=0.00, real=0.01 secs] 
184.196: [GC (Allocation Failure) [PSYoungGen: 69691K->6144K(79360K)] 331341K->273937K(499200K), 0.0012063 secs] [Times: user=0.00 sys=0.00, real=0.00 secs] 
184.636: [GC (Allocation Failure) [PSYoungGen: 48167K->10240K(78336K)] 367161K->330257K(498176K), 0.0012592 secs] [Times: user=0.02 sys=0.00, real=0.00 secs] 
184.637: [GC (Allocation Failure) [PSYoungGen: 10240K->0K(80384K)] 330257K->330257K(500224K), 0.0012390 secs] [Times: user=0.00 sys=0.00, real=0.00 secs] 
184.639: [Full GC (Allocation Failure) [PSYoungGen: 0K->0K(80384K)] [ParOldGen: 330257K->69137K(419840K)] 330257K->69137K(500224K), [Metaspace: 2796K->2796K(1056768K)], 0.0061235 secs] [Times: user=0.00 sys=0.00, real=0.01 secs] 
186.521: [GC (Allocation Failure) [PSYoungGen: 55397K->15360K(72192K)] 380535K->340497K(492032K), 0.0028953 secs] [Times: user=0.00 sys=0.00, real=0.00 secs] 
187.290: [GC (Allocation Failure) [PSYoungGen: 62566K->15360K(77312K)] 387703K->350737K(497152K), 0.0026477 secs] [Times: user=0.00 sys=0.00, real=0.00 secs] 
187.510: [Full GC (Ergonomics) [PSYoungGen: 36883K->0K(77312K)] [ParOldGen: 386577K->87569K(419840K)] 423460K->87569K(497152K), [Metaspace: 2796K->2796K(1056768K)], 0.0079637 secs] [Times: user=0.02 sys=0.00, real=0.01 secs] 
188.621: [GC (Allocation Failure) [PSYoungGen: 44071K->15360K(68096K)] 234040K->205329K(487936K), 0.0014882 secs] [Times: user=0.00 sys=0.00, real=0.00 secs] 
189.829: [GC (Allocation Failure) [PSYoungGen: 62483K->10240K(79360K)] 303653K->251409K(499200K), 0.0011992 secs] [Times: user=0.00 sys=0.00, real=0.00 secs] 
190.718: [Full GC (Ergonomics) [PSYoungGen: 58398K->0K(79360K)] [ParOldGen: 394769K->109073K(419840K)] 453167K->109073K(499200K), [Metaspace: 2796K->2796K(1056768K)], 0.0085530 secs] [Times: user=0.00 sys=0.00, real=0.01 secs] 
191.597: [GC (Allocation Failure) [PSYoungGen: 52254K->15360K(77824K)] 161327K->124433K(497664K), 0.0155930 secs] [Times: user=0.00 sys=0.00, real=0.02 secs] 
192.707: [GC (Allocation Failure) [PSYoungGen: 63518K->6176K(79872K)] 326191K->273969K(499712K), 0.0159814 secs] [Times: user=0.01 sys=0.00, real=0.02 secs] 
194.371: [GC (Allocation Failure) [PSYoungGen: 54365K->21504K(76288K)] 322158K->289305K(496128K), 0.0016382 secs] [Times: user=0.00 sys=0.00, real=0.00 secs] 
194.700: [GC (Allocation Failure) [PSYoungGen: 53308K->0K(76800K)] 372310K->330265K(496640K), 0.0012722 secs] [Times: user=0.00 sys=0.00, real=0.00 secs] 
194.702: [GC (Allocation Failure) [PSYoungGen: 0K->0K(76800K)] 330265K->330265K(496640K), 0.0007930 secs] [Times: user=0.00 sys=0.00, real=0.00 secs] 
194.702: [Full GC (Allocation Failure) [PSYoungGen: 0K->0K(76800K)] [ParOldGen: 330265K->62993K(419840K)] 330265K->62993K(496640K), [Metaspace: 2796K->2796K(1056768K)], 0.0058258 secs] [Times: user=0.00 sys=0.00, real=0.01 secs] 
195.814: [GC (Allocation Failure) [PSYoungGen: 43990K->15424K(75776K)] 209384K->180817K(495616K), 0.0017513 secs] [Times: user=0.00 sys=0.00, real=0.00 secs] 
197.237: [GC (Allocation Failure) [PSYoungGen: 59394K->5120K(76288K)] 378387K->324121K(496128K), 0.0009443 secs] [Times: user=0.01 sys=0.00, real=0.00 secs] 
197.568: [GC (Allocation Failure) [PSYoungGen: 36802K->20480K(72192K)] 407003K->390681K(492032K), 0.0078622 secs] [Times: user=0.00 sys=0.00, real=0.01 secs] 
197.575: [GC (Allocation Failure) [PSYoungGen: 20480K->0K(74752K)] 390681K->390681K(494592K), 0.0024952 secs] [Times: user=0.00 sys=0.00, real=0.00 secs] 
197.578: [Full GC (Allocation Failure) [PSYoungGen: 0K->0K(74752K)] [ParOldGen: 390681K->72209K(419840K)] 390681K->72209K(494592K), [Metaspace: 2796K->2796K(1056768K)], 0.0066749 secs] [Times: user=0.03 sys=0.00, real=0.01 secs] 
198.679: [GC (Allocation Failure) [PSYoungGen: 43909K->15360K(74752K)] 218518K->189969K(494592K), 0.0013653 secs] [Times: user=0.03 sys=0.00, real=0.00 secs] 
199.557: [GC (Allocation Failure) [PSYoungGen: 59269K->5120K(74752K)] 387478K->338449K(494592K), 0.0010347 secs] [Times: user=0.01 sys=0.00, real=0.00 secs] 
200.218: [GC (Allocation Failure) [PSYoungGen: 46981K->15360K(75776K)] 380311K->348689K(495616K), 0.0017162 secs] [Times: user=0.00 sys=0.00, real=0.00 secs] 
200.437: [GC (Allocation Failure) [PSYoungGen: 36775K->0K(75776K)] 421304K->389649K(495616K), 0.0022163 secs] [Times: user=0.00 sys=0.00, real=0.00 secs] 
200.440: [Full GC (Ergonomics) [PSYoungGen: 0K->0K(75776K)] [ParOldGen: 389649K->133649K(419840K)] 389649K->133649K(495616K), [Metaspace: 2796K->2796K(1056768K)], 0.0133340 secs] [Times: user=0.06 sys=0.00, real=0.01 secs] 
201.652: [GC (Allocation Failure) [PSYoungGen: 36775K->15360K(74752K)] 272824K->251409K(494592K), 0.0014809 secs] [Times: user=0.00 sys=0.00, real=0.00 secs] 
202.642: [Full GC (Ergonomics) [PSYoungGen: 59285K->0K(74752K)] [ParOldGen: 389649K->12288K(419840K)] 448935K->12288K(494592K), [Metaspace: 2796K->2796K(1056768K)], 0.0024929 secs] [Times: user=0.00 sys=0.00, real=0.00 secs] 
203.081: [GC (Allocation Failure) [PSYoungGen: 31638K->15360K(75264K)] 43926K->27648K(495104K), 0.0036642 secs] [Times: user=0.00 sys=0.00, real=0.00 secs] 
204.065: [GC (Allocation Failure) [PSYoungGen: 59278K->6144K(76288K)] 225166K->177152K(496128K), 0.0151409 secs] [Times: user=0.00 sys=0.00, real=0.01 secs] 
205.503: [GC (Allocation Failure) [PSYoungGen: 49062K->10240K(75264K)] 220070K->181248K(495104K), 0.0010323 secs] [Times: user=0.00 sys=0.00, real=0.00 secs] 
205.939: [GC (Allocation Failure) [PSYoungGen: 41890K->20480K(73728K)] 212898K->196608K(493568K), 0.0020985 secs] [Times: user=0.00 sys=0.00, real=0.00 secs] 
206.919: [GC (Allocation Failure) [PSYoungGen: 64412K->10240K(75776K)] 394140K->350208K(495616K), 0.0031764 secs] [Times: user=0.00 sys=0.00, real=0.00 secs] 
207.359: [GC (Allocation Failure) [PSYoungGen: 41890K->10240K(78848K)] 381859K->355328K(498688K), 0.0023328 secs] [Times: user=0.02 sys=0.00, real=0.00 secs] 
207.577: [Full GC (Ergonomics) [PSYoungGen: 31735K->0K(78848K)] [ParOldGen: 396288K->92689K(419840K)] 428023K->92689K(498688K), [Metaspace: 2796K->2796K(1056768K)], 0.0082041 secs] [Times: user=0.00 sys=0.00, real=0.01 secs] 
209.570: [GC (Allocation Failure) [PSYoungGen: 51191K->5120K(77312K)] 399881K->353809K(497152K), 0.0008541 secs] [Times: user=0.00 sys=0.00, real=0.00 secs] 
210.223: [GC (Allocation Failure) [PSYoungGen: 47102K->15360K(78336K)] 395792K->364049K(498176K), 0.0016439 secs] [Times: user=0.01 sys=0.00, real=0.00 secs] 
210.442: [Full GC (Ergonomics) [PSYoungGen: 36887K->0K(78336K)] [ParOldGen: 399889K->108049K(419840K)] 436777K->108049K(498176K), [Metaspace: 2796K->2796K(1056768K)], 0.0097780 secs] [Times: user=0.03 sys=0.00, real=0.01 secs] 
211.550: [GC (Allocation Failure) [PSYoungGen: 43031K->15360K(78848K)] 253481K->225809K(498688K), 0.0015671 secs] [Times: user=0.00 sys=0.00, real=0.00 secs] 
212.973: [GC (Allocation Failure) [PSYoungGen: 67613K->15360K(77824K)] 431663K->379409K(497664K), 0.0021641 secs] [Times: user=0.00 sys=0.00, real=0.00 secs] 
213.303: [Full GC (Ergonomics) [PSYoungGen: 47117K->0K(77824K)] [ParOldGen: 415249K->56849K(419840K)] 462367K->56849K(497664K), [Metaspace: 2796K->2796K(1056768K)], 0.0057989 secs] [Times: user=0.00 sys=0.00, real=0.01 secs] 
214.414: [GC (Allocation Failure) [PSYoungGen: 44063K->21504K(73728K)] 203313K->180753K(493568K), 0.0014250 secs] [Times: user=0.01 sys=0.00, real=0.00 secs] 
215.399: [GC (Allocation Failure) [PSYoungGen: 70670K->10240K(77312K)] 383520K->334353K(497152K), 0.0017580 secs] [Times: user=0.00 sys=0.00, real=0.00 secs] 
216.714: [GC (Allocation Failure) [PSYoungGen: 57301K->10240K(76288K)] 381415K->334353K(496128K), 0.0009604 secs] [Times: user=0.00 sys=0.00, real=0.00 secs] 
217.374: [GC (Allocation Failure) [PSYoungGen: 52181K->10240K(79360K)] 376295K->339473K(499200K), 0.0020235 secs] [Times: user=0.00 sys=0.00, real=0.00 secs] 
217.593: [GC (Allocation Failure) [PSYoungGen: 31775K->20480K(73728K)] 412209K->400913K(493568K), 0.0021646 secs] [Times: user=0.02 sys=0.00, real=0.00 secs] 
217.595: [GC (Allocation Failure) [PSYoungGen: 20480K->0K(75776K)] 400913K->400913K(495616K), 0.0020918 secs] [Times: user=0.00 sys=0.00, real=0.00 secs] 
217.597: [Full GC (Allocation Failure) [PSYoungGen: 0K->0K(75776K)] [ParOldGen: 400913K->77329K(419840K)] 400913K->77329K(495616K), [Metaspace: 2796K->2796K(1056768K)], 0.0066627 secs] [Times: user=0.00 sys=0.00, real=0.01 secs] 
218.697: [GC (Allocation Failure) [PSYoungGen: 43982K->15360K(76800K)] 223712K->195089K(496640K), 0.0014146 secs] [Times: user=0.02 sys=0.00, real=0.00 secs] 
219.682: [GC (Allocation Failure) [PSYoungGen: 64465K->5120K(77312K)] 397795K->343569K(497152K), 0.0011156 secs] [Times: user=0.00 sys=0.00, real=0.00 secs] 
Heap
 PSYoungGen      total 77312K, used 12223K [0x00000000f9a00000, 0x0000000100000000, 0x0000000100000000)
  eden space 49664K, 14% used [0x00000000f9a00000,0x00000000fa0efcb8,0x00000000fca80000)
  from space 27648K, 18% used [0x00000000fe500000,0x00000000fea00010,0x0000000100000000)
  to   space 27136K, 0% used [0x00000000fca80000,0x00000000fca80000,0x00000000fe500000)
 ParOldGen       total 419840K, used 338449K [0x00000000e0000000, 0x00000000f9a00000, 0x00000000f9a00000)
  object space 419840K, 80% used [0x00000000e0000000,0x00000000f4a84750,0x00000000f9a00000)
 Metaspace       used 2804K, capacity 4486K, committed 4864K, reserved 1056768K
  class space    used 297K, capacity 386K, committed 512K, reserved 1048576K
