Java HotSpot(TM) 64-Bit Server VM (25.411-b09) for windows-amd64 JRE (1.8.0_411-b09), built on Mar 13 2024 07:26:13 by "java_re" with MS VC++ 17.1 (VS2022)
Memory: 4k page, physical 33403376k(14176388k free), swap 36670664k(7269816k free)
CommandLine flags: -XX:InitialHeapSize=1073741824 -XX:MaxHeapSize=1073741824 -XX:NewRatio=1 -XX:ParallelGCThreads=6 -XX:+PrintGC -XX:+PrintGCDetails -XX:+PrintGCTimeStamps -XX:SurvivorRatio=10 -XX:-UseAdaptiveSizePolicy -XX:+UseCompressedClassPointers -XX:+UseCompressedOops -XX:-UseLargePagesIndividualAllocation -XX:+UseParallelGC 
2.857: [GC (Allocation Failure) [PSYoungGen: 362578K->11968K(480768K)] 362578K->63176K(1005056K), 0.0161954 secs] [Times: user=0.02 sys=0.00, real=0.01 secs] 
6.909: [GC (Allocation Failure) [PSYoungGen: 437270K->31352K(480768K)] 488478K->82560K(1005056K), 0.0052844 secs] [Times: user=0.02 sys=0.00, real=0.00 secs] 
9.755: [GC (Allocation Failure) [PSYoungGen: 454952K->16024K(480768K)] 506160K->118440K(1005056K), 0.0161455 secs] [Times: user=0.00 sys=0.00, real=0.02 secs] 
12.608: [GC (Allocation Failure) [PSYoungGen: 452444K->16016K(480768K)] 554860K->118440K(1005056K), 0.0014901 secs] [Times: user=0.00 sys=0.00, real=0.00 secs] 
15.224: [GC (Allocation Failure) [PSYoungGen: 450640K->27256K(480768K)] 553064K->129680K(1005056K), 0.0042544 secs] [Times: user=0.02 sys=0.00, real=0.00 secs] 
18.512: [GC (Allocation Failure) [PSYoungGen: 399450K->31424K(480768K)] 501874K->236256K(1005056K), 0.0199068 secs] [Times: user=0.00 sys=0.03, real=0.02 secs] 
21.384: [GC (Allocation Failure) [PSYoungGen: 435383K->5752K(480768K)] 640215K->364184K(1005056K), 0.0352674 secs] [Times: user=0.03 sys=0.02, real=0.03 secs] 
24.262: [GC (Allocation Failure) [PSYoungGen: 435317K->10896K(480768K)] 793749K->420528K(1005056K), 0.0163505 secs] [Times: user=0.00 sys=0.00, real=0.02 secs] 
24.278: [Full GC (Ergonomics) [PSYoungGen: 10896K->0K(480768K)] [ParOldGen: 409632K->61969K(524288K)] 420528K->61969K(1005056K), [Metaspace: 2779K->2779K(1056768K)], 0.0104511 secs] [Times: user=0.00 sys=0.00, real=0.01 secs] 
28.112: [GC (Allocation Failure) [PSYoungGen: 429577K->10240K(480768K)] 491546K->72209K(1005056K), 0.0010417 secs] [Times: user=0.00 sys=0.00, real=0.00 secs] 
30.511: [GC (Allocation Failure) [PSYoungGen: 446733K->15392K(480768K)] 508702K->230969K(1005056K), 0.0155468 secs] [Times: user=0.00 sys=0.00, real=0.01 secs] 
34.131: [GC (Allocation Failure) [PSYoungGen: 434691K->37920K(480768K)] 650268K->253497K(1005056K), 0.0052490 secs] [Times: user=0.00 sys=0.00, real=0.00 secs] 
36.976: [GC (Allocation Failure) [PSYoungGen: 467480K->35872K(480768K)] 683057K->271929K(1005056K), 0.0041721 secs] [Times: user=0.00 sys=0.00, real=0.00 secs] 
39.934: [GC (Allocation Failure) [PSYoungGen: 428581K->5184K(480768K)] 664639K->292441K(1005056K), 0.0044628 secs] [Times: user=0.00 sys=0.00, real=0.00 secs] 
44.078: [GC (Allocation Failure) [PSYoungGen: 441934K->31776K(480768K)] 729191K->319033K(1005056K), 0.0028779 secs] [Times: user=0.00 sys=0.00, real=0.00 secs] 
46.911: [GC (Allocation Failure) [PSYoungGen: 456236K->41024K(480768K)] 743494K->328281K(1005056K), 0.0032758 secs] [Times: user=0.02 sys=0.00, real=0.00 secs] 
49.643: [GC (Allocation Failure) [PSYoungGen: 475731K->40992K(480768K)] 762988K->379449K(1005056K), 0.0064038 secs] [Times: user=0.00 sys=0.00, real=0.01 secs] 
52.372: [GC (Allocation Failure) [PSYoungGen: 469559K->21632K(480768K)] 808016K->360089K(1005056K), 0.0019305 secs] [Times: user=0.00 sys=0.00, real=0.00 secs] 
55.543: [GC (Allocation Failure) [PSYoungGen: 373401K->15424K(480768K)] 711859K->405081K(1005056K), 0.0052687 secs] [Times: user=0.00 sys=0.00, real=0.01 secs] 
58.397: [GC (Allocation Failure) [PSYoungGen: 434769K->64K(480768K)] 824426K->492121K(1005056K), 0.0183226 secs] [Times: user=0.02 sys=0.03, real=0.02 secs] 
58.415: [Full GC (Ergonomics) [PSYoungGen: 64K->0K(480768K)] [ParOldGen: 492057K->51729K(524288K)] 492121K->51729K(1005056K), [Metaspace: 2796K->2796K(1056768K)], 0.0060883 secs] [Times: user=0.00 sys=0.00, real=0.01 secs] 
61.156: [GC (Allocation Failure) [PSYoungGen: 403990K->30720K(480768K)] 455719K->184849K(1005056K), 0.0153759 secs] [Times: user=0.02 sys=0.00, real=0.02 secs] 
64.016: [GC (Allocation Failure) [PSYoungGen: 464346K->36864K(480768K)] 618476K->190993K(1005056K), 0.0026643 secs] [Times: user=0.00 sys=0.00, real=0.00 secs] 
67.292: [GC (Allocation Failure) [PSYoungGen: 471539K->26624K(480768K)] 625668K->180753K(1005056K), 0.0024820 secs] [Times: user=0.00 sys=0.00, real=0.00 secs] 
70.784: [GC (Allocation Failure) [PSYoungGen: 461314K->10240K(480768K)] 615443K->266769K(1005056K), 0.0153885 secs] [Times: user=0.00 sys=0.00, real=0.02 secs] 
73.644: [GC (Allocation Failure) [PSYoungGen: 439820K->5120K(480768K)] 696349K->261649K(1005056K), 0.0008632 secs] [Times: user=0.00 sys=0.00, real=0.00 secs] 
76.042: [GC (Allocation Failure) [PSYoungGen: 439826K->35840K(480768K)] 696356K->292369K(1005056K), 0.0024777 secs] [Times: user=0.00 sys=0.00, real=0.00 secs] 
79.750: [GC (Allocation Failure) [PSYoungGen: 443927K->10240K(480768K)] 700456K->369169K(1005056K), 0.0160439 secs] [Times: user=0.00 sys=0.00, real=0.02 secs] 
82.604: [GC (Allocation Failure) [PSYoungGen: 368153K->6144K(480768K)] 727082K->416273K(1005056K), 0.0045073 secs] [Times: user=0.00 sys=0.00, real=0.00 secs] 
82.608: [Full GC (Ergonomics) [PSYoungGen: 6144K->0K(480768K)] [ParOldGen: 410129K->57873K(524288K)] 416273K->57873K(1005056K), [Metaspace: 2796K->2796K(1056768K)], 0.0051812 secs] [Times: user=0.00 sys=0.00, real=0.01 secs] 
85.459: [GC (Allocation Failure) [PSYoungGen: 429585K->10240K(480768K)] 487459K->119313K(1005056K), 0.0048400 secs] [Times: user=0.00 sys=0.00, real=0.00 secs] 
88.186: [GC (Allocation Failure) [PSYoungGen: 414171K->40960K(480768K)] 523245K->170513K(1005056K), 0.0038913 secs] [Times: user=0.00 sys=0.00, real=0.00 secs] 
91.135: [GC (Allocation Failure) [PSYoungGen: 433651K->10240K(480768K)] 563204K->293393K(1005056K), 0.0159326 secs] [Times: user=0.00 sys=0.00, real=0.02 secs] 
95.305: [GC (Allocation Failure) [PSYoungGen: 446978K->36864K(480768K)] 730132K->330257K(1005056K), 0.0032167 secs] [Times: user=0.00 sys=0.00, real=0.00 secs] 
98.144: [GC (Allocation Failure) [PSYoungGen: 461317K->40960K(480768K)] 754710K->339473K(1005056K), 0.0033074 secs] [Times: user=0.00 sys=0.00, real=0.00 secs] 
100.878: [GC (Allocation Failure) [PSYoungGen: 459278K->15360K(480768K)] 757791K->313873K(1005056K), 0.0013599 secs] [Times: user=0.00 sys=0.00, real=0.00 secs] 
103.502: [GC (Allocation Failure) [PSYoungGen: 450068K->17408K(480768K)] 748581K->315921K(1005056K), 0.0013964 secs] [Times: user=0.00 sys=0.00, real=0.00 secs] 
106.774: [GC (Allocation Failure) [PSYoungGen: 379408K->40960K(480768K)] 677922K->390673K(1005056K), 0.0068465 secs] [Times: user=0.00 sys=0.00, real=0.01 secs] 
109.630: [GC (Allocation Failure) [PSYoungGen: 460308K->5120K(480768K)] 810022K->457233K(1005056K), 0.0161323 secs] [Times: user=0.02 sys=0.00, real=0.02 secs] 
109.646: [Full GC (Ergonomics) [PSYoungGen: 5120K->0K(480768K)] [ParOldGen: 452113K->108049K(524288K)] 457233K->108049K(1005056K), [Metaspace: 2796K->2796K(1056768K)], 0.0090565 secs] [Times: user=0.00 sys=0.00, real=0.01 secs] 
112.499: [GC (Allocation Failure) [PSYoungGen: 433688K->5120K(480768K)] 541737K->164369K(1005056K), 0.0047955 secs] [Times: user=0.00 sys=0.00, real=0.00 secs] 
116.537: [GC (Allocation Failure) [PSYoungGen: 439776K->15360K(480768K)] 599026K->174609K(1005056K), 0.0015637 secs] [Times: user=0.00 sys=0.00, real=0.00 secs] 
119.481: [GC (Allocation Failure) [PSYoungGen: 439798K->5120K(480768K)] 599048K->164369K(1005056K), 0.0007549 secs] [Times: user=0.00 sys=0.00, real=0.00 secs] 
122.212: [GC (Allocation Failure) [PSYoungGen: 439812K->21504K(480768K)] 599062K->283153K(1005056K), 0.0160087 secs] [Times: user=0.00 sys=0.00, real=0.02 secs] 
125.064: [GC (Allocation Failure) [PSYoungGen: 451086K->35840K(480768K)] 712735K->297489K(1005056K), 0.0026097 secs] [Times: user=0.00 sys=0.00, real=0.00 secs] 
128.119: [GC (Allocation Failure) [PSYoungGen: 402963K->5120K(480768K)] 664613K->369169K(1005056K), 0.0052538 secs] [Times: user=0.00 sys=0.00, real=0.01 secs] 
128.124: [Full GC (Ergonomics) [PSYoungGen: 5120K->0K(480768K)] [ParOldGen: 364049K->56849K(524288K)] 369169K->56849K(1005056K), [Metaspace: 2796K->2796K(1056768K)], 0.0053866 secs] [Times: user=0.00 sys=0.00, real=0.00 secs] 
130.978: [GC (Allocation Failure) [PSYoungGen: 357911K->5120K(480768K)] 414760K->61969K(1005056K), 0.0007545 secs] [Times: user=0.00 sys=0.00, real=0.00 secs] 
133.710: [GC (Allocation Failure) [PSYoungGen: 409042K->37888K(480768K)] 465892K->94737K(1005056K), 0.0027922 secs] [Times: user=0.00 sys=0.00, real=0.00 secs] 
136.550: [GC (Allocation Failure) [PSYoungGen: 467437K->40960K(480768K)] 524287K->113169K(1005056K), 0.0030820 secs] [Times: user=0.00 sys=0.00, real=0.00 secs] 
139.495: [GC (Allocation Failure) [PSYoungGen: 433663K->5120K(480768K)] 505872K->128529K(1005056K), 0.0046071 secs] [Times: user=0.00 sys=0.00, real=0.00 secs] 
143.659: [GC (Allocation Failure) [PSYoungGen: 441866K->31744K(480768K)] 565275K->155153K(1005056K), 0.0024229 secs] [Times: user=0.00 sys=0.00, real=0.00 secs] 
146.502: [GC (Allocation Failure) [PSYoungGen: 456202K->40960K(480768K)] 579611K->164369K(1005056K), 0.0024256 secs] [Times: user=0.00 sys=0.00, real=0.00 secs] 
149.231: [GC (Allocation Failure) [PSYoungGen: 475665K->40960K(480768K)] 599074K->215569K(1005056K), 0.0153418 secs] [Times: user=0.00 sys=0.00, real=0.02 secs] 
151.976: [GC (Allocation Failure) [PSYoungGen: 469526K->21504K(480768K)] 644135K->196113K(1005056K), 0.0020588 secs] [Times: user=0.00 sys=0.00, real=0.00 secs] 
155.142: [GC (Allocation Failure) [PSYoungGen: 373273K->15360K(480768K)] 547882K->241169K(1005056K), 0.0056436 secs] [Times: user=0.02 sys=0.00, real=0.01 secs] 
157.998: [GC (Allocation Failure) [PSYoungGen: 434705K->0K(480768K)] 660514K->328209K(1005056K), 0.0050610 secs] [Times: user=0.00 sys=0.00, real=0.00 secs] 
160.729: [GC (Allocation Failure) [PSYoungGen: 403989K->30720K(480768K)] 732199K->461329K(1005056K), 0.0154722 secs] [Times: user=0.00 sys=0.00, real=0.01 secs] 
160.744: [Full GC (Ergonomics) [PSYoungGen: 30720K->0K(480768K)] [ParOldGen: 430609K->184849K(524288K)] 461329K->184849K(1005056K), [Metaspace: 2796K->2796K(1056768K)], 0.0131532 secs] [Times: user=0.00 sys=0.00, real=0.01 secs] 
163.602: [GC (Allocation Failure) [PSYoungGen: 433688K->36864K(480768K)] 618538K->221713K(1005056K), 0.0028739 secs] [Times: user=0.00 sys=0.00, real=0.00 secs] 
166.881: [GC (Allocation Failure) [PSYoungGen: 471520K->26624K(480768K)] 656370K->211473K(1005056K), 0.0024067 secs] [Times: user=0.00 sys=0.00, real=0.00 secs] 
170.377: [GC (Allocation Failure) [PSYoungGen: 461303K->10240K(480768K)] 646152K->297489K(1005056K), 0.0156334 secs] [Times: user=0.00 sys=0.00, real=0.01 secs] 
173.233: [GC (Allocation Failure) [PSYoungGen: 439813K->5120K(480768K)] 727062K->292369K(1005056K), 0.0011440 secs] [Times: user=0.00 sys=0.00, real=0.00 secs] 
175.629: [GC (Allocation Failure) [PSYoungGen: 439822K->35840K(480768K)] 727071K->323089K(1005056K), 0.0025841 secs] [Times: user=0.00 sys=0.00, real=0.00 secs] 
179.335: [GC (Allocation Failure) [PSYoungGen: 443924K->10240K(480768K)] 731173K->399889K(1005056K), 0.0154363 secs] [Times: user=0.00 sys=0.00, real=0.02 secs] 
179.351: [Full GC (Ergonomics) [PSYoungGen: 10240K->0K(480768K)] [ParOldGen: 389649K->113169K(524288K)] 399889K->113169K(1005056K), [Metaspace: 2796K->2796K(1056768K)], 0.0089363 secs] [Times: user=0.00 sys=0.00, real=0.01 secs] 
182.204: [GC (Allocation Failure) [PSYoungGen: 357911K->6144K(480768K)] 471080K->170513K(1005056K), 0.0047964 secs] [Times: user=0.00 sys=0.00, real=0.01 secs] 
185.041: [GC (Allocation Failure) [PSYoungGen: 435667K->10240K(480768K)] 600036K->225809K(1005056K), 0.0049154 secs] [Times: user=0.00 sys=0.00, real=0.00 secs] 
187.789: [GC (Allocation Failure) [PSYoungGen: 414190K->40960K(480768K)] 629759K->277009K(1005056K), 0.0041236 secs] [Times: user=0.00 sys=0.00, real=0.00 secs] 
190.741: [GC (Allocation Failure) [PSYoungGen: 433663K->10240K(480768K)] 669712K->399889K(1005056K), 0.0158472 secs] [Times: user=0.00 sys=0.00, real=0.02 secs] 
190.757: [Full GC (Ergonomics) [PSYoungGen: 10240K->0K(480768K)] [ParOldGen: 389649K->164369K(524288K)] 399889K->164369K(1005056K), [Metaspace: 2796K->2796K(1056768K)], 0.0117171 secs] [Times: user=0.00 sys=0.00, real=0.01 secs] 
194.920: [GC (Allocation Failure) [PSYoungGen: 436746K->26688K(480768K)] 601115K->211537K(1005056K), 0.0031771 secs] [Times: user=0.00 sys=0.00, real=0.00 secs] 
197.759: [GC (Allocation Failure) [PSYoungGen: 451095K->25696K(480768K)] 635945K->231025K(1005056K), 0.0034530 secs] [Times: user=0.00 sys=0.00, real=0.00 secs] 
200.492: [GC (Allocation Failure) [PSYoungGen: 443985K->15424K(480768K)] 649314K->220753K(1005056K), 0.0014797 secs] [Times: user=0.00 sys=0.00, real=0.00 secs] 
203.106: [GC (Allocation Failure) [PSYoungGen: 450113K->17504K(480768K)] 655442K->222833K(1005056K), 0.0014980 secs] [Times: user=0.00 sys=0.00, real=0.00 secs] 
206.388: [GC (Allocation Failure) [PSYoungGen: 379492K->40992K(480768K)] 584821K->297521K(1005056K), 0.0162286 secs] [Times: user=0.00 sys=0.00, real=0.02 secs] 
209.243: [GC (Allocation Failure) [PSYoungGen: 460333K->5152K(480768K)] 716862K->364081K(1005056K), 0.0161170 secs] [Times: user=0.00 sys=0.00, real=0.02 secs] 
212.098: [GC (Allocation Failure) [PSYoungGen: 438835K->5152K(480768K)] 797764K->415281K(1005056K), 0.0045259 secs] [Times: user=0.02 sys=0.00, real=0.01 secs] 
212.103: [Full GC (Ergonomics) [PSYoungGen: 5152K->0K(480768K)] [ParOldGen: 410129K->56849K(524288K)] 415281K->56849K(1005056K), [Metaspace: 2796K->2796K(1056768K)], 0.0052661 secs] [Times: user=0.00 sys=0.00, real=0.00 secs] 
216.152: [GC (Allocation Failure) [PSYoungGen: 434711K->15360K(480768K)] 491561K->72209K(1005056K), 0.0015248 secs] [Times: user=0.00 sys=0.00, real=0.00 secs] 
Heap
 PSYoungGen      total 480768K, used 448521K [0x00000000e0000000, 0x0000000100000000, 0x0000000100000000)
  eden space 437248K, 99% used [0x00000000e0000000,0x00000000fa7025a8,0x00000000fab00000)
  from space 43520K, 35% used [0x00000000fab00000,0x00000000fba00020,0x00000000fd580000)
  to   space 43520K, 0% used [0x00000000fd580000,0x00000000fd580000,0x0000000100000000)
 ParOldGen       total 524288K, used 56849K [0x00000000c0000000, 0x00000000e0000000, 0x00000000e0000000)
  object space 524288K, 10% used [0x00000000c0000000,0x00000000c3784700,0x00000000e0000000)
 Metaspace       used 2804K, capacity 4486K, committed 4864K, reserved 1056768K
  class space    used 297K, capacity 386K, committed 512K, reserved 1048576K
