Java HotSpot(TM) 64-Bit Server VM (25.411-b09) for windows-amd64 JRE (1.8.0_411-b09), built on Mar 13 2024 07:26:13 by "java_re" with MS VC++ 17.1 (VS2022)
Memory: 4k page, physical 33403376k(13968540k free), swap 38563536k(6053864k free)
CommandLine flags: -XX:InitialHeapSize=1073741824 -XX:MaxHeapSize=1073741824 -XX:NewRatio=9 -XX:ParallelGCThreads=6 -XX:+PrintGC -XX:+PrintGCDetails -XX:+PrintGCTimeStamps -XX:SurvivorRatio=6 -XX:-UseAdaptiveSizePolicy -XX:+UseCompressedClassPointers -XX:+UseCompressedOops -XX:-UseLargePagesIndividualAllocation -XX:+UseParallelGC 
1.646: [GC (Allocation Failure) [PSYoungGen: 77906K->7936K(91648K)] 231506K->161544K(1035776K), 0.0022653 secs] [Times: user=0.00 sys=0.00, real=0.00 secs] 
3.220: [GC (Allocation Failure) [PSYoungGen: 83241K->8824K(91648K)] 390449K->321152K(1035776K), 0.0029155 secs] [Times: user=0.00 sys=0.00, real=0.00 secs] 
5.292: [GC (Allocation Failure) [PSYoungGen: 82081K->10904K(91648K)] 394409K->323232K(1035776K), 0.0017352 secs] [Times: user=0.00 sys=0.00, real=0.00 secs] 
6.759: [GC (Allocation Failure) [PSYoungGen: 85181K->10904K(91648K)] 551109K->492192K(1035776K), 0.0048423 secs] [Times: user=0.00 sys=0.00, real=0.01 secs] 
8.443: [GC (Allocation Failure) [PSYoungGen: 70611K->5752K(91648K)] 705499K->640648K(1035776K), 0.0015650 secs] [Times: user=0.00 sys=0.00, real=0.00 secs] 
9.021: [GC (Allocation Failure) [PSYoungGen: 80031K->1624K(91648K)] 817327K->790120K(1035776K), 0.0170415 secs] [Times: user=0.00 sys=0.00, real=0.02 secs] 
10.501: [Full GC (Ergonomics) [PSYoungGen: 75904K->0K(91648K)] [ParOldGen: 942096K->160272K(944128K)] 1018000K->160272K(1035776K), [Metaspace: 2761K->2761K(1056768K)], 0.0220394 secs] [Times: user=0.00 sys=0.00, real=0.02 secs] 
12.481: [GC (Allocation Failure) [PSYoungGen: 78376K->5120K(91648K)] 392249K->318992K(1035776K), 0.0011861 secs] [Times: user=0.00 sys=0.00, real=0.00 secs] 
13.902: [GC (Allocation Failure) [PSYoungGen: 79913K->11296K(91648K)] 547386K->478777K(1035776K), 0.0014958 secs] [Times: user=0.00 sys=0.00, real=0.00 secs] 
15.322: [GC (Allocation Failure) [PSYoungGen: 85576K->11296K(91648K)] 706657K->647737K(1035776K), 0.0022541 secs] [Times: user=0.00 sys=0.00, real=0.00 secs] 
17.068: [GC (Allocation Failure) [PSYoungGen: 89673K->5184K(91648K)] 726114K->651865K(1035776K), 0.0015913 secs] [Times: user=0.00 sys=0.00, real=0.00 secs] 
17.614: [GC (Allocation Failure) [PSYoungGen: 79461K->6208K(91648K)] 828542K->775769K(1035776K), 0.0026363 secs] [Times: user=0.00 sys=0.00, real=0.00 secs] 
19.032: [Full GC (Ergonomics) [PSYoungGen: 80486K->0K(91648K)] [ParOldGen: 923161K->83473K(944128K)] 1003647K->83473K(1035776K), [Metaspace: 2770K->2770K(1056768K)], 0.0084090 secs] [Times: user=0.00 sys=0.00, real=0.01 secs] 
20.450: [GC (Allocation Failure) [PSYoungGen: 74279K->1024K(91648K)] 260152K->186897K(1035776K), 0.0004022 secs] [Times: user=0.00 sys=0.00, real=0.00 secs] 
21.868: [GC (Allocation Failure) [PSYoungGen: 75304K->7168K(91648K)] 414777K->346641K(1035776K), 0.0008630 secs] [Times: user=0.00 sys=0.00, real=0.00 secs] 
23.835: [GC (Allocation Failure) [PSYoungGen: 81448K->1024K(91648K)] 574521K->494097K(1035776K), 0.0010886 secs] [Times: user=0.00 sys=0.00, real=0.00 secs] 
25.256: [GC (Allocation Failure) [PSYoungGen: 75304K->10240K(91648K)] 721977K->667153K(1035776K), 0.0017015 secs] [Times: user=0.00 sys=0.00, real=0.00 secs] 
26.671: [GC (Allocation Failure) [PSYoungGen: 84520K->10240K(91648K)] 895034K->841233K(1035776K), 0.0024545 secs] [Times: user=0.00 sys=0.00, real=0.00 secs] 
28.201: [GC (Allocation Failure) [PSYoungGen: 83496K->10240K(91648K)] 914490K->841233K(1035776K), 0.0014561 secs] [Times: user=0.02 sys=0.00, real=0.00 secs] 
28.636: [GC (Allocation Failure) [PSYoungGen: 53105K->5184K(91648K)] 935299K->887385K(1035776K), 0.0019315 secs] [Times: user=0.00 sys=0.00, real=0.00 secs] 
28.638: [GC (Allocation Failure) [PSYoungGen: 5184K->5216K(91648K)] 887385K->887417K(1035776K), 0.0016820 secs] [Times: user=0.02 sys=0.00, real=0.00 secs] 
28.639: [Full GC (Allocation Failure) [PSYoungGen: 5216K->0K(91648K)] [ParOldGen: 882201K->56849K(944128K)] 887417K->56849K(1035776K), [Metaspace: 2793K->2793K(1056768K)], 0.0065633 secs] [Times: user=0.00 sys=0.00, real=0.01 secs] 
30.403: [GC (Allocation Failure) [PSYoungGen: 76326K->6144K(91648K)] 389175K->318993K(1035776K), 0.0007575 secs] [Times: user=0.00 sys=0.00, real=0.00 secs] 
32.580: [GC (Allocation Failure) [PSYoungGen: 75303K->6144K(91648K)] 490552K->431633K(1035776K), 0.0018513 secs] [Times: user=0.00 sys=0.00, real=0.00 secs] 
33.999: [GC (Allocation Failure) [PSYoungGen: 80423K->12288K(91648K)] 659513K->606737K(1035776K), 0.0019827 secs] [Times: user=0.00 sys=0.00, real=0.00 secs] 
35.528: [GC (Allocation Failure) [PSYoungGen: 71208K->10240K(91648K)] 819257K->768529K(1035776K), 0.0016974 secs] [Times: user=0.00 sys=0.00, real=0.00 secs] 
36.076: [GC (Allocation Failure) [PSYoungGen: 84520K->1024K(91648K)] 945210K->861713K(1035776K), 0.0016842 secs] [Times: user=0.00 sys=0.00, real=0.00 secs] 
37.170: [Full GC (Ergonomics) [PSYoungGen: 74280K->0K(91648K)] [ParOldGen: 911889K->87569K(944128K)] 986170K->87569K(1035776K), [Metaspace: 2793K->2793K(1056768K)], 0.0082423 secs] [Times: user=0.00 sys=0.00, real=0.01 secs] 
39.148: [GC (Allocation Failure) [PSYoungGen: 74280K->0K(91648K)] 315450K->241169K(1035776K), 0.0006408 secs] [Times: user=0.00 sys=0.00, real=0.00 secs] 
40.571: [GC (Allocation Failure) [PSYoungGen: 74280K->10240K(91648K)] 469050K->405009K(1035776K), 0.0011953 secs] [Times: user=0.00 sys=0.00, real=0.00 secs] 
41.985: [GC (Allocation Failure) [PSYoungGen: 84521K->11264K(91648K)] 632890K->564753K(1035776K), 0.0014738 secs] [Times: user=0.00 sys=0.00, real=0.00 secs] 
44.063: [GC (Allocation Failure) [PSYoungGen: 85545K->11264K(91648K)] 639034K->574993K(1035776K), 0.0017391 secs] [Times: user=0.00 sys=0.00, real=0.00 secs] 
44.607: [GC (Allocation Failure) [PSYoungGen: 85540K->2048K(91648K)] 751670K->668177K(1035776K), 0.0010503 secs] [Times: user=0.00 sys=0.00, real=0.00 secs] 
46.026: [GC (Allocation Failure) [PSYoungGen: 76326K->7168K(91648K)] 896056K->837137K(1035776K), 0.0020621 secs] [Times: user=0.00 sys=0.00, real=0.00 secs] 
47.114: [GC (Allocation Failure) [PSYoungGen: 49703K->0K(91648K)] 930872K->901649K(1035776K), 0.0021630 secs] [Times: user=0.00 sys=0.00, real=0.00 secs] 
47.116: [Full GC (Ergonomics) [PSYoungGen: 0K->0K(91648K)] [ParOldGen: 901649K->72209K(944128K)] 901649K->72209K(1035776K), [Metaspace: 2795K->2795K(1056768K)], 0.0071297 secs] [Times: user=0.00 sys=0.00, real=0.01 secs] 
48.878: [GC (Allocation Failure) [PSYoungGen: 76328K->6144K(91648K)] 404537K->334353K(1035776K), 0.0009405 secs] [Times: user=0.00 sys=0.00, real=0.00 secs] 
50.732: [GC (Allocation Failure) [PSYoungGen: 84520K->5120K(91648K)] 566329K->486929K(1035776K), 0.0013087 secs] [Times: user=0.00 sys=0.00, real=0.00 secs] 
52.153: [GC (Allocation Failure) [PSYoungGen: 79400K->11264K(91648K)] 714810K->646673K(1035776K), 0.0018681 secs] [Times: user=0.00 sys=0.00, real=0.00 secs] 
53.574: [GC (Allocation Failure) [PSYoungGen: 85544K->12288K(91648K)] 874554K->806417K(1035776K), 0.0022567 secs] [Times: user=0.00 sys=0.00, real=0.00 secs] 
55.424: [GC (Allocation Failure) [PSYoungGen: 85544K->10240K(91648K)] 879674K->819729K(1035776K), 0.0019830 secs] [Times: user=0.00 sys=0.00, real=0.00 secs] 
55.970: [Full GC (Ergonomics) [PSYoungGen: 84516K->0K(91648K)] [ParOldGen: 911889K->16913K(944128K)] 996406K->16913K(1035776K), [Metaspace: 2795K->2795K(1056768K)], 0.0040236 secs] [Times: user=0.00 sys=0.00, real=0.00 secs] 
57.389: [GC (Allocation Failure) [PSYoungGen: 74278K->6144K(91648K)] 244791K->197137K(1035776K), 0.0023020 secs] [Times: user=0.00 sys=0.00, real=0.00 secs] 
59.459: [GC (Allocation Failure) [PSYoungGen: 75303K->10240K(91648K)] 419896K->354833K(1035776K), 0.0012268 secs] [Times: user=0.00 sys=0.00, real=0.00 secs] 
60.879: [GC (Allocation Failure) [PSYoungGen: 84519K->10240K(91648K)] 582713K->513553K(1035776K), 0.0014410 secs] [Times: user=0.00 sys=0.00, real=0.00 secs] 
62.519: [GC (Allocation Failure) [PSYoungGen: 83496K->5120K(91648K)] 740409K->672273K(1035776K), 0.0016219 secs] [Times: user=0.00 sys=0.00, real=0.00 secs] 
63.069: [GC (Allocation Failure) [PSYoungGen: 79400K->7168K(91648K)] 848954K->776721K(1035776K), 0.0010476 secs] [Times: user=0.00 sys=0.00, real=0.00 secs] 
64.494: [Full GC (Ergonomics) [PSYoungGen: 81448K->0K(91648K)] [ParOldGen: 923153K->18432K(944128K)] 1004602K->18432K(1035776K), [Metaspace: 2796K->2796K(1056768K)], 0.0037029 secs] [Times: user=0.00 sys=0.00, real=0.00 secs] 
66.459: [GC (Allocation Failure) [PSYoungGen: 78376K->10240K(91648K)] 96809K->28672K(1035776K), 0.0009549 secs] [Times: user=0.00 sys=0.00, real=0.00 secs] 
67.879: [GC (Allocation Failure) [PSYoungGen: 84517K->10240K(91648K)] 256549K->207872K(1035776K), 0.0029249 secs] [Times: user=0.00 sys=0.00, real=0.00 secs] 
70.273: [GC (Allocation Failure) [PSYoungGen: 86566K->5120K(91648K)] 591398K->509952K(1035776K), 0.0012874 secs] [Times: user=0.00 sys=0.00, real=0.00 secs] 
71.690: [GC (Allocation Failure) [PSYoungGen: 79399K->11264K(91648K)] 737831K->669696K(1035776K), 0.0014948 secs] [Times: user=0.00 sys=0.00, real=0.00 secs] 
73.643: [GC (Allocation Failure) [PSYoungGen: 85544K->5120K(91648K)] 897576K->817152K(1035776K), 0.0019938 secs] [Times: user=0.00 sys=0.00, real=0.00 secs] 
74.076: [GC (Allocation Failure) [PSYoungGen: 47656K->10240K(91648K)] 910888K->873472K(1035776K), 0.0021742 secs] [Times: user=0.00 sys=0.00, real=0.00 secs] 
74.079: [GC (Allocation Failure) [PSYoungGen: 10240K->10240K(91648K)] 873472K->873472K(1035776K), 0.0018650 secs] [Times: user=0.00 sys=0.00, real=0.00 secs] 
74.080: [Full GC (Allocation Failure) [PSYoungGen: 10240K->0K(91648K)] [ParOldGen: 863232K->61969K(944128K)] 873472K->61969K(1035776K), [Metaspace: 2796K->2796K(1056768K)], 0.0069496 secs] [Times: user=0.00 sys=0.00, real=0.01 secs] 
75.844: [GC (Allocation Failure) [PSYoungGen: 76328K->11264K(91648K)] 394298K->334353K(1035776K), 0.0014573 secs] [Times: user=0.00 sys=0.00, real=0.00 secs] 
77.475: [GC (Allocation Failure) [PSYoungGen: 89640K->5120K(91648K)] 412730K->328209K(1035776K), 0.0008310 secs] [Times: user=0.00 sys=0.00, real=0.00 secs] 
78.891: [GC (Allocation Failure) [PSYoungGen: 79397K->10240K(91648K)] 556086K->486929K(1035776K), 0.0012095 secs] [Times: user=0.00 sys=0.00, real=0.00 secs] 
80.309: [GC (Allocation Failure) [PSYoungGen: 84518K->10240K(91648K)] 714807K->645649K(1035776K), 0.0014516 secs] [Times: user=0.00 sys=0.00, real=0.00 secs] 
82.375: [GC (Allocation Failure) [PSYoungGen: 79399K->6144K(91648K)] 817208K->754193K(1035776K), 0.0019177 secs] [Times: user=0.00 sys=0.00, real=0.00 secs] 
82.918: [GC (Allocation Failure) [PSYoungGen: 80423K->8192K(91648K)] 930873K->858641K(1035776K), 0.0014242 secs] [Times: user=0.00 sys=0.00, real=0.00 secs] 
84.011: [GC (Allocation Failure) [PSYoungGen: 81448K->12288K(91648K)] 983097K->919057K(1035776K), 0.0018312 secs] [Times: user=0.00 sys=0.00, real=0.00 secs] 
84.013: [GC (Allocation Failure) [PSYoungGen: 12288K->12288K(91648K)] 919057K->919057K(1035776K), 0.0014413 secs] [Times: user=0.02 sys=0.00, real=0.00 secs] 
84.014: [Full GC (Allocation Failure) [PSYoungGen: 12288K->0K(91648K)] [ParOldGen: 906769K->69137K(944128K)] 919057K->69137K(1035776K), [Metaspace: 2796K->2796K(1056768K)], 0.0067900 secs] [Times: user=0.00 sys=0.00, real=0.01 secs] 
86.311: [GC (Allocation Failure) [PSYoungGen: 76328K->10240K(91648K)] 401466K->345617K(1035776K), 0.0017208 secs] [Times: user=0.00 sys=0.00, real=0.00 secs] 
87.724: [GC (Allocation Failure) [PSYoungGen: 84520K->10240K(91648K)] 573498K->529937K(1035776K), 0.0029805 secs] [Times: user=0.00 sys=0.00, real=0.00 secs] 
89.366: [GC (Allocation Failure) [PSYoungGen: 88616K->5120K(91648K)] 659514K->586257K(1035776K), 0.0016520 secs] [Times: user=0.00 sys=0.00, real=0.00 secs] 
90.785: [GC (Allocation Failure) [PSYoungGen: 79401K->10240K(91648K)] 814138K->755217K(1035776K), 0.0021328 secs] [Times: user=0.00 sys=0.00, real=0.00 secs] 
93.077: [GC (Allocation Failure) [PSYoungGen: 86569K->6144K(91648K)] 985146K->904721K(1035776K), 0.0014328 secs] [Times: user=0.00 sys=0.00, real=0.00 secs] 
93.839: [GC (Allocation Failure) [PSYoungGen: 69161K->11264K(91648K)] 967738K->930321K(1035776K), 0.0027931 secs] [Times: user=0.00 sys=0.00, real=0.00 secs] 
93.842: [Full GC (Ergonomics) [PSYoungGen: 11264K->0K(91648K)] [ParOldGen: 919057K->32273K(944128K)] 930321K->32273K(1035776K), [Metaspace: 2796K->2796K(1056768K)], 0.0042461 secs] [Times: user=0.00 sys=0.00, real=0.00 secs] 
94.729: [GC (Allocation Failure) [PSYoungGen: 74276K->10240K(91648K)] 208949K->144913K(1035776K), 0.0009649 secs] [Times: user=0.00 sys=0.00, real=0.00 secs] 
96.581: [GC (Allocation Failure) [PSYoungGen: 84518K->10240K(91648K)] 372791K->298513K(1035776K), 0.0012852 secs] [Times: user=0.00 sys=0.00, real=0.00 secs] 
97.128: [GC (Allocation Failure) [PSYoungGen: 84518K->1024K(91648K)] 475192K->412177K(1035776K), 0.0023222 secs] [Times: user=0.00 sys=0.00, real=0.00 secs] 
98.550: [GC (Allocation Failure) [PSYoungGen: 75303K->6144K(91648K)] 640057K->570897K(1035776K), 0.0010960 secs] [Times: user=0.00 sys=0.00, real=0.00 secs] 
100.400: [GC (Allocation Failure) [PSYoungGen: 84520K->5120K(91648K)] 802873K->723473K(1035776K), 0.0017082 secs] [Times: user=0.00 sys=0.00, real=0.00 secs] 
101.819: [GC (Allocation Failure) [PSYoungGen: 79400K->11264K(91648K)] 951354K->883217K(1035776K), 0.0021254 secs] [Times: user=0.00 sys=0.00, real=0.00 secs] 
102.471: [Full GC (Ergonomics) [PSYoungGen: 64040K->0K(91648K)] [ParOldGen: 923153K->62993K(944128K)] 987194K->62993K(1035776K), [Metaspace: 2796K->2796K(1056768K)], 0.0065343 secs] [Times: user=0.00 sys=0.00, real=0.01 secs] 
104.869: [GC (Allocation Failure) [PSYoungGen: 75304K->10240K(91648K)] 240698K->175633K(1035776K), 0.0010675 secs] [Times: user=0.00 sys=0.00, real=0.00 secs] 
106.289: [GC (Allocation Failure) [PSYoungGen: 84520K->10240K(91648K)] 403514K->344593K(1035776K), 0.0021017 secs] [Times: user=0.00 sys=0.00, real=0.00 secs] 
107.929: [GC (Allocation Failure) [PSYoungGen: 69161K->5120K(91648K)] 557114K->493073K(1035776K), 0.0010206 secs] [Times: user=0.00 sys=0.00, real=0.00 secs] 
108.477: [GC (Allocation Failure) [PSYoungGen: 79400K->1024K(91648K)] 669754K->642577K(1035776K), 0.0046468 secs] [Times: user=0.00 sys=0.00, real=0.00 secs] 
109.893: [GC (Allocation Failure) [PSYoungGen: 75305K->6144K(91648K)] 870458K->801297K(1035776K), 0.0016298 secs] [Times: user=0.00 sys=0.00, real=0.00 secs] 
110.981: [GC (Allocation Failure) [PSYoungGen: 79401K->10240K(91648K)] 925754K->856593K(1035776K), 0.0025891 secs] [Times: user=0.02 sys=0.00, real=0.00 secs] 
110.984: [GC (Allocation Failure) [PSYoungGen: 10240K->10240K(91648K)] 856593K->856593K(1035776K), 0.0016468 secs] [Times: user=0.00 sys=0.00, real=0.00 secs] 
110.986: [Full GC (Allocation Failure) [PSYoungGen: 10240K->0K(91648K)] [ParOldGen: 846353K->215569K(944128K)] 856593K->215569K(1035776K), [Metaspace: 2796K->2796K(1056768K)], 0.0160146 secs] [Times: user=0.02 sys=0.00, real=0.02 secs] 
113.186: [GC (Allocation Failure) [PSYoungGen: 75305K->11264K(91648K)] 546874K->482833K(1035776K), 0.0011613 secs] [Times: user=0.00 sys=0.00, real=0.00 secs] 
114.609: [GC (Allocation Failure) [PSYoungGen: 85545K->11264K(91648K)] 710714K->651793K(1035776K), 0.0021094 secs] [Times: user=0.00 sys=0.00, real=0.00 secs] 
116.357: [GC (Allocation Failure) [PSYoungGen: 84521K->5120K(91648K)] 725050K->655889K(1035776K), 0.0015609 secs] [Times: user=0.02 sys=0.00, real=0.00 secs] 
117.778: [GC (Allocation Failure) [PSYoungGen: 79397K->10240K(91648K)] 883766K->845329K(1035776K), 0.0031306 secs] [Times: user=0.00 sys=0.00, real=0.00 secs] 
118.104: [GC (Allocation Failure) [PSYoungGen: 42534K->10240K(91648K)] 928823K->896529K(1035776K), 0.0015235 secs] [Times: user=0.00 sys=0.00, real=0.00 secs] 
118.106: [GC (Allocation Failure) [PSYoungGen: 10240K->10240K(91648K)] 896529K->896529K(1035776K), 0.0020296 secs] [Times: user=0.02 sys=0.00, real=0.00 secs] 
118.108: [Full GC (Allocation Failure) [PSYoungGen: 10240K->0K(91648K)] [ParOldGen: 886289K->82449K(944128K)] 896529K->82449K(1035776K), [Metaspace: 2796K->2796K(1056768K)], 0.0074271 secs] [Times: user=0.00 sys=0.00, real=0.01 secs] 
119.863: [GC (Allocation Failure) [PSYoungGen: 76326K->1024K(91648K)] 363575K->288273K(1035776K), 0.0005363 secs] [Times: user=0.00 sys=0.00, real=0.00 secs] 
121.282: [GC (Allocation Failure) [PSYoungGen: 75303K->7168K(91648K)] 516152K->448017K(1035776K), 0.0009835 secs] [Times: user=0.00 sys=0.00, real=0.00 secs] 
123.246: [GC (Allocation Failure) [PSYoungGen: 81448K->1024K(91648K)] 675897K->595473K(1035776K), 0.0011538 secs] [Times: user=0.00 sys=0.00, real=0.00 secs] 
124.665: [GC (Allocation Failure) [PSYoungGen: 75304K->10240K(91648K)] 823353K->768529K(1035776K), 0.0023424 secs] [Times: user=0.00 sys=0.00, real=0.00 secs] 
126.082: [Full GC (Ergonomics) [PSYoungGen: 84520K->0K(91648K)] [ParOldGen: 911889K->36369K(944128K)] 996410K->36369K(1035776K), [Metaspace: 2796K->2796K(1056768K)], 0.0054554 secs] [Times: user=0.00 sys=0.00, real=0.01 secs] 
127.611: [GC (Allocation Failure) [PSYoungGen: 73256K->10240K(91648K)] 109626K->46609K(1035776K), 0.0009154 secs] [Times: user=0.00 sys=0.00, real=0.00 secs] 
129.032: [GC (Allocation Failure) [PSYoungGen: 84516K->10240K(91648K)] 274486K->205329K(1035776K), 0.0016881 secs] [Times: user=0.00 sys=0.00, real=0.00 secs] 
131.326: [GC (Allocation Failure) [PSYoungGen: 86566K->6144K(91648K)] 537655K->457233K(1035776K), 0.0008522 secs] [Times: user=0.00 sys=0.00, real=0.00 secs] 
132.749: [GC (Allocation Failure) [PSYoungGen: 80423K->12288K(91648K)] 685112K->616977K(1035776K), 0.0015125 secs] [Times: user=0.00 sys=0.00, real=0.00 secs] 
134.712: [GC (Allocation Failure) [PSYoungGen: 86567K->5120K(91648K)] 844857K->763409K(1035776K), 0.0014156 secs] [Times: user=0.00 sys=0.00, real=0.00 secs] 
136.130: [Full GC (Ergonomics) [PSYoungGen: 79400K->0K(91648K)] [ParOldGen: 911889K->21504K(944128K)] 991289K->21504K(1035776K), [Metaspace: 2796K->2796K(1056768K)], 0.0040606 secs] [Times: user=0.00 sys=0.00, real=0.00 secs] 
137.548: [GC (Allocation Failure) [PSYoungGen: 74280K->10240K(91648K)] 249384K->205824K(1035776K), 0.0025556 secs] [Times: user=0.00 sys=0.00, real=0.00 secs] 
139.069: [GC (Allocation Failure) [PSYoungGen: 83496K->10240K(91648K)] 330280K->262144K(1035776K), 0.0013113 secs] [Times: user=0.00 sys=0.00, real=0.00 secs] 
140.488: [GC (Allocation Failure) [PSYoungGen: 84520K->5120K(91648K)] 490025K->420864K(1035776K), 0.0015885 secs] [Times: user=0.00 sys=0.00, real=0.00 secs] 
142.780: [GC (Allocation Failure) [PSYoungGen: 81449K->6144K(91648K)] 650793K->575488K(1035776K), 0.0020097 secs] [Times: user=0.00 sys=0.00, real=0.00 secs] 
144.193: [GC (Allocation Failure) [PSYoungGen: 80425K->11264K(91648K)] 803369K->744448K(1035776K), 0.0029869 secs] [Times: user=0.00 sys=0.00, real=0.00 secs] 
146.156: [GC (Allocation Failure) [PSYoungGen: 85545K->5120K(91648K)] 972329K->891904K(1035776K), 0.0019328 secs] [Times: user=0.00 sys=0.00, real=0.00 secs] 
146.485: [Full GC (Ergonomics) [PSYoungGen: 37416K->0K(91648K)] [ParOldGen: 937984K->72209K(944128K)] 975401K->72209K(1035776K), [Metaspace: 2796K->2796K(1056768K)], 0.0070380 secs] [Times: user=0.00 sys=0.00, real=0.01 secs] 
148.247: [GC (Allocation Failure) [PSYoungGen: 76329K->6144K(91648K)] 404538K->334353K(1035776K), 0.0009332 secs] [Times: user=0.02 sys=0.00, real=0.00 secs] 
150.100: [GC (Allocation Failure) [PSYoungGen: 84521K->5120K(91648K)] 566330K->486929K(1035776K), 0.0007605 secs] [Times: user=0.00 sys=0.00, real=0.00 secs] 
151.521: [GC (Allocation Failure) [PSYoungGen: 79401K->11264K(91648K)] 714810K->646673K(1035776K), 0.0014290 secs] [Times: user=0.00 sys=0.00, real=0.00 secs] 
152.935: [GC (Allocation Failure) [PSYoungGen: 85545K->12288K(91648K)] 874554K->806417K(1035776K), 0.0023838 secs] [Times: user=0.00 sys=0.00, real=0.00 secs] 
154.787: [GC (Allocation Failure) [PSYoungGen: 85545K->10240K(91648K)] 879674K->819729K(1035776K), 0.0018963 secs] [Times: user=0.00 sys=0.00, real=0.00 secs] 
155.334: [Full GC (Ergonomics) [PSYoungGen: 84516K->0K(91648K)] [ParOldGen: 911889K->17408K(944128K)] 996406K->17408K(1035776K), [Metaspace: 2796K->2796K(1056768K)], 0.0041381 secs] [Times: user=0.00 sys=0.00, real=0.00 secs] 
156.751: [GC (Allocation Failure) [PSYoungGen: 74278K->6144K(91648K)] 245286K->197632K(1035776K), 0.0026912 secs] [Times: user=0.00 sys=0.00, real=0.00 secs] 
158.831: [GC (Allocation Failure) [PSYoungGen: 75303K->10240K(91648K)] 420391K->355328K(1035776K), 0.0016469 secs] [Times: user=0.00 sys=0.00, real=0.00 secs] 
160.251: [GC (Allocation Failure) [PSYoungGen: 84520K->10240K(91648K)] 583208K->514048K(1035776K), 0.0018282 secs] [Times: user=0.00 sys=0.00, real=0.00 secs] 
161.889: [GC (Allocation Failure) [PSYoungGen: 83496K->10240K(91648K)] 740904K->672768K(1035776K), 0.0019490 secs] [Times: user=0.00 sys=0.00, real=0.00 secs] 
162.432: [GC (Allocation Failure) [PSYoungGen: 84520K->2048K(91648K)] 849448K->766976K(1035776K), 0.0020711 secs] [Times: user=0.00 sys=0.00, real=0.00 secs] 
163.852: [Full GC (Ergonomics) [PSYoungGen: 76328K->0K(91648K)] [ParOldGen: 918528K->18432K(944128K)] 994857K->18432K(1035776K), [Metaspace: 2796K->2796K(1056768K)], 0.0036779 secs] [Times: user=0.00 sys=0.00, real=0.00 secs] 
165.817: [GC (Allocation Failure) [PSYoungGen: 78376K->10240K(91648K)] 96809K->28672K(1035776K), 0.0013112 secs] [Times: user=0.00 sys=0.00, real=0.00 secs] 
167.237: [GC (Allocation Failure) [PSYoungGen: 84517K->10240K(91648K)] 256549K->207872K(1035776K), 0.0026917 secs] [Times: user=0.00 sys=0.00, real=0.00 secs] 
169.642: [GC (Allocation Failure) [PSYoungGen: 86566K->5120K(91648K)] 591398K->509952K(1035776K), 0.0011954 secs] [Times: user=0.00 sys=0.00, real=0.00 secs] 
171.061: [GC (Allocation Failure) [PSYoungGen: 79399K->11264K(91648K)] 737831K->669696K(1035776K), 0.0016325 secs] [Times: user=0.00 sys=0.00, real=0.00 secs] 
173.029: [GC (Allocation Failure) [PSYoungGen: 85544K->5120K(91648K)] 897576K->817152K(1035776K), 0.0024128 secs] [Times: user=0.00 sys=0.00, real=0.00 secs] 
173.464: [GC (Allocation Failure) [PSYoungGen: 47656K->10240K(91648K)] 910888K->873472K(1035776K), 0.0028868 secs] [Times: user=0.00 sys=0.00, real=0.00 secs] 
173.466: [GC (Allocation Failure) [PSYoungGen: 10240K->10240K(91648K)] 873472K->873472K(1035776K), 0.0020548 secs] [Times: user=0.00 sys=0.00, real=0.00 secs] 
173.469: [Full GC (Allocation Failure) [PSYoungGen: 10240K->0K(91648K)] [ParOldGen: 863232K->61969K(944128K)] 873472K->61969K(1035776K), [Metaspace: 2796K->2796K(1056768K)], 0.0062227 secs] [Times: user=0.00 sys=0.00, real=0.01 secs] 
175.220: [GC (Allocation Failure) [PSYoungGen: 76328K->6144K(91648K)] 394298K->334353K(1035776K), 0.0016438 secs] [Times: user=0.00 sys=0.00, real=0.00 secs] 
176.860: [GC (Allocation Failure) [PSYoungGen: 84520K->5120K(91648K)] 412730K->333329K(1035776K), 0.0009497 secs] [Times: user=0.00 sys=0.00, real=0.00 secs] 
178.282: [GC (Allocation Failure) [PSYoungGen: 79397K->10240K(91648K)] 561206K->492049K(1035776K), 0.0011169 secs] [Times: user=0.00 sys=0.00, real=0.00 secs] 
179.694: [GC (Allocation Failure) [PSYoungGen: 84518K->10240K(91648K)] 719927K->650769K(1035776K), 0.0016204 secs] [Times: user=0.00 sys=0.00, real=0.00 secs] 
181.769: [GC (Allocation Failure) [PSYoungGen: 79399K->11264K(91648K)] 822328K->759313K(1035776K), 0.0018353 secs] [Times: user=0.00 sys=0.00, real=0.00 secs] 
182.312: [GC (Allocation Failure) [PSYoungGen: 85543K->3072K(91648K)] 935993K->853521K(1035776K), 0.0016725 secs] [Times: user=0.00 sys=0.00, real=0.00 secs] 
183.406: [GC (Allocation Failure) [PSYoungGen: 76328K->12288K(91648K)] 977977K->913937K(1035776K), 0.0024481 secs] [Times: user=0.00 sys=0.00, real=0.00 secs] 
183.409: [GC (Allocation Failure) [PSYoungGen: 12288K->12288K(91648K)] 913937K->913937K(1035776K), 0.0016194 secs] [Times: user=0.00 sys=0.00, real=0.00 secs] 
183.411: [Full GC (Allocation Failure) [PSYoungGen: 12288K->0K(91648K)] [ParOldGen: 901649K->69137K(944128K)] 913937K->69137K(1035776K), [Metaspace: 2796K->2796K(1056768K)], 0.0068159 secs] [Times: user=0.00 sys=0.00, real=0.01 secs] 
185.722: [GC (Allocation Failure) [PSYoungGen: 76328K->10240K(91648K)] 401466K->345617K(1035776K), 0.0019137 secs] [Times: user=0.00 sys=0.00, real=0.00 secs] 
187.147: [GC (Allocation Failure) [PSYoungGen: 84520K->10240K(91648K)] 573498K->524817K(1035776K), 0.0031270 secs] [Times: user=0.00 sys=0.00, real=0.00 secs] 
188.788: [GC (Allocation Failure) [PSYoungGen: 88616K->5120K(91648K)] 654394K->581137K(1035776K), 0.0016793 secs] [Times: user=0.00 sys=0.00, real=0.00 secs] 
190.206: [GC (Allocation Failure) [PSYoungGen: 79401K->10240K(91648K)] 809018K->750097K(1035776K), 0.0019129 secs] [Times: user=0.00 sys=0.00, real=0.00 secs] 
192.501: [GC (Allocation Failure) [PSYoungGen: 86569K->6176K(91648K)] 980026K->899633K(1035776K), 0.0018044 secs] [Times: user=0.00 sys=0.00, real=0.00 secs] 
193.261: [GC (Allocation Failure) [PSYoungGen: 69193K->11296K(91648K)] 962650K->925233K(1035776K), 0.0025952 secs] [Times: user=0.00 sys=0.00, real=0.00 secs] 
193.264: [Full GC (Ergonomics) [PSYoungGen: 11296K->0K(91648K)] [ParOldGen: 913937K->32273K(944128K)] 925233K->32273K(1035776K), [Metaspace: 2796K->2796K(1056768K)], 0.0042677 secs] [Times: user=0.00 sys=0.00, real=0.00 secs] 
194.134: [GC (Allocation Failure) [PSYoungGen: 74276K->10272K(91648K)] 208949K->144945K(1035776K), 0.0010309 secs] [Times: user=0.00 sys=0.00, real=0.00 secs] 
195.990: [GC (Allocation Failure) [PSYoungGen: 84550K->10304K(91648K)] 372823K->298577K(1035776K), 0.0011583 secs] [Times: user=0.00 sys=0.00, real=0.00 secs] 
196.535: [GC (Allocation Failure) [PSYoungGen: 84582K->1056K(91648K)] 475256K->412209K(1035776K), 0.0022902 secs] [Times: user=0.00 sys=0.00, real=0.00 secs] 
197.957: [GC (Allocation Failure) [PSYoungGen: 75335K->6176K(91648K)] 640089K->570929K(1035776K), 0.0012763 secs] [Times: user=0.00 sys=0.00, real=0.00 secs] 
199.813: [GC (Allocation Failure) [PSYoungGen: 84552K->5152K(91648K)] 802905K->723505K(1035776K), 0.0013379 secs] [Times: user=0.00 sys=0.00, real=0.00 secs] 
201.227: [GC (Allocation Failure) [PSYoungGen: 79432K->11296K(91648K)] 951386K->883249K(1035776K), 0.0015984 secs] [Times: user=0.00 sys=0.00, real=0.00 secs] 
201.885: [Full GC (Ergonomics) [PSYoungGen: 64072K->0K(91648K)] [ParOldGen: 923153K->62993K(944128K)] 987226K->62993K(1035776K), [Metaspace: 2796K->2796K(1056768K)], 0.0071366 secs] [Times: user=0.02 sys=0.00, real=0.01 secs] 
204.300: [GC (Allocation Failure) [PSYoungGen: 75304K->10240K(91648K)] 240698K->175633K(1035776K), 0.0010015 secs] [Times: user=0.00 sys=0.00, real=0.00 secs] 
205.718: [GC (Allocation Failure) [PSYoungGen: 84520K->10240K(91648K)] 403514K->344593K(1035776K), 0.0022858 secs] [Times: user=0.00 sys=0.00, real=0.00 secs] 
207.350: [GC (Allocation Failure) [PSYoungGen: 69161K->5120K(91648K)] 557114K->493073K(1035776K), 0.0013779 secs] [Times: user=0.00 sys=0.00, real=0.00 secs] 
207.894: [GC (Allocation Failure) [PSYoungGen: 79400K->1024K(91648K)] 669754K->642577K(1035776K), 0.0048113 secs] [Times: user=0.00 sys=0.00, real=0.00 secs] 
209.314: [GC (Allocation Failure) [PSYoungGen: 75305K->6144K(91648K)] 870459K->801297K(1035776K), 0.0015443 secs] [Times: user=0.00 sys=0.00, real=0.00 secs] 
210.414: [GC (Allocation Failure) [PSYoungGen: 79401K->10240K(91648K)] 925755K->856594K(1035776K), 0.0017287 secs] [Times: user=0.00 sys=0.00, real=0.00 secs] 
210.416: [GC (Allocation Failure) [PSYoungGen: 10240K->10240K(91648K)] 856594K->856594K(1035776K), 0.0024148 secs] [Times: user=0.00 sys=0.00, real=0.00 secs] 
210.419: [Full GC (Allocation Failure) [PSYoungGen: 10240K->0K(91648K)] [ParOldGen: 846353K->215569K(944128K)] 856594K->215569K(1035776K), [Metaspace: 2796K->2796K(1056768K)], 0.0166460 secs] [Times: user=0.00 sys=0.00, real=0.02 secs] 
212.628: [GC (Allocation Failure) [PSYoungGen: 75305K->11264K(91648K)] 546874K->482833K(1035776K), 0.0012174 secs] [Times: user=0.00 sys=0.00, real=0.00 secs] 
214.048: [GC (Allocation Failure) [PSYoungGen: 85545K->11264K(91648K)] 710715K->651793K(1035776K), 0.0021350 secs] [Times: user=0.00 sys=0.00, real=0.00 secs] 
215.800: [GC (Allocation Failure) [PSYoungGen: 84521K->5120K(91648K)] 725051K->655889K(1035776K), 0.0014781 secs] [Times: user=0.00 sys=0.00, real=0.00 secs] 
217.223: [GC (Allocation Failure) [PSYoungGen: 79397K->10240K(91648K)] 883766K->845330K(1035776K), 0.0029955 secs] [Times: user=0.00 sys=0.00, real=0.00 secs] 
217.551: [GC (Allocation Failure) [PSYoungGen: 42534K->10240K(91648K)] 928824K->896530K(1035776K), 0.0017688 secs] [Times: user=0.00 sys=0.00, real=0.00 secs] 
217.553: [GC (Allocation Failure) [PSYoungGen: 10240K->10240K(91648K)] 896530K->896530K(1035776K), 0.0013447 secs] [Times: user=0.00 sys=0.00, real=0.00 secs] 
217.554: [Full GC (Allocation Failure) [PSYoungGen: 10240K->0K(91648K)] [ParOldGen: 886290K->82449K(944128K)] 896530K->82449K(1035776K), [Metaspace: 2796K->2796K(1056768K)], 0.0073386 secs] [Times: user=0.00 sys=0.00, real=0.01 secs] 
Heap
 PSYoungGen      total 91648K, used 24655K [0x00000000f9a00000, 0x0000000100000000, 0x0000000100000000)
  eden space 78848K, 31% used [0x00000000f9a00000,0x00000000fb213eb0,0x00000000fe700000)
  from space 12800K, 0% used [0x00000000ff380000,0x00000000ff380000,0x0000000100000000)
  to   space 12800K, 0% used [0x00000000fe700000,0x00000000fe700000,0x00000000ff380000)
 ParOldGen       total 944128K, used 184849K [0x00000000c0000000, 0x00000000f9a00000, 0x00000000f9a00000)
  object space 944128K, 19% used [0x00000000c0000000,0x00000000cb484730,0x00000000f9a00000)
 Metaspace       used 2804K, capacity 4486K, committed 4864K, reserved 1056768K
  class space    used 297K, capacity 386K, committed 512K, reserved 1048576K
