Java HotSpot(TM) 64-Bit Server VM (25.411-b09) for windows-amd64 JRE (1.8.0_411-b09), built on Mar 13 2024 07:26:13 by "java_re" with MS VC++ 17.1 (VS2022)
Memory: 4k page, physical 33403376k(13851460k free), swap 37876016k(5334048k free)
CommandLine flags: -XX:InitialHeapSize=1073741824 -XX:MaxHeapSize=1073741824 -XX:NewRatio=3 -XX:ParallelGCThreads=6 -XX:+PrintGC -XX:+PrintGCDetails -XX:+PrintGCTimeStamps -XX:-UseAdaptiveSizePolicy -XX:+UseCompressedClassPointers -XX:+UseCompressedOops -XX:-UseLargePagesIndividualAllocation -XX:+UseParallelGC 
2.619: [GC (Allocation Failure) [PSYoungGen: 182968K->22224K(229376K)] 285368K->124632K(1015808K), 0.0046198 secs] [Times: user=0.00 sys=0.00, real=0.00 secs] 
3.496: [GC (Allocation Failure) [PSYoungGen: 215596K->18096K(229376K)] 318004K->120512K(1015808K), 0.0030362 secs] [Times: user=0.00 sys=0.00, real=0.00 secs] 
6.803: [GC (Allocation Failure) [PSYoungGen: 211467K->31352K(229376K)] 416283K->236168K(1015808K), 0.0040897 secs] [Times: user=0.00 sys=0.00, real=0.00 secs] 
7.564: [GC (Allocation Failure) [PSYoungGen: 226689K->31336K(229376K)] 431505K->251520K(1015808K), 0.0056716 secs] [Times: user=0.00 sys=0.00, real=0.00 secs] 
8.981: [GC (Allocation Failure) [PSYoungGen: 224688K->5720K(229376K)] 444872K->277104K(1015808K), 0.0162282 secs] [Times: user=0.02 sys=0.00, real=0.02 secs] 
11.315: [GC (Allocation Failure) [PSYoungGen: 199066K->31368K(229376K)] 572850K->405152K(1015808K), 0.0028558 secs] [Times: user=0.00 sys=0.00, real=0.00 secs] 
12.623: [GC (Allocation Failure) [PSYoungGen: 220881K->15944K(229376K)] 594665K->389736K(1015808K), 0.0029104 secs] [Times: user=0.00 sys=0.00, real=0.00 secs] 
13.498: [GC (Allocation Failure) [PSYoungGen: 209282K->11832K(229376K)] 583074K->385624K(1015808K), 0.0015842 secs] [Times: user=0.00 sys=0.00, real=0.00 secs] 
16.689: [GC (Allocation Failure) [PSYoungGen: 205162K->10872K(229376K)] 681354K->487064K(1015808K), 0.0015959 secs] [Times: user=0.00 sys=0.00, real=0.00 secs] 
18.458: [GC (Allocation Failure) [PSYoungGen: 178616K->31352K(229376K)] 757209K->630432K(1015808K), 0.0149236 secs] [Times: user=0.00 sys=0.00, real=0.02 secs] 
19.899: [GC (Allocation Failure) [PSYoungGen: 209346K->5688K(229376K)] 808426K->604768K(1015808K), 0.0022586 secs] [Times: user=0.00 sys=0.00, real=0.00 secs] 
20.988: [GC (Allocation Failure) [PSYoungGen: 193914K->10840K(229376K)] 792994K->712320K(1015808K), 0.0334333 secs] [Times: user=0.05 sys=0.00, real=0.03 secs] 
21.457: [GC (Allocation Failure) [PSYoungGen: 106901K->5752K(229376K)] 808382K->758432K(1015808K), 0.0156776 secs] [Times: user=0.00 sys=0.00, real=0.02 secs] 
21.472: [Full GC (Ergonomics) [PSYoungGen: 5752K->0K(229376K)] [ParOldGen: 752680K->159249K(786432K)] 758432K->159249K(1015808K), [Metaspace: 2779K->2779K(1056768K)], 0.0199802 secs] [Times: user=0.00 sys=0.00, real=0.02 secs] 
22.796: [GC (Allocation Failure) [PSYoungGen: 177981K->26624K(229376K)] 337231K->185873K(1015808K), 0.0023187 secs] [Times: user=0.00 sys=0.00, real=0.00 secs] 
24.102: [GC (Allocation Failure) [PSYoungGen: 209706K->20480K(229376K)] 368955K->179729K(1015808K), 0.0015562 secs] [Times: user=0.00 sys=0.00, real=0.00 secs] 
24.975: [GC (Allocation Failure) [PSYoungGen: 213806K->20480K(229376K)] 373055K->179729K(1015808K), 0.0017437 secs] [Times: user=0.00 sys=0.00, real=0.00 secs] 
27.816: [GC (Allocation Failure) [PSYoungGen: 213809K->10240K(229376K)] 475458K->271889K(1015808K), 0.0011123 secs] [Times: user=0.02 sys=0.00, real=0.00 secs] 
29.885: [GC (Allocation Failure) [PSYoungGen: 194175K->30752K(229376K)] 558224K->446009K(1015808K), 0.0073374 secs] [Times: user=0.00 sys=0.00, real=0.01 secs] 
31.958: [GC (Allocation Failure) [PSYoungGen: 225130K->6240K(229376K)] 742787K->523897K(1015808K), 0.0012434 secs] [Times: user=0.00 sys=0.00, real=0.00 secs] 
34.132: [GC (Allocation Failure) [PSYoungGen: 194480K->31776K(229376K)] 814537K->657977K(1015808K), 0.0029346 secs] [Times: user=0.00 sys=0.00, real=0.00 secs] 
35.441: [GC (Allocation Failure) [PSYoungGen: 214900K->20512K(229376K)] 841101K->646713K(1015808K), 0.0016247 secs] [Times: user=0.00 sys=0.00, real=0.00 secs] 
36.315: [GC (Allocation Failure) [PSYoungGen: 213865K->20544K(229376K)] 840066K->646745K(1015808K), 0.0023824 secs] [Times: user=0.00 sys=0.00, real=0.00 secs] 
38.390: [Full GC (Ergonomics) [PSYoungGen: 203650K->0K(229376K)] [ParOldGen: 728601K->61969K(786432K)] 932252K->61969K(1015808K), [Metaspace: 2793K->2793K(1056768K)], 0.0084144 secs] [Times: user=0.02 sys=0.00, real=0.01 secs] 
40.799: [GC (Allocation Failure) [PSYoungGen: 193355K->15360K(229376K)] 357725K->179729K(1015808K), 0.0012208 secs] [Times: user=0.00 sys=0.00, real=0.00 secs] 
43.963: [GC (Allocation Failure) [PSYoungGen: 199505K->21504K(229376K)] 466275K->288273K(1015808K), 0.0018458 secs] [Times: user=0.00 sys=0.00, real=0.00 secs] 
44.834: [GC (Allocation Failure) [PSYoungGen: 214869K->21504K(229376K)] 481638K->288273K(1015808K), 0.0018645 secs] [Times: user=0.00 sys=0.00, real=0.00 secs] 
46.906: [GC (Allocation Failure) [PSYoungGen: 173905K->20480K(229376K)] 543075K->410129K(1015808K), 0.0024784 secs] [Times: user=0.00 sys=0.00, real=0.00 secs] 
47.996: [GC (Allocation Failure) [PSYoungGen: 208725K->10240K(229376K)] 598374K->399889K(1015808K), 0.0012075 secs] [Times: user=0.00 sys=0.00, real=0.00 secs] 
49.743: [GC (Allocation Failure) [PSYoungGen: 177994K->30720K(229376K)] 670043K->573969K(1015808K), 0.0058956 secs] [Times: user=0.00 sys=0.00, real=0.01 secs] 
51.047: [GC (Allocation Failure) [PSYoungGen: 224080K->15360K(229376K)] 767330K->558609K(1015808K), 0.0016861 secs] [Times: user=0.00 sys=0.00, real=0.00 secs] 
51.922: [GC (Allocation Failure) [PSYoungGen: 208711K->11264K(229376K)] 751960K->554513K(1015808K), 0.0014863 secs] [Times: user=0.00 sys=0.00, real=0.00 secs] 
55.188: [GC (Allocation Failure) [PSYoungGen: 204595K->15360K(229376K)] 850244K->661009K(1015808K), 0.0017170 secs] [Times: user=0.00 sys=0.00, real=0.00 secs] 
55.956: [GC (Allocation Failure) [PSYoungGen: 208705K->20480K(229376K)] 854354K->666129K(1015808K), 0.0017897 secs] [Times: user=0.02 sys=0.00, real=0.00 secs] 
58.242: [Full GC (Ergonomics) [PSYoungGen: 177989K->0K(229376K)] [ParOldGen: 748049K->21009K(786432K)] 926038K->21009K(1015808K), [Metaspace: 2796K->2796K(1056768K)], 0.0035085 secs] [Times: user=0.00 sys=0.00, real=0.00 secs] 
59.339: [GC (Allocation Failure) [PSYoungGen: 188237K->10240K(229376K)] 209246K->82449K(1015808K), 0.0049547 secs] [Times: user=0.00 sys=0.00, real=0.01 secs] 
61.087: [GC (Allocation Failure) [PSYoungGen: 177988K->30720K(229376K)] 352598K->205329K(1015808K), 0.0024506 secs] [Times: user=0.00 sys=0.00, real=0.00 secs] 
62.393: [GC (Allocation Failure) [PSYoungGen: 218957K->15360K(229376K)] 393566K->189969K(1015808K), 0.0014121 secs] [Times: user=0.00 sys=0.00, real=0.00 secs] 
63.270: [GC (Allocation Failure) [PSYoungGen: 208708K->11264K(229376K)] 383318K->185873K(1015808K), 0.0012284 secs] [Times: user=0.02 sys=0.00, real=0.00 secs] 
66.433: [GC (Allocation Failure) [PSYoungGen: 204600K->10240K(229376K)] 481610K->287249K(1015808K), 0.0013444 secs] [Times: user=0.00 sys=0.00, real=0.00 secs] 
68.182: [GC (Allocation Failure) [PSYoungGen: 177989K->30720K(229376K)] 557398K->430609K(1015808K), 0.0033725 secs] [Times: user=0.00 sys=0.00, real=0.00 secs] 
69.600: [GC (Allocation Failure) [PSYoungGen: 208717K->5120K(229376K)] 608606K->405009K(1015808K), 0.0009618 secs] [Times: user=0.00 sys=0.00, real=0.00 secs] 
70.693: [GC (Allocation Failure) [PSYoungGen: 193348K->10240K(229376K)] 593237K->512529K(1015808K), 0.0153266 secs] [Times: user=0.00 sys=0.00, real=0.01 secs] 
72.445: [GC (Allocation Failure) [PSYoungGen: 177983K->31744K(229376K)] 782672K->636433K(1015808K), 0.0027745 secs] [Times: user=0.00 sys=0.00, real=0.00 secs] 
73.758: [GC (Allocation Failure) [PSYoungGen: 214857K->20480K(229376K)] 819546K->625169K(1015808K), 0.0016911 secs] [Times: user=0.00 sys=0.00, real=0.00 secs] 
74.630: [GC (Allocation Failure) [PSYoungGen: 213825K->20480K(229376K)] 818515K->625169K(1015808K), 0.0020139 secs] [Times: user=0.00 sys=0.00, real=0.00 secs] 
77.471: [Full GC (Ergonomics) [PSYoungGen: 213822K->0K(229376K)] [ParOldGen: 707089K->6144K(786432K)] 920911K->6144K(1015808K), [Metaspace: 2796K->2796K(1056768K)], 0.0031918 secs] [Times: user=0.00 sys=0.00, real=0.00 secs] 
79.538: [GC (Allocation Failure) [PSYoungGen: 183112K->25600K(229376K)] 291656K->185344K(1015808K), 0.0058272 secs] [Times: user=0.00 sys=0.00, real=0.01 secs] 
81.612: [GC (Allocation Failure) [PSYoungGen: 219983K->6144K(229376K)] 482127K->268288K(1015808K), 0.0011925 secs] [Times: user=0.00 sys=0.00, real=0.00 secs] 
83.798: [GC (Allocation Failure) [PSYoungGen: 194388K->31744K(229376K)] 558932K->402432K(1015808K), 0.0030131 secs] [Times: user=0.00 sys=0.00, real=0.00 secs] 
85.104: [GC (Allocation Failure) [PSYoungGen: 214870K->20480K(229376K)] 585558K->391168K(1015808K), 0.0019555 secs] [Times: user=0.00 sys=0.00, real=0.00 secs] 
85.976: [GC (Allocation Failure) [PSYoungGen: 213834K->20480K(229376K)] 584522K->391168K(1015808K), 0.0020693 secs] [Times: user=0.00 sys=0.00, real=0.00 secs] 
88.047: [GC (Allocation Failure) [PSYoungGen: 203587K->30720K(229376K)] 676675K->534528K(1015808K), 0.0044650 secs] [Times: user=0.00 sys=0.00, real=0.00 secs] 
90.426: [GC (Allocation Failure) [PSYoungGen: 224076K->15360K(229376K)] 830284K->621568K(1015808K), 0.0018711 secs] [Times: user=0.00 sys=0.00, real=0.00 secs] 
93.583: [GC (Allocation Failure) [PSYoungGen: 199506K->21504K(229376K)] 908114K->730112K(1015808K), 0.0022068 secs] [Times: user=0.00 sys=0.00, real=0.00 secs] 
94.456: [GC (Allocation Failure) [PSYoungGen: 214869K->21504K(229376K)] 923477K->730112K(1015808K), 0.0025587 secs] [Times: user=0.02 sys=0.00, real=0.00 secs] 
95.219: [GC (Allocation Failure) [PSYoungGen: 132945K->26624K(229376K)] 841554K->786432K(1015808K), 0.0159495 secs] [Times: user=0.01 sys=0.00, real=0.02 secs] 
95.235: [Full GC (Ergonomics) [PSYoungGen: 26624K->0K(229376K)] [ParOldGen: 759808K->78353K(786432K)] 786432K->78353K(1015808K), [Metaspace: 2796K->2796K(1056768K)], 0.0074460 secs] [Times: user=0.02 sys=0.00, real=0.01 secs] 
96.555: [GC (Allocation Failure) [PSYoungGen: 147262K->20480K(229376K)] 225615K->119313K(1015808K), 0.0024694 secs] [Times: user=0.00 sys=0.00, real=0.00 secs] 
97.648: [GC (Allocation Failure) [PSYoungGen: 208676K->10240K(229376K)] 307509K->109073K(1015808K), 0.0009848 secs] [Times: user=0.00 sys=0.00, real=0.00 secs] 
99.398: [GC (Allocation Failure) [PSYoungGen: 177962K->30720K(229376K)] 379196K->283153K(1015808K), 0.0059650 secs] [Times: user=0.00 sys=0.00, real=0.01 secs] 
100.706: [GC (Allocation Failure) [PSYoungGen: 224060K->15360K(229376K)] 476493K->267793K(1015808K), 0.0016590 secs] [Times: user=0.00 sys=0.00, real=0.00 secs] 
101.575: [GC (Allocation Failure) [PSYoungGen: 208698K->11264K(229376K)] 461131K->263697K(1015808K), 0.0009985 secs] [Times: user=0.00 sys=0.00, real=0.00 secs] 
104.863: [GC (Allocation Failure) [PSYoungGen: 204586K->15360K(229376K)] 559420K->370193K(1015808K), 0.0014396 secs] [Times: user=0.00 sys=0.00, real=0.00 secs] 
105.630: [GC (Allocation Failure) [PSYoungGen: 208699K->20480K(229376K)] 563533K->375313K(1015808K), 0.0020135 secs] [Times: user=0.00 sys=0.00, real=0.00 secs] 
107.921: [GC (Allocation Failure) [PSYoungGen: 177985K->20480K(229376K)] 635219K->477713K(1015808K), 0.0023315 secs] [Times: user=0.00 sys=0.00, real=0.00 secs] 
109.011: [GC (Allocation Failure) [PSYoungGen: 208714K->10240K(229376K)] 665948K->518673K(1015808K), 0.0049259 secs] [Times: user=0.00 sys=0.00, real=0.00 secs] 
110.757: [GC (Allocation Failure) [PSYoungGen: 177987K->30720K(229376K)] 788820K->641553K(1015808K), 0.0028781 secs] [Times: user=0.00 sys=0.00, real=0.00 secs] 
112.066: [GC (Allocation Failure) [PSYoungGen: 218956K->15360K(229376K)] 829789K->626193K(1015808K), 0.0014790 secs] [Times: user=0.02 sys=0.00, real=0.00 secs] 
112.935: [GC (Allocation Failure) [PSYoungGen: 208708K->11264K(229376K)] 819541K->622097K(1015808K), 0.0011974 secs] [Times: user=0.00 sys=0.00, real=0.00 secs] 
116.090: [GC (Allocation Failure) [PSYoungGen: 204600K->10240K(229376K)] 917833K->723473K(1015808K), 0.0011628 secs] [Times: user=0.00 sys=0.00, real=0.00 secs] 
116.527: [GC (Allocation Failure) [PSYoungGen: 106308K->25600K(229376K)] 819542K->790033K(1015808K), 0.0162078 secs] [Times: user=0.00 sys=0.00, real=0.02 secs] 
116.543: [Full GC (Ergonomics) [PSYoungGen: 25600K->0K(229376K)] [ParOldGen: 764433K->77329K(786432K)] 790033K->77329K(1015808K), [Metaspace: 2796K->2796K(1056768K)], 0.0078283 secs] [Times: user=0.00 sys=0.00, real=0.01 secs] 
117.865: [GC (Allocation Failure) [PSYoungGen: 177988K->25600K(229376K)] 255318K->102929K(1015808K), 0.0022631 secs] [Times: user=0.00 sys=0.00, real=0.00 secs] 
119.283: [GC (Allocation Failure) [PSYoungGen: 203566K->5120K(229376K)] 280896K->82449K(1015808K), 0.0006763 secs] [Times: user=0.00 sys=0.00, real=0.00 secs] 
120.369: [GC (Allocation Failure) [PSYoungGen: 193328K->10240K(229376K)] 270657K->189969K(1015808K), 0.0149356 secs] [Times: user=0.00 sys=0.00, real=0.02 secs] 
122.131: [GC (Allocation Failure) [PSYoungGen: 177970K->31744K(229376K)] 460099K->313873K(1015808K), 0.0025214 secs] [Times: user=0.00 sys=0.00, real=0.00 secs] 
123.437: [GC (Allocation Failure) [PSYoungGen: 214849K->20480K(229376K)] 496978K->302609K(1015808K), 0.0016706 secs] [Times: user=0.00 sys=0.00, real=0.00 secs] 
124.309: [GC (Allocation Failure) [PSYoungGen: 213820K->20480K(229376K)] 495950K->302609K(1015808K), 0.0017856 secs] [Times: user=0.00 sys=0.00, real=0.00 secs] 
127.145: [GC (Allocation Failure) [PSYoungGen: 213818K->10240K(229376K)] 598348K->394769K(1015808K), 0.0008880 secs] [Times: user=0.00 sys=0.00, real=0.00 secs] 
129.218: [GC (Allocation Failure) [PSYoungGen: 193350K->30720K(229376K)] 680279K->568849K(1015808K), 0.0059785 secs] [Times: user=0.00 sys=0.00, real=0.01 secs] 
131.292: [GC (Allocation Failure) [PSYoungGen: 225102K->6144K(229376K)] 865631K->646673K(1015808K), 0.0012106 secs] [Times: user=0.00 sys=0.00, real=0.00 secs] 
133.469: [Full GC (Ergonomics) [PSYoungGen: 194387K->0K(229376K)] [ParOldGen: 742929K->38912K(786432K)] 937316K->38912K(1015808K), [Metaspace: 2796K->2796K(1056768K)], 0.0049733 secs] [Times: user=0.00 sys=0.00, real=0.00 secs] 
134.789: [GC (Allocation Failure) [PSYoungGen: 183126K->20480K(229376K)] 222038K->59392K(1015808K), 0.0014232 secs] [Times: user=0.00 sys=0.00, real=0.00 secs] 
135.661: [GC (Allocation Failure) [PSYoungGen: 213834K->20480K(229376K)] 252746K->59392K(1015808K), 0.0017293 secs] [Times: user=0.00 sys=0.00, real=0.00 secs] 
137.729: [GC (Allocation Failure) [PSYoungGen: 203587K->20480K(229376K)] 344899K->202752K(1015808K), 0.0041794 secs] [Times: user=0.00 sys=0.00, real=0.00 secs] 
140.128: [GC (Allocation Failure) [PSYoungGen: 213836K->15360K(229376K)] 498508K->300032K(1015808K), 0.0015091 secs] [Times: user=0.00 sys=0.00, real=0.00 secs] 
143.282: [GC (Allocation Failure) [PSYoungGen: 199505K->21504K(229376K)] 586578K->408576K(1015808K), 0.0018559 secs] [Times: user=0.00 sys=0.00, real=0.00 secs] 
144.152: [GC (Allocation Failure) [PSYoungGen: 214869K->21504K(229376K)] 601941K->408576K(1015808K), 0.0018471 secs] [Times: user=0.00 sys=0.00, real=0.00 secs] 
146.225: [GC (Allocation Failure) [PSYoungGen: 173905K->20480K(229376K)] 663378K->530432K(1015808K), 0.0025005 secs] [Times: user=0.00 sys=0.00, real=0.00 secs] 
147.316: [GC (Allocation Failure) [PSYoungGen: 208725K->10240K(229376K)] 718677K->520192K(1015808K), 0.0016841 secs] [Times: user=0.06 sys=0.00, real=0.00 secs] 
149.062: [GC (Allocation Failure) [PSYoungGen: 177994K->30720K(229376K)] 790346K->694272K(1015808K), 0.0060383 secs] [Times: user=0.01 sys=0.00, real=0.00 secs] 
150.367: [GC (Allocation Failure) [PSYoungGen: 224080K->15360K(229376K)] 887632K->678912K(1015808K), 0.0019596 secs] [Times: user=0.00 sys=0.00, real=0.00 secs] 
151.242: [GC (Allocation Failure) [PSYoungGen: 208711K->11264K(229376K)] 872263K->674816K(1015808K), 0.0018675 secs] [Times: user=0.00 sys=0.00, real=0.00 secs] 
154.512: [Full GC (Ergonomics) [PSYoungGen: 204595K->0K(229376K)] [ParOldGen: 765952K->16384K(786432K)] 970547K->16384K(1015808K), [Metaspace: 2796K->2796K(1056768K)], 0.0034144 secs] [Times: user=0.00 sys=0.00, real=0.00 secs] 
155.276: [GC (Allocation Failure) [PSYoungGen: 193345K->15360K(229376K)] 209729K->31744K(1015808K), 0.0012741 secs] [Times: user=0.00 sys=0.00, real=0.00 secs] 
157.564: [GC (Allocation Failure) [PSYoungGen: 172869K->20480K(229376K)] 291653K->139264K(1015808K), 0.0023894 secs] [Times: user=0.00 sys=0.00, real=0.00 secs] 
158.654: [GC (Allocation Failure) [PSYoungGen: 208717K->10240K(229376K)] 327501K->180224K(1015808K), 0.0047081 secs] [Times: user=0.00 sys=0.00, real=0.00 secs] 
160.394: [GC (Allocation Failure) [PSYoungGen: 177988K->30720K(229376K)] 450373K->303104K(1015808K), 0.0027945 secs] [Times: user=0.02 sys=0.00, real=0.00 secs] 
161.698: [GC (Allocation Failure) [PSYoungGen: 218957K->15360K(229376K)] 491341K->287744K(1015808K), 0.0015987 secs] [Times: user=0.00 sys=0.00, real=0.00 secs] 
162.569: [GC (Allocation Failure) [PSYoungGen: 208708K->11264K(229376K)] 481092K->283648K(1015808K), 0.0011260 secs] [Times: user=0.00 sys=0.00, real=0.00 secs] 
165.728: [GC (Allocation Failure) [PSYoungGen: 204600K->10240K(229376K)] 579384K->385024K(1015808K), 0.0011361 secs] [Times: user=0.00 sys=0.00, real=0.00 secs] 
167.470: [GC (Allocation Failure) [PSYoungGen: 177989K->30720K(229376K)] 655173K->528384K(1015808K), 0.0044363 secs] [Times: user=0.02 sys=0.00, real=0.00 secs] 
168.887: [GC (Allocation Failure) [PSYoungGen: 208717K->5120K(229376K)] 706381K->502784K(1015808K), 0.0015194 secs] [Times: user=0.00 sys=0.00, real=0.00 secs] 
169.976: [GC (Allocation Failure) [PSYoungGen: 193348K->10240K(229376K)] 691012K->610304K(1015808K), 0.0156546 secs] [Times: user=0.00 sys=0.00, real=0.01 secs] 
171.740: [Full GC (Ergonomics) [PSYoungGen: 177983K->0K(229376K)] [ParOldGen: 702464K->134673K(786432K)] 880447K->134673K(1015808K), [Metaspace: 2796K->2796K(1056768K)], 0.0115339 secs] [Times: user=0.00 sys=0.00, real=0.01 secs] 
173.067: [GC (Allocation Failure) [PSYoungGen: 183113K->20480K(229376K)] 317786K->155153K(1015808K), 0.0016867 secs] [Times: user=0.00 sys=0.00, real=0.00 secs] 
173.939: [GC (Allocation Failure) [PSYoungGen: 213825K->20480K(229376K)] 348499K->155153K(1015808K), 0.0016336 secs] [Times: user=0.00 sys=0.00, real=0.00 secs] 
176.774: [GC (Allocation Failure) [PSYoungGen: 213822K->10240K(229376K)] 450895K->247313K(1015808K), 0.0010079 secs] [Times: user=0.00 sys=0.00, real=0.00 secs] 
178.839: [GC (Allocation Failure) [PSYoungGen: 193352K->30720K(229376K)] 532826K->421393K(1015808K), 0.0058206 secs] [Times: user=0.00 sys=0.00, real=0.01 secs] 
180.906: [GC (Allocation Failure) [PSYoungGen: 225103K->6144K(229376K)] 718177K->499217K(1015808K), 0.0009173 secs] [Times: user=0.00 sys=0.00, real=0.00 secs] 
183.087: [GC (Allocation Failure) [PSYoungGen: 194388K->31744K(229376K)] 789861K->633361K(1015808K), 0.0034126 secs] [Times: user=0.00 sys=0.00, real=0.00 secs] 
184.395: [GC (Allocation Failure) [PSYoungGen: 214870K->20480K(229376K)] 816488K->622097K(1015808K), 0.0015999 secs] [Times: user=0.00 sys=0.00, real=0.00 secs] 
185.268: [GC (Allocation Failure) [PSYoungGen: 213834K->20480K(229376K)] 815452K->622097K(1015808K), 0.0017887 secs] [Times: user=0.00 sys=0.00, real=0.00 secs] 
187.329: [GC (Allocation Failure) [PSYoungGen: 203587K->30720K(229376K)] 907605K->765457K(1015808K), 0.0040896 secs] [Times: user=0.00 sys=0.00, real=0.00 secs] 
187.333: [Full GC (Ergonomics) [PSYoungGen: 30720K->0K(229376K)] [ParOldGen: 734737K->61969K(786432K)] 765457K->61969K(1015808K), [Metaspace: 2796K->2796K(1056768K)], 0.0065553 secs] [Times: user=0.00 sys=0.00, real=0.01 secs] 
189.741: [GC (Allocation Failure) [PSYoungGen: 193356K->15360K(229376K)] 357725K->179729K(1015808K), 0.0011908 secs] [Times: user=0.00 sys=0.00, real=0.00 secs] 
192.901: [GC (Allocation Failure) [PSYoungGen: 199506K->21536K(229376K)] 466275K->288305K(1015808K), 0.0017064 secs] [Times: user=0.00 sys=0.00, real=0.00 secs] 
193.775: [GC (Allocation Failure) [PSYoungGen: 214901K->21536K(229376K)] 481670K->288305K(1015808K), 0.0019813 secs] [Times: user=0.00 sys=0.00, real=0.00 secs] 
195.851: [GC (Allocation Failure) [PSYoungGen: 173938K->20512K(229376K)] 543107K->410161K(1015808K), 0.0028759 secs] [Times: user=0.00 sys=0.00, real=0.00 secs] 
196.939: [GC (Allocation Failure) [PSYoungGen: 208757K->30752K(229376K)] 598407K->420401K(1015808K), 0.0024429 secs] [Times: user=0.00 sys=0.00, real=0.00 secs] 
198.680: [GC (Allocation Failure) [PSYoungGen: 198506K->30752K(229376K)] 690555K->594481K(1015808K), 0.0071063 secs] [Times: user=0.00 sys=0.00, real=0.01 secs] 
200.001: [GC (Allocation Failure) [PSYoungGen: 224112K->15392K(229376K)] 787842K->579121K(1015808K), 0.0014821 secs] [Times: user=0.00 sys=0.00, real=0.00 secs] 
200.875: [GC (Allocation Failure) [PSYoungGen: 208743K->11296K(229376K)] 772472K->575025K(1015808K), 0.0012797 secs] [Times: user=0.00 sys=0.00, real=0.00 secs] 
204.144: [GC (Allocation Failure) [PSYoungGen: 204627K->15392K(229376K)] 870756K->681521K(1015808K), 0.0016609 secs] [Times: user=0.00 sys=0.00, real=0.00 secs] 
204.910: [GC (Allocation Failure) [PSYoungGen: 208737K->20512K(229376K)] 874866K->686641K(1015808K), 0.0017968 secs] [Times: user=0.00 sys=0.00, real=0.00 secs] 
207.201: [Full GC (Ergonomics) [PSYoungGen: 178021K->0K(229376K)] [ParOldGen: 768529K->21504K(786432K)] 946550K->21504K(1015808K), [Metaspace: 2796K->2796K(1056768K)], 0.0045263 secs] [Times: user=0.00 sys=0.00, real=0.01 secs] 
208.288: [GC (Allocation Failure) [PSYoungGen: 188237K->10240K(229376K)] 209741K->82944K(1015808K), 0.0053325 secs] [Times: user=0.00 sys=0.00, real=0.00 secs] 
210.030: [GC (Allocation Failure) [PSYoungGen: 177988K->30720K(229376K)] 353093K->205824K(1015808K), 0.0030164 secs] [Times: user=0.00 sys=0.00, real=0.00 secs] 
211.339: [GC (Allocation Failure) [PSYoungGen: 218957K->15360K(229376K)] 394061K->190464K(1015808K), 0.0014836 secs] [Times: user=0.00 sys=0.00, real=0.00 secs] 
212.208: [GC (Allocation Failure) [PSYoungGen: 208708K->11264K(229376K)] 383813K->186368K(1015808K), 0.0011367 secs] [Times: user=0.00 sys=0.00, real=0.00 secs] 
215.368: [GC (Allocation Failure) [PSYoungGen: 204600K->10240K(229376K)] 482105K->287744K(1015808K), 0.0010306 secs] [Times: user=0.00 sys=0.00, real=0.00 secs] 
217.114: [GC (Allocation Failure) [PSYoungGen: 177989K->30720K(229376K)] 557893K->431104K(1015808K), 0.0039148 secs] [Times: user=0.00 sys=0.00, real=0.00 secs] 
Heap
 PSYoungGen      total 229376K, used 212649K [0x00000000f0000000, 0x0000000100000000, 0x0000000100000000)
  eden space 196608K, 92% used [0x00000000f0000000,0x00000000fb1aa6a0,0x00000000fc000000)
  from space 32768K, 93% used [0x00000000fe000000,0x00000000ffe00030,0x0000000100000000)
  to   space 32768K, 0% used [0x00000000fc000000,0x00000000fc000000,0x00000000fe000000)
 ParOldGen       total 786432K, used 400384K [0x00000000c0000000, 0x00000000f0000000, 0x00000000f0000000)
  object space 786432K, 50% used [0x00000000c0000000,0x00000000d87001f8,0x00000000f0000000)
 Metaspace       used 2804K, capacity 4486K, committed 4864K, reserved 1056768K
  class space    used 297K, capacity 386K, committed 512K, reserved 1048576K
