Java HotSpot(TM) 64-Bit Server VM (25.411-b09) for windows-amd64 JRE (1.8.0_411-b09), built on Mar 13 2024 07:26:13 by "java_re" with MS VC++ 17.1 (VS2022)
Memory: 4k page, physical 33403376k(14384692k free), swap 36670664k(7343064k free)
CommandLine flags: -XX:InitialHeapSize=536870912 -XX:MaxHeapSize=536870912 -XX:NewRatio=9 -XX:ParallelGCThreads=6 -XX:+PrintGC -XX:+PrintGCDetails -XX:+PrintGCTimeStamps -XX:SurvivorRatio=1 -XX:-UseAdaptiveSizePolicy -XX:+UseCompressedClassPointers -XX:+UseCompressedOops -XX:-UseLargePagesIndividualAllocation -XX:+UseParallelGC 
0.497: [GC (Allocation Failure) [PSYoungGen: 13680K->5736K(34816K)] 13680K->5744K(506880K), 0.0020147 secs] [Times: user=0.00 sys=0.00, real=0.00 secs] 
0.824: [GC (Allocation Failure) [PSYoungGen: 21435K->10912K(34816K)] 21443K->10920K(506880K), 0.0025538 secs] [Times: user=0.00 sys=0.00, real=0.00 secs] 
1.636: [GC (Allocation Failure) [PSYoungGen: 27636K->7872K(34816K)] 211964K->192200K(506880K), 0.0015455 secs] [Times: user=0.00 sys=0.00, real=0.00 secs] 
2.071: [GC (Allocation Failure) [PSYoungGen: 24599K->11904K(34816K)] 208927K->196232K(506880K), 0.0014324 secs] [Times: user=0.00 sys=0.00, real=0.00 secs] 
3.099: [GC (Allocation Failure) [PSYoungGen: 28630K->12968K(34816K)] 407518K->391856K(506880K), 0.0021230 secs] [Times: user=0.00 sys=0.00, real=0.00 secs] 
3.536: [GC (Allocation Failure) [PSYoungGen: 29696K->17000K(34816K)] 408584K->396912K(506880K), 0.0025313 secs] [Times: user=0.00 sys=0.00, real=0.00 secs] 
4.626: [GC (Allocation Failure) [PSYoungGen: 33727K->1656K(34816K)] 423879K->391808K(506880K), 0.0008181 secs] [Times: user=0.00 sys=0.00, real=0.00 secs] 
4.952: [GC (Allocation Failure) [PSYoungGen: 17361K->10904K(34816K)] 407513K->401056K(506880K), 0.0012091 secs] [Times: user=0.00 sys=0.00, real=0.00 secs] 
5.605: [GC (Allocation Failure) [PSYoungGen: 26607K->5720K(34816K)] 457719K->436832K(506880K), 0.0010408 secs] [Times: user=0.00 sys=0.00, real=0.00 secs] 
5.606: [GC (Allocation Failure) [PSYoungGen: 5720K->5720K(34816K)] 436832K->436832K(506880K), 0.0010443 secs] [Times: user=0.00 sys=0.00, real=0.00 secs] 
5.607: [Full GC (Allocation Failure) [PSYoungGen: 5720K->0K(34816K)] [ParOldGen: 431112K->36368K(472064K)] 436832K->36368K(506880K), [Metaspace: 2753K->2753K(1056768K)], 0.0088895 secs] [Times: user=0.00 sys=0.00, real=0.01 secs] 
6.272: [GC (Allocation Failure) [PSYoungGen: 12633K->10240K(34816K)] 202602K->200208K(506880K), 0.0008446 secs] [Times: user=0.00 sys=0.00, real=0.00 secs] 
6.599: [GC (Allocation Failure) [PSYoungGen: 25946K->10240K(34816K)] 215915K->200208K(506880K), 0.0010753 secs] [Times: user=0.00 sys=0.00, real=0.00 secs] 
7.364: [GC (Allocation Failure) [PSYoungGen: 27142K->6176K(34816K)] 401431K->380472K(506880K), 0.0017560 secs] [Times: user=0.00 sys=0.00, real=0.00 secs] 
8.566: [GC (Allocation Failure) [PSYoungGen: 22905K->32K(34816K)] 468882K->446008K(506880K), 0.0014287 secs] [Times: user=0.00 sys=0.00, real=0.00 secs] 
8.567: [GC (Allocation Failure) [PSYoungGen: 32K->32K(34816K)] 446008K->446008K(506880K), 0.0011465 secs] [Times: user=0.00 sys=0.00, real=0.00 secs] 
8.568: [Full GC (Allocation Failure) [PSYoungGen: 32K->0K(34816K)] [ParOldGen: 445976K->51728K(472064K)] 446008K->51728K(506880K), [Metaspace: 2759K->2759K(1056768K)], 0.0054710 secs] [Times: user=0.00 sys=0.00, real=0.00 secs] 
9.125: [GC (Allocation Failure) [PSYoungGen: 12634K->5120K(34816K)] 166763K->159248K(506880K), 0.0008388 secs] [Times: user=0.00 sys=0.00, real=0.00 secs] 
9.453: [GC (Allocation Failure) [PSYoungGen: 20827K->10240K(34816K)] 174956K->164368K(506880K), 0.0010844 secs] [Times: user=0.00 sys=0.00, real=0.00 secs] 
10.217: [GC (Allocation Failure) [PSYoungGen: 26968K->6144K(34816K)] 365417K->344592K(506880K), 0.0009507 secs] [Times: user=0.00 sys=0.00, real=0.00 secs] 
10.654: [GC (Allocation Failure) [PSYoungGen: 22874K->10240K(34816K)] 361323K->348688K(506880K), 0.0010317 secs] [Times: user=0.00 sys=0.00, real=0.00 secs] 
11.423: [GC (Allocation Failure) [PSYoungGen: 25944K->10240K(34816K)] 456553K->440849K(506880K), 0.0012040 secs] [Times: user=0.00 sys=0.00, real=0.00 secs] 
11.424: [GC (Allocation Failure) [PSYoungGen: 10240K->10240K(34816K)] 440849K->440849K(506880K), 0.0012879 secs] [Times: user=0.00 sys=0.00, real=0.00 secs] 
11.425: [Full GC (Allocation Failure) [PSYoungGen: 10240K->0K(34816K)] [ParOldGen: 430609K->215568K(472064K)] 440849K->215568K(506880K), [Metaspace: 2761K->2761K(1056768K)], 0.0116749 secs] [Times: user=0.00 sys=0.00, real=0.01 secs] 
12.858: [GC (Allocation Failure) [PSYoungGen: 11722K->5152K(34816K)] 421851K->415289K(506880K), 0.0008949 secs] [Times: user=0.00 sys=0.00, real=0.00 secs] 
12.858: [GC (Allocation Failure) [PSYoungGen: 5152K->5152K(34816K)] 415289K->415289K(506880K), 0.0007438 secs] [Times: user=0.00 sys=0.00, real=0.00 secs] 
12.859: [Full GC (Allocation Failure) [PSYoungGen: 5152K->0K(34816K)] [ParOldGen: 410137K->56849K(472064K)] 415289K->56849K(506880K), [Metaspace: 2763K->2763K(1056768K)], 0.0052999 secs] [Times: user=0.00 sys=0.00, real=0.01 secs] 
13.422: [GC (Allocation Failure) [PSYoungGen: 12634K->6144K(34816K)] 171883K->165393K(506880K), 0.0008551 secs] [Times: user=0.00 sys=0.00, real=0.00 secs] 
13.750: [GC (Allocation Failure) [PSYoungGen: 21851K->6144K(34816K)] 181100K->165393K(506880K), 0.0009549 secs] [Times: user=0.00 sys=0.00, real=0.00 secs] 
14.515: [GC (Allocation Failure) [PSYoungGen: 22872K->12288K(34816K)] 366442K->355857K(506880K), 0.0015202 secs] [Times: user=0.00 sys=0.00, real=0.00 secs] 
14.952: [GC (Allocation Failure) [PSYoungGen: 29018K->16384K(34816K)] 372587K->365073K(506880K), 0.0022452 secs] [Times: user=0.00 sys=0.00, real=0.00 secs] 
16.043: [GC (Allocation Failure) [PSYoungGen: 32088K->0K(34816K)] 401257K->369169K(506880K), 0.0013337 secs] [Times: user=0.00 sys=0.00, real=0.00 secs] 
16.369: [GC (Allocation Failure) [PSYoungGen: 15705K->10240K(34816K)] 384874K->379409K(506880K), 0.0010354 secs] [Times: user=0.00 sys=0.00, real=0.00 secs] 
17.131: [Full GC (Ergonomics) [PSYoungGen: 25943K->0K(34816K)] [ParOldGen: 461329K->77329K(472064K)] 487273K->77329K(506880K), [Metaspace: 2768K->2768K(1056768K)], 0.0065009 secs] [Times: user=0.00 sys=0.00, real=0.01 secs] 
17.692: [GC (Allocation Failure) [PSYoungGen: 12633K->5120K(34816K)] 192362K->184849K(506880K), 0.0010181 secs] [Times: user=0.00 sys=0.00, real=0.00 secs] 
18.020: [GC (Allocation Failure) [PSYoungGen: 20826K->10240K(34816K)] 200555K->189969K(506880K), 0.0009970 secs] [Times: user=0.00 sys=0.00, real=0.00 secs] 
18.782: [GC (Allocation Failure) [PSYoungGen: 26968K->6144K(34816K)] 391017K->370193K(506880K), 0.0009417 secs] [Times: user=0.00 sys=0.00, real=0.00 secs] 
19.218: [GC (Allocation Failure) [PSYoungGen: 22873K->10240K(34816K)] 386923K->374289K(506880K), 0.0010577 secs] [Times: user=0.00 sys=0.00, real=0.00 secs] 
19.981: [GC (Allocation Failure) [PSYoungGen: 15704K->0K(34816K)] 430953K->415249K(506880K), 0.0010581 secs] [Times: user=0.00 sys=0.00, real=0.00 secs] 
19.983: [GC (Allocation Failure) [PSYoungGen: 0K->0K(34816K)] 415249K->415249K(506880K), 0.0009046 secs] [Times: user=0.00 sys=0.00, real=0.00 secs] 
19.983: [Full GC (Allocation Failure) [PSYoungGen: 0K->0K(34816K)] [ParOldGen: 415249K->51729K(472064K)] 415249K->51729K(506880K), [Metaspace: 2770K->2770K(1056768K)], 0.0048810 secs] [Times: user=0.00 sys=0.00, real=0.00 secs] 
20.543: [GC (Allocation Failure) [PSYoungGen: 12632K->5120K(34816K)] 166761K->159249K(506880K), 0.0008766 secs] [Times: user=0.00 sys=0.00, real=0.00 secs] 
20.872: [GC (Allocation Failure) [PSYoungGen: 20825K->10240K(34816K)] 174954K->164369K(506880K), 0.0008673 secs] [Times: user=0.00 sys=0.00, real=0.00 secs] 
21.641: [GC (Allocation Failure) [PSYoungGen: 26967K->7168K(34816K)] 365417K->345617K(506880K), 0.0008709 secs] [Times: user=0.00 sys=0.00, real=0.00 secs] 
22.078: [GC (Allocation Failure) [PSYoungGen: 23897K->11264K(34816K)] 362346K->349713K(506880K), 0.0011833 secs] [Times: user=0.00 sys=0.00, real=0.00 secs] 
22.841: [GC (Allocation Failure) [PSYoungGen: 26967K->11264K(34816K)] 457577K->441873K(506880K), 0.0012953 secs] [Times: user=0.00 sys=0.00, real=0.00 secs] 
22.842: [GC (Allocation Failure) [PSYoungGen: 11264K->11264K(34816K)] 441873K->441873K(506880K), 0.0010394 secs] [Times: user=0.00 sys=0.00, real=0.00 secs] 
22.843: [Full GC (Allocation Failure) [PSYoungGen: 11264K->0K(34816K)] [ParOldGen: 430609K->165393K(472064K)] 441873K->165393K(506880K), [Metaspace: 2779K->2779K(1056768K)], 0.0120120 secs] [Times: user=0.00 sys=0.00, real=0.01 secs] 
24.714: [Full GC (Ergonomics) [PSYoungGen: 14681K->0K(34816K)] [ParOldGen: 462353K->15889K(472064K)] 477034K->15889K(506880K), [Metaspace: 2779K->2779K(1056768K)], 0.0026881 secs] [Times: user=0.00 sys=0.00, real=0.00 secs] 
25.044: [GC (Allocation Failure) [PSYoungGen: 15706K->5120K(34816K)] 31595K->21009K(506880K), 0.0006964 secs] [Times: user=0.00 sys=0.00, real=0.00 secs] 
26.024: [GC (Allocation Failure) [PSYoungGen: 17752K->1024K(34816K)] 228201K->211473K(506880K), 0.0006931 secs] [Times: user=0.00 sys=0.00, real=0.00 secs] 
26.349: [GC (Allocation Failure) [PSYoungGen: 16729K->10240K(34816K)] 227178K->220689K(506880K), 0.0009938 secs] [Times: user=0.00 sys=0.00, real=0.00 secs] 
27.552: [GC (Allocation Failure) [PSYoungGen: 25944K->0K(34816K)] 277353K->251409K(506880K), 0.0006985 secs] [Times: user=0.00 sys=0.00, real=0.00 secs] 
27.878: [GC (Allocation Failure) [PSYoungGen: 15705K->10240K(34816K)] 267114K->261649K(506880K), 0.0010019 secs] [Times: user=0.00 sys=0.00, real=0.00 secs] 
28.864: [GC (Allocation Failure) [PSYoungGen: 22945K->6176K(34816K)] 468914K->452153K(506880K), 0.0010077 secs] [Times: user=0.00 sys=0.00, real=0.00 secs] 
29.191: [GC (Allocation Failure) [PSYoungGen: 21881K->10336K(34816K)] 467858K->456313K(506880K), 0.0012509 secs] [Times: user=0.00 sys=0.00, real=0.00 secs] 
29.737: [Full GC (Ergonomics) [PSYoungGen: 26039K->0K(34816K)] [ParOldGen: 466457K->72209K(472064K)] 492497K->72209K(506880K), [Metaspace: 2793K->2793K(1056768K)], 0.0063898 secs] [Times: user=0.00 sys=0.00, real=0.01 secs] 
30.501: [GC (Allocation Failure) [PSYoungGen: 12633K->5120K(34816K)] 258922K->251409K(506880K), 0.0008362 secs] [Times: user=0.00 sys=0.00, real=0.00 secs] 
31.586: [GC (Allocation Failure) [PSYoungGen: 21850K->2048K(34816K)] 370539K->350737K(506880K), 0.0008502 secs] [Times: user=0.00 sys=0.00, real=0.00 secs] 
32.021: [GC (Allocation Failure) [PSYoungGen: 18779K->6144K(34816K)] 367468K->354833K(506880K), 0.0010781 secs] [Times: user=0.00 sys=0.00, real=0.00 secs] 
32.788: [GC (Allocation Failure) [PSYoungGen: 21848K->6144K(34816K)] 462698K->446993K(506880K), 0.0011445 secs] [Times: user=0.00 sys=0.00, real=0.00 secs] 
32.789: [GC (Allocation Failure) [PSYoungGen: 6144K->6144K(34816K)] 446993K->446993K(506880K), 0.0007832 secs] [Times: user=0.00 sys=0.00, real=0.00 secs] 
32.790: [Full GC (Allocation Failure) [PSYoungGen: 6144K->0K(34816K)] [ParOldGen: 440849K->57873K(472064K)] 446993K->57873K(506880K), [Metaspace: 2793K->2793K(1056768K)], 0.0051889 secs] [Times: user=0.00 sys=0.00, real=0.01 secs] 
33.349: [GC (Allocation Failure) [PSYoungGen: 12634K->6144K(34816K)] 172907K->166417K(506880K), 0.0007889 secs] [Times: user=0.00 sys=0.00, real=0.00 secs] 
33.677: [GC (Allocation Failure) [PSYoungGen: 21850K->6144K(34816K)] 182124K->166417K(506880K), 0.0008395 secs] [Times: user=0.00 sys=0.00, real=0.00 secs] 
34.440: [GC (Allocation Failure) [PSYoungGen: 22872K->12288K(34816K)] 367466K->356881K(506880K), 0.0014246 secs] [Times: user=0.00 sys=0.00, real=0.00 secs] 
35.644: [GC (Allocation Failure) [PSYoungGen: 29017K->0K(34816K)] 455531K->426513K(506880K), 0.0010933 secs] [Times: user=0.00 sys=0.00, real=0.00 secs] 
35.645: [GC (Allocation Failure) [PSYoungGen: 0K->0K(34816K)] 426513K->426513K(506880K), 0.0013246 secs] [Times: user=0.00 sys=0.00, real=0.00 secs] 
35.646: [Full GC (Allocation Failure) [PSYoungGen: 0K->0K(34816K)] [ParOldGen: 426513K->61969K(472064K)] 426513K->61969K(506880K), [Metaspace: 2793K->2793K(1056768K)], 0.0058772 secs] [Times: user=0.00 sys=0.00, real=0.01 secs] 
36.204: [GC (Allocation Failure) [PSYoungGen: 12634K->10240K(34816K)] 177004K->174609K(506880K), 0.0010708 secs] [Times: user=0.00 sys=0.00, real=0.00 secs] 
36.532: [GC (Allocation Failure) [PSYoungGen: 25947K->10240K(34816K)] 190316K->174609K(506880K), 0.0009271 secs] [Times: user=0.00 sys=0.00, real=0.00 secs] 
37.297: [GC (Allocation Failure) [PSYoungGen: 26968K->6144K(34816K)] 375658K->354833K(506880K), 0.0009513 secs] [Times: user=0.00 sys=0.00, real=0.00 secs] 
37.733: [GC (Allocation Failure) [PSYoungGen: 22874K->15360K(34816K)] 371563K->364049K(506880K), 0.0013711 secs] [Times: user=0.01 sys=0.02, real=0.00 secs] 
39.048: [GC (Allocation Failure) [PSYoungGen: 31064K->0K(34816K)] 471913K->440849K(506880K), 0.0010801 secs] [Times: user=0.00 sys=0.00, real=0.00 secs] 
39.376: [GC (Allocation Failure) [PSYoungGen: 15705K->10240K(34816K)] 456555K->451089K(506880K), 0.0013088 secs] [Times: user=0.00 sys=0.00, real=0.00 secs] 
39.813: [Full GC (Ergonomics) [PSYoungGen: 25943K->0K(34816K)] [ParOldGen: 471569K->26129K(472064K)] 497513K->26129K(506880K), [Metaspace: 2793K->2793K(1056768K)], 0.0033787 secs] [Times: user=0.00 sys=0.00, real=0.00 secs] 
40.469: [GC (Allocation Failure) [PSYoungGen: 12633K->5120K(34816K)] 192362K->184849K(506880K), 0.0006646 secs] [Times: user=0.00 sys=0.00, real=0.00 secs] 
40.797: [GC (Allocation Failure) [PSYoungGen: 20826K->10240K(34816K)] 200555K->189969K(506880K), 0.0008533 secs] [Times: user=0.00 sys=0.00, real=0.00 secs] 
41.562: [GC (Allocation Failure) [PSYoungGen: 26968K->7168K(34816K)] 391017K->371217K(506880K), 0.0008827 secs] [Times: user=0.00 sys=0.00, real=0.00 secs] 
41.997: [GC (Allocation Failure) [PSYoungGen: 23897K->11264K(34816K)] 387947K->375313K(506880K), 0.0009575 secs] [Times: user=0.00 sys=0.00, real=0.00 secs] 
42.977: [GC (Allocation Failure) [PSYoungGen: 27992K->1024K(34816K)] 392041K->365073K(506880K), 0.0006209 secs] [Times: user=0.00 sys=0.00, real=0.00 secs] 
43.413: [GC (Allocation Failure) [PSYoungGen: 17751K->6144K(34816K)] 381800K->370193K(506880K), 0.0011572 secs] [Times: user=0.00 sys=0.00, real=0.00 secs] 
44.178: [Full GC (Ergonomics) [PSYoungGen: 21846K->0K(34816K)] [ParOldGen: 456209K->62993K(472064K)] 478055K->62993K(506880K), [Metaspace: 2795K->2795K(1056768K)], 0.0058547 secs] [Times: user=0.00 sys=0.00, real=0.01 secs] 
44.737: [GC (Allocation Failure) [PSYoungGen: 12632K->10240K(34816K)] 178025K->175633K(506880K), 0.0009866 secs] [Times: user=0.00 sys=0.00, real=0.00 secs] 
45.067: [GC (Allocation Failure) [PSYoungGen: 25945K->10240K(34816K)] 191339K->175633K(506880K), 0.0011023 secs] [Times: user=0.00 sys=0.00, real=0.00 secs] 
45.834: [GC (Allocation Failure) [PSYoungGen: 26967K->6144K(34816K)] 376681K->355857K(506880K), 0.0011284 secs] [Times: user=0.00 sys=0.00, real=0.00 secs] 
47.033: [GC (Allocation Failure) [PSYoungGen: 17753K->0K(34816K)] 449386K->431633K(506880K), 0.0013585 secs] [Times: user=0.00 sys=0.00, real=0.00 secs] 
47.035: [GC (Allocation Failure) [PSYoungGen: 0K->0K(34816K)] 431633K->431633K(506880K), 0.0009233 secs] [Times: user=0.00 sys=0.00, real=0.00 secs] 
47.036: [Full GC (Allocation Failure) [PSYoungGen: 0K->0K(34816K)] [ParOldGen: 431633K->72209K(472064K)] 431633K->72209K(506880K), [Metaspace: 2795K->2795K(1056768K)], 0.0065377 secs] [Times: user=0.00 sys=0.00, real=0.01 secs] 
47.597: [GC (Allocation Failure) [PSYoungGen: 12634K->5120K(34816K)] 187243K->179729K(506880K), 0.0009110 secs] [Times: user=0.00 sys=0.00, real=0.00 secs] 
47.924: [GC (Allocation Failure) [PSYoungGen: 20827K->10240K(34816K)] 195436K->184849K(506880K), 0.0009627 secs] [Times: user=0.00 sys=0.00, real=0.00 secs] 
48.687: [GC (Allocation Failure) [PSYoungGen: 26968K->6144K(34816K)] 385898K->365073K(506880K), 0.0011202 secs] [Times: user=0.00 sys=0.00, real=0.00 secs] 
49.122: [GC (Allocation Failure) [PSYoungGen: 22874K->10240K(34816K)] 381803K->369169K(506880K), 0.0011611 secs] [Times: user=0.00 sys=0.00, real=0.00 secs] 
49.887: [GC (Allocation Failure) [PSYoungGen: 25944K->10240K(34816K)] 477033K->461329K(506880K), 0.0012516 secs] [Times: user=0.00 sys=0.00, real=0.00 secs] 
49.888: [GC (Allocation Failure) [PSYoungGen: 10240K->10240K(34816K)] 461329K->461329K(506880K), 0.0011670 secs] [Times: user=0.00 sys=0.00, real=0.00 secs] 
49.889: [Full GC (Allocation Failure) [PSYoungGen: 10240K->0K(34816K)] [ParOldGen: 451089K->133649K(472064K)] 461329K->133649K(506880K), [Metaspace: 2795K->2795K(1056768K)], 0.0097612 secs] [Times: user=0.00 sys=0.00, real=0.01 secs] 
51.539: [GC (Allocation Failure) [PSYoungGen: 16729K->7168K(34816K)] 447339K->437777K(506880K), 0.0009355 secs] [Times: user=0.00 sys=0.00, real=0.00 secs] 
51.976: [GC (Allocation Failure) [PSYoungGen: 23898K->11264K(34816K)] 454508K->441873K(506880K), 0.0011511 secs] [Times: user=0.00 sys=0.00, real=0.00 secs] 
52.630: [Full GC (Ergonomics) [PSYoungGen: 26968K->0K(34816K)] [ParOldGen: 471569K->32273K(472064K)] 498538K->32273K(506880K), [Metaspace: 2795K->2795K(1056768K)], 0.0037102 secs] [Times: user=0.00 sys=0.00, real=0.00 secs] 
53.283: [GC (Allocation Failure) [PSYoungGen: 12633K->6144K(34816K)] 198507K->192017K(506880K), 0.0009833 secs] [Times: user=0.00 sys=0.00, real=0.00 secs] 
53.609: [GC (Allocation Failure) [PSYoungGen: 21850K->6144K(34816K)] 207724K->192017K(506880K), 0.0007571 secs] [Times: user=0.00 sys=0.00, real=0.00 secs] 
54.484: [GC (Allocation Failure) [PSYoungGen: 22872K->1024K(34816K)] 208746K->186897K(506880K), 0.0006540 secs] [Times: user=0.00 sys=0.00, real=0.00 secs] 
54.813: [GC (Allocation Failure) [PSYoungGen: 16727K->10240K(34816K)] 202600K->196113K(506880K), 0.0009890 secs] [Times: user=0.00 sys=0.00, real=0.00 secs] 
55.794: [GC (Allocation Failure) [PSYoungGen: 26966K->6144K(34816K)] 407399K->386577K(506880K), 0.0008636 secs] [Times: user=0.00 sys=0.00, real=0.00 secs] 
56.230: [GC (Allocation Failure) [PSYoungGen: 22872K->15360K(34816K)] 403305K->395793K(506880K), 0.0016137 secs] [Times: user=0.00 sys=0.00, real=0.00 secs] 
56.882: [GC (Allocation Failure) [PSYoungGen: 31063K->10240K(34816K)] 452456K->431633K(506880K), 0.0011033 secs] [Times: user=0.00 sys=0.00, real=0.00 secs] 
56.883: [GC (Allocation Failure) [PSYoungGen: 10240K->10240K(34816K)] 431633K->431633K(506880K), 0.0010467 secs] [Times: user=0.00 sys=0.00, real=0.00 secs] 
56.884: [Full GC (Allocation Failure) [PSYoungGen: 10240K->0K(34816K)] [ParOldGen: 421393K->41489K(472064K)] 431633K->41489K(506880K), [Metaspace: 2796K->2796K(1056768K)], 0.0047420 secs] [Times: user=0.00 sys=0.00, real=0.00 secs] 
57.553: [GC (Allocation Failure) [PSYoungGen: 12633K->5120K(34816K)] 207722K->200209K(506880K), 0.0008484 secs] [Times: user=0.00 sys=0.00, real=0.00 secs] 
58.861: [GC (Allocation Failure) [PSYoungGen: 17754K->5120K(34816K)] 386923K->374289K(506880K), 0.0009701 secs] [Times: user=0.00 sys=0.00, real=0.00 secs] 
59.191: [GC (Allocation Failure) [PSYoungGen: 20826K->10240K(34816K)] 389996K->379409K(506880K), 0.0010624 secs] [Times: user=0.00 sys=0.00, real=0.00 secs] 
59.849: [Full GC (Ergonomics) [PSYoungGen: 20824K->0K(34816K)] [ParOldGen: 461329K->108049K(472064K)] 482154K->108049K(506880K), [Metaspace: 2796K->2796K(1056768K)], 0.0085019 secs] [Times: user=0.00 sys=0.00, real=0.01 secs] 
60.409: [GC (Allocation Failure) [PSYoungGen: 12633K->5120K(34816K)] 223083K->215569K(506880K), 0.0007984 secs] [Times: user=0.00 sys=0.00, real=0.00 secs] 
60.736: [GC (Allocation Failure) [PSYoungGen: 20826K->10240K(34816K)] 231276K->220689K(506880K), 0.0010686 secs] [Times: user=0.00 sys=0.00, real=0.00 secs] 
62.048: [GC (Allocation Failure) [PSYoungGen: 26968K->1024K(34816K)] 421738K->395793K(506880K), 0.0006611 secs] [Times: user=0.00 sys=0.00, real=0.00 secs] 
62.594: [GC (Allocation Failure) [PSYoungGen: 11609K->5120K(34816K)] 447339K->440849K(506880K), 0.0010075 secs] [Times: user=0.00 sys=0.00, real=0.00 secs] 
62.595: [GC (Allocation Failure) [PSYoungGen: 5120K->5120K(34816K)] 440849K->440849K(506880K), 0.0008733 secs] [Times: user=0.00 sys=0.00, real=0.00 secs] 
62.596: [Full GC (Allocation Failure) [PSYoungGen: 5120K->0K(34816K)] [ParOldGen: 435729K->26129K(472064K)] 440849K->26129K(506880K), [Metaspace: 2796K->2796K(1056768K)], 0.0032147 secs] [Times: user=0.00 sys=0.00, real=0.00 secs] 
63.249: [GC (Allocation Failure) [PSYoungGen: 12634K->6144K(34816K)] 192364K->185873K(506880K), 0.0008152 secs] [Times: user=0.00 sys=0.00, real=0.00 secs] 
63.579: [GC (Allocation Failure) [PSYoungGen: 21851K->6144K(34816K)] 201580K->185873K(506880K), 0.0009059 secs] [Times: user=0.00 sys=0.00, real=0.00 secs] 
64.342: [GC (Allocation Failure) [PSYoungGen: 22872K->12288K(34816K)] 386922K->376337K(506880K), 0.0012741 secs] [Times: user=0.00 sys=0.00, real=0.00 secs] 
64.781: [GC (Allocation Failure) [PSYoungGen: 29018K->11264K(34816K)] 393067K->385553K(506880K), 0.0019633 secs] [Times: user=0.00 sys=0.00, real=0.00 secs] 
65.874: [GC (Allocation Failure) [PSYoungGen: 26968K->0K(34816K)] 421737K->394769K(506880K), 0.0010396 secs] [Times: user=0.03 sys=0.00, real=0.00 secs] 
66.199: [GC (Allocation Failure) [PSYoungGen: 15705K->10240K(34816K)] 410475K->405009K(506880K), 0.0011302 secs] [Times: user=0.00 sys=0.00, real=0.00 secs] 
66.856: [GC (Allocation Failure) [PSYoungGen: 25943K->5120K(34816K)] 461673K->440849K(506880K), 0.0011502 secs] [Times: user=0.00 sys=0.00, real=0.00 secs] 
66.857: [GC (Allocation Failure) [PSYoungGen: 5120K->5120K(34816K)] 440849K->440849K(506880K), 0.0010046 secs] [Times: user=0.00 sys=0.00, real=0.00 secs] 
66.858: [Full GC (Allocation Failure) [PSYoungGen: 5120K->0K(34816K)] [ParOldGen: 435729K->26129K(472064K)] 440849K->26129K(506880K), [Metaspace: 2796K->2796K(1056768K)], 0.0033864 secs] [Times: user=0.00 sys=0.00, real=0.00 secs] 
67.515: [GC (Allocation Failure) [PSYoungGen: 12633K->5120K(34816K)] 192362K->184849K(506880K), 0.0007738 secs] [Times: user=0.00 sys=0.00, real=0.00 secs] 
67.845: [GC (Allocation Failure) [PSYoungGen: 20826K->10240K(34816K)] 200555K->189969K(506880K), 0.0011736 secs] [Times: user=0.00 sys=0.00, real=0.00 secs] 
68.611: [GC (Allocation Failure) [PSYoungGen: 26968K->6144K(34816K)] 391017K->370193K(506880K), 0.0009361 secs] [Times: user=0.00 sys=0.00, real=0.00 secs] 
69.046: [GC (Allocation Failure) [PSYoungGen: 22873K->10240K(34816K)] 386923K->374289K(506880K), 0.0009775 secs] [Times: user=0.00 sys=0.00, real=0.00 secs] 
69.811: [GC (Allocation Failure) [PSYoungGen: 15704K->0K(34816K)] 430953K->415249K(506880K), 0.0008125 secs] [Times: user=0.00 sys=0.00, real=0.00 secs] 
69.812: [GC (Allocation Failure) [PSYoungGen: 0K->0K(34816K)] 415249K->415249K(506880K), 0.0008323 secs] [Times: user=0.00 sys=0.00, real=0.00 secs] 
69.812: [Full GC (Allocation Failure) [PSYoungGen: 0K->0K(34816K)] [ParOldGen: 415249K->51729K(472064K)] 415249K->51729K(506880K), [Metaspace: 2796K->2796K(1056768K)], 0.0051347 secs] [Times: user=0.00 sys=0.00, real=0.01 secs] 
70.372: [GC (Allocation Failure) [PSYoungGen: 12632K->5120K(34816K)] 166761K->159249K(506880K), 0.0007817 secs] [Times: user=0.00 sys=0.00, real=0.00 secs] 
70.699: [GC (Allocation Failure) [PSYoungGen: 20825K->10240K(34816K)] 174954K->164369K(506880K), 0.0007654 secs] [Times: user=0.00 sys=0.00, real=0.00 secs] 
71.464: [GC (Allocation Failure) [PSYoungGen: 26967K->7168K(34816K)] 365417K->345617K(506880K), 0.0007803 secs] [Times: user=0.00 sys=0.00, real=0.00 secs] 
71.899: [GC (Allocation Failure) [PSYoungGen: 23897K->11264K(34816K)] 362346K->349713K(506880K), 0.0011629 secs] [Times: user=0.00 sys=0.00, real=0.00 secs] 
72.668: [GC (Allocation Failure) [PSYoungGen: 26967K->11264K(34816K)] 457577K->441873K(506880K), 0.0011230 secs] [Times: user=0.00 sys=0.00, real=0.00 secs] 
72.669: [GC (Allocation Failure) [PSYoungGen: 11264K->11264K(34816K)] 441873K->441873K(506880K), 0.0010822 secs] [Times: user=0.00 sys=0.00, real=0.00 secs] 
72.670: [Full GC (Allocation Failure) [PSYoungGen: 11264K->0K(34816K)] [ParOldGen: 430609K->165393K(472064K)] 441873K->165393K(506880K), [Metaspace: 2796K->2796K(1056768K)], 0.0119310 secs] [Times: user=0.00 sys=0.00, real=0.01 secs] 
74.539: [Full GC (Ergonomics) [PSYoungGen: 14681K->0K(34816K)] [ParOldGen: 462353K->15889K(472064K)] 477034K->15889K(506880K), [Metaspace: 2796K->2796K(1056768K)], 0.0027042 secs] [Times: user=0.00 sys=0.00, real=0.00 secs] 
74.868: [GC (Allocation Failure) [PSYoungGen: 15706K->5120K(34816K)] 31595K->21009K(506880K), 0.0006464 secs] [Times: user=0.00 sys=0.00, real=0.00 secs] 
75.853: [GC (Allocation Failure) [PSYoungGen: 17752K->1024K(34816K)] 228201K->211473K(506880K), 0.0006570 secs] [Times: user=0.00 sys=0.00, real=0.00 secs] 
76.181: [GC (Allocation Failure) [PSYoungGen: 16729K->10240K(34816K)] 227179K->220689K(506880K), 0.0010589 secs] [Times: user=0.00 sys=0.00, real=0.00 secs] 
77.382: [GC (Allocation Failure) [PSYoungGen: 25943K->0K(34816K)] 277353K->251409K(506880K), 0.0007967 secs] [Times: user=0.00 sys=0.00, real=0.00 secs] 
77.708: [GC (Allocation Failure) [PSYoungGen: 15705K->10240K(34816K)] 267114K->261649K(506880K), 0.0010976 secs] [Times: user=0.00 sys=0.00, real=0.00 secs] 
78.691: [GC (Allocation Failure) [PSYoungGen: 22871K->6144K(34816K)] 468841K->452113K(506880K), 0.0009997 secs] [Times: user=0.00 sys=0.00, real=0.00 secs] 
79.020: [GC (Allocation Failure) [PSYoungGen: 21849K->10240K(34816K)] 467818K->456209K(506880K), 0.0013665 secs] [Times: user=0.00 sys=0.00, real=0.00 secs] 
79.564: [Full GC (Ergonomics) [PSYoungGen: 25943K->0K(34816K)] [ParOldGen: 466449K->72209K(472064K)] 492393K->72209K(506880K), [Metaspace: 2796K->2796K(1056768K)], 0.0068089 secs] [Times: user=0.00 sys=0.00, real=0.01 secs] 
80.328: [GC (Allocation Failure) [PSYoungGen: 12633K->5120K(34816K)] 258922K->251409K(506880K), 0.0009476 secs] [Times: user=0.00 sys=0.00, real=0.00 secs] 
81.424: [GC (Allocation Failure) [PSYoungGen: 21850K->2048K(34816K)] 370539K->350737K(506880K), 0.0009514 secs] [Times: user=0.00 sys=0.00, real=0.00 secs] 
81.860: [GC (Allocation Failure) [PSYoungGen: 18779K->6144K(34816K)] 367468K->354833K(506880K), 0.0009726 secs] [Times: user=0.00 sys=0.00, real=0.00 secs] 
82.624: [GC (Allocation Failure) [PSYoungGen: 21848K->6144K(34816K)] 462698K->446993K(506880K), 0.0011217 secs] [Times: user=0.00 sys=0.00, real=0.00 secs] 
82.626: [GC (Allocation Failure) [PSYoungGen: 6144K->6144K(34816K)] 446993K->446993K(506880K), 0.0011468 secs] [Times: user=0.00 sys=0.00, real=0.00 secs] 
82.627: [Full GC (Allocation Failure) [PSYoungGen: 6144K->0K(34816K)] [ParOldGen: 440849K->57873K(472064K)] 446993K->57873K(506880K), [Metaspace: 2796K->2796K(1056768K)], 0.0051185 secs] [Times: user=0.00 sys=0.00, real=0.00 secs] 
83.185: [GC (Allocation Failure) [PSYoungGen: 12634K->6144K(34816K)] 172907K->166417K(506880K), 0.0009527 secs] [Times: user=0.00 sys=0.00, real=0.00 secs] 
83.510: [GC (Allocation Failure) [PSYoungGen: 21850K->6144K(34816K)] 182124K->166417K(506880K), 0.0009684 secs] [Times: user=0.00 sys=0.00, real=0.00 secs] 
84.280: [GC (Allocation Failure) [PSYoungGen: 22872K->12288K(34816K)] 367466K->356881K(506880K), 0.0017935 secs] [Times: user=0.00 sys=0.00, real=0.00 secs] 
85.478: [GC (Allocation Failure) [PSYoungGen: 29017K->0K(34816K)] 455531K->426513K(506880K), 0.0008847 secs] [Times: user=0.00 sys=0.00, real=0.00 secs] 
85.479: [GC (Allocation Failure) [PSYoungGen: 0K->0K(34816K)] 426513K->426513K(506880K), 0.0007344 secs] [Times: user=0.00 sys=0.00, real=0.00 secs] 
85.479: [Full GC (Allocation Failure) [PSYoungGen: 0K->0K(34816K)] [ParOldGen: 426513K->61969K(472064K)] 426513K->61969K(506880K), [Metaspace: 2796K->2796K(1056768K)], 0.0056990 secs] [Times: user=0.02 sys=0.00, real=0.01 secs] 
86.039: [GC (Allocation Failure) [PSYoungGen: 12634K->10240K(34816K)] 177004K->174609K(506880K), 0.0010178 secs] [Times: user=0.00 sys=0.00, real=0.00 secs] 
86.366: [GC (Allocation Failure) [PSYoungGen: 25947K->10240K(34816K)] 190316K->174609K(506880K), 0.0010370 secs] [Times: user=0.00 sys=0.00, real=0.00 secs] 
87.129: [GC (Allocation Failure) [PSYoungGen: 26968K->6144K(34816K)] 375658K->354833K(506880K), 0.0007684 secs] [Times: user=0.00 sys=0.00, real=0.00 secs] 
87.566: [GC (Allocation Failure) [PSYoungGen: 22874K->15360K(34816K)] 371563K->364049K(506880K), 0.0011734 secs] [Times: user=0.00 sys=0.00, real=0.00 secs] 
88.876: [GC (Allocation Failure) [PSYoungGen: 31064K->0K(34816K)] 471913K->440849K(506880K), 0.0011211 secs] [Times: user=0.00 sys=0.00, real=0.00 secs] 
89.203: [GC (Allocation Failure) [PSYoungGen: 15705K->10240K(34816K)] 456555K->451089K(506880K), 0.0012897 secs] [Times: user=0.00 sys=0.00, real=0.00 secs] 
89.639: [Full GC (Ergonomics) [PSYoungGen: 25943K->0K(34816K)] [ParOldGen: 471569K->26129K(472064K)] 497513K->26129K(506880K), [Metaspace: 2796K->2796K(1056768K)], 0.0035166 secs] [Times: user=0.00 sys=0.00, real=0.00 secs] 
90.294: [GC (Allocation Failure) [PSYoungGen: 12633K->5120K(34816K)] 192362K->184849K(506880K), 0.0009857 secs] [Times: user=0.00 sys=0.00, real=0.00 secs] 
90.620: [GC (Allocation Failure) [PSYoungGen: 20826K->10240K(34816K)] 200555K->189969K(506880K), 0.0010829 secs] [Times: user=0.00 sys=0.00, real=0.00 secs] 
91.382: [GC (Allocation Failure) [PSYoungGen: 26968K->7168K(34816K)] 391017K->371217K(506880K), 0.0009196 secs] [Times: user=0.00 sys=0.00, real=0.00 secs] 
91.819: [GC (Allocation Failure) [PSYoungGen: 23897K->11264K(34816K)] 387947K->375313K(506880K), 0.0012429 secs] [Times: user=0.00 sys=0.00, real=0.00 secs] 
92.803: [GC (Allocation Failure) [PSYoungGen: 27992K->1024K(34816K)] 392041K->365073K(506880K), 0.0009168 secs] [Times: user=0.00 sys=0.00, real=0.00 secs] 
93.239: [GC (Allocation Failure) [PSYoungGen: 17751K->6144K(34816K)] 381800K->370193K(506880K), 0.0009399 secs] [Times: user=0.00 sys=0.00, real=0.00 secs] 
94.004: [Full GC (Ergonomics) [PSYoungGen: 21846K->0K(34816K)] [ParOldGen: 456209K->62993K(472064K)] 478055K->62993K(506880K), [Metaspace: 2796K->2796K(1056768K)], 0.0059567 secs] [Times: user=0.00 sys=0.00, real=0.01 secs] 
94.566: [GC (Allocation Failure) [PSYoungGen: 12632K->10240K(34816K)] 178025K->175633K(506880K), 0.0009653 secs] [Times: user=0.00 sys=0.00, real=0.00 secs] 
94.893: [GC (Allocation Failure) [PSYoungGen: 25945K->10240K(34816K)] 191339K->175633K(506880K), 0.0010745 secs] [Times: user=0.00 sys=0.00, real=0.00 secs] 
95.659: [GC (Allocation Failure) [PSYoungGen: 26967K->6144K(34816K)] 376681K->355857K(506880K), 0.0008103 secs] [Times: user=0.00 sys=0.00, real=0.00 secs] 
96.861: [GC (Allocation Failure) [PSYoungGen: 17753K->0K(34816K)] 449386K->431633K(506880K), 0.0009563 secs] [Times: user=0.00 sys=0.00, real=0.00 secs] 
96.862: [GC (Allocation Failure) [PSYoungGen: 0K->0K(34816K)] 431633K->431633K(506880K), 0.0012815 secs] [Times: user=0.00 sys=0.00, real=0.00 secs] 
96.863: [Full GC (Allocation Failure) [PSYoungGen: 0K->0K(34816K)] [ParOldGen: 431633K->72209K(472064K)] 431633K->72209K(506880K), [Metaspace: 2796K->2796K(1056768K)], 0.0063174 secs] [Times: user=0.00 sys=0.00, real=0.01 secs] 
97.422: [GC (Allocation Failure) [PSYoungGen: 12634K->5120K(34816K)] 187243K->179729K(506880K), 0.0007442 secs] [Times: user=0.00 sys=0.00, real=0.00 secs] 
97.748: [GC (Allocation Failure) [PSYoungGen: 20827K->10240K(34816K)] 195436K->184849K(506880K), 0.0012311 secs] [Times: user=0.00 sys=0.00, real=0.00 secs] 
98.510: [GC (Allocation Failure) [PSYoungGen: 26968K->6144K(34816K)] 385898K->365073K(506880K), 0.0008426 secs] [Times: user=0.00 sys=0.00, real=0.00 secs] 
98.947: [GC (Allocation Failure) [PSYoungGen: 22874K->10240K(34816K)] 381803K->369169K(506880K), 0.0009478 secs] [Times: user=0.00 sys=0.00, real=0.00 secs] 
99.711: [GC (Allocation Failure) [PSYoungGen: 25944K->10240K(34816K)] 477033K->461329K(506880K), 0.0012892 secs] [Times: user=0.00 sys=0.00, real=0.00 secs] 
99.712: [GC (Allocation Failure) [PSYoungGen: 10240K->10240K(34816K)] 461329K->461329K(506880K), 0.0010210 secs] [Times: user=0.00 sys=0.00, real=0.00 secs] 
99.713: [Full GC (Allocation Failure) [PSYoungGen: 10240K->0K(34816K)] [ParOldGen: 451089K->133649K(472064K)] 461329K->133649K(506880K), [Metaspace: 2796K->2796K(1056768K)], 0.0088620 secs] [Times: user=0.02 sys=0.00, real=0.01 secs] 
101.362: [GC (Allocation Failure) [PSYoungGen: 16729K->7168K(34816K)] 447339K->437777K(506880K), 0.0011229 secs] [Times: user=0.00 sys=0.00, real=0.00 secs] 
101.800: [GC (Allocation Failure) [PSYoungGen: 23898K->11264K(34816K)] 454508K->441873K(506880K), 0.0012094 secs] [Times: user=0.00 sys=0.00, real=0.00 secs] 
102.456: [Full GC (Ergonomics) [PSYoungGen: 26968K->0K(34816K)] [ParOldGen: 471569K->32273K(472064K)] 498538K->32273K(506880K), [Metaspace: 2796K->2796K(1056768K)], 0.0042413 secs] [Times: user=0.00 sys=0.00, real=0.00 secs] 
103.111: [GC (Allocation Failure) [PSYoungGen: 12633K->6144K(34816K)] 198507K->192017K(506880K), 0.0007633 secs] [Times: user=0.00 sys=0.00, real=0.00 secs] 
103.442: [GC (Allocation Failure) [PSYoungGen: 21850K->6144K(34816K)] 207724K->192017K(506880K), 0.0010149 secs] [Times: user=0.00 sys=0.00, real=0.00 secs] 
104.315: [GC (Allocation Failure) [PSYoungGen: 22872K->1024K(34816K)] 208746K->186897K(506880K), 0.0004002 secs] [Times: user=0.00 sys=0.00, real=0.00 secs] 
104.645: [GC (Allocation Failure) [PSYoungGen: 16727K->10240K(34816K)] 202600K->196113K(506880K), 0.0011156 secs] [Times: user=0.00 sys=0.00, real=0.00 secs] 
105.626: [GC (Allocation Failure) [PSYoungGen: 26966K->6144K(34816K)] 407399K->386577K(506880K), 0.0009935 secs] [Times: user=0.00 sys=0.00, real=0.00 secs] 
106.061: [GC (Allocation Failure) [PSYoungGen: 22872K->15360K(34816K)] 403305K->395793K(506880K), 0.0017314 secs] [Times: user=0.00 sys=0.00, real=0.00 secs] 
106.717: [GC (Allocation Failure) [PSYoungGen: 31063K->10240K(34816K)] 452456K->431633K(506880K), 0.0011174 secs] [Times: user=0.02 sys=0.00, real=0.00 secs] 
106.718: [GC (Allocation Failure) [PSYoungGen: 10240K->10240K(34816K)] 431633K->431633K(506880K), 0.0009329 secs] [Times: user=0.00 sys=0.00, real=0.00 secs] 
106.719: [Full GC (Allocation Failure) [PSYoungGen: 10240K->0K(34816K)] [ParOldGen: 421393K->41489K(472064K)] 431633K->41489K(506880K), [Metaspace: 2796K->2796K(1056768K)], 0.0045710 secs] [Times: user=0.00 sys=0.00, real=0.01 secs] 
107.373: [GC (Allocation Failure) [PSYoungGen: 12633K->5120K(34816K)] 207722K->200209K(506880K), 0.0011054 secs] [Times: user=0.00 sys=0.00, real=0.00 secs] 
108.683: [GC (Allocation Failure) [PSYoungGen: 17754K->5120K(34816K)] 386923K->374289K(506880K), 0.0008039 secs] [Times: user=0.00 sys=0.00, real=0.00 secs] 
109.012: [GC (Allocation Failure) [PSYoungGen: 20826K->10240K(34816K)] 389996K->379409K(506880K), 0.0011276 secs] [Times: user=0.00 sys=0.00, real=0.00 secs] 
109.667: [Full GC (Ergonomics) [PSYoungGen: 20824K->0K(34816K)] [ParOldGen: 461329K->108049K(472064K)] 482154K->108049K(506880K), [Metaspace: 2796K->2796K(1056768K)], 0.0083408 secs] [Times: user=0.00 sys=0.00, real=0.01 secs] 
110.227: [GC (Allocation Failure) [PSYoungGen: 12633K->5120K(34816K)] 223083K->215569K(506880K), 0.0009520 secs] [Times: user=0.00 sys=0.00, real=0.00 secs] 
110.553: [GC (Allocation Failure) [PSYoungGen: 20826K->10240K(34816K)] 231276K->220689K(506880K), 0.0009570 secs] [Times: user=0.00 sys=0.00, real=0.00 secs] 
111.867: [GC (Allocation Failure) [PSYoungGen: 26968K->1024K(34816K)] 421738K->395793K(506880K), 0.0007509 secs] [Times: user=0.00 sys=0.00, real=0.00 secs] 
112.411: [GC (Allocation Failure) [PSYoungGen: 11609K->5120K(34816K)] 447339K->440849K(506880K), 0.0007672 secs] [Times: user=0.00 sys=0.00, real=0.00 secs] 
112.412: [GC (Allocation Failure) [PSYoungGen: 5120K->5120K(34816K)] 440849K->440849K(506880K), 0.0010860 secs] [Times: user=0.00 sys=0.00, real=0.00 secs] 
112.413: [Full GC (Allocation Failure) [PSYoungGen: 5120K->0K(34816K)] [ParOldGen: 435729K->26129K(472064K)] 440849K->26129K(506880K), [Metaspace: 2796K->2796K(1056768K)], 0.0035078 secs] [Times: user=0.00 sys=0.00, real=0.00 secs] 
113.065: [GC (Allocation Failure) [PSYoungGen: 12634K->6144K(34816K)] 192364K->185873K(506880K), 0.0009082 secs] [Times: user=0.00 sys=0.00, real=0.00 secs] 
113.393: [GC (Allocation Failure) [PSYoungGen: 21851K->6144K(34816K)] 201580K->185873K(506880K), 0.0007853 secs] [Times: user=0.00 sys=0.00, real=0.00 secs] 
114.155: [GC (Allocation Failure) [PSYoungGen: 22872K->12288K(34816K)] 386922K->376337K(506880K), 0.0015016 secs] [Times: user=0.00 sys=0.00, real=0.00 secs] 
114.587: [GC (Allocation Failure) [PSYoungGen: 29018K->16384K(34816K)] 393067K->385553K(506880K), 0.0018375 secs] [Times: user=0.00 sys=0.00, real=0.00 secs] 
115.682: [GC (Allocation Failure) [PSYoungGen: 32088K->0K(34816K)] 421737K->389649K(506880K), 0.0009390 secs] [Times: user=0.00 sys=0.00, real=0.00 secs] 
116.009: [GC (Allocation Failure) [PSYoungGen: 15705K->10240K(34816K)] 405355K->399889K(506880K), 0.0011366 secs] [Times: user=0.00 sys=0.00, real=0.00 secs] 
116.665: [GC (Allocation Failure) [PSYoungGen: 25943K->5120K(34816K)] 456553K->435729K(506880K), 0.0008487 secs] [Times: user=0.00 sys=0.00, real=0.00 secs] 
116.665: [GC (Allocation Failure) [PSYoungGen: 5120K->5120K(34816K)] 435729K->435729K(506880K), 0.0011144 secs] [Times: user=0.00 sys=0.00, real=0.00 secs] 
116.667: [Full GC (Allocation Failure) [PSYoungGen: 5120K->0K(34816K)] [ParOldGen: 430609K->26129K(472064K)] 435729K->26129K(506880K), [Metaspace: 2796K->2796K(1056768K)], 0.0037069 secs] [Times: user=0.00 sys=0.00, real=0.00 secs] 
117.319: [GC (Allocation Failure) [PSYoungGen: 12633K->5120K(34816K)] 192362K->184849K(506880K), 0.0008282 secs] [Times: user=0.00 sys=0.00, real=0.00 secs] 
117.648: [GC (Allocation Failure) [PSYoungGen: 20826K->10240K(34816K)] 200555K->189969K(506880K), 0.0011080 secs] [Times: user=0.00 sys=0.00, real=0.00 secs] 
118.411: [GC (Allocation Failure) [PSYoungGen: 26968K->6144K(34816K)] 391017K->370193K(506880K), 0.0012100 secs] [Times: user=0.00 sys=0.00, real=0.00 secs] 
118.846: [GC (Allocation Failure) [PSYoungGen: 22873K->10240K(34816K)] 386923K->374289K(506880K), 0.0010379 secs] [Times: user=0.00 sys=0.00, real=0.00 secs] 
119.614: [GC (Allocation Failure) [PSYoungGen: 15704K->0K(34816K)] 430953K->415249K(506880K), 0.0009260 secs] [Times: user=0.00 sys=0.00, real=0.00 secs] 
119.615: [GC (Allocation Failure) [PSYoungGen: 0K->0K(34816K)] 415249K->415249K(506880K), 0.0007121 secs] [Times: user=0.00 sys=0.00, real=0.00 secs] 
119.616: [Full GC (Allocation Failure) [PSYoungGen: 0K->0K(34816K)] [ParOldGen: 415249K->51729K(472064K)] 415249K->51729K(506880K), [Metaspace: 2796K->2796K(1056768K)], 0.0048964 secs] [Times: user=0.00 sys=0.00, real=0.01 secs] 
120.174: [GC (Allocation Failure) [PSYoungGen: 12632K->5120K(34816K)] 166761K->159249K(506880K), 0.0009146 secs] [Times: user=0.00 sys=0.00, real=0.00 secs] 
120.500: [GC (Allocation Failure) [PSYoungGen: 20825K->10240K(34816K)] 174954K->164369K(506880K), 0.0008074 secs] [Times: user=0.00 sys=0.00, real=0.00 secs] 
121.264: [GC (Allocation Failure) [PSYoungGen: 26967K->7168K(34816K)] 365417K->345617K(506880K), 0.0009711 secs] [Times: user=0.00 sys=0.00, real=0.00 secs] 
121.701: [GC (Allocation Failure) [PSYoungGen: 23897K->11264K(34816K)] 362346K->349713K(506880K), 0.0012059 secs] [Times: user=0.00 sys=0.00, real=0.00 secs] 
122.470: [GC (Allocation Failure) [PSYoungGen: 26967K->11264K(34816K)] 457577K->441873K(506880K), 0.0010949 secs] [Times: user=0.00 sys=0.00, real=0.00 secs] 
122.471: [GC (Allocation Failure) [PSYoungGen: 11264K->11264K(34816K)] 441873K->441873K(506880K), 0.0009735 secs] [Times: user=0.00 sys=0.00, real=0.00 secs] 
122.472: [Full GC (Allocation Failure) [PSYoungGen: 11264K->0K(34816K)] [ParOldGen: 430609K->165393K(472064K)] 441873K->165393K(506880K), [Metaspace: 2796K->2796K(1056768K)], 0.0123710 secs] [Times: user=0.00 sys=0.00, real=0.01 secs] 
124.340: [Full GC (Ergonomics) [PSYoungGen: 14681K->0K(34816K)] [ParOldGen: 462353K->15889K(472064K)] 477034K->15889K(506880K), [Metaspace: 2796K->2796K(1056768K)], 0.0030183 secs] [Times: user=0.00 sys=0.00, real=0.00 secs] 
124.667: [GC (Allocation Failure) [PSYoungGen: 15706K->5120K(34816K)] 31595K->21009K(506880K), 0.0007731 secs] [Times: user=0.00 sys=0.00, real=0.00 secs] 
125.654: [GC (Allocation Failure) [PSYoungGen: 17752K->1024K(34816K)] 228201K->211473K(506880K), 0.0006067 secs] [Times: user=0.00 sys=0.00, real=0.00 secs] 
125.983: [GC (Allocation Failure) [PSYoungGen: 16729K->10240K(34816K)] 227179K->220689K(506880K), 0.0010062 secs] [Times: user=0.00 sys=0.00, real=0.00 secs] 
127.181: [GC (Allocation Failure) [PSYoungGen: 25943K->0K(34816K)] 277353K->251409K(506880K), 0.0006825 secs] [Times: user=0.00 sys=0.00, real=0.00 secs] 
127.511: [GC (Allocation Failure) [PSYoungGen: 15705K->10240K(34816K)] 267114K->261649K(506880K), 0.0010516 secs] [Times: user=0.00 sys=0.00, real=0.00 secs] 
128.496: [GC (Allocation Failure) [PSYoungGen: 22871K->6144K(34816K)] 468841K->452113K(506880K), 0.0011533 secs] [Times: user=0.00 sys=0.00, real=0.00 secs] 
128.821: [GC (Allocation Failure) [PSYoungGen: 21849K->10240K(34816K)] 467818K->456209K(506880K), 0.0012313 secs] [Times: user=0.00 sys=0.00, real=0.00 secs] 
129.367: [Full GC (Ergonomics) [PSYoungGen: 25943K->0K(34816K)] [ParOldGen: 466449K->72209K(472064K)] 492393K->72209K(506880K), [Metaspace: 2796K->2796K(1056768K)], 0.0063968 secs] [Times: user=0.00 sys=0.00, real=0.01 secs] 
130.132: [GC (Allocation Failure) [PSYoungGen: 12633K->5120K(34816K)] 258922K->251409K(506880K), 0.0008809 secs] [Times: user=0.00 sys=0.00, real=0.00 secs] 
131.221: [GC (Allocation Failure) [PSYoungGen: 21850K->2048K(34816K)] 370539K->350737K(506880K), 0.0008786 secs] [Times: user=0.00 sys=0.00, real=0.00 secs] 
131.658: [GC (Allocation Failure) [PSYoungGen: 18779K->6144K(34816K)] 367468K->354833K(506880K), 0.0008882 secs] [Times: user=0.00 sys=0.00, real=0.00 secs] 
132.422: [GC (Allocation Failure) [PSYoungGen: 21848K->6144K(34816K)] 462698K->446993K(506880K), 0.0009532 secs] [Times: user=0.00 sys=0.00, real=0.00 secs] 
132.423: [GC (Allocation Failure) [PSYoungGen: 6144K->6144K(34816K)] 446993K->446993K(506880K), 0.0009258 secs] [Times: user=0.00 sys=0.00, real=0.00 secs] 
132.424: [Full GC (Allocation Failure) [PSYoungGen: 6144K->0K(34816K)] [ParOldGen: 440849K->57873K(472064K)] 446993K->57873K(506880K), [Metaspace: 2796K->2796K(1056768K)], 0.0052363 secs] [Times: user=0.00 sys=0.00, real=0.00 secs] 
132.983: [GC (Allocation Failure) [PSYoungGen: 12634K->6144K(34816K)] 172907K->166417K(506880K), 0.0008382 secs] [Times: user=0.00 sys=0.00, real=0.00 secs] 
133.311: [GC (Allocation Failure) [PSYoungGen: 21850K->6144K(34816K)] 182124K->166417K(506880K), 0.0008732 secs] [Times: user=0.00 sys=0.00, real=0.00 secs] 
134.075: [GC (Allocation Failure) [PSYoungGen: 22872K->12288K(34816K)] 367466K->356881K(506880K), 0.0013142 secs] [Times: user=0.00 sys=0.00, real=0.00 secs] 
135.275: [GC (Allocation Failure) [PSYoungGen: 29017K->0K(34816K)] 455531K->426513K(506880K), 0.0010176 secs] [Times: user=0.00 sys=0.00, real=0.00 secs] 
135.276: [GC (Allocation Failure) [PSYoungGen: 0K->0K(34816K)] 426513K->426513K(506880K), 0.0009431 secs] [Times: user=0.00 sys=0.00, real=0.00 secs] 
135.277: [Full GC (Allocation Failure) [PSYoungGen: 0K->0K(34816K)] [ParOldGen: 426513K->61969K(472064K)] 426513K->61969K(506880K), [Metaspace: 2796K->2796K(1056768K)], 0.0056824 secs] [Times: user=0.00 sys=0.00, real=0.01 secs] 
135.836: [GC (Allocation Failure) [PSYoungGen: 12634K->10240K(34816K)] 177004K->174609K(506880K), 0.0009535 secs] [Times: user=0.00 sys=0.00, real=0.00 secs] 
136.163: [GC (Allocation Failure) [PSYoungGen: 25947K->10240K(34816K)] 190316K->174609K(506880K), 0.0009860 secs] [Times: user=0.00 sys=0.00, real=0.00 secs] 
136.929: [GC (Allocation Failure) [PSYoungGen: 26968K->6144K(34816K)] 375658K->354833K(506880K), 0.0009101 secs] [Times: user=0.00 sys=0.00, real=0.00 secs] 
137.368: [GC (Allocation Failure) [PSYoungGen: 22874K->15360K(34816K)] 371563K->364049K(506880K), 0.0011781 secs] [Times: user=0.00 sys=0.00, real=0.00 secs] 
138.672: [GC (Allocation Failure) [PSYoungGen: 31064K->0K(34816K)] 471913K->440849K(506880K), 0.0010869 secs] [Times: user=0.00 sys=0.00, real=0.00 secs] 
138.998: [GC (Allocation Failure) [PSYoungGen: 15705K->10240K(34816K)] 456555K->451089K(506880K), 0.0011041 secs] [Times: user=0.00 sys=0.00, real=0.00 secs] 
139.434: [Full GC (Ergonomics) [PSYoungGen: 25943K->0K(34816K)] [ParOldGen: 471569K->26129K(472064K)] 497513K->26129K(506880K), [Metaspace: 2796K->2796K(1056768K)], 0.0037424 secs] [Times: user=0.02 sys=0.00, real=0.00 secs] 
140.093: [GC (Allocation Failure) [PSYoungGen: 12633K->5120K(34816K)] 192362K->184849K(506880K), 0.0010198 secs] [Times: user=0.00 sys=0.00, real=0.00 secs] 
140.424: [GC (Allocation Failure) [PSYoungGen: 20826K->10240K(34816K)] 200555K->189969K(506880K), 0.0008739 secs] [Times: user=0.00 sys=0.00, real=0.00 secs] 
141.192: [GC (Allocation Failure) [PSYoungGen: 26968K->7168K(34816K)] 391017K->371217K(506880K), 0.0010353 secs] [Times: user=0.00 sys=0.00, real=0.00 secs] 
141.628: [GC (Allocation Failure) [PSYoungGen: 23897K->11264K(34816K)] 387947K->375313K(506880K), 0.0011868 secs] [Times: user=0.00 sys=0.00, real=0.00 secs] 
142.610: [GC (Allocation Failure) [PSYoungGen: 27992K->1024K(34816K)] 392041K->365073K(506880K), 0.0007572 secs] [Times: user=0.00 sys=0.00, real=0.00 secs] 
143.046: [GC (Allocation Failure) [PSYoungGen: 17751K->6144K(34816K)] 381800K->370193K(506880K), 0.0010216 secs] [Times: user=0.00 sys=0.00, real=0.00 secs] 
143.812: [Full GC (Ergonomics) [PSYoungGen: 21846K->0K(34816K)] [ParOldGen: 456209K->62993K(472064K)] 478055K->62993K(506880K), [Metaspace: 2796K->2796K(1056768K)], 0.0062022 secs] [Times: user=0.00 sys=0.00, real=0.01 secs] 
144.375: [GC (Allocation Failure) [PSYoungGen: 12632K->10240K(34816K)] 178025K->175633K(506880K), 0.0009953 secs] [Times: user=0.00 sys=0.00, real=0.00 secs] 
144.704: [GC (Allocation Failure) [PSYoungGen: 25945K->10240K(34816K)] 191339K->175633K(506880K), 0.0009778 secs] [Times: user=0.00 sys=0.00, real=0.00 secs] 
145.467: [GC (Allocation Failure) [PSYoungGen: 26967K->6144K(34816K)] 376681K->355857K(506880K), 0.0008178 secs] [Times: user=0.00 sys=0.00, real=0.00 secs] 
146.666: [GC (Allocation Failure) [PSYoungGen: 17753K->0K(34816K)] 449386K->431633K(506880K), 0.0009198 secs] [Times: user=0.00 sys=0.00, real=0.00 secs] 
146.667: [GC (Allocation Failure) [PSYoungGen: 0K->0K(34816K)] 431633K->431633K(506880K), 0.0009852 secs] [Times: user=0.00 sys=0.00, real=0.00 secs] 
146.668: [Full GC (Allocation Failure) [PSYoungGen: 0K->0K(34816K)] [ParOldGen: 431633K->72209K(472064K)] 431633K->72209K(506880K), [Metaspace: 2796K->2796K(1056768K)], 0.0064482 secs] [Times: user=0.00 sys=0.00, real=0.01 secs] 
147.228: [GC (Allocation Failure) [PSYoungGen: 12634K->5120K(34816K)] 187243K->179729K(506880K), 0.0009317 secs] [Times: user=0.00 sys=0.00, real=0.00 secs] 
147.555: [GC (Allocation Failure) [PSYoungGen: 20827K->10240K(34816K)] 195436K->184849K(506880K), 0.0010182 secs] [Times: user=0.00 sys=0.00, real=0.00 secs] 
148.318: [GC (Allocation Failure) [PSYoungGen: 26968K->6144K(34816K)] 385898K->365073K(506880K), 0.0009242 secs] [Times: user=0.00 sys=0.00, real=0.00 secs] 
148.752: [GC (Allocation Failure) [PSYoungGen: 22874K->10240K(34816K)] 381803K->369169K(506880K), 0.0012167 secs] [Times: user=0.00 sys=0.00, real=0.00 secs] 
149.515: [GC (Allocation Failure) [PSYoungGen: 25944K->10240K(34816K)] 477033K->461329K(506880K), 0.0011579 secs] [Times: user=0.00 sys=0.00, real=0.00 secs] 
149.516: [GC (Allocation Failure) [PSYoungGen: 10240K->10240K(34816K)] 461329K->461329K(506880K), 0.0011305 secs] [Times: user=0.00 sys=0.00, real=0.00 secs] 
149.517: [Full GC (Allocation Failure) [PSYoungGen: 10240K->0K(34816K)] [ParOldGen: 451089K->133649K(472064K)] 461329K->133649K(506880K), [Metaspace: 2796K->2796K(1056768K)], 0.0087996 secs] [Times: user=0.00 sys=0.00, real=0.01 secs] 
151.173: [GC (Allocation Failure) [PSYoungGen: 16729K->7168K(34816K)] 447339K->437777K(506880K), 0.0010792 secs] [Times: user=0.00 sys=0.00, real=0.00 secs] 
151.610: [GC (Allocation Failure) [PSYoungGen: 23898K->11264K(34816K)] 454508K->441873K(506880K), 0.0013711 secs] [Times: user=0.00 sys=0.00, real=0.00 secs] 
152.266: [Full GC (Ergonomics) [PSYoungGen: 26968K->0K(34816K)] [ParOldGen: 471569K->32273K(472064K)] 498538K->32273K(506880K), [Metaspace: 2796K->2796K(1056768K)], 0.0041171 secs] [Times: user=0.00 sys=0.00, real=0.00 secs] 
152.919: [GC (Allocation Failure) [PSYoungGen: 12633K->6144K(34816K)] 198507K->192017K(506880K), 0.0008012 secs] [Times: user=0.00 sys=0.00, real=0.00 secs] 
153.244: [GC (Allocation Failure) [PSYoungGen: 21850K->6144K(34816K)] 207724K->192017K(506880K), 0.0008520 secs] [Times: user=0.00 sys=0.00, real=0.00 secs] 
154.117: [GC (Allocation Failure) [PSYoungGen: 22872K->1024K(34816K)] 208746K->186897K(506880K), 0.0005134 secs] [Times: user=0.00 sys=0.00, real=0.00 secs] 
154.443: [GC (Allocation Failure) [PSYoungGen: 16727K->10240K(34816K)] 202600K->196113K(506880K), 0.0010285 secs] [Times: user=0.00 sys=0.00, real=0.00 secs] 
155.427: [GC (Allocation Failure) [PSYoungGen: 26966K->6144K(34816K)] 407399K->386577K(506880K), 0.0010387 secs] [Times: user=0.00 sys=0.00, real=0.00 secs] 
155.864: [GC (Allocation Failure) [PSYoungGen: 22872K->15360K(34816K)] 403305K->395793K(506880K), 0.0014142 secs] [Times: user=0.00 sys=0.00, real=0.00 secs] 
156.519: [GC (Allocation Failure) [PSYoungGen: 31063K->10240K(34816K)] 452456K->431633K(506880K), 0.0012078 secs] [Times: user=0.00 sys=0.00, real=0.00 secs] 
156.520: [GC (Allocation Failure) [PSYoungGen: 10240K->10240K(34816K)] 431633K->431633K(506880K), 0.0011398 secs] [Times: user=0.00 sys=0.00, real=0.00 secs] 
156.521: [Full GC (Allocation Failure) [PSYoungGen: 10240K->0K(34816K)] [ParOldGen: 421393K->41489K(472064K)] 431633K->41489K(506880K), [Metaspace: 2796K->2796K(1056768K)], 0.0055154 secs] [Times: user=0.00 sys=0.00, real=0.01 secs] 
157.175: [GC (Allocation Failure) [PSYoungGen: 12633K->5120K(34816K)] 207722K->200209K(506880K), 0.0008668 secs] [Times: user=0.00 sys=0.00, real=0.00 secs] 
158.485: [GC (Allocation Failure) [PSYoungGen: 17754K->5120K(34816K)] 386923K->374289K(506880K), 0.0008235 secs] [Times: user=0.00 sys=0.00, real=0.00 secs] 
158.809: [GC (Allocation Failure) [PSYoungGen: 20826K->10240K(34816K)] 389996K->379409K(506880K), 0.0010043 secs] [Times: user=0.00 sys=0.00, real=0.00 secs] 
159.465: [Full GC (Ergonomics) [PSYoungGen: 20824K->0K(34816K)] [ParOldGen: 461329K->108049K(472064K)] 482154K->108049K(506880K), [Metaspace: 2796K->2796K(1056768K)], 0.0082226 secs] [Times: user=0.00 sys=0.00, real=0.01 secs] 
160.026: [GC (Allocation Failure) [PSYoungGen: 12633K->5120K(34816K)] 223083K->215569K(506880K), 0.0007570 secs] [Times: user=0.00 sys=0.00, real=0.00 secs] 
160.354: [GC (Allocation Failure) [PSYoungGen: 20826K->10240K(34816K)] 231276K->220689K(506880K), 0.0008608 secs] [Times: user=0.00 sys=0.00, real=0.00 secs] 
161.665: [GC (Allocation Failure) [PSYoungGen: 26968K->1024K(34816K)] 421738K->395793K(506880K), 0.0007681 secs] [Times: user=0.00 sys=0.00, real=0.00 secs] 
162.210: [GC (Allocation Failure) [PSYoungGen: 11609K->5120K(34816K)] 447339K->440849K(506880K), 0.0010989 secs] [Times: user=0.00 sys=0.00, real=0.00 secs] 
162.211: [GC (Allocation Failure) [PSYoungGen: 5120K->5120K(34816K)] 440849K->440849K(506880K), 0.0008054 secs] [Times: user=0.00 sys=0.00, real=0.00 secs] 
162.212: [Full GC (Allocation Failure) [PSYoungGen: 5120K->0K(34816K)] [ParOldGen: 435729K->26129K(472064K)] 440849K->26129K(506880K), [Metaspace: 2796K->2796K(1056768K)], 0.0035023 secs] [Times: user=0.00 sys=0.00, real=0.00 secs] 
162.866: [GC (Allocation Failure) [PSYoungGen: 12634K->6144K(34816K)] 192364K->185873K(506880K), 0.0009145 secs] [Times: user=0.00 sys=0.00, real=0.00 secs] 
163.191: [GC (Allocation Failure) [PSYoungGen: 21851K->6144K(34816K)] 201580K->185873K(506880K), 0.0008464 secs] [Times: user=0.00 sys=0.00, real=0.00 secs] 
163.954: [GC (Allocation Failure) [PSYoungGen: 22872K->12288K(34816K)] 386922K->376337K(506880K), 0.0015676 secs] [Times: user=0.00 sys=0.00, real=0.00 secs] 
164.392: [GC (Allocation Failure) [PSYoungGen: 29018K->16384K(34816K)] 393067K->385553K(506880K), 0.0019804 secs] [Times: user=0.00 sys=0.00, real=0.00 secs] 
165.481: [GC (Allocation Failure) [PSYoungGen: 32088K->0K(34816K)] 421737K->389649K(506880K), 0.0010619 secs] [Times: user=0.00 sys=0.00, real=0.00 secs] 
165.812: [GC (Allocation Failure) [PSYoungGen: 15705K->10240K(34816K)] 405355K->399889K(506880K), 0.0012691 secs] [Times: user=0.00 sys=0.00, real=0.00 secs] 
166.466: [GC (Allocation Failure) [PSYoungGen: 25943K->5120K(34816K)] 456553K->435729K(506880K), 0.0008304 secs] [Times: user=0.00 sys=0.00, real=0.00 secs] 
166.467: [GC (Allocation Failure) [PSYoungGen: 5120K->5120K(34816K)] 435729K->435729K(506880K), 0.0008008 secs] [Times: user=0.00 sys=0.00, real=0.00 secs] 
166.468: [Full GC (Allocation Failure) [PSYoungGen: 5120K->0K(34816K)] [ParOldGen: 430609K->26129K(472064K)] 435729K->26129K(506880K), [Metaspace: 2796K->2796K(1056768K)], 0.0035872 secs] [Times: user=0.00 sys=0.00, real=0.00 secs] 
167.119: [GC (Allocation Failure) [PSYoungGen: 12633K->5120K(34816K)] 192362K->184849K(506880K), 0.0007325 secs] [Times: user=0.00 sys=0.00, real=0.00 secs] 
167.446: [GC (Allocation Failure) [PSYoungGen: 20826K->10240K(34816K)] 200555K->189969K(506880K), 0.0010849 secs] [Times: user=0.00 sys=0.00, real=0.00 secs] 
168.205: [GC (Allocation Failure) [PSYoungGen: 26968K->6144K(34816K)] 391017K->370193K(506880K), 0.0009589 secs] [Times: user=0.00 sys=0.00, real=0.00 secs] 
168.640: [GC (Allocation Failure) [PSYoungGen: 22873K->10240K(34816K)] 386923K->374289K(506880K), 0.0010296 secs] [Times: user=0.00 sys=0.00, real=0.00 secs] 
169.404: [GC (Allocation Failure) [PSYoungGen: 15704K->0K(34816K)] 430953K->415249K(506880K), 0.0008468 secs] [Times: user=0.00 sys=0.00, real=0.00 secs] 
169.405: [GC (Allocation Failure) [PSYoungGen: 0K->0K(34816K)] 415249K->415249K(506880K), 0.0009056 secs] [Times: user=0.00 sys=0.00, real=0.00 secs] 
169.406: [Full GC (Allocation Failure) [PSYoungGen: 0K->0K(34816K)] [ParOldGen: 415249K->51729K(472064K)] 415249K->51729K(506880K), [Metaspace: 2796K->2796K(1056768K)], 0.0050142 secs] [Times: user=0.00 sys=0.00, real=0.01 secs] 
169.967: [GC (Allocation Failure) [PSYoungGen: 12632K->5120K(34816K)] 166761K->159249K(506880K), 0.0009186 secs] [Times: user=0.00 sys=0.00, real=0.00 secs] 
170.294: [GC (Allocation Failure) [PSYoungGen: 20825K->10240K(34816K)] 174954K->164369K(506880K), 0.0008650 secs] [Times: user=0.00 sys=0.00, real=0.00 secs] 
171.056: [GC (Allocation Failure) [PSYoungGen: 26967K->7168K(34816K)] 365417K->345617K(506880K), 0.0008641 secs] [Times: user=0.00 sys=0.00, real=0.00 secs] 
171.492: [GC (Allocation Failure) [PSYoungGen: 23897K->11264K(34816K)] 362346K->349713K(506880K), 0.0011518 secs] [Times: user=0.00 sys=0.00, real=0.00 secs] 
172.256: [GC (Allocation Failure) [PSYoungGen: 26967K->11264K(34816K)] 457577K->441873K(506880K), 0.0011237 secs] [Times: user=0.00 sys=0.00, real=0.00 secs] 
172.257: [GC (Allocation Failure) [PSYoungGen: 11264K->11264K(34816K)] 441873K->441873K(506880K), 0.0010430 secs] [Times: user=0.00 sys=0.00, real=0.00 secs] 
172.258: [Full GC (Allocation Failure) [PSYoungGen: 11264K->0K(34816K)] [ParOldGen: 430609K->165393K(472064K)] 441873K->165393K(506880K), [Metaspace: 2796K->2796K(1056768K)], 0.0120553 secs] [Times: user=0.00 sys=0.00, real=0.01 secs] 
174.131: [Full GC (Ergonomics) [PSYoungGen: 14681K->0K(34816K)] [ParOldGen: 462353K->15889K(472064K)] 477034K->15889K(506880K), [Metaspace: 2796K->2796K(1056768K)], 0.0027199 secs] [Times: user=0.00 sys=0.00, real=0.00 secs] 
174.457: [GC (Allocation Failure) [PSYoungGen: 15706K->5120K(34816K)] 31595K->21009K(506880K), 0.0006836 secs] [Times: user=0.00 sys=0.00, real=0.00 secs] 
175.440: [GC (Allocation Failure) [PSYoungGen: 17752K->1024K(34816K)] 228201K->211473K(506880K), 0.0004818 secs] [Times: user=0.00 sys=0.00, real=0.00 secs] 
175.769: [GC (Allocation Failure) [PSYoungGen: 16729K->10240K(34816K)] 227179K->220689K(506880K), 0.0010895 secs] [Times: user=0.00 sys=0.00, real=0.00 secs] 
176.969: [GC (Allocation Failure) [PSYoungGen: 25943K->0K(34816K)] 277353K->251409K(506880K), 0.0006874 secs] [Times: user=0.00 sys=0.00, real=0.00 secs] 
177.298: [GC (Allocation Failure) [PSYoungGen: 15705K->10240K(34816K)] 267114K->261649K(506880K), 0.0012692 secs] [Times: user=0.00 sys=0.00, real=0.00 secs] 
178.278: [GC (Allocation Failure) [PSYoungGen: 22871K->6144K(34816K)] 468841K->452113K(506880K), 0.0011011 secs] [Times: user=0.00 sys=0.00, real=0.00 secs] 
178.606: [GC (Allocation Failure) [PSYoungGen: 21849K->10240K(34816K)] 467818K->456209K(506880K), 0.0010701 secs] [Times: user=0.00 sys=0.00, real=0.00 secs] 
179.151: [Full GC (Ergonomics) [PSYoungGen: 25943K->0K(34816K)] [ParOldGen: 466449K->72209K(472064K)] 492393K->72209K(506880K), [Metaspace: 2796K->2796K(1056768K)], 0.0066922 secs] [Times: user=0.00 sys=0.00, real=0.01 secs] 
179.918: [GC (Allocation Failure) [PSYoungGen: 12633K->5120K(34816K)] 258922K->251409K(506880K), 0.0007642 secs] [Times: user=0.00 sys=0.00, real=0.00 secs] 
181.010: [GC (Allocation Failure) [PSYoungGen: 21850K->2048K(34816K)] 370539K->350737K(506880K), 0.0007451 secs] [Times: user=0.00 sys=0.00, real=0.00 secs] 
181.446: [GC (Allocation Failure) [PSYoungGen: 18779K->6144K(34816K)] 367468K->354833K(506880K), 0.0008516 secs] [Times: user=0.00 sys=0.00, real=0.00 secs] 
182.211: [GC (Allocation Failure) [PSYoungGen: 21848K->6144K(34816K)] 462698K->446993K(506880K), 0.0009716 secs] [Times: user=0.00 sys=0.00, real=0.00 secs] 
182.212: [GC (Allocation Failure) [PSYoungGen: 6144K->6144K(34816K)] 446993K->446993K(506880K), 0.0008693 secs] [Times: user=0.00 sys=0.00, real=0.00 secs] 
182.213: [Full GC (Allocation Failure) [PSYoungGen: 6144K->0K(34816K)] [ParOldGen: 440849K->57873K(472064K)] 446993K->57873K(506880K), [Metaspace: 2796K->2796K(1056768K)], 0.0057095 secs] [Times: user=0.00 sys=0.00, real=0.01 secs] 
182.769: [GC (Allocation Failure) [PSYoungGen: 12634K->6144K(34816K)] 172907K->166417K(506880K), 0.0008066 secs] [Times: user=0.00 sys=0.00, real=0.00 secs] 
183.094: [GC (Allocation Failure) [PSYoungGen: 21850K->6144K(34816K)] 182124K->166417K(506880K), 0.0009073 secs] [Times: user=0.00 sys=0.00, real=0.00 secs] 
183.862: [GC (Allocation Failure) [PSYoungGen: 22872K->12288K(34816K)] 367466K->356881K(506880K), 0.0013271 secs] [Times: user=0.00 sys=0.00, real=0.00 secs] 
185.068: [GC (Allocation Failure) [PSYoungGen: 29017K->0K(34816K)] 455531K->426513K(506880K), 0.0010094 secs] [Times: user=0.00 sys=0.00, real=0.00 secs] 
185.069: [GC (Allocation Failure) [PSYoungGen: 0K->0K(34816K)] 426513K->426513K(506880K), 0.0007790 secs] [Times: user=0.00 sys=0.00, real=0.00 secs] 
185.070: [Full GC (Allocation Failure) [PSYoungGen: 0K->0K(34816K)] [ParOldGen: 426513K->61969K(472064K)] 426513K->61969K(506880K), [Metaspace: 2796K->2796K(1056768K)], 0.0055786 secs] [Times: user=0.00 sys=0.00, real=0.01 secs] 
185.631: [GC (Allocation Failure) [PSYoungGen: 12634K->10240K(34816K)] 177004K->174609K(506880K), 0.0008977 secs] [Times: user=0.00 sys=0.00, real=0.00 secs] 
185.959: [GC (Allocation Failure) [PSYoungGen: 25947K->10240K(34816K)] 190316K->174609K(506880K), 0.0009718 secs] [Times: user=0.00 sys=0.00, real=0.00 secs] 
186.723: [GC (Allocation Failure) [PSYoungGen: 26968K->6144K(34816K)] 375658K->354833K(506880K), 0.0010116 secs] [Times: user=0.00 sys=0.00, real=0.00 secs] 
187.161: [GC (Allocation Failure) [PSYoungGen: 22874K->15360K(34816K)] 371563K->364049K(506880K), 0.0015361 secs] [Times: user=0.00 sys=0.00, real=0.00 secs] 
188.471: [GC (Allocation Failure) [PSYoungGen: 31064K->0K(34816K)] 471913K->440849K(506880K), 0.0007993 secs] [Times: user=0.00 sys=0.00, real=0.00 secs] 
188.798: [GC (Allocation Failure) [PSYoungGen: 15705K->10240K(34816K)] 456555K->451089K(506880K), 0.0011453 secs] [Times: user=0.00 sys=0.00, real=0.00 secs] 
189.236: [Full GC (Ergonomics) [PSYoungGen: 25943K->0K(34816K)] [ParOldGen: 471569K->26129K(472064K)] 497513K->26129K(506880K), [Metaspace: 2796K->2796K(1056768K)], 0.0035164 secs] [Times: user=0.00 sys=0.00, real=0.00 secs] 
189.892: [GC (Allocation Failure) [PSYoungGen: 12633K->5120K(34816K)] 192362K->184849K(506880K), 0.0009893 secs] [Times: user=0.00 sys=0.00, real=0.00 secs] 
190.219: [GC (Allocation Failure) [PSYoungGen: 20826K->10240K(34816K)] 200555K->189969K(506880K), 0.0009678 secs] [Times: user=0.00 sys=0.00, real=0.00 secs] 
190.983: [GC (Allocation Failure) [PSYoungGen: 26968K->7168K(34816K)] 391017K->371217K(506880K), 0.0009708 secs] [Times: user=0.02 sys=0.00, real=0.00 secs] 
191.419: [GC (Allocation Failure) [PSYoungGen: 23897K->11296K(34816K)] 387947K->375345K(506880K), 0.0014007 secs] [Times: user=0.00 sys=0.00, real=0.00 secs] 
192.403: [GC (Allocation Failure) [PSYoungGen: 28024K->1056K(34816K)] 392073K->365105K(506880K), 0.0008385 secs] [Times: user=0.00 sys=0.00, real=0.00 secs] 
192.839: [GC (Allocation Failure) [PSYoungGen: 17783K->6176K(34816K)] 381832K->370225K(506880K), 0.0010660 secs] [Times: user=0.00 sys=0.00, real=0.00 secs] 
193.601: [Full GC (Ergonomics) [PSYoungGen: 21878K->0K(34816K)] [ParOldGen: 456209K->62993K(472064K)] 478087K->62993K(506880K), [Metaspace: 2796K->2796K(1056768K)], 0.0061122 secs] [Times: user=0.00 sys=0.00, real=0.00 secs] 
194.166: [GC (Allocation Failure) [PSYoungGen: 12632K->10240K(34816K)] 178025K->175633K(506880K), 0.0010740 secs] [Times: user=0.00 sys=0.00, real=0.00 secs] 
194.495: [GC (Allocation Failure) [PSYoungGen: 25945K->10272K(34816K)] 191339K->175665K(506880K), 0.0009592 secs] [Times: user=0.00 sys=0.00, real=0.00 secs] 
195.258: [GC (Allocation Failure) [PSYoungGen: 26999K->6176K(34816K)] 376713K->355889K(506880K), 0.0009270 secs] [Times: user=0.00 sys=0.00, real=0.00 secs] 
196.460: [GC (Allocation Failure) [PSYoungGen: 17785K->32K(34816K)] 449419K->431665K(506880K), 0.0010366 secs] [Times: user=0.00 sys=0.00, real=0.00 secs] 
196.461: [GC (Allocation Failure) [PSYoungGen: 32K->32K(34816K)] 431665K->431665K(506880K), 0.0011856 secs] [Times: user=0.00 sys=0.00, real=0.00 secs] 
196.462: [Full GC (Allocation Failure) [PSYoungGen: 32K->0K(34816K)] [ParOldGen: 431633K->72209K(472064K)] 431665K->72209K(506880K), [Metaspace: 2796K->2796K(1056768K)], 0.0063658 secs] [Times: user=0.02 sys=0.00, real=0.01 secs] 
197.021: [GC (Allocation Failure) [PSYoungGen: 12634K->5120K(34816K)] 187244K->179729K(506880K), 0.0007308 secs] [Times: user=0.00 sys=0.00, real=0.00 secs] 
197.348: [GC (Allocation Failure) [PSYoungGen: 20827K->10240K(34816K)] 195436K->184849K(506880K), 0.0009854 secs] [Times: user=0.00 sys=0.00, real=0.00 secs] 
198.111: [GC (Allocation Failure) [PSYoungGen: 26968K->6144K(34816K)] 385898K->365073K(506880K), 0.0009356 secs] [Times: user=0.00 sys=0.00, real=0.00 secs] 
198.549: [GC (Allocation Failure) [PSYoungGen: 22874K->10240K(34816K)] 381803K->369169K(506880K), 0.0012135 secs] [Times: user=0.00 sys=0.00, real=0.00 secs] 
199.314: [GC (Allocation Failure) [PSYoungGen: 25944K->10240K(34816K)] 477034K->461329K(506880K), 0.0012560 secs] [Times: user=0.00 sys=0.00, real=0.00 secs] 
199.316: [GC (Allocation Failure) [PSYoungGen: 10240K->10240K(34816K)] 461329K->461329K(506880K), 0.0009844 secs] [Times: user=0.00 sys=0.00, real=0.00 secs] 
199.317: [Full GC (Allocation Failure) [PSYoungGen: 10240K->0K(34816K)] [ParOldGen: 451089K->133649K(472064K)] 461329K->133649K(506880K), [Metaspace: 2796K->2796K(1056768K)], 0.0095200 secs] [Times: user=0.00 sys=0.00, real=0.01 secs] 
200.969: [GC (Allocation Failure) [PSYoungGen: 16729K->7168K(34816K)] 447339K->437777K(506880K), 0.0009355 secs] [Times: user=0.00 sys=0.00, real=0.00 secs] 
201.408: [GC (Allocation Failure) [PSYoungGen: 23898K->11264K(34816K)] 454508K->441873K(506880K), 0.0012795 secs] [Times: user=0.00 sys=0.00, real=0.00 secs] 
202.064: [Full GC (Ergonomics) [PSYoungGen: 26968K->0K(34816K)] [ParOldGen: 471569K->32273K(472064K)] 498538K->32273K(506880K), [Metaspace: 2796K->2796K(1056768K)], 0.0037544 secs] [Times: user=0.00 sys=0.00, real=0.00 secs] 
202.718: [GC (Allocation Failure) [PSYoungGen: 12633K->6144K(34816K)] 198507K->192017K(506880K), 0.0008375 secs] [Times: user=0.00 sys=0.00, real=0.00 secs] 
203.046: [GC (Allocation Failure) [PSYoungGen: 21850K->6144K(34816K)] 207724K->192017K(506880K), 0.0008862 secs] [Times: user=0.00 sys=0.00, real=0.00 secs] 
203.918: [GC (Allocation Failure) [PSYoungGen: 22872K->1024K(34816K)] 208746K->186897K(506880K), 0.0005649 secs] [Times: user=0.00 sys=0.00, real=0.00 secs] 
204.245: [GC (Allocation Failure) [PSYoungGen: 16727K->10240K(34816K)] 202601K->196113K(506880K), 0.0009878 secs] [Times: user=0.00 sys=0.00, real=0.00 secs] 
205.226: [GC (Allocation Failure) [PSYoungGen: 26966K->6144K(34816K)] 407400K->386577K(506880K), 0.0009541 secs] [Times: user=0.00 sys=0.00, real=0.00 secs] 
205.664: [GC (Allocation Failure) [PSYoungGen: 22872K->15360K(34816K)] 403306K->395793K(506880K), 0.0013663 secs] [Times: user=0.00 sys=0.00, real=0.00 secs] 
206.322: [GC (Allocation Failure) [PSYoungGen: 31063K->10240K(34816K)] 452457K->431633K(506880K), 0.0010014 secs] [Times: user=0.00 sys=0.00, real=0.00 secs] 
206.323: [GC (Allocation Failure) [PSYoungGen: 10240K->10240K(34816K)] 431633K->431633K(506880K), 0.0009329 secs] [Times: user=0.00 sys=0.00, real=0.00 secs] 
206.324: [Full GC (Allocation Failure) [PSYoungGen: 10240K->0K(34816K)] [ParOldGen: 421393K->41489K(472064K)] 431633K->41489K(506880K), [Metaspace: 2796K->2796K(1056768K)], 0.0042009 secs] [Times: user=0.00 sys=0.00, real=0.00 secs] 
206.976: [GC (Allocation Failure) [PSYoungGen: 12633K->5120K(34816K)] 207722K->200209K(506880K), 0.0009754 secs] [Times: user=0.00 sys=0.00, real=0.00 secs] 
208.287: [GC (Allocation Failure) [PSYoungGen: 17754K->5120K(34816K)] 386924K->374289K(506880K), 0.0009309 secs] [Times: user=0.00 sys=0.00, real=0.00 secs] 
208.612: [GC (Allocation Failure) [PSYoungGen: 20826K->10240K(34816K)] 389996K->379409K(506880K), 0.0009808 secs] [Times: user=0.00 sys=0.00, real=0.00 secs] 
209.267: [Full GC (Ergonomics) [PSYoungGen: 20824K->0K(34816K)] [ParOldGen: 461329K->108049K(472064K)] 482154K->108049K(506880K), [Metaspace: 2796K->2796K(1056768K)], 0.0086939 secs] [Times: user=0.00 sys=0.00, real=0.01 secs] 
209.829: [GC (Allocation Failure) [PSYoungGen: 12633K->5120K(34816K)] 223083K->215569K(506880K), 0.0008128 secs] [Times: user=0.00 sys=0.00, real=0.00 secs] 
210.156: [GC (Allocation Failure) [PSYoungGen: 20826K->10240K(34816K)] 231276K->220689K(506880K), 0.0008181 secs] [Times: user=0.00 sys=0.00, real=0.00 secs] 
211.466: [GC (Allocation Failure) [PSYoungGen: 26968K->1024K(34816K)] 421738K->395793K(506880K), 0.0008393 secs] [Times: user=0.00 sys=0.00, real=0.00 secs] 
212.014: [GC (Allocation Failure) [PSYoungGen: 11609K->5120K(34816K)] 447339K->440849K(506880K), 0.0010998 secs] [Times: user=0.00 sys=0.00, real=0.00 secs] 
212.015: [GC (Allocation Failure) [PSYoungGen: 5120K->5120K(34816K)] 440849K->440849K(506880K), 0.0007841 secs] [Times: user=0.00 sys=0.00, real=0.00 secs] 
212.016: [Full GC (Allocation Failure) [PSYoungGen: 5120K->0K(34816K)] [ParOldGen: 435729K->26129K(472064K)] 440849K->26129K(506880K), [Metaspace: 2796K->2796K(1056768K)], 0.0034640 secs] [Times: user=0.00 sys=0.00, real=0.00 secs] 
212.671: [GC (Allocation Failure) [PSYoungGen: 12634K->6144K(34816K)] 192364K->185873K(506880K), 0.0008420 secs] [Times: user=0.00 sys=0.00, real=0.00 secs] 
212.998: [GC (Allocation Failure) [PSYoungGen: 21851K->6144K(34816K)] 201581K->185873K(506880K), 0.0009669 secs] [Times: user=0.00 sys=0.00, real=0.00 secs] 
213.760: [GC (Allocation Failure) [PSYoungGen: 22872K->12288K(34816K)] 386922K->376337K(506880K), 0.0013331 secs] [Times: user=0.00 sys=0.00, real=0.00 secs] 
214.196: [GC (Allocation Failure) [PSYoungGen: 29018K->16384K(34816K)] 393067K->385553K(506880K), 0.0017408 secs] [Times: user=0.00 sys=0.00, real=0.00 secs] 
215.290: [GC (Allocation Failure) [PSYoungGen: 32088K->0K(34816K)] 421738K->389649K(506880K), 0.0007706 secs] [Times: user=0.00 sys=0.00, real=0.00 secs] 
215.617: [GC (Allocation Failure) [PSYoungGen: 15705K->10240K(34816K)] 405355K->399889K(506880K), 0.0011917 secs] [Times: user=0.00 sys=0.00, real=0.00 secs] 
216.271: [GC (Allocation Failure) [PSYoungGen: 25943K->5120K(34816K)] 456553K->435729K(506880K), 0.0008558 secs] [Times: user=0.00 sys=0.00, real=0.00 secs] 
216.272: [GC (Allocation Failure) [PSYoungGen: 5120K->5120K(34816K)] 435729K->435729K(506880K), 0.0010633 secs] [Times: user=0.00 sys=0.00, real=0.00 secs] 
216.273: [Full GC (Allocation Failure) [PSYoungGen: 5120K->0K(34816K)] [ParOldGen: 430609K->26129K(472064K)] 435729K->26129K(506880K), [Metaspace: 2796K->2796K(1056768K)], 0.0034628 secs] [Times: user=0.00 sys=0.00, real=0.00 secs] 
216.925: [GC (Allocation Failure) [PSYoungGen: 12633K->5120K(34816K)] 192363K->184849K(506880K), 0.0011256 secs] [Times: user=0.00 sys=0.00, real=0.00 secs] 
217.252: [GC (Allocation Failure) [PSYoungGen: 20826K->10240K(34816K)] 200556K->189969K(506880K), 0.0011017 secs] [Times: user=0.00 sys=0.00, real=0.00 secs] 
218.020: [GC (Allocation Failure) [PSYoungGen: 26968K->6144K(34816K)] 391018K->370193K(506880K), 0.0007416 secs] [Times: user=0.00 sys=0.00, real=0.00 secs] 
218.457: [GC (Allocation Failure) [PSYoungGen: 22873K->10240K(34816K)] 386923K->374289K(506880K), 0.0010942 secs] [Times: user=0.00 sys=0.00, real=0.00 secs] 
Heap
 PSYoungGen      total 34816K, used 16052K [0x00000000fcd00000, 0x0000000100000000, 0x0000000100000000)
  eden space 17408K, 33% used [0x00000000fcd00000,0x00000000fd2ad248,0x00000000fde00000)
  from space 17408K, 58% used [0x00000000fde00000,0x00000000fe800020,0x00000000fef00000)
  to   space 17408K, 0% used [0x00000000fef00000,0x00000000fef00000,0x0000000100000000)
 ParOldGen       total 472064K, used 364049K [0x00000000e0000000, 0x00000000fcd00000, 0x00000000fcd00000)
  object space 472064K, 77% used [0x00000000e0000000,0x00000000f6384760,0x00000000fcd00000)
 Metaspace       used 2804K, capacity 4486K, committed 4864K, reserved 1056768K
  class space    used 297K, capacity 386K, committed 512K, reserved 1048576K
