Java HotSpot(TM) 64-Bit Server VM (25.411-b09) for windows-amd64 JRE (1.8.0_411-b09), built on Mar 13 2024 07:26:13 by "java_re" with MS VC++ 17.1 (VS2022)
Memory: 4k page, physical 33403376k(14554284k free), swap 36670664k(7468136k free)
CommandLine flags: -XX:InitialHeapSize=536870912 -XX:MaxHeapSize=536870912 -XX:NewRatio=7 -XX:ParallelGCThreads=6 -XX:+PrintGC -XX:+PrintGCDetails -XX:+PrintGCTimeStamps -XX:SurvivorRatio=10 -XX:-UseAdaptiveSizePolicy -XX:+UseCompressedClassPointers -XX:+UseCompressedOops -XX:-UseLargePagesIndividualAllocation -XX:+UseParallelGC 
1.041: [GC (Allocation Failure) [PSYoungGen: 45220K->696K(60416K)] 45220K->16064K(519168K), 0.0041041 secs] [Times: user=0.00 sys=0.00, real=0.00 secs] 
2.179: [GC (Allocation Failure) [PSYoungGen: 53999K->1672K(60416K)] 222967K->175760K(519168K), 0.0024142 secs] [Times: user=0.00 sys=0.00, real=0.00 secs] 
3.212: [GC (Allocation Failure) [PSYoungGen: 54984K->3736K(60416K)] 382672K->336544K(519168K), 0.0025323 secs] [Times: user=0.00 sys=0.00, real=0.00 secs] 
4.850: [GC (Allocation Failure) [PSYoungGen: 56030K->672K(60416K)] 388838K->343720K(519168K), 0.0027975 secs] [Times: user=0.00 sys=0.00, real=0.00 secs] 
5.505: [GC (Allocation Failure) [PSYoungGen: 42730K->632K(60416K)] 385778K->364160K(519168K), 0.0046376 secs] [Times: user=0.00 sys=0.00, real=0.00 secs] 
5.740: [GC (Allocation Failure) [PSYoungGen: 22212K->600K(60416K)] 436940K->415328K(519168K), 0.0007877 secs] [Times: user=0.00 sys=0.00, real=0.00 secs] 
5.741: [GC (Allocation Failure) [PSYoungGen: 600K->568K(60416K)] 415328K->415296K(519168K), 0.0007361 secs] [Times: user=0.00 sys=0.00, real=0.00 secs] 
5.742: [Full GC (Allocation Failure) [PSYoungGen: 568K->0K(60416K)] [ParOldGen: 414728K->67088K(458752K)] 415296K->67088K(519168K), [Metaspace: 2753K->2753K(1056768K)], 0.0109665 secs] [Times: user=0.00 sys=0.00, real=0.01 secs] 
6.954: [GC (Allocation Failure) [PSYoungGen: 53324K->0K(60416K)] 222813K->184848K(519168K), 0.0015697 secs] [Times: user=0.00 sys=0.00, real=0.00 secs] 
8.375: [GC (Allocation Failure) [PSYoungGen: 38519K->32K(60416K)] 376968K->343608K(519168K), 0.0010380 secs] [Times: user=0.00 sys=0.00, real=0.00 secs] 
8.593: [GC (Allocation Failure) [PSYoungGen: 21615K->32K(60416K)] 416392K->394808K(519168K), 0.0009047 secs] [Times: user=0.00 sys=0.00, real=0.00 secs] 
8.594: [GC (Allocation Failure) [PSYoungGen: 32K->32K(60416K)] 394808K->394808K(519168K), 0.0011490 secs] [Times: user=0.00 sys=0.00, real=0.00 secs] 
8.595: [Full GC (Allocation Failure) [PSYoungGen: 32K->0K(60416K)] [ParOldGen: 394776K->51728K(458752K)] 394808K->51728K(519168K), [Metaspace: 2759K->2759K(1056768K)], 0.0050895 secs] [Times: user=0.00 sys=0.00, real=0.01 secs] 
9.810: [GC (Allocation Failure) [PSYoungGen: 53327K->0K(60416K)] 207456K->169488K(519168K), 0.0014725 secs] [Times: user=0.00 sys=0.00, real=0.00 secs] 
11.012: [GC (Allocation Failure) [PSYoungGen: 53328K->0K(60416K)] 376417K->333328K(519168K), 0.0010442 secs] [Times: user=0.00 sys=0.00, real=0.00 secs] 
11.447: [GC (Allocation Failure) [PSYoungGen: 42064K->0K(60416K)] 426594K->384529K(519168K), 0.0008558 secs] [Times: user=0.00 sys=0.00, real=0.00 secs] 
11.448: [GC (Allocation Failure) [PSYoungGen: 0K->0K(60416K)] 384529K->384529K(519168K), 0.0009430 secs] [Times: user=0.00 sys=0.00, real=0.00 secs] 
11.449: [Full GC (Allocation Failure) [PSYoungGen: 0K->0K(60416K)] [ParOldGen: 384529K->215568K(458752K)] 384529K->215568K(519168K), [Metaspace: 2761K->2761K(1056768K)], 0.0115171 secs] [Times: user=0.00 sys=0.00, real=0.01 secs] 
12.883: [GC (Allocation Failure) [PSYoungGen: 52664K->32K(60416K)] 421833K->374328K(519168K), 0.0010802 secs] [Times: user=0.00 sys=0.00, real=0.00 secs] 
12.884: [GC (Allocation Failure) [PSYoungGen: 32K->96K(60416K)] 374328K->374392K(519168K), 0.0008105 secs] [Times: user=0.00 sys=0.00, real=0.00 secs] 
12.885: [Full GC (Allocation Failure) [PSYoungGen: 96K->0K(60416K)] [ParOldGen: 374296K->56849K(458752K)] 374392K->56849K(519168K), [Metaspace: 2763K->2763K(1056768K)], 0.0052123 secs] [Times: user=0.00 sys=0.00, real=0.01 secs] 
14.100: [GC (Allocation Failure) [PSYoungGen: 53329K->1024K(60416K)] 212578K->180753K(519168K), 0.0017827 secs] [Times: user=0.00 sys=0.00, real=0.00 secs] 
15.301: [GC (Allocation Failure) [PSYoungGen: 54353K->1024K(60416K)] 387683K->344593K(519168K), 0.0011081 secs] [Times: user=0.00 sys=0.00, real=0.00 secs] 
16.720: [GC (Allocation Failure) [PSYoungGen: 53329K->0K(60416K)] 396899K->353809K(519168K), 0.0012501 secs] [Times: user=0.00 sys=0.00, real=0.00 secs] 
17.159: [GC (Allocation Failure) [PSYoungGen: 42065K->0K(60416K)] 447074K->425489K(519168K), 0.0044015 secs] [Times: user=0.00 sys=0.02, real=0.00 secs] 
17.164: [Full GC (Ergonomics) [PSYoungGen: 0K->0K(60416K)] [ParOldGen: 425489K->77329K(458752K)] 425489K->77329K(519168K), [Metaspace: 2768K->2768K(1056768K)], 0.0067110 secs] [Times: user=0.00 sys=0.00, real=0.01 secs] 
18.375: [GC (Allocation Failure) [PSYoungGen: 53329K->0K(60416K)] 233058K->195089K(519168K), 0.0014066 secs] [Times: user=0.00 sys=0.00, real=0.00 secs] 
20.011: [GC (Allocation Failure) [PSYoungGen: 43089K->0K(60416K)] 442978K->399889K(519168K), 0.0012723 secs] [Times: user=0.00 sys=0.00, real=0.00 secs] 
20.013: [GC (Allocation Failure) [PSYoungGen: 0K->0K(60416K)] 399889K->399889K(519168K), 0.0009901 secs] [Times: user=0.00 sys=0.00, real=0.00 secs] 
20.014: [Full GC (Allocation Failure) [PSYoungGen: 0K->0K(60416K)] [ParOldGen: 399889K->51729K(458752K)] 399889K->51729K(519168K), [Metaspace: 2770K->2770K(1056768K)], 0.0049028 secs] [Times: user=0.00 sys=0.00, real=0.01 secs] 
21.229: [GC (Allocation Failure) [PSYoungGen: 53329K->0K(60416K)] 207459K->169489K(519168K), 0.0013741 secs] [Times: user=0.00 sys=0.00, real=0.00 secs] 
22.427: [GC (Allocation Failure) [PSYoungGen: 53329K->1024K(60416K)] 376419K->334353K(519168K), 0.0009226 secs] [Times: user=0.00 sys=0.00, real=0.00 secs] 
22.860: [GC (Allocation Failure) [PSYoungGen: 43089K->1024K(60416K)] 427619K->385553K(519168K), 0.0009075 secs] [Times: user=0.00 sys=0.00, real=0.00 secs] 
22.861: [GC (Allocation Failure) [PSYoungGen: 1024K->1024K(60416K)] 385553K->385553K(519168K), 0.0010032 secs] [Times: user=0.00 sys=0.00, real=0.00 secs] 
22.862: [Full GC (Allocation Failure) [PSYoungGen: 1024K->0K(60416K)] [ParOldGen: 384529K->165393K(458752K)] 385553K->165393K(519168K), [Metaspace: 2779K->2779K(1056768K)], 0.0121200 secs] [Times: user=0.00 sys=0.00, real=0.01 secs] 
24.623: [Full GC (Ergonomics) [PSYoungGen: 50258K->0K(60416K)] [ParOldGen: 421393K->12288K(458752K)] 471651K->12288K(519168K), [Metaspace: 2779K->2779K(1056768K)], 0.0027879 secs] [Times: user=0.00 sys=0.00, real=0.00 secs] 
25.497: [GC (Allocation Failure) [PSYoungGen: 52306K->0K(60416K)] 64594K->37888K(519168K), 0.0016020 secs] [Times: user=0.00 sys=0.00, real=0.00 secs] 
26.701: [GC (Allocation Failure) [PSYoungGen: 53329K->0K(60416K)] 244817K->201728K(519168K), 0.0011162 secs] [Times: user=0.00 sys=0.00, real=0.00 secs] 
27.793: [GC (Allocation Failure) [PSYoungGen: 52305K->0K(60416K)] 254033K->211968K(519168K), 0.0009383 secs] [Times: user=0.00 sys=0.00, real=0.00 secs] 
28.338: [GC (Allocation Failure) [PSYoungGen: 37178K->32K(60416K)] 249147K->222248K(519168K), 0.0012265 secs] [Times: user=0.00 sys=0.00, real=0.00 secs] 
29.541: [GC (Allocation Failure) [PSYoungGen: 53347K->32K(60416K)] 429163K->386088K(519168K), 0.0010415 secs] [Times: user=0.00 sys=0.00, real=0.00 secs] 
29.977: [Full GC (Ergonomics) [PSYoungGen: 42088K->0K(60416K)] [ParOldGen: 437256K->113169K(458752K)] 479344K->113169K(519168K), [Metaspace: 2793K->2793K(1056768K)], 0.0088647 secs] [Times: user=0.00 sys=0.00, real=0.01 secs] 
32.174: [GC (Allocation Failure) [PSYoungGen: 50252K->1024K(60416K)] 368221K->324113K(519168K), 0.0008273 secs] [Times: user=0.00 sys=0.00, real=0.00 secs] 
32.827: [GC (Allocation Failure) [PSYoungGen: 53326K->1024K(60416K)] 427615K->380433K(519168K), 0.0008205 secs] [Times: user=0.00 sys=0.00, real=0.00 secs] 
32.827: [GC (Allocation Failure) [PSYoungGen: 1024K->1024K(60416K)] 380433K->380433K(519168K), 0.0006406 secs] [Times: user=0.00 sys=0.00, real=0.00 secs] 
32.828: [Full GC (Allocation Failure) [PSYoungGen: 1024K->0K(60416K)] [ParOldGen: 379409K->57873K(458752K)] 380433K->57873K(519168K), [Metaspace: 2793K->2793K(1056768K)], 0.0052584 secs] [Times: user=0.00 sys=0.00, real=0.00 secs] 
34.028: [GC (Allocation Failure) [PSYoungGen: 53327K->1024K(60416K)] 213600K->181777K(519168K), 0.0015857 secs] [Times: user=0.00 sys=0.00, real=0.00 secs] 
35.447: [GC (Allocation Failure) [PSYoungGen: 49232K->0K(60416K)] 383585K->354833K(519168K), 0.0013919 secs] [Times: user=0.00 sys=0.00, real=0.00 secs] 
35.666: [GC (Allocation Failure) [PSYoungGen: 21584K->0K(60416K)] 427618K->406033K(519168K), 0.0008805 secs] [Times: user=0.00 sys=0.00, real=0.00 secs] 
35.667: [GC (Allocation Failure) [PSYoungGen: 0K->0K(60416K)] 406033K->406033K(519168K), 0.0007798 secs] [Times: user=0.00 sys=0.00, real=0.00 secs] 
35.668: [Full GC (Allocation Failure) [PSYoungGen: 0K->0K(60416K)] [ParOldGen: 406033K->61969K(458752K)] 406033K->61969K(519168K), [Metaspace: 2793K->2793K(1056768K)], 0.0057878 secs] [Times: user=0.00 sys=0.00, real=0.01 secs] 
36.884: [GC (Allocation Failure) [PSYoungGen: 53328K->0K(60416K)] 217698K->179729K(519168K), 0.0013970 secs] [Times: user=0.00 sys=0.00, real=0.00 secs] 
38.088: [GC (Allocation Failure) [PSYoungGen: 53329K->0K(60416K)] 386658K->364049K(519168K), 0.0025563 secs] [Times: user=0.00 sys=0.00, real=0.00 secs] 
39.292: [Full GC (Ergonomics) [PSYoungGen: 52305K->0K(60416K)] [ParOldGen: 415249K->6144K(458752K)] 467555K->6144K(519168K), [Metaspace: 2793K->2793K(1056768K)], 0.0023362 secs] [Times: user=0.00 sys=0.00, real=0.00 secs] 
40.270: [GC (Allocation Failure) [PSYoungGen: 53329K->1024K(60416K)] 213073K->160768K(519168K), 0.0004947 secs] [Times: user=0.00 sys=0.00, real=0.00 secs] 
41.141: [GC (Allocation Failure) [PSYoungGen: 53329K->0K(60416K)] 213073K->175104K(519168K), 0.0013664 secs] [Times: user=0.00 sys=0.00, real=0.00 secs] 
42.999: [GC (Allocation Failure) [PSYoungGen: 54353K->1024K(60416K)] 383057K->329728K(519168K), 0.0008697 secs] [Times: user=0.00 sys=0.00, real=0.00 secs] 
43.982: [GC (Allocation Failure) [PSYoungGen: 54353K->1024K(60416K)] 383057K->350208K(519168K), 0.0019596 secs] [Times: user=0.00 sys=0.00, real=0.00 secs] 
44.200: [GC (Allocation Failure) [PSYoungGen: 22609K->1024K(60416K)] 422993K->401408K(519168K), 0.0015390 secs] [Times: user=0.00 sys=0.00, real=0.00 secs] 
44.202: [GC (Allocation Failure) [PSYoungGen: 1024K->1024K(60416K)] 401408K->401408K(519168K), 0.0017446 secs] [Times: user=0.00 sys=0.00, real=0.00 secs] 
44.204: [Full GC (Allocation Failure) [PSYoungGen: 1024K->0K(60416K)] [ParOldGen: 400384K->62993K(458752K)] 401408K->62993K(519168K), [Metaspace: 2795K->2795K(1056768K)], 0.0052874 secs] [Times: user=0.00 sys=0.00, real=0.01 secs] 
45.418: [GC (Allocation Failure) [PSYoungGen: 53329K->0K(60416K)] 218722K->190993K(519168K), 0.0019141 secs] [Times: user=0.00 sys=0.00, real=0.00 secs] 
46.836: [GC (Allocation Failure) [PSYoungGen: 43089K->0K(60416K)] 387682K->354833K(519168K), 0.0013590 secs] [Times: user=0.00 sys=0.00, real=0.00 secs] 
47.056: [GC (Allocation Failure) [PSYoungGen: 21585K->0K(60416K)] 427619K->426513K(519168K), 0.0020432 secs] [Times: user=0.00 sys=0.00, real=0.00 secs] 
47.058: [Full GC (Ergonomics) [PSYoungGen: 0K->0K(60416K)] [ParOldGen: 426513K->72209K(458752K)] 426513K->72209K(519168K), [Metaspace: 2795K->2795K(1056768K)], 0.0064518 secs] [Times: user=0.00 sys=0.00, real=0.01 secs] 
48.276: [GC (Allocation Failure) [PSYoungGen: 53329K->0K(60416K)] 227939K->189969K(519168K), 0.0013302 secs] [Times: user=0.00 sys=0.00, real=0.00 secs] 
49.476: [GC (Allocation Failure) [PSYoungGen: 53329K->0K(60416K)] 396899K->353809K(519168K), 0.0011897 secs] [Times: user=0.00 sys=0.00, real=0.00 secs] 
49.912: [GC (Allocation Failure) [PSYoungGen: 42065K->0K(60416K)] 447075K->405009K(519168K), 0.0014909 secs] [Times: user=0.00 sys=0.00, real=0.00 secs] 
49.914: [GC (Allocation Failure) [PSYoungGen: 0K->0K(60416K)] 405009K->405009K(519168K), 0.0009721 secs] [Times: user=0.00 sys=0.00, real=0.00 secs] 
49.915: [Full GC (Allocation Failure) [PSYoungGen: 0K->0K(60416K)] [ParOldGen: 405009K->133649K(458752K)] 405009K->133649K(519168K), [Metaspace: 2795K->2795K(1056768K)], 0.0101946 secs] [Times: user=0.00 sys=0.00, real=0.01 secs] 
51.123: [GC (Allocation Failure) [PSYoungGen: 36945K->0K(60416K)] 272995K->251409K(519168K), 0.0013103 secs] [Times: user=0.00 sys=0.00, real=0.00 secs] 
52.323: [GC (Allocation Failure) [PSYoungGen: 53329K->1024K(60416K)] 458339K->416273K(519168K), 0.0009941 secs] [Times: user=0.00 sys=0.00, real=0.00 secs] 
52.324: [Full GC (Ergonomics) [PSYoungGen: 1024K->0K(60416K)] [ParOldGen: 415249K->11793K(458752K)] 416273K->11793K(519168K), [Metaspace: 2795K->2795K(1056768K)], 0.0027795 secs] [Times: user=0.00 sys=0.00, real=0.00 secs] 
53.306: [GC (Allocation Failure) [PSYoungGen: 53329K->1024K(60416K)] 218723K->171537K(519168K), 0.0007691 secs] [Times: user=0.00 sys=0.00, real=0.00 secs] 
54.947: [GC (Allocation Failure) [PSYoungGen: 53330K->0K(60416K)] 223843K->180753K(519168K), 0.0012742 secs] [Times: user=0.00 sys=0.00, real=0.00 secs] 
55.928: [GC (Allocation Failure) [PSYoungGen: 53329K->1024K(60416K)] 387682K->345617K(519168K), 0.0014270 secs] [Times: user=0.00 sys=0.00, real=0.00 secs] 
56.802: [GC (Allocation Failure) [PSYoungGen: 53329K->0K(60416K)] 397923K->359953K(519168K), 0.0014158 secs] [Times: user=0.00 sys=0.00, real=0.00 secs] 
57.021: [GC (Allocation Failure) [PSYoungGen: 21585K->0K(60416K)] 432738K->431633K(519168K), 0.0021534 secs] [Times: user=0.00 sys=0.00, real=0.00 secs] 
57.023: [Full GC (Ergonomics) [PSYoungGen: 0K->0K(60416K)] [ParOldGen: 431633K->92689K(458752K)] 431633K->92689K(519168K), [Metaspace: 2796K->2796K(1056768K)], 0.0076133 secs] [Times: user=0.00 sys=0.00, real=0.01 secs] 
59.002: [GC (Allocation Failure) [PSYoungGen: 50257K->0K(60416K)] 398946K->353809K(519168K), 0.0008841 secs] [Times: user=0.00 sys=0.00, real=0.00 secs] 
59.655: [GC (Allocation Failure) [PSYoungGen: 42065K->0K(60416K)] 395874K->369169K(519168K), 0.0014263 secs] [Times: user=0.00 sys=0.00, real=0.00 secs] 
59.873: [GC (Allocation Failure) [PSYoungGen: 21584K->0K(60416K)] 441954K->420369K(519168K), 0.0008017 secs] [Times: user=0.00 sys=0.00, real=0.00 secs] 
59.874: [Full GC (Ergonomics) [PSYoungGen: 0K->0K(60416K)] [ParOldGen: 420369K->108049K(458752K)] 420369K->108049K(519168K), [Metaspace: 2796K->2796K(1056768K)], 0.0085404 secs] [Times: user=0.02 sys=0.00, real=0.01 secs] 
61.093: [GC (Allocation Failure) [PSYoungGen: 53329K->0K(60416K)] 263778K->225809K(519168K), 0.0014810 secs] [Times: user=0.00 sys=0.00, real=0.00 secs] 
62.510: [GC (Allocation Failure) [PSYoungGen: 52305K->0K(60416K)] 431714K->394769K(519168K), 0.0014969 secs] [Times: user=0.00 sys=0.00, real=0.00 secs] 
62.728: [Full GC (Ergonomics) [PSYoungGen: 21585K->0K(60416K)] [ParOldGen: 445969K->56849K(458752K)] 467554K->56849K(519168K), [Metaspace: 2796K->2796K(1056768K)], 0.0059936 secs] [Times: user=0.00 sys=0.00, real=0.01 secs] 
63.945: [GC (Allocation Failure) [PSYoungGen: 53329K->1024K(60416K)] 212578K->180753K(519168K), 0.0017876 secs] [Times: user=0.00 sys=0.00, real=0.00 secs] 
65.149: [GC (Allocation Failure) [PSYoungGen: 54353K->1024K(60416K)] 387683K->344593K(519168K), 0.0011674 secs] [Times: user=0.00 sys=0.00, real=0.00 secs] 
66.568: [GC (Allocation Failure) [PSYoungGen: 53329K->0K(60416K)] 396899K->353809K(519168K), 0.0010668 secs] [Times: user=0.00 sys=0.00, real=0.00 secs] 
67.004: [GC (Allocation Failure) [PSYoungGen: 42065K->0K(60416K)] 447074K->425489K(519168K), 0.0021400 secs] [Times: user=0.02 sys=0.00, real=0.00 secs] 
67.006: [Full GC (Ergonomics) [PSYoungGen: 0K->0K(60416K)] [ParOldGen: 425489K->77329K(458752K)] 425489K->77329K(519168K), [Metaspace: 2796K->2796K(1056768K)], 0.0063870 secs] [Times: user=0.00 sys=0.00, real=0.01 secs] 
68.223: [GC (Allocation Failure) [PSYoungGen: 53329K->0K(60416K)] 233058K->195089K(519168K), 0.0016906 secs] [Times: user=0.05 sys=0.00, real=0.00 secs] 
69.862: [GC (Allocation Failure) [PSYoungGen: 43089K->0K(60416K)] 442979K->399889K(519168K), 0.0007886 secs] [Times: user=0.00 sys=0.00, real=0.00 secs] 
69.863: [GC (Allocation Failure) [PSYoungGen: 0K->0K(60416K)] 399889K->399889K(519168K), 0.0007134 secs] [Times: user=0.00 sys=0.00, real=0.00 secs] 
69.864: [Full GC (Allocation Failure) [PSYoungGen: 0K->0K(60416K)] [ParOldGen: 399889K->51729K(458752K)] 399889K->51729K(519168K), [Metaspace: 2796K->2796K(1056768K)], 0.0048813 secs] [Times: user=0.00 sys=0.00, real=0.00 secs] 
71.077: [GC (Allocation Failure) [PSYoungGen: 53329K->0K(60416K)] 207459K->169489K(519168K), 0.0013323 secs] [Times: user=0.00 sys=0.00, real=0.00 secs] 
72.279: [GC (Allocation Failure) [PSYoungGen: 53329K->1024K(60416K)] 376419K->334353K(519168K), 0.0010128 secs] [Times: user=0.00 sys=0.00, real=0.00 secs] 
72.715: [GC (Allocation Failure) [PSYoungGen: 43089K->1024K(60416K)] 427619K->385553K(519168K), 0.0007891 secs] [Times: user=0.00 sys=0.00, real=0.00 secs] 
72.716: [GC (Allocation Failure) [PSYoungGen: 1024K->1024K(60416K)] 385553K->385553K(519168K), 0.0008349 secs] [Times: user=0.00 sys=0.00, real=0.00 secs] 
72.717: [Full GC (Allocation Failure) [PSYoungGen: 1024K->0K(60416K)] [ParOldGen: 384529K->165393K(458752K)] 385553K->165393K(519168K), [Metaspace: 2796K->2796K(1056768K)], 0.0131714 secs] [Times: user=0.01 sys=0.00, real=0.01 secs] 
74.477: [Full GC (Ergonomics) [PSYoungGen: 50257K->0K(60416K)] [ParOldGen: 421393K->12288K(458752K)] 471651K->12288K(519168K), [Metaspace: 2796K->2796K(1056768K)], 0.0026320 secs] [Times: user=0.00 sys=0.00, real=0.00 secs] 
75.352: [GC (Allocation Failure) [PSYoungGen: 52306K->0K(60416K)] 64594K->37888K(519168K), 0.0016321 secs] [Times: user=0.00 sys=0.00, real=0.00 secs] 
76.552: [GC (Allocation Failure) [PSYoungGen: 53329K->0K(60416K)] 244817K->201728K(519168K), 0.0010644 secs] [Times: user=0.00 sys=0.00, real=0.00 secs] 
77.646: [GC (Allocation Failure) [PSYoungGen: 52305K->0K(60416K)] 254033K->211968K(519168K), 0.0009465 secs] [Times: user=0.00 sys=0.00, real=0.00 secs] 
78.189: [GC (Allocation Failure) [PSYoungGen: 36945K->0K(60416K)] 248913K->222208K(519168K), 0.0013167 secs] [Times: user=0.00 sys=0.00, real=0.00 secs] 
79.390: [GC (Allocation Failure) [PSYoungGen: 53317K->0K(60416K)] 429126K->386048K(519168K), 0.0014779 secs] [Times: user=0.00 sys=0.00, real=0.00 secs] 
79.828: [Full GC (Ergonomics) [PSYoungGen: 42058K->0K(60416K)] [ParOldGen: 437248K->113169K(458752K)] 479306K->113169K(519168K), [Metaspace: 2796K->2796K(1056768K)], 0.0087576 secs] [Times: user=0.00 sys=0.00, real=0.01 secs] 
82.030: [GC (Allocation Failure) [PSYoungGen: 50253K->1024K(60416K)] 368222K->324113K(519168K), 0.0008748 secs] [Times: user=0.00 sys=0.00, real=0.00 secs] 
82.682: [GC (Allocation Failure) [PSYoungGen: 53326K->1024K(60416K)] 427616K->380433K(519168K), 0.0011338 secs] [Times: user=0.00 sys=0.00, real=0.00 secs] 
82.684: [GC (Allocation Failure) [PSYoungGen: 1024K->1024K(60416K)] 380433K->380433K(519168K), 0.0009423 secs] [Times: user=0.00 sys=0.00, real=0.00 secs] 
82.685: [Full GC (Allocation Failure) [PSYoungGen: 1024K->0K(60416K)] [ParOldGen: 379409K->57873K(458752K)] 380433K->57873K(519168K), [Metaspace: 2796K->2796K(1056768K)], 0.0055304 secs] [Times: user=0.00 sys=0.00, real=0.01 secs] 
83.905: [GC (Allocation Failure) [PSYoungGen: 53327K->1024K(60416K)] 213601K->181777K(519168K), 0.0015372 secs] [Times: user=0.00 sys=0.00, real=0.00 secs] 
85.323: [GC (Allocation Failure) [PSYoungGen: 49232K->0K(60416K)] 383586K->354833K(519168K), 0.0013385 secs] [Times: user=0.00 sys=0.00, real=0.00 secs] 
85.541: [GC (Allocation Failure) [PSYoungGen: 21585K->0K(60416K)] 427618K->406033K(519168K), 0.0007721 secs] [Times: user=0.00 sys=0.00, real=0.00 secs] 
85.542: [GC (Allocation Failure) [PSYoungGen: 0K->0K(60416K)] 406033K->406033K(519168K), 0.0011309 secs] [Times: user=0.00 sys=0.00, real=0.00 secs] 
85.543: [Full GC (Allocation Failure) [PSYoungGen: 0K->0K(60416K)] [ParOldGen: 406033K->61969K(458752K)] 406033K->61969K(519168K), [Metaspace: 2796K->2796K(1056768K)], 0.0059482 secs] [Times: user=0.00 sys=0.00, real=0.01 secs] 
86.758: [GC (Allocation Failure) [PSYoungGen: 53329K->0K(60416K)] 217698K->179729K(519168K), 0.0015633 secs] [Times: user=0.00 sys=0.00, real=0.00 secs] 
87.960: [GC (Allocation Failure) [PSYoungGen: 53329K->0K(60416K)] 386658K->364049K(519168K), 0.0024809 secs] [Times: user=0.00 sys=0.00, real=0.00 secs] 
89.160: [Full GC (Ergonomics) [PSYoungGen: 52305K->0K(60416K)] [ParOldGen: 415249K->6144K(458752K)] 467555K->6144K(519168K), [Metaspace: 2796K->2796K(1056768K)], 0.0024701 secs] [Times: user=0.00 sys=0.00, real=0.00 secs] 
90.143: [GC (Allocation Failure) [PSYoungGen: 53329K->1024K(60416K)] 213073K->160768K(519168K), 0.0005243 secs] [Times: user=0.00 sys=0.00, real=0.00 secs] 
91.014: [GC (Allocation Failure) [PSYoungGen: 53329K->0K(60416K)] 213073K->175104K(519168K), 0.0014367 secs] [Times: user=0.00 sys=0.00, real=0.00 secs] 
92.870: [GC (Allocation Failure) [PSYoungGen: 54353K->1024K(60416K)] 383057K->329728K(519168K), 0.0011730 secs] [Times: user=0.00 sys=0.00, real=0.00 secs] 
93.852: [GC (Allocation Failure) [PSYoungGen: 54353K->1024K(60416K)] 383057K->350208K(519168K), 0.0017830 secs] [Times: user=0.00 sys=0.00, real=0.00 secs] 
94.072: [GC (Allocation Failure) [PSYoungGen: 22609K->1024K(60416K)] 422993K->401408K(519168K), 0.0017112 secs] [Times: user=0.00 sys=0.00, real=0.00 secs] 
94.074: [GC (Allocation Failure) [PSYoungGen: 1024K->1024K(60416K)] 401408K->401408K(519168K), 0.0017820 secs] [Times: user=0.00 sys=0.00, real=0.00 secs] 
94.076: [Full GC (Allocation Failure) [PSYoungGen: 1024K->0K(60416K)] [ParOldGen: 400384K->62993K(458752K)] 401408K->62993K(519168K), [Metaspace: 2796K->2796K(1056768K)], 0.0056141 secs] [Times: user=0.00 sys=0.00, real=0.01 secs] 
95.289: [GC (Allocation Failure) [PSYoungGen: 53329K->0K(60416K)] 218722K->190993K(519168K), 0.0015709 secs] [Times: user=0.00 sys=0.00, real=0.00 secs] 
96.706: [GC (Allocation Failure) [PSYoungGen: 43089K->0K(60416K)] 387682K->354833K(519168K), 0.0015870 secs] [Times: user=0.00 sys=0.00, real=0.00 secs] 
96.925: [GC (Allocation Failure) [PSYoungGen: 21585K->0K(60416K)] 427619K->426513K(519168K), 0.0021646 secs] [Times: user=0.00 sys=0.00, real=0.00 secs] 
96.927: [Full GC (Ergonomics) [PSYoungGen: 0K->0K(60416K)] [ParOldGen: 426513K->72209K(458752K)] 426513K->72209K(519168K), [Metaspace: 2796K->2796K(1056768K)], 0.0066838 secs] [Times: user=0.00 sys=0.00, real=0.01 secs] 
98.143: [GC (Allocation Failure) [PSYoungGen: 53329K->0K(60416K)] 227939K->189969K(519168K), 0.0015510 secs] [Times: user=0.00 sys=0.00, real=0.00 secs] 
99.343: [GC (Allocation Failure) [PSYoungGen: 53329K->0K(60416K)] 396899K->353809K(519168K), 0.0009715 secs] [Times: user=0.00 sys=0.00, real=0.00 secs] 
99.779: [GC (Allocation Failure) [PSYoungGen: 42065K->0K(60416K)] 447075K->405009K(519168K), 0.0011591 secs] [Times: user=0.00 sys=0.00, real=0.00 secs] 
99.780: [GC (Allocation Failure) [PSYoungGen: 0K->0K(60416K)] 405009K->405009K(519168K), 0.0009945 secs] [Times: user=0.00 sys=0.00, real=0.00 secs] 
99.781: [Full GC (Allocation Failure) [PSYoungGen: 0K->0K(60416K)] [ParOldGen: 405009K->133649K(458752K)] 405009K->133649K(519168K), [Metaspace: 2796K->2796K(1056768K)], 0.0101255 secs] [Times: user=0.00 sys=0.00, real=0.01 secs] 
100.997: [GC (Allocation Failure) [PSYoungGen: 36945K->0K(60416K)] 272995K->251409K(519168K), 0.0013956 secs] [Times: user=0.00 sys=0.00, real=0.00 secs] 
102.194: [GC (Allocation Failure) [PSYoungGen: 53329K->1024K(60416K)] 458339K->416273K(519168K), 0.0010374 secs] [Times: user=0.00 sys=0.00, real=0.00 secs] 
102.195: [Full GC (Ergonomics) [PSYoungGen: 1024K->0K(60416K)] [ParOldGen: 415249K->11793K(458752K)] 416273K->11793K(519168K), [Metaspace: 2796K->2796K(1056768K)], 0.0026569 secs] [Times: user=0.00 sys=0.00, real=0.00 secs] 
103.176: [GC (Allocation Failure) [PSYoungGen: 53329K->1024K(60416K)] 218723K->171537K(519168K), 0.0007853 secs] [Times: user=0.00 sys=0.00, real=0.00 secs] 
104.813: [GC (Allocation Failure) [PSYoungGen: 53330K->0K(60416K)] 223843K->180753K(519168K), 0.0010550 secs] [Times: user=0.00 sys=0.00, real=0.00 secs] 
105.796: [GC (Allocation Failure) [PSYoungGen: 53329K->1024K(60416K)] 387682K->345617K(519168K), 0.0013745 secs] [Times: user=0.00 sys=0.00, real=0.00 secs] 
106.670: [GC (Allocation Failure) [PSYoungGen: 53329K->0K(60416K)] 397923K->359953K(519168K), 0.0013904 secs] [Times: user=0.00 sys=0.00, real=0.00 secs] 
106.887: [GC (Allocation Failure) [PSYoungGen: 21585K->0K(60416K)] 432738K->431633K(519168K), 0.0021408 secs] [Times: user=0.00 sys=0.00, real=0.00 secs] 
106.889: [Full GC (Ergonomics) [PSYoungGen: 0K->0K(60416K)] [ParOldGen: 431633K->92689K(458752K)] 431633K->92689K(519168K), [Metaspace: 2796K->2796K(1056768K)], 0.0078717 secs] [Times: user=0.00 sys=0.00, real=0.01 secs] 
108.868: [GC (Allocation Failure) [PSYoungGen: 50257K->0K(60416K)] 398946K->353809K(519168K), 0.0009844 secs] [Times: user=0.00 sys=0.00, real=0.00 secs] 
109.524: [GC (Allocation Failure) [PSYoungGen: 42065K->0K(60416K)] 395874K->369169K(519168K), 0.0015685 secs] [Times: user=0.00 sys=0.00, real=0.00 secs] 
109.743: [GC (Allocation Failure) [PSYoungGen: 21584K->0K(60416K)] 441954K->420369K(519168K), 0.0008122 secs] [Times: user=0.00 sys=0.00, real=0.00 secs] 
109.744: [Full GC (Ergonomics) [PSYoungGen: 0K->0K(60416K)] [ParOldGen: 420369K->108049K(458752K)] 420369K->108049K(519168K), [Metaspace: 2796K->2796K(1056768K)], 0.0085968 secs] [Times: user=0.00 sys=0.00, real=0.01 secs] 
110.960: [GC (Allocation Failure) [PSYoungGen: 53329K->0K(60416K)] 263778K->225809K(519168K), 0.0015183 secs] [Times: user=0.00 sys=0.00, real=0.00 secs] 
112.379: [GC (Allocation Failure) [PSYoungGen: 52305K->0K(60416K)] 431714K->394769K(519168K), 0.0017380 secs] [Times: user=0.02 sys=0.00, real=0.00 secs] 
112.597: [Full GC (Ergonomics) [PSYoungGen: 21585K->0K(60416K)] [ParOldGen: 445969K->56849K(458752K)] 467554K->56849K(519168K), [Metaspace: 2796K->2796K(1056768K)], 0.0054534 secs] [Times: user=0.00 sys=0.00, real=0.00 secs] 
113.799: [GC (Allocation Failure) [PSYoungGen: 53329K->1024K(60416K)] 212578K->180753K(519168K), 0.0018482 secs] [Times: user=0.00 sys=0.00, real=0.00 secs] 
115.001: [GC (Allocation Failure) [PSYoungGen: 54353K->1024K(60416K)] 387683K->344593K(519168K), 0.0012614 secs] [Times: user=0.00 sys=0.00, real=0.00 secs] 
116.418: [GC (Allocation Failure) [PSYoungGen: 53329K->0K(60416K)] 396899K->353809K(519168K), 0.0010136 secs] [Times: user=0.00 sys=0.00, real=0.00 secs] 
116.853: [GC (Allocation Failure) [PSYoungGen: 42065K->0K(60416K)] 447074K->425489K(519168K), 0.0021164 secs] [Times: user=0.00 sys=0.00, real=0.00 secs] 
116.856: [Full GC (Ergonomics) [PSYoungGen: 0K->0K(60416K)] [ParOldGen: 425489K->77329K(458752K)] 425489K->77329K(519168K), [Metaspace: 2796K->2796K(1056768K)], 0.0066202 secs] [Times: user=0.00 sys=0.00, real=0.01 secs] 
118.072: [GC (Allocation Failure) [PSYoungGen: 53329K->0K(60416K)] 233058K->195089K(519168K), 0.0016453 secs] [Times: user=0.00 sys=0.00, real=0.00 secs] 
119.708: [GC (Allocation Failure) [PSYoungGen: 43089K->0K(60416K)] 442979K->399889K(519168K), 0.0010917 secs] [Times: user=0.00 sys=0.00, real=0.00 secs] 
119.709: [GC (Allocation Failure) [PSYoungGen: 0K->0K(60416K)] 399889K->399889K(519168K), 0.0008720 secs] [Times: user=0.00 sys=0.00, real=0.00 secs] 
119.710: [Full GC (Allocation Failure) [PSYoungGen: 0K->0K(60416K)] [ParOldGen: 399889K->51729K(458752K)] 399889K->51729K(519168K), [Metaspace: 2796K->2796K(1056768K)], 0.0047901 secs] [Times: user=0.00 sys=0.00, real=0.00 secs] 
120.926: [GC (Allocation Failure) [PSYoungGen: 53329K->0K(60416K)] 207459K->169489K(519168K), 0.0014784 secs] [Times: user=0.00 sys=0.00, real=0.00 secs] 
122.123: [GC (Allocation Failure) [PSYoungGen: 53329K->1024K(60416K)] 376419K->334353K(519168K), 0.0009450 secs] [Times: user=0.00 sys=0.00, real=0.00 secs] 
122.560: [GC (Allocation Failure) [PSYoungGen: 43089K->1024K(60416K)] 427619K->385553K(519168K), 0.0008751 secs] [Times: user=0.00 sys=0.00, real=0.00 secs] 
122.561: [GC (Allocation Failure) [PSYoungGen: 1024K->1024K(60416K)] 385553K->385553K(519168K), 0.0007239 secs] [Times: user=0.00 sys=0.00, real=0.00 secs] 
122.561: [Full GC (Allocation Failure) [PSYoungGen: 1024K->0K(60416K)] [ParOldGen: 384529K->165393K(458752K)] 385553K->165393K(519168K), [Metaspace: 2796K->2796K(1056768K)], 0.0120578 secs] [Times: user=0.00 sys=0.00, real=0.01 secs] 
124.322: [Full GC (Ergonomics) [PSYoungGen: 50257K->0K(60416K)] [ParOldGen: 421393K->12288K(458752K)] 471651K->12288K(519168K), [Metaspace: 2796K->2796K(1056768K)], 0.0025716 secs] [Times: user=0.00 sys=0.00, real=0.00 secs] 
125.195: [GC (Allocation Failure) [PSYoungGen: 52306K->0K(60416K)] 64594K->37888K(519168K), 0.0014803 secs] [Times: user=0.00 sys=0.00, real=0.00 secs] 
126.395: [GC (Allocation Failure) [PSYoungGen: 53329K->0K(60416K)] 244817K->201728K(519168K), 0.0010046 secs] [Times: user=0.00 sys=0.00, real=0.00 secs] 
127.487: [GC (Allocation Failure) [PSYoungGen: 52305K->0K(60416K)] 254033K->211968K(519168K), 0.0012208 secs] [Times: user=0.00 sys=0.00, real=0.00 secs] 
128.031: [GC (Allocation Failure) [PSYoungGen: 36945K->0K(60416K)] 248913K->222208K(519168K), 0.0011725 secs] [Times: user=0.00 sys=0.00, real=0.00 secs] 
129.232: [GC (Allocation Failure) [PSYoungGen: 53317K->0K(60416K)] 429126K->386048K(519168K), 0.0011220 secs] [Times: user=0.00 sys=0.00, real=0.00 secs] 
129.667: [Full GC (Ergonomics) [PSYoungGen: 42058K->0K(60416K)] [ParOldGen: 437248K->113169K(458752K)] 479306K->113169K(519168K), [Metaspace: 2796K->2796K(1056768K)], 0.0091377 secs] [Times: user=0.00 sys=0.00, real=0.01 secs] 
131.864: [GC (Allocation Failure) [PSYoungGen: 50253K->1024K(60416K)] 368222K->324113K(519168K), 0.0009052 secs] [Times: user=0.00 sys=0.00, real=0.00 secs] 
132.520: [GC (Allocation Failure) [PSYoungGen: 53326K->1024K(60416K)] 427616K->380433K(519168K), 0.0008927 secs] [Times: user=0.00 sys=0.00, real=0.00 secs] 
132.521: [GC (Allocation Failure) [PSYoungGen: 1024K->1024K(60416K)] 380433K->380433K(519168K), 0.0005921 secs] [Times: user=0.00 sys=0.00, real=0.00 secs] 
132.521: [Full GC (Allocation Failure) [PSYoungGen: 1024K->0K(60416K)] [ParOldGen: 379409K->57873K(458752K)] 380433K->57873K(519168K), [Metaspace: 2796K->2796K(1056768K)], 0.0050709 secs] [Times: user=0.00 sys=0.00, real=0.01 secs] 
133.737: [GC (Allocation Failure) [PSYoungGen: 53327K->1024K(60416K)] 213601K->181777K(519168K), 0.0015467 secs] [Times: user=0.00 sys=0.00, real=0.00 secs] 
135.156: [GC (Allocation Failure) [PSYoungGen: 49232K->0K(60416K)] 383586K->354833K(519168K), 0.0014044 secs] [Times: user=0.00 sys=0.00, real=0.00 secs] 
135.373: [GC (Allocation Failure) [PSYoungGen: 21585K->0K(60416K)] 427618K->406033K(519168K), 0.0007411 secs] [Times: user=0.00 sys=0.00, real=0.00 secs] 
135.374: [GC (Allocation Failure) [PSYoungGen: 0K->0K(60416K)] 406033K->406033K(519168K), 0.0008395 secs] [Times: user=0.00 sys=0.00, real=0.00 secs] 
135.375: [Full GC (Allocation Failure) [PSYoungGen: 0K->0K(60416K)] [ParOldGen: 406033K->61969K(458752K)] 406033K->61969K(519168K), [Metaspace: 2796K->2796K(1056768K)], 0.0061061 secs] [Times: user=0.02 sys=0.00, real=0.01 secs] 
136.588: [GC (Allocation Failure) [PSYoungGen: 53329K->0K(60416K)] 217698K->179729K(519168K), 0.0015904 secs] [Times: user=0.00 sys=0.00, real=0.00 secs] 
137.794: [GC (Allocation Failure) [PSYoungGen: 53329K->0K(60416K)] 386658K->364049K(519168K), 0.0024072 secs] [Times: user=0.00 sys=0.00, real=0.00 secs] 
138.996: [Full GC (Ergonomics) [PSYoungGen: 52305K->0K(60416K)] [ParOldGen: 415249K->6144K(458752K)] 467555K->6144K(519168K), [Metaspace: 2796K->2796K(1056768K)], 0.0023889 secs] [Times: user=0.00 sys=0.00, real=0.00 secs] 
139.977: [GC (Allocation Failure) [PSYoungGen: 53329K->1024K(60416K)] 213073K->160768K(519168K), 0.0007665 secs] [Times: user=0.00 sys=0.00, real=0.00 secs] 
140.854: [GC (Allocation Failure) [PSYoungGen: 53329K->0K(60416K)] 213073K->175104K(519168K), 0.0013752 secs] [Times: user=0.00 sys=0.00, real=0.00 secs] 
142.709: [GC (Allocation Failure) [PSYoungGen: 54353K->1024K(60416K)] 383057K->329728K(519168K), 0.0010884 secs] [Times: user=0.00 sys=0.00, real=0.00 secs] 
143.688: [GC (Allocation Failure) [PSYoungGen: 54353K->1024K(60416K)] 383057K->350208K(519168K), 0.0017972 secs] [Times: user=0.00 sys=0.00, real=0.00 secs] 
143.906: [GC (Allocation Failure) [PSYoungGen: 22609K->1024K(60416K)] 422993K->401408K(519168K), 0.0012538 secs] [Times: user=0.00 sys=0.00, real=0.00 secs] 
143.908: [GC (Allocation Failure) [PSYoungGen: 1024K->1024K(60416K)] 401408K->401408K(519168K), 0.0011316 secs] [Times: user=0.00 sys=0.00, real=0.00 secs] 
143.909: [Full GC (Allocation Failure) [PSYoungGen: 1024K->0K(60416K)] [ParOldGen: 400384K->62993K(458752K)] 401408K->62993K(519168K), [Metaspace: 2796K->2796K(1056768K)], 0.0056785 secs] [Times: user=0.00 sys=0.00, real=0.01 secs] 
145.125: [GC (Allocation Failure) [PSYoungGen: 53329K->0K(60416K)] 218722K->190993K(519168K), 0.0014900 secs] [Times: user=0.00 sys=0.00, real=0.00 secs] 
146.548: [GC (Allocation Failure) [PSYoungGen: 43089K->0K(60416K)] 387682K->354833K(519168K), 0.0012712 secs] [Times: user=0.00 sys=0.00, real=0.00 secs] 
146.767: [GC (Allocation Failure) [PSYoungGen: 21585K->0K(60416K)] 427619K->426513K(519168K), 0.0024569 secs] [Times: user=0.00 sys=0.00, real=0.00 secs] 
146.770: [Full GC (Ergonomics) [PSYoungGen: 0K->0K(60416K)] [ParOldGen: 426513K->72209K(458752K)] 426513K->72209K(519168K), [Metaspace: 2796K->2796K(1056768K)], 0.0064045 secs] [Times: user=0.00 sys=0.00, real=0.01 secs] 
147.983: [GC (Allocation Failure) [PSYoungGen: 53329K->0K(60416K)] 227939K->189969K(519168K), 0.0013425 secs] [Times: user=0.00 sys=0.00, real=0.00 secs] 
149.183: [GC (Allocation Failure) [PSYoungGen: 53329K->0K(60416K)] 396899K->353809K(519168K), 0.0014487 secs] [Times: user=0.00 sys=0.00, real=0.00 secs] 
149.619: [GC (Allocation Failure) [PSYoungGen: 42065K->0K(60416K)] 447075K->405009K(519168K), 0.0008969 secs] [Times: user=0.00 sys=0.00, real=0.00 secs] 
149.620: [GC (Allocation Failure) [PSYoungGen: 0K->0K(60416K)] 405009K->405009K(519168K), 0.0011374 secs] [Times: user=0.00 sys=0.00, real=0.00 secs] 
149.621: [Full GC (Allocation Failure) [PSYoungGen: 0K->0K(60416K)] [ParOldGen: 405009K->133649K(458752K)] 405009K->133649K(519168K), [Metaspace: 2796K->2796K(1056768K)], 0.0096343 secs] [Times: user=0.00 sys=0.00, real=0.01 secs] 
150.832: [GC (Allocation Failure) [PSYoungGen: 36945K->0K(60416K)] 272995K->251409K(519168K), 0.0015422 secs] [Times: user=0.01 sys=0.00, real=0.00 secs] 
152.036: [GC (Allocation Failure) [PSYoungGen: 53329K->1024K(60416K)] 458339K->416273K(519168K), 0.0009632 secs] [Times: user=0.00 sys=0.00, real=0.00 secs] 
152.038: [Full GC (Ergonomics) [PSYoungGen: 1024K->0K(60416K)] [ParOldGen: 415249K->11793K(458752K)] 416273K->11793K(519168K), [Metaspace: 2796K->2796K(1056768K)], 0.0024211 secs] [Times: user=0.00 sys=0.00, real=0.00 secs] 
153.018: [GC (Allocation Failure) [PSYoungGen: 53329K->1024K(60416K)] 218723K->171537K(519168K), 0.0008500 secs] [Times: user=0.00 sys=0.00, real=0.00 secs] 
154.660: [GC (Allocation Failure) [PSYoungGen: 53330K->0K(60416K)] 223843K->180753K(519168K), 0.0010365 secs] [Times: user=0.02 sys=0.00, real=0.00 secs] 
155.641: [GC (Allocation Failure) [PSYoungGen: 53329K->1024K(60416K)] 387682K->345617K(519168K), 0.0013341 secs] [Times: user=0.00 sys=0.00, real=0.00 secs] 
156.513: [GC (Allocation Failure) [PSYoungGen: 53329K->0K(60416K)] 397923K->359953K(519168K), 0.0014250 secs] [Times: user=0.00 sys=0.00, real=0.00 secs] 
156.731: [GC (Allocation Failure) [PSYoungGen: 21585K->0K(60416K)] 432738K->431633K(519168K), 0.0021341 secs] [Times: user=0.00 sys=0.00, real=0.00 secs] 
156.733: [Full GC (Ergonomics) [PSYoungGen: 0K->0K(60416K)] [ParOldGen: 431633K->92689K(458752K)] 431633K->92689K(519168K), [Metaspace: 2796K->2796K(1056768K)], 0.0077327 secs] [Times: user=0.00 sys=0.00, real=0.01 secs] 
158.705: [GC (Allocation Failure) [PSYoungGen: 50257K->0K(60416K)] 398946K->353809K(519168K), 0.0008375 secs] [Times: user=0.00 sys=0.00, real=0.00 secs] 
159.357: [GC (Allocation Failure) [PSYoungGen: 42065K->0K(60416K)] 395874K->369169K(519168K), 0.0014565 secs] [Times: user=0.00 sys=0.00, real=0.00 secs] 
159.576: [GC (Allocation Failure) [PSYoungGen: 21584K->0K(60416K)] 441954K->420369K(519168K), 0.0008474 secs] [Times: user=0.00 sys=0.00, real=0.00 secs] 
159.577: [Full GC (Ergonomics) [PSYoungGen: 0K->0K(60416K)] [ParOldGen: 420369K->108049K(458752K)] 420369K->108049K(519168K), [Metaspace: 2796K->2796K(1056768K)], 0.0086599 secs] [Times: user=0.00 sys=0.00, real=0.01 secs] 
160.790: [GC (Allocation Failure) [PSYoungGen: 53329K->0K(60416K)] 263778K->225809K(519168K), 0.0014978 secs] [Times: user=0.00 sys=0.00, real=0.00 secs] 
162.209: [GC (Allocation Failure) [PSYoungGen: 52305K->0K(60416K)] 431714K->394769K(519168K), 0.0015672 secs] [Times: user=0.00 sys=0.00, real=0.00 secs] 
162.426: [Full GC (Ergonomics) [PSYoungGen: 21585K->0K(60416K)] [ParOldGen: 445969K->56849K(458752K)] 467554K->56849K(519168K), [Metaspace: 2796K->2796K(1056768K)], 0.0054828 secs] [Times: user=0.00 sys=0.00, real=0.00 secs] 
163.627: [GC (Allocation Failure) [PSYoungGen: 53329K->1024K(60416K)] 212578K->180753K(519168K), 0.0019621 secs] [Times: user=0.00 sys=0.00, real=0.00 secs] 
164.829: [GC (Allocation Failure) [PSYoungGen: 54353K->1024K(60416K)] 387683K->344593K(519168K), 0.0011464 secs] [Times: user=0.00 sys=0.00, real=0.00 secs] 
166.245: [GC (Allocation Failure) [PSYoungGen: 53329K->0K(60416K)] 396899K->353809K(519168K), 0.0011440 secs] [Times: user=0.00 sys=0.00, real=0.00 secs] 
166.684: [GC (Allocation Failure) [PSYoungGen: 42065K->0K(60416K)] 447074K->425489K(519168K), 0.0021243 secs] [Times: user=0.00 sys=0.00, real=0.00 secs] 
166.687: [Full GC (Ergonomics) [PSYoungGen: 0K->0K(60416K)] [ParOldGen: 425489K->77329K(458752K)] 425489K->77329K(519168K), [Metaspace: 2796K->2796K(1056768K)], 0.0067300 secs] [Times: user=0.00 sys=0.00, real=0.01 secs] 
167.897: [GC (Allocation Failure) [PSYoungGen: 53329K->0K(60416K)] 233058K->195089K(519168K), 0.0014748 secs] [Times: user=0.00 sys=0.00, real=0.00 secs] 
169.537: [GC (Allocation Failure) [PSYoungGen: 43089K->0K(60416K)] 442979K->399889K(519168K), 0.0008365 secs] [Times: user=0.00 sys=0.00, real=0.00 secs] 
169.538: [GC (Allocation Failure) [PSYoungGen: 0K->0K(60416K)] 399889K->399889K(519168K), 0.0010183 secs] [Times: user=0.00 sys=0.00, real=0.00 secs] 
169.539: [Full GC (Allocation Failure) [PSYoungGen: 0K->0K(60416K)] [ParOldGen: 399889K->51729K(458752K)] 399889K->51729K(519168K), [Metaspace: 2796K->2796K(1056768K)], 0.0048128 secs] [Times: user=0.00 sys=0.00, real=0.01 secs] 
170.759: [GC (Allocation Failure) [PSYoungGen: 53329K->0K(60416K)] 207459K->169489K(519168K), 0.0014134 secs] [Times: user=0.00 sys=0.00, real=0.00 secs] 
171.958: [GC (Allocation Failure) [PSYoungGen: 53329K->1024K(60416K)] 376419K->334353K(519168K), 0.0010276 secs] [Times: user=0.00 sys=0.00, real=0.00 secs] 
172.394: [GC (Allocation Failure) [PSYoungGen: 43089K->1024K(60416K)] 427619K->385553K(519168K), 0.0009310 secs] [Times: user=0.00 sys=0.00, real=0.00 secs] 
172.395: [GC (Allocation Failure) [PSYoungGen: 1024K->1024K(60416K)] 385553K->385553K(519168K), 0.0008552 secs] [Times: user=0.02 sys=0.00, real=0.00 secs] 
172.396: [Full GC (Allocation Failure) [PSYoungGen: 1024K->0K(60416K)] [ParOldGen: 384529K->165393K(458752K)] 385553K->165393K(519168K), [Metaspace: 2796K->2796K(1056768K)], 0.0131682 secs] [Times: user=0.00 sys=0.00, real=0.01 secs] 
174.152: [Full GC (Ergonomics) [PSYoungGen: 50257K->0K(60416K)] [ParOldGen: 421393K->12288K(458752K)] 471651K->12288K(519168K), [Metaspace: 2796K->2796K(1056768K)], 0.0027364 secs] [Times: user=0.00 sys=0.00, real=0.00 secs] 
175.023: [GC (Allocation Failure) [PSYoungGen: 52306K->0K(60416K)] 64594K->37888K(519168K), 0.0016388 secs] [Times: user=0.00 sys=0.00, real=0.00 secs] 
176.222: [GC (Allocation Failure) [PSYoungGen: 53329K->0K(60416K)] 244817K->201728K(519168K), 0.0011139 secs] [Times: user=0.00 sys=0.00, real=0.00 secs] 
177.316: [GC (Allocation Failure) [PSYoungGen: 52305K->0K(60416K)] 254033K->211968K(519168K), 0.0012089 secs] [Times: user=0.00 sys=0.00, real=0.00 secs] 
177.862: [GC (Allocation Failure) [PSYoungGen: 36945K->0K(60416K)] 248913K->222208K(519168K), 0.0011971 secs] [Times: user=0.00 sys=0.00, real=0.00 secs] 
179.067: [GC (Allocation Failure) [PSYoungGen: 53317K->0K(60416K)] 429126K->386048K(519168K), 0.0012122 secs] [Times: user=0.00 sys=0.00, real=0.00 secs] 
179.499: [Full GC (Ergonomics) [PSYoungGen: 42058K->0K(60416K)] [ParOldGen: 437248K->113169K(458752K)] 479306K->113169K(519168K), [Metaspace: 2796K->2796K(1056768K)], 0.0090614 secs] [Times: user=0.00 sys=0.00, real=0.01 secs] 
181.696: [GC (Allocation Failure) [PSYoungGen: 50253K->1024K(60416K)] 368222K->324113K(519168K), 0.0011387 secs] [Times: user=0.00 sys=0.00, real=0.00 secs] 
182.350: [GC (Allocation Failure) [PSYoungGen: 53326K->1024K(60416K)] 427616K->380433K(519168K), 0.0008873 secs] [Times: user=0.00 sys=0.00, real=0.00 secs] 
182.351: [GC (Allocation Failure) [PSYoungGen: 1024K->1024K(60416K)] 380433K->380433K(519168K), 0.0006093 secs] [Times: user=0.00 sys=0.00, real=0.00 secs] 
182.352: [Full GC (Allocation Failure) [PSYoungGen: 1024K->0K(60416K)] [ParOldGen: 379409K->57873K(458752K)] 380433K->57873K(519168K), [Metaspace: 2796K->2796K(1056768K)], 0.0052907 secs] [Times: user=0.00 sys=0.00, real=0.01 secs] 
183.566: [GC (Allocation Failure) [PSYoungGen: 53327K->1024K(60416K)] 213601K->181777K(519168K), 0.0016582 secs] [Times: user=0.00 sys=0.00, real=0.00 secs] 
184.988: [GC (Allocation Failure) [PSYoungGen: 49232K->0K(60416K)] 383586K->354833K(519168K), 0.0015687 secs] [Times: user=0.00 sys=0.00, real=0.00 secs] 
185.208: [GC (Allocation Failure) [PSYoungGen: 21585K->0K(60416K)] 427618K->406033K(519168K), 0.0008862 secs] [Times: user=0.00 sys=0.00, real=0.00 secs] 
185.208: [GC (Allocation Failure) [PSYoungGen: 0K->0K(60416K)] 406033K->406033K(519168K), 0.0007130 secs] [Times: user=0.00 sys=0.00, real=0.00 secs] 
185.209: [Full GC (Allocation Failure) [PSYoungGen: 0K->0K(60416K)] [ParOldGen: 406033K->61969K(458752K)] 406033K->61969K(519168K), [Metaspace: 2796K->2796K(1056768K)], 0.0056014 secs] [Times: user=0.00 sys=0.00, real=0.01 secs] 
186.426: [GC (Allocation Failure) [PSYoungGen: 53329K->0K(60416K)] 217698K->179729K(519168K), 0.0015132 secs] [Times: user=0.09 sys=0.00, real=0.00 secs] 
187.625: [GC (Allocation Failure) [PSYoungGen: 53329K->0K(60416K)] 386658K->364049K(519168K), 0.0023478 secs] [Times: user=0.00 sys=0.00, real=0.00 secs] 
188.824: [Full GC (Ergonomics) [PSYoungGen: 52305K->0K(60416K)] [ParOldGen: 415249K->6144K(458752K)] 467555K->6144K(519168K), [Metaspace: 2796K->2796K(1056768K)], 0.0023318 secs] [Times: user=0.00 sys=0.00, real=0.00 secs] 
189.808: [GC (Allocation Failure) [PSYoungGen: 53329K->1024K(60416K)] 213073K->160768K(519168K), 0.0005254 secs] [Times: user=0.00 sys=0.00, real=0.00 secs] 
190.678: [GC (Allocation Failure) [PSYoungGen: 53329K->0K(60416K)] 213073K->175104K(519168K), 0.0015377 secs] [Times: user=0.00 sys=0.00, real=0.00 secs] 
192.539: [GC (Allocation Failure) [PSYoungGen: 54353K->1056K(60416K)] 383057K->329760K(519168K), 0.0010582 secs] [Times: user=0.00 sys=0.00, real=0.00 secs] 
193.522: [GC (Allocation Failure) [PSYoungGen: 54385K->1056K(60416K)] 383089K->350240K(519168K), 0.0021793 secs] [Times: user=0.00 sys=0.00, real=0.00 secs] 
193.738: [GC (Allocation Failure) [PSYoungGen: 22641K->1056K(60416K)] 423025K->401440K(519168K), 0.0012856 secs] [Times: user=0.00 sys=0.00, real=0.00 secs] 
193.739: [GC (Allocation Failure) [PSYoungGen: 1056K->1056K(60416K)] 401440K->401440K(519168K), 0.0013134 secs] [Times: user=0.02 sys=0.00, real=0.00 secs] 
193.740: [Full GC (Allocation Failure) [PSYoungGen: 1056K->0K(60416K)] [ParOldGen: 400384K->62993K(458752K)] 401440K->62993K(519168K), [Metaspace: 2796K->2796K(1056768K)], 0.0058620 secs] [Times: user=0.00 sys=0.00, real=0.01 secs] 
194.953: [GC (Allocation Failure) [PSYoungGen: 53329K->64K(60416K)] 218722K->191057K(519168K), 0.0016335 secs] [Times: user=0.00 sys=0.00, real=0.00 secs] 
196.374: [GC (Allocation Failure) [PSYoungGen: 43153K->64K(60416K)] 387746K->354897K(519168K), 0.0014920 secs] [Times: user=0.00 sys=0.00, real=0.00 secs] 
196.590: [GC (Allocation Failure) [PSYoungGen: 21649K->32K(60416K)] 427683K->426545K(519168K), 0.0023642 secs] [Times: user=0.00 sys=0.00, real=0.00 secs] 
196.592: [Full GC (Ergonomics) [PSYoungGen: 32K->0K(60416K)] [ParOldGen: 426513K->72209K(458752K)] 426545K->72209K(519168K), [Metaspace: 2796K->2796K(1056768K)], 0.0065783 secs] [Times: user=0.00 sys=0.00, real=0.01 secs] 
197.808: [GC (Allocation Failure) [PSYoungGen: 53329K->0K(60416K)] 227939K->189969K(519168K), 0.0018421 secs] [Times: user=0.00 sys=0.00, real=0.00 secs] 
199.017: [GC (Allocation Failure) [PSYoungGen: 53329K->0K(60416K)] 396899K->353809K(519168K), 0.0010618 secs] [Times: user=0.00 sys=0.00, real=0.00 secs] 
199.451: [GC (Allocation Failure) [PSYoungGen: 42065K->0K(60416K)] 447075K->405009K(519168K), 0.0009031 secs] [Times: user=0.00 sys=0.00, real=0.00 secs] 
199.452: [GC (Allocation Failure) [PSYoungGen: 0K->0K(60416K)] 405009K->405009K(519168K), 0.0008849 secs] [Times: user=0.00 sys=0.00, real=0.00 secs] 
199.452: [Full GC (Allocation Failure) [PSYoungGen: 0K->0K(60416K)] [ParOldGen: 405009K->133649K(458752K)] 405009K->133649K(519168K), [Metaspace: 2796K->2796K(1056768K)], 0.0098753 secs] [Times: user=0.00 sys=0.00, real=0.01 secs] 
200.665: [GC (Allocation Failure) [PSYoungGen: 36945K->0K(60416K)] 272995K->251409K(519168K), 0.0013499 secs] [Times: user=0.00 sys=0.00, real=0.00 secs] 
201.861: [GC (Allocation Failure) [PSYoungGen: 53329K->1024K(60416K)] 458339K->416273K(519168K), 0.0010779 secs] [Times: user=0.00 sys=0.00, real=0.00 secs] 
201.862: [Full GC (Ergonomics) [PSYoungGen: 1024K->0K(60416K)] [ParOldGen: 415249K->11793K(458752K)] 416273K->11793K(519168K), [Metaspace: 2796K->2796K(1056768K)], 0.0025791 secs] [Times: user=0.00 sys=0.00, real=0.00 secs] 
202.844: [GC (Allocation Failure) [PSYoungGen: 53329K->1024K(60416K)] 218723K->171537K(519168K), 0.0010289 secs] [Times: user=0.00 sys=0.00, real=0.00 secs] 
204.478: [GC (Allocation Failure) [PSYoungGen: 53330K->0K(60416K)] 223843K->180753K(519168K), 0.0010675 secs] [Times: user=0.00 sys=0.00, real=0.00 secs] 
205.461: [GC (Allocation Failure) [PSYoungGen: 53329K->1024K(60416K)] 387683K->345617K(519168K), 0.0013247 secs] [Times: user=0.00 sys=0.00, real=0.00 secs] 
206.336: [GC (Allocation Failure) [PSYoungGen: 53329K->0K(60416K)] 397923K->359953K(519168K), 0.0014169 secs] [Times: user=0.00 sys=0.00, real=0.00 secs] 
206.552: [GC (Allocation Failure) [PSYoungGen: 21585K->0K(60416K)] 432739K->431633K(519168K), 0.0021546 secs] [Times: user=0.00 sys=0.00, real=0.00 secs] 
206.555: [Full GC (Ergonomics) [PSYoungGen: 0K->0K(60416K)] [ParOldGen: 431633K->92689K(458752K)] 431633K->92689K(519168K), [Metaspace: 2796K->2796K(1056768K)], 0.0074711 secs] [Times: user=0.00 sys=0.00, real=0.01 secs] 
208.533: [GC (Allocation Failure) [PSYoungGen: 50257K->0K(60416K)] 398947K->353809K(519168K), 0.0011650 secs] [Times: user=0.00 sys=0.00, real=0.00 secs] 
209.187: [GC (Allocation Failure) [PSYoungGen: 42065K->0K(60416K)] 395875K->369169K(519168K), 0.0013369 secs] [Times: user=0.00 sys=0.00, real=0.00 secs] 
209.405: [GC (Allocation Failure) [PSYoungGen: 21584K->0K(60416K)] 441954K->420369K(519168K), 0.0008029 secs] [Times: user=0.00 sys=0.00, real=0.00 secs] 
209.406: [Full GC (Ergonomics) [PSYoungGen: 0K->0K(60416K)] [ParOldGen: 420369K->108049K(458752K)] 420369K->108049K(519168K), [Metaspace: 2796K->2796K(1056768K)], 0.0085312 secs] [Times: user=0.00 sys=0.00, real=0.01 secs] 
210.620: [GC (Allocation Failure) [PSYoungGen: 53329K->0K(60416K)] 263778K->225809K(519168K), 0.0014719 secs] [Times: user=0.00 sys=0.00, real=0.00 secs] 
212.035: [GC (Allocation Failure) [PSYoungGen: 52305K->0K(60416K)] 431715K->394769K(519168K), 0.0015133 secs] [Times: user=0.00 sys=0.00, real=0.00 secs] 
212.255: [Full GC (Ergonomics) [PSYoungGen: 21585K->0K(60416K)] [ParOldGen: 445969K->56849K(458752K)] 467555K->56849K(519168K), [Metaspace: 2796K->2796K(1056768K)], 0.0057925 secs] [Times: user=0.00 sys=0.00, real=0.01 secs] 
213.467: [GC (Allocation Failure) [PSYoungGen: 53329K->1024K(60416K)] 212579K->180753K(519168K), 0.0018148 secs] [Times: user=0.00 sys=0.00, real=0.00 secs] 
214.670: [GC (Allocation Failure) [PSYoungGen: 54353K->1024K(60416K)] 387683K->344593K(519168K), 0.0011623 secs] [Times: user=0.00 sys=0.00, real=0.00 secs] 
216.091: [GC (Allocation Failure) [PSYoungGen: 53329K->0K(60416K)] 396899K->353809K(519168K), 0.0010502 secs] [Times: user=0.00 sys=0.00, real=0.00 secs] 
216.527: [GC (Allocation Failure) [PSYoungGen: 42065K->0K(60416K)] 447075K->425489K(519168K), 0.0021053 secs] [Times: user=0.00 sys=0.00, real=0.00 secs] 
216.529: [Full GC (Ergonomics) [PSYoungGen: 0K->0K(60416K)] [ParOldGen: 425489K->77329K(458752K)] 425489K->77329K(519168K), [Metaspace: 2796K->2796K(1056768K)], 0.0064577 secs] [Times: user=0.00 sys=0.00, real=0.01 secs] 
217.745: [GC (Allocation Failure) [PSYoungGen: 53329K->0K(60416K)] 233059K->195089K(519168K), 0.0013995 secs] [Times: user=0.00 sys=0.00, real=0.00 secs] 
Heap
 PSYoungGen      total 60416K, used 44196K [0x00000000fc000000, 0x0000000100000000, 0x0000000100000000)
  eden space 55296K, 79% used [0x00000000fc000000,0x00000000feb29000,0x00000000ff600000)
  from space 5120K, 0% used [0x00000000ffb00000,0x00000000ffb00000,0x0000000100000000)
  to   space 5120K, 0% used [0x00000000ff600000,0x00000000ff600000,0x00000000ffb00000)
 ParOldGen       total 458752K, used 348689K [0x00000000e0000000, 0x00000000fc000000, 0x00000000fc000000)
  object space 458752K, 76% used [0x00000000e0000000,0x00000000f5484760,0x00000000fc000000)
 Metaspace       used 2804K, capacity 4486K, committed 4864K, reserved 1056768K
  class space    used 297K, capacity 386K, committed 512K, reserved 1048576K
