Java HotSpot(TM) 64-Bit Server VM (25.411-b09) for windows-amd64 JRE (1.8.0_411-b09), built on Mar 13 2024 07:26:13 by "java_re" with MS VC++ 17.1 (VS2022)
Memory: 4k page, physical 33403376k(14325712k free), swap 36670664k(7302112k free)
CommandLine flags: -XX:InitialHeapSize=1073741824 -XX:MaxHeapSize=1073741824 -XX:NewRatio=1 -XX:ParallelGCThreads=6 -XX:+PrintGC -XX:+PrintGCDetails -XX:+PrintGCTimeStamps -XX:SurvivorRatio=3 -XX:-UseAdaptiveSizePolicy -XX:+UseCompressedClassPointers -XX:+UseCompressedOops -XX:-UseLargePagesIndividualAllocation -XX:+UseParallelGC 
2.736: [GC (Allocation Failure) [PSYoungGen: 309576K->32432K(419840K)] 309576K->32440K(944128K), 0.0153628 secs] [Times: user=0.00 sys=0.00, real=0.02 secs] 
5.589: [GC (Allocation Failure) [PSYoungGen: 304851K->36528K(419840K)] 304859K->36536K(944128K), 0.0079630 secs] [Times: user=0.00 sys=0.00, real=0.01 secs] 
7.132: [GC (Allocation Failure) [PSYoungGen: 322375K->92832K(419840K)] 322383K->92848K(944128K), 0.0158913 secs] [Times: user=0.00 sys=0.02, real=0.02 secs] 
9.222: [GC (Allocation Failure) [PSYoungGen: 406230K->56952K(419840K)] 406246K->56968K(944128K), 0.0160330 secs] [Times: user=0.02 sys=0.00, real=0.02 secs] 
11.309: [GC (Allocation Failure) [PSYoungGen: 341750K->82592K(419840K)] 341766K->185008K(944128K), 0.0338951 secs] [Times: user=0.02 sys=0.02, real=0.03 secs] 
12.867: [GC (Allocation Failure) [PSYoungGen: 347957K->57024K(419840K)] 450373K->159448K(944128K), 0.0050625 secs] [Times: user=0.02 sys=0.00, real=0.01 secs] 
14.300: [GC (Allocation Failure) [PSYoungGen: 288492K->68256K(419840K)] 390916K->170680K(944128K), 0.0052292 secs] [Times: user=0.00 sys=0.00, real=0.00 secs] 
17.139: [GC (Allocation Failure) [PSYoungGen: 350956K->77416K(419840K)] 453380K->179840K(944128K), 0.0062801 secs] [Times: user=0.00 sys=0.00, real=0.01 secs] 
18.574: [GC (Allocation Failure) [PSYoungGen: 308914K->103104K(419840K)] 411338K->236256K(944128K), 0.0154470 secs] [Times: user=0.00 sys=0.00, real=0.02 secs] 
20.992: [GC (Allocation Failure) [PSYoungGen: 416514K->10944K(419840K)] 549666K->246496K(944128K), 0.0324521 secs] [Times: user=0.00 sys=0.02, real=0.03 secs] 
22.765: [GC (Allocation Failure) [PSYoungGen: 283399K->32344K(419840K)] 518951K->267896K(944128K), 0.0028646 secs] [Times: user=0.00 sys=0.00, real=0.00 secs] 
24.303: [GC (Allocation Failure) [PSYoungGen: 289454K->62024K(419840K)] 525006K->297576K(944128K), 0.0047492 secs] [Times: user=0.00 sys=0.02, real=0.00 secs] 
25.721: [GC (Allocation Failure) [PSYoungGen: 293525K->77504K(419840K)] 529077K->313056K(944128K), 0.0054427 secs] [Times: user=0.00 sys=0.00, real=0.00 secs] 
28.574: [GC (Allocation Failure) [PSYoungGen: 376889K->103056K(419840K)] 612441K->343736K(944128K), 0.0160041 secs] [Times: user=0.00 sys=0.00, real=0.02 secs] 
30.009: [GC (Allocation Failure) [PSYoungGen: 334541K->56936K(419840K)] 575221K->348816K(944128K), 0.0169458 secs] [Times: user=0.00 sys=0.02, real=0.02 secs] 
32.752: [GC (Allocation Failure) [PSYoungGen: 365217K->26752K(419840K)] 657097K->319244K(944128K), 0.0025783 secs] [Times: user=0.00 sys=0.00, real=0.00 secs] 
34.279: [GC (Allocation Failure) [PSYoungGen: 309441K->68672K(419840K)] 601933K->361180K(944128K), 0.0056193 secs] [Times: user=0.00 sys=0.00, real=0.00 secs] 
36.146: [GC (Allocation Failure) [PSYoungGen: 382099K->15424K(419840K)] 674607K->307940K(944128K), 0.0018448 secs] [Times: user=0.00 sys=0.00, real=0.00 secs] 
38.438: [GC (Allocation Failure) [PSYoungGen: 310500K->61504K(419840K)] 603016K->354020K(944128K), 0.0044182 secs] [Times: user=0.00 sys=0.00, real=0.00 secs] 
41.055: [GC (Allocation Failure) [PSYoungGen: 371949K->20544K(419840K)] 664465K->415460K(944128K), 0.0317021 secs] [Times: user=0.03 sys=0.02, real=0.03 secs] 
44.143: [GC (Allocation Failure) [PSYoungGen: 313513K->31840K(419840K)] 708429K->426780K(944128K), 0.0029266 secs] [Times: user=0.00 sys=0.00, real=0.00 secs] 
45.671: [GC (Allocation Failure) [PSYoungGen: 314589K->77888K(419840K)] 709529K->472828K(944128K), 0.0058796 secs] [Times: user=0.00 sys=0.00, real=0.00 secs] 
47.652: [GC (Allocation Failure) [PSYoungGen: 391353K->25696K(419840K)] 786294K->420636K(944128K), 0.0029534 secs] [Times: user=0.00 sys=0.00, real=0.00 secs] 
49.841: [GC (Allocation Failure) [PSYoungGen: 314571K->102432K(419840K)] 709511K->497372K(944128K), 0.0071661 secs] [Times: user=0.00 sys=0.00, real=0.01 secs] 
51.376: [GC (Allocation Failure) [PSYoungGen: 364702K->56384K(419840K)] 759643K->451324K(944128K), 0.0051529 secs] [Times: user=0.00 sys=0.00, real=0.01 secs] 
52.796: [GC (Allocation Failure) [PSYoungGen: 287895K->62496K(419840K)] 682835K->457436K(944128K), 0.0057607 secs] [Times: user=0.00 sys=0.00, real=0.01 secs] 
55.653: [GC (Allocation Failure) [PSYoungGen: 334983K->66624K(419840K)] 729923K->461564K(944128K), 0.0055433 secs] [Times: user=0.00 sys=0.00, real=0.00 secs] 
57.076: [GC (Allocation Failure) [PSYoungGen: 298138K->92192K(419840K)] 693078K->487132K(944128K), 0.0073776 secs] [Times: user=0.00 sys=0.00, real=0.01 secs] 
59.164: [GC (Allocation Failure) [PSYoungGen: 405622K->56320K(419840K)] 800562K->451284K(944128K), 0.0049828 secs] [Times: user=0.00 sys=0.00, real=0.00 secs] 
61.241: [GC (Allocation Failure) [PSYoungGen: 341160K->81920K(419840K)] 736124K->579284K(944128K), 0.0341809 secs] [Times: user=0.02 sys=0.01, real=0.03 secs] 
61.275: [Full GC (Ergonomics) [PSYoungGen: 81920K->0K(419840K)] [ParOldGen: 497364K->184849K(524288K)] 579284K->184849K(944128K), [Metaspace: 2796K->2796K(1056768K)], 0.0172758 secs] [Times: user=0.00 sys=0.00, real=0.02 secs] 
62.816: [GC (Allocation Failure) [PSYoungGen: 263341K->56320K(419840K)] 448191K->241169K(944128K), 0.0046991 secs] [Times: user=0.00 sys=0.00, real=0.00 secs] 
64.235: [GC (Allocation Failure) [PSYoungGen: 287762K->67584K(419840K)] 472611K->252433K(944128K), 0.0049527 secs] [Times: user=0.00 sys=0.00, real=0.00 secs] 
67.076: [GC (Allocation Failure) [PSYoungGen: 350267K->76800K(419840K)] 535116K->261649K(944128K), 0.0054001 secs] [Times: user=0.00 sys=0.00, real=0.00 secs] 
68.512: [GC (Allocation Failure) [PSYoungGen: 308287K->81920K(419840K)] 493136K->317969K(944128K), 0.0067652 secs] [Times: user=0.00 sys=0.00, real=0.01 secs] 
70.928: [GC (Allocation Failure) [PSYoungGen: 395323K->102400K(419840K)] 631372K->348689K(944128K), 0.0158908 secs] [Times: user=0.00 sys=0.00, real=0.02 secs] 
72.693: [GC (Allocation Failure) [PSYoungGen: 374850K->103424K(419840K)] 621140K->375313K(944128K), 0.0157798 secs] [Times: user=0.00 sys=0.00, real=0.02 secs] 
74.234: [GC (Allocation Failure) [PSYoungGen: 360531K->61440K(419840K)] 632421K->333329K(944128K), 0.0049686 secs] [Times: user=0.00 sys=0.00, real=0.00 secs] 
75.654: [GC (Allocation Failure) [PSYoungGen: 292939K->76800K(419840K)] 564829K->348689K(944128K), 0.0056849 secs] [Times: user=0.00 sys=0.00, real=0.00 secs] 
78.510: [GC (Allocation Failure) [PSYoungGen: 374851K->56320K(419840K)] 646740K->379409K(944128K), 0.0054619 secs] [Times: user=0.00 sys=0.00, real=0.00 secs] 
79.948: [GC (Allocation Failure) [PSYoungGen: 287814K->61440K(419840K)] 610903K->384529K(944128K), 0.0048202 secs] [Times: user=0.00 sys=0.00, real=0.00 secs] 
82.677: [GC (Allocation Failure) [PSYoungGen: 369727K->26624K(419840K)] 692817K->349713K(944128K), 0.0025808 secs] [Times: user=0.00 sys=0.00, real=0.00 secs] 
84.203: [GC (Allocation Failure) [PSYoungGen: 309316K->68608K(419840K)] 632406K->391697K(944128K), 0.0051602 secs] [Times: user=0.00 sys=0.00, real=0.00 secs] 
86.079: [GC (Allocation Failure) [PSYoungGen: 382037K->15360K(419840K)] 705127K->338449K(944128K), 0.0014759 secs] [Times: user=0.00 sys=0.00, real=0.00 secs] 
88.370: [GC (Allocation Failure) [PSYoungGen: 310439K->61440K(419840K)] 633528K->384529K(944128K), 0.0040706 secs] [Times: user=0.00 sys=0.00, real=0.00 secs] 
90.990: [GC (Allocation Failure) [PSYoungGen: 371887K->20480K(419840K)] 694976K->445969K(944128K), 0.0160115 secs] [Times: user=0.00 sys=0.00, real=0.02 secs] 
91.007: [Full GC (Ergonomics) [PSYoungGen: 20480K->0K(419840K)] [ParOldGen: 425489K->123409K(524288K)] 445969K->123409K(944128K), [Metaspace: 2796K->2796K(1056768K)], 0.0092252 secs] [Times: user=0.02 sys=0.00, real=0.01 secs] 
94.064: [GC (Allocation Failure) [PSYoungGen: 292970K->31744K(419840K)] 416379K->155153K(944128K), 0.0028352 secs] [Times: user=0.00 sys=0.00, real=0.00 secs] 
95.594: [GC (Allocation Failure) [PSYoungGen: 314447K->77824K(419840K)] 437856K->201233K(944128K), 0.0058336 secs] [Times: user=0.00 sys=0.00, real=0.01 secs] 
97.582: [GC (Allocation Failure) [PSYoungGen: 391260K->25600K(419840K)] 514669K->149009K(944128K), 0.0022016 secs] [Times: user=0.00 sys=0.00, real=0.00 secs] 
99.764: [GC (Allocation Failure) [PSYoungGen: 315567K->102400K(419840K)] 438977K->225809K(944128K), 0.0160740 secs] [Times: user=0.00 sys=0.00, real=0.02 secs] 
101.306: [GC (Allocation Failure) [PSYoungGen: 364633K->56320K(419840K)] 488043K->179729K(944128K), 0.0045755 secs] [Times: user=0.00 sys=0.00, real=0.01 secs] 
102.724: [GC (Allocation Failure) [PSYoungGen: 287859K->62464K(419840K)] 411268K->185873K(944128K), 0.0050904 secs] [Times: user=0.00 sys=0.00, real=0.00 secs] 
105.561: [GC (Allocation Failure) [PSYoungGen: 334969K->66560K(419840K)] 458379K->189969K(944128K), 0.0049380 secs] [Times: user=0.00 sys=0.00, real=0.01 secs] 
106.992: [GC (Allocation Failure) [PSYoungGen: 298086K->92160K(419840K)] 421495K->215569K(944128K), 0.0162083 secs] [Times: user=0.00 sys=0.00, real=0.02 secs] 
109.078: [GC (Allocation Failure) [PSYoungGen: 405597K->56320K(419840K)] 529007K->179729K(944128K), 0.0047725 secs] [Times: user=0.00 sys=0.00, real=0.00 secs] 
111.153: [GC (Allocation Failure) [PSYoungGen: 341169K->81920K(419840K)] 464578K->307729K(944128K), 0.0156420 secs] [Times: user=0.00 sys=0.00, real=0.02 secs] 
112.696: [GC (Allocation Failure) [PSYoungGen: 345267K->56320K(419840K)] 571077K->282129K(944128K), 0.0048180 secs] [Times: user=0.00 sys=0.00, real=0.00 secs] 
114.115: [GC (Allocation Failure) [PSYoungGen: 287815K->67584K(419840K)] 513625K->293393K(944128K), 0.0054161 secs] [Times: user=0.00 sys=0.00, real=0.01 secs] 
116.973: [GC (Allocation Failure) [PSYoungGen: 350301K->76800K(419840K)] 576111K->302609K(944128K), 0.0052996 secs] [Times: user=0.00 sys=0.00, real=0.01 secs] 
118.412: [GC (Allocation Failure) [PSYoungGen: 308309K->102400K(419840K)] 534118K->358929K(944128K), 0.0152621 secs] [Times: user=0.00 sys=0.00, real=0.02 secs] 
120.831: [GC (Allocation Failure) [PSYoungGen: 415817K->102400K(419840K)] 672346K->369169K(944128K), 0.0158556 secs] [Times: user=0.02 sys=0.00, real=0.02 secs] 
122.595: [GC (Allocation Failure) [PSYoungGen: 374859K->103424K(419840K)] 641629K->395793K(944128K), 0.0159614 secs] [Times: user=0.00 sys=0.00, real=0.02 secs] 
124.138: [GC (Allocation Failure) [PSYoungGen: 360537K->61440K(419840K)] 652906K->353809K(944128K), 0.0047124 secs] [Times: user=0.00 sys=0.00, real=0.01 secs] 
125.554: [GC (Allocation Failure) [PSYoungGen: 292943K->76800K(419840K)] 585313K->369169K(944128K), 0.0056713 secs] [Times: user=0.01 sys=0.00, real=0.01 secs] 
128.395: [GC (Allocation Failure) [PSYoungGen: 374853K->102400K(419840K)] 667223K->399889K(944128K), 0.0056278 secs] [Times: user=0.00 sys=0.00, real=0.00 secs] 
129.813: [GC (Allocation Failure) [PSYoungGen: 333895K->56320K(419840K)] 631385K->405009K(944128K), 0.0158705 secs] [Times: user=0.00 sys=0.00, real=0.02 secs] 
132.555: [GC (Allocation Failure) [PSYoungGen: 364608K->26624K(419840K)] 713298K->375313K(944128K), 0.0022658 secs] [Times: user=0.02 sys=0.00, real=0.00 secs] 
134.085: [GC (Allocation Failure) [PSYoungGen: 309317K->68608K(419840K)] 658007K->417297K(944128K), 0.0054313 secs] [Times: user=0.00 sys=0.00, real=0.01 secs] 
135.965: [GC (Allocation Failure) [PSYoungGen: 382038K->15360K(419840K)] 730727K->364049K(944128K), 0.0016901 secs] [Times: user=0.00 sys=0.00, real=0.00 secs] 
138.256: [GC (Allocation Failure) [PSYoungGen: 310439K->61440K(419840K)] 659129K->410129K(944128K), 0.0038512 secs] [Times: user=0.00 sys=0.00, real=0.00 secs] 
140.875: [GC (Allocation Failure) [PSYoungGen: 371887K->20480K(419840K)] 720577K->471569K(944128K), 0.0157639 secs] [Times: user=0.00 sys=0.00, real=0.02 secs] 
140.890: [Full GC (Ergonomics) [PSYoungGen: 20480K->0K(419840K)] [ParOldGen: 451089K->123409K(524288K)] 471569K->123409K(944128K), [Metaspace: 2796K->2796K(1056768K)], 0.0100525 secs] [Times: user=0.00 sys=0.00, real=0.01 secs] 
143.965: [GC (Allocation Failure) [PSYoungGen: 292970K->31744K(419840K)] 416379K->155153K(944128K), 0.0024229 secs] [Times: user=0.00 sys=0.00, real=0.00 secs] 
145.498: [GC (Allocation Failure) [PSYoungGen: 314447K->77824K(419840K)] 437856K->201233K(944128K), 0.0056433 secs] [Times: user=0.00 sys=0.00, real=0.01 secs] 
147.465: [GC (Allocation Failure) [PSYoungGen: 391260K->25600K(419840K)] 514669K->149009K(944128K), 0.0022615 secs] [Times: user=0.00 sys=0.00, real=0.00 secs] 
149.651: [GC (Allocation Failure) [PSYoungGen: 315567K->102400K(419840K)] 438977K->225809K(944128K), 0.0153393 secs] [Times: user=0.00 sys=0.00, real=0.01 secs] 
151.195: [GC (Allocation Failure) [PSYoungGen: 364634K->56320K(419840K)] 488043K->179729K(944128K), 0.0045304 secs] [Times: user=0.00 sys=0.00, real=0.00 secs] 
152.615: [GC (Allocation Failure) [PSYoungGen: 287859K->62464K(419840K)] 411268K->185873K(944128K), 0.0048400 secs] [Times: user=0.00 sys=0.00, real=0.01 secs] 
155.470: [GC (Allocation Failure) [PSYoungGen: 334969K->66560K(419840K)] 458379K->189969K(944128K), 0.0047281 secs] [Times: user=0.00 sys=0.00, real=0.00 secs] 
156.889: [GC (Allocation Failure) [PSYoungGen: 298086K->92160K(419840K)] 421495K->215569K(944128K), 0.0064180 secs] [Times: user=0.00 sys=0.00, real=0.01 secs] 
158.979: [GC (Allocation Failure) [PSYoungGen: 405597K->56320K(419840K)] 529007K->179729K(944128K), 0.0045953 secs] [Times: user=0.00 sys=0.00, real=0.00 secs] 
161.051: [GC (Allocation Failure) [PSYoungGen: 341169K->81920K(419840K)] 464578K->307729K(944128K), 0.0153814 secs] [Times: user=0.00 sys=0.00, real=0.01 secs] 
162.594: [GC (Allocation Failure) [PSYoungGen: 345267K->56320K(419840K)] 571077K->282129K(944128K), 0.0049042 secs] [Times: user=0.00 sys=0.00, real=0.01 secs] 
164.016: [GC (Allocation Failure) [PSYoungGen: 287815K->67584K(419840K)] 513625K->293393K(944128K), 0.0052441 secs] [Times: user=0.00 sys=0.00, real=0.00 secs] 
166.871: [GC (Allocation Failure) [PSYoungGen: 350301K->76800K(419840K)] 576111K->302609K(944128K), 0.0057012 secs] [Times: user=0.00 sys=0.00, real=0.01 secs] 
168.307: [GC (Allocation Failure) [PSYoungGen: 308309K->81920K(419840K)] 534118K->358929K(944128K), 0.0152924 secs] [Times: user=0.02 sys=0.00, real=0.01 secs] 
170.725: [GC (Allocation Failure) [PSYoungGen: 395337K->102400K(419840K)] 672346K->389649K(944128K), 0.0151971 secs] [Times: user=0.00 sys=0.02, real=0.01 secs] 
172.486: [GC (Allocation Failure) [PSYoungGen: 374859K->26624K(419840K)] 662109K->416273K(944128K), 0.0152792 secs] [Times: user=0.00 sys=0.00, real=0.02 secs] 
172.502: [Full GC (Ergonomics) [PSYoungGen: 26624K->0K(419840K)] [ParOldGen: 389649K->134673K(524288K)] 416273K->134673K(944128K), [Metaspace: 2796K->2796K(1056768K)], 0.0101068 secs] [Times: user=0.00 sys=0.00, real=0.01 secs] 
174.051: [GC (Allocation Failure) [PSYoungGen: 257113K->61440K(419840K)] 391786K->196113K(944128K), 0.0053609 secs] [Times: user=0.00 sys=0.00, real=0.00 secs] 
175.470: [GC (Allocation Failure) [PSYoungGen: 292926K->76800K(419840K)] 427599K->211473K(944128K), 0.0055619 secs] [Times: user=0.00 sys=0.00, real=0.00 secs] 
178.315: [GC (Allocation Failure) [PSYoungGen: 374842K->102400K(419840K)] 509515K->242193K(944128K), 0.0051582 secs] [Times: user=0.00 sys=0.00, real=0.01 secs] 
179.745: [GC (Allocation Failure) [PSYoungGen: 333888K->102400K(419840K)] 473681K->247313K(944128K), 0.0161561 secs] [Times: user=0.00 sys=0.00, real=0.02 secs] 
182.485: [GC (Allocation Failure) [PSYoungGen: 410683K->26624K(419840K)] 555597K->171537K(944128K), 0.0022083 secs] [Times: user=0.00 sys=0.00, real=0.00 secs] 
184.017: [GC (Allocation Failure) [PSYoungGen: 309314K->68608K(419840K)] 454228K->213521K(944128K), 0.0051674 secs] [Times: user=0.00 sys=0.00, real=0.00 secs] 
185.888: [GC (Allocation Failure) [PSYoungGen: 382036K->15360K(419840K)] 526949K->160273K(944128K), 0.0015253 secs] [Times: user=0.00 sys=0.00, real=0.00 secs] 
188.182: [GC (Allocation Failure) [PSYoungGen: 310437K->61440K(419840K)] 455350K->206353K(944128K), 0.0037639 secs] [Times: user=0.00 sys=0.00, real=0.00 secs] 
190.805: [GC (Allocation Failure) [PSYoungGen: 371886K->20480K(419840K)] 516799K->267793K(944128K), 0.0160286 secs] [Times: user=0.00 sys=0.00, real=0.02 secs] 
193.877: [GC (Allocation Failure) [PSYoungGen: 313449K->31776K(419840K)] 560763K->279089K(944128K), 0.0026838 secs] [Times: user=0.00 sys=0.00, real=0.00 secs] 
195.402: [GC (Allocation Failure) [PSYoungGen: 314525K->77856K(419840K)] 561838K->325169K(944128K), 0.0056603 secs] [Times: user=0.00 sys=0.00, real=0.00 secs] 
197.369: [GC (Allocation Failure) [PSYoungGen: 391321K->25664K(419840K)] 638635K->272977K(944128K), 0.0027052 secs] [Times: user=0.03 sys=0.00, real=0.00 secs] 
199.552: [GC (Allocation Failure) [PSYoungGen: 314539K->102464K(419840K)] 561852K->349777K(944128K), 0.0153843 secs] [Times: user=0.00 sys=0.00, real=0.01 secs] 
201.094: [GC (Allocation Failure) [PSYoungGen: 364734K->56352K(419840K)] 612048K->303665K(944128K), 0.0045851 secs] [Times: user=0.00 sys=0.00, real=0.00 secs] 
202.511: [GC (Allocation Failure) [PSYoungGen: 287863K->62528K(419840K)] 535176K->309841K(944128K), 0.0048398 secs] [Times: user=0.00 sys=0.00, real=0.00 secs] 
205.347: [GC (Allocation Failure) [PSYoungGen: 335015K->66624K(419840K)] 582329K->313937K(944128K), 0.0051764 secs] [Times: user=0.00 sys=0.00, real=0.00 secs] 
206.783: [GC (Allocation Failure) [PSYoungGen: 298138K->92192K(419840K)] 545452K->339505K(944128K), 0.0149405 secs] [Times: user=0.00 sys=0.00, real=0.02 secs] 
208.875: [GC (Allocation Failure) [PSYoungGen: 405622K->56384K(419840K)] 652935K->303697K(944128K), 0.0049436 secs] [Times: user=0.00 sys=0.00, real=0.01 secs] 
210.944: [GC (Allocation Failure) [PSYoungGen: 341224K->81952K(419840K)] 588537K->431665K(944128K), 0.0152648 secs] [Times: user=0.00 sys=0.00, real=0.02 secs] 
212.482: [GC (Allocation Failure) [PSYoungGen: 345293K->56352K(419840K)] 695007K->406065K(944128K), 0.0047588 secs] [Times: user=0.00 sys=0.00, real=0.00 secs] 
213.902: [GC (Allocation Failure) [PSYoungGen: 287845K->67616K(419840K)] 637559K->417329K(944128K), 0.0050419 secs] [Times: user=0.00 sys=0.00, real=0.00 secs] 
216.739: [GC (Allocation Failure) [PSYoungGen: 350332K->76864K(419840K)] 700045K->426577K(944128K), 0.0053502 secs] [Times: user=0.02 sys=0.00, real=0.01 secs] 
218.159: [GC (Allocation Failure) [PSYoungGen: 308372K->81952K(419840K)] 658086K->482865K(944128K), 0.0155612 secs] [Times: user=0.00 sys=0.00, real=0.02 secs] 
218.175: [Full GC (Ergonomics) [PSYoungGen: 81952K->0K(419840K)] [ParOldGen: 400913K->82449K(524288K)] 482865K->82449K(944128K), [Metaspace: 2796K->2796K(1056768K)], 0.0077490 secs] [Times: user=0.00 sys=0.00, real=0.01 secs] 
Heap
 PSYoungGen      total 419840K, used 135404K [0x00000000e0000000, 0x0000000100000000, 0x0000000100000000)
  eden space 315392K, 42% used [0x00000000e0000000,0x00000000e843b350,0x00000000f3400000)
  from space 104448K, 0% used [0x00000000f3400000,0x00000000f3400000,0x00000000f9a00000)
  to   space 104448K, 0% used [0x00000000f9a00000,0x00000000f9a00000,0x0000000100000000)
 ParOldGen       total 524288K, used 82449K [0x00000000c0000000, 0x00000000e0000000, 0x00000000e0000000)
  object space 524288K, 15% used [0x00000000c0000000,0x00000000c5084720,0x00000000e0000000)
 Metaspace       used 2804K, capacity 4486K, committed 4864K, reserved 1056768K
  class space    used 297K, capacity 386K, committed 512K, reserved 1048576K
