Java HotSpot(TM) 64-Bit Server VM (25.411-b09) for windows-amd64 JRE (1.8.0_411-b09), built on Mar 13 2024 07:26:13 by "java_re" with MS VC++ 17.1 (VS2022)
Memory: 4k page, physical 33403376k(15308144k free), swap 35500528k(7936660k free)
CommandLine flags: -XX:InitialHeapSize=536870912 -XX:MaxHeapSize=536870912 -XX:ParallelGCThreads=8 -XX:+PrintGC -XX:+PrintGCDetails -XX:+PrintGCTimeStamps -XX:+UseCompressedClassPointers -XX:+UseCompressedOops -XX:-UseLargePagesIndividualAllocation -XX:+UseParallelGC 
1.743: [GC (Allocation Failure) [PSYoungGen: 131215K->7896K(153088K)] 233615K->110304K(502784K), 0.0023587 secs] [Times: user=0.00 sys=0.00, real=0.00 secs] 
3.301: [GC (Allocation Failure) [PSYoungGen: 138528K->18088K(153088K)] 343336K->222896K(502784K), 0.0030064 secs] [Times: user=0.00 sys=0.00, real=0.00 secs] 
5.593: [GC (Allocation Failure) [PSYoungGen: 128240K->21144K(153088K)] 333048K->241312K(502784K), 0.0062308 secs] [Times: user=0.00 sys=0.00, real=0.01 secs] 
7.041: [Full GC (Ergonomics) [PSYoungGen: 147967K->0K(153088K)] [ParOldGen: 322568K->41488K(349696K)] 470535K->41488K(502784K), [Metaspace: 2759K->2759K(1056768K)], 0.0099624 secs] [Times: user=0.00 sys=0.00, real=0.01 secs] 
8.474: [GC (Allocation Failure) [PSYoungGen: 89668K->20480K(153088K)] 233557K->164368K(502784K), 0.0028154 secs] [Times: user=0.00 sys=0.00, real=0.00 secs] 
9.897: [GC (Allocation Failure) [PSYoungGen: 145989K->20480K(149504K)] 392278K->323089K(499200K), 0.0052850 secs] [Times: user=0.00 sys=0.00, real=0.01 secs] 
9.903: [Full GC (Ergonomics) [PSYoungGen: 20480K->0K(149504K)] [ParOldGen: 302608K->77328K(349696K)] 323089K->77328K(499200K), [Metaspace: 2760K->2760K(1056768K)], 0.0073150 secs] [Times: user=0.02 sys=0.00, real=0.01 secs] 
11.335: [GC (Allocation Failure) [PSYoungGen: 125449K->5120K(137216K)] 305178K->205328K(486912K), 0.0023420 secs] [Times: user=0.00 sys=0.00, real=0.00 secs] 
12.752: [Full GC (Ergonomics) [PSYoungGen: 110572K->0K(137216K)] [ParOldGen: 302608K->26129K(349696K)] 413181K->26129K(486912K), [Metaspace: 2763K->2763K(1056768K)], 0.0036075 secs] [Times: user=0.00 sys=0.00, real=0.00 secs] 
14.060: [GC (Allocation Failure) [PSYoungGen: 104703K->21504K(137216K)] 233232K->150033K(486912K), 0.0017965 secs] [Times: user=0.00 sys=0.00, real=0.00 secs] 
15.372: [GC (Allocation Failure) [PSYoungGen: 136447K->26624K(138752K)] 367377K->257553K(488448K), 0.0022243 secs] [Times: user=0.00 sys=0.00, real=0.00 secs] 
17.010: [GC (Allocation Failure) [PSYoungGen: 110704K->25600K(132096K)] 341633K->277009K(481792K), 0.0027364 secs] [Times: user=0.00 sys=0.00, real=0.00 secs] 
17.118: [GC (Allocation Failure) [PSYoungGen: 78918K->25600K(137728K)] 330327K->328209K(487424K), 0.0054637 secs] [Times: user=0.00 sys=0.00, real=0.01 secs] 
17.124: [Full GC (Ergonomics) [PSYoungGen: 25600K->0K(137728K)] [ParOldGen: 302609K->77329K(349696K)] 328209K->77329K(487424K), [Metaspace: 2768K->2768K(1056768K)], 0.0067109 secs] [Times: user=0.00 sys=0.00, real=0.01 secs] 
17.243: [GC (Allocation Failure) [PSYoungGen: 102912K->0K(103424K)] 180241K->179729K(453120K), 0.0153995 secs] [Times: user=0.00 sys=0.00, real=0.01 secs] 
18.460: [GC (Allocation Failure) [PSYoungGen: 74739K->25600K(135168K)] 254469K->205329K(484864K), 0.0022756 secs] [Times: user=0.00 sys=0.00, real=0.00 secs] 
19.990: [Full GC (Ergonomics) [PSYoungGen: 100227K->0K(135168K)] [ParOldGen: 333329K->51729K(349696K)] 433556K->51729K(484864K), [Metaspace: 2770K->2770K(1056768K)], 0.0060748 secs] [Times: user=0.00 sys=0.00, real=0.01 secs] 
22.190: [Full GC (Ergonomics) [PSYoungGen: 97166K->0K(135168K)] [ParOldGen: 307729K->114193K(349696K)] 404896K->114193K(484864K), [Metaspace: 2779K->2779K(1056768K)], 0.0095873 secs] [Times: user=0.02 sys=0.00, real=0.01 secs] 
24.062: [GC (Allocation Failure) [PSYoungGen: 79766K->20480K(136192K)] 347559K->288273K(485888K), 0.0016803 secs] [Times: user=0.00 sys=0.00, real=0.00 secs] 
24.063: [Full GC (Ergonomics) [PSYoungGen: 20480K->0K(136192K)] [ParOldGen: 267793K->21504K(349696K)] 288273K->21504K(485888K), [Metaspace: 2779K->2779K(1056768K)], 0.0032418 secs] [Times: user=0.00 sys=0.00, real=0.00 secs] 
25.049: [GC (Allocation Failure) [PSYoungGen: 95131K->10240K(137728K)] 219035K->134144K(487424K), 0.0010958 secs] [Times: user=0.00 sys=0.00, real=0.00 secs] 
26.795: [Full GC (Ergonomics) [PSYoungGen: 105425K->0K(137728K)] [ParOldGen: 277504K->41984K(349696K)] 382929K->41984K(487424K), [Metaspace: 2780K->2780K(1056768K)], 0.0041502 secs] [Times: user=0.00 sys=0.00, real=0.00 secs] 
28.760: [GC (Allocation Failure) [PSYoungGen: 99707K->6240K(137216K)] 295291K->201832K(486912K), 0.0017817 secs] [Times: user=0.00 sys=0.00, real=0.00 secs] 
30.740: [Full GC (Ergonomics) [PSYoungGen: 102452K->0K(137216K)] [ParOldGen: 349192K->169489K(349696K)] 451644K->169489K(486912K), [Metaspace: 2793K->2793K(1056768K)], 0.0128258 secs] [Times: user=0.00 sys=0.00, real=0.01 secs] 
32.830: [Full GC (Ergonomics) [PSYoungGen: 79829K->0K(137216K)] [ParOldGen: 323089K->57873K(349696K)] 402919K->57873K(486912K), [Metaspace: 2793K->2793K(1056768K)], 0.0054437 secs] [Times: user=0.00 sys=0.00, real=0.01 secs] 
35.351: [Full GC (Ergonomics) [PSYoungGen: 92118K->0K(137216K)] [ParOldGen: 313873K->11264K(349696K)] 405991K->11264K(486912K), [Metaspace: 2793K->2793K(1056768K)], 0.0027824 secs] [Times: user=0.00 sys=0.00, real=0.00 secs] 
36.335: [GC (Allocation Failure) [PSYoungGen: 100310K->20480K(138240K)] 213974K->134144K(487936K), 0.0018504 secs] [Times: user=0.00 sys=0.00, real=0.00 secs] 
38.199: [GC (Allocation Failure) [PSYoungGen: 120811K->35840K(136192K)] 388075K->318464K(485888K), 0.0041632 secs] [Times: user=0.00 sys=0.00, real=0.00 secs] 
38.203: [Full GC (Ergonomics) [PSYoungGen: 35840K->0K(136192K)] [ParOldGen: 282624K->51729K(349696K)] 318464K->51729K(485888K), [Metaspace: 2793K->2793K(1056768K)], 0.0051280 secs] [Times: user=0.00 sys=0.00, real=0.00 secs] 
39.414: [GC (Allocation Failure) [PSYoungGen: 99276K->10240K(130560K)] 151006K->61969K(480256K), 0.0012300 secs] [Times: user=0.00 sys=0.00, real=0.00 secs] 
41.049: [GC (Allocation Failure) [PSYoungGen: 100164K->15360K(134144K)] 305494K->225809K(483840K), 0.0019789 secs] [Times: user=0.00 sys=0.00, real=0.00 secs] 
41.816: [Full GC (Ergonomics) [PSYoungGen: 105289K->0K(134144K)] [ParOldGen: 312849K->119313K(349696K)] 418138K->119313K(483840K), [Metaspace: 2793K->2793K(1056768K)], 0.0094145 secs] [Times: user=0.00 sys=0.00, real=0.01 secs] 
44.001: [GC (Allocation Failure) [PSYoungGen: 79692K->21504K(136192K)] 199005K->140817K(485888K), 0.0021352 secs] [Times: user=0.08 sys=0.00, real=0.00 secs] 
44.986: [GC (Allocation Failure) [PSYoungGen: 116622K->10240K(135680K)] 338336K->243217K(485376K), 0.0018201 secs] [Times: user=0.00 sys=0.00, real=0.00 secs] 
45.644: [GC (Allocation Failure) [PSYoungGen: 63378K->10240K(137728K)] 347556K->299537K(487424K), 0.0017667 secs] [Times: user=0.00 sys=0.00, real=0.00 secs] 
45.646: [Full GC (Ergonomics) [PSYoungGen: 10240K->0K(137728K)] [ParOldGen: 289297K->78353K(349696K)] 299537K->78353K(487424K), [Metaspace: 2795K->2795K(1056768K)], 0.0066800 secs] [Times: user=0.00 sys=0.00, real=0.01 secs] 
47.412: [GC (Allocation Failure) [PSYoungGen: 97234K->21504K(137216K)] 380387K->304657K(486912K), 0.0023599 secs] [Times: user=0.00 sys=0.00, real=0.00 secs] 
48.502: [Full GC (Ergonomics) [PSYoungGen: 95188K->0K(137216K)] [ParOldGen: 334353K->77329K(349696K)] 429541K->77329K(486912K), [Metaspace: 2795K->2795K(1056768K)], 0.0068476 secs] [Times: user=0.00 sys=0.00, real=0.01 secs] 
51.026: [Full GC (Ergonomics) [PSYoungGen: 100309K->0K(137216K)] [ParOldGen: 333329K->16384K(349696K)] 433638K->16384K(486912K), [Metaspace: 2795K->2795K(1056768K)], 0.0029237 secs] [Times: user=0.00 sys=0.00, real=0.00 secs] 
52.005: [GC (Allocation Failure) [PSYoungGen: 100309K->6144K(138240K)] 219093K->124928K(487936K), 0.0007705 secs] [Times: user=0.00 sys=0.00, real=0.00 secs] 
54.522: [GC (Allocation Failure) [PSYoungGen: 107509K->1024K(103424K)] 379893K->273408K(453120K), 0.0014587 secs] [Times: user=0.00 sys=0.00, real=0.00 secs] 
55.616: [Full GC (Ergonomics) [PSYoungGen: 74741K->0K(103424K)] [ParOldGen: 323584K->67089K(349696K)] 398325K->67089K(453120K), [Metaspace: 2795K->2795K(1056768K)], 0.0063971 secs] [Times: user=0.00 sys=0.00, real=0.01 secs] 
58.252: [Full GC (Ergonomics) [PSYoungGen: 92149K->0K(103424K)] [ParOldGen: 323089K->6144K(349696K)] 415239K->6144K(453120K), [Metaspace: 2796K->2796K(1056768K)], 0.0024769 secs] [Times: user=0.00 sys=0.00, real=0.00 secs] 
59.345: [GC (Allocation Failure) [PSYoungGen: 100341K->10240K(139264K)] 208885K->169984K(488960K), 0.0047365 secs] [Times: user=0.02 sys=0.00, real=0.00 secs] 
60.216: [GC (Allocation Failure) [PSYoungGen: 110591K->6144K(137728K)] 372736K->268288K(487424K), 0.0010346 secs] [Times: user=0.00 sys=0.00, real=0.00 secs] 
61.307: [Full GC (Ergonomics) [PSYoungGen: 79872K->0K(137728K)] [ParOldGen: 313344K->215569K(349696K)] 393216K->215569K(487424K), [Metaspace: 2796K->2796K(1056768K)], 0.0162297 secs] [Times: user=0.02 sys=0.00, real=0.02 secs] 
62.634: [Full GC (Ergonomics) [PSYoungGen: 53248K->0K(137728K)] [ParOldGen: 317969K->26624K(349696K)] 371217K->26624K(487424K), [Metaspace: 2796K->2796K(1056768K)], 0.0036809 secs] [Times: user=0.00 sys=0.00, real=0.00 secs] 
63.835: [GC (Allocation Failure) [PSYoungGen: 95232K->21504K(137728K)] 224256K->150528K(487424K), 0.0014574 secs] [Times: user=0.00 sys=0.00, real=0.00 secs] 
64.820: [GC (Allocation Failure) [PSYoungGen: 122900K->21504K(124928K)] 354324K->252928K(474624K), 0.0017820 secs] [Times: user=0.00 sys=0.00, real=0.00 secs] 
66.786: [GC (Allocation Failure) [PSYoungGen: 110602K->15360K(140288K)] 342026K->246784K(489984K), 0.0018631 secs] [Times: user=0.00 sys=0.00, real=0.00 secs] 
67.877: [Full GC (Ergonomics) [PSYoungGen: 116797K->0K(140288K)] [ParOldGen: 333824K->36864K(349696K)] 450621K->36864K(489984K), [Metaspace: 2796K->2796K(1056768K)], 0.0037598 secs] [Times: user=0.00 sys=0.00, real=0.00 secs] 
68.752: [GC (Allocation Failure) [PSYoungGen: 99358K->1024K(138240K)] 238622K->191488K(487936K), 0.0048299 secs] [Times: user=0.00 sys=0.00, real=0.01 secs] 
70.714: [Full GC (Ergonomics) [PSYoungGen: 102461K->0K(138240K)] [ParOldGen: 292864K->108049K(349696K)] 395325K->108049K(487936K), [Metaspace: 2796K->2796K(1056768K)], 0.0090116 secs] [Times: user=0.00 sys=0.00, real=0.01 secs] 
71.605: [GC (Allocation Failure) [PSYoungGen: 99358K->2048K(139776K)] 309808K->212497K(489472K), 0.0007919 secs] [Times: user=0.00 sys=0.00, real=0.00 secs] 
72.585: [GC (Allocation Failure) [PSYoungGen: 75827K->26624K(130048K)] 286276K->237073K(479744K), 0.0028638 secs] [Times: user=0.00 sys=0.00, real=0.00 secs] 
74.004: [Full GC (Ergonomics) [PSYoungGen: 126965K->0K(130048K)] [ParOldGen: 312849K->31744K(349696K)] 439815K->31744K(479744K), [Metaspace: 2796K->2796K(1056768K)], 0.0041088 secs] [Times: user=0.00 sys=0.00, real=0.00 secs] 
75.207: [GC (Allocation Failure) [PSYoungGen: 95229K->15360K(138752K)] 229373K->149504K(488448K), 0.0016482 secs] [Times: user=0.00 sys=0.00, real=0.00 secs] 
76.189: [GC (Allocation Failure) [PSYoungGen: 115672K->25600K(136704K)] 352216K->262144K(486400K), 0.0020414 secs] [Times: user=0.00 sys=0.00, real=0.00 secs] 
78.046: [GC (Allocation Failure) [PSYoungGen: 119772K->15360K(138752K)] 356316K->251904K(488448K), 0.0015785 secs] [Times: user=0.00 sys=0.00, real=0.00 secs] 
79.024: [Full GC (Ergonomics) [PSYoungGen: 115670K->0K(138752K)] [ParOldGen: 338944K->61969K(349696K)] 454614K->61969K(488448K), [Metaspace: 2796K->2796K(1056768K)], 0.0060958 secs] [Times: user=0.00 sys=0.00, real=0.01 secs] 
81.752: [Full GC (Ergonomics) [PSYoungGen: 97242K->0K(138752K)] [ParOldGen: 317969K->7168K(349696K)] 415211K->7168K(488448K), [Metaspace: 2796K->2796K(1056768K)], 0.0026814 secs] [Times: user=0.00 sys=0.00, real=0.00 secs] 
83.611: [GC (Allocation Failure) [PSYoungGen: 95196K->11264K(136704K)] 255964K->172032K(486400K), 0.0012275 secs] [Times: user=0.00 sys=0.00, real=0.00 secs] 
85.033: [GC (Allocation Failure) [PSYoungGen: 111582K->5120K(140288K)] 374750K->268288K(489984K), 0.0013358 secs] [Times: user=0.00 sys=0.00, real=0.00 secs] 
85.471: [GC (Allocation Failure) [PSYoungGen: 99397K->10240K(140288K)] 362565K->324608K(489984K), 0.0045198 secs] [Times: user=0.00 sys=0.00, real=0.00 secs] 
85.476: [Full GC (Ergonomics) [PSYoungGen: 10240K->0K(140288K)] [ParOldGen: 314368K->61969K(349696K)] 324608K->61969K(489984K), [Metaspace: 2796K->2796K(1056768K)], 0.0059296 secs] [Times: user=0.00 sys=0.00, real=0.01 secs] 
85.813: [GC (Allocation Failure) [PSYoungGen: 104509K->1024K(141824K)] 166479K->62993K(491520K), 0.0005238 secs] [Times: user=0.00 sys=0.00, real=0.00 secs] 
86.794: [GC (Allocation Failure) [PSYoungGen: 74863K->25600K(132608K)] 136832K->108049K(482304K), 0.0029515 secs] [Times: user=0.00 sys=0.00, real=0.00 secs] 
88.101: [GC (Allocation Failure) [PSYoungGen: 130115K->20480K(137728K)] 314964K->205329K(487424K), 0.0017948 secs] [Times: user=0.00 sys=0.00, real=0.00 secs] 
89.303: [GC (Allocation Failure) [PSYoungGen: 114668K->10240K(138240K)] 299517K->195089K(487936K), 0.0013039 secs] [Times: user=0.00 sys=0.00, real=0.00 secs] 
90.177: [Full GC (Ergonomics) [PSYoungGen: 110575K->0K(138240K)] [ParOldGen: 287249K->113169K(349696K)] 397825K->113169K(487936K), [Metaspace: 2796K->2796K(1056768K)], 0.0085749 secs] [Times: user=0.00 sys=0.00, real=0.01 secs] 
92.800: [GC (Allocation Failure) [PSYoungGen: 101362K->1024K(139776K)] 368131K->267793K(489472K), 0.0010002 secs] [Times: user=0.00 sys=0.00, real=0.00 secs] 
93.893: [GC (Allocation Failure) [PSYoungGen: 75824K->31744K(134656K)] 342594K->298513K(484352K), 0.0024592 secs] [Times: user=0.00 sys=0.00, real=0.00 secs] 
94.003: [GC (Allocation Failure) [PSYoungGen: 84980K->11264K(136192K)] 351749K->329233K(485888K), 0.0047878 secs] [Times: user=0.00 sys=0.00, real=0.00 secs] 
94.008: [Full GC (Ergonomics) [PSYoungGen: 11264K->0K(136192K)] [ParOldGen: 317969K->62993K(349696K)] 329233K->62993K(485888K), [Metaspace: 2796K->2796K(1056768K)], 0.0059660 secs] [Times: user=0.00 sys=0.00, real=0.01 secs] 
96.639: [Full GC (Ergonomics) [PSYoungGen: 97174K->0K(136192K)] [ParOldGen: 318993K->11264K(349696K)] 416168K->11264K(485888K), [Metaspace: 2796K->2796K(1056768K)], 0.0027053 secs] [Times: user=0.00 sys=0.00, real=0.00 secs] 
97.620: [GC (Allocation Failure) [PSYoungGen: 95138K->30720K(130048K)] 208802K->144384K(479744K), 0.0024930 secs] [Times: user=0.00 sys=0.00, real=0.00 secs] 
99.367: [GC (Allocation Failure) [PSYoungGen: 125866K->40960K(119808K)] 393130K->308224K(469504K), 0.0033245 secs] [Times: user=0.00 sys=0.00, real=0.00 secs] 
99.693: [Full GC (Ergonomics) [PSYoungGen: 73239K->0K(119808K)] [ParOldGen: 318464K->133649K(349696K)] 391703K->133649K(469504K), [Metaspace: 2796K->2796K(1056768K)], 0.0105164 secs] [Times: user=0.00 sys=0.00, real=0.01 secs] 
101.130: [GC (Allocation Failure) [PSYoungGen: 57879K->5120K(126464K)] 345128K->292369K(476160K), 0.0015012 secs] [Times: user=0.00 sys=0.00, real=0.00 secs] 
101.132: [Full GC (Ergonomics) [PSYoungGen: 5120K->0K(126464K)] [ParOldGen: 287249K->56849K(349696K)] 292369K->56849K(476160K), [Metaspace: 2796K->2796K(1056768K)], 0.0057332 secs] [Times: user=0.00 sys=0.00, real=0.01 secs] 
102.896: [Full GC (Ergonomics) [PSYoungGen: 76314K->0K(126464K)] [ParOldGen: 312849K->12817K(349696K)] 389163K->12817K(476160K), [Metaspace: 2796K->2796K(1056768K)], 0.0028224 secs] [Times: user=0.00 sys=0.00, real=0.00 secs] 
104.972: [GC (Allocation Failure) [PSYoungGen: 73243K->10240K(129024K)] 86061K->23057K(478720K), 0.0009120 secs] [Times: user=0.00 sys=0.00, real=0.00 secs] 
106.392: [GC (Allocation Failure) [PSYoungGen: 84566K->25600K(126976K)] 250983K->192017K(476672K), 0.0019407 secs] [Times: user=0.02 sys=0.00, real=0.00 secs] 
108.143: [Full GC (Ergonomics) [PSYoungGen: 105048K->0K(126976K)] [ParOldGen: 320017K->21504K(349696K)] 425065K->21504K(476672K), [Metaspace: 2796K->2796K(1056768K)], 0.0034348 secs] [Times: user=0.00 sys=0.00, real=0.00 secs] 
109.131: [GC (Allocation Failure) [PSYoungGen: 79449K->10240K(130048K)] 203353K->185344K(479744K), 0.0049232 secs] [Times: user=0.00 sys=0.00, real=0.00 secs] 
110.661: [Full GC (Ergonomics) [PSYoungGen: 89741K->0K(130048K)] [ParOldGen: 328704K->169489K(349696K)] 418445K->169489K(479744K), [Metaspace: 2796K->2796K(1056768K)], 0.0125835 secs] [Times: user=0.00 sys=0.00, real=0.01 secs] 
112.316: [Full GC (Ergonomics) [PSYoungGen: 73358K->0K(130048K)] [ParOldGen: 323089K->16384K(349696K)] 396447K->16384K(479744K), [Metaspace: 2796K->2796K(1056768K)], 0.0028780 secs] [Times: user=0.00 sys=0.00, real=0.00 secs] 
112.974: [GC (Allocation Failure) [PSYoungGen: 79502K->6144K(128512K)] 198286K->124928K(478208K), 0.0008236 secs] [Times: user=0.00 sys=0.00, real=0.00 secs] 
114.502: [GC (Allocation Failure) [PSYoungGen: 85647K->20480K(132096K)] 358031K->293888K(481792K), 0.0020152 secs] [Times: user=0.00 sys=0.00, real=0.00 secs] 
116.471: [GC (Allocation Failure) [PSYoungGen: 104171K->15360K(131072K)] 377579K->288768K(480768K), 0.0021981 secs] [Times: user=0.00 sys=0.00, real=0.00 secs] 
116.796: [GC (Allocation Failure) [PSYoungGen: 99045K->25600K(131584K)] 372453K->350208K(481280K), 0.0057223 secs] [Times: user=0.02 sys=0.00, real=0.01 secs] 
116.802: [Full GC (Ergonomics) [PSYoungGen: 25600K->0K(131584K)] [ParOldGen: 324608K->77329K(349696K)] 350208K->77329K(481280K), [Metaspace: 2796K->2796K(1056768K)], 0.0067773 secs] [Times: user=0.00 sys=0.00, real=0.01 secs] 
118.782: [Full GC (Ergonomics) [PSYoungGen: 86807K->0K(131584K)] [ParOldGen: 333329K->87569K(349696K)] 420137K->87569K(481280K), [Metaspace: 2796K->2796K(1056768K)], 0.0076644 secs] [Times: user=0.00 sys=0.00, real=0.01 secs] 
120.528: [GC (Allocation Failure) [PSYoungGen: 89885K->10240K(133120K)] 279855K->200209K(482816K), 0.0007752 secs] [Times: user=0.00 sys=0.00, real=0.00 secs] 
122.165: [Full GC (Ergonomics) [PSYoungGen: 100129K->0K(133120K)] [ParOldGen: 343569K->124433K(349696K)] 443699K->124433K(482816K), [Metaspace: 2796K->2796K(1056768K)], 0.0101645 secs] [Times: user=0.02 sys=0.00, real=0.01 secs] 
123.497: [GC (Allocation Failure) [PSYoungGen: 89892K->5120K(135168K)] 316725K->231953K(484864K), 0.0010279 secs] [Times: user=0.00 sys=0.00, real=0.00 secs] 
124.260: [Full GC (Ergonomics) [PSYoungGen: 100205K->0K(135168K)] [ParOldGen: 329233K->12288K(349696K)] 429438K->12288K(484864K), [Metaspace: 2796K->2796K(1056768K)], 0.0027304 secs] [Times: user=0.00 sys=0.00, real=0.00 secs] 
126.118: [GC (Allocation Failure) [PSYoungGen: 95086K->25600K(119296K)] 260974K->191488K(468992K), 0.0019832 secs] [Times: user=0.00 sys=0.00, real=0.00 secs] 
127.860: [GC (Allocation Failure) [PSYoungGen: 114502K->15360K(135680K)] 280390K->181248K(485376K), 0.0014619 secs] [Times: user=0.00 sys=0.00, real=0.00 secs] 
128.628: [GC (Allocation Failure) [PSYoungGen: 105311K->5120K(133632K)] 373599K->329728K(483328K), 0.0050934 secs] [Times: user=0.00 sys=0.00, real=0.00 secs] 
128.633: [Full GC (Ergonomics) [PSYoungGen: 5120K->0K(133632K)] [ParOldGen: 324608K->61969K(349696K)] 329728K->61969K(483328K), [Metaspace: 2796K->2796K(1056768K)], 0.0057047 secs] [Times: user=0.00 sys=0.00, real=0.01 secs] 
130.391: [GC (Allocation Failure) [PSYoungGen: 89954K->10240K(137728K)] 305523K->225809K(487424K), 0.0011283 secs] [Times: user=0.00 sys=0.00, real=0.00 secs] 
132.363: [Full GC (Ergonomics) [PSYoungGen: 90047K->0K(137728K)] [ParOldGen: 317969K->27648K(349696K)] 408017K->27648K(487424K), [Metaspace: 2796K->2796K(1056768K)], 0.0036750 secs] [Times: user=0.00 sys=0.00, real=0.00 secs] 
133.565: [GC (Allocation Failure) [PSYoungGen: 95168K->21504K(136192K)] 225216K->151552K(485888K), 0.0015612 secs] [Times: user=0.00 sys=0.00, real=0.00 secs] 
134.875: [GC (Allocation Failure) [PSYoungGen: 111553K->5120K(137728K)] 344001K->237568K(487424K), 0.0010734 secs] [Times: user=0.00 sys=0.00, real=0.00 secs] 
135.749: [Full GC (Ergonomics) [PSYoungGen: 105430K->0K(137728K)] [ParOldGen: 334848K->16384K(349696K)] 440278K->16384K(487424K), [Metaspace: 2796K->2796K(1056768K)], 0.0030589 secs] [Times: user=0.00 sys=0.00, real=0.00 secs] 
137.711: [GC (Allocation Failure) [PSYoungGen: 100310K->35840K(134144K)] 270294K->205824K(483840K), 0.0027393 secs] [Times: user=0.00 sys=0.00, real=0.00 secs] 
138.693: [GC (Allocation Failure) [PSYoungGen: 129955K->0K(127488K)] 299939K->221184K(477184K), 0.0046136 secs] [Times: user=0.00 sys=0.00, real=0.00 secs] 
139.571: [GC (Allocation Failure) [PSYoungGen: 63225K->5120K(132096K)] 335609K->277504K(481792K), 0.0015270 secs] [Times: user=0.00 sys=0.00, real=0.00 secs] 
139.572: [Full GC (Ergonomics) [PSYoungGen: 5120K->0K(132096K)] [ParOldGen: 272384K->56849K(349696K)] 277504K->56849K(481792K), [Metaspace: 2796K->2796K(1056768K)], 0.0054125 secs] [Times: user=0.00 sys=0.00, real=0.01 secs] 
141.550: [Full GC (Ergonomics) [PSYoungGen: 86780K->0K(132096K)] [ParOldGen: 312849K->119313K(349696K)] 399629K->119313K(481792K), [Metaspace: 2796K->2796K(1056768K)], 0.0096363 secs] [Times: user=0.00 sys=0.00, real=0.01 secs] 
143.643: [GC (Allocation Failure) [PSYoungGen: 74493K->21504K(133120K)] 193806K->140817K(482816K), 0.0020921 secs] [Times: user=0.00 sys=0.00, real=0.00 secs] 
144.518: [GC (Allocation Failure) [PSYoungGen: 111392K->21504K(133120K)] 333106K->243217K(482816K), 0.0019627 secs] [Times: user=0.00 sys=0.00, real=0.00 secs] 
145.282: [GC (Allocation Failure) [PSYoungGen: 79651K->26624K(130048K)] 352565K->299537K(479744K), 0.0022404 secs] [Times: user=0.00 sys=0.00, real=0.00 secs] 
145.284: [GC (Allocation Failure) [PSYoungGen: 26624K->26624K(115712K)] 299537K->299537K(465408K), 0.0021090 secs] [Times: user=0.00 sys=0.00, real=0.00 secs] 
145.286: [Full GC (Allocation Failure) [PSYoungGen: 26624K->0K(115712K)] [ParOldGen: 272913K->78353K(349696K)] 299537K->78353K(465408K), [Metaspace: 2796K->2796K(1056768K)], 0.0064409 secs] [Times: user=0.00 sys=0.00, real=0.01 secs] 
147.806: [Full GC (Ergonomics) [PSYoungGen: 86760K->0K(115712K)] [ParOldGen: 334353K->36864K(349696K)] 421113K->36864K(465408K), [Metaspace: 2796K->2796K(1056768K)], 0.0037300 secs] [Times: user=0.00 sys=0.00, real=0.00 secs] 
148.463: [GC (Allocation Failure) [PSYoungGen: 84713K->1024K(130048K)] 223977K->191488K(479744K), 0.0049305 secs] [Times: user=0.00 sys=0.00, real=0.00 secs] 
150.430: [Full GC (Ergonomics) [PSYoungGen: 84652K->0K(130048K)] [ParOldGen: 344064K->6144K(349696K)] 428716K->6144K(479744K), [Metaspace: 2796K->2796K(1056768K)], 0.0020192 secs] [Times: user=0.00 sys=0.00, real=0.00 secs] 
151.957: [GC (Allocation Failure) [PSYoungGen: 79533K->11264K(130048K)] 239277K->171008K(479744K), 0.0009257 secs] [Times: user=0.00 sys=0.00, real=0.00 secs] 
154.038: [Full GC (Ergonomics) [PSYoungGen: 95917K->0K(130048K)] [ParOldGen: 313344K->11264K(349696K)] 409261K->11264K(479744K), [Metaspace: 2796K->2796K(1056768K)], 0.0028491 secs] [Times: user=0.00 sys=0.00, real=0.00 secs] 
155.685: [GC (Allocation Failure) [PSYoungGen: 80557K->20480K(133120K)] 245421K->185344K(482816K), 0.0020205 secs] [Times: user=0.00 sys=0.00, real=0.00 secs] 
157.863: [Full GC (Ergonomics) [PSYoungGen: 105236K->0K(133120K)] [ParOldGen: 318464K->6144K(349696K)] 423700K->6144K(482816K), [Metaspace: 2796K->2796K(1056768K)], 0.0023263 secs] [Times: user=0.00 sys=0.00, real=0.00 secs] 
158.738: [GC (Allocation Failure) [PSYoungGen: 89876K->5120K(132096K)] 198420K->164864K(481792K), 0.0045806 secs] [Times: user=0.00 sys=0.00, real=0.00 secs] 
160.484: [Full GC (Ergonomics) [PSYoungGen: 94996K->0K(132096K)] [ParOldGen: 313344K->169489K(349696K)] 408340K->169489K(481792K), [Metaspace: 2796K->2796K(1056768K)], 0.0127213 secs] [Times: user=0.01 sys=0.00, real=0.01 secs] 
162.139: [Full GC (Ergonomics) [PSYoungGen: 73492K->0K(132096K)] [ParOldGen: 323089K->16384K(349696K)] 396581K->16384K(481792K), [Metaspace: 2796K->2796K(1056768K)], 0.0028173 secs] [Times: user=0.00 sys=0.00, real=0.00 secs] 
163.011: [GC (Allocation Failure) [PSYoungGen: 89876K->6144K(134656K)] 208660K->124928K(484352K), 0.0009240 secs] [Times: user=0.00 sys=0.00, real=0.00 secs] 
164.758: [Full GC (Ergonomics) [PSYoungGen: 96082K->0K(134656K)] [ParOldGen: 272384K->27648K(349696K)] 368466K->27648K(484352K), [Metaspace: 2796K->2796K(1056768K)], 0.0033064 secs] [Times: user=0.00 sys=0.00, real=0.00 secs] 
166.392: [GC (Allocation Failure) [PSYoungGen: 73554K->15360K(133632K)] 101202K->43008K(483328K), 0.0015671 secs] [Times: user=0.00 sys=0.00, real=0.00 secs] 
167.267: [GC (Allocation Failure) [PSYoungGen: 105290K->30720K(129536K)] 235338K->165888K(479232K), 0.0026979 secs] [Times: user=0.02 sys=0.00, real=0.00 secs] 
169.455: [Full GC (Ergonomics) [PSYoungGen: 110372K->0K(129536K)] [ParOldGen: 339968K->51729K(349696K)] 450340K->51729K(479232K), [Metaspace: 2796K->2796K(1056768K)], 0.0050855 secs] [Times: user=0.00 sys=0.00, real=0.01 secs] 
171.431: [Full GC (Ergonomics) [PSYoungGen: 86822K->0K(129536K)] [ParOldGen: 307729K->114193K(349696K)] 394551K->114193K(479232K), [Metaspace: 2796K->2796K(1056768K)], 0.0091697 secs] [Times: user=0.00 sys=0.00, real=0.01 secs] 
173.508: [GC (Allocation Failure) [PSYoungGen: 89895K->20480K(133120K)] 357688K->288273K(482816K), 0.0019239 secs] [Times: user=0.00 sys=0.00, real=0.00 secs] 
173.727: [GC (Allocation Failure) [PSYoungGen: 93991K->0K(133632K)] 361785K->329233K(483328K), 0.0047447 secs] [Times: user=0.00 sys=0.00, real=0.00 secs] 
173.732: [Full GC (Ergonomics) [PSYoungGen: 0K->0K(133632K)] [ParOldGen: 329233K->61969K(349696K)] 329233K->61969K(483328K), [Metaspace: 2796K->2796K(1056768K)], 0.0055901 secs] [Times: user=0.00 sys=0.00, real=0.01 secs] 
175.818: [Full GC (Ergonomics) [PSYoungGen: 91957K->0K(133632K)] [ParOldGen: 317969K->36369K(349696K)] 409927K->36369K(483328K), [Metaspace: 2796K->2796K(1056768K)], 0.0032984 secs] [Times: user=0.00 sys=0.00, real=0.00 secs] 
177.565: [GC (Allocation Failure) [PSYoungGen: 83768K->10240K(133632K)] 120137K->46609K(483328K), 0.0010170 secs] [Times: user=0.00 sys=0.00, real=0.00 secs] 
179.092: [GC (Allocation Failure) [PSYoungGen: 95027K->15360K(137216K)] 284997K->210449K(486912K), 0.0017440 secs] [Times: user=0.00 sys=0.00, real=0.00 secs] 
179.964: [Full GC (Ergonomics) [PSYoungGen: 110493K->0K(137216K)] [ParOldGen: 297489K->169489K(349696K)] 407982K->169489K(486912K), [Metaspace: 2796K->2796K(1056768K)], 0.0133216 secs] [Times: user=0.02 sys=0.00, real=0.01 secs] 
182.273: [Full GC (Ergonomics) [PSYoungGen: 90015K->0K(137216K)] [ParOldGen: 323089K->57873K(349696K)] 413105K->57873K(486912K), [Metaspace: 2796K->2796K(1056768K)], 0.0058507 secs] [Times: user=0.00 sys=0.00, real=0.01 secs] 
184.800: [Full GC (Ergonomics) [PSYoungGen: 92065K->0K(137216K)] [ParOldGen: 313873K->11264K(349696K)] 405938K->11264K(486912K), [Metaspace: 2796K->2796K(1056768K)], 0.0025155 secs] [Times: user=0.00 sys=0.00, real=0.00 secs] 
185.676: [GC (Allocation Failure) [PSYoungGen: 95138K->20480K(135168K)] 208802K->134144K(484864K), 0.0015605 secs] [Times: user=0.00 sys=0.00, real=0.00 secs] 
187.531: [GC (Allocation Failure) [PSYoungGen: 115618K->30720K(130048K)] 382882K->313344K(479744K), 0.0032401 secs] [Times: user=0.00 sys=0.00, real=0.00 secs] 
187.534: [Full GC (Ergonomics) [PSYoungGen: 30720K->0K(130048K)] [ParOldGen: 282624K->46609K(349696K)] 313344K->46609K(479744K), [Metaspace: 2796K->2796K(1056768K)], 0.0045816 secs] [Times: user=0.00 sys=0.00, real=0.00 secs] 
189.173: [GC (Allocation Failure) [PSYoungGen: 83772K->15360K(133632K)] 181582K->113169K(483328K), 0.0015005 secs] [Times: user=0.00 sys=0.00, real=0.00 secs] 
190.045: [GC (Allocation Failure) [PSYoungGen: 105277K->5120K(136192K)] 305486K->210449K(485888K), 0.0012753 secs] [Times: user=0.00 sys=0.00, real=0.00 secs] 
190.813: [GC (Allocation Failure) [PSYoungGen: 63395K->5120K(136192K)] 319925K->261649K(485888K), 0.0010022 secs] [Times: user=0.00 sys=0.00, real=0.00 secs] 
190.814: [GC (Allocation Failure) [PSYoungGen: 5120K->0K(136704K)] 261649K->261649K(486400K), 0.0010890 secs] [Times: user=0.00 sys=0.00, real=0.00 secs] 
190.815: [Full GC (Allocation Failure) [PSYoungGen: 0K->0K(136704K)] [ParOldGen: 261649K->164369K(349696K)] 261649K->164369K(486400K), [Metaspace: 2796K->2796K(1056768K)], 0.0122614 secs] [Times: user=0.00 sys=0.00, real=0.01 secs] 
193.454: [GC (Allocation Failure) [PSYoungGen: 86968K->21536K(120832K)] 353737K->288305K(470528K), 0.0020804 secs] [Times: user=0.00 sys=0.00, real=0.00 secs] 
193.674: [GC (Allocation Failure) [PSYoungGen: 95192K->0K(136192K)] 361961K->329241K(485888K), 0.0051694 secs] [Times: user=0.00 sys=0.00, real=0.01 secs] 
193.679: [Full GC (Ergonomics) [PSYoungGen: 0K->0K(136192K)] [ParOldGen: 329241K->62993K(349696K)] 329241K->62993K(485888K), [Metaspace: 2796K->2796K(1056768K)], 0.0059364 secs] [Times: user=0.00 sys=0.00, real=0.01 secs] 
196.309: [Full GC (Ergonomics) [PSYoungGen: 97179K->0K(136192K)] [ParOldGen: 318993K->11264K(349696K)] 416172K->11264K(485888K), [Metaspace: 2796K->2796K(1056768K)], 0.0026942 secs] [Times: user=0.00 sys=0.00, real=0.00 secs] 
197.287: [GC (Allocation Failure) [PSYoungGen: 95134K->30720K(129024K)] 208798K->144384K(478720K), 0.0028419 secs] [Times: user=0.00 sys=0.00, real=0.00 secs] 
199.034: [GC (Allocation Failure) [PSYoungGen: 125856K->15360K(134144K)] 393120K->308224K(483840K), 0.0038782 secs] [Times: user=0.00 sys=0.00, real=0.00 secs] 
199.038: [Full GC (Ergonomics) [PSYoungGen: 15360K->0K(134144K)] [ParOldGen: 292864K->92689K(349696K)] 308224K->92689K(483840K), [Metaspace: 2796K->2796K(1056768K)], 0.0076615 secs] [Times: user=0.00 sys=0.00, real=0.01 secs] 
200.143: [GC (Allocation Failure) [PSYoungGen: 88870K->5120K(132096K)] 283960K->200209K(481792K), 0.0007311 secs] [Times: user=0.00 sys=0.00, real=0.00 secs] 
201.783: [Full GC (Ergonomics) [PSYoungGen: 89895K->0K(132096K)] [ParOldGen: 348689K->12288K(349696K)] 438585K->12288K(481792K), [Metaspace: 2796K->2796K(1056768K)], 0.0027218 secs] [Times: user=0.00 sys=0.00, real=0.00 secs] 
204.078: [GC (Allocation Failure) [PSYoungGen: 90920K->10240K(137216K)] 256808K->176128K(486912K), 0.0008365 secs] [Times: user=0.00 sys=0.00, real=0.00 secs] 
205.933: [Full GC (Ergonomics) [PSYoungGen: 105379K->0K(137216K)] [ParOldGen: 319488K->26129K(349696K)] 424867K->26129K(486912K), [Metaspace: 2796K->2796K(1056768K)], 0.0035388 secs] [Times: user=0.00 sys=0.00, real=0.00 secs] 
208.450: [Full GC (Ergonomics) [PSYoungGen: 97187K->0K(137216K)] [ParOldGen: 333329K->56849K(349696K)] 430517K->56849K(486912K), [Metaspace: 2796K->2796K(1056768K)], 0.0057084 secs] [Times: user=0.00 sys=0.00, real=0.00 secs] 
210.312: [GC (Allocation Failure) [PSYoungGen: 95139K->15360K(135168K)] 305589K->225809K(484864K), 0.0014147 secs] [Times: user=0.00 sys=0.00, real=0.00 secs] 
211.516: [Full GC (Ergonomics) [PSYoungGen: 109475K->0K(135168K)] [ParOldGen: 312849K->2048K(349696K)] 422325K->2048K(484864K), [Metaspace: 2796K->2796K(1056768K)], 0.0024509 secs] [Times: user=0.00 sys=0.00, real=0.00 secs] 
213.260: [GC (Allocation Failure) [PSYoungGen: 95139K->26624K(133632K)] 250787K->182272K(483328K), 0.0020093 secs] [Times: user=0.00 sys=0.00, real=0.00 secs] 
214.132: [GC (Allocation Failure) [PSYoungGen: 121763K->10240K(136192K)] 379811K->284672K(485888K), 0.0023216 secs] [Times: user=0.00 sys=0.00, real=0.00 secs] 
216.205: [GC (Allocation Failure) [PSYoungGen: 104356K->15360K(139776K)] 378788K->289792K(489472K), 0.0017415 secs] [Times: user=0.00 sys=0.00, real=0.00 secs] 
216.425: [GC (Allocation Failure) [PSYoungGen: 89091K->20480K(137728K)] 363523K->351232K(487424K), 0.0060716 secs] [Times: user=0.00 sys=0.00, real=0.01 secs] 
216.432: [Full GC (Ergonomics) [PSYoungGen: 20480K->0K(137728K)] [ParOldGen: 330752K->77329K(349696K)] 351232K->77329K(487424K), [Metaspace: 2796K->2796K(1056768K)], 0.0068680 secs] [Times: user=0.00 sys=0.00, real=0.01 secs] 
216.551: [GC (Allocation Failure) [PSYoungGen: 102912K->0K(138240K)] 180241K->179729K(487936K), 0.0161398 secs] [Times: user=0.00 sys=0.00, real=0.02 secs] 
217.770: [GC (Allocation Failure) [PSYoungGen: 74742K->25600K(129024K)] 254472K->205329K(478720K), 0.0022320 secs] [Times: user=0.00 sys=0.00, real=0.00 secs] 
Heap
 PSYoungGen      total 129024K, used 102388K [0x00000000f5580000, 0x0000000100000000, 0x0000000100000000)
  eden space 102912K, 74% used [0x00000000f5580000,0x00000000fa07d240,0x00000000fba00000)
  from space 26112K, 98% used [0x00000000fba00000,0x00000000fd300020,0x00000000fd380000)
  to   space 37888K, 0% used [0x00000000fdb00000,0x00000000fdb00000,0x0000000100000000)
 ParOldGen       total 349696K, used 282129K [0x00000000e0000000, 0x00000000f5580000, 0x00000000f5580000)
  object space 349696K, 80% used [0x00000000e0000000,0x00000000f1384730,0x00000000f5580000)
 Metaspace       used 2804K, capacity 4486K, committed 4864K, reserved 1056768K
  class space    used 297K, capacity 386K, committed 512K, reserved 1048576K
