Java HotSpot(TM) 64-Bit Server VM (25.411-b09) for windows-amd64 JRE (1.8.0_411-b09), built on Mar 13 2024 07:26:13 by "java_re" with MS VC++ 17.1 (VS2022)
Memory: 4k page, physical 33403376k(14377816k free), swap 37153868k(7492136k free)
CommandLine flags: -XX:InitialHeapSize=536870912 -XX:MaxHeapSize=536870912 -XX:NewRatio=2 -XX:ParallelGCThreads=6 -XX:+PrintGC -XX:+PrintGCDetails -XX:+PrintGCTimeStamps -XX:SurvivorRatio=9 -XX:-UseAdaptiveSizePolicy -XX:+UseCompressedClassPointers -XX:+UseCompressedOops -XX:-UseLargePagesIndividualAllocation -XX:+UseParallelGC 
1.964: [GC (Allocation Failure) [PSYoungGen: 140882K->11944K(158720K)] 243282K->114352K(508416K), 0.0028153 secs] [Times: user=0.00 sys=0.00, real=0.00 secs] 
3.744: [GC (Allocation Failure) [PSYoungGen: 153041K->12904K(158720K)] 357849K->222832K(508416K), 0.0032952 secs] [Times: user=0.00 sys=0.00, real=0.00 secs] 
6.065: [GC (Allocation Failure) [PSYoungGen: 155025K->11832K(158720K)] 467353K->329280K(508416K), 0.0020768 secs] [Times: user=0.00 sys=0.00, real=0.00 secs] 
7.162: [GC (Allocation Failure) --[PSYoungGen: 138997K->138997K(158720K)] 456445K->482053K(508416K), 0.0159216 secs] [Times: user=0.00 sys=0.00, real=0.02 secs] 
7.178: [Full GC (Ergonomics) [PSYoungGen: 138997K->0K(158720K)] [ParOldGen: 343056K->92688K(349696K)] 482053K->92688K(508416K), [Metaspace: 2759K->2759K(1056768K)], 0.0116235 secs] [Times: user=0.00 sys=0.00, real=0.01 secs] 
8.505: [GC (Allocation Failure) [PSYoungGen: 141079K->0K(158720K)] 233768K->113168K(508416K), 0.0022031 secs] [Times: user=0.00 sys=0.00, real=0.00 secs] 
9.927: [GC (Allocation Failure) [PSYoungGen: 125705K->5120K(158720K)] 341274K->292369K(508416K), 0.0053616 secs] [Times: user=0.02 sys=0.00, real=0.00 secs] 
9.932: [Full GC (Ergonomics) [PSYoungGen: 5120K->0K(158720K)] [ParOldGen: 287249K->77328K(349696K)] 292369K->77328K(508416K), [Metaspace: 2761K->2761K(1056768K)], 0.0065663 secs] [Times: user=0.00 sys=0.00, real=0.01 secs] 
11.362: [GC (Allocation Failure) [PSYoungGen: 125716K->5120K(158720K)] 305445K->205328K(508416K), 0.0022102 secs] [Times: user=0.00 sys=0.00, real=0.00 secs] 
12.782: [Full GC (Ergonomics) [PSYoungGen: 111292K->0K(158720K)] [ParOldGen: 302608K->26129K(349696K)] 413901K->26129K(508416K), [Metaspace: 2763K->2763K(1056768K)], 0.0030475 secs] [Times: user=0.00 sys=0.00, real=0.00 secs] 
14.201: [GC (Allocation Failure) [PSYoungGen: 125728K->11264K(158720K)] 254257K->160273K(508416K), 0.0026414 secs] [Times: user=0.00 sys=0.00, real=0.00 secs] 
16.713: [GC (Allocation Failure) [PSYoungGen: 147235K->10240K(158720K)] 398644K->261649K(508416K), 0.0011340 secs] [Times: user=0.00 sys=0.00, real=0.00 secs] 
17.149: [GC (Allocation Failure) [PSYoungGen: 105253K->5120K(158720K)] 356662K->328209K(508416K), 0.0053571 secs] [Times: user=0.00 sys=0.00, real=0.01 secs] 
17.154: [Full GC (Ergonomics) [PSYoungGen: 5120K->0K(158720K)] [ParOldGen: 323089K->77329K(349696K)] 328209K->77329K(508416K), [Metaspace: 2768K->2768K(1056768K)], 0.0063904 secs] [Times: user=0.00 sys=0.00, real=0.01 secs] 
18.143: [GC (Allocation Failure) [PSYoungGen: 135966K->10240K(158720K)] 213295K->87569K(508416K), 0.0010024 secs] [Times: user=0.00 sys=0.00, real=0.00 secs] 
19.891: [GC (Allocation Failure) [PSYoungGen: 125709K->5120K(158720K)] 305438K->184849K(508416K), 0.0009904 secs] [Times: user=0.00 sys=0.00, real=0.00 secs] 
21.311: [Full GC (Ergonomics) [PSYoungGen: 130839K->0K(158720K)] [ParOldGen: 282129K->128529K(349696K)] 412968K->128529K(508416K), [Metaspace: 2779K->2779K(1056768K)], 0.0096692 secs] [Times: user=0.00 sys=0.00, real=0.01 secs] 
22.744: [GC (Allocation Failure) [PSYoungGen: 125725K->6144K(158720K)] 356654K->257553K(508416K), 0.0026765 secs] [Times: user=0.00 sys=0.00, real=0.00 secs] 
22.852: [GC (Allocation Failure) [PSYoungGen: 60193K->6144K(158720K)] 311602K->308753K(508416K), 0.0046110 secs] [Times: user=0.00 sys=0.00, real=0.00 secs] 
22.857: [Full GC (Ergonomics) [PSYoungGen: 6144K->0K(158720K)] [ParOldGen: 302609K->165393K(349696K)] 308753K->165393K(508416K), [Metaspace: 2779K->2779K(1056768K)], 0.0053584 secs] [Times: user=0.00 sys=0.00, real=0.01 secs] 
24.072: [GC (Allocation Failure) [PSYoungGen: 130849K->10240K(158720K)] 296242K->185873K(508416K), 0.0017939 secs] [Times: user=0.00 sys=0.00, real=0.00 secs] 
25.491: [Full GC (Ergonomics) [PSYoungGen: 135950K->0K(158720K)] [ParOldGen: 278033K->26129K(349696K)] 413983K->26129K(508416K), [Metaspace: 2779K->2779K(1056768K)], 0.0037016 secs] [Times: user=0.00 sys=0.00, real=0.00 secs] 
26.910: [GC (Allocation Failure) [PSYoungGen: 125719K->15360K(158720K)] 254248K->143889K(508416K), 0.0017230 secs] [Times: user=0.00 sys=0.00, real=0.00 secs] 
28.875: [GC (Allocation Failure) [PSYoungGen: 157049K->6176K(158720K)] 387978K->288313K(508416K), 0.0046323 secs] [Times: user=0.00 sys=0.00, real=0.00 secs] 
28.879: [Full GC (Ergonomics) [PSYoungGen: 6176K->0K(158720K)] [ParOldGen: 282137K->57873K(349696K)] 288313K->57873K(508416K), [Metaspace: 2793K->2793K(1056768K)], 0.0052307 secs] [Times: user=0.00 sys=0.00, real=0.01 secs] 
30.623: [GC (Allocation Failure) [PSYoungGen: 141089K->10240K(158720K)] 301363K->170513K(508416K), 0.0009510 secs] [Times: user=0.00 sys=0.00, real=0.00 secs] 
32.260: [GC (Allocation Failure) [PSYoungGen: 151332K->6144K(158720K)] 311605K->166417K(508416K), 0.0008171 secs] [Times: user=0.00 sys=0.00, real=0.00 secs] 
33.898: [GC (Allocation Failure) [PSYoungGen: 147232K->12288K(158720K)] 409905K->290321K(508416K), 0.0019005 secs] [Times: user=0.00 sys=0.00, real=0.00 secs] 
33.900: [Full GC (Ergonomics) [PSYoungGen: 12288K->0K(158720K)] [ParOldGen: 278033K->17937K(349696K)] 290321K->17937K(508416K), [Metaspace: 2793K->2793K(1056768K)], 0.0030471 secs] [Times: user=0.00 sys=0.00, real=0.00 secs] 
35.532: [GC (Allocation Failure) [PSYoungGen: 130851K->10240K(158720K)] 251188K->151057K(508416K), 0.0025367 secs] [Times: user=0.00 sys=0.00, real=0.00 secs] 
36.956: [GC (Allocation Failure) [PSYoungGen: 135973K->15360K(158720K)] 379190K->299537K(508416K), 0.0031517 secs] [Times: user=0.00 sys=0.00, real=0.00 secs] 
36.959: [Full GC (Ergonomics) [PSYoungGen: 15360K->0K(158720K)] [ParOldGen: 284177K->36369K(349696K)] 299537K->36369K(508416K), [Metaspace: 2793K->2793K(1056768K)], 0.0039139 secs] [Times: user=0.00 sys=0.00, real=0.00 secs] 
38.381: [GC (Allocation Failure) [PSYoungGen: 125734K->5120K(158720K)] 264504K->164369K(508416K), 0.0025141 secs] [Times: user=0.00 sys=0.00, real=0.00 secs] 
39.801: [GC (Allocation Failure) [PSYoungGen: 120615K->5120K(158720K)] 279864K->184849K(508416K), 0.0021400 secs] [Times: user=0.00 sys=0.00, real=0.00 secs] 
41.220: [Full GC (Ergonomics) [PSYoungGen: 130849K->0K(158720K)] [ParOldGen: 282129K->133649K(349696K)] 412978K->133649K(508416K), [Metaspace: 2793K->2793K(1056768K)], 0.0104003 secs] [Times: user=0.00 sys=0.00, real=0.01 secs] 
43.961: [GC (Allocation Failure) [PSYoungGen: 138020K->11264K(158720K)] 374069K->257553K(508416K), 0.0017971 secs] [Times: user=0.00 sys=0.00, real=0.00 secs] 
45.380: [Full GC (Ergonomics) [PSYoungGen: 136997K->0K(158720K)] [ParOldGen: 348689K->27648K(349696K)] 485687K->27648K(508416K), [Metaspace: 2795K->2795K(1056768K)], 0.0036407 secs] [Times: user=0.00 sys=0.00, real=0.00 secs] 
46.903: [GC (Allocation Failure) [PSYoungGen: 115494K->0K(158720K)] 245542K->171008K(508416K), 0.0023885 secs] [Times: user=0.00 sys=0.00, real=0.00 secs] 
48.320: [GC (Allocation Failure) [PSYoungGen: 125735K->5120K(158720K)] 399143K->299008K(508416K), 0.0023690 secs] [Times: user=0.00 sys=0.00, real=0.00 secs] 
48.322: [Full GC (Ergonomics) [PSYoungGen: 5120K->0K(158720K)] [ParOldGen: 293888K->46609K(349696K)] 299008K->46609K(508416K), [Metaspace: 2795K->2795K(1056768K)], 0.0043886 secs] [Times: user=0.00 sys=0.00, real=0.00 secs] 
49.739: [GC (Allocation Failure) [PSYoungGen: 125736K->5120K(158720K)] 274745K->225809K(508416K), 0.0055844 secs] [Times: user=0.00 sys=0.00, real=0.00 secs] 
51.158: [Full GC (Ergonomics) [PSYoungGen: 115496K->0K(158720K)] [ParOldGen: 323089K->26624K(349696K)] 438585K->26624K(508416K), [Metaspace: 2795K->2795K(1056768K)], 0.0033295 secs] [Times: user=0.00 sys=0.00, real=0.00 secs] 
52.579: [GC (Allocation Failure) [PSYoungGen: 125736K->6144K(158720K)] 254760K->155648K(508416K), 0.0024065 secs] [Times: user=0.00 sys=0.00, real=0.00 secs] 
55.197: [GC (Allocation Failure) [PSYoungGen: 143144K->15360K(158720K)] 395049K->267264K(508416K), 0.0016225 secs] [Times: user=0.00 sys=0.00, real=0.00 secs] 
55.523: [GC (Allocation Failure) [PSYoungGen: 100136K->15360K(158720K)] 352040K->318464K(508416K), 0.0050530 secs] [Times: user=0.00 sys=0.00, real=0.00 secs] 
55.528: [Full GC (Ergonomics) [PSYoungGen: 15360K->0K(158720K)] [ParOldGen: 303104K->67089K(349696K)] 318464K->67089K(508416K), [Metaspace: 2795K->2795K(1056768K)], 0.0057747 secs] [Times: user=0.00 sys=0.00, real=0.01 secs] 
56.522: [GC (Allocation Failure) [PSYoungGen: 135967K->10240K(158720K)] 203056K->77329K(508416K), 0.0010049 secs] [Times: user=0.00 sys=0.00, real=0.00 secs] 
58.264: [GC (Allocation Failure) [PSYoungGen: 141069K->0K(158720K)] 310559K->189969K(508416K), 0.0020290 secs] [Times: user=0.00 sys=0.00, real=0.00 secs] 
59.682: [Full GC (Ergonomics) [PSYoungGen: 125719K->0K(158720K)] [ParOldGen: 292369K->77824K(349696K)] 418088K->77824K(508416K), [Metaspace: 2796K->2796K(1056768K)], 0.0064989 secs] [Times: user=0.00 sys=0.00, real=0.01 secs] 
61.101: [GC (Allocation Failure) [PSYoungGen: 125725K->5120K(158720K)] 305949K->205824K(508416K), 0.0021093 secs] [Times: user=0.00 sys=0.00, real=0.00 secs] 
62.519: [Full GC (Ergonomics) [PSYoungGen: 110369K->0K(158720K)] [ParOldGen: 303104K->26624K(349696K)] 413473K->26624K(508416K), [Metaspace: 2796K->2796K(1056768K)], 0.0035312 secs] [Times: user=0.00 sys=0.00, real=0.00 secs] 
63.938: [GC (Allocation Failure) [PSYoungGen: 125732K->11264K(158720K)] 254756K->160768K(508416K), 0.0024224 secs] [Times: user=0.00 sys=0.00, real=0.00 secs] 
66.447: [GC (Allocation Failure) [PSYoungGen: 147238K->10240K(158720K)] 399142K->262144K(508416K), 0.0010355 secs] [Times: user=0.00 sys=0.00, real=0.00 secs] 
66.885: [GC (Allocation Failure) [PSYoungGen: 105255K->5120K(158720K)] 357159K->328704K(508416K), 0.0057724 secs] [Times: user=0.00 sys=0.00, real=0.01 secs] 
66.891: [Full GC (Ergonomics) [PSYoungGen: 5120K->0K(158720K)] [ParOldGen: 323584K->77329K(349696K)] 328704K->77329K(508416K), [Metaspace: 2796K->2796K(1056768K)], 0.0066528 secs] [Times: user=0.00 sys=0.00, real=0.01 secs] 
67.883: [GC (Allocation Failure) [PSYoungGen: 135967K->10240K(158720K)] 213296K->87569K(508416K), 0.0011386 secs] [Times: user=0.00 sys=0.00, real=0.00 secs] 
69.631: [GC (Allocation Failure) [PSYoungGen: 125709K->5120K(158720K)] 305439K->184849K(508416K), 0.0008791 secs] [Times: user=0.00 sys=0.00, real=0.00 secs] 
71.052: [Full GC (Ergonomics) [PSYoungGen: 130839K->0K(158720K)] [ParOldGen: 282129K->128529K(349696K)] 412968K->128529K(508416K), [Metaspace: 2796K->2796K(1056768K)], 0.0094173 secs] [Times: user=0.00 sys=0.00, real=0.01 secs] 
72.490: [GC (Allocation Failure) [PSYoungGen: 125725K->6144K(158720K)] 356654K->257553K(508416K), 0.0024100 secs] [Times: user=0.00 sys=0.00, real=0.00 secs] 
72.600: [GC (Allocation Failure) [PSYoungGen: 60193K->6144K(158720K)] 311602K->308753K(508416K), 0.0046377 secs] [Times: user=0.00 sys=0.00, real=0.01 secs] 
72.605: [Full GC (Ergonomics) [PSYoungGen: 6144K->0K(158720K)] [ParOldGen: 302609K->165393K(349696K)] 308753K->165393K(508416K), [Metaspace: 2796K->2796K(1056768K)], 0.0051862 secs] [Times: user=0.00 sys=0.00, real=0.00 secs] 
73.815: [GC (Allocation Failure) [PSYoungGen: 130849K->10240K(158720K)] 296242K->185873K(508416K), 0.0017087 secs] [Times: user=0.00 sys=0.00, real=0.00 secs] 
75.236: [Full GC (Ergonomics) [PSYoungGen: 135950K->0K(158720K)] [ParOldGen: 278033K->26624K(349696K)] 413983K->26624K(508416K), [Metaspace: 2796K->2796K(1056768K)], 0.0033731 secs] [Times: user=0.00 sys=0.00, real=0.00 secs] 
76.654: [GC (Allocation Failure) [PSYoungGen: 125719K->15360K(158720K)] 254743K->144384K(508416K), 0.0015434 secs] [Times: user=0.00 sys=0.00, real=0.00 secs] 
78.622: [GC (Allocation Failure) [PSYoungGen: 156445K->6144K(158720K)] 387869K->288768K(508416K), 0.0050561 secs] [Times: user=0.00 sys=0.00, real=0.00 secs] 
78.627: [Full GC (Ergonomics) [PSYoungGen: 6144K->0K(158720K)] [ParOldGen: 282624K->57873K(349696K)] 288768K->57873K(508416K), [Metaspace: 2796K->2796K(1056768K)], 0.0053454 secs] [Times: user=0.00 sys=0.00, real=0.01 secs] 
80.386: [GC (Allocation Failure) [PSYoungGen: 141089K->10240K(158720K)] 301363K->170513K(508416K), 0.0010756 secs] [Times: user=0.00 sys=0.00, real=0.00 secs] 
82.022: [GC (Allocation Failure) [PSYoungGen: 151332K->6144K(158720K)] 311605K->166417K(508416K), 0.0008377 secs] [Times: user=0.00 sys=0.00, real=0.00 secs] 
83.658: [GC (Allocation Failure) [PSYoungGen: 147232K->12288K(158720K)] 409905K->290321K(508416K), 0.0016771 secs] [Times: user=0.00 sys=0.00, real=0.00 secs] 
83.659: [Full GC (Ergonomics) [PSYoungGen: 12288K->0K(158720K)] [ParOldGen: 278033K->17937K(349696K)] 290321K->17937K(508416K), [Metaspace: 2796K->2796K(1056768K)], 0.0028246 secs] [Times: user=0.00 sys=0.00, real=0.00 secs] 
85.296: [GC (Allocation Failure) [PSYoungGen: 130851K->10240K(158720K)] 251188K->151057K(508416K), 0.0025293 secs] [Times: user=0.00 sys=0.00, real=0.00 secs] 
86.716: [GC (Allocation Failure) [PSYoungGen: 135973K->15360K(158720K)] 379190K->299537K(508416K), 0.0030949 secs] [Times: user=0.00 sys=0.00, real=0.00 secs] 
86.719: [Full GC (Ergonomics) [PSYoungGen: 15360K->0K(158720K)] [ParOldGen: 284177K->36369K(349696K)] 299537K->36369K(508416K), [Metaspace: 2796K->2796K(1056768K)], 0.0038996 secs] [Times: user=0.00 sys=0.00, real=0.00 secs] 
88.153: [GC (Allocation Failure) [PSYoungGen: 125734K->5120K(158720K)] 264504K->164369K(508416K), 0.0023950 secs] [Times: user=0.00 sys=0.00, real=0.00 secs] 
89.578: [GC (Allocation Failure) [PSYoungGen: 120615K->5120K(158720K)] 279864K->184849K(508416K), 0.0023118 secs] [Times: user=0.00 sys=0.00, real=0.00 secs] 
91.001: [Full GC (Ergonomics) [PSYoungGen: 130849K->0K(158720K)] [ParOldGen: 282129K->133649K(349696K)] 412978K->133649K(508416K), [Metaspace: 2796K->2796K(1056768K)], 0.0102312 secs] [Times: user=0.02 sys=0.00, real=0.01 secs] 
93.752: [GC (Allocation Failure) [PSYoungGen: 138020K->11264K(158720K)] 374069K->257553K(508416K), 0.0018058 secs] [Times: user=0.00 sys=0.00, real=0.00 secs] 
95.169: [Full GC (Ergonomics) [PSYoungGen: 136997K->0K(158720K)] [ParOldGen: 348689K->27648K(349696K)] 485687K->27648K(508416K), [Metaspace: 2796K->2796K(1056768K)], 0.0037071 secs] [Times: user=0.00 sys=0.00, real=0.00 secs] 
96.697: [GC (Allocation Failure) [PSYoungGen: 115494K->0K(158720K)] 245542K->171008K(508416K), 0.0021355 secs] [Times: user=0.00 sys=0.00, real=0.00 secs] 
98.112: [GC (Allocation Failure) [PSYoungGen: 125735K->5120K(158720K)] 399143K->299008K(508416K), 0.0026289 secs] [Times: user=0.00 sys=0.00, real=0.00 secs] 
98.115: [Full GC (Ergonomics) [PSYoungGen: 5120K->0K(158720K)] [ParOldGen: 293888K->46609K(349696K)] 299008K->46609K(508416K), [Metaspace: 2796K->2796K(1056768K)], 0.0049225 secs] [Times: user=0.00 sys=0.00, real=0.00 secs] 
99.546: [GC (Allocation Failure) [PSYoungGen: 125736K->5120K(158720K)] 274745K->225809K(508416K), 0.0052431 secs] [Times: user=0.00 sys=0.00, real=0.00 secs] 
100.969: [Full GC (Ergonomics) [PSYoungGen: 115496K->0K(158720K)] [ParOldGen: 323089K->26624K(349696K)] 438585K->26624K(508416K), [Metaspace: 2796K->2796K(1056768K)], 0.0032583 secs] [Times: user=0.00 sys=0.00, real=0.00 secs] 
102.390: [GC (Allocation Failure) [PSYoungGen: 125736K->6144K(158720K)] 254760K->155648K(508416K), 0.0022017 secs] [Times: user=0.00 sys=0.00, real=0.00 secs] 
105.009: [GC (Allocation Failure) [PSYoungGen: 143144K->15360K(158720K)] 395049K->267264K(508416K), 0.0016980 secs] [Times: user=0.00 sys=0.00, real=0.00 secs] 
105.334: [GC (Allocation Failure) [PSYoungGen: 100136K->15360K(158720K)] 352040K->318464K(508416K), 0.0056902 secs] [Times: user=0.00 sys=0.00, real=0.01 secs] 
105.340: [Full GC (Ergonomics) [PSYoungGen: 15360K->0K(158720K)] [ParOldGen: 303104K->67089K(349696K)] 318464K->67089K(508416K), [Metaspace: 2796K->2796K(1056768K)], 0.0062913 secs] [Times: user=0.00 sys=0.00, real=0.01 secs] 
106.334: [GC (Allocation Failure) [PSYoungGen: 135967K->10240K(158720K)] 203056K->77329K(508416K), 0.0009675 secs] [Times: user=0.00 sys=0.00, real=0.00 secs] 
108.080: [GC (Allocation Failure) [PSYoungGen: 141069K->0K(158720K)] 310559K->189969K(508416K), 0.0021367 secs] [Times: user=0.00 sys=0.00, real=0.00 secs] 
109.501: [Full GC (Ergonomics) [PSYoungGen: 125719K->0K(158720K)] [ParOldGen: 292369K->77824K(349696K)] 418088K->77824K(508416K), [Metaspace: 2796K->2796K(1056768K)], 0.0063934 secs] [Times: user=0.00 sys=0.00, real=0.01 secs] 
110.927: [GC (Allocation Failure) [PSYoungGen: 125725K->5120K(158720K)] 305949K->205824K(508416K), 0.0022929 secs] [Times: user=0.00 sys=0.00, real=0.00 secs] 
112.346: [Full GC (Ergonomics) [PSYoungGen: 110369K->0K(158720K)] [ParOldGen: 303104K->26624K(349696K)] 413473K->26624K(508416K), [Metaspace: 2796K->2796K(1056768K)], 0.0036694 secs] [Times: user=0.02 sys=0.00, real=0.00 secs] 
113.761: [GC (Allocation Failure) [PSYoungGen: 125732K->11264K(158720K)] 254756K->160768K(508416K), 0.0024952 secs] [Times: user=0.00 sys=0.00, real=0.00 secs] 
116.282: [GC (Allocation Failure) [PSYoungGen: 147238K->10240K(158720K)] 399142K->262144K(508416K), 0.0012577 secs] [Times: user=0.00 sys=0.00, real=0.00 secs] 
116.719: [GC (Allocation Failure) [PSYoungGen: 105255K->5120K(158720K)] 357159K->328704K(508416K), 0.0054919 secs] [Times: user=0.00 sys=0.00, real=0.00 secs] 
116.724: [Full GC (Ergonomics) [PSYoungGen: 5120K->0K(158720K)] [ParOldGen: 323584K->77329K(349696K)] 328704K->77329K(508416K), [Metaspace: 2796K->2796K(1056768K)], 0.0066581 secs] [Times: user=0.00 sys=0.00, real=0.01 secs] 
117.712: [GC (Allocation Failure) [PSYoungGen: 135967K->10240K(158720K)] 213296K->87569K(508416K), 0.0009911 secs] [Times: user=0.00 sys=0.00, real=0.00 secs] 
119.460: [GC (Allocation Failure) [PSYoungGen: 125709K->5120K(158720K)] 305439K->184849K(508416K), 0.0007442 secs] [Times: user=0.00 sys=0.00, real=0.00 secs] 
120.882: [Full GC (Ergonomics) [PSYoungGen: 130839K->0K(158720K)] [ParOldGen: 282129K->128529K(349696K)] 412968K->128529K(508416K), [Metaspace: 2796K->2796K(1056768K)], 0.0099219 secs] [Times: user=0.00 sys=0.00, real=0.01 secs] 
122.316: [GC (Allocation Failure) [PSYoungGen: 125725K->6144K(158720K)] 356654K->257553K(508416K), 0.0027648 secs] [Times: user=0.00 sys=0.00, real=0.00 secs] 
122.425: [GC (Allocation Failure) [PSYoungGen: 60193K->6144K(158720K)] 311602K->308753K(508416K), 0.0047035 secs] [Times: user=0.00 sys=0.00, real=0.01 secs] 
122.430: [Full GC (Ergonomics) [PSYoungGen: 6144K->0K(158720K)] [ParOldGen: 302609K->165393K(349696K)] 308753K->165393K(508416K), [Metaspace: 2796K->2796K(1056768K)], 0.0052077 secs] [Times: user=0.00 sys=0.00, real=0.01 secs] 
123.642: [GC (Allocation Failure) [PSYoungGen: 130849K->10240K(158720K)] 296242K->185873K(508416K), 0.0017071 secs] [Times: user=0.00 sys=0.00, real=0.00 secs] 
125.058: [Full GC (Ergonomics) [PSYoungGen: 135950K->0K(158720K)] [ParOldGen: 278033K->26129K(349696K)] 413983K->26129K(508416K), [Metaspace: 2796K->2796K(1056768K)], 0.0035079 secs] [Times: user=0.00 sys=0.00, real=0.00 secs] 
126.478: [GC (Allocation Failure) [PSYoungGen: 125719K->15360K(158720K)] 254249K->143889K(508416K), 0.0014756 secs] [Times: user=0.00 sys=0.00, real=0.00 secs] 
128.442: [GC (Allocation Failure) [PSYoungGen: 156445K->6144K(158720K)] 387375K->288273K(508416K), 0.0047290 secs] [Times: user=0.01 sys=0.00, real=0.00 secs] 
128.447: [Full GC (Ergonomics) [PSYoungGen: 6144K->0K(158720K)] [ParOldGen: 282129K->57873K(349696K)] 288273K->57873K(508416K), [Metaspace: 2796K->2796K(1056768K)], 0.0053041 secs] [Times: user=0.00 sys=0.00, real=0.00 secs] 
130.201: [GC (Allocation Failure) [PSYoungGen: 141089K->10240K(158720K)] 301363K->170513K(508416K), 0.0008778 secs] [Times: user=0.00 sys=0.00, real=0.00 secs] 
131.844: [GC (Allocation Failure) [PSYoungGen: 151332K->6144K(158720K)] 311605K->166417K(508416K), 0.0008516 secs] [Times: user=0.00 sys=0.00, real=0.00 secs] 
133.479: [Full GC (Ergonomics) [PSYoungGen: 147232K->0K(158720K)] [ParOldGen: 262673K->18432K(349696K)] 409905K->18432K(508416K), [Metaspace: 2796K->2796K(1056768K)], 0.0030573 secs] [Times: user=0.00 sys=0.00, real=0.00 secs] 
135.116: [GC (Allocation Failure) [PSYoungGen: 130851K->10240K(158720K)] 251683K->151552K(508416K), 0.0025292 secs] [Times: user=0.00 sys=0.00, real=0.00 secs] 
136.531: [GC (Allocation Failure) [PSYoungGen: 135973K->15360K(158720K)] 379685K->300032K(508416K), 0.0032093 secs] [Times: user=0.00 sys=0.00, real=0.00 secs] 
136.534: [Full GC (Ergonomics) [PSYoungGen: 15360K->0K(158720K)] [ParOldGen: 284672K->36369K(349696K)] 300032K->36369K(508416K), [Metaspace: 2796K->2796K(1056768K)], 0.0037680 secs] [Times: user=0.02 sys=0.00, real=0.00 secs] 
137.951: [GC (Allocation Failure) [PSYoungGen: 125734K->5120K(158720K)] 264504K->164369K(508416K), 0.0023855 secs] [Times: user=0.00 sys=0.00, real=0.00 secs] 
139.372: [GC (Allocation Failure) [PSYoungGen: 120615K->5120K(158720K)] 279864K->184849K(508416K), 0.0021348 secs] [Times: user=0.00 sys=0.00, real=0.00 secs] 
140.791: [Full GC (Ergonomics) [PSYoungGen: 130849K->0K(158720K)] [ParOldGen: 282129K->133649K(349696K)] 412978K->133649K(508416K), [Metaspace: 2796K->2796K(1056768K)], 0.0103572 secs] [Times: user=0.00 sys=0.00, real=0.01 secs] 
143.538: [GC (Allocation Failure) [PSYoungGen: 138020K->11264K(158720K)] 374069K->257553K(508416K), 0.0017916 secs] [Times: user=0.00 sys=0.00, real=0.00 secs] 
144.958: [Full GC (Ergonomics) [PSYoungGen: 136997K->0K(158720K)] [ParOldGen: 348689K->27648K(349696K)] 485687K->27648K(508416K), [Metaspace: 2796K->2796K(1056768K)], 0.0036972 secs] [Times: user=0.00 sys=0.00, real=0.00 secs] 
146.487: [GC (Allocation Failure) [PSYoungGen: 115494K->0K(158720K)] 245542K->171008K(508416K), 0.0023192 secs] [Times: user=0.00 sys=0.00, real=0.00 secs] 
147.904: [Full GC (Ergonomics) [PSYoungGen: 125735K->0K(158720K)] [ParOldGen: 273408K->46609K(349696K)] 399143K->46609K(508416K), [Metaspace: 2796K->2796K(1056768K)], 0.0046651 secs] [Times: user=0.00 sys=0.00, real=0.00 secs] 
149.325: [GC (Allocation Failure) [PSYoungGen: 125736K->5120K(158720K)] 274745K->225809K(508416K), 0.0057355 secs] [Times: user=0.00 sys=0.00, real=0.01 secs] 
150.743: [Full GC (Ergonomics) [PSYoungGen: 115496K->0K(158720K)] [ParOldGen: 323089K->26624K(349696K)] 438585K->26624K(508416K), [Metaspace: 2796K->2796K(1056768K)], 0.0035404 secs] [Times: user=0.00 sys=0.00, real=0.00 secs] 
152.162: [GC (Allocation Failure) [PSYoungGen: 125736K->6144K(158720K)] 254760K->155648K(508416K), 0.0022826 secs] [Times: user=0.00 sys=0.00, real=0.00 secs] 
154.784: [GC (Allocation Failure) [PSYoungGen: 143144K->15360K(158720K)] 395049K->267264K(508416K), 0.0015753 secs] [Times: user=0.00 sys=0.00, real=0.00 secs] 
155.110: [GC (Allocation Failure) [PSYoungGen: 100136K->15360K(158720K)] 352040K->318464K(508416K), 0.0049229 secs] [Times: user=0.00 sys=0.00, real=0.00 secs] 
155.115: [Full GC (Ergonomics) [PSYoungGen: 15360K->0K(158720K)] [ParOldGen: 303104K->67089K(349696K)] 318464K->67089K(508416K), [Metaspace: 2796K->2796K(1056768K)], 0.0060423 secs] [Times: user=0.00 sys=0.00, real=0.01 secs] 
156.109: [GC (Allocation Failure) [PSYoungGen: 135967K->10240K(158720K)] 203056K->77329K(508416K), 0.0011448 secs] [Times: user=0.00 sys=0.00, real=0.00 secs] 
157.856: [GC (Allocation Failure) [PSYoungGen: 141069K->0K(158720K)] 310559K->189969K(508416K), 0.0021207 secs] [Times: user=0.00 sys=0.00, real=0.00 secs] 
159.273: [Full GC (Ergonomics) [PSYoungGen: 125719K->0K(158720K)] [ParOldGen: 292369K->77824K(349696K)] 418088K->77824K(508416K), [Metaspace: 2796K->2796K(1056768K)], 0.0065284 secs] [Times: user=0.00 sys=0.00, real=0.01 secs] 
160.698: [GC (Allocation Failure) [PSYoungGen: 125725K->5120K(158720K)] 305949K->205824K(508416K), 0.0021472 secs] [Times: user=0.00 sys=0.00, real=0.00 secs] 
162.116: [Full GC (Ergonomics) [PSYoungGen: 110369K->0K(158720K)] [ParOldGen: 303104K->26129K(349696K)] 413473K->26129K(508416K), [Metaspace: 2796K->2796K(1056768K)], 0.0034545 secs] [Times: user=0.00 sys=0.00, real=0.00 secs] 
163.537: [GC (Allocation Failure) [PSYoungGen: 125732K->11264K(158720K)] 254261K->160273K(508416K), 0.0024244 secs] [Times: user=0.00 sys=0.00, real=0.00 secs] 
166.046: [GC (Allocation Failure) [PSYoungGen: 147238K->10240K(158720K)] 398647K->261649K(508416K), 0.0010006 secs] [Times: user=0.00 sys=0.00, real=0.00 secs] 
166.484: [GC (Allocation Failure) [PSYoungGen: 105255K->5120K(158720K)] 356664K->328209K(508416K), 0.0055389 secs] [Times: user=0.00 sys=0.00, real=0.01 secs] 
166.489: [Full GC (Ergonomics) [PSYoungGen: 5120K->0K(158720K)] [ParOldGen: 323089K->77329K(349696K)] 328209K->77329K(508416K), [Metaspace: 2796K->2796K(1056768K)], 0.0065759 secs] [Times: user=0.00 sys=0.00, real=0.01 secs] 
167.483: [GC (Allocation Failure) [PSYoungGen: 135967K->10240K(158720K)] 213296K->87569K(508416K), 0.0010793 secs] [Times: user=0.00 sys=0.00, real=0.00 secs] 
169.228: [GC (Allocation Failure) [PSYoungGen: 125709K->5120K(158720K)] 305439K->184849K(508416K), 0.0008275 secs] [Times: user=0.00 sys=0.00, real=0.00 secs] 
170.647: [Full GC (Ergonomics) [PSYoungGen: 130839K->0K(158720K)] [ParOldGen: 282129K->128529K(349696K)] 412968K->128529K(508416K), [Metaspace: 2796K->2796K(1056768K)], 0.0097280 secs] [Times: user=0.00 sys=0.00, real=0.01 secs] 
172.082: [GC (Allocation Failure) [PSYoungGen: 125725K->6144K(158720K)] 356654K->257553K(508416K), 0.0022861 secs] [Times: user=0.00 sys=0.00, real=0.00 secs] 
172.191: [GC (Allocation Failure) [PSYoungGen: 60193K->6144K(158720K)] 311602K->308753K(508416K), 0.0046584 secs] [Times: user=0.00 sys=0.00, real=0.00 secs] 
172.196: [Full GC (Ergonomics) [PSYoungGen: 6144K->0K(158720K)] [ParOldGen: 302609K->165393K(349696K)] 308753K->165393K(508416K), [Metaspace: 2796K->2796K(1056768K)], 0.0050776 secs] [Times: user=0.00 sys=0.00, real=0.00 secs] 
173.407: [GC (Allocation Failure) [PSYoungGen: 130849K->10240K(158720K)] 296242K->185873K(508416K), 0.0017516 secs] [Times: user=0.00 sys=0.00, real=0.00 secs] 
174.826: [Full GC (Ergonomics) [PSYoungGen: 135950K->0K(158720K)] [ParOldGen: 278033K->26129K(349696K)] 413983K->26129K(508416K), [Metaspace: 2796K->2796K(1056768K)], 0.0035066 secs] [Times: user=0.00 sys=0.00, real=0.00 secs] 
176.245: [GC (Allocation Failure) [PSYoungGen: 125719K->15360K(158720K)] 254249K->143889K(508416K), 0.0014602 secs] [Times: user=0.00 sys=0.00, real=0.00 secs] 
178.218: [GC (Allocation Failure) [PSYoungGen: 156445K->6144K(158720K)] 387375K->288273K(508416K), 0.0045391 secs] [Times: user=0.00 sys=0.00, real=0.00 secs] 
178.223: [Full GC (Ergonomics) [PSYoungGen: 6144K->0K(158720K)] [ParOldGen: 282129K->57873K(349696K)] 288273K->57873K(508416K), [Metaspace: 2796K->2796K(1056768K)], 0.0056273 secs] [Times: user=0.00 sys=0.00, real=0.00 secs] 
179.963: [GC (Allocation Failure) [PSYoungGen: 141089K->10240K(158720K)] 301363K->170513K(508416K), 0.0010268 secs] [Times: user=0.00 sys=0.00, real=0.00 secs] 
181.602: [GC (Allocation Failure) [PSYoungGen: 151332K->6144K(158720K)] 311605K->166417K(508416K), 0.0008385 secs] [Times: user=0.00 sys=0.00, real=0.00 secs] 
183.243: [Full GC (Ergonomics) [PSYoungGen: 147232K->0K(158720K)] [ParOldGen: 262673K->18432K(349696K)] 409905K->18432K(508416K), [Metaspace: 2796K->2796K(1056768K)], 0.0029137 secs] [Times: user=0.00 sys=0.00, real=0.00 secs] 
184.877: [GC (Allocation Failure) [PSYoungGen: 130851K->10240K(158720K)] 251683K->151552K(508416K), 0.0025490 secs] [Times: user=0.00 sys=0.00, real=0.00 secs] 
186.297: [GC (Allocation Failure) [PSYoungGen: 135973K->15360K(158720K)] 379685K->300032K(508416K), 0.0032443 secs] [Times: user=0.00 sys=0.00, real=0.00 secs] 
186.300: [Full GC (Ergonomics) [PSYoungGen: 15360K->0K(158720K)] [ParOldGen: 284672K->36369K(349696K)] 300032K->36369K(508416K), [Metaspace: 2796K->2796K(1056768K)], 0.0039321 secs] [Times: user=0.00 sys=0.00, real=0.00 secs] 
187.721: [GC (Allocation Failure) [PSYoungGen: 125734K->5120K(158720K)] 264504K->164369K(508416K), 0.0024023 secs] [Times: user=0.00 sys=0.00, real=0.00 secs] 
189.140: [GC (Allocation Failure) [PSYoungGen: 120615K->5120K(158720K)] 279864K->184849K(508416K), 0.0021249 secs] [Times: user=0.00 sys=0.00, real=0.00 secs] 
190.561: [Full GC (Ergonomics) [PSYoungGen: 130849K->0K(158720K)] [ParOldGen: 282129K->133649K(349696K)] 412978K->133649K(508416K), [Metaspace: 2796K->2796K(1056768K)], 0.0101753 secs] [Times: user=0.02 sys=0.00, real=0.01 secs] 
193.305: [GC (Allocation Failure) [PSYoungGen: 138020K->11296K(158720K)] 374069K->257585K(508416K), 0.0016648 secs] [Times: user=0.00 sys=0.00, real=0.00 secs] 
194.728: [Full GC (Ergonomics) [PSYoungGen: 137029K->0K(158720K)] [ParOldGen: 348689K->27648K(349696K)] 485719K->27648K(508416K), [Metaspace: 2796K->2796K(1056768K)], 0.0036034 secs] [Times: user=0.00 sys=0.00, real=0.00 secs] 
196.257: [GC (Allocation Failure) [PSYoungGen: 115494K->0K(158720K)] 245543K->171008K(508416K), 0.0024068 secs] [Times: user=0.00 sys=0.00, real=0.00 secs] 
197.676: [Full GC (Ergonomics) [PSYoungGen: 125735K->0K(158720K)] [ParOldGen: 273408K->46609K(349696K)] 399144K->46609K(508416K), [Metaspace: 2796K->2796K(1056768K)], 0.0048712 secs] [Times: user=0.05 sys=0.00, real=0.00 secs] 
199.096: [GC (Allocation Failure) [PSYoungGen: 125736K->5120K(158720K)] 274745K->225809K(508416K), 0.0058396 secs] [Times: user=0.00 sys=0.00, real=0.01 secs] 
200.516: [Full GC (Ergonomics) [PSYoungGen: 115496K->0K(158720K)] [ParOldGen: 323089K->26624K(349696K)] 438586K->26624K(508416K), [Metaspace: 2796K->2796K(1056768K)], 0.0037125 secs] [Times: user=0.00 sys=0.00, real=0.00 secs] 
201.939: [GC (Allocation Failure) [PSYoungGen: 125736K->6144K(158720K)] 254760K->155648K(508416K), 0.0022293 secs] [Times: user=0.00 sys=0.00, real=0.00 secs] 
204.562: [GC (Allocation Failure) [PSYoungGen: 143144K->15360K(158720K)] 395049K->267264K(508416K), 0.0014497 secs] [Times: user=0.00 sys=0.00, real=0.00 secs] 
204.888: [GC (Allocation Failure) [PSYoungGen: 100136K->15360K(158720K)] 352040K->318464K(508416K), 0.0054817 secs] [Times: user=0.00 sys=0.00, real=0.00 secs] 
204.894: [Full GC (Ergonomics) [PSYoungGen: 15360K->0K(158720K)] [ParOldGen: 303104K->67089K(349696K)] 318464K->67089K(508416K), [Metaspace: 2796K->2796K(1056768K)], 0.0059674 secs] [Times: user=0.02 sys=0.00, real=0.01 secs] 
205.884: [GC (Allocation Failure) [PSYoungGen: 135967K->10240K(158720K)] 203057K->77329K(508416K), 0.0009993 secs] [Times: user=0.00 sys=0.00, real=0.00 secs] 
207.630: [GC (Allocation Failure) [PSYoungGen: 141069K->0K(158720K)] 310559K->189969K(508416K), 0.0023135 secs] [Times: user=0.00 sys=0.00, real=0.00 secs] 
209.045: [Full GC (Ergonomics) [PSYoungGen: 125719K->0K(158720K)] [ParOldGen: 292369K->77824K(349696K)] 418089K->77824K(508416K), [Metaspace: 2796K->2796K(1056768K)], 0.0062867 secs] [Times: user=0.00 sys=0.00, real=0.01 secs] 
210.468: [GC (Allocation Failure) [PSYoungGen: 125725K->5120K(158720K)] 305949K->205824K(508416K), 0.0022556 secs] [Times: user=0.00 sys=0.00, real=0.00 secs] 
211.885: [Full GC (Ergonomics) [PSYoungGen: 110369K->0K(158720K)] [ParOldGen: 303104K->26624K(349696K)] 413473K->26624K(508416K), [Metaspace: 2796K->2796K(1056768K)], 0.0034474 secs] [Times: user=0.00 sys=0.00, real=0.00 secs] 
213.308: [GC (Allocation Failure) [PSYoungGen: 125732K->11264K(158720K)] 254756K->160768K(508416K), 0.0024340 secs] [Times: user=0.00 sys=0.00, real=0.00 secs] 
215.815: [GC (Allocation Failure) [PSYoungGen: 147238K->10240K(158720K)] 399142K->262144K(508416K), 0.0011317 secs] [Times: user=0.00 sys=0.00, real=0.00 secs] 
216.253: [GC (Allocation Failure) [PSYoungGen: 105255K->5120K(158720K)] 357159K->328704K(508416K), 0.0154753 secs] [Times: user=0.01 sys=0.00, real=0.02 secs] 
216.269: [Full GC (Ergonomics) [PSYoungGen: 5120K->0K(158720K)] [ParOldGen: 323584K->77329K(349696K)] 328704K->77329K(508416K), [Metaspace: 2796K->2796K(1056768K)], 0.0064068 secs] [Times: user=0.00 sys=0.00, real=0.01 secs] 
217.270: [GC (Allocation Failure) [PSYoungGen: 135967K->10240K(158720K)] 213297K->87569K(508416K), 0.0009320 secs] [Times: user=0.06 sys=0.00, real=0.00 secs] 
Heap
 PSYoungGen      total 158720K, used 128567K [0x00000000f5580000, 0x0000000100000000, 0x0000000100000000)
  eden space 142848K, 82% used [0x00000000f5580000,0x00000000fc90dc98,0x00000000fe100000)
  from space 15872K, 64% used [0x00000000ff080000,0x00000000ffa80020,0x0000000100000000)
  to   space 15872K, 0% used [0x00000000fe100000,0x00000000fe100000,0x00000000ff080000)
 ParOldGen       total 349696K, used 179729K [0x00000000e0000000, 0x00000000f5580000, 0x00000000f5580000)
  object space 349696K, 51% used [0x00000000e0000000,0x00000000eaf84720,0x00000000f5580000)
 Metaspace       used 2804K, capacity 4486K, committed 4864K, reserved 1056768K
  class space    used 297K, capacity 386K, committed 512K, reserved 1048576K
