Java HotSpot(TM) 64-Bit Server VM (25.411-b09) for windows-amd64 JRE (1.8.0_411-b09), built on Mar 13 2024 07:26:13 by "java_re" with MS VC++ 17.1 (VS2022)
Memory: 4k page, physical 33403376k(14471224k free), swap 36670664k(7440876k free)
CommandLine flags: -XX:InitialHeapSize=536870912 -XX:MaxHeapSize=536870912 -XX:NewRatio=8 -XX:ParallelGCThreads=6 -XX:+PrintGC -XX:+PrintGCDetails -XX:+PrintGCTimeStamps -XX:SurvivorRatio=5 -XX:-UseAdaptiveSizePolicy -XX:+UseCompressedClassPointers -XX:+UseCompressedOops -XX:-UseLargePagesIndividualAllocation -XX:+UseParallelGC 
0.935: [GC (Allocation Failure) [PSYoungGen: 34427K->5840K(49664K)] 34427K->10968K(516096K), 0.0024761 secs] [Times: user=0.00 sys=0.00, real=0.00 secs] 
1.153: [GC (Allocation Failure) [PSYoungGen: 27129K->688K(49664K)] 32257K->16056K(516096K), 0.0035064 secs] [Times: user=0.00 sys=0.00, real=0.00 secs] 
2.074: [GC (Allocation Failure) [PSYoungGen: 39391K->6792K(49664K)] 208359K->175760K(516096K), 0.0011867 secs] [Times: user=0.00 sys=0.00, real=0.00 secs] 
2.620: [GC (Allocation Failure) [PSYoungGen: 43452K->6744K(49664K)] 212420K->185960K(516096K), 0.0037885 secs] [Times: user=0.00 sys=0.00, real=0.00 secs] 
3.547: [GC (Allocation Failure) [PSYoungGen: 45449K->7800K(49664K)] 378265K->345736K(516096K), 0.0024774 secs] [Times: user=0.00 sys=0.00, real=0.00 secs] 
4.853: [GC (Allocation Failure) [PSYoungGen: 45485K->5752K(49664K)] 383421K->348808K(516096K), 0.0021940 secs] [Times: user=0.00 sys=0.00, real=0.00 secs] 
5.396: [GC (Allocation Failure) [PSYoungGen: 37290K->5688K(49664K)] 380346K->358984K(516096K), 0.0038241 secs] [Times: user=0.00 sys=0.00, real=0.00 secs] 
5.739: [GC (Allocation Failure) [PSYoungGen: 37222K->5752K(49664K)] 441718K->420488K(516096K), 0.0038957 secs] [Times: user=0.00 sys=0.00, real=0.00 secs] 
5.743: [GC (Allocation Failure) [PSYoungGen: 5752K->5720K(49664K)] 420488K->420456K(516096K), 0.0011726 secs] [Times: user=0.00 sys=0.00, real=0.00 secs] 
5.744: [Full GC (Allocation Failure) [PSYoungGen: 5720K->0K(49664K)] [ParOldGen: 414736K->67088K(466432K)] 420456K->67088K(516096K), [Metaspace: 2753K->2753K(1056768K)], 0.0105497 secs] [Times: user=0.00 sys=0.00, real=0.01 secs] 
6.741: [GC (Allocation Failure) [PSYoungGen: 33587K->5120K(49664K)] 203076K->179728K(516096K), 0.0010741 secs] [Times: user=0.00 sys=0.00, real=0.00 secs] 
6.962: [GC (Allocation Failure) [PSYoungGen: 26423K->5120K(49664K)] 201032K->189968K(516096K), 0.0013454 secs] [Times: user=0.00 sys=0.00, real=0.00 secs] 
8.381: [GC (Allocation Failure) [PSYoungGen: 44237K->5184K(49664K)] 382685K->343640K(516096K), 0.0015459 secs] [Times: user=0.00 sys=0.00, real=0.00 secs] 
8.598: [GC (Allocation Failure) [PSYoungGen: 26483K->32K(49664K)] 416140K->389688K(516096K), 0.0011020 secs] [Times: user=0.00 sys=0.00, real=0.00 secs] 
8.599: [GC (Allocation Failure) [PSYoungGen: 32K->32K(49664K)] 389688K->389688K(516096K), 0.0016680 secs] [Times: user=0.00 sys=0.00, real=0.00 secs] 
8.601: [Full GC (Allocation Failure) [PSYoungGen: 32K->0K(49664K)] [ParOldGen: 389656K->51728K(466432K)] 389688K->51728K(516096K), [Metaspace: 2759K->2759K(1056768K)], 0.0053245 secs] [Times: user=0.00 sys=0.00, real=0.01 secs] 
9.594: [GC (Allocation Failure) [PSYoungGen: 33591K->5120K(49664K)] 187720K->164368K(516096K), 0.0009720 secs] [Times: user=0.00 sys=0.00, real=0.00 secs] 
9.813: [GC (Allocation Failure) [PSYoungGen: 26425K->5120K(49664K)] 185674K->174608K(516096K), 0.0013563 secs] [Times: user=0.00 sys=0.00, real=0.00 secs] 
10.692: [GC (Allocation Failure) [PSYoungGen: 43823K->5120K(49664K)] 366912K->333328K(516096K), 0.0013162 secs] [Times: user=0.00 sys=0.00, real=0.00 secs] 
11.241: [GC (Allocation Failure) [PSYoungGen: 41780K->5120K(49664K)] 369989K->348689K(516096K), 0.0017285 secs] [Times: user=0.00 sys=0.00, real=0.00 secs] 
11.461: [GC (Allocation Failure) [PSYoungGen: 26417K->5120K(49664K)] 421186K->399889K(516096K), 0.0010286 secs] [Times: user=0.00 sys=0.00, real=0.00 secs] 
11.462: [GC (Allocation Failure) [PSYoungGen: 5120K->5120K(49664K)] 399889K->399889K(516096K), 0.0009382 secs] [Times: user=0.00 sys=0.00, real=0.00 secs] 
11.463: [Full GC (Allocation Failure) [PSYoungGen: 5120K->0K(49664K)] [ParOldGen: 394769K->215568K(466432K)] 399889K->215568K(516096K), [Metaspace: 2761K->2761K(1056768K)], 0.0116683 secs] [Times: user=0.02 sys=0.00, real=0.01 secs] 
12.678: [GC (Allocation Failure) [PSYoungGen: 32835K->5184K(49664K)] 350804K->333400K(516096K), 0.0014782 secs] [Times: user=0.00 sys=0.00, real=0.00 secs] 
12.897: [GC (Allocation Failure) [PSYoungGen: 26488K->5184K(49664K)] 405905K->384609K(516096K), 0.0008437 secs] [Times: user=0.00 sys=0.00, real=0.00 secs] 
12.898: [GC (Allocation Failure) [PSYoungGen: 5184K->5216K(49664K)] 384609K->384641K(516096K), 0.0009013 secs] [Times: user=0.00 sys=0.00, real=0.00 secs] 
12.899: [Full GC (Allocation Failure) [PSYoungGen: 5216K->0K(49664K)] [ParOldGen: 379424K->56849K(466432K)] 384641K->56849K(516096K), [Metaspace: 2763K->2763K(1056768K)], 0.0052941 secs] [Times: user=0.00 sys=0.00, real=0.01 secs] 
13.888: [GC (Allocation Failure) [PSYoungGen: 33594K->6144K(49664K)] 192843K->165393K(516096K), 0.0007439 secs] [Times: user=0.00 sys=0.00, real=0.00 secs] 
14.105: [GC (Allocation Failure) [PSYoungGen: 27451K->1024K(49664K)] 186700K->180753K(516096K), 0.0016544 secs] [Times: user=0.00 sys=0.00, real=0.00 secs] 
14.977: [GC (Allocation Failure) [PSYoungGen: 39728K->6144K(49664K)] 373058K->344593K(516096K), 0.0012372 secs] [Times: user=0.00 sys=0.00, real=0.00 secs] 
16.066: [GC (Allocation Failure) [PSYoungGen: 42805K->0K(49664K)] 381254K->348689K(516096K), 0.0013020 secs] [Times: user=0.00 sys=0.00, real=0.00 secs] 
16.721: [GC (Allocation Failure) [PSYoungGen: 31537K->5120K(49664K)] 380226K->358929K(516096K), 0.0012137 secs] [Times: user=0.00 sys=0.00, real=0.00 secs] 
16.940: [GC (Allocation Failure) [PSYoungGen: 26414K->5120K(49664K)] 380223K->369169K(516096K), 0.0014883 secs] [Times: user=0.00 sys=0.00, real=0.00 secs] 
17.161: [GC (Allocation Failure) [PSYoungGen: 26408K->5120K(49664K)] 441657K->440849K(516096K), 0.0154305 secs] [Times: user=0.00 sys=0.00, real=0.01 secs] 
17.176: [Full GC (Ergonomics) [PSYoungGen: 5120K->0K(49664K)] [ParOldGen: 435729K->77329K(466432K)] 440849K->77329K(516096K), [Metaspace: 2768K->2768K(1056768K)], 0.0068059 secs] [Times: user=0.00 sys=0.00, real=0.01 secs] 
18.173: [GC (Allocation Failure) [PSYoungGen: 33584K->5120K(49664K)] 213313K->189969K(516096K), 0.0010019 secs] [Times: user=0.00 sys=0.00, real=0.00 secs] 
18.390: [GC (Allocation Failure) [PSYoungGen: 26420K->5120K(49664K)] 211269K->200209K(516096K), 0.0014601 secs] [Times: user=0.00 sys=0.00, real=0.00 secs] 
19.260: [GC (Allocation Failure) [PSYoungGen: 43820K->5120K(49664K)] 392509K->358929K(516096K), 0.0011685 secs] [Times: user=0.00 sys=0.00, real=0.00 secs] 
20.027: [GC (Allocation Failure) [PSYoungGen: 11058K->0K(49664K)] 416067K->405009K(516096K), 0.0007768 secs] [Times: user=0.00 sys=0.00, real=0.00 secs] 
20.028: [GC (Allocation Failure) [PSYoungGen: 0K->0K(49664K)] 405009K->405009K(516096K), 0.0006554 secs] [Times: user=0.00 sys=0.00, real=0.00 secs] 
20.029: [Full GC (Allocation Failure) [PSYoungGen: 0K->0K(49664K)] [ParOldGen: 405009K->51729K(466432K)] 405009K->51729K(516096K), [Metaspace: 2770K->2770K(1056768K)], 0.0051441 secs] [Times: user=0.00 sys=0.00, real=0.01 secs] 
21.026: [GC (Allocation Failure) [PSYoungGen: 33586K->5120K(49664K)] 187715K->164369K(516096K), 0.0009411 secs] [Times: user=0.00 sys=0.00, real=0.00 secs] 
21.246: [GC (Allocation Failure) [PSYoungGen: 26422K->5120K(49664K)] 185671K->174609K(516096K), 0.0015674 secs] [Times: user=0.00 sys=0.00, real=0.00 secs] 
22.121: [GC (Allocation Failure) [PSYoungGen: 43821K->6144K(49664K)] 366910K->334353K(516096K), 0.0010502 secs] [Times: user=0.00 sys=0.00, real=0.00 secs] 
22.667: [GC (Allocation Failure) [PSYoungGen: 42803K->6144K(49664K)] 371012K->349713K(516096K), 0.0020160 secs] [Times: user=0.00 sys=0.00, real=0.00 secs] 
22.884: [GC (Allocation Failure) [PSYoungGen: 27440K->6144K(49664K)] 422209K->400913K(516096K), 0.0008602 secs] [Times: user=0.00 sys=0.00, real=0.00 secs] 
22.885: [GC (Allocation Failure) [PSYoungGen: 6144K->6144K(49664K)] 400913K->400913K(516096K), 0.0008219 secs] [Times: user=0.00 sys=0.00, real=0.00 secs] 
22.886: [Full GC (Allocation Failure) [PSYoungGen: 6144K->0K(49664K)] [ParOldGen: 394769K->165393K(466432K)] 400913K->165393K(516096K), [Metaspace: 2779K->2779K(1056768K)], 0.0122121 secs] [Times: user=0.00 sys=0.00, real=0.01 secs] 
24.101: [GC (Allocation Failure) [PSYoungGen: 28469K->0K(49664K)] 296262K->288273K(516096K), 0.0017333 secs] [Times: user=0.00 sys=0.00, real=0.00 secs] 
24.977: [Full GC (Ergonomics) [PSYoungGen: 38712K->0K(49664K)] [ParOldGen: 441873K->21009K(466432K)] 480585K->21009K(516096K), [Metaspace: 2779K->2779K(1056768K)], 0.0035241 secs] [Times: user=0.00 sys=0.00, real=0.00 secs] 
25.522: [GC (Allocation Failure) [PSYoungGen: 36665K->0K(49664K)] 57675K->41489K(516096K), 0.0014785 secs] [Times: user=0.00 sys=0.00, real=0.00 secs] 
26.395: [GC (Allocation Failure) [PSYoungGen: 38708K->5120K(49664K)] 233797K->205329K(516096K), 0.0010153 secs] [Times: user=0.00 sys=0.00, real=0.00 secs] 
26.942: [GC (Allocation Failure) [PSYoungGen: 41783K->5120K(49664K)] 241993K->215569K(516096K), 0.0015568 secs] [Times: user=0.00 sys=0.00, real=0.00 secs] 
27.924: [GC (Allocation Failure) [PSYoungGen: 41779K->5120K(49664K)] 252228K->220689K(516096K), 0.0010705 secs] [Times: user=0.00 sys=0.00, real=0.00 secs] 
28.358: [GC (Allocation Failure) [PSYoungGen: 36831K->5152K(49664K)] 252400K->230969K(516096K), 0.0017480 secs] [Times: user=0.00 sys=0.00, real=0.00 secs] 
29.234: [GC (Allocation Failure) [PSYoungGen: 43851K->5152K(49664K)] 423269K->389689K(516096K), 0.0010556 secs] [Times: user=0.00 sys=0.00, real=0.00 secs] 
29.779: [GC (Allocation Failure) [PSYoungGen: 41810K->5152K(49664K)] 426347K->405049K(516096K), 0.0018088 secs] [Times: user=0.00 sys=0.00, real=0.00 secs] 
29.997: [Full GC (Ergonomics) [PSYoungGen: 26447K->0K(49664K)] [ParOldGen: 451097K->113169K(466432K)] 477544K->113169K(516096K), [Metaspace: 2793K->2793K(1056768K)], 0.0089604 secs] [Times: user=0.00 sys=0.00, real=0.01 secs] 
31.976: [GC (Allocation Failure) [PSYoungGen: 40756K->6144K(49664K)] 358726K->324113K(516096K), 0.0008763 secs] [Times: user=0.00 sys=0.00, real=0.00 secs] 
32.524: [GC (Allocation Failure) [PSYoungGen: 37687K->6144K(49664K)] 355657K->334353K(516096K), 0.0016095 secs] [Times: user=0.00 sys=0.00, real=0.00 secs] 
32.850: [GC (Allocation Failure) [PSYoungGen: 37682K->6144K(49664K)] 417091K->385553K(516096K), 0.0007978 secs] [Times: user=0.00 sys=0.00, real=0.00 secs] 
32.851: [GC (Allocation Failure) [PSYoungGen: 6144K->6144K(49664K)] 385553K->385553K(516096K), 0.0008222 secs] [Times: user=0.00 sys=0.00, real=0.00 secs] 
32.852: [Full GC (Allocation Failure) [PSYoungGen: 6144K->0K(49664K)] [ParOldGen: 379409K->57873K(466432K)] 385553K->57873K(516096K), [Metaspace: 2793K->2793K(1056768K)], 0.0052419 secs] [Times: user=0.00 sys=0.00, real=0.01 secs] 
33.848: [GC (Allocation Failure) [PSYoungGen: 33590K->6144K(49664K)] 193863K->166417K(516096K), 0.0007797 secs] [Times: user=0.00 sys=0.00, real=0.00 secs] 
34.067: [GC (Allocation Failure) [PSYoungGen: 27448K->1024K(49664K)] 187722K->181777K(516096K), 0.0018774 secs] [Times: user=0.00 sys=0.00, real=0.00 secs] 
35.378: [GC (Allocation Failure) [PSYoungGen: 39727K->0K(49664K)] 374080K->344593K(516096K), 0.0013494 secs] [Times: user=0.00 sys=0.00, real=0.00 secs] 
35.705: [GC (Allocation Failure) [PSYoungGen: 31540K->0K(49664K)] 427333K->406033K(516096K), 0.0014292 secs] [Times: user=0.00 sys=0.00, real=0.00 secs] 
35.706: [GC (Allocation Failure) [PSYoungGen: 0K->0K(49664K)] 406033K->406033K(516096K), 0.0009223 secs] [Times: user=0.00 sys=0.00, real=0.00 secs] 
35.707: [Full GC (Allocation Failure) [PSYoungGen: 0K->0K(49664K)] [ParOldGen: 406033K->61969K(466432K)] 406033K->61969K(516096K), [Metaspace: 2793K->2793K(1056768K)], 0.0056300 secs] [Times: user=0.00 sys=0.00, real=0.01 secs] 
36.704: [GC (Allocation Failure) [PSYoungGen: 33591K->5120K(49664K)] 197960K->174609K(516096K), 0.0009272 secs] [Times: user=0.00 sys=0.02, real=0.00 secs] 
36.922: [GC (Allocation Failure) [PSYoungGen: 26425K->5120K(49664K)] 195914K->184849K(516096K), 0.0013634 secs] [Times: user=0.00 sys=0.00, real=0.00 secs] 
37.795: [GC (Allocation Failure) [PSYoungGen: 43823K->5120K(49664K)] 377153K->369169K(516096K), 0.0027222 secs] [Times: user=0.00 sys=0.00, real=0.00 secs] 
38.344: [GC (Allocation Failure) [PSYoungGen: 41780K->5120K(49664K)] 405830K->379409K(516096K), 0.0016375 secs] [Times: user=0.00 sys=0.00, real=0.00 secs] 
39.436: [Full GC (Ergonomics) [PSYoungGen: 41777K->0K(49664K)] [ParOldGen: 425489K->11264K(466432K)] 467266K->11264K(516096K), [Metaspace: 2793K->2793K(1056768K)], 0.0023919 secs] [Times: user=0.00 sys=0.00, real=0.00 secs] 
39.765: [GC (Allocation Failure) [PSYoungGen: 26421K->0K(49664K)] 37685K->21504K(516096K), 0.0011561 secs] [Times: user=0.00 sys=0.00, real=0.00 secs] 
40.638: [GC (Allocation Failure) [PSYoungGen: 38703K->5120K(49664K)] 213807K->180224K(516096K), 0.0007732 secs] [Times: user=0.00 sys=0.00, real=0.00 secs] 
41.186: [GC (Allocation Failure) [PSYoungGen: 41780K->5120K(49664K)] 216884K->190464K(516096K), 0.0014599 secs] [Times: user=0.00 sys=0.00, real=0.00 secs] 
42.058: [GC (Allocation Failure) [PSYoungGen: 43825K->6144K(49664K)] 382769K->350208K(516096K), 0.0014536 secs] [Times: user=0.00 sys=0.00, real=0.00 secs] 
43.597: [GC (Allocation Failure) [PSYoungGen: 44853K->6144K(49664K)] 388917K->350208K(516096K), 0.0015269 secs] [Times: user=0.00 sys=0.00, real=0.00 secs] 
44.033: [GC (Allocation Failure) [PSYoungGen: 37682K->1024K(49664K)] 381746K->365568K(516096K), 0.0017525 secs] [Times: user=0.00 sys=0.00, real=0.00 secs] 
44.251: [GC (Allocation Failure) [PSYoungGen: 22318K->1024K(49664K)] 438062K->416768K(516096K), 0.0013136 secs] [Times: user=0.02 sys=0.00, real=0.00 secs] 
44.252: [GC (Allocation Failure) [PSYoungGen: 1024K->1024K(49664K)] 416768K->416768K(516096K), 0.0016549 secs] [Times: user=0.00 sys=0.00, real=0.00 secs] 
44.254: [Full GC (Allocation Failure) [PSYoungGen: 1024K->0K(49664K)] [ParOldGen: 415744K->62993K(466432K)] 416768K->62993K(516096K), [Metaspace: 2795K->2795K(1056768K)], 0.0059202 secs] [Times: user=0.00 sys=0.00, real=0.01 secs] 
45.249: [GC (Allocation Failure) [PSYoungGen: 33587K->5120K(49664K)] 198981K->175633K(516096K), 0.0010050 secs] [Times: user=0.00 sys=0.00, real=0.00 secs] 
45.467: [GC (Allocation Failure) [PSYoungGen: 26423K->5120K(49664K)] 196936K->196113K(516096K), 0.0018264 secs] [Times: user=0.00 sys=0.00, real=0.00 secs] 
46.781: [GC (Allocation Failure) [PSYoungGen: 38702K->5120K(49664K)] 383295K->349713K(516096K), 0.0009788 secs] [Times: user=0.00 sys=0.00, real=0.00 secs] 
47.108: [GC (Allocation Failure) [PSYoungGen: 36659K->0K(49664K)] 432453K->416273K(516096K), 0.0021776 secs] [Times: user=0.00 sys=0.00, real=0.00 secs] 
47.110: [GC (Allocation Failure) [PSYoungGen: 0K->0K(49664K)] 416273K->416273K(516096K), 0.0008220 secs] [Times: user=0.00 sys=0.00, real=0.00 secs] 
47.111: [Full GC (Allocation Failure) [PSYoungGen: 0K->0K(49664K)] [ParOldGen: 416273K->72209K(466432K)] 416273K->72209K(516096K), [Metaspace: 2795K->2795K(1056768K)], 0.0062149 secs] [Times: user=0.00 sys=0.00, real=0.01 secs] 
48.107: [GC (Allocation Failure) [PSYoungGen: 33591K->5120K(49664K)] 208200K->184849K(516096K), 0.0010409 secs] [Times: user=0.00 sys=0.00, real=0.00 secs] 
48.325: [GC (Allocation Failure) [PSYoungGen: 26425K->5120K(49664K)] 206154K->195089K(516096K), 0.0016173 secs] [Times: user=0.00 sys=0.00, real=0.00 secs] 
49.196: [GC (Allocation Failure) [PSYoungGen: 43823K->5120K(49664K)] 387393K->353809K(516096K), 0.0010954 secs] [Times: user=0.00 sys=0.00, real=0.00 secs] 
49.740: [GC (Allocation Failure) [PSYoungGen: 41780K->5120K(49664K)] 390469K->369169K(516096K), 0.0017311 secs] [Times: user=0.00 sys=0.00, real=0.00 secs] 
49.959: [GC (Allocation Failure) [PSYoungGen: 26417K->5120K(49664K)] 441666K->420369K(516096K), 0.0011001 secs] [Times: user=0.00 sys=0.00, real=0.00 secs] 
49.960: [GC (Allocation Failure) [PSYoungGen: 5120K->5120K(49664K)] 420369K->420369K(516096K), 0.0010635 secs] [Times: user=0.00 sys=0.00, real=0.00 secs] 
49.961: [Full GC (Allocation Failure) [PSYoungGen: 5120K->0K(49664K)] [ParOldGen: 415249K->133649K(466432K)] 420369K->133649K(516096K), [Metaspace: 2795K->2795K(1056768K)], 0.0097294 secs] [Times: user=0.00 sys=0.00, real=0.01 secs] 
51.177: [GC (Allocation Failure) [PSYoungGen: 36661K->5120K(49664K)] 272710K->251409K(516096K), 0.0016067 secs] [Times: user=0.00 sys=0.00, real=0.00 secs] 
52.051: [GC (Allocation Failure) [PSYoungGen: 43832K->6144K(49664K)] 443721K->411153K(516096K), 0.0011056 secs] [Times: user=0.00 sys=0.00, real=0.00 secs] 
52.599: [GC (Allocation Failure) [PSYoungGen: 42810K->6144K(49664K)] 447819K->426513K(516096K), 0.0020239 secs] [Times: user=0.00 sys=0.00, real=0.00 secs] 
52.709: [GC (Allocation Failure) [PSYoungGen: 27444K->6144K(49664K)] 447814K->446993K(516096K), 0.0022894 secs] [Times: user=0.00 sys=0.00, real=0.00 secs] 
52.712: [Full GC (Ergonomics) [PSYoungGen: 6144K->0K(49664K)] [ParOldGen: 440849K->32273K(466432K)] 446993K->32273K(516096K), [Metaspace: 2795K->2795K(1056768K)], 0.0037054 secs] [Times: user=0.00 sys=0.00, real=0.00 secs] 
53.801: [GC (Allocation Failure) [PSYoungGen: 33580K->6144K(49664K)] 219454K->192017K(516096K), 0.0008380 secs] [Times: user=0.00 sys=0.00, real=0.00 secs] 
55.114: [GC (Allocation Failure) [PSYoungGen: 43826K->5120K(49664K)] 229700K->196113K(516096K), 0.0009437 secs] [Times: user=0.00 sys=0.00, real=0.00 secs] 
55.439: [GC (Allocation Failure) [PSYoungGen: 31536K->5120K(49664K)] 222529K->216593K(516096K), 0.0015137 secs] [Times: user=0.00 sys=0.00, real=0.00 secs] 
56.314: [GC (Allocation Failure) [PSYoungGen: 43819K->5120K(49664K)] 408893K->380433K(516096K), 0.0016352 secs] [Times: user=0.02 sys=0.00, real=0.00 secs] 
56.858: [GC (Allocation Failure) [PSYoungGen: 41778K->5120K(49664K)] 417091K->390673K(516096K), 0.0014001 secs] [Times: user=0.00 sys=0.00, real=0.00 secs] 
57.077: [GC (Allocation Failure) [PSYoungGen: 26415K->5120K(49664K)] 463169K->462353K(516096K), 0.0036895 secs] [Times: user=0.00 sys=0.00, real=0.00 secs] 
57.080: [Full GC (Ergonomics) [PSYoungGen: 5120K->0K(49664K)] [ParOldGen: 457233K->92689K(466432K)] 462353K->92689K(516096K), [Metaspace: 2796K->2796K(1056768K)], 0.0074490 secs] [Times: user=0.00 sys=0.00, real=0.01 secs] 
58.839: [GC (Allocation Failure) [PSYoungGen: 40756K->1024K(49664K)] 389445K->349713K(516096K), 0.0006554 secs] [Times: user=0.00 sys=0.00, real=0.00 secs] 
59.492: [GC (Allocation Failure) [PSYoungGen: 32567K->5120K(49664K)] 381257K->358929K(516096K), 0.0011913 secs] [Times: user=0.00 sys=0.00, real=0.00 secs] 
59.711: [GC (Allocation Failure) [PSYoungGen: 26418K->5120K(49664K)] 380227K->369169K(516096K), 0.0014432 secs] [Times: user=0.00 sys=0.00, real=0.00 secs] 
59.932: [GC (Allocation Failure) [PSYoungGen: 26410K->5120K(49664K)] 441660K->420369K(516096K), 0.0009439 secs] [Times: user=0.00 sys=0.00, real=0.00 secs] 
59.933: [GC (Allocation Failure) [PSYoungGen: 5120K->5120K(49664K)] 420369K->420369K(516096K), 0.0009995 secs] [Times: user=0.00 sys=0.00, real=0.00 secs] 
59.934: [Full GC (Allocation Failure) [PSYoungGen: 5120K->0K(49664K)] [ParOldGen: 415249K->108049K(466432K)] 420369K->108049K(516096K), [Metaspace: 2796K->2796K(1056768K)], 0.0087298 secs] [Times: user=0.01 sys=0.00, real=0.01 secs] 
60.929: [GC (Allocation Failure) [PSYoungGen: 33585K->5120K(49664K)] 244034K->220689K(516096K), 0.0010042 secs] [Times: user=0.00 sys=0.00, real=0.00 secs] 
61.146: [GC (Allocation Failure) [PSYoungGen: 26421K->5120K(49664K)] 241991K->230929K(516096K), 0.0014738 secs] [Times: user=0.00 sys=0.00, real=0.00 secs] 
62.346: [GC (Allocation Failure) [PSYoungGen: 37677K->5120K(49664K)] 417086K->389649K(516096K), 0.0011513 secs] [Times: user=0.00 sys=0.00, real=0.00 secs] 
62.565: [GC (Allocation Failure) [PSYoungGen: 26418K->5120K(49664K)] 410948K->399889K(516096K), 0.0014722 secs] [Times: user=0.00 sys=0.00, real=0.00 secs] 
62.783: [Full GC (Ergonomics) [PSYoungGen: 26411K->0K(49664K)] [ParOldGen: 445969K->56849K(466432K)] 472381K->56849K(516096K), [Metaspace: 2796K->2796K(1056768K)], 0.0056628 secs] [Times: user=0.00 sys=0.00, real=0.01 secs] 
63.765: [GC (Allocation Failure) [PSYoungGen: 33585K->6144K(49664K)] 192835K->165393K(516096K), 0.0008279 secs] [Times: user=0.00 sys=0.00, real=0.00 secs] 
63.981: [GC (Allocation Failure) [PSYoungGen: 27445K->1024K(49664K)] 186695K->180753K(516096K), 0.0016783 secs] [Times: user=0.00 sys=0.00, real=0.00 secs] 
64.859: [GC (Allocation Failure) [PSYoungGen: 39725K->6144K(49664K)] 373054K->344593K(516096K), 0.0010339 secs] [Times: user=0.00 sys=0.00, real=0.00 secs] 
65.955: [GC (Allocation Failure) [PSYoungGen: 42803K->0K(49664K)] 381252K->348689K(516096K), 0.0013670 secs] [Times: user=0.00 sys=0.00, real=0.00 secs] 
66.610: [GC (Allocation Failure) [PSYoungGen: 31536K->5120K(49664K)] 380225K->358929K(516096K), 0.0011624 secs] [Times: user=0.00 sys=0.00, real=0.00 secs] 
66.829: [GC (Allocation Failure) [PSYoungGen: 26413K->5120K(49664K)] 380222K->369169K(516096K), 0.0015061 secs] [Times: user=0.02 sys=0.00, real=0.00 secs] 
67.049: [GC (Allocation Failure) [PSYoungGen: 26407K->5120K(49664K)] 441657K->440849K(516096K), 0.0025405 secs] [Times: user=0.00 sys=0.00, real=0.00 secs] 
67.051: [Full GC (Ergonomics) [PSYoungGen: 5120K->0K(49664K)] [ParOldGen: 435729K->77329K(466432K)] 440849K->77329K(516096K), [Metaspace: 2796K->2796K(1056768K)], 0.0064526 secs] [Times: user=0.00 sys=0.00, real=0.01 secs] 
68.047: [GC (Allocation Failure) [PSYoungGen: 33583K->5120K(49664K)] 213312K->189969K(516096K), 0.0009718 secs] [Times: user=0.00 sys=0.00, real=0.00 secs] 
68.264: [GC (Allocation Failure) [PSYoungGen: 26420K->5120K(49664K)] 211269K->200209K(516096K), 0.0014840 secs] [Times: user=0.00 sys=0.00, real=0.00 secs] 
69.138: [GC (Allocation Failure) [PSYoungGen: 43820K->5120K(49664K)] 392509K->358929K(516096K), 0.0011089 secs] [Times: user=0.00 sys=0.00, real=0.00 secs] 
69.906: [GC (Allocation Failure) [PSYoungGen: 11058K->0K(49664K)] 416067K->405009K(516096K), 0.0009725 secs] [Times: user=0.00 sys=0.00, real=0.00 secs] 
69.907: [GC (Allocation Failure) [PSYoungGen: 0K->0K(49664K)] 405009K->405009K(516096K), 0.0007064 secs] [Times: user=0.00 sys=0.00, real=0.00 secs] 
69.908: [Full GC (Allocation Failure) [PSYoungGen: 0K->0K(49664K)] [ParOldGen: 405009K->51729K(466432K)] 405009K->51729K(516096K), [Metaspace: 2796K->2796K(1056768K)], 0.0052549 secs] [Times: user=0.00 sys=0.00, real=0.00 secs] 
70.904: [GC (Allocation Failure) [PSYoungGen: 33586K->5120K(49664K)] 187715K->164369K(516096K), 0.0009421 secs] [Times: user=0.00 sys=0.00, real=0.00 secs] 
71.122: [GC (Allocation Failure) [PSYoungGen: 26422K->5120K(49664K)] 185671K->174609K(516096K), 0.0014937 secs] [Times: user=0.00 sys=0.00, real=0.00 secs] 
71.996: [GC (Allocation Failure) [PSYoungGen: 43821K->6144K(49664K)] 366911K->334353K(516096K), 0.0014122 secs] [Times: user=0.00 sys=0.00, real=0.00 secs] 
72.541: [GC (Allocation Failure) [PSYoungGen: 42803K->6144K(49664K)] 371012K->349713K(516096K), 0.0016029 secs] [Times: user=0.00 sys=0.00, real=0.00 secs] 
72.760: [GC (Allocation Failure) [PSYoungGen: 27440K->6144K(49664K)] 422209K->400913K(516096K), 0.0008885 secs] [Times: user=0.00 sys=0.00, real=0.00 secs] 
72.760: [GC (Allocation Failure) [PSYoungGen: 6144K->6144K(49664K)] 400913K->400913K(516096K), 0.0013320 secs] [Times: user=0.00 sys=0.00, real=0.00 secs] 
72.762: [Full GC (Allocation Failure) [PSYoungGen: 6144K->0K(49664K)] [ParOldGen: 394769K->165393K(466432K)] 400913K->165393K(516096K), [Metaspace: 2796K->2796K(1056768K)], 0.0119599 secs] [Times: user=0.00 sys=0.00, real=0.01 secs] 
73.975: [GC (Allocation Failure) [PSYoungGen: 28468K->0K(49664K)] 296262K->288273K(516096K), 0.0017186 secs] [Times: user=0.00 sys=0.00, real=0.00 secs] 
74.852: [Full GC (Ergonomics) [PSYoungGen: 38711K->0K(49664K)] [ParOldGen: 441873K->21009K(466432K)] 480585K->21009K(516096K), [Metaspace: 2796K->2796K(1056768K)], 0.0031569 secs] [Times: user=0.00 sys=0.00, real=0.00 secs] 
75.398: [GC (Allocation Failure) [PSYoungGen: 36665K->0K(49664K)] 57675K->41489K(516096K), 0.0013697 secs] [Times: user=0.00 sys=0.00, real=0.00 secs] 
76.276: [GC (Allocation Failure) [PSYoungGen: 38708K->5120K(49664K)] 233798K->205329K(516096K), 0.0011084 secs] [Times: user=0.00 sys=0.00, real=0.00 secs] 
76.824: [GC (Allocation Failure) [PSYoungGen: 41783K->5120K(49664K)] 241993K->215569K(516096K), 0.0015135 secs] [Times: user=0.00 sys=0.00, real=0.00 secs] 
77.809: [GC (Allocation Failure) [PSYoungGen: 41779K->5120K(49664K)] 252228K->220689K(516096K), 0.0010349 secs] [Times: user=0.00 sys=0.00, real=0.00 secs] 
78.246: [GC (Allocation Failure) [PSYoungGen: 36656K->5120K(49664K)] 252225K->230929K(516096K), 0.0016300 secs] [Times: user=0.00 sys=0.00, real=0.00 secs] 
79.121: [GC (Allocation Failure) [PSYoungGen: 43821K->5120K(49664K)] 423231K->389649K(516096K), 0.0011834 secs] [Times: user=0.00 sys=0.00, real=0.00 secs] 
79.669: [GC (Allocation Failure) [PSYoungGen: 41779K->5120K(49664K)] 426308K->405009K(516096K), 0.0017541 secs] [Times: user=0.00 sys=0.00, real=0.00 secs] 
79.887: [Full GC (Ergonomics) [PSYoungGen: 26416K->0K(49664K)] [ParOldGen: 451089K->113169K(466432K)] 477505K->113169K(516096K), [Metaspace: 2796K->2796K(1056768K)], 0.0088494 secs] [Times: user=0.00 sys=0.00, real=0.01 secs] 
81.863: [GC (Allocation Failure) [PSYoungGen: 40757K->6144K(49664K)] 358726K->324113K(516096K), 0.0008114 secs] [Times: user=0.00 sys=0.00, real=0.00 secs] 
82.409: [GC (Allocation Failure) [PSYoungGen: 37687K->6144K(49664K)] 355657K->334353K(516096K), 0.0016572 secs] [Times: user=0.00 sys=0.00, real=0.00 secs] 
82.738: [GC (Allocation Failure) [PSYoungGen: 37682K->6144K(49664K)] 417091K->385553K(516096K), 0.0008632 secs] [Times: user=0.00 sys=0.00, real=0.00 secs] 
82.739: [GC (Allocation Failure) [PSYoungGen: 6144K->6144K(49664K)] 385553K->385553K(516096K), 0.0007124 secs] [Times: user=0.00 sys=0.00, real=0.00 secs] 
82.739: [Full GC (Allocation Failure) [PSYoungGen: 6144K->0K(49664K)] [ParOldGen: 379409K->57873K(466432K)] 385553K->57873K(516096K), [Metaspace: 2796K->2796K(1056768K)], 0.0050477 secs] [Times: user=0.00 sys=0.00, real=0.01 secs] 
83.721: [GC (Allocation Failure) [PSYoungGen: 33590K->6144K(49664K)] 193863K->166417K(516096K), 0.0009625 secs] [Times: user=0.00 sys=0.00, real=0.00 secs] 
83.940: [GC (Allocation Failure) [PSYoungGen: 27448K->1024K(49664K)] 187722K->181777K(516096K), 0.0017390 secs] [Times: user=0.00 sys=0.00, real=0.00 secs] 
85.251: [GC (Allocation Failure) [PSYoungGen: 39727K->0K(49664K)] 374080K->344593K(516096K), 0.0013651 secs] [Times: user=0.00 sys=0.00, real=0.00 secs] 
85.579: [GC (Allocation Failure) [PSYoungGen: 31540K->0K(49664K)] 427333K->406033K(516096K), 0.0014646 secs] [Times: user=0.01 sys=0.00, real=0.00 secs] 
85.581: [GC (Allocation Failure) [PSYoungGen: 0K->0K(49664K)] 406033K->406033K(516096K), 0.0008055 secs] [Times: user=0.00 sys=0.00, real=0.00 secs] 
85.582: [Full GC (Allocation Failure) [PSYoungGen: 0K->0K(49664K)] [ParOldGen: 406033K->61969K(466432K)] 406033K->61969K(516096K), [Metaspace: 2796K->2796K(1056768K)], 0.0058628 secs] [Times: user=0.00 sys=0.00, real=0.00 secs] 
86.579: [GC (Allocation Failure) [PSYoungGen: 33591K->5120K(49664K)] 197960K->174609K(516096K), 0.0010799 secs] [Times: user=0.00 sys=0.00, real=0.00 secs] 
86.799: [GC (Allocation Failure) [PSYoungGen: 26425K->5120K(49664K)] 195914K->184849K(516096K), 0.0015609 secs] [Times: user=0.00 sys=0.00, real=0.00 secs] 
87.665: [GC (Allocation Failure) [PSYoungGen: 43823K->5120K(49664K)] 377153K->369169K(516096K), 0.0026444 secs] [Times: user=0.00 sys=0.00, real=0.00 secs] 
88.211: [GC (Allocation Failure) [PSYoungGen: 41780K->5120K(49664K)] 405830K->379409K(516096K), 0.0017132 secs] [Times: user=0.00 sys=0.00, real=0.00 secs] 
89.302: [Full GC (Ergonomics) [PSYoungGen: 41777K->0K(49664K)] [ParOldGen: 425489K->11264K(466432K)] 467266K->11264K(516096K), [Metaspace: 2796K->2796K(1056768K)], 0.0025440 secs] [Times: user=0.00 sys=0.00, real=0.00 secs] 
89.629: [GC (Allocation Failure) [PSYoungGen: 26421K->0K(49664K)] 37685K->21504K(516096K), 0.0010993 secs] [Times: user=0.00 sys=0.00, real=0.00 secs] 
90.509: [GC (Allocation Failure) [PSYoungGen: 38703K->5120K(49664K)] 213807K->180224K(516096K), 0.0010796 secs] [Times: user=0.00 sys=0.00, real=0.00 secs] 
91.049: [GC (Allocation Failure) [PSYoungGen: 41780K->5120K(49664K)] 216884K->190464K(516096K), 0.0013499 secs] [Times: user=0.00 sys=0.00, real=0.00 secs] 
91.923: [GC (Allocation Failure) [PSYoungGen: 43825K->6144K(49664K)] 382769K->350208K(516096K), 0.0013845 secs] [Times: user=0.05 sys=0.00, real=0.00 secs] 
93.448: [GC (Allocation Failure) [PSYoungGen: 44853K->6144K(49664K)] 388917K->350208K(516096K), 0.0013764 secs] [Times: user=0.00 sys=0.00, real=0.00 secs] 
93.883: [GC (Allocation Failure) [PSYoungGen: 37682K->1024K(49664K)] 381746K->365568K(516096K), 0.0018236 secs] [Times: user=0.00 sys=0.00, real=0.00 secs] 
94.100: [GC (Allocation Failure) [PSYoungGen: 22318K->1024K(49664K)] 438062K->416768K(516096K), 0.0010751 secs] [Times: user=0.00 sys=0.00, real=0.00 secs] 
94.101: [GC (Allocation Failure) [PSYoungGen: 1024K->1024K(49664K)] 416768K->416768K(516096K), 0.0010352 secs] [Times: user=0.00 sys=0.00, real=0.00 secs] 
94.102: [Full GC (Allocation Failure) [PSYoungGen: 1024K->0K(49664K)] [ParOldGen: 415744K->62993K(466432K)] 416768K->62993K(516096K), [Metaspace: 2796K->2796K(1056768K)], 0.0059579 secs] [Times: user=0.00 sys=0.00, real=0.01 secs] 
95.094: [GC (Allocation Failure) [PSYoungGen: 33587K->5120K(49664K)] 198981K->175633K(516096K), 0.0009863 secs] [Times: user=0.00 sys=0.00, real=0.00 secs] 
95.311: [GC (Allocation Failure) [PSYoungGen: 26423K->0K(49664K)] 196936K->190993K(516096K), 0.0013833 secs] [Times: user=0.00 sys=0.00, real=0.00 secs] 
96.622: [GC (Allocation Failure) [PSYoungGen: 33582K->5120K(49664K)] 378175K->349713K(516096K), 0.0009153 secs] [Times: user=0.00 sys=0.00, real=0.00 secs] 
96.948: [GC (Allocation Failure) [PSYoungGen: 36659K->0K(49664K)] 432453K->416273K(516096K), 0.0019874 secs] [Times: user=0.00 sys=0.00, real=0.00 secs] 
96.950: [GC (Allocation Failure) [PSYoungGen: 0K->0K(49664K)] 416273K->416273K(516096K), 0.0008492 secs] [Times: user=0.00 sys=0.00, real=0.00 secs] 
96.951: [Full GC (Allocation Failure) [PSYoungGen: 0K->0K(49664K)] [ParOldGen: 416273K->72209K(466432K)] 416273K->72209K(516096K), [Metaspace: 2796K->2796K(1056768K)], 0.0062369 secs] [Times: user=0.00 sys=0.00, real=0.01 secs] 
97.946: [GC (Allocation Failure) [PSYoungGen: 33591K->5120K(49664K)] 208200K->184849K(516096K), 0.0012416 secs] [Times: user=0.00 sys=0.00, real=0.00 secs] 
98.167: [GC (Allocation Failure) [PSYoungGen: 26425K->5120K(49664K)] 206154K->195089K(516096K), 0.0014358 secs] [Times: user=0.00 sys=0.00, real=0.00 secs] 
99.039: [GC (Allocation Failure) [PSYoungGen: 43823K->5120K(49664K)] 387393K->353809K(516096K), 0.0009330 secs] [Times: user=0.00 sys=0.00, real=0.00 secs] 
99.585: [GC (Allocation Failure) [PSYoungGen: 41780K->5120K(49664K)] 390469K->369169K(516096K), 0.0019139 secs] [Times: user=0.00 sys=0.00, real=0.00 secs] 
99.805: [GC (Allocation Failure) [PSYoungGen: 26417K->5120K(49664K)] 441666K->420369K(516096K), 0.0008957 secs] [Times: user=0.00 sys=0.00, real=0.00 secs] 
99.806: [GC (Allocation Failure) [PSYoungGen: 5120K->5120K(49664K)] 420369K->420369K(516096K), 0.0007767 secs] [Times: user=0.00 sys=0.00, real=0.00 secs] 
99.807: [Full GC (Allocation Failure) [PSYoungGen: 5120K->0K(49664K)] [ParOldGen: 415249K->133649K(466432K)] 420369K->133649K(516096K), [Metaspace: 2796K->2796K(1056768K)], 0.0096838 secs] [Times: user=0.00 sys=0.00, real=0.01 secs] 
101.022: [GC (Allocation Failure) [PSYoungGen: 36661K->5120K(49664K)] 272710K->251409K(516096K), 0.0014240 secs] [Times: user=0.00 sys=0.00, real=0.00 secs] 
101.896: [GC (Allocation Failure) [PSYoungGen: 43832K->6144K(49664K)] 443721K->411153K(516096K), 0.0011644 secs] [Times: user=0.00 sys=0.00, real=0.00 secs] 
102.441: [GC (Allocation Failure) [PSYoungGen: 42810K->6144K(49664K)] 447819K->426513K(516096K), 0.0018478 secs] [Times: user=0.00 sys=0.00, real=0.00 secs] 
102.551: [GC (Allocation Failure) [PSYoungGen: 27444K->6144K(49664K)] 447814K->446993K(516096K), 0.0023135 secs] [Times: user=0.00 sys=0.00, real=0.00 secs] 
102.553: [Full GC (Ergonomics) [PSYoungGen: 6144K->0K(49664K)] [ParOldGen: 440849K->32273K(466432K)] 446993K->32273K(516096K), [Metaspace: 2796K->2796K(1056768K)], 0.0038438 secs] [Times: user=0.00 sys=0.00, real=0.00 secs] 
103.641: [GC (Allocation Failure) [PSYoungGen: 33580K->6144K(49664K)] 219454K->192017K(516096K), 0.0008007 secs] [Times: user=0.02 sys=0.00, real=0.00 secs] 
104.952: [GC (Allocation Failure) [PSYoungGen: 43826K->5120K(49664K)] 229700K->196113K(516096K), 0.0009377 secs] [Times: user=0.00 sys=0.00, real=0.00 secs] 
105.281: [GC (Allocation Failure) [PSYoungGen: 31536K->5120K(49664K)] 222529K->216593K(516096K), 0.0014916 secs] [Times: user=0.00 sys=0.00, real=0.00 secs] 
106.152: [GC (Allocation Failure) [PSYoungGen: 43819K->5120K(49664K)] 408893K->380433K(516096K), 0.0013972 secs] [Times: user=0.00 sys=0.00, real=0.00 secs] 
106.698: [GC (Allocation Failure) [PSYoungGen: 41778K->5120K(49664K)] 417091K->390673K(516096K), 0.0015090 secs] [Times: user=0.00 sys=0.00, real=0.00 secs] 
106.916: [GC (Allocation Failure) [PSYoungGen: 26415K->5120K(49664K)] 463169K->462353K(516096K), 0.0021843 secs] [Times: user=0.00 sys=0.00, real=0.00 secs] 
106.918: [Full GC (Ergonomics) [PSYoungGen: 5120K->0K(49664K)] [ParOldGen: 457233K->92689K(466432K)] 462353K->92689K(516096K), [Metaspace: 2796K->2796K(1056768K)], 0.0075155 secs] [Times: user=0.01 sys=0.00, real=0.01 secs] 
108.682: [GC (Allocation Failure) [PSYoungGen: 40756K->1024K(49664K)] 389445K->349713K(516096K), 0.0006332 secs] [Times: user=0.00 sys=0.00, real=0.00 secs] 
109.336: [GC (Allocation Failure) [PSYoungGen: 32567K->5120K(49664K)] 381257K->358929K(516096K), 0.0012123 secs] [Times: user=0.00 sys=0.00, real=0.00 secs] 
109.556: [GC (Allocation Failure) [PSYoungGen: 26418K->5120K(49664K)] 380227K->369169K(516096K), 0.0014075 secs] [Times: user=0.00 sys=0.00, real=0.00 secs] 
109.774: [GC (Allocation Failure) [PSYoungGen: 26410K->5120K(49664K)] 441660K->420369K(516096K), 0.0010533 secs] [Times: user=0.00 sys=0.00, real=0.00 secs] 
109.775: [GC (Allocation Failure) [PSYoungGen: 5120K->5120K(49664K)] 420369K->420369K(516096K), 0.0009602 secs] [Times: user=0.00 sys=0.00, real=0.00 secs] 
109.776: [Full GC (Allocation Failure) [PSYoungGen: 5120K->0K(49664K)] [ParOldGen: 415249K->108049K(466432K)] 420369K->108049K(516096K), [Metaspace: 2796K->2796K(1056768K)], 0.0086950 secs] [Times: user=0.00 sys=0.00, real=0.01 secs] 
110.778: [GC (Allocation Failure) [PSYoungGen: 33585K->5120K(49664K)] 244034K->220689K(516096K), 0.0011489 secs] [Times: user=0.00 sys=0.00, real=0.00 secs] 
110.994: [GC (Allocation Failure) [PSYoungGen: 26421K->5120K(49664K)] 241991K->230929K(516096K), 0.0014346 secs] [Times: user=0.00 sys=0.00, real=0.00 secs] 
112.193: [GC (Allocation Failure) [PSYoungGen: 37677K->5120K(49664K)] 417086K->389649K(516096K), 0.0009017 secs] [Times: user=0.00 sys=0.00, real=0.00 secs] 
112.411: [GC (Allocation Failure) [PSYoungGen: 26418K->0K(49664K)] 410948K->394769K(516096K), 0.0013234 secs] [Times: user=0.00 sys=0.00, real=0.00 secs] 
112.628: [Full GC (Ergonomics) [PSYoungGen: 21291K->0K(49664K)] [ParOldGen: 445969K->56849K(466432K)] 467261K->56849K(516096K), [Metaspace: 2796K->2796K(1056768K)], 0.0053203 secs] [Times: user=0.00 sys=0.00, real=0.00 secs] 
113.627: [GC (Allocation Failure) [PSYoungGen: 33585K->6144K(49664K)] 192835K->165393K(516096K), 0.0009008 secs] [Times: user=0.00 sys=0.00, real=0.00 secs] 
113.844: [GC (Allocation Failure) [PSYoungGen: 27445K->1024K(49664K)] 186695K->180753K(516096K), 0.0016782 secs] [Times: user=0.02 sys=0.00, real=0.00 secs] 
114.718: [GC (Allocation Failure) [PSYoungGen: 39725K->6144K(49664K)] 373054K->344593K(516096K), 0.0012021 secs] [Times: user=0.00 sys=0.00, real=0.00 secs] 
115.812: [GC (Allocation Failure) [PSYoungGen: 42803K->0K(49664K)] 381252K->348689K(516096K), 0.0012582 secs] [Times: user=0.00 sys=0.00, real=0.00 secs] 
116.465: [GC (Allocation Failure) [PSYoungGen: 31536K->5120K(49664K)] 380225K->358929K(516096K), 0.0012370 secs] [Times: user=0.00 sys=0.00, real=0.00 secs] 
116.682: [GC (Allocation Failure) [PSYoungGen: 26413K->5120K(49664K)] 380222K->369169K(516096K), 0.0016593 secs] [Times: user=0.00 sys=0.00, real=0.00 secs] 
116.904: [GC (Allocation Failure) [PSYoungGen: 26407K->5120K(49664K)] 441657K->440849K(516096K), 0.0023589 secs] [Times: user=0.00 sys=0.00, real=0.00 secs] 
116.907: [Full GC (Ergonomics) [PSYoungGen: 5120K->0K(49664K)] [ParOldGen: 435729K->77329K(466432K)] 440849K->77329K(516096K), [Metaspace: 2796K->2796K(1056768K)], 0.0064353 secs] [Times: user=0.01 sys=0.00, real=0.01 secs] 
117.907: [GC (Allocation Failure) [PSYoungGen: 33583K->5120K(49664K)] 213312K->189969K(516096K), 0.0011807 secs] [Times: user=0.02 sys=0.00, real=0.00 secs] 
118.127: [GC (Allocation Failure) [PSYoungGen: 26420K->5120K(49664K)] 211269K->200209K(516096K), 0.0015391 secs] [Times: user=0.00 sys=0.00, real=0.00 secs] 
119.005: [GC (Allocation Failure) [PSYoungGen: 43820K->5120K(49664K)] 392509K->358929K(516096K), 0.0010241 secs] [Times: user=0.00 sys=0.00, real=0.00 secs] 
119.769: [GC (Allocation Failure) [PSYoungGen: 11058K->0K(49664K)] 416067K->405009K(516096K), 0.0008242 secs] [Times: user=0.00 sys=0.00, real=0.00 secs] 
119.770: [GC (Allocation Failure) [PSYoungGen: 0K->0K(49664K)] 405009K->405009K(516096K), 0.0007848 secs] [Times: user=0.00 sys=0.00, real=0.00 secs] 
119.771: [Full GC (Allocation Failure) [PSYoungGen: 0K->0K(49664K)] [ParOldGen: 405009K->51729K(466432K)] 405009K->51729K(516096K), [Metaspace: 2796K->2796K(1056768K)], 0.0048033 secs] [Times: user=0.00 sys=0.00, real=0.01 secs] 
120.773: [GC (Allocation Failure) [PSYoungGen: 33586K->5120K(49664K)] 187715K->164369K(516096K), 0.0009525 secs] [Times: user=0.00 sys=0.00, real=0.00 secs] 
120.991: [GC (Allocation Failure) [PSYoungGen: 26422K->5120K(49664K)] 185671K->174609K(516096K), 0.0015526 secs] [Times: user=0.00 sys=0.00, real=0.00 secs] 
121.865: [GC (Allocation Failure) [PSYoungGen: 43821K->6144K(49664K)] 366911K->334353K(516096K), 0.0013118 secs] [Times: user=0.00 sys=0.00, real=0.00 secs] 
122.409: [GC (Allocation Failure) [PSYoungGen: 42803K->6144K(49664K)] 371012K->349713K(516096K), 0.0017163 secs] [Times: user=0.00 sys=0.00, real=0.00 secs] 
122.626: [GC (Allocation Failure) [PSYoungGen: 27440K->6144K(49664K)] 422209K->400913K(516096K), 0.0010060 secs] [Times: user=0.00 sys=0.00, real=0.00 secs] 
122.627: [GC (Allocation Failure) [PSYoungGen: 6144K->6144K(49664K)] 400913K->400913K(516096K), 0.0007813 secs] [Times: user=0.00 sys=0.00, real=0.00 secs] 
122.628: [Full GC (Allocation Failure) [PSYoungGen: 6144K->0K(49664K)] [ParOldGen: 394769K->165393K(466432K)] 400913K->165393K(516096K), [Metaspace: 2796K->2796K(1056768K)], 0.0120596 secs] [Times: user=0.00 sys=0.00, real=0.01 secs] 
123.851: [GC (Allocation Failure) [PSYoungGen: 28468K->0K(49664K)] 296262K->288273K(516096K), 0.0017444 secs] [Times: user=0.00 sys=0.00, real=0.00 secs] 
124.721: [Full GC (Ergonomics) [PSYoungGen: 38711K->0K(49664K)] [ParOldGen: 441873K->21009K(466432K)] 480585K->21009K(516096K), [Metaspace: 2796K->2796K(1056768K)], 0.0031322 secs] [Times: user=0.00 sys=0.00, real=0.00 secs] 
125.264: [GC (Allocation Failure) [PSYoungGen: 36665K->0K(49664K)] 57675K->41489K(516096K), 0.0015592 secs] [Times: user=0.00 sys=0.00, real=0.00 secs] 
126.136: [GC (Allocation Failure) [PSYoungGen: 38708K->5120K(49664K)] 233798K->205329K(516096K), 0.0011180 secs] [Times: user=0.00 sys=0.00, real=0.00 secs] 
126.683: [GC (Allocation Failure) [PSYoungGen: 41783K->5120K(49664K)] 241993K->215569K(516096K), 0.0014267 secs] [Times: user=0.00 sys=0.00, real=0.00 secs] 
127.668: [GC (Allocation Failure) [PSYoungGen: 41779K->5120K(49664K)] 252228K->220689K(516096K), 0.0011253 secs] [Times: user=0.00 sys=0.00, real=0.00 secs] 
128.105: [GC (Allocation Failure) [PSYoungGen: 36656K->5120K(49664K)] 252225K->230929K(516096K), 0.0015378 secs] [Times: user=0.00 sys=0.00, real=0.00 secs] 
128.976: [GC (Allocation Failure) [PSYoungGen: 43821K->5120K(49664K)] 423231K->389649K(516096K), 0.0012009 secs] [Times: user=0.00 sys=0.00, real=0.00 secs] 
129.523: [GC (Allocation Failure) [PSYoungGen: 41779K->5120K(49664K)] 426308K->405009K(516096K), 0.0017836 secs] [Times: user=0.00 sys=0.00, real=0.00 secs] 
129.740: [Full GC (Ergonomics) [PSYoungGen: 26416K->0K(49664K)] [ParOldGen: 451089K->113169K(466432K)] 477505K->113169K(516096K), [Metaspace: 2796K->2796K(1056768K)], 0.0092421 secs] [Times: user=0.00 sys=0.00, real=0.01 secs] 
131.721: [GC (Allocation Failure) [PSYoungGen: 40757K->6144K(49664K)] 358726K->324113K(516096K), 0.0009208 secs] [Times: user=0.00 sys=0.00, real=0.00 secs] 
132.266: [GC (Allocation Failure) [PSYoungGen: 37687K->6144K(49664K)] 355657K->334353K(516096K), 0.0014902 secs] [Times: user=0.00 sys=0.00, real=0.00 secs] 
132.594: [GC (Allocation Failure) [PSYoungGen: 37682K->6144K(49664K)] 417091K->385553K(516096K), 0.0009904 secs] [Times: user=0.00 sys=0.00, real=0.00 secs] 
132.595: [GC (Allocation Failure) [PSYoungGen: 6144K->6144K(49664K)] 385553K->385553K(516096K), 0.0008748 secs] [Times: user=0.00 sys=0.00, real=0.00 secs] 
132.596: [Full GC (Allocation Failure) [PSYoungGen: 6144K->0K(49664K)] [ParOldGen: 379409K->57873K(466432K)] 385553K->57873K(516096K), [Metaspace: 2796K->2796K(1056768K)], 0.0053231 secs] [Times: user=0.00 sys=0.00, real=0.00 secs] 
133.592: [GC (Allocation Failure) [PSYoungGen: 33590K->6144K(49664K)] 193863K->166417K(516096K), 0.0009914 secs] [Times: user=0.00 sys=0.00, real=0.00 secs] 
133.811: [GC (Allocation Failure) [PSYoungGen: 27448K->1024K(49664K)] 187722K->181777K(516096K), 0.0015579 secs] [Times: user=0.00 sys=0.00, real=0.00 secs] 
135.121: [GC (Allocation Failure) [PSYoungGen: 39727K->0K(49664K)] 374080K->344593K(516096K), 0.0014127 secs] [Times: user=0.00 sys=0.00, real=0.00 secs] 
135.446: [GC (Allocation Failure) [PSYoungGen: 31540K->0K(49664K)] 427333K->406033K(516096K), 0.0012607 secs] [Times: user=0.00 sys=0.00, real=0.00 secs] 
135.448: [GC (Allocation Failure) [PSYoungGen: 0K->0K(49664K)] 406033K->406033K(516096K), 0.0008049 secs] [Times: user=0.00 sys=0.00, real=0.00 secs] 
135.448: [Full GC (Allocation Failure) [PSYoungGen: 0K->0K(49664K)] [ParOldGen: 406033K->61969K(466432K)] 406033K->61969K(516096K), [Metaspace: 2796K->2796K(1056768K)], 0.0055647 secs] [Times: user=0.00 sys=0.00, real=0.01 secs] 
136.444: [GC (Allocation Failure) [PSYoungGen: 33591K->5120K(49664K)] 197960K->174609K(516096K), 0.0012230 secs] [Times: user=0.00 sys=0.00, real=0.00 secs] 
136.662: [GC (Allocation Failure) [PSYoungGen: 26425K->0K(49664K)] 195914K->179729K(516096K), 0.0011495 secs] [Times: user=0.00 sys=0.00, real=0.00 secs] 
137.535: [GC (Allocation Failure) [PSYoungGen: 38703K->5120K(49664K)] 372033K->364049K(516096K), 0.0023364 secs] [Times: user=0.00 sys=0.00, real=0.00 secs] 
138.081: [GC (Allocation Failure) [PSYoungGen: 41780K->0K(49664K)] 400710K->369169K(516096K), 0.0012574 secs] [Times: user=0.00 sys=0.00, real=0.00 secs] 
139.174: [GC (Allocation Failure) [PSYoungGen: 36657K->5120K(49664K)] 457026K->430609K(516096K), 0.0010712 secs] [Times: user=0.00 sys=0.00, real=0.00 secs] 
139.175: [Full GC (Ergonomics) [PSYoungGen: 5120K->0K(49664K)] [ParOldGen: 425489K->10769K(466432K)] 430609K->10769K(516096K), [Metaspace: 2796K->2796K(1056768K)], 0.0024730 secs] [Times: user=0.00 sys=0.00, real=0.00 secs] 
139.500: [GC (Allocation Failure) [PSYoungGen: 26421K->0K(49664K)] 37190K->21009K(516096K), 0.0010374 secs] [Times: user=0.00 sys=0.00, real=0.00 secs] 
140.377: [GC (Allocation Failure) [PSYoungGen: 38703K->5120K(49664K)] 213312K->179729K(516096K), 0.0008909 secs] [Times: user=0.00 sys=0.00, real=0.00 secs] 
140.923: [GC (Allocation Failure) [PSYoungGen: 41780K->5120K(49664K)] 216389K->189969K(516096K), 0.0014759 secs] [Times: user=0.00 sys=0.00, real=0.00 secs] 
141.799: [GC (Allocation Failure) [PSYoungGen: 43825K->6144K(49664K)] 382274K->349713K(516096K), 0.0011763 secs] [Times: user=0.00 sys=0.00, real=0.00 secs] 
143.329: [GC (Allocation Failure) [PSYoungGen: 44853K->6144K(49664K)] 388422K->349713K(516096K), 0.0009375 secs] [Times: user=0.00 sys=0.00, real=0.00 secs] 
143.765: [GC (Allocation Failure) [PSYoungGen: 37682K->1024K(49664K)] 381251K->365073K(516096K), 0.0018805 secs] [Times: user=0.00 sys=0.00, real=0.00 secs] 
143.984: [GC (Allocation Failure) [PSYoungGen: 22318K->1024K(49664K)] 437568K->416273K(516096K), 0.0009419 secs] [Times: user=0.00 sys=0.00, real=0.00 secs] 
143.985: [GC (Allocation Failure) [PSYoungGen: 1024K->1024K(49664K)] 416273K->416273K(516096K), 0.0007623 secs] [Times: user=0.00 sys=0.00, real=0.00 secs] 
143.986: [Full GC (Allocation Failure) [PSYoungGen: 1024K->0K(49664K)] [ParOldGen: 415249K->62993K(466432K)] 416273K->62993K(516096K), [Metaspace: 2796K->2796K(1056768K)], 0.0063348 secs] [Times: user=0.00 sys=0.00, real=0.01 secs] 
144.981: [GC (Allocation Failure) [PSYoungGen: 33587K->5120K(49664K)] 198981K->175633K(516096K), 0.0012616 secs] [Times: user=0.00 sys=0.00, real=0.00 secs] 
145.200: [GC (Allocation Failure) [PSYoungGen: 26423K->5120K(49664K)] 196936K->196113K(516096K), 0.0016439 secs] [Times: user=0.00 sys=0.00, real=0.00 secs] 
146.510: [GC (Allocation Failure) [PSYoungGen: 38702K->5120K(49664K)] 383295K->349713K(516096K), 0.0009157 secs] [Times: user=0.00 sys=0.00, real=0.00 secs] 
146.835: [GC (Allocation Failure) [PSYoungGen: 36659K->0K(49664K)] 432453K->416273K(516096K), 0.0021768 secs] [Times: user=0.00 sys=0.00, real=0.00 secs] 
146.838: [GC (Allocation Failure) [PSYoungGen: 0K->0K(49664K)] 416273K->416273K(516096K), 0.0007489 secs] [Times: user=0.00 sys=0.00, real=0.00 secs] 
146.838: [Full GC (Allocation Failure) [PSYoungGen: 0K->0K(49664K)] [ParOldGen: 416273K->72209K(466432K)] 416273K->72209K(516096K), [Metaspace: 2796K->2796K(1056768K)], 0.0061538 secs] [Times: user=0.00 sys=0.00, real=0.00 secs] 
147.834: [GC (Allocation Failure) [PSYoungGen: 33591K->5120K(49664K)] 208200K->184849K(516096K), 0.0010219 secs] [Times: user=0.00 sys=0.00, real=0.00 secs] 
148.053: [GC (Allocation Failure) [PSYoungGen: 26425K->5120K(49664K)] 206154K->195089K(516096K), 0.0014386 secs] [Times: user=0.00 sys=0.00, real=0.00 secs] 
148.925: [GC (Allocation Failure) [PSYoungGen: 43823K->5120K(49664K)] 387393K->353809K(516096K), 0.0013622 secs] [Times: user=0.00 sys=0.00, real=0.00 secs] 
149.472: [GC (Allocation Failure) [PSYoungGen: 41780K->5120K(49664K)] 390469K->369169K(516096K), 0.0015912 secs] [Times: user=0.00 sys=0.00, real=0.00 secs] 
149.689: [GC (Allocation Failure) [PSYoungGen: 26417K->5120K(49664K)] 441666K->420369K(516096K), 0.0009315 secs] [Times: user=0.00 sys=0.00, real=0.00 secs] 
149.690: [GC (Allocation Failure) [PSYoungGen: 5120K->5120K(49664K)] 420369K->420369K(516096K), 0.0008691 secs] [Times: user=0.00 sys=0.00, real=0.00 secs] 
149.691: [Full GC (Allocation Failure) [PSYoungGen: 5120K->0K(49664K)] [ParOldGen: 415249K->133649K(466432K)] 420369K->133649K(516096K), [Metaspace: 2796K->2796K(1056768K)], 0.0097690 secs] [Times: user=0.00 sys=0.00, real=0.01 secs] 
150.904: [GC (Allocation Failure) [PSYoungGen: 36661K->5120K(49664K)] 272710K->251409K(516096K), 0.0014752 secs] [Times: user=0.00 sys=0.00, real=0.00 secs] 
151.776: [GC (Allocation Failure) [PSYoungGen: 43832K->6144K(49664K)] 443721K->411153K(516096K), 0.0012973 secs] [Times: user=0.00 sys=0.00, real=0.00 secs] 
152.322: [GC (Allocation Failure) [PSYoungGen: 42810K->6144K(49664K)] 447819K->426513K(516096K), 0.0018782 secs] [Times: user=0.00 sys=0.00, real=0.00 secs] 
152.430: [GC (Allocation Failure) [PSYoungGen: 27444K->6144K(49664K)] 447814K->446993K(516096K), 0.0023858 secs] [Times: user=0.00 sys=0.00, real=0.00 secs] 
152.433: [Full GC (Ergonomics) [PSYoungGen: 6144K->0K(49664K)] [ParOldGen: 440849K->32273K(466432K)] 446993K->32273K(516096K), [Metaspace: 2796K->2796K(1056768K)], 0.0037511 secs] [Times: user=0.00 sys=0.00, real=0.00 secs] 
153.519: [GC (Allocation Failure) [PSYoungGen: 33580K->6144K(49664K)] 219454K->192017K(516096K), 0.0008554 secs] [Times: user=0.00 sys=0.00, real=0.00 secs] 
154.828: [GC (Allocation Failure) [PSYoungGen: 43826K->5120K(49664K)] 229700K->196113K(516096K), 0.0011943 secs] [Times: user=0.00 sys=0.00, real=0.00 secs] 
155.155: [GC (Allocation Failure) [PSYoungGen: 31536K->0K(49664K)] 222529K->211473K(516096K), 0.0015419 secs] [Times: user=0.00 sys=0.00, real=0.00 secs] 
156.030: [GC (Allocation Failure) [PSYoungGen: 38699K->5120K(49664K)] 403773K->375313K(516096K), 0.0010817 secs] [Times: user=0.00 sys=0.00, real=0.00 secs] 
156.576: [GC (Allocation Failure) [PSYoungGen: 41778K->5120K(49664K)] 411971K->385553K(516096K), 0.0017729 secs] [Times: user=0.00 sys=0.00, real=0.00 secs] 
156.796: [GC (Allocation Failure) [PSYoungGen: 26415K->5120K(49664K)] 458049K->457233K(516096K), 0.0023386 secs] [Times: user=0.00 sys=0.00, real=0.00 secs] 
156.799: [Full GC (Ergonomics) [PSYoungGen: 5120K->0K(49664K)] [ParOldGen: 452113K->92689K(466432K)] 457233K->92689K(516096K), [Metaspace: 2796K->2796K(1056768K)], 0.0074161 secs] [Times: user=0.00 sys=0.00, real=0.01 secs] 
158.555: [GC (Allocation Failure) [PSYoungGen: 40756K->1024K(49664K)] 389445K->349713K(516096K), 0.0008383 secs] [Times: user=0.00 sys=0.00, real=0.00 secs] 
159.212: [GC (Allocation Failure) [PSYoungGen: 32567K->5120K(49664K)] 381257K->358929K(516096K), 0.0010719 secs] [Times: user=0.00 sys=0.00, real=0.00 secs] 
159.433: [GC (Allocation Failure) [PSYoungGen: 26418K->5120K(49664K)] 380227K->369169K(516096K), 0.0014117 secs] [Times: user=0.00 sys=0.00, real=0.00 secs] 
159.652: [GC (Allocation Failure) [PSYoungGen: 26410K->5120K(49664K)] 441660K->420369K(516096K), 0.0010897 secs] [Times: user=0.00 sys=0.00, real=0.00 secs] 
159.653: [GC (Allocation Failure) [PSYoungGen: 5120K->5120K(49664K)] 420369K->420369K(516096K), 0.0007994 secs] [Times: user=0.00 sys=0.00, real=0.00 secs] 
159.654: [Full GC (Allocation Failure) [PSYoungGen: 5120K->0K(49664K)] [ParOldGen: 415249K->108049K(466432K)] 420369K->108049K(516096K), [Metaspace: 2796K->2796K(1056768K)], 0.0084923 secs] [Times: user=0.00 sys=0.00, real=0.01 secs] 
160.655: [GC (Allocation Failure) [PSYoungGen: 33585K->5120K(49664K)] 244034K->220689K(516096K), 0.0010280 secs] [Times: user=0.00 sys=0.00, real=0.00 secs] 
160.873: [GC (Allocation Failure) [PSYoungGen: 26421K->5120K(49664K)] 241991K->230929K(516096K), 0.0016950 secs] [Times: user=0.00 sys=0.00, real=0.00 secs] 
162.075: [GC (Allocation Failure) [PSYoungGen: 37677K->5120K(49664K)] 417086K->389649K(516096K), 0.0010587 secs] [Times: user=0.00 sys=0.00, real=0.00 secs] 
162.292: [GC (Allocation Failure) [PSYoungGen: 26418K->0K(49664K)] 410948K->394769K(516096K), 0.0012417 secs] [Times: user=0.00 sys=0.00, real=0.00 secs] 
162.512: [Full GC (Ergonomics) [PSYoungGen: 21291K->0K(49664K)] [ParOldGen: 445969K->56849K(466432K)] 467261K->56849K(516096K), [Metaspace: 2796K->2796K(1056768K)], 0.0053072 secs] [Times: user=0.00 sys=0.00, real=0.00 secs] 
163.499: [GC (Allocation Failure) [PSYoungGen: 33585K->6144K(49664K)] 192835K->165393K(516096K), 0.0008397 secs] [Times: user=0.00 sys=0.00, real=0.00 secs] 
163.718: [GC (Allocation Failure) [PSYoungGen: 27445K->1024K(49664K)] 186695K->180753K(516096K), 0.0014983 secs] [Times: user=0.00 sys=0.00, real=0.00 secs] 
164.597: [GC (Allocation Failure) [PSYoungGen: 39725K->6144K(49664K)] 373054K->344593K(516096K), 0.0011674 secs] [Times: user=0.00 sys=0.00, real=0.00 secs] 
165.692: [GC (Allocation Failure) [PSYoungGen: 42803K->0K(49664K)] 381252K->348689K(516096K), 0.0012400 secs] [Times: user=0.00 sys=0.00, real=0.00 secs] 
166.350: [GC (Allocation Failure) [PSYoungGen: 31536K->5120K(49664K)] 380225K->358929K(516096K), 0.0010233 secs] [Times: user=0.00 sys=0.00, real=0.00 secs] 
166.570: [GC (Allocation Failure) [PSYoungGen: 26413K->5120K(49664K)] 380222K->369169K(516096K), 0.0018637 secs] [Times: user=0.00 sys=0.00, real=0.00 secs] 
166.788: [GC (Allocation Failure) [PSYoungGen: 26407K->5120K(49664K)] 441657K->440849K(516096K), 0.0023740 secs] [Times: user=0.00 sys=0.00, real=0.00 secs] 
166.791: [Full GC (Ergonomics) [PSYoungGen: 5120K->0K(49664K)] [ParOldGen: 435729K->77329K(466432K)] 440849K->77329K(516096K), [Metaspace: 2796K->2796K(1056768K)], 0.0062790 secs] [Times: user=0.00 sys=0.00, real=0.01 secs] 
167.786: [GC (Allocation Failure) [PSYoungGen: 33583K->5120K(49664K)] 213312K->189969K(516096K), 0.0010813 secs] [Times: user=0.00 sys=0.00, real=0.00 secs] 
168.005: [GC (Allocation Failure) [PSYoungGen: 26420K->5120K(49664K)] 211269K->200209K(516096K), 0.0014638 secs] [Times: user=0.00 sys=0.00, real=0.00 secs] 
168.878: [GC (Allocation Failure) [PSYoungGen: 43820K->5120K(49664K)] 392509K->358929K(516096K), 0.0012206 secs] [Times: user=0.00 sys=0.00, real=0.00 secs] 
169.643: [GC (Allocation Failure) [PSYoungGen: 11058K->0K(49664K)] 416067K->405009K(516096K), 0.0009224 secs] [Times: user=0.00 sys=0.00, real=0.00 secs] 
169.644: [GC (Allocation Failure) [PSYoungGen: 0K->0K(49664K)] 405009K->405009K(516096K), 0.0009992 secs] [Times: user=0.00 sys=0.00, real=0.00 secs] 
169.645: [Full GC (Allocation Failure) [PSYoungGen: 0K->0K(49664K)] [ParOldGen: 405009K->51729K(466432K)] 405009K->51729K(516096K), [Metaspace: 2796K->2796K(1056768K)], 0.0051243 secs] [Times: user=0.00 sys=0.00, real=0.00 secs] 
170.644: [GC (Allocation Failure) [PSYoungGen: 33586K->5120K(49664K)] 187715K->164369K(516096K), 0.0009287 secs] [Times: user=0.00 sys=0.00, real=0.00 secs] 
170.862: [GC (Allocation Failure) [PSYoungGen: 26422K->5120K(49664K)] 185671K->174609K(516096K), 0.0016319 secs] [Times: user=0.00 sys=0.00, real=0.00 secs] 
171.737: [GC (Allocation Failure) [PSYoungGen: 43821K->6144K(49664K)] 366911K->334353K(516096K), 0.0010504 secs] [Times: user=0.00 sys=0.00, real=0.00 secs] 
172.283: [GC (Allocation Failure) [PSYoungGen: 42803K->6144K(49664K)] 371012K->349713K(516096K), 0.0018818 secs] [Times: user=0.00 sys=0.00, real=0.00 secs] 
172.501: [GC (Allocation Failure) [PSYoungGen: 27440K->6144K(49664K)] 422209K->400913K(516096K), 0.0010499 secs] [Times: user=0.00 sys=0.00, real=0.00 secs] 
172.502: [GC (Allocation Failure) [PSYoungGen: 6144K->6144K(49664K)] 400913K->400913K(516096K), 0.0008246 secs] [Times: user=0.00 sys=0.00, real=0.00 secs] 
172.503: [Full GC (Allocation Failure) [PSYoungGen: 6144K->0K(49664K)] [ParOldGen: 394769K->165393K(466432K)] 400913K->165393K(516096K), [Metaspace: 2796K->2796K(1056768K)], 0.0122663 secs] [Times: user=0.00 sys=0.00, real=0.01 secs] 
173.720: [GC (Allocation Failure) [PSYoungGen: 28468K->0K(49664K)] 296262K->288273K(516096K), 0.0016290 secs] [Times: user=0.00 sys=0.00, real=0.00 secs] 
174.591: [Full GC (Ergonomics) [PSYoungGen: 38711K->0K(49664K)] [ParOldGen: 441873K->21009K(466432K)] 480585K->21009K(516096K), [Metaspace: 2796K->2796K(1056768K)], 0.0032247 secs] [Times: user=0.00 sys=0.00, real=0.00 secs] 
175.135: [GC (Allocation Failure) [PSYoungGen: 36665K->0K(49664K)] 57675K->41489K(516096K), 0.0013302 secs] [Times: user=0.00 sys=0.00, real=0.00 secs] 
176.007: [GC (Allocation Failure) [PSYoungGen: 38708K->5120K(49664K)] 233798K->205329K(516096K), 0.0012172 secs] [Times: user=0.00 sys=0.00, real=0.00 secs] 
176.554: [GC (Allocation Failure) [PSYoungGen: 41783K->5120K(49664K)] 241993K->215569K(516096K), 0.0016193 secs] [Times: user=0.00 sys=0.00, real=0.00 secs] 
177.537: [GC (Allocation Failure) [PSYoungGen: 41779K->5120K(49664K)] 252228K->220689K(516096K), 0.0011472 secs] [Times: user=0.00 sys=0.00, real=0.00 secs] 
177.972: [GC (Allocation Failure) [PSYoungGen: 36656K->5120K(49664K)] 252225K->230929K(516096K), 0.0015275 secs] [Times: user=0.00 sys=0.00, real=0.00 secs] 
178.844: [GC (Allocation Failure) [PSYoungGen: 43821K->5120K(49664K)] 423231K->389649K(516096K), 0.0010664 secs] [Times: user=0.00 sys=0.00, real=0.00 secs] 
179.389: [GC (Allocation Failure) [PSYoungGen: 41779K->5120K(49664K)] 426308K->405009K(516096K), 0.0018073 secs] [Times: user=0.00 sys=0.00, real=0.00 secs] 
179.606: [Full GC (Ergonomics) [PSYoungGen: 26416K->0K(49664K)] [ParOldGen: 451089K->113169K(466432K)] 477505K->113169K(516096K), [Metaspace: 2796K->2796K(1056768K)], 0.0091179 secs] [Times: user=0.00 sys=0.00, real=0.01 secs] 
181.589: [GC (Allocation Failure) [PSYoungGen: 40757K->6144K(49664K)] 358726K->324113K(516096K), 0.0009180 secs] [Times: user=0.00 sys=0.00, real=0.00 secs] 
182.133: [GC (Allocation Failure) [PSYoungGen: 37687K->6144K(49664K)] 355657K->334353K(516096K), 0.0016087 secs] [Times: user=0.00 sys=0.00, real=0.00 secs] 
182.460: [GC (Allocation Failure) [PSYoungGen: 37682K->6144K(49664K)] 417091K->385553K(516096K), 0.0009196 secs] [Times: user=0.00 sys=0.00, real=0.00 secs] 
182.461: [GC (Allocation Failure) [PSYoungGen: 6144K->6144K(49664K)] 385553K->385553K(516096K), 0.0007300 secs] [Times: user=0.00 sys=0.00, real=0.00 secs] 
182.462: [Full GC (Allocation Failure) [PSYoungGen: 6144K->0K(49664K)] [ParOldGen: 379409K->57873K(466432K)] 385553K->57873K(516096K), [Metaspace: 2796K->2796K(1056768K)], 0.0051686 secs] [Times: user=0.00 sys=0.00, real=0.01 secs] 
183.461: [GC (Allocation Failure) [PSYoungGen: 33590K->6144K(49664K)] 193863K->166417K(516096K), 0.0008305 secs] [Times: user=0.00 sys=0.00, real=0.00 secs] 
183.679: [GC (Allocation Failure) [PSYoungGen: 27448K->1024K(49664K)] 187722K->181777K(516096K), 0.0017253 secs] [Times: user=0.00 sys=0.00, real=0.00 secs] 
184.986: [GC (Allocation Failure) [PSYoungGen: 39727K->0K(49664K)] 374080K->344593K(516096K), 0.0013062 secs] [Times: user=0.02 sys=0.00, real=0.00 secs] 
185.312: [GC (Allocation Failure) [PSYoungGen: 31540K->0K(49664K)] 427333K->406033K(516096K), 0.0013028 secs] [Times: user=0.00 sys=0.00, real=0.00 secs] 
185.314: [GC (Allocation Failure) [PSYoungGen: 0K->0K(49664K)] 406033K->406033K(516096K), 0.0011222 secs] [Times: user=0.00 sys=0.00, real=0.00 secs] 
185.315: [Full GC (Allocation Failure) [PSYoungGen: 0K->0K(49664K)] [ParOldGen: 406033K->61969K(466432K)] 406033K->61969K(516096K), [Metaspace: 2796K->2796K(1056768K)], 0.0063141 secs] [Times: user=0.00 sys=0.00, real=0.01 secs] 
186.311: [GC (Allocation Failure) [PSYoungGen: 33591K->5120K(49664K)] 197960K->174609K(516096K), 0.0010860 secs] [Times: user=0.00 sys=0.00, real=0.00 secs] 
186.527: [GC (Allocation Failure) [PSYoungGen: 26425K->5120K(49664K)] 195914K->184849K(516096K), 0.0015791 secs] [Times: user=0.00 sys=0.00, real=0.00 secs] 
187.397: [GC (Allocation Failure) [PSYoungGen: 43823K->5120K(49664K)] 377153K->369169K(516096K), 0.0028519 secs] [Times: user=0.00 sys=0.00, real=0.00 secs] 
187.943: [GC (Allocation Failure) [PSYoungGen: 41780K->5120K(49664K)] 405830K->379409K(516096K), 0.0013936 secs] [Times: user=0.00 sys=0.00, real=0.00 secs] 
189.036: [Full GC (Ergonomics) [PSYoungGen: 41777K->0K(49664K)] [ParOldGen: 425489K->11264K(466432K)] 467266K->11264K(516096K), [Metaspace: 2796K->2796K(1056768K)], 0.0025182 secs] [Times: user=0.00 sys=0.00, real=0.00 secs] 
189.364: [GC (Allocation Failure) [PSYoungGen: 26421K->0K(49664K)] 37685K->21504K(516096K), 0.0011902 secs] [Times: user=0.00 sys=0.00, real=0.00 secs] 
190.238: [GC (Allocation Failure) [PSYoungGen: 38703K->5120K(49664K)] 213807K->180224K(516096K), 0.0007651 secs] [Times: user=0.00 sys=0.00, real=0.00 secs] 
190.788: [GC (Allocation Failure) [PSYoungGen: 41780K->5120K(49664K)] 216884K->190464K(516096K), 0.0014502 secs] [Times: user=0.00 sys=0.00, real=0.00 secs] 
191.663: [GC (Allocation Failure) [PSYoungGen: 43825K->6176K(49664K)] 382769K->350240K(516096K), 0.0014671 secs] [Times: user=0.00 sys=0.00, real=0.00 secs] 
193.190: [GC (Allocation Failure) [PSYoungGen: 44885K->6176K(49664K)] 388949K->350240K(516096K), 0.0013909 secs] [Times: user=0.00 sys=0.00, real=0.00 secs] 
193.627: [GC (Allocation Failure) [PSYoungGen: 37714K->1056K(49664K)] 381778K->365600K(516096K), 0.0018352 secs] [Times: user=0.00 sys=0.00, real=0.00 secs] 
193.846: [GC (Allocation Failure) [PSYoungGen: 22350K->1056K(49664K)] 438094K->416800K(516096K), 0.0012027 secs] [Times: user=0.00 sys=0.00, real=0.00 secs] 
193.847: [GC (Allocation Failure) [PSYoungGen: 1056K->1056K(49664K)] 416800K->416800K(516096K), 0.0016053 secs] [Times: user=0.00 sys=0.00, real=0.00 secs] 
193.849: [Full GC (Allocation Failure) [PSYoungGen: 1056K->0K(49664K)] [ParOldGen: 415744K->62993K(466432K)] 416800K->62993K(516096K), [Metaspace: 2796K->2796K(1056768K)], 0.0062637 secs] [Times: user=0.00 sys=0.00, real=0.00 secs] 
194.846: [GC (Allocation Failure) [PSYoungGen: 33587K->5184K(49664K)] 198981K->175697K(516096K), 0.0011466 secs] [Times: user=0.00 sys=0.00, real=0.00 secs] 
195.065: [GC (Allocation Failure) [PSYoungGen: 26487K->64K(49664K)] 197000K->191057K(516096K), 0.0014178 secs] [Times: user=0.00 sys=0.00, real=0.00 secs] 
196.382: [GC (Allocation Failure) [PSYoungGen: 33646K->5184K(49664K)] 378239K->349777K(516096K), 0.0008392 secs] [Times: user=0.00 sys=0.00, real=0.00 secs] 
196.709: [GC (Allocation Failure) [PSYoungGen: 36723K->64K(49664K)] 432517K->416337K(516096K), 0.0019773 secs] [Times: user=0.00 sys=0.00, real=0.00 secs] 
196.711: [GC (Allocation Failure) [PSYoungGen: 64K->32K(49664K)] 416337K->416305K(516096K), 0.0007979 secs] [Times: user=0.00 sys=0.00, real=0.00 secs] 
196.712: [Full GC (Allocation Failure) [PSYoungGen: 32K->0K(49664K)] [ParOldGen: 416273K->72209K(466432K)] 416305K->72209K(516096K), [Metaspace: 2796K->2796K(1056768K)], 0.0065718 secs] [Times: user=0.00 sys=0.00, real=0.01 secs] 
197.708: [GC (Allocation Failure) [PSYoungGen: 33591K->5120K(49664K)] 208200K->184849K(516096K), 0.0011011 secs] [Times: user=0.00 sys=0.00, real=0.00 secs] 
197.926: [GC (Allocation Failure) [PSYoungGen: 26425K->5120K(49664K)] 206155K->195089K(516096K), 0.0016029 secs] [Times: user=0.00 sys=0.00, real=0.00 secs] 
198.798: [GC (Allocation Failure) [PSYoungGen: 43823K->5120K(49664K)] 387393K->353809K(516096K), 0.0009896 secs] [Times: user=0.00 sys=0.00, real=0.00 secs] 
199.344: [GC (Allocation Failure) [PSYoungGen: 41780K->5120K(49664K)] 390470K->369169K(516096K), 0.0017368 secs] [Times: user=0.00 sys=0.00, real=0.00 secs] 
199.564: [GC (Allocation Failure) [PSYoungGen: 26417K->5120K(49664K)] 441667K->420369K(516096K), 0.0010191 secs] [Times: user=0.00 sys=0.00, real=0.00 secs] 
199.565: [GC (Allocation Failure) [PSYoungGen: 5120K->5120K(49664K)] 420369K->420369K(516096K), 0.0008640 secs] [Times: user=0.00 sys=0.00, real=0.00 secs] 
199.566: [Full GC (Allocation Failure) [PSYoungGen: 5120K->0K(49664K)] [ParOldGen: 415249K->133649K(466432K)] 420369K->133649K(516096K), [Metaspace: 2796K->2796K(1056768K)], 0.0102601 secs] [Times: user=0.00 sys=0.00, real=0.01 secs] 
200.782: [GC (Allocation Failure) [PSYoungGen: 36661K->5120K(49664K)] 272711K->251409K(516096K), 0.0017760 secs] [Times: user=0.01 sys=0.00, real=0.00 secs] 
201.656: [GC (Allocation Failure) [PSYoungGen: 43832K->6144K(49664K)] 443722K->411153K(516096K), 0.0011687 secs] [Times: user=0.00 sys=0.00, real=0.00 secs] 
202.203: [GC (Allocation Failure) [PSYoungGen: 42810K->6144K(49664K)] 447820K->426513K(516096K), 0.0020583 secs] [Times: user=0.00 sys=0.00, real=0.00 secs] 
202.312: [GC (Allocation Failure) [PSYoungGen: 27444K->6144K(49664K)] 447814K->446993K(516096K), 0.0024377 secs] [Times: user=0.00 sys=0.00, real=0.00 secs] 
202.314: [Full GC (Ergonomics) [PSYoungGen: 6144K->0K(49664K)] [ParOldGen: 440849K->32273K(466432K)] 446993K->32273K(516096K), [Metaspace: 2796K->2796K(1056768K)], 0.0039642 secs] [Times: user=0.00 sys=0.00, real=0.00 secs] 
203.402: [GC (Allocation Failure) [PSYoungGen: 33580K->6144K(49664K)] 219454K->192017K(516096K), 0.0009669 secs] [Times: user=0.00 sys=0.00, real=0.00 secs] 
204.712: [GC (Allocation Failure) [PSYoungGen: 43826K->5120K(49664K)] 229700K->196113K(516096K), 0.0009906 secs] [Times: user=0.00 sys=0.00, real=0.00 secs] 
205.042: [GC (Allocation Failure) [PSYoungGen: 31536K->5120K(49664K)] 222529K->216593K(516096K), 0.0019329 secs] [Times: user=0.00 sys=0.00, real=0.00 secs] 
205.919: [GC (Allocation Failure) [PSYoungGen: 43819K->5120K(49664K)] 408893K->380433K(516096K), 0.0014793 secs] [Times: user=0.00 sys=0.00, real=0.00 secs] 
206.464: [GC (Allocation Failure) [PSYoungGen: 41778K->5120K(49664K)] 417092K->390673K(516096K), 0.0016947 secs] [Times: user=0.00 sys=0.00, real=0.00 secs] 
206.683: [GC (Allocation Failure) [PSYoungGen: 26415K->5120K(49664K)] 463169K->462353K(516096K), 0.0023863 secs] [Times: user=0.00 sys=0.00, real=0.00 secs] 
206.685: [Full GC (Ergonomics) [PSYoungGen: 5120K->0K(49664K)] [ParOldGen: 457233K->92689K(466432K)] 462353K->92689K(516096K), [Metaspace: 2796K->2796K(1056768K)], 0.0074976 secs] [Times: user=0.00 sys=0.00, real=0.01 secs] 
208.446: [GC (Allocation Failure) [PSYoungGen: 40756K->1024K(49664K)] 389446K->349713K(516096K), 0.0006700 secs] [Times: user=0.00 sys=0.00, real=0.00 secs] 
209.102: [GC (Allocation Failure) [PSYoungGen: 32567K->5120K(49664K)] 381257K->358929K(516096K), 0.0011269 secs] [Times: user=0.00 sys=0.00, real=0.00 secs] 
209.321: [GC (Allocation Failure) [PSYoungGen: 26418K->5120K(49664K)] 380228K->369169K(516096K), 0.0015882 secs] [Times: user=0.00 sys=0.00, real=0.00 secs] 
209.538: [GC (Allocation Failure) [PSYoungGen: 26410K->5120K(49664K)] 441660K->420369K(516096K), 0.0009742 secs] [Times: user=0.00 sys=0.00, real=0.00 secs] 
209.539: [GC (Allocation Failure) [PSYoungGen: 5120K->5120K(49664K)] 420369K->420369K(516096K), 0.0008671 secs] [Times: user=0.00 sys=0.00, real=0.00 secs] 
209.540: [Full GC (Allocation Failure) [PSYoungGen: 5120K->0K(49664K)] [ParOldGen: 415249K->108049K(466432K)] 420369K->108049K(516096K), [Metaspace: 2796K->2796K(1056768K)], 0.0084754 secs] [Times: user=0.00 sys=0.00, real=0.01 secs] 
210.538: [GC (Allocation Failure) [PSYoungGen: 33585K->5120K(49664K)] 244035K->220689K(516096K), 0.0010023 secs] [Times: user=0.00 sys=0.00, real=0.00 secs] 
210.756: [GC (Allocation Failure) [PSYoungGen: 26421K->5120K(49664K)] 241991K->230929K(516096K), 0.0017786 secs] [Times: user=0.00 sys=0.00, real=0.00 secs] 
211.956: [GC (Allocation Failure) [PSYoungGen: 37677K->5120K(49664K)] 417087K->389649K(516096K), 0.0009691 secs] [Times: user=0.00 sys=0.00, real=0.00 secs] 
212.174: [GC (Allocation Failure) [PSYoungGen: 26418K->0K(49664K)] 410948K->394769K(516096K), 0.0015335 secs] [Times: user=0.00 sys=0.00, real=0.00 secs] 
212.391: [Full GC (Ergonomics) [PSYoungGen: 21291K->0K(49664K)] [ParOldGen: 445969K->56849K(466432K)] 467261K->56849K(516096K), [Metaspace: 2796K->2796K(1056768K)], 0.0053820 secs] [Times: user=0.01 sys=0.00, real=0.00 secs] 
213.387: [GC (Allocation Failure) [PSYoungGen: 33585K->6144K(49664K)] 192835K->165393K(516096K), 0.0011025 secs] [Times: user=0.00 sys=0.00, real=0.00 secs] 
213.605: [GC (Allocation Failure) [PSYoungGen: 27445K->1024K(49664K)] 186695K->180753K(516096K), 0.0015910 secs] [Times: user=0.00 sys=0.00, real=0.00 secs] 
214.480: [GC (Allocation Failure) [PSYoungGen: 39725K->6144K(49664K)] 373055K->344593K(516096K), 0.0012398 secs] [Times: user=0.00 sys=0.00, real=0.00 secs] 
215.570: [GC (Allocation Failure) [PSYoungGen: 42803K->0K(49664K)] 381252K->348689K(516096K), 0.0012969 secs] [Times: user=0.00 sys=0.00, real=0.00 secs] 
216.224: [GC (Allocation Failure) [PSYoungGen: 31536K->5120K(49664K)] 380226K->358929K(516096K), 0.0011697 secs] [Times: user=0.00 sys=0.00, real=0.00 secs] 
216.442: [GC (Allocation Failure) [PSYoungGen: 26413K->5120K(49664K)] 380223K->369169K(516096K), 0.0018231 secs] [Times: user=0.00 sys=0.00, real=0.00 secs] 
216.660: [GC (Allocation Failure) [PSYoungGen: 26407K->5120K(49664K)] 441657K->440849K(516096K), 0.0024103 secs] [Times: user=0.00 sys=0.00, real=0.00 secs] 
216.662: [Full GC (Ergonomics) [PSYoungGen: 5120K->0K(49664K)] [ParOldGen: 435729K->77329K(466432K)] 440849K->77329K(516096K), [Metaspace: 2796K->2796K(1056768K)], 0.0063333 secs] [Times: user=0.00 sys=0.00, real=0.01 secs] 
217.653: [GC (Allocation Failure) [PSYoungGen: 33583K->5120K(49664K)] 213313K->189969K(516096K), 0.0012572 secs] [Times: user=0.00 sys=0.00, real=0.00 secs] 
217.872: [GC (Allocation Failure) [PSYoungGen: 26420K->5120K(49664K)] 211270K->200209K(516096K), 0.0014074 secs] [Times: user=0.00 sys=0.00, real=0.00 secs] 
218.746: [GC (Allocation Failure) [PSYoungGen: 43820K->5120K(49664K)] 392510K->358929K(516096K), 0.0011369 secs] [Times: user=0.00 sys=0.00, real=0.00 secs] 
Heap
 PSYoungGen      total 49664K, used 11888K [0x00000000fc780000, 0x0000000100000000, 0x0000000100000000)
  eden space 41472K, 16% used [0x00000000fc780000,0x00000000fce1c0c0,0x00000000ff000000)
  from space 8192K, 62% used [0x00000000ff800000,0x00000000ffd00010,0x0000000100000000)
  to   space 8192K, 0% used [0x00000000ff000000,0x00000000ff000000,0x00000000ff800000)
 ParOldGen       total 466432K, used 353809K [0x00000000e0000000, 0x00000000fc780000, 0x00000000fc780000)
  object space 466432K, 75% used [0x00000000e0000000,0x00000000f5984770,0x00000000fc780000)
 Metaspace       used 2804K, capacity 4486K, committed 4864K, reserved 1056768K
  class space    used 297K, capacity 386K, committed 512K, reserved 1048576K
