Java HotSpot(TM) 64-Bit Server VM (25.411-b09) for windows-amd64 JRE (1.8.0_411-b09), built on Mar 13 2024 07:26:13 by "java_re" with MS VC++ 17.1 (VS2022)
Memory: 4k page, physical 33403376k(12854800k free), swap 40595968k(7927124k free)
CommandLine flags: -XX:InitialHeapSize=2147483648 -XX:MaxHeapSize=2147483648 -XX:NewRatio=7 -XX:ParallelGCThreads=3 -XX:+PrintGC -XX:+PrintGCDetails -XX:+PrintGCTimeStamps -XX:-UseAdaptiveSizePolicy -XX:+UseCompressedClassPointers -XX:+UseCompressedOops -XX:-UseLargePagesIndividualAllocation -XX:+UseParallelGC 
2.636: [GC (Allocation Failure) [PSYoungGen: 182968K->22120K(229376K)] 285368K->124528K(2064384K), 0.0044143 secs] [Times: user=0.00 sys=0.00, real=0.00 secs] 
3.507: [GC (Allocation Failure) [PSYoungGen: 215492K->17992K(229376K)] 317900K->120400K(2064384K), 0.0036976 secs] [Times: user=0.00 sys=0.00, real=0.00 secs] 
6.816: [GC (Allocation Failure) [PSYoungGen: 211363K->31304K(229376K)] 416171K->236112K(2064384K), 0.0046225 secs] [Times: user=0.00 sys=0.00, real=0.00 secs] 
7.579: [GC (Allocation Failure) [PSYoungGen: 226641K->31304K(229376K)] 431449K->251472K(2064384K), 0.0067278 secs] [Times: user=0.00 sys=0.00, real=0.01 secs] 
8.999: [GC (Allocation Failure) [PSYoungGen: 224656K->5704K(229376K)] 444824K->277080K(2064384K), 0.0162418 secs] [Times: user=0.00 sys=0.00, real=0.02 secs] 
11.335: [GC (Allocation Failure) [PSYoungGen: 199050K->31304K(229376K)] 572826K->405080K(2064384K), 0.0031632 secs] [Times: user=0.00 sys=0.00, real=0.00 secs] 
12.641: [GC (Allocation Failure) [PSYoungGen: 220817K->15944K(229376K)] 594593K->389728K(2064384K), 0.0019131 secs] [Times: user=0.00 sys=0.00, real=0.00 secs] 
13.515: [GC (Allocation Failure) [PSYoungGen: 209282K->11864K(229376K)] 583066K->385656K(2064384K), 0.0019059 secs] [Times: user=0.00 sys=0.00, real=0.00 secs] 
16.714: [GC (Allocation Failure) [PSYoungGen: 205194K->10808K(229376K)] 681386K->487000K(2064384K), 0.0020570 secs] [Times: user=0.00 sys=0.00, real=0.00 secs] 
18.489: [GC (Allocation Failure) [PSYoungGen: 178552K->31288K(229376K)] 757145K->630360K(2064384K), 0.0078058 secs] [Times: user=0.00 sys=0.00, real=0.01 secs] 
19.906: [GC (Allocation Failure) [PSYoungGen: 209282K->5688K(229376K)] 808354K->604768K(2064384K), 0.0016483 secs] [Times: user=0.00 sys=0.00, real=0.00 secs] 
20.999: [GC (Allocation Failure) [PSYoungGen: 193914K->10808K(229376K)] 792994K->712288K(2064384K), 0.0335816 secs] [Times: user=0.00 sys=0.03, real=0.03 secs] 
22.807: [GC (Allocation Failure) [PSYoungGen: 178550K->32312K(229376K)] 982430K->836192K(2064384K), 0.0040076 secs] [Times: user=0.00 sys=0.00, real=0.00 secs] 
24.113: [GC (Allocation Failure) [PSYoungGen: 215424K->21048K(229376K)] 1019304K->824928K(2064384K), 0.0030857 secs] [Times: user=0.00 sys=0.00, real=0.00 secs] 
24.983: [GC (Allocation Failure) [PSYoungGen: 214393K->21048K(229376K)] 1018273K->824928K(2064384K), 0.0028476 secs] [Times: user=0.00 sys=0.00, real=0.00 secs] 
27.841: [GC (Allocation Failure) [PSYoungGen: 214389K->5216K(229376K)] 1120670K->912040K(2064384K), 0.0021784 secs] [Times: user=0.00 sys=0.00, real=0.00 secs] 
29.945: [GC (Allocation Failure) [PSYoungGen: 189159K->30784K(229376K)] 1198383K->1091216K(2064384K), 0.0179433 secs] [Times: user=0.02 sys=0.00, real=0.02 secs] 
32.052: [GC (Allocation Failure) [PSYoungGen: 225167K->6208K(229376K)] 1387999K->1169048K(2064384K), 0.0023511 secs] [Times: user=0.00 sys=0.00, real=0.00 secs] 
34.268: [GC (Allocation Failure) [PSYoungGen: 194452K->17472K(229376K)] 1459692K->1303200K(2064384K), 0.0083355 secs] [Times: user=0.00 sys=0.00, real=0.01 secs] 
35.577: [GC (Allocation Failure) [PSYoungGen: 200598K->20512K(229376K)] 1486327K->1306240K(2064384K), 0.0036782 secs] [Times: user=0.00 sys=0.00, real=0.00 secs] 
36.453: [GC (Allocation Failure) [PSYoungGen: 213866K->20544K(229376K)] 1499595K->1306272K(2064384K), 0.0031780 secs] [Times: user=0.00 sys=0.00, real=0.00 secs] 
38.554: [GC (Allocation Failure) [PSYoungGen: 203651K->20512K(229376K)] 1591780K->1449608K(2064384K), 0.0151607 secs] [Times: user=0.02 sys=0.00, real=0.02 secs] 
41.002: [GC (Allocation Failure) [PSYoungGen: 213868K->15392K(229376K)] 1745364K->1546888K(2064384K), 0.0032845 secs] [Times: user=0.00 sys=0.00, real=0.00 secs] 
44.183: [GC (Allocation Failure) [PSYoungGen: 199538K->21536K(229376K)] 1833434K->1655432K(2064384K), 0.0036623 secs] [Times: user=0.00 sys=0.00, real=0.00 secs] 
45.063: [GC (Allocation Failure) [PSYoungGen: 214901K->21536K(229376K)] 1848797K->1655432K(2064384K), 0.0034936 secs] [Times: user=0.00 sys=0.00, real=0.00 secs] 
47.168: [GC (Allocation Failure) [PSYoungGen: 173938K->20512K(229376K)] 1910234K->1777288K(2064384K), 0.0153075 secs] [Times: user=0.00 sys=0.00, real=0.02 secs] 
48.272: [GC (Allocation Failure) [PSYoungGen: 208757K->30752K(229376K)] 1965534K->1787528K(2064384K), 0.0050699 secs] [Times: user=0.00 sys=0.00, real=0.00 secs] 
48.706: [GC (Allocation Failure) --[PSYoungGen: 126826K->126826K(229376K)] 1883602K->1934802K(2064384K), 0.0189401 secs] [Times: user=0.00 sys=0.02, real=0.02 secs] 
48.725: [Full GC (Ergonomics) [PSYoungGen: 126826K->0K(229376K)] [ParOldGen: 1807976K->77329K(1835008K)] 1934802K->77329K(2064384K), [Metaspace: 2795K->2795K(1056768K)], 0.0288754 secs] [Times: user=0.00 sys=0.00, real=0.03 secs] 
50.063: [GC (Allocation Failure) [PSYoungGen: 177994K->25600K(229376K)] 255323K->102929K(2064384K), 0.0023915 secs] [Times: user=0.00 sys=0.00, real=0.00 secs] 
51.373: [GC (Allocation Failure) [PSYoungGen: 218930K->15360K(229376K)] 296259K->92689K(2064384K), 0.0014122 secs] [Times: user=0.00 sys=0.00, real=0.00 secs] 
52.244: [GC (Allocation Failure) [PSYoungGen: 208691K->11264K(229376K)] 286021K->88593K(2064384K), 0.0010724 secs] [Times: user=0.02 sys=0.00, real=0.00 secs] 
55.515: [GC (Allocation Failure) [PSYoungGen: 204582K->15360K(229376K)] 384312K->195089K(2064384K), 0.0015291 secs] [Times: user=0.00 sys=0.00, real=0.00 secs] 
56.277: [GC (Allocation Failure) [PSYoungGen: 208697K->20480K(229376K)] 388426K->200209K(2064384K), 0.0016613 secs] [Times: user=0.00 sys=0.00, real=0.00 secs] 
58.565: [GC (Allocation Failure) [PSYoungGen: 177983K->20480K(229376K)] 460113K->302609K(2064384K), 0.0021722 secs] [Times: user=0.00 sys=0.00, real=0.00 secs] 
59.658: [GC (Allocation Failure) [PSYoungGen: 208713K->10240K(229376K)] 490843K->343569K(2064384K), 0.0056799 secs] [Times: user=0.00 sys=0.00, real=0.01 secs] 
61.401: [GC (Allocation Failure) [PSYoungGen: 177986K->30720K(229376K)] 613716K->466449K(2064384K), 0.0027574 secs] [Times: user=0.00 sys=0.00, real=0.00 secs] 
62.709: [GC (Allocation Failure) [PSYoungGen: 218955K->15360K(229376K)] 654685K->451089K(2064384K), 0.0018512 secs] [Times: user=0.00 sys=0.00, real=0.00 secs] 
63.579: [GC (Allocation Failure) [PSYoungGen: 208707K->11264K(229376K)] 644437K->446993K(2064384K), 0.0013929 secs] [Times: user=0.00 sys=0.00, real=0.00 secs] 
66.745: [GC (Allocation Failure) [PSYoungGen: 204600K->10240K(229376K)] 742729K->548369K(2064384K), 0.0015380 secs] [Times: user=0.00 sys=0.00, real=0.00 secs] 
68.488: [GC (Allocation Failure) [PSYoungGen: 177988K->30720K(229376K)] 818518K->691729K(2064384K), 0.0040795 secs] [Times: user=0.00 sys=0.00, real=0.00 secs] 
69.908: [GC (Allocation Failure) [PSYoungGen: 208716K->5120K(229376K)] 869726K->666129K(2064384K), 0.0014582 secs] [Times: user=0.00 sys=0.00, real=0.00 secs] 
70.999: [GC (Allocation Failure) [PSYoungGen: 193347K->10240K(229376K)] 854357K->773649K(2064384K), 0.0156620 secs] [Times: user=0.00 sys=0.00, real=0.01 secs] 
72.760: [GC (Allocation Failure) [PSYoungGen: 177982K->31744K(229376K)] 1043792K->897553K(2064384K), 0.0031219 secs] [Times: user=0.00 sys=0.00, real=0.00 secs] 
74.062: [GC (Allocation Failure) [PSYoungGen: 214857K->20480K(229376K)] 1080666K->886289K(2064384K), 0.0022847 secs] [Times: user=0.00 sys=0.00, real=0.00 secs] 
74.936: [GC (Allocation Failure) [PSYoungGen: 213825K->20480K(229376K)] 1079635K->886289K(2064384K), 0.0021960 secs] [Times: user=0.00 sys=0.00, real=0.00 secs] 
77.775: [GC (Allocation Failure) [PSYoungGen: 213822K->10240K(229376K)] 1182031K->978449K(2064384K), 0.0018478 secs] [Times: user=0.01 sys=0.00, real=0.00 secs] 
79.848: [GC (Allocation Failure) [PSYoungGen: 193352K->30720K(229376K)] 1263962K->1152529K(2064384K), 0.0066267 secs] [Times: user=0.00 sys=0.00, real=0.01 secs] 
81.920: [GC (Allocation Failure) [PSYoungGen: 225103K->6144K(229376K)] 1449313K->1230353K(2064384K), 0.0024556 secs] [Times: user=0.00 sys=0.00, real=0.00 secs] 
84.132: [GC (Allocation Failure) [PSYoungGen: 194388K->27648K(229376K)] 1520997K->1364497K(2064384K), 0.0041496 secs] [Times: user=0.00 sys=0.00, real=0.00 secs] 
85.441: [GC (Allocation Failure) [PSYoungGen: 210774K->20480K(229376K)] 1547624K->1357329K(2064384K), 0.0025618 secs] [Times: user=0.00 sys=0.00, real=0.00 secs] 
86.312: [GC (Allocation Failure) [PSYoungGen: 213834K->20480K(229376K)] 1550684K->1357329K(2064384K), 0.0029001 secs] [Times: user=0.00 sys=0.00, real=0.00 secs] 
88.384: [GC (Allocation Failure) [PSYoungGen: 203587K->30720K(229376K)] 1642837K->1500689K(2064384K), 0.0058241 secs] [Times: user=0.02 sys=0.00, real=0.01 secs] 
90.785: [GC (Allocation Failure) [PSYoungGen: 224076K->15360K(229376K)] 1796446K->1587729K(2064384K), 0.0026922 secs] [Times: user=0.00 sys=0.00, real=0.00 secs] 
93.952: [GC (Allocation Failure) [PSYoungGen: 199506K->21504K(229376K)] 1874275K->1696273K(2064384K), 0.0037645 secs] [Times: user=0.00 sys=0.00, real=0.00 secs] 
94.827: [GC (Allocation Failure) [PSYoungGen: 214869K->21504K(229376K)] 1889639K->1696273K(2064384K), 0.0030595 secs] [Times: user=0.00 sys=0.00, real=0.00 secs] 
96.906: [Full GC (Ergonomics) [PSYoungGen: 173906K->0K(229376K)] [ParOldGen: 1777169K->21504K(1835008K)] 1951075K->21504K(2064384K), [Metaspace: 2796K->2796K(1056768K)], 0.0054536 secs] [Times: user=0.00 sys=0.00, real=0.01 secs] 
97.991: [GC (Allocation Failure) [PSYoungGen: 188245K->10240K(229376K)] 209749K->31744K(2064384K), 0.0008181 secs] [Times: user=0.00 sys=0.00, real=0.00 secs] 
99.738: [GC (Allocation Failure) [PSYoungGen: 177994K->30720K(229376K)] 301898K->205824K(2064384K), 0.0064102 secs] [Times: user=0.00 sys=0.00, real=0.01 secs] 
101.047: [GC (Allocation Failure) [PSYoungGen: 224080K->15360K(229376K)] 399184K->190464K(2064384K), 0.0016214 secs] [Times: user=0.00 sys=0.00, real=0.00 secs] 
101.918: [GC (Allocation Failure) [PSYoungGen: 208711K->11264K(229376K)] 383815K->186368K(2064384K), 0.0011922 secs] [Times: user=0.00 sys=0.00, real=0.00 secs] 
105.187: [GC (Allocation Failure) [PSYoungGen: 204595K->15360K(229376K)] 482099K->292864K(2064384K), 0.0017856 secs] [Times: user=0.00 sys=0.00, real=0.00 secs] 
105.948: [GC (Allocation Failure) [PSYoungGen: 208705K->20480K(229376K)] 486209K->297984K(2064384K), 0.0021073 secs] [Times: user=0.00 sys=0.00, real=0.00 secs] 
108.254: [GC (Allocation Failure) [PSYoungGen: 177989K->20480K(229376K)] 557893K->400384K(2064384K), 0.0022893 secs] [Times: user=0.00 sys=0.00, real=0.00 secs] 
109.344: [GC (Allocation Failure) [PSYoungGen: 208717K->10240K(229376K)] 588621K->441344K(2064384K), 0.0162168 secs] [Times: user=0.00 sys=0.00, real=0.02 secs] 
111.123: [GC (Allocation Failure) [PSYoungGen: 177988K->30720K(229376K)] 711493K->564224K(2064384K), 0.0030653 secs] [Times: user=0.00 sys=0.00, real=0.00 secs] 
112.438: [GC (Allocation Failure) [PSYoungGen: 218957K->15360K(229376K)] 752461K->548864K(2064384K), 0.0020328 secs] [Times: user=0.00 sys=0.00, real=0.00 secs] 
113.315: [GC (Allocation Failure) [PSYoungGen: 208708K->11264K(229376K)] 742213K->544768K(2064384K), 0.0019939 secs] [Times: user=0.00 sys=0.00, real=0.00 secs] 
116.479: [GC (Allocation Failure) [PSYoungGen: 204600K->10240K(229376K)] 840505K->646144K(2064384K), 0.0018729 secs] [Times: user=0.00 sys=0.00, real=0.00 secs] 
118.226: [GC (Allocation Failure) [PSYoungGen: 177989K->30720K(229376K)] 916293K->789504K(2064384K), 0.0044952 secs] [Times: user=0.00 sys=0.00, real=0.00 secs] 
119.648: [GC (Allocation Failure) [PSYoungGen: 208717K->5120K(229376K)] 967501K->763904K(2064384K), 0.0022594 secs] [Times: user=0.00 sys=0.00, real=0.00 secs] 
120.738: [GC (Allocation Failure) [PSYoungGen: 193348K->10240K(229376K)] 952132K->871424K(2064384K), 0.0158546 secs] [Times: user=0.02 sys=0.00, real=0.02 secs] 
122.501: [GC (Allocation Failure) [PSYoungGen: 177983K->31744K(229376K)] 1141567K->995328K(2064384K), 0.0039868 secs] [Times: user=0.00 sys=0.00, real=0.00 secs] 
123.809: [GC (Allocation Failure) [PSYoungGen: 214857K->20480K(229376K)] 1178441K->984064K(2064384K), 0.0033350 secs] [Times: user=0.00 sys=0.00, real=0.00 secs] 
124.683: [GC (Allocation Failure) [PSYoungGen: 213825K->20480K(229376K)] 1177410K->984064K(2064384K), 0.0029403 secs] [Times: user=0.00 sys=0.00, real=0.00 secs] 
127.521: [GC (Allocation Failure) [PSYoungGen: 213822K->5120K(229376K)] 1279806K->1071104K(2064384K), 0.0029795 secs] [Times: user=0.00 sys=0.00, real=0.00 secs] 
129.600: [GC (Allocation Failure) [PSYoungGen: 188232K->30720K(229376K)] 1356617K->1250304K(2064384K), 0.0078685 secs] [Times: user=0.00 sys=0.00, real=0.01 secs] 
131.682: [GC (Allocation Failure) [PSYoungGen: 225103K->6144K(229376K)] 1547087K->1328128K(2064384K), 0.0038041 secs] [Times: user=0.00 sys=0.00, real=0.00 secs] 
133.867: [GC (Allocation Failure) [PSYoungGen: 194388K->27648K(229376K)] 1618772K->1462272K(2064384K), 0.0050390 secs] [Times: user=0.00 sys=0.00, real=0.00 secs] 
135.174: [GC (Allocation Failure) [PSYoungGen: 210774K->20480K(229376K)] 1645399K->1455104K(2064384K), 0.0042833 secs] [Times: user=0.00 sys=0.00, real=0.00 secs] 
136.045: [GC (Allocation Failure) [PSYoungGen: 213834K->20480K(229376K)] 1648459K->1455104K(2064384K), 0.0047116 secs] [Times: user=0.00 sys=0.00, real=0.00 secs] 
138.134: [GC (Allocation Failure) [PSYoungGen: 203587K->30720K(229376K)] 1740612K->1598464K(2064384K), 0.0073681 secs] [Times: user=0.00 sys=0.00, real=0.01 secs] 
140.550: [GC (Allocation Failure) [PSYoungGen: 224076K->10240K(229376K)] 1894220K->1680384K(2064384K), 0.0045308 secs] [Times: user=0.00 sys=0.00, real=0.01 secs] 
143.713: [Full GC (Ergonomics) [PSYoungGen: 194386K->0K(229376K)] [ParOldGen: 1772544K->22033K(1835008K)] 1966930K->22033K(2064384K), [Metaspace: 2796K->2796K(1056768K)], 0.0058828 secs] [Times: user=0.00 sys=0.00, real=0.01 secs] 
144.583: [GC (Allocation Failure) [PSYoungGen: 193365K->10240K(229376K)] 215398K->32273K(2064384K), 0.0009189 secs] [Times: user=0.00 sys=0.00, real=0.00 secs] 
146.664: [GC (Allocation Failure) [PSYoungGen: 162641K->20480K(229376K)] 287075K->165393K(2064384K), 0.0029885 secs] [Times: user=0.00 sys=0.00, real=0.00 secs] 
147.756: [GC (Allocation Failure) [PSYoungGen: 208725K->30720K(229376K)] 353638K->175633K(2064384K), 0.0025193 secs] [Times: user=0.00 sys=0.00, real=0.00 secs] 
149.501: [GC (Allocation Failure) [PSYoungGen: 198474K->30720K(229376K)] 445787K->349713K(2064384K), 0.0066840 secs] [Times: user=0.00 sys=0.00, real=0.01 secs] 
150.826: [GC (Allocation Failure) [PSYoungGen: 224080K->15360K(229376K)] 543074K->334353K(2064384K), 0.0014196 secs] [Times: user=0.00 sys=0.00, real=0.00 secs] 
151.698: [GC (Allocation Failure) [PSYoungGen: 208711K->11264K(229376K)] 527704K->330257K(2064384K), 0.0012317 secs] [Times: user=0.00 sys=0.00, real=0.00 secs] 
154.986: [GC (Allocation Failure) [PSYoungGen: 204595K->15360K(229376K)] 625988K->436753K(2064384K), 0.0017139 secs] [Times: user=0.00 sys=0.00, real=0.00 secs] 
155.746: [GC (Allocation Failure) [PSYoungGen: 208705K->20480K(229376K)] 630098K->441873K(2064384K), 0.0019568 secs] [Times: user=0.00 sys=0.00, real=0.00 secs] 
158.034: [GC (Allocation Failure) [PSYoungGen: 177989K->20480K(229376K)] 701782K->544273K(2064384K), 0.0023349 secs] [Times: user=0.00 sys=0.00, real=0.00 secs] 
159.122: [GC (Allocation Failure) [PSYoungGen: 208717K->10240K(229376K)] 732510K->585233K(2064384K), 0.0058641 secs] [Times: user=0.00 sys=0.00, real=0.01 secs] 
160.881: [GC (Allocation Failure) [PSYoungGen: 177988K->30720K(229376K)] 855382K->708113K(2064384K), 0.0027635 secs] [Times: user=0.00 sys=0.00, real=0.00 secs] 
162.190: [GC (Allocation Failure) [PSYoungGen: 218957K->15360K(229376K)] 896350K->692753K(2064384K), 0.0020143 secs] [Times: user=0.00 sys=0.00, real=0.00 secs] 
163.061: [GC (Allocation Failure) [PSYoungGen: 208708K->11264K(229376K)] 886102K->688657K(2064384K), 0.0014306 secs] [Times: user=0.00 sys=0.00, real=0.00 secs] 
166.244: [GC (Allocation Failure) [PSYoungGen: 204600K->10240K(229376K)] 984394K->790033K(2064384K), 0.0016035 secs] [Times: user=0.00 sys=0.00, real=0.00 secs] 
168.006: [GC (Allocation Failure) [PSYoungGen: 177989K->30720K(229376K)] 1060182K->933393K(2064384K), 0.0049528 secs] [Times: user=0.02 sys=0.00, real=0.00 secs] 
169.426: [GC (Allocation Failure) [PSYoungGen: 208717K->5120K(229376K)] 1111390K->907793K(2064384K), 0.0013315 secs] [Times: user=0.00 sys=0.00, real=0.00 secs] 
170.520: [GC (Allocation Failure) [PSYoungGen: 193348K->10240K(229376K)] 1096021K->1015313K(2064384K), 0.0156133 secs] [Times: user=0.00 sys=0.00, real=0.02 secs] 
172.281: [GC (Allocation Failure) [PSYoungGen: 177983K->31744K(229376K)] 1285456K->1139217K(2064384K), 0.0037562 secs] [Times: user=0.00 sys=0.00, real=0.00 secs] 
173.587: [GC (Allocation Failure) [PSYoungGen: 214857K->20480K(229376K)] 1322330K->1127953K(2064384K), 0.0025105 secs] [Times: user=0.00 sys=0.00, real=0.00 secs] 
174.460: [GC (Allocation Failure) [PSYoungGen: 213825K->20480K(229376K)] 1321299K->1127953K(2064384K), 0.0024614 secs] [Times: user=0.00 sys=0.00, real=0.00 secs] 
177.292: [GC (Allocation Failure) [PSYoungGen: 213822K->5120K(229376K)] 1423695K->1214993K(2064384K), 0.0016340 secs] [Times: user=0.00 sys=0.00, real=0.00 secs] 
179.367: [GC (Allocation Failure) [PSYoungGen: 188232K->30720K(229376K)] 1500506K->1394193K(2064384K), 0.0098623 secs] [Times: user=0.00 sys=0.00, real=0.01 secs] 
181.452: [GC (Allocation Failure) [PSYoungGen: 225103K->6144K(229376K)] 1690977K->1472017K(2064384K), 0.0022083 secs] [Times: user=0.00 sys=0.00, real=0.00 secs] 
183.638: [GC (Allocation Failure) [PSYoungGen: 194388K->27648K(229376K)] 1762661K->1606161K(2064384K), 0.0040369 secs] [Times: user=0.00 sys=0.00, real=0.00 secs] 
184.942: [GC (Allocation Failure) [PSYoungGen: 210774K->20480K(229376K)] 1789288K->1598993K(2064384K), 0.0030267 secs] [Times: user=0.00 sys=0.00, real=0.00 secs] 
185.818: [GC (Allocation Failure) [PSYoungGen: 213834K->20480K(229376K)] 1792348K->1598993K(2064384K), 0.0031349 secs] [Times: user=0.00 sys=0.00, real=0.00 secs] 
187.888: [GC (Allocation Failure) [PSYoungGen: 203587K->30720K(229376K)] 1884501K->1742353K(2064384K), 0.0060586 secs] [Times: user=0.00 sys=0.00, real=0.01 secs] 
190.299: [Full GC (Ergonomics) [PSYoungGen: 224076K->0K(229376K)] [ParOldGen: 1814033K->113169K(1835008K)] 2038110K->113169K(2064384K), [Metaspace: 2796K->2796K(1056768K)], 0.0108149 secs] [Times: user=0.00 sys=0.00, real=0.01 secs] 
193.483: [GC (Allocation Failure) [PSYoungGen: 184146K->21536K(229376K)] 399715K->237105K(2064384K), 0.0018139 secs] [Times: user=0.00 sys=0.00, real=0.00 secs] 
194.358: [GC (Allocation Failure) [PSYoungGen: 214901K->21568K(229376K)] 430470K->237137K(2064384K), 0.0018609 secs] [Times: user=0.00 sys=0.00, real=0.00 secs] 
196.436: [GC (Allocation Failure) [PSYoungGen: 173970K->20544K(229376K)] 491939K->358993K(2064384K), 0.0032384 secs] [Times: user=0.00 sys=0.00, real=0.00 secs] 
197.526: [GC (Allocation Failure) [PSYoungGen: 208789K->10272K(229376K)] 547238K->348721K(2064384K), 0.0011466 secs] [Times: user=0.00 sys=0.00, real=0.00 secs] 
199.270: [GC (Allocation Failure) [PSYoungGen: 178026K->30784K(229376K)] 618875K->522833K(2064384K), 0.0057853 secs] [Times: user=0.00 sys=0.00, real=0.01 secs] 
200.582: [GC (Allocation Failure) [PSYoungGen: 224144K->15424K(229376K)] 716194K->507473K(2064384K), 0.0018148 secs] [Times: user=0.00 sys=0.00, real=0.00 secs] 
201.455: [GC (Allocation Failure) [PSYoungGen: 208775K->11296K(229376K)] 700824K->503345K(2064384K), 0.0018373 secs] [Times: user=0.00 sys=0.00, real=0.00 secs] 
204.737: [GC (Allocation Failure) [PSYoungGen: 204627K->15424K(229376K)] 799076K->609873K(2064384K), 0.0015925 secs] [Times: user=0.00 sys=0.00, real=0.00 secs] 
205.504: [GC (Allocation Failure) [PSYoungGen: 208769K->20544K(229376K)] 803218K->614993K(2064384K), 0.0021359 secs] [Times: user=0.00 sys=0.00, real=0.00 secs] 
207.799: [GC (Allocation Failure) [PSYoungGen: 178053K->20512K(229376K)] 874902K->717361K(2064384K), 0.0022835 secs] [Times: user=0.00 sys=0.00, real=0.00 secs] 
208.888: [GC (Allocation Failure) [PSYoungGen: 208749K->10272K(229376K)] 905598K->758321K(2064384K), 0.0051179 secs] [Times: user=0.00 sys=0.00, real=0.00 secs] 
210.636: [GC (Allocation Failure) [PSYoungGen: 178020K->30752K(229376K)] 1028470K->881201K(2064384K), 0.0027764 secs] [Times: user=0.00 sys=0.00, real=0.00 secs] 
211.948: [GC (Allocation Failure) [PSYoungGen: 218989K->15392K(229376K)] 1069438K->865841K(2064384K), 0.0020935 secs] [Times: user=0.02 sys=0.00, real=0.00 secs] 
212.821: [GC (Allocation Failure) [PSYoungGen: 208740K->11296K(229376K)] 1059190K->861745K(2064384K), 0.0016944 secs] [Times: user=0.00 sys=0.00, real=0.00 secs] 
215.982: [GC (Allocation Failure) [PSYoungGen: 204632K->10272K(229376K)] 1157482K->963121K(2064384K), 0.0020191 secs] [Times: user=0.00 sys=0.00, real=0.00 secs] 
217.744: [GC (Allocation Failure) [PSYoungGen: 178021K->30752K(229376K)] 1233270K->1106489K(2064384K), 0.0052210 secs] [Times: user=0.00 sys=0.00, real=0.00 secs] 
Heap
 PSYoungGen      total 229376K, used 212681K [0x00000000f0000000, 0x0000000100000000, 0x0000000100000000)
  eden space 196608K, 92% used [0x00000000f0000000,0x00000000fb1aa6a0,0x00000000fc000000)
  from space 32768K, 93% used [0x00000000fc000000,0x00000000fde08030,0x00000000fe000000)
  to   space 32768K, 0% used [0x00000000fe000000,0x00000000fe000000,0x0000000100000000)
 ParOldGen       total 1835008K, used 1075737K [0x0000000080000000, 0x00000000f0000000, 0x00000000f0000000)
  object space 1835008K, 58% used [0x0000000080000000,0x00000000c1a86638,0x00000000f0000000)
 Metaspace       used 2804K, capacity 4486K, committed 4864K, reserved 1056768K
  class space    used 297K, capacity 386K, committed 512K, reserved 1048576K
