Java HotSpot(TM) 64-Bit Server VM (25.411-b09) for windows-amd64 JRE (1.8.0_411-b09), built on Mar 13 2024 07:26:13 by "java_re" with MS VC++ 17.1 (VS2022)
Memory: 4k page, physical 33403376k(14414468k free), swap 36670664k(7356772k free)
CommandLine flags: -XX:InitialHeapSize=536870912 -XX:MaxHeapSize=536870912 -XX:NewRatio=8 -XX:ParallelGCThreads=6 -XX:+PrintGC -XX:+PrintGCDetails -XX:+PrintGCTimeStamps -XX:SurvivorRatio=9 -XX:-UseAdaptiveSizePolicy -XX:+UseCompressedClassPointers -XX:+UseCompressedOops -XX:-UseLargePagesIndividualAllocation -XX:+UseParallelGC 
1.040: [GC (Allocation Failure) [PSYoungGen: 44912K->616K(52736K)] 44912K->15984K(519168K), 0.0040208 secs] [Times: user=0.00 sys=0.02, real=0.00 secs] 
1.959: [GC (Allocation Failure) [PSYoungGen: 44556K->1728K(52736K)] 213524K->175816K(519168K), 0.0020016 secs] [Times: user=0.00 sys=0.00, real=0.00 secs] 
2.615: [GC (Allocation Failure) [PSYoungGen: 43627K->1728K(52736K)] 217715K->191176K(519168K), 0.0042786 secs] [Times: user=0.00 sys=0.00, real=0.01 secs] 
3.644: [GC (Allocation Failure) [PSYoungGen: 45672K->2712K(52736K)] 388720K->350880K(519168K), 0.0022626 secs] [Times: user=0.00 sys=0.00, real=0.00 secs] 
5.058: [GC (Allocation Failure) [PSYoungGen: 45638K->632K(52736K)] 393806K->359040K(519168K), 0.0027141 secs] [Times: user=0.00 sys=0.00, real=0.00 secs] 
5.493: [GC (Allocation Failure) [PSYoungGen: 32290K->648K(52736K)] 390698K->379536K(519168K), 0.0045050 secs] [Times: user=0.00 sys=0.00, real=0.00 secs] 
5.726: [GC (Allocation Failure) [PSYoungGen: 22061K->664K(52736K)] 452149K->430752K(519168K), 0.0008975 secs] [Times: user=0.00 sys=0.00, real=0.00 secs] 
5.727: [Full GC (Ergonomics) [PSYoungGen: 664K->0K(52736K)] [ParOldGen: 430088K->67088K(466432K)] 430752K->67088K(519168K), [Metaspace: 2753K->2753K(1056768K)], 0.0108974 secs] [Times: user=0.00 sys=0.00, real=0.01 secs] 
6.833: [GC (Allocation Failure) [PSYoungGen: 43941K->0K(52736K)] 213430K->184848K(519168K), 0.0016424 secs] [Times: user=0.00 sys=0.00, real=0.00 secs] 
7.707: [GC (Allocation Failure) [PSYoungGen: 44424K->32K(52736K)] 382873K->364088K(519168K), 0.0021596 secs] [Times: user=0.00 sys=0.00, real=0.00 secs] 
8.579: [GC (Allocation Failure) [PSYoungGen: 26576K->32K(52736K)] 441833K->415288K(519168K), 0.0011308 secs] [Times: user=0.00 sys=0.00, real=0.00 secs] 
8.580: [GC (Allocation Failure) [PSYoungGen: 32K->32K(52736K)] 415288K->415288K(519168K), 0.0010632 secs] [Times: user=0.00 sys=0.00, real=0.00 secs] 
8.581: [Full GC (Allocation Failure) [PSYoungGen: 32K->0K(52736K)] [ParOldGen: 415256K->51728K(466432K)] 415288K->51728K(519168K), [Metaspace: 2759K->2759K(1056768K)], 0.0053382 secs] [Times: user=0.00 sys=0.00, real=0.01 secs] 
9.688: [GC (Allocation Failure) [PSYoungGen: 43955K->0K(52736K)] 198084K->169488K(519168K), 0.0015611 secs] [Times: user=0.00 sys=0.00, real=0.00 secs] 
10.560: [GC (Allocation Failure) [PSYoungGen: 43957K->0K(52736K)] 367046K->328208K(519168K), 0.0011329 secs] [Times: user=0.00 sys=0.00, real=0.00 secs] 
11.214: [GC (Allocation Failure) [PSYoungGen: 41910K->0K(52736K)] 370119K->343569K(519168K), 0.0014558 secs] [Times: user=0.00 sys=0.00, real=0.00 secs] 
11.432: [GC (Allocation Failure) [PSYoungGen: 21423K->0K(52736K)] 416192K->394769K(519168K), 0.0008795 secs] [Times: user=0.00 sys=0.00, real=0.00 secs] 
11.432: [GC (Allocation Failure) [PSYoungGen: 0K->0K(52736K)] 394769K->394769K(519168K), 0.0006794 secs] [Times: user=0.00 sys=0.00, real=0.00 secs] 
11.433: [Full GC (Allocation Failure) [PSYoungGen: 0K->0K(52736K)] [ParOldGen: 394769K->215568K(466432K)] 394769K->215568K(519168K), [Metaspace: 2761K->2761K(1056768K)], 0.0118193 secs] [Times: user=0.00 sys=0.00, real=0.01 secs] 
12.648: [GC (Allocation Failure) [PSYoungGen: 32997K->32K(52736K)] 350965K->333368K(519168K), 0.0013705 secs] [Times: user=0.00 sys=0.00, real=0.00 secs] 
12.865: [GC (Allocation Failure) [PSYoungGen: 21458K->96K(52736K)] 405995K->384633K(519168K), 0.0008370 secs] [Times: user=0.00 sys=0.00, real=0.00 secs] 
12.866: [GC (Allocation Failure) [PSYoungGen: 96K->64K(52736K)] 384633K->384601K(519168K), 0.0010284 secs] [Times: user=0.00 sys=0.00, real=0.00 secs] 
12.867: [Full GC (Allocation Failure) [PSYoungGen: 64K->0K(52736K)] [ParOldGen: 384537K->56849K(466432K)] 384601K->56849K(519168K), [Metaspace: 2763K->2763K(1056768K)], 0.0051844 secs] [Times: user=0.00 sys=0.00, real=0.00 secs] 
13.969: [GC (Allocation Failure) [PSYoungGen: 43954K->1024K(52736K)] 203203K->180753K(519168K), 0.0014945 secs] [Times: user=0.00 sys=0.00, real=0.00 secs] 
14.841: [GC (Allocation Failure) [PSYoungGen: 44980K->1024K(52736K)] 378309K->344593K(519168K), 0.0013107 secs] [Times: user=0.00 sys=0.00, real=0.00 secs] 
16.149: [GC (Allocation Failure) [PSYoungGen: 48054K->0K(52736K)] 391623K->348689K(519168K), 0.0010514 secs] [Times: user=0.00 sys=0.00, real=0.00 secs] 
16.913: [GC (Allocation Failure) [PSYoungGen: 47024K->0K(52736K)] 395713K->364049K(519168K), 0.0014700 secs] [Times: user=0.00 sys=0.00, real=0.00 secs] 
17.132: [GC (Allocation Failure) [PSYoungGen: 21420K->0K(52736K)] 436669K->435729K(519168K), 0.0032638 secs] [Times: user=0.00 sys=0.00, real=0.00 secs] 
17.135: [Full GC (Ergonomics) [PSYoungGen: 0K->0K(52736K)] [ParOldGen: 435729K->77329K(466432K)] 435729K->77329K(519168K), [Metaspace: 2768K->2768K(1056768K)], 0.0065236 secs] [Times: user=0.00 sys=0.00, real=0.01 secs] 
18.238: [GC (Allocation Failure) [PSYoungGen: 43948K->0K(52736K)] 223677K->195089K(519168K), 0.0013667 secs] [Times: user=0.00 sys=0.00, real=0.00 secs] 
19.110: [GC (Allocation Failure) [PSYoungGen: 43952K->0K(52736K)] 392641K->353809K(519168K), 0.0009584 secs] [Times: user=0.00 sys=0.00, real=0.00 secs] 
19.984: [GC (Allocation Failure) [PSYoungGen: 11187K->0K(52736K)] 416196K->405009K(519168K), 0.0009461 secs] [Times: user=0.00 sys=0.00, real=0.00 secs] 
19.985: [GC (Allocation Failure) [PSYoungGen: 0K->0K(52736K)] 405009K->405009K(519168K), 0.0007838 secs] [Times: user=0.00 sys=0.00, real=0.00 secs] 
19.986: [Full GC (Allocation Failure) [PSYoungGen: 0K->0K(52736K)] [ParOldGen: 405009K->51729K(466432K)] 405009K->51729K(519168K), [Metaspace: 2770K->2770K(1056768K)], 0.0077395 secs] [Times: user=0.00 sys=0.00, real=0.01 secs] 
21.090: [GC (Allocation Failure) [PSYoungGen: 43955K->0K(52736K)] 198084K->169489K(519168K), 0.0017292 secs] [Times: user=0.00 sys=0.00, real=0.00 secs] 
21.962: [GC (Allocation Failure) [PSYoungGen: 43957K->1024K(52736K)] 367046K->329233K(519168K), 0.0008202 secs] [Times: user=0.00 sys=0.00, real=0.00 secs] 
22.617: [GC (Allocation Failure) [PSYoungGen: 42934K->1024K(52736K)] 371143K->344593K(519168K), 0.0015404 secs] [Times: user=0.02 sys=0.00, real=0.00 secs] 
22.836: [GC (Allocation Failure) [PSYoungGen: 22447K->1024K(52736K)] 417216K->395793K(519168K), 0.0008156 secs] [Times: user=0.00 sys=0.00, real=0.00 secs] 
22.837: [GC (Allocation Failure) [PSYoungGen: 1024K->1024K(52736K)] 395793K->395793K(519168K), 0.0007412 secs] [Times: user=0.00 sys=0.00, real=0.00 secs] 
22.837: [Full GC (Allocation Failure) [PSYoungGen: 1024K->0K(52736K)] [ParOldGen: 394769K->165393K(466432K)] 395793K->165393K(519168K), [Metaspace: 2779K->2779K(1056768K)], 0.0128666 secs] [Times: user=0.00 sys=0.00, real=0.01 secs] 
24.054: [GC (Allocation Failure) [PSYoungGen: 28591K->0K(52736K)] 296384K->288273K(519168K), 0.0016373 secs] [Times: user=0.00 sys=0.00, real=0.00 secs] 
25.040: [Full GC (Ergonomics) [PSYoungGen: 43954K->0K(52736K)] [ParOldGen: 441873K->21009K(466432K)] 485827K->21009K(519168K), [Metaspace: 2779K->2779K(1056768K)], 0.0035724 secs] [Times: user=0.00 sys=0.00, real=0.00 secs] 
25.479: [GC (Allocation Failure) [PSYoungGen: 31668K->0K(52736K)] 52677K->41489K(519168K), 0.0018270 secs] [Times: user=0.00 sys=0.00, real=0.00 secs] 
26.465: [GC (Allocation Failure) [PSYoungGen: 43948K->0K(52736K)] 239037K->205329K(519168K), 0.0012897 secs] [Times: user=0.00 sys=0.00, real=0.00 secs] 
26.902: [GC (Allocation Failure) [PSYoungGen: 31664K->0K(52736K)] 236993K->215569K(519168K), 0.0013619 secs] [Times: user=0.00 sys=0.00, real=0.00 secs] 
28.102: [GC (Allocation Failure) [PSYoungGen: 47017K->0K(52736K)] 262586K->225809K(519168K), 0.0011073 secs] [Times: user=0.00 sys=0.00, real=0.00 secs] 
28.865: [GC (Allocation Failure) [PSYoungGen: 44145K->1056K(52736K)] 423554K->380473K(519168K), 0.0009374 secs] [Times: user=0.00 sys=0.00, real=0.00 secs] 
29.628: [GC (Allocation Failure) [PSYoungGen: 42957K->64K(52736K)] 422375K->394841K(519168K), 0.0014886 secs] [Times: user=0.00 sys=0.00, real=0.00 secs] 
29.956: [Full GC (Ergonomics) [PSYoungGen: 31721K->0K(52736K)] [ParOldGen: 445977K->113169K(466432K)] 477699K->113169K(519168K), [Metaspace: 2793K->2793K(1056768K)], 0.0096545 secs] [Times: user=0.01 sys=0.00, real=0.01 secs] 
32.043: [GC (Allocation Failure) [PSYoungGen: 45999K->1024K(52736K)] 363968K->324113K(519168K), 0.0007531 secs] [Times: user=0.00 sys=0.00, real=0.00 secs] 
32.590: [GC (Allocation Failure) [PSYoungGen: 37810K->1024K(52736K)] 360899K->339473K(519168K), 0.0014679 secs] [Times: user=0.00 sys=0.00, real=0.00 secs] 
32.808: [GC (Allocation Failure) [PSYoungGen: 22443K->1024K(52736K)] 412093K->390673K(519168K), 0.0009615 secs] [Times: user=0.00 sys=0.00, real=0.00 secs] 
32.809: [GC (Allocation Failure) [PSYoungGen: 1024K->1024K(52736K)] 390673K->390673K(519168K), 0.0008774 secs] [Times: user=0.00 sys=0.00, real=0.00 secs] 
32.809: [Full GC (Allocation Failure) [PSYoungGen: 1024K->0K(52736K)] [ParOldGen: 389649K->57873K(466432K)] 390673K->57873K(519168K), [Metaspace: 2793K->2793K(1056768K)], 0.0053265 secs] [Times: user=0.00 sys=0.00, real=0.01 secs] 
33.917: [GC (Allocation Failure) [PSYoungGen: 43948K->1024K(52736K)] 204221K->181777K(519168K), 0.0014838 secs] [Times: user=0.00 sys=0.00, real=0.00 secs] 
35.231: [GC (Allocation Failure) [PSYoungGen: 39856K->0K(52736K)] 374209K->339473K(519168K), 0.0011124 secs] [Times: user=0.00 sys=0.00, real=0.00 secs] 
35.665: [GC (Allocation Failure) [PSYoungGen: 41907K->0K(52736K)] 432580K->400913K(519168K), 0.0014885 secs] [Times: user=0.00 sys=0.00, real=0.00 secs] 
35.666: [GC (Allocation Failure) [PSYoungGen: 0K->0K(52736K)] 400913K->400913K(519168K), 0.0006960 secs] [Times: user=0.00 sys=0.00, real=0.00 secs] 
35.667: [Full GC (Allocation Failure) [PSYoungGen: 0K->0K(52736K)] [ParOldGen: 400913K->61969K(466432K)] 400913K->61969K(519168K), [Metaspace: 2793K->2793K(1056768K)], 0.0060165 secs] [Times: user=0.00 sys=0.00, real=0.01 secs] 
36.774: [GC (Allocation Failure) [PSYoungGen: 43957K->0K(52736K)] 208326K->179729K(519168K), 0.0015827 secs] [Times: user=0.00 sys=0.00, real=0.00 secs] 
37.645: [GC (Allocation Failure) [PSYoungGen: 43958K->0K(52736K)] 377287K->358929K(519168K), 0.0022108 secs] [Times: user=0.00 sys=0.00, real=0.00 secs] 
38.300: [GC (Allocation Failure) [PSYoungGen: 41910K->0K(52736K)] 400840K->374289K(519168K), 0.0015545 secs] [Times: user=0.00 sys=0.00, real=0.00 secs] 
39.498: [Full GC (Ergonomics) [PSYoungGen: 41903K->0K(52736K)] [ParOldGen: 425489K->11264K(466432K)] 467393K->11264K(519168K), [Metaspace: 2793K->2793K(1056768K)], 0.0027673 secs] [Times: user=0.00 sys=0.00, real=0.00 secs] 
40.261: [GC (Allocation Failure) [PSYoungGen: 43954K->1024K(52736K)] 208818K->165888K(519168K), 0.0005527 secs] [Times: user=0.00 sys=0.00, real=0.00 secs] 
41.026: [GC (Allocation Failure) [PSYoungGen: 42932K->0K(52736K)] 207796K->180224K(519168K), 0.0014767 secs] [Times: user=0.00 sys=0.00, real=0.00 secs] 
41.898: [GC (Allocation Failure) [PSYoungGen: 43950K->1024K(52736K)] 377774K->339968K(519168K), 0.0011679 secs] [Times: user=0.00 sys=0.00, real=0.00 secs] 
43.544: [GC (Allocation Failure) [PSYoungGen: 44978K->1024K(52736K)] 383922K->345088K(519168K), 0.0010772 secs] [Times: user=0.00 sys=0.00, real=0.00 secs] 
43.980: [GC (Allocation Failure) [PSYoungGen: 32685K->1024K(52736K)] 376749K->365568K(519168K), 0.0019925 secs] [Times: user=0.00 sys=0.00, real=0.00 secs] 
44.197: [GC (Allocation Failure) [PSYoungGen: 22439K->1024K(52736K)] 438183K->416768K(519168K), 0.0012097 secs] [Times: user=0.02 sys=0.00, real=0.00 secs] 
44.198: [GC (Allocation Failure) [PSYoungGen: 1024K->1024K(52736K)] 416768K->416768K(519168K), 0.0012101 secs] [Times: user=0.00 sys=0.00, real=0.00 secs] 
44.199: [Full GC (Allocation Failure) [PSYoungGen: 1024K->0K(52736K)] [ParOldGen: 415744K->62993K(466432K)] 416768K->62993K(519168K), [Metaspace: 2795K->2795K(1056768K)], 0.0056054 secs] [Times: user=0.00 sys=0.00, real=0.00 secs] 
45.304: [GC (Allocation Failure) [PSYoungGen: 43943K->0K(52736K)] 209336K->180753K(519168K), 0.0014136 secs] [Times: user=0.00 sys=0.00, real=0.00 secs] 
46.726: [GC (Allocation Failure) [PSYoungGen: 43949K->0K(52736K)] 378302K->339473K(519168K), 0.0011242 secs] [Times: user=0.00 sys=0.00, real=0.00 secs] 
47.056: [GC (Allocation Failure) [PSYoungGen: 31665K->0K(52736K)] 422338K->411153K(519168K), 0.0020744 secs] [Times: user=0.02 sys=0.00, real=0.00 secs] 
47.058: [GC (Allocation Failure) [PSYoungGen: 0K->0K(52736K)] 411153K->411153K(519168K), 0.0007537 secs] [Times: user=0.00 sys=0.00, real=0.00 secs] 
47.058: [Full GC (Allocation Failure) [PSYoungGen: 0K->0K(52736K)] [ParOldGen: 411153K->72209K(466432K)] 411153K->72209K(519168K), [Metaspace: 2795K->2795K(1056768K)], 0.0063043 secs] [Times: user=0.00 sys=0.00, real=0.01 secs] 
48.166: [GC (Allocation Failure) [PSYoungGen: 43955K->0K(52736K)] 218565K->189969K(519168K), 0.0015246 secs] [Times: user=0.00 sys=0.00, real=0.00 secs] 
49.044: [GC (Allocation Failure) [PSYoungGen: 43957K->0K(52736K)] 387526K->348689K(519168K), 0.0008666 secs] [Times: user=0.00 sys=0.00, real=0.00 secs] 
49.697: [GC (Allocation Failure) [PSYoungGen: 41910K->0K(52736K)] 390599K->364049K(519168K), 0.0014443 secs] [Times: user=0.02 sys=0.00, real=0.00 secs] 
49.915: [GC (Allocation Failure) [PSYoungGen: 21423K->0K(52736K)] 436673K->415249K(519168K), 0.0010254 secs] [Times: user=0.02 sys=0.00, real=0.00 secs] 
49.917: [GC (Allocation Failure) [PSYoungGen: 0K->0K(52736K)] 415249K->415249K(519168K), 0.0008717 secs] [Times: user=0.00 sys=0.00, real=0.00 secs] 
49.917: [Full GC (Allocation Failure) [PSYoungGen: 0K->0K(52736K)] [ParOldGen: 415249K->133649K(466432K)] 415249K->133649K(519168K), [Metaspace: 2795K->2795K(1056768K)], 0.0099435 secs] [Times: user=0.00 sys=0.00, real=0.01 secs] 
51.133: [GC (Allocation Failure) [PSYoungGen: 36783K->0K(52736K)] 272832K->251409K(519168K), 0.0014385 secs] [Times: user=0.00 sys=0.00, real=0.00 secs] 
52.117: [GC (Allocation Failure) [PSYoungGen: 43954K->1024K(52736K)] 448964K->411153K(519168K), 0.0009486 secs] [Times: user=0.00 sys=0.00, real=0.00 secs] 
52.550: [GC (Allocation Failure) [PSYoungGen: 32692K->1024K(52736K)] 442822K->426513K(519168K), 0.0014946 secs] [Times: user=0.00 sys=0.00, real=0.00 secs] 
52.552: [Full GC (Ergonomics) [PSYoungGen: 1024K->0K(52736K)] [ParOldGen: 425489K->22033K(466432K)] 426513K->22033K(519168K), [Metaspace: 2795K->2795K(1056768K)], 0.0029642 secs] [Times: user=0.00 sys=0.00, real=0.00 secs] 
53.534: [GC (Allocation Failure) [PSYoungGen: 43948K->1024K(52736K)] 219581K->181777K(519168K), 0.0007150 secs] [Times: user=0.00 sys=0.00, real=0.00 secs] 
54.949: [GC (Allocation Failure) [PSYoungGen: 43952K->0K(52736K)] 224705K->190993K(519168K), 0.0010430 secs] [Times: user=0.00 sys=0.00, real=0.00 secs] 
55.388: [GC (Allocation Failure) [PSYoungGen: 31659K->0K(52736K)] 222653K->211473K(519168K), 0.0015994 secs] [Times: user=0.00 sys=0.00, real=0.00 secs] 
56.368: [GC (Allocation Failure) [PSYoungGen: 43942K->0K(52736K)] 409015K->375313K(519168K), 0.0011288 secs] [Times: user=0.00 sys=0.00, real=0.00 secs] 
56.805: [GC (Allocation Failure) [PSYoungGen: 31660K->0K(52736K)] 406974K->385553K(519168K), 0.0014070 secs] [Times: user=0.00 sys=0.00, real=0.00 secs] 
57.024: [GC (Allocation Failure) [PSYoungGen: 21414K->0K(52736K)] 458168K->457233K(519168K), 0.0045475 secs] [Times: user=0.00 sys=0.00, real=0.01 secs] 
57.029: [Full GC (Ergonomics) [PSYoungGen: 0K->0K(52736K)] [ParOldGen: 457233K->92689K(466432K)] 457233K->92689K(519168K), [Metaspace: 2796K->2796K(1056768K)], 0.0077799 secs] [Times: user=0.00 sys=0.00, real=0.01 secs] 
58.893: [GC (Allocation Failure) [PSYoungGen: 45991K->0K(52736K)] 394680K->353809K(519168K), 0.0010666 secs] [Times: user=0.00 sys=0.00, real=0.00 secs] 
59.658: [GC (Allocation Failure) [PSYoungGen: 47021K->0K(52736K)] 400830K->369169K(519168K), 0.0015313 secs] [Times: user=0.00 sys=0.00, real=0.00 secs] 
59.877: [GC (Allocation Failure) [PSYoungGen: 21418K->0K(52736K)] 441787K->420369K(519168K), 0.0008309 secs] [Times: user=0.00 sys=0.00, real=0.00 secs] 
59.878: [Full GC (Ergonomics) [PSYoungGen: 0K->0K(52736K)] [ParOldGen: 420369K->108049K(466432K)] 420369K->108049K(519168K), [Metaspace: 2796K->2796K(1056768K)], 0.0087192 secs] [Times: user=0.00 sys=0.00, real=0.01 secs] 
60.986: [GC (Allocation Failure) [PSYoungGen: 43946K->0K(52736K)] 254395K->225809K(519168K), 0.0015657 secs] [Times: user=0.00 sys=0.00, real=0.00 secs] 
62.295: [GC (Allocation Failure) [PSYoungGen: 42927K->0K(52736K)] 422336K->389649K(519168K), 0.0008897 secs] [Times: user=0.00 sys=0.00, real=0.00 secs] 
62.733: [Full GC (Ergonomics) [PSYoungGen: 41906K->0K(52736K)] [ParOldGen: 440849K->56849K(466432K)] 482755K->56849K(519168K), [Metaspace: 2796K->2796K(1056768K)], 0.0059756 secs] [Times: user=0.00 sys=0.00, real=0.01 secs] 
63.840: [GC (Allocation Failure) [PSYoungGen: 43956K->1024K(52736K)] 203205K->180753K(519168K), 0.0015544 secs] [Times: user=0.00 sys=0.00, real=0.00 secs] 
64.713: [GC (Allocation Failure) [PSYoungGen: 44981K->1024K(52736K)] 378311K->344593K(519168K), 0.0011963 secs] [Times: user=0.00 sys=0.00, real=0.00 secs] 
66.024: [GC (Allocation Failure) [PSYoungGen: 48054K->0K(52736K)] 391624K->348689K(519168K), 0.0007739 secs] [Times: user=0.00 sys=0.00, real=0.00 secs] 
66.791: [GC (Allocation Failure) [PSYoungGen: 47024K->0K(52736K)] 395714K->364049K(519168K), 0.0018111 secs] [Times: user=0.00 sys=0.00, real=0.00 secs] 
67.011: [GC (Allocation Failure) [PSYoungGen: 21420K->0K(52736K)] 436670K->435729K(519168K), 0.0022299 secs] [Times: user=0.00 sys=0.00, real=0.00 secs] 
67.013: [Full GC (Ergonomics) [PSYoungGen: 0K->0K(52736K)] [ParOldGen: 435729K->77329K(466432K)] 435729K->77329K(519168K), [Metaspace: 2796K->2796K(1056768K)], 0.0063146 secs] [Times: user=0.00 sys=0.00, real=0.01 secs] 
68.117: [GC (Allocation Failure) [PSYoungGen: 43948K->0K(52736K)] 223678K->195089K(519168K), 0.0014329 secs] [Times: user=0.00 sys=0.00, real=0.00 secs] 
68.991: [GC (Allocation Failure) [PSYoungGen: 43952K->0K(52736K)] 392642K->353809K(519168K), 0.0009532 secs] [Times: user=0.00 sys=0.00, real=0.00 secs] 
69.865: [GC (Allocation Failure) [PSYoungGen: 11187K->0K(52736K)] 416196K->405009K(519168K), 0.0010675 secs] [Times: user=0.00 sys=0.00, real=0.00 secs] 
69.866: [GC (Allocation Failure) [PSYoungGen: 0K->0K(52736K)] 405009K->405009K(519168K), 0.0008079 secs] [Times: user=0.00 sys=0.00, real=0.00 secs] 
69.867: [Full GC (Allocation Failure) [PSYoungGen: 0K->0K(52736K)] [ParOldGen: 405009K->51729K(466432K)] 405009K->51729K(519168K), [Metaspace: 2796K->2796K(1056768K)], 0.0048738 secs] [Times: user=0.00 sys=0.00, real=0.00 secs] 
70.970: [GC (Allocation Failure) [PSYoungGen: 43955K->0K(52736K)] 198084K->169489K(519168K), 0.0014264 secs] [Times: user=0.00 sys=0.00, real=0.00 secs] 
71.845: [GC (Allocation Failure) [PSYoungGen: 43957K->1024K(52736K)] 367046K->329233K(519168K), 0.0013563 secs] [Times: user=0.00 sys=0.00, real=0.00 secs] 
72.501: [GC (Allocation Failure) [PSYoungGen: 42934K->1024K(52736K)] 371143K->344593K(519168K), 0.0015750 secs] [Times: user=0.00 sys=0.00, real=0.00 secs] 
72.718: [GC (Allocation Failure) [PSYoungGen: 22447K->1024K(52736K)] 417216K->395793K(519168K), 0.0011828 secs] [Times: user=0.00 sys=0.00, real=0.00 secs] 
72.720: [GC (Allocation Failure) [PSYoungGen: 1024K->1024K(52736K)] 395793K->395793K(519168K), 0.0008043 secs] [Times: user=0.00 sys=0.00, real=0.00 secs] 
72.721: [Full GC (Allocation Failure) [PSYoungGen: 1024K->0K(52736K)] [ParOldGen: 394769K->165393K(466432K)] 395793K->165393K(519168K), [Metaspace: 2796K->2796K(1056768K)], 0.0136454 secs] [Times: user=0.00 sys=0.00, real=0.01 secs] 
73.932: [GC (Allocation Failure) [PSYoungGen: 28591K->0K(52736K)] 296384K->288273K(519168K), 0.0016548 secs] [Times: user=0.00 sys=0.00, real=0.00 secs] 
74.913: [Full GC (Ergonomics) [PSYoungGen: 43954K->0K(52736K)] [ParOldGen: 441873K->21009K(466432K)] 485828K->21009K(519168K), [Metaspace: 2796K->2796K(1056768K)], 0.0031309 secs] [Times: user=0.00 sys=0.00, real=0.00 secs] 
75.352: [GC (Allocation Failure) [PSYoungGen: 31668K->0K(52736K)] 52677K->41489K(519168K), 0.0013380 secs] [Times: user=0.00 sys=0.00, real=0.00 secs] 
76.330: [GC (Allocation Failure) [PSYoungGen: 43948K->0K(52736K)] 239037K->205329K(519168K), 0.0012535 secs] [Times: user=0.00 sys=0.00, real=0.00 secs] 
76.768: [GC (Allocation Failure) [PSYoungGen: 31664K->0K(52736K)] 236993K->215569K(519168K), 0.0014061 secs] [Times: user=0.00 sys=0.00, real=0.00 secs] 
77.971: [GC (Allocation Failure) [PSYoungGen: 47017K->0K(52736K)] 262586K->225809K(519168K), 0.0012110 secs] [Times: user=0.00 sys=0.00, real=0.00 secs] 
78.739: [GC (Allocation Failure) [PSYoungGen: 43943K->1024K(52736K)] 423353K->380433K(519168K), 0.0011539 secs] [Times: user=0.00 sys=0.00, real=0.00 secs] 
79.501: [GC (Allocation Failure) [PSYoungGen: 42925K->0K(52736K)] 422335K->394769K(519168K), 0.0014819 secs] [Times: user=0.00 sys=0.00, real=0.00 secs] 
79.828: [Full GC (Ergonomics) [PSYoungGen: 31657K->0K(52736K)] [ParOldGen: 445969K->113169K(466432K)] 477627K->113169K(519168K), [Metaspace: 2796K->2796K(1056768K)], 0.0089429 secs] [Times: user=0.00 sys=0.00, real=0.01 secs] 
81.917: [GC (Allocation Failure) [PSYoungGen: 45999K->1024K(52736K)] 363968K->324113K(519168K), 0.0009660 secs] [Times: user=0.00 sys=0.00, real=0.00 secs] 
82.464: [GC (Allocation Failure) [PSYoungGen: 37810K->1024K(52736K)] 360899K->339473K(519168K), 0.0015493 secs] [Times: user=0.00 sys=0.00, real=0.00 secs] 
82.683: [GC (Allocation Failure) [PSYoungGen: 22443K->1024K(52736K)] 412093K->390673K(519168K), 0.0008871 secs] [Times: user=0.00 sys=0.00, real=0.00 secs] 
82.684: [GC (Allocation Failure) [PSYoungGen: 1024K->1024K(52736K)] 390673K->390673K(519168K), 0.0009169 secs] [Times: user=0.00 sys=0.00, real=0.00 secs] 
82.685: [Full GC (Allocation Failure) [PSYoungGen: 1024K->0K(52736K)] [ParOldGen: 389649K->57873K(466432K)] 390673K->57873K(519168K), [Metaspace: 2796K->2796K(1056768K)], 0.0050327 secs] [Times: user=0.00 sys=0.00, real=0.01 secs] 
83.790: [GC (Allocation Failure) [PSYoungGen: 43948K->1024K(52736K)] 204221K->181777K(519168K), 0.0016086 secs] [Times: user=0.00 sys=0.00, real=0.00 secs] 
85.096: [GC (Allocation Failure) [PSYoungGen: 39856K->0K(52736K)] 374209K->339473K(519168K), 0.0011176 secs] [Times: user=0.00 sys=0.00, real=0.00 secs] 
85.533: [GC (Allocation Failure) [PSYoungGen: 41907K->0K(52736K)] 432580K->400913K(519168K), 0.0015856 secs] [Times: user=0.00 sys=0.00, real=0.00 secs] 
85.535: [GC (Allocation Failure) [PSYoungGen: 0K->0K(52736K)] 400913K->400913K(519168K), 0.0009367 secs] [Times: user=0.00 sys=0.00, real=0.00 secs] 
85.536: [Full GC (Allocation Failure) [PSYoungGen: 0K->0K(52736K)] [ParOldGen: 400913K->61969K(466432K)] 400913K->61969K(519168K), [Metaspace: 2796K->2796K(1056768K)], 0.0055281 secs] [Times: user=0.00 sys=0.00, real=0.01 secs] 
86.640: [GC (Allocation Failure) [PSYoungGen: 43957K->0K(52736K)] 208326K->179729K(519168K), 0.0014268 secs] [Times: user=0.00 sys=0.00, real=0.00 secs] 
87.515: [GC (Allocation Failure) [PSYoungGen: 43958K->0K(52736K)] 377287K->358929K(519168K), 0.0020564 secs] [Times: user=0.00 sys=0.00, real=0.00 secs] 
88.169: [GC (Allocation Failure) [PSYoungGen: 41910K->0K(52736K)] 400840K->374289K(519168K), 0.0014692 secs] [Times: user=0.00 sys=0.00, real=0.00 secs] 
89.372: [Full GC (Ergonomics) [PSYoungGen: 41903K->0K(52736K)] [ParOldGen: 425489K->11264K(466432K)] 467393K->11264K(519168K), [Metaspace: 2796K->2796K(1056768K)], 0.0026099 secs] [Times: user=0.00 sys=0.00, real=0.00 secs] 
90.135: [GC (Allocation Failure) [PSYoungGen: 43954K->1024K(52736K)] 208818K->165888K(519168K), 0.0007660 secs] [Times: user=0.00 sys=0.00, real=0.00 secs] 
90.899: [GC (Allocation Failure) [PSYoungGen: 42932K->0K(52736K)] 207796K->180224K(519168K), 0.0014556 secs] [Times: user=0.02 sys=0.00, real=0.00 secs] 
91.769: [GC (Allocation Failure) [PSYoungGen: 43950K->1024K(52736K)] 377774K->339968K(519168K), 0.0011296 secs] [Times: user=0.00 sys=0.00, real=0.00 secs] 
93.407: [GC (Allocation Failure) [PSYoungGen: 44978K->1024K(52736K)] 383922K->345088K(519168K), 0.0013533 secs] [Times: user=0.00 sys=0.00, real=0.00 secs] 
93.843: [GC (Allocation Failure) [PSYoungGen: 32685K->1024K(52736K)] 376749K->365568K(519168K), 0.0017523 secs] [Times: user=0.00 sys=0.00, real=0.00 secs] 
94.062: [GC (Allocation Failure) [PSYoungGen: 22439K->1024K(52736K)] 438183K->416768K(519168K), 0.0011161 secs] [Times: user=0.00 sys=0.00, real=0.00 secs] 
94.063: [GC (Allocation Failure) [PSYoungGen: 1024K->1024K(52736K)] 416768K->416768K(519168K), 0.0010340 secs] [Times: user=0.00 sys=0.00, real=0.00 secs] 
94.064: [Full GC (Allocation Failure) [PSYoungGen: 1024K->0K(52736K)] [ParOldGen: 415744K->62993K(466432K)] 416768K->62993K(519168K), [Metaspace: 2796K->2796K(1056768K)], 0.0055587 secs] [Times: user=0.00 sys=0.00, real=0.01 secs] 
95.169: [GC (Allocation Failure) [PSYoungGen: 43943K->0K(52736K)] 209336K->180753K(519168K), 0.0014435 secs] [Times: user=0.00 sys=0.00, real=0.00 secs] 
96.586: [GC (Allocation Failure) [PSYoungGen: 43949K->0K(52736K)] 378302K->339473K(519168K), 0.0011473 secs] [Times: user=0.00 sys=0.00, real=0.00 secs] 
96.917: [GC (Allocation Failure) [PSYoungGen: 31665K->0K(52736K)] 422338K->411153K(519168K), 0.0021670 secs] [Times: user=0.00 sys=0.00, real=0.00 secs] 
96.919: [GC (Allocation Failure) [PSYoungGen: 0K->0K(52736K)] 411153K->411153K(519168K), 0.0008919 secs] [Times: user=0.00 sys=0.00, real=0.00 secs] 
96.920: [Full GC (Allocation Failure) [PSYoungGen: 0K->0K(52736K)] [ParOldGen: 411153K->72209K(466432K)] 411153K->72209K(519168K), [Metaspace: 2796K->2796K(1056768K)], 0.0070515 secs] [Times: user=0.00 sys=0.00, real=0.01 secs] 
98.023: [GC (Allocation Failure) [PSYoungGen: 43955K->0K(52736K)] 218565K->189969K(519168K), 0.0013771 secs] [Times: user=0.00 sys=0.00, real=0.00 secs] 
98.895: [GC (Allocation Failure) [PSYoungGen: 43957K->0K(52736K)] 387526K->348689K(519168K), 0.0009645 secs] [Times: user=0.00 sys=0.00, real=0.00 secs] 
99.550: [GC (Allocation Failure) [PSYoungGen: 41910K->0K(52736K)] 390599K->364049K(519168K), 0.0017847 secs] [Times: user=0.00 sys=0.00, real=0.00 secs] 
99.770: [GC (Allocation Failure) [PSYoungGen: 21423K->0K(52736K)] 436673K->415249K(519168K), 0.0013315 secs] [Times: user=0.00 sys=0.00, real=0.00 secs] 
99.771: [GC (Allocation Failure) [PSYoungGen: 0K->0K(52736K)] 415249K->415249K(519168K), 0.0008116 secs] [Times: user=0.00 sys=0.00, real=0.00 secs] 
99.772: [Full GC (Allocation Failure) [PSYoungGen: 0K->0K(52736K)] [ParOldGen: 415249K->133649K(466432K)] 415249K->133649K(519168K), [Metaspace: 2796K->2796K(1056768K)], 0.0100630 secs] [Times: user=0.00 sys=0.00, real=0.01 secs] 
100.980: [GC (Allocation Failure) [PSYoungGen: 36783K->0K(52736K)] 272832K->251409K(519168K), 0.0015594 secs] [Times: user=0.00 sys=0.00, real=0.00 secs] 
101.962: [GC (Allocation Failure) [PSYoungGen: 43954K->1024K(52736K)] 448964K->411153K(519168K), 0.0008821 secs] [Times: user=0.00 sys=0.00, real=0.00 secs] 
102.398: [GC (Allocation Failure) [PSYoungGen: 32692K->1024K(52736K)] 442822K->426513K(519168K), 0.0015689 secs] [Times: user=0.00 sys=0.00, real=0.00 secs] 
102.400: [Full GC (Ergonomics) [PSYoungGen: 1024K->0K(52736K)] [ParOldGen: 425489K->22033K(466432K)] 426513K->22033K(519168K), [Metaspace: 2796K->2796K(1056768K)], 0.0035585 secs] [Times: user=0.00 sys=0.00, real=0.00 secs] 
103.377: [GC (Allocation Failure) [PSYoungGen: 43948K->1024K(52736K)] 219581K->181777K(519168K), 0.0008210 secs] [Times: user=0.00 sys=0.00, real=0.00 secs] 
104.799: [GC (Allocation Failure) [PSYoungGen: 43952K->0K(52736K)] 224705K->190993K(519168K), 0.0010036 secs] [Times: user=0.00 sys=0.00, real=0.00 secs] 
105.236: [GC (Allocation Failure) [PSYoungGen: 31659K->0K(52736K)] 222653K->211473K(519168K), 0.0014926 secs] [Times: user=0.00 sys=0.00, real=0.00 secs] 
106.221: [GC (Allocation Failure) [PSYoungGen: 43942K->0K(52736K)] 409015K->375313K(519168K), 0.0011426 secs] [Times: user=0.00 sys=0.00, real=0.00 secs] 
106.656: [GC (Allocation Failure) [PSYoungGen: 31660K->0K(52736K)] 406974K->385553K(519168K), 0.0012929 secs] [Times: user=0.00 sys=0.00, real=0.00 secs] 
106.874: [GC (Allocation Failure) [PSYoungGen: 21414K->0K(52736K)] 458168K->457233K(519168K), 0.0020907 secs] [Times: user=0.00 sys=0.00, real=0.00 secs] 
106.876: [Full GC (Ergonomics) [PSYoungGen: 0K->0K(52736K)] [ParOldGen: 457233K->92689K(466432K)] 457233K->92689K(519168K), [Metaspace: 2796K->2796K(1056768K)], 0.0075860 secs] [Times: user=0.00 sys=0.00, real=0.01 secs] 
108.746: [GC (Allocation Failure) [PSYoungGen: 45991K->0K(52736K)] 394680K->353809K(519168K), 0.0009029 secs] [Times: user=0.00 sys=0.00, real=0.00 secs] 
109.515: [GC (Allocation Failure) [PSYoungGen: 47021K->0K(52736K)] 400830K->369169K(519168K), 0.0019160 secs] [Times: user=0.00 sys=0.00, real=0.00 secs] 
109.734: [GC (Allocation Failure) [PSYoungGen: 21418K->0K(52736K)] 441787K->420369K(519168K), 0.0011447 secs] [Times: user=0.00 sys=0.00, real=0.00 secs] 
109.735: [Full GC (Ergonomics) [PSYoungGen: 0K->0K(52736K)] [ParOldGen: 420369K->108049K(466432K)] 420369K->108049K(519168K), [Metaspace: 2796K->2796K(1056768K)], 0.0089656 secs] [Times: user=0.00 sys=0.00, real=0.01 secs] 
110.840: [GC (Allocation Failure) [PSYoungGen: 43946K->0K(52736K)] 254395K->225809K(519168K), 0.0014125 secs] [Times: user=0.00 sys=0.00, real=0.00 secs] 
112.158: [GC (Allocation Failure) [PSYoungGen: 42927K->0K(52736K)] 422336K->389649K(519168K), 0.0010521 secs] [Times: user=0.00 sys=0.00, real=0.00 secs] 
112.594: [Full GC (Ergonomics) [PSYoungGen: 41906K->0K(52736K)] [ParOldGen: 440849K->56849K(466432K)] 482755K->56849K(519168K), [Metaspace: 2796K->2796K(1056768K)], 0.0053310 secs] [Times: user=0.00 sys=0.00, real=0.00 secs] 
113.700: [GC (Allocation Failure) [PSYoungGen: 43956K->1024K(52736K)] 203205K->180753K(519168K), 0.0015928 secs] [Times: user=0.00 sys=0.00, real=0.00 secs] 
114.573: [GC (Allocation Failure) [PSYoungGen: 44981K->1024K(52736K)] 378311K->344593K(519168K), 0.0011417 secs] [Times: user=0.00 sys=0.00, real=0.00 secs] 
115.883: [GC (Allocation Failure) [PSYoungGen: 48054K->0K(52736K)] 391624K->348689K(519168K), 0.0008747 secs] [Times: user=0.00 sys=0.00, real=0.00 secs] 
116.650: [GC (Allocation Failure) [PSYoungGen: 47024K->0K(52736K)] 395714K->364049K(519168K), 0.0015747 secs] [Times: user=0.00 sys=0.00, real=0.00 secs] 
116.869: [GC (Allocation Failure) [PSYoungGen: 21420K->0K(52736K)] 436670K->435729K(519168K), 0.0021054 secs] [Times: user=0.00 sys=0.00, real=0.00 secs] 
116.871: [Full GC (Ergonomics) [PSYoungGen: 0K->0K(52736K)] [ParOldGen: 435729K->77329K(466432K)] 435729K->77329K(519168K), [Metaspace: 2796K->2796K(1056768K)], 0.0062252 secs] [Times: user=0.00 sys=0.00, real=0.01 secs] 
117.975: [GC (Allocation Failure) [PSYoungGen: 43948K->0K(52736K)] 223678K->195089K(519168K), 0.0013461 secs] [Times: user=0.00 sys=0.00, real=0.00 secs] 
118.850: [GC (Allocation Failure) [PSYoungGen: 43952K->0K(52736K)] 392642K->353809K(519168K), 0.0009004 secs] [Times: user=0.00 sys=0.00, real=0.00 secs] 
119.723: [GC (Allocation Failure) [PSYoungGen: 11187K->0K(52736K)] 416196K->405009K(519168K), 0.0010947 secs] [Times: user=0.00 sys=0.00, real=0.00 secs] 
119.724: [GC (Allocation Failure) [PSYoungGen: 0K->0K(52736K)] 405009K->405009K(519168K), 0.0012074 secs] [Times: user=0.00 sys=0.00, real=0.00 secs] 
119.725: [Full GC (Allocation Failure) [PSYoungGen: 0K->0K(52736K)] [ParOldGen: 405009K->51729K(466432K)] 405009K->51729K(519168K), [Metaspace: 2796K->2796K(1056768K)], 0.0059630 secs] [Times: user=0.00 sys=0.00, real=0.01 secs] 
120.829: [GC (Allocation Failure) [PSYoungGen: 43955K->0K(52736K)] 198084K->169489K(519168K), 0.0013773 secs] [Times: user=0.00 sys=0.00, real=0.00 secs] 
121.706: [GC (Allocation Failure) [PSYoungGen: 43957K->1024K(52736K)] 367046K->329233K(519168K), 0.0007785 secs] [Times: user=0.00 sys=0.00, real=0.00 secs] 
122.362: [GC (Allocation Failure) [PSYoungGen: 42934K->1024K(52736K)] 371143K->344593K(519168K), 0.0015795 secs] [Times: user=0.00 sys=0.00, real=0.00 secs] 
122.580: [GC (Allocation Failure) [PSYoungGen: 22447K->1024K(52736K)] 417216K->395793K(519168K), 0.0009706 secs] [Times: user=0.00 sys=0.00, real=0.00 secs] 
122.581: [GC (Allocation Failure) [PSYoungGen: 1024K->1024K(52736K)] 395793K->395793K(519168K), 0.0008077 secs] [Times: user=0.00 sys=0.00, real=0.00 secs] 
122.582: [Full GC (Allocation Failure) [PSYoungGen: 1024K->0K(52736K)] [ParOldGen: 394769K->165393K(466432K)] 395793K->165393K(519168K), [Metaspace: 2796K->2796K(1056768K)], 0.0120030 secs] [Times: user=0.00 sys=0.00, real=0.01 secs] 
123.798: [GC (Allocation Failure) [PSYoungGen: 28591K->0K(52736K)] 296384K->288273K(519168K), 0.0017555 secs] [Times: user=0.00 sys=0.00, real=0.00 secs] 
124.779: [Full GC (Ergonomics) [PSYoungGen: 43954K->0K(52736K)] [ParOldGen: 441873K->21009K(466432K)] 485828K->21009K(519168K), [Metaspace: 2796K->2796K(1056768K)], 0.0034835 secs] [Times: user=0.00 sys=0.00, real=0.00 secs] 
125.216: [GC (Allocation Failure) [PSYoungGen: 31668K->0K(52736K)] 52677K->41489K(519168K), 0.0013876 secs] [Times: user=0.00 sys=0.00, real=0.00 secs] 
126.199: [GC (Allocation Failure) [PSYoungGen: 43948K->0K(52736K)] 239037K->205329K(519168K), 0.0010688 secs] [Times: user=0.00 sys=0.00, real=0.00 secs] 
126.635: [GC (Allocation Failure) [PSYoungGen: 31664K->0K(52736K)] 236993K->215569K(519168K), 0.0013583 secs] [Times: user=0.00 sys=0.00, real=0.00 secs] 
127.835: [GC (Allocation Failure) [PSYoungGen: 47017K->0K(52736K)] 262586K->225809K(519168K), 0.0010884 secs] [Times: user=0.00 sys=0.00, real=0.00 secs] 
128.600: [GC (Allocation Failure) [PSYoungGen: 43943K->1024K(52736K)] 423353K->380433K(519168K), 0.0007335 secs] [Times: user=0.00 sys=0.00, real=0.00 secs] 
129.364: [GC (Allocation Failure) [PSYoungGen: 42925K->0K(52736K)] 422335K->394769K(519168K), 0.0015123 secs] [Times: user=0.00 sys=0.00, real=0.00 secs] 
129.692: [Full GC (Ergonomics) [PSYoungGen: 31657K->0K(52736K)] [ParOldGen: 445969K->113169K(466432K)] 477627K->113169K(519168K), [Metaspace: 2796K->2796K(1056768K)], 0.0090499 secs] [Times: user=0.02 sys=0.00, real=0.01 secs] 
131.779: [GC (Allocation Failure) [PSYoungGen: 45999K->1024K(52736K)] 363968K->324113K(519168K), 0.0008965 secs] [Times: user=0.00 sys=0.00, real=0.00 secs] 
132.325: [GC (Allocation Failure) [PSYoungGen: 37810K->1024K(52736K)] 360899K->339473K(519168K), 0.0017858 secs] [Times: user=0.00 sys=0.00, real=0.00 secs] 
132.545: [GC (Allocation Failure) [PSYoungGen: 22443K->1024K(52736K)] 412093K->390673K(519168K), 0.0013451 secs] [Times: user=0.00 sys=0.00, real=0.00 secs] 
132.546: [GC (Allocation Failure) [PSYoungGen: 1024K->1024K(52736K)] 390673K->390673K(519168K), 0.0008618 secs] [Times: user=0.00 sys=0.00, real=0.00 secs] 
132.547: [Full GC (Allocation Failure) [PSYoungGen: 1024K->0K(52736K)] [ParOldGen: 389649K->57873K(466432K)] 390673K->57873K(519168K), [Metaspace: 2796K->2796K(1056768K)], 0.0055441 secs] [Times: user=0.00 sys=0.00, real=0.01 secs] 
133.656: [GC (Allocation Failure) [PSYoungGen: 43948K->1024K(52736K)] 204221K->181777K(519168K), 0.0015121 secs] [Times: user=0.00 sys=0.00, real=0.00 secs] 
134.972: [GC (Allocation Failure) [PSYoungGen: 39856K->0K(52736K)] 374209K->339473K(519168K), 0.0008486 secs] [Times: user=0.00 sys=0.00, real=0.00 secs] 
135.410: [GC (Allocation Failure) [PSYoungGen: 41907K->0K(52736K)] 432580K->400913K(519168K), 0.0013979 secs] [Times: user=0.00 sys=0.00, real=0.00 secs] 
135.411: [GC (Allocation Failure) [PSYoungGen: 0K->0K(52736K)] 400913K->400913K(519168K), 0.0008411 secs] [Times: user=0.00 sys=0.00, real=0.00 secs] 
135.412: [Full GC (Allocation Failure) [PSYoungGen: 0K->0K(52736K)] [ParOldGen: 400913K->61969K(466432K)] 400913K->61969K(519168K), [Metaspace: 2796K->2796K(1056768K)], 0.0056832 secs] [Times: user=0.00 sys=0.00, real=0.00 secs] 
136.520: [GC (Allocation Failure) [PSYoungGen: 43957K->0K(52736K)] 208326K->179729K(519168K), 0.0014613 secs] [Times: user=0.00 sys=0.00, real=0.00 secs] 
137.389: [GC (Allocation Failure) [PSYoungGen: 43958K->0K(52736K)] 377287K->358929K(519168K), 0.0021844 secs] [Times: user=0.00 sys=0.00, real=0.00 secs] 
138.046: [GC (Allocation Failure) [PSYoungGen: 41910K->0K(52736K)] 400840K->374289K(519168K), 0.0014361 secs] [Times: user=0.00 sys=0.00, real=0.00 secs] 
139.250: [Full GC (Ergonomics) [PSYoungGen: 41903K->0K(52736K)] [ParOldGen: 425489K->11264K(466432K)] 467393K->11264K(519168K), [Metaspace: 2796K->2796K(1056768K)], 0.0029177 secs] [Times: user=0.00 sys=0.00, real=0.00 secs] 
140.013: [GC (Allocation Failure) [PSYoungGen: 43954K->1024K(52736K)] 208818K->165888K(519168K), 0.0006165 secs] [Times: user=0.00 sys=0.00, real=0.00 secs] 
140.776: [GC (Allocation Failure) [PSYoungGen: 42932K->0K(52736K)] 207796K->180224K(519168K), 0.0013518 secs] [Times: user=0.00 sys=0.00, real=0.00 secs] 
141.649: [GC (Allocation Failure) [PSYoungGen: 43950K->1024K(52736K)] 377774K->339968K(519168K), 0.0010437 secs] [Times: user=0.00 sys=0.00, real=0.00 secs] 
143.286: [GC (Allocation Failure) [PSYoungGen: 44978K->1024K(52736K)] 383922K->345088K(519168K), 0.0010549 secs] [Times: user=0.00 sys=0.00, real=0.00 secs] 
143.723: [GC (Allocation Failure) [PSYoungGen: 32685K->1024K(52736K)] 376749K->365568K(519168K), 0.0020664 secs] [Times: user=0.00 sys=0.00, real=0.00 secs] 
143.940: [GC (Allocation Failure) [PSYoungGen: 22439K->1024K(52736K)] 438183K->416768K(519168K), 0.0016797 secs] [Times: user=0.00 sys=0.00, real=0.00 secs] 
143.942: [GC (Allocation Failure) [PSYoungGen: 1024K->1024K(52736K)] 416768K->416768K(519168K), 0.0013187 secs] [Times: user=0.00 sys=0.00, real=0.00 secs] 
143.943: [Full GC (Allocation Failure) [PSYoungGen: 1024K->0K(52736K)] [ParOldGen: 415744K->62993K(466432K)] 416768K->62993K(519168K), [Metaspace: 2796K->2796K(1056768K)], 0.0059218 secs] [Times: user=0.02 sys=0.00, real=0.01 secs] 
145.049: [GC (Allocation Failure) [PSYoungGen: 43943K->0K(52736K)] 209336K->180753K(519168K), 0.0016756 secs] [Times: user=0.00 sys=0.00, real=0.00 secs] 
146.469: [GC (Allocation Failure) [PSYoungGen: 43949K->0K(52736K)] 378302K->339473K(519168K), 0.0009395 secs] [Times: user=0.00 sys=0.00, real=0.00 secs] 
146.796: [GC (Allocation Failure) [PSYoungGen: 31665K->0K(52736K)] 422338K->411153K(519168K), 0.0022336 secs] [Times: user=0.00 sys=0.00, real=0.00 secs] 
146.798: [GC (Allocation Failure) [PSYoungGen: 0K->0K(52736K)] 411153K->411153K(519168K), 0.0009849 secs] [Times: user=0.00 sys=0.00, real=0.00 secs] 
146.799: [Full GC (Allocation Failure) [PSYoungGen: 0K->0K(52736K)] [ParOldGen: 411153K->72209K(466432K)] 411153K->72209K(519168K), [Metaspace: 2796K->2796K(1056768K)], 0.0062095 secs] [Times: user=0.00 sys=0.00, real=0.01 secs] 
147.902: [GC (Allocation Failure) [PSYoungGen: 43955K->0K(52736K)] 218565K->189969K(519168K), 0.0014083 secs] [Times: user=0.00 sys=0.00, real=0.00 secs] 
148.776: [GC (Allocation Failure) [PSYoungGen: 43957K->0K(52736K)] 387526K->348689K(519168K), 0.0010755 secs] [Times: user=0.00 sys=0.00, real=0.00 secs] 
149.432: [GC (Allocation Failure) [PSYoungGen: 41910K->0K(52736K)] 390599K->364049K(519168K), 0.0014650 secs] [Times: user=0.00 sys=0.00, real=0.00 secs] 
149.650: [GC (Allocation Failure) [PSYoungGen: 21423K->0K(52736K)] 436673K->415249K(519168K), 0.0009659 secs] [Times: user=0.00 sys=0.00, real=0.00 secs] 
149.651: [GC (Allocation Failure) [PSYoungGen: 0K->0K(52736K)] 415249K->415249K(519168K), 0.0009201 secs] [Times: user=0.00 sys=0.00, real=0.00 secs] 
149.652: [Full GC (Allocation Failure) [PSYoungGen: 0K->0K(52736K)] [ParOldGen: 415249K->133649K(466432K)] 415249K->133649K(519168K), [Metaspace: 2796K->2796K(1056768K)], 0.0098300 secs] [Times: user=0.00 sys=0.00, real=0.01 secs] 
150.869: [GC (Allocation Failure) [PSYoungGen: 36783K->0K(52736K)] 272832K->251409K(519168K), 0.0014961 secs] [Times: user=0.00 sys=0.00, real=0.00 secs] 
151.848: [GC (Allocation Failure) [PSYoungGen: 43954K->1024K(52736K)] 448964K->411153K(519168K), 0.0010746 secs] [Times: user=0.00 sys=0.00, real=0.00 secs] 
152.287: [GC (Allocation Failure) [PSYoungGen: 32692K->1024K(52736K)] 442822K->426513K(519168K), 0.0016475 secs] [Times: user=0.00 sys=0.00, real=0.00 secs] 
152.288: [Full GC (Ergonomics) [PSYoungGen: 1024K->0K(52736K)] [ParOldGen: 425489K->22033K(466432K)] 426513K->22033K(519168K), [Metaspace: 2796K->2796K(1056768K)], 0.0030030 secs] [Times: user=0.00 sys=0.00, real=0.00 secs] 
153.266: [GC (Allocation Failure) [PSYoungGen: 43948K->1024K(52736K)] 219581K->181777K(519168K), 0.0009589 secs] [Times: user=0.00 sys=0.00, real=0.00 secs] 
154.684: [GC (Allocation Failure) [PSYoungGen: 43952K->0K(52736K)] 224705K->190993K(519168K), 0.0009108 secs] [Times: user=0.00 sys=0.00, real=0.00 secs] 
155.122: [GC (Allocation Failure) [PSYoungGen: 31659K->0K(52736K)] 222653K->211473K(519168K), 0.0015803 secs] [Times: user=0.00 sys=0.00, real=0.00 secs] 
156.105: [GC (Allocation Failure) [PSYoungGen: 43942K->0K(52736K)] 409015K->375313K(519168K), 0.0011710 secs] [Times: user=0.00 sys=0.00, real=0.00 secs] 
156.540: [GC (Allocation Failure) [PSYoungGen: 31660K->0K(52736K)] 406974K->385553K(519168K), 0.0014264 secs] [Times: user=0.00 sys=0.00, real=0.00 secs] 
156.759: [GC (Allocation Failure) [PSYoungGen: 21414K->0K(52736K)] 458168K->457233K(519168K), 0.0022531 secs] [Times: user=0.02 sys=0.00, real=0.00 secs] 
156.761: [Full GC (Ergonomics) [PSYoungGen: 0K->0K(52736K)] [ParOldGen: 457233K->92689K(466432K)] 457233K->92689K(519168K), [Metaspace: 2796K->2796K(1056768K)], 0.0076916 secs] [Times: user=0.00 sys=0.00, real=0.01 secs] 
158.629: [GC (Allocation Failure) [PSYoungGen: 45991K->0K(52736K)] 394680K->353809K(519168K), 0.0008497 secs] [Times: user=0.00 sys=0.00, real=0.00 secs] 
159.398: [GC (Allocation Failure) [PSYoungGen: 47021K->0K(52736K)] 400830K->369169K(519168K), 0.0016889 secs] [Times: user=0.00 sys=0.00, real=0.00 secs] 
159.616: [GC (Allocation Failure) [PSYoungGen: 21418K->0K(52736K)] 441787K->420369K(519168K), 0.0008618 secs] [Times: user=0.00 sys=0.00, real=0.00 secs] 
159.617: [Full GC (Ergonomics) [PSYoungGen: 0K->0K(52736K)] [ParOldGen: 420369K->108049K(466432K)] 420369K->108049K(519168K), [Metaspace: 2796K->2796K(1056768K)], 0.0088596 secs] [Times: user=0.00 sys=0.00, real=0.01 secs] 
160.717: [GC (Allocation Failure) [PSYoungGen: 43946K->0K(52736K)] 254395K->225809K(519168K), 0.0015070 secs] [Times: user=0.00 sys=0.00, real=0.00 secs] 
162.031: [GC (Allocation Failure) [PSYoungGen: 42927K->0K(52736K)] 422336K->389649K(519168K), 0.0009524 secs] [Times: user=0.00 sys=0.00, real=0.00 secs] 
162.467: [Full GC (Ergonomics) [PSYoungGen: 41906K->0K(52736K)] [ParOldGen: 440849K->56849K(466432K)] 482755K->56849K(519168K), [Metaspace: 2796K->2796K(1056768K)], 0.0058780 secs] [Times: user=0.00 sys=0.00, real=0.01 secs] 
163.583: [GC (Allocation Failure) [PSYoungGen: 43956K->1024K(52736K)] 203205K->180753K(519168K), 0.0017098 secs] [Times: user=0.00 sys=0.00, real=0.00 secs] 
164.457: [GC (Allocation Failure) [PSYoungGen: 44981K->1024K(52736K)] 378311K->344593K(519168K), 0.0014016 secs] [Times: user=0.00 sys=0.00, real=0.00 secs] 
165.769: [GC (Allocation Failure) [PSYoungGen: 48054K->0K(52736K)] 391624K->348689K(519168K), 0.0009680 secs] [Times: user=0.00 sys=0.00, real=0.00 secs] 
166.532: [GC (Allocation Failure) [PSYoungGen: 47024K->0K(52736K)] 395714K->364049K(519168K), 0.0013979 secs] [Times: user=0.00 sys=0.00, real=0.00 secs] 
166.751: [GC (Allocation Failure) [PSYoungGen: 21420K->0K(52736K)] 436670K->435729K(519168K), 0.0022959 secs] [Times: user=0.00 sys=0.00, real=0.00 secs] 
166.754: [Full GC (Ergonomics) [PSYoungGen: 0K->0K(52736K)] [ParOldGen: 435729K->77329K(466432K)] 435729K->77329K(519168K), [Metaspace: 2796K->2796K(1056768K)], 0.0064855 secs] [Times: user=0.00 sys=0.00, real=0.01 secs] 
167.856: [GC (Allocation Failure) [PSYoungGen: 43948K->0K(52736K)] 223678K->195089K(519168K), 0.0014277 secs] [Times: user=0.00 sys=0.00, real=0.00 secs] 
168.729: [GC (Allocation Failure) [PSYoungGen: 43952K->0K(52736K)] 392642K->353809K(519168K), 0.0013278 secs] [Times: user=0.00 sys=0.00, real=0.00 secs] 
169.603: [GC (Allocation Failure) [PSYoungGen: 11187K->0K(52736K)] 416196K->405009K(519168K), 0.0008949 secs] [Times: user=0.00 sys=0.00, real=0.00 secs] 
169.604: [GC (Allocation Failure) [PSYoungGen: 0K->0K(52736K)] 405009K->405009K(519168K), 0.0007199 secs] [Times: user=0.00 sys=0.00, real=0.00 secs] 
169.605: [Full GC (Allocation Failure) [PSYoungGen: 0K->0K(52736K)] [ParOldGen: 405009K->51729K(466432K)] 405009K->51729K(519168K), [Metaspace: 2796K->2796K(1056768K)], 0.0049585 secs] [Times: user=0.00 sys=0.00, real=0.01 secs] 
170.711: [GC (Allocation Failure) [PSYoungGen: 43955K->0K(52736K)] 198084K->169489K(519168K), 0.0013486 secs] [Times: user=0.00 sys=0.00, real=0.00 secs] 
171.590: [GC (Allocation Failure) [PSYoungGen: 43957K->1024K(52736K)] 367046K->329233K(519168K), 0.0008942 secs] [Times: user=0.00 sys=0.00, real=0.00 secs] 
172.246: [GC (Allocation Failure) [PSYoungGen: 42934K->1024K(52736K)] 371143K->344593K(519168K), 0.0016747 secs] [Times: user=0.00 sys=0.00, real=0.00 secs] 
172.465: [GC (Allocation Failure) [PSYoungGen: 22447K->1024K(52736K)] 417216K->395793K(519168K), 0.0009863 secs] [Times: user=0.00 sys=0.00, real=0.00 secs] 
172.466: [GC (Allocation Failure) [PSYoungGen: 1024K->1024K(52736K)] 395793K->395793K(519168K), 0.0009917 secs] [Times: user=0.00 sys=0.00, real=0.00 secs] 
172.467: [Full GC (Allocation Failure) [PSYoungGen: 1024K->0K(52736K)] [ParOldGen: 394769K->165393K(466432K)] 395793K->165393K(519168K), [Metaspace: 2796K->2796K(1056768K)], 0.0122560 secs] [Times: user=0.00 sys=0.00, real=0.01 secs] 
173.679: [GC (Allocation Failure) [PSYoungGen: 28591K->0K(52736K)] 296384K->288273K(519168K), 0.0016682 secs] [Times: user=0.00 sys=0.00, real=0.00 secs] 
174.668: [Full GC (Ergonomics) [PSYoungGen: 43954K->0K(52736K)] [ParOldGen: 441873K->21009K(466432K)] 485828K->21009K(519168K), [Metaspace: 2796K->2796K(1056768K)], 0.0032111 secs] [Times: user=0.00 sys=0.00, real=0.00 secs] 
175.105: [GC (Allocation Failure) [PSYoungGen: 31668K->0K(52736K)] 52677K->41489K(519168K), 0.0012223 secs] [Times: user=0.00 sys=0.00, real=0.00 secs] 
176.091: [GC (Allocation Failure) [PSYoungGen: 43948K->0K(52736K)] 239037K->205329K(519168K), 0.0011580 secs] [Times: user=0.00 sys=0.00, real=0.00 secs] 
176.526: [GC (Allocation Failure) [PSYoungGen: 31664K->0K(52736K)] 236993K->215569K(519168K), 0.0014651 secs] [Times: user=0.00 sys=0.00, real=0.00 secs] 
177.725: [GC (Allocation Failure) [PSYoungGen: 47017K->0K(52736K)] 262586K->225809K(519168K), 0.0010800 secs] [Times: user=0.00 sys=0.00, real=0.00 secs] 
178.491: [GC (Allocation Failure) [PSYoungGen: 43943K->1024K(52736K)] 423353K->380433K(519168K), 0.0008461 secs] [Times: user=0.00 sys=0.00, real=0.00 secs] 
179.254: [GC (Allocation Failure) [PSYoungGen: 42925K->0K(52736K)] 422335K->394769K(519168K), 0.0017454 secs] [Times: user=0.00 sys=0.00, real=0.00 secs] 
179.582: [Full GC (Ergonomics) [PSYoungGen: 31657K->0K(52736K)] [ParOldGen: 445969K->113169K(466432K)] 477627K->113169K(519168K), [Metaspace: 2796K->2796K(1056768K)], 0.0095469 secs] [Times: user=0.00 sys=0.00, real=0.01 secs] 
181.670: [GC (Allocation Failure) [PSYoungGen: 45999K->1024K(52736K)] 363968K->324113K(519168K), 0.0008226 secs] [Times: user=0.00 sys=0.00, real=0.00 secs] 
182.215: [GC (Allocation Failure) [PSYoungGen: 37810K->1024K(52736K)] 360899K->339473K(519168K), 0.0014150 secs] [Times: user=0.00 sys=0.00, real=0.00 secs] 
182.433: [GC (Allocation Failure) [PSYoungGen: 22443K->1024K(52736K)] 412093K->390673K(519168K), 0.0007729 secs] [Times: user=0.00 sys=0.00, real=0.00 secs] 
182.434: [GC (Allocation Failure) [PSYoungGen: 1024K->1024K(52736K)] 390673K->390673K(519168K), 0.0007794 secs] [Times: user=0.00 sys=0.00, real=0.00 secs] 
182.435: [Full GC (Allocation Failure) [PSYoungGen: 1024K->0K(52736K)] [ParOldGen: 389649K->57873K(466432K)] 390673K->57873K(519168K), [Metaspace: 2796K->2796K(1056768K)], 0.0054361 secs] [Times: user=0.00 sys=0.00, real=0.01 secs] 
183.540: [GC (Allocation Failure) [PSYoungGen: 43948K->1024K(52736K)] 204221K->181777K(519168K), 0.0015444 secs] [Times: user=0.01 sys=0.00, real=0.00 secs] 
184.852: [GC (Allocation Failure) [PSYoungGen: 39856K->0K(52736K)] 374209K->339473K(519168K), 0.0010306 secs] [Times: user=0.00 sys=0.00, real=0.00 secs] 
185.289: [GC (Allocation Failure) [PSYoungGen: 41907K->0K(52736K)] 432580K->400913K(519168K), 0.0014131 secs] [Times: user=0.00 sys=0.00, real=0.00 secs] 
185.290: [GC (Allocation Failure) [PSYoungGen: 0K->0K(52736K)] 400913K->400913K(519168K), 0.0007092 secs] [Times: user=0.02 sys=0.00, real=0.00 secs] 
185.291: [Full GC (Allocation Failure) [PSYoungGen: 0K->0K(52736K)] [ParOldGen: 400913K->61969K(466432K)] 400913K->61969K(519168K), [Metaspace: 2796K->2796K(1056768K)], 0.0056739 secs] [Times: user=0.00 sys=0.00, real=0.01 secs] 
186.399: [GC (Allocation Failure) [PSYoungGen: 43957K->0K(52736K)] 208326K->179729K(519168K), 0.0013672 secs] [Times: user=0.01 sys=0.00, real=0.00 secs] 
187.281: [GC (Allocation Failure) [PSYoungGen: 43958K->0K(52736K)] 377287K->358929K(519168K), 0.0025832 secs] [Times: user=0.00 sys=0.00, real=0.00 secs] 
187.936: [GC (Allocation Failure) [PSYoungGen: 41910K->0K(52736K)] 400840K->374289K(519168K), 0.0015517 secs] [Times: user=0.00 sys=0.00, real=0.00 secs] 
189.135: [Full GC (Ergonomics) [PSYoungGen: 41903K->0K(52736K)] [ParOldGen: 425489K->11264K(466432K)] 467393K->11264K(519168K), [Metaspace: 2796K->2796K(1056768K)], 0.0025501 secs] [Times: user=0.00 sys=0.00, real=0.00 secs] 
189.899: [GC (Allocation Failure) [PSYoungGen: 43954K->1024K(52736K)] 208818K->165888K(519168K), 0.0005966 secs] [Times: user=0.00 sys=0.00, real=0.00 secs] 
190.662: [GC (Allocation Failure) [PSYoungGen: 42932K->0K(52736K)] 207796K->180224K(519168K), 0.0015064 secs] [Times: user=0.00 sys=0.00, real=0.00 secs] 
191.537: [GC (Allocation Failure) [PSYoungGen: 43950K->1056K(52736K)] 377774K->340000K(519168K), 0.0011301 secs] [Times: user=0.00 sys=0.00, real=0.00 secs] 
193.185: [GC (Allocation Failure) [PSYoungGen: 45010K->1056K(52736K)] 383954K->345120K(519168K), 0.0010221 secs] [Times: user=0.00 sys=0.00, real=0.00 secs] 
193.623: [GC (Allocation Failure) [PSYoungGen: 32717K->1056K(52736K)] 376781K->365600K(519168K), 0.0016871 secs] [Times: user=0.00 sys=0.00, real=0.00 secs] 
193.841: [GC (Allocation Failure) [PSYoungGen: 22471K->1056K(52736K)] 438215K->416800K(519168K), 0.0011877 secs] [Times: user=0.00 sys=0.00, real=0.00 secs] 
193.842: [GC (Allocation Failure) [PSYoungGen: 1056K->1056K(52736K)] 416800K->416800K(519168K), 0.0010172 secs] [Times: user=0.00 sys=0.00, real=0.00 secs] 
193.843: [Full GC (Allocation Failure) [PSYoungGen: 1056K->0K(52736K)] [ParOldGen: 415744K->62993K(466432K)] 416800K->62993K(519168K), [Metaspace: 2796K->2796K(1056768K)], 0.0055955 secs] [Times: user=0.00 sys=0.00, real=0.01 secs] 
194.947: [GC (Allocation Failure) [PSYoungGen: 43943K->32K(52736K)] 209336K->180785K(519168K), 0.0013433 secs] [Times: user=0.00 sys=0.00, real=0.00 secs] 
196.361: [GC (Allocation Failure) [PSYoungGen: 43981K->64K(52736K)] 378334K->339537K(519168K), 0.0010369 secs] [Times: user=0.00 sys=0.00, real=0.00 secs] 
196.691: [GC (Allocation Failure) [PSYoungGen: 31729K->64K(52736K)] 422402K->411217K(519168K), 0.0020404 secs] [Times: user=0.00 sys=0.00, real=0.00 secs] 
196.693: [GC (Allocation Failure) [PSYoungGen: 64K->32K(52736K)] 411217K->411185K(519168K), 0.0009589 secs] [Times: user=0.00 sys=0.00, real=0.00 secs] 
196.694: [Full GC (Allocation Failure) [PSYoungGen: 32K->0K(52736K)] [ParOldGen: 411153K->72209K(466432K)] 411185K->72209K(519168K), [Metaspace: 2796K->2796K(1056768K)], 0.0060544 secs] [Times: user=0.00 sys=0.00, real=0.01 secs] 
197.795: [GC (Allocation Failure) [PSYoungGen: 43955K->0K(52736K)] 218565K->189969K(519168K), 0.0013992 secs] [Times: user=0.00 sys=0.00, real=0.00 secs] 
198.667: [GC (Allocation Failure) [PSYoungGen: 43957K->0K(52736K)] 387527K->348689K(519168K), 0.0010312 secs] [Times: user=0.00 sys=0.00, real=0.00 secs] 
199.320: [GC (Allocation Failure) [PSYoungGen: 41910K->0K(52736K)] 390600K->364049K(519168K), 0.0013299 secs] [Times: user=0.00 sys=0.00, real=0.00 secs] 
199.540: [GC (Allocation Failure) [PSYoungGen: 21423K->0K(52736K)] 436673K->415249K(519168K), 0.0013482 secs] [Times: user=0.02 sys=0.00, real=0.00 secs] 
199.541: [GC (Allocation Failure) [PSYoungGen: 0K->0K(52736K)] 415249K->415249K(519168K), 0.0013634 secs] [Times: user=0.00 sys=0.00, real=0.00 secs] 
199.543: [Full GC (Allocation Failure) [PSYoungGen: 0K->0K(52736K)] [ParOldGen: 415249K->133649K(466432K)] 415249K->133649K(519168K), [Metaspace: 2796K->2796K(1056768K)], 0.0100110 secs] [Times: user=0.00 sys=0.00, real=0.01 secs] 
200.754: [GC (Allocation Failure) [PSYoungGen: 36783K->0K(52736K)] 272833K->251409K(519168K), 0.0014048 secs] [Times: user=0.00 sys=0.00, real=0.00 secs] 
201.737: [GC (Allocation Failure) [PSYoungGen: 43954K->1024K(52736K)] 448964K->411153K(519168K), 0.0009792 secs] [Times: user=0.00 sys=0.00, real=0.00 secs] 
202.173: [GC (Allocation Failure) [PSYoungGen: 32692K->1024K(52736K)] 442822K->426513K(519168K), 0.0015949 secs] [Times: user=0.00 sys=0.00, real=0.00 secs] 
202.175: [Full GC (Ergonomics) [PSYoungGen: 1024K->0K(52736K)] [ParOldGen: 425489K->22033K(466432K)] 426513K->22033K(519168K), [Metaspace: 2796K->2796K(1056768K)], 0.0029416 secs] [Times: user=0.00 sys=0.00, real=0.00 secs] 
203.154: [GC (Allocation Failure) [PSYoungGen: 43948K->1024K(52736K)] 219581K->181777K(519168K), 0.0007805 secs] [Times: user=0.00 sys=0.00, real=0.00 secs] 
204.576: [GC (Allocation Failure) [PSYoungGen: 43952K->0K(52736K)] 224706K->190993K(519168K), 0.0009394 secs] [Times: user=0.00 sys=0.00, real=0.00 secs] 
205.011: [GC (Allocation Failure) [PSYoungGen: 31659K->0K(52736K)] 222653K->211473K(519168K), 0.0013345 secs] [Times: user=0.00 sys=0.00, real=0.00 secs] 
205.994: [GC (Allocation Failure) [PSYoungGen: 43942K->0K(52736K)] 409016K->375313K(519168K), 0.0011729 secs] [Times: user=0.00 sys=0.00, real=0.00 secs] 
206.431: [GC (Allocation Failure) [PSYoungGen: 31660K->0K(52736K)] 406974K->385553K(519168K), 0.0012504 secs] [Times: user=0.00 sys=0.00, real=0.00 secs] 
206.651: [GC (Allocation Failure) [PSYoungGen: 21414K->0K(52736K)] 458168K->457234K(519168K), 0.0026056 secs] [Times: user=0.00 sys=0.00, real=0.00 secs] 
206.653: [Full GC (Ergonomics) [PSYoungGen: 0K->0K(52736K)] [ParOldGen: 457234K->92689K(466432K)] 457234K->92689K(519168K), [Metaspace: 2796K->2796K(1056768K)], 0.0076682 secs] [Times: user=0.00 sys=0.00, real=0.01 secs] 
208.525: [GC (Allocation Failure) [PSYoungGen: 45991K->0K(52736K)] 394680K->353809K(519168K), 0.0008031 secs] [Times: user=0.02 sys=0.00, real=0.00 secs] 
209.291: [GC (Allocation Failure) [PSYoungGen: 47021K->0K(52736K)] 400830K->369169K(519168K), 0.0015991 secs] [Times: user=0.00 sys=0.00, real=0.00 secs] 
209.512: [GC (Allocation Failure) [PSYoungGen: 21418K->0K(52736K)] 441788K->420369K(519168K), 0.0010813 secs] [Times: user=0.00 sys=0.00, real=0.00 secs] 
209.513: [Full GC (Ergonomics) [PSYoungGen: 0K->0K(52736K)] [ParOldGen: 420369K->108049K(466432K)] 420369K->108049K(519168K), [Metaspace: 2796K->2796K(1056768K)], 0.0084826 secs] [Times: user=0.00 sys=0.00, real=0.01 secs] 
210.617: [GC (Allocation Failure) [PSYoungGen: 43946K->0K(52736K)] 254396K->225809K(519168K), 0.0019192 secs] [Times: user=0.00 sys=0.00, real=0.00 secs] 
211.925: [GC (Allocation Failure) [PSYoungGen: 42927K->0K(52736K)] 422337K->389649K(519168K), 0.0009353 secs] [Times: user=0.00 sys=0.00, real=0.00 secs] 
212.362: [Full GC (Ergonomics) [PSYoungGen: 41906K->0K(52736K)] [ParOldGen: 440849K->56849K(466432K)] 482756K->56849K(519168K), [Metaspace: 2796K->2796K(1056768K)], 0.0056156 secs] [Times: user=0.00 sys=0.00, real=0.00 secs] 
213.472: [GC (Allocation Failure) [PSYoungGen: 43956K->1024K(52736K)] 203206K->180753K(519168K), 0.0015059 secs] [Times: user=0.00 sys=0.00, real=0.00 secs] 
214.342: [GC (Allocation Failure) [PSYoungGen: 44981K->1024K(52736K)] 378311K->344593K(519168K), 0.0011781 secs] [Times: user=0.00 sys=0.00, real=0.00 secs] 
215.652: [GC (Allocation Failure) [PSYoungGen: 48054K->0K(52736K)] 391624K->348689K(519168K), 0.0008794 secs] [Times: user=0.00 sys=0.00, real=0.00 secs] 
216.418: [GC (Allocation Failure) [PSYoungGen: 47024K->0K(52736K)] 395714K->364049K(519168K), 0.0015857 secs] [Times: user=0.00 sys=0.00, real=0.00 secs] 
216.635: [GC (Allocation Failure) [PSYoungGen: 21420K->0K(52736K)] 436670K->435729K(519168K), 0.0020705 secs] [Times: user=0.00 sys=0.00, real=0.00 secs] 
216.637: [Full GC (Ergonomics) [PSYoungGen: 0K->0K(52736K)] [ParOldGen: 435729K->77329K(466432K)] 435729K->77329K(519168K), [Metaspace: 2796K->2796K(1056768K)], 0.0068462 secs] [Times: user=0.00 sys=0.00, real=0.01 secs] 
217.740: [GC (Allocation Failure) [PSYoungGen: 43948K->0K(52736K)] 223678K->195089K(519168K), 0.0015943 secs] [Times: user=0.00 sys=0.00, real=0.00 secs] 
218.613: [GC (Allocation Failure) [PSYoungGen: 43952K->0K(52736K)] 392642K->353809K(519168K), 0.0007646 secs] [Times: user=0.00 sys=0.00, real=0.00 secs] 
Heap
 PSYoungGen      total 52736K, used 12140K [0x00000000fc780000, 0x0000000100000000, 0x0000000100000000)
  eden space 47616K, 25% used [0x00000000fc780000,0x00000000fd35b050,0x00000000ff600000)
  from space 5120K, 0% used [0x00000000ffb00000,0x00000000ffb00000,0x0000000100000000)
  to   space 5120K, 0% used [0x00000000ff600000,0x00000000ff600000,0x00000000ffb00000)
 ParOldGen       total 466432K, used 353809K [0x00000000e0000000, 0x00000000fc780000, 0x00000000fc780000)
  object space 466432K, 75% used [0x00000000e0000000,0x00000000f5984770,0x00000000fc780000)
 Metaspace       used 2804K, capacity 4486K, committed 4864K, reserved 1056768K
  class space    used 297K, capacity 386K, committed 512K, reserved 1048576K
