Java HotSpot(TM) 64-Bit Server VM (25.411-b09) for windows-amd64 JRE (1.8.0_411-b09), built on Mar 13 2024 07:26:13 by "java_re" with MS VC++ 17.1 (VS2022)
Memory: 4k page, physical 33403376k(14578088k free), swap 37153868k(7593668k free)
CommandLine flags: -XX:InitialHeapSize=536870912 -XX:MaxHeapSize=536870912 -XX:NewRatio=2 -XX:ParallelGCThreads=6 -XX:+PrintGC -XX:+PrintGCDetails -XX:+PrintGCTimeStamps -XX:SurvivorRatio=4 -XX:-UseAdaptiveSizePolicy -XX:+UseCompressedClassPointers -XX:+UseCompressedOops -XX:-UseLargePagesIndividualAllocation -XX:+UseParallelGC 
1.275: [GC (Allocation Failure) [PSYoungGen: 77394K->26232K(145920K)] 77394K->26240K(495616K), 0.0158043 secs] [Times: user=0.00 sys=0.00, real=0.02 secs] 
2.636: [GC (Allocation Failure) [PSYoungGen: 130906K->22224K(145920K)] 233314K->124632K(495616K), 0.0043408 secs] [Times: user=0.00 sys=0.00, real=0.00 secs] 
4.631: [GC (Allocation Failure) [PSYoungGen: 138187K->1664K(145920K)] 342995K->206472K(495616K), 0.0008089 secs] [Times: user=0.00 sys=0.00, real=0.00 secs] 
5.613: [GC (Allocation Failure) [PSYoungGen: 75659K->26232K(145920K)] 280467K->241288K(495616K), 0.0041361 secs] [Times: user=0.00 sys=0.00, real=0.00 secs] 
6.953: [GC (Allocation Failure) [PSYoungGen: 130954K->21112K(145920K)] 448410K->338568K(495616K), 0.0018125 secs] [Times: user=0.00 sys=0.00, real=0.00 secs] 
7.173: [GC (Allocation Failure) --[PSYoungGen: 96295K->96295K(145920K)] 413751K->418879K(495616K), 0.0026131 secs] [Times: user=0.00 sys=0.00, real=0.00 secs] 
7.176: [Full GC (Ergonomics) [PSYoungGen: 96295K->0K(145920K)] [ParOldGen: 322584K->92688K(349696K)] 418879K->92688K(495616K), [Metaspace: 2759K->2759K(1056768K)], 0.0123431 secs] [Times: user=0.02 sys=0.00, real=0.01 secs] 
7.737: [GC (Allocation Failure) [PSYoungGen: 114959K->5120K(145920K)] 207648K->97808K(495616K), 0.0009371 secs] [Times: user=0.00 sys=0.00, real=0.00 secs] 
9.596: [GC (Allocation Failure) [PSYoungGen: 114952K->10240K(145920K)] 310041K->256529K(495616K), 0.0051125 secs] [Times: user=0.00 sys=0.00, real=0.00 secs] 
10.810: [Full GC (Ergonomics) [PSYoungGen: 125203K->0K(145920K)] [ParOldGen: 348688K->164368K(349696K)] 473892K->164368K(495616K), [Metaspace: 2761K->2761K(1056768K)], 0.0129618 secs] [Times: user=0.02 sys=0.00, real=0.01 secs] 
12.465: [GC (Allocation Failure) [PSYoungGen: 114971K->10240K(145920K)] 381740K->277008K(495616K), 0.0009274 secs] [Times: user=0.00 sys=0.00, real=0.00 secs] 
12.902: [GC (Allocation Failure) [PSYoungGen: 105498K->5152K(145920K)] 372267K->323128K(495616K), 0.0046444 secs] [Times: user=0.00 sys=0.00, real=0.00 secs] 
12.907: [Full GC (Ergonomics) [PSYoungGen: 5152K->0K(145920K)] [ParOldGen: 317976K->56849K(349696K)] 323128K->56849K(495616K), [Metaspace: 2763K->2763K(1056768K)], 0.0053233 secs] [Times: user=0.00 sys=0.00, real=0.01 secs] 
13.464: [GC (Allocation Failure) [PSYoungGen: 114961K->6144K(145920K)] 171810K->62993K(495616K), 0.0008241 secs] [Times: user=0.00 sys=0.00, real=0.00 secs] 
14.664: [GC (Allocation Failure) [PSYoungGen: 121097K->12288K(145920K)] 280346K->171537K(495616K), 0.0014481 secs] [Times: user=0.00 sys=0.00, real=0.00 secs] 
16.954: [GC (Allocation Failure) [PSYoungGen: 117012K->15360K(145920K)] 276261K->174609K(495616K), 0.0017846 secs] [Times: user=0.00 sys=0.00, real=0.00 secs] 
18.267: [GC (Allocation Failure) [PSYoungGen: 130329K->25600K(145920K)] 391978K->302609K(495616K), 0.0028955 secs] [Times: user=0.00 sys=0.00, real=0.00 secs] 
18.592: [GC (Allocation Failure) --[PSYoungGen: 109854K->109854K(145920K)] 386864K->438064K(495616K), 0.0056447 secs] [Times: user=0.00 sys=0.00, real=0.00 secs] 
18.598: [Full GC (Ergonomics) [PSYoungGen: 109854K->0K(145920K)] [ParOldGen: 328209K->82449K(349696K)] 438064K->82449K(495616K), [Metaspace: 2770K->2770K(1056768K)], 0.0071336 secs] [Times: user=0.00 sys=0.00, real=0.01 secs] 
19.154: [GC (Allocation Failure) [PSYoungGen: 114975K->5120K(145920K)] 197424K->87569K(495616K), 0.0008900 secs] [Times: user=0.00 sys=0.00, real=0.00 secs] 
21.229: [GC (Allocation Failure) [PSYoungGen: 120082K->15360K(145920K)] 304931K->200209K(495616K), 0.0016277 secs] [Times: user=0.00 sys=0.00, real=0.00 secs] 
22.542: [GC (Allocation Failure) [PSYoungGen: 130330K->21504K(145920K)] 417579K->308753K(495616K), 0.0019449 secs] [Times: user=0.00 sys=0.00, real=0.00 secs] 
22.869: [GC (Allocation Failure) [PSYoungGen: 105759K->11264K(145920K)] 393008K->349713K(495616K), 0.0048803 secs] [Times: user=0.00 sys=0.00, real=0.00 secs] 
22.873: [Full GC (Ergonomics) [PSYoungGen: 11264K->0K(145920K)] [ParOldGen: 338449K->165393K(349696K)] 349713K->165393K(495616K), [Metaspace: 2779K->2779K(1056768K)], 0.0120351 secs] [Times: user=0.00 sys=0.00, real=0.01 secs] 
23.864: [GC (Allocation Failure) [PSYoungGen: 109856K->5120K(145920K)] 275249K->170513K(495616K), 0.0007136 secs] [Times: user=0.00 sys=0.00, real=0.00 secs] 
25.065: [GC (Allocation Failure) [PSYoungGen: 120081K->20480K(145920K)] 387875K->288273K(495616K), 0.0017503 secs] [Times: user=0.00 sys=0.00, real=0.00 secs] 
25.719: [GC (Allocation Failure) [PSYoungGen: 125210K->25600K(145920K)] 393003K->344593K(495616K), 0.0054754 secs] [Times: user=0.00 sys=0.00, real=0.00 secs] 
25.725: [Full GC (Ergonomics) [PSYoungGen: 25600K->0K(145920K)] [ParOldGen: 318993K->77329K(349696K)] 344593K->77329K(495616K), [Metaspace: 2779K->2779K(1056768K)], 0.0066775 secs] [Times: user=0.00 sys=0.00, real=0.01 secs] 
26.283: [GC (Allocation Failure) [PSYoungGen: 114973K->10240K(145920K)] 192302K->87569K(495616K), 0.0008403 secs] [Times: user=0.00 sys=0.00, real=0.00 secs] 
28.359: [GC (Allocation Failure) [PSYoungGen: 120576K->15392K(145920K)] 197905K->92729K(495616K), 0.0014689 secs] [Times: user=0.00 sys=0.00, real=0.00 secs] 
29.674: [GC (Allocation Failure) [PSYoungGen: 130355K->20544K(145920K)] 310092K->251481K(495616K), 0.0051860 secs] [Times: user=0.00 sys=0.00, real=0.01 secs] 
31.419: [Full GC (Ergonomics) [PSYoungGen: 130395K->0K(145920K)] [ParOldGen: 333337K->6144K(349696K)] 463732K->6144K(495616K), [Metaspace: 2793K->2793K(1056768K)], 0.0024252 secs] [Times: user=0.00 sys=0.00, real=0.00 secs] 
31.967: [GC (Allocation Failure) [PSYoungGen: 114975K->6144K(145920K)] 121120K->12288K(495616K), 0.0007180 secs] [Times: user=0.00 sys=0.00, real=0.00 secs] 
33.166: [GC (Allocation Failure) [PSYoungGen: 121121K->8192K(145920K)] 229665K->116736K(495616K), 0.0009071 secs] [Times: user=0.03 sys=0.00, real=0.00 secs] 
34.149: [GC (Allocation Failure) [PSYoungGen: 82212K->27648K(145920K)] 190756K->146432K(495616K), 0.0027661 secs] [Times: user=0.00 sys=0.00, real=0.00 secs] 
35.568: [GC (Allocation Failure) [PSYoungGen: 127266K->10240K(145920K)] 348450K->251904K(495616K), 0.0026201 secs] [Times: user=0.00 sys=0.00, real=0.00 secs] 
36.877: [Full GC (Ergonomics) [PSYoungGen: 114980K->0K(145920K)] [ParOldGen: 344064K->26624K(349696K)] 459045K->26624K(495616K), [Metaspace: 2793K->2793K(1056768K)], 0.0036459 secs] [Times: user=0.00 sys=0.00, real=0.00 secs] 
38.187: [GC (Allocation Failure) [PSYoungGen: 114982K->15360K(145920K)] 244006K->164864K(495616K), 0.0029143 secs] [Times: user=0.00 sys=0.00, real=0.00 secs] 
39.607: [GC (Allocation Failure) [PSYoungGen: 130343K->15360K(145920K)] 279847K->164864K(495616K), 0.0016726 secs] [Times: user=0.00 sys=0.00, real=0.00 secs] 
40.916: [GC (Allocation Failure) [PSYoungGen: 130341K->15360K(145920K)] 382246K->267264K(495616K), 0.0013377 secs] [Times: user=0.00 sys=0.00, real=0.00 secs] 
41.352: [GC (Allocation Failure) [PSYoungGen: 109862K->10240K(145920K)] 361767K->313344K(495616K), 0.0048068 secs] [Times: user=0.00 sys=0.00, real=0.01 secs] 
41.357: [Full GC (Ergonomics) [PSYoungGen: 10240K->0K(145920K)] [ParOldGen: 303104K->164369K(349696K)] 313344K->164369K(495616K), [Metaspace: 2793K->2793K(1056768K)], 0.0121294 secs] [Times: user=0.00 sys=0.00, real=0.01 secs] 
41.915: [GC (Allocation Failure) [PSYoungGen: 114981K->6144K(145920K)] 279350K->170513K(495616K), 0.0009422 secs] [Times: user=0.00 sys=0.00, real=0.00 secs] 
44.095: [GC (Allocation Failure) [PSYoungGen: 100629K->21504K(145920K)] 264999K->196113K(495616K), 0.0024837 secs] [Times: user=0.00 sys=0.00, real=0.00 secs] 
45.406: [GC (Allocation Failure) [PSYoungGen: 126234K->26624K(145920K)] 403243K->303633K(495616K), 0.0016119 secs] [Times: user=0.00 sys=0.00, real=0.00 secs] 
45.624: [GC (Allocation Failure) [PSYoungGen: 100639K->16384K(145920K)] 377648K->344593K(495616K), 0.0053426 secs] [Times: user=0.00 sys=0.00, real=0.01 secs] 
45.629: [Full GC (Ergonomics) [PSYoungGen: 16384K->0K(145920K)] [ParOldGen: 328209K->78353K(349696K)] 344593K->78353K(495616K), [Metaspace: 2795K->2795K(1056768K)], 0.0066092 secs] [Times: user=0.00 sys=0.00, real=0.01 secs] 
46.731: [GC (Allocation Failure) [PSYoungGen: 114975K->5120K(145920K)] 193328K->83473K(495616K), 0.0008266 secs] [Times: user=0.00 sys=0.00, real=0.00 secs] 
48.043: [GC (Allocation Failure) [PSYoungGen: 120082K->25600K(145920K)] 300835K->211473K(495616K), 0.0025557 secs] [Times: user=0.00 sys=0.00, real=0.00 secs] 
49.239: [Full GC (Ergonomics) [PSYoungGen: 140570K->0K(145920K)] [ParOldGen: 288273K->82449K(349696K)] 428843K->82449K(495616K), [Metaspace: 2795K->2795K(1056768K)], 0.0066707 secs] [Times: user=0.02 sys=0.00, real=0.01 secs] 
50.769: [GC (Allocation Failure) [PSYoungGen: 114975K->10240K(145920K)] 299824K->195089K(495616K), 0.0010306 secs] [Times: user=0.00 sys=0.00, real=0.00 secs] 
51.970: [Full GC (Ergonomics) [PSYoungGen: 125218K->0K(145920K)] [ParOldGen: 287249K->12288K(349696K)] 412468K->12288K(495616K), [Metaspace: 2795K->2795K(1056768K)], 0.0025142 secs] [Times: user=0.00 sys=0.00, real=0.00 secs] 
53.178: [GC (Allocation Failure) [PSYoungGen: 114981K->11264K(145920K)] 229669K->125952K(495616K), 0.0012089 secs] [Times: user=0.00 sys=0.00, real=0.00 secs] 
55.473: [GC (Allocation Failure) [PSYoungGen: 121126K->15360K(145920K)] 235814K->150528K(495616K), 0.0028055 secs] [Times: user=0.00 sys=0.00, real=0.00 secs] 
56.782: [GC (Allocation Failure) [PSYoungGen: 120101K->20480K(145920K)] 357669K->268288K(495616K), 0.0023379 secs] [Times: user=0.00 sys=0.00, real=0.00 secs] 
57.002: [GC (Allocation Failure) [PSYoungGen: 94502K->20480K(145920K)] 342310K->339968K(495616K), 0.0062943 secs] [Times: user=0.00 sys=0.00, real=0.01 secs] 
57.009: [Full GC (Ergonomics) [PSYoungGen: 20480K->0K(145920K)] [ParOldGen: 319488K->92689K(349696K)] 339968K->92689K(495616K), [Metaspace: 2796K->2796K(1056768K)], 0.0071543 secs] [Times: user=0.00 sys=0.00, real=0.01 secs] 
57.567: [GC (Allocation Failure) [PSYoungGen: 114980K->5120K(145920K)] 207669K->97809K(495616K), 0.0007560 secs] [Times: user=0.00 sys=0.00, real=0.00 secs] 
59.425: [GC (Allocation Failure) [PSYoungGen: 114965K->10240K(145920K)] 310054K->256529K(495616K), 0.0049792 secs] [Times: user=0.00 sys=0.00, real=0.01 secs] 
60.625: [Full GC (Ergonomics) [PSYoungGen: 125212K->0K(145920K)] [ParOldGen: 348689K->164369K(349696K)] 473901K->164369K(495616K), [Metaspace: 2796K->2796K(1056768K)], 0.0129365 secs] [Times: user=0.02 sys=0.00, real=0.01 secs] 
62.277: [Full GC (Ergonomics) [PSYoungGen: 114976K->0K(145920K)] [ParOldGen: 266769K->6144K(349696K)] 381746K->6144K(495616K), [Metaspace: 2796K->2796K(1056768K)], 0.0021997 secs] [Times: user=0.00 sys=0.00, real=0.00 secs] 
63.480: [GC (Allocation Failure) [PSYoungGen: 114979K->6144K(145920K)] 223523K->114688K(495616K), 0.0008394 secs] [Times: user=0.00 sys=0.00, real=0.00 secs] 
64.681: [GC (Allocation Failure) [PSYoungGen: 121125K->21504K(145920K)] 332069K->232448K(495616K), 0.0017323 secs] [Times: user=0.00 sys=0.00, real=0.00 secs] 
66.870: [GC (Allocation Failure) [PSYoungGen: 136486K->25600K(145920K)] 347431K->257024K(495616K), 0.0027916 secs] [Times: user=0.00 sys=0.00, real=0.00 secs] 
68.179: [Full GC (Ergonomics) [PSYoungGen: 130341K->0K(145920K)] [ParOldGen: 333824K->41489K(349696K)] 464165K->41489K(495616K), [Metaspace: 2796K->2796K(1056768K)], 0.0042351 secs] [Times: user=0.00 sys=0.00, real=0.00 secs] 
69.707: [GC (Allocation Failure) [PSYoungGen: 94502K->5120K(145920K)] 238392K->149009K(495616K), 0.0007790 secs] [Times: user=0.00 sys=0.00, real=0.00 secs] 
71.014: [GC (Allocation Failure) [PSYoungGen: 109863K->15360K(145920K)] 356153K->261649K(495616K), 0.0014504 secs] [Times: user=0.00 sys=0.00, real=0.00 secs] 
72.326: [Full GC (Ergonomics) [PSYoungGen: 130344K->0K(145920K)] [ParOldGen: 348689K->124433K(349696K)] 479033K->124433K(495616K), [Metaspace: 2796K->2796K(1056768K)], 0.0097660 secs] [Times: user=0.00 sys=0.00, real=0.01 secs] 
73.851: [GC (Allocation Failure) [PSYoungGen: 109864K->20480K(145920K)] 336697K->247313K(495616K), 0.0016930 secs] [Times: user=0.00 sys=0.00, real=0.00 secs] 
75.159: [Full GC (Ergonomics) [PSYoungGen: 135464K->0K(145920K)] [ParOldGen: 329233K->26624K(349696K)] 464698K->26624K(495616K), [Metaspace: 2796K->2796K(1056768K)], 0.0035362 secs] [Times: user=0.00 sys=0.00, real=0.00 secs] 
76.468: [GC (Allocation Failure) [PSYoungGen: 114984K->20480K(145920K)] 244008K->149504K(495616K), 0.0017113 secs] [Times: user=0.00 sys=0.00, real=0.00 secs] 
78.217: [GC (Allocation Failure) [PSYoungGen: 130345K->25600K(145920K)] 259369K->154624K(495616K), 0.0021915 secs] [Times: user=0.00 sys=0.00, real=0.00 secs] 
79.523: [GC (Allocation Failure) [PSYoungGen: 130342K->20480K(145920K)] 361766K->303104K(495616K), 0.0054361 secs] [Times: user=0.02 sys=0.00, real=0.00 secs] 
79.528: [Full GC (Ergonomics) [PSYoungGen: 20480K->0K(145920K)] [ParOldGen: 282624K->72209K(349696K)] 303104K->72209K(495616K), [Metaspace: 2796K->2796K(1056768K)], 0.0063927 secs] [Times: user=0.00 sys=0.00, real=0.01 secs] 
81.831: [Full GC (Ergonomics) [PSYoungGen: 117031K->0K(145920K)] [ParOldGen: 277009K->7168K(349696K)] 394041K->7168K(495616K), [Metaspace: 2796K->2796K(1056768K)], 0.0028773 secs] [Times: user=0.00 sys=0.00, real=0.00 secs] 
83.029: [GC (Allocation Failure) [PSYoungGen: 114984K->11264K(145920K)] 224552K->120832K(495616K), 0.0010095 secs] [Times: user=0.00 sys=0.00, real=0.00 secs] 
83.906: [GC (Allocation Failure) [PSYoungGen: 80168K->16384K(145920K)] 189736K->146432K(495616K), 0.0025480 secs] [Times: user=0.00 sys=0.00, real=0.00 secs] 
85.320: [GC (Allocation Failure) [PSYoungGen: 116005K->10240K(145920K)] 348453K->263168K(495616K), 0.0023629 secs] [Times: user=0.00 sys=0.00, real=0.00 secs] 
85.428: [GC (Allocation Failure) [PSYoungGen: 63782K->10240K(145920K)] 316710K->314368K(495616K), 0.0049179 secs] [Times: user=0.00 sys=0.00, real=0.00 secs] 
85.433: [Full GC (Ergonomics) [PSYoungGen: 10240K->0K(145920K)] [ParOldGen: 304128K->61969K(349696K)] 314368K->61969K(495616K), [Metaspace: 2796K->2796K(1056768K)], 0.0053878 secs] [Times: user=0.00 sys=0.00, real=0.01 secs] 
85.989: [GC (Allocation Failure) [PSYoungGen: 114982K->10240K(145920K)] 176951K->72209K(495616K), 0.0009803 secs] [Times: user=0.00 sys=0.00, real=0.00 secs] 
87.189: [GC (Allocation Failure) [PSYoungGen: 125206K->26624K(145920K)] 289576K->190993K(495616K), 0.0022613 secs] [Times: user=0.00 sys=0.00, real=0.00 secs] 
88.176: [GC (Allocation Failure) [PSYoungGen: 100637K->25600K(145920K)] 265006K->215569K(495616K), 0.0033256 secs] [Times: user=0.00 sys=0.00, real=0.00 secs] 
89.599: [GC (Allocation Failure) [PSYoungGen: 140574K->25600K(145920K)] 330543K->215569K(495616K), 0.0022269 secs] [Times: user=0.00 sys=0.00, real=0.00 secs] 
90.905: [Full GC (Ergonomics) [PSYoungGen: 130321K->0K(145920K)] [ParOldGen: 292369K->123409K(349696K)] 422690K->123409K(495616K), [Metaspace: 2796K->2796K(1056768K)], 0.0099181 secs] [Times: user=0.00 sys=0.00, real=0.01 secs] 
93.104: [GC (Allocation Failure) [PSYoungGen: 117017K->6144K(145920K)] 342827K->231953K(495616K), 0.0007729 secs] [Times: user=0.00 sys=0.00, real=0.00 secs] 
94.306: [Full GC (Ergonomics) [PSYoungGen: 121119K->0K(145920K)] [ParOldGen: 328209K->13312K(349696K)] 449328K->13312K(495616K), [Metaspace: 2796K->2796K(1056768K)], 0.0027801 secs] [Times: user=0.00 sys=0.00, real=0.00 secs] 
95.289: [GC (Allocation Failure) [PSYoungGen: 74018K->15360K(145920K)] 87330K->49152K(495616K), 0.0026027 secs] [Times: user=0.00 sys=0.00, real=0.00 secs] 
96.702: [GC (Allocation Failure) [PSYoungGen: 109857K->20480K(145920K)] 246049K->177152K(495616K), 0.0027773 secs] [Times: user=0.00 sys=0.00, real=0.00 secs] 
98.011: [GC (Allocation Failure) [PSYoungGen: 125220K->15360K(145920K)] 384292K->274432K(495616K), 0.0014381 secs] [Times: user=0.00 sys=0.00, real=0.00 secs] 
98.228: [GC (Allocation Failure) --[PSYoungGen: 89381K->89381K(145920K)] 348454K->399654K(495616K), 0.0049871 secs] [Times: user=0.00 sys=0.00, real=0.00 secs] 
98.233: [Full GC (Ergonomics) [PSYoungGen: 89381K->0K(145920K)] [ParOldGen: 310272K->77329K(349696K)] 399654K->77329K(495616K), [Metaspace: 2796K->2796K(1056768K)], 0.0067130 secs] [Times: user=0.00 sys=0.00, real=0.01 secs] 
98.792: [GC (Allocation Failure) [PSYoungGen: 114979K->5120K(145920K)] 192309K->82449K(495616K), 0.0008909 secs] [Times: user=0.00 sys=0.00, real=0.00 secs] 
100.319: [GC (Allocation Failure) [PSYoungGen: 120084K->0K(145920K)] 299814K->179729K(495616K), 0.0004187 secs] [Times: user=0.00 sys=0.00, real=0.00 secs] 
101.520: [GC (Allocation Failure) [PSYoungGen: 114972K->11264K(145920K)] 397101K->293393K(495616K), 0.0013135 secs] [Times: user=0.00 sys=0.00, real=0.00 secs] 
102.397: [GC (Allocation Failure) [PSYoungGen: 80160K->26624K(145920K)] 362290K->313873K(495616K), 0.0025975 secs] [Times: user=0.00 sys=0.00, real=0.00 secs] 
102.506: [GC (Allocation Failure) [PSYoungGen: 80160K->6144K(145920K)] 367409K->344593K(495616K), 0.0047061 secs] [Times: user=0.02 sys=0.00, real=0.00 secs] 
102.511: [Full GC (Ergonomics) [PSYoungGen: 6144K->0K(145920K)] [ParOldGen: 338449K->62993K(349696K)] 344593K->62993K(495616K), [Metaspace: 2796K->2796K(1056768K)], 0.0056668 secs] [Times: user=0.00 sys=0.00, real=0.01 secs] 
103.066: [GC (Allocation Failure) [PSYoungGen: 114976K->6144K(145920K)] 177969K->69137K(495616K), 0.0007704 secs] [Times: user=0.00 sys=0.00, real=0.00 secs] 
105.249: [GC (Allocation Failure) [PSYoungGen: 110866K->25600K(145920K)] 173860K->98833K(495616K), 0.0026284 secs] [Times: user=0.00 sys=0.00, real=0.00 secs] 
106.559: [GC (Allocation Failure) [PSYoungGen: 130328K->20480K(145920K)] 305961K->196113K(495616K), 0.0016391 secs] [Times: user=0.00 sys=0.00, real=0.00 secs] 
108.087: [GC (Allocation Failure) [PSYoungGen: 130334K->20480K(145920K)] 408367K->298513K(495616K), 0.0021920 secs] [Times: user=0.00 sys=0.00, real=0.00 secs] 
108.197: [GC (Allocation Failure) --[PSYoungGen: 74017K->74017K(145920K)] 352051K->403251K(495616K), 0.0043836 secs] [Times: user=0.00 sys=0.00, real=0.00 secs] 
108.201: [Full GC (Ergonomics) [PSYoungGen: 74017K->0K(145920K)] [ParOldGen: 329233K->52224K(349696K)] 403251K->52224K(495616K), [Metaspace: 2796K->2796K(1056768K)], 0.0049770 secs] [Times: user=0.00 sys=0.00, real=0.01 secs] 
108.760: [GC (Allocation Failure) [PSYoungGen: 114977K->5120K(145920K)] 167201K->57344K(495616K), 0.0007677 secs] [Times: user=0.00 sys=0.00, real=0.00 secs] 
109.957: [GC (Allocation Failure) [PSYoungGen: 120083K->6144K(145920K)] 274707K->160768K(495616K), 0.0008143 secs] [Times: user=0.00 sys=0.00, real=0.00 secs] 
110.946: [GC (Allocation Failure) [PSYoungGen: 80155K->10240K(145920K)] 234779K->185344K(495616K), 0.0027195 secs] [Times: user=0.01 sys=0.00, real=0.00 secs] 
112.364: [GC (Allocation Failure) [PSYoungGen: 114973K->25600K(145920K)] 392477K->303104K(495616K), 0.0023684 secs] [Times: user=0.00 sys=0.00, real=0.00 secs] 
112.473: [GC (Allocation Failure) [PSYoungGen: 79137K->5120K(145920K)] 356641K->333824K(495616K), 0.0045489 secs] [Times: user=0.00 sys=0.00, real=0.00 secs] 
112.477: [Full GC (Ergonomics) [PSYoungGen: 5120K->0K(145920K)] [ParOldGen: 328704K->56849K(349696K)] 333824K->56849K(495616K), [Metaspace: 2796K->2796K(1056768K)], 0.0049858 secs] [Times: user=0.00 sys=0.00, real=0.01 secs] 
113.037: [GC (Allocation Failure) [PSYoungGen: 114977K->6144K(145920K)] 171826K->62993K(495616K), 0.0008152 secs] [Times: user=0.00 sys=0.00, real=0.00 secs] 
114.232: [GC (Allocation Failure) [PSYoungGen: 121107K->12288K(145920K)] 280356K->171537K(495616K), 0.0013327 secs] [Times: user=0.00 sys=0.00, real=0.00 secs] 
116.521: [GC (Allocation Failure) [PSYoungGen: 117019K->15360K(145920K)] 276268K->174609K(495616K), 0.0014418 secs] [Times: user=0.00 sys=0.00, real=0.00 secs] 
117.834: [GC (Allocation Failure) [PSYoungGen: 130333K->20480K(145920K)] 391983K->302609K(495616K), 0.0030571 secs] [Times: user=0.00 sys=0.00, real=0.00 secs] 
118.160: [GC (Allocation Failure) --[PSYoungGen: 104737K->104737K(145920K)] 386867K->438067K(495616K), 0.0047790 secs] [Times: user=0.00 sys=0.00, real=0.00 secs] 
118.165: [Full GC (Ergonomics) [PSYoungGen: 104737K->0K(145920K)] [ParOldGen: 333329K->82449K(349696K)] 438067K->82449K(495616K), [Metaspace: 2796K->2796K(1056768K)], 0.0067767 secs] [Times: user=0.00 sys=0.00, real=0.01 secs] 
118.721: [GC (Allocation Failure) [PSYoungGen: 114977K->5120K(145920K)] 197426K->87569K(495616K), 0.0007302 secs] [Times: user=0.00 sys=0.00, real=0.00 secs] 
120.794: [GC (Allocation Failure) [PSYoungGen: 120083K->15360K(145920K)] 304932K->200209K(495616K), 0.0013361 secs] [Times: user=0.00 sys=0.00, real=0.00 secs] 
122.103: [GC (Allocation Failure) [PSYoungGen: 130331K->21504K(145920K)] 417580K->308753K(495616K), 0.0018695 secs] [Times: user=0.00 sys=0.00, real=0.00 secs] 
122.432: [GC (Allocation Failure) [PSYoungGen: 105759K->11264K(145920K)] 393009K->349713K(495616K), 0.0047734 secs] [Times: user=0.00 sys=0.00, real=0.00 secs] 
122.436: [Full GC (Ergonomics) [PSYoungGen: 11264K->0K(145920K)] [ParOldGen: 338449K->165393K(349696K)] 349713K->165393K(495616K), [Metaspace: 2796K->2796K(1056768K)], 0.0119312 secs] [Times: user=0.00 sys=0.00, real=0.01 secs] 
123.432: [GC (Allocation Failure) [PSYoungGen: 109856K->5120K(145920K)] 275249K->170513K(495616K), 0.0009201 secs] [Times: user=0.00 sys=0.00, real=0.00 secs] 
124.631: [GC (Allocation Failure) [PSYoungGen: 120081K->20480K(145920K)] 387875K->288273K(495616K), 0.0016592 secs] [Times: user=0.00 sys=0.00, real=0.00 secs] 
125.285: [GC (Allocation Failure) [PSYoungGen: 125210K->25600K(145920K)] 393003K->344593K(495616K), 0.0062424 secs] [Times: user=0.00 sys=0.00, real=0.01 secs] 
125.291: [Full GC (Ergonomics) [PSYoungGen: 25600K->0K(145920K)] [ParOldGen: 318993K->77329K(349696K)] 344593K->77329K(495616K), [Metaspace: 2796K->2796K(1056768K)], 0.0064045 secs] [Times: user=0.00 sys=0.00, real=0.01 secs] 
125.850: [GC (Allocation Failure) [PSYoungGen: 114973K->10240K(145920K)] 192302K->87569K(495616K), 0.0010925 secs] [Times: user=0.00 sys=0.00, real=0.00 secs] 
127.921: [GC (Allocation Failure) [PSYoungGen: 120080K->15360K(145920K)] 197410K->92689K(495616K), 0.0014109 secs] [Times: user=0.00 sys=0.00, real=0.00 secs] 
129.228: [GC (Allocation Failure) [PSYoungGen: 130327K->20480K(145920K)] 310056K->251409K(495616K), 0.0053688 secs] [Times: user=0.00 sys=0.00, real=0.00 secs] 
130.975: [Full GC (Ergonomics) [PSYoungGen: 130333K->0K(145920K)] [ParOldGen: 333329K->6144K(349696K)] 463662K->6144K(495616K), [Metaspace: 2796K->2796K(1056768K)], 0.0022148 secs] [Times: user=0.00 sys=0.00, real=0.00 secs] 
131.520: [GC (Allocation Failure) [PSYoungGen: 114977K->6144K(145920K)] 121121K->12288K(495616K), 0.0006710 secs] [Times: user=0.00 sys=0.00, real=0.00 secs] 
132.719: [GC (Allocation Failure) [PSYoungGen: 121122K->8192K(145920K)] 229666K->116736K(495616K), 0.0008640 secs] [Times: user=0.00 sys=0.00, real=0.00 secs] 
133.701: [GC (Allocation Failure) [PSYoungGen: 82212K->17408K(145920K)] 190756K->146432K(495616K), 0.0027029 secs] [Times: user=0.00 sys=0.00, real=0.00 secs] 
135.121: [GC (Allocation Failure) [PSYoungGen: 117026K->10240K(145920K)] 348451K->262144K(495616K), 0.0024300 secs] [Times: user=0.00 sys=0.00, real=0.00 secs] 
135.229: [GC (Allocation Failure) [PSYoungGen: 63781K->10240K(145920K)] 315685K->313344K(495616K), 0.0047682 secs] [Times: user=0.00 sys=0.00, real=0.00 secs] 
135.234: [Full GC (Ergonomics) [PSYoungGen: 10240K->0K(145920K)] [ParOldGen: 303104K->61969K(349696K)] 313344K->61969K(495616K), [Metaspace: 2796K->2796K(1056768K)], 0.0056274 secs] [Times: user=0.00 sys=0.00, real=0.01 secs] 
135.792: [GC (Allocation Failure) [PSYoungGen: 114981K->10240K(145920K)] 176950K->72209K(495616K), 0.0007917 secs] [Times: user=0.00 sys=0.00, real=0.00 secs] 
136.990: [GC (Allocation Failure) [PSYoungGen: 125205K->26624K(145920K)] 289575K->190993K(495616K), 0.0023125 secs] [Times: user=0.00 sys=0.00, real=0.00 secs] 
137.971: [GC (Allocation Failure) [PSYoungGen: 100636K->25600K(145920K)] 265005K->215569K(495616K), 0.0033749 secs] [Times: user=0.00 sys=0.00, real=0.00 secs] 
139.392: [GC (Allocation Failure) [PSYoungGen: 140573K->25600K(145920K)] 330543K->215569K(495616K), 0.0025446 secs] [Times: user=0.00 sys=0.00, real=0.00 secs] 
140.708: [Full GC (Ergonomics) [PSYoungGen: 130321K->0K(145920K)] [ParOldGen: 292369K->123409K(349696K)] 422690K->123409K(495616K), [Metaspace: 2796K->2796K(1056768K)], 0.0099253 secs] [Times: user=0.00 sys=0.00, real=0.01 secs] 
142.907: [GC (Allocation Failure) [PSYoungGen: 117017K->6144K(145920K)] 342826K->231953K(495616K), 0.0009021 secs] [Times: user=0.00 sys=0.00, real=0.00 secs] 
144.111: [Full GC (Ergonomics) [PSYoungGen: 121118K->0K(145920K)] [ParOldGen: 328209K->13312K(349696K)] 449328K->13312K(495616K), [Metaspace: 2796K->2796K(1056768K)], 0.0028151 secs] [Times: user=0.00 sys=0.00, real=0.00 secs] 
145.091: [GC (Allocation Failure) [PSYoungGen: 74018K->15360K(145920K)] 87330K->49152K(495616K), 0.0025622 secs] [Times: user=0.00 sys=0.00, real=0.00 secs] 
146.505: [GC (Allocation Failure) [PSYoungGen: 109857K->20480K(145920K)] 246049K->177152K(495616K), 0.0022645 secs] [Times: user=0.00 sys=0.00, real=0.00 secs] 
147.817: [GC (Allocation Failure) [PSYoungGen: 125220K->15360K(145920K)] 384292K->274432K(495616K), 0.0015899 secs] [Times: user=0.00 sys=0.00, real=0.00 secs] 
148.037: [GC (Allocation Failure) --[PSYoungGen: 89381K->89381K(145920K)] 348453K->399654K(495616K), 0.0044195 secs] [Times: user=0.00 sys=0.00, real=0.00 secs] 
148.041: [Full GC (Ergonomics) [PSYoungGen: 89381K->0K(145920K)] [ParOldGen: 310272K->77329K(349696K)] 399654K->77329K(495616K), [Metaspace: 2796K->2796K(1056768K)], 0.0064047 secs] [Times: user=0.02 sys=0.00, real=0.01 secs] 
148.593: [GC (Allocation Failure) [PSYoungGen: 114979K->5120K(145920K)] 192309K->82449K(495616K), 0.0009076 secs] [Times: user=0.00 sys=0.00, real=0.00 secs] 
150.123: [GC (Allocation Failure) [PSYoungGen: 120084K->0K(145920K)] 299814K->179729K(495616K), 0.0006414 secs] [Times: user=0.00 sys=0.00, real=0.00 secs] 
151.324: [GC (Allocation Failure) [PSYoungGen: 114972K->11264K(145920K)] 397101K->293393K(495616K), 0.0010812 secs] [Times: user=0.00 sys=0.00, real=0.00 secs] 
152.197: [GC (Allocation Failure) [PSYoungGen: 80160K->11264K(145920K)] 362290K->313873K(495616K), 0.0025394 secs] [Times: user=0.02 sys=0.00, real=0.00 secs] 
152.199: [Full GC (Ergonomics) [PSYoungGen: 11264K->0K(145920K)] [ParOldGen: 302609K->32273K(349696K)] 313873K->32273K(495616K), [Metaspace: 2796K->2796K(1056768K)], 0.0036798 secs] [Times: user=0.00 sys=0.00, real=0.00 secs] 
154.488: [GC (Allocation Failure) [PSYoungGen: 116000K->10240K(145920K)] 250673K->144913K(495616K), 0.0008788 secs] [Times: user=0.00 sys=0.00, real=0.00 secs] 
155.689: [GC (Allocation Failure) [PSYoungGen: 125219K->25600K(145920K)] 362292K->262673K(495616K), 0.0020358 secs] [Times: user=0.00 sys=0.00, real=0.00 secs] 
156.888: [Full GC (Ergonomics) [PSYoungGen: 140581K->0K(145920K)] [ParOldGen: 339473K->43008K(349696K)] 480054K->43008K(495616K), [Metaspace: 2796K->2796K(1056768K)], 0.0044306 secs] [Times: user=0.00 sys=0.00, real=0.01 secs] 
158.854: [GC (Allocation Failure) [PSYoungGen: 114982K->10240K(145920K)] 260390K->206848K(495616K), 0.0046722 secs] [Times: user=0.00 sys=0.00, real=0.00 secs] 
160.057: [Full GC (Ergonomics) [PSYoungGen: 125223K->0K(145920K)] [ParOldGen: 299008K->164369K(349696K)] 424231K->164369K(495616K), [Metaspace: 2796K->2796K(1056768K)], 0.0122042 secs] [Times: user=0.00 sys=0.00, real=0.01 secs] 
161.713: [GC (Allocation Failure) [PSYoungGen: 114984K->5120K(145920K)] 381753K->271889K(495616K), 0.0008797 secs] [Times: user=0.00 sys=0.00, real=0.00 secs] 
162.260: [GC (Allocation Failure) [PSYoungGen: 104744K->5120K(145920K)] 371513K->323089K(495616K), 0.0049582 secs] [Times: user=0.00 sys=0.00, real=0.01 secs] 
162.265: [Full GC (Ergonomics) [PSYoungGen: 5120K->0K(145920K)] [ParOldGen: 317969K->56849K(349696K)] 323089K->56849K(495616K), [Metaspace: 2796K->2796K(1056768K)], 0.0053270 secs] [Times: user=0.00 sys=0.00, real=0.01 secs] 
162.826: [GC (Allocation Failure) [PSYoungGen: 114973K->6144K(145920K)] 171823K->62993K(495616K), 0.0009837 secs] [Times: user=0.00 sys=0.00, real=0.00 secs] 
164.026: [GC (Allocation Failure) [PSYoungGen: 121105K->12288K(145920K)] 280354K->171537K(495616K), 0.0012311 secs] [Times: user=0.00 sys=0.00, real=0.00 secs] 
166.315: [GC (Allocation Failure) [PSYoungGen: 117017K->15360K(145920K)] 276267K->174609K(495616K), 0.0013713 secs] [Times: user=0.00 sys=0.00, real=0.00 secs] 
167.626: [GC (Allocation Failure) [PSYoungGen: 130332K->25600K(145920K)] 391982K->302609K(495616K), 0.0035442 secs] [Times: user=0.00 sys=0.00, real=0.00 secs] 
167.951: [GC (Allocation Failure) --[PSYoungGen: 109857K->109857K(145920K)] 386866K->438066K(495616K), 0.0055403 secs] [Times: user=0.00 sys=0.00, real=0.01 secs] 
167.957: [Full GC (Ergonomics) [PSYoungGen: 109857K->0K(145920K)] [ParOldGen: 328209K->82449K(349696K)] 438066K->82449K(495616K), [Metaspace: 2796K->2796K(1056768K)], 0.0067895 secs] [Times: user=0.00 sys=0.00, real=0.01 secs] 
168.515: [GC (Allocation Failure) [PSYoungGen: 114977K->5120K(145920K)] 197426K->87569K(495616K), 0.0010883 secs] [Times: user=0.00 sys=0.00, real=0.00 secs] 
170.586: [GC (Allocation Failure) [PSYoungGen: 120083K->15360K(145920K)] 304932K->200209K(495616K), 0.0013815 secs] [Times: user=0.00 sys=0.00, real=0.00 secs] 
171.896: [GC (Allocation Failure) [PSYoungGen: 130330K->21504K(145920K)] 417580K->308753K(495616K), 0.0025773 secs] [Times: user=0.00 sys=0.00, real=0.00 secs] 
172.225: [GC (Allocation Failure) [PSYoungGen: 105759K->11264K(145920K)] 393009K->349713K(495616K), 0.0050882 secs] [Times: user=0.02 sys=0.00, real=0.00 secs] 
172.230: [Full GC (Ergonomics) [PSYoungGen: 11264K->0K(145920K)] [ParOldGen: 338449K->165393K(349696K)] 349713K->165393K(495616K), [Metaspace: 2796K->2796K(1056768K)], 0.0127218 secs] [Times: user=0.00 sys=0.00, real=0.01 secs] 
173.226: [GC (Allocation Failure) [PSYoungGen: 109856K->5120K(145920K)] 275249K->170513K(495616K), 0.0009780 secs] [Times: user=0.00 sys=0.00, real=0.00 secs] 
174.425: [GC (Allocation Failure) [PSYoungGen: 120081K->20480K(145920K)] 387875K->288273K(495616K), 0.0015991 secs] [Times: user=0.00 sys=0.00, real=0.00 secs] 
175.080: [GC (Allocation Failure) [PSYoungGen: 125210K->25600K(145920K)] 393003K->344593K(495616K), 0.0054583 secs] [Times: user=0.00 sys=0.00, real=0.00 secs] 
175.086: [Full GC (Ergonomics) [PSYoungGen: 25600K->0K(145920K)] [ParOldGen: 318993K->77329K(349696K)] 344593K->77329K(495616K), [Metaspace: 2796K->2796K(1056768K)], 0.0064382 secs] [Times: user=0.00 sys=0.00, real=0.01 secs] 
175.642: [GC (Allocation Failure) [PSYoungGen: 114973K->10240K(145920K)] 192302K->87569K(495616K), 0.0007993 secs] [Times: user=0.00 sys=0.00, real=0.00 secs] 
177.707: [GC (Allocation Failure) [PSYoungGen: 120080K->15360K(145920K)] 197410K->92689K(495616K), 0.0014416 secs] [Times: user=0.00 sys=0.00, real=0.00 secs] 
179.019: [GC (Allocation Failure) [PSYoungGen: 130327K->20480K(145920K)] 310056K->251409K(495616K), 0.0052490 secs] [Times: user=0.00 sys=0.00, real=0.01 secs] 
180.762: [Full GC (Ergonomics) [PSYoungGen: 130333K->0K(145920K)] [ParOldGen: 333329K->6144K(349696K)] 463662K->6144K(495616K), [Metaspace: 2796K->2796K(1056768K)], 0.0023030 secs] [Times: user=0.00 sys=0.00, real=0.00 secs] 
181.310: [GC (Allocation Failure) [PSYoungGen: 114977K->6144K(145920K)] 121121K->12288K(495616K), 0.0007645 secs] [Times: user=0.00 sys=0.00, real=0.00 secs] 
182.516: [GC (Allocation Failure) [PSYoungGen: 121122K->8192K(145920K)] 229666K->116736K(495616K), 0.0008637 secs] [Times: user=0.00 sys=0.00, real=0.00 secs] 
183.501: [GC (Allocation Failure) [PSYoungGen: 82212K->17408K(145920K)] 190756K->146432K(495616K), 0.0028476 secs] [Times: user=0.00 sys=0.00, real=0.00 secs] 
184.921: [GC (Allocation Failure) [PSYoungGen: 117026K->20480K(145920K)] 348451K->262144K(495616K), 0.0025490 secs] [Times: user=0.00 sys=0.00, real=0.00 secs] 
186.235: [Full GC (Ergonomics) [PSYoungGen: 125221K->0K(145920K)] [ParOldGen: 344064K->26129K(349696K)] 469285K->26129K(495616K), [Metaspace: 2796K->2796K(1056768K)], 0.0035380 secs] [Times: user=0.00 sys=0.00, real=0.00 secs] 
187.545: [GC (Allocation Failure) [PSYoungGen: 114982K->25600K(145920K)] 243511K->164369K(495616K), 0.0027384 secs] [Times: user=0.00 sys=0.00, real=0.00 secs] 
188.966: [GC (Allocation Failure) [PSYoungGen: 140583K->15360K(145920K)] 279352K->154129K(495616K), 0.0013747 secs] [Times: user=0.00 sys=0.00, real=0.00 secs] 
190.277: [GC (Allocation Failure) [PSYoungGen: 130341K->15360K(145920K)] 371511K->256529K(495616K), 0.0015524 secs] [Times: user=0.00 sys=0.00, real=0.00 secs] 
191.477: [Full GC (Ergonomics) [PSYoungGen: 130343K->0K(145920K)] [ParOldGen: 343569K->119313K(349696K)] 473912K->119313K(495616K), [Metaspace: 2796K->2796K(1056768K)], 0.0101438 secs] [Times: user=0.00 sys=0.00, real=0.01 secs] 
193.457: [GC (Allocation Failure) [PSYoungGen: 84263K->21504K(145920K)] 203577K->151057K(495616K), 0.0028497 secs] [Times: user=0.00 sys=0.00, real=0.00 secs] 
194.764: [GC (Allocation Failure) [PSYoungGen: 126245K->26656K(145920K)] 358198K->258609K(495616K), 0.0016157 secs] [Times: user=0.00 sys=0.00, real=0.00 secs] 
196.293: [Full GC (Ergonomics) [PSYoungGen: 141638K->0K(145920K)] [ParOldGen: 334353K->21504K(349696K)] 475992K->21504K(495616K), [Metaspace: 2796K->2796K(1056768K)], 0.0032582 secs] [Times: user=0.00 sys=0.00, real=0.00 secs] 
197.601: [GC (Allocation Failure) [PSYoungGen: 104743K->15360K(145920K)] 228647K->139264K(495616K), 0.0017338 secs] [Times: user=0.00 sys=0.00, real=0.00 secs] 
198.911: [GC (Allocation Failure) [PSYoungGen: 130344K->20480K(145920K)] 356648K->297984K(495616K), 0.0054302 secs] [Times: user=0.00 sys=0.00, real=0.01 secs] 
199.240: [GC (Allocation Failure) [PSYoungGen: 104744K->10240K(145920K)] 382248K->338944K(495616K), 0.0052631 secs] [Times: user=0.02 sys=0.00, real=0.01 secs] 
199.245: [Full GC (Ergonomics) [PSYoungGen: 10240K->0K(145920K)] [ParOldGen: 328704K->134144K(349696K)] 338944K->134144K(495616K), [Metaspace: 2796K->2796K(1056768K)], 0.0090731 secs] [Times: user=0.00 sys=0.00, real=0.01 secs] 
200.129: [GC (Allocation Failure) [PSYoungGen: 114981K->10240K(145920K)] 249126K->144384K(495616K), 0.0010275 secs] [Times: user=0.00 sys=0.00, real=0.00 secs] 
201.330: [GC (Allocation Failure) [PSYoungGen: 125206K->11264K(145920K)] 361750K->247808K(495616K), 0.0011270 secs] [Times: user=0.00 sys=0.00, real=0.00 secs] 
202.533: [Full GC (Ergonomics) [PSYoungGen: 126236K->0K(145920K)] [ParOldGen: 338944K->18432K(349696K)] 465181K->18432K(495616K), [Metaspace: 2796K->2796K(1056768K)], 0.0033618 secs] [Times: user=0.00 sys=0.00, real=0.00 secs] 
204.825: [GC (Allocation Failure) [PSYoungGen: 109857K->15360K(145920K)] 128289K->54272K(495616K), 0.0027399 secs] [Times: user=0.00 sys=0.00, real=0.00 secs] 
206.135: [GC (Allocation Failure) [PSYoungGen: 120097K->25600K(145920K)] 261410K->172032K(495616K), 0.0023168 secs] [Times: user=0.00 sys=0.00, real=0.00 secs] 
207.663: [GC (Allocation Failure) [PSYoungGen: 135460K->20480K(145920K)] 384292K->269312K(495616K), 0.0018389 secs] [Times: user=0.00 sys=0.00, real=0.00 secs] 
207.771: [GC (Allocation Failure) --[PSYoungGen: 74021K->74021K(145920K)] 322854K->374054K(495616K), 0.0047909 secs] [Times: user=0.02 sys=0.00, real=0.00 secs] 
207.776: [Full GC (Ergonomics) [PSYoungGen: 74021K->0K(145920K)] [ParOldGen: 300032K->52224K(349696K)] 374054K->52224K(495616K), [Metaspace: 2796K->2796K(1056768K)], 0.0047871 secs] [Times: user=0.00 sys=0.00, real=0.01 secs] 
208.335: [GC (Allocation Failure) [PSYoungGen: 114981K->5120K(145920K)] 167206K->57344K(495616K), 0.0007525 secs] [Times: user=0.00 sys=0.00, real=0.00 secs] 
209.543: [GC (Allocation Failure) [PSYoungGen: 120086K->6144K(145920K)] 274710K->160768K(495616K), 0.0008321 secs] [Times: user=0.00 sys=0.00, real=0.00 secs] 
210.528: [GC (Allocation Failure) [PSYoungGen: 80156K->25600K(145920K)] 234781K->185344K(495616K), 0.0026009 secs] [Times: user=0.00 sys=0.00, real=0.00 secs] 
211.948: [GC (Allocation Failure) [PSYoungGen: 130334K->25600K(145920K)] 392478K->287744K(495616K), 0.0023247 secs] [Times: user=0.00 sys=0.00, real=0.00 secs] 
212.056: [GC (Allocation Failure) [PSYoungGen: 79137K->5120K(145920K)] 341282K->318464K(495616K), 0.0049378 secs] [Times: user=0.02 sys=0.00, real=0.00 secs] 
212.061: [Full GC (Ergonomics) [PSYoungGen: 5120K->0K(145920K)] [ParOldGen: 313344K->56849K(349696K)] 318464K->56849K(495616K), [Metaspace: 2796K->2796K(1056768K)], 0.0054390 secs] [Times: user=0.00 sys=0.00, real=0.01 secs] 
212.617: [GC (Allocation Failure) [PSYoungGen: 114977K->6144K(145920K)] 171827K->62993K(495616K), 0.0008253 secs] [Times: user=0.00 sys=0.00, real=0.00 secs] 
213.817: [GC (Allocation Failure) [PSYoungGen: 121107K->12288K(145920K)] 280357K->171537K(495616K), 0.0013309 secs] [Times: user=0.00 sys=0.00, real=0.00 secs] 
216.112: [GC (Allocation Failure) [PSYoungGen: 117019K->15360K(145920K)] 276269K->174609K(495616K), 0.0014008 secs] [Times: user=0.00 sys=0.00, real=0.00 secs] 
217.424: [GC (Allocation Failure) [PSYoungGen: 130333K->25600K(145920K)] 391983K->302609K(495616K), 0.0029188 secs] [Times: user=0.00 sys=0.00, real=0.00 secs] 
217.751: [GC (Allocation Failure) --[PSYoungGen: 109857K->109857K(145920K)] 386867K->438067K(495616K), 0.0056403 secs] [Times: user=0.00 sys=0.00, real=0.01 secs] 
217.757: [Full GC (Ergonomics) [PSYoungGen: 109857K->0K(145920K)] [ParOldGen: 328209K->82449K(349696K)] 438067K->82449K(495616K), [Metaspace: 2796K->2796K(1056768K)], 0.0067226 secs] [Times: user=0.00 sys=0.00, real=0.01 secs] 
218.314: [GC (Allocation Failure) [PSYoungGen: 114977K->5120K(145920K)] 197427K->87569K(495616K), 0.0009784 secs] [Times: user=0.00 sys=0.00, real=0.00 secs] 
Heap
 PSYoungGen      total 145920K, used 20028K [0x00000000f5580000, 0x0000000100000000, 0x0000000100000000)
  eden space 117248K, 12% used [0x00000000f5580000,0x00000000f640f2f8,0x00000000fc800000)
  from space 28672K, 17% used [0x00000000fe400000,0x00000000fe900010,0x0000000100000000)
  to   space 28672K, 0% used [0x00000000fc800000,0x00000000fc800000,0x00000000fe400000)
 ParOldGen       total 349696K, used 82449K [0x00000000e0000000, 0x00000000f5580000, 0x00000000f5580000)
  object space 349696K, 23% used [0x00000000e0000000,0x00000000e5084720,0x00000000f5580000)
 Metaspace       used 2804K, capacity 4486K, committed 4864K, reserved 1056768K
  class space    used 297K, capacity 386K, committed 512K, reserved 1048576K
