Java HotSpot(TM) 64-Bit Server VM (25.411-b09) for windows-amd64 JRE (1.8.0_411-b09), built on Mar 13 2024 07:26:13 by "java_re" with MS VC++ 17.1 (VS2022)
Memory: 4k page, physical 33403376k(14453248k free), swap 37876016k(7653500k free)
CommandLine flags: -XX:InitialHeapSize=536870912 -XX:MaxHeapSize=536870912 -XX:NewRatio=1 -XX:ParallelGCThreads=6 -XX:+PrintGC -XX:+PrintGCDetails -XX:+PrintGCTimeStamps -XX:SurvivorRatio=6 -XX:-UseAdaptiveSizePolicy -XX:+UseCompressedClassPointers -XX:+UseCompressedOops -XX:-UseLargePagesIndividualAllocation -XX:+UseParallelGC 
2.617: [GC (Allocation Failure) [PSYoungGen: 182968K->22200K(229376K)] 285368K->124608K(491520K), 0.0043239 secs] [Times: user=0.00 sys=0.00, real=0.00 secs] 
3.488: [GC (Allocation Failure) [PSYoungGen: 215572K->18088K(229376K)] 317980K->120496K(491520K), 0.0032164 secs] [Times: user=0.00 sys=0.00, real=0.00 secs] 
6.795: [GC (Allocation Failure) [PSYoungGen: 211459K->31336K(229376K)] 416267K->236144K(491520K), 0.0045286 secs] [Times: user=0.00 sys=0.00, real=0.00 secs] 
7.560: [GC (Allocation Failure) [PSYoungGen: 226673K->31336K(229376K)] 431481K->251512K(491520K), 0.0053091 secs] [Times: user=0.00 sys=0.02, real=0.00 secs] 
8.980: [GC (Allocation Failure) --[PSYoungGen: 224688K->224688K(229376K)] 444864K->444864K(491520K), 0.0013484 secs] [Times: user=0.00 sys=0.00, real=0.00 secs] 
8.982: [Full GC (Ergonomics) [PSYoungGen: 224688K->0K(229376K)] [ParOldGen: 220176K->56848K(262144K)] 444864K->56848K(491520K), [Metaspace: 2759K->2759K(1056768K)], 0.0100840 secs] [Times: user=0.00 sys=0.00, real=0.01 secs] 
11.291: [GC (Allocation Failure) [PSYoungGen: 193346K->30720K(229376K)] 352595K->189968K(491520K), 0.0025091 secs] [Times: user=0.00 sys=0.00, real=0.00 secs] 
12.598: [GC (Allocation Failure) [PSYoungGen: 220233K->15424K(229376K)] 379482K->174680K(491520K), 0.0019258 secs] [Times: user=0.00 sys=0.00, real=0.00 secs] 
13.471: [GC (Allocation Failure) [PSYoungGen: 208762K->11360K(229376K)] 368019K->170616K(491520K), 0.0010751 secs] [Times: user=0.00 sys=0.00, real=0.00 secs] 
16.648: [Full GC (Ergonomics) [PSYoungGen: 204690K->0K(229376K)] [ParOldGen: 261656K->10769K(262144K)] 466347K->10769K(491520K), [Metaspace: 2768K->2768K(1056768K)], 0.0050251 secs] [Times: user=0.00 sys=0.00, real=0.01 secs] 
18.397: [GC (Allocation Failure) [PSYoungGen: 167744K->25600K(229376K)] 280913K->159249K(491520K), 0.0035786 secs] [Times: user=0.00 sys=0.00, real=0.00 secs] 
19.818: [GC (Allocation Failure) [PSYoungGen: 203594K->5120K(229376K)] 337243K->138769K(491520K), 0.0009114 secs] [Times: user=0.00 sys=0.00, real=0.00 secs] 
20.909: [GC (Allocation Failure) [PSYoungGen: 193346K->10240K(229376K)] 326995K->246289K(491520K), 0.0152543 secs] [Times: user=0.00 sys=0.00, real=0.01 secs] 
20.924: [Full GC (Ergonomics) [PSYoungGen: 10240K->0K(229376K)] [ParOldGen: 236049K->113169K(262144K)] 246289K->113169K(491520K), [Metaspace: 2779K->2779K(1056768K)], 0.0086616 secs] [Times: user=0.00 sys=0.00, real=0.01 secs] 
22.671: [Full GC (Ergonomics) [PSYoungGen: 167741K->0K(229376K)] [ParOldGen: 215569K->134673K(262144K)] 383311K->134673K(491520K), [Metaspace: 2779K->2779K(1056768K)], 0.0040915 secs] [Times: user=0.00 sys=0.00, real=0.00 secs] 
23.980: [GC (Allocation Failure) [PSYoungGen: 183112K->20480K(229376K)] 317785K->155153K(491520K), 0.0017481 secs] [Times: user=0.00 sys=0.00, real=0.00 secs] 
24.850: [GC (Allocation Failure) [PSYoungGen: 213825K->20480K(229376K)] 348498K->155153K(491520K), 0.0018009 secs] [Times: user=0.00 sys=0.00, real=0.00 secs] 
27.691: [Full GC (Ergonomics) [PSYoungGen: 213821K->0K(229376K)] [ParOldGen: 237073K->6144K(262144K)] 450895K->6144K(491520K), [Metaspace: 2790K->2790K(1056768K)], 0.0023924 secs] [Times: user=0.00 sys=0.00, real=0.00 secs] 
29.761: [GC (Allocation Failure) [PSYoungGen: 183943K->25696K(229376K)] 292487K->185448K(491520K), 0.0054811 secs] [Times: user=0.02 sys=0.00, real=0.00 secs] 
31.288: [GC (Allocation Failure) [PSYoungGen: 208815K->5152K(229376K)] 368567K->164904K(491520K), 0.0009808 secs] [Times: user=0.00 sys=0.00, real=0.00 secs] 
32.600: [GC (Allocation Failure) [PSYoungGen: 183141K->26688K(229376K)] 342893K->186440K(491520K), 0.0022792 secs] [Times: user=0.00 sys=0.00, real=0.00 secs] 
33.693: [GC (Allocation Failure) [PSYoungGen: 214911K->12320K(229376K)] 374663K->172072K(491520K), 0.0013240 secs] [Times: user=0.00 sys=0.00, real=0.00 secs] 
34.127: [GC (Allocation Failure) [PSYoungGen: 108379K->17440K(229376K)] 268132K->228392K(491520K), 0.0051238 secs] [Times: user=0.00 sys=0.00, real=0.00 secs] 
34.132: [Full GC (Ergonomics) [PSYoungGen: 17440K->0K(229376K)] [ParOldGen: 210952K->69137K(262144K)] 228392K->69137K(491520K), [Metaspace: 2793K->2793K(1056768K)], 0.0062547 secs] [Times: user=0.00 sys=0.00, real=0.01 secs] 
35.451: [GC (Allocation Failure) [PSYoungGen: 152379K->30720K(229376K)] 221517K->99857K(491520K), 0.0024656 secs] [Times: user=0.00 sys=0.00, real=0.00 secs] 
36.543: [GC (Allocation Failure) [PSYoungGen: 218916K->20480K(229376K)] 288053K->89617K(491520K), 0.0015288 secs] [Times: user=0.00 sys=0.00, real=0.00 secs] 
38.293: [GC (Allocation Failure) [PSYoungGen: 188202K->30720K(229376K)] 359739K->232977K(491520K), 0.0039878 secs] [Times: user=0.02 sys=0.00, real=0.00 secs] 
38.297: [Full GC (Ergonomics) [PSYoungGen: 30720K->0K(229376K)] [ParOldGen: 202257K->61969K(262144K)] 232977K->61969K(491520K), [Metaspace: 2793K->2793K(1056768K)], 0.0053593 secs] [Times: user=0.00 sys=0.00, real=0.01 secs] 
40.716: [GC (Allocation Failure) [PSYoungGen: 193339K->15360K(229376K)] 357709K->179729K(491520K), 0.0012950 secs] [Times: user=0.02 sys=0.00, real=0.00 secs] 
41.262: [GC (Allocation Failure) [PSYoungGen: 116551K->10240K(229376K)] 280920K->225809K(491520K), 0.0046895 secs] [Times: user=0.01 sys=0.00, real=0.01 secs] 
41.267: [Full GC (Ergonomics) [PSYoungGen: 10240K->0K(229376K)] [ParOldGen: 215569K->164369K(262144K)] 225809K->164369K(491520K), [Metaspace: 2793K->2793K(1056768K)], 0.0120796 secs] [Times: user=0.00 sys=0.00, real=0.01 secs] 
43.894: [GC (Allocation Failure) [PSYoungGen: 189237K->21504K(229376K)] 353606K->185873K(491520K), 0.0015336 secs] [Times: user=0.00 sys=0.00, real=0.00 secs] 
44.767: [GC (Allocation Failure) [PSYoungGen: 214822K->21504K(229376K)] 379192K->185873K(491520K), 0.0018082 secs] [Times: user=0.00 sys=0.00, real=0.00 secs] 
45.532: [GC (Allocation Failure) [PSYoungGen: 132915K->26624K(229376K)] 297285K->242193K(491520K), 0.0063390 secs] [Times: user=0.00 sys=0.00, real=0.01 secs] 
45.538: [Full GC (Ergonomics) [PSYoungGen: 26624K->0K(229376K)] [ParOldGen: 215569K->78353K(262144K)] 242193K->78353K(491520K), [Metaspace: 2795K->2795K(1056768K)], 0.0065711 secs] [Times: user=0.00 sys=0.00, real=0.01 secs] 
46.860: [GC (Allocation Failure) [PSYoungGen: 147243K->20480K(229376K)] 225596K->119313K(491520K), 0.0024024 secs] [Times: user=0.00 sys=0.00, real=0.00 secs] 
47.959: [GC (Allocation Failure) [PSYoungGen: 208664K->10240K(229376K)] 307497K->109073K(491520K), 0.0011025 secs] [Times: user=0.00 sys=0.00, real=0.00 secs] 
49.713: [Full GC (Ergonomics) [PSYoungGen: 177954K->0K(229376K)] [ParOldGen: 201233K->102929K(262144K)] 379188K->102929K(491520K), [Metaspace: 2795K->2795K(1056768K)], 0.0092441 secs] [Times: user=0.03 sys=0.00, real=0.01 secs] 
51.037: [GC (Allocation Failure) [PSYoungGen: 193334K->15360K(229376K)] 296264K->118289K(491520K), 0.0013605 secs] [Times: user=0.00 sys=0.00, real=0.00 secs] 
51.909: [GC (Allocation Failure) [PSYoungGen: 208694K->11264K(229376K)] 311624K->114193K(491520K), 0.0014611 secs] [Times: user=0.00 sys=0.00, real=0.00 secs] 
55.176: [Full GC (Ergonomics) [PSYoungGen: 204584K->0K(229376K)] [ParOldGen: 205329K->16384K(262144K)] 409913K->16384K(491520K), [Metaspace: 2795K->2795K(1056768K)], 0.0026348 secs] [Times: user=0.00 sys=0.00, real=0.00 secs] 
55.943: [GC (Allocation Failure) [PSYoungGen: 193338K->15360K(229376K)] 209722K->31744K(491520K), 0.0016376 secs] [Times: user=0.00 sys=0.00, real=0.00 secs] 
58.235: [GC (Allocation Failure) [PSYoungGen: 172864K->20480K(229376K)] 291648K->139264K(491520K), 0.0020405 secs] [Times: user=0.00 sys=0.00, real=0.00 secs] 
59.324: [GC (Allocation Failure) [PSYoungGen: 208714K->10240K(229376K)] 327498K->180224K(491520K), 0.0046723 secs] [Times: user=0.02 sys=0.00, real=0.00 secs] 
59.761: [GC (Allocation Failure) [PSYoungGen: 106306K->5120K(229376K)] 276291K->226304K(491520K), 0.0049311 secs] [Times: user=0.02 sys=0.00, real=0.00 secs] 
59.766: [Full GC (Ergonomics) [PSYoungGen: 5120K->0K(229376K)] [ParOldGen: 221184K->108049K(262144K)] 226304K->108049K(491520K), [Metaspace: 2796K->2796K(1056768K)], 0.0084943 secs] [Times: user=0.00 sys=0.00, real=0.01 secs] 
61.086: [GC (Allocation Failure) [PSYoungGen: 177987K->25600K(229376K)] 286036K->236049K(491520K), 0.0160238 secs] [Times: user=0.02 sys=0.00, real=0.02 secs] 
61.102: [Full GC (Ergonomics) [PSYoungGen: 25600K->0K(229376K)] [ParOldGen: 210449K->184849K(262144K)] 236049K->184849K(491520K), [Metaspace: 2796K->2796K(1056768K)], 0.0100354 secs] [Times: user=0.00 sys=0.00, real=0.01 secs] 
62.426: [Full GC (Ergonomics) [PSYoungGen: 188205K->0K(229376K)] [ParOldGen: 184849K->16384K(262144K)] 373054K->16384K(491520K), [Metaspace: 2796K->2796K(1056768K)], 0.0026952 secs] [Times: user=0.00 sys=0.00, real=0.00 secs] 
63.299: [GC (Allocation Failure) [PSYoungGen: 193313K->6144K(229376K)] 209697K->22528K(491520K), 0.0008272 secs] [Times: user=0.00 sys=0.00, real=0.00 secs] 
66.461: [GC (Allocation Failure) [PSYoungGen: 199458K->10240K(229376K)] 318242K->129024K(491520K), 0.0010521 secs] [Times: user=0.00 sys=0.00, real=0.00 secs] 
68.205: [Full GC (Ergonomics) [PSYoungGen: 177974K->0K(229376K)] [ParOldGen: 221184K->52224K(262144K)] 399158K->52224K(491520K), [Metaspace: 2796K->2796K(1056768K)], 0.0051078 secs] [Times: user=0.00 sys=0.00, real=0.00 secs] 
69.621: [GC (Allocation Failure) [PSYoungGen: 177987K->5120K(229376K)] 230211K->57344K(491520K), 0.0007865 secs] [Times: user=0.00 sys=0.00, real=0.00 secs] 
70.713: [GC (Allocation Failure) [PSYoungGen: 193341K->10240K(229376K)] 245565K->164864K(491520K), 0.0154286 secs] [Times: user=0.02 sys=0.00, real=0.02 secs] 
70.728: [Full GC (Ergonomics) [PSYoungGen: 10240K->0K(229376K)] [ParOldGen: 154624K->113169K(262144K)] 164864K->113169K(491520K), [Metaspace: 2796K->2796K(1056768K)], 0.0083037 secs] [Times: user=0.01 sys=0.00, real=0.01 secs] 
72.476: [Full GC (Ergonomics) [PSYoungGen: 167739K->0K(229376K)] [ParOldGen: 215569K->134673K(262144K)] 383308K->134673K(491520K), [Metaspace: 2796K->2796K(1056768K)], 0.0038133 secs] [Times: user=0.00 sys=0.00, real=0.00 secs] 
73.782: [GC (Allocation Failure) [PSYoungGen: 183110K->20480K(229376K)] 317784K->155153K(491520K), 0.0015600 secs] [Times: user=0.00 sys=0.00, real=0.00 secs] 
74.657: [GC (Allocation Failure) [PSYoungGen: 213824K->20480K(229376K)] 348497K->155153K(491520K), 0.0018160 secs] [Times: user=0.00 sys=0.00, real=0.00 secs] 
77.498: [Full GC (Ergonomics) [PSYoungGen: 213821K->0K(229376K)] [ParOldGen: 237073K->6144K(262144K)] 450894K->6144K(491520K), [Metaspace: 2796K->2796K(1056768K)], 0.0023110 secs] [Times: user=0.00 sys=0.00, real=0.00 secs] 
79.570: [GC (Allocation Failure) [PSYoungGen: 183112K->25600K(229376K)] 291656K->185344K(491520K), 0.0059255 secs] [Times: user=0.00 sys=0.00, real=0.00 secs] 
79.576: [Full GC (Ergonomics) [PSYoungGen: 25600K->0K(229376K)] [ParOldGen: 159744K->82944K(262144K)] 185344K->82944K(491520K), [Metaspace: 2796K->2796K(1056768K)], 0.0061378 secs] [Times: user=0.00 sys=0.00, real=0.01 secs] 
81.660: [Full GC (Ergonomics) [PSYoungGen: 194383K->0K(229376K)] [ParOldGen: 185344K->7168K(262144K)] 379727K->7168K(491520K), [Metaspace: 2796K->2796K(1056768K)], 0.0022600 secs] [Times: user=0.00 sys=0.00, real=0.00 secs] 
83.845: [GC (Allocation Failure) [PSYoungGen: 188243K->26624K(229376K)] 297811K->146432K(491520K), 0.0028885 secs] [Times: user=0.00 sys=0.00, real=0.00 secs] 
85.160: [GC (Allocation Failure) [PSYoungGen: 209750K->20480K(229376K)] 329558K->140288K(491520K), 0.0016306 secs] [Times: user=0.00 sys=0.00, real=0.00 secs] 
86.032: [GC (Allocation Failure) [PSYoungGen: 213834K->20480K(229376K)] 333642K->140288K(491520K), 0.0018161 secs] [Times: user=0.00 sys=0.00, real=0.00 secs] 
88.105: [Full GC (Ergonomics) [PSYoungGen: 203587K->0K(229376K)] [ParOldGen: 222208K->62464K(262144K)] 425795K->62464K(491520K), [Metaspace: 2796K->2796K(1056768K)], 0.0057030 secs] [Times: user=0.00 sys=0.00, real=0.01 secs] 
90.510: [Full GC (Ergonomics) [PSYoungGen: 193356K->0K(229376K)] [ParOldGen: 164864K->113169K(262144K)] 358220K->113169K(491520K), [Metaspace: 2796K->2796K(1056768K)], 0.0088125 secs] [Times: user=0.00 sys=0.00, real=0.01 secs] 
93.688: [Full GC (Ergonomics) [PSYoungGen: 184146K->0K(229376K)] [ParOldGen: 215569K->22528K(262144K)] 399715K->22528K(491520K), [Metaspace: 2796K->2796K(1056768K)], 0.0030534 secs] [Times: user=0.00 sys=0.00, real=0.00 secs] 
94.561: [GC (Allocation Failure) [PSYoungGen: 193365K->10240K(229376K)] 215893K->32768K(491520K), 0.0009459 secs] [Times: user=0.00 sys=0.00, real=0.00 secs] 
96.638: [GC (Allocation Failure) [PSYoungGen: 162641K->20480K(229376K)] 287570K->165888K(491520K), 0.0026031 secs] [Times: user=0.00 sys=0.00, real=0.00 secs] 
97.730: [GC (Allocation Failure) [PSYoungGen: 208725K->10240K(229376K)] 354133K->155648K(491520K), 0.0011525 secs] [Times: user=0.00 sys=0.00, real=0.00 secs] 
99.476: [Full GC (Ergonomics) [PSYoungGen: 177994K->0K(229376K)] [ParOldGen: 247808K->102929K(262144K)] 425802K->102929K(491520K), [Metaspace: 2796K->2796K(1056768K)], 0.0077577 secs] [Times: user=0.00 sys=0.00, real=0.01 secs] 
100.788: [GC (Allocation Failure) [PSYoungGen: 193360K->15360K(229376K)] 296289K->118289K(491520K), 0.0013530 secs] [Times: user=0.00 sys=0.00, real=0.00 secs] 
101.665: [GC (Allocation Failure) [PSYoungGen: 208711K->11264K(229376K)] 311640K->114193K(491520K), 0.0010251 secs] [Times: user=0.00 sys=0.00, real=0.00 secs] 
104.943: [Full GC (Ergonomics) [PSYoungGen: 204595K->0K(229376K)] [ParOldGen: 205329K->16384K(262144K)] 409924K->16384K(491520K), [Metaspace: 2796K->2796K(1056768K)], 0.0030342 secs] [Times: user=0.00 sys=0.00, real=0.00 secs] 
105.706: [GC (Allocation Failure) [PSYoungGen: 193345K->15360K(229376K)] 209729K->31744K(491520K), 0.0015043 secs] [Times: user=0.00 sys=0.00, real=0.00 secs] 
107.998: [GC (Allocation Failure) [PSYoungGen: 172869K->20480K(229376K)] 291653K->139264K(491520K), 0.0021034 secs] [Times: user=0.00 sys=0.00, real=0.00 secs] 
109.092: [GC (Allocation Failure) [PSYoungGen: 208717K->10240K(229376K)] 327501K->180224K(491520K), 0.0046329 secs] [Times: user=0.00 sys=0.00, real=0.00 secs] 
109.528: [GC (Allocation Failure) [PSYoungGen: 106308K->5120K(229376K)] 276292K->226304K(491520K), 0.0048044 secs] [Times: user=0.00 sys=0.00, real=0.00 secs] 
109.533: [Full GC (Ergonomics) [PSYoungGen: 5120K->0K(229376K)] [ParOldGen: 221184K->108049K(262144K)] 226304K->108049K(491520K), [Metaspace: 2796K->2796K(1056768K)], 0.0082188 secs] [Times: user=0.00 sys=0.00, real=0.01 secs] 
110.859: [GC (Allocation Failure) [PSYoungGen: 177988K->25600K(229376K)] 286038K->236049K(491520K), 0.0159592 secs] [Times: user=0.00 sys=0.00, real=0.02 secs] 
110.875: [Full GC (Ergonomics) [PSYoungGen: 25600K->0K(229376K)] [ParOldGen: 210449K->184849K(262144K)] 236049K->184849K(491520K), [Metaspace: 2796K->2796K(1056768K)], 0.0100837 secs] [Times: user=0.00 sys=0.00, real=0.01 secs] 
112.196: [Full GC (Ergonomics) [PSYoungGen: 188206K->0K(229376K)] [ParOldGen: 184849K->16384K(262144K)] 373056K->16384K(491520K), [Metaspace: 2796K->2796K(1056768K)], 0.0028795 secs] [Times: user=0.00 sys=0.00, real=0.00 secs] 
113.067: [GC (Allocation Failure) [PSYoungGen: 193314K->6144K(229376K)] 209698K->22528K(491520K), 0.0007444 secs] [Times: user=0.00 sys=0.00, real=0.00 secs] 
116.235: [GC (Allocation Failure) [PSYoungGen: 199458K->10240K(229376K)] 318242K->129024K(491520K), 0.0013106 secs] [Times: user=0.00 sys=0.00, real=0.00 secs] 
117.983: [Full GC (Ergonomics) [PSYoungGen: 177974K->0K(229376K)] [ParOldGen: 221184K->52224K(262144K)] 399158K->52224K(491520K), [Metaspace: 2796K->2796K(1056768K)], 0.0050403 secs] [Times: user=0.00 sys=0.00, real=0.00 secs] 
119.404: [GC (Allocation Failure) [PSYoungGen: 177987K->5120K(229376K)] 230211K->57344K(491520K), 0.0008030 secs] [Times: user=0.00 sys=0.00, real=0.00 secs] 
120.500: [GC (Allocation Failure) [PSYoungGen: 193342K->10240K(229376K)] 245566K->164864K(491520K), 0.0160191 secs] [Times: user=0.00 sys=0.00, real=0.02 secs] 
120.516: [Full GC (Ergonomics) [PSYoungGen: 10240K->0K(229376K)] [ParOldGen: 154624K->113169K(262144K)] 164864K->113169K(491520K), [Metaspace: 2796K->2796K(1056768K)], 0.0083518 secs] [Times: user=0.00 sys=0.00, real=0.01 secs] 
122.263: [Full GC (Ergonomics) [PSYoungGen: 167739K->0K(229376K)] [ParOldGen: 215569K->134673K(262144K)] 383308K->134673K(491520K), [Metaspace: 2796K->2796K(1056768K)], 0.0037919 secs] [Times: user=0.00 sys=0.00, real=0.00 secs] 
123.571: [Full GC (Ergonomics) [PSYoungGen: 183110K->0K(229376K)] [ParOldGen: 134673K->21504K(262144K)] 317784K->21504K(491520K), [Metaspace: 2796K->2796K(1056768K)], 0.0031318 secs] [Times: user=0.00 sys=0.00, real=0.00 secs] 
124.440: [GC (Allocation Failure) [PSYoungGen: 193344K->10240K(229376K)] 214848K->31744K(491520K), 0.0010425 secs] [Times: user=0.00 sys=0.00, real=0.00 secs] 
127.278: [GC (Allocation Failure) [PSYoungGen: 203581K->10240K(229376K)] 327485K->134144K(491520K), 0.0009885 secs] [Times: user=0.00 sys=0.00, real=0.00 secs] 
129.354: [Full GC (Ergonomics) [PSYoungGen: 193352K->0K(229376K)] [ParOldGen: 226304K->82944K(262144K)] 419656K->82944K(491520K), [Metaspace: 2796K->2796K(1056768K)], 0.0066810 secs] [Times: user=0.02 sys=0.00, real=0.01 secs] 
131.425: [Full GC (Ergonomics) [PSYoungGen: 194383K->0K(229376K)] [ParOldGen: 185344K->7168K(262144K)] 379727K->7168K(491520K), [Metaspace: 2796K->2796K(1056768K)], 0.0023276 secs] [Times: user=0.00 sys=0.00, real=0.00 secs] 
133.603: [GC (Allocation Failure) [PSYoungGen: 188243K->26624K(229376K)] 297811K->146432K(491520K), 0.0026855 secs] [Times: user=0.00 sys=0.00, real=0.00 secs] 
134.910: [GC (Allocation Failure) [PSYoungGen: 209750K->20480K(229376K)] 329558K->140288K(491520K), 0.0014976 secs] [Times: user=0.00 sys=0.00, real=0.00 secs] 
135.777: [GC (Allocation Failure) [PSYoungGen: 213834K->20480K(229376K)] 333642K->140288K(491520K), 0.0016348 secs] [Times: user=0.00 sys=0.00, real=0.00 secs] 
137.854: [Full GC (Ergonomics) [PSYoungGen: 203587K->0K(229376K)] [ParOldGen: 222208K->62464K(262144K)] 425795K->62464K(491520K), [Metaspace: 2796K->2796K(1056768K)], 0.0052614 secs] [Times: user=0.02 sys=0.00, real=0.00 secs] 
140.266: [Full GC (Ergonomics) [PSYoungGen: 193356K->0K(229376K)] [ParOldGen: 164864K->113169K(262144K)] 358220K->113169K(491520K), [Metaspace: 2796K->2796K(1056768K)], 0.0086821 secs] [Times: user=0.00 sys=0.00, real=0.01 secs] 
143.427: [Full GC (Ergonomics) [PSYoungGen: 184146K->0K(229376K)] [ParOldGen: 215569K->22528K(262144K)] 399715K->22528K(491520K), [Metaspace: 2796K->2796K(1056768K)], 0.0029287 secs] [Times: user=0.00 sys=0.00, real=0.00 secs] 
144.300: [GC (Allocation Failure) [PSYoungGen: 193365K->10240K(229376K)] 215893K->32768K(491520K), 0.0009179 secs] [Times: user=0.00 sys=0.00, real=0.00 secs] 
146.374: [GC (Allocation Failure) [PSYoungGen: 162641K->20480K(229376K)] 287570K->165888K(491520K), 0.0021905 secs] [Times: user=0.00 sys=0.00, real=0.00 secs] 
147.466: [GC (Allocation Failure) [PSYoungGen: 208725K->10240K(229376K)] 354133K->155648K(491520K), 0.0011380 secs] [Times: user=0.00 sys=0.00, real=0.00 secs] 
149.214: [Full GC (Ergonomics) [PSYoungGen: 177994K->0K(229376K)] [ParOldGen: 247808K->102929K(262144K)] 425802K->102929K(491520K), [Metaspace: 2796K->2796K(1056768K)], 0.0079808 secs] [Times: user=0.00 sys=0.00, real=0.01 secs] 
150.540: [GC (Allocation Failure) [PSYoungGen: 193360K->15360K(229376K)] 296289K->118289K(491520K), 0.0015787 secs] [Times: user=0.00 sys=0.00, real=0.00 secs] 
151.416: [GC (Allocation Failure) [PSYoungGen: 208711K->11264K(229376K)] 311640K->114193K(491520K), 0.0010390 secs] [Times: user=0.00 sys=0.00, real=0.00 secs] 
154.695: [Full GC (Ergonomics) [PSYoungGen: 204595K->0K(229376K)] [ParOldGen: 205329K->16384K(262144K)] 409924K->16384K(491520K), [Metaspace: 2796K->2796K(1056768K)], 0.0027546 secs] [Times: user=0.00 sys=0.00, real=0.00 secs] 
155.465: [GC (Allocation Failure) [PSYoungGen: 193345K->15360K(229376K)] 209729K->31744K(491520K), 0.0014364 secs] [Times: user=0.00 sys=0.00, real=0.00 secs] 
157.756: [GC (Allocation Failure) [PSYoungGen: 172869K->20480K(229376K)] 291653K->139264K(491520K), 0.0019427 secs] [Times: user=0.00 sys=0.00, real=0.00 secs] 
158.850: [GC (Allocation Failure) [PSYoungGen: 208717K->10240K(229376K)] 327501K->180224K(491520K), 0.0048149 secs] [Times: user=0.00 sys=0.00, real=0.00 secs] 
159.287: [GC (Allocation Failure) [PSYoungGen: 106308K->5120K(229376K)] 276292K->226304K(491520K), 0.0045029 secs] [Times: user=0.00 sys=0.00, real=0.00 secs] 
159.292: [Full GC (Ergonomics) [PSYoungGen: 5120K->0K(229376K)] [ParOldGen: 221184K->108049K(262144K)] 226304K->108049K(491520K), [Metaspace: 2796K->2796K(1056768K)], 0.0078952 secs] [Times: user=0.00 sys=0.00, real=0.01 secs] 
160.620: [GC (Allocation Failure) [PSYoungGen: 177988K->25600K(229376K)] 286038K->236049K(491520K), 0.0160296 secs] [Times: user=0.02 sys=0.00, real=0.02 secs] 
160.636: [Full GC (Ergonomics) [PSYoungGen: 25600K->0K(229376K)] [ParOldGen: 210449K->184849K(262144K)] 236049K->184849K(491520K), [Metaspace: 2796K->2796K(1056768K)], 0.0100887 secs] [Times: user=0.00 sys=0.00, real=0.01 secs] 
161.961: [Full GC (Ergonomics) [PSYoungGen: 188206K->0K(229376K)] [ParOldGen: 184849K->16384K(262144K)] 373056K->16384K(491520K), [Metaspace: 2796K->2796K(1056768K)], 0.0026400 secs] [Times: user=0.00 sys=0.00, real=0.00 secs] 
162.834: [GC (Allocation Failure) [PSYoungGen: 193314K->6144K(229376K)] 209698K->22528K(491520K), 0.0006990 secs] [Times: user=0.00 sys=0.00, real=0.00 secs] 
166.003: [GC (Allocation Failure) [PSYoungGen: 199458K->10240K(229376K)] 318242K->129024K(491520K), 0.0011885 secs] [Times: user=0.00 sys=0.00, real=0.00 secs] 
167.749: [Full GC (Ergonomics) [PSYoungGen: 177974K->0K(229376K)] [ParOldGen: 221184K->52224K(262144K)] 399158K->52224K(491520K), [Metaspace: 2796K->2796K(1056768K)], 0.0051104 secs] [Times: user=0.00 sys=0.00, real=0.01 secs] 
169.165: [GC (Allocation Failure) [PSYoungGen: 177987K->5120K(229376K)] 230211K->57344K(491520K), 0.0008720 secs] [Times: user=0.00 sys=0.00, real=0.00 secs] 
170.259: [GC (Allocation Failure) [PSYoungGen: 193342K->10240K(229376K)] 245566K->164864K(491520K), 0.0153230 secs] [Times: user=0.01 sys=0.00, real=0.02 secs] 
170.275: [Full GC (Ergonomics) [PSYoungGen: 10240K->0K(229376K)] [ParOldGen: 154624K->113169K(262144K)] 164864K->113169K(491520K), [Metaspace: 2796K->2796K(1056768K)], 0.0080734 secs] [Times: user=0.00 sys=0.00, real=0.01 secs] 
172.019: [Full GC (Ergonomics) [PSYoungGen: 167739K->0K(229376K)] [ParOldGen: 215569K->134673K(262144K)] 383308K->134673K(491520K), [Metaspace: 2796K->2796K(1056768K)], 0.0036628 secs] [Times: user=0.00 sys=0.00, real=0.00 secs] 
173.327: [Full GC (Ergonomics) [PSYoungGen: 183110K->0K(229376K)] [ParOldGen: 134673K->21504K(262144K)] 317784K->21504K(491520K), [Metaspace: 2796K->2796K(1056768K)], 0.0031928 secs] [Times: user=0.00 sys=0.00, real=0.00 secs] 
174.200: [GC (Allocation Failure) [PSYoungGen: 193344K->10240K(229376K)] 214848K->31744K(491520K), 0.0009843 secs] [Times: user=0.00 sys=0.00, real=0.00 secs] 
177.038: [GC (Allocation Failure) [PSYoungGen: 203581K->10240K(229376K)] 327485K->134144K(491520K), 0.0008528 secs] [Times: user=0.00 sys=0.00, real=0.00 secs] 
179.117: [Full GC (Ergonomics) [PSYoungGen: 193352K->0K(229376K)] [ParOldGen: 226304K->82944K(262144K)] 419656K->82944K(491520K), [Metaspace: 2796K->2796K(1056768K)], 0.0069501 secs] [Times: user=0.00 sys=0.00, real=0.01 secs] 
181.190: [Full GC (Ergonomics) [PSYoungGen: 194383K->0K(229376K)] [ParOldGen: 185344K->7168K(262144K)] 379727K->7168K(491520K), [Metaspace: 2796K->2796K(1056768K)], 0.0021744 secs] [Times: user=0.00 sys=0.00, real=0.00 secs] 
183.375: [GC (Allocation Failure) [PSYoungGen: 188243K->26624K(229376K)] 297811K->146432K(491520K), 0.0025552 secs] [Times: user=0.00 sys=0.00, real=0.00 secs] 
184.686: [GC (Allocation Failure) [PSYoungGen: 209750K->20480K(229376K)] 329558K->140288K(491520K), 0.0014196 secs] [Times: user=0.00 sys=0.00, real=0.00 secs] 
185.564: [GC (Allocation Failure) [PSYoungGen: 213834K->20480K(229376K)] 333642K->140288K(491520K), 0.0016637 secs] [Times: user=0.00 sys=0.00, real=0.00 secs] 
187.640: [Full GC (Ergonomics) [PSYoungGen: 203587K->0K(229376K)] [ParOldGen: 222208K->62464K(262144K)] 425795K->62464K(491520K), [Metaspace: 2796K->2796K(1056768K)], 0.0056377 secs] [Times: user=0.00 sys=0.00, real=0.01 secs] 
190.046: [Full GC (Ergonomics) [PSYoungGen: 193356K->0K(229376K)] [ParOldGen: 164864K->113169K(262144K)] 358220K->113169K(491520K), [Metaspace: 2796K->2796K(1056768K)], 0.0089890 secs] [Times: user=0.00 sys=0.00, real=0.01 secs] 
193.221: [Full GC (Ergonomics) [PSYoungGen: 184146K->0K(229376K)] [ParOldGen: 215569K->22528K(262144K)] 399715K->22528K(491520K), [Metaspace: 2796K->2796K(1056768K)], 0.0033617 secs] [Times: user=0.00 sys=0.00, real=0.00 secs] 
194.097: [GC (Allocation Failure) [PSYoungGen: 193365K->10272K(229376K)] 215893K->32800K(491520K), 0.0009556 secs] [Times: user=0.00 sys=0.00, real=0.00 secs] 
196.168: [GC (Allocation Failure) [PSYoungGen: 162673K->20576K(229376K)] 287602K->165984K(491520K), 0.0022277 secs] [Times: user=0.00 sys=0.00, real=0.00 secs] 
197.258: [GC (Allocation Failure) [PSYoungGen: 208821K->10304K(229376K)] 354229K->155712K(491520K), 0.0010648 secs] [Times: user=0.00 sys=0.00, real=0.00 secs] 
198.999: [Full GC (Ergonomics) [PSYoungGen: 178058K->0K(229376K)] [ParOldGen: 247808K->102929K(262144K)] 425866K->102929K(491520K), [Metaspace: 2796K->2796K(1056768K)], 0.0083038 secs] [Times: user=0.00 sys=0.00, real=0.01 secs] 
200.324: [GC (Allocation Failure) [PSYoungGen: 193360K->15360K(229376K)] 296290K->118289K(491520K), 0.0013182 secs] [Times: user=0.00 sys=0.00, real=0.00 secs] 
201.196: [GC (Allocation Failure) [PSYoungGen: 208711K->11264K(229376K)] 311641K->114193K(491520K), 0.0012479 secs] [Times: user=0.00 sys=0.00, real=0.00 secs] 
204.469: [Full GC (Ergonomics) [PSYoungGen: 204595K->0K(229376K)] [ParOldGen: 205329K->16384K(262144K)] 409924K->16384K(491520K), [Metaspace: 2796K->2796K(1056768K)], 0.0027786 secs] [Times: user=0.00 sys=0.00, real=0.00 secs] 
205.237: [GC (Allocation Failure) [PSYoungGen: 193345K->15360K(229376K)] 209729K->31744K(491520K), 0.0013512 secs] [Times: user=0.00 sys=0.00, real=0.00 secs] 
207.528: [GC (Allocation Failure) [PSYoungGen: 172869K->20480K(229376K)] 291653K->139264K(491520K), 0.0019635 secs] [Times: user=0.02 sys=0.00, real=0.00 secs] 
208.618: [GC (Allocation Failure) [PSYoungGen: 208717K->10240K(229376K)] 327501K->180224K(491520K), 0.0049490 secs] [Times: user=0.00 sys=0.00, real=0.01 secs] 
209.056: [GC (Allocation Failure) [PSYoungGen: 106308K->5120K(229376K)] 276293K->226304K(491520K), 0.0048562 secs] [Times: user=0.00 sys=0.00, real=0.01 secs] 
209.061: [Full GC (Ergonomics) [PSYoungGen: 5120K->0K(229376K)] [ParOldGen: 221184K->108049K(262144K)] 226304K->108049K(491520K), [Metaspace: 2796K->2796K(1056768K)], 0.0084092 secs] [Times: user=0.00 sys=0.00, real=0.01 secs] 
210.381: [GC (Allocation Failure) [PSYoungGen: 177988K->25600K(229376K)] 286038K->236049K(491520K), 0.0152276 secs] [Times: user=0.00 sys=0.00, real=0.02 secs] 
210.396: [Full GC (Ergonomics) [PSYoungGen: 25600K->0K(229376K)] [ParOldGen: 210449K->184849K(262144K)] 236049K->184849K(491520K), [Metaspace: 2796K->2796K(1056768K)], 0.0105651 secs] [Times: user=0.02 sys=0.00, real=0.01 secs] 
211.724: [Full GC (Ergonomics) [PSYoungGen: 188206K->0K(229376K)] [ParOldGen: 184849K->16384K(262144K)] 373056K->16384K(491520K), [Metaspace: 2796K->2796K(1056768K)], 0.0026410 secs] [Times: user=0.00 sys=0.00, real=0.00 secs] 
212.595: [GC (Allocation Failure) [PSYoungGen: 193314K->6144K(229376K)] 209698K->22528K(491520K), 0.0006344 secs] [Times: user=0.00 sys=0.00, real=0.00 secs] 
215.767: [GC (Allocation Failure) [PSYoungGen: 199458K->10240K(229376K)] 318242K->129024K(491520K), 0.0010420 secs] [Times: user=0.00 sys=0.00, real=0.00 secs] 
217.512: [Full GC (Ergonomics) [PSYoungGen: 177974K->0K(229376K)] [ParOldGen: 221184K->52224K(262144K)] 399158K->52224K(491520K), [Metaspace: 2796K->2796K(1056768K)], 0.0048732 secs] [Times: user=0.00 sys=0.00, real=0.00 secs] 
Heap
 PSYoungGen      total 229376K, used 181920K [0x00000000f0000000, 0x0000000100000000, 0x0000000100000000)
  eden space 196608K, 92% used [0x00000000f0000000,0x00000000fb1a8130,0x00000000fc000000)
  from space 32768K, 0% used [0x00000000fe000000,0x00000000fe000000,0x0000000100000000)
  to   space 32768K, 0% used [0x00000000fc000000,0x00000000fc000000,0x00000000fe000000)
 ParOldGen       total 262144K, used 52224K [0x00000000e0000000, 0x00000000f0000000, 0x00000000f0000000)
  object space 262144K, 19% used [0x00000000e0000000,0x00000000e3300040,0x00000000f0000000)
 Metaspace       used 2804K, capacity 4486K, committed 4864K, reserved 1056768K
  class space    used 297K, capacity 386K, committed 512K, reserved 1048576K
