Java HotSpot(TM) 64-Bit Server VM (25.411-b09) for windows-amd64 JRE (1.8.0_411-b09), built on Mar 13 2024 07:26:13 by "java_re" with MS VC++ 17.1 (VS2022)
Memory: 4k page, physical 33403376k(14949312k free), swap 38563536k(7891816k free)
CommandLine flags: -XX:InitialHeapSize=1073741824 -XX:MaxHeapSize=1073741824 -XX:NewRatio=9 -XX:ParallelGCThreads=6 -XX:+PrintGC -XX:+PrintGCDetails -XX:+PrintGCTimeStamps -XX:SurvivorRatio=4 -XX:-UseAdaptiveSizePolicy -XX:+UseCompressedClassPointers -XX:+UseCompressedOops -XX:-UseLargePagesIndividualAllocation -XX:+UseParallelGC 
1.162: [GC (Allocation Failure) [PSYoungGen: 56033K->16056K(87040K)] 56033K->16064K(1031168K), 0.0043205 secs] [Times: user=0.00 sys=0.00, real=0.00 secs] 
2.518: [GC (Allocation Failure) [PSYoungGen: 79878K->17032K(87040K)] 233486K->175760K(1031168K), 0.0046652 secs] [Times: user=0.00 sys=0.00, real=0.00 secs] 
3.876: [GC (Allocation Failure) [PSYoungGen: 80866K->12920K(87040K)] 393194K->325248K(1031168K), 0.0014765 secs] [Times: user=0.00 sys=0.00, real=0.00 secs] 
5.507: [GC (Allocation Failure) [PSYoungGen: 75738K->15992K(87040K)] 388066K->338560K(1031168K), 0.0042386 secs] [Times: user=0.02 sys=0.00, real=0.00 secs] 
6.863: [GC (Allocation Failure) [PSYoungGen: 79836K->16024K(87040K)] 556004K->507552K(1031168K), 0.0050265 secs] [Times: user=0.00 sys=0.00, real=0.00 secs] 
8.440: [GC (Allocation Failure) [PSYoungGen: 65209K->5688K(87040K)] 710337K->650824K(1031168K), 0.0018136 secs] [Times: user=0.00 sys=0.00, real=0.00 secs] 
9.793: [GC (Allocation Failure) [PSYoungGen: 69539K->15928K(87040K)] 868275K->814664K(1031168K), 0.0018531 secs] [Times: user=0.00 sys=0.00, real=0.00 secs] 
10.135: [GC (Allocation Failure) [PSYoungGen: 48037K->5736K(87040K)] 897973K->855672K(1031168K), 0.0018566 secs] [Times: user=0.00 sys=0.00, real=0.00 secs] 
10.137: [GC (Allocation Failure) [PSYoungGen: 5736K->5720K(87040K)] 855672K->855656K(1031168K), 0.0014506 secs] [Times: user=0.00 sys=0.00, real=0.00 secs] 
10.139: [Full GC (Allocation Failure) [PSYoungGen: 5720K->0K(87040K)] [ParOldGen: 849936K->108048K(944128K)] 855656K->108048K(1031168K), [Metaspace: 2761K->2761K(1056768K)], 0.0176210 secs] [Times: user=0.00 sys=0.00, real=0.02 secs] 
11.366: [GC (Allocation Failure) [PSYoungGen: 53613K->15360K(87040K)] 264062K->225808K(1031168K), 0.0014199 secs] [Times: user=0.00 sys=0.00, real=0.00 secs] 
12.781: [GC (Allocation Failure) [PSYoungGen: 68403K->15392K(87040K)] 432452K->379448K(1031168K), 0.0018230 secs] [Times: user=0.00 sys=0.00, real=0.00 secs] 
14.086: [GC (Allocation Failure) [PSYoungGen: 79247K->16416K(87040K)] 596904K->544313K(1031168K), 0.0018906 secs] [Times: user=0.02 sys=0.00, real=0.00 secs] 
15.397: [GC (Allocation Failure) [PSYoungGen: 80271K->16416K(87040K)] 761769K->708153K(1031168K), 0.0025877 secs] [Times: user=0.00 sys=0.00, real=0.00 secs] 
16.922: [GC (Allocation Failure) [PSYoungGen: 79248K->15392K(87040K)] 770985K->707129K(1031168K), 0.0016329 secs] [Times: user=0.00 sys=0.00, real=0.00 secs] 
18.227: [GC (Allocation Failure) [PSYoungGen: 79245K->15392K(87040K)] 924582K->881209K(1031168K), 0.0154437 secs] [Times: user=0.00 sys=0.00, real=0.02 secs] 
18.695: [Full GC (Ergonomics) [PSYoungGen: 57742K->0K(87040K)] [ParOldGen: 917017K->82449K(944128K)] 974759K->82449K(1031168K), [Metaspace: 2770K->2770K(1056768K)], 0.0089304 secs] [Times: user=0.00 sys=0.00, real=0.01 secs] 
21.219: [GC (Allocation Failure) [PSYoungGen: 65903K->15360K(87040K)] 404352K->353809K(1031168K), 0.0016027 secs] [Times: user=0.00 sys=0.00, real=0.00 secs] 
22.527: [GC (Allocation Failure) [PSYoungGen: 79215K->16384K(87040K)] 571265K->508433K(1031168K), 0.0013987 secs] [Times: user=0.00 sys=0.00, real=0.00 secs] 
24.163: [GC (Allocation Failure) [PSYoungGen: 85360K->10240K(87040K)] 731009K->666129K(1031168K), 0.0017334 secs] [Times: user=0.01 sys=0.00, real=0.00 secs] 
25.470: [GC (Allocation Failure) [PSYoungGen: 74096K->15360K(87040K)] 883585K->835089K(1031168K), 0.0021561 secs] [Times: user=0.00 sys=0.00, real=0.00 secs] 
25.798: [GC (Allocation Failure) [PSYoungGen: 47472K->15360K(87040K)] 918401K->886289K(1031168K), 0.0018055 secs] [Times: user=0.00 sys=0.00, real=0.00 secs] 
25.800: [GC (Allocation Failure) [PSYoungGen: 15360K->15360K(87040K)] 886289K->886289K(1031168K), 0.0016562 secs] [Times: user=0.00 sys=0.00, real=0.00 secs] 
25.802: [Full GC (Allocation Failure) [PSYoungGen: 15360K->0K(87040K)] [ParOldGen: 870929K->77329K(944128K)] 886289K->77329K(1031168K), [Metaspace: 2779K->2779K(1056768K)], 0.0075169 secs] [Times: user=0.00 sys=0.00, real=0.01 secs] 
27.016: [GC (Allocation Failure) [PSYoungGen: 53616K->15360K(87040K)] 233345K->195089K(1031168K), 0.0015014 secs] [Times: user=0.00 sys=0.00, real=0.00 secs] 
28.435: [GC (Allocation Failure) [PSYoungGen: 83606K->15392K(87040K)] 263336K->195129K(1031168K), 0.0017844 secs] [Times: user=0.00 sys=0.00, real=0.00 secs] 
29.742: [GC (Allocation Failure) [PSYoungGen: 79244K->15392K(87040K)] 412581K->353849K(1031168K), 0.0017079 secs] [Times: user=0.02 sys=0.00, real=0.00 secs] 
31.924: [GC (Allocation Failure) [PSYoungGen: 81293K->6176K(87040K)] 675750K->600633K(1031168K), 0.0017605 secs] [Times: user=0.00 sys=0.00, real=0.00 secs] 
33.233: [GC (Allocation Failure) [PSYoungGen: 75150K->8224K(87040K)] 823208K->756281K(1031168K), 0.0013858 secs] [Times: user=0.00 sys=0.00, real=0.00 secs] 
34.106: [GC (Allocation Failure) [PSYoungGen: 60815K->16416K(87040K)] 808872K->775737K(1031168K), 0.0024345 secs] [Times: user=0.00 sys=0.00, real=0.00 secs] 
35.633: [Full GC (Ergonomics) [PSYoungGen: 85388K->0K(87040K)] [ParOldGen: 912921K->31744K(944128K)] 998309K->31744K(1031168K), [Metaspace: 2793K->2793K(1056768K)], 0.0045414 secs] [Times: user=0.00 sys=0.00, real=0.00 secs] 
36.396: [GC (Allocation Failure) [PSYoungGen: 68973K->10240K(87040K)] 203118K->144384K(1031168K), 0.0010353 secs] [Times: user=0.00 sys=0.00, real=0.00 secs] 
37.703: [GC (Allocation Failure) [PSYoungGen: 79215K->10240K(87040K)] 366959K->318464K(1031168K), 0.0027186 secs] [Times: user=0.00 sys=0.00, real=0.00 secs] 
39.233: [GC (Allocation Failure) [PSYoungGen: 78191K->5120K(87040K)] 437615K->364544K(1031168K), 0.0011813 secs] [Times: user=0.00 sys=0.00, real=0.00 secs] 
40.547: [GC (Allocation Failure) [PSYoungGen: 74096K->10240K(87040K)] 587120K->523264K(1031168K), 0.0018150 secs] [Times: user=0.00 sys=0.00, real=0.00 secs] 
41.858: [GC (Allocation Failure) [PSYoungGen: 79216K->16384K(87040K)] 745840K->683008K(1031168K), 0.0019718 secs] [Times: user=0.00 sys=0.00, real=0.00 secs] 
43.929: [GC (Allocation Failure) [PSYoungGen: 85360K->11264K(87040K)] 751985K->688128K(1031168K), 0.0019171 secs] [Times: user=0.00 sys=0.00, real=0.00 secs] 
45.235: [GC (Allocation Failure) [PSYoungGen: 75118K->16384K(87040K)] 905582K->851968K(1031168K), 0.0023027 secs] [Times: user=0.00 sys=0.00, real=0.00 secs] 
45.671: [GC (Allocation Failure) [PSYoungGen: 58734K->11264K(87040K)] 945519K->908288K(1031168K), 0.0024676 secs] [Times: user=0.00 sys=0.00, real=0.00 secs] 
45.674: [GC (Allocation Failure) [PSYoungGen: 11264K->11264K(87040K)] 908288K->908288K(1031168K), 0.0021096 secs] [Times: user=0.00 sys=0.00, real=0.00 secs] 
45.676: [Full GC (Allocation Failure) [PSYoungGen: 11264K->0K(87040K)] [ParOldGen: 897024K->78353K(944128K)] 908288K->78353K(1031168K), [Metaspace: 2795K->2795K(1056768K)], 0.0072836 secs] [Times: user=0.00 sys=0.00, real=0.01 secs] 
47.870: [GC (Allocation Failure) [PSYoungGen: 65903K->10240K(87040K)] 400257K->365073K(1031168K), 0.0026364 secs] [Times: user=0.00 sys=0.00, real=0.00 secs] 
49.180: [GC (Allocation Failure) [PSYoungGen: 79216K->10240K(87040K)] 587649K->518673K(1031168K), 0.0011895 secs] [Times: user=0.06 sys=0.00, real=0.00 secs] 
50.813: [GC (Allocation Failure) [PSYoungGen: 78192K->10240K(87040K)] 740225K->672273K(1031168K), 0.0012737 secs] [Times: user=0.00 sys=0.00, real=0.00 secs] 
52.120: [GC (Allocation Failure) [PSYoungGen: 79216K->11264K(87040K)] 894850K->826897K(1031168K), 0.0018185 secs] [Times: user=0.00 sys=0.00, real=0.00 secs] 
52.776: [GC (Allocation Failure) [PSYoungGen: 63856K->11264K(87040K)] 930690K->878097K(1031168K), 0.0017021 secs] [Times: user=0.00 sys=0.00, real=0.00 secs] 
52.777: [GC (Allocation Failure) [PSYoungGen: 11264K->11264K(87040K)] 878097K->878097K(1031168K), 0.0014972 secs] [Times: user=0.00 sys=0.00, real=0.00 secs] 
52.779: [Full GC (Allocation Failure) [PSYoungGen: 11264K->0K(87040K)] [ParOldGen: 866833K->62993K(944128K)] 878097K->62993K(1031168K), [Metaspace: 2795K->2795K(1056768K)], 0.0065185 secs] [Times: user=0.00 sys=0.00, real=0.01 secs] 
54.968: [GC (Allocation Failure) [PSYoungGen: 64880K->10240K(87040K)] 230274K->175633K(1031168K), 0.0010252 secs] [Times: user=0.00 sys=0.00, real=0.00 secs] 
56.274: [GC (Allocation Failure) [PSYoungGen: 79216K->15360K(87040K)] 398210K->344593K(1031168K), 0.0020408 secs] [Times: user=0.09 sys=0.00, real=0.00 secs] 
57.585: [GC (Allocation Failure) [PSYoungGen: 84336K->15360K(87040K)] 567170K->518673K(1031168K), 0.0029259 secs] [Times: user=0.00 sys=0.00, real=0.00 secs] 
59.551: [GC (Allocation Failure) [PSYoungGen: 84336K->15360K(87040K)] 741250K->672273K(1031168K), 0.0015580 secs] [Times: user=0.00 sys=0.00, real=0.00 secs] 
60.863: [GC (Allocation Failure) [PSYoungGen: 79216K->15360K(87040K)] 889730K->825873K(1031168K), 0.0017402 secs] [Times: user=0.00 sys=0.00, real=0.00 secs] 
61.298: [GC (Allocation Failure) [PSYoungGen: 57712K->10240K(87040K)] 919426K->871953K(1031168K), 0.0015566 secs] [Times: user=0.00 sys=0.00, real=0.00 secs] 
61.300: [GC (Allocation Failure) [PSYoungGen: 10240K->10240K(87040K)] 871953K->871953K(1031168K), 0.0017372 secs] [Times: user=0.00 sys=0.00, real=0.00 secs] 
61.302: [Full GC (Allocation Failure) [PSYoungGen: 10240K->0K(87040K)] [ParOldGen: 861713K->215569K(944128K)] 871953K->215569K(1031168K), [Metaspace: 2796K->2796K(1056768K)], 0.0167906 secs] [Times: user=0.00 sys=0.00, real=0.02 secs] 
63.293: [GC (Allocation Failure) [PSYoungGen: 64880K->11264K(87040K)] 536450K->482833K(1031168K), 0.0014388 secs] [Times: user=0.00 sys=0.00, real=0.00 secs] 
64.602: [GC (Allocation Failure) [PSYoungGen: 80240K->16384K(87040K)] 705410K->651793K(1031168K), 0.0024717 secs] [Times: user=0.06 sys=0.00, real=0.00 secs] 
66.349: [GC (Allocation Failure) [PSYoungGen: 84336K->10240K(87040K)] 719746K->645649K(1031168K), 0.0014577 secs] [Times: user=0.00 sys=0.00, real=0.00 secs] 
67.655: [GC (Allocation Failure) [PSYoungGen: 79214K->15360K(87040K)] 868223K->824849K(1031168K), 0.0028723 secs] [Times: user=0.00 sys=0.00, real=0.00 secs] 
68.420: [GC (Allocation Failure) [PSYoungGen: 73071K->10240K(87040K)] 933760K->870929K(1031168K), 0.0014049 secs] [Times: user=0.00 sys=0.00, real=0.00 secs] 
68.421: [GC (Allocation Failure) [PSYoungGen: 10240K->10240K(87040K)] 870929K->870929K(1031168K), 0.0011477 secs] [Times: user=0.00 sys=0.00, real=0.00 secs] 
68.423: [Full GC (Allocation Failure) [PSYoungGen: 10240K->0K(87040K)] [ParOldGen: 860689K->82449K(944128K)] 870929K->82449K(1031168K), [Metaspace: 2796K->2796K(1056768K)], 0.0076988 secs] [Times: user=0.00 sys=0.00, real=0.01 secs] 
70.940: [GC (Allocation Failure) [PSYoungGen: 65903K->15360K(87040K)] 404353K->353809K(1031168K), 0.0017045 secs] [Times: user=0.00 sys=0.00, real=0.00 secs] 
72.249: [GC (Allocation Failure) [PSYoungGen: 79216K->16384K(87040K)] 571265K->508433K(1031168K), 0.0014932 secs] [Times: user=0.00 sys=0.00, real=0.00 secs] 
73.885: [GC (Allocation Failure) [PSYoungGen: 85360K->10240K(87040K)] 731009K->666129K(1031168K), 0.0020205 secs] [Times: user=0.00 sys=0.00, real=0.00 secs] 
75.202: [GC (Allocation Failure) [PSYoungGen: 74096K->15360K(87040K)] 883586K->835089K(1031168K), 0.0021956 secs] [Times: user=0.00 sys=0.00, real=0.00 secs] 
75.530: [GC (Allocation Failure) [PSYoungGen: 47472K->15360K(87040K)] 918402K->886289K(1031168K), 0.0023799 secs] [Times: user=0.00 sys=0.00, real=0.00 secs] 
75.533: [GC (Allocation Failure) [PSYoungGen: 15360K->15360K(87040K)] 886289K->886289K(1031168K), 0.0020238 secs] [Times: user=0.00 sys=0.00, real=0.00 secs] 
75.535: [Full GC (Allocation Failure) [PSYoungGen: 15360K->0K(87040K)] [ParOldGen: 870929K->77329K(944128K)] 886289K->77329K(1031168K), [Metaspace: 2796K->2796K(1056768K)], 0.0074074 secs] [Times: user=0.00 sys=0.00, real=0.01 secs] 
76.745: [GC (Allocation Failure) [PSYoungGen: 53616K->15360K(87040K)] 233345K->195089K(1031168K), 0.0014770 secs] [Times: user=0.00 sys=0.00, real=0.00 secs] 
78.165: [GC (Allocation Failure) [PSYoungGen: 83312K->15360K(87040K)] 263042K->195089K(1031168K), 0.0015378 secs] [Times: user=0.00 sys=0.00, real=0.00 secs] 
79.476: [GC (Allocation Failure) [PSYoungGen: 79214K->10240K(87040K)] 412543K->353809K(1031168K), 0.0019977 secs] [Times: user=0.02 sys=0.00, real=0.00 secs] 
81.656: [GC (Allocation Failure) [PSYoungGen: 76143K->6144K(87040K)] 675712K->605713K(1031168K), 0.0012990 secs] [Times: user=0.00 sys=0.00, real=0.00 secs] 
82.970: [GC (Allocation Failure) [PSYoungGen: 75119K->7168K(87040K)] 828289K->760337K(1031168K), 0.0014098 secs] [Times: user=0.00 sys=0.00, real=0.00 secs] 
83.843: [GC (Allocation Failure) [PSYoungGen: 59760K->16384K(87040K)] 812929K->780817K(1031168K), 0.0023130 secs] [Times: user=0.00 sys=0.00, real=0.00 secs] 
85.368: [Full GC (Ergonomics) [PSYoungGen: 85356K->0K(87040K)] [ParOldGen: 918033K->31744K(944128K)] 1003390K->31744K(1031168K), [Metaspace: 2796K->2796K(1056768K)], 0.0048352 secs] [Times: user=0.00 sys=0.00, real=0.01 secs] 
86.132: [GC (Allocation Failure) [PSYoungGen: 68974K->10240K(87040K)] 203118K->144384K(1031168K), 0.0010869 secs] [Times: user=0.00 sys=0.00, real=0.00 secs] 
87.443: [GC (Allocation Failure) [PSYoungGen: 79215K->10240K(87040K)] 366959K->318464K(1031168K), 0.0026996 secs] [Times: user=0.00 sys=0.00, real=0.00 secs] 
88.967: [GC (Allocation Failure) [PSYoungGen: 78191K->5120K(87040K)] 437615K->364544K(1031168K), 0.0016884 secs] [Times: user=0.00 sys=0.00, real=0.00 secs] 
90.277: [GC (Allocation Failure) [PSYoungGen: 74096K->10240K(87040K)] 587120K->523264K(1031168K), 0.0014415 secs] [Times: user=0.00 sys=0.00, real=0.00 secs] 
91.588: [GC (Allocation Failure) [PSYoungGen: 79216K->16384K(87040K)] 745840K->683008K(1031168K), 0.0023474 secs] [Times: user=0.00 sys=0.00, real=0.00 secs] 
93.663: [GC (Allocation Failure) [PSYoungGen: 85360K->11264K(87040K)] 751984K->688128K(1031168K), 0.0024116 secs] [Times: user=0.01 sys=0.00, real=0.00 secs] 
94.973: [GC (Allocation Failure) [PSYoungGen: 75118K->11264K(87040K)] 905582K->841728K(1031168K), 0.0017179 secs] [Times: user=0.00 sys=0.00, real=0.00 secs] 
95.408: [GC (Allocation Failure) [PSYoungGen: 53614K->16384K(87040K)] 935279K->898048K(1031168K), 0.0026051 secs] [Times: user=0.00 sys=0.00, real=0.00 secs] 
95.411: [GC (Allocation Failure) [PSYoungGen: 16384K->16384K(87040K)] 898048K->898048K(1031168K), 0.0023226 secs] [Times: user=0.00 sys=0.00, real=0.00 secs] 
95.413: [Full GC (Allocation Failure) [PSYoungGen: 16384K->0K(87040K)] [ParOldGen: 881664K->78353K(944128K)] 898048K->78353K(1031168K), [Metaspace: 2796K->2796K(1056768K)], 0.0074457 secs] [Times: user=0.02 sys=0.00, real=0.01 secs] 
97.609: [GC (Allocation Failure) [PSYoungGen: 65903K->10240K(87040K)] 400257K->365073K(1031168K), 0.0026584 secs] [Times: user=0.00 sys=0.00, real=0.00 secs] 
98.917: [GC (Allocation Failure) [PSYoungGen: 79216K->10240K(87040K)] 587649K->518673K(1031168K), 0.0010885 secs] [Times: user=0.00 sys=0.00, real=0.00 secs] 
100.554: [GC (Allocation Failure) [PSYoungGen: 78192K->10240K(87040K)] 740225K->672273K(1031168K), 0.0012270 secs] [Times: user=0.00 sys=0.00, real=0.00 secs] 
101.868: [GC (Allocation Failure) [PSYoungGen: 79216K->11264K(87040K)] 894850K->826897K(1031168K), 0.0017544 secs] [Times: user=0.00 sys=0.00, real=0.00 secs] 
102.520: [GC (Allocation Failure) [PSYoungGen: 63856K->11264K(87040K)] 930690K->878097K(1031168K), 0.0021125 secs] [Times: user=0.00 sys=0.00, real=0.00 secs] 
102.522: [GC (Allocation Failure) [PSYoungGen: 11264K->11264K(87040K)] 878097K->878097K(1031168K), 0.0014436 secs] [Times: user=0.00 sys=0.00, real=0.00 secs] 
102.523: [Full GC (Allocation Failure) [PSYoungGen: 11264K->0K(87040K)] [ParOldGen: 866833K->62993K(944128K)] 878097K->62993K(1031168K), [Metaspace: 2796K->2796K(1056768K)], 0.0060638 secs] [Times: user=0.00 sys=0.00, real=0.01 secs] 
104.720: [GC (Allocation Failure) [PSYoungGen: 64880K->10240K(87040K)] 230274K->175633K(1031168K), 0.0010889 secs] [Times: user=0.00 sys=0.00, real=0.00 secs] 
106.028: [GC (Allocation Failure) [PSYoungGen: 79216K->15360K(87040K)] 398210K->344593K(1031168K), 0.0023494 secs] [Times: user=0.00 sys=0.00, real=0.00 secs] 
107.342: [GC (Allocation Failure) [PSYoungGen: 84336K->15360K(87040K)] 567170K->523793K(1031168K), 0.0031524 secs] [Times: user=0.00 sys=0.00, real=0.00 secs] 
109.304: [GC (Allocation Failure) [PSYoungGen: 84336K->15360K(87040K)] 746370K->677393K(1031168K), 0.0015940 secs] [Times: user=0.00 sys=0.00, real=0.00 secs] 
110.606: [GC (Allocation Failure) [PSYoungGen: 79216K->15360K(87040K)] 894850K->830993K(1031168K), 0.0014934 secs] [Times: user=0.00 sys=0.00, real=0.00 secs] 
111.041: [GC (Allocation Failure) [PSYoungGen: 57712K->10240K(87040K)] 924546K->877073K(1031168K), 0.0017899 secs] [Times: user=0.00 sys=0.00, real=0.00 secs] 
111.043: [GC (Allocation Failure) [PSYoungGen: 10240K->10240K(87040K)] 877073K->877073K(1031168K), 0.0012380 secs] [Times: user=0.00 sys=0.00, real=0.00 secs] 
111.044: [Full GC (Allocation Failure) [PSYoungGen: 10240K->0K(87040K)] [ParOldGen: 866833K->215569K(944128K)] 877073K->215569K(1031168K), [Metaspace: 2796K->2796K(1056768K)], 0.0156767 secs] [Times: user=0.00 sys=0.00, real=0.01 secs] 
113.019: [GC (Allocation Failure) [PSYoungGen: 64880K->11264K(87040K)] 536450K->482833K(1031168K), 0.0012194 secs] [Times: user=0.00 sys=0.00, real=0.00 secs] 
114.327: [GC (Allocation Failure) [PSYoungGen: 80240K->16384K(87040K)] 705410K->651793K(1031168K), 0.0020148 secs] [Times: user=0.00 sys=0.00, real=0.00 secs] 
116.065: [GC (Allocation Failure) [PSYoungGen: 84336K->10240K(87040K)] 719746K->645649K(1031168K), 0.0014186 secs] [Times: user=0.00 sys=0.00, real=0.00 secs] 
117.373: [GC (Allocation Failure) [PSYoungGen: 79214K->15360K(87040K)] 868223K->824849K(1031168K), 0.0028856 secs] [Times: user=0.00 sys=0.00, real=0.00 secs] 
118.137: [GC (Allocation Failure) [PSYoungGen: 73071K->10240K(87040K)] 933760K->870929K(1031168K), 0.0016783 secs] [Times: user=0.00 sys=0.00, real=0.00 secs] 
118.139: [GC (Allocation Failure) [PSYoungGen: 10240K->10240K(87040K)] 870929K->870929K(1031168K), 0.0012618 secs] [Times: user=0.00 sys=0.00, real=0.00 secs] 
118.140: [Full GC (Allocation Failure) [PSYoungGen: 10240K->0K(87040K)] [ParOldGen: 860689K->82449K(944128K)] 870929K->82449K(1031168K), [Metaspace: 2796K->2796K(1056768K)], 0.0077337 secs] [Times: user=0.00 sys=0.00, real=0.01 secs] 
120.661: [GC (Allocation Failure) [PSYoungGen: 65903K->15360K(87040K)] 404353K->353809K(1031168K), 0.0016882 secs] [Times: user=0.00 sys=0.00, real=0.00 secs] 
121.975: [GC (Allocation Failure) [PSYoungGen: 79216K->16384K(87040K)] 571265K->508433K(1031168K), 0.0015180 secs] [Times: user=0.00 sys=0.00, real=0.00 secs] 
123.607: [GC (Allocation Failure) [PSYoungGen: 85360K->10240K(87040K)] 731009K->666129K(1031168K), 0.0016919 secs] [Times: user=0.00 sys=0.00, real=0.00 secs] 
124.921: [GC (Allocation Failure) [PSYoungGen: 74096K->15360K(87040K)] 883586K->824849K(1031168K), 0.0017021 secs] [Times: user=0.00 sys=0.00, real=0.00 secs] 
125.246: [GC (Allocation Failure) [PSYoungGen: 47472K->15360K(87040K)] 908162K->876049K(1031168K), 0.0021801 secs] [Times: user=0.00 sys=0.00, real=0.00 secs] 
125.248: [GC (Allocation Failure) [PSYoungGen: 15360K->15360K(87040K)] 876049K->876049K(1031168K), 0.0015110 secs] [Times: user=0.00 sys=0.00, real=0.00 secs] 
125.250: [Full GC (Allocation Failure) [PSYoungGen: 15360K->0K(87040K)] [ParOldGen: 860689K->77329K(944128K)] 876049K->77329K(1031168K), [Metaspace: 2796K->2796K(1056768K)], 0.0073543 secs] [Times: user=0.00 sys=0.00, real=0.01 secs] 
126.462: [GC (Allocation Failure) [PSYoungGen: 53616K->15360K(87040K)] 233345K->195089K(1031168K), 0.0015172 secs] [Times: user=0.00 sys=0.00, real=0.00 secs] 
127.883: [GC (Allocation Failure) [PSYoungGen: 83312K->15360K(87040K)] 263042K->195089K(1031168K), 0.0015151 secs] [Times: user=0.05 sys=0.00, real=0.00 secs] 
129.191: [GC (Allocation Failure) [PSYoungGen: 79214K->15360K(87040K)] 412543K->353809K(1031168K), 0.0019921 secs] [Times: user=0.00 sys=0.00, real=0.00 secs] 
131.374: [GC (Allocation Failure) [PSYoungGen: 81263K->6144K(87040K)] 675712K->600593K(1031168K), 0.0014851 secs] [Times: user=0.00 sys=0.00, real=0.00 secs] 
132.686: [GC (Allocation Failure) [PSYoungGen: 75119K->8192K(87040K)] 823169K->756241K(1031168K), 0.0013576 secs] [Times: user=0.00 sys=0.00, real=0.00 secs] 
133.561: [GC (Allocation Failure) [PSYoungGen: 60784K->16384K(87040K)] 808833K->775697K(1031168K), 0.0024447 secs] [Times: user=0.00 sys=0.00, real=0.00 secs] 
135.088: [Full GC (Ergonomics) [PSYoungGen: 85356K->0K(87040K)] [ParOldGen: 912913K->31744K(944128K)] 998270K->31744K(1031168K), [Metaspace: 2796K->2796K(1056768K)], 0.0044642 secs] [Times: user=0.00 sys=0.00, real=0.00 secs] 
135.853: [GC (Allocation Failure) [PSYoungGen: 68974K->10240K(87040K)] 203118K->144384K(1031168K), 0.0009087 secs] [Times: user=0.00 sys=0.00, real=0.00 secs] 
137.160: [GC (Allocation Failure) [PSYoungGen: 79215K->10240K(87040K)] 366959K->318464K(1031168K), 0.0029089 secs] [Times: user=0.00 sys=0.00, real=0.00 secs] 
138.688: [GC (Allocation Failure) [PSYoungGen: 78191K->5120K(87040K)] 437615K->364544K(1031168K), 0.0015636 secs] [Times: user=0.00 sys=0.00, real=0.00 secs] 
139.999: [GC (Allocation Failure) [PSYoungGen: 74096K->10240K(87040K)] 587120K->523264K(1031168K), 0.0012922 secs] [Times: user=0.00 sys=0.00, real=0.00 secs] 
141.306: [GC (Allocation Failure) [PSYoungGen: 79216K->16384K(87040K)] 745840K->683008K(1031168K), 0.0021193 secs] [Times: user=0.00 sys=0.00, real=0.00 secs] 
143.382: [GC (Allocation Failure) [PSYoungGen: 85360K->11264K(87040K)] 751984K->688128K(1031168K), 0.0018748 secs] [Times: user=0.00 sys=0.00, real=0.00 secs] 
144.688: [GC (Allocation Failure) [PSYoungGen: 75118K->11264K(87040K)] 905582K->841728K(1031168K), 0.0020204 secs] [Times: user=0.00 sys=0.00, real=0.00 secs] 
145.125: [GC (Allocation Failure) [PSYoungGen: 53614K->16384K(87040K)] 935279K->898048K(1031168K), 0.0025286 secs] [Times: user=0.00 sys=0.00, real=0.00 secs] 
145.127: [GC (Allocation Failure) [PSYoungGen: 16384K->16384K(87040K)] 898048K->898048K(1031168K), 0.0022538 secs] [Times: user=0.00 sys=0.00, real=0.00 secs] 
145.130: [Full GC (Allocation Failure) [PSYoungGen: 16384K->0K(87040K)] [ParOldGen: 881664K->78353K(944128K)] 898048K->78353K(1031168K), [Metaspace: 2796K->2796K(1056768K)], 0.0075113 secs] [Times: user=0.00 sys=0.00, real=0.01 secs] 
147.322: [GC (Allocation Failure) [PSYoungGen: 65903K->10240K(87040K)] 400257K->365073K(1031168K), 0.0023950 secs] [Times: user=0.00 sys=0.00, real=0.00 secs] 
148.631: [GC (Allocation Failure) [PSYoungGen: 79216K->10240K(87040K)] 587649K->518673K(1031168K), 0.0011942 secs] [Times: user=0.00 sys=0.00, real=0.00 secs] 
150.269: [GC (Allocation Failure) [PSYoungGen: 78192K->10240K(87040K)] 740225K->672273K(1031168K), 0.0012588 secs] [Times: user=0.00 sys=0.00, real=0.00 secs] 
151.576: [GC (Allocation Failure) [PSYoungGen: 79216K->11264K(87040K)] 894850K->826897K(1031168K), 0.0017366 secs] [Times: user=0.00 sys=0.00, real=0.00 secs] 
152.231: [GC (Allocation Failure) [PSYoungGen: 63856K->11264K(87040K)] 930690K->878097K(1031168K), 0.0017052 secs] [Times: user=0.00 sys=0.00, real=0.00 secs] 
152.233: [GC (Allocation Failure) [PSYoungGen: 11264K->11264K(87040K)] 878097K->878097K(1031168K), 0.0013657 secs] [Times: user=0.00 sys=0.00, real=0.00 secs] 
152.234: [Full GC (Allocation Failure) [PSYoungGen: 11264K->0K(87040K)] [ParOldGen: 866833K->62993K(944128K)] 878097K->62993K(1031168K), [Metaspace: 2796K->2796K(1056768K)], 0.0061107 secs] [Times: user=0.00 sys=0.00, real=0.01 secs] 
154.429: [GC (Allocation Failure) [PSYoungGen: 64880K->10240K(87040K)] 230274K->175633K(1031168K), 0.0011169 secs] [Times: user=0.00 sys=0.00, real=0.00 secs] 
155.736: [GC (Allocation Failure) [PSYoungGen: 79216K->15360K(87040K)] 398210K->344593K(1031168K), 0.0020847 secs] [Times: user=0.00 sys=0.00, real=0.00 secs] 
157.047: [GC (Allocation Failure) [PSYoungGen: 84336K->15360K(87040K)] 567170K->518673K(1031168K), 0.0027374 secs] [Times: user=0.00 sys=0.00, real=0.00 secs] 
159.012: [GC (Allocation Failure) [PSYoungGen: 84336K->15360K(87040K)] 741250K->672273K(1031168K), 0.0016062 secs] [Times: user=0.00 sys=0.00, real=0.00 secs] 
160.319: [GC (Allocation Failure) [PSYoungGen: 79216K->15360K(87040K)] 889730K->825873K(1031168K), 0.0016527 secs] [Times: user=0.00 sys=0.00, real=0.00 secs] 
160.754: [GC (Allocation Failure) [PSYoungGen: 57712K->10240K(87040K)] 919426K->871953K(1031168K), 0.0017221 secs] [Times: user=0.00 sys=0.00, real=0.00 secs] 
160.756: [GC (Allocation Failure) [PSYoungGen: 10240K->10240K(87040K)] 871953K->871953K(1031168K), 0.0015753 secs] [Times: user=0.00 sys=0.00, real=0.00 secs] 
160.758: [Full GC (Allocation Failure) [PSYoungGen: 10240K->0K(87040K)] [ParOldGen: 861713K->215569K(944128K)] 871953K->215569K(1031168K), [Metaspace: 2796K->2796K(1056768K)], 0.0163334 secs] [Times: user=0.05 sys=0.00, real=0.02 secs] 
162.745: [GC (Allocation Failure) [PSYoungGen: 64880K->11264K(87040K)] 536450K->482833K(1031168K), 0.0016844 secs] [Times: user=0.00 sys=0.00, real=0.00 secs] 
164.059: [GC (Allocation Failure) [PSYoungGen: 80240K->16384K(87040K)] 705410K->651793K(1031168K), 0.0021500 secs] [Times: user=0.00 sys=0.00, real=0.00 secs] 
165.805: [GC (Allocation Failure) [PSYoungGen: 84336K->10240K(87040K)] 719746K->645649K(1031168K), 0.0013731 secs] [Times: user=0.02 sys=0.00, real=0.00 secs] 
167.111: [GC (Allocation Failure) [PSYoungGen: 79214K->15360K(87040K)] 868223K->824849K(1031168K), 0.0029377 secs] [Times: user=0.00 sys=0.00, real=0.00 secs] 
167.879: [GC (Allocation Failure) [PSYoungGen: 73071K->10240K(87040K)] 933760K->870929K(1031168K), 0.0015584 secs] [Times: user=0.00 sys=0.00, real=0.00 secs] 
167.881: [GC (Allocation Failure) [PSYoungGen: 10240K->10240K(87040K)] 870929K->870929K(1031168K), 0.0011488 secs] [Times: user=0.00 sys=0.00, real=0.00 secs] 
167.882: [Full GC (Allocation Failure) [PSYoungGen: 10240K->0K(87040K)] [ParOldGen: 860689K->82449K(944128K)] 870929K->82449K(1031168K), [Metaspace: 2796K->2796K(1056768K)], 0.0077609 secs] [Times: user=0.09 sys=0.00, real=0.01 secs] 
170.408: [GC (Allocation Failure) [PSYoungGen: 65903K->15360K(87040K)] 404353K->353809K(1031168K), 0.0018943 secs] [Times: user=0.00 sys=0.00, real=0.00 secs] 
171.717: [GC (Allocation Failure) [PSYoungGen: 79216K->16384K(87040K)] 571265K->508433K(1031168K), 0.0013096 secs] [Times: user=0.00 sys=0.00, real=0.00 secs] 
173.357: [GC (Allocation Failure) [PSYoungGen: 85360K->10240K(87040K)] 731009K->666129K(1031168K), 0.0019852 secs] [Times: user=0.00 sys=0.00, real=0.00 secs] 
174.663: [GC (Allocation Failure) [PSYoungGen: 74096K->15360K(87040K)] 883586K->824849K(1031168K), 0.0015510 secs] [Times: user=0.00 sys=0.00, real=0.00 secs] 
174.989: [GC (Allocation Failure) [PSYoungGen: 47472K->15360K(87040K)] 908162K->876049K(1031168K), 0.0020481 secs] [Times: user=0.00 sys=0.00, real=0.00 secs] 
174.991: [GC (Allocation Failure) [PSYoungGen: 15360K->15360K(87040K)] 876049K->876049K(1031168K), 0.0015332 secs] [Times: user=0.00 sys=0.00, real=0.00 secs] 
174.993: [Full GC (Allocation Failure) [PSYoungGen: 15360K->0K(87040K)] [ParOldGen: 860689K->77329K(944128K)] 876049K->77329K(1031168K), [Metaspace: 2796K->2796K(1056768K)], 0.0070088 secs] [Times: user=0.02 sys=0.00, real=0.01 secs] 
176.208: [GC (Allocation Failure) [PSYoungGen: 53616K->15360K(87040K)] 233345K->195089K(1031168K), 0.0015651 secs] [Times: user=0.00 sys=0.00, real=0.00 secs] 
177.624: [GC (Allocation Failure) [PSYoungGen: 83312K->15360K(87040K)] 263042K->195089K(1031168K), 0.0015648 secs] [Times: user=0.00 sys=0.00, real=0.00 secs] 
178.933: [GC (Allocation Failure) [PSYoungGen: 79214K->15360K(87040K)] 412543K->353809K(1031168K), 0.0018193 secs] [Times: user=0.00 sys=0.00, real=0.00 secs] 
181.120: [GC (Allocation Failure) [PSYoungGen: 81263K->6144K(87040K)] 675712K->600593K(1031168K), 0.0012477 secs] [Times: user=0.00 sys=0.00, real=0.00 secs] 
182.430: [GC (Allocation Failure) [PSYoungGen: 75119K->8192K(87040K)] 823169K->756241K(1031168K), 0.0018068 secs] [Times: user=0.05 sys=0.00, real=0.00 secs] 
183.301: [GC (Allocation Failure) [PSYoungGen: 60784K->16384K(87040K)] 808833K->775697K(1031168K), 0.0023688 secs] [Times: user=0.00 sys=0.00, real=0.00 secs] 
184.822: [Full GC (Ergonomics) [PSYoungGen: 85356K->0K(87040K)] [ParOldGen: 912913K->31744K(944128K)] 998270K->31744K(1031168K), [Metaspace: 2796K->2796K(1056768K)], 0.0045655 secs] [Times: user=0.00 sys=0.00, real=0.00 secs] 
185.584: [GC (Allocation Failure) [PSYoungGen: 68974K->10240K(87040K)] 203118K->144384K(1031168K), 0.0010970 secs] [Times: user=0.00 sys=0.00, real=0.00 secs] 
186.889: [GC (Allocation Failure) [PSYoungGen: 79215K->10240K(87040K)] 366959K->318464K(1031168K), 0.0030549 secs] [Times: user=0.00 sys=0.00, real=0.00 secs] 
188.414: [GC (Allocation Failure) [PSYoungGen: 78191K->5120K(87040K)] 437615K->364544K(1031168K), 0.0015416 secs] [Times: user=0.00 sys=0.00, real=0.00 secs] 
189.724: [GC (Allocation Failure) [PSYoungGen: 74096K->10240K(87040K)] 587120K->523264K(1031168K), 0.0015869 secs] [Times: user=0.00 sys=0.00, real=0.00 secs] 
191.032: [GC (Allocation Failure) [PSYoungGen: 79216K->16416K(87040K)] 745840K->683040K(1031168K), 0.0020043 secs] [Times: user=0.00 sys=0.00, real=0.00 secs] 
193.105: [GC (Allocation Failure) [PSYoungGen: 85392K->11296K(87040K)] 752016K->688160K(1031168K), 0.0023244 secs] [Times: user=0.00 sys=0.00, real=0.00 secs] 
194.415: [GC (Allocation Failure) [PSYoungGen: 75150K->16416K(87040K)] 905614K->852000K(1031168K), 0.0025132 secs] [Times: user=0.00 sys=0.00, real=0.00 secs] 
194.851: [GC (Allocation Failure) [PSYoungGen: 58766K->11296K(87040K)] 945551K->908320K(1031168K), 0.0025374 secs] [Times: user=0.00 sys=0.00, real=0.00 secs] 
194.854: [GC (Allocation Failure) [PSYoungGen: 11296K->11296K(87040K)] 908320K->908320K(1031168K), 0.0018774 secs] [Times: user=0.00 sys=0.00, real=0.00 secs] 
194.856: [Full GC (Allocation Failure) [PSYoungGen: 11296K->0K(87040K)] [ParOldGen: 897024K->78353K(944128K)] 908320K->78353K(1031168K), [Metaspace: 2796K->2796K(1056768K)], 0.0072725 secs] [Times: user=0.00 sys=0.00, real=0.01 secs] 
197.048: [GC (Allocation Failure) [PSYoungGen: 65903K->10240K(87040K)] 400257K->365073K(1031168K), 0.0025727 secs] [Times: user=0.00 sys=0.00, real=0.00 secs] 
198.357: [GC (Allocation Failure) [PSYoungGen: 79216K->10240K(87040K)] 587649K->518673K(1031168K), 0.0011267 secs] [Times: user=0.00 sys=0.00, real=0.00 secs] 
199.990: [GC (Allocation Failure) [PSYoungGen: 78192K->10240K(87040K)] 740226K->672273K(1031168K), 0.0010474 secs] [Times: user=0.00 sys=0.00, real=0.00 secs] 
201.301: [GC (Allocation Failure) [PSYoungGen: 79216K->11264K(87040K)] 894850K->826898K(1031168K), 0.0012556 secs] [Times: user=0.00 sys=0.00, real=0.00 secs] 
201.956: [GC (Allocation Failure) [PSYoungGen: 63856K->11264K(87040K)] 930690K->878098K(1031168K), 0.0017340 secs] [Times: user=0.00 sys=0.00, real=0.00 secs] 
201.958: [GC (Allocation Failure) [PSYoungGen: 11264K->11264K(87040K)] 878098K->878098K(1031168K), 0.0021488 secs] [Times: user=0.00 sys=0.00, real=0.00 secs] 
201.960: [Full GC (Allocation Failure) [PSYoungGen: 11264K->0K(87040K)] [ParOldGen: 866833K->62993K(944128K)] 878098K->62993K(1031168K), [Metaspace: 2796K->2796K(1056768K)], 0.0064760 secs] [Times: user=0.00 sys=0.00, real=0.01 secs] 
204.175: [GC (Allocation Failure) [PSYoungGen: 64880K->10240K(87040K)] 230274K->175633K(1031168K), 0.0009333 secs] [Times: user=0.00 sys=0.00, real=0.00 secs] 
205.483: [GC (Allocation Failure) [PSYoungGen: 79216K->15360K(87040K)] 398210K->344593K(1031168K), 0.0020658 secs] [Times: user=0.00 sys=0.00, real=0.00 secs] 
206.790: [GC (Allocation Failure) [PSYoungGen: 84336K->15360K(87040K)] 567170K->518673K(1031168K), 0.0029023 secs] [Times: user=0.00 sys=0.00, real=0.00 secs] 
208.755: [GC (Allocation Failure) [PSYoungGen: 84336K->15360K(87040K)] 741250K->672273K(1031168K), 0.0018717 secs] [Times: user=0.00 sys=0.00, real=0.00 secs] 
210.060: [GC (Allocation Failure) [PSYoungGen: 79216K->15360K(87040K)] 889730K->825874K(1031168K), 0.0019541 secs] [Times: user=0.00 sys=0.00, real=0.00 secs] 
210.496: [GC (Allocation Failure) [PSYoungGen: 57712K->10240K(87040K)] 919426K->871954K(1031168K), 0.0023908 secs] [Times: user=0.00 sys=0.00, real=0.00 secs] 
210.499: [GC (Allocation Failure) [PSYoungGen: 10240K->10240K(87040K)] 871954K->871954K(1031168K), 0.0018135 secs] [Times: user=0.00 sys=0.00, real=0.00 secs] 
210.500: [Full GC (Allocation Failure) [PSYoungGen: 10240K->0K(87040K)] [ParOldGen: 861713K->215569K(944128K)] 871954K->215569K(1031168K), [Metaspace: 2796K->2796K(1056768K)], 0.0198620 secs] [Times: user=0.06 sys=0.00, real=0.02 secs] 
212.480: [GC (Allocation Failure) [PSYoungGen: 64880K->11264K(87040K)] 536450K->482833K(1031168K), 0.0011233 secs] [Times: user=0.00 sys=0.00, real=0.00 secs] 
213.790: [GC (Allocation Failure) [PSYoungGen: 80240K->16384K(87040K)] 705410K->651793K(1031168K), 0.0021966 secs] [Times: user=0.00 sys=0.00, real=0.00 secs] 
215.531: [GC (Allocation Failure) [PSYoungGen: 84336K->10240K(87040K)] 719746K->645649K(1031168K), 0.0010407 secs] [Times: user=0.00 sys=0.00, real=0.00 secs] 
216.844: [GC (Allocation Failure) [PSYoungGen: 79214K->15360K(87040K)] 868224K->824849K(1031168K), 0.0028880 secs] [Times: user=0.00 sys=0.00, real=0.00 secs] 
217.606: [GC (Allocation Failure) [PSYoungGen: 73071K->10240K(87040K)] 933761K->870929K(1031168K), 0.0018713 secs] [Times: user=0.00 sys=0.00, real=0.00 secs] 
217.608: [GC (Allocation Failure) [PSYoungGen: 10240K->10240K(87040K)] 870929K->870929K(1031168K), 0.0013936 secs] [Times: user=0.00 sys=0.00, real=0.00 secs] 
217.609: [Full GC (Allocation Failure) [PSYoungGen: 10240K->0K(87040K)] [ParOldGen: 860689K->82449K(944128K)] 870929K->82449K(1031168K), [Metaspace: 2796K->2796K(1056768K)], 0.0076750 secs] [Times: user=0.00 sys=0.00, real=0.01 secs] 
Heap
 PSYoungGen      total 87040K, used 24288K [0x00000000f9a00000, 0x0000000100000000, 0x0000000100000000)
  eden space 69632K, 34% used [0x00000000f9a00000,0x00000000fb1b8270,0x00000000fde00000)
  from space 17408K, 0% used [0x00000000fde00000,0x00000000fde00000,0x00000000fef00000)
  to   space 17408K, 0% used [0x00000000fef00000,0x00000000fef00000,0x0000000100000000)
 ParOldGen       total 944128K, used 184849K [0x00000000c0000000, 0x00000000f9a00000, 0x00000000f9a00000)
  object space 944128K, 19% used [0x00000000c0000000,0x00000000cb484730,0x00000000f9a00000)
 Metaspace       used 2804K, capacity 4486K, committed 4864K, reserved 1056768K
  class space    used 297K, capacity 386K, committed 512K, reserved 1048576K
