Java HotSpot(TM) 64-Bit Server VM (25.411-b09) for windows-amd64 JRE (1.8.0_411-b09), built on Mar 13 2024 07:26:13 by "java_re" with MS VC++ 17.1 (VS2022)
Memory: 4k page, physical 33403376k(10570200k free), swap 39274048k(7643412k free)
CommandLine flags: -XX:InitialHeapSize=2147483648 -XX:MaxHeapSize=2147483648 -XX:NewRatio=1 -XX:ParallelGCThreads=10 -XX:+PrintGC -XX:+PrintGCDetails -XX:+PrintGCTimeStamps -XX:SurvivorRatio=4 -XX:+UseCompressedClassPointers -XX:+UseCompressedOops -XX:-UseLargePagesIndividualAllocation -XX:+UseParallelGC 
5.734: [GC (Allocation Failure) [PSYoungGen: 637256K->67440K(873984K)] 637256K->67448K(1922560K), 0.0174329 secs] [Times: user=0.02 sys=0.00, real=0.02 secs] 
9.995: [GC (Allocation Failure) [PSYoungGen: 720947K->108304K(873984K)] 720955K->108320K(1922560K), 0.0201851 secs] [Times: user=0.03 sys=0.00, real=0.02 secs] 
14.271: [GC (Allocation Failure) [PSYoungGen: 773749K->68320K(873984K)] 773765K->68344K(1922560K), 0.0063280 secs] [Times: user=0.00 sys=0.00, real=0.01 secs] 
19.966: [GC (Allocation Failure) [PSYoungGen: 750777K->51928K(873984K)] 750801K->51960K(1922560K), 0.0045606 secs] [Times: user=0.00 sys=0.00, real=0.00 secs] 
24.221: [GC (Allocation Failure) [PSYoungGen: 708852K->62160K(873984K)] 708884K->62200K(1922560K), 0.0056027 secs] [Times: user=0.00 sys=0.00, real=0.01 secs] 
29.682: [GC (Allocation Failure) [PSYoungGen: 742563K->72480K(943616K)] 742603K->72528K(1992192K), 0.0152959 secs] [Times: user=0.00 sys=0.00, real=0.02 secs] 
35.475: [GC (Allocation Failure) [PSYoungGen: 880911K->30816K(937472K)] 880959K->31504K(1986048K), 0.0153157 secs] [Times: user=0.00 sys=0.00, real=0.02 secs] 
41.149: [GC (Allocation Failure) [PSYoungGen: 826799K->30752K(934912K)] 827487K->133848K(1983488K), 0.0351501 secs] [Times: user=0.02 sys=0.00, real=0.04 secs] 
46.949: [GC (Allocation Failure) [PSYoungGen: 772188K->71680K(936960K)] 875284K->174800K(1985536K), 0.0086988 secs] [Times: user=0.00 sys=0.00, real=0.01 secs] 
52.416: [GC (Allocation Failure) [PSYoungGen: 893040K->21504K(934400K)] 996160K->124624K(1982976K), 0.0018373 secs] [Times: user=0.00 sys=0.00, real=0.00 secs] 
58.294: [GC (Allocation Failure) [PSYoungGen: 782323K->102400K(927232K)] 885443K->205520K(1975808K), 0.0059507 secs] [Times: user=0.00 sys=0.00, real=0.00 secs] 
63.752: [GC (Allocation Failure) [PSYoungGen: 919606K->26624K(923136K)] 1022726K->129744K(1971712K), 0.0019065 secs] [Times: user=0.00 sys=0.00, real=0.00 secs] 
69.624: [GC (Allocation Failure) [PSYoungGen: 780902K->51200K(925184K)] 884022K->154320K(1973760K), 0.0052623 secs] [Times: user=0.00 sys=0.00, real=0.00 secs] 
74.867: [GC (Allocation Failure) [PSYoungGen: 843388K->20480K(929280K)] 946508K->123600K(1977856K), 0.0018101 secs] [Times: user=0.01 sys=0.00, real=0.00 secs] 
80.968: [GC (Allocation Failure) [PSYoungGen: 764734K->5120K(816640K)] 867854K->108240K(1865216K), 0.0006587 secs] [Times: user=0.00 sys=0.00, real=0.00 secs] 
86.312: [GC (Allocation Failure) [PSYoungGen: 807746K->25600K(930304K)] 910866K->128720K(1978880K), 0.0019538 secs] [Times: user=0.00 sys=0.00, real=0.00 secs] 
93.082: [GC (Allocation Failure) [PSYoungGen: 833319K->6144K(927744K)] 936439K->109264K(1976320K), 0.0011115 secs] [Times: user=0.00 sys=0.00, real=0.00 secs] 
97.981: [GC (Allocation Failure) [PSYoungGen: 760617K->107520K(898560K)] 863737K->231120K(1947136K), 0.0176883 secs] [Times: user=0.00 sys=0.02, real=0.02 secs] 
102.793: [GC (Allocation Failure) [PSYoungGen: 887808K->17408K(914432K)] 1011408K->141008K(1963008K), 0.0014401 secs] [Times: user=0.00 sys=0.00, real=0.00 secs] 
109.226: [GC (Allocation Failure) [PSYoungGen: 770750K->76800K(911872K)] 894350K->200400K(1960448K), 0.0055674 secs] [Times: user=0.00 sys=0.00, real=0.00 secs] 
113.584: [GC (Allocation Failure) [PSYoungGen: 804505K->67584K(914432K)] 928105K->191184K(1963008K), 0.0062558 secs] [Times: user=0.02 sys=0.00, real=0.01 secs] 
119.267: [GC (Allocation Failure) [PSYoungGen: 765311K->51200K(924160K)] 888912K->174800K(1972736K), 0.0046094 secs] [Times: user=0.00 sys=0.00, real=0.00 secs] 
124.408: [GC (Allocation Failure) [PSYoungGen: 837941K->20480K(915968K)] 961541K->144080K(1964544K), 0.0015872 secs] [Times: user=0.00 sys=0.00, real=0.00 secs] 
130.633: [GC (Allocation Failure) [PSYoungGen: 769316K->5120K(926208K)] 892916K->128720K(1974784K), 0.0009699 secs] [Times: user=0.00 sys=0.00, real=0.00 secs] 
135.976: [GC (Allocation Failure) [PSYoungGen: 807508K->25600K(926208K)] 931108K->149200K(1974784K), 0.0024453 secs] [Times: user=0.02 sys=0.00, real=0.00 secs] 
142.622: [GC (Allocation Failure) [PSYoungGen: 828027K->6144K(932352K)] 951627K->129744K(1980928K), 0.0007287 secs] [Times: user=0.00 sys=0.00, real=0.00 secs] 
147.637: [GC (Allocation Failure) [PSYoungGen: 765801K->76800K(891904K)] 889401K->251600K(1940480K), 0.0367093 secs] [Times: user=0.03 sys=0.00, real=0.04 secs] 
153.668: [GC (Allocation Failure) [PSYoungGen: 888696K->1024K(926720K)] 1063496K->175824K(1975296K), 0.0010887 secs] [Times: user=0.00 sys=0.00, real=0.00 secs] 
158.999: [GC (Allocation Failure) [PSYoungGen: 770741K->107520K(890880K)] 945541K->282320K(1939456K), 0.0063191 secs] [Times: user=0.00 sys=0.00, real=0.01 secs] 
163.910: [GC (Allocation Failure) [PSYoungGen: 888078K->26624K(915968K)] 1062879K->201424K(1964544K), 0.0021747 secs] [Times: user=0.00 sys=0.00, real=0.00 secs] 
170.244: [GC (Allocation Failure) [PSYoungGen: 771131K->128000K(887808K)] 945931K->302800K(1936384K), 0.0151650 secs] [Times: user=0.01 sys=0.00, real=0.02 secs] 
174.650: [GC (Allocation Failure) [PSYoungGen: 836378K->76800K(880640K)] 1011178K->251600K(1929216K), 0.0059146 secs] [Times: user=0.00 sys=0.00, real=0.00 secs] 
180.336: [GC (Allocation Failure) [PSYoungGen: 728500K->5120K(894464K)] 903300K->179920K(1943040K), 0.0008329 secs] [Times: user=0.00 sys=0.00, real=0.00 secs] 
184.588: [GC (Allocation Failure) [PSYoungGen: 661949K->61440K(902144K)] 836749K->236240K(1950720K), 0.0052267 secs] [Times: user=0.00 sys=0.00, real=0.00 secs] 
190.160: [GC (Allocation Failure) [PSYoungGen: 805499K->133120K(864256K)] 980299K->307920K(1912832K), 0.0160983 secs] [Times: user=0.01 sys=0.00, real=0.02 secs] 
195.843: [GC (Allocation Failure) [PSYoungGen: 817411K->41056K(888832K)] 992211K->215856K(1937408K), 0.0029373 secs] [Times: user=0.00 sys=0.00, real=0.00 secs] 
200.207: [GC (Allocation Failure) [PSYoungGen: 761168K->56320K(883200K)] 935968K->231128K(1931776K), 0.0045788 secs] [Times: user=0.00 sys=0.00, real=0.00 secs] 
205.772: [GC (Allocation Failure) [PSYoungGen: 730287K->61440K(906240K)] 905095K->236248K(1954816K), 0.0060027 secs] [Times: user=0.02 sys=0.00, real=0.01 secs] 
210.141: [GC (Allocation Failure) [PSYoungGen: 759518K->112640K(869888K)] 934326K->389848K(1918464K), 0.0939110 secs] [Times: user=0.11 sys=0.06, real=0.09 secs] 
215.907: [GC (Allocation Failure) [PSYoungGen: 825077K->76800K(898560K)] 1102285K->354008K(1947136K), 0.0056109 secs] [Times: user=0.00 sys=0.00, real=0.00 secs] 
220.608: [GC (Allocation Failure) [PSYoungGen: 817673K->113664K(858624K)] 1094881K->390872K(1907200K), 0.0157689 secs] [Times: user=0.00 sys=0.00, real=0.02 secs] 
226.715: [GC (Allocation Failure) [PSYoungGen: 857617K->10240K(886784K)] 1134825K->287448K(1935360K), 0.0009648 secs] [Times: user=0.00 sys=0.00, real=0.00 secs] 
231.509: [GC (Allocation Failure) [PSYoungGen: 694644K->57344K(887808K)] 971852K->334552K(1936384K), 0.0064793 secs] [Times: user=0.00 sys=0.00, real=0.01 secs] 
235.763: [GC (Allocation Failure) [PSYoungGen: 716080K->87040K(896512K)] 993288K->364248K(1945088K), 0.0071835 secs] [Times: user=0.00 sys=0.00, real=0.01 secs] 
242.431: [GC (Allocation Failure) [PSYoungGen: 822772K->6144K(751104K)] 1099980K->283352K(1799680K), 0.0010282 secs] [Times: user=0.00 sys=0.00, real=0.00 secs] 
247.112: [GC (Allocation Failure) [PSYoungGen: 750086K->128000K(863232K)] 1027294K->405208K(1911808K), 0.0087209 secs] [Times: user=0.02 sys=0.00, real=0.01 secs] 
251.373: [GC (Allocation Failure) [PSYoungGen: 793432K->62464K(879104K)] 1070640K->339672K(1927680K), 0.0050755 secs] [Times: user=0.00 sys=0.00, real=0.00 secs] 
257.054: [GC (Allocation Failure) [PSYoungGen: 751457K->102400K(880640K)] 1028665K->379608K(1929216K), 0.0057585 secs] [Times: user=0.01 sys=0.00, real=0.01 secs] 
261.324: [GC (Allocation Failure) [PSYoungGen: 766082K->56320K(884736K)] 1043290K->333528K(1933312K), 0.0049484 secs] [Times: user=0.00 sys=0.00, real=0.00 secs] 
266.904: [GC (Allocation Failure) [PSYoungGen: 740399K->51200K(897536K)] 1017607K->328408K(1946112K), 0.0038698 secs] [Times: user=0.00 sys=0.00, real=0.00 secs] 
271.268: [GC (Allocation Failure) [PSYoungGen: 733603K->113664K(855040K)] 1010811K->442072K(1903616K), 0.0203329 secs] [Times: user=0.02 sys=0.02, real=0.02 secs] 
276.944: [GC (Allocation Failure) [PSYoungGen: 837049K->107584K(879616K)] 1165457K->435992K(1928192K), 0.0074845 secs] [Times: user=0.02 sys=0.00, real=0.01 secs] 
282.074: [GC (Allocation Failure) [PSYoungGen: 826530K->12288K(732672K)] 1154939K->340728K(1781248K), 0.0013278 secs] [Times: user=0.00 sys=0.00, real=0.00 secs] 
286.745: [GC (Allocation Failure) [PSYoungGen: 715783K->61440K(890880K)] 1044223K->389880K(1939456K), 0.0041900 secs] [Times: user=0.00 sys=0.00, real=0.00 secs] 
292.524: [GC (Allocation Failure) [PSYoungGen: 714987K->62496K(882176K)] 1043428K->390936K(1930752K), 0.0052041 secs] [Times: user=0.00 sys=0.00, real=0.01 secs] 
296.785: [GC (Allocation Failure) [PSYoungGen: 715970K->128000K(870400K)] 1044410K->456448K(1918976K), 0.0083016 secs] [Times: user=0.00 sys=0.00, real=0.01 secs] 
301.040: [GC (Allocation Failure) [PSYoungGen: 796708K->62464K(884736K)] 1125156K->390912K(1933312K), 0.0049300 secs] [Times: user=0.00 sys=0.00, real=0.01 secs] 
306.705: [GC (Allocation Failure) [PSYoungGen: 752690K->102400K(886784K)] 1081138K->430848K(1935360K), 0.0055770 secs] [Times: user=0.00 sys=0.00, real=0.01 secs] 
310.980: [GC (Allocation Failure) [PSYoungGen: 766409K->56320K(889344K)] 1094857K->384768K(1937920K), 0.0049313 secs] [Times: user=0.00 sys=0.00, real=0.00 secs] 
316.548: [GC (Allocation Failure) [PSYoungGen: 740734K->51200K(898560K)] 1069182K->379648K(1947136K), 0.0036476 secs] [Times: user=0.00 sys=0.00, real=0.00 secs] 
320.911: [GC (Allocation Failure) [PSYoungGen: 733661K->62464K(894464K)] 1062109K->493312K(1943040K), 0.0385985 secs] [Times: user=0.06 sys=0.00, real=0.04 secs] 
326.625: [GC (Allocation Failure) [PSYoungGen: 785912K->107584K(892416K)] 1216760K->538432K(1940992K), 0.0064244 secs] [Times: user=0.00 sys=0.00, real=0.01 secs] 
Heap
 PSYoungGen      total 892416K, used 280850K [0x00000000c0000000, 0x0000000100000000, 0x0000000100000000)
  eden space 748544K, 23% used [0x00000000c0000000,0x00000000ca9349a0,0x00000000edb00000)
  from space 143872K, 74% used [0x00000000f7380000,0x00000000fdc90030,0x0000000100000000)
  to   space 150016K, 0% used [0x00000000edb00000,0x00000000edb00000,0x00000000f6d80000)
 ParOldGen       total 1048576K, used 430848K [0x0000000080000000, 0x00000000c0000000, 0x00000000c0000000)
  object space 1048576K, 41% used [0x0000000080000000,0x000000009a4c00d0,0x00000000c0000000)
 Metaspace       used 2804K, capacity 4486K, committed 4864K, reserved 1056768K
  class space    used 297K, capacity 386K, committed 512K, reserved 1048576K
