Java HotSpot(TM) 64-Bit Server VM (25.411-b09) for windows-amd64 JRE (1.8.0_411-b09), built on Mar 13 2024 07:26:13 by "java_re" with MS VC++ 17.1 (VS2022)
Memory: 4k page, physical 33403376k(12477936k free), swap 39528500k(7293432k free)
CommandLine flags: -XX:InitialHeapSize=2147483648 -XX:MaxHeapSize=2147483648 -XX:NewRatio=2 -XX:ParallelGCThreads=3 -XX:+PrintGC -XX:+PrintGCDetails -XX:+PrintGCTimeStamps -XX:-UseAdaptiveSizePolicy -XX:+UseCompressedClassPointers -XX:+UseCompressedOops -XX:-UseLargePagesIndividualAllocation -XX:+UseParallelGC 
4.850: [GC (Allocation Failure) [PSYoungGen: 520704K->10888K(611840K)] 520704K->10896K(2010112K), 0.0031769 secs] [Times: user=0.00 sys=0.00, real=0.00 secs] 
8.445: [GC (Allocation Failure) [PSYoungGen: 497549K->21048K(611840K)] 497557K->21064K(2010112K), 0.0157802 secs] [Times: user=0.00 sys=0.00, real=0.02 secs] 
11.410: [GC (Allocation Failure) [PSYoungGen: 527926K->62008K(611840K)] 527942K->215632K(2010112K), 0.0464028 secs] [Times: user=0.03 sys=0.00, real=0.05 secs] 
14.278: [GC (Allocation Failure) [PSYoungGen: 500708K->68152K(611840K)] 654332K->221784K(2010112K), 0.0157745 secs] [Times: user=0.00 sys=0.00, real=0.01 secs] 
18.555: [GC (Allocation Failure) [PSYoungGen: 575141K->82536K(611840K)] 728774K->287368K(2010112K), 0.0308913 secs] [Times: user=0.02 sys=0.02, real=0.03 secs] 
22.073: [GC (Allocation Failure) [PSYoungGen: 607336K->11880K(611840K)] 812168K->319112K(2010112K), 0.0321822 secs] [Times: user=0.02 sys=0.00, real=0.03 secs] 
25.591: [GC (Allocation Failure) [PSYoungGen: 497440K->46664K(611840K)] 804672K->353896K(2010112K), 0.0037061 secs] [Times: user=0.00 sys=0.00, real=0.00 secs] 
29.842: [GC (Allocation Failure) [PSYoungGen: 571290K->82504K(611840K)] 878523K->389744K(2010112K), 0.0153203 secs] [Times: user=0.00 sys=0.00, real=0.02 secs] 
33.352: [GC (Allocation Failure) [PSYoungGen: 605951K->12888K(611840K)] 913191K->320128K(2010112K), 0.0015841 secs] [Times: user=0.00 sys=0.00, real=0.00 secs] 
36.954: [GC (Allocation Failure) [PSYoungGen: 503584K->56904K(611840K)] 810824K->364144K(2010112K), 0.0040350 secs] [Times: user=0.00 sys=0.00, real=0.00 secs] 
40.772: [GC (Allocation Failure) [PSYoungGen: 579362K->15976K(611840K)] 886602K->425616K(2010112K), 0.0321592 secs] [Times: user=0.01 sys=0.00, real=0.03 secs] 
45.380: [GC (Allocation Failure) [PSYoungGen: 529230K->37464K(611840K)] 938870K->447104K(2010112K), 0.0031109 secs] [Times: user=0.00 sys=0.00, real=0.00 secs] 
48.437: [GC (Allocation Failure) [PSYoungGen: 534334K->77416K(611840K)] 943974K->538256K(2010112K), 0.0694819 secs] [Times: user=0.02 sys=0.05, real=0.07 secs] 
51.348: [GC (Allocation Failure) [PSYoungGen: 517974K->56936K(611840K)] 978814K->517776K(2010112K), 0.0051152 secs] [Times: user=0.00 sys=0.00, real=0.00 secs] 
55.627: [GC (Allocation Failure) [PSYoungGen: 553810K->67176K(611840K)] 1014650K->528016K(2010112K), 0.0056773 secs] [Times: user=0.00 sys=0.00, real=0.01 secs] 
58.803: [GC (Allocation Failure) [PSYoungGen: 590657K->52256K(611840K)] 1051497K->513636K(2010112K), 0.0055425 secs] [Times: user=0.00 sys=0.00, real=0.00 secs] 
62.619: [GC (Allocation Failure) [PSYoungGen: 557317K->25632K(611840K)] 1018698K->487020K(2010112K), 0.0031262 secs] [Times: user=0.00 sys=0.00, real=0.00 secs] 
66.870: [GC (Allocation Failure) [PSYoungGen: 532749K->46112K(611840K)] 994137K->507500K(2010112K), 0.0035407 secs] [Times: user=0.00 sys=0.00, real=0.00 secs] 
69.807: [GC (Allocation Failure) [PSYoungGen: 502034K->51264K(611840K)] 963422K->512660K(2010112K), 0.0053854 secs] [Times: user=0.02 sys=0.00, real=0.01 secs] 
72.658: [GC (Allocation Failure) [PSYoungGen: 507181K->62496K(611840K)] 968577K->626292K(2010112K), 0.1731539 secs] [Times: user=0.06 sys=0.05, real=0.17 secs] 
75.667: [GC (Allocation Failure) [PSYoungGen: 492809K->76832K(611840K)] 1056606K->640628K(2010112K), 0.0061983 secs] [Times: user=0.02 sys=0.00, real=0.01 secs] 
79.935: [GC (Allocation Failure) [PSYoungGen: 599303K->61472K(611840K)] 1163099K->676468K(2010112K), 0.0200084 secs] [Times: user=0.00 sys=0.01, real=0.02 secs] 
83.981: [GC (Allocation Failure) [PSYoungGen: 574727K->27648K(611840K)] 1189723K->642652K(2010112K), 0.0046048 secs] [Times: user=0.00 sys=0.00, real=0.00 secs] 
87.030: [GC (Allocation Failure) [PSYoungGen: 529639K->81920K(611840K)] 1144643K->702044K(2010112K), 0.0071810 secs] [Times: user=0.00 sys=0.00, real=0.01 secs] 
91.195: [GC (Allocation Failure) [PSYoungGen: 599278K->30720K(611840K)] 1219402K->753244K(2010112K), 0.0323872 secs] [Times: user=0.02 sys=0.02, real=0.03 secs] 
95.482: [GC (Allocation Failure) [PSYoungGen: 518379K->47104K(611840K)] 1240904K->769628K(2010112K), 0.0043472 secs] [Times: user=0.00 sys=0.00, real=0.00 secs] 
98.434: [GC (Allocation Failure) [PSYoungGen: 523497K->76800K(611840K)] 1246021K->850524K(2010112K), 0.0329327 secs] [Times: user=0.00 sys=0.00, real=0.03 secs] 
101.290: [GC (Allocation Failure) [PSYoungGen: 517359K->56320K(611840K)] 1291084K->830044K(2010112K), 0.0059652 secs] [Times: user=0.00 sys=0.00, real=0.01 secs] 
105.552: [GC (Allocation Failure) [PSYoungGen: 553195K->66560K(611840K)] 1326919K->840284K(2010112K), 0.0061409 secs] [Times: user=0.00 sys=0.00, real=0.01 secs] 
108.728: [GC (Allocation Failure) [PSYoungGen: 590042K->52224K(611840K)] 1363766K->825948K(2010112K), 0.0053509 secs] [Times: user=0.00 sys=0.00, real=0.00 secs] 
112.547: [GC (Allocation Failure) [PSYoungGen: 557286K->25600K(611840K)] 1331010K->799324K(2010112K), 0.0035930 secs] [Times: user=0.00 sys=0.00, real=0.00 secs] 
116.799: [GC (Allocation Failure) [PSYoungGen: 532717K->46080K(611840K)] 1306442K->819804K(2010112K), 0.0038341 secs] [Times: user=0.00 sys=0.00, real=0.00 secs] 
119.743: [GC (Allocation Failure) [PSYoungGen: 502002K->51200K(611840K)] 1275726K->824924K(2010112K), 0.0056659 secs] [Times: user=0.02 sys=0.00, real=0.00 secs] 
122.595: [GC (Allocation Failure) [PSYoungGen: 507117K->62464K(611840K)] 1280841K->938588K(2010112K), 0.0327866 secs] [Times: user=0.02 sys=0.00, real=0.03 secs] 
125.460: [GC (Allocation Failure) [PSYoungGen: 492777K->76800K(611840K)] 1368902K->952924K(2010112K), 0.0063491 secs] [Times: user=0.02 sys=0.00, real=0.01 secs] 
129.717: [GC (Allocation Failure) [PSYoungGen: 599271K->61440K(611840K)] 1475395K->988764K(2010112K), 0.0550108 secs] [Times: user=0.03 sys=0.00, real=0.06 secs] 
133.806: [GC (Allocation Failure) [PSYoungGen: 574695K->27648K(611840K)] 1502019K->954972K(2010112K), 0.0031669 secs] [Times: user=0.00 sys=0.00, real=0.00 secs] 
136.858: [GC (Allocation Failure) [PSYoungGen: 529639K->81920K(611840K)] 1456963K->1014364K(2010112K), 0.0067290 secs] [Times: user=0.00 sys=0.00, real=0.01 secs] 
141.020: [GC (Allocation Failure) [PSYoungGen: 599278K->30720K(611840K)] 1531722K->1065564K(2010112K), 0.0467311 secs] [Times: user=0.02 sys=0.02, real=0.05 secs] 
145.311: [GC (Allocation Failure) [PSYoungGen: 518379K->47104K(611840K)] 1553224K->1081948K(2010112K), 0.0040901 secs] [Times: user=0.00 sys=0.00, real=0.00 secs] 
148.261: [GC (Allocation Failure) [PSYoungGen: 523497K->76800K(611840K)] 1558341K->1162844K(2010112K), 0.0189129 secs] [Times: user=0.03 sys=0.02, real=0.02 secs] 
151.115: [GC (Allocation Failure) [PSYoungGen: 517359K->56320K(611840K)] 1603404K->1142364K(2010112K), 0.0056460 secs] [Times: user=0.00 sys=0.00, real=0.01 secs] 
155.366: [GC (Allocation Failure) [PSYoungGen: 553195K->66560K(611840K)] 1639239K->1152604K(2010112K), 0.0073246 secs] [Times: user=0.00 sys=0.00, real=0.01 secs] 
158.543: [GC (Allocation Failure) [PSYoungGen: 590042K->52224K(611840K)] 1676086K->1138268K(2010112K), 0.0055466 secs] [Times: user=0.00 sys=0.00, real=0.01 secs] 
162.353: [GC (Allocation Failure) [PSYoungGen: 557286K->25600K(611840K)] 1643330K->1111644K(2010112K), 0.0030471 secs] [Times: user=0.00 sys=0.00, real=0.00 secs] 
166.611: [GC (Allocation Failure) [PSYoungGen: 532717K->46080K(611840K)] 1618762K->1132124K(2010112K), 0.0048695 secs] [Times: user=0.00 sys=0.00, real=0.01 secs] 
169.561: [GC (Allocation Failure) [PSYoungGen: 502002K->51200K(611840K)] 1588046K->1137244K(2010112K), 0.0053694 secs] [Times: user=0.00 sys=0.00, real=0.00 secs] 
172.409: [GC (Allocation Failure) [PSYoungGen: 507117K->62464K(611840K)] 1593161K->1250908K(2010112K), 0.0450445 secs] [Times: user=0.02 sys=0.00, real=0.04 secs] 
175.281: [GC (Allocation Failure) [PSYoungGen: 492777K->76800K(611840K)] 1681222K->1265244K(2010112K), 0.0064038 secs] [Times: user=0.00 sys=0.00, real=0.01 secs] 
179.539: [GC (Allocation Failure) [PSYoungGen: 599271K->61440K(611840K)] 1787715K->1301084K(2010112K), 0.0309138 secs] [Times: user=0.00 sys=0.00, real=0.03 secs] 
183.608: [GC (Allocation Failure) [PSYoungGen: 574695K->27648K(611840K)] 1814339K->1267292K(2010112K), 0.0033960 secs] [Times: user=0.00 sys=0.00, real=0.00 secs] 
186.661: [GC (Allocation Failure) [PSYoungGen: 529639K->81920K(611840K)] 1769283K->1326684K(2010112K), 0.0068984 secs] [Times: user=0.00 sys=0.00, real=0.01 secs] 
190.825: [GC (Allocation Failure) [PSYoungGen: 599278K->30720K(611840K)] 1844042K->1377884K(2010112K), 0.0346424 secs] [Times: user=0.02 sys=0.02, real=0.03 secs] 
190.859: [Full GC (Ergonomics) [PSYoungGen: 30720K->0K(611840K)] [ParOldGen: 1347164K->133649K(1398272K)] 1377884K->133649K(2010112K), [Metaspace: 2796K->2796K(1056768K)], 0.0254669 secs] [Times: user=0.00 sys=0.00, real=0.03 secs] 
195.142: [GC (Allocation Failure) [PSYoungGen: 487659K->47136K(611840K)] 621309K->180785K(2010112K), 0.0032923 secs] [Times: user=0.00 sys=0.00, real=0.00 secs] 
198.093: [GC (Allocation Failure) [PSYoungGen: 523460K->76832K(611840K)] 657109K->261681K(2010112K), 0.0071676 secs] [Times: user=0.00 sys=0.00, real=0.01 secs] 
200.945: [GC (Allocation Failure) [PSYoungGen: 517347K->56352K(611840K)] 702196K->241201K(2010112K), 0.0050109 secs] [Times: user=0.01 sys=0.00, real=0.00 secs] 
205.209: [GC (Allocation Failure) [PSYoungGen: 553198K->66592K(611840K)] 738048K->251441K(2010112K), 0.0051204 secs] [Times: user=0.00 sys=0.00, real=0.00 secs] 
208.382: [GC (Allocation Failure) [PSYoungGen: 590055K->52256K(611840K)] 774905K->237105K(2010112K), 0.0047723 secs] [Times: user=0.00 sys=0.00, real=0.00 secs] 
212.201: [GC (Allocation Failure) [PSYoungGen: 557306K->25632K(611840K)] 742155K->210481K(2010112K), 0.0024953 secs] [Times: user=0.00 sys=0.00, real=0.00 secs] 
216.459: [GC (Allocation Failure) [PSYoungGen: 532742K->46112K(611840K)] 717591K->230961K(2010112K), 0.0032899 secs] [Times: user=0.00 sys=0.00, real=0.00 secs] 
Heap
 PSYoungGen      total 611840K, used 461326K [0x00000000d5580000, 0x0000000100000000, 0x0000000100000000)
  eden space 524800K, 79% used [0x00000000d5580000,0x00000000eeafb820,0x00000000f5600000)
  from space 87040K, 52% used [0x00000000fab00000,0x00000000fd808030,0x0000000100000000)
  to   space 87040K, 0% used [0x00000000f5600000,0x00000000f5600000,0x00000000fab00000)
 ParOldGen       total 1398272K, used 184849K [0x0000000080000000, 0x00000000d5580000, 0x00000000d5580000)
  object space 1398272K, 13% used [0x0000000080000000,0x000000008b484598,0x00000000d5580000)
 Metaspace       used 2804K, capacity 4486K, committed 4864K, reserved 1056768K
  class space    used 297K, capacity 386K, committed 512K, reserved 1048576K
