Java HotSpot(TM) 64-Bit Server VM (25.411-b09) for windows-amd64 JRE (1.8.0_411-b09), built on Mar 13 2024 07:26:13 by "java_re" with MS VC++ 17.1 (VS2022)
Memory: 4k page, physical 33403376k(14324444k free), swap 36670664k(7304916k free)
CommandLine flags: -XX:InitialHeapSize=536870912 -XX:MaxHeapSize=536870912 -XX:NewRatio=9 -XX:ParallelGCThreads=6 -XX:+PrintGC -XX:+PrintGCDetails -XX:+PrintGCTimeStamps -XX:SurvivorRatio=8 -XX:-UseAdaptiveSizePolicy -XX:+UseCompressedClassPointers -XX:+UseCompressedOops -XX:-UseLargePagesIndividualAllocation -XX:+UseParallelGC 
0.933: [GC (Allocation Failure) [PSYoungGen: 34447K->600K(47104K)] 34447K->10848K(519168K), 0.0025366 secs] [Times: user=0.00 sys=0.00, real=0.00 secs] 
1.525: [GC (Allocation Failure) [PSYoungGen: 42379K->704K(47104K)] 206227K->164552K(519168K), 0.0008733 secs] [Times: user=0.00 sys=0.00, real=0.00 secs] 
2.400: [GC (Allocation Failure) [PSYoungGen: 34298K->1728K(47104K)] 198146K->175816K(519168K), 0.0024297 secs] [Times: user=0.03 sys=0.03, real=0.00 secs] 
2.993: [GC (Allocation Failure) [PSYoungGen: 43512K->1728K(47104K)] 371200K->329416K(519168K), 0.0009837 secs] [Times: user=0.00 sys=0.00, real=0.00 secs] 
3.871: [GC (Allocation Failure) [PSYoungGen: 35325K->2704K(47104K)] 363013K->335512K(519168K), 0.0022200 secs] [Times: user=0.00 sys=0.00, real=0.00 secs] 
5.177: [GC (Allocation Failure) [PSYoungGen: 40394K->632K(47104K)] 373202K->343680K(519168K), 0.0029220 secs] [Times: user=0.00 sys=0.00, real=0.00 secs] 
5.503: [GC (Allocation Failure) [PSYoungGen: 27056K->656K(47104K)] 370104K->364184K(519168K), 0.0043587 secs] [Times: user=0.00 sys=0.00, real=0.00 secs] 
5.737: [GC (Allocation Failure) [PSYoungGen: 21956K->632K(47104K)] 436684K->415360K(519168K), 0.0009767 secs] [Times: user=0.00 sys=0.00, real=0.00 secs] 
5.738: [GC (Allocation Failure) [PSYoungGen: 632K->600K(47104K)] 415360K->415328K(519168K), 0.0007541 secs] [Times: user=0.00 sys=0.00, real=0.00 secs] 
5.739: [Full GC (Allocation Failure) [PSYoungGen: 600K->0K(47104K)] [ParOldGen: 414728K->67088K(472064K)] 415328K->67088K(519168K), [Metaspace: 2753K->2753K(1056768K)], 0.0108417 secs] [Times: user=0.00 sys=0.00, real=0.01 secs] 
6.736: [GC (Allocation Failure) [PSYoungGen: 33595K->0K(47104K)] 203084K->179728K(519168K), 0.0010248 secs] [Times: user=0.00 sys=0.00, real=0.00 secs] 
7.282: [GC (Allocation Failure) [PSYoungGen: 41984K->32K(47104K)] 375312K->353840K(519168K), 0.0022042 secs] [Times: user=0.00 sys=0.00, real=0.00 secs] 
8.592: [GC (Allocation Failure) [PSYoungGen: 38754K->32K(47104K)] 443763K->405048K(519168K), 0.0010568 secs] [Times: user=0.00 sys=0.00, real=0.00 secs] 
8.593: [GC (Allocation Failure) [PSYoungGen: 32K->32K(47104K)] 405048K->405048K(519168K), 0.0013078 secs] [Times: user=0.00 sys=0.00, real=0.00 secs] 
8.594: [Full GC (Allocation Failure) [PSYoungGen: 32K->0K(47104K)] [ParOldGen: 405016K->51728K(472064K)] 405048K->51728K(519168K), [Metaspace: 2759K->2759K(1056768K)], 0.0052731 secs] [Times: user=0.00 sys=0.00, real=0.00 secs] 
9.593: [GC (Allocation Failure) [PSYoungGen: 33604K->0K(47104K)] 187733K->164368K(519168K), 0.0009835 secs] [Times: user=0.00 sys=0.00, real=0.00 secs] 
10.141: [GC (Allocation Failure) [PSYoungGen: 41797K->0K(47104K)] 359766K->317968K(519168K), 0.0007727 secs] [Times: user=0.00 sys=0.00, real=0.00 secs] 
11.011: [GC (Allocation Failure) [PSYoungGen: 33606K->0K(47104K)] 351575K->328208K(519168K), 0.0010842 secs] [Times: user=0.00 sys=0.00, real=0.00 secs] 
11.448: [GC (Allocation Failure) [PSYoungGen: 41791K->0K(47104K)] 421200K->379409K(519168K), 0.0008030 secs] [Times: user=0.00 sys=0.00, real=0.00 secs] 
11.449: [GC (Allocation Failure) [PSYoungGen: 0K->0K(47104K)] 379409K->379409K(519168K), 0.0007010 secs] [Times: user=0.00 sys=0.00, real=0.00 secs] 
11.450: [Full GC (Allocation Failure) [PSYoungGen: 0K->0K(47104K)] [ParOldGen: 379409K->215568K(472064K)] 379409K->215568K(519168K), [Metaspace: 2761K->2761K(1056768K)], 0.0113230 secs] [Times: user=0.00 sys=0.00, real=0.01 secs] 
12.664: [GC (Allocation Failure) [PSYoungGen: 32851K->32K(47104K)] 350820K->333368K(519168K), 0.0015714 secs] [Times: user=0.00 sys=0.00, real=0.00 secs] 
12.883: [GC (Allocation Failure) [PSYoungGen: 21348K->64K(47104K)] 405885K->384601K(519168K), 0.0009799 secs] [Times: user=0.00 sys=0.00, real=0.00 secs] 
12.884: [GC (Allocation Failure) [PSYoungGen: 64K->96K(47104K)] 384601K->384633K(519168K), 0.0008472 secs] [Times: user=0.00 sys=0.00, real=0.00 secs] 
12.885: [Full GC (Allocation Failure) [PSYoungGen: 96K->0K(47104K)] [ParOldGen: 384537K->56849K(472064K)] 384633K->56849K(519168K), [Metaspace: 2763K->2763K(1056768K)], 0.0051396 secs] [Times: user=0.00 sys=0.00, real=0.01 secs] 
13.881: [GC (Allocation Failure) [PSYoungGen: 33605K->1024K(47104K)] 192854K->165393K(519168K), 0.0008092 secs] [Times: user=0.00 sys=0.00, real=0.00 secs] 
14.427: [GC (Allocation Failure) [PSYoungGen: 42822K->1024K(47104K)] 360791K->329233K(519168K), 0.0013600 secs] [Times: user=0.00 sys=0.00, real=0.00 secs] 
15.300: [GC (Allocation Failure) [PSYoungGen: 34630K->1024K(47104K)] 362840K->339473K(519168K), 0.0011692 secs] [Times: user=0.00 sys=0.00, real=0.00 secs] 
16.502: [GC (Allocation Failure) [PSYoungGen: 42815K->0K(47104K)] 381265K->348689K(519168K), 0.0010967 secs] [Times: user=0.00 sys=0.00, real=0.00 secs] 
16.940: [GC (Allocation Failure) [PSYoungGen: 31548K->0K(47104K)] 380238K->358929K(519168K), 0.0012779 secs] [Times: user=0.00 sys=0.00, real=0.00 secs] 
17.158: [GC (Allocation Failure) [PSYoungGen: 21304K->0K(47104K)] 431434K->430609K(519168K), 0.0158841 secs] [Times: user=0.00 sys=0.00, real=0.02 secs] 
17.174: [Full GC (Ergonomics) [PSYoungGen: 0K->0K(47104K)] [ParOldGen: 430609K->77329K(472064K)] 430609K->77329K(519168K), [Metaspace: 2768K->2768K(1056768K)], 0.0065764 secs] [Times: user=0.00 sys=0.00, real=0.01 secs] 
18.171: [GC (Allocation Failure) [PSYoungGen: 33598K->0K(47104K)] 213327K->189969K(519168K), 0.0009910 secs] [Times: user=0.00 sys=0.00, real=0.00 secs] 
18.718: [GC (Allocation Failure) [PSYoungGen: 41793K->0K(47104K)] 385362K->343569K(519168K), 0.0006929 secs] [Times: user=0.00 sys=0.00, real=0.00 secs] 
20.024: [GC (Allocation Failure) [PSYoungGen: 23363K->0K(47104K)] 418132K->394769K(519168K), 0.0007673 secs] [Times: user=0.00 sys=0.00, real=0.00 secs] 
20.025: [GC (Allocation Failure) [PSYoungGen: 0K->0K(47104K)] 394769K->394769K(519168K), 0.0007756 secs] [Times: user=0.00 sys=0.00, real=0.00 secs] 
20.026: [Full GC (Allocation Failure) [PSYoungGen: 0K->0K(47104K)] [ParOldGen: 394769K->51729K(472064K)] 394769K->51729K(519168K), [Metaspace: 2770K->2770K(1056768K)], 0.0048733 secs] [Times: user=0.02 sys=0.00, real=0.01 secs] 
21.004: [GC (Allocation Failure) [PSYoungGen: 33605K->0K(47104K)] 187734K->164369K(519168K), 0.0010122 secs] [Times: user=0.00 sys=0.00, real=0.00 secs] 
21.550: [GC (Allocation Failure) [PSYoungGen: 41798K->0K(47104K)] 359767K->317969K(519168K), 0.0007409 secs] [Times: user=0.00 sys=0.00, real=0.00 secs] 
22.424: [GC (Allocation Failure) [PSYoungGen: 33606K->1024K(47104K)] 351575K->329233K(519168K), 0.0009602 secs] [Times: user=0.00 sys=0.00, real=0.00 secs] 
22.859: [GC (Allocation Failure) [PSYoungGen: 42815K->1024K(47104K)] 422224K->380433K(519168K), 0.0007609 secs] [Times: user=0.00 sys=0.00, real=0.00 secs] 
22.860: [GC (Allocation Failure) [PSYoungGen: 1024K->1024K(47104K)] 380433K->380433K(519168K), 0.0009823 secs] [Times: user=0.00 sys=0.00, real=0.00 secs] 
22.861: [Full GC (Allocation Failure) [PSYoungGen: 1024K->0K(47104K)] [ParOldGen: 379409K->165393K(472064K)] 380433K->165393K(519168K), [Metaspace: 2779K->2779K(1056768K)], 0.0121116 secs] [Times: user=0.00 sys=0.00, real=0.01 secs] 
24.078: [GC (Allocation Failure) [PSYoungGen: 28482K->0K(47104K)] 296275K->288273K(519168K), 0.0017833 secs] [Times: user=0.00 sys=0.00, real=0.00 secs] 
24.951: [Full GC (Ergonomics) [PSYoungGen: 38724K->0K(47104K)] [ParOldGen: 441873K->21009K(472064K)] 480597K->21009K(519168K), [Metaspace: 2779K->2779K(1056768K)], 0.0037543 secs] [Times: user=0.00 sys=0.00, real=0.00 secs] 
25.498: [GC (Allocation Failure) [PSYoungGen: 36677K->0K(47104K)] 57686K->41489K(519168K), 0.0011566 secs] [Times: user=0.00 sys=0.00, real=0.00 secs] 
26.374: [GC (Allocation Failure) [PSYoungGen: 38719K->0K(47104K)] 233808K->205329K(519168K), 0.0010896 secs] [Times: user=0.00 sys=0.00, real=0.00 secs] 
26.917: [GC (Allocation Failure) [PSYoungGen: 36674K->0K(47104K)] 242003K->215569K(519168K), 0.0011024 secs] [Times: user=0.00 sys=0.00, real=0.00 secs] 
28.010: [GC (Allocation Failure) [PSYoungGen: 41789K->0K(47104K)] 257358K->225809K(519168K), 0.0010441 secs] [Times: user=0.00 sys=0.00, real=0.00 secs] 
28.340: [GC (Allocation Failure) [PSYoungGen: 26604K->32K(47104K)] 252414K->236089K(519168K), 0.0013058 secs] [Times: user=0.00 sys=0.00, real=0.00 secs] 
29.216: [GC (Allocation Failure) [PSYoungGen: 38740K->32K(47104K)] 428397K->394809K(519168K), 0.0008493 secs] [Times: user=0.00 sys=0.00, real=0.00 secs] 
29.761: [GC (Allocation Failure) [PSYoungGen: 36699K->32K(47104K)] 431476K->410169K(519168K), 0.0016052 secs] [Times: user=0.00 sys=0.00, real=0.00 secs] 
29.978: [Full GC (Ergonomics) [PSYoungGen: 21337K->0K(47104K)] [ParOldGen: 461337K->113169K(472064K)] 482674K->113169K(519168K), [Metaspace: 2793K->2793K(1056768K)], 0.0092244 secs] [Times: user=0.00 sys=0.00, real=0.01 secs] 
31.960: [GC (Allocation Failure) [PSYoungGen: 40766K->1024K(47104K)] 358735K->324113K(519168K), 0.0007876 secs] [Times: user=0.00 sys=0.00, real=0.00 secs] 
32.615: [GC (Allocation Failure) [PSYoungGen: 42817K->1024K(47104K)] 365907K->339473K(519168K), 0.0015679 secs] [Times: user=0.00 sys=0.00, real=0.00 secs] 
32.834: [GC (Allocation Failure) [PSYoungGen: 22333K->1024K(47104K)] 411983K->390673K(519168K), 0.0009957 secs] [Times: user=0.00 sys=0.00, real=0.00 secs] 
32.835: [GC (Allocation Failure) [PSYoungGen: 1024K->1024K(47104K)] 390673K->390673K(519168K), 0.0006118 secs] [Times: user=0.00 sys=0.00, real=0.00 secs] 
32.836: [Full GC (Allocation Failure) [PSYoungGen: 1024K->0K(47104K)] [ParOldGen: 389649K->57873K(472064K)] 390673K->57873K(519168K), [Metaspace: 2793K->2793K(1056768K)], 0.0053483 secs] [Times: user=0.00 sys=0.00, real=0.01 secs] 
33.831: [GC (Allocation Failure) [PSYoungGen: 33601K->1024K(47104K)] 193874K->166417K(519168K), 0.0010281 secs] [Times: user=0.00 sys=0.00, real=0.00 secs] 
34.378: [GC (Allocation Failure) [PSYoungGen: 42819K->1024K(47104K)] 361813K->330257K(519168K), 0.0013776 secs] [Times: user=0.00 sys=0.00, real=0.00 secs] 
35.472: [GC (Allocation Failure) [PSYoungGen: 29509K->0K(47104K)] 358742K->349713K(519168K), 0.0014716 secs] [Times: user=0.00 sys=0.00, real=0.00 secs] 
35.690: [GC (Allocation Failure) [PSYoungGen: 21309K->0K(47104K)] 422222K->400913K(519168K), 0.0012696 secs] [Times: user=0.00 sys=0.00, real=0.00 secs] 
35.691: [GC (Allocation Failure) [PSYoungGen: 0K->0K(47104K)] 400913K->400913K(519168K), 0.0010636 secs] [Times: user=0.00 sys=0.00, real=0.00 secs] 
35.692: [Full GC (Allocation Failure) [PSYoungGen: 0K->0K(47104K)] [ParOldGen: 400913K->61969K(472064K)] 400913K->61969K(519168K), [Metaspace: 2793K->2793K(1056768K)], 0.0056675 secs] [Times: user=0.00 sys=0.00, real=0.01 secs] 
36.688: [GC (Allocation Failure) [PSYoungGen: 33601K->0K(47104K)] 197970K->174609K(519168K), 0.0012142 secs] [Times: user=0.00 sys=0.00, real=0.00 secs] 
37.233: [GC (Allocation Failure) [PSYoungGen: 41795K->0K(47104K)] 370004K->348689K(519168K), 0.0022287 secs] [Times: user=0.00 sys=0.00, real=0.00 secs] 
38.108: [GC (Allocation Failure) [PSYoungGen: 33604K->0K(47104K)] 382294K->358929K(519168K), 0.0013695 secs] [Times: user=0.00 sys=0.00, real=0.00 secs] 
39.091: [GC (Allocation Failure) [PSYoungGen: 41790K->0K(47104K)] 451920K->410129K(519168K), 0.0012020 secs] [Times: user=0.00 sys=0.00, real=0.00 secs] 
39.742: [GC (Allocation Failure) [PSYoungGen: 41793K->0K(47104K)] 451923K->425489K(519168K), 0.0014351 secs] [Times: user=0.00 sys=0.00, real=0.00 secs] 
39.851: [GC (Allocation Failure) [PSYoungGen: 21309K->0K(47104K)] 446799K->445969K(519168K), 0.0022856 secs] [Times: user=0.00 sys=0.00, real=0.00 secs] 
39.853: [Full GC (Ergonomics) [PSYoungGen: 0K->0K(47104K)] [ParOldGen: 445969K->26129K(472064K)] 445969K->26129K(519168K), [Metaspace: 2793K->2793K(1056768K)], 0.0032941 secs] [Times: user=0.00 sys=0.00, real=0.00 secs] 
40.943: [GC (Allocation Failure) [PSYoungGen: 33590K->0K(47104K)] 213319K->189969K(519168K), 0.0011513 secs] [Times: user=0.00 sys=0.00, real=0.00 secs] 
41.488: [GC (Allocation Failure) [PSYoungGen: 41788K->0K(47104K)] 385357K->343569K(519168K), 0.0006393 secs] [Times: user=0.00 sys=0.00, real=0.00 secs] 
43.238: [GC (Allocation Failure) [PSYoungGen: 40768K->1024K(47104K)] 384337K->349713K(519168K), 0.0011805 secs] [Times: user=0.00 sys=0.00, real=0.00 secs] 
43.893: [GC (Allocation Failure) [PSYoungGen: 37692K->1024K(47104K)] 386382K->370193K(519168K), 0.0015546 secs] [Times: user=0.00 sys=0.00, real=0.00 secs] 
44.220: [GC (Allocation Failure) [PSYoungGen: 32570K->1024K(47104K)] 452939K->421393K(519168K), 0.0008607 secs] [Times: user=0.00 sys=0.00, real=0.00 secs] 
44.220: [GC (Allocation Failure) [PSYoungGen: 1024K->1024K(47104K)] 421393K->421393K(519168K), 0.0006026 secs] [Times: user=0.00 sys=0.00, real=0.00 secs] 
44.221: [Full GC (Allocation Failure) [PSYoungGen: 1024K->0K(47104K)] [ParOldGen: 420369K->62993K(472064K)] 421393K->62993K(519168K), [Metaspace: 2795K->2795K(1056768K)], 0.0059183 secs] [Times: user=0.00 sys=0.00, real=0.01 secs] 
45.218: [GC (Allocation Failure) [PSYoungGen: 33598K->0K(47104K)] 198992K->175633K(519168K), 0.0008986 secs] [Times: user=0.00 sys=0.00, real=0.00 secs] 
45.765: [GC (Allocation Failure) [PSYoungGen: 41793K->0K(47104K)] 371027K->339473K(519168K), 0.0012582 secs] [Times: user=0.00 sys=0.00, real=0.00 secs] 
46.857: [GC (Allocation Failure) [PSYoungGen: 23364K->0K(47104K)] 362837K->349713K(519168K), 0.0012932 secs] [Times: user=0.00 sys=0.00, real=0.00 secs] 
47.076: [GC (Allocation Failure) [PSYoungGen: 21306K->0K(47104K)] 422220K->421393K(519168K), 0.0021184 secs] [Times: user=0.00 sys=0.00, real=0.00 secs] 
47.078: [GC (Allocation Failure) [PSYoungGen: 0K->0K(47104K)] 421393K->421393K(519168K), 0.0009056 secs] [Times: user=0.00 sys=0.00, real=0.00 secs] 
47.079: [Full GC (Allocation Failure) [PSYoungGen: 0K->0K(47104K)] [ParOldGen: 421393K->72209K(472064K)] 421393K->72209K(519168K), [Metaspace: 2795K->2795K(1056768K)], 0.0061000 secs] [Times: user=0.00 sys=0.00, real=0.01 secs] 
48.078: [GC (Allocation Failure) [PSYoungGen: 33599K->0K(47104K)] 208208K->184849K(519168K), 0.0010435 secs] [Times: user=0.00 sys=0.00, real=0.00 secs] 
48.624: [GC (Allocation Failure) [PSYoungGen: 41794K->0K(47104K)] 380243K->338449K(519168K), 0.0008708 secs] [Times: user=0.00 sys=0.00, real=0.00 secs] 
49.498: [GC (Allocation Failure) [PSYoungGen: 33604K->0K(47104K)] 372053K->348689K(519168K), 0.0011428 secs] [Times: user=0.00 sys=0.00, real=0.00 secs] 
49.937: [GC (Allocation Failure) [PSYoungGen: 41790K->0K(47104K)] 441679K->399889K(519168K), 0.0010448 secs] [Times: user=0.00 sys=0.00, real=0.00 secs] 
49.938: [GC (Allocation Failure) [PSYoungGen: 0K->0K(47104K)] 399889K->399889K(519168K), 0.0010410 secs] [Times: user=0.00 sys=0.00, real=0.00 secs] 
49.939: [Full GC (Allocation Failure) [PSYoungGen: 0K->0K(47104K)] [ParOldGen: 399889K->133649K(472064K)] 399889K->133649K(519168K), [Metaspace: 2795K->2795K(1056768K)], 0.0104670 secs] [Times: user=0.00 sys=0.00, real=0.01 secs] 
51.153: [GC (Allocation Failure) [PSYoungGen: 36673K->0K(47104K)] 272722K->251409K(519168K), 0.0015770 secs] [Times: user=0.00 sys=0.00, real=0.00 secs] 
52.026: [GC (Allocation Failure) [PSYoungGen: 38723K->1024K(47104K)] 443733K->411153K(519168K), 0.0010662 secs] [Times: user=0.00 sys=0.00, real=0.00 secs] 
52.570: [GC (Allocation Failure) [PSYoungGen: 37701K->1024K(47104K)] 447830K->426513K(519168K), 0.0016299 secs] [Times: user=0.00 sys=0.00, real=0.00 secs] 
52.680: [GC (Allocation Failure) [PSYoungGen: 22335K->1024K(47104K)] 447824K->446993K(519168K), 0.0021751 secs] [Times: user=0.02 sys=0.00, real=0.00 secs] 
52.682: [Full GC (Ergonomics) [PSYoungGen: 1024K->0K(47104K)] [ParOldGen: 445969K->32273K(472064K)] 446993K->32273K(519168K), [Metaspace: 2795K->2795K(1056768K)], 0.0037441 secs] [Times: user=0.00 sys=0.00, real=0.00 secs] 
53.772: [GC (Allocation Failure) [PSYoungGen: 33590K->1024K(47104K)] 219464K->192017K(519168K), 0.0008329 secs] [Times: user=0.00 sys=0.00, real=0.00 secs] 
55.080: [GC (Allocation Failure) [PSYoungGen: 38716K->0K(47104K)] 229710K->201233K(519168K), 0.0011806 secs] [Times: user=0.00 sys=0.00, real=0.00 secs] 
55.407: [GC (Allocation Failure) [PSYoungGen: 26426K->0K(47104K)] 227659K->221713K(519168K), 0.0014382 secs] [Times: user=0.00 sys=0.00, real=0.00 secs] 
56.280: [GC (Allocation Failure) [PSYoungGen: 38709K->0K(47104K)] 414023K->385553K(519168K), 0.0013619 secs] [Times: user=0.00 sys=0.00, real=0.00 secs] 
56.826: [GC (Allocation Failure) [PSYoungGen: 36668K->0K(47104K)] 422221K->395793K(519168K), 0.0015027 secs] [Times: user=0.00 sys=0.00, real=0.00 secs] 
57.042: [GC (Allocation Failure) [PSYoungGen: 21305K->0K(47104K)] 468299K->467473K(519168K), 0.0032841 secs] [Times: user=0.00 sys=0.00, real=0.00 secs] 
57.045: [Full GC (Ergonomics) [PSYoungGen: 0K->0K(47104K)] [ParOldGen: 467473K->92689K(472064K)] 467473K->92689K(519168K), [Metaspace: 2796K->2796K(1056768K)], 0.0082713 secs] [Times: user=0.00 sys=0.00, real=0.01 secs] 
58.805: [GC (Allocation Failure) [PSYoungGen: 40766K->1024K(47104K)] 389456K->349713K(519168K), 0.0009631 secs] [Times: user=0.00 sys=0.00, real=0.00 secs] 
59.565: [GC (Allocation Failure) [PSYoungGen: 42817K->0K(47104K)] 391507K->364049K(519168K), 0.0018035 secs] [Times: user=0.00 sys=0.00, real=0.00 secs] 
59.893: [GC (Allocation Failure) [PSYoungGen: 31550K->0K(47104K)] 446799K->415249K(519168K), 0.0008362 secs] [Times: user=0.00 sys=0.00, real=0.00 secs] 
59.894: [GC (Allocation Failure) [PSYoungGen: 0K->0K(47104K)] 415249K->415249K(519168K), 0.0008646 secs] [Times: user=0.00 sys=0.00, real=0.00 secs] 
59.895: [Full GC (Allocation Failure) [PSYoungGen: 0K->0K(47104K)] [ParOldGen: 415249K->108049K(472064K)] 415249K->108049K(519168K), [Metaspace: 2796K->2796K(1056768K)], 0.0085515 secs] [Times: user=0.00 sys=0.00, real=0.01 secs] 
60.889: [GC (Allocation Failure) [PSYoungGen: 33601K->0K(47104K)] 244050K->220689K(519168K), 0.0011908 secs] [Times: user=0.00 sys=0.00, real=0.00 secs] 
61.434: [GC (Allocation Failure) [PSYoungGen: 41795K->0K(47104K)] 416085K->374289K(519168K), 0.0008337 secs] [Times: user=0.00 sys=0.00, real=0.00 secs] 
62.524: [GC (Allocation Failure) [PSYoungGen: 32581K->0K(47104K)] 406870K->389649K(519168K), 0.0018171 secs] [Times: user=0.00 sys=0.00, real=0.00 secs] 
62.744: [GC (Allocation Failure) [PSYoungGen: 21310K->0K(47104K)] 462159K->440849K(519168K), 0.0008470 secs] [Times: user=0.00 sys=0.00, real=0.00 secs] 
62.745: [Full GC (Ergonomics) [PSYoungGen: 0K->0K(47104K)] [ParOldGen: 440849K->56849K(472064K)] 440849K->56849K(519168K), [Metaspace: 2796K->2796K(1056768K)], 0.0055230 secs] [Times: user=0.00 sys=0.00, real=0.01 secs] 
63.740: [GC (Allocation Failure) [PSYoungGen: 33601K->1024K(47104K)] 192851K->165393K(519168K), 0.0009973 secs] [Times: user=0.00 sys=0.00, real=0.00 secs] 
64.285: [GC (Allocation Failure) [PSYoungGen: 42819K->1024K(47104K)] 360789K->329233K(519168K), 0.0014246 secs] [Times: user=0.00 sys=0.00, real=0.00 secs] 
65.159: [GC (Allocation Failure) [PSYoungGen: 34629K->1024K(47104K)] 362838K->339473K(519168K), 0.0011577 secs] [Times: user=0.00 sys=0.00, real=0.00 secs] 
66.358: [GC (Allocation Failure) [PSYoungGen: 42814K->0K(47104K)] 381264K->348689K(519168K), 0.0012802 secs] [Times: user=0.00 sys=0.00, real=0.00 secs] 
66.795: [GC (Allocation Failure) [PSYoungGen: 31548K->0K(47104K)] 380237K->358929K(519168K), 0.0013076 secs] [Times: user=0.00 sys=0.00, real=0.00 secs] 
67.014: [GC (Allocation Failure) [PSYoungGen: 21304K->0K(47104K)] 431433K->430609K(519168K), 0.0019894 secs] [Times: user=0.00 sys=0.00, real=0.00 secs] 
67.016: [Full GC (Ergonomics) [PSYoungGen: 0K->0K(47104K)] [ParOldGen: 430609K->77329K(472064K)] 430609K->77329K(519168K), [Metaspace: 2796K->2796K(1056768K)], 0.0064212 secs] [Times: user=0.00 sys=0.00, real=0.01 secs] 
68.014: [GC (Allocation Failure) [PSYoungGen: 33597K->0K(47104K)] 213327K->189969K(519168K), 0.0010993 secs] [Times: user=0.00 sys=0.00, real=0.00 secs] 
68.560: [GC (Allocation Failure) [PSYoungGen: 41793K->0K(47104K)] 385362K->343569K(519168K), 0.0006797 secs] [Times: user=0.00 sys=0.00, real=0.00 secs] 
69.873: [GC (Allocation Failure) [PSYoungGen: 23363K->0K(47104K)] 418133K->394769K(519168K), 0.0010468 secs] [Times: user=0.00 sys=0.00, real=0.00 secs] 
69.874: [GC (Allocation Failure) [PSYoungGen: 0K->0K(47104K)] 394769K->394769K(519168K), 0.0010264 secs] [Times: user=0.00 sys=0.00, real=0.00 secs] 
69.875: [Full GC (Allocation Failure) [PSYoungGen: 0K->0K(47104K)] [ParOldGen: 394769K->51729K(472064K)] 394769K->51729K(519168K), [Metaspace: 2796K->2796K(1056768K)], 0.0048921 secs] [Times: user=0.00 sys=0.00, real=0.01 secs] 
70.869: [GC (Allocation Failure) [PSYoungGen: 33605K->0K(47104K)] 187734K->164369K(519168K), 0.0011260 secs] [Times: user=0.01 sys=0.00, real=0.00 secs] 
71.415: [GC (Allocation Failure) [PSYoungGen: 41797K->0K(47104K)] 359767K->317969K(519168K), 0.0008243 secs] [Times: user=0.00 sys=0.00, real=0.00 secs] 
72.290: [GC (Allocation Failure) [PSYoungGen: 33606K->1024K(47104K)] 351576K->329233K(519168K), 0.0009950 secs] [Times: user=0.00 sys=0.00, real=0.00 secs] 
72.724: [GC (Allocation Failure) [PSYoungGen: 42815K->1024K(47104K)] 422225K->380433K(519168K), 0.0010234 secs] [Times: user=0.00 sys=0.00, real=0.00 secs] 
72.725: [GC (Allocation Failure) [PSYoungGen: 1024K->1024K(47104K)] 380433K->380433K(519168K), 0.0008452 secs] [Times: user=0.00 sys=0.00, real=0.00 secs] 
72.726: [Full GC (Allocation Failure) [PSYoungGen: 1024K->0K(47104K)] [ParOldGen: 379409K->165393K(472064K)] 380433K->165393K(519168K), [Metaspace: 2796K->2796K(1056768K)], 0.0122695 secs] [Times: user=0.00 sys=0.00, real=0.01 secs] 
73.940: [GC (Allocation Failure) [PSYoungGen: 28482K->0K(47104K)] 296275K->288273K(519168K), 0.0020040 secs] [Times: user=0.00 sys=0.00, real=0.00 secs] 
74.813: [Full GC (Ergonomics) [PSYoungGen: 38724K->0K(47104K)] [ParOldGen: 441873K->21009K(472064K)] 480597K->21009K(519168K), [Metaspace: 2796K->2796K(1056768K)], 0.0032697 secs] [Times: user=0.00 sys=0.00, real=0.00 secs] 
75.360: [GC (Allocation Failure) [PSYoungGen: 36677K->0K(47104K)] 57686K->41489K(519168K), 0.0013902 secs] [Times: user=0.00 sys=0.00, real=0.00 secs] 
76.235: [GC (Allocation Failure) [PSYoungGen: 38719K->0K(47104K)] 233809K->205329K(519168K), 0.0009427 secs] [Times: user=0.00 sys=0.00, real=0.00 secs] 
76.781: [GC (Allocation Failure) [PSYoungGen: 36674K->0K(47104K)] 242003K->215569K(519168K), 0.0013536 secs] [Times: user=0.00 sys=0.00, real=0.00 secs] 
77.873: [GC (Allocation Failure) [PSYoungGen: 41789K->0K(47104K)] 257359K->225809K(519168K), 0.0010632 secs] [Times: user=0.00 sys=0.00, real=0.00 secs] 
78.201: [GC (Allocation Failure) [PSYoungGen: 26427K->0K(47104K)] 252236K->236049K(519168K), 0.0012537 secs] [Times: user=0.00 sys=0.00, real=0.00 secs] 
79.073: [GC (Allocation Failure) [PSYoungGen: 38710K->0K(47104K)] 428360K->394769K(519168K), 0.0010306 secs] [Times: user=0.00 sys=0.00, real=0.00 secs] 
79.617: [GC (Allocation Failure) [PSYoungGen: 36668K->0K(47104K)] 431438K->410129K(519168K), 0.0015225 secs] [Times: user=0.00 sys=0.00, real=0.00 secs] 
79.836: [Full GC (Ergonomics) [PSYoungGen: 21305K->0K(47104K)] [ParOldGen: 461329K->113169K(472064K)] 482635K->113169K(519168K), [Metaspace: 2796K->2796K(1056768K)], 0.0092844 secs] [Times: user=0.00 sys=0.00, real=0.01 secs] 
81.826: [GC (Allocation Failure) [PSYoungGen: 40766K->1024K(47104K)] 358736K->324113K(519168K), 0.0011437 secs] [Times: user=0.00 sys=0.00, real=0.00 secs] 
82.479: [GC (Allocation Failure) [PSYoungGen: 42817K->1024K(47104K)] 365907K->339473K(519168K), 0.0019108 secs] [Times: user=0.00 sys=0.00, real=0.00 secs] 
82.696: [GC (Allocation Failure) [PSYoungGen: 22334K->1024K(47104K)] 411983K->390673K(519168K), 0.0007822 secs] [Times: user=0.00 sys=0.00, real=0.00 secs] 
82.697: [GC (Allocation Failure) [PSYoungGen: 1024K->1024K(47104K)] 390673K->390673K(519168K), 0.0008103 secs] [Times: user=0.00 sys=0.00, real=0.00 secs] 
82.698: [Full GC (Allocation Failure) [PSYoungGen: 1024K->0K(47104K)] [ParOldGen: 389649K->57873K(472064K)] 390673K->57873K(519168K), [Metaspace: 2796K->2796K(1056768K)], 0.0053225 secs] [Times: user=0.00 sys=0.00, real=0.01 secs] 
83.698: [GC (Allocation Failure) [PSYoungGen: 33601K->1024K(47104K)] 193874K->166417K(519168K), 0.0008910 secs] [Times: user=0.00 sys=0.00, real=0.00 secs] 
84.246: [GC (Allocation Failure) [PSYoungGen: 42819K->1024K(47104K)] 361813K->330257K(519168K), 0.0014071 secs] [Times: user=0.00 sys=0.00, real=0.00 secs] 
85.338: [GC (Allocation Failure) [PSYoungGen: 29509K->0K(47104K)] 358742K->349713K(519168K), 0.0014710 secs] [Times: user=0.00 sys=0.00, real=0.00 secs] 
85.556: [GC (Allocation Failure) [PSYoungGen: 21309K->0K(47104K)] 422222K->400913K(519168K), 0.0013158 secs] [Times: user=0.00 sys=0.00, real=0.00 secs] 
85.557: [GC (Allocation Failure) [PSYoungGen: 0K->0K(47104K)] 400913K->400913K(519168K), 0.0008388 secs] [Times: user=0.00 sys=0.00, real=0.00 secs] 
85.558: [Full GC (Allocation Failure) [PSYoungGen: 0K->0K(47104K)] [ParOldGen: 400913K->61969K(472064K)] 400913K->61969K(519168K), [Metaspace: 2796K->2796K(1056768K)], 0.0054833 secs] [Times: user=0.00 sys=0.00, real=0.01 secs] 
86.554: [GC (Allocation Failure) [PSYoungGen: 33601K->0K(47104K)] 197970K->174609K(519168K), 0.0010157 secs] [Times: user=0.00 sys=0.00, real=0.00 secs] 
87.098: [GC (Allocation Failure) [PSYoungGen: 41795K->0K(47104K)] 370004K->348689K(519168K), 0.0019456 secs] [Times: user=0.00 sys=0.00, real=0.00 secs] 
87.973: [GC (Allocation Failure) [PSYoungGen: 33604K->0K(47104K)] 382294K->358929K(519168K), 0.0011326 secs] [Times: user=0.00 sys=0.00, real=0.00 secs] 
88.957: [GC (Allocation Failure) [PSYoungGen: 41790K->0K(47104K)] 451920K->410129K(519168K), 0.0007392 secs] [Times: user=0.00 sys=0.00, real=0.00 secs] 
89.612: [GC (Allocation Failure) [PSYoungGen: 41793K->0K(47104K)] 451923K->425489K(519168K), 0.0014956 secs] [Times: user=0.00 sys=0.00, real=0.00 secs] 
89.720: [GC (Allocation Failure) [PSYoungGen: 21309K->0K(47104K)] 446799K->445969K(519168K), 0.0022967 secs] [Times: user=0.00 sys=0.00, real=0.00 secs] 
89.722: [Full GC (Ergonomics) [PSYoungGen: 0K->0K(47104K)] [ParOldGen: 445969K->26129K(472064K)] 445969K->26129K(519168K), [Metaspace: 2796K->2796K(1056768K)], 0.0032466 secs] [Times: user=0.00 sys=0.00, real=0.00 secs] 
90.812: [GC (Allocation Failure) [PSYoungGen: 33590K->0K(47104K)] 213319K->189969K(519168K), 0.0011412 secs] [Times: user=0.00 sys=0.00, real=0.00 secs] 
91.356: [GC (Allocation Failure) [PSYoungGen: 41788K->0K(47104K)] 385357K->343569K(519168K), 0.0006604 secs] [Times: user=0.00 sys=0.00, real=0.00 secs] 
93.101: [GC (Allocation Failure) [PSYoungGen: 40768K->1024K(47104K)] 384337K->349713K(519168K), 0.0009460 secs] [Times: user=0.00 sys=0.00, real=0.00 secs] 
93.755: [GC (Allocation Failure) [PSYoungGen: 37692K->1024K(47104K)] 386382K->370193K(519168K), 0.0014761 secs] [Times: user=0.00 sys=0.00, real=0.00 secs] 
94.082: [GC (Allocation Failure) [PSYoungGen: 32570K->1024K(47104K)] 452939K->421393K(519168K), 0.0010073 secs] [Times: user=0.00 sys=0.00, real=0.00 secs] 
94.083: [GC (Allocation Failure) [PSYoungGen: 1024K->1024K(47104K)] 421393K->421393K(519168K), 0.0007323 secs] [Times: user=0.00 sys=0.00, real=0.00 secs] 
94.084: [Full GC (Allocation Failure) [PSYoungGen: 1024K->0K(47104K)] [ParOldGen: 420369K->62993K(472064K)] 421393K->62993K(519168K), [Metaspace: 2796K->2796K(1056768K)], 0.0057011 secs] [Times: user=0.02 sys=0.00, real=0.00 secs] 
95.080: [GC (Allocation Failure) [PSYoungGen: 33598K->0K(47104K)] 198992K->175633K(519168K), 0.0011650 secs] [Times: user=0.00 sys=0.00, real=0.00 secs] 
95.627: [GC (Allocation Failure) [PSYoungGen: 41793K->0K(47104K)] 371027K->339473K(519168K), 0.0012295 secs] [Times: user=0.00 sys=0.00, real=0.00 secs] 
96.718: [GC (Allocation Failure) [PSYoungGen: 23364K->0K(47104K)] 362837K->349713K(519168K), 0.0012241 secs] [Times: user=0.00 sys=0.00, real=0.00 secs] 
96.934: [GC (Allocation Failure) [PSYoungGen: 21306K->0K(47104K)] 422220K->421393K(519168K), 0.0028277 secs] [Times: user=0.00 sys=0.00, real=0.00 secs] 
96.937: [GC (Allocation Failure) [PSYoungGen: 0K->0K(47104K)] 421393K->421393K(519168K), 0.0011022 secs] [Times: user=0.00 sys=0.00, real=0.00 secs] 
96.938: [Full GC (Allocation Failure) [PSYoungGen: 0K->0K(47104K)] [ParOldGen: 421393K->72209K(472064K)] 421393K->72209K(519168K), [Metaspace: 2796K->2796K(1056768K)], 0.0063354 secs] [Times: user=0.00 sys=0.00, real=0.01 secs] 
97.932: [GC (Allocation Failure) [PSYoungGen: 33599K->0K(47104K)] 208208K->184849K(519168K), 0.0010376 secs] [Times: user=0.00 sys=0.00, real=0.00 secs] 
98.479: [GC (Allocation Failure) [PSYoungGen: 41794K->0K(47104K)] 380243K->338449K(519168K), 0.0009112 secs] [Times: user=0.00 sys=0.00, real=0.00 secs] 
99.347: [GC (Allocation Failure) [PSYoungGen: 33604K->0K(47104K)] 372053K->348689K(519168K), 0.0011908 secs] [Times: user=0.00 sys=0.00, real=0.00 secs] 
99.784: [GC (Allocation Failure) [PSYoungGen: 41790K->0K(47104K)] 441679K->399889K(519168K), 0.0009392 secs] [Times: user=0.00 sys=0.00, real=0.00 secs] 
99.785: [GC (Allocation Failure) [PSYoungGen: 0K->0K(47104K)] 399889K->399889K(519168K), 0.0010804 secs] [Times: user=0.00 sys=0.00, real=0.00 secs] 
99.786: [Full GC (Allocation Failure) [PSYoungGen: 0K->0K(47104K)] [ParOldGen: 399889K->133649K(472064K)] 399889K->133649K(519168K), [Metaspace: 2796K->2796K(1056768K)], 0.0108513 secs] [Times: user=0.02 sys=0.00, real=0.01 secs] 
101.000: [GC (Allocation Failure) [PSYoungGen: 36673K->0K(47104K)] 272722K->251409K(519168K), 0.0012629 secs] [Times: user=0.00 sys=0.00, real=0.00 secs] 
101.872: [GC (Allocation Failure) [PSYoungGen: 38723K->1024K(47104K)] 443733K->411153K(519168K), 0.0009277 secs] [Times: user=0.00 sys=0.00, real=0.00 secs] 
102.419: [GC (Allocation Failure) [PSYoungGen: 37701K->1024K(47104K)] 447830K->426513K(519168K), 0.0016275 secs] [Times: user=0.00 sys=0.00, real=0.00 secs] 
102.529: [GC (Allocation Failure) [PSYoungGen: 22335K->1024K(47104K)] 447824K->446993K(519168K), 0.0023749 secs] [Times: user=0.00 sys=0.00, real=0.00 secs] 
102.531: [Full GC (Ergonomics) [PSYoungGen: 1024K->0K(47104K)] [ParOldGen: 445969K->32273K(472064K)] 446993K->32273K(519168K), [Metaspace: 2796K->2796K(1056768K)], 0.0036271 secs] [Times: user=0.00 sys=0.00, real=0.00 secs] 
103.620: [GC (Allocation Failure) [PSYoungGen: 33590K->1024K(47104K)] 219464K->192017K(519168K), 0.0008368 secs] [Times: user=0.00 sys=0.00, real=0.00 secs] 
104.934: [GC (Allocation Failure) [PSYoungGen: 38716K->0K(47104K)] 229710K->201233K(519168K), 0.0012603 secs] [Times: user=0.00 sys=0.00, real=0.00 secs] 
105.263: [GC (Allocation Failure) [PSYoungGen: 26426K->0K(47104K)] 227659K->221713K(519168K), 0.0015417 secs] [Times: user=0.00 sys=0.00, real=0.00 secs] 
106.140: [GC (Allocation Failure) [PSYoungGen: 38709K->0K(47104K)] 414023K->385553K(519168K), 0.0010989 secs] [Times: user=0.00 sys=0.00, real=0.00 secs] 
106.686: [GC (Allocation Failure) [PSYoungGen: 36668K->0K(47104K)] 422221K->395793K(519168K), 0.0014258 secs] [Times: user=0.00 sys=0.00, real=0.00 secs] 
106.904: [GC (Allocation Failure) [PSYoungGen: 21305K->0K(47104K)] 468299K->467473K(519168K), 0.0020447 secs] [Times: user=0.00 sys=0.00, real=0.00 secs] 
106.906: [Full GC (Ergonomics) [PSYoungGen: 0K->0K(47104K)] [ParOldGen: 467473K->92689K(472064K)] 467473K->92689K(519168K), [Metaspace: 2796K->2796K(1056768K)], 0.0074048 secs] [Times: user=0.00 sys=0.00, real=0.01 secs] 
108.667: [GC (Allocation Failure) [PSYoungGen: 40766K->1024K(47104K)] 389456K->349713K(519168K), 0.0006035 secs] [Times: user=0.00 sys=0.00, real=0.00 secs] 
109.430: [GC (Allocation Failure) [PSYoungGen: 42817K->0K(47104K)] 391507K->364049K(519168K), 0.0014819 secs] [Times: user=0.02 sys=0.00, real=0.00 secs] 
109.756: [GC (Allocation Failure) [PSYoungGen: 31550K->0K(47104K)] 446799K->415249K(519168K), 0.0008505 secs] [Times: user=0.00 sys=0.00, real=0.00 secs] 
109.757: [GC (Allocation Failure) [PSYoungGen: 0K->0K(47104K)] 415249K->415249K(519168K), 0.0007748 secs] [Times: user=0.00 sys=0.00, real=0.00 secs] 
109.758: [Full GC (Allocation Failure) [PSYoungGen: 0K->0K(47104K)] [ParOldGen: 415249K->108049K(472064K)] 415249K->108049K(519168K), [Metaspace: 2796K->2796K(1056768K)], 0.0083486 secs] [Times: user=0.00 sys=0.00, real=0.01 secs] 
110.752: [GC (Allocation Failure) [PSYoungGen: 33601K->0K(47104K)] 244050K->220689K(519168K), 0.0009108 secs] [Times: user=0.00 sys=0.00, real=0.00 secs] 
111.298: [GC (Allocation Failure) [PSYoungGen: 41795K->0K(47104K)] 416085K->374289K(519168K), 0.0006107 secs] [Times: user=0.00 sys=0.00, real=0.00 secs] 
112.388: [GC (Allocation Failure) [PSYoungGen: 32581K->0K(47104K)] 406870K->389649K(519168K), 0.0015891 secs] [Times: user=0.00 sys=0.00, real=0.00 secs] 
112.606: [GC (Allocation Failure) [PSYoungGen: 21310K->0K(47104K)] 462159K->440849K(519168K), 0.0009551 secs] [Times: user=0.00 sys=0.00, real=0.00 secs] 
112.607: [Full GC (Ergonomics) [PSYoungGen: 0K->0K(47104K)] [ParOldGen: 440849K->56849K(472064K)] 440849K->56849K(519168K), [Metaspace: 2796K->2796K(1056768K)], 0.0056933 secs] [Times: user=0.00 sys=0.00, real=0.01 secs] 
113.603: [GC (Allocation Failure) [PSYoungGen: 33601K->1024K(47104K)] 192851K->165393K(519168K), 0.0007619 secs] [Times: user=0.00 sys=0.00, real=0.00 secs] 
114.151: [GC (Allocation Failure) [PSYoungGen: 42819K->1024K(47104K)] 360789K->329233K(519168K), 0.0014781 secs] [Times: user=0.00 sys=0.00, real=0.00 secs] 
115.028: [GC (Allocation Failure) [PSYoungGen: 34629K->1024K(47104K)] 362838K->339473K(519168K), 0.0011312 secs] [Times: user=0.00 sys=0.00, real=0.00 secs] 
116.228: [GC (Allocation Failure) [PSYoungGen: 42814K->0K(47104K)] 381264K->348689K(519168K), 0.0013217 secs] [Times: user=0.00 sys=0.00, real=0.00 secs] 
116.665: [GC (Allocation Failure) [PSYoungGen: 31548K->0K(47104K)] 380237K->358929K(519168K), 0.0012021 secs] [Times: user=0.03 sys=0.00, real=0.00 secs] 
116.883: [GC (Allocation Failure) [PSYoungGen: 21304K->0K(47104K)] 431433K->430609K(519168K), 0.0019952 secs] [Times: user=0.00 sys=0.00, real=0.00 secs] 
116.885: [Full GC (Ergonomics) [PSYoungGen: 0K->0K(47104K)] [ParOldGen: 430609K->77329K(472064K)] 430609K->77329K(519168K), [Metaspace: 2796K->2796K(1056768K)], 0.0064641 secs] [Times: user=0.00 sys=0.00, real=0.01 secs] 
117.881: [GC (Allocation Failure) [PSYoungGen: 33597K->0K(47104K)] 213327K->189969K(519168K), 0.0011785 secs] [Times: user=0.00 sys=0.00, real=0.00 secs] 
118.429: [GC (Allocation Failure) [PSYoungGen: 41793K->0K(47104K)] 385362K->343569K(519168K), 0.0007291 secs] [Times: user=0.00 sys=0.00, real=0.00 secs] 
119.738: [GC (Allocation Failure) [PSYoungGen: 23363K->0K(47104K)] 418133K->394769K(519168K), 0.0008581 secs] [Times: user=0.00 sys=0.00, real=0.00 secs] 
119.739: [GC (Allocation Failure) [PSYoungGen: 0K->0K(47104K)] 394769K->394769K(519168K), 0.0006990 secs] [Times: user=0.00 sys=0.00, real=0.00 secs] 
119.740: [Full GC (Allocation Failure) [PSYoungGen: 0K->0K(47104K)] [ParOldGen: 394769K->51729K(472064K)] 394769K->51729K(519168K), [Metaspace: 2796K->2796K(1056768K)], 0.0047220 secs] [Times: user=0.00 sys=0.00, real=0.00 secs] 
120.724: [GC (Allocation Failure) [PSYoungGen: 33605K->0K(47104K)] 187734K->164369K(519168K), 0.0009695 secs] [Times: user=0.00 sys=0.00, real=0.00 secs] 
121.271: [GC (Allocation Failure) [PSYoungGen: 41797K->0K(47104K)] 359767K->317969K(519168K), 0.0009792 secs] [Times: user=0.00 sys=0.00, real=0.00 secs] 
122.142: [GC (Allocation Failure) [PSYoungGen: 33606K->1024K(47104K)] 351576K->329233K(519168K), 0.0009218 secs] [Times: user=0.00 sys=0.00, real=0.00 secs] 
122.580: [GC (Allocation Failure) [PSYoungGen: 42815K->1024K(47104K)] 422225K->380433K(519168K), 0.0008323 secs] [Times: user=0.00 sys=0.00, real=0.00 secs] 
122.581: [GC (Allocation Failure) [PSYoungGen: 1024K->1024K(47104K)] 380433K->380433K(519168K), 0.0009915 secs] [Times: user=0.00 sys=0.00, real=0.00 secs] 
122.582: [Full GC (Allocation Failure) [PSYoungGen: 1024K->0K(47104K)] [ParOldGen: 379409K->165393K(472064K)] 380433K->165393K(519168K), [Metaspace: 2796K->2796K(1056768K)], 0.0121462 secs] [Times: user=0.00 sys=0.00, real=0.01 secs] 
123.795: [GC (Allocation Failure) [PSYoungGen: 28482K->0K(47104K)] 296275K->288273K(519168K), 0.0015450 secs] [Times: user=0.00 sys=0.00, real=0.00 secs] 
124.668: [Full GC (Ergonomics) [PSYoungGen: 38724K->0K(47104K)] [ParOldGen: 441873K->21009K(472064K)] 480597K->21009K(519168K), [Metaspace: 2796K->2796K(1056768K)], 0.0035235 secs] [Times: user=0.00 sys=0.00, real=0.00 secs] 
125.214: [GC (Allocation Failure) [PSYoungGen: 36677K->0K(47104K)] 57686K->41489K(519168K), 0.0012879 secs] [Times: user=0.00 sys=0.00, real=0.00 secs] 
126.085: [GC (Allocation Failure) [PSYoungGen: 38719K->0K(47104K)] 233809K->205329K(519168K), 0.0010538 secs] [Times: user=0.00 sys=0.00, real=0.00 secs] 
126.631: [GC (Allocation Failure) [PSYoungGen: 36674K->0K(47104K)] 242003K->215569K(519168K), 0.0013823 secs] [Times: user=0.00 sys=0.00, real=0.00 secs] 
127.721: [GC (Allocation Failure) [PSYoungGen: 41789K->0K(47104K)] 257359K->225809K(519168K), 0.0011174 secs] [Times: user=0.00 sys=0.00, real=0.00 secs] 
128.050: [GC (Allocation Failure) [PSYoungGen: 26427K->0K(47104K)] 252236K->236049K(519168K), 0.0011820 secs] [Times: user=0.00 sys=0.00, real=0.00 secs] 
128.920: [GC (Allocation Failure) [PSYoungGen: 38710K->0K(47104K)] 428360K->394769K(519168K), 0.0007653 secs] [Times: user=0.00 sys=0.00, real=0.00 secs] 
129.467: [GC (Allocation Failure) [PSYoungGen: 36668K->0K(47104K)] 431438K->410129K(519168K), 0.0015228 secs] [Times: user=0.00 sys=0.00, real=0.00 secs] 
129.687: [Full GC (Ergonomics) [PSYoungGen: 21305K->0K(47104K)] [ParOldGen: 461329K->113169K(472064K)] 482635K->113169K(519168K), [Metaspace: 2796K->2796K(1056768K)], 0.0092278 secs] [Times: user=0.00 sys=0.00, real=0.01 secs] 
131.667: [GC (Allocation Failure) [PSYoungGen: 40766K->1024K(47104K)] 358736K->324113K(519168K), 0.0008587 secs] [Times: user=0.00 sys=0.00, real=0.00 secs] 
132.322: [GC (Allocation Failure) [PSYoungGen: 42817K->1024K(47104K)] 365907K->339473K(519168K), 0.0015110 secs] [Times: user=0.00 sys=0.00, real=0.00 secs] 
132.541: [GC (Allocation Failure) [PSYoungGen: 22334K->1024K(47104K)] 411983K->390673K(519168K), 0.0007929 secs] [Times: user=0.00 sys=0.00, real=0.00 secs] 
132.542: [GC (Allocation Failure) [PSYoungGen: 1024K->1024K(47104K)] 390673K->390673K(519168K), 0.0008489 secs] [Times: user=0.00 sys=0.00, real=0.00 secs] 
132.543: [Full GC (Allocation Failure) [PSYoungGen: 1024K->0K(47104K)] [ParOldGen: 389649K->57873K(472064K)] 390673K->57873K(519168K), [Metaspace: 2796K->2796K(1056768K)], 0.0052346 secs] [Times: user=0.00 sys=0.00, real=0.01 secs] 
133.538: [GC (Allocation Failure) [PSYoungGen: 33601K->1024K(47104K)] 193874K->166417K(519168K), 0.0008540 secs] [Times: user=0.00 sys=0.00, real=0.00 secs] 
134.080: [GC (Allocation Failure) [PSYoungGen: 42819K->1024K(47104K)] 361813K->330257K(519168K), 0.0012781 secs] [Times: user=0.00 sys=0.00, real=0.00 secs] 
135.172: [GC (Allocation Failure) [PSYoungGen: 29509K->0K(47104K)] 358742K->349713K(519168K), 0.0014196 secs] [Times: user=0.00 sys=0.00, real=0.00 secs] 
135.391: [GC (Allocation Failure) [PSYoungGen: 21309K->0K(47104K)] 422222K->400913K(519168K), 0.0007590 secs] [Times: user=0.00 sys=0.00, real=0.00 secs] 
135.392: [GC (Allocation Failure) [PSYoungGen: 0K->0K(47104K)] 400913K->400913K(519168K), 0.0007116 secs] [Times: user=0.00 sys=0.00, real=0.00 secs] 
135.392: [Full GC (Allocation Failure) [PSYoungGen: 0K->0K(47104K)] [ParOldGen: 400913K->61969K(472064K)] 400913K->61969K(519168K), [Metaspace: 2796K->2796K(1056768K)], 0.0057571 secs] [Times: user=0.00 sys=0.00, real=0.01 secs] 
136.386: [GC (Allocation Failure) [PSYoungGen: 33601K->0K(47104K)] 197970K->174609K(519168K), 0.0010635 secs] [Times: user=0.00 sys=0.00, real=0.00 secs] 
136.932: [GC (Allocation Failure) [PSYoungGen: 41795K->0K(47104K)] 370004K->348689K(519168K), 0.0020402 secs] [Times: user=0.00 sys=0.00, real=0.00 secs] 
137.807: [GC (Allocation Failure) [PSYoungGen: 33604K->0K(47104K)] 382294K->358929K(519168K), 0.0011517 secs] [Times: user=0.00 sys=0.00, real=0.00 secs] 
138.790: [GC (Allocation Failure) [PSYoungGen: 41790K->0K(47104K)] 451920K->410129K(519168K), 0.0010977 secs] [Times: user=0.02 sys=0.00, real=0.00 secs] 
139.445: [GC (Allocation Failure) [PSYoungGen: 41793K->0K(47104K)] 451923K->425489K(519168K), 0.0014974 secs] [Times: user=0.00 sys=0.00, real=0.00 secs] 
139.553: [GC (Allocation Failure) [PSYoungGen: 21309K->0K(47104K)] 446799K->445969K(519168K), 0.0022275 secs] [Times: user=0.00 sys=0.00, real=0.00 secs] 
139.555: [Full GC (Ergonomics) [PSYoungGen: 0K->0K(47104K)] [ParOldGen: 445969K->26129K(472064K)] 445969K->26129K(519168K), [Metaspace: 2796K->2796K(1056768K)], 0.0034285 secs] [Times: user=0.00 sys=0.00, real=0.00 secs] 
140.645: [GC (Allocation Failure) [PSYoungGen: 33590K->0K(47104K)] 213319K->189969K(519168K), 0.0009964 secs] [Times: user=0.00 sys=0.00, real=0.00 secs] 
141.191: [GC (Allocation Failure) [PSYoungGen: 41788K->0K(47104K)] 385357K->343569K(519168K), 0.0007328 secs] [Times: user=0.00 sys=0.00, real=0.00 secs] 
142.943: [GC (Allocation Failure) [PSYoungGen: 40768K->1024K(47104K)] 384337K->349713K(519168K), 0.0009293 secs] [Times: user=0.00 sys=0.00, real=0.00 secs] 
143.595: [GC (Allocation Failure) [PSYoungGen: 37692K->1024K(47104K)] 386382K->370193K(519168K), 0.0014999 secs] [Times: user=0.00 sys=0.00, real=0.00 secs] 
143.922: [GC (Allocation Failure) [PSYoungGen: 32570K->1024K(47104K)] 452939K->421393K(519168K), 0.0007656 secs] [Times: user=0.00 sys=0.00, real=0.00 secs] 
143.923: [GC (Allocation Failure) [PSYoungGen: 1024K->1024K(47104K)] 421393K->421393K(519168K), 0.0007891 secs] [Times: user=0.00 sys=0.00, real=0.00 secs] 
143.924: [Full GC (Allocation Failure) [PSYoungGen: 1024K->0K(47104K)] [ParOldGen: 420369K->62993K(472064K)] 421393K->62993K(519168K), [Metaspace: 2796K->2796K(1056768K)], 0.0058723 secs] [Times: user=0.00 sys=0.00, real=0.01 secs] 
144.923: [GC (Allocation Failure) [PSYoungGen: 33598K->0K(47104K)] 198992K->175633K(519168K), 0.0011847 secs] [Times: user=0.00 sys=0.00, real=0.00 secs] 
145.470: [GC (Allocation Failure) [PSYoungGen: 41793K->0K(47104K)] 371027K->339473K(519168K), 0.0012289 secs] [Times: user=0.00 sys=0.00, real=0.00 secs] 
146.563: [GC (Allocation Failure) [PSYoungGen: 23364K->0K(47104K)] 362837K->349713K(519168K), 0.0013298 secs] [Times: user=0.00 sys=0.00, real=0.00 secs] 
146.782: [GC (Allocation Failure) [PSYoungGen: 21306K->0K(47104K)] 422220K->421393K(519168K), 0.0023054 secs] [Times: user=0.00 sys=0.00, real=0.00 secs] 
146.785: [GC (Allocation Failure) [PSYoungGen: 0K->0K(47104K)] 421393K->421393K(519168K), 0.0008501 secs] [Times: user=0.00 sys=0.00, real=0.00 secs] 
146.785: [Full GC (Allocation Failure) [PSYoungGen: 0K->0K(47104K)] [ParOldGen: 421393K->72209K(472064K)] 421393K->72209K(519168K), [Metaspace: 2796K->2796K(1056768K)], 0.0067838 secs] [Times: user=0.00 sys=0.00, real=0.01 secs] 
147.782: [GC (Allocation Failure) [PSYoungGen: 33599K->0K(47104K)] 208208K->184849K(519168K), 0.0010120 secs] [Times: user=0.00 sys=0.00, real=0.00 secs] 
148.327: [GC (Allocation Failure) [PSYoungGen: 41794K->0K(47104K)] 380243K->338449K(519168K), 0.0008740 secs] [Times: user=0.00 sys=0.00, real=0.00 secs] 
149.197: [GC (Allocation Failure) [PSYoungGen: 33604K->0K(47104K)] 372053K->348689K(519168K), 0.0011099 secs] [Times: user=0.00 sys=0.00, real=0.00 secs] 
149.631: [GC (Allocation Failure) [PSYoungGen: 41790K->0K(47104K)] 441679K->399889K(519168K), 0.0013656 secs] [Times: user=0.00 sys=0.00, real=0.00 secs] 
149.633: [GC (Allocation Failure) [PSYoungGen: 0K->0K(47104K)] 399889K->399889K(519168K), 0.0011511 secs] [Times: user=0.00 sys=0.00, real=0.00 secs] 
149.634: [Full GC (Allocation Failure) [PSYoungGen: 0K->0K(47104K)] [ParOldGen: 399889K->133649K(472064K)] 399889K->133649K(519168K), [Metaspace: 2796K->2796K(1056768K)], 0.0099620 secs] [Times: user=0.00 sys=0.00, real=0.01 secs] 
150.848: [GC (Allocation Failure) [PSYoungGen: 36673K->0K(47104K)] 272722K->251409K(519168K), 0.0014129 secs] [Times: user=0.00 sys=0.00, real=0.00 secs] 
151.723: [GC (Allocation Failure) [PSYoungGen: 38723K->1024K(47104K)] 443733K->411153K(519168K), 0.0009372 secs] [Times: user=0.00 sys=0.00, real=0.00 secs] 
152.268: [GC (Allocation Failure) [PSYoungGen: 37701K->1024K(47104K)] 447830K->426513K(519168K), 0.0017016 secs] [Times: user=0.00 sys=0.00, real=0.00 secs] 
152.378: [GC (Allocation Failure) [PSYoungGen: 22335K->1024K(47104K)] 447824K->446993K(519168K), 0.0020997 secs] [Times: user=0.00 sys=0.00, real=0.00 secs] 
152.380: [Full GC (Ergonomics) [PSYoungGen: 1024K->0K(47104K)] [ParOldGen: 445969K->32273K(472064K)] 446993K->32273K(519168K), [Metaspace: 2796K->2796K(1056768K)], 0.0039211 secs] [Times: user=0.00 sys=0.00, real=0.00 secs] 
153.471: [GC (Allocation Failure) [PSYoungGen: 33590K->1024K(47104K)] 219464K->192017K(519168K), 0.0008505 secs] [Times: user=0.00 sys=0.00, real=0.00 secs] 
154.783: [GC (Allocation Failure) [PSYoungGen: 38716K->0K(47104K)] 229710K->201233K(519168K), 0.0013444 secs] [Times: user=0.00 sys=0.00, real=0.00 secs] 
155.111: [GC (Allocation Failure) [PSYoungGen: 26426K->0K(47104K)] 227659K->221713K(519168K), 0.0014419 secs] [Times: user=0.00 sys=0.00, real=0.00 secs] 
155.983: [GC (Allocation Failure) [PSYoungGen: 38709K->0K(47104K)] 414023K->385553K(519168K), 0.0014425 secs] [Times: user=0.00 sys=0.00, real=0.00 secs] 
156.529: [GC (Allocation Failure) [PSYoungGen: 36668K->0K(47104K)] 422221K->395793K(519168K), 0.0012049 secs] [Times: user=0.00 sys=0.00, real=0.00 secs] 
156.747: [GC (Allocation Failure) [PSYoungGen: 21305K->0K(47104K)] 468299K->467473K(519168K), 0.0022267 secs] [Times: user=0.00 sys=0.00, real=0.00 secs] 
156.750: [Full GC (Ergonomics) [PSYoungGen: 0K->0K(47104K)] [ParOldGen: 467473K->92689K(472064K)] 467473K->92689K(519168K), [Metaspace: 2796K->2796K(1056768K)], 0.0076624 secs] [Times: user=0.00 sys=0.00, real=0.01 secs] 
158.513: [GC (Allocation Failure) [PSYoungGen: 40766K->1024K(47104K)] 389456K->349713K(519168K), 0.0007357 secs] [Times: user=0.00 sys=0.00, real=0.00 secs] 
159.277: [GC (Allocation Failure) [PSYoungGen: 42817K->0K(47104K)] 391507K->364049K(519168K), 0.0014776 secs] [Times: user=0.00 sys=0.00, real=0.00 secs] 
159.604: [GC (Allocation Failure) [PSYoungGen: 31550K->0K(47104K)] 446799K->415249K(519168K), 0.0007801 secs] [Times: user=0.00 sys=0.00, real=0.00 secs] 
159.605: [GC (Allocation Failure) [PSYoungGen: 0K->0K(47104K)] 415249K->415249K(519168K), 0.0012259 secs] [Times: user=0.00 sys=0.00, real=0.00 secs] 
159.606: [Full GC (Allocation Failure) [PSYoungGen: 0K->0K(47104K)] [ParOldGen: 415249K->108049K(472064K)] 415249K->108049K(519168K), [Metaspace: 2796K->2796K(1056768K)], 0.0084130 secs] [Times: user=0.00 sys=0.00, real=0.01 secs] 
160.602: [GC (Allocation Failure) [PSYoungGen: 33601K->0K(47104K)] 244050K->220689K(519168K), 0.0010847 secs] [Times: user=0.00 sys=0.00, real=0.00 secs] 
161.146: [GC (Allocation Failure) [PSYoungGen: 41795K->0K(47104K)] 416085K->374289K(519168K), 0.0010416 secs] [Times: user=0.00 sys=0.00, real=0.00 secs] 
162.242: [GC (Allocation Failure) [PSYoungGen: 32581K->0K(47104K)] 406870K->389649K(519168K), 0.0016872 secs] [Times: user=0.00 sys=0.00, real=0.00 secs] 
162.460: [GC (Allocation Failure) [PSYoungGen: 21310K->0K(47104K)] 462159K->440849K(519168K), 0.0010153 secs] [Times: user=0.00 sys=0.00, real=0.00 secs] 
162.461: [Full GC (Ergonomics) [PSYoungGen: 0K->0K(47104K)] [ParOldGen: 440849K->56849K(472064K)] 440849K->56849K(519168K), [Metaspace: 2796K->2796K(1056768K)], 0.0053282 secs] [Times: user=0.02 sys=0.00, real=0.01 secs] 
163.455: [GC (Allocation Failure) [PSYoungGen: 33601K->1024K(47104K)] 192851K->165393K(519168K), 0.0009773 secs] [Times: user=0.00 sys=0.00, real=0.00 secs] 
164.001: [GC (Allocation Failure) [PSYoungGen: 42819K->1024K(47104K)] 360789K->329233K(519168K), 0.0014525 secs] [Times: user=0.00 sys=0.00, real=0.00 secs] 
164.874: [GC (Allocation Failure) [PSYoungGen: 34629K->1024K(47104K)] 362838K->339473K(519168K), 0.0012094 secs] [Times: user=0.00 sys=0.00, real=0.00 secs] 
166.082: [GC (Allocation Failure) [PSYoungGen: 42814K->0K(47104K)] 381264K->348689K(519168K), 0.0011052 secs] [Times: user=0.00 sys=0.00, real=0.00 secs] 
166.518: [GC (Allocation Failure) [PSYoungGen: 31548K->0K(47104K)] 380237K->358929K(519168K), 0.0014914 secs] [Times: user=0.00 sys=0.00, real=0.00 secs] 
166.737: [GC (Allocation Failure) [PSYoungGen: 21304K->0K(47104K)] 431433K->430609K(519168K), 0.0020727 secs] [Times: user=0.00 sys=0.00, real=0.00 secs] 
166.739: [Full GC (Ergonomics) [PSYoungGen: 0K->0K(47104K)] [ParOldGen: 430609K->77329K(472064K)] 430609K->77329K(519168K), [Metaspace: 2796K->2796K(1056768K)], 0.0063977 secs] [Times: user=0.02 sys=0.00, real=0.01 secs] 
167.734: [GC (Allocation Failure) [PSYoungGen: 33597K->0K(47104K)] 213327K->189969K(519168K), 0.0012031 secs] [Times: user=0.00 sys=0.00, real=0.00 secs] 
168.283: [GC (Allocation Failure) [PSYoungGen: 41793K->0K(47104K)] 385362K->343569K(519168K), 0.0007581 secs] [Times: user=0.00 sys=0.00, real=0.00 secs] 
169.591: [GC (Allocation Failure) [PSYoungGen: 23363K->0K(47104K)] 418133K->394769K(519168K), 0.0009891 secs] [Times: user=0.00 sys=0.00, real=0.00 secs] 
169.592: [GC (Allocation Failure) [PSYoungGen: 0K->0K(47104K)] 394769K->394769K(519168K), 0.0008254 secs] [Times: user=0.00 sys=0.00, real=0.00 secs] 
169.593: [Full GC (Allocation Failure) [PSYoungGen: 0K->0K(47104K)] [ParOldGen: 394769K->51729K(472064K)] 394769K->51729K(519168K), [Metaspace: 2796K->2796K(1056768K)], 0.0049551 secs] [Times: user=0.00 sys=0.00, real=0.00 secs] 
170.595: [GC (Allocation Failure) [PSYoungGen: 33605K->0K(47104K)] 187734K->164369K(519168K), 0.0009956 secs] [Times: user=0.00 sys=0.00, real=0.00 secs] 
171.146: [GC (Allocation Failure) [PSYoungGen: 41797K->0K(47104K)] 359767K->317969K(519168K), 0.0006508 secs] [Times: user=0.00 sys=0.00, real=0.00 secs] 
172.020: [GC (Allocation Failure) [PSYoungGen: 33606K->1024K(47104K)] 351576K->329233K(519168K), 0.0012343 secs] [Times: user=0.00 sys=0.00, real=0.00 secs] 
172.456: [GC (Allocation Failure) [PSYoungGen: 42815K->1024K(47104K)] 422225K->380433K(519168K), 0.0009016 secs] [Times: user=0.00 sys=0.00, real=0.00 secs] 
172.457: [GC (Allocation Failure) [PSYoungGen: 1024K->1024K(47104K)] 380433K->380433K(519168K), 0.0007109 secs] [Times: user=0.00 sys=0.00, real=0.00 secs] 
172.458: [Full GC (Allocation Failure) [PSYoungGen: 1024K->0K(47104K)] [ParOldGen: 379409K->165393K(472064K)] 380433K->165393K(519168K), [Metaspace: 2796K->2796K(1056768K)], 0.0125950 secs] [Times: user=0.00 sys=0.00, real=0.01 secs] 
173.671: [GC (Allocation Failure) [PSYoungGen: 28482K->0K(47104K)] 296275K->288273K(519168K), 0.0016420 secs] [Times: user=0.00 sys=0.00, real=0.00 secs] 
174.547: [Full GC (Ergonomics) [PSYoungGen: 38724K->0K(47104K)] [ParOldGen: 441873K->21009K(472064K)] 480597K->21009K(519168K), [Metaspace: 2796K->2796K(1056768K)], 0.0033215 secs] [Times: user=0.00 sys=0.00, real=0.00 secs] 
175.091: [GC (Allocation Failure) [PSYoungGen: 36677K->0K(47104K)] 57686K->41489K(519168K), 0.0013931 secs] [Times: user=0.00 sys=0.00, real=0.00 secs] 
175.965: [GC (Allocation Failure) [PSYoungGen: 38719K->0K(47104K)] 233809K->205329K(519168K), 0.0010873 secs] [Times: user=0.00 sys=0.00, real=0.00 secs] 
176.511: [GC (Allocation Failure) [PSYoungGen: 36674K->0K(47104K)] 242003K->215569K(519168K), 0.0014308 secs] [Times: user=0.00 sys=0.00, real=0.00 secs] 
177.604: [GC (Allocation Failure) [PSYoungGen: 41789K->0K(47104K)] 257359K->225809K(519168K), 0.0012506 secs] [Times: user=0.00 sys=0.00, real=0.00 secs] 
177.932: [GC (Allocation Failure) [PSYoungGen: 26427K->0K(47104K)] 252236K->236049K(519168K), 0.0014744 secs] [Times: user=0.00 sys=0.00, real=0.00 secs] 
178.808: [GC (Allocation Failure) [PSYoungGen: 38710K->0K(47104K)] 428360K->394769K(519168K), 0.0011083 secs] [Times: user=0.00 sys=0.00, real=0.00 secs] 
179.353: [GC (Allocation Failure) [PSYoungGen: 36668K->0K(47104K)] 431438K->410129K(519168K), 0.0015819 secs] [Times: user=0.00 sys=0.00, real=0.00 secs] 
179.570: [Full GC (Ergonomics) [PSYoungGen: 21305K->0K(47104K)] [ParOldGen: 461329K->113169K(472064K)] 482635K->113169K(519168K), [Metaspace: 2796K->2796K(1056768K)], 0.0089367 secs] [Times: user=0.00 sys=0.00, real=0.01 secs] 
181.553: [GC (Allocation Failure) [PSYoungGen: 40766K->1024K(47104K)] 358736K->324113K(519168K), 0.0009871 secs] [Times: user=0.00 sys=0.00, real=0.00 secs] 
182.208: [GC (Allocation Failure) [PSYoungGen: 42817K->1024K(47104K)] 365907K->339473K(519168K), 0.0015317 secs] [Times: user=0.00 sys=0.00, real=0.00 secs] 
182.430: [GC (Allocation Failure) [PSYoungGen: 22334K->1024K(47104K)] 411983K->390673K(519168K), 0.0007662 secs] [Times: user=0.00 sys=0.00, real=0.00 secs] 
182.430: [GC (Allocation Failure) [PSYoungGen: 1024K->1024K(47104K)] 390673K->390673K(519168K), 0.0006478 secs] [Times: user=0.00 sys=0.00, real=0.00 secs] 
182.431: [Full GC (Allocation Failure) [PSYoungGen: 1024K->0K(47104K)] [ParOldGen: 389649K->57873K(472064K)] 390673K->57873K(519168K), [Metaspace: 2796K->2796K(1056768K)], 0.0051364 secs] [Times: user=0.00 sys=0.00, real=0.01 secs] 
183.431: [GC (Allocation Failure) [PSYoungGen: 33601K->1024K(47104K)] 193874K->166417K(519168K), 0.0008581 secs] [Times: user=0.00 sys=0.00, real=0.00 secs] 
183.977: [GC (Allocation Failure) [PSYoungGen: 42819K->1024K(47104K)] 361813K->330257K(519168K), 0.0012993 secs] [Times: user=0.00 sys=0.00, real=0.00 secs] 
185.065: [GC (Allocation Failure) [PSYoungGen: 29509K->0K(47104K)] 358742K->349713K(519168K), 0.0014963 secs] [Times: user=0.00 sys=0.00, real=0.00 secs] 
185.281: [GC (Allocation Failure) [PSYoungGen: 21309K->0K(47104K)] 422222K->400913K(519168K), 0.0009071 secs] [Times: user=0.00 sys=0.00, real=0.00 secs] 
185.282: [GC (Allocation Failure) [PSYoungGen: 0K->0K(47104K)] 400913K->400913K(519168K), 0.0009002 secs] [Times: user=0.00 sys=0.00, real=0.00 secs] 
185.283: [Full GC (Allocation Failure) [PSYoungGen: 0K->0K(47104K)] [ParOldGen: 400913K->61969K(472064K)] 400913K->61969K(519168K), [Metaspace: 2796K->2796K(1056768K)], 0.0059550 secs] [Times: user=0.00 sys=0.00, real=0.01 secs] 
186.280: [GC (Allocation Failure) [PSYoungGen: 33601K->0K(47104K)] 197970K->174609K(519168K), 0.0010238 secs] [Times: user=0.00 sys=0.00, real=0.00 secs] 
186.828: [GC (Allocation Failure) [PSYoungGen: 41795K->0K(47104K)] 370004K->348689K(519168K), 0.0019476 secs] [Times: user=0.00 sys=0.00, real=0.00 secs] 
187.701: [GC (Allocation Failure) [PSYoungGen: 33604K->0K(47104K)] 382294K->358929K(519168K), 0.0010904 secs] [Times: user=0.00 sys=0.00, real=0.00 secs] 
188.682: [GC (Allocation Failure) [PSYoungGen: 41790K->0K(47104K)] 451920K->410129K(519168K), 0.0008707 secs] [Times: user=0.00 sys=0.00, real=0.00 secs] 
189.343: [GC (Allocation Failure) [PSYoungGen: 41793K->0K(47104K)] 451923K->425489K(519168K), 0.0018082 secs] [Times: user=0.00 sys=0.00, real=0.00 secs] 
189.451: [GC (Allocation Failure) [PSYoungGen: 21309K->0K(47104K)] 446799K->445969K(519168K), 0.0022532 secs] [Times: user=0.00 sys=0.00, real=0.00 secs] 
189.453: [Full GC (Ergonomics) [PSYoungGen: 0K->0K(47104K)] [ParOldGen: 445969K->26129K(472064K)] 445969K->26129K(519168K), [Metaspace: 2796K->2796K(1056768K)], 0.0036164 secs] [Times: user=0.00 sys=0.00, real=0.00 secs] 
190.539: [GC (Allocation Failure) [PSYoungGen: 33590K->0K(47104K)] 213319K->189969K(519168K), 0.0009827 secs] [Times: user=0.00 sys=0.00, real=0.00 secs] 
191.086: [GC (Allocation Failure) [PSYoungGen: 41788K->0K(47104K)] 385357K->343569K(519168K), 0.0007050 secs] [Times: user=0.00 sys=0.00, real=0.00 secs] 
192.834: [GC (Allocation Failure) [PSYoungGen: 40768K->1056K(47104K)] 384337K->349745K(519168K), 0.0008718 secs] [Times: user=0.00 sys=0.00, real=0.00 secs] 
193.488: [GC (Allocation Failure) [PSYoungGen: 37724K->1056K(47104K)] 386414K->370225K(519168K), 0.0013255 secs] [Times: user=0.00 sys=0.00, real=0.00 secs] 
193.815: [GC (Allocation Failure) [PSYoungGen: 32602K->1056K(47104K)] 452971K->421425K(519168K), 0.0013051 secs] [Times: user=0.00 sys=0.00, real=0.00 secs] 
193.816: [GC (Allocation Failure) [PSYoungGen: 1056K->1056K(47104K)] 421425K->421425K(519168K), 0.0008248 secs] [Times: user=0.00 sys=0.00, real=0.00 secs] 
193.817: [Full GC (Allocation Failure) [PSYoungGen: 1056K->0K(47104K)] [ParOldGen: 420369K->62993K(472064K)] 421425K->62993K(519168K), [Metaspace: 2796K->2796K(1056768K)], 0.0059666 secs] [Times: user=0.02 sys=0.00, real=0.01 secs] 
194.813: [GC (Allocation Failure) [PSYoungGen: 33598K->64K(47104K)] 198992K->175697K(519168K), 0.0009544 secs] [Times: user=0.00 sys=0.00, real=0.00 secs] 
195.359: [GC (Allocation Failure) [PSYoungGen: 41857K->32K(47104K)] 371091K->339505K(519168K), 0.0012399 secs] [Times: user=0.00 sys=0.00, real=0.00 secs] 
196.450: [GC (Allocation Failure) [PSYoungGen: 23396K->32K(47104K)] 362869K->349745K(519168K), 0.0012516 secs] [Times: user=0.00 sys=0.00, real=0.00 secs] 
196.668: [GC (Allocation Failure) [PSYoungGen: 21338K->64K(47104K)] 422252K->421457K(519168K), 0.0021545 secs] [Times: user=0.00 sys=0.00, real=0.00 secs] 
196.670: [GC (Allocation Failure) [PSYoungGen: 64K->32K(47104K)] 421457K->421425K(519168K), 0.0010169 secs] [Times: user=0.00 sys=0.00, real=0.00 secs] 
196.671: [Full GC (Allocation Failure) [PSYoungGen: 32K->0K(47104K)] [ParOldGen: 421393K->72209K(472064K)] 421425K->72209K(519168K), [Metaspace: 2796K->2796K(1056768K)], 0.0064193 secs] [Times: user=0.00 sys=0.00, real=0.01 secs] 
197.666: [GC (Allocation Failure) [PSYoungGen: 33599K->0K(47104K)] 208209K->184849K(519168K), 0.0009367 secs] [Times: user=0.00 sys=0.00, real=0.00 secs] 
198.211: [GC (Allocation Failure) [PSYoungGen: 41794K->0K(47104K)] 380244K->338449K(519168K), 0.0010887 secs] [Times: user=0.00 sys=0.00, real=0.00 secs] 
199.088: [GC (Allocation Failure) [PSYoungGen: 33604K->0K(47104K)] 372054K->348689K(519168K), 0.0009889 secs] [Times: user=0.01 sys=0.00, real=0.00 secs] 
199.524: [GC (Allocation Failure) [PSYoungGen: 41790K->0K(47104K)] 441680K->399889K(519168K), 0.0011416 secs] [Times: user=0.00 sys=0.00, real=0.00 secs] 
199.525: [GC (Allocation Failure) [PSYoungGen: 0K->0K(47104K)] 399889K->399889K(519168K), 0.0007440 secs] [Times: user=0.00 sys=0.00, real=0.00 secs] 
199.526: [Full GC (Allocation Failure) [PSYoungGen: 0K->0K(47104K)] [ParOldGen: 399889K->133649K(472064K)] 399889K->133649K(519168K), [Metaspace: 2796K->2796K(1056768K)], 0.0100550 secs] [Times: user=0.00 sys=0.00, real=0.01 secs] 
200.742: [GC (Allocation Failure) [PSYoungGen: 36673K->0K(47104K)] 272723K->251409K(519168K), 0.0015362 secs] [Times: user=0.00 sys=0.00, real=0.00 secs] 
201.614: [GC (Allocation Failure) [PSYoungGen: 38723K->1024K(47104K)] 443733K->411153K(519168K), 0.0009295 secs] [Times: user=0.00 sys=0.00, real=0.00 secs] 
202.164: [GC (Allocation Failure) [PSYoungGen: 37701K->1024K(47104K)] 447831K->426513K(519168K), 0.0015668 secs] [Times: user=0.00 sys=0.00, real=0.00 secs] 
202.273: [GC (Allocation Failure) [PSYoungGen: 22335K->1024K(47104K)] 447825K->446993K(519168K), 0.0023663 secs] [Times: user=0.00 sys=0.00, real=0.00 secs] 
202.275: [Full GC (Ergonomics) [PSYoungGen: 1024K->0K(47104K)] [ParOldGen: 445969K->32273K(472064K)] 446993K->32273K(519168K), [Metaspace: 2796K->2796K(1056768K)], 0.0036866 secs] [Times: user=0.00 sys=0.00, real=0.00 secs] 
203.367: [GC (Allocation Failure) [PSYoungGen: 33590K->1024K(47104K)] 219464K->192017K(519168K), 0.0008259 secs] [Times: user=0.00 sys=0.00, real=0.00 secs] 
204.670: [GC (Allocation Failure) [PSYoungGen: 38716K->0K(47104K)] 229710K->201233K(519168K), 0.0011008 secs] [Times: user=0.00 sys=0.00, real=0.00 secs] 
204.998: [GC (Allocation Failure) [PSYoungGen: 26426K->0K(47104K)] 227660K->221713K(519168K), 0.0014151 secs] [Times: user=0.00 sys=0.00, real=0.00 secs] 
205.873: [GC (Allocation Failure) [PSYoungGen: 38709K->0K(47104K)] 414023K->385553K(519168K), 0.0011551 secs] [Times: user=0.00 sys=0.00, real=0.00 secs] 
206.420: [GC (Allocation Failure) [PSYoungGen: 36668K->0K(47104K)] 422222K->395793K(519168K), 0.0015012 secs] [Times: user=0.00 sys=0.00, real=0.00 secs] 
206.638: [GC (Allocation Failure) [PSYoungGen: 21305K->0K(47104K)] 468299K->467474K(519168K), 0.0020535 secs] [Times: user=0.00 sys=0.00, real=0.00 secs] 
206.640: [Full GC (Ergonomics) [PSYoungGen: 0K->0K(47104K)] [ParOldGen: 467474K->92689K(472064K)] 467474K->92689K(519168K), [Metaspace: 2796K->2796K(1056768K)], 0.0075949 secs] [Times: user=0.00 sys=0.00, real=0.01 secs] 
208.394: [GC (Allocation Failure) [PSYoungGen: 40766K->1024K(47104K)] 389456K->349713K(519168K), 0.0005965 secs] [Times: user=0.00 sys=0.00, real=0.00 secs] 
209.157: [GC (Allocation Failure) [PSYoungGen: 42817K->0K(47104K)] 391507K->364049K(519168K), 0.0014476 secs] [Times: user=0.00 sys=0.00, real=0.00 secs] 
209.485: [GC (Allocation Failure) [PSYoungGen: 31550K->0K(47104K)] 446799K->415249K(519168K), 0.0011947 secs] [Times: user=0.00 sys=0.00, real=0.00 secs] 
209.486: [GC (Allocation Failure) [PSYoungGen: 0K->0K(47104K)] 415249K->415249K(519168K), 0.0009213 secs] [Times: user=0.00 sys=0.00, real=0.00 secs] 
209.487: [Full GC (Allocation Failure) [PSYoungGen: 0K->0K(47104K)] [ParOldGen: 415249K->108049K(472064K)] 415249K->108049K(519168K), [Metaspace: 2796K->2796K(1056768K)], 0.0094501 secs] [Times: user=0.00 sys=0.00, real=0.01 secs] 
210.484: [GC (Allocation Failure) [PSYoungGen: 33601K->0K(47104K)] 244051K->220689K(519168K), 0.0011726 secs] [Times: user=0.00 sys=0.00, real=0.00 secs] 
211.028: [GC (Allocation Failure) [PSYoungGen: 41795K->0K(47104K)] 416085K->374289K(519168K), 0.0008937 secs] [Times: user=0.00 sys=0.00, real=0.00 secs] 
212.120: [GC (Allocation Failure) [PSYoungGen: 32581K->0K(47104K)] 406870K->389649K(519168K), 0.0015178 secs] [Times: user=0.00 sys=0.00, real=0.00 secs] 
212.338: [GC (Allocation Failure) [PSYoungGen: 21310K->0K(47104K)] 462160K->440849K(519168K), 0.0010064 secs] [Times: user=0.00 sys=0.00, real=0.00 secs] 
212.339: [Full GC (Ergonomics) [PSYoungGen: 0K->0K(47104K)] [ParOldGen: 440849K->56849K(472064K)] 440849K->56849K(519168K), [Metaspace: 2796K->2796K(1056768K)], 0.0051377 secs] [Times: user=0.00 sys=0.00, real=0.01 secs] 
213.335: [GC (Allocation Failure) [PSYoungGen: 33601K->1024K(47104K)] 192851K->165393K(519168K), 0.0009083 secs] [Times: user=0.00 sys=0.00, real=0.00 secs] 
213.882: [GC (Allocation Failure) [PSYoungGen: 42819K->1024K(47104K)] 360789K->329233K(519168K), 0.0012738 secs] [Times: user=0.00 sys=0.00, real=0.00 secs] 
214.754: [GC (Allocation Failure) [PSYoungGen: 34629K->1024K(47104K)] 362839K->339473K(519168K), 0.0011465 secs] [Times: user=0.00 sys=0.00, real=0.00 secs] 
215.951: [GC (Allocation Failure) [PSYoungGen: 42814K->0K(47104K)] 381264K->348689K(519168K), 0.0012710 secs] [Times: user=0.00 sys=0.00, real=0.00 secs] 
216.388: [GC (Allocation Failure) [PSYoungGen: 31548K->0K(47104K)] 380237K->358929K(519168K), 0.0013386 secs] [Times: user=0.00 sys=0.00, real=0.00 secs] 
216.607: [GC (Allocation Failure) [PSYoungGen: 21304K->0K(47104K)] 431434K->430609K(519168K), 0.0021702 secs] [Times: user=0.00 sys=0.00, real=0.00 secs] 
216.609: [Full GC (Ergonomics) [PSYoungGen: 0K->0K(47104K)] [ParOldGen: 430609K->77329K(472064K)] 430609K->77329K(519168K), [Metaspace: 2796K->2796K(1056768K)], 0.0064854 secs] [Times: user=0.00 sys=0.00, real=0.01 secs] 
217.607: [GC (Allocation Failure) [PSYoungGen: 33597K->0K(47104K)] 213327K->189969K(519168K), 0.0011727 secs] [Times: user=0.00 sys=0.00, real=0.00 secs] 
218.153: [GC (Allocation Failure) [PSYoungGen: 41793K->0K(47104K)] 385363K->343569K(519168K), 0.0007323 secs] [Times: user=0.00 sys=0.00, real=0.00 secs] 
Heap
 PSYoungGen      total 47104K, used 24203K [0x00000000fcd00000, 0x0000000100000000, 0x0000000100000000)
  eden space 41984K, 57% used [0x00000000fcd00000,0x00000000fe4a2e88,0x00000000ff600000)
  from space 5120K, 0% used [0x00000000ff600000,0x00000000ff600000,0x00000000ffb00000)
  to   space 5120K, 0% used [0x00000000ffb00000,0x00000000ffb00000,0x0000000100000000)
 ParOldGen       total 472064K, used 343569K [0x00000000e0000000, 0x00000000fcd00000, 0x00000000fcd00000)
  object space 472064K, 72% used [0x00000000e0000000,0x00000000f4f84760,0x00000000fcd00000)
 Metaspace       used 2804K, capacity 4486K, committed 4864K, reserved 1056768K
  class space    used 297K, capacity 386K, committed 512K, reserved 1048576K
