Java HotSpot(TM) 64-Bit Server VM (25.411-b09) for windows-amd64 JRE (1.8.0_411-b09), built on Mar 13 2024 07:26:13 by "java_re" with MS VC++ 17.1 (VS2022)
Memory: 4k page, physical 33403376k(13050476k free), swap 37876016k(5783912k free)
CommandLine flags: -XX:InitialHeapSize=536870912 -XX:MaxHeapSize=536870912 -XX:NewRatio=1 -XX:ParallelGCThreads=6 -XX:+PrintGC -XX:+PrintGCDetails -XX:+PrintGCTimeStamps -XX:SurvivorRatio=1 -XX:-UseAdaptiveSizePolicy -XX:+UseCompressedClassPointers -XX:+UseCompressedOops -XX:-UseLargePagesIndividualAllocation -XX:+UseParallelGC 
1.855: [GC (Allocation Failure) [PSYoungGen: 84132K->11944K(175104K)] 237732K->165552K(437248K), 0.0027152 secs] [Times: user=0.00 sys=0.00, real=0.00 secs] 
2.847: [GC (Allocation Failure) [PSYoungGen: 80265K->11912K(175104K)] 285073K->216720K(437248K), 0.0025538 secs] [Times: user=0.00 sys=0.00, real=0.00 secs] 
2.849: [GC (Allocation Failure) [PSYoungGen: 11912K->11848K(175104K)] 216720K->216656K(437248K), 0.0009883 secs] [Times: user=0.00 sys=0.00, real=0.00 secs] 
2.850: [Full GC (Allocation Failure) [PSYoungGen: 11848K->0K(175104K)] [ParOldGen: 204808K->62992K(262144K)] 216656K->62992K(437248K), [Metaspace: 2749K->2749K(1056768K)], 0.0080535 secs] [Times: user=0.00 sys=0.00, real=0.01 secs] 
5.375: [GC (Allocation Failure) [PSYoungGen: 85729K->15424K(175104K)] 251122K->180816K(437248K), 0.0023445 secs] [Times: user=0.00 sys=0.00, real=0.00 secs] 
5.701: [GC (Allocation Failure) [PSYoungGen: 99105K->66624K(175104K)] 264498K->232016K(437248K), 0.0151661 secs] [Times: user=0.02 sys=0.00, real=0.01 secs] 
5.716: [GC (Allocation Failure) [PSYoungGen: 66624K->66624K(175104K)] 232016K->232016K(437248K), 0.0172186 secs] [Times: user=0.02 sys=0.00, real=0.02 secs] 
5.733: [Full GC (Allocation Failure) [PSYoungGen: 66624K->0K(175104K)] [ParOldGen: 165392K->67088K(262144K)] 232016K->67088K(437248K), [Metaspace: 2753K->2753K(1056768K)], 0.0059858 secs] [Times: user=0.00 sys=0.00, real=0.01 secs] 
7.167: [GC (Allocation Failure) [PSYoungGen: 75340K->25632K(175104K)] 296029K->246320K(437248K), 0.0024688 secs] [Times: user=0.00 sys=0.00, real=0.00 secs] 
7.169: [GC (Allocation Failure) [PSYoungGen: 25632K->25632K(175104K)] 246320K->246328K(437248K), 0.0024577 secs] [Times: user=0.02 sys=0.00, real=0.00 secs] 
7.172: [Full GC (Allocation Failure) [PSYoungGen: 25632K->0K(175104K)] [ParOldGen: 220696K->92688K(262144K)] 246328K->92688K(437248K), [Metaspace: 2759K->2759K(1056768K)], 0.0071237 secs] [Times: user=0.00 sys=0.00, real=0.01 secs] 
8.617: [Full GC (Ergonomics) [PSYoungGen: 38621K->0K(175104K)] [ParOldGen: 246288K->51728K(262144K)] 284910K->51728K(437248K), [Metaspace: 2759K->2759K(1056768K)], 0.0057558 secs] [Times: user=0.00 sys=0.00, real=0.01 secs] 
10.034: [GC (Allocation Failure) [PSYoungGen: 74462K->5120K(175104K)] 279790K->210448K(437248K), 0.0006385 secs] [Times: user=0.00 sys=0.00, real=0.00 secs] 
10.034: [GC (Allocation Failure) [PSYoungGen: 5120K->5120K(175104K)] 210448K->210448K(437248K), 0.0006027 secs] [Times: user=0.00 sys=0.00, real=0.00 secs] 
10.035: [Full GC (Allocation Failure) [PSYoungGen: 5120K->0K(175104K)] [ParOldGen: 205328K->108048K(262144K)] 210448K->108048K(437248K), [Metaspace: 2761K->2761K(1056768K)], 0.0049341 secs] [Times: user=0.00 sys=0.00, real=0.01 secs] 
11.471: [Full GC (Ergonomics) [PSYoungGen: 74463K->0K(175104K)] [ParOldGen: 261648K->215568K(262144K)] 336112K->215568K(437248K), [Metaspace: 2761K->2761K(1056768K)], 0.0129588 secs] [Times: user=0.02 sys=0.00, real=0.01 secs] 
11.484: [GC (Allocation Failure) [PSYoungGen: 0K->0K(175104K)] 215568K->215568K(437248K), 0.0009482 secs] [Times: user=0.00 sys=0.00, real=0.00 secs] 
11.485: [Full GC (Allocation Failure) [PSYoungGen: 0K->0K(175104K)] [ParOldGen: 215568K->215552K(262144K)] 215568K->215552K(437248K), [Metaspace: 2761K->2761K(1056768K)], 0.0189305 secs] [Times: user=0.00 sys=0.00, real=0.02 secs] 
Heap
 PSYoungGen      total 175104K, used 3521K [0x00000000f0000000, 0x0000000100000000, 0x0000000100000000)
  eden space 88064K, 3% used [0x00000000f0000000,0x00000000f03705e0,0x00000000f5600000)
  from space 87040K, 0% used [0x00000000f5600000,0x00000000f5600000,0x00000000fab00000)
  to   space 87040K, 0% used [0x00000000fab00000,0x00000000fab00000,0x0000000100000000)
 ParOldGen       total 262144K, used 215552K [0x00000000e0000000, 0x00000000f0000000, 0x00000000f0000000)
  object space 262144K, 82% used [0x00000000e0000000,0x00000000ed280108,0x00000000f0000000)
 Metaspace       used 2793K, capacity 4486K, committed 4864K, reserved 1056768K
  class space    used 300K, capacity 386K, committed 512K, reserved 1048576K
