[2024-08-25T15:33:45.211+0800] Using Parallel
[2024-08-25T15:33:45.216+0800] Version: 17.0.11+1-LTS (release)
[2024-08-25T15:33:45.216+0800] CPUs: 12 total, 12 available
[2024-08-25T15:33:45.216+0800] Memory: 32620M
[2024-08-25T15:33:45.216+0800] Large Page Support: Disabled
[2024-08-25T15:33:45.216+0800] NUMA Support: Disabled
[2024-08-25T15:33:45.216+0800] Compressed Oops: Enabled (32-bit)
[2024-08-25T15:33:45.216+0800] Alignments: Space 512K, Generation 512K, Heap 2M
[2024-08-25T15:33:45.216+0800] Heap Min Capacity: 2G
[2024-08-25T15:33:45.216+0800] Heap Initial Capacity: 2G
[2024-08-25T15:33:45.216+0800] Heap Max Capacity: 2G
[2024-08-25T15:33:45.216+0800] Pre-touch: Disabled
[2024-08-25T15:33:45.216+0800] Parallel Workers: 10
[2024-08-25T15:33:45.223+0800] CDS archive(s) mapped at: [0x0000029380000000-0x0000029380bc0000-0x0000029380bc0000), size 12320768, SharedBaseAddress: 0x0000029380000000, ArchiveRelocationMode: 1.
[2024-08-25T15:33:45.223+0800] Compressed class space mapped at: 0x0000029381000000-0x00000293c1000000, reserved size: 1073741824
[2024-08-25T15:33:45.223+0800] Narrow klass base: 0x0000029380000000, Narrow klass shift: 0, Narrow klass range: 0x100000000
[2024-08-25T15:33:52.292+0800] GC(0) Pause Young (Allocation Failure)
[2024-08-25T15:33:52.306+0800] GC(0) PSYoungGen: 869786K(961536K)->63336K(961536K) Eden: 869786K(874496K)->0K(874496K) From: 0K(87040K)->63336K(87040K)
[2024-08-25T15:33:52.306+0800] GC(0) ParOldGen: 0K(1048576K)->8K(1048576K)
[2024-08-25T15:33:52.306+0800] GC(0) Metaspace: 1016K(1216K)->1016K(1216K) NonClass: 934K(1024K)->934K(1024K) Class: 81K(192K)->81K(192K)
[2024-08-25T15:33:52.306+0800] GC(0) Pause Young (Allocation Failure) 849M->61M(1963M) 14.799ms
[2024-08-25T15:33:52.306+0800] GC(0) User=0.02s Sys=0.00s Real=0.01s
[2024-08-25T15:33:57.992+0800] GC(1) Pause Young (Allocation Failure)
[2024-08-25T15:33:57.999+0800] GC(1) PSYoungGen: 917008K(961536K)->27464K(961536K) Eden: 853672K(874496K)->0K(874496K) From: 63336K(87040K)->27464K(87040K)
[2024-08-25T15:33:57.999+0800] GC(1) ParOldGen: 8K(1048576K)->16K(1048576K)
[2024-08-25T15:33:57.999+0800] GC(1) Metaspace: 1020K(1216K)->1020K(1216K) NonClass: 939K(1024K)->939K(1024K) Class: 81K(192K)->81K(192K)
[2024-08-25T15:33:57.999+0800] GC(1) Pause Young (Allocation Failure) 895M->26M(1963M) 7.024ms
[2024-08-25T15:33:57.999+0800] GC(1) User=0.00s Sys=0.00s Real=0.01s
[2024-08-25T15:34:03.790+0800] GC(2) Pause Young (Allocation Failure)
[2024-08-25T15:34:03.808+0800] GC(2) PSYoungGen: 812345K(961536K)->83768K(961536K) Eden: 784880K(874496K)->0K(874496K) From: 27464K(87040K)->83768K(87040K)
[2024-08-25T15:34:03.808+0800] GC(2) ParOldGen: 16K(1048576K)->51216K(1048576K)
[2024-08-25T15:34:03.808+0800] GC(2) Metaspace: 1024K(1216K)->1024K(1216K) NonClass: 942K(1024K)->942K(1024K) Class: 81K(192K)->81K(192K)
[2024-08-25T15:34:03.809+0800] GC(2) Pause Young (Allocation Failure) 793M->131M(1963M) 18.507ms
[2024-08-25T15:34:03.809+0800] GC(2) User=0.00s Sys=0.02s Real=0.02s
[2024-08-25T15:34:09.480+0800] GC(3) Pause Young (Allocation Failure)
[2024-08-25T15:34:09.491+0800] GC(3) PSYoungGen: 925735K(961536K)->63352K(961536K) Eden: 841967K(874496K)->0K(874496K) From: 83768K(87040K)->63352K(87040K)
[2024-08-25T15:34:09.491+0800] GC(3) ParOldGen: 51216K(1048576K)->51224K(1048576K)
[2024-08-25T15:34:09.491+0800] GC(3) Metaspace: 1030K(1216K)->1030K(1216K) NonClass: 948K(1024K)->948K(1024K) Class: 81K(192K)->81K(192K)
[2024-08-25T15:34:09.491+0800] GC(3) Pause Young (Allocation Failure) 954M->111M(1963M) 10.967ms
[2024-08-25T15:34:09.491+0800] GC(3) User=0.00s Sys=0.00s Real=0.01s
[2024-08-25T15:34:15.733+0800] GC(4) Pause Young (Allocation Failure)
[2024-08-25T15:34:15.763+0800] GC(4) PSYoungGen: 933048K(961536K)->68424K(961536K) Eden: 869696K(874496K)->0K(874496K) From: 63352K(87040K)->68424K(87040K)
[2024-08-25T15:34:15.763+0800] GC(4) ParOldGen: 51224K(1048576K)->153632K(1048576K)
[2024-08-25T15:34:15.763+0800] GC(4) Metaspace: 1051K(1216K)->1051K(1216K) NonClass: 969K(1024K)->969K(1024K) Class: 81K(192K)->81K(192K)
[2024-08-25T15:34:15.763+0800] GC(4) Pause Young (Allocation Failure) 961M->216M(1963M) 31.465ms
[2024-08-25T15:34:15.763+0800] GC(4) User=0.00s Sys=0.02s Real=0.03s
[2024-08-25T15:34:22.201+0800] GC(5) Pause Young (Allocation Failure)
[2024-08-25T15:34:22.204+0800] GC(5) PSYoungGen: 917145K(961536K)->58152K(961536K) Eden: 848721K(874496K)->0K(874496K) From: 68424K(87040K)->58152K(87040K)
[2024-08-25T15:34:22.204+0800] GC(5) ParOldGen: 153632K(1048576K)->153640K(1048576K)
[2024-08-25T15:34:22.204+0800] GC(5) Metaspace: 1051K(1216K)->1051K(1216K) NonClass: 969K(1024K)->969K(1024K) Class: 81K(192K)->81K(192K)
[2024-08-25T15:34:22.204+0800] GC(5) Pause Young (Allocation Failure) 1045M->206M(1963M) 3.560ms
[2024-08-25T15:34:22.204+0800] GC(5) User=0.00s Sys=0.00s Real=0.00s
[2024-08-25T15:34:29.289+0800] GC(6) Pause Young (Allocation Failure)
[2024-08-25T15:34:29.292+0800] GC(6) PSYoungGen: 890172K(961536K)->31936K(961536K) Eden: 832020K(874496K)->0K(874496K) From: 58152K(87040K)->31936K(87040K)
[2024-08-25T15:34:29.292+0800] GC(6) ParOldGen: 153640K(1048576K)->155384K(1048576K)
[2024-08-25T15:34:29.292+0800] GC(6) Metaspace: 1068K(1280K)->1068K(1280K) NonClass: 987K(1088K)->987K(1088K) Class: 81K(192K)->81K(192K)
[2024-08-25T15:34:29.292+0800] GC(6) Pause Young (Allocation Failure) 1019M->182M(1963M) 2.636ms
[2024-08-25T15:34:29.292+0800] GC(6) User=0.00s Sys=0.00s Real=0.00s
[2024-08-25T15:34:34.853+0800] GC(7) Pause Young (Allocation Failure)
[2024-08-25T15:34:34.870+0800] GC(7) PSYoungGen: 891008K(961536K)->41120K(961536K) Eden: 859071K(874496K)->0K(874496K) From: 31936K(87040K)->41120K(87040K)
[2024-08-25T15:34:34.870+0800] GC(7) ParOldGen: 155384K(1048576K)->206600K(1048576K)
[2024-08-25T15:34:34.870+0800] GC(7) Metaspace: 1068K(1280K)->1068K(1280K) NonClass: 987K(1088K)->987K(1088K) Class: 81K(192K)->81K(192K)
[2024-08-25T15:34:34.870+0800] GC(7) Pause Young (Allocation Failure) 1021M->241M(1963M) 17.352ms
[2024-08-25T15:34:34.871+0800] GC(7) User=0.02s Sys=0.00s Real=0.02s
[2024-08-25T15:34:40.753+0800] GC(8) Pause Young (Allocation Failure)
[2024-08-25T15:34:40.758+0800] GC(8) PSYoungGen: 820364K(961536K)->66624K(961536K) Eden: 779244K(874496K)->0K(874496K) From: 41120K(87040K)->66624K(87040K)
[2024-08-25T15:34:40.758+0800] GC(8) ParOldGen: 206600K(1048576K)->206624K(1048576K)
[2024-08-25T15:34:40.758+0800] GC(8) Metaspace: 1070K(1280K)->1070K(1280K) NonClass: 988K(1088K)->988K(1088K) Class: 81K(192K)->81K(192K)
[2024-08-25T15:34:40.758+0800] GC(8) Pause Young (Allocation Failure) 1002M->266M(1963M) 5.271ms
[2024-08-25T15:34:40.758+0800] GC(8) User=0.00s Sys=0.00s Real=0.00s
[2024-08-25T15:34:46.339+0800] GC(9) Pause Young (Allocation Failure)
[2024-08-25T15:34:46.372+0800] GC(9) PSYoungGen: 890983K(961536K)->81920K(961536K) Eden: 824359K(874496K)->0K(874496K) From: 66624K(87040K)->81920K(87040K)
[2024-08-25T15:34:46.372+0800] GC(9) ParOldGen: 206624K(1048576K)->309040K(1048576K)
[2024-08-25T15:34:46.372+0800] GC(9) Metaspace: 1070K(1280K)->1070K(1280K) NonClass: 988K(1088K)->988K(1088K) Class: 81K(192K)->81K(192K)
[2024-08-25T15:34:46.372+0800] GC(9) Pause Young (Allocation Failure) 1071M->381M(1963M) 32.792ms
[2024-08-25T15:34:46.372+0800] GC(9) User=0.00s Sys=0.02s Real=0.03s
[2024-08-25T15:34:52.580+0800] GC(10) Pause Young (Allocation Failure)
[2024-08-25T15:34:52.582+0800] GC(10) PSYoungGen: 955380K(961536K)->30720K(961536K) Eden: 873460K(874496K)->0K(874496K) From: 81920K(87040K)->30720K(87040K)
[2024-08-25T15:34:52.582+0800] GC(10) ParOldGen: 309040K(1048576K)->309040K(1048576K)
[2024-08-25T15:34:52.582+0800] GC(10) Metaspace: 1070K(1280K)->1070K(1280K) NonClass: 988K(1088K)->988K(1088K) Class: 81K(192K)->81K(192K)
[2024-08-25T15:34:52.582+0800] GC(10) Pause Young (Allocation Failure) 1234M->331M(1963M) 2.469ms
[2024-08-25T15:34:52.582+0800] GC(10) User=0.00s Sys=0.00s Real=0.00s
[2024-08-25T15:34:58.908+0800] GC(11) Pause Young (Allocation Failure)
[2024-08-25T15:34:58.909+0800] GC(11) PSYoungGen: 905216K(961536K)->20480K(961536K) Eden: 874496K(874496K)->0K(874496K) From: 30720K(87040K)->20480K(87040K)
[2024-08-25T15:34:58.909+0800] GC(11) ParOldGen: 309040K(1048576K)->309040K(1048576K)
[2024-08-25T15:34:58.909+0800] GC(11) Metaspace: 1070K(1280K)->1070K(1280K) NonClass: 988K(1088K)->988K(1088K) Class: 81K(192K)->81K(192K)
[2024-08-25T15:34:58.909+0800] GC(11) Pause Young (Allocation Failure) 1185M->321M(1963M) 1.532ms
[2024-08-25T15:34:58.909+0800] GC(11) User=0.00s Sys=0.00s Real=0.00s
[2024-08-25T15:35:04.907+0800] GC(12) Pause Young (Allocation Failure)
[2024-08-25T15:35:04.923+0800] GC(12) PSYoungGen: 851988K(961536K)->61440K(961536K) Eden: 831508K(874496K)->0K(874496K) From: 20480K(87040K)->61440K(87040K)
[2024-08-25T15:35:04.923+0800] GC(12) ParOldGen: 309040K(1048576K)->360240K(1048576K)
[2024-08-25T15:35:04.923+0800] GC(12) Metaspace: 1070K(1280K)->1070K(1280K) NonClass: 988K(1088K)->988K(1088K) Class: 81K(192K)->81K(192K)
[2024-08-25T15:35:04.923+0800] GC(12) Pause Young (Allocation Failure) 1133M->411M(1963M) 16.815ms
[2024-08-25T15:35:04.923+0800] GC(12) User=0.03s Sys=0.00s Real=0.02s
[2024-08-25T15:35:10.601+0800] GC(13) Pause Young (Allocation Failure)
[2024-08-25T15:35:10.606+0800] GC(13) PSYoungGen: 848876K(961536K)->61440K(961536K) Eden: 787436K(874496K)->0K(874496K) From: 61440K(87040K)->61440K(87040K)
[2024-08-25T15:35:10.606+0800] GC(13) ParOldGen: 360240K(1048576K)->360240K(1048576K)
[2024-08-25T15:35:10.606+0800] GC(13) Metaspace: 1070K(1280K)->1070K(1280K) NonClass: 988K(1088K)->988K(1088K) Class: 81K(192K)->81K(192K)
[2024-08-25T15:35:10.606+0800] GC(13) Pause Young (Allocation Failure) 1180M->411M(1963M) 5.639ms
[2024-08-25T15:35:10.606+0800] GC(13) User=0.00s Sys=0.00s Real=0.00s
[2024-08-25T15:35:16.271+0800] GC(14) Pause Young (Allocation Failure)
[2024-08-25T15:35:16.303+0800] GC(14) PSYoungGen: 858175K(961536K)->61440K(961536K) Eden: 796735K(874496K)->0K(874496K) From: 61440K(87040K)->61440K(87040K)
[2024-08-25T15:35:16.303+0800] GC(14) ParOldGen: 360240K(1048576K)->462640K(1048576K)
[2024-08-25T15:35:16.303+0800] GC(14) Metaspace: 1070K(1280K)->1070K(1280K) NonClass: 988K(1088K)->988K(1088K) Class: 81K(192K)->81K(192K)
[2024-08-25T15:35:16.303+0800] GC(14) Pause Young (Allocation Failure) 1189M->511M(1963M) 32.017ms
[2024-08-25T15:35:16.303+0800] GC(14) User=0.00s Sys=0.02s Real=0.03s
[2024-08-25T15:35:23.295+0800] GC(15) Pause Young (Allocation Failure)
[2024-08-25T15:35:23.298+0800] GC(15) PSYoungGen: 922616K(961536K)->46080K(961536K) Eden: 861176K(874496K)->0K(874496K) From: 61440K(87040K)->46080K(87040K)
[2024-08-25T15:35:23.298+0800] GC(15) ParOldGen: 462640K(1048576K)->462640K(1048576K)
[2024-08-25T15:35:23.298+0800] GC(15) Metaspace: 1070K(1280K)->1070K(1280K) NonClass: 988K(1088K)->988K(1088K) Class: 81K(192K)->81K(192K)
[2024-08-25T15:35:23.298+0800] GC(15) Pause Young (Allocation Failure) 1352M->496M(1963M) 3.325ms
[2024-08-25T15:35:23.298+0800] GC(15) User=0.00s Sys=0.00s Real=0.00s
[2024-08-25T15:35:29.626+0800] GC(16) Pause Young (Allocation Failure)
[2024-08-25T15:35:29.627+0800] GC(16) PSYoungGen: 919644K(961536K)->10240K(961536K) Eden: 873564K(874496K)->0K(874496K) From: 46080K(87040K)->10240K(87040K)
[2024-08-25T15:35:29.627+0800] GC(16) ParOldGen: 462640K(1048576K)->462640K(1048576K)
[2024-08-25T15:35:29.627+0800] GC(16) Metaspace: 1070K(1280K)->1070K(1280K) NonClass: 988K(1088K)->988K(1088K) Class: 81K(192K)->81K(192K)
[2024-08-25T15:35:29.627+0800] GC(16) Pause Young (Allocation Failure) 1349M->461M(1963M) 1.315ms
[2024-08-25T15:35:29.627+0800] GC(16) User=0.00s Sys=0.00s Real=0.00s
[2024-08-25T15:35:35.189+0800] GC(17) Pause Young (Allocation Failure)
[2024-08-25T15:35:35.232+0800] GC(17) PSYoungGen: 879616K(961536K)->61440K(961536K) Eden: 869376K(874496K)->0K(874496K) From: 10240K(87040K)->61440K(87040K)
[2024-08-25T15:35:35.232+0800] GC(17) ParOldGen: 462640K(1048576K)->565040K(1048576K)
[2024-08-25T15:35:35.233+0800] GC(17) Metaspace: 1070K(1280K)->1070K(1280K) NonClass: 988K(1088K)->988K(1088K) Class: 81K(192K)->81K(192K)
[2024-08-25T15:35:35.233+0800] GC(17) Pause Young (Allocation Failure) 1310M->611M(1963M) 43.546ms
[2024-08-25T15:35:35.233+0800] GC(17) User=0.02s Sys=0.02s Real=0.04s
[2024-08-25T15:35:41.892+0800] GC(18) Pause Young (Allocation Failure)
[2024-08-25T15:35:41.898+0800] GC(18) PSYoungGen: 893015K(961536K)->76800K(961536K) Eden: 831575K(874496K)->0K(874496K) From: 61440K(87040K)->76800K(87040K)
[2024-08-25T15:35:41.898+0800] GC(18) ParOldGen: 565040K(1048576K)->565040K(1048576K)
[2024-08-25T15:35:41.898+0800] GC(18) Metaspace: 1070K(1280K)->1070K(1280K) NonClass: 988K(1088K)->988K(1088K) Class: 81K(192K)->81K(192K)
[2024-08-25T15:35:41.898+0800] GC(18) Pause Young (Allocation Failure) 1423M->626M(1963M) 5.895ms
[2024-08-25T15:35:41.898+0800] GC(18) User=0.00s Sys=0.00s Real=0.01s
[2024-08-25T15:35:47.574+0800] GC(19) Pause Young (Allocation Failure)
[2024-08-25T15:35:47.606+0800] GC(19) PSYoungGen: 935938K(961536K)->62464K(961536K) Eden: 859138K(874496K)->0K(874496K) From: 76800K(87040K)->62464K(87040K)
[2024-08-25T15:35:47.606+0800] GC(19) ParOldGen: 565040K(1048576K)->667440K(1048576K)
[2024-08-25T15:35:47.606+0800] GC(19) Metaspace: 1070K(1280K)->1070K(1280K) NonClass: 988K(1088K)->988K(1088K) Class: 81K(192K)->81K(192K)
[2024-08-25T15:35:47.606+0800] GC(19) Pause Young (Allocation Failure) 1465M->712M(1963M) 32.160ms
[2024-08-25T15:35:47.606+0800] GC(19) User=0.02s Sys=0.00s Real=0.03s
[2024-08-25T15:35:54.361+0800] GC(20) Pause Young (Allocation Failure)
[2024-08-25T15:35:54.366+0800] GC(20) PSYoungGen: 933013K(961536K)->71680K(961536K) Eden: 870549K(874496K)->0K(874496K) From: 62464K(87040K)->71680K(87040K)
[2024-08-25T15:35:54.366+0800] GC(20) ParOldGen: 667440K(1048576K)->667440K(1048576K)
[2024-08-25T15:35:54.366+0800] GC(20) Metaspace: 1070K(1280K)->1070K(1280K) NonClass: 988K(1088K)->988K(1088K) Class: 81K(192K)->81K(192K)
[2024-08-25T15:35:54.366+0800] GC(20) Pause Young (Allocation Failure) 1562M->721M(1963M) 5.389ms
[2024-08-25T15:35:54.366+0800] GC(20) User=0.00s Sys=0.00s Real=0.00s
[2024-08-25T15:36:00.360+0800] GC(21) Pause Young (Allocation Failure)
[2024-08-25T15:36:00.365+0800] GC(21) PSYoungGen: 941064K(961536K)->61440K(961536K) Eden: 869384K(874496K)->0K(874496K) From: 71680K(87040K)->61440K(87040K)
[2024-08-25T15:36:00.365+0800] GC(21) ParOldGen: 667440K(1048576K)->667440K(1048576K)
[2024-08-25T15:36:00.365+0800] GC(21) Metaspace: 1070K(1280K)->1070K(1280K) NonClass: 988K(1088K)->988K(1088K) Class: 81K(192K)->81K(192K)
[2024-08-25T15:36:00.365+0800] GC(21) Pause Young (Allocation Failure) 1570M->711M(1963M) 5.336ms
[2024-08-25T15:36:00.365+0800] GC(21) User=0.00s Sys=0.00s Real=0.01s
[2024-08-25T15:36:06.051+0800] GC(22) Pause Young (Allocation Failure)
[2024-08-25T15:36:06.091+0800] GC(22) PSYoungGen: 858179K(961536K)->61440K(961536K) Eden: 796739K(874496K)->0K(874496K) From: 61440K(87040K)->61440K(87040K)
[2024-08-25T15:36:06.091+0800] GC(22) ParOldGen: 667440K(1048576K)->769840K(1048576K)
[2024-08-25T15:36:06.091+0800] GC(22) Metaspace: 1070K(1280K)->1070K(1280K) NonClass: 988K(1088K)->988K(1088K) Class: 81K(192K)->81K(192K)
[2024-08-25T15:36:06.091+0800] GC(22) Pause Young (Allocation Failure) 1489M->811M(1963M) 40.157ms
[2024-08-25T15:36:06.091+0800] GC(22) User=0.00s Sys=0.02s Real=0.04s
[2024-08-25T15:36:13.089+0800] GC(23) Pause Young (Allocation Failure)
[2024-08-25T15:36:13.092+0800] GC(23) PSYoungGen: 923837K(961536K)->46080K(961536K) Eden: 862397K(874496K)->0K(874496K) From: 61440K(87040K)->46080K(87040K)
[2024-08-25T15:36:13.092+0800] GC(23) ParOldGen: 769840K(1048576K)->769840K(1048576K)
[2024-08-25T15:36:13.092+0800] GC(23) Metaspace: 1070K(1280K)->1070K(1280K) NonClass: 988K(1088K)->988K(1088K) Class: 81K(192K)->81K(192K)
[2024-08-25T15:36:13.092+0800] GC(23) Pause Young (Allocation Failure) 1653M->796M(1963M) 3.447ms
[2024-08-25T15:36:13.092+0800] GC(23) User=0.00s Sys=0.00s Real=0.00s
[2024-08-25T15:36:19.434+0800] GC(24) Pause Young (Allocation Failure)
[2024-08-25T15:36:19.436+0800] GC(24) PSYoungGen: 919686K(961536K)->10240K(961536K) Eden: 873605K(874496K)->0K(874496K) From: 46080K(87040K)->10240K(87040K)
[2024-08-25T15:36:19.436+0800] GC(24) ParOldGen: 769840K(1048576K)->769840K(1048576K)
[2024-08-25T15:36:19.436+0800] GC(24) Metaspace: 1070K(1280K)->1070K(1280K) NonClass: 988K(1088K)->988K(1088K) Class: 81K(192K)->81K(192K)
[2024-08-25T15:36:19.436+0800] GC(24) Pause Young (Allocation Failure) 1649M->761M(1963M) 1.832ms
[2024-08-25T15:36:19.436+0800] GC(24) User=0.00s Sys=0.00s Real=0.00s
[2024-08-25T15:36:25.105+0800] GC(25) Pause Young (Allocation Failure)
[2024-08-25T15:36:25.135+0800] GC(25) PSYoungGen: 884736K(961536K)->61440K(961536K) Eden: 874496K(874496K)->0K(874496K) From: 10240K(87040K)->61440K(87040K)
[2024-08-25T15:36:25.135+0800] GC(25) ParOldGen: 769840K(1048576K)->872240K(1048576K)
[2024-08-25T15:36:25.135+0800] GC(25) Metaspace: 1070K(1280K)->1070K(1280K) NonClass: 988K(1088K)->988K(1088K) Class: 81K(192K)->81K(192K)
[2024-08-25T15:36:25.135+0800] GC(25) Pause Young (Allocation Failure) 1615M->911M(1963M) 30.384ms
[2024-08-25T15:36:25.135+0800] GC(25) User=0.02s Sys=0.00s Real=0.03s
[2024-08-25T15:36:31.669+0800] GC(26) Pause Young (Allocation Failure)
[2024-08-25T15:36:31.675+0800] GC(26) PSYoungGen: 887963K(961536K)->76800K(961536K) Eden: 826523K(874496K)->0K(874496K) From: 61440K(87040K)->76800K(87040K)
[2024-08-25T15:36:31.675+0800] GC(26) ParOldGen: 872240K(1048576K)->872240K(1048576K)
[2024-08-25T15:36:31.675+0800] GC(26) Metaspace: 1070K(1280K)->1070K(1280K) NonClass: 988K(1088K)->988K(1088K) Class: 81K(192K)->81K(192K)
[2024-08-25T15:36:31.675+0800] GC(26) Pause Young (Allocation Failure) 1718M->926M(1963M) 5.923ms
[2024-08-25T15:36:31.675+0800] GC(26) User=0.00s Sys=0.00s Real=0.01s
[2024-08-25T15:36:37.351+0800] GC(27) Pause Young (Allocation Failure)
[2024-08-25T15:36:37.382+0800] GC(27) PSYoungGen: 935906K(961536K)->62464K(961536K) Eden: 859106K(874496K)->0K(874496K) From: 76800K(87040K)->62464K(87040K)
[2024-08-25T15:36:37.383+0800] GC(27) ParOldGen: 872240K(1048576K)->974640K(1048576K)
[2024-08-25T15:36:37.383+0800] GC(27) Metaspace: 1070K(1280K)->1070K(1280K) NonClass: 988K(1088K)->988K(1088K) Class: 81K(192K)->81K(192K)
[2024-08-25T15:36:37.383+0800] GC(27) Pause Young (Allocation Failure) 1765M->1012M(1963M) 31.772ms
[2024-08-25T15:36:37.383+0800] GC(27) User=0.02s Sys=0.00s Real=0.03s
[2024-08-25T15:36:37.383+0800] GC(28) Pause Full (Ergonomics)
[2024-08-25T15:36:37.383+0800] GC(28) Marking Phase
[2024-08-25T15:36:37.384+0800] GC(28) Marking Phase 1.187ms
[2024-08-25T15:36:37.384+0800] GC(28) Summary Phase
[2024-08-25T15:36:37.384+0800] GC(28) Summary Phase 0.036ms
[2024-08-25T15:36:37.384+0800] GC(28) Adjust Roots
[2024-08-25T15:36:37.384+0800] GC(28) Adjust Roots 0.422ms
[2024-08-25T15:36:37.384+0800] GC(28) Compaction Phase
[2024-08-25T15:36:37.395+0800] GC(28) Compaction Phase 10.556ms
[2024-08-25T15:36:37.395+0800] GC(28) Post Compact
[2024-08-25T15:36:37.410+0800] GC(28) Post Compact 14.859ms
[2024-08-25T15:36:37.410+0800] GC(28) PSYoungGen: 62464K(961536K)->0K(961536K) Eden: 0K(874496K)->0K(874496K) From: 62464K(87040K)->0K(87040K)
[2024-08-25T15:36:37.410+0800] GC(28) ParOldGen: 974640K(1048576K)->166557K(1048576K)
[2024-08-25T15:36:37.410+0800] GC(28) Metaspace: 1070K(1280K)->1070K(1280K) NonClass: 988K(1088K)->988K(1088K) Class: 81K(192K)->81K(192K)
[2024-08-25T15:36:37.410+0800] GC(28) Pause Full (Ergonomics) 1012M->162M(1963M) 27.237ms
[2024-08-25T15:36:37.410+0800] GC(28) User=0.02s Sys=0.00s Real=0.03s
[2024-08-25T15:36:44.178+0800] GC(29) Pause Young (Allocation Failure)
[2024-08-25T15:36:44.183+0800] GC(29) PSYoungGen: 870446K(961536K)->71680K(961536K) Eden: 870446K(874496K)->0K(874496K) From: 0K(87040K)->71680K(87040K)
[2024-08-25T15:36:44.183+0800] GC(29) ParOldGen: 166557K(1048576K)->166557K(1048576K)
[2024-08-25T15:36:44.183+0800] GC(29) Metaspace: 1070K(1280K)->1070K(1280K) NonClass: 988K(1088K)->988K(1088K) Class: 81K(192K)->81K(192K)
[2024-08-25T15:36:44.183+0800] GC(29) Pause Young (Allocation Failure) 1012M->232M(1963M) 5.305ms
[2024-08-25T15:36:44.183+0800] GC(29) User=0.00s Sys=0.00s Real=0.01s
[2024-08-25T15:36:50.173+0800] GC(30) Pause Young (Allocation Failure)
[2024-08-25T15:36:50.178+0800] GC(30) PSYoungGen: 940932K(961536K)->61440K(961536K) Eden: 869252K(874496K)->0K(874496K) From: 71680K(87040K)->61440K(87040K)
[2024-08-25T15:36:50.178+0800] GC(30) ParOldGen: 166557K(1048576K)->166557K(1048576K)
[2024-08-25T15:36:50.178+0800] GC(30) Metaspace: 1070K(1280K)->1070K(1280K) NonClass: 988K(1088K)->988K(1088K) Class: 81K(192K)->81K(192K)
[2024-08-25T15:36:50.178+0800] GC(30) Pause Young (Allocation Failure) 1081M->222M(1963M) 5.005ms
[2024-08-25T15:36:50.178+0800] GC(30) User=0.02s Sys=0.00s Real=0.00s
[2024-08-25T15:36:55.835+0800] GC(31) Pause Young (Allocation Failure)
[2024-08-25T15:36:55.848+0800] GC(31) PSYoungGen: 857036K(961536K)->61504K(961536K) Eden: 795596K(874496K)->0K(874496K) From: 61440K(87040K)->61504K(87040K)
[2024-08-25T15:36:55.848+0800] GC(31) ParOldGen: 166557K(1048576K)->268957K(1048576K)
[2024-08-25T15:36:55.848+0800] GC(31) Metaspace: 1070K(1280K)->1070K(1280K) NonClass: 988K(1088K)->988K(1088K) Class: 81K(192K)->81K(192K)
[2024-08-25T15:36:55.848+0800] GC(31) Pause Young (Allocation Failure) 999M->322M(1963M) 12.338ms
[2024-08-25T15:36:55.848+0800] GC(31) User=0.00s Sys=0.00s Real=0.01s
[2024-08-25T15:37:02.824+0800] GC(32) Pause Young (Allocation Failure)
[2024-08-25T15:37:02.828+0800] GC(32) PSYoungGen: 922676K(961536K)->46080K(961536K) Eden: 861172K(874496K)->0K(874496K) From: 61504K(87040K)->46080K(87040K)
[2024-08-25T15:37:02.828+0800] GC(32) ParOldGen: 268957K(1048576K)->268965K(1048576K)
[2024-08-25T15:37:02.828+0800] GC(32) Metaspace: 1070K(1280K)->1070K(1280K) NonClass: 988K(1088K)->988K(1088K) Class: 81K(192K)->81K(192K)
[2024-08-25T15:37:02.828+0800] GC(32) Pause Young (Allocation Failure) 1163M->307M(1963M) 3.797ms
[2024-08-25T15:37:02.828+0800] GC(32) User=0.00s Sys=0.00s Real=0.00s
[2024-08-25T15:37:09.148+0800] GC(33) Pause Young (Allocation Failure)
[2024-08-25T15:37:09.149+0800] GC(33) PSYoungGen: 919606K(961536K)->10240K(961536K) Eden: 873526K(874496K)->0K(874496K) From: 46080K(87040K)->10240K(87040K)
[2024-08-25T15:37:09.149+0800] GC(33) ParOldGen: 268965K(1048576K)->268965K(1048576K)
[2024-08-25T15:37:09.149+0800] GC(33) Metaspace: 1070K(1280K)->1070K(1280K) NonClass: 988K(1088K)->988K(1088K) Class: 81K(192K)->81K(192K)
[2024-08-25T15:37:09.149+0800] GC(33) Pause Young (Allocation Failure) 1160M->272M(1963M) 0.944ms
[2024-08-25T15:37:09.149+0800] GC(33) User=0.00s Sys=0.00s Real=0.00s
[2024-08-25T15:37:14.823+0800] GC(34) Pause Young (Allocation Failure)
[2024-08-25T15:37:14.835+0800] GC(34) PSYoungGen: 884730K(961536K)->61440K(961536K) Eden: 874490K(874496K)->0K(874496K) From: 10240K(87040K)->61440K(87040K)
[2024-08-25T15:37:14.835+0800] GC(34) ParOldGen: 268965K(1048576K)->371365K(1048576K)
[2024-08-25T15:37:14.835+0800] GC(34) Metaspace: 1070K(1280K)->1070K(1280K) NonClass: 988K(1088K)->988K(1088K) Class: 81K(192K)->81K(192K)
[2024-08-25T15:37:14.835+0800] GC(34) Pause Young (Allocation Failure) 1126M->422M(1963M) 12.006ms
[2024-08-25T15:37:14.835+0800] GC(34) User=0.00s Sys=0.00s Real=0.01s
[2024-08-25T15:37:21.390+0800] GC(35) Pause Young (Allocation Failure)
[2024-08-25T15:37:21.397+0800] GC(35) PSYoungGen: 887883K(961536K)->76800K(961536K) Eden: 826443K(874496K)->0K(874496K) From: 61440K(87040K)->76800K(87040K)
[2024-08-25T15:37:21.397+0800] GC(35) ParOldGen: 371365K(1048576K)->371365K(1048576K)
[2024-08-25T15:37:21.397+0800] GC(35) Metaspace: 1070K(1280K)->1070K(1280K) NonClass: 988K(1088K)->988K(1088K) Class: 81K(192K)->81K(192K)
[2024-08-25T15:37:21.397+0800] GC(35) Pause Young (Allocation Failure) 1229M->437M(1963M) 7.825ms
[2024-08-25T15:37:21.397+0800] GC(35) User=0.00s Sys=0.00s Real=0.01s
[2024-08-25T15:37:27.083+0800] GC(36) Pause Young (Allocation Failure)
[2024-08-25T15:37:27.093+0800] GC(36) PSYoungGen: 935935K(961536K)->62464K(961536K) Eden: 859135K(874496K)->0K(874496K) From: 76800K(87040K)->62464K(87040K)
[2024-08-25T15:37:27.093+0800] GC(36) ParOldGen: 371365K(1048576K)->473765K(1048576K)
[2024-08-25T15:37:27.093+0800] GC(36) Metaspace: 1070K(1280K)->1070K(1280K) NonClass: 988K(1088K)->988K(1088K) Class: 81K(192K)->81K(192K)
[2024-08-25T15:37:27.093+0800] GC(36) Pause Young (Allocation Failure) 1276M->523M(1963M) 10.457ms
[2024-08-25T15:37:27.093+0800] GC(36) User=0.00s Sys=0.00s Real=0.01s
[2024-08-25T15:37:33.857+0800] GC(37) Pause Young (Allocation Failure)
[2024-08-25T15:37:33.862+0800] GC(37) PSYoungGen: 933004K(961536K)->71680K(961536K) Eden: 870540K(874496K)->0K(874496K) From: 62464K(87040K)->71680K(87040K)
[2024-08-25T15:37:33.862+0800] GC(37) ParOldGen: 473765K(1048576K)->473765K(1048576K)
[2024-08-25T15:37:33.862+0800] GC(37) Metaspace: 1070K(1280K)->1070K(1280K) NonClass: 988K(1088K)->988K(1088K) Class: 81K(192K)->81K(192K)
[2024-08-25T15:37:33.862+0800] GC(37) Pause Young (Allocation Failure) 1373M->532M(1963M) 5.856ms
[2024-08-25T15:37:33.862+0800] GC(37) User=0.00s Sys=0.00s Real=0.00s
[2024-08-25T15:37:39.866+0800] GC(38) Pause Young (Allocation Failure)
[2024-08-25T15:37:39.870+0800] GC(38) PSYoungGen: 941062K(961536K)->61440K(961536K) Eden: 869382K(874496K)->0K(874496K) From: 71680K(87040K)->61440K(87040K)
[2024-08-25T15:37:39.870+0800] GC(38) ParOldGen: 473765K(1048576K)->473765K(1048576K)
[2024-08-25T15:37:39.870+0800] GC(38) Metaspace: 1070K(1280K)->1070K(1280K) NonClass: 988K(1088K)->988K(1088K) Class: 81K(192K)->81K(192K)
[2024-08-25T15:37:39.870+0800] GC(38) Pause Young (Allocation Failure) 1381M->522M(1963M) 4.688ms
[2024-08-25T15:37:39.870+0800] GC(38) User=0.00s Sys=0.00s Real=0.00s
[2024-08-25T15:37:45.536+0800] GC(39) Pause Young (Allocation Failure)
[2024-08-25T15:37:45.546+0800] GC(39) PSYoungGen: 858234K(961536K)->61440K(961536K) Eden: 796794K(874496K)->0K(874496K) From: 61440K(87040K)->61440K(87040K)
[2024-08-25T15:37:45.546+0800] GC(39) ParOldGen: 473765K(1048576K)->576165K(1048576K)
[2024-08-25T15:37:45.546+0800] GC(39) Metaspace: 1070K(1280K)->1070K(1280K) NonClass: 988K(1088K)->988K(1088K) Class: 81K(192K)->81K(192K)
[2024-08-25T15:37:45.546+0800] GC(39) Pause Young (Allocation Failure) 1300M->622M(1963M) 11.162ms
[2024-08-25T15:37:45.546+0800] GC(39) User=0.00s Sys=0.00s Real=0.01s
[2024-08-25T15:37:52.546+0800] GC(40) Pause Young (Allocation Failure)
[2024-08-25T15:37:52.549+0800] GC(40) PSYoungGen: 922625K(961536K)->46080K(961536K) Eden: 861185K(874496K)->0K(874496K) From: 61440K(87040K)->46080K(87040K)
[2024-08-25T15:37:52.549+0800] GC(40) ParOldGen: 576165K(1048576K)->576165K(1048576K)
[2024-08-25T15:37:52.549+0800] GC(40) Metaspace: 1070K(1280K)->1070K(1280K) NonClass: 988K(1088K)->988K(1088K) Class: 81K(192K)->81K(192K)
[2024-08-25T15:37:52.549+0800] GC(40) Pause Young (Allocation Failure) 1463M->607M(1963M) 2.945ms
[2024-08-25T15:37:52.549+0800] GC(40) User=0.00s Sys=0.00s Real=0.00s
[2024-08-25T15:37:58.872+0800] GC(41) Pause Young (Allocation Failure)
[2024-08-25T15:37:58.873+0800] GC(41) PSYoungGen: 919668K(961536K)->10240K(961536K) Eden: 873588K(874496K)->0K(874496K) From: 46080K(87040K)->10240K(87040K)
[2024-08-25T15:37:58.873+0800] GC(41) ParOldGen: 576165K(1048576K)->576165K(1048576K)
[2024-08-25T15:37:58.873+0800] GC(41) Metaspace: 1070K(1280K)->1070K(1280K) NonClass: 988K(1088K)->988K(1088K) Class: 81K(192K)->81K(192K)
[2024-08-25T15:37:58.873+0800] GC(41) Pause Young (Allocation Failure) 1460M->572M(1963M) 1.211ms
[2024-08-25T15:37:58.873+0800] GC(41) User=0.00s Sys=0.00s Real=0.00s
[2024-08-25T15:38:04.440+0800] GC(42) Pause Young (Allocation Failure)
[2024-08-25T15:38:04.451+0800] GC(42) PSYoungGen: 879624K(961536K)->61472K(961536K) Eden: 869384K(874496K)->0K(874496K) From: 10240K(87040K)->61472K(87040K)
[2024-08-25T15:38:04.451+0800] GC(42) ParOldGen: 576165K(1048576K)->678565K(1048576K)
[2024-08-25T15:38:04.451+0800] GC(42) Metaspace: 1070K(1280K)->1070K(1280K) NonClass: 988K(1088K)->988K(1088K) Class: 81K(192K)->81K(192K)
[2024-08-25T15:38:04.451+0800] GC(42) Pause Young (Allocation Failure) 1421M->722M(1963M) 11.611ms
[2024-08-25T15:38:04.451+0800] GC(42) User=0.00s Sys=0.00s Real=0.01s
[2024-08-25T15:38:11.125+0800] GC(43) Pause Young (Allocation Failure)
[2024-08-25T15:38:11.130+0800] GC(43) PSYoungGen: 893032K(961536K)->76800K(961536K) Eden: 831560K(874496K)->0K(874496K) From: 61472K(87040K)->76800K(87040K)
[2024-08-25T15:38:11.130+0800] GC(43) ParOldGen: 678565K(1048576K)->678573K(1048576K)
[2024-08-25T15:38:11.130+0800] GC(43) Metaspace: 1070K(1280K)->1070K(1280K) NonClass: 988K(1088K)->988K(1088K) Class: 81K(192K)->81K(192K)
[2024-08-25T15:38:11.130+0800] GC(43) Pause Young (Allocation Failure) 1534M->737M(1963M) 5.275ms
[2024-08-25T15:38:11.130+0800] GC(43) User=0.02s Sys=0.00s Real=0.01s
[2024-08-25T15:38:16.795+0800] GC(44) Pause Young (Allocation Failure)
[2024-08-25T15:38:16.805+0800] GC(44) PSYoungGen: 937142K(961536K)->62464K(961536K) Eden: 860342K(874496K)->0K(874496K) From: 76800K(87040K)->62464K(87040K)
[2024-08-25T15:38:16.805+0800] GC(44) ParOldGen: 678573K(1048576K)->780973K(1048576K)
[2024-08-25T15:38:16.805+0800] GC(44) Metaspace: 1070K(1280K)->1070K(1280K) NonClass: 988K(1088K)->988K(1088K) Class: 81K(192K)->81K(192K)
[2024-08-25T15:38:16.805+0800] GC(44) Pause Young (Allocation Failure) 1577M->823M(1963M) 10.790ms
[2024-08-25T15:38:16.805+0800] GC(44) User=0.00s Sys=0.00s Real=0.01s
[2024-08-25T15:38:23.578+0800] GC(45) Pause Young (Allocation Failure)
[2024-08-25T15:38:23.583+0800] GC(45) PSYoungGen: 933047K(961536K)->71680K(961536K) Eden: 870583K(874496K)->0K(874496K) From: 62464K(87040K)->71680K(87040K)
[2024-08-25T15:38:23.583+0800] GC(45) ParOldGen: 780973K(1048576K)->780973K(1048576K)
[2024-08-25T15:38:23.583+0800] GC(45) Metaspace: 1070K(1280K)->1070K(1280K) NonClass: 988K(1088K)->988K(1088K) Class: 81K(192K)->81K(192K)
[2024-08-25T15:38:23.583+0800] GC(45) Pause Young (Allocation Failure) 1673M->832M(1963M) 5.384ms
[2024-08-25T15:38:23.583+0800] GC(45) User=0.02s Sys=0.00s Real=0.00s
[2024-08-25T15:38:29.473+0800] GC(46) Pause Young (Allocation Failure)
[2024-08-25T15:38:29.475+0800] GC(46) PSYoungGen: 896184K(961536K)->30720K(961536K) Eden: 824504K(874496K)->0K(874496K) From: 71680K(87040K)->30720K(87040K)
[2024-08-25T15:38:29.475+0800] GC(46) ParOldGen: 780973K(1048576K)->780973K(1048576K)
[2024-08-25T15:38:29.475+0800] GC(46) Metaspace: 1070K(1280K)->1070K(1280K) NonClass: 988K(1088K)->988K(1088K) Class: 81K(192K)->81K(192K)
[2024-08-25T15:38:29.475+0800] GC(46) Pause Young (Allocation Failure) 1637M->792M(1963M) 2.498ms
[2024-08-25T15:38:29.475+0800] GC(46) User=0.00s Sys=0.00s Real=0.00s
[2024-08-25T15:38:35.262+0800] GC(47) Pause Young (Allocation Failure)
[2024-08-25T15:38:35.273+0800] GC(47) PSYoungGen: 878737K(961536K)->61440K(961536K) Eden: 848017K(874496K)->0K(874496K) From: 30720K(87040K)->61440K(87040K)
[2024-08-25T15:38:35.273+0800] GC(47) ParOldGen: 780973K(1048576K)->883373K(1048576K)
[2024-08-25T15:38:35.273+0800] GC(47) Metaspace: 1070K(1280K)->1070K(1280K) NonClass: 988K(1088K)->988K(1088K) Class: 81K(192K)->81K(192K)
[2024-08-25T15:38:35.273+0800] GC(47) Pause Young (Allocation Failure) 1620M->922M(1963M) 11.564ms
[2024-08-25T15:38:35.273+0800] GC(47) User=0.00s Sys=0.00s Real=0.01s
[2024-08-25T15:38:35.273+0800] GC(48) Pause Full (Ergonomics)
[2024-08-25T15:38:35.273+0800] GC(48) Marking Phase
[2024-08-25T15:38:35.274+0800] GC(48) Marking Phase 1.330ms
[2024-08-25T15:38:35.274+0800] GC(48) Summary Phase
[2024-08-25T15:38:35.275+0800] GC(48) Summary Phase 0.019ms
[2024-08-25T15:38:35.275+0800] GC(48) Adjust Roots
[2024-08-25T15:38:35.275+0800] GC(48) Adjust Roots 0.245ms
[2024-08-25T15:38:35.275+0800] GC(48) Compaction Phase
[2024-08-25T15:38:35.285+0800] GC(48) Compaction Phase 10.293ms
[2024-08-25T15:38:35.285+0800] GC(48) Post Compact
[2024-08-25T15:38:35.288+0800] GC(48) Post Compact 2.455ms
[2024-08-25T15:38:35.288+0800] GC(48) PSYoungGen: 61440K(961536K)->0K(961536K) Eden: 0K(874496K)->0K(874496K) From: 61440K(87040K)->0K(87040K)
[2024-08-25T15:38:35.288+0800] GC(48) ParOldGen: 883373K(1048576K)->165533K(1048576K)
[2024-08-25T15:38:35.288+0800] GC(48) Metaspace: 1070K(1280K)->1070K(1280K) NonClass: 988K(1088K)->988K(1088K) Class: 81K(192K)->81K(192K)
[2024-08-25T15:38:35.288+0800] GC(48) Pause Full (Ergonomics) 922M->161M(1963M) 14.575ms
[2024-08-25T15:38:35.288+0800] GC(48) User=0.02s Sys=0.00s Real=0.02s
[2024-08-25T15:38:42.275+0800] GC(49) Pause Young (Allocation Failure)
[2024-08-25T15:38:42.278+0800] GC(49) PSYoungGen: 861184K(961536K)->46080K(961536K) Eden: 861184K(874496K)->0K(874496K) From: 0K(87040K)->46080K(87040K)
[2024-08-25T15:38:42.278+0800] GC(49) ParOldGen: 165533K(1048576K)->165533K(1048576K)
[2024-08-25T15:38:42.278+0800] GC(49) Metaspace: 1070K(1280K)->1070K(1280K) NonClass: 988K(1088K)->988K(1088K) Class: 81K(192K)->81K(192K)
[2024-08-25T15:38:42.278+0800] GC(49) Pause Young (Allocation Failure) 1002M->206M(1963M) 3.221ms
[2024-08-25T15:38:42.278+0800] GC(49) User=0.00s Sys=0.00s Real=0.00s
[2024-08-25T15:38:48.592+0800] GC(50) Pause Young (Allocation Failure)
[2024-08-25T15:38:48.593+0800] GC(50) PSYoungGen: 919457K(961536K)->10240K(961536K) Eden: 873377K(874496K)->0K(874496K) From: 46080K(87040K)->10240K(87040K)
[2024-08-25T15:38:48.593+0800] GC(50) ParOldGen: 165533K(1048576K)->165533K(1048576K)
[2024-08-25T15:38:48.593+0800] GC(50) Metaspace: 1070K(1280K)->1070K(1280K) NonClass: 988K(1088K)->988K(1088K) Class: 81K(192K)->81K(192K)
[2024-08-25T15:38:48.593+0800] GC(50) Pause Young (Allocation Failure) 1059M->171M(1963M) 1.007ms
[2024-08-25T15:38:48.593+0800] GC(50) User=0.00s Sys=0.00s Real=0.00s
[2024-08-25T15:38:54.266+0800] GC(51) Pause Young (Allocation Failure)
[2024-08-25T15:38:54.280+0800] GC(51) PSYoungGen: 884697K(961536K)->61440K(961536K) Eden: 874457K(874496K)->0K(874496K) From: 10240K(87040K)->61440K(87040K)
[2024-08-25T15:38:54.280+0800] GC(51) ParOldGen: 165533K(1048576K)->267933K(1048576K)
[2024-08-25T15:38:54.280+0800] GC(51) Metaspace: 1070K(1280K)->1070K(1280K) NonClass: 988K(1088K)->988K(1088K) Class: 81K(192K)->81K(192K)
[2024-08-25T15:38:54.280+0800] GC(51) Pause Young (Allocation Failure) 1025M->321M(1963M) 15.170ms
[2024-08-25T15:38:54.280+0800] GC(51) User=0.02s Sys=0.00s Real=0.01s
[2024-08-25T15:39:00.828+0800] GC(52) Pause Young (Allocation Failure)
[2024-08-25T15:39:00.836+0800] GC(52) PSYoungGen: 886780K(961536K)->76800K(961536K) Eden: 825340K(874496K)->0K(874496K) From: 61440K(87040K)->76800K(87040K)
[2024-08-25T15:39:00.836+0800] GC(52) ParOldGen: 267933K(1048576K)->267933K(1048576K)
[2024-08-25T15:39:00.836+0800] GC(52) Metaspace: 1070K(1280K)->1070K(1280K) NonClass: 988K(1088K)->988K(1088K) Class: 81K(192K)->81K(192K)
[2024-08-25T15:39:00.836+0800] GC(52) Pause Young (Allocation Failure) 1127M->336M(1963M) 7.676ms
[2024-08-25T15:39:00.836+0800] GC(52) User=0.00s Sys=0.00s Real=0.01s
[2024-08-25T15:39:06.516+0800] GC(53) Pause Young (Allocation Failure)
[2024-08-25T15:39:06.530+0800] GC(53) PSYoungGen: 937053K(961536K)->62464K(961536K) Eden: 860253K(874496K)->0K(874496K) From: 76800K(87040K)->62464K(87040K)
[2024-08-25T15:39:06.530+0800] GC(53) ParOldGen: 267933K(1048576K)->370333K(1048576K)
[2024-08-25T15:39:06.530+0800] GC(53) Metaspace: 1070K(1280K)->1070K(1280K) NonClass: 988K(1088K)->988K(1088K) Class: 81K(192K)->81K(192K)
[2024-08-25T15:39:06.530+0800] GC(53) Pause Young (Allocation Failure) 1176M->422M(1963M) 15.434ms
[2024-08-25T15:39:06.530+0800] GC(53) User=0.00s Sys=0.00s Real=0.01s
[2024-08-25T15:39:13.306+0800] GC(54) Pause Young (Allocation Failure)
[2024-08-25T15:39:13.310+0800] GC(54) PSYoungGen: 931837K(961536K)->71680K(961536K) Eden: 869373K(874496K)->0K(874496K) From: 62464K(87040K)->71680K(87040K)
[2024-08-25T15:39:13.310+0800] GC(54) ParOldGen: 370333K(1048576K)->370333K(1048576K)
[2024-08-25T15:39:13.310+0800] GC(54) Metaspace: 1070K(1280K)->1070K(1280K) NonClass: 988K(1088K)->988K(1088K) Class: 81K(192K)->81K(192K)
[2024-08-25T15:39:13.310+0800] GC(54) Pause Young (Allocation Failure) 1271M->431M(1963M) 5.373ms
[2024-08-25T15:39:13.310+0800] GC(54) User=0.00s Sys=0.00s Real=0.00s
[2024-08-25T15:39:13.415+0800] Heap
[2024-08-25T15:39:13.415+0800]  PSYoungGen      total 961536K, used 116844K [0x00000000c0000000, 0x0000000100000000, 0x0000000100000000)
[2024-08-25T15:39:13.415+0800]   eden space 874496K, 5% used [0x00000000c0000000,0x00000000c2c1b340,0x00000000f5600000)
[2024-08-25T15:39:13.415+0800]   from space 87040K, 82% used [0x00000000f5600000,0x00000000f9c00040,0x00000000fab00000)
[2024-08-25T15:39:13.415+0800]   to   space 87040K, 0% used [0x00000000fab00000,0x00000000fab00000,0x0000000100000000)
[2024-08-25T15:39:13.415+0800]  ParOldGen       total 1048576K, used 370333K [0x0000000080000000, 0x00000000c0000000, 0x00000000c0000000)
[2024-08-25T15:39:13.415+0800]   object space 1048576K, 35% used [0x0000000080000000,0x00000000969a76d8,0x00000000c0000000)
[2024-08-25T15:39:13.415+0800]  Metaspace       used 1072K, committed 1280K, reserved 1114112K
[2024-08-25T15:39:13.415+0800]   class space    used 81K, committed 192K, reserved 1048576K
