Java HotSpot(TM) 64-Bit Server VM (25.411-b09) for windows-amd64 JRE (1.8.0_411-b09), built on Mar 13 2024 07:26:13 by "java_re" with MS VC++ 17.1 (VS2022)
Memory: 4k page, physical 33403376k(12399976k free), swap 40595968k(7733996k free)
CommandLine flags: -XX:InitialHeapSize=2147483648 -XX:MaxHeapSize=2147483648 -XX:NewRatio=6 -XX:ParallelGCThreads=3 -XX:+PrintGC -XX:+PrintGCDetails -XX:+PrintGCTimeStamps -XX:-UseAdaptiveSizePolicy -XX:+UseCompressedClassPointers -XX:+UseCompressedOops -XX:-UseLargePagesIndividualAllocation -XX:+UseParallelGC 
1.395: [GC (Allocation Failure) [PSYoungGen: 131870K->5720K(262144K)] 131870K->56928K(2059776K), 0.0164795 secs] [Times: user=0.00 sys=0.02, real=0.02 secs] 
2.720: [GC (Allocation Failure) [PSYoungGen: 184142K->32312K(262144K)] 235350K->83520K(2059776K), 0.0073039 secs] [Times: user=0.00 sys=0.00, real=0.01 secs] 
5.120: [GC (Allocation Failure) [PSYoungGen: 256854K->10808K(262144K)] 308062K->62016K(2059776K), 0.0019869 secs] [Times: user=0.00 sys=0.00, real=0.00 secs] 
6.428: [GC (Allocation Failure) [PSYoungGen: 235373K->26168K(262144K)] 286581K->77376K(2059776K), 0.0020042 secs] [Times: user=0.00 sys=0.00, real=0.00 secs] 
7.628: [GC (Allocation Failure) [PSYoungGen: 247883K->36408K(262144K)] 299091K->97864K(2059776K), 0.0075504 secs] [Times: user=0.00 sys=0.00, real=0.01 secs] 
9.590: [GC (Allocation Failure) [PSYoungGen: 260986K->15928K(262144K)] 322442K->128584K(2059776K), 0.0173720 secs] [Times: user=0.02 sys=0.00, real=0.02 secs] 
10.919: [GC (Allocation Failure) [PSYoungGen: 235397K->15960K(262144K)] 348053K->231016K(2059776K), 0.0316541 secs] [Times: user=0.02 sys=0.00, real=0.03 secs] 
12.477: [GC (Allocation Failure) [PSYoungGen: 235435K->15976K(262144K)] 450491K->231032K(2059776K), 0.0014984 secs] [Times: user=0.00 sys=0.00, real=0.00 secs] 
13.786: [GC (Allocation Failure) [PSYoungGen: 236916K->11880K(262144K)] 451972K->226944K(2059776K), 0.0014615 secs] [Times: user=0.00 sys=0.00, real=0.00 secs] 
15.096: [GC (Allocation Failure) [PSYoungGen: 236464K->27240K(262144K)] 451528K->242304K(2059776K), 0.0024181 secs] [Times: user=0.00 sys=0.00, real=0.00 secs] 
17.057: [GC (Allocation Failure) [PSYoungGen: 180152K->26216K(262144K)] 395216K->292480K(2059776K), 0.0158003 secs] [Times: user=0.00 sys=0.00, real=0.01 secs] 
18.384: [GC (Allocation Failure) [PSYoungGen: 204726K->31320K(262144K)] 470990K->318064K(2059776K), 0.0153806 secs] [Times: user=0.02 sys=0.00, real=0.01 secs] 
19.817: [GC (Allocation Failure) [PSYoungGen: 209814K->5704K(262144K)] 496558K->292448K(2059776K), 0.0013751 secs] [Times: user=0.00 sys=0.00, real=0.00 secs] 
21.128: [GC (Allocation Failure) [PSYoungGen: 214925K->15976K(262144K)] 501669K->405120K(2059776K), 0.0312286 secs] [Times: user=0.00 sys=0.00, real=0.03 secs] 
22.476: [GC (Allocation Failure) [PSYoungGen: 235445K->22120K(262144K)] 624589K->411264K(2059776K), 0.0023457 secs] [Times: user=0.00 sys=0.00, real=0.00 secs] 
24.002: [GC (Allocation Failure) [PSYoungGen: 236475K->20576K(262144K)] 625619K->410268K(2059776K), 0.0024069 secs] [Times: user=0.00 sys=0.00, real=0.00 secs] 
25.312: [GC (Allocation Failure) [PSYoungGen: 240055K->25696K(262144K)] 629747K->415388K(2059776K), 0.0022515 secs] [Times: user=0.00 sys=0.00, real=0.00 secs] 
26.617: [GC (Allocation Failure) [PSYoungGen: 245177K->35904K(262144K)] 634870K->425612K(2059776K), 0.0031425 secs] [Times: user=0.00 sys=0.00, real=0.00 secs] 
28.472: [GC (Allocation Failure) [PSYoungGen: 200017K->5216K(262144K)] 589725K->497332K(2059776K), 0.0192084 secs] [Times: user=0.02 sys=0.00, real=0.02 secs] 
29.798: [GC (Allocation Failure) [PSYoungGen: 183725K->30784K(262144K)] 675841K->522908K(2059776K), 0.0028963 secs] [Times: user=0.00 sys=0.00, real=0.00 secs] 
31.320: [GC (Allocation Failure) [PSYoungGen: 214397K->5184K(262144K)] 706521K->497308K(2059776K), 0.0013227 secs] [Times: user=0.00 sys=0.00, real=0.00 secs] 
32.629: [GC (Allocation Failure) [PSYoungGen: 183686K->26688K(262144K)] 675810K->518812K(2059776K), 0.0026350 secs] [Times: user=0.00 sys=0.00, real=0.00 secs] 
33.938: [GC (Allocation Failure) [PSYoungGen: 235914K->27712K(262144K)] 728039K->519836K(2059776K), 0.0025650 secs] [Times: user=0.00 sys=0.00, real=0.00 secs] 
35.457: [GC (Allocation Failure) [PSYoungGen: 252305K->30752K(262144K)] 744429K->522884K(2059776K), 0.0031909 secs] [Times: user=0.00 sys=0.00, real=0.00 secs] 
36.767: [GC (Allocation Failure) [PSYoungGen: 239990K->25632K(262144K)] 732122K->517764K(2059776K), 0.0023441 secs] [Times: user=0.00 sys=0.00, real=0.00 secs] 
38.077: [GC (Allocation Failure) [PSYoungGen: 245112K->35872K(262144K)] 737244K->543364K(2059776K), 0.0052749 secs] [Times: user=0.00 sys=0.00, real=0.00 secs] 
39.823: [GC (Allocation Failure) [PSYoungGen: 234874K->5152K(262144K)] 742366K->563844K(2059776K), 0.0510379 secs] [Times: user=0.00 sys=0.02, real=0.05 secs] 
41.185: [GC (Allocation Failure) [PSYoungGen: 183674K->30784K(262144K)] 742366K->691876K(2059776K), 0.1259574 secs] [Times: user=0.05 sys=0.03, real=0.13 secs] 
43.811: [GC (Allocation Failure) [PSYoungGen: 250245K->6176K(262144K)] 911338K->667268K(2059776K), 0.0016560 secs] [Times: user=0.00 sys=0.00, real=0.00 secs] 
45.124: [GC (Allocation Failure) [PSYoungGen: 230766K->21568K(262144K)] 891858K->682660K(2059776K), 0.0021970 secs] [Times: user=0.00 sys=0.00, real=0.00 secs] 
46.865: [GC (Allocation Failure) [PSYoungGen: 246179K->10272K(262144K)] 907271K->671364K(2059776K), 0.0017686 secs] [Times: user=0.00 sys=0.00, real=0.00 secs] 
48.174: [GC (Allocation Failure) [PSYoungGen: 229761K->35904K(262144K)] 890854K->696996K(2059776K), 0.0031745 secs] [Times: user=0.00 sys=0.00, real=0.00 secs] 
49.482: [GC (Allocation Failure) [PSYoungGen: 255392K->35904K(262144K)] 916485K->748196K(2059776K), 0.0338929 secs] [Times: user=0.00 sys=0.02, real=0.03 secs] 
51.045: [GC (Allocation Failure) [PSYoungGen: 260511K->15360K(262144K)] 972804K->727660K(2059776K), 0.0024561 secs] [Times: user=0.00 sys=0.00, real=0.00 secs] 
52.352: [GC (Allocation Failure) [PSYoungGen: 234847K->11264K(262144K)] 947148K->723564K(2059776K), 0.0022375 secs] [Times: user=0.00 sys=0.00, real=0.00 secs] 
53.655: [GC (Allocation Failure) [PSYoungGen: 235856K->17408K(262144K)] 948157K->729708K(2059776K), 0.0022597 secs] [Times: user=0.00 sys=0.00, real=0.00 secs] 
55.618: [GC (Allocation Failure) [PSYoungGen: 160086K->15360K(262144K)] 872386K->778860K(2059776K), 0.1026004 secs] [Times: user=0.00 sys=0.01, real=0.10 secs] 
57.036: [GC (Allocation Failure) [PSYoungGen: 193871K->30720K(262144K)] 957372K->824940K(2059776K), 0.0313407 secs] [Times: user=0.00 sys=0.00, real=0.03 secs] 
58.487: [GC (Allocation Failure) [PSYoungGen: 224584K->20480K(262144K)] 1018804K->814700K(2059776K), 0.0025947 secs] [Times: user=0.00 sys=0.00, real=0.00 secs] 
59.797: [GC (Allocation Failure) [PSYoungGen: 229709K->15360K(262144K)] 1023930K->860780K(2059776K), 0.0502844 secs] [Times: user=0.00 sys=0.02, real=0.05 secs] 
61.153: [GC (Allocation Failure) [PSYoungGen: 234835K->20480K(262144K)] 1080255K->968300K(2059776K), 0.1595719 secs] [Times: user=0.03 sys=0.05, real=0.16 secs] 
62.840: [GC (Allocation Failure) [PSYoungGen: 239959K->15360K(262144K)] 1187779K->963180K(2059776K), 0.0022603 secs] [Times: user=0.00 sys=0.00, real=0.00 secs] 
64.151: [GC (Allocation Failure) [PSYoungGen: 234841K->26624K(262144K)] 1182662K->974444K(2059776K), 0.0030270 secs] [Times: user=0.00 sys=0.00, real=0.00 secs] 
65.457: [GC (Allocation Failure) [PSYoungGen: 246100K->26624K(262144K)] 1193920K->974444K(2059776K), 0.0026943 secs] [Times: user=0.00 sys=0.00, real=0.00 secs] 
67.310: [GC (Allocation Failure) [PSYoungGen: 174423K->25600K(262144K)] 1122244K->1024620K(2059776K), 0.0634242 secs] [Times: user=0.05 sys=0.00, real=0.06 secs] 
68.685: [GC (Allocation Failure) [PSYoungGen: 204113K->30720K(262144K)] 1203134K->1050220K(2059776K), 0.0160953 secs] [Times: user=0.00 sys=0.00, real=0.02 secs] 
70.120: [GC (Allocation Failure) [PSYoungGen: 209216K->5120K(262144K)] 1228716K->1024620K(2059776K), 0.0025401 secs] [Times: user=0.00 sys=0.00, real=0.00 secs] 
71.429: [GC (Allocation Failure) [PSYoungGen: 214343K->15360K(262144K)] 1233843K->1137260K(2059776K), 0.1109521 secs] [Times: user=0.02 sys=0.06, real=0.11 secs] 
72.843: [GC (Allocation Failure) [PSYoungGen: 234830K->21504K(262144K)] 1356731K->1143404K(2059776K), 0.0031071 secs] [Times: user=0.01 sys=0.00, real=0.00 secs] 
74.377: [GC (Allocation Failure) [PSYoungGen: 235860K->20480K(262144K)] 1357760K->1142380K(2059776K), 0.0031365 secs] [Times: user=0.00 sys=0.00, real=0.00 secs] 
75.685: [GC (Allocation Failure) [PSYoungGen: 239959K->25600K(262144K)] 1361860K->1147500K(2059776K), 0.0034187 secs] [Times: user=0.00 sys=0.00, real=0.00 secs] 
76.994: [GC (Allocation Failure) [PSYoungGen: 245082K->35840K(262144K)] 1366982K->1157740K(2059776K), 0.0037366 secs] [Times: user=0.00 sys=0.00, real=0.00 secs] 
78.848: [GC (Allocation Failure) [PSYoungGen: 199003K->5120K(262144K)] 1320904K->1229420K(2059776K), 0.0839900 secs] [Times: user=0.00 sys=0.08, real=0.08 secs] 
80.238: [GC (Allocation Failure) [PSYoungGen: 183638K->30720K(262144K)] 1407939K->1255020K(2059776K), 0.0038676 secs] [Times: user=0.00 sys=0.00, real=0.00 secs] 
81.768: [GC (Allocation Failure) [PSYoungGen: 214339K->5120K(262144K)] 1438640K->1229420K(2059776K), 0.0020397 secs] [Times: user=0.00 sys=0.00, real=0.00 secs] 
83.068: [GC (Allocation Failure) [PSYoungGen: 183625K->26624K(262144K)] 1407926K->1250924K(2059776K), 0.0046356 secs] [Times: user=0.00 sys=0.00, real=0.00 secs] 
84.377: [GC (Allocation Failure) [PSYoungGen: 235853K->27648K(262144K)] 1460153K->1251948K(2059776K), 0.0033134 secs] [Times: user=0.00 sys=0.00, real=0.00 secs] 
85.903: [GC (Allocation Failure) [PSYoungGen: 252242K->30720K(262144K)] 1476543K->1255020K(2059776K), 0.0039034 secs] [Times: user=0.00 sys=0.00, real=0.00 secs] 
87.209: [GC (Allocation Failure) [PSYoungGen: 239959K->25600K(262144K)] 1464259K->1249900K(2059776K), 0.0035642 secs] [Times: user=0.00 sys=0.00, real=0.00 secs] 
88.517: [GC (Allocation Failure) [PSYoungGen: 245081K->35840K(262144K)] 1469381K->1275500K(2059776K), 0.0072086 secs] [Times: user=0.00 sys=0.00, real=0.01 secs] 
90.266: [GC (Allocation Failure) [PSYoungGen: 234843K->5120K(262144K)] 1474503K->1295980K(2059776K), 0.0626322 secs] [Times: user=0.00 sys=0.05, real=0.06 secs] 
91.635: [GC (Allocation Failure) [PSYoungGen: 183642K->30720K(262144K)] 1474503K->1423980K(2059776K), 0.1240034 secs] [Times: user=0.00 sys=0.08, real=0.12 secs] 
94.269: [GC (Allocation Failure) [PSYoungGen: 250182K->6144K(262144K)] 1643442K->1399404K(2059776K), 0.0022670 secs] [Times: user=0.00 sys=0.00, real=0.00 secs] 
95.581: [GC (Allocation Failure) [PSYoungGen: 230734K->21504K(262144K)] 1623995K->1414764K(2059776K), 0.0037480 secs] [Times: user=0.00 sys=0.00, real=0.00 secs] 
97.330: [GC (Allocation Failure) [PSYoungGen: 246115K->10240K(262144K)] 1639375K->1403500K(2059776K), 0.0023367 secs] [Times: user=0.00 sys=0.00, real=0.00 secs] 
98.640: [GC (Allocation Failure) [PSYoungGen: 229729K->35840K(262144K)] 1622990K->1429100K(2059776K), 0.0041414 secs] [Times: user=0.00 sys=0.00, real=0.00 secs] 
99.953: [GC (Allocation Failure) [PSYoungGen: 255328K->35840K(262144K)] 1648589K->1480300K(2059776K), 0.0176252 secs] [Times: user=0.00 sys=0.00, real=0.02 secs] 
101.491: [GC (Allocation Failure) [PSYoungGen: 260447K->15360K(262144K)] 1704908K->1459820K(2059776K), 0.0033258 secs] [Times: user=0.00 sys=0.00, real=0.00 secs] 
102.802: [GC (Allocation Failure) [PSYoungGen: 234847K->11264K(262144K)] 1679308K->1455724K(2059776K), 0.0057425 secs] [Times: user=0.00 sys=0.00, real=0.01 secs] 
104.117: [GC (Allocation Failure) [PSYoungGen: 235856K->17408K(262144K)] 1680317K->1461868K(2059776K), 0.0029525 secs] [Times: user=0.00 sys=0.00, real=0.00 secs] 
106.082: [GC (Allocation Failure) [PSYoungGen: 160086K->15360K(262144K)] 1604546K->1511020K(2059776K), 0.0629850 secs] [Times: user=0.02 sys=0.00, real=0.06 secs] 
107.455: [GC (Allocation Failure) [PSYoungGen: 193871K->35840K(262144K)] 1689532K->1557100K(2059776K), 0.0308609 secs] [Times: user=0.00 sys=0.02, real=0.03 secs] 
108.904: [GC (Allocation Failure) [PSYoungGen: 229704K->20480K(262144K)] 1750964K->1541740K(2059776K), 0.0038269 secs] [Times: user=0.00 sys=0.00, real=0.00 secs] 
110.211: [GC (Allocation Failure) [PSYoungGen: 229709K->15360K(262144K)] 1750970K->1587820K(2059776K), 0.0466775 secs] [Times: user=0.00 sys=0.02, real=0.05 secs] 
111.567: [GC (Allocation Failure) [PSYoungGen: 234835K->20480K(262144K)] 1807295K->1695340K(2059776K), 0.0801729 secs] [Times: user=0.03 sys=0.03, real=0.08 secs] 
111.647: [Full GC (Ergonomics) [PSYoungGen: 20480K->0K(262144K)] [ParOldGen: 1674860K->174609K(1797632K)] 1695340K->174609K(2059776K), [Metaspace: 2796K->2796K(1056768K)], 0.0323470 secs] [Times: user=0.00 sys=0.01, real=0.03 secs] 
113.205: [GC (Allocation Failure) [PSYoungGen: 219479K->15360K(262144K)] 394088K->189969K(2059776K), 0.0015916 secs] [Times: user=0.00 sys=0.00, real=0.00 secs] 
114.510: [GC (Allocation Failure) [PSYoungGen: 234827K->26624K(262144K)] 409436K->201233K(2059776K), 0.0023214 secs] [Times: user=0.00 sys=0.00, real=0.00 secs] 
115.824: [GC (Allocation Failure) [PSYoungGen: 246090K->26624K(262144K)] 420700K->201233K(2059776K), 0.0024893 secs] [Times: user=0.00 sys=0.00, real=0.00 secs] 
117.674: [GC (Allocation Failure) [PSYoungGen: 174417K->25600K(262144K)] 349027K->251409K(2059776K), 0.0053213 secs] [Times: user=0.00 sys=0.00, real=0.00 secs] 
118.987: [GC (Allocation Failure) [PSYoungGen: 204110K->30720K(262144K)] 429919K->277009K(2059776K), 0.0042860 secs] [Times: user=0.00 sys=0.00, real=0.00 secs] 
120.411: [GC (Allocation Failure) [PSYoungGen: 209213K->5120K(262144K)] 455503K->251409K(2059776K), 0.0008123 secs] [Times: user=0.00 sys=0.00, real=0.00 secs] 
121.718: [GC (Allocation Failure) [PSYoungGen: 214341K->15360K(262144K)] 460631K->364049K(2059776K), 0.0155967 secs] [Times: user=0.00 sys=0.00, real=0.02 secs] 
123.044: [GC (Allocation Failure) [PSYoungGen: 234829K->21504K(262144K)] 583519K->370193K(2059776K), 0.0019353 secs] [Times: user=0.00 sys=0.00, real=0.00 secs] 
124.571: [GC (Allocation Failure) [PSYoungGen: 235859K->20480K(262144K)] 584549K->369169K(2059776K), 0.0017809 secs] [Times: user=0.00 sys=0.00, real=0.00 secs] 
125.880: [GC (Allocation Failure) [PSYoungGen: 239959K->25600K(262144K)] 588648K->374289K(2059776K), 0.0029331 secs] [Times: user=0.00 sys=0.00, real=0.00 secs] 
127.189: [GC (Allocation Failure) [PSYoungGen: 245081K->35840K(262144K)] 593771K->384529K(2059776K), 0.0028189 secs] [Times: user=0.00 sys=0.00, real=0.00 secs] 
129.043: [GC (Allocation Failure) [PSYoungGen: 199003K->5120K(262144K)] 547693K->456209K(2059776K), 0.0059612 secs] [Times: user=0.02 sys=0.00, real=0.01 secs] 
130.367: [GC (Allocation Failure) [PSYoungGen: 183638K->30720K(262144K)] 634728K->481809K(2059776K), 0.0036322 secs] [Times: user=0.00 sys=0.00, real=0.00 secs] 
131.890: [GC (Allocation Failure) [PSYoungGen: 214339K->5120K(262144K)] 665428K->456209K(2059776K), 0.0014617 secs] [Times: user=0.00 sys=0.00, real=0.00 secs] 
133.199: [GC (Allocation Failure) [PSYoungGen: 183625K->26624K(262144K)] 634715K->477713K(2059776K), 0.0027580 secs] [Times: user=0.00 sys=0.00, real=0.00 secs] 
134.510: [GC (Allocation Failure) [PSYoungGen: 235853K->27648K(262144K)] 686942K->478737K(2059776K), 0.0022084 secs] [Times: user=0.00 sys=0.00, real=0.00 secs] 
136.035: [GC (Allocation Failure) [PSYoungGen: 252242K->30720K(262144K)] 703332K->481809K(2059776K), 0.0027597 secs] [Times: user=0.00 sys=0.00, real=0.00 secs] 
137.345: [GC (Allocation Failure) [PSYoungGen: 239959K->25600K(262144K)] 691048K->476689K(2059776K), 0.0022710 secs] [Times: user=0.00 sys=0.00, real=0.00 secs] 
138.655: [GC (Allocation Failure) [PSYoungGen: 245081K->30720K(262144K)] 696170K->502289K(2059776K), 0.0048480 secs] [Times: user=0.00 sys=0.00, real=0.01 secs] 
140.395: [GC (Allocation Failure) [PSYoungGen: 229723K->5120K(262144K)] 701292K->527889K(2059776K), 0.0048497 secs] [Times: user=0.00 sys=0.00, real=0.00 secs] 
141.716: [GC (Allocation Failure) [PSYoungGen: 183642K->30720K(262144K)] 706411K->655889K(2059776K), 0.0155158 secs] [Times: user=0.00 sys=0.00, real=0.01 secs] 
144.240: [GC (Allocation Failure) [PSYoungGen: 250182K->6144K(262144K)] 875351K->631313K(2059776K), 0.0011681 secs] [Times: user=0.00 sys=0.00, real=0.00 secs] 
145.548: [GC (Allocation Failure) [PSYoungGen: 230734K->21504K(262144K)] 855904K->646673K(2059776K), 0.0023664 secs] [Times: user=0.00 sys=0.00, real=0.00 secs] 
147.292: [GC (Allocation Failure) [PSYoungGen: 246115K->10240K(262144K)] 871284K->635409K(2059776K), 0.0017050 secs] [Times: user=0.00 sys=0.00, real=0.00 secs] 
148.601: [GC (Allocation Failure) [PSYoungGen: 229729K->35840K(262144K)] 854899K->661009K(2059776K), 0.0038368 secs] [Times: user=0.00 sys=0.00, real=0.00 secs] 
149.911: [GC (Allocation Failure) [PSYoungGen: 255328K->35840K(262144K)] 880498K->712209K(2059776K), 0.0072618 secs] [Times: user=0.00 sys=0.00, real=0.01 secs] 
151.445: [GC (Allocation Failure) [PSYoungGen: 260447K->15360K(262144K)] 936817K->691729K(2059776K), 0.0018564 secs] [Times: user=0.00 sys=0.00, real=0.00 secs] 
152.751: [GC (Allocation Failure) [PSYoungGen: 234847K->16384K(262144K)] 911217K->692753K(2059776K), 0.0017182 secs] [Times: user=0.02 sys=0.00, real=0.00 secs] 
154.057: [GC (Allocation Failure) [PSYoungGen: 240976K->17408K(262144K)] 917346K->693777K(2059776K), 0.0019538 secs] [Times: user=0.00 sys=0.00, real=0.00 secs] 
156.019: [GC (Allocation Failure) [PSYoungGen: 160086K->15360K(262144K)] 836455K->742929K(2059776K), 0.0064875 secs] [Times: user=0.00 sys=0.00, real=0.01 secs] 
157.345: [GC (Allocation Failure) [PSYoungGen: 193871K->35840K(262144K)] 921441K->789009K(2059776K), 0.0040316 secs] [Times: user=0.00 sys=0.00, real=0.00 secs] 
158.767: [GC (Allocation Failure) [PSYoungGen: 229704K->20480K(262144K)] 982873K->773649K(2059776K), 0.0026573 secs] [Times: user=0.00 sys=0.00, real=0.00 secs] 
160.087: [GC (Allocation Failure) [PSYoungGen: 229709K->15360K(262144K)] 982879K->819729K(2059776K), 0.0056898 secs] [Times: user=0.00 sys=0.00, real=0.00 secs] 
161.394: [GC (Allocation Failure) [PSYoungGen: 234835K->20480K(262144K)] 1039204K->927249K(2059776K), 0.0154222 secs] [Times: user=0.00 sys=0.00, real=0.02 secs] 
162.929: [GC (Allocation Failure) [PSYoungGen: 239959K->15360K(262144K)] 1146728K->922129K(2059776K), 0.0022998 secs] [Times: user=0.00 sys=0.00, real=0.00 secs] 
164.235: [GC (Allocation Failure) [PSYoungGen: 234841K->26624K(262144K)] 1141611K->933393K(2059776K), 0.0024825 secs] [Times: user=0.00 sys=0.00, real=0.00 secs] 
165.541: [GC (Allocation Failure) [PSYoungGen: 246100K->26624K(262144K)] 1152869K->933393K(2059776K), 0.0028646 secs] [Times: user=0.00 sys=0.00, real=0.00 secs] 
167.393: [GC (Allocation Failure) [PSYoungGen: 174423K->25600K(262144K)] 1081193K->983569K(2059776K), 0.0068029 secs] [Times: user=0.00 sys=0.00, real=0.01 secs] 
168.719: [GC (Allocation Failure) [PSYoungGen: 204113K->30720K(262144K)] 1162083K->1009169K(2059776K), 0.0042375 secs] [Times: user=0.00 sys=0.00, real=0.00 secs] 
170.135: [GC (Allocation Failure) [PSYoungGen: 209216K->5120K(262144K)] 1187666K->983569K(2059776K), 0.0019869 secs] [Times: user=0.00 sys=0.00, real=0.00 secs] 
171.445: [GC (Allocation Failure) [PSYoungGen: 214343K->15360K(262144K)] 1192792K->1096209K(2059776K), 0.0155839 secs] [Times: user=0.00 sys=0.00, real=0.02 secs] 
172.767: [GC (Allocation Failure) [PSYoungGen: 234830K->21504K(262144K)] 1315680K->1102353K(2059776K), 0.0025558 secs] [Times: user=0.00 sys=0.00, real=0.00 secs] 
174.294: [GC (Allocation Failure) [PSYoungGen: 235860K->20480K(262144K)] 1316710K->1101329K(2059776K), 0.0024412 secs] [Times: user=0.00 sys=0.00, real=0.00 secs] 
175.601: [GC (Allocation Failure) [PSYoungGen: 239959K->25600K(262144K)] 1320809K->1106449K(2059776K), 0.0029520 secs] [Times: user=0.00 sys=0.00, real=0.00 secs] 
176.909: [GC (Allocation Failure) [PSYoungGen: 245082K->35840K(262144K)] 1325931K->1116689K(2059776K), 0.0039251 secs] [Times: user=0.00 sys=0.00, real=0.01 secs] 
178.761: [GC (Allocation Failure) [PSYoungGen: 199003K->5120K(262144K)] 1279853K->1188369K(2059776K), 0.0094531 secs] [Times: user=0.01 sys=0.00, real=0.01 secs] 
180.082: [GC (Allocation Failure) [PSYoungGen: 183638K->30720K(262144K)] 1366888K->1213969K(2059776K), 0.0035827 secs] [Times: user=0.00 sys=0.00, real=0.00 secs] 
181.600: [GC (Allocation Failure) [PSYoungGen: 214339K->5120K(262144K)] 1397589K->1188369K(2059776K), 0.0020460 secs] [Times: user=0.00 sys=0.00, real=0.00 secs] 
182.899: [GC (Allocation Failure) [PSYoungGen: 183625K->26624K(262144K)] 1366875K->1209873K(2059776K), 0.0038257 secs] [Times: user=0.00 sys=0.00, real=0.00 secs] 
184.194: [GC (Allocation Failure) [PSYoungGen: 235853K->27648K(262144K)] 1419103K->1210897K(2059776K), 0.0033032 secs] [Times: user=0.00 sys=0.00, real=0.00 secs] 
185.721: [GC (Allocation Failure) [PSYoungGen: 252242K->30720K(262144K)] 1435492K->1213969K(2059776K), 0.0040100 secs] [Times: user=0.00 sys=0.00, real=0.00 secs] 
187.027: [GC (Allocation Failure) [PSYoungGen: 239959K->25600K(262144K)] 1423208K->1208849K(2059776K), 0.0032700 secs] [Times: user=0.00 sys=0.00, real=0.00 secs] 
188.334: [GC (Allocation Failure) [PSYoungGen: 245081K->30720K(262144K)] 1428330K->1234449K(2059776K), 0.0047265 secs] [Times: user=0.00 sys=0.00, real=0.00 secs] 
190.077: [GC (Allocation Failure) [PSYoungGen: 229723K->5120K(262144K)] 1433452K->1260049K(2059776K), 0.0054926 secs] [Times: user=0.00 sys=0.00, real=0.00 secs] 
191.400: [GC (Allocation Failure) [PSYoungGen: 183642K->30720K(262144K)] 1438572K->1388049K(2059776K), 0.0152055 secs] [Times: user=0.02 sys=0.00, real=0.01 secs] 
193.928: [GC (Allocation Failure) [PSYoungGen: 250182K->6176K(262144K)] 1607511K->1363505K(2059776K), 0.0020202 secs] [Times: user=0.00 sys=0.00, real=0.00 secs] 
195.235: [GC (Allocation Failure) [PSYoungGen: 230766K->21536K(262144K)] 1588096K->1378865K(2059776K), 0.0029595 secs] [Times: user=0.00 sys=0.00, real=0.00 secs] 
196.979: [GC (Allocation Failure) [PSYoungGen: 246147K->10272K(262144K)] 1603476K->1367601K(2059776K), 0.0026302 secs] [Times: user=0.00 sys=0.00, real=0.00 secs] 
198.291: [GC (Allocation Failure) [PSYoungGen: 229761K->35872K(262144K)] 1587091K->1393201K(2059776K), 0.0038390 secs] [Times: user=0.00 sys=0.00, real=0.00 secs] 
199.601: [GC (Allocation Failure) [PSYoungGen: 255360K->35872K(262144K)] 1612690K->1444401K(2059776K), 0.0074964 secs] [Times: user=0.00 sys=0.00, real=0.01 secs] 
201.144: [GC (Allocation Failure) [PSYoungGen: 260479K->15392K(262144K)] 1669009K->1423921K(2059776K), 0.0027219 secs] [Times: user=0.00 sys=0.00, real=0.00 secs] 
202.454: [GC (Allocation Failure) [PSYoungGen: 234879K->16416K(262144K)] 1643409K->1424945K(2059776K), 0.0025022 secs] [Times: user=0.00 sys=0.00, real=0.00 secs] 
203.761: [GC (Allocation Failure) [PSYoungGen: 241008K->17440K(262144K)] 1649538K->1425969K(2059776K), 0.0032240 secs] [Times: user=0.00 sys=0.00, real=0.00 secs] 
205.724: [GC (Allocation Failure) [PSYoungGen: 160118K->15392K(262144K)] 1568647K->1475121K(2059776K), 0.0067198 secs] [Times: user=0.00 sys=0.00, real=0.01 secs] 
207.049: [GC (Allocation Failure) [PSYoungGen: 193903K->35872K(262144K)] 1653633K->1521201K(2059776K), 0.0058155 secs] [Times: user=0.00 sys=0.00, real=0.01 secs] 
208.478: [GC (Allocation Failure) [PSYoungGen: 229736K->20512K(262144K)] 1715065K->1505841K(2059776K), 0.0032963 secs] [Times: user=0.00 sys=0.00, real=0.00 secs] 
209.786: [GC (Allocation Failure) [PSYoungGen: 229741K->15392K(262144K)] 1715071K->1551921K(2059776K), 0.0065388 secs] [Times: user=0.00 sys=0.00, real=0.01 secs] 
211.095: [GC (Allocation Failure) [PSYoungGen: 234867K->20512K(262144K)] 1771396K->1659441K(2059776K), 0.0154338 secs] [Times: user=0.00 sys=0.00, real=0.02 secs] 
212.635: [GC (Allocation Failure) [PSYoungGen: 239991K->15392K(262144K)] 1878920K->1654321K(2059776K), 0.0029217 secs] [Times: user=0.00 sys=0.00, real=0.00 secs] 
213.946: [GC (Allocation Failure) [PSYoungGen: 234873K->16416K(262144K)] 1873803K->1655345K(2059776K), 0.0033759 secs] [Times: user=0.00 sys=0.00, real=0.00 secs] 
215.257: [GC (Allocation Failure) [PSYoungGen: 235892K->26656K(262144K)] 1874821K->1665593K(2059776K), 0.0034500 secs] [Times: user=0.00 sys=0.00, real=0.00 secs] 
217.114: [GC (Allocation Failure) [PSYoungGen: 174455K->25600K(262144K)] 1813393K->1715745K(2059776K), 0.0153176 secs] [Times: user=0.00 sys=0.00, real=0.01 secs] 
217.130: [Full GC (Ergonomics) [PSYoungGen: 25600K->0K(262144K)] [ParOldGen: 1690145K->77329K(1797632K)] 1715745K->77329K(2059776K), [Metaspace: 2796K->2796K(1056768K)], 0.0099109 secs] [Times: user=0.00 sys=0.00, real=0.01 secs] 
218.456: [GC (Allocation Failure) [PSYoungGen: 178513K->25600K(262144K)] 255843K->102929K(2059776K), 0.0021337 secs] [Times: user=0.00 sys=0.00, real=0.00 secs] 
Heap
 PSYoungGen      total 262144K, used 208592K [0x00000000edb80000, 0x0000000100000000, 0x0000000100000000)
  eden space 224768K, 81% used [0x00000000edb80000,0x00000000f8e34038,0x00000000fb700000)
  from space 37376K, 68% used [0x00000000fdb80000,0x00000000ff480020,0x0000000100000000)
  to   space 37376K, 0% used [0x00000000fb700000,0x00000000fb700000,0x00000000fdb80000)
 ParOldGen       total 1797632K, used 77329K [0x0000000080000000, 0x00000000edb80000, 0x00000000edb80000)
  object space 1797632K, 4% used [0x0000000080000000,0x0000000084b84710,0x00000000edb80000)
 Metaspace       used 2804K, capacity 4486K, committed 4864K, reserved 1056768K
  class space    used 297K, capacity 386K, committed 512K, reserved 1048576K
