Java HotSpot(TM) 64-Bit Server VM (25.411-b09) for windows-amd64 JRE (1.8.0_411-b09), built on Mar 13 2024 07:26:13 by "java_re" with MS VC++ 17.1 (VS2022)
Memory: 4k page, physical 33403376k(13647440k free), swap 38563536k(6496300k free)
CommandLine flags: -XX:InitialHeapSize=1073741824 -XX:MaxHeapSize=1073741824 -XX:NewRatio=9 -XX:ParallelGCThreads=6 -XX:+PrintGC -XX:+PrintGCDetails -XX:+PrintGCTimeStamps -XX:SurvivorRatio=5 -XX:-UseAdaptiveSizePolicy -XX:+UseCompressedClassPointers -XX:+UseCompressedOops -XX:-UseLargePagesIndividualAllocation -XX:+UseParallelGC 
1.161: [GC (Allocation Failure) [PSYoungGen: 56238K->10992K(89600K)] 56238K->16120K(1033728K), 0.0043301 secs] [Times: user=0.00 sys=0.00, real=0.00 secs] 
1.740: [GC (Allocation Failure) [PSYoungGen: 85151K->2752K(89600K)] 192679K->110288K(1033728K), 0.0008884 secs] [Times: user=0.00 sys=0.00, real=0.00 secs] 
3.346: [GC (Allocation Failure) [PSYoungGen: 76925K->8864K(89600K)] 338061K->270000K(1033728K), 0.0012014 secs] [Times: user=0.00 sys=0.00, real=0.00 secs] 
5.416: [GC (Allocation Failure) [PSYoungGen: 82022K->10872K(89600K)] 343158K->272008K(1033728K), 0.0024498 secs] [Times: user=0.00 sys=0.00, real=0.00 secs] 
6.990: [GC (Allocation Failure) [PSYoungGen: 85057K->10856K(89600K)] 499793K->440952K(1033728K), 0.0050590 secs] [Times: user=0.00 sys=0.00, real=0.01 secs] 
8.781: [GC (Allocation Failure) [PSYoungGen: 70433K->5704K(89600K)] 654129K->589408K(1033728K), 0.0020986 secs] [Times: user=0.00 sys=0.00, real=0.00 secs] 
9.432: [GC (Allocation Failure) [PSYoungGen: 79897K->1696K(89600K)] 766001K->739000K(1033728K), 0.0647930 secs] [Times: user=0.02 sys=0.03, real=0.06 secs] 
11.068: [Full GC (Ergonomics) [PSYoungGen: 75891K->0K(89600K)] [ParOldGen: 890904K->160272K(944128K)] 966795K->160272K(1033728K), [Metaspace: 2761K->2761K(1056768K)], 0.0529232 secs] [Times: user=0.02 sys=0.03, real=0.05 secs] 
12.965: [GC (Allocation Failure) [PSYoungGen: 73172K->1024K(89600K)] 387045K->314896K(1033728K), 0.0005937 secs] [Times: user=0.00 sys=0.00, real=0.00 secs] 
14.379: [GC (Allocation Failure) [PSYoungGen: 75707K->11296K(89600K)] 543180K->478777K(1033728K), 0.0014124 secs] [Times: user=0.00 sys=0.00, real=0.00 secs] 
15.792: [GC (Allocation Failure) [PSYoungGen: 85494K->11328K(89600K)] 706575K->647769K(1033728K), 0.0024003 secs] [Times: user=0.00 sys=0.00, real=0.00 secs] 
17.537: [GC (Allocation Failure) [PSYoungGen: 84502K->10272K(89600K)] 720943K->651833K(1033728K), 0.0020977 secs] [Times: user=0.00 sys=0.00, real=0.00 secs] 
18.954: [GC (Allocation Failure) [PSYoungGen: 84467K->5152K(89600K)] 879628K->831033K(1033728K), 0.0028673 secs] [Times: user=0.00 sys=0.00, real=0.00 secs] 
19.281: [GC (Allocation Failure) [PSYoungGen: 37364K->5184K(89600K)] 914445K->882265K(1033728K), 0.0019360 secs] [Times: user=0.00 sys=0.00, real=0.00 secs] 
19.283: [GC (Allocation Failure) [PSYoungGen: 5184K->5152K(89600K)] 882265K->882233K(1033728K), 0.0020924 secs] [Times: user=0.00 sys=0.00, real=0.00 secs] 
19.285: [Full GC (Allocation Failure) [PSYoungGen: 5152K->0K(89600K)] [ParOldGen: 877081K->82449K(944128K)] 882233K->82449K(1033728K), [Metaspace: 2770K->2770K(1056768K)], 0.0080795 secs] [Times: user=0.00 sys=0.00, real=0.01 secs] 
20.820: [GC (Allocation Failure) [PSYoungGen: 74196K->0K(89600K)] 361445K->287249K(1033728K), 0.0008535 secs] [Times: user=0.00 sys=0.00, real=0.00 secs] 
22.239: [GC (Allocation Failure) [PSYoungGen: 74197K->5120K(89600K)] 515046K->445969K(1033728K), 0.0008848 secs] [Times: user=0.00 sys=0.00, real=0.00 secs] 
23.651: [GC (Allocation Failure) [PSYoungGen: 79318K->11264K(89600K)] 673767K->605713K(1033728K), 0.0016663 secs] [Times: user=0.00 sys=0.00, real=0.00 secs] 
25.724: [GC (Allocation Failure) [PSYoungGen: 82390K->10240K(89600K)] 830439K->768529K(1033728K), 0.0018534 secs] [Times: user=0.00 sys=0.00, real=0.00 secs] 
27.160: [Full GC (Ergonomics) [PSYoungGen: 84438K->0K(89600K)] [ParOldGen: 911889K->36369K(944128K)] 996328K->36369K(1033728K), [Metaspace: 2780K->2780K(1056768K)], 0.0052388 secs] [Times: user=0.00 sys=0.00, real=0.01 secs] 
28.684: [GC (Allocation Failure) [PSYoungGen: 73174K->10240K(89600K)] 109544K->46609K(1033728K), 0.0011344 secs] [Times: user=0.00 sys=0.00, real=0.00 secs] 
30.095: [GC (Allocation Failure) [PSYoungGen: 84751K->10272K(89600K)] 274720K->205369K(1033728K), 0.0012123 secs] [Times: user=0.00 sys=0.00, real=0.00 secs] 
32.167: [GC (Allocation Failure) [PSYoungGen: 84468K->64K(89600K)] 535566K->451161K(1033728K), 0.0011910 secs] [Times: user=0.00 sys=0.00, real=0.00 secs] 
33.584: [GC (Allocation Failure) [PSYoungGen: 74261K->6176K(89600K)] 678958K->610873K(1033728K), 0.0015211 secs] [Times: user=0.00 sys=0.00, real=0.00 secs] 
35.004: [GC (Allocation Failure) [PSYoungGen: 80374K->12320K(89600K)] 838671K->775737K(1033728K), 0.0018551 secs] [Times: user=0.00 sys=0.00, real=0.00 secs] 
37.076: [Full GC (Ergonomics) [PSYoungGen: 83446K->0K(89600K)] [ParOldGen: 917017K->21504K(944128K)] 1000463K->21504K(1033728K), [Metaspace: 2793K->2793K(1056768K)], 0.0044275 secs] [Times: user=0.00 sys=0.00, real=0.00 secs] 
38.493: [GC (Allocation Failure) [PSYoungGen: 74198K->10240K(89600K)] 249303K->205824K(1033728K), 0.0026120 secs] [Times: user=0.00 sys=0.00, real=0.00 secs] 
40.128: [GC (Allocation Failure) [PSYoungGen: 83414K->10240K(89600K)] 330199K->257024K(1033728K), 0.0011077 secs] [Times: user=0.00 sys=0.00, real=0.00 secs] 
41.544: [GC (Allocation Failure) [PSYoungGen: 84439K->10240K(89600K)] 484823K->415744K(1033728K), 0.0017376 secs] [Times: user=0.00 sys=0.00, real=0.00 secs] 
43.507: [GC (Allocation Failure) [PSYoungGen: 84439K->5120K(89600K)] 643543K->564224K(1033728K), 0.0013960 secs] [Times: user=0.00 sys=0.00, real=0.00 secs] 
44.925: [GC (Allocation Failure) [PSYoungGen: 79319K->11264K(89600K)] 792023K->723968K(1033728K), 0.0021337 secs] [Times: user=0.00 sys=0.00, real=0.00 secs] 
46.343: [GC (Allocation Failure) [PSYoungGen: 85463K->11264K(89600K)] 951767K->892928K(1033728K), 0.0030956 secs] [Times: user=0.00 sys=0.00, real=0.00 secs] 
47.664: [Full GC (Ergonomics) [PSYoungGen: 54743K->0K(89600K)] [ParOldGen: 932864K->72209K(944128K)] 987607K->72209K(1033728K), [Metaspace: 2795K->2795K(1056768K)], 0.0080690 secs] [Times: user=0.02 sys=0.00, real=0.01 secs] 
49.212: [GC (Allocation Failure) [PSYoungGen: 74199K->5120K(89600K)] 402408K->333329K(1033728K), 0.0009077 secs] [Times: user=0.00 sys=0.00, real=0.00 secs] 
51.171: [GC (Allocation Failure) [PSYoungGen: 79319K->0K(89600K)] 561128K->481809K(1033728K), 0.0012916 secs] [Times: user=0.00 sys=0.00, real=0.00 secs] 
52.589: [GC (Allocation Failure) [PSYoungGen: 74199K->11264K(89600K)] 709608K->646673K(1033728K), 0.0012562 secs] [Times: user=0.00 sys=0.00, real=0.00 secs] 
54.001: [GC (Allocation Failure) [PSYoungGen: 85463K->12288K(89600K)] 874472K->806417K(1033728K), 0.0019487 secs] [Times: user=0.00 sys=0.00, real=0.00 secs] 
55.857: [GC (Allocation Failure) [PSYoungGen: 80343K->10240K(89600K)] 874472K->809489K(1033728K), 0.0018746 secs] [Times: user=0.00 sys=0.00, real=0.00 secs] 
56.184: [GC (Allocation Failure) [PSYoungGen: 42451K->10240K(89600K)] 892901K->860689K(1033728K), 0.0018796 secs] [Times: user=0.00 sys=0.00, real=0.00 secs] 
56.186: [GC (Allocation Failure) [PSYoungGen: 10240K->10240K(89600K)] 860689K->860689K(1033728K), 0.0020264 secs] [Times: user=0.00 sys=0.00, real=0.00 secs] 
56.188: [Full GC (Allocation Failure) [PSYoungGen: 10240K->0K(89600K)] [ParOldGen: 850449K->67089K(944128K)] 860689K->67089K(1033728K), [Metaspace: 2795K->2795K(1056768K)], 0.0071537 secs] [Times: user=0.00 sys=0.00, real=0.01 secs] 
57.721: [GC (Allocation Failure) [PSYoungGen: 74195K->5120K(89600K)] 397285K->348689K(1033728K), 0.0023654 secs] [Times: user=0.00 sys=0.00, real=0.00 secs] 
60.011: [GC (Allocation Failure) [PSYoungGen: 76244K->10240K(89600K)] 573414K->507409K(1033728K), 0.0012966 secs] [Times: user=0.00 sys=0.00, real=0.00 secs] 
61.437: [GC (Allocation Failure) [PSYoungGen: 84437K->10240K(89600K)] 735207K->666129K(1033728K), 0.0017943 secs] [Times: user=0.00 sys=0.00, real=0.00 secs] 
63.071: [GC (Allocation Failure) [PSYoungGen: 83414K->5120K(89600K)] 892903K->824849K(1033728K), 0.0020752 secs] [Times: user=0.00 sys=0.00, real=0.00 secs] 
63.616: [Full GC (Ergonomics) [PSYoungGen: 79318K->0K(89600K)] [ParOldGen: 922129K->7168K(944128K)] 1001448K->7168K(1033728K), [Metaspace: 2796K->2796K(1056768K)], 0.0030008 secs] [Times: user=0.00 sys=0.00, real=0.00 secs] 
65.033: [GC (Allocation Failure) [PSYoungGen: 74198K->11264K(89600K)] 234966K->172032K(1033728K), 0.0012835 secs] [Times: user=0.00 sys=0.00, real=0.00 secs] 
66.883: [GC (Allocation Failure) [PSYoungGen: 84438K->10240K(89600K)] 245207K->171008K(1033728K), 0.0011329 secs] [Times: user=0.00 sys=0.00, real=0.00 secs] 
68.301: [GC (Allocation Failure) [PSYoungGen: 84435K->10240K(89600K)] 398803K->350208K(1033728K), 0.0029802 secs] [Times: user=0.00 sys=0.00, real=0.00 secs] 
70.481: [GC (Allocation Failure) [PSYoungGen: 84436K->0K(89600K)] 731605K->647168K(1033728K), 0.0015520 secs] [Times: user=0.00 sys=0.00, real=0.00 secs] 
71.899: [GC (Allocation Failure) [PSYoungGen: 74197K->5120K(89600K)] 874965K->805888K(1033728K), 0.0015751 secs] [Times: user=0.00 sys=0.00, real=0.00 secs] 
73.206: [GC (Allocation Failure) [PSYoungGen: 79318K->11264K(89600K)] 931286K->863232K(1033728K), 0.0021581 secs] [Times: user=0.00 sys=0.00, real=0.00 secs] 
73.208: [GC (Allocation Failure) [PSYoungGen: 11264K->11264K(89600K)] 863232K->863232K(1033728K), 0.0018667 secs] [Times: user=0.00 sys=0.00, real=0.00 secs] 
73.210: [Full GC (Allocation Failure) [PSYoungGen: 11264K->0K(89600K)] [ParOldGen: 851968K->165393K(944128K)] 863232K->165393K(1033728K), [Metaspace: 2796K->2796K(1056768K)], 0.0131131 secs] [Times: user=0.00 sys=0.00, real=0.01 secs] 
75.397: [GC (Allocation Failure) [PSYoungGen: 71126K->10240K(89600K)] 492520K->441873K(1033728K), 0.0018185 secs] [Times: user=0.00 sys=0.00, real=0.00 secs] 
76.813: [GC (Allocation Failure) [PSYoungGen: 84438K->10240K(89600K)] 669672K->610833K(1033728K), 0.0025934 secs] [Times: user=0.00 sys=0.00, real=0.00 secs] 
78.339: [GC (Allocation Failure) [PSYoungGen: 83414K->10240K(89600K)] 684008K->610833K(1033728K), 0.0015744 secs] [Times: user=0.00 sys=0.00, real=0.00 secs] 
79.749: [GC (Allocation Failure) [PSYoungGen: 84435K->10240K(89600K)] 838629K->769553K(1033728K), 0.0018551 secs] [Times: user=0.00 sys=0.00, real=0.00 secs] 
81.713: [Full GC (Ergonomics) [PSYoungGen: 84436K->0K(89600K)] [ParOldGen: 912913K->6144K(944128K)] 997350K->6144K(1033728K), [Metaspace: 2796K->2796K(1056768K)], 0.0031009 secs] [Times: user=0.02 sys=0.00, real=0.00 secs] 
83.242: [GC (Allocation Failure) [PSYoungGen: 74197K->6144K(89600K)] 336341K->268288K(1033728K), 0.0009777 secs] [Times: user=0.00 sys=0.00, real=0.00 secs] 
84.658: [GC (Allocation Failure) [PSYoungGen: 80342K->7168K(89600K)] 496086K->433152K(1033728K), 0.0017147 secs] [Times: user=0.00 sys=0.00, real=0.00 secs] 
86.726: [GC (Allocation Failure) [PSYoungGen: 78294K->10240K(89600K)] 657878K->600064K(1033728K), 0.0027953 secs] [Times: user=0.00 sys=0.00, real=0.00 secs] 
88.147: [GC (Allocation Failure) [PSYoungGen: 84438K->10240K(89600K)] 827863K->784384K(1033728K), 0.0038771 secs] [Times: user=0.00 sys=0.00, real=0.00 secs] 
89.782: [GC (Allocation Failure) [PSYoungGen: 83414K->10240K(89600K)] 908759K->835584K(1033728K), 0.0023196 secs] [Times: user=0.00 sys=0.00, real=0.00 secs] 
90.218: [GC (Allocation Failure) [PSYoungGen: 52694K->5120K(89600K)] 929239K->881664K(1033728K), 0.0025669 secs] [Times: user=0.00 sys=0.00, real=0.00 secs] 
90.220: [GC (Allocation Failure) [PSYoungGen: 5120K->5120K(89600K)] 881664K->881664K(1033728K), 0.0018034 secs] [Times: user=0.00 sys=0.00, real=0.00 secs] 
90.222: [Full GC (Allocation Failure) [PSYoungGen: 5120K->0K(89600K)] [ParOldGen: 876544K->56849K(944128K)] 881664K->56849K(1033728K), [Metaspace: 2796K->2796K(1056768K)], 0.0062266 secs] [Times: user=0.00 sys=0.00, real=0.01 secs] 
91.763: [GC (Allocation Failure) [PSYoungGen: 74199K->5120K(89600K)] 387048K->317969K(1033728K), 0.0009351 secs] [Times: user=0.00 sys=0.00, real=0.00 secs] 
94.052: [GC (Allocation Failure) [PSYoungGen: 71127K->6144K(89600K)] 383976K->318993K(1033728K), 0.0009201 secs] [Times: user=0.00 sys=0.00, real=0.00 secs] 
95.468: [GC (Allocation Failure) [PSYoungGen: 80339K->11264K(89600K)] 546788K->487953K(1033728K), 0.0018933 secs] [Times: user=0.00 sys=0.00, real=0.00 secs] 
97.099: [GC (Allocation Failure) [PSYoungGen: 75220K->10240K(89600K)] 705510K->640529K(1033728K), 0.0017438 secs] [Times: user=0.00 sys=0.00, real=0.00 secs] 
97.642: [GC (Allocation Failure) [PSYoungGen: 84437K->1024K(89600K)] 817127K->754193K(1033728K), 0.0021533 secs] [Times: user=0.00 sys=0.00, real=0.00 secs] 
99.058: [Full GC (Ergonomics) [PSYoungGen: 75222K->0K(89600K)] [ParOldGen: 906769K->78353K(944128K)] 981991K->78353K(1033728K), [Metaspace: 2796K->2796K(1056768K)], 0.0080255 secs] [Times: user=0.00 sys=0.00, real=0.01 secs] 
100.811: [GC (Allocation Failure) [PSYoungGen: 73174K->0K(89600K)] 305127K->231953K(1033728K), 0.0007200 secs] [Times: user=0.00 sys=0.00, real=0.00 secs] 
102.225: [GC (Allocation Failure) [PSYoungGen: 74198K->11264K(89600K)] 459752K->396817K(1033728K), 0.0014226 secs] [Times: user=0.00 sys=0.00, real=0.00 secs] 
103.644: [GC (Allocation Failure) [PSYoungGen: 85462K->12288K(89600K)] 624616K->556561K(1033728K), 0.0014939 secs] [Times: user=0.00 sys=0.00, real=0.00 secs] 
105.494: [GC (Allocation Failure) [PSYoungGen: 80343K->5120K(89600K)] 624616K->559633K(1033728K), 0.0016228 secs] [Times: user=0.00 sys=0.00, real=0.00 secs] 
106.907: [GC (Allocation Failure) [PSYoungGen: 79315K->10240K(89600K)] 787429K->738833K(1033728K), 0.0027338 secs] [Times: user=0.00 sys=0.00, real=0.00 secs] 
108.649: [Full GC (Ergonomics) [PSYoungGen: 79316K->0K(89600K)] [ParOldGen: 933393K->51729K(944128K)] 1012710K->51729K(1033728K), [Metaspace: 2796K->2796K(1056768K)], 0.0057474 secs] [Times: user=0.00 sys=0.00, real=0.01 secs] 
110.183: [GC (Allocation Failure) [PSYoungGen: 74197K->5120K(89600K)] 381927K->312849K(1033728K), 0.0008337 secs] [Times: user=0.00 sys=0.00, real=0.00 secs] 
111.608: [GC (Allocation Failure) [PSYoungGen: 79318K->10240K(89600K)] 540647K->471569K(1033728K), 0.0012169 secs] [Times: user=0.00 sys=0.00, real=0.00 secs] 
113.567: [GC (Allocation Failure) [PSYoungGen: 80342K->11264K(89600K)] 695272K->626193K(1033728K), 0.0015384 secs] [Times: user=0.00 sys=0.00, real=0.00 secs] 
114.987: [GC (Allocation Failure) [PSYoungGen: 85462K->11264K(89600K)] 853992K->795153K(1033728K), 0.0022412 secs] [Times: user=0.00 sys=0.00, real=0.00 secs] 
116.733: [GC (Allocation Failure) [PSYoungGen: 79318K->10240K(89600K)] 863208K->794129K(1033728K), 0.0021895 secs] [Times: user=0.00 sys=0.00, real=0.00 secs] 
118.152: [Full GC (Ergonomics) [PSYoungGen: 84435K->0K(89600K)] [ParOldGen: 937489K->36864K(944128K)] 1021925K->36864K(1033728K), [Metaspace: 2796K->2796K(1056768K)], 0.0051456 secs] [Times: user=0.00 sys=0.00, real=0.00 secs] 
120.438: [GC (Allocation Failure) [PSYoungGen: 71124K->5120K(89600K)] 415188K->349184K(1033728K), 0.0010754 secs] [Times: user=0.00 sys=0.00, real=0.00 secs] 
121.853: [GC (Allocation Failure) [PSYoungGen: 79317K->11264K(89600K)] 576981K->508928K(1033728K), 0.0011896 secs] [Times: user=0.00 sys=0.00, real=0.00 secs] 
123.817: [GC (Allocation Failure) [PSYoungGen: 85462K->5120K(89600K)] 736726K->656384K(1033728K), 0.0014875 secs] [Times: user=0.00 sys=0.00, real=0.00 secs] 
125.227: [GC (Allocation Failure) [PSYoungGen: 79318K->10240K(89600K)] 884182K->825344K(1033728K), 0.0025123 secs] [Times: user=0.02 sys=0.00, real=0.00 secs] 
125.664: [GC (Allocation Failure) [PSYoungGen: 52694K->5120K(89600K)] 918998K->881664K(1033728K), 0.0040417 secs] [Times: user=0.01 sys=0.00, real=0.00 secs] 
125.668: [GC (Allocation Failure) [PSYoungGen: 5120K->5120K(89600K)] 881664K->881664K(1033728K), 0.0027303 secs] [Times: user=0.00 sys=0.00, real=0.00 secs] 
125.671: [Full GC (Allocation Failure) [PSYoungGen: 5120K->0K(89600K)] [ParOldGen: 876544K->77329K(944128K)] 881664K->77329K(1033728K), [Metaspace: 2796K->2796K(1056768K)], 0.0079406 secs] [Times: user=0.00 sys=0.00, real=0.01 secs] 
127.537: [GC (Allocation Failure) [PSYoungGen: 74198K->0K(89600K)] 253928K->200209K(1033728K), 0.0023182 secs] [Times: user=0.00 sys=0.00, real=0.00 secs] 
128.950: [GC (Allocation Failure) [PSYoungGen: 74199K->10240K(89600K)] 428008K->364049K(1033728K), 0.0011172 secs] [Times: user=0.00 sys=0.00, real=0.00 secs] 
130.370: [GC (Allocation Failure) [PSYoungGen: 84439K->10240K(89600K)] 591848K->522769K(1033728K), 0.0015399 secs] [Times: user=0.00 sys=0.00, real=0.00 secs] 
132.554: [GC (Allocation Failure) [PSYoungGen: 84439K->11264K(89600K)] 699368K->631313K(1033728K), 0.0018054 secs] [Times: user=0.00 sys=0.00, real=0.00 secs] 
133.096: [GC (Allocation Failure) [PSYoungGen: 85463K->3072K(89600K)] 807912K->725521K(1033728K), 0.0012220 secs] [Times: user=0.00 sys=0.00, real=0.00 secs] 
134.512: [GC (Allocation Failure) [PSYoungGen: 77271K->13312K(89600K)] 953320K->889361K(1033728K), 0.0018757 secs] [Times: user=0.00 sys=0.00, real=0.00 secs] 
135.599: [Full GC (Ergonomics) [PSYoungGen: 60887K->0K(89600K)] [ParOldGen: 927249K->61969K(944128K)] 988136K->61969K(1033728K), [Metaspace: 2796K->2796K(1056768K)], 0.0063773 secs] [Times: user=0.00 sys=0.00, real=0.01 secs] 
137.142: [GC (Allocation Failure) [PSYoungGen: 74199K->5120K(89600K)] 392168K->343569K(1033728K), 0.0023606 secs] [Times: user=0.00 sys=0.00, real=0.00 secs] 
138.998: [GC (Allocation Failure) [PSYoungGen: 79319K->0K(89600K)] 468968K->389649K(1033728K), 0.0009740 secs] [Times: user=0.00 sys=0.00, real=0.00 secs] 
140.415: [GC (Allocation Failure) [PSYoungGen: 74199K->10240K(89600K)] 617448K->553489K(1033728K), 0.0014248 secs] [Times: user=0.00 sys=0.00, real=0.00 secs] 
141.835: [GC (Allocation Failure) [PSYoungGen: 84439K->11264K(89600K)] 781288K->713233K(1033728K), 0.0017490 secs] [Times: user=0.00 sys=0.00, real=0.00 secs] 
143.909: [GC (Allocation Failure) [PSYoungGen: 85463K->11264K(89600K)] 787432K->723473K(1033728K), 0.0019598 secs] [Times: user=0.00 sys=0.00, real=0.00 secs] 
144.454: [GC (Allocation Failure) [PSYoungGen: 85459K->12288K(89600K)] 900069K->826897K(1033728K), 0.0018815 secs] [Times: user=0.00 sys=0.00, real=0.00 secs] 
145.545: [GC (Allocation Failure) [PSYoungGen: 85461K->11264K(89600K)] 951270K->892433K(1033728K), 0.0021228 secs] [Times: user=0.00 sys=0.00, real=0.00 secs] 
145.547: [GC (Allocation Failure) [PSYoungGen: 11264K->11264K(89600K)] 892433K->892433K(1033728K), 0.0018902 secs] [Times: user=0.00 sys=0.00, real=0.00 secs] 
145.549: [Full GC (Allocation Failure) [PSYoungGen: 11264K->0K(89600K)] [ParOldGen: 881169K->78353K(944128K)] 892433K->78353K(1033728K), [Metaspace: 2796K->2796K(1056768K)], 0.0074273 secs] [Times: user=0.00 sys=0.00, real=0.01 secs] 
147.856: [GC (Allocation Failure) [PSYoungGen: 71125K->10240K(89600K)] 405479K->365073K(1033728K), 0.0026856 secs] [Times: user=0.00 sys=0.00, real=0.00 secs] 
149.277: [GC (Allocation Failure) [PSYoungGen: 84438K->10240K(89600K)] 592871K->523793K(1033728K), 0.0015845 secs] [Times: user=0.00 sys=0.00, real=0.00 secs] 
150.906: [GC (Allocation Failure) [PSYoungGen: 83414K->10240K(89600K)] 750568K->682513K(1033728K), 0.0016361 secs] [Times: user=0.00 sys=0.00, real=0.00 secs] 
152.325: [GC (Allocation Failure) [PSYoungGen: 84438K->6144K(89600K)] 910312K->842257K(1033728K), 0.0016977 secs] [Times: user=0.00 sys=0.00, real=0.00 secs] 
152.652: [GC (Allocation Failure) [PSYoungGen: 38358K->6144K(89600K)] 925672K->893457K(1033728K), 0.0015230 secs] [Times: user=0.00 sys=0.00, real=0.00 secs] 
152.654: [GC (Allocation Failure) [PSYoungGen: 6144K->6144K(89600K)] 893457K->893457K(1033728K), 0.0021580 secs] [Times: user=0.00 sys=0.00, real=0.00 secs] 
152.656: [Full GC (Allocation Failure) [PSYoungGen: 6144K->0K(89600K)] [ParOldGen: 887313K->62993K(944128K)] 893457K->62993K(1033728K), [Metaspace: 2796K->2796K(1056768K)], 0.0065082 secs] [Times: user=0.00 sys=0.00, real=0.01 secs] 
154.957: [GC (Allocation Failure) [PSYoungGen: 70103K->10240K(89600K)] 235496K->175633K(1033728K), 0.0011058 secs] [Times: user=0.00 sys=0.00, real=0.00 secs] 
156.378: [GC (Allocation Failure) [PSYoungGen: 84439K->10240K(89600K)] 403432K->344593K(1033728K), 0.0021099 secs] [Times: user=0.00 sys=0.00, real=0.00 secs] 
158.120: [GC (Allocation Failure) [PSYoungGen: 74199K->5120K(89600K)] 562152K->493073K(1033728K), 0.0011746 secs] [Times: user=0.00 sys=0.00, real=0.00 secs] 
158.659: [GC (Allocation Failure) [PSYoungGen: 79319K->1024K(89600K)] 669672K->642577K(1033728K), 0.0045952 secs] [Times: user=0.00 sys=0.00, real=0.00 secs] 
160.073: [GC (Allocation Failure) [PSYoungGen: 75223K->6144K(89600K)] 870376K->801297K(1033728K), 0.0015876 secs] [Times: user=0.00 sys=0.00, real=0.00 secs] 
161.165: [GC (Allocation Failure) [PSYoungGen: 79319K->10240K(89600K)] 925672K->856593K(1033728K), 0.0016315 secs] [Times: user=0.02 sys=0.00, real=0.00 secs] 
161.167: [GC (Allocation Failure) [PSYoungGen: 10240K->10240K(89600K)] 856593K->856593K(1033728K), 0.0017800 secs] [Times: user=0.00 sys=0.00, real=0.00 secs] 
161.169: [Full GC (Allocation Failure) [PSYoungGen: 10240K->0K(89600K)] [ParOldGen: 846353K->215569K(944128K)] 856593K->215569K(1033728K), [Metaspace: 2796K->2796K(1056768K)], 0.0174985 secs] [Times: user=0.01 sys=0.00, real=0.02 secs] 
163.267: [GC (Allocation Failure) [PSYoungGen: 70103K->11264K(89600K)] 541672K->482833K(1033728K), 0.0011790 secs] [Times: user=0.00 sys=0.00, real=0.00 secs] 
164.684: [GC (Allocation Failure) [PSYoungGen: 85463K->11264K(89600K)] 710632K->651793K(1033728K), 0.0021220 secs] [Times: user=0.00 sys=0.00, real=0.00 secs] 
166.431: [GC (Allocation Failure) [PSYoungGen: 79319K->10240K(89600K)] 719848K->650769K(1033728K), 0.0014108 secs] [Times: user=0.00 sys=0.00, real=0.00 secs] 
167.842: [GC (Allocation Failure) [PSYoungGen: 84435K->10240K(89600K)] 878565K->829969K(1033728K), 0.0031142 secs] [Times: user=0.00 sys=0.00, real=0.00 secs] 
168.276: [GC (Allocation Failure) [PSYoungGen: 52692K->5120K(89600K)] 923622K->876049K(1033728K), 0.0018818 secs] [Times: user=0.00 sys=0.00, real=0.00 secs] 
168.278: [GC (Allocation Failure) [PSYoungGen: 5120K->5120K(89600K)] 876049K->876049K(1033728K), 0.0013045 secs] [Times: user=0.00 sys=0.00, real=0.00 secs] 
168.279: [Full GC (Allocation Failure) [PSYoungGen: 5120K->0K(89600K)] [ParOldGen: 870929K->82449K(944128K)] 876049K->82449K(1033728K), [Metaspace: 2796K->2796K(1056768K)], 0.0077291 secs] [Times: user=0.00 sys=0.00, real=0.01 secs] 
169.816: [GC (Allocation Failure) [PSYoungGen: 74197K->0K(89600K)] 361447K->287249K(1033728K), 0.0011268 secs] [Times: user=0.00 sys=0.00, real=0.00 secs] 
171.236: [GC (Allocation Failure) [PSYoungGen: 74198K->5120K(89600K)] 515047K->445969K(1033728K), 0.0008960 secs] [Times: user=0.00 sys=0.00, real=0.00 secs] 
172.650: [GC (Allocation Failure) [PSYoungGen: 79318K->11264K(89600K)] 673768K->605713K(1033728K), 0.0015411 secs] [Times: user=0.00 sys=0.00, real=0.00 secs] 
174.722: [GC (Allocation Failure) [PSYoungGen: 82390K->10240K(89600K)] 830440K->768529K(1033728K), 0.0020677 secs] [Times: user=0.00 sys=0.00, real=0.00 secs] 
176.134: [Full GC (Ergonomics) [PSYoungGen: 84438K->0K(89600K)] [ParOldGen: 911889K->36369K(944128K)] 996328K->36369K(1033728K), [Metaspace: 2796K->2796K(1056768K)], 0.0048829 secs] [Times: user=0.00 sys=0.00, real=0.01 secs] 
177.662: [GC (Allocation Failure) [PSYoungGen: 73175K->10240K(89600K)] 109544K->46609K(1033728K), 0.0010575 secs] [Times: user=0.00 sys=0.00, real=0.00 secs] 
179.078: [GC (Allocation Failure) [PSYoungGen: 84435K->10240K(89600K)] 274405K->205329K(1033728K), 0.0013926 secs] [Times: user=0.00 sys=0.00, real=0.00 secs] 
181.147: [GC (Allocation Failure) [PSYoungGen: 84436K->0K(89600K)] 535526K->451089K(1033728K), 0.0010807 secs] [Times: user=0.00 sys=0.00, real=0.00 secs] 
182.558: [GC (Allocation Failure) [PSYoungGen: 74197K->6144K(89600K)] 678887K->610833K(1033728K), 0.0013210 secs] [Times: user=0.00 sys=0.00, real=0.00 secs] 
183.972: [GC (Allocation Failure) [PSYoungGen: 80342K->12288K(89600K)] 838631K->775697K(1033728K), 0.0017132 secs] [Times: user=0.00 sys=0.00, real=0.00 secs] 
186.043: [Full GC (Ergonomics) [PSYoungGen: 83414K->0K(89600K)] [ParOldGen: 917009K->21504K(944128K)] 1000424K->21504K(1033728K), [Metaspace: 2796K->2796K(1056768K)], 0.0041529 secs] [Times: user=0.00 sys=0.00, real=0.00 secs] 
187.461: [GC (Allocation Failure) [PSYoungGen: 74198K->10240K(89600K)] 249302K->205824K(1033728K), 0.0026458 secs] [Times: user=0.00 sys=0.00, real=0.00 secs] 
189.103: [GC (Allocation Failure) [PSYoungGen: 83414K->10240K(89600K)] 330199K->257024K(1033728K), 0.0011628 secs] [Times: user=0.00 sys=0.00, real=0.00 secs] 
190.520: [GC (Allocation Failure) [PSYoungGen: 84439K->10240K(89600K)] 484823K->415744K(1033728K), 0.0015449 secs] [Times: user=0.00 sys=0.00, real=0.00 secs] 
192.484: [GC (Allocation Failure) [PSYoungGen: 84439K->5152K(89600K)] 643543K->564256K(1033728K), 0.0013382 secs] [Times: user=0.00 sys=0.00, real=0.00 secs] 
193.904: [GC (Allocation Failure) [PSYoungGen: 79351K->11296K(89600K)] 792055K->724000K(1033728K), 0.0018208 secs] [Times: user=0.00 sys=0.00, real=0.00 secs] 
195.318: [GC (Allocation Failure) [PSYoungGen: 85495K->11328K(89600K)] 951799K->892992K(1033728K), 0.0026542 secs] [Times: user=0.00 sys=0.00, real=0.00 secs] 
196.626: [Full GC (Ergonomics) [PSYoungGen: 54807K->0K(89600K)] [ParOldGen: 932864K->72209K(944128K)] 987671K->72209K(1033728K), [Metaspace: 2796K->2796K(1056768K)], 0.0084776 secs] [Times: user=0.00 sys=0.00, real=0.01 secs] 
198.166: [GC (Allocation Failure) [PSYoungGen: 74199K->5120K(89600K)] 402408K->333329K(1033728K), 0.0008858 secs] [Times: user=0.05 sys=0.00, real=0.00 secs] 
200.128: [GC (Allocation Failure) [PSYoungGen: 79319K->0K(89600K)] 561129K->481809K(1033728K), 0.0012219 secs] [Times: user=0.00 sys=0.00, real=0.00 secs] 
201.544: [GC (Allocation Failure) [PSYoungGen: 74199K->11264K(89600K)] 709609K->646673K(1033728K), 0.0014472 secs] [Times: user=0.00 sys=0.00, real=0.00 secs] 
202.963: [GC (Allocation Failure) [PSYoungGen: 85463K->12288K(89600K)] 874473K->806417K(1033728K), 0.0017218 secs] [Times: user=0.00 sys=0.00, real=0.00 secs] 
204.810: [GC (Allocation Failure) [PSYoungGen: 80343K->5120K(89600K)] 874473K->809489K(1033728K), 0.0022682 secs] [Times: user=0.00 sys=0.00, real=0.00 secs] 
205.136: [GC (Allocation Failure) [PSYoungGen: 37331K->5120K(89600K)] 892901K->870929K(1033728K), 0.0017373 secs] [Times: user=0.00 sys=0.00, real=0.00 secs] 
205.137: [GC (Allocation Failure) [PSYoungGen: 5120K->5120K(89600K)] 870929K->870929K(1033728K), 0.0020507 secs] [Times: user=0.00 sys=0.00, real=0.00 secs] 
205.139: [Full GC (Allocation Failure) [PSYoungGen: 5120K->0K(89600K)] [ParOldGen: 865809K->67089K(944128K)] 870929K->67089K(1033728K), [Metaspace: 2796K->2796K(1056768K)], 0.0069940 secs] [Times: user=0.00 sys=0.00, real=0.01 secs] 
206.679: [GC (Allocation Failure) [PSYoungGen: 74195K->5120K(89600K)] 397285K->348689K(1033728K), 0.0021399 secs] [Times: user=0.00 sys=0.00, real=0.00 secs] 
208.961: [GC (Allocation Failure) [PSYoungGen: 76244K->10240K(89600K)] 573414K->507409K(1033728K), 0.0011170 secs] [Times: user=0.00 sys=0.00, real=0.00 secs] 
210.372: [GC (Allocation Failure) [PSYoungGen: 84437K->10240K(89600K)] 735207K->666129K(1033728K), 0.0017334 secs] [Times: user=0.00 sys=0.00, real=0.00 secs] 
212.004: [GC (Allocation Failure) [PSYoungGen: 83414K->5120K(89600K)] 892904K->824849K(1033728K), 0.0017356 secs] [Times: user=0.00 sys=0.00, real=0.00 secs] 
212.546: [Full GC (Ergonomics) [PSYoungGen: 79318K->0K(89600K)] [ParOldGen: 922129K->6673K(944128K)] 1001448K->6673K(1033728K), [Metaspace: 2796K->2796K(1056768K)], 0.0031277 secs] [Times: user=0.00 sys=0.00, real=0.00 secs] 
213.958: [GC (Allocation Failure) [PSYoungGen: 74198K->11264K(89600K)] 234472K->171537K(1033728K), 0.0012368 secs] [Times: user=0.00 sys=0.00, real=0.00 secs] 
215.813: [GC (Allocation Failure) [PSYoungGen: 84438K->10240K(89600K)] 244712K->170513K(1033728K), 0.0011081 secs] [Times: user=0.00 sys=0.00, real=0.00 secs] 
217.230: [GC (Allocation Failure) [PSYoungGen: 84435K->10240K(89600K)] 398309K->349713K(1033728K), 0.0029414 secs] [Times: user=0.00 sys=0.00, real=0.00 secs] 
Heap
 PSYoungGen      total 89600K, used 84992K [0x00000000f9a00000, 0x0000000100000000, 0x0000000100000000)
  eden space 74752K, 100% used [0x00000000f9a00000,0x00000000fe300000,0x00000000fe300000)
  from space 14848K, 68% used [0x00000000fe300000,0x00000000fed00020,0x00000000ff180000)
  to   space 14848K, 0% used [0x00000000ff180000,0x00000000ff180000,0x0000000100000000)
 ParOldGen       total 944128K, used 493073K [0x00000000c0000000, 0x00000000f9a00000, 0x00000000f9a00000)
  object space 944128K, 52% used [0x00000000c0000000,0x00000000de184780,0x00000000f9a00000)
 Metaspace       used 2804K, capacity 4486K, committed 4864K, reserved 1056768K
  class space    used 297K, capacity 386K, committed 512K, reserved 1048576K
