Java HotSpot(TM) 64-Bit Server VM (25.411-b09) for windows-amd64 JRE (1.8.0_411-b09), built on Mar 13 2024 07:26:13 by "java_re" with MS VC++ 17.1 (VS2022)
Memory: 4k page, physical 33403376k(9859368k free), swap 37261368k(6276944k free)
CommandLine flags: -XX:InitialHeapSize=2147483648 -XX:MaxHeapSize=2147483648 -XX:NewRatio=1 -XX:ParallelGCThreads=10 -XX:+PrintGC -XX:+PrintGCDetails -XX:+PrintGCTimeStamps -XX:SurvivorRatio=1 -XX:+UseCompressedClassPointers -XX:+UseCompressedOops -XX:-UseLargePagesIndividualAllocation -XX:+UseParallelGC 
2.744: [GC (Allocation Failure) [PSYoungGen: 310968K->32536K(699392K)] 310968K->32544K(1747968K), 0.0153797 secs] [Times: user=0.00 sys=0.00, real=0.02 secs] 
5.698: [GC (Allocation Failure) [PSYoungGen: 356822K->67280K(699392K)] 356830K->67288K(1747968K), 0.0177072 secs] [Times: user=0.03 sys=0.00, real=0.02 secs] 
7.680: [GC (Allocation Failure) [PSYoungGen: 415588K->46808K(699392K)] 415596K->46824K(1747968K), 0.0051008 secs] [Times: user=0.00 sys=0.00, real=0.00 secs] 
9.976: [GC (Allocation Failure) [PSYoungGen: 355764K->108168K(699392K)] 355780K->108192K(1747968K), 0.0159378 secs] [Times: user=0.02 sys=0.00, real=0.01 secs] 
12.392: [GC (Allocation Failure) [PSYoungGen: 452987K->10936K(699392K)] 453011K->10960K(1747968K), 0.0010395 secs] [Times: user=0.00 sys=0.00, real=0.00 secs] 
14.241: [GC (Allocation Failure) [PSYoungGen: 337554K->68352K(932864K)] 337578K->68384K(1981440K), 0.0186573 secs] [Times: user=0.02 sys=0.00, real=0.02 secs] 
20.862: [GC (Allocation Failure) [PSYoungGen: 881074K->112672K(900608K)] 881106K->113288K(1949184K), 0.0345265 secs] [Times: user=0.01 sys=0.02, real=0.04 secs] 
25.692: [GC (Allocation Failure) [PSYoungGen: 871845K->76832K(902144K)] 872461K->77456K(1950720K), 0.0060829 secs] [Times: user=0.00 sys=0.00, real=0.01 secs] 
32.034: [GC (Allocation Failure) [PSYoungGen: 854521K->6208K(788992K)] 855145K->6840K(1837568K), 0.0008723 secs] [Times: user=0.00 sys=0.00, real=0.00 secs] 
37.056: [GC (Allocation Failure) [PSYoungGen: 775506K->87072K(906240K)] 776138K->87704K(1954816K), 0.0058074 secs] [Times: user=0.00 sys=0.00, real=0.01 secs] 
43.950: [GC (Allocation Failure) [PSYoungGen: 843701K->21504K(909312K)] 844333K->22152K(1957888K), 0.0016152 secs] [Times: user=0.00 sys=0.00, real=0.00 secs] 
48.419: [GC (Allocation Failure) [PSYoungGen: 745417K->128000K(874496K)] 746065K->128648K(1923072K), 0.0156834 secs] [Times: user=0.00 sys=0.02, real=0.01 secs] 
52.702: [GC (Allocation Failure) [PSYoungGen: 792899K->62464K(892416K)] 793547K->63112K(1940992K), 0.0046772 secs] [Times: user=0.00 sys=0.00, real=0.00 secs] 
58.380: [GC (Allocation Failure) [PSYoungGen: 750936K->102400K(889856K)] 751584K->103048K(1938432K), 0.0058122 secs] [Times: user=0.00 sys=0.00, real=0.00 secs] 
62.647: [GC (Allocation Failure) [PSYoungGen: 763360K->56320K(895488K)] 764008K->56968K(1944064K), 0.0044175 secs] [Times: user=0.00 sys=0.00, real=0.00 secs] 
68.295: [GC (Allocation Failure) [PSYoungGen: 789992K->133120K(868864K)] 790640K->133768K(1917440K), 0.0090652 secs] [Times: user=0.00 sys=0.00, real=0.01 secs] 
72.542: [GC (Allocation Failure) [PSYoungGen: 766119K->159744K(858112K)] 766767K->165512K(1906688K), 0.0159924 secs] [Times: user=0.00 sys=0.00, real=0.02 secs] 
78.109: [GC (Allocation Failure) [PSYoungGen: 834129K->25600K(844288K)] 839897K->31368K(1892864K), 0.0024181 secs] [Times: user=0.00 sys=0.00, real=0.00 secs] 
82.467: [GC (Allocation Failure) [PSYoungGen: 662953K->57344K(863232K)] 668721K->63112K(1911808K), 0.0048425 secs] [Times: user=0.00 sys=0.00, real=0.00 secs] 
86.755: [GC (Allocation Failure) [PSYoungGen: 715149K->87040K(876544K)] 720917K->92808K(1925120K), 0.0061602 secs] [Times: user=0.00 sys=0.00, real=0.01 secs] 
91.911: [GC (Allocation Failure) [PSYoungGen: 785008K->118784K(818176K)] 790776K->124552K(1866752K), 0.0106570 secs] [Times: user=0.02 sys=0.00, real=0.01 secs] 
97.708: [GC (Allocation Failure) [PSYoungGen: 808570K->30720K(871424K)] 814338K->36488K(1920000K), 0.0026207 secs] [Times: user=0.00 sys=0.00, real=0.00 secs] 
102.183: [GC (Allocation Failure) [PSYoungGen: 716304K->21504K(870400K)] 722072K->27272K(1918976K), 0.0018462 secs] [Times: user=0.00 sys=0.00, real=0.00 secs] 
107.859: [GC (Allocation Failure) [PSYoungGen: 710165K->5120K(871424K)] 715934K->10888K(1920000K), 0.0008217 secs] [Times: user=0.00 sys=0.00, real=0.00 secs] 
112.219: [GC (Allocation Failure) [PSYoungGen: 686657K->25600K(871936K)] 692426K->31368K(1920512K), 0.0023077 secs] [Times: user=0.00 sys=0.00, real=0.00 secs] 
117.569: [GC (Allocation Failure) [PSYoungGen: 718403K->35840K(884224K)] 724172K->41608K(1932800K), 0.0026886 secs] [Times: user=0.00 sys=0.00, real=0.00 secs] 
122.153: [GC (Allocation Failure) [PSYoungGen: 708512K->134144K(823808K)] 714280K->139912K(1872384K), 0.0176696 secs] [Times: user=0.02 sys=0.00, real=0.02 secs] 
127.535: [GC (Allocation Failure) [PSYoungGen: 818632K->10240K(868864K)] 824400K->16008K(1917440K), 0.0014499 secs] [Times: user=0.00 sys=0.00, real=0.00 secs] 
132.235: [GC (Allocation Failure) [PSYoungGen: 687511K->57344K(866304K)] 693279K->63112K(1914880K), 0.0047522 secs] [Times: user=0.00 sys=0.00, real=0.00 secs] 
136.489: [GC (Allocation Failure) [PSYoungGen: 714122K->87040K(881152K)] 719890K->92808K(1929728K), 0.0058370 secs] [Times: user=0.00 sys=0.00, real=0.00 secs] 
142.608: [GC (Allocation Failure) [PSYoungGen: 797604K->6144K(880640K)] 803372K->11912K(1929216K), 0.0007574 secs] [Times: user=0.00 sys=0.00, real=0.00 secs] 
147.637: [GC (Allocation Failure) [PSYoungGen: 704421K->35840K(889344K)] 710189K->41608K(1937920K), 0.0030767 secs] [Times: user=0.00 sys=0.00, real=0.00 secs] 
152.007: [GC (Allocation Failure) [PSYoungGen: 725199K->31744K(882176K)] 730967K->37512K(1930752K), 0.0024413 secs] [Times: user=0.00 sys=0.00, real=0.00 secs] 
157.672: [GC (Allocation Failure) [PSYoungGen: 722048K->20480K(900608K)] 727816K->26248K(1949184K), 0.0019279 secs] [Times: user=0.00 sys=0.00, real=0.00 secs] 
162.041: [GC (Allocation Failure) [PSYoungGen: 732744K->56320K(896000K)] 738512K->62088K(1944576K), 0.0045646 secs] [Times: user=0.00 sys=0.00, real=0.01 secs] 
167.730: [GC (Allocation Failure) [PSYoungGen: 790091K->133120K(864768K)] 795859K->138888K(1913344K), 0.0078151 secs] [Times: user=0.00 sys=0.00, real=0.01 secs] 
172.004: [GC (Allocation Failure) [PSYoungGen: 766183K->159744K(860160K)] 771951K->170632K(1908736K), 0.0157737 secs] [Times: user=0.02 sys=0.00, real=0.02 secs] 
177.580: [GC (Allocation Failure) [PSYoungGen: 834163K->25600K(843264K)] 845052K->36488K(1891840K), 0.0025394 secs] [Times: user=0.00 sys=0.00, real=0.00 secs] 
181.937: [GC (Allocation Failure) [PSYoungGen: 675274K->57344K(863744K)] 686163K->68232K(1912320K), 0.0050047 secs] [Times: user=0.00 sys=0.00, real=0.01 secs] 
186.209: [GC (Allocation Failure) [PSYoungGen: 714602K->87040K(877056K)] 725490K->97928K(1925632K), 0.0077713 secs] [Times: user=0.00 sys=0.00, real=0.01 secs] 
192.009: [GC (Allocation Failure) [PSYoungGen: 789971K->5152K(874496K)] 800859K->16040K(1923072K), 0.0011099 secs] [Times: user=0.00 sys=0.00, real=0.00 secs] 
197.245: [GC (Allocation Failure) [PSYoungGen: 699979K->35872K(884224K)] 710867K->46768K(1932800K), 0.0027240 secs] [Times: user=0.00 sys=0.00, real=0.00 secs] 
201.708: [GC (Allocation Failure) [PSYoungGen: 731979K->31744K(877056K)] 742876K->42656K(1925632K), 0.0024836 secs] [Times: user=0.00 sys=0.00, real=0.00 secs] 
207.385: [GC (Allocation Failure) [PSYoungGen: 720724K->20480K(894976K)] 731636K->31392K(1943552K), 0.0021419 secs] [Times: user=0.00 sys=0.00, real=0.00 secs] 
211.750: [GC (Allocation Failure) [PSYoungGen: 732502K->56320K(890880K)] 743415K->67232K(1939456K), 0.0048575 secs] [Times: user=0.00 sys=0.00, real=0.00 secs] 
217.426: [GC (Allocation Failure) [PSYoungGen: 789860K->133120K(861696K)] 800772K->144032K(1910272K), 0.0069620 secs] [Times: user=0.00 sys=0.00, real=0.01 secs] 
221.692: [GC (Allocation Failure) [PSYoungGen: 764892K->164864K(858112K)] 775804K->175776K(1906688K), 0.0160240 secs] [Times: user=0.00 sys=0.00, real=0.01 secs] 
227.266: [GC (Allocation Failure) [PSYoungGen: 839176K->25600K(836096K)] 850088K->36512K(1884672K), 0.0024088 secs] [Times: user=0.00 sys=0.00, real=0.00 secs] 
231.631: [GC (Allocation Failure) [PSYoungGen: 662656K->57344K(859136K)] 673568K->68256K(1907712K), 0.0059298 secs] [Times: user=0.00 sys=0.00, real=0.01 secs] 
235.897: [GC (Allocation Failure) [PSYoungGen: 714846K->87040K(873472K)] 725758K->97952K(1922048K), 0.0063340 secs] [Times: user=0.00 sys=0.00, real=0.01 secs] 
240.927: [GC (Allocation Failure) [PSYoungGen: 779816K->118784K(814080K)] 790728K->129696K(1862656K), 0.0152981 secs] [Times: user=0.00 sys=0.00, real=0.02 secs] 
246.719: [GC (Allocation Failure) [PSYoungGen: 808495K->30720K(868864K)] 819408K->41632K(1917440K), 0.0031291 secs] [Times: user=0.00 sys=0.00, real=0.00 secs] 
251.189: [GC (Allocation Failure) [PSYoungGen: 711026K->21504K(864768K)] 721938K->32416K(1913344K), 0.0019067 secs] [Times: user=0.00 sys=0.00, real=0.00 secs] 
256.110: [GC (Allocation Failure) [PSYoungGen: 704886K->41984K(879616K)] 715798K->52896K(1928192K), 0.0030645 secs] [Times: user=0.00 sys=0.00, real=0.00 secs] 
261.349: [GC (Allocation Failure) [PSYoungGen: 739039K->25600K(871936K)] 749951K->36512K(1920512K), 0.0024808 secs] [Times: user=0.00 sys=0.00, real=0.00 secs] 
266.707: [GC (Allocation Failure) [PSYoungGen: 718558K->35840K(891392K)] 729471K->46752K(1939968K), 0.0035882 secs] [Times: user=0.00 sys=0.00, real=0.00 secs] 
271.405: [GC (Allocation Failure) [PSYoungGen: 761213K->154624K(858112K)] 772125K->175776K(1906688K), 0.0302782 secs] [Times: user=0.03 sys=0.00, real=0.03 secs] 
276.997: [GC (Allocation Failure) [PSYoungGen: 829111K->25664K(857600K)] 850263K->46816K(1906176K), 0.0020096 secs] [Times: user=0.00 sys=0.00, real=0.00 secs] 
281.352: [GC (Allocation Failure) [PSYoungGen: 662046K->57344K(869888K)] 683198K->78520K(1918464K), 0.0060794 secs] [Times: user=0.02 sys=0.00, real=0.01 secs] 
285.633: [GC (Allocation Failure) [PSYoungGen: 714199K->87040K(881664K)] 735375K->108216K(1930240K), 0.0059976 secs] [Times: user=0.00 sys=0.00, real=0.01 secs] 
291.755: [GC (Allocation Failure) [PSYoungGen: 797604K->6144K(880640K)] 818780K->27320K(1929216K), 0.0009123 secs] [Times: user=0.00 sys=0.00, real=0.00 secs] 
296.776: [GC (Allocation Failure) [PSYoungGen: 704424K->35872K(889344K)] 725600K->57048K(1937920K), 0.0033616 secs] [Times: user=0.02 sys=0.00, real=0.00 secs] 
301.142: [GC (Allocation Failure) [PSYoungGen: 725222K->31744K(882176K)] 746398K->52928K(1930752K), 0.0028540 secs] [Times: user=0.00 sys=0.00, real=0.00 secs] 
306.816: [GC (Allocation Failure) [PSYoungGen: 722042K->20480K(900096K)] 743226K->41664K(1948672K), 0.0019457 secs] [Times: user=0.00 sys=0.00, real=0.00 secs] 
311.179: [GC (Allocation Failure) [PSYoungGen: 732722K->56320K(895488K)] 753906K->77504K(1944064K), 0.0050157 secs] [Times: user=0.00 sys=0.00, real=0.01 secs] 
316.853: [GC (Allocation Failure) [PSYoungGen: 790069K->133120K(864256K)] 811253K->154304K(1912832K), 0.0161590 secs] [Times: user=0.02 sys=0.00, real=0.02 secs] 
321.130: [GC (Allocation Failure) [PSYoungGen: 766141K->159744K(859136K)] 787325K->186048K(1907712K), 0.0162232 secs] [Times: user=0.01 sys=0.00, real=0.02 secs] 
326.715: [GC (Allocation Failure) [PSYoungGen: 834143K->25632K(844288K)] 860447K->51936K(1892864K), 0.0024946 secs] [Times: user=0.02 sys=0.00, real=0.00 secs] 
Heap
 PSYoungGen      total 844288K, used 247311K [0x00000000c0000000, 0x0000000100000000, 0x0000000100000000)
  eden space 678912K, 32% used [0x00000000c0000000,0x00000000cd87bfc0,0x00000000e9700000)
  from space 165376K, 15% used [0x00000000f5e80000,0x00000000f7788020,0x0000000100000000)
  to   space 184832K, 0% used [0x00000000e9700000,0x00000000e9700000,0x00000000f4b80000)
 ParOldGen       total 1048576K, used 26304K [0x0000000080000000, 0x00000000c0000000, 0x00000000c0000000)
  object space 1048576K, 2% used [0x0000000080000000,0x00000000819b00b0,0x00000000c0000000)
 Metaspace       used 2804K, capacity 4486K, committed 4864K, reserved 1056768K
  class space    used 297K, capacity 386K, committed 512K, reserved 1048576K
