Java HotSpot(TM) 64-Bit Server VM (25.411-b09) for windows-amd64 JRE (1.8.0_411-b09), built on Mar 13 2024 07:26:13 by "java_re" with MS VC++ 17.1 (VS2022)
Memory: 4k page, physical 33403376k(14903880k free), swap 38794768k(7683040k free)
CommandLine flags: -XX:InitialHeapSize=1073741824 -XX:MaxHeapSize=1073741824 -XX:NewRatio=8 -XX:ParallelGCThreads=6 -XX:+PrintGC -XX:+PrintGCDetails -XX:+PrintGCTimeStamps -XX:SurvivorRatio=5 -XX:-UseAdaptiveSizePolicy -XX:+UseCompressedClassPointers -XX:+UseCompressedOops -XX:-UseLargePagesIndividualAllocation -XX:+UseParallelGC 
1.756: [GC (Allocation Failure) [PSYoungGen: 79114K->7816K(99840K)] 232714K->161424K(1032192K), 0.0024062 secs] [Times: user=0.00 sys=0.00, real=0.00 secs] 
3.329: [GC (Allocation Failure) [PSYoungGen: 87309K->12920K(99840K)] 394517K->325248K(1032192K), 0.0034780 secs] [Times: user=0.03 sys=0.00, real=0.00 secs] 
5.402: [GC (Allocation Failure) [PSYoungGen: 91389K->16024K(99840K)] 403717K->328352K(1032192K), 0.0026356 secs] [Times: user=0.00 sys=0.00, real=0.00 secs] 
6.866: [GC (Allocation Failure) [PSYoungGen: 90392K->15960K(99840K)] 556320K->497248K(1032192K), 0.0051820 secs] [Times: user=0.00 sys=0.00, real=0.01 secs] 
9.254: [GC (Allocation Failure) [PSYoungGen: 98332K->5656K(99840K)] 886821K->794152K(1032192K), 0.0025885 secs] [Times: user=0.00 sys=0.00, real=0.00 secs] 
10.142: [GC (Allocation Failure) [PSYoungGen: 68763K->5720K(99840K)] 908459K->845416K(1032192K), 0.0019211 secs] [Times: user=0.00 sys=0.00, real=0.00 secs] 
10.144: [GC (Allocation Failure) [PSYoungGen: 5720K->5656K(99840K)] 845416K->845352K(1032192K), 0.0017866 secs] [Times: user=0.00 sys=0.00, real=0.00 secs] 
10.145: [Full GC (Allocation Failure) [PSYoungGen: 5656K->0K(99840K)] [ParOldGen: 839696K->108048K(932352K)] 845352K->108048K(1032192K), [Metaspace: 2761K->2761K(1056768K)], 0.0169104 secs] [Times: user=0.00 sys=0.00, real=0.02 secs] 
12.453: [GC (Allocation Failure) [PSYoungGen: 80516K->5120K(99840K)] 444565K->369168K(1032192K), 0.0012129 secs] [Times: user=0.00 sys=0.00, real=0.00 secs] 
13.981: [GC (Allocation Failure) [PSYoungGen: 85155K->11296K(99840K)] 602803K->528953K(1032192K), 0.0016322 secs] [Times: user=0.00 sys=0.00, real=0.00 secs] 
15.398: [GC (Allocation Failure) [PSYoungGen: 85668K->11296K(99840K)] 756925K->697913K(1032192K), 0.0020959 secs] [Times: user=0.00 sys=0.00, real=0.00 secs] 
17.033: [GC (Allocation Failure) [PSYoungGen: 84645K->15392K(99840K)] 771262K->702009K(1032192K), 0.0016223 secs] [Times: user=0.00 sys=0.00, real=0.00 secs] 
17.687: [GC (Allocation Failure) [PSYoungGen: 94879K->10272K(99840K)] 883897K->819769K(1032192K), 0.0027376 secs] [Times: user=0.01 sys=0.00, real=0.00 secs] 
18.667: [GC (Allocation Failure) [PSYoungGen: 78497K->10272K(99840K)] 939194K->870969K(1032192K), 0.0017343 secs] [Times: user=0.00 sys=0.00, real=0.00 secs] 
18.669: [GC (Allocation Failure) [PSYoungGen: 10272K->10272K(99840K)] 870969K->870969K(1032192K), 0.0013504 secs] [Times: user=0.00 sys=0.00, real=0.00 secs] 
18.671: [Full GC (Allocation Failure) [PSYoungGen: 10272K->0K(99840K)] [ParOldGen: 860697K->82449K(932352K)] 870969K->82449K(1032192K), [Metaspace: 2770K->2770K(1056768K)], 0.0084015 secs] [Times: user=0.00 sys=0.00, real=0.01 secs] 
20.537: [GC (Allocation Failure) [PSYoungGen: 81539K->5120K(99840K)] 368788K->292369K(1032192K), 0.0007016 secs] [Times: user=0.00 sys=0.00, real=0.00 secs] 
22.062: [GC (Allocation Failure) [PSYoungGen: 84611K->11264K(99840K)] 525461K->452113K(1032192K), 0.0012149 secs] [Times: user=0.00 sys=0.00, real=0.00 secs] 
24.025: [GC (Allocation Failure) [PSYoungGen: 90756K->10240K(99840K)] 685205K->614929K(1032192K), 0.0016940 secs] [Times: user=0.00 sys=0.00, real=0.00 secs] 
25.442: [GC (Allocation Failure) [PSYoungGen: 84612K->15360K(99840K)] 842902K->783889K(1032192K), 0.0022850 secs] [Times: user=0.00 sys=0.00, real=0.00 secs] 
26.878: [Full GC (Ergonomics) [PSYoungGen: 89732K->0K(99840K)] [ParOldGen: 922129K->41489K(932352K)] 1011862K->41489K(1032192K), [Metaspace: 2780K->2780K(1056768K)], 0.0061493 secs] [Times: user=0.00 sys=0.00, real=0.00 secs] 
28.404: [GC (Allocation Failure) [PSYoungGen: 78821K->15392K(99840K)] 120310K->56889K(1032192K), 0.0015443 secs] [Times: user=0.00 sys=0.00, real=0.00 secs] 
29.058: [GC (Allocation Failure) [PSYoungGen: 94877K->10304K(99840K)] 238774K->205401K(1032192K), 0.0046404 secs] [Times: user=0.00 sys=0.00, real=0.00 secs] 
30.583: [GC (Allocation Failure) [PSYoungGen: 89792K->15392K(99840K)] 438489K->364089K(1032192K), 0.0012611 secs] [Times: user=0.00 sys=0.00, real=0.00 secs] 
32.656: [GC (Allocation Failure) [PSYoungGen: 84642K->6208K(99840K)] 535739K->467545K(1032192K), 0.0016698 secs] [Times: user=0.00 sys=0.00, real=0.00 secs] 
33.313: [GC (Allocation Failure) [PSYoungGen: 85699K->12352K(99840K)] 649436K->576089K(1032192K), 0.0014419 secs] [Times: user=0.05 sys=0.00, real=0.00 secs] 
35.276: [GC (Allocation Failure) [PSYoungGen: 86723K->5184K(99840K)] 804061K->722521K(1032192K), 0.0011380 secs] [Times: user=0.00 sys=0.00, real=0.00 secs] 
36.696: [GC (Allocation Failure) [PSYoungGen: 79556K->10304K(99840K)] 950493K->891481K(1032192K), 0.0024084 secs] [Times: user=0.00 sys=0.00, real=0.00 secs] 
37.023: [GC (Allocation Failure) [PSYoungGen: 52932K->5152K(99840K)] 934109K->927289K(1032192K), 0.0028126 secs] [Times: user=0.00 sys=0.00, real=0.00 secs] 
37.025: [Full GC (Ergonomics) [PSYoungGen: 5152K->0K(99840K)] [ParOldGen: 922137K->36369K(932352K)] 927289K->36369K(1032192K), [Metaspace: 2793K->2793K(1056768K)], 0.0046555 secs] [Times: user=0.00 sys=0.00, real=0.01 secs] 
38.020: [GC (Allocation Failure) [PSYoungGen: 79484K->10240K(99840K)] 218253K->149009K(1032192K), 0.0010342 secs] [Times: user=0.00 sys=0.00, real=0.00 secs] 
39.658: [GC (Allocation Failure) [PSYoungGen: 88703K->15360K(99840K)] 278672K->205329K(1032192K), 0.0015676 secs] [Times: user=0.00 sys=0.00, real=0.00 secs] 
41.080: [GC (Allocation Failure) [PSYoungGen: 89729K->15360K(99840K)] 433298K->364049K(1032192K), 0.0018952 secs] [Times: user=0.00 sys=0.00, real=0.00 secs] 
43.483: [GC (Allocation Failure) [PSYoungGen: 96898K->6144K(99840K)] 599188K->508433K(1032192K), 0.0009705 secs] [Times: user=0.00 sys=0.00, real=0.00 secs] 
45.009: [GC (Allocation Failure) [PSYoungGen: 85635K->11264K(99840K)] 741525K->677393K(1032192K), 0.0018368 secs] [Times: user=0.00 sys=0.00, real=0.00 secs] 
46.855: [GC (Allocation Failure) [PSYoungGen: 85636K->10240K(99840K)] 905365K->829969K(1032192K), 0.0016345 secs] [Times: user=0.00 sys=0.00, real=0.00 secs] 
47.510: [Full GC (Ergonomics) [PSYoungGen: 89732K->0K(99840K)] [ParOldGen: 922129K->26624K(932352K)] 1011862K->26624K(1032192K), [Metaspace: 2795K->2795K(1056768K)], 0.0042094 secs] [Times: user=0.00 sys=0.00, real=0.00 secs] 
49.034: [GC (Allocation Failure) [PSYoungGen: 79492K->10240K(99840K)] 259717K->190464K(1032192K), 0.0011975 secs] [Times: user=0.00 sys=0.00, real=0.00 secs] 
50.894: [GC (Allocation Failure) [PSYoungGen: 88709K->10240K(99840K)] 422533K->344064K(1032192K), 0.0011317 secs] [Times: user=0.00 sys=0.00, real=0.00 secs] 
52.313: [GC (Allocation Failure) [PSYoungGen: 84613K->11264K(99840K)] 572037K->503808K(1032192K), 0.0018994 secs] [Times: user=0.00 sys=0.00, real=0.00 secs] 
53.728: [GC (Allocation Failure) [PSYoungGen: 85637K->12288K(99840K)] 731781K->663552K(1032192K), 0.0020703 secs] [Times: user=0.00 sys=0.00, real=0.00 secs] 
55.366: [GC (Allocation Failure) [PSYoungGen: 75397K->15360K(99840K)] 726661K->676864K(1032192K), 0.0026701 secs] [Times: user=0.00 sys=0.00, real=0.00 secs] 
56.021: [GC (Allocation Failure) [PSYoungGen: 94847K->10240K(99840K)] 858751K->784384K(1032192K), 0.0026317 secs] [Times: user=0.00 sys=0.00, real=0.00 secs] 
57.549: [Full GC (Ergonomics) [PSYoungGen: 89729K->0K(99840K)] [ParOldGen: 927744K->46609K(932352K)] 1017473K->46609K(1032192K), [Metaspace: 2796K->2796K(1056768K)], 0.0055935 secs] [Times: user=0.00 sys=0.00, real=0.00 secs] 
58.750: [GC (Allocation Failure) [PSYoungGen: 79490K->1024K(99840K)] 228500K->201233K(1032192K), 0.0046147 secs] [Times: user=0.02 sys=0.00, real=0.00 secs] 
60.277: [GC (Allocation Failure) [PSYoungGen: 80515K->10240K(99840K)] 434325K->364049K(1032192K), 0.0011085 secs] [Times: user=0.00 sys=0.00, real=0.00 secs] 
62.241: [GC (Allocation Failure) [PSYoungGen: 88708K->10240K(99840K)] 596117K->517649K(1032192K), 0.0010735 secs] [Times: user=0.00 sys=0.00, real=0.00 secs] 
63.657: [GC (Allocation Failure) [PSYoungGen: 84612K->11264K(99840K)] 745622K->672273K(1032192K), 0.0015086 secs] [Times: user=0.00 sys=0.00, real=0.00 secs] 
65.080: [GC (Allocation Failure) [PSYoungGen: 85636K->15360K(99840K)] 900246K->841233K(1032192K), 0.0023897 secs] [Times: user=0.00 sys=0.00, real=0.00 secs] 
66.718: [GC (Allocation Failure) [PSYoungGen: 88709K->15360K(99840K)] 914582K->841233K(1032192K), 0.0020270 secs] [Times: user=0.00 sys=0.00, real=0.00 secs] 
67.374: [Full GC (Ergonomics) [PSYoungGen: 94847K->0K(99840K)] [ParOldGen: 928273K->31744K(932352K)] 1023121K->31744K(1032192K), [Metaspace: 2796K->2796K(1056768K)], 0.0046424 secs] [Times: user=0.00 sys=0.00, real=0.01 secs] 
68.899: [GC (Allocation Failure) [PSYoungGen: 79489K->10240K(99840K)] 264833K->195584K(1032192K), 0.0011412 secs] [Times: user=0.00 sys=0.00, real=0.00 secs] 
70.426: [GC (Allocation Failure) [PSYoungGen: 89731K->5120K(99840K)] 377475K->292864K(1032192K), 0.0007528 secs] [Times: user=0.00 sys=0.00, real=0.00 secs] 
71.957: [GC (Allocation Failure) [PSYoungGen: 84611K->11264K(99840K)] 525955K->452608K(1032192K), 0.0016439 secs] [Times: user=0.00 sys=0.00, real=0.00 secs] 
73.810: [GC (Allocation Failure) [PSYoungGen: 90756K->10240K(99840K)] 685700K->615424K(1032192K), 0.0021327 secs] [Times: user=0.00 sys=0.00, real=0.00 secs] 
74.464: [GC (Allocation Failure) [PSYoungGen: 89732K->10240K(99840K)] 797316K->717824K(1032192K), 0.0022468 secs] [Times: user=0.00 sys=0.00, real=0.00 secs] 
75.994: [GC (Allocation Failure) [PSYoungGen: 89732K->15360K(99840K)] 950917K->886784K(1032192K), 0.0027806 secs] [Times: user=0.00 sys=0.00, real=0.00 secs] 
77.630: [GC (Allocation Failure) [PSYoungGen: 93829K->10240K(99840K)] 965253K->881664K(1032192K), 0.0021786 secs] [Times: user=0.00 sys=0.00, real=0.00 secs] 
78.286: [Full GC (Ergonomics) [PSYoungGen: 63104K->0K(99840K)] [ParOldGen: 922624K->56849K(932352K)] 985728K->56849K(1032192K), [Metaspace: 2796K->2796K(1056768K)], 0.0058996 secs] [Times: user=0.00 sys=0.00, real=0.01 secs] 
80.155: [GC (Allocation Failure) [PSYoungGen: 81538K->10240K(99840K)] 394387K->323089K(1032192K), 0.0010865 secs] [Times: user=0.00 sys=0.00, real=0.00 secs] 
82.337: [GC (Allocation Failure) [PSYoungGen: 84611K->15360K(99840K)] 499860K->431633K(1032192K), 0.0015853 secs] [Times: user=0.00 sys=0.00, real=0.00 secs] 
82.990: [GC (Allocation Failure) [PSYoungGen: 94851K->11264K(99840K)] 613525K->529937K(1032192K), 0.0011013 secs] [Times: user=0.00 sys=0.00, real=0.00 secs] 
84.954: [GC (Allocation Failure) [PSYoungGen: 85636K->5120K(99840K)] 757909K->677393K(1032192K), 0.0018459 secs] [Times: user=0.03 sys=0.00, real=0.00 secs] 
86.374: [GC (Allocation Failure) [PSYoungGen: 79492K->15360K(99840K)] 905366K->846353K(1032192K), 0.0022956 secs] [Times: user=0.02 sys=0.00, real=0.00 secs] 
86.812: [GC (Allocation Failure) [PSYoungGen: 57988K->15360K(99840K)] 940182K->918033K(1032192K), 0.0030052 secs] [Times: user=0.02 sys=0.00, real=0.00 secs] 
86.815: [Full GC (Ergonomics) [PSYoungGen: 15360K->0K(99840K)] [ParOldGen: 902673K->87569K(932352K)] 918033K->87569K(1032192K), [Metaspace: 2796K->2796K(1056768K)], 0.0079346 secs] [Times: user=0.00 sys=0.00, real=0.01 secs] 
88.901: [GC (Allocation Failure) [PSYoungGen: 79493K->5120K(99840K)] 320662K->246289K(1032192K), 0.0009650 secs] [Times: user=0.00 sys=0.00, real=0.00 secs] 
90.430: [GC (Allocation Failure) [PSYoungGen: 84613K->10240K(99840K)] 479382K->405009K(1032192K), 0.0010537 secs] [Times: user=0.00 sys=0.00, real=0.00 secs] 
91.961: [GC (Allocation Failure) [PSYoungGen: 89733K->11264K(99840K)] 638102K->564753K(1032192K), 0.0015344 secs] [Times: user=0.00 sys=0.00, real=0.00 secs] 
94.254: [GC (Allocation Failure) [PSYoungGen: 92805K->12288K(99840K)] 799894K->719377K(1032192K), 0.0016009 secs] [Times: user=0.00 sys=0.00, real=0.00 secs] 
95.781: [GC (Allocation Failure) [PSYoungGen: 91781K->11264K(99840K)] 952470K->892433K(1032192K), 0.0026071 secs] [Times: user=0.00 sys=0.00, real=0.00 secs] 
96.656: [GC (Allocation Failure) [PSYoungGen: 48773K->0K(99840K)] 929942K->922129K(1032192K), 0.0026322 secs] [Times: user=0.00 sys=0.00, real=0.00 secs] 
96.658: [Full GC (Ergonomics) [PSYoungGen: 0K->0K(99840K)] [ParOldGen: 922129K->21009K(932352K)] 922129K->21009K(1032192K), [Metaspace: 2796K->2796K(1056768K)], 0.0036965 secs] [Times: user=0.00 sys=0.00, real=0.00 secs] 
97.637: [GC (Allocation Failure) [PSYoungGen: 79493K->10240K(99840K)] 202902K->133649K(1032192K), 0.0010571 secs] [Times: user=0.00 sys=0.00, real=0.00 secs] 
99.166: [GC (Allocation Failure) [PSYoungGen: 89733K->15360K(99840K)] 366742K->292369K(1032192K), 0.0014045 secs] [Times: user=0.00 sys=0.00, real=0.00 secs] 
100.804: [GC (Allocation Failure) [PSYoungGen: 93829K->15360K(99840K)] 524438K->445969K(1032192K), 0.0014341 secs] [Times: user=0.00 sys=0.00, real=0.00 secs] 
101.459: [GC (Allocation Failure) [PSYoungGen: 94853K->11264K(99840K)] 627862K->544273K(1032192K), 0.0014234 secs] [Times: user=0.00 sys=0.00, real=0.00 secs] 
102.986: [GC (Allocation Failure) [PSYoungGen: 90757K->12288K(99840K)] 777366K->704017K(1032192K), 0.0015272 secs] [Times: user=0.00 sys=0.00, real=0.00 secs] 
104.947: [GC (Allocation Failure) [PSYoungGen: 85637K->15360K(99840K)] 777366K->707089K(1032192K), 0.0018253 secs] [Times: user=0.00 sys=0.00, real=0.00 secs] 
106.369: [GC (Allocation Failure) [PSYoungGen: 89728K->15360K(99840K)] 935057K->876049K(1032192K), 0.0026576 secs] [Times: user=0.00 sys=0.00, real=0.00 secs] 
106.698: [Full GC (Ergonomics) [PSYoungGen: 47745K->0K(99840K)] [ParOldGen: 911889K->92689K(932352K)] 959635K->92689K(1032192K), [Metaspace: 2796K->2796K(1056768K)], 0.0082752 secs] [Times: user=0.00 sys=0.00, real=0.01 secs] 
109.225: [GC (Allocation Failure) [PSYoungGen: 81538K->15360K(99840K)] 430227K->364049K(1032192K), 0.0014150 secs] [Times: user=0.00 sys=0.00, real=0.00 secs] 
110.644: [GC (Allocation Failure) [PSYoungGen: 89731K->15360K(99840K)] 592020K->522769K(1032192K), 0.0020442 secs] [Times: user=0.00 sys=0.00, real=0.00 secs] 
112.169: [GC (Allocation Failure) [PSYoungGen: 78467K->15360K(99840K)] 739477K->676369K(1032192K), 0.0018115 secs] [Times: user=0.00 sys=0.00, real=0.00 secs] 
112.823: [GC (Allocation Failure) [PSYoungGen: 94852K->11264K(99840K)] 858261K->774673K(1032192K), 0.0016740 secs] [Times: user=0.00 sys=0.00, real=0.00 secs] 
114.346: [Full GC (Ergonomics) [PSYoungGen: 90756K->0K(99840K)] [ParOldGen: 917009K->27648K(932352K)] 1007766K->27648K(1032192K), [Metaspace: 2796K->2796K(1056768K)], 0.0040729 secs] [Times: user=0.00 sys=0.00, real=0.00 secs] 
116.199: [GC (Allocation Failure) [PSYoungGen: 73348K->10240K(99840K)] 100997K->37888K(1032192K), 0.0009259 secs] [Times: user=0.00 sys=0.00, real=0.00 secs] 
117.614: [GC (Allocation Failure) [PSYoungGen: 84607K->15360K(99840K)] 265856K->217088K(1032192K), 0.0032226 secs] [Times: user=0.00 sys=0.00, real=0.00 secs] 
120.131: [GC (Allocation Failure) [PSYoungGen: 96897K->5120K(99840K)] 605826K->514048K(1032192K), 0.0013262 secs] [Times: user=0.00 sys=0.00, real=0.00 secs] 
121.657: [GC (Allocation Failure) [PSYoungGen: 84611K->11264K(99840K)] 747139K->673792K(1032192K), 0.0020712 secs] [Times: user=0.00 sys=0.00, real=0.00 secs] 
123.515: [GC (Allocation Failure) [PSYoungGen: 90755K->10240K(99840K)] 906884K->836608K(1032192K), 0.0025635 secs] [Times: user=0.00 sys=0.00, real=0.00 secs] 
124.168: [Full GC (Ergonomics) [PSYoungGen: 89732K->0K(99840K)] [ParOldGen: 928768K->15889K(932352K)] 1018500K->15889K(1032192K), [Metaspace: 2796K->2796K(1056768K)], 0.0035813 secs] [Times: user=0.00 sys=0.00, real=0.00 secs] 
125.696: [GC (Allocation Failure) [PSYoungGen: 79492K->15360K(99840K)] 248982K->189969K(1032192K), 0.0018820 secs] [Times: user=0.00 sys=0.00, real=0.00 secs] 
127.330: [GC (Allocation Failure) [PSYoungGen: 93828K->10240K(99840K)] 268438K->184849K(1032192K), 0.0010379 secs] [Times: user=0.00 sys=0.00, real=0.00 secs] 
128.861: [GC (Allocation Failure) [PSYoungGen: 89728K->15360K(99840K)] 417937K->343569K(1032192K), 0.0014387 secs] [Times: user=0.00 sys=0.00, real=0.00 secs] 
131.261: [GC (Allocation Failure) [PSYoungGen: 96898K->6144K(99840K)] 681107K->590353K(1032192K), 0.0016292 secs] [Times: user=0.00 sys=0.00, real=0.00 secs] 
132.788: [GC (Allocation Failure) [PSYoungGen: 85635K->12288K(99840K)] 823444K->750097K(1032192K), 0.0016839 secs] [Times: user=0.00 sys=0.00, real=0.00 secs] 
134.750: [GC (Allocation Failure) [PSYoungGen: 91779K->10240K(99840K)] 983189K->901649K(1032192K), 0.0017995 secs] [Times: user=0.00 sys=0.02, real=0.00 secs] 
134.969: [GC (Allocation Failure) [PSYoungGen: 42628K->10240K(99840K)] 934037K->922129K(1032192K), 0.0026513 secs] [Times: user=0.02 sys=0.00, real=0.00 secs] 
134.972: [Full GC (Ergonomics) [PSYoungGen: 10240K->0K(99840K)] [ParOldGen: 911889K->31249K(932352K)] 922129K->31249K(1032192K), [Metaspace: 2796K->2796K(1056768K)], 0.0047139 secs] [Times: user=0.00 sys=0.00, real=0.00 secs] 
135.963: [GC (Allocation Failure) [PSYoungGen: 79492K->10240K(99840K)] 213141K->143889K(1032192K), 0.0009747 secs] [Times: user=0.00 sys=0.00, real=0.00 secs] 
137.492: [GC (Allocation Failure) [PSYoungGen: 89732K->15360K(99840K)] 376982K->323089K(1032192K), 0.0029437 secs] [Times: user=0.00 sys=0.00, real=0.00 secs] 
139.024: [GC (Allocation Failure) [PSYoungGen: 88708K->15360K(99840K)] 447638K->374289K(1032192K), 0.0017057 secs] [Times: user=0.00 sys=0.00, real=0.00 secs] 
140.441: [GC (Allocation Failure) [PSYoungGen: 89733K->15360K(99840K)] 602262K->533009K(1032192K), 0.0018207 secs] [Times: user=0.00 sys=0.00, real=0.00 secs] 
142.838: [GC (Allocation Failure) [PSYoungGen: 96901K->6144K(99840K)] 768150K->677393K(1032192K), 0.0012043 secs] [Times: user=0.00 sys=0.00, real=0.00 secs] 
144.359: [GC (Allocation Failure) [PSYoungGen: 85637K->11264K(99840K)] 910486K->846353K(1032192K), 0.0019550 secs] [Times: user=0.00 sys=0.00, real=0.00 secs] 
145.013: [GC (Allocation Failure) [PSYoungGen: 64133K->6144K(99840K)] 950422K->902673K(1032192K), 0.0018258 secs] [Times: user=0.00 sys=0.00, real=0.00 secs] 
145.015: [Full GC (Ergonomics) [PSYoungGen: 6144K->0K(99840K)] [ParOldGen: 896529K->78353K(932352K)] 902673K->78353K(1032192K), [Metaspace: 2796K->2796K(1056768K)], 0.0073937 secs] [Times: user=0.02 sys=0.00, real=0.01 secs] 
147.430: [GC (Allocation Failure) [PSYoungGen: 76421K->10240K(99840K)] 410774K->365073K(1032192K), 0.0025226 secs] [Times: user=0.00 sys=0.00, real=0.00 secs] 
148.845: [GC (Allocation Failure) [PSYoungGen: 84613K->15360K(99840K)] 593046K->523793K(1032192K), 0.0015129 secs] [Times: user=0.00 sys=0.00, real=0.00 secs] 
150.483: [GC (Allocation Failure) [PSYoungGen: 93829K->15360K(99840K)] 755862K->677393K(1032192K), 0.0018004 secs] [Times: user=0.00 sys=0.00, real=0.00 secs] 
151.140: [GC (Allocation Failure) [PSYoungGen: 94853K->11264K(99840K)] 859286K->775697K(1032192K), 0.0013974 secs] [Times: user=0.00 sys=0.00, real=0.00 secs] 
152.669: [Full GC (Ergonomics) [PSYoungGen: 90757K->0K(99840K)] [ParOldGen: 918033K->18432K(932352K)] 1008790K->18432K(1032192K), [Metaspace: 2796K->2796K(1056768K)], 0.0037144 secs] [Times: user=0.00 sys=0.00, real=0.00 secs] 
154.632: [GC (Allocation Failure) [PSYoungGen: 73349K->15360K(99840K)] 91781K->33792K(1032192K), 0.0014170 secs] [Times: user=0.00 sys=0.00, real=0.00 secs] 
156.050: [GC (Allocation Failure) [PSYoungGen: 89728K->15360K(99840K)] 261760K->202752K(1032192K), 0.0023233 secs] [Times: user=0.00 sys=0.00, real=0.00 secs] 
158.337: [GC (Allocation Failure) [PSYoungGen: 96898K->5120K(99840K)] 591490K->499712K(1032192K), 0.0017759 secs] [Times: user=0.00 sys=0.00, real=0.00 secs] 
159.864: [GC (Allocation Failure) [PSYoungGen: 84611K->10240K(99840K)] 732803K->658432K(1032192K), 0.0015335 secs] [Times: user=0.00 sys=0.00, real=0.00 secs] 
161.719: [GC (Allocation Failure) [PSYoungGen: 88707K->15360K(99840K)] 890500K->817152K(1032192K), 0.0032600 secs] [Times: user=0.01 sys=0.00, real=0.00 secs] 
162.047: [GC (Allocation Failure) [PSYoungGen: 47748K->5120K(99840K)] 900740K->858112K(1032192K), 0.0030077 secs] [Times: user=0.02 sys=0.00, real=0.00 secs] 
162.050: [GC (Allocation Failure) [PSYoungGen: 5120K->5120K(99840K)] 858112K->858112K(1032192K), 0.0024814 secs] [Times: user=0.00 sys=0.00, real=0.00 secs] 
162.052: [Full GC (Allocation Failure) [PSYoungGen: 5120K->0K(99840K)] [ParOldGen: 852992K->56849K(932352K)] 858112K->56849K(1032192K), [Metaspace: 2796K->2796K(1056768K)], 0.0060368 secs] [Times: user=0.00 sys=0.00, real=0.01 secs] 
163.916: [GC (Allocation Failure) [PSYoungGen: 81540K->11264K(99840K)] 394389K->334353K(1032192K), 0.0019119 secs] [Times: user=0.00 sys=0.00, real=0.00 secs] 
165.886: [GC (Allocation Failure) [PSYoungGen: 89732K->10240K(99840K)] 412822K->333329K(1032192K), 0.0012567 secs] [Times: user=0.00 sys=0.00, real=0.00 secs] 
167.307: [GC (Allocation Failure) [PSYoungGen: 84608K->15360K(99840K)] 561297K->512529K(1032192K), 0.0028488 secs] [Times: user=0.00 sys=0.00, real=0.00 secs] 
169.816: [GC (Allocation Failure) [PSYoungGen: 96898K->5120K(99840K)] 901267K->809489K(1032192K), 0.0021105 secs] [Times: user=0.00 sys=0.00, real=0.00 secs] 
170.578: [GC (Allocation Failure) [PSYoungGen: 63107K->5120K(99840K)] 918676K->860689K(1032192K), 0.0018490 secs] [Times: user=0.02 sys=0.00, real=0.00 secs] 
170.580: [GC (Allocation Failure) [PSYoungGen: 5120K->5120K(99840K)] 860689K->860689K(1032192K), 0.0018097 secs] [Times: user=0.00 sys=0.00, real=0.00 secs] 
170.581: [Full GC (Allocation Failure) [PSYoungGen: 5120K->0K(99840K)] [ParOldGen: 855569K->159249K(932352K)] 860689K->159249K(1032192K), [Metaspace: 2796K->2796K(1056768K)], 0.0116502 secs] [Times: user=0.00 sys=0.00, real=0.01 secs] 
172.991: [GC (Allocation Failure) [PSYoungGen: 81539K->5120K(99840K)] 496789K->420369K(1032192K), 0.0011832 secs] [Times: user=0.00 sys=0.00, real=0.00 secs] 
174.409: [GC (Allocation Failure) [PSYoungGen: 79492K->15360K(99840K)] 648341K->589329K(1032192K), 0.0018314 secs] [Times: user=0.00 sys=0.00, real=0.00 secs] 
175.829: [GC (Allocation Failure) [PSYoungGen: 89732K->15360K(99840K)] 817302K->763409K(1032192K), 0.0028422 secs] [Times: user=0.05 sys=0.00, real=0.00 secs] 
177.358: [GC (Allocation Failure) [PSYoungGen: 93828K->15360K(99840K)] 841878K->763409K(1032192K), 0.0016182 secs] [Times: user=0.00 sys=0.00, real=0.00 secs] 
178.772: [Full GC (Ergonomics) [PSYoungGen: 89728K->0K(99840K)] [ParOldGen: 901649K->72209K(932352K)] 991377K->72209K(1032192K), [Metaspace: 2796K->2796K(1056768K)], 0.0084176 secs] [Times: user=0.00 sys=0.00, real=0.01 secs] 
181.280: [GC (Allocation Failure) [PSYoungGen: 81538K->6144K(99840K)] 409747K->334353K(1032192K), 0.0009527 secs] [Times: user=0.00 sys=0.00, real=0.00 secs] 
182.803: [GC (Allocation Failure) [PSYoungGen: 85635K->12288K(99840K)] 567444K->494097K(1032192K), 0.0011867 secs] [Times: user=0.00 sys=0.00, real=0.00 secs] 
184.547: [GC (Allocation Failure) [PSYoungGen: 86659K->10240K(99840K)] 722069K->655889K(1032192K), 0.0016754 secs] [Times: user=0.01 sys=0.00, real=0.00 secs] 
185.200: [GC (Allocation Failure) [PSYoungGen: 89732K->5120K(99840K)] 837781K->753169K(1032192K), 0.0013720 secs] [Times: user=0.00 sys=0.00, real=0.00 secs] 
186.724: [Full GC (Ergonomics) [PSYoungGen: 84612K->0K(99840K)] [ParOldGen: 901649K->41489K(932352K)] 986262K->41489K(1032192K), [Metaspace: 2796K->2796K(1056768K)], 0.0052929 secs] [Times: user=0.00 sys=0.00, real=0.00 secs] 
188.471: [GC (Allocation Failure) [PSYoungGen: 78468K->10240K(99840K)] 171158K->102929K(1032192K), 0.0010302 secs] [Times: user=0.00 sys=0.00, real=0.00 secs] 
189.997: [GC (Allocation Failure) [PSYoungGen: 89733K->15360K(99840K)] 336022K->261649K(1032192K), 0.0013048 secs] [Times: user=0.00 sys=0.00, real=0.00 secs] 
192.291: [GC (Allocation Failure) [PSYoungGen: 96901K->6176K(99840K)] 496790K->406065K(1032192K), 0.0009632 secs] [Times: user=0.00 sys=0.00, real=0.00 secs] 
193.818: [GC (Allocation Failure) [PSYoungGen: 85669K->11296K(99840K)] 639158K->575025K(1032192K), 0.0020115 secs] [Times: user=0.00 sys=0.00, real=0.00 secs] 
195.781: [GC (Allocation Failure) [PSYoungGen: 85669K->5184K(99840K)] 802998K->722513K(1032192K), 0.0022473 secs] [Times: user=0.00 sys=0.00, real=0.00 secs] 
197.196: [GC (Allocation Failure) [PSYoungGen: 79557K->15424K(99840K)] 950486K->906833K(1032192K), 0.0030008 secs] [Times: user=0.00 sys=0.00, real=0.00 secs] 
197.199: [Full GC (Ergonomics) [PSYoungGen: 15424K->0K(99840K)] [ParOldGen: 891409K->36369K(932352K)] 906833K->36369K(1032192K), [Metaspace: 2796K->2796K(1056768K)], 0.0049430 secs] [Times: user=0.00 sys=0.00, real=0.00 secs] 
198.630: [GC (Allocation Failure) [PSYoungGen: 74373K->15360K(99840K)] 264343K->205329K(1032192K), 0.0014145 secs] [Times: user=0.00 sys=0.00, real=0.00 secs] 
200.153: [GC (Allocation Failure) [PSYoungGen: 83589K->15360K(99840K)] 427159K->358929K(1032192K), 0.0018970 secs] [Times: user=0.00 sys=0.00, real=0.00 secs] 
200.806: [GC (Allocation Failure) [PSYoungGen: 94853K->11264K(99840K)] 540823K->457233K(1032192K), 0.0011954 secs] [Times: user=0.00 sys=0.00, real=0.00 secs] 
202.329: [GC (Allocation Failure) [PSYoungGen: 90757K->12288K(99840K)] 690327K->616977K(1032192K), 0.0015153 secs] [Times: user=0.00 sys=0.00, real=0.00 secs] 
204.293: [GC (Allocation Failure) [PSYoungGen: 85637K->15360K(99840K)] 690327K->620049K(1032192K), 0.0014956 secs] [Times: user=0.00 sys=0.00, real=0.00 secs] 
205.712: [GC (Allocation Failure) [PSYoungGen: 89728K->15360K(99840K)] 848018K->789009K(1032192K), 0.0023064 secs] [Times: user=0.00 sys=0.00, real=0.00 secs] 
207.349: [Full GC (Ergonomics) [PSYoungGen: 84609K->0K(99840K)] [ParOldGen: 927249K->21504K(932352K)] 1011859K->21504K(1032192K), [Metaspace: 2796K->2796K(1056768K)], 0.0037765 secs] [Times: user=0.00 sys=0.00, real=0.00 secs] 
208.334: [GC (Allocation Failure) [PSYoungGen: 79491K->10240K(99840K)] 203395K->185344K(1032192K), 0.0052180 secs] [Times: user=0.00 sys=0.00, real=0.00 secs] 
209.861: [GC (Allocation Failure) [PSYoungGen: 89731K->15360K(99840K)] 418436K->344064K(1032192K), 0.0014569 secs] [Times: user=0.00 sys=0.00, real=0.00 secs] 
211.498: [GC (Allocation Failure) [PSYoungGen: 88708K->15360K(99840K)] 571012K->497664K(1032192K), 0.0017854 secs] [Times: user=0.00 sys=0.00, real=0.00 secs] 
212.152: [GC (Allocation Failure) [PSYoungGen: 94852K->11264K(99840K)] 679557K->595968K(1032192K), 0.0016370 secs] [Times: user=0.00 sys=0.00, real=0.00 secs] 
213.680: [GC (Allocation Failure) [PSYoungGen: 90756K->15360K(99840K)] 829061K->764928K(1032192K), 0.0026216 secs] [Times: user=0.00 sys=0.00, real=0.00 secs] 
215.536: [GC (Allocation Failure) [PSYoungGen: 88709K->10240K(99840K)] 838277K->759808K(1032192K), 0.0015317 secs] [Times: user=0.00 sys=0.00, real=0.00 secs] 
216.953: [Full GC (Ergonomics) [PSYoungGen: 84608K->0K(99840K)] [ParOldGen: 903168K->36864K(932352K)] 987776K->36864K(1032192K), [Metaspace: 2796K->2796K(1056768K)], 0.0047548 secs] [Times: user=0.05 sys=0.00, real=0.00 secs] 
Heap
 PSYoungGen      total 99840K, used 65799K [0x00000000f8e80000, 0x0000000100000000, 0x0000000100000000)
  eden space 83456K, 78% used [0x00000000f8e80000,0x00000000fcec1d40,0x00000000fe000000)
  from space 16384K, 0% used [0x00000000ff000000,0x00000000ff000000,0x0000000100000000)
  to   space 16384K, 0% used [0x00000000fe000000,0x00000000fe000000,0x00000000ff000000)
 ParOldGen       total 932352K, used 190464K [0x00000000c0000000, 0x00000000f8e80000, 0x00000000f8e80000)
  object space 932352K, 20% used [0x00000000c0000000,0x00000000cba001f8,0x00000000f8e80000)
 Metaspace       used 2804K, capacity 4486K, committed 4864K, reserved 1056768K
  class space    used 297K, capacity 386K, committed 512K, reserved 1048576K
