Java HotSpot(TM) 64-Bit Server VM (25.411-b09) for windows-amd64 JRE (1.8.0_411-b09), built on Mar 13 2024 07:26:13 by "java_re" with MS VC++ 17.1 (VS2022)
Memory: 4k page, physical 33403376k(14134056k free), swap 36670664k(7201880k free)
CommandLine flags: -XX:InitialHeapSize=1073741824 -XX:MaxHeapSize=1073741824 -XX:NewRatio=1 -XX:ParallelGCThreads=6 -XX:+PrintGC -XX:+PrintGCDetails -XX:+PrintGCTimeStamps -XX:SurvivorRatio=12 -XX:-UseAdaptiveSizePolicy -XX:+UseCompressedClassPointers -XX:+UseCompressedOops -XX:-UseLargePagesIndividualAllocation -XX:+UseParallelGC 
2.844: [GC (Allocation Failure) [PSYoungGen: 365916K->11912K(486912K)] 365916K->63120K(1011200K), 0.0177152 secs] [Times: user=0.00 sys=0.02, real=0.02 secs] 
7.009: [GC (Allocation Failure) [PSYoungGen: 461448K->36528K(486912K)] 512656K->113344K(1011200K), 0.0160525 secs] [Times: user=0.00 sys=0.00, real=0.02 secs] 
9.864: [GC (Allocation Failure) [PSYoungGen: 455947K->26304K(486912K)] 532763K->154320K(1011200K), 0.0172537 secs] [Times: user=0.02 sys=0.00, real=0.02 secs] 
12.717: [GC (Allocation Failure) [PSYoungGen: 463045K->26240K(486912K)] 591061K->154264K(1011200K), 0.0022789 secs] [Times: user=0.00 sys=0.00, real=0.00 secs] 
16.213: [GC (Allocation Failure) [PSYoungGen: 471344K->10872K(486912K)] 599368K->138896K(1011200K), 0.0010237 secs] [Times: user=0.00 sys=0.00, real=0.00 secs] 
18.829: [GC (Allocation Failure) [PSYoungGen: 456010K->32416K(486912K)] 584034K->211648K(1011200K), 0.0173739 secs] [Times: user=0.02 sys=0.00, real=0.02 secs] 
22.446: [GC (Allocation Failure) [PSYoungGen: 477576K->22240K(486912K)] 656808K->303872K(1011200K), 0.0325642 secs] [Times: user=0.02 sys=0.00, real=0.03 secs] 
25.429: [GC (Allocation Failure) [PSYoungGen: 462294K->36472K(486912K)] 743926K->318104K(1011200K), 0.0023794 secs] [Times: user=0.00 sys=0.00, real=0.00 secs] 
28.483: [GC (Allocation Failure) [PSYoungGen: 405730K->5776K(486912K)] 687362K->389816K(1011200K), 0.0199642 secs] [Times: user=0.01 sys=0.00, real=0.02 secs] 
31.351: [GC (Allocation Failure) [PSYoungGen: 363907K->5688K(486912K)] 747947K->389728K(1011200K), 0.0013160 secs] [Times: user=0.00 sys=0.00, real=0.00 secs] 
34.083: [GC (Allocation Failure) [PSYoungGen: 409899K->33352K(486912K)] 793939K->422520K(1011200K), 0.0035199 secs] [Times: user=0.00 sys=0.00, real=0.00 secs] 
36.924: [GC (Allocation Failure) [PSYoungGen: 463172K->36472K(486912K)] 852341K->446120K(1011200K), 0.0156144 secs] [Times: user=0.00 sys=0.00, real=0.02 secs] 
39.883: [GC (Allocation Failure) [PSYoungGen: 429435K->5720K(486912K)] 839083K->466568K(1011200K), 0.0159920 secs] [Times: user=0.00 sys=0.00, real=0.01 secs] 
39.900: [Full GC (Ergonomics) [PSYoungGen: 5720K->0K(486912K)] [ParOldGen: 460848K->56849K(524288K)] 466568K->56849K(1011200K), [Metaspace: 2793K->2793K(1056768K)], 0.0102480 secs] [Times: user=0.00 sys=0.00, real=0.01 secs] 
44.062: [GC (Allocation Failure) [PSYoungGen: 436999K->31744K(486912K)] 493848K->88593K(1011200K), 0.0024090 secs] [Times: user=0.02 sys=0.00, real=0.00 secs] 
46.901: [GC (Allocation Failure) [PSYoungGen: 456398K->20480K(486912K)] 513248K->97809K(1011200K), 0.0020890 secs] [Times: user=0.00 sys=0.00, real=0.00 secs] 
49.629: [GC (Allocation Failure) [PSYoungGen: 455397K->30720K(486912K)] 532727K->169489K(1011200K), 0.0068737 secs] [Times: user=0.00 sys=0.00, real=0.01 secs] 
52.471: [GC (Allocation Failure) [PSYoungGen: 469748K->21504K(486912K)] 608517K->160273K(1011200K), 0.0016690 secs] [Times: user=0.00 sys=0.00, real=0.00 secs] 
55.857: [GC (Allocation Failure) [PSYoungGen: 467710K->16384K(486912K)] 606479K->155153K(1011200K), 0.0015708 secs] [Times: user=0.00 sys=0.00, real=0.00 secs] 
59.245: [GC (Allocation Failure) [PSYoungGen: 461565K->10240K(486912K)] 600334K->200209K(1011200K), 0.0050824 secs] [Times: user=0.00 sys=0.00, real=0.01 secs] 
62.304: [GC (Allocation Failure) [PSYoungGen: 459523K->15360K(486912K)] 649493K->205329K(1011200K), 0.0015124 secs] [Times: user=0.00 sys=0.00, real=0.00 secs] 
65.042: [GC (Allocation Failure) [PSYoungGen: 460551K->26624K(486912K)] 650521K->216593K(1011200K), 0.0020635 secs] [Times: user=0.00 sys=0.00, real=0.00 secs] 
68.316: [GC (Allocation Failure) [PSYoungGen: 399114K->30720K(486912K)] 589084K->323089K(1011200K), 0.0065637 secs] [Times: user=0.00 sys=0.00, real=0.01 secs] 
71.166: [GC (Allocation Failure) [PSYoungGen: 434955K->5120K(486912K)] 727324K->451089K(1011200K), 0.0157504 secs] [Times: user=0.00 sys=0.00, real=0.02 secs] 
71.182: [Full GC (Ergonomics) [PSYoungGen: 5120K->0K(486912K)] [ParOldGen: 445969K->159249K(524288K)] 451089K->159249K(1011200K), [Metaspace: 2796K->2796K(1056768K)], 0.0131324 secs] [Times: user=0.02 sys=0.00, real=0.01 secs] 
74.031: [GC (Allocation Failure) [PSYoungGen: 429828K->10240K(486912K)] 589077K->220689K(1011200K), 0.0049328 secs] [Times: user=0.00 sys=0.00, real=0.01 secs] 
77.964: [GC (Allocation Failure) [PSYoungGen: 450252K->15360K(486912K)] 660701K->225809K(1011200K), 0.0015118 secs] [Times: user=0.00 sys=0.00, real=0.00 secs] 
81.130: [GC (Allocation Failure) [PSYoungGen: 455396K->5120K(486912K)] 665845K->215569K(1011200K), 0.0009279 secs] [Times: user=0.00 sys=0.00, real=0.00 secs] 
83.859: [GC (Allocation Failure) [PSYoungGen: 409331K->27648K(486912K)] 619780K->248337K(1011200K), 0.0029597 secs] [Times: user=0.00 sys=0.00, real=0.00 secs] 
86.702: [GC (Allocation Failure) [PSYoungGen: 457468K->35840K(486912K)] 678158K->277009K(1011200K), 0.0033328 secs] [Times: user=0.03 sys=0.00, real=0.00 secs] 
89.647: [GC (Allocation Failure) [PSYoungGen: 428803K->5120K(486912K)] 669972K->297489K(1011200K), 0.0052813 secs] [Times: user=0.00 sys=0.00, real=0.00 secs] 
93.814: [GC (Allocation Failure) [PSYoungGen: 442119K->31744K(486912K)] 734488K->324113K(1011200K), 0.0026376 secs] [Times: user=0.00 sys=0.00, real=0.00 secs] 
96.658: [GC (Allocation Failure) [PSYoungGen: 456450K->20480K(486912K)] 748819K->333329K(1011200K), 0.0023332 secs] [Times: user=0.00 sys=0.00, real=0.00 secs] 
99.386: [GC (Allocation Failure) [PSYoungGen: 455430K->20480K(486912K)] 768280K->384529K(1011200K), 0.0057432 secs] [Times: user=0.00 sys=0.00, real=0.01 secs] 
102.224: [GC (Allocation Failure) [PSYoungGen: 459529K->21504K(486912K)] 823579K->385553K(1011200K), 0.0017618 secs] [Times: user=0.00 sys=0.00, real=0.00 secs] 
105.609: [GC (Allocation Failure) [PSYoungGen: 467723K->16384K(486912K)] 831773K->380433K(1011200K), 0.0017176 secs] [Times: user=0.00 sys=0.00, real=0.00 secs] 
108.993: [GC (Allocation Failure) [PSYoungGen: 461573K->10240K(486912K)] 825623K->425489K(1011200K), 0.0047075 secs] [Times: user=0.00 sys=0.00, real=0.00 secs] 
112.052: [GC (Allocation Failure) [PSYoungGen: 459529K->15360K(486912K)] 874778K->430609K(1011200K), 0.0014088 secs] [Times: user=0.00 sys=0.00, real=0.00 secs] 
114.778: [GC (Allocation Failure) [PSYoungGen: 460555K->26624K(486912K)] 875805K->441873K(1011200K), 0.0019872 secs] [Times: user=0.00 sys=0.00, real=0.00 secs] 
118.057: [GC (Allocation Failure) [PSYoungGen: 399117K->30720K(486912K)] 814366K->548369K(1011200K), 0.0304362 secs] [Times: user=0.00 sys=0.02, real=0.03 secs] 
118.087: [Full GC (Ergonomics) [PSYoungGen: 30720K->0K(486912K)] [ParOldGen: 517649K->82449K(524288K)] 548369K->82449K(1011200K), [Metaspace: 2796K->2796K(1056768K)], 0.0079823 secs] [Times: user=0.00 sys=0.00, real=0.01 secs] 
120.943: [GC (Allocation Failure) [PSYoungGen: 404236K->5120K(486912K)] 486686K->241169K(1011200K), 0.0156492 secs] [Times: user=0.00 sys=0.00, real=0.01 secs] 
123.795: [GC (Allocation Failure) [PSYoungGen: 434893K->10240K(486912K)] 670942K->297489K(1011200K), 0.0051119 secs] [Times: user=0.00 sys=0.00, real=0.00 secs] 
127.733: [GC (Allocation Failure) [PSYoungGen: 450276K->15360K(486912K)] 737526K->302609K(1011200K), 0.0014272 secs] [Times: user=0.02 sys=0.00, real=0.00 secs] 
130.895: [GC (Allocation Failure) [PSYoungGen: 455411K->5120K(486912K)] 742661K->292369K(1011200K), 0.0009521 secs] [Times: user=0.00 sys=0.00, real=0.00 secs] 
133.626: [GC (Allocation Failure) [PSYoungGen: 409341K->36864K(486912K)] 696591K->325137K(1011200K), 0.0029505 secs] [Times: user=0.00 sys=0.00, real=0.00 secs] 
136.471: [GC (Allocation Failure) [PSYoungGen: 466691K->35840K(486912K)] 754964K->344593K(1011200K), 0.0032797 secs] [Times: user=0.00 sys=0.00, real=0.00 secs] 
139.419: [GC (Allocation Failure) [PSYoungGen: 428807K->5120K(486912K)] 737561K->365073K(1011200K), 0.0047003 secs] [Times: user=0.00 sys=0.00, real=0.00 secs] 
143.577: [GC (Allocation Failure) [PSYoungGen: 442121K->31744K(486912K)] 802075K->391697K(1011200K), 0.0025582 secs] [Times: user=0.00 sys=0.00, real=0.00 secs] 
146.418: [GC (Allocation Failure) [PSYoungGen: 456452K->20480K(486912K)] 816405K->400913K(1011200K), 0.0024991 secs] [Times: user=0.00 sys=0.00, real=0.00 secs] 
149.142: [GC (Allocation Failure) [PSYoungGen: 455432K->20480K(486912K)] 835865K->452113K(1011200K), 0.0053919 secs] [Times: user=0.00 sys=0.00, real=0.01 secs] 
149.147: [Full GC (Ergonomics) [PSYoungGen: 20480K->0K(486912K)] [ParOldGen: 431633K->92689K(524288K)] 452113K->92689K(1011200K), [Metaspace: 2796K->2796K(1056768K)], 0.0076809 secs] [Times: user=0.00 sys=0.00, real=0.01 secs] 
151.998: [GC (Allocation Failure) [PSYoungGen: 439050K->21504K(486912K)] 531739K->114193K(1011200K), 0.0017959 secs] [Times: user=0.00 sys=0.00, real=0.00 secs] 
155.383: [GC (Allocation Failure) [PSYoungGen: 467665K->16384K(486912K)] 560354K->109073K(1011200K), 0.0014653 secs] [Times: user=0.00 sys=0.00, real=0.00 secs] 
158.768: [GC (Allocation Failure) [PSYoungGen: 461536K->10240K(486912K)] 554225K->154129K(1011200K), 0.0050046 secs] [Times: user=0.00 sys=0.00, real=0.01 secs] 
161.822: [GC (Allocation Failure) [PSYoungGen: 459505K->15360K(486912K)] 603394K->159249K(1011200K), 0.0015980 secs] [Times: user=0.00 sys=0.00, real=0.00 secs] 
164.556: [GC (Allocation Failure) [PSYoungGen: 460540K->26624K(486912K)] 604429K->170513K(1011200K), 0.0023166 secs] [Times: user=0.00 sys=0.00, real=0.00 secs] 
167.832: [GC (Allocation Failure) [PSYoungGen: 399107K->30720K(486912K)] 542996K->277009K(1011200K), 0.0066531 secs] [Times: user=0.00 sys=0.00, real=0.01 secs] 
170.684: [GC (Allocation Failure) [PSYoungGen: 434950K->5120K(486912K)] 681239K->405009K(1011200K), 0.0154305 secs] [Times: user=0.02 sys=0.00, real=0.01 secs] 
170.699: [Full GC (Ergonomics) [PSYoungGen: 5120K->0K(486912K)] [ParOldGen: 399889K->159249K(524288K)] 405009K->159249K(1011200K), [Metaspace: 2796K->2796K(1056768K)], 0.0110435 secs] [Times: user=0.02 sys=0.00, real=0.01 secs] 
173.552: [GC (Allocation Failure) [PSYoungGen: 429825K->10240K(486912K)] 589074K->220689K(1011200K), 0.0049032 secs] [Times: user=0.00 sys=0.00, real=0.00 secs] 
177.491: [GC (Allocation Failure) [PSYoungGen: 450250K->15360K(486912K)] 660699K->225809K(1011200K), 0.0017800 secs] [Times: user=0.00 sys=0.00, real=0.00 secs] 
180.654: [GC (Allocation Failure) [PSYoungGen: 455394K->5120K(486912K)] 665844K->215569K(1011200K), 0.0008002 secs] [Times: user=0.00 sys=0.00, real=0.00 secs] 
183.384: [GC (Allocation Failure) [PSYoungGen: 409330K->36864K(486912K)] 619780K->248337K(1011200K), 0.0028755 secs] [Times: user=0.00 sys=0.00, real=0.00 secs] 
186.222: [GC (Allocation Failure) [PSYoungGen: 466684K->35840K(486912K)] 678157K->267793K(1011200K), 0.0033221 secs] [Times: user=0.00 sys=0.00, real=0.00 secs] 
189.172: [GC (Allocation Failure) [PSYoungGen: 428803K->5120K(486912K)] 660756K->288273K(1011200K), 0.0046947 secs] [Times: user=0.00 sys=0.00, real=0.01 secs] 
193.316: [GC (Allocation Failure) [PSYoungGen: 442118K->31776K(486912K)] 725272K->314929K(1011200K), 0.0026936 secs] [Times: user=0.00 sys=0.00, real=0.00 secs] 
196.155: [GC (Allocation Failure) [PSYoungGen: 456482K->20512K(486912K)] 739635K->324145K(1011200K), 0.0023100 secs] [Times: user=0.00 sys=0.00, real=0.00 secs] 
198.881: [GC (Allocation Failure) [PSYoungGen: 455462K->20512K(486912K)] 759096K->375345K(1011200K), 0.0055004 secs] [Times: user=0.00 sys=0.00, real=0.00 secs] 
201.712: [GC (Allocation Failure) [PSYoungGen: 459561K->21600K(486912K)] 814395K->376433K(1011200K), 0.0018159 secs] [Times: user=0.00 sys=0.00, real=0.00 secs] 
205.097: [GC (Allocation Failure) [PSYoungGen: 467819K->16448K(486912K)] 822653K->371281K(1011200K), 0.0015768 secs] [Times: user=0.00 sys=0.00, real=0.00 secs] 
208.483: [GC (Allocation Failure) [PSYoungGen: 461637K->10336K(486912K)] 816471K->416369K(1011200K), 0.0047402 secs] [Times: user=0.02 sys=0.00, real=0.00 secs] 
211.538: [GC (Allocation Failure) [PSYoungGen: 459625K->15392K(486912K)] 865658K->421425K(1011200K), 0.0014660 secs] [Times: user=0.00 sys=0.00, real=0.00 secs] 
214.265: [GC (Allocation Failure) [PSYoungGen: 460587K->26720K(486912K)] 866621K->432753K(1011200K), 0.0020585 secs] [Times: user=0.00 sys=0.00, real=0.00 secs] 
217.539: [GC (Allocation Failure) [PSYoungGen: 399213K->30816K(486912K)] 805246K->539249K(1011200K), 0.0157612 secs] [Times: user=0.00 sys=0.00, real=0.02 secs] 
217.555: [Full GC (Ergonomics) [PSYoungGen: 30816K->0K(486912K)] [ParOldGen: 508433K->82449K(524288K)] 539249K->82449K(1011200K), [Metaspace: 2796K->2796K(1056768K)], 0.0071634 secs] [Times: user=0.00 sys=0.00, real=0.01 secs] 
Heap
 PSYoungGen      total 486912K, used 135723K [0x00000000e0000000, 0x0000000100000000, 0x0000000100000000)
  eden space 449536K, 30% used [0x00000000e0000000,0x00000000e848ae70,0x00000000fb700000)
  from space 37376K, 0% used [0x00000000fdb80000,0x00000000fdb80000,0x0000000100000000)
  to   space 37376K, 0% used [0x00000000fb700000,0x00000000fb700000,0x00000000fdb80000)
 ParOldGen       total 524288K, used 82449K [0x00000000c0000000, 0x00000000e0000000, 0x00000000e0000000)
  object space 524288K, 15% used [0x00000000c0000000,0x00000000c5084720,0x00000000e0000000)
 Metaspace       used 2804K, capacity 4486K, committed 4864K, reserved 1056768K
  class space    used 297K, capacity 386K, committed 512K, reserved 1048576K
