Java HotSpot(TM) 64-Bit Server VM (25.411-b09) for windows-amd64 JRE (1.8.0_411-b09), built on Mar 13 2024 07:26:13 by "java_re" with MS VC++ 17.1 (VS2022)
Memory: 4k page, physical 33403376k(14481048k free), swap 36754152k(7500300k free)
CommandLine flags: -XX:InitialHeapSize=536870912 -XX:MaxHeapSize=536870912 -XX:NewRatio=7 -XX:ParallelGCThreads=6 -XX:+PrintGC -XX:+PrintGCDetails -XX:+PrintGCTimeStamps -XX:SurvivorRatio=7 -XX:-UseAdaptiveSizePolicy -XX:+UseCompressedClassPointers -XX:+UseCompressedOops -XX:-UseLargePagesIndividualAllocation -XX:+UseParallelGC 
1.040: [GC (Allocation Failure) [PSYoungGen: 45056K->5784K(58368K)] 45056K->16032K(517120K), 0.0041246 secs] [Times: user=0.00 sys=0.00, real=0.00 secs] 
2.069: [GC (Allocation Failure) [PSYoungGen: 54913K->6832K(58368K)] 218761K->175800K(517120K), 0.0025041 secs] [Times: user=0.00 sys=0.00, real=0.00 secs] 
2.615: [GC (Allocation Failure) [PSYoungGen: 43681K->6808K(58368K)] 212649K->186016K(517120K), 0.0038843 secs] [Times: user=0.00 sys=0.00, real=0.00 secs] 
3.752: [GC (Allocation Failure) [PSYoungGen: 55940K->2720K(58368K)] 388748K->345768K(517120K), 0.0028048 secs] [Times: user=0.00 sys=0.00, real=0.00 secs] 
5.282: [GC (Allocation Failure) [PSYoungGen: 50835K->5776K(58368K)] 393883K->353944K(517120K), 0.0019677 secs] [Times: user=0.00 sys=0.00, real=0.00 secs] 
5.735: [GC (Allocation Failure) [PSYoungGen: 47744K->5736K(58368K)] 447112K->415344K(517120K), 0.0034513 secs] [Times: user=0.00 sys=0.00, real=0.00 secs] 
5.739: [GC (Allocation Failure) [PSYoungGen: 5736K->5760K(58368K)] 415344K->415368K(517120K), 0.0009387 secs] [Times: user=0.00 sys=0.00, real=0.00 secs] 
5.740: [Full GC (Allocation Failure) [PSYoungGen: 5760K->0K(58368K)] [ParOldGen: 409608K->67088K(458752K)] 415368K->67088K(517120K), [Metaspace: 2753K->2753K(1056768K)], 0.0110655 secs] [Times: user=0.00 sys=0.00, real=0.01 secs] 
6.844: [GC (Allocation Failure) [PSYoungGen: 44021K->5120K(58368K)] 213510K->184848K(517120K), 0.0016139 secs] [Times: user=0.00 sys=0.00, real=0.00 secs] 
8.378: [GC (Allocation Failure) [PSYoungGen: 54777K->5152K(58368K)] 388106K->338488K(517120K), 0.0011522 secs] [Times: user=0.00 sys=0.00, real=0.00 secs] 
8.595: [GC (Allocation Failure) [PSYoungGen: 26651K->32K(58368K)] 411188K->384568K(517120K), 0.0011411 secs] [Times: user=0.00 sys=0.00, real=0.00 secs] 
8.596: [GC (Allocation Failure) [PSYoungGen: 32K->32K(58368K)] 384568K->384568K(517120K), 0.0008441 secs] [Times: user=0.00 sys=0.00, real=0.00 secs] 
8.597: [Full GC (Allocation Failure) [PSYoungGen: 32K->0K(58368K)] [ParOldGen: 384536K->51728K(458752K)] 384568K->51728K(517120K), [Metaspace: 2759K->2759K(1056768K)], 0.0056894 secs] [Times: user=0.02 sys=0.00, real=0.00 secs] 
9.699: [GC (Allocation Failure) [PSYoungGen: 44027K->5120K(58368K)] 198156K->169488K(517120K), 0.0014561 secs] [Times: user=0.00 sys=0.00, real=0.00 secs] 
10.684: [GC (Allocation Failure) [PSYoungGen: 54269K->5120K(58368K)] 372238K->328208K(517120K), 0.0011410 secs] [Times: user=0.00 sys=0.00, real=0.00 secs] 
11.233: [GC (Allocation Failure) [PSYoungGen: 41982K->5120K(58368K)] 365071K->338448K(517120K), 0.0013755 secs] [Times: user=0.00 sys=0.00, real=0.00 secs] 
11.454: [GC (Allocation Failure) [PSYoungGen: 26613K->5120K(58368K)] 411141K->389649K(517120K), 0.0008024 secs] [Times: user=0.00 sys=0.00, real=0.00 secs] 
11.454: [GC (Allocation Failure) [PSYoungGen: 5120K->5120K(58368K)] 389649K->389649K(517120K), 0.0007450 secs] [Times: user=0.00 sys=0.00, real=0.00 secs] 
11.455: [Full GC (Allocation Failure) [PSYoungGen: 5120K->0K(58368K)] [ParOldGen: 384528K->215568K(458752K)] 389649K->215568K(517120K), [Metaspace: 2761K->2761K(1056768K)], 0.0113820 secs] [Times: user=0.00 sys=0.00, real=0.01 secs] 
12.674: [GC (Allocation Failure) [PSYoungGen: 33089K->5152K(58368K)] 351058K->333368K(517120K), 0.0014171 secs] [Times: user=0.00 sys=0.00, real=0.00 secs] 
12.891: [GC (Allocation Failure) [PSYoungGen: 26648K->5152K(58368K)] 406065K->384569K(517120K), 0.0014015 secs] [Times: user=0.00 sys=0.00, real=0.00 secs] 
12.892: [GC (Allocation Failure) [PSYoungGen: 5152K->5184K(58368K)] 384569K->384601K(517120K), 0.0011960 secs] [Times: user=0.00 sys=0.00, real=0.00 secs] 
12.893: [Full GC (Allocation Failure) [PSYoungGen: 5184K->0K(58368K)] [ParOldGen: 379416K->56849K(458752K)] 384601K->56849K(517120K), [Metaspace: 2763K->2763K(1056768K)], 0.0050479 secs] [Times: user=0.00 sys=0.00, real=0.00 secs] 
13.995: [GC (Allocation Failure) [PSYoungGen: 44024K->1024K(58368K)] 203274K->180753K(517120K), 0.0017296 secs] [Times: user=0.00 sys=0.00, real=0.00 secs] 
14.980: [GC (Allocation Failure) [PSYoungGen: 50171K->6144K(58368K)] 383500K->344593K(517120K), 0.0012630 secs] [Times: user=0.00 sys=0.00, real=0.00 secs] 
16.290: [GC (Allocation Failure) [PSYoungGen: 53245K->5120K(58368K)] 391694K->348689K(517120K), 0.0011748 secs] [Times: user=0.00 sys=0.00, real=0.00 secs] 
16.945: [GC (Allocation Failure) [PSYoungGen: 47094K->0K(58368K)] 390663K->353809K(517120K), 0.0013939 secs] [Times: user=0.05 sys=0.00, real=0.00 secs] 
17.165: [GC (Allocation Failure) [PSYoungGen: 21489K->0K(58368K)] 426498K->425489K(517120K), 0.0055072 secs] [Times: user=0.00 sys=0.00, real=0.01 secs] 
17.171: [Full GC (Ergonomics) [PSYoungGen: 0K->0K(58368K)] [ParOldGen: 425489K->77329K(458752K)] 425489K->77329K(517120K), [Metaspace: 2768K->2768K(1056768K)], 0.0067421 secs] [Times: user=0.00 sys=0.00, real=0.01 secs] 
18.269: [GC (Allocation Failure) [PSYoungGen: 44017K->5120K(58368K)] 223746K->195089K(517120K), 0.0013736 secs] [Times: user=0.00 sys=0.00, real=0.00 secs] 
19.252: [GC (Allocation Failure) [PSYoungGen: 54262K->5120K(58368K)] 397831K->353809K(517120K), 0.0010433 secs] [Times: user=0.00 sys=0.00, real=0.00 secs] 
20.015: [GC (Allocation Failure) [PSYoungGen: 11257K->0K(58368K)] 411146K->399889K(517120K), 0.0008377 secs] [Times: user=0.00 sys=0.00, real=0.00 secs] 
20.016: [GC (Allocation Failure) [PSYoungGen: 0K->0K(58368K)] 399889K->399889K(517120K), 0.0007319 secs] [Times: user=0.00 sys=0.00, real=0.00 secs] 
20.017: [Full GC (Allocation Failure) [PSYoungGen: 0K->0K(58368K)] [ParOldGen: 399889K->51729K(458752K)] 399889K->51729K(517120K), [Metaspace: 2770K->2770K(1056768K)], 0.0048948 secs] [Times: user=0.00 sys=0.00, real=0.01 secs] 
21.121: [GC (Allocation Failure) [PSYoungGen: 44025K->5120K(58368K)] 198154K->169489K(517120K), 0.0014917 secs] [Times: user=0.00 sys=0.00, real=0.00 secs] 
22.101: [GC (Allocation Failure) [PSYoungGen: 54268K->6144K(58368K)] 372237K->329233K(517120K), 0.0014205 secs] [Times: user=0.00 sys=0.00, real=0.00 secs] 
22.643: [GC (Allocation Failure) [PSYoungGen: 43005K->6144K(58368K)] 366094K->339473K(517120K), 0.0016069 secs] [Times: user=0.00 sys=0.00, real=0.00 secs] 
22.861: [GC (Allocation Failure) [PSYoungGen: 27636K->6144K(58368K)] 412165K->390673K(517120K), 0.0008552 secs] [Times: user=0.00 sys=0.00, real=0.00 secs] 
22.862: [GC (Allocation Failure) [PSYoungGen: 6144K->6144K(58368K)] 390673K->390673K(517120K), 0.0007467 secs] [Times: user=0.00 sys=0.00, real=0.00 secs] 
22.862: [Full GC (Allocation Failure) [PSYoungGen: 6144K->0K(58368K)] [ParOldGen: 384529K->165393K(458752K)] 390673K->165393K(517120K), [Metaspace: 2779K->2779K(1056768K)], 0.0121923 secs] [Times: user=0.00 sys=0.00, real=0.01 secs] 
24.625: [Full GC (Ergonomics) [PSYoungGen: 51188K->0K(58368K)] [ParOldGen: 421393K->12288K(458752K)] 472581K->12288K(517120K), [Metaspace: 2779K->2779K(1056768K)], 0.0030226 secs] [Times: user=0.00 sys=0.00, real=0.00 secs] 
25.390: [GC (Allocation Failure) [PSYoungGen: 41976K->5120K(58368K)] 54264K->27648K(517120K), 0.0014055 secs] [Times: user=0.00 sys=0.00, real=0.00 secs] 
26.370: [GC (Allocation Failure) [PSYoungGen: 54258K->5120K(58368K)] 230386K->201728K(517120K), 0.0018744 secs] [Times: user=0.00 sys=0.00, real=0.00 secs] 
26.916: [GC (Allocation Failure) [PSYoungGen: 41975K->5120K(58368K)] 238583K->211968K(517120K), 0.0015918 secs] [Times: user=0.00 sys=0.00, real=0.00 secs] 
28.119: [GC (Allocation Failure) [PSYoungGen: 52208K->5120K(58368K)] 259056K->217088K(517120K), 0.0012879 secs] [Times: user=0.00 sys=0.00, real=0.00 secs] 
28.988: [GC (Allocation Failure) [PSYoungGen: 54470K->5152K(58368K)] 420038K->370728K(517120K), 0.0021772 secs] [Times: user=0.00 sys=0.00, real=0.00 secs] 
29.753: [GC (Allocation Failure) [PSYoungGen: 52244K->5216K(58368K)] 417820K->381032K(517120K), 0.0019647 secs] [Times: user=0.00 sys=0.00, real=0.00 secs] 
29.971: [GC (Allocation Failure) [PSYoungGen: 26704K->5152K(58368K)] 453721K->432168K(517120K), 0.0013059 secs] [Times: user=0.00 sys=0.00, real=0.00 secs] 
29.973: [Full GC (Ergonomics) [PSYoungGen: 5152K->0K(58368K)] [ParOldGen: 427016K->113169K(458752K)] 432168K->113169K(517120K), [Metaspace: 2793K->2793K(1056768K)], 0.0086188 secs] [Times: user=0.00 sys=0.00, real=0.01 secs] 
32.168: [GC (Allocation Failure) [PSYoungGen: 51185K->6144K(58368K)] 369154K->324113K(517120K), 0.0010734 secs] [Times: user=0.00 sys=0.00, real=0.00 secs] 
32.607: [GC (Allocation Failure) [PSYoungGen: 37878K->6144K(58368K)] 355847K->334353K(517120K), 0.0016649 secs] [Times: user=0.00 sys=0.00, real=0.00 secs] 
32.826: [GC (Allocation Failure) [PSYoungGen: 27630K->6144K(58368K)] 407039K->385553K(517120K), 0.0009993 secs] [Times: user=0.00 sys=0.00, real=0.00 secs] 
32.827: [GC (Allocation Failure) [PSYoungGen: 6144K->6144K(58368K)] 385553K->385553K(517120K), 0.0008993 secs] [Times: user=0.00 sys=0.00, real=0.00 secs] 
32.828: [Full GC (Allocation Failure) [PSYoungGen: 6144K->0K(58368K)] [ParOldGen: 379409K->57873K(458752K)] 385553K->57873K(517120K), [Metaspace: 2793K->2793K(1056768K)], 0.0052668 secs] [Times: user=0.00 sys=0.00, real=0.01 secs] 
33.936: [GC (Allocation Failure) [PSYoungGen: 44014K->1024K(58368K)] 204287K->181777K(517120K), 0.0018015 secs] [Times: user=0.00 sys=0.00, real=0.00 secs] 
35.350: [GC (Allocation Failure) [PSYoungGen: 50164K->0K(58368K)] 384518K->344593K(517120K), 0.0013571 secs] [Times: user=0.00 sys=0.00, real=0.00 secs] 
35.676: [GC (Allocation Failure) [PSYoungGen: 31736K->0K(58368K)] 427530K->406033K(517120K), 0.0012067 secs] [Times: user=0.00 sys=0.00, real=0.00 secs] 
35.677: [GC (Allocation Failure) [PSYoungGen: 0K->0K(58368K)] 406033K->406033K(517120K), 0.0012634 secs] [Times: user=0.00 sys=0.00, real=0.00 secs] 
35.678: [Full GC (Allocation Failure) [PSYoungGen: 0K->0K(58368K)] [ParOldGen: 406033K->61969K(458752K)] 406033K->61969K(517120K), [Metaspace: 2793K->2793K(1056768K)], 0.0056410 secs] [Times: user=0.00 sys=0.00, real=0.01 secs] 
36.780: [GC (Allocation Failure) [PSYoungGen: 44027K->5120K(58368K)] 208396K->179729K(517120K), 0.0015016 secs] [Times: user=0.00 sys=0.00, real=0.00 secs] 
37.763: [GC (Allocation Failure) [PSYoungGen: 54268K->5120K(58368K)] 382478K->364049K(517120K), 0.0028351 secs] [Times: user=0.00 sys=0.00, real=0.00 secs] 
38.309: [GC (Allocation Failure) [PSYoungGen: 41982K->0K(58368K)] 400911K->369169K(517120K), 0.0012055 secs] [Times: user=0.00 sys=0.00, real=0.00 secs] 
39.508: [Full GC (Ergonomics) [PSYoungGen: 41972K->0K(58368K)] [ParOldGen: 420369K->11264K(458752K)] 462342K->11264K(517120K), [Metaspace: 2793K->2793K(1056768K)], 0.0025859 secs] [Times: user=0.00 sys=0.00, real=0.00 secs] 
40.383: [GC (Allocation Failure) [PSYoungGen: 49144K->5120K(58368K)] 214008K->169984K(517120K), 0.0008439 secs] [Times: user=0.00 sys=0.00, real=0.00 secs] 
41.145: [GC (Allocation Failure) [PSYoungGen: 52219K->5120K(58368K)] 217083K->180224K(517120K), 0.0015930 secs] [Times: user=0.00 sys=0.00, real=0.00 secs] 
42.242: [GC (Allocation Failure) [PSYoungGen: 54261K->6144K(58368K)] 382965K->339968K(517120K), 0.0013091 secs] [Times: user=0.00 sys=0.00, real=0.00 secs] 
43.881: [GC (Allocation Failure) [PSYoungGen: 55289K->1024K(58368K)] 389113K->355328K(517120K), 0.0017198 secs] [Times: user=0.00 sys=0.00, real=0.00 secs] 
44.208: [GC (Allocation Failure) [PSYoungGen: 32756K->1024K(58368K)] 438260K->406528K(517120K), 0.0012643 secs] [Times: user=0.00 sys=0.00, real=0.00 secs] 
44.210: [GC (Allocation Failure) [PSYoungGen: 1024K->1024K(58368K)] 406528K->406528K(517120K), 0.0010520 secs] [Times: user=0.00 sys=0.00, real=0.00 secs] 
44.211: [Full GC (Allocation Failure) [PSYoungGen: 1024K->0K(58368K)] [ParOldGen: 405504K->62993K(458752K)] 406528K->62993K(517120K), [Metaspace: 2795K->2795K(1056768K)], 0.0059541 secs] [Times: user=0.00 sys=0.00, real=0.01 secs] 
45.319: [GC (Allocation Failure) [PSYoungGen: 44024K->5120K(58368K)] 209417K->180753K(517120K), 0.0015430 secs] [Times: user=0.00 sys=0.00, real=0.00 secs] 
46.738: [GC (Allocation Failure) [PSYoungGen: 49147K->5120K(58368K)] 378380K->334353K(517120K), 0.0008899 secs] [Times: user=0.00 sys=0.00, real=0.00 secs] 
47.065: [GC (Allocation Failure) [PSYoungGen: 36860K->0K(58368K)] 417294K->400913K(517120K), 0.0022451 secs] [Times: user=0.00 sys=0.00, real=0.00 secs] 
47.068: [GC (Allocation Failure) [PSYoungGen: 0K->0K(58368K)] 400913K->400913K(517120K), 0.0007863 secs] [Times: user=0.00 sys=0.00, real=0.00 secs] 
47.068: [Full GC (Allocation Failure) [PSYoungGen: 0K->0K(58368K)] [ParOldGen: 400913K->72209K(458752K)] 400913K->72209K(517120K), [Metaspace: 2795K->2795K(1056768K)], 0.0061517 secs] [Times: user=0.00 sys=0.00, real=0.01 secs] 
48.170: [GC (Allocation Failure) [PSYoungGen: 44030K->5120K(58368K)] 218639K->189969K(517120K), 0.0013727 secs] [Times: user=0.00 sys=0.00, real=0.00 secs] 
49.157: [GC (Allocation Failure) [PSYoungGen: 54270K->5120K(58368K)] 392720K->348689K(517120K), 0.0012475 secs] [Times: user=0.00 sys=0.00, real=0.00 secs] 
49.703: [GC (Allocation Failure) [PSYoungGen: 41983K->5120K(58368K)] 385552K->358929K(517120K), 0.0016184 secs] [Times: user=0.00 sys=0.00, real=0.00 secs] 
49.922: [GC (Allocation Failure) [PSYoungGen: 26613K->5120K(58368K)] 431622K->410129K(517120K), 0.0009676 secs] [Times: user=0.00 sys=0.00, real=0.00 secs] 
49.923: [GC (Allocation Failure) [PSYoungGen: 5120K->5120K(58368K)] 410129K->410129K(517120K), 0.0008109 secs] [Times: user=0.00 sys=0.00, real=0.00 secs] 
49.923: [Full GC (Allocation Failure) [PSYoungGen: 5120K->0K(58368K)] [ParOldGen: 405009K->133649K(458752K)] 410129K->133649K(517120K), [Metaspace: 2795K->2795K(1056768K)], 0.0101699 secs] [Times: user=0.00 sys=0.00, real=0.01 secs] 
51.137: [GC (Allocation Failure) [PSYoungGen: 36853K->5120K(58368K)] 272902K->251409K(517120K), 0.0014824 secs] [Times: user=0.00 sys=0.00, real=0.00 secs] 
52.228: [GC (Allocation Failure) [PSYoungGen: 54265K->6144K(58368K)] 454154K->411153K(517120K), 0.0012406 secs] [Times: user=0.00 sys=0.00, real=0.00 secs] 
52.788: [Full GC (Ergonomics) [PSYoungGen: 53243K->0K(58368K)] [ParOldGen: 456209K->62993K(458752K)] 509453K->62993K(517120K), [Metaspace: 2795K->2795K(1056768K)], 0.0059432 secs] [Times: user=0.00 sys=0.00, real=0.00 secs] 
54.646: [GC (Allocation Failure) [PSYoungGen: 50173K->5120K(58368K)] 215566K->175633K(517120K), 0.0009011 secs] [Times: user=0.00 sys=0.00, real=0.00 secs] 
55.406: [GC (Allocation Failure) [PSYoungGen: 52222K->5120K(58368K)] 222735K->196113K(517120K), 0.0017661 secs] [Times: user=0.00 sys=0.00, real=0.00 secs] 
56.496: [GC (Allocation Failure) [PSYoungGen: 54263K->5120K(58368K)] 398856K->359953K(517120K), 0.0014358 secs] [Times: user=0.00 sys=0.00, real=0.00 secs] 
57.038: [GC (Allocation Failure) [PSYoungGen: 52218K->0K(58368K)] 458251K->426513K(517120K), 0.0020624 secs] [Times: user=0.00 sys=0.00, real=0.00 secs] 
57.040: [Full GC (Ergonomics) [PSYoungGen: 0K->0K(58368K)] [ParOldGen: 426513K->92689K(458752K)] 426513K->92689K(517120K), [Metaspace: 2796K->2796K(1056768K)], 0.0076148 secs] [Times: user=0.00 sys=0.00, real=0.01 secs] 
59.025: [GC (Allocation Failure) [PSYoungGen: 51196K->5120K(58368K)] 399885K->353809K(517120K), 0.0008183 secs] [Times: user=0.00 sys=0.00, real=0.00 secs] 
59.684: [GC (Allocation Failure) [PSYoungGen: 47101K->5120K(58368K)] 395791K->364049K(517120K), 0.0013928 secs] [Times: user=0.00 sys=0.00, real=0.00 secs] 
59.901: [GC (Allocation Failure) [PSYoungGen: 26613K->5120K(58368K)] 436743K->415249K(517120K), 0.0008442 secs] [Times: user=0.00 sys=0.00, real=0.00 secs] 
59.902: [GC (Allocation Failure) [PSYoungGen: 5120K->5120K(58368K)] 415249K->415249K(517120K), 0.0009610 secs] [Times: user=0.00 sys=0.00, real=0.00 secs] 
59.903: [Full GC (Allocation Failure) [PSYoungGen: 5120K->0K(58368K)] [ParOldGen: 410129K->108049K(458752K)] 415249K->108049K(517120K), [Metaspace: 2796K->2796K(1056768K)], 0.0083671 secs] [Times: user=0.00 sys=0.00, real=0.01 secs] 
61.006: [GC (Allocation Failure) [PSYoungGen: 44021K->5120K(58368K)] 254471K->225809K(517120K), 0.0015123 secs] [Times: user=0.00 sys=0.00, real=0.00 secs] 
62.311: [GC (Allocation Failure) [PSYoungGen: 48121K->5120K(58368K)] 422410K->384529K(517120K), 0.0010284 secs] [Times: user=0.00 sys=0.00, real=0.00 secs] 
62.746: [Full GC (Ergonomics) [PSYoungGen: 47099K->0K(58368K)] [ParOldGen: 430609K->56849K(458752K)] 477709K->56849K(517120K), [Metaspace: 2796K->2796K(1056768K)], 0.0053306 secs] [Times: user=0.00 sys=0.00, real=0.00 secs] 
63.842: [GC (Allocation Failure) [PSYoungGen: 44029K->1024K(58368K)] 203278K->180753K(517120K), 0.0012956 secs] [Times: user=0.00 sys=0.00, real=0.00 secs] 
64.831: [GC (Allocation Failure) [PSYoungGen: 50174K->6144K(58368K)] 383503K->344593K(517120K), 0.0012495 secs] [Times: user=0.00 sys=0.00, real=0.00 secs] 
66.141: [GC (Allocation Failure) [PSYoungGen: 53246K->5120K(58368K)] 391696K->348689K(517120K), 0.0008383 secs] [Times: user=0.00 sys=0.00, real=0.00 secs] 
66.796: [GC (Allocation Failure) [PSYoungGen: 47095K->0K(58368K)] 390665K->353809K(517120K), 0.0013344 secs] [Times: user=0.00 sys=0.00, real=0.00 secs] 
67.015: [GC (Allocation Failure) [PSYoungGen: 21489K->0K(58368K)] 426499K->425489K(517120K), 0.0021787 secs] [Times: user=0.00 sys=0.00, real=0.00 secs] 
67.017: [Full GC (Ergonomics) [PSYoungGen: 0K->0K(58368K)] [ParOldGen: 425489K->77329K(458752K)] 425489K->77329K(517120K), [Metaspace: 2796K->2796K(1056768K)], 0.0067300 secs] [Times: user=0.00 sys=0.00, real=0.01 secs] 
68.124: [GC (Allocation Failure) [PSYoungGen: 44017K->5120K(58368K)] 223747K->195089K(517120K), 0.0012955 secs] [Times: user=0.00 sys=0.00, real=0.00 secs] 
69.106: [GC (Allocation Failure) [PSYoungGen: 54262K->5120K(58368K)] 397832K->353809K(517120K), 0.0011706 secs] [Times: user=0.00 sys=0.00, real=0.00 secs] 
69.870: [GC (Allocation Failure) [PSYoungGen: 11258K->0K(58368K)] 411147K->399889K(517120K), 0.0007495 secs] [Times: user=0.00 sys=0.00, real=0.00 secs] 
69.871: [GC (Allocation Failure) [PSYoungGen: 0K->0K(58368K)] 399889K->399889K(517120K), 0.0007954 secs] [Times: user=0.00 sys=0.00, real=0.00 secs] 
69.872: [Full GC (Allocation Failure) [PSYoungGen: 0K->0K(58368K)] [ParOldGen: 399889K->51729K(458752K)] 399889K->51729K(517120K), [Metaspace: 2796K->2796K(1056768K)], 0.0049504 secs] [Times: user=0.00 sys=0.00, real=0.01 secs] 
70.975: [GC (Allocation Failure) [PSYoungGen: 44026K->5120K(58368K)] 198155K->169489K(517120K), 0.0015483 secs] [Times: user=0.00 sys=0.00, real=0.00 secs] 
71.960: [GC (Allocation Failure) [PSYoungGen: 54268K->6144K(58368K)] 372237K->329233K(517120K), 0.0011129 secs] [Times: user=0.02 sys=0.00, real=0.00 secs] 
72.509: [GC (Allocation Failure) [PSYoungGen: 43005K->6144K(58368K)] 366094K->339473K(517120K), 0.0017372 secs] [Times: user=0.00 sys=0.00, real=0.00 secs] 
72.727: [GC (Allocation Failure) [PSYoungGen: 27636K->6144K(58368K)] 412165K->390673K(517120K), 0.0008317 secs] [Times: user=0.00 sys=0.00, real=0.00 secs] 
72.728: [GC (Allocation Failure) [PSYoungGen: 6144K->6144K(58368K)] 390673K->390673K(517120K), 0.0007080 secs] [Times: user=0.00 sys=0.00, real=0.00 secs] 
72.728: [Full GC (Allocation Failure) [PSYoungGen: 6144K->0K(58368K)] [ParOldGen: 384529K->165393K(458752K)] 390673K->165393K(517120K), [Metaspace: 2796K->2796K(1056768K)], 0.0129051 secs] [Times: user=0.00 sys=0.00, real=0.01 secs] 
74.492: [Full GC (Ergonomics) [PSYoungGen: 51188K->0K(58368K)] [ParOldGen: 421393K->12288K(458752K)] 472582K->12288K(517120K), [Metaspace: 2796K->2796K(1056768K)], 0.0024910 secs] [Times: user=0.00 sys=0.00, real=0.00 secs] 
75.258: [GC (Allocation Failure) [PSYoungGen: 41976K->5120K(58368K)] 54264K->27648K(517120K), 0.0014311 secs] [Times: user=0.00 sys=0.00, real=0.00 secs] 
76.242: [GC (Allocation Failure) [PSYoungGen: 54258K->5120K(58368K)] 230386K->201728K(517120K), 0.0022225 secs] [Times: user=0.00 sys=0.00, real=0.00 secs] 
76.787: [GC (Allocation Failure) [PSYoungGen: 41975K->0K(58368K)] 238583K->206848K(517120K), 0.0012646 secs] [Times: user=0.00 sys=0.00, real=0.00 secs] 
77.988: [GC (Allocation Failure) [PSYoungGen: 47088K->5120K(58368K)] 253936K->217088K(517120K), 0.0011266 secs] [Times: user=0.00 sys=0.00, real=0.00 secs] 
78.863: [GC (Allocation Failure) [PSYoungGen: 54254K->5120K(58368K)] 419822K->370688K(517120K), 0.0010379 secs] [Times: user=0.00 sys=0.00, real=0.00 secs] 
79.625: [GC (Allocation Failure) [PSYoungGen: 52212K->5120K(58368K)] 417780K->380928K(517120K), 0.0015764 secs] [Times: user=0.00 sys=0.00, real=0.00 secs] 
79.843: [GC (Allocation Failure) [PSYoungGen: 26608K->5120K(58368K)] 453617K->432128K(517120K), 0.0011717 secs] [Times: user=0.00 sys=0.00, real=0.00 secs] 
79.844: [Full GC (Ergonomics) [PSYoungGen: 5120K->0K(58368K)] [ParOldGen: 427008K->113169K(458752K)] 432128K->113169K(517120K), [Metaspace: 2796K->2796K(1056768K)], 0.0086671 secs] [Times: user=0.00 sys=0.00, real=0.01 secs] 
82.042: [GC (Allocation Failure) [PSYoungGen: 51185K->6144K(58368K)] 369154K->324113K(517120K), 0.0009047 secs] [Times: user=0.00 sys=0.00, real=0.00 secs] 
82.476: [GC (Allocation Failure) [PSYoungGen: 37878K->6144K(58368K)] 355847K->334353K(517120K), 0.0016498 secs] [Times: user=0.00 sys=0.00, real=0.00 secs] 
82.694: [GC (Allocation Failure) [PSYoungGen: 27630K->6144K(58368K)] 407039K->385553K(517120K), 0.0009630 secs] [Times: user=0.00 sys=0.00, real=0.00 secs] 
82.695: [GC (Allocation Failure) [PSYoungGen: 6144K->6144K(58368K)] 385553K->385553K(517120K), 0.0007808 secs] [Times: user=0.00 sys=0.00, real=0.00 secs] 
82.696: [Full GC (Allocation Failure) [PSYoungGen: 6144K->0K(58368K)] [ParOldGen: 379409K->57873K(458752K)] 385553K->57873K(517120K), [Metaspace: 2796K->2796K(1056768K)], 0.0052349 secs] [Times: user=0.00 sys=0.00, real=0.00 secs] 
83.783: [GC (Allocation Failure) [PSYoungGen: 44014K->1024K(58368K)] 204287K->181777K(517120K), 0.0015326 secs] [Times: user=0.00 sys=0.00, real=0.00 secs] 
85.209: [GC (Allocation Failure) [PSYoungGen: 50164K->0K(58368K)] 384518K->344593K(517120K), 0.0011917 secs] [Times: user=0.00 sys=0.00, real=0.00 secs] 
85.533: [GC (Allocation Failure) [PSYoungGen: 31736K->0K(58368K)] 427530K->406033K(517120K), 0.0012989 secs] [Times: user=0.00 sys=0.00, real=0.00 secs] 
85.535: [GC (Allocation Failure) [PSYoungGen: 0K->0K(58368K)] 406033K->406033K(517120K), 0.0008263 secs] [Times: user=0.00 sys=0.00, real=0.00 secs] 
85.536: [Full GC (Allocation Failure) [PSYoungGen: 0K->0K(58368K)] [ParOldGen: 406033K->61969K(458752K)] 406033K->61969K(517120K), [Metaspace: 2796K->2796K(1056768K)], 0.0056326 secs] [Times: user=0.00 sys=0.00, real=0.01 secs] 
86.642: [GC (Allocation Failure) [PSYoungGen: 44027K->5120K(58368K)] 208396K->179729K(517120K), 0.0014781 secs] [Times: user=0.00 sys=0.00, real=0.00 secs] 
87.626: [GC (Allocation Failure) [PSYoungGen: 54268K->5120K(58368K)] 382478K->364049K(517120K), 0.0029003 secs] [Times: user=0.00 sys=0.00, real=0.00 secs] 
88.173: [GC (Allocation Failure) [PSYoungGen: 41982K->5120K(58368K)] 400911K->374289K(517120K), 0.0014957 secs] [Times: user=0.00 sys=0.00, real=0.00 secs] 
89.376: [Full GC (Ergonomics) [PSYoungGen: 47092K->0K(58368K)] [ParOldGen: 420369K->11264K(458752K)] 467462K->11264K(517120K), [Metaspace: 2796K->2796K(1056768K)], 0.0024610 secs] [Times: user=0.00 sys=0.00, real=0.00 secs] 
90.256: [GC (Allocation Failure) [PSYoungGen: 49144K->5120K(58368K)] 214008K->169984K(517120K), 0.0007751 secs] [Times: user=0.00 sys=0.00, real=0.00 secs] 
91.024: [GC (Allocation Failure) [PSYoungGen: 52219K->5120K(58368K)] 217083K->180224K(517120K), 0.0014664 secs] [Times: user=0.00 sys=0.00, real=0.00 secs] 
92.116: [GC (Allocation Failure) [PSYoungGen: 54261K->6144K(58368K)] 382965K->339968K(517120K), 0.0013105 secs] [Times: user=0.01 sys=0.00, real=0.00 secs] 
93.753: [GC (Allocation Failure) [PSYoungGen: 55289K->1024K(58368K)] 389113K->355328K(517120K), 0.0017456 secs] [Times: user=0.00 sys=0.00, real=0.00 secs] 
94.082: [GC (Allocation Failure) [PSYoungGen: 32756K->1024K(58368K)] 438260K->406528K(517120K), 0.0013112 secs] [Times: user=0.00 sys=0.00, real=0.00 secs] 
94.083: [GC (Allocation Failure) [PSYoungGen: 1024K->1024K(58368K)] 406528K->406528K(517120K), 0.0007781 secs] [Times: user=0.00 sys=0.00, real=0.00 secs] 
94.084: [Full GC (Allocation Failure) [PSYoungGen: 1024K->0K(58368K)] [ParOldGen: 405504K->62993K(458752K)] 406528K->62993K(517120K), [Metaspace: 2796K->2796K(1056768K)], 0.0059799 secs] [Times: user=0.02 sys=0.00, real=0.00 secs] 
95.188: [GC (Allocation Failure) [PSYoungGen: 44024K->5120K(58368K)] 209417K->180753K(517120K), 0.0015149 secs] [Times: user=0.00 sys=0.00, real=0.00 secs] 
96.605: [GC (Allocation Failure) [PSYoungGen: 49147K->5120K(58368K)] 378380K->334353K(517120K), 0.0008801 secs] [Times: user=0.00 sys=0.00, real=0.00 secs] 
96.934: [GC (Allocation Failure) [PSYoungGen: 36860K->0K(58368K)] 417294K->400913K(517120K), 0.0024168 secs] [Times: user=0.00 sys=0.00, real=0.00 secs] 
96.937: [GC (Allocation Failure) [PSYoungGen: 0K->0K(58368K)] 400913K->400913K(517120K), 0.0008846 secs] [Times: user=0.00 sys=0.00, real=0.00 secs] 
96.938: [Full GC (Allocation Failure) [PSYoungGen: 0K->0K(58368K)] [ParOldGen: 400913K->72209K(458752K)] 400913K->72209K(517120K), [Metaspace: 2796K->2796K(1056768K)], 0.0064175 secs] [Times: user=0.00 sys=0.00, real=0.01 secs] 
98.041: [GC (Allocation Failure) [PSYoungGen: 44030K->5120K(58368K)] 218639K->189969K(517120K), 0.0016032 secs] [Times: user=0.00 sys=0.00, real=0.00 secs] 
99.026: [GC (Allocation Failure) [PSYoungGen: 54270K->5120K(58368K)] 392720K->348689K(517120K), 0.0012407 secs] [Times: user=0.00 sys=0.00, real=0.00 secs] 
99.572: [GC (Allocation Failure) [PSYoungGen: 41983K->5120K(58368K)] 385552K->358929K(517120K), 0.0015590 secs] [Times: user=0.00 sys=0.00, real=0.00 secs] 
99.789: [GC (Allocation Failure) [PSYoungGen: 26613K->5120K(58368K)] 431622K->410129K(517120K), 0.0012558 secs] [Times: user=0.00 sys=0.00, real=0.00 secs] 
99.791: [GC (Allocation Failure) [PSYoungGen: 5120K->5120K(58368K)] 410129K->410129K(517120K), 0.0009383 secs] [Times: user=0.00 sys=0.00, real=0.00 secs] 
99.792: [Full GC (Allocation Failure) [PSYoungGen: 5120K->0K(58368K)] [ParOldGen: 405009K->133649K(458752K)] 410129K->133649K(517120K), [Metaspace: 2796K->2796K(1056768K)], 0.0104737 secs] [Times: user=0.00 sys=0.00, real=0.01 secs] 
101.009: [GC (Allocation Failure) [PSYoungGen: 36853K->5120K(58368K)] 272902K->251409K(517120K), 0.0014127 secs] [Times: user=0.00 sys=0.00, real=0.00 secs] 
102.100: [GC (Allocation Failure) [PSYoungGen: 54265K->6144K(58368K)] 454154K->411153K(517120K), 0.0010727 secs] [Times: user=0.00 sys=0.00, real=0.00 secs] 
102.646: [Full GC (Ergonomics) [PSYoungGen: 53243K->0K(58368K)] [ParOldGen: 456209K->62993K(458752K)] 509453K->62993K(517120K), [Metaspace: 2796K->2796K(1056768K)], 0.0059193 secs] [Times: user=0.00 sys=0.00, real=0.00 secs] 
104.514: [GC (Allocation Failure) [PSYoungGen: 50173K->5120K(58368K)] 215566K->175633K(517120K), 0.0007673 secs] [Times: user=0.00 sys=0.00, real=0.00 secs] 
105.280: [GC (Allocation Failure) [PSYoungGen: 52222K->0K(58368K)] 222735K->190993K(517120K), 0.0014498 secs] [Times: user=0.00 sys=0.00, real=0.00 secs] 
106.369: [GC (Allocation Failure) [PSYoungGen: 49143K->5120K(58368K)] 393736K->354833K(517120K), 0.0011142 secs] [Times: user=0.00 sys=0.00, real=0.00 secs] 
106.918: [GC (Allocation Failure) [PSYoungGen: 52218K->0K(58368K)] 453131K->421393K(517120K), 0.0022219 secs] [Times: user=0.00 sys=0.00, real=0.00 secs] 
106.920: [Full GC (Ergonomics) [PSYoungGen: 0K->0K(58368K)] [ParOldGen: 421393K->92689K(458752K)] 421393K->92689K(517120K), [Metaspace: 2796K->2796K(1056768K)], 0.0076121 secs] [Times: user=0.00 sys=0.00, real=0.01 secs] 
108.900: [GC (Allocation Failure) [PSYoungGen: 51196K->5120K(58368K)] 399885K->353809K(517120K), 0.0010105 secs] [Times: user=0.00 sys=0.00, real=0.00 secs] 
109.560: [GC (Allocation Failure) [PSYoungGen: 47101K->5120K(58368K)] 395791K->364049K(517120K), 0.0016538 secs] [Times: user=0.00 sys=0.00, real=0.00 secs] 
109.777: [GC (Allocation Failure) [PSYoungGen: 26613K->5120K(58368K)] 436743K->415249K(517120K), 0.0010343 secs] [Times: user=0.00 sys=0.00, real=0.00 secs] 
109.778: [GC (Allocation Failure) [PSYoungGen: 5120K->5120K(58368K)] 415249K->415249K(517120K), 0.0007861 secs] [Times: user=0.00 sys=0.00, real=0.00 secs] 
109.778: [Full GC (Allocation Failure) [PSYoungGen: 5120K->0K(58368K)] [ParOldGen: 410129K->108049K(458752K)] 415249K->108049K(517120K), [Metaspace: 2796K->2796K(1056768K)], 0.0082431 secs] [Times: user=0.00 sys=0.00, real=0.01 secs] 
110.883: [GC (Allocation Failure) [PSYoungGen: 44021K->5120K(58368K)] 254471K->225809K(517120K), 0.0013799 secs] [Times: user=0.00 sys=0.00, real=0.00 secs] 
112.191: [GC (Allocation Failure) [PSYoungGen: 48121K->5120K(58368K)] 422410K->384529K(517120K), 0.0012146 secs] [Times: user=0.00 sys=0.00, real=0.00 secs] 
112.626: [Full GC (Ergonomics) [PSYoungGen: 47099K->0K(58368K)] [ParOldGen: 430609K->56849K(458752K)] 477709K->56849K(517120K), [Metaspace: 2796K->2796K(1056768K)], 0.0056137 secs] [Times: user=0.00 sys=0.00, real=0.00 secs] 
113.736: [GC (Allocation Failure) [PSYoungGen: 44029K->1024K(58368K)] 203278K->180753K(517120K), 0.0013421 secs] [Times: user=0.00 sys=0.00, real=0.00 secs] 
114.716: [GC (Allocation Failure) [PSYoungGen: 50174K->6144K(58368K)] 383503K->344593K(517120K), 0.0011271 secs] [Times: user=0.00 sys=0.00, real=0.00 secs] 
116.026: [GC (Allocation Failure) [PSYoungGen: 53246K->5120K(58368K)] 391696K->348689K(517120K), 0.0009320 secs] [Times: user=0.00 sys=0.00, real=0.00 secs] 
116.684: [GC (Allocation Failure) [PSYoungGen: 47095K->0K(58368K)] 390665K->353809K(517120K), 0.0013715 secs] [Times: user=0.00 sys=0.00, real=0.00 secs] 
116.904: [GC (Allocation Failure) [PSYoungGen: 21489K->0K(58368K)] 426499K->425489K(517120K), 0.0022404 secs] [Times: user=0.00 sys=0.00, real=0.00 secs] 
116.906: [Full GC (Ergonomics) [PSYoungGen: 0K->0K(58368K)] [ParOldGen: 425489K->77329K(458752K)] 425489K->77329K(517120K), [Metaspace: 2796K->2796K(1056768K)], 0.0067434 secs] [Times: user=0.00 sys=0.00, real=0.01 secs] 
118.011: [GC (Allocation Failure) [PSYoungGen: 44017K->5120K(58368K)] 223747K->195089K(517120K), 0.0015636 secs] [Times: user=0.00 sys=0.00, real=0.00 secs] 
118.993: [GC (Allocation Failure) [PSYoungGen: 54262K->5120K(58368K)] 397832K->353809K(517120K), 0.0010803 secs] [Times: user=0.00 sys=0.00, real=0.00 secs] 
119.760: [GC (Allocation Failure) [PSYoungGen: 11258K->0K(58368K)] 411147K->399889K(517120K), 0.0008298 secs] [Times: user=0.00 sys=0.00, real=0.00 secs] 
119.761: [GC (Allocation Failure) [PSYoungGen: 0K->0K(58368K)] 399889K->399889K(517120K), 0.0008510 secs] [Times: user=0.00 sys=0.00, real=0.00 secs] 
119.762: [Full GC (Allocation Failure) [PSYoungGen: 0K->0K(58368K)] [ParOldGen: 399889K->51729K(458752K)] 399889K->51729K(517120K), [Metaspace: 2796K->2796K(1056768K)], 0.0047957 secs] [Times: user=0.00 sys=0.00, real=0.00 secs] 
120.868: [GC (Allocation Failure) [PSYoungGen: 44026K->5120K(58368K)] 198155K->169489K(517120K), 0.0014402 secs] [Times: user=0.00 sys=0.00, real=0.00 secs] 
121.854: [GC (Allocation Failure) [PSYoungGen: 54268K->6144K(58368K)] 372237K->329233K(517120K), 0.0010957 secs] [Times: user=0.00 sys=0.00, real=0.00 secs] 
122.402: [GC (Allocation Failure) [PSYoungGen: 43005K->6144K(58368K)] 366094K->339473K(517120K), 0.0014964 secs] [Times: user=0.00 sys=0.00, real=0.00 secs] 
122.620: [GC (Allocation Failure) [PSYoungGen: 27636K->6144K(58368K)] 412165K->390673K(517120K), 0.0009351 secs] [Times: user=0.00 sys=0.00, real=0.00 secs] 
122.621: [GC (Allocation Failure) [PSYoungGen: 6144K->6144K(58368K)] 390673K->390673K(517120K), 0.0010108 secs] [Times: user=0.00 sys=0.00, real=0.00 secs] 
122.622: [Full GC (Allocation Failure) [PSYoungGen: 6144K->0K(58368K)] [ParOldGen: 384529K->165393K(458752K)] 390673K->165393K(517120K), [Metaspace: 2796K->2796K(1056768K)], 0.0119788 secs] [Times: user=0.00 sys=0.00, real=0.01 secs] 
124.383: [Full GC (Ergonomics) [PSYoungGen: 51188K->0K(58368K)] [ParOldGen: 421393K->12288K(458752K)] 472582K->12288K(517120K), [Metaspace: 2796K->2796K(1056768K)], 0.0025981 secs] [Times: user=0.00 sys=0.00, real=0.00 secs] 
125.146: [GC (Allocation Failure) [PSYoungGen: 41976K->5120K(58368K)] 54264K->27648K(517120K), 0.0014557 secs] [Times: user=0.00 sys=0.00, real=0.00 secs] 
126.127: [GC (Allocation Failure) [PSYoungGen: 54258K->5120K(58368K)] 230386K->201728K(517120K), 0.0021115 secs] [Times: user=0.00 sys=0.00, real=0.00 secs] 
126.675: [GC (Allocation Failure) [PSYoungGen: 41975K->5120K(58368K)] 238583K->211968K(517120K), 0.0016952 secs] [Times: user=0.00 sys=0.00, real=0.00 secs] 
127.875: [GC (Allocation Failure) [PSYoungGen: 52208K->5120K(58368K)] 259056K->217088K(517120K), 0.0012411 secs] [Times: user=0.00 sys=0.00, real=0.00 secs] 
128.750: [GC (Allocation Failure) [PSYoungGen: 54254K->5120K(58368K)] 419822K->375808K(517120K), 0.0013226 secs] [Times: user=0.00 sys=0.00, real=0.00 secs] 
129.512: [GC (Allocation Failure) [PSYoungGen: 52212K->5120K(58368K)] 422900K->386048K(517120K), 0.0017889 secs] [Times: user=0.00 sys=0.00, real=0.00 secs] 
129.731: [GC (Allocation Failure) [PSYoungGen: 26608K->5120K(58368K)] 458737K->437248K(517120K), 0.0015147 secs] [Times: user=0.00 sys=0.00, real=0.00 secs] 
129.733: [Full GC (Ergonomics) [PSYoungGen: 5120K->0K(58368K)] [ParOldGen: 432128K->113169K(458752K)] 437248K->113169K(517120K), [Metaspace: 2796K->2796K(1056768K)], 0.0087473 secs] [Times: user=0.00 sys=0.00, real=0.01 secs] 
131.929: [GC (Allocation Failure) [PSYoungGen: 51185K->6144K(58368K)] 369154K->324113K(517120K), 0.0009436 secs] [Times: user=0.00 sys=0.00, real=0.00 secs] 
132.365: [GC (Allocation Failure) [PSYoungGen: 37878K->6144K(58368K)] 355847K->334353K(517120K), 0.0014403 secs] [Times: user=0.00 sys=0.00, real=0.00 secs] 
132.583: [GC (Allocation Failure) [PSYoungGen: 27630K->6144K(58368K)] 407039K->385553K(517120K), 0.0009392 secs] [Times: user=0.00 sys=0.00, real=0.00 secs] 
132.584: [GC (Allocation Failure) [PSYoungGen: 6144K->6144K(58368K)] 385553K->385553K(517120K), 0.0010279 secs] [Times: user=0.00 sys=0.00, real=0.00 secs] 
132.585: [Full GC (Allocation Failure) [PSYoungGen: 6144K->0K(58368K)] [ParOldGen: 379409K->57873K(458752K)] 385553K->57873K(517120K), [Metaspace: 2796K->2796K(1056768K)], 0.0050408 secs] [Times: user=0.00 sys=0.00, real=0.01 secs] 
133.690: [GC (Allocation Failure) [PSYoungGen: 44014K->1024K(58368K)] 204287K->181777K(517120K), 0.0015702 secs] [Times: user=0.00 sys=0.00, real=0.00 secs] 
135.110: [GC (Allocation Failure) [PSYoungGen: 50164K->0K(58368K)] 384518K->344593K(517120K), 0.0016082 secs] [Times: user=0.00 sys=0.00, real=0.00 secs] 
135.437: [GC (Allocation Failure) [PSYoungGen: 31736K->0K(58368K)] 427530K->406033K(517120K), 0.0010897 secs] [Times: user=0.00 sys=0.00, real=0.00 secs] 
135.438: [GC (Allocation Failure) [PSYoungGen: 0K->0K(58368K)] 406033K->406033K(517120K), 0.0007269 secs] [Times: user=0.00 sys=0.00, real=0.00 secs] 
135.439: [Full GC (Allocation Failure) [PSYoungGen: 0K->0K(58368K)] [ParOldGen: 406033K->61969K(458752K)] 406033K->61969K(517120K), [Metaspace: 2796K->2796K(1056768K)], 0.0053968 secs] [Times: user=0.00 sys=0.00, real=0.00 secs] 
136.544: [GC (Allocation Failure) [PSYoungGen: 44027K->5120K(58368K)] 208396K->179729K(517120K), 0.0016369 secs] [Times: user=0.00 sys=0.00, real=0.00 secs] 
137.528: [GC (Allocation Failure) [PSYoungGen: 54268K->5120K(58368K)] 382478K->364049K(517120K), 0.0029253 secs] [Times: user=0.00 sys=0.00, real=0.00 secs] 
138.074: [GC (Allocation Failure) [PSYoungGen: 41982K->5120K(58368K)] 400911K->374289K(517120K), 0.0016729 secs] [Times: user=0.00 sys=0.00, real=0.00 secs] 
139.274: [Full GC (Ergonomics) [PSYoungGen: 47092K->0K(58368K)] [ParOldGen: 420369K->11264K(458752K)] 467462K->11264K(517120K), [Metaspace: 2796K->2796K(1056768K)], 0.0025914 secs] [Times: user=0.00 sys=0.00, real=0.00 secs] 
140.147: [GC (Allocation Failure) [PSYoungGen: 49144K->5120K(58368K)] 214008K->169984K(517120K), 0.0009286 secs] [Times: user=0.00 sys=0.00, real=0.00 secs] 
140.914: [GC (Allocation Failure) [PSYoungGen: 52219K->5120K(58368K)] 217083K->180224K(517120K), 0.0015440 secs] [Times: user=0.00 sys=0.00, real=0.00 secs] 
142.004: [GC (Allocation Failure) [PSYoungGen: 54261K->6144K(58368K)] 382965K->339968K(517120K), 0.0012907 secs] [Times: user=0.00 sys=0.00, real=0.00 secs] 
143.637: [GC (Allocation Failure) [PSYoungGen: 55289K->1024K(58368K)] 389113K->355328K(517120K), 0.0018735 secs] [Times: user=0.00 sys=0.00, real=0.00 secs] 
143.965: [GC (Allocation Failure) [PSYoungGen: 32756K->1024K(58368K)] 438260K->406528K(517120K), 0.0012100 secs] [Times: user=0.00 sys=0.00, real=0.00 secs] 
143.967: [GC (Allocation Failure) [PSYoungGen: 1024K->1024K(58368K)] 406528K->406528K(517120K), 0.0012859 secs] [Times: user=0.00 sys=0.00, real=0.00 secs] 
143.968: [Full GC (Allocation Failure) [PSYoungGen: 1024K->0K(58368K)] [ParOldGen: 405504K->62993K(458752K)] 406528K->62993K(517120K), [Metaspace: 2796K->2796K(1056768K)], 0.0061300 secs] [Times: user=0.00 sys=0.00, real=0.01 secs] 
145.074: [GC (Allocation Failure) [PSYoungGen: 44024K->5120K(58368K)] 209417K->180753K(517120K), 0.0014055 secs] [Times: user=0.00 sys=0.00, real=0.00 secs] 
146.494: [GC (Allocation Failure) [PSYoungGen: 49147K->5120K(58368K)] 378380K->334353K(517120K), 0.0009100 secs] [Times: user=0.00 sys=0.00, real=0.00 secs] 
146.820: [GC (Allocation Failure) [PSYoungGen: 36860K->0K(58368K)] 417294K->400913K(517120K), 0.0022887 secs] [Times: user=0.00 sys=0.00, real=0.00 secs] 
146.822: [GC (Allocation Failure) [PSYoungGen: 0K->0K(58368K)] 400913K->400913K(517120K), 0.0009850 secs] [Times: user=0.00 sys=0.00, real=0.00 secs] 
146.823: [Full GC (Allocation Failure) [PSYoungGen: 0K->0K(58368K)] [ParOldGen: 400913K->72209K(458752K)] 400913K->72209K(517120K), [Metaspace: 2796K->2796K(1056768K)], 0.0062217 secs] [Times: user=0.00 sys=0.00, real=0.01 secs] 
147.930: [GC (Allocation Failure) [PSYoungGen: 44030K->5120K(58368K)] 218639K->189969K(517120K), 0.0015724 secs] [Times: user=0.00 sys=0.00, real=0.00 secs] 
148.913: [GC (Allocation Failure) [PSYoungGen: 54270K->5120K(58368K)] 392720K->348689K(517120K), 0.0009728 secs] [Times: user=0.00 sys=0.00, real=0.00 secs] 
149.461: [GC (Allocation Failure) [PSYoungGen: 41983K->5120K(58368K)] 385552K->358929K(517120K), 0.0014967 secs] [Times: user=0.02 sys=0.00, real=0.00 secs] 
149.679: [GC (Allocation Failure) [PSYoungGen: 26613K->5120K(58368K)] 431622K->410129K(517120K), 0.0008009 secs] [Times: user=0.00 sys=0.00, real=0.00 secs] 
149.680: [GC (Allocation Failure) [PSYoungGen: 5120K->5120K(58368K)] 410129K->410129K(517120K), 0.0010571 secs] [Times: user=0.00 sys=0.00, real=0.00 secs] 
149.681: [Full GC (Allocation Failure) [PSYoungGen: 5120K->0K(58368K)] [ParOldGen: 405009K->133649K(458752K)] 410129K->133649K(517120K), [Metaspace: 2796K->2796K(1056768K)], 0.0100284 secs] [Times: user=0.00 sys=0.00, real=0.01 secs] 
150.898: [GC (Allocation Failure) [PSYoungGen: 36853K->5120K(58368K)] 272902K->251409K(517120K), 0.0015138 secs] [Times: user=0.00 sys=0.00, real=0.00 secs] 
151.986: [GC (Allocation Failure) [PSYoungGen: 54265K->6144K(58368K)] 454154K->411153K(517120K), 0.0014254 secs] [Times: user=0.00 sys=0.00, real=0.00 secs] 
152.534: [Full GC (Ergonomics) [PSYoungGen: 53243K->0K(58368K)] [ParOldGen: 456209K->62993K(458752K)] 509453K->62993K(517120K), [Metaspace: 2796K->2796K(1056768K)], 0.0059544 secs] [Times: user=0.00 sys=0.00, real=0.00 secs] 
154.396: [GC (Allocation Failure) [PSYoungGen: 50173K->5120K(58368K)] 215566K->175633K(517120K), 0.0009224 secs] [Times: user=0.00 sys=0.00, real=0.00 secs] 
155.160: [GC (Allocation Failure) [PSYoungGen: 52222K->0K(58368K)] 222735K->190993K(517120K), 0.0012444 secs] [Times: user=0.00 sys=0.00, real=0.00 secs] 
156.248: [GC (Allocation Failure) [PSYoungGen: 49143K->5120K(58368K)] 393736K->354833K(517120K), 0.0011467 secs] [Times: user=0.00 sys=0.00, real=0.00 secs] 
156.793: [GC (Allocation Failure) [PSYoungGen: 52218K->0K(58368K)] 453131K->421393K(517120K), 0.0021104 secs] [Times: user=0.00 sys=0.00, real=0.00 secs] 
156.795: [Full GC (Ergonomics) [PSYoungGen: 0K->0K(58368K)] [ParOldGen: 421393K->92689K(458752K)] 421393K->92689K(517120K), [Metaspace: 2796K->2796K(1056768K)], 0.0074079 secs] [Times: user=0.00 sys=0.00, real=0.01 secs] 
158.771: [GC (Allocation Failure) [PSYoungGen: 51196K->5120K(58368K)] 399885K->353809K(517120K), 0.0009248 secs] [Times: user=0.00 sys=0.00, real=0.00 secs] 
159.425: [GC (Allocation Failure) [PSYoungGen: 47101K->5120K(58368K)] 395791K->364049K(517120K), 0.0014404 secs] [Times: user=0.00 sys=0.00, real=0.00 secs] 
159.645: [GC (Allocation Failure) [PSYoungGen: 26613K->5120K(58368K)] 436743K->415249K(517120K), 0.0008198 secs] [Times: user=0.00 sys=0.00, real=0.00 secs] 
159.646: [GC (Allocation Failure) [PSYoungGen: 5120K->5120K(58368K)] 415249K->415249K(517120K), 0.0010937 secs] [Times: user=0.00 sys=0.00, real=0.00 secs] 
159.647: [Full GC (Allocation Failure) [PSYoungGen: 5120K->0K(58368K)] [ParOldGen: 410129K->108049K(458752K)] 415249K->108049K(517120K), [Metaspace: 2796K->2796K(1056768K)], 0.0083596 secs] [Times: user=0.00 sys=0.00, real=0.01 secs] 
160.753: [GC (Allocation Failure) [PSYoungGen: 44021K->5120K(58368K)] 254471K->225809K(517120K), 0.0015322 secs] [Times: user=0.00 sys=0.00, real=0.00 secs] 
162.060: [GC (Allocation Failure) [PSYoungGen: 48121K->5120K(58368K)] 422410K->384529K(517120K), 0.0010888 secs] [Times: user=0.00 sys=0.00, real=0.00 secs] 
162.498: [Full GC (Ergonomics) [PSYoungGen: 47099K->0K(58368K)] [ParOldGen: 430609K->56849K(458752K)] 477709K->56849K(517120K), [Metaspace: 2796K->2796K(1056768K)], 0.0055281 secs] [Times: user=0.00 sys=0.00, real=0.00 secs] 
163.592: [GC (Allocation Failure) [PSYoungGen: 44029K->1024K(58368K)] 203278K->180753K(517120K), 0.0013124 secs] [Times: user=0.00 sys=0.00, real=0.00 secs] 
164.575: [GC (Allocation Failure) [PSYoungGen: 50174K->6144K(58368K)] 383503K->344593K(517120K), 0.0012513 secs] [Times: user=0.00 sys=0.00, real=0.00 secs] 
165.886: [GC (Allocation Failure) [PSYoungGen: 53246K->5120K(58368K)] 391696K->348689K(517120K), 0.0009348 secs] [Times: user=0.00 sys=0.00, real=0.00 secs] 
166.541: [GC (Allocation Failure) [PSYoungGen: 47095K->0K(58368K)] 390665K->353809K(517120K), 0.0014435 secs] [Times: user=0.00 sys=0.00, real=0.00 secs] 
166.760: [GC (Allocation Failure) [PSYoungGen: 21489K->0K(58368K)] 426499K->425489K(517120K), 0.0023455 secs] [Times: user=0.00 sys=0.00, real=0.00 secs] 
166.762: [Full GC (Ergonomics) [PSYoungGen: 0K->0K(58368K)] [ParOldGen: 425489K->77329K(458752K)] 425489K->77329K(517120K), [Metaspace: 2796K->2796K(1056768K)], 0.0066217 secs] [Times: user=0.00 sys=0.00, real=0.01 secs] 
167.862: [GC (Allocation Failure) [PSYoungGen: 44017K->5120K(58368K)] 223747K->195089K(517120K), 0.0015004 secs] [Times: user=0.00 sys=0.00, real=0.00 secs] 
168.846: [GC (Allocation Failure) [PSYoungGen: 54262K->5120K(58368K)] 397832K->353809K(517120K), 0.0010960 secs] [Times: user=0.00 sys=0.00, real=0.00 secs] 
169.610: [GC (Allocation Failure) [PSYoungGen: 11258K->0K(58368K)] 411147K->399889K(517120K), 0.0008546 secs] [Times: user=0.00 sys=0.00, real=0.00 secs] 
169.611: [GC (Allocation Failure) [PSYoungGen: 0K->0K(58368K)] 399889K->399889K(517120K), 0.0008201 secs] [Times: user=0.00 sys=0.00, real=0.00 secs] 
169.612: [Full GC (Allocation Failure) [PSYoungGen: 0K->0K(58368K)] [ParOldGen: 399889K->51729K(458752K)] 399889K->51729K(517120K), [Metaspace: 2796K->2796K(1056768K)], 0.0045552 secs] [Times: user=0.00 sys=0.00, real=0.00 secs] 
170.721: [GC (Allocation Failure) [PSYoungGen: 44026K->5120K(58368K)] 198155K->169489K(517120K), 0.0013708 secs] [Times: user=0.00 sys=0.00, real=0.00 secs] 
171.706: [GC (Allocation Failure) [PSYoungGen: 54268K->6144K(58368K)] 372237K->329233K(517120K), 0.0011345 secs] [Times: user=0.00 sys=0.00, real=0.00 secs] 
172.250: [GC (Allocation Failure) [PSYoungGen: 43005K->6144K(58368K)] 366094K->339473K(517120K), 0.0015825 secs] [Times: user=0.00 sys=0.00, real=0.00 secs] 
172.468: [GC (Allocation Failure) [PSYoungGen: 27636K->6144K(58368K)] 412165K->390673K(517120K), 0.0008508 secs] [Times: user=0.00 sys=0.00, real=0.00 secs] 
172.469: [GC (Allocation Failure) [PSYoungGen: 6144K->6144K(58368K)] 390673K->390673K(517120K), 0.0009178 secs] [Times: user=0.00 sys=0.00, real=0.00 secs] 
172.470: [Full GC (Allocation Failure) [PSYoungGen: 6144K->0K(58368K)] [ParOldGen: 384529K->165393K(458752K)] 390673K->165393K(517120K), [Metaspace: 2796K->2796K(1056768K)], 0.0120203 secs] [Times: user=0.00 sys=0.00, real=0.01 secs] 
174.237: [Full GC (Ergonomics) [PSYoungGen: 51188K->0K(58368K)] [ParOldGen: 421393K->12288K(458752K)] 472582K->12288K(517120K), [Metaspace: 2796K->2796K(1056768K)], 0.0027185 secs] [Times: user=0.00 sys=0.00, real=0.00 secs] 
175.004: [GC (Allocation Failure) [PSYoungGen: 41976K->5120K(58368K)] 54264K->27648K(517120K), 0.0013648 secs] [Times: user=0.00 sys=0.00, real=0.00 secs] 
175.989: [GC (Allocation Failure) [PSYoungGen: 54258K->5120K(58368K)] 230386K->201728K(517120K), 0.0021672 secs] [Times: user=0.00 sys=0.00, real=0.00 secs] 
176.535: [GC (Allocation Failure) [PSYoungGen: 41975K->0K(58368K)] 238583K->206848K(517120K), 0.0012026 secs] [Times: user=0.00 sys=0.00, real=0.00 secs] 
177.735: [GC (Allocation Failure) [PSYoungGen: 47088K->5120K(58368K)] 253936K->217088K(517120K), 0.0011112 secs] [Times: user=0.00 sys=0.00, real=0.00 secs] 
178.609: [GC (Allocation Failure) [PSYoungGen: 54254K->5120K(58368K)] 419822K->370688K(517120K), 0.0011761 secs] [Times: user=0.00 sys=0.00, real=0.00 secs] 
179.372: [GC (Allocation Failure) [PSYoungGen: 52212K->5120K(58368K)] 417780K->380928K(517120K), 0.0017698 secs] [Times: user=0.00 sys=0.00, real=0.00 secs] 
179.591: [GC (Allocation Failure) [PSYoungGen: 26608K->5120K(58368K)] 453617K->432128K(517120K), 0.0012216 secs] [Times: user=0.00 sys=0.00, real=0.00 secs] 
179.593: [Full GC (Ergonomics) [PSYoungGen: 5120K->0K(58368K)] [ParOldGen: 427008K->113169K(458752K)] 432128K->113169K(517120K), [Metaspace: 2796K->2796K(1056768K)], 0.0098011 secs] [Times: user=0.00 sys=0.00, real=0.01 secs] 
181.788: [GC (Allocation Failure) [PSYoungGen: 51185K->6144K(58368K)] 369154K->324113K(517120K), 0.0009498 secs] [Times: user=0.00 sys=0.00, real=0.00 secs] 
182.226: [GC (Allocation Failure) [PSYoungGen: 37878K->6144K(58368K)] 355847K->334353K(517120K), 0.0016247 secs] [Times: user=0.02 sys=0.00, real=0.00 secs] 
182.446: [GC (Allocation Failure) [PSYoungGen: 27630K->6144K(58368K)] 407039K->385553K(517120K), 0.0009290 secs] [Times: user=0.00 sys=0.00, real=0.00 secs] 
182.447: [GC (Allocation Failure) [PSYoungGen: 6144K->6144K(58368K)] 385553K->385553K(517120K), 0.0007527 secs] [Times: user=0.00 sys=0.00, real=0.00 secs] 
182.447: [Full GC (Allocation Failure) [PSYoungGen: 6144K->0K(58368K)] [ParOldGen: 379409K->57873K(458752K)] 385553K->57873K(517120K), [Metaspace: 2796K->2796K(1056768K)], 0.0053023 secs] [Times: user=0.00 sys=0.00, real=0.01 secs] 
183.558: [GC (Allocation Failure) [PSYoungGen: 44014K->1024K(58368K)] 204287K->181777K(517120K), 0.0014716 secs] [Times: user=0.00 sys=0.00, real=0.00 secs] 
184.975: [GC (Allocation Failure) [PSYoungGen: 50164K->0K(58368K)] 384518K->344593K(517120K), 0.0013615 secs] [Times: user=0.00 sys=0.00, real=0.00 secs] 
185.305: [GC (Allocation Failure) [PSYoungGen: 31736K->0K(58368K)] 427530K->406033K(517120K), 0.0012674 secs] [Times: user=0.00 sys=0.00, real=0.00 secs] 
185.306: [GC (Allocation Failure) [PSYoungGen: 0K->0K(58368K)] 406033K->406033K(517120K), 0.0012022 secs] [Times: user=0.00 sys=0.00, real=0.00 secs] 
185.307: [Full GC (Allocation Failure) [PSYoungGen: 0K->0K(58368K)] [ParOldGen: 406033K->61969K(458752K)] 406033K->61969K(517120K), [Metaspace: 2796K->2796K(1056768K)], 0.0060145 secs] [Times: user=0.00 sys=0.00, real=0.01 secs] 
186.412: [GC (Allocation Failure) [PSYoungGen: 44027K->5120K(58368K)] 208396K->179729K(517120K), 0.0015150 secs] [Times: user=0.00 sys=0.00, real=0.00 secs] 
187.392: [GC (Allocation Failure) [PSYoungGen: 54268K->5120K(58368K)] 382478K->364049K(517120K), 0.0026904 secs] [Times: user=0.00 sys=0.00, real=0.00 secs] 
187.942: [GC (Allocation Failure) [PSYoungGen: 41982K->0K(58368K)] 400911K->369169K(517120K), 0.0013435 secs] [Times: user=0.00 sys=0.00, real=0.00 secs] 
189.144: [Full GC (Ergonomics) [PSYoungGen: 41972K->0K(58368K)] [ParOldGen: 420369K->11264K(458752K)] 462342K->11264K(517120K), [Metaspace: 2796K->2796K(1056768K)], 0.0022163 secs] [Times: user=0.00 sys=0.00, real=0.00 secs] 
190.020: [GC (Allocation Failure) [PSYoungGen: 49144K->5120K(58368K)] 214008K->169984K(517120K), 0.0008544 secs] [Times: user=0.00 sys=0.00, real=0.00 secs] 
190.784: [GC (Allocation Failure) [PSYoungGen: 52219K->5120K(58368K)] 217083K->180224K(517120K), 0.0016513 secs] [Times: user=0.00 sys=0.00, real=0.00 secs] 
191.872: [GC (Allocation Failure) [PSYoungGen: 54261K->6176K(58368K)] 382965K->340000K(517120K), 0.0013759 secs] [Times: user=0.00 sys=0.00, real=0.00 secs] 
193.512: [GC (Allocation Failure) [PSYoungGen: 55321K->1056K(58368K)] 389145K->355360K(517120K), 0.0017712 secs] [Times: user=0.00 sys=0.00, real=0.00 secs] 
193.839: [GC (Allocation Failure) [PSYoungGen: 32788K->1056K(58368K)] 438292K->406560K(517120K), 0.0012546 secs] [Times: user=0.00 sys=0.00, real=0.00 secs] 
193.840: [GC (Allocation Failure) [PSYoungGen: 1056K->1056K(58368K)] 406560K->406560K(517120K), 0.0012152 secs] [Times: user=0.00 sys=0.00, real=0.00 secs] 
193.841: [Full GC (Allocation Failure) [PSYoungGen: 1056K->0K(58368K)] [ParOldGen: 405504K->62993K(458752K)] 406560K->62993K(517120K), [Metaspace: 2796K->2796K(1056768K)], 0.0059854 secs] [Times: user=0.00 sys=0.00, real=0.01 secs] 
194.948: [GC (Allocation Failure) [PSYoungGen: 44024K->5184K(58368K)] 209417K->180817K(517120K), 0.0015452 secs] [Times: user=0.00 sys=0.00, real=0.00 secs] 
196.366: [GC (Allocation Failure) [PSYoungGen: 49211K->5216K(58368K)] 378444K->334449K(517120K), 0.0008743 secs] [Times: user=0.00 sys=0.00, real=0.00 secs] 
196.694: [GC (Allocation Failure) [PSYoungGen: 36956K->64K(58368K)] 417390K->400977K(517120K), 0.0020498 secs] [Times: user=0.00 sys=0.00, real=0.00 secs] 
196.696: [GC (Allocation Failure) [PSYoungGen: 64K->32K(58368K)] 400977K->400945K(517120K), 0.0008269 secs] [Times: user=0.00 sys=0.00, real=0.00 secs] 
196.697: [Full GC (Allocation Failure) [PSYoungGen: 32K->0K(58368K)] [ParOldGen: 400913K->72209K(458752K)] 400945K->72209K(517120K), [Metaspace: 2796K->2796K(1056768K)], 0.0060889 secs] [Times: user=0.00 sys=0.00, real=0.01 secs] 
197.801: [GC (Allocation Failure) [PSYoungGen: 44030K->5120K(58368K)] 218639K->189969K(517120K), 0.0014757 secs] [Times: user=0.00 sys=0.00, real=0.00 secs] 
198.779: [GC (Allocation Failure) [PSYoungGen: 54270K->5120K(58368K)] 392720K->348689K(517120K), 0.0010577 secs] [Times: user=0.00 sys=0.00, real=0.00 secs] 
199.325: [GC (Allocation Failure) [PSYoungGen: 41983K->5120K(58368K)] 385553K->358929K(517120K), 0.0015612 secs] [Times: user=0.00 sys=0.00, real=0.00 secs] 
199.543: [GC (Allocation Failure) [PSYoungGen: 26613K->5120K(58368K)] 431623K->410129K(517120K), 0.0010334 secs] [Times: user=0.00 sys=0.00, real=0.00 secs] 
199.544: [GC (Allocation Failure) [PSYoungGen: 5120K->5120K(58368K)] 410129K->410129K(517120K), 0.0010175 secs] [Times: user=0.00 sys=0.00, real=0.00 secs] 
199.545: [Full GC (Allocation Failure) [PSYoungGen: 5120K->0K(58368K)] [ParOldGen: 405009K->133649K(458752K)] 410129K->133649K(517120K), [Metaspace: 2796K->2796K(1056768K)], 0.0099173 secs] [Times: user=0.00 sys=0.00, real=0.01 secs] 
200.760: [GC (Allocation Failure) [PSYoungGen: 36853K->5120K(58368K)] 272903K->251409K(517120K), 0.0015547 secs] [Times: user=0.00 sys=0.00, real=0.00 secs] 
201.856: [GC (Allocation Failure) [PSYoungGen: 54265K->6144K(58368K)] 454155K->411153K(517120K), 0.0011266 secs] [Times: user=0.00 sys=0.00, real=0.00 secs] 
202.402: [Full GC (Ergonomics) [PSYoungGen: 53243K->0K(58368K)] [ParOldGen: 456209K->62993K(458752K)] 509453K->62993K(517120K), [Metaspace: 2796K->2796K(1056768K)], 0.0062925 secs] [Times: user=0.00 sys=0.00, real=0.01 secs] 
204.272: [GC (Allocation Failure) [PSYoungGen: 50173K->5120K(58368K)] 215567K->175633K(517120K), 0.0008926 secs] [Times: user=0.00 sys=0.00, real=0.00 secs] 
205.039: [GC (Allocation Failure) [PSYoungGen: 52222K->0K(58368K)] 222736K->190993K(517120K), 0.0013192 secs] [Times: user=0.00 sys=0.00, real=0.00 secs] 
206.128: [GC (Allocation Failure) [PSYoungGen: 49143K->5120K(58368K)] 393737K->354833K(517120K), 0.0013421 secs] [Times: user=0.00 sys=0.00, real=0.00 secs] 
206.676: [GC (Allocation Failure) [PSYoungGen: 52218K->0K(58368K)] 453132K->421393K(517120K), 0.0020243 secs] [Times: user=0.00 sys=0.00, real=0.00 secs] 
206.678: [Full GC (Ergonomics) [PSYoungGen: 0K->0K(58368K)] [ParOldGen: 421393K->92689K(458752K)] 421393K->92689K(517120K), [Metaspace: 2796K->2796K(1056768K)], 0.0073635 secs] [Times: user=0.00 sys=0.00, real=0.01 secs] 
208.651: [GC (Allocation Failure) [PSYoungGen: 51196K->5120K(58368K)] 399886K->353809K(517120K), 0.0009723 secs] [Times: user=0.00 sys=0.00, real=0.00 secs] 
209.306: [GC (Allocation Failure) [PSYoungGen: 47101K->5120K(58368K)] 395791K->364049K(517120K), 0.0015845 secs] [Times: user=0.00 sys=0.00, real=0.00 secs] 
209.524: [GC (Allocation Failure) [PSYoungGen: 26613K->5120K(58368K)] 436743K->415249K(517120K), 0.0009787 secs] [Times: user=0.00 sys=0.00, real=0.00 secs] 
209.525: [GC (Allocation Failure) [PSYoungGen: 5120K->5120K(58368K)] 415249K->415249K(517120K), 0.0008224 secs] [Times: user=0.00 sys=0.00, real=0.00 secs] 
209.526: [Full GC (Allocation Failure) [PSYoungGen: 5120K->0K(58368K)] [ParOldGen: 410129K->108049K(458752K)] 415249K->108049K(517120K), [Metaspace: 2796K->2796K(1056768K)], 0.0082032 secs] [Times: user=0.00 sys=0.00, real=0.01 secs] 
210.630: [GC (Allocation Failure) [PSYoungGen: 44021K->5120K(58368K)] 254471K->225809K(517120K), 0.0015386 secs] [Times: user=0.00 sys=0.00, real=0.00 secs] 
211.939: [GC (Allocation Failure) [PSYoungGen: 48121K->5120K(58368K)] 422411K->384529K(517120K), 0.0012467 secs] [Times: user=0.00 sys=0.00, real=0.00 secs] 
212.375: [Full GC (Ergonomics) [PSYoungGen: 47099K->0K(58368K)] [ParOldGen: 430609K->56849K(458752K)] 477709K->56849K(517120K), [Metaspace: 2796K->2796K(1056768K)], 0.0052994 secs] [Times: user=0.00 sys=0.00, real=0.01 secs] 
213.483: [GC (Allocation Failure) [PSYoungGen: 44029K->1024K(58368K)] 203279K->180753K(517120K), 0.0014548 secs] [Times: user=0.00 sys=0.00, real=0.00 secs] 
214.468: [GC (Allocation Failure) [PSYoungGen: 50174K->6144K(58368K)] 383504K->344593K(517120K), 0.0011041 secs] [Times: user=0.00 sys=0.00, real=0.00 secs] 
215.775: [GC (Allocation Failure) [PSYoungGen: 53246K->5120K(58368K)] 391696K->348689K(517120K), 0.0008360 secs] [Times: user=0.00 sys=0.00, real=0.00 secs] 
216.430: [GC (Allocation Failure) [PSYoungGen: 47095K->5120K(58368K)] 390665K->358929K(517120K), 0.0015552 secs] [Times: user=0.00 sys=0.00, real=0.00 secs] 
216.649: [GC (Allocation Failure) [PSYoungGen: 26609K->5120K(58368K)] 431619K->430609K(517120K), 0.0024540 secs] [Times: user=0.00 sys=0.00, real=0.00 secs] 
216.651: [Full GC (Ergonomics) [PSYoungGen: 5120K->0K(58368K)] [ParOldGen: 425489K->77329K(458752K)] 430609K->77329K(517120K), [Metaspace: 2796K->2796K(1056768K)], 0.0071263 secs] [Times: user=0.00 sys=0.00, real=0.01 secs] 
217.757: [GC (Allocation Failure) [PSYoungGen: 44017K->5120K(58368K)] 223747K->195089K(517120K), 0.0012623 secs] [Times: user=0.02 sys=0.00, real=0.00 secs] 
218.738: [GC (Allocation Failure) [PSYoungGen: 54262K->5120K(58368K)] 397832K->353809K(517120K), 0.0010840 secs] [Times: user=0.00 sys=0.00, real=0.00 secs] 
Heap
 PSYoungGen      total 58368K, used 12282K [0x00000000fc000000, 0x0000000100000000, 0x0000000100000000)
  eden space 51200K, 13% used [0x00000000fc000000,0x00000000fc6fe990,0x00000000ff200000)
  from space 7168K, 71% used [0x00000000ff900000,0x00000000ffe00010,0x0000000100000000)
  to   space 7168K, 0% used [0x00000000ff200000,0x00000000ff200000,0x00000000ff900000)
 ParOldGen       total 458752K, used 348689K [0x00000000e0000000, 0x00000000fc000000, 0x00000000fc000000)
  object space 458752K, 76% used [0x00000000e0000000,0x00000000f5484760,0x00000000fc000000)
 Metaspace       used 2804K, capacity 4486K, committed 4864K, reserved 1056768K
  class space    used 297K, capacity 386K, committed 512K, reserved 1048576K
