Java HotSpot(TM) 64-Bit Server VM (25.411-b09) for windows-amd64 JRE (1.8.0_411-b09), built on Mar 13 2024 07:26:13 by "java_re" with MS VC++ 17.1 (VS2022)
Memory: 4k page, physical 33403376k(15499124k free), swap 38794768k(7050424k free)
CommandLine flags: -XX:InitialHeapSize=1073741824 -XX:MaxHeapSize=1073741824 -XX:NewRatio=7 -XX:ParallelGCThreads=6 -XX:+PrintGC -XX:+PrintGCDetails -XX:+PrintGCTimeStamps -XX:SurvivorRatio=8 -XX:-UseAdaptiveSizePolicy -XX:+UseCompressedClassPointers -XX:+UseCompressedOops -XX:-UseLargePagesIndividualAllocation -XX:+UseParallelGC 
1.268: [GC (Allocation Failure) [PSYoungGen: 76923K->5888K(118272K)] 76923K->26376K(1035776K), 0.0157921 secs] [Times: user=0.00 sys=0.00, real=0.02 secs] 
2.516: [GC (Allocation Failure) [PSYoungGen: 102151K->11896K(118272K)] 225039K->145024K(1035776K), 0.0043977 secs] [Times: user=0.00 sys=0.00, real=0.01 secs] 
3.524: [GC (Allocation Failure) [PSYoungGen: 113319K->7800K(118272K)] 348848K->243328K(1035776K), 0.0016717 secs] [Times: user=0.00 sys=0.00, real=0.00 secs] 
5.600: [GC (Allocation Failure) [PSYoungGen: 107165K->10872K(118272K)] 342693K->272000K(1035776K), 0.0080855 secs] [Times: user=0.02 sys=0.00, real=0.01 secs] 
6.954: [GC (Allocation Failure) [PSYoungGen: 115365K->5752K(118272K)] 478893K->389760K(1035776K), 0.0046899 secs] [Times: user=0.00 sys=0.00, real=0.01 secs] 
8.403: [GC (Allocation Failure) [PSYoungGen: 95946K->5720K(118272K)] 582354K->492136K(1035776K), 0.0013157 secs] [Times: user=0.00 sys=0.00, real=0.00 secs] 
9.638: [GC (Allocation Failure) [PSYoungGen: 110222K->10872K(118272K)] 699039K->650888K(1035776K), 0.0169434 secs] [Times: user=0.02 sys=0.00, real=0.02 secs] 
10.669: [GC (Allocation Failure) [PSYoungGen: 115377K->10840K(118272K)] 857793K->753256K(1035776K), 0.0014437 secs] [Times: user=0.00 sys=0.00, real=0.00 secs] 
11.435: [GC (Allocation Failure) [PSYoungGen: 74386K->10840K(118272K)] 816803K->773736K(1035776K), 0.0159804 secs] [Times: user=0.00 sys=0.00, real=0.02 secs] 
12.905: [Full GC (Ergonomics) [PSYoungGen: 116032K->0K(118272K)] [ParOldGen: 865296K->26639K(917504K)] 981329K->26639K(1035776K), [Metaspace: 2763K->2763K(1056768K)], 0.0146240 secs] [Times: user=0.00 sys=0.00, real=0.02 secs] 
14.234: [GC (Allocation Failure) [PSYoungGen: 104508K->11264K(118272K)] 233547K->150543K(1035776K), 0.0017637 secs] [Times: user=0.00 sys=0.00, real=0.00 secs] 
15.433: [GC (Allocation Failure) [PSYoungGen: 115772K->11264K(118272K)] 357452K->252943K(1035776K), 0.0011015 secs] [Times: user=0.00 sys=0.00, real=0.00 secs] 
17.179: [GC (Allocation Failure) [PSYoungGen: 105533K->5120K(118272K)] 347212K->287759K(1035776K), 0.0027984 secs] [Times: user=0.00 sys=0.00, real=0.00 secs] 
18.487: [GC (Allocation Failure) [PSYoungGen: 109628K->10240K(118272K)] 494668K->405520K(1035776K), 0.0020089 secs] [Times: user=0.00 sys=0.00, real=0.00 secs] 
20.015: [GC (Allocation Failure) [PSYoungGen: 104509K->5120K(118272K)] 602189K->502800K(1035776K), 0.0010033 secs] [Times: user=0.00 sys=0.00, real=0.00 secs] 
21.323: [GC (Allocation Failure) [PSYoungGen: 109629K->10240K(118272K)] 709709K->615440K(1035776K), 0.0014901 secs] [Times: user=0.00 sys=0.00, real=0.00 secs] 
22.525: [GC (Allocation Failure) [PSYoungGen: 114749K->11264K(118272K)] 822349K->718864K(1035776K), 0.0012005 secs] [Times: user=0.00 sys=0.00, real=0.00 secs] 
23.941: [GC (Allocation Failure) [PSYoungGen: 110653K->5120K(118272K)] 920653K->815120K(1035776K), 0.0018138 secs] [Times: user=0.00 sys=0.00, real=0.00 secs] 
24.938: [Full GC (Ergonomics) [PSYoungGen: 109629K->0K(118272K)] [ParOldGen: 912400K->21009K(917504K)] 1022029K->21009K(1035776K), [Metaspace: 2779K->2779K(1056768K)], 0.0061358 secs] [Times: user=0.00 sys=0.00, real=0.01 secs] 
25.701: [GC (Allocation Failure) [PSYoungGen: 63549K->10240K(118272K)] 84558K->51729K(1035776K), 0.0022868 secs] [Times: user=0.00 sys=0.00, real=0.00 secs] 
27.009: [GC (Allocation Failure) [PSYoungGen: 114748K->10240K(118272K)] 258638K->169489K(1035776K), 0.0019034 secs] [Times: user=0.00 sys=0.00, real=0.00 secs] 
28.532: [GC (Allocation Failure) [PSYoungGen: 99834K->5184K(118272K)] 259084K->184921K(1035776K), 0.0022197 secs] [Times: user=0.00 sys=0.00, real=0.00 secs] 
29.842: [GC (Allocation Failure) [PSYoungGen: 109689K->10304K(118272K)] 391826K->353889K(1035776K), 0.0063462 secs] [Times: user=0.00 sys=0.00, real=0.01 secs] 
31.803: [GC (Allocation Failure) [PSYoungGen: 111738K->2144K(118272K)] 660124K->550529K(1035776K), 0.0012835 secs] [Times: user=0.00 sys=0.00, real=0.00 secs] 
32.787: [GC (Allocation Failure) [PSYoungGen: 75931K->6208K(118272K)] 624317K->575073K(1035776K), 0.0024136 secs] [Times: user=0.00 sys=0.00, real=0.00 secs] 
34.098: [GC (Allocation Failure) [PSYoungGen: 110715K->12320K(118272K)] 781981K->698945K(1035776K), 0.0025479 secs] [Times: user=0.00 sys=0.00, real=0.00 secs] 
35.519: [GC (Allocation Failure) [PSYoungGen: 111708K->10304K(118272K)] 900733K->809569K(1035776K), 0.0019532 secs] [Times: user=0.00 sys=0.00, real=0.00 secs] 
36.716: [Full GC (Ergonomics) [PSYoungGen: 114812K->0K(118272K)] [ParOldGen: 901665K->21009K(917504K)] 1016478K->21009K(1035776K), [Metaspace: 2794K->2794K(1056768K)], 0.0039637 secs] [Times: user=0.00 sys=0.00, real=0.00 secs] 
37.697: [GC (Allocation Failure) [PSYoungGen: 104509K->5120K(118272K)] 227918K->149009K(1035776K), 0.0024339 secs] [Times: user=0.00 sys=0.00, real=0.00 secs] 
38.460: [GC (Allocation Failure) [PSYoungGen: 68669K->5120K(118272K)] 212558K->169489K(1035776K), 0.0023921 secs] [Times: user=0.00 sys=0.00, real=0.00 secs] 
39.778: [GC (Allocation Failure) [PSYoungGen: 99388K->5120K(118272K)] 263758K->179729K(1035776K), 0.0016544 secs] [Times: user=0.01 sys=0.00, real=0.00 secs] 
40.977: [GC (Allocation Failure) [PSYoungGen: 109612K->10240K(118272K)] 386621K->292369K(1035776K), 0.0015010 secs] [Times: user=0.00 sys=0.00, real=0.00 secs] 
41.959: [GC (Allocation Failure) [PSYoungGen: 114738K->11264K(118272K)] 499267K->395793K(1035776K), 0.0012404 secs] [Times: user=0.00 sys=0.00, real=0.00 secs] 
44.141: [GC (Allocation Failure) [PSYoungGen: 105526K->11264K(118272K)] 490055K->416273K(1035776K), 0.0026352 secs] [Times: user=0.00 sys=0.00, real=0.00 secs] 
45.450: [GC (Allocation Failure) [PSYoungGen: 115768K->11264K(118272K)] 623178K->544273K(1035776K), 0.0027699 secs] [Times: user=0.00 sys=0.00, real=0.00 secs] 
46.871: [GC (Allocation Failure) [PSYoungGen: 105530K->10240K(118272K)] 740939K->645649K(1035776K), 0.0013703 secs] [Times: user=0.00 sys=0.00, real=0.00 secs] 
48.069: [GC (Allocation Failure) [PSYoungGen: 114747K->10240K(118272K)] 852557K->768529K(1035776K), 0.0028775 secs] [Times: user=0.00 sys=0.00, real=0.00 secs] 
49.046: [GC (Allocation Failure) [PSYoungGen: 114748K->10240K(118272K)] 975437K->922129K(1035776K), 0.0051444 secs] [Times: user=0.00 sys=0.00, real=0.00 secs] 
49.052: [Full GC (Ergonomics) [PSYoungGen: 10240K->0K(118272K)] [ParOldGen: 911889K->82449K(917504K)] 922129K->82449K(1035776K), [Metaspace: 2796K->2796K(1056768K)], 0.0077287 secs] [Times: user=0.00 sys=0.00, real=0.01 secs] 
49.825: [GC (Allocation Failure) [PSYoungGen: 63548K->5120K(118272K)] 145998K->108049K(1035776K), 0.0023404 secs] [Times: user=0.05 sys=0.00, real=0.00 secs] 
51.135: [GC (Allocation Failure) [PSYoungGen: 94244K->5120K(118272K)] 299573K->220689K(1035776K), 0.0013848 secs] [Times: user=0.00 sys=0.00, real=0.00 secs] 
52.332: [GC (Allocation Failure) [PSYoungGen: 109613K->11264K(118272K)] 427582K->334353K(1035776K), 0.0016585 secs] [Times: user=0.00 sys=0.00, real=0.00 secs] 
53.315: [GC (Allocation Failure) [PSYoungGen: 115762K->12288K(118272K)] 541252K->437777K(1035776K), 0.0012719 secs] [Times: user=0.00 sys=0.00, real=0.00 secs] 
55.499: [GC (Allocation Failure) [PSYoungGen: 116790K->5120K(118272K)] 542280K->461329K(1035776K), 0.0026460 secs] [Times: user=0.00 sys=0.00, real=0.00 secs] 
56.806: [GC (Allocation Failure) [PSYoungGen: 109624K->10240K(118272K)] 668234K->579089K(1035776K), 0.0019311 secs] [Times: user=0.00 sys=0.00, real=0.00 secs] 
58.225: [GC (Allocation Failure) [PSYoungGen: 99386K->5120K(118272K)] 770635K->676369K(1035776K), 0.0014131 secs] [Times: user=0.00 sys=0.00, real=0.00 secs] 
59.428: [GC (Allocation Failure) [PSYoungGen: 109627K->10240K(118272K)] 883277K->835089K(1035776K), 0.0050522 secs] [Times: user=0.00 sys=0.00, real=0.01 secs] 
59.867: [GC (Allocation Failure) [PSYoungGen: 104508K->5120K(118272K)] 929357K->881169K(1035776K), 0.0050672 secs] [Times: user=0.00 sys=0.00, real=0.00 secs] 
59.872: [Full GC (Ergonomics) [PSYoungGen: 5120K->0K(118272K)] [ParOldGen: 876049K->108049K(917504K)] 881169K->108049K(1035776K), [Metaspace: 2796K->2796K(1056768K)], 0.0089945 secs] [Times: user=0.00 sys=0.00, real=0.01 secs] 
60.210: [GC (Allocation Failure) [PSYoungGen: 104508K->1024K(118272K)] 212557K->211473K(1035776K), 0.0160581 secs] [Times: user=0.00 sys=0.00, real=0.02 secs] 
61.208: [GC (Allocation Failure) [PSYoungGen: 74797K->5120K(118272K)] 285247K->236049K(1035776K), 0.0025043 secs] [Times: user=0.00 sys=0.00, real=0.00 secs] 
62.621: [GC (Allocation Failure) [PSYoungGen: 109618K->5120K(118272K)] 442948K->358929K(1035776K), 0.0023469 secs] [Times: user=0.02 sys=0.00, real=0.00 secs] 
63.932: [GC (Allocation Failure) [PSYoungGen: 109622K->11264K(118272K)] 565832K->482833K(1035776K), 0.0020352 secs] [Times: user=0.00 sys=0.00, real=0.00 secs] 
65.135: [GC (Allocation Failure) [PSYoungGen: 115769K->11264K(118272K)] 689738K->585233K(1035776K), 0.0013316 secs] [Times: user=0.00 sys=0.00, real=0.00 secs] 
66.879: [GC (Allocation Failure) [PSYoungGen: 105530K->5120K(118272K)] 679500K->620049K(1035776K), 0.0026883 secs] [Times: user=0.00 sys=0.00, real=0.00 secs] 
68.194: [GC (Allocation Failure) [PSYoungGen: 109627K->10240K(118272K)] 826956K->737809K(1035776K), 0.0018291 secs] [Times: user=0.00 sys=0.00, real=0.00 secs] 
69.719: [Full GC (Ergonomics) [PSYoungGen: 104508K->0K(118272K)] [ParOldGen: 829969K->6144K(917504K)] 934477K->6144K(1035776K), [Metaspace: 2796K->2796K(1056768K)], 0.0029391 secs] [Times: user=0.00 sys=0.00, real=0.00 secs] 
71.030: [GC (Allocation Failure) [PSYoungGen: 104508K->10240K(118272K)] 213052K->123904K(1035776K), 0.0016082 secs] [Times: user=0.00 sys=0.00, real=0.00 secs] 
72.228: [GC (Allocation Failure) [PSYoungGen: 114748K->11264K(118272K)] 330813K->227328K(1035776K), 0.0008865 secs] [Times: user=0.00 sys=0.00, real=0.00 secs] 
73.652: [GC (Allocation Failure) [PSYoungGen: 110653K->5120K(118272K)] 429117K->323584K(1035776K), 0.0015739 secs] [Times: user=0.02 sys=0.00, real=0.00 secs] 
74.634: [GC (Allocation Failure) [PSYoungGen: 109629K->10240K(118272K)] 530493K->441344K(1035776K), 0.0019483 secs] [Times: user=0.00 sys=0.00, real=0.00 secs] 
75.400: [GC (Allocation Failure) [PSYoungGen: 73789K->5120K(118272K)] 504893K->466944K(1035776K), 0.0031376 secs] [Times: user=0.00 sys=0.00, real=0.00 secs] 
76.710: [GC (Allocation Failure) [PSYoungGen: 109628K->10240K(118272K)] 673852K->584704K(1035776K), 0.0021117 secs] [Times: user=0.00 sys=0.00, real=0.00 secs] 
78.237: [GC (Allocation Failure) [PSYoungGen: 99389K->5120K(118272K)] 673853K->600064K(1035776K), 0.0027255 secs] [Times: user=0.00 sys=0.00, real=0.00 secs] 
79.548: [GC (Allocation Failure) [PSYoungGen: 109628K->10240K(118272K)] 806973K->769024K(1035776K), 0.0060596 secs] [Times: user=0.00 sys=0.00, real=0.01 secs] 
81.187: [Full GC (Ergonomics) [PSYoungGen: 109629K->0K(118272K)] [ParOldGen: 861184K->6144K(917504K)] 970813K->6144K(1035776K), [Metaspace: 2796K->2796K(1056768K)], 0.0029182 secs] [Times: user=0.00 sys=0.00, real=0.00 secs] 
81.516: [GC (Allocation Failure) [PSYoungGen: 104509K->2048K(118272K)] 110653K->8192K(1035776K), 0.0004262 secs] [Times: user=0.00 sys=0.00, real=0.00 secs] 
82.497: [GC (Allocation Failure) [PSYoungGen: 75837K->6144K(118272K)] 81981K->32768K(1035776K), 0.0022418 secs] [Times: user=0.00 sys=0.00, real=0.00 secs] 
83.810: [GC (Allocation Failure) [PSYoungGen: 110652K->12288K(118272K)] 239676K->156672K(1035776K), 0.0019873 secs] [Times: user=0.00 sys=0.00, real=0.00 secs] 
85.230: [GC (Allocation Failure) [PSYoungGen: 111676K->10240K(118272K)] 358461K->267264K(1035776K), 0.0015230 secs] [Times: user=0.00 sys=0.00, real=0.00 secs] 
86.429: [GC (Allocation Failure) [PSYoungGen: 114749K->10240K(118272K)] 474173K->369664K(1035776K), 0.0011843 secs] [Times: user=0.00 sys=0.00, real=0.00 secs] 
87.413: [GC (Allocation Failure) [PSYoungGen: 114749K->10240K(118272K)] 576573K->492544K(1035776K), 0.0026532 secs] [Times: user=0.00 sys=0.00, real=0.00 secs] 
88.173: [GC (Allocation Failure) [PSYoungGen: 73789K->10240K(118272K)] 556093K->513024K(1035776K), 0.0026928 secs] [Times: user=0.00 sys=0.00, real=0.00 secs] 
89.480: [GC (Allocation Failure) [PSYoungGen: 104508K->10240K(118272K)] 607292K->518144K(1035776K), 0.0017056 secs] [Times: user=0.00 sys=0.01, real=0.00 secs] 
90.677: [GC (Allocation Failure) [PSYoungGen: 114732K->10240K(118272K)] 725036K->620544K(1035776K), 0.0013430 secs] [Times: user=0.00 sys=0.00, real=0.00 secs] 
91.655: [GC (Allocation Failure) [PSYoungGen: 114738K->11264K(118272K)] 827442K->723968K(1035776K), 0.0020833 secs] [Times: user=0.00 sys=0.00, real=0.00 secs] 
93.831: [GC (Allocation Failure) [PSYoungGen: 105526K->11264K(118272K)] 818230K->744448K(1035776K), 0.0036567 secs] [Times: user=0.00 sys=0.00, real=0.00 secs] 
95.143: [GC (Allocation Failure) [PSYoungGen: 115768K->11264K(118272K)] 951352K->872448K(1035776K), 0.0030924 secs] [Times: user=0.00 sys=0.00, real=0.00 secs] 
95.146: [Full GC (Ergonomics) [PSYoungGen: 11264K->0K(118272K)] [ParOldGen: 861184K->27153K(917504K)] 872448K->27153K(1035776K), [Metaspace: 2796K->2796K(1056768K)], 0.0041679 secs] [Times: user=0.00 sys=0.00, real=0.00 secs] 
96.568: [GC (Allocation Failure) [PSYoungGen: 94266K->10240K(118272K)] 223819K->139793K(1035776K), 0.0012433 secs] [Times: user=0.00 sys=0.00, real=0.00 secs] 
97.766: [GC (Allocation Failure) [PSYoungGen: 114747K->10240K(118272K)] 346700K->262673K(1035776K), 0.0024625 secs] [Times: user=0.00 sys=0.00, real=0.00 secs] 
98.748: [GC (Allocation Failure) [PSYoungGen: 114748K->10240K(118272K)] 469581K->416273K(1035776K), 0.0053661 secs] [Times: user=0.00 sys=0.00, real=0.01 secs] 
99.514: [GC (Allocation Failure) [PSYoungGen: 73788K->10240K(118272K)] 479822K->436753K(1035776K), 0.0026682 secs] [Times: user=0.00 sys=0.00, real=0.00 secs] 
100.824: [GC (Allocation Failure) [PSYoungGen: 99388K->10240K(118272K)] 628301K->544273K(1035776K), 0.0015552 secs] [Times: user=0.00 sys=0.00, real=0.00 secs] 
102.025: [GC (Allocation Failure) [PSYoungGen: 114748K->11264K(118272K)] 751182K->647697K(1035776K), 0.0013318 secs] [Times: user=0.00 sys=0.00, real=0.00 secs] 
103.006: [GC (Allocation Failure) [PSYoungGen: 115773K->12288K(118272K)] 854606K->751121K(1035776K), 0.0019326 secs] [Times: user=0.00 sys=0.00, real=0.00 secs] 
105.183: [GC (Allocation Failure) [PSYoungGen: 116797K->5120K(118272K)] 855630K->774673K(1035776K), 0.0030642 secs] [Times: user=0.01 sys=0.00, real=0.00 secs] 
106.494: [Full GC (Ergonomics) [PSYoungGen: 109628K->0K(118272K)] [ParOldGen: 871953K->31249K(917504K)] 981582K->31249K(1035776K), [Metaspace: 2796K->2796K(1056768K)], 0.0046892 secs] [Times: user=0.00 sys=0.00, real=0.00 secs] 
107.913: [GC (Allocation Failure) [PSYoungGen: 89149K->5120K(118272K)] 222798K->138769K(1035776K), 0.0008242 secs] [Times: user=0.00 sys=0.00, real=0.00 secs] 
109.114: [GC (Allocation Failure) [PSYoungGen: 109629K->10240K(118272K)] 345678K->297489K(1035776K), 0.0053724 secs] [Times: user=0.00 sys=0.00, real=0.01 secs] 
110.097: [GC (Allocation Failure) [PSYoungGen: 114749K->10240K(118272K)] 504398K->399889K(1035776K), 0.0011220 secs] [Times: user=0.00 sys=0.00, real=0.00 secs] 
110.861: [GC (Allocation Failure) [PSYoungGen: 73789K->10240K(118272K)] 463438K->420369K(1035776K), 0.0025457 secs] [Times: user=0.00 sys=0.00, real=0.00 secs] 
112.280: [GC (Allocation Failure) [PSYoungGen: 114748K->5120K(118272K)] 627278K->538129K(1035776K), 0.0022749 secs] [Times: user=0.00 sys=0.00, real=0.00 secs] 
113.593: [GC (Allocation Failure) [PSYoungGen: 109629K->11264K(118272K)] 745038K->662033K(1035776K), 0.0025031 secs] [Times: user=0.00 sys=0.00, real=0.00 secs] 
114.793: [GC (Allocation Failure) [PSYoungGen: 115773K->11264K(118272K)] 868942K->764433K(1035776K), 0.0014133 secs] [Times: user=0.00 sys=0.00, real=0.00 secs] 
116.536: [GC (Allocation Failure) [PSYoungGen: 105533K->5120K(118272K)] 858703K->799249K(1035776K), 0.0027582 secs] [Times: user=0.00 sys=0.00, real=0.00 secs] 
117.846: [Full GC (Ergonomics) [PSYoungGen: 109629K->0K(118272K)] [ParOldGen: 896529K->41489K(917504K)] 1006158K->41489K(1035776K), [Metaspace: 2796K->2796K(1056768K)], 0.0050552 secs] [Times: user=0.00 sys=0.00, real=0.00 secs] 
119.375: [GC (Allocation Failure) [PSYoungGen: 94269K->5120K(118272K)] 238158K->149009K(1035776K), 0.0007053 secs] [Times: user=0.00 sys=0.00, real=0.00 secs] 
120.681: [GC (Allocation Failure) [PSYoungGen: 109629K->10240K(118272K)] 355918K->261649K(1035776K), 0.0014247 secs] [Times: user=0.00 sys=0.00, real=0.00 secs] 
121.878: [GC (Allocation Failure) [PSYoungGen: 114749K->11264K(118272K)] 468558K->365073K(1035776K), 0.0009435 secs] [Times: user=0.00 sys=0.00, real=0.00 secs] 
123.298: [GC (Allocation Failure) [PSYoungGen: 110653K->5120K(118272K)] 566862K->461329K(1035776K), 0.0010807 secs] [Times: user=0.00 sys=0.00, real=0.00 secs] 
124.280: [GC (Allocation Failure) [PSYoungGen: 109629K->10240K(118272K)] 668238K->579089K(1035776K), 0.0018955 secs] [Times: user=0.00 sys=0.00, real=0.00 secs] 
125.043: [GC (Allocation Failure) [PSYoungGen: 73789K->10240K(118272K)] 642639K->609809K(1035776K), 0.0032614 secs] [Times: user=0.00 sys=0.00, real=0.00 secs] 
126.348: [GC (Allocation Failure) [PSYoungGen: 114748K->10240K(118272K)] 816718K->727569K(1035776K), 0.0021185 secs] [Times: user=0.00 sys=0.00, real=0.00 secs] 
127.876: [GC (Allocation Failure) [PSYoungGen: 99389K->5120K(118272K)] 816718K->742929K(1035776K), 0.0025506 secs] [Times: user=0.00 sys=0.00, real=0.00 secs] 
129.184: [GC (Allocation Failure) [PSYoungGen: 109628K->10240K(118272K)] 949838K->911889K(1035776K), 0.0057292 secs] [Times: user=0.01 sys=0.00, real=0.01 secs] 
129.189: [Full GC (Ergonomics) [PSYoungGen: 10240K->0K(118272K)] [ParOldGen: 901649K->72209K(917504K)] 911889K->72209K(1035776K), [Metaspace: 2796K->2796K(1056768K)], 0.0070258 secs] [Times: user=0.00 sys=0.00, real=0.01 secs] 
131.169: [GC (Allocation Failure) [PSYoungGen: 101437K->2048K(118272K)] 378446K->279057K(1035776K), 0.0009510 secs] [Times: user=0.00 sys=0.00, real=0.00 secs] 
132.152: [GC (Allocation Failure) [PSYoungGen: 75837K->6144K(118272K)] 352846K->303633K(1035776K), 0.0026193 secs] [Times: user=0.02 sys=0.00, real=0.00 secs] 
133.461: [GC (Allocation Failure) [PSYoungGen: 110652K->12288K(118272K)] 510542K->427537K(1035776K), 0.0020941 secs] [Times: user=0.00 sys=0.00, real=0.00 secs] 
134.883: [GC (Allocation Failure) [PSYoungGen: 111677K->10240K(118272K)] 629326K->538129K(1035776K), 0.0019095 secs] [Times: user=0.00 sys=0.00, real=0.00 secs] 
136.087: [GC (Allocation Failure) [PSYoungGen: 114749K->10240K(118272K)] 745038K->640529K(1035776K), 0.0012207 secs] [Times: user=0.00 sys=0.00, real=0.00 secs] 
137.069: [GC (Allocation Failure) [PSYoungGen: 114749K->10240K(118272K)] 847438K->763409K(1035776K), 0.0025984 secs] [Times: user=0.00 sys=0.00, real=0.00 secs] 
137.831: [GC (Allocation Failure) [PSYoungGen: 73789K->10240K(118272K)] 826959K->783889K(1035776K), 0.0027181 secs] [Times: user=0.00 sys=0.00, real=0.00 secs] 
139.135: [GC (Allocation Failure) [PSYoungGen: 104508K->10240K(118272K)] 878158K->789009K(1035776K), 0.0017642 secs] [Times: user=0.00 sys=0.00, real=0.00 secs] 
140.336: [Full GC (Ergonomics) [PSYoungGen: 114732K->0K(118272K)] [ParOldGen: 881169K->118289K(917504K)] 995902K->118289K(1035776K), [Metaspace: 2796K->2796K(1056768K)], 0.0096765 secs] [Times: user=0.00 sys=0.00, real=0.01 secs] 
141.333: [GC (Allocation Failure) [PSYoungGen: 104498K->6144K(118272K)] 325187K->226833K(1035776K), 0.0008349 secs] [Times: user=0.00 sys=0.00, real=0.00 secs] 
143.515: [GC (Allocation Failure) [PSYoungGen: 100406K->11264K(118272K)] 321095K->252433K(1035776K), 0.0025620 secs] [Times: user=0.00 sys=0.00, real=0.00 secs] 
144.826: [GC (Allocation Failure) [PSYoungGen: 115768K->11264K(118272K)] 459337K->380433K(1035776K), 0.0023461 secs] [Times: user=0.00 sys=0.00, real=0.00 secs] 
146.245: [GC (Allocation Failure) [PSYoungGen: 105530K->10240K(118272K)] 577099K->481809K(1035776K), 0.0012655 secs] [Times: user=0.00 sys=0.00, real=0.00 secs] 
147.442: [GC (Allocation Failure) [PSYoungGen: 114747K->10240K(118272K)] 688716K->604689K(1035776K), 0.0025345 secs] [Times: user=0.00 sys=0.00, real=0.00 secs] 
148.425: [GC (Allocation Failure) [PSYoungGen: 114748K->10240K(118272K)] 811597K->758289K(1035776K), 0.0054248 secs] [Times: user=0.00 sys=0.00, real=0.00 secs] 
149.189: [GC (Allocation Failure) [PSYoungGen: 73788K->10240K(118272K)] 821838K->778769K(1035776K), 0.0027095 secs] [Times: user=0.00 sys=0.00, real=0.00 secs] 
150.497: [Full GC (Ergonomics) [PSYoungGen: 99388K->0K(118272K)] [ParOldGen: 870929K->16384K(917504K)] 970317K->16384K(1035776K), [Metaspace: 2796K->2796K(1056768K)], 0.0034946 secs] [Times: user=0.00 sys=0.00, real=0.00 secs] 
151.694: [GC (Allocation Failure) [PSYoungGen: 104508K->11264K(118272K)] 223292K->130048K(1035776K), 0.0008570 secs] [Times: user=0.00 sys=0.00, real=0.00 secs] 
152.676: [GC (Allocation Failure) [PSYoungGen: 115773K->12288K(118272K)] 336957K->233472K(1035776K), 0.0011790 secs] [Times: user=0.00 sys=0.00, real=0.00 secs] 
154.856: [GC (Allocation Failure) [PSYoungGen: 116797K->5120K(118272K)] 337981K->257024K(1035776K), 0.0027016 secs] [Times: user=0.00 sys=0.00, real=0.00 secs] 
156.166: [GC (Allocation Failure) [PSYoungGen: 109628K->10240K(118272K)] 463933K->374784K(1035776K), 0.0019582 secs] [Times: user=0.00 sys=0.00, real=0.00 secs] 
157.583: [GC (Allocation Failure) [PSYoungGen: 99389K->5120K(118272K)] 566333K->472064K(1035776K), 0.0012724 secs] [Times: user=0.00 sys=0.00, real=0.00 secs] 
158.783: [GC (Allocation Failure) [PSYoungGen: 109629K->10240K(118272K)] 678973K->630784K(1035776K), 0.0051173 secs] [Times: user=0.00 sys=0.00, real=0.01 secs] 
159.765: [GC (Allocation Failure) [PSYoungGen: 114749K->10240K(118272K)] 837693K->733184K(1035776K), 0.0018630 secs] [Times: user=0.00 sys=0.00, real=0.00 secs] 
160.529: [GC (Allocation Failure) [PSYoungGen: 73789K->10240K(118272K)] 796733K->753664K(1035776K), 0.0030782 secs] [Times: user=0.00 sys=0.00, real=0.00 secs] 
161.953: [GC (Allocation Failure) [PSYoungGen: 114748K->5120K(118272K)] 960573K->871424K(1035776K), 0.0029419 secs] [Times: user=0.00 sys=0.00, real=0.00 secs] 
161.956: [Full GC (Ergonomics) [PSYoungGen: 5120K->0K(118272K)] [ParOldGen: 866304K->26129K(917504K)] 871424K->26129K(1035776K), [Metaspace: 2796K->2796K(1056768K)], 0.0040213 secs] [Times: user=0.00 sys=0.00, real=0.00 secs] 
163.274: [GC (Allocation Failure) [PSYoungGen: 104509K->11264K(118272K)] 233038K->150033K(1035776K), 0.0018765 secs] [Times: user=0.00 sys=0.00, real=0.00 secs] 
164.475: [GC (Allocation Failure) [PSYoungGen: 115773K->11264K(118272K)] 356942K->252433K(1035776K), 0.0014243 secs] [Times: user=0.00 sys=0.00, real=0.00 secs] 
166.219: [GC (Allocation Failure) [PSYoungGen: 105533K->5120K(118272K)] 346702K->287249K(1035776K), 0.0028551 secs] [Times: user=0.00 sys=0.00, real=0.00 secs] 
167.528: [GC (Allocation Failure) [PSYoungGen: 109629K->10240K(118272K)] 494158K->405009K(1035776K), 0.0018252 secs] [Times: user=0.00 sys=0.00, real=0.00 secs] 
169.055: [GC (Allocation Failure) [PSYoungGen: 104509K->5120K(118272K)] 601678K->502289K(1035776K), 0.0010335 secs] [Times: user=0.00 sys=0.00, real=0.00 secs] 
170.364: [GC (Allocation Failure) [PSYoungGen: 109629K->10240K(118272K)] 709198K->614929K(1035776K), 0.0017881 secs] [Times: user=0.00 sys=0.00, real=0.00 secs] 
171.565: [GC (Allocation Failure) [PSYoungGen: 114749K->11264K(118272K)] 821838K->718353K(1035776K), 0.0013192 secs] [Times: user=0.00 sys=0.00, real=0.00 secs] 
172.985: [GC (Allocation Failure) [PSYoungGen: 110653K->5120K(118272K)] 920143K->814609K(1035776K), 0.0013599 secs] [Times: user=0.00 sys=0.00, real=0.00 secs] 
173.964: [Full GC (Ergonomics) [PSYoungGen: 109629K->0K(118272K)] [ParOldGen: 911889K->21504K(917504K)] 1021519K->21504K(1035776K), [Metaspace: 2796K->2796K(1056768K)], 0.0037556 secs] [Times: user=0.00 sys=0.00, real=0.00 secs] 
174.730: [GC (Allocation Failure) [PSYoungGen: 63549K->10240K(118272K)] 85053K->52224K(1035776K), 0.0024207 secs] [Times: user=0.02 sys=0.00, real=0.00 secs] 
176.048: [GC (Allocation Failure) [PSYoungGen: 114748K->10240K(118272K)] 259132K->169984K(1035776K), 0.0018432 secs] [Times: user=0.00 sys=0.00, real=0.00 secs] 
177.574: [GC (Allocation Failure) [PSYoungGen: 99389K->5120K(118272K)] 259133K->185344K(1035776K), 0.0025614 secs] [Times: user=0.02 sys=0.00, real=0.00 secs] 
178.879: [GC (Allocation Failure) [PSYoungGen: 109628K->10240K(118272K)] 392252K->354304K(1035776K), 0.0060031 secs] [Times: user=0.00 sys=0.00, real=0.01 secs] 
180.840: [GC (Allocation Failure) [PSYoungGen: 111677K->2048K(118272K)] 660541K->550912K(1035776K), 0.0013667 secs] [Times: user=0.01 sys=0.00, real=0.00 secs] 
181.826: [GC (Allocation Failure) [PSYoungGen: 75837K->6144K(118272K)] 624701K->575488K(1035776K), 0.0023600 secs] [Times: user=0.00 sys=0.00, real=0.00 secs] 
183.134: [GC (Allocation Failure) [PSYoungGen: 110652K->12288K(118272K)] 782397K->699392K(1035776K), 0.0025231 secs] [Times: user=0.00 sys=0.00, real=0.00 secs] 
184.552: [GC (Allocation Failure) [PSYoungGen: 111677K->10240K(118272K)] 901181K->809984K(1035776K), 0.0030538 secs] [Times: user=0.00 sys=0.00, real=0.00 secs] 
185.749: [Full GC (Ergonomics) [PSYoungGen: 114749K->0K(118272K)] [ParOldGen: 902144K->21504K(917504K)] 1016893K->21504K(1035776K), [Metaspace: 2796K->2796K(1056768K)], 0.0040250 secs] [Times: user=0.00 sys=0.00, real=0.00 secs] 
186.731: [GC (Allocation Failure) [PSYoungGen: 104509K->5120K(118272K)] 228413K->149504K(1035776K), 0.0021093 secs] [Times: user=0.00 sys=0.00, real=0.00 secs] 
187.496: [GC (Allocation Failure) [PSYoungGen: 68669K->5120K(118272K)] 213053K->169984K(1035776K), 0.0021900 secs] [Times: user=0.06 sys=0.00, real=0.00 secs] 
188.805: [GC (Allocation Failure) [PSYoungGen: 99388K->5120K(118272K)] 264252K->180224K(1035776K), 0.0013876 secs] [Times: user=0.00 sys=0.00, real=0.00 secs] 
190.005: [GC (Allocation Failure) [PSYoungGen: 109612K->10240K(118272K)] 387116K->292864K(1035776K), 0.0015853 secs] [Times: user=0.00 sys=0.00, real=0.00 secs] 
190.990: [GC (Allocation Failure) [PSYoungGen: 114738K->11296K(118272K)] 499762K->396320K(1035776K), 0.0012774 secs] [Times: user=0.00 sys=0.00, real=0.00 secs] 
193.172: [GC (Allocation Failure) [PSYoungGen: 105558K->11296K(118272K)] 490582K->416800K(1035776K), 0.0028999 secs] [Times: user=0.00 sys=0.00, real=0.00 secs] 
194.479: [GC (Allocation Failure) [PSYoungGen: 115800K->11296K(118272K)] 623704K->544800K(1035776K), 0.0026599 secs] [Times: user=0.00 sys=0.00, real=0.00 secs] 
195.898: [GC (Allocation Failure) [PSYoungGen: 105562K->10304K(118272K)] 741466K->646208K(1035776K), 0.0018959 secs] [Times: user=0.00 sys=0.00, real=0.00 secs] 
197.098: [GC (Allocation Failure) [PSYoungGen: 114811K->10272K(118272K)] 853115K->769056K(1035776K), 0.0029350 secs] [Times: user=0.00 sys=0.00, real=0.00 secs] 
198.080: [GC (Allocation Failure) [PSYoungGen: 114780K->10272K(118272K)] 975964K->922656K(1035776K), 0.0052693 secs] [Times: user=0.00 sys=0.00, real=0.01 secs] 
198.085: [Full GC (Ergonomics) [PSYoungGen: 10272K->0K(118272K)] [ParOldGen: 912384K->82449K(917504K)] 922656K->82449K(1035776K), [Metaspace: 2796K->2796K(1056768K)], 0.0078935 secs] [Times: user=0.00 sys=0.00, real=0.01 secs] 
198.860: [GC (Allocation Failure) [PSYoungGen: 63548K->5120K(118272K)] 145998K->108049K(1035776K), 0.0025469 secs] [Times: user=0.00 sys=0.00, real=0.00 secs] 
200.170: [GC (Allocation Failure) [PSYoungGen: 94244K->5120K(118272K)] 299574K->220689K(1035776K), 0.0015865 secs] [Times: user=0.00 sys=0.00, real=0.00 secs] 
201.373: [GC (Allocation Failure) [PSYoungGen: 109613K->11264K(118272K)] 427583K->334353K(1035776K), 0.0015136 secs] [Times: user=0.00 sys=0.00, real=0.00 secs] 
202.356: [GC (Allocation Failure) [PSYoungGen: 115762K->12288K(118272K)] 541252K->442897K(1035776K), 0.0015730 secs] [Times: user=0.02 sys=0.00, real=0.00 secs] 
204.537: [GC (Allocation Failure) [PSYoungGen: 116790K->5120K(118272K)] 547400K->466449K(1035776K), 0.0027009 secs] [Times: user=0.00 sys=0.00, real=0.00 secs] 
205.848: [GC (Allocation Failure) [PSYoungGen: 109624K->10240K(118272K)] 673354K->584209K(1035776K), 0.0017827 secs] [Times: user=0.00 sys=0.00, real=0.00 secs] 
207.267: [GC (Allocation Failure) [PSYoungGen: 99386K->5120K(118272K)] 775756K->681489K(1035776K), 0.0016666 secs] [Times: user=0.00 sys=0.00, real=0.00 secs] 
208.464: [GC (Allocation Failure) [PSYoungGen: 109627K->10240K(118272K)] 888397K->840210K(1035776K), 0.0053244 secs] [Times: user=0.00 sys=0.00, real=0.00 secs] 
208.900: [GC (Allocation Failure) [PSYoungGen: 104508K->5120K(118272K)] 934478K->886290K(1035776K), 0.0049710 secs] [Times: user=0.02 sys=0.00, real=0.00 secs] 
208.905: [Full GC (Ergonomics) [PSYoungGen: 5120K->0K(118272K)] [ParOldGen: 881170K->108049K(917504K)] 886290K->108049K(1035776K), [Metaspace: 2796K->2796K(1056768K)], 0.0090319 secs] [Times: user=0.00 sys=0.00, real=0.01 secs] 
209.248: [GC (Allocation Failure) [PSYoungGen: 104508K->1024K(118272K)] 212557K->211473K(1035776K), 0.0156612 secs] [Times: user=0.00 sys=0.00, real=0.02 secs] 
210.249: [GC (Allocation Failure) [PSYoungGen: 74797K->5120K(118272K)] 285247K->236049K(1035776K), 0.0022532 secs] [Times: user=0.00 sys=0.00, real=0.00 secs] 
211.663: [GC (Allocation Failure) [PSYoungGen: 109618K->5120K(118272K)] 442948K->358929K(1035776K), 0.0023224 secs] [Times: user=0.00 sys=0.00, real=0.00 secs] 
212.970: [GC (Allocation Failure) [PSYoungGen: 109622K->11264K(118272K)] 565832K->482833K(1035776K), 0.0019718 secs] [Times: user=0.00 sys=0.00, real=0.00 secs] 
214.170: [GC (Allocation Failure) [PSYoungGen: 115769K->11264K(118272K)] 689738K->585233K(1035776K), 0.0012178 secs] [Times: user=0.00 sys=0.00, real=0.00 secs] 
215.914: [GC (Allocation Failure) [PSYoungGen: 105530K->5120K(118272K)] 679500K->620049K(1035776K), 0.0026162 secs] [Times: user=0.00 sys=0.00, real=0.00 secs] 
217.217: [GC (Allocation Failure) [PSYoungGen: 109627K->10240K(118272K)] 826957K->737809K(1035776K), 0.0021413 secs] [Times: user=0.00 sys=0.00, real=0.00 secs] 
Heap
 PSYoungGen      total 118272K, used 106617K [0x00000000f8000000, 0x0000000100000000, 0x0000000100000000)
  eden space 105472K, 91% used [0x00000000f8000000,0x00000000fde1e748,0x00000000fe700000)
  from space 12800K, 80% used [0x00000000ff380000,0x00000000ffd80010,0x0000000100000000)
  to   space 12800K, 0% used [0x00000000fe700000,0x00000000fe700000,0x00000000ff380000)
 ParOldGen       total 917504K, used 829969K [0x00000000c0000000, 0x00000000f8000000, 0x00000000f8000000)
  object space 917504K, 90% used [0x00000000c0000000,0x00000000f2a847f0,0x00000000f8000000)
 Metaspace       used 2804K, capacity 4486K, committed 4864K, reserved 1056768K
  class space    used 297K, capacity 386K, committed 512K, reserved 1048576K
