Java HotSpot(TM) 64-Bit Server VM (25.411-b09) for windows-amd64 JRE (1.8.0_411-b09), built on Mar 13 2024 07:26:13 by "java_re" with MS VC++ 17.1 (VS2022)
Memory: 4k page, physical 33403376k(14441544k free), swap 36670664k(7375556k free)
CommandLine flags: -XX:InitialHeapSize=536870912 -XX:MaxHeapSize=536870912 -XX:NewRatio=9 -XX:ParallelGCThreads=6 -XX:+PrintGC -XX:+PrintGCDetails -XX:+PrintGCTimeStamps -XX:SurvivorRatio=6 -XX:-UseAdaptiveSizePolicy -XX:+UseCompressedClassPointers -XX:+UseCompressedOops -XX:-UseLargePagesIndividualAllocation -XX:+UseParallelGC 
0.935: [GC (Allocation Failure) [PSYoungGen: 34365K->5752K(46080K)] 34365K->10880K(518144K), 0.0026706 secs] [Times: user=0.00 sys=0.00, real=0.00 secs] 
2.073: [GC (Allocation Failure) [PSYoungGen: 44420K->1728K(46080K)] 223628K->191176K(518144K), 0.0027336 secs] [Times: user=0.00 sys=0.00, real=0.00 secs] 
3.208: [GC (Allocation Failure) [PSYoungGen: 40402K->3672K(46080K)] 403931K->372320K(518144K), 0.0020825 secs] [Times: user=0.00 sys=0.00, real=0.00 secs] 
3.865: [GC (Allocation Failure) [PSYoungGen: 35183K->2720K(46080K)] 403831K->376488K(518144K), 0.0023520 secs] [Times: user=0.00 sys=0.00, real=0.00 secs] 
5.175: [GC (Allocation Failure) [PSYoungGen: 40370K->5784K(46080K)] 414139K->384672K(518144K), 0.0020841 secs] [Times: user=0.00 sys=0.00, real=0.00 secs] 
5.739: [Full GC (Ergonomics) [PSYoungGen: 32169K->0K(46080K)] [ParOldGen: 450568K->67088K(472064K)] 482737K->67088K(518144K), [Metaspace: 2753K->2753K(1056768K)], 0.0112016 secs] [Times: user=0.00 sys=0.00, real=0.01 secs] 
6.739: [GC (Allocation Failure) [PSYoungGen: 33558K->5120K(46080K)] 203046K->179728K(518144K), 0.0016300 secs] [Times: user=0.00 sys=0.00, real=0.00 secs] 
8.591: [GC (Allocation Failure) [PSYoungGen: 44200K->32K(46080K)] 464569K->420408K(518144K), 0.0008639 secs] [Times: user=0.00 sys=0.00, real=0.00 secs] 
8.592: [GC (Allocation Failure) [PSYoungGen: 32K->32K(46080K)] 420408K->420408K(518144K), 0.0009060 secs] [Times: user=0.00 sys=0.00, real=0.00 secs] 
8.593: [Full GC (Allocation Failure) [PSYoungGen: 32K->0K(46080K)] [ParOldGen: 420376K->51728K(472064K)] 420408K->51728K(518144K), [Metaspace: 2759K->2759K(1056768K)], 0.0052252 secs] [Times: user=0.00 sys=0.00, real=0.01 secs] 
9.592: [GC (Allocation Failure) [PSYoungGen: 33563K->5120K(46080K)] 187692K->164368K(518144K), 0.0009223 secs] [Times: user=0.00 sys=0.00, real=0.00 secs] 
10.682: [GC (Allocation Failure) [PSYoungGen: 43804K->5120K(46080K)] 377133K->338448K(518144K), 0.0008888 secs] [Times: user=0.00 sys=0.00, real=0.00 secs] 
11.448: [GC (Allocation Failure) [PSYoungGen: 41757K->5120K(46080K)] 446766K->410129K(518144K), 0.0009658 secs] [Times: user=0.00 sys=0.00, real=0.00 secs] 
11.449: [GC (Allocation Failure) [PSYoungGen: 5120K->5120K(46080K)] 410129K->410129K(518144K), 0.0009038 secs] [Times: user=0.00 sys=0.00, real=0.00 secs] 
11.450: [Full GC (Allocation Failure) [PSYoungGen: 5120K->0K(46080K)] [ParOldGen: 405008K->215568K(472064K)] 410129K->215568K(518144K), [Metaspace: 2761K->2761K(1056768K)], 0.0115302 secs] [Times: user=0.02 sys=0.00, real=0.01 secs] 
12.880: [GC (Allocation Failure) [PSYoungGen: 32801K->5152K(46080K)] 422450K->394809K(518144K), 0.0008662 secs] [Times: user=0.00 sys=0.00, real=0.00 secs] 
12.881: [GC (Allocation Failure) [PSYoungGen: 5152K->5184K(46080K)] 394809K->394841K(518144K), 0.0008348 secs] [Times: user=0.00 sys=0.00, real=0.00 secs] 
12.882: [Full GC (Allocation Failure) [PSYoungGen: 5184K->0K(46080K)] [ParOldGen: 389656K->56849K(472064K)] 394841K->56849K(518144K), [Metaspace: 2763K->2763K(1056768K)], 0.0050400 secs] [Times: user=0.00 sys=0.00, real=0.01 secs] 
13.879: [GC (Allocation Failure) [PSYoungGen: 33566K->5120K(46080K)] 192815K->165393K(518144K), 0.0009132 secs] [Times: user=0.00 sys=0.00, real=0.00 secs] 
14.972: [GC (Allocation Failure) [PSYoungGen: 43806K->5120K(46080K)] 378159K->354833K(518144K), 0.0017332 secs] [Times: user=0.00 sys=0.00, real=0.00 secs] 
16.062: [GC (Allocation Failure) [PSYoungGen: 41758K->0K(46080K)] 391471K->359953K(518144K), 0.0014596 secs] [Times: user=0.00 sys=0.00, real=0.00 secs] 
16.718: [GC (Allocation Failure) [PSYoungGen: 31512K->5120K(46080K)] 391465K->370193K(518144K), 0.0013060 secs] [Times: user=0.00 sys=0.00, real=0.00 secs] 
17.155: [GC (Allocation Failure) [PSYoungGen: 26387K->5120K(46080K)] 463141K->441873K(518144K), 0.0008961 secs] [Times: user=0.00 sys=0.00, real=0.00 secs] 
17.156: [GC (Allocation Failure) [PSYoungGen: 5120K->5120K(46080K)] 441873K->441873K(518144K), 0.0008664 secs] [Times: user=0.00 sys=0.00, real=0.00 secs] 
17.157: [Full GC (Allocation Failure) [PSYoungGen: 5120K->0K(46080K)] [ParOldGen: 436753K->77329K(472064K)] 441873K->77329K(518144K), [Metaspace: 2768K->2768K(1056768K)], 0.0064022 secs] [Times: user=0.02 sys=0.00, real=0.01 secs] 
18.155: [GC (Allocation Failure) [PSYoungGen: 33559K->5120K(46080K)] 213288K->189969K(518144K), 0.0010352 secs] [Times: user=0.00 sys=0.00, real=0.00 secs] 
19.242: [GC (Allocation Failure) [PSYoungGen: 43802K->5120K(46080K)] 402731K->364049K(518144K), 0.0008686 secs] [Times: user=0.00 sys=0.00, real=0.00 secs] 
20.004: [GC (Allocation Failure) [PSYoungGen: 11035K->0K(46080K)] 421164K->410129K(518144K), 0.0008604 secs] [Times: user=0.00 sys=0.00, real=0.00 secs] 
20.005: [GC (Allocation Failure) [PSYoungGen: 0K->0K(46080K)] 410129K->410129K(518144K), 0.0007879 secs] [Times: user=0.00 sys=0.00, real=0.00 secs] 
20.006: [Full GC (Allocation Failure) [PSYoungGen: 0K->0K(46080K)] [ParOldGen: 410129K->51729K(472064K)] 410129K->51729K(518144K), [Metaspace: 2770K->2770K(1056768K)], 0.0049467 secs] [Times: user=0.00 sys=0.00, real=0.00 secs] 
21.004: [GC (Allocation Failure) [PSYoungGen: 33563K->5120K(46080K)] 187692K->164369K(518144K), 0.0009788 secs] [Times: user=0.02 sys=0.00, real=0.00 secs] 
22.102: [GC (Allocation Failure) [PSYoungGen: 43804K->1024K(46080K)] 377134K->339473K(518144K), 0.0008992 secs] [Times: user=0.00 sys=0.00, real=0.00 secs] 
22.868: [GC (Allocation Failure) [PSYoungGen: 37661K->5120K(46080K)] 447790K->416273K(518144K), 0.0009949 secs] [Times: user=0.00 sys=0.00, real=0.00 secs] 
22.869: [GC (Allocation Failure) [PSYoungGen: 5120K->5120K(46080K)] 416273K->416273K(518144K), 0.0007148 secs] [Times: user=0.00 sys=0.00, real=0.00 secs] 
22.870: [Full GC (Allocation Failure) [PSYoungGen: 5120K->0K(46080K)] [ParOldGen: 411153K->165393K(472064K)] 416273K->165393K(518144K), [Metaspace: 2779K->2779K(1056768K)], 0.0120455 secs] [Times: user=0.01 sys=0.00, real=0.01 secs] 
24.742: [GC (Allocation Failure) [PSYoungGen: 35614K->5120K(46080K)] 477487K->462353K(518144K), 0.0027462 secs] [Times: user=0.00 sys=0.00, real=0.00 secs] 
24.745: [Full GC (Ergonomics) [PSYoungGen: 5120K->0K(46080K)] [ParOldGen: 457233K->15889K(472064K)] 462353K->15889K(518144K), [Metaspace: 2779K->2779K(1056768K)], 0.0030046 secs] [Times: user=0.00 sys=0.00, real=0.00 secs] 
25.396: [GC (Allocation Failure) [PSYoungGen: 36638K->0K(46080K)] 52527K->26129K(518144K), 0.0012841 secs] [Times: user=0.00 sys=0.00, real=0.00 secs] 
26.162: [GC (Allocation Failure) [PSYoungGen: 38680K->5120K(46080K)] 218409K->195089K(518144K), 0.0015534 secs] [Times: user=0.00 sys=0.00, real=0.00 secs] 
26.816: [GC (Allocation Failure) [PSYoungGen: 41754K->5120K(46080K)] 231723K->205329K(518144K), 0.0014327 secs] [Times: user=0.00 sys=0.00, real=0.00 secs] 
27.697: [GC (Allocation Failure) [PSYoungGen: 41750K->5120K(46080K)] 241959K->205329K(518144K), 0.0008361 secs] [Times: user=0.00 sys=0.00, real=0.00 secs] 
28.243: [GC (Allocation Failure) [PSYoungGen: 36795K->5184K(46080K)] 237005K->215641K(518144K), 0.0012798 secs] [Times: user=0.00 sys=0.00, real=0.00 secs] 
29.005: [GC (Allocation Failure) [PSYoungGen: 43854K->5184K(46080K)] 407912K->374369K(518144K), 0.0012402 secs] [Times: user=0.00 sys=0.00, real=0.00 secs] 
29.664: [GC (Allocation Failure) [PSYoungGen: 41812K->5184K(46080K)] 410997K->389729K(518144K), 0.0017983 secs] [Times: user=0.00 sys=0.00, real=0.00 secs] 
29.992: [Full GC (Ergonomics) [PSYoungGen: 36690K->0K(46080K)] [ParOldGen: 435745K->113169K(472064K)] 472435K->113169K(518144K), [Metaspace: 2793K->2793K(1056768K)], 0.0090714 secs] [Times: user=0.00 sys=0.00, real=0.01 secs] 
31.866: [GC (Allocation Failure) [PSYoungGen: 35606K->5120K(46080K)] 353575K->324113K(518144K), 0.0011303 secs] [Times: user=0.00 sys=0.00, real=0.00 secs] 
32.521: [GC (Allocation Failure) [PSYoungGen: 41753K->5120K(46080K)] 360746K->334353K(518144K), 0.0015109 secs] [Times: user=0.00 sys=0.00, real=0.00 secs] 
32.849: [GC (Allocation Failure) [PSYoungGen: 36629K->5120K(46080K)] 417062K->385553K(518144K), 0.0007995 secs] [Times: user=0.00 sys=0.00, real=0.00 secs] 
32.850: [GC (Allocation Failure) [PSYoungGen: 5120K->5120K(46080K)] 385553K->385553K(518144K), 0.0007709 secs] [Times: user=0.00 sys=0.00, real=0.00 secs] 
32.851: [Full GC (Allocation Failure) [PSYoungGen: 5120K->0K(46080K)] [ParOldGen: 380433K->57873K(472064K)] 385553K->57873K(518144K), [Metaspace: 2793K->2793K(1056768K)], 0.0052855 secs] [Times: user=0.00 sys=0.00, real=0.00 secs] 
33.849: [GC (Allocation Failure) [PSYoungGen: 33560K->5120K(46080K)] 193834K->166417K(518144K), 0.0008599 secs] [Times: user=0.00 sys=0.00, real=0.00 secs] 
35.377: [GC (Allocation Failure) [PSYoungGen: 43802K->0K(46080K)] 379180K->345617K(518144K), 0.0014644 secs] [Times: user=0.00 sys=0.00, real=0.00 secs] 
35.704: [GC (Allocation Failure) [PSYoungGen: 31516K->0K(46080K)] 428333K->407057K(518144K), 0.0013636 secs] [Times: user=0.00 sys=0.00, real=0.00 secs] 
35.706: [GC (Allocation Failure) [PSYoungGen: 0K->0K(46080K)] 407057K->407057K(518144K), 0.0009106 secs] [Times: user=0.00 sys=0.00, real=0.00 secs] 
35.707: [Full GC (Allocation Failure) [PSYoungGen: 0K->0K(46080K)] [ParOldGen: 407057K->61969K(472064K)] 407057K->61969K(518144K), [Metaspace: 2793K->2793K(1056768K)], 0.0058044 secs] [Times: user=0.00 sys=0.00, real=0.01 secs] 
36.701: [GC (Allocation Failure) [PSYoungGen: 33565K->5120K(46080K)] 197934K->174609K(518144K), 0.0009649 secs] [Times: user=0.00 sys=0.00, real=0.00 secs] 
37.791: [GC (Allocation Failure) [PSYoungGen: 43805K->5120K(46080K)] 387375K->353809K(518144K), 0.0010532 secs] [Times: user=0.00 sys=0.00, real=0.00 secs] 
39.102: [GC (Allocation Failure) [PSYoungGen: 41758K->0K(46080K)] 462127K->420369K(518144K), 0.0012528 secs] [Times: user=0.00 sys=0.00, real=0.00 secs] 
39.648: [GC (Allocation Failure) [PSYoungGen: 31518K->5120K(46080K)] 451887K->435729K(518144K), 0.0015104 secs] [Times: user=0.00 sys=0.00, real=0.00 secs] 
39.868: [GC (Allocation Failure) [PSYoungGen: 36631K->5120K(46080K)] 467240K->456209K(518144K), 0.0023991 secs] [Times: user=0.00 sys=0.00, real=0.00 secs] 
39.870: [Full GC (Ergonomics) [PSYoungGen: 5120K->0K(46080K)] [ParOldGen: 451089K->26129K(472064K)] 456209K->26129K(518144K), [Metaspace: 2793K->2793K(1056768K)], 0.0032577 secs] [Times: user=0.00 sys=0.00, real=0.00 secs] 
40.961: [GC (Allocation Failure) [PSYoungGen: 33555K->5120K(46080K)] 213284K->189969K(518144K), 0.0011273 secs] [Times: user=0.00 sys=0.00, real=0.00 secs] 
42.055: [GC (Allocation Failure) [PSYoungGen: 43799K->1024K(46080K)] 402728K->365073K(518144K), 0.0008559 secs] [Times: user=0.00 sys=0.00, real=0.00 secs] 
43.584: [GC (Allocation Failure) [PSYoungGen: 39705K->1024K(46080K)] 403755K->370193K(518144K), 0.0010186 secs] [Times: user=0.00 sys=0.00, real=0.00 secs] 
44.239: [Full GC (Ergonomics) [PSYoungGen: 32533K->0K(46080K)] [ParOldGen: 440849K->62993K(472064K)] 473383K->62993K(518144K), [Metaspace: 2795K->2795K(1056768K)], 0.0059132 secs] [Times: user=0.00 sys=0.00, real=0.00 secs] 
45.242: [GC (Allocation Failure) [PSYoungGen: 33561K->5120K(46080K)] 198954K->175633K(518144K), 0.0011014 secs] [Times: user=0.00 sys=0.00, real=0.00 secs] 
46.768: [GC (Allocation Failure) [PSYoungGen: 38683K->5120K(46080K)] 383276K->349713K(518144K), 0.0008336 secs] [Times: user=0.00 sys=0.00, real=0.00 secs] 
47.097: [GC (Allocation Failure) [PSYoungGen: 36636K->0K(46080K)] 432429K->416273K(518144K), 0.0021290 secs] [Times: user=0.02 sys=0.00, real=0.00 secs] 
47.099: [GC (Allocation Failure) [PSYoungGen: 0K->0K(46080K)] 416273K->416273K(518144K), 0.0008402 secs] [Times: user=0.00 sys=0.00, real=0.00 secs] 
47.101: [Full GC (Allocation Failure) [PSYoungGen: 0K->0K(46080K)] [ParOldGen: 416273K->72209K(472064K)] 416273K->72209K(518144K), [Metaspace: 2795K->2795K(1056768K)], 0.0059353 secs] [Times: user=0.00 sys=0.00, real=0.00 secs] 
48.097: [GC (Allocation Failure) [PSYoungGen: 33565K->5120K(46080K)] 208174K->184849K(518144K), 0.0010209 secs] [Times: user=0.00 sys=0.00, real=0.00 secs] 
49.188: [GC (Allocation Failure) [PSYoungGen: 43805K->5120K(46080K)] 397615K->364049K(518144K), 0.0010215 secs] [Times: user=0.00 sys=0.00, real=0.00 secs] 
49.950: [GC (Allocation Failure) [PSYoungGen: 41758K->5120K(46080K)] 472367K->435729K(518144K), 0.0008964 secs] [Times: user=0.00 sys=0.00, real=0.00 secs] 
49.951: [GC (Allocation Failure) [PSYoungGen: 5120K->5120K(46080K)] 435729K->435729K(518144K), 0.0008168 secs] [Times: user=0.00 sys=0.00, real=0.00 secs] 
49.952: [Full GC (Allocation Failure) [PSYoungGen: 5120K->0K(46080K)] [ParOldGen: 430609K->133649K(472064K)] 435729K->133649K(518144K), [Metaspace: 2795K->2795K(1056768K)], 0.0101568 secs] [Times: user=0.00 sys=0.00, real=0.01 secs] 
51.714: [GC (Allocation Failure) [PSYoungGen: 38686K->2048K(46080K)] 448815K->417297K(518144K), 0.0012994 secs] [Times: user=0.00 sys=0.00, real=0.00 secs] 
52.367: [GC (Allocation Failure) [PSYoungGen: 33566K->5120K(46080K)] 448816K->426513K(518144K), 0.0012562 secs] [Times: user=0.00 sys=0.00, real=0.00 secs] 
52.695: [GC (Allocation Failure) [PSYoungGen: 26391K->0K(46080K)] 468265K->441873K(518144K), 0.0010702 secs] [Times: user=0.00 sys=0.00, real=0.00 secs] 
52.696: [Full GC (Ergonomics) [PSYoungGen: 0K->0K(46080K)] [ParOldGen: 441873K->32273K(472064K)] 441873K->32273K(518144K), [Metaspace: 2795K->2795K(1056768K)], 0.0039818 secs] [Times: user=0.00 sys=0.00, real=0.00 secs] 
53.785: [GC (Allocation Failure) [PSYoungGen: 33562K->5120K(46080K)] 219435K->192017K(518144K), 0.0012427 secs] [Times: user=0.00 sys=0.00, real=0.00 secs] 
55.093: [GC (Allocation Failure) [PSYoungGen: 42779K->5120K(46080K)] 229677K->197137K(518144K), 0.0009515 secs] [Times: user=0.00 sys=0.00, real=0.00 secs] 
56.190: [GC (Allocation Failure) [PSYoungGen: 43798K->5120K(46080K)] 409896K->391697K(518144K), 0.0020989 secs] [Times: user=0.00 sys=0.00, real=0.00 secs] 
56.731: [GC (Allocation Failure) [PSYoungGen: 36633K->0K(46080K)] 423211K->396817K(518144K), 0.0014111 secs] [Times: user=0.00 sys=0.00, real=0.00 secs] 
57.058: [Full GC (Ergonomics) [PSYoungGen: 31508K->0K(46080K)] [ParOldGen: 448017K->92689K(472064K)] 479526K->92689K(518144K), [Metaspace: 2796K->2796K(1056768K)], 0.0074586 secs] [Times: user=0.00 sys=0.00, real=0.01 secs] 
58.712: [GC (Allocation Failure) [PSYoungGen: 39704K->1024K(46080K)] 388393K->349713K(518144K), 0.0007022 secs] [Times: user=0.00 sys=0.00, real=0.00 secs] 
59.474: [GC (Allocation Failure) [PSYoungGen: 33562K->5120K(46080K)] 382251K->358929K(518144K), 0.0010984 secs] [Times: user=0.00 sys=0.00, real=0.00 secs] 
59.913: [GC (Allocation Failure) [PSYoungGen: 26389K->0K(46080K)] 451878K->425489K(518144K), 0.0007717 secs] [Times: user=0.00 sys=0.00, real=0.00 secs] 
59.914: [GC (Allocation Failure) [PSYoungGen: 0K->0K(46080K)] 425489K->425489K(518144K), 0.0006945 secs] [Times: user=0.00 sys=0.00, real=0.00 secs] 
59.914: [Full GC (Allocation Failure) [PSYoungGen: 0K->0K(46080K)] [ParOldGen: 425489K->108049K(472064K)] 425489K->108049K(518144K), [Metaspace: 2796K->2796K(1056768K)], 0.0083769 secs] [Times: user=0.00 sys=0.00, real=0.01 secs] 
60.913: [GC (Allocation Failure) [PSYoungGen: 33560K->5120K(46080K)] 244009K->220689K(518144K), 0.0009737 secs] [Times: user=0.00 sys=0.00, real=0.00 secs] 
62.332: [GC (Allocation Failure) [PSYoungGen: 37658K->5120K(46080K)] 427308K->399889K(518144K), 0.0010297 secs] [Times: user=0.00 sys=0.00, real=0.00 secs] 
62.767: [Full GC (Ergonomics) [PSYoungGen: 26396K->0K(46080K)] [ParOldGen: 466449K->56849K(472064K)] 492845K->56849K(518144K), [Metaspace: 2796K->2796K(1056768K)], 0.0058305 secs] [Times: user=0.01 sys=0.00, real=0.01 secs] 
63.751: [GC (Allocation Failure) [PSYoungGen: 33565K->5120K(46080K)] 192814K->165393K(518144K), 0.0008049 secs] [Times: user=0.00 sys=0.00, real=0.00 secs] 
64.841: [GC (Allocation Failure) [PSYoungGen: 43805K->5120K(46080K)] 378159K->354833K(518144K), 0.0017703 secs] [Times: user=0.00 sys=0.00, real=0.00 secs] 
65.933: [GC (Allocation Failure) [PSYoungGen: 41758K->0K(46080K)] 391471K->359953K(518144K), 0.0014022 secs] [Times: user=0.00 sys=0.00, real=0.00 secs] 
66.587: [GC (Allocation Failure) [PSYoungGen: 31512K->5120K(46080K)] 391465K->370193K(518144K), 0.0012964 secs] [Times: user=0.00 sys=0.00, real=0.00 secs] 
67.023: [GC (Allocation Failure) [PSYoungGen: 26387K->5120K(46080K)] 463141K->441873K(518144K), 0.0014170 secs] [Times: user=0.00 sys=0.00, real=0.00 secs] 
67.025: [Full GC (Ergonomics) [PSYoungGen: 5120K->0K(46080K)] [ParOldGen: 436753K->77329K(472064K)] 441873K->77329K(518144K), [Metaspace: 2796K->2796K(1056768K)], 0.0066430 secs] [Times: user=0.00 sys=0.00, real=0.01 secs] 
68.021: [GC (Allocation Failure) [PSYoungGen: 33559K->5120K(46080K)] 213288K->189969K(518144K), 0.0010371 secs] [Times: user=0.00 sys=0.00, real=0.00 secs] 
69.112: [GC (Allocation Failure) [PSYoungGen: 43802K->5120K(46080K)] 402731K->364049K(518144K), 0.0010191 secs] [Times: user=0.00 sys=0.00, real=0.00 secs] 
69.878: [GC (Allocation Failure) [PSYoungGen: 11035K->0K(46080K)] 421165K->410129K(518144K), 0.0011775 secs] [Times: user=0.00 sys=0.00, real=0.00 secs] 
69.879: [GC (Allocation Failure) [PSYoungGen: 0K->0K(46080K)] 410129K->410129K(518144K), 0.0009027 secs] [Times: user=0.00 sys=0.00, real=0.00 secs] 
69.880: [Full GC (Allocation Failure) [PSYoungGen: 0K->0K(46080K)] [ParOldGen: 410129K->51729K(472064K)] 410129K->51729K(518144K), [Metaspace: 2796K->2796K(1056768K)], 0.0046662 secs] [Times: user=0.00 sys=0.00, real=0.00 secs] 
70.876: [GC (Allocation Failure) [PSYoungGen: 33563K->5120K(46080K)] 187693K->164369K(518144K), 0.0013233 secs] [Times: user=0.00 sys=0.00, real=0.00 secs] 
71.971: [GC (Allocation Failure) [PSYoungGen: 43804K->1024K(46080K)] 377134K->344593K(518144K), 0.0012800 secs] [Times: user=0.00 sys=0.00, real=0.00 secs] 
72.732: [GC (Allocation Failure) [PSYoungGen: 37661K->1024K(46080K)] 452910K->421393K(518144K), 0.0008065 secs] [Times: user=0.00 sys=0.00, real=0.00 secs] 
72.733: [GC (Allocation Failure) [PSYoungGen: 1024K->1024K(46080K)] 421393K->421393K(518144K), 0.0006996 secs] [Times: user=0.00 sys=0.00, real=0.00 secs] 
72.734: [Full GC (Allocation Failure) [PSYoungGen: 1024K->0K(46080K)] [ParOldGen: 420369K->165393K(472064K)] 421393K->165393K(518144K), [Metaspace: 2796K->2796K(1056768K)], 0.0120826 secs] [Times: user=0.00 sys=0.00, real=0.01 secs] 
74.610: [Full GC (Ergonomics) [PSYoungGen: 35613K->0K(46080K)] [ParOldGen: 441873K->16384K(472064K)] 477487K->16384K(518144K), [Metaspace: 2796K->2796K(1056768K)], 0.0030387 secs] [Times: user=0.00 sys=0.00, real=0.00 secs] 
75.265: [GC (Allocation Failure) [PSYoungGen: 36638K->0K(46080K)] 53022K->26624K(518144K), 0.0011213 secs] [Times: user=0.00 sys=0.00, real=0.00 secs] 
76.031: [GC (Allocation Failure) [PSYoungGen: 38680K->5120K(46080K)] 218904K->195584K(518144K), 0.0013489 secs] [Times: user=0.00 sys=0.00, real=0.00 secs] 
76.685: [GC (Allocation Failure) [PSYoungGen: 41754K->5120K(46080K)] 232218K->205824K(518144K), 0.0018895 secs] [Times: user=0.00 sys=0.00, real=0.00 secs] 
77.562: [GC (Allocation Failure) [PSYoungGen: 41750K->5120K(46080K)] 242454K->205824K(518144K), 0.0010437 secs] [Times: user=0.00 sys=0.00, real=0.00 secs] 
78.109: [GC (Allocation Failure) [PSYoungGen: 36627K->5120K(46080K)] 237331K->216064K(518144K), 0.0016994 secs] [Times: user=0.00 sys=0.00, real=0.00 secs] 
78.874: [GC (Allocation Failure) [PSYoungGen: 43792K->5120K(46080K)] 408336K->374784K(518144K), 0.0011799 secs] [Times: user=0.00 sys=0.00, real=0.00 secs] 
79.530: [GC (Allocation Failure) [PSYoungGen: 41749K->5120K(46080K)] 411413K->385024K(518144K), 0.0016605 secs] [Times: user=0.00 sys=0.00, real=0.00 secs] 
79.859: [GC (Allocation Failure) [PSYoungGen: 36626K->5120K(46080K)] 467730K->436224K(518144K), 0.0012868 secs] [Times: user=0.00 sys=0.00, real=0.00 secs] 
79.861: [GC (Allocation Failure) [PSYoungGen: 5120K->5120K(46080K)] 436224K->436224K(518144K), 0.0011714 secs] [Times: user=0.00 sys=0.00, real=0.00 secs] 
79.862: [Full GC (Allocation Failure) [PSYoungGen: 5120K->0K(46080K)] [ParOldGen: 431104K->113169K(472064K)] 436224K->113169K(518144K), [Metaspace: 2796K->2796K(1056768K)], 0.0089327 secs] [Times: user=0.02 sys=0.00, real=0.01 secs] 
81.730: [GC (Allocation Failure) [PSYoungGen: 35606K->1024K(46080K)] 353576K->324113K(518144K), 0.0008583 secs] [Times: user=0.00 sys=0.00, real=0.00 secs] 
82.384: [GC (Allocation Failure) [PSYoungGen: 37657K->5120K(46080K)] 360747K->339473K(518144K), 0.0015578 secs] [Times: user=0.00 sys=0.00, real=0.00 secs] 
82.711: [GC (Allocation Failure) [PSYoungGen: 36629K->5120K(46080K)] 422182K->390673K(518144K), 0.0010548 secs] [Times: user=0.00 sys=0.00, real=0.00 secs] 
82.712: [GC (Allocation Failure) [PSYoungGen: 5120K->5120K(46080K)] 390673K->390673K(518144K), 0.0007896 secs] [Times: user=0.00 sys=0.00, real=0.00 secs] 
82.713: [Full GC (Allocation Failure) [PSYoungGen: 5120K->0K(46080K)] [ParOldGen: 385553K->57873K(472064K)] 390673K->57873K(518144K), [Metaspace: 2796K->2796K(1056768K)], 0.0053980 secs] [Times: user=0.00 sys=0.00, real=0.01 secs] 
83.707: [GC (Allocation Failure) [PSYoungGen: 33560K->5120K(46080K)] 193834K->166417K(518144K), 0.0010153 secs] [Times: user=0.00 sys=0.00, real=0.00 secs] 
85.235: [GC (Allocation Failure) [PSYoungGen: 43802K->0K(46080K)] 379180K->345617K(518144K), 0.0014970 secs] [Times: user=0.00 sys=0.00, real=0.00 secs] 
85.560: [GC (Allocation Failure) [PSYoungGen: 31516K->0K(46080K)] 428333K->407057K(518144K), 0.0013399 secs] [Times: user=0.00 sys=0.00, real=0.00 secs] 
85.562: [GC (Allocation Failure) [PSYoungGen: 0K->0K(46080K)] 407057K->407057K(518144K), 0.0009045 secs] [Times: user=0.00 sys=0.00, real=0.00 secs] 
85.563: [Full GC (Allocation Failure) [PSYoungGen: 0K->0K(46080K)] [ParOldGen: 407057K->61969K(472064K)] 407057K->61969K(518144K), [Metaspace: 2796K->2796K(1056768K)], 0.0059598 secs] [Times: user=0.00 sys=0.00, real=0.01 secs] 
86.555: [GC (Allocation Failure) [PSYoungGen: 33565K->5120K(46080K)] 197934K->174609K(518144K), 0.0010310 secs] [Times: user=0.00 sys=0.00, real=0.00 secs] 
87.647: [GC (Allocation Failure) [PSYoungGen: 43805K->5120K(46080K)] 387375K->358929K(518144K), 0.0013506 secs] [Times: user=0.00 sys=0.00, real=0.00 secs] 
88.955: [GC (Allocation Failure) [PSYoungGen: 41758K->0K(46080K)] 467247K->425489K(518144K), 0.0012043 secs] [Times: user=0.00 sys=0.00, real=0.00 secs] 
89.502: [GC (Allocation Failure) [PSYoungGen: 31518K->5120K(46080K)] 457007K->440849K(518144K), 0.0014323 secs] [Times: user=0.00 sys=0.00, real=0.00 secs] 
89.504: [Full GC (Ergonomics) [PSYoungGen: 5120K->0K(46080K)] [ParOldGen: 435729K->15889K(472064K)] 440849K->15889K(518144K), [Metaspace: 2796K->2796K(1056768K)], 0.0029844 secs] [Times: user=0.00 sys=0.00, real=0.00 secs] 
90.267: [GC (Allocation Failure) [PSYoungGen: 38679K->5120K(46080K)] 208168K->174609K(518144K), 0.0008583 secs] [Times: user=0.00 sys=0.00, real=0.00 secs] 
90.926: [GC (Allocation Failure) [PSYoungGen: 41754K->5120K(46080K)] 211243K->184849K(518144K), 0.0013186 secs] [Times: user=0.00 sys=0.02, real=0.00 secs] 
91.694: [GC (Allocation Failure) [PSYoungGen: 43797K->1024K(46080K)] 377127K->344593K(518144K), 0.0010968 secs] [Times: user=0.00 sys=0.00, real=0.00 secs] 
93.218: [GC (Allocation Failure) [PSYoungGen: 39704K->1024K(46080K)] 383274K->349713K(518144K), 0.0009691 secs] [Times: user=0.00 sys=0.00, real=0.00 secs] 
93.765: [GC (Allocation Failure) [PSYoungGen: 32533K->1024K(46080K)] 381222K->370193K(518144K), 0.0014775 secs] [Times: user=0.00 sys=0.00, real=0.00 secs] 
94.090: [GC (Allocation Failure) [PSYoungGen: 32529K->1024K(46080K)] 452899K->421393K(518144K), 0.0010949 secs] [Times: user=0.00 sys=0.00, real=0.00 secs] 
94.092: [GC (Allocation Failure) [PSYoungGen: 1024K->1024K(46080K)] 421393K->421393K(518144K), 0.0010573 secs] [Times: user=0.00 sys=0.00, real=0.00 secs] 
94.093: [Full GC (Allocation Failure) [PSYoungGen: 1024K->0K(46080K)] [ParOldGen: 420369K->62993K(472064K)] 421393K->62993K(518144K), [Metaspace: 2796K->2796K(1056768K)], 0.0056542 secs] [Times: user=0.00 sys=0.00, real=0.01 secs] 
95.089: [GC (Allocation Failure) [PSYoungGen: 33558K->5120K(46080K)] 198951K->175633K(518144K), 0.0010662 secs] [Times: user=0.00 sys=0.00, real=0.00 secs] 
96.615: [GC (Allocation Failure) [PSYoungGen: 38681K->5120K(46080K)] 383274K->349713K(518144K), 0.0009999 secs] [Times: user=0.00 sys=0.00, real=0.00 secs] 
96.941: [GC (Allocation Failure) [PSYoungGen: 36635K->0K(46080K)] 432428K->416273K(518144K), 0.0022351 secs] [Times: user=0.02 sys=0.00, real=0.00 secs] 
96.943: [GC (Allocation Failure) [PSYoungGen: 0K->0K(46080K)] 416273K->416273K(518144K), 0.0008823 secs] [Times: user=0.00 sys=0.00, real=0.00 secs] 
96.944: [Full GC (Allocation Failure) [PSYoungGen: 0K->0K(46080K)] [ParOldGen: 416273K->72209K(472064K)] 416273K->72209K(518144K), [Metaspace: 2796K->2796K(1056768K)], 0.0061427 secs] [Times: user=0.00 sys=0.00, real=0.01 secs] 
97.942: [GC (Allocation Failure) [PSYoungGen: 33564K->5120K(46080K)] 208173K->184849K(518144K), 0.0009050 secs] [Times: user=0.00 sys=0.00, real=0.00 secs] 
99.032: [GC (Allocation Failure) [PSYoungGen: 43805K->5120K(46080K)] 397614K->364049K(518144K), 0.0012442 secs] [Times: user=0.00 sys=0.00, real=0.00 secs] 
99.798: [GC (Allocation Failure) [PSYoungGen: 41757K->5120K(46080K)] 472367K->435729K(518144K), 0.0011187 secs] [Times: user=0.00 sys=0.00, real=0.00 secs] 
99.799: [GC (Allocation Failure) [PSYoungGen: 5120K->5120K(46080K)] 435729K->435729K(518144K), 0.0008560 secs] [Times: user=0.00 sys=0.00, real=0.00 secs] 
99.800: [Full GC (Allocation Failure) [PSYoungGen: 5120K->0K(46080K)] [ParOldGen: 430609K->133649K(472064K)] 435729K->133649K(518144K), [Metaspace: 2796K->2796K(1056768K)], 0.0100548 secs] [Times: user=0.02 sys=0.00, real=0.01 secs] 
101.564: [GC (Allocation Failure) [PSYoungGen: 38686K->2048K(46080K)] 448815K->417297K(518144K), 0.0009458 secs] [Times: user=0.00 sys=0.00, real=0.00 secs] 
102.217: [GC (Allocation Failure) [PSYoungGen: 33566K->5120K(46080K)] 448815K->426513K(518144K), 0.0012432 secs] [Times: user=0.00 sys=0.00, real=0.00 secs] 
102.544: [GC (Allocation Failure) [PSYoungGen: 26391K->0K(46080K)] 468265K->441873K(518144K), 0.0010108 secs] [Times: user=0.00 sys=0.00, real=0.00 secs] 
102.545: [Full GC (Ergonomics) [PSYoungGen: 0K->0K(46080K)] [ParOldGen: 441873K->32273K(472064K)] 441873K->32273K(518144K), [Metaspace: 2796K->2796K(1056768K)], 0.0039417 secs] [Times: user=0.00 sys=0.00, real=0.00 secs] 
103.637: [GC (Allocation Failure) [PSYoungGen: 33562K->5120K(46080K)] 219435K->192017K(518144K), 0.0008958 secs] [Times: user=0.00 sys=0.00, real=0.00 secs] 
104.947: [GC (Allocation Failure) [PSYoungGen: 42779K->5120K(46080K)] 229677K->197137K(518144K), 0.0010031 secs] [Times: user=0.00 sys=0.00, real=0.00 secs] 
106.036: [GC (Allocation Failure) [PSYoungGen: 43798K->5120K(46080K)] 409896K->386577K(518144K), 0.0017271 secs] [Times: user=0.00 sys=0.00, real=0.00 secs] 
106.579: [GC (Allocation Failure) [PSYoungGen: 36633K->0K(46080K)] 418091K->391697K(518144K), 0.0011955 secs] [Times: user=0.00 sys=0.00, real=0.00 secs] 
106.907: [Full GC (Ergonomics) [PSYoungGen: 31508K->0K(46080K)] [ParOldGen: 442897K->92689K(472064K)] 474405K->92689K(518144K), [Metaspace: 2796K->2796K(1056768K)], 0.0074023 secs] [Times: user=0.00 sys=0.00, real=0.01 secs] 
108.559: [GC (Allocation Failure) [PSYoungGen: 39704K->1024K(46080K)] 388393K->349713K(518144K), 0.0007111 secs] [Times: user=0.00 sys=0.00, real=0.00 secs] 
109.325: [GC (Allocation Failure) [PSYoungGen: 33562K->5120K(46080K)] 382251K->358929K(518144K), 0.0013189 secs] [Times: user=0.00 sys=0.00, real=0.00 secs] 
109.760: [GC (Allocation Failure) [PSYoungGen: 26389K->5120K(46080K)] 451878K->430609K(518144K), 0.0009936 secs] [Times: user=0.00 sys=0.00, real=0.00 secs] 
109.761: [GC (Allocation Failure) [PSYoungGen: 5120K->5120K(46080K)] 430609K->430609K(518144K), 0.0010216 secs] [Times: user=0.00 sys=0.00, real=0.00 secs] 
109.762: [Full GC (Allocation Failure) [PSYoungGen: 5120K->0K(46080K)] [ParOldGen: 425489K->108049K(472064K)] 430609K->108049K(518144K), [Metaspace: 2796K->2796K(1056768K)], 0.0086260 secs] [Times: user=0.00 sys=0.00, real=0.01 secs] 
110.764: [GC (Allocation Failure) [PSYoungGen: 33560K->5120K(46080K)] 244009K->220689K(518144K), 0.0009590 secs] [Times: user=0.00 sys=0.00, real=0.00 secs] 
112.184: [GC (Allocation Failure) [PSYoungGen: 37658K->5120K(46080K)] 427308K->399889K(518144K), 0.0010438 secs] [Times: user=0.00 sys=0.00, real=0.00 secs] 
112.621: [Full GC (Ergonomics) [PSYoungGen: 26396K->0K(46080K)] [ParOldGen: 466449K->56849K(472064K)] 492845K->56849K(518144K), [Metaspace: 2796K->2796K(1056768K)], 0.0054471 secs] [Times: user=0.00 sys=0.00, real=0.01 secs] 
113.621: [GC (Allocation Failure) [PSYoungGen: 33565K->1024K(46080K)] 192814K->165393K(518144K), 0.0009384 secs] [Times: user=0.00 sys=0.00, real=0.00 secs] 
114.708: [GC (Allocation Failure) [PSYoungGen: 39709K->5120K(46080K)] 378159K->359953K(518144K), 0.0021331 secs] [Times: user=0.00 sys=0.00, real=0.00 secs] 
115.801: [GC (Allocation Failure) [PSYoungGen: 41758K->0K(46080K)] 396591K->365073K(518144K), 0.0012165 secs] [Times: user=0.00 sys=0.00, real=0.00 secs] 
116.456: [GC (Allocation Failure) [PSYoungGen: 31512K->5120K(46080K)] 396585K->375313K(518144K), 0.0012699 secs] [Times: user=0.00 sys=0.00, real=0.00 secs] 
116.893: [GC (Allocation Failure) [PSYoungGen: 26387K->0K(46080K)] 468261K->441873K(518144K), 0.0012175 secs] [Times: user=0.00 sys=0.00, real=0.00 secs] 
116.894: [Full GC (Ergonomics) [PSYoungGen: 0K->0K(46080K)] [ParOldGen: 441873K->77329K(472064K)] 441873K->77329K(518144K), [Metaspace: 2796K->2796K(1056768K)], 0.0065207 secs] [Times: user=0.02 sys=0.00, real=0.01 secs] 
117.890: [GC (Allocation Failure) [PSYoungGen: 33559K->5120K(46080K)] 213288K->189969K(518144K), 0.0009824 secs] [Times: user=0.00 sys=0.00, real=0.00 secs] 
118.980: [GC (Allocation Failure) [PSYoungGen: 43802K->5120K(46080K)] 402731K->369169K(518144K), 0.0014030 secs] [Times: user=0.00 sys=0.00, real=0.00 secs] 
119.743: [GC (Allocation Failure) [PSYoungGen: 11035K->0K(46080K)] 426285K->415249K(518144K), 0.0007069 secs] [Times: user=0.00 sys=0.00, real=0.00 secs] 
119.744: [GC (Allocation Failure) [PSYoungGen: 0K->0K(46080K)] 415249K->415249K(518144K), 0.0008751 secs] [Times: user=0.00 sys=0.00, real=0.00 secs] 
119.745: [Full GC (Allocation Failure) [PSYoungGen: 0K->0K(46080K)] [ParOldGen: 415249K->51729K(472064K)] 415249K->51729K(518144K), [Metaspace: 2796K->2796K(1056768K)], 0.0051182 secs] [Times: user=0.00 sys=0.00, real=0.01 secs] 
120.743: [GC (Allocation Failure) [PSYoungGen: 33563K->5120K(46080K)] 187693K->164369K(518144K), 0.0012576 secs] [Times: user=0.00 sys=0.00, real=0.00 secs] 
121.834: [GC (Allocation Failure) [PSYoungGen: 43804K->1024K(46080K)] 377134K->344593K(518144K), 0.0013059 secs] [Times: user=0.00 sys=0.00, real=0.00 secs] 
122.597: [GC (Allocation Failure) [PSYoungGen: 37661K->1024K(46080K)] 452910K->421393K(518144K), 0.0009105 secs] [Times: user=0.00 sys=0.00, real=0.00 secs] 
122.598: [GC (Allocation Failure) [PSYoungGen: 1024K->1024K(46080K)] 421393K->421393K(518144K), 0.0009701 secs] [Times: user=0.00 sys=0.00, real=0.00 secs] 
122.599: [Full GC (Allocation Failure) [PSYoungGen: 1024K->0K(46080K)] [ParOldGen: 420369K->165393K(472064K)] 421393K->165393K(518144K), [Metaspace: 2796K->2796K(1056768K)], 0.0125617 secs] [Times: user=0.00 sys=0.00, real=0.01 secs] 
124.477: [Full GC (Ergonomics) [PSYoungGen: 35613K->0K(46080K)] [ParOldGen: 441873K->16384K(472064K)] 477487K->16384K(518144K), [Metaspace: 2796K->2796K(1056768K)], 0.0032373 secs] [Times: user=0.00 sys=0.00, real=0.00 secs] 
125.131: [GC (Allocation Failure) [PSYoungGen: 36638K->0K(46080K)] 53022K->26624K(518144K), 0.0013652 secs] [Times: user=0.00 sys=0.00, real=0.00 secs] 
125.895: [GC (Allocation Failure) [PSYoungGen: 38680K->5120K(46080K)] 218904K->195584K(518144K), 0.0016502 secs] [Times: user=0.00 sys=0.00, real=0.00 secs] 
126.546: [GC (Allocation Failure) [PSYoungGen: 41754K->5120K(46080K)] 232218K->205824K(518144K), 0.0015025 secs] [Times: user=0.00 sys=0.00, real=0.00 secs] 
127.420: [GC (Allocation Failure) [PSYoungGen: 41750K->5120K(46080K)] 242454K->205824K(518144K), 0.0007413 secs] [Times: user=0.00 sys=0.00, real=0.00 secs] 
127.967: [GC (Allocation Failure) [PSYoungGen: 36627K->5120K(46080K)] 237331K->216064K(518144K), 0.0015234 secs] [Times: user=0.00 sys=0.00, real=0.00 secs] 
128.731: [GC (Allocation Failure) [PSYoungGen: 43792K->5120K(46080K)] 408336K->374784K(518144K), 0.0012451 secs] [Times: user=0.00 sys=0.00, real=0.00 secs] 
129.386: [GC (Allocation Failure) [PSYoungGen: 41749K->5120K(46080K)] 411413K->385024K(518144K), 0.0015941 secs] [Times: user=0.00 sys=0.00, real=0.00 secs] 
129.715: [GC (Allocation Failure) [PSYoungGen: 36626K->5120K(46080K)] 467730K->436224K(518144K), 0.0013832 secs] [Times: user=0.00 sys=0.00, real=0.00 secs] 
129.717: [GC (Allocation Failure) [PSYoungGen: 5120K->5120K(46080K)] 436224K->436224K(518144K), 0.0010610 secs] [Times: user=0.00 sys=0.00, real=0.00 secs] 
129.718: [Full GC (Allocation Failure) [PSYoungGen: 5120K->0K(46080K)] [ParOldGen: 431104K->113169K(472064K)] 436224K->113169K(518144K), [Metaspace: 2796K->2796K(1056768K)], 0.0087413 secs] [Times: user=0.01 sys=0.00, real=0.01 secs] 
131.584: [GC (Allocation Failure) [PSYoungGen: 35606K->5120K(46080K)] 353576K->324113K(518144K), 0.0008854 secs] [Times: user=0.00 sys=0.00, real=0.00 secs] 
132.241: [GC (Allocation Failure) [PSYoungGen: 41753K->5120K(46080K)] 360747K->334353K(518144K), 0.0014485 secs] [Times: user=0.00 sys=0.00, real=0.00 secs] 
132.567: [GC (Allocation Failure) [PSYoungGen: 36629K->5120K(46080K)] 417062K->385553K(518144K), 0.0014236 secs] [Times: user=0.00 sys=0.00, real=0.00 secs] 
132.569: [GC (Allocation Failure) [PSYoungGen: 5120K->5120K(46080K)] 385553K->385553K(518144K), 0.0006724 secs] [Times: user=0.00 sys=0.00, real=0.00 secs] 
132.569: [Full GC (Allocation Failure) [PSYoungGen: 5120K->0K(46080K)] [ParOldGen: 380433K->57873K(472064K)] 385553K->57873K(518144K), [Metaspace: 2796K->2796K(1056768K)], 0.0050673 secs] [Times: user=0.00 sys=0.00, real=0.01 secs] 
133.568: [GC (Allocation Failure) [PSYoungGen: 33560K->1024K(46080K)] 193834K->166417K(518144K), 0.0010858 secs] [Times: user=0.00 sys=0.00, real=0.00 secs] 
135.095: [GC (Allocation Failure) [PSYoungGen: 39706K->0K(46080K)] 379180K->349713K(518144K), 0.0012648 secs] [Times: user=0.00 sys=0.00, real=0.00 secs] 
135.424: [GC (Allocation Failure) [PSYoungGen: 31516K->0K(46080K)] 432429K->411153K(518144K), 0.0012775 secs] [Times: user=0.00 sys=0.00, real=0.00 secs] 
135.425: [GC (Allocation Failure) [PSYoungGen: 0K->0K(46080K)] 411153K->411153K(518144K), 0.0008937 secs] [Times: user=0.00 sys=0.00, real=0.00 secs] 
135.426: [Full GC (Allocation Failure) [PSYoungGen: 0K->0K(46080K)] [ParOldGen: 411153K->61969K(472064K)] 411153K->61969K(518144K), [Metaspace: 2796K->2796K(1056768K)], 0.0059755 secs] [Times: user=0.00 sys=0.00, real=0.01 secs] 
136.420: [GC (Allocation Failure) [PSYoungGen: 33565K->5120K(46080K)] 197934K->174609K(518144K), 0.0012955 secs] [Times: user=0.00 sys=0.00, real=0.00 secs] 
137.512: [GC (Allocation Failure) [PSYoungGen: 43805K->5120K(46080K)] 387375K->353809K(518144K), 0.0008956 secs] [Times: user=0.00 sys=0.00, real=0.00 secs] 
138.822: [GC (Allocation Failure) [PSYoungGen: 41758K->0K(46080K)] 462127K->420369K(518144K), 0.0010759 secs] [Times: user=0.00 sys=0.00, real=0.00 secs] 
139.366: [GC (Allocation Failure) [PSYoungGen: 31518K->5120K(46080K)] 451887K->435729K(518144K), 0.0016876 secs] [Times: user=0.00 sys=0.00, real=0.00 secs] 
139.584: [GC (Allocation Failure) [PSYoungGen: 36631K->5120K(46080K)] 467240K->456209K(518144K), 0.0022772 secs] [Times: user=0.00 sys=0.00, real=0.00 secs] 
139.587: [Full GC (Ergonomics) [PSYoungGen: 5120K->0K(46080K)] [ParOldGen: 451089K->26129K(472064K)] 456209K->26129K(518144K), [Metaspace: 2796K->2796K(1056768K)], 0.0036825 secs] [Times: user=0.00 sys=0.00, real=0.00 secs] 
140.681: [GC (Allocation Failure) [PSYoungGen: 33555K->5120K(46080K)] 213284K->189969K(518144K), 0.0010565 secs] [Times: user=0.00 sys=0.00, real=0.00 secs] 
141.773: [GC (Allocation Failure) [PSYoungGen: 43799K->1024K(46080K)] 402728K->365073K(518144K), 0.0008716 secs] [Times: user=0.00 sys=0.00, real=0.00 secs] 
143.303: [GC (Allocation Failure) [PSYoungGen: 39705K->5120K(46080K)] 403755K->370193K(518144K), 0.0009472 secs] [Times: user=0.00 sys=0.00, real=0.00 secs] 
143.957: [Full GC (Ergonomics) [PSYoungGen: 36629K->0K(46080K)] [ParOldGen: 436753K->62993K(472064K)] 473383K->62993K(518144K), [Metaspace: 2796K->2796K(1056768K)], 0.0062432 secs] [Times: user=0.00 sys=0.00, real=0.01 secs] 
144.956: [GC (Allocation Failure) [PSYoungGen: 33561K->5120K(46080K)] 198954K->175633K(518144K), 0.0010234 secs] [Times: user=0.00 sys=0.00, real=0.00 secs] 
146.482: [GC (Allocation Failure) [PSYoungGen: 38683K->5120K(46080K)] 383276K->349713K(518144K), 0.0010808 secs] [Times: user=0.00 sys=0.00, real=0.00 secs] 
146.809: [GC (Allocation Failure) [PSYoungGen: 36636K->0K(46080K)] 432429K->416273K(518144K), 0.0021058 secs] [Times: user=0.00 sys=0.00, real=0.00 secs] 
146.812: [GC (Allocation Failure) [PSYoungGen: 0K->0K(46080K)] 416273K->416273K(518144K), 0.0011420 secs] [Times: user=0.00 sys=0.00, real=0.00 secs] 
146.813: [Full GC (Allocation Failure) [PSYoungGen: 0K->0K(46080K)] [ParOldGen: 416273K->72209K(472064K)] 416273K->72209K(518144K), [Metaspace: 2796K->2796K(1056768K)], 0.0061641 secs] [Times: user=0.02 sys=0.00, real=0.01 secs] 
147.806: [GC (Allocation Failure) [PSYoungGen: 33565K->5120K(46080K)] 208174K->184849K(518144K), 0.0009739 secs] [Times: user=0.00 sys=0.00, real=0.00 secs] 
148.897: [GC (Allocation Failure) [PSYoungGen: 43805K->5120K(46080K)] 397615K->358929K(518144K), 0.0012419 secs] [Times: user=0.00 sys=0.00, real=0.00 secs] 
149.661: [GC (Allocation Failure) [PSYoungGen: 41758K->5120K(46080K)] 467247K->430609K(518144K), 0.0010331 secs] [Times: user=0.00 sys=0.00, real=0.00 secs] 
149.662: [GC (Allocation Failure) [PSYoungGen: 5120K->5120K(46080K)] 430609K->430609K(518144K), 0.0008584 secs] [Times: user=0.00 sys=0.00, real=0.00 secs] 
149.663: [Full GC (Allocation Failure) [PSYoungGen: 5120K->0K(46080K)] [ParOldGen: 425489K->133649K(472064K)] 430609K->133649K(518144K), [Metaspace: 2796K->2796K(1056768K)], 0.0102549 secs] [Times: user=0.00 sys=0.00, real=0.01 secs] 
151.423: [GC (Allocation Failure) [PSYoungGen: 38686K->2048K(46080K)] 448815K->417297K(518144K), 0.0010115 secs] [Times: user=0.00 sys=0.00, real=0.00 secs] 
152.079: [GC (Allocation Failure) [PSYoungGen: 33566K->5120K(46080K)] 448816K->426513K(518144K), 0.0012677 secs] [Times: user=0.00 sys=0.00, real=0.00 secs] 
152.407: [GC (Allocation Failure) [PSYoungGen: 26391K->0K(46080K)] 468265K->441873K(518144K), 0.0010195 secs] [Times: user=0.00 sys=0.00, real=0.00 secs] 
152.408: [Full GC (Ergonomics) [PSYoungGen: 0K->0K(46080K)] [ParOldGen: 441873K->32273K(472064K)] 441873K->32273K(518144K), [Metaspace: 2796K->2796K(1056768K)], 0.0042126 secs] [Times: user=0.00 sys=0.00, real=0.00 secs] 
153.498: [GC (Allocation Failure) [PSYoungGen: 33562K->5120K(46080K)] 219435K->192017K(518144K), 0.0009335 secs] [Times: user=0.00 sys=0.00, real=0.00 secs] 
154.811: [GC (Allocation Failure) [PSYoungGen: 42779K->5120K(46080K)] 229677K->197137K(518144K), 0.0011221 secs] [Times: user=0.00 sys=0.00, real=0.00 secs] 
155.903: [GC (Allocation Failure) [PSYoungGen: 43798K->5120K(46080K)] 409896K->386577K(518144K), 0.0018636 secs] [Times: user=0.00 sys=0.00, real=0.00 secs] 
156.447: [GC (Allocation Failure) [PSYoungGen: 36633K->0K(46080K)] 418091K->391697K(518144K), 0.0013731 secs] [Times: user=0.00 sys=0.00, real=0.00 secs] 
156.775: [Full GC (Ergonomics) [PSYoungGen: 31508K->0K(46080K)] [ParOldGen: 442897K->92689K(472064K)] 474405K->92689K(518144K), [Metaspace: 2796K->2796K(1056768K)], 0.0076385 secs] [Times: user=0.00 sys=0.00, real=0.01 secs] 
158.427: [GC (Allocation Failure) [PSYoungGen: 39704K->1024K(46080K)] 388393K->349713K(518144K), 0.0006342 secs] [Times: user=0.00 sys=0.00, real=0.00 secs] 
159.192: [GC (Allocation Failure) [PSYoungGen: 33562K->5120K(46080K)] 382251K->358929K(518144K), 0.0009788 secs] [Times: user=0.00 sys=0.00, real=0.00 secs] 
159.627: [GC (Allocation Failure) [PSYoungGen: 26389K->5120K(46080K)] 451878K->430609K(518144K), 0.0010398 secs] [Times: user=0.00 sys=0.00, real=0.00 secs] 
159.628: [GC (Allocation Failure) [PSYoungGen: 5120K->5120K(46080K)] 430609K->430609K(518144K), 0.0007612 secs] [Times: user=0.00 sys=0.00, real=0.00 secs] 
159.629: [Full GC (Allocation Failure) [PSYoungGen: 5120K->0K(46080K)] [ParOldGen: 425489K->108049K(472064K)] 430609K->108049K(518144K), [Metaspace: 2796K->2796K(1056768K)], 0.0082810 secs] [Times: user=0.00 sys=0.00, real=0.01 secs] 
160.623: [GC (Allocation Failure) [PSYoungGen: 33560K->5120K(46080K)] 244009K->220689K(518144K), 0.0011396 secs] [Times: user=0.00 sys=0.00, real=0.00 secs] 
162.043: [GC (Allocation Failure) [PSYoungGen: 37658K->5120K(46080K)] 427308K->399889K(518144K), 0.0009977 secs] [Times: user=0.00 sys=0.00, real=0.00 secs] 
162.479: [Full GC (Ergonomics) [PSYoungGen: 26396K->0K(46080K)] [ParOldGen: 466449K->56849K(472064K)] 492845K->56849K(518144K), [Metaspace: 2796K->2796K(1056768K)], 0.0054385 secs] [Times: user=0.00 sys=0.00, real=0.00 secs] 
163.465: [GC (Allocation Failure) [PSYoungGen: 33565K->1024K(46080K)] 192814K->165393K(518144K), 0.0011063 secs] [Times: user=0.00 sys=0.00, real=0.00 secs] 
164.557: [GC (Allocation Failure) [PSYoungGen: 39709K->5120K(46080K)] 378159K->359953K(518144K), 0.0018600 secs] [Times: user=0.00 sys=0.00, real=0.00 secs] 
165.649: [GC (Allocation Failure) [PSYoungGen: 41758K->0K(46080K)] 396591K->365073K(518144K), 0.0014266 secs] [Times: user=0.00 sys=0.00, real=0.00 secs] 
166.304: [GC (Allocation Failure) [PSYoungGen: 31512K->5120K(46080K)] 396585K->375313K(518144K), 0.0010136 secs] [Times: user=0.00 sys=0.00, real=0.00 secs] 
166.741: [GC (Allocation Failure) [PSYoungGen: 26387K->0K(46080K)] 468261K->441873K(518144K), 0.0011951 secs] [Times: user=0.00 sys=0.00, real=0.00 secs] 
166.743: [Full GC (Ergonomics) [PSYoungGen: 0K->0K(46080K)] [ParOldGen: 441873K->77329K(472064K)] 441873K->77329K(518144K), [Metaspace: 2796K->2796K(1056768K)], 0.0065710 secs] [Times: user=0.00 sys=0.00, real=0.01 secs] 
167.738: [GC (Allocation Failure) [PSYoungGen: 33559K->5120K(46080K)] 213288K->189969K(518144K), 0.0011170 secs] [Times: user=0.00 sys=0.00, real=0.00 secs] 
168.829: [GC (Allocation Failure) [PSYoungGen: 43802K->5120K(46080K)] 402731K->364049K(518144K), 0.0009039 secs] [Times: user=0.00 sys=0.00, real=0.00 secs] 
169.590: [GC (Allocation Failure) [PSYoungGen: 11035K->0K(46080K)] 421165K->410129K(518144K), 0.0006348 secs] [Times: user=0.00 sys=0.00, real=0.00 secs] 
169.591: [GC (Allocation Failure) [PSYoungGen: 0K->0K(46080K)] 410129K->410129K(518144K), 0.0006147 secs] [Times: user=0.00 sys=0.00, real=0.00 secs] 
169.592: [Full GC (Allocation Failure) [PSYoungGen: 0K->0K(46080K)] [ParOldGen: 410129K->51729K(472064K)] 410129K->51729K(518144K), [Metaspace: 2796K->2796K(1056768K)], 0.0046798 secs] [Times: user=0.00 sys=0.00, real=0.00 secs] 
170.587: [GC (Allocation Failure) [PSYoungGen: 33563K->5120K(46080K)] 187693K->164369K(518144K), 0.0010051 secs] [Times: user=0.00 sys=0.00, real=0.00 secs] 
171.676: [GC (Allocation Failure) [PSYoungGen: 43804K->1024K(46080K)] 377134K->339473K(518144K), 0.0008785 secs] [Times: user=0.00 sys=0.00, real=0.00 secs] 
172.444: [GC (Allocation Failure) [PSYoungGen: 37661K->5120K(46080K)] 447790K->416273K(518144K), 0.0008652 secs] [Times: user=0.00 sys=0.00, real=0.00 secs] 
172.445: [GC (Allocation Failure) [PSYoungGen: 5120K->5120K(46080K)] 416273K->416273K(518144K), 0.0008906 secs] [Times: user=0.00 sys=0.00, real=0.00 secs] 
172.446: [Full GC (Allocation Failure) [PSYoungGen: 5120K->0K(46080K)] [ParOldGen: 411153K->165393K(472064K)] 416273K->165393K(518144K), [Metaspace: 2796K->2796K(1056768K)], 0.0120774 secs] [Times: user=0.02 sys=0.00, real=0.01 secs] 
174.317: [Full GC (Ergonomics) [PSYoungGen: 35613K->0K(46080K)] [ParOldGen: 441873K->16384K(472064K)] 477487K->16384K(518144K), [Metaspace: 2796K->2796K(1056768K)], 0.0029138 secs] [Times: user=0.00 sys=0.00, real=0.00 secs] 
174.973: [GC (Allocation Failure) [PSYoungGen: 36638K->0K(46080K)] 53022K->26624K(518144K), 0.0012797 secs] [Times: user=0.00 sys=0.00, real=0.00 secs] 
175.740: [GC (Allocation Failure) [PSYoungGen: 38680K->5120K(46080K)] 218904K->195584K(518144K), 0.0013181 secs] [Times: user=0.00 sys=0.00, real=0.00 secs] 
176.393: [GC (Allocation Failure) [PSYoungGen: 41754K->5120K(46080K)] 232218K->205824K(518144K), 0.0014259 secs] [Times: user=0.00 sys=0.00, real=0.00 secs] 
177.270: [GC (Allocation Failure) [PSYoungGen: 41750K->5120K(46080K)] 242454K->205824K(518144K), 0.0011415 secs] [Times: user=0.00 sys=0.00, real=0.00 secs] 
177.814: [GC (Allocation Failure) [PSYoungGen: 36627K->5120K(46080K)] 237331K->216064K(518144K), 0.0015015 secs] [Times: user=0.00 sys=0.00, real=0.00 secs] 
178.578: [GC (Allocation Failure) [PSYoungGen: 43792K->5120K(46080K)] 408336K->374784K(518144K), 0.0015077 secs] [Times: user=0.00 sys=0.00, real=0.00 secs] 
179.232: [GC (Allocation Failure) [PSYoungGen: 41749K->5120K(46080K)] 411413K->385024K(518144K), 0.0014141 secs] [Times: user=0.00 sys=0.00, real=0.00 secs] 
179.559: [GC (Allocation Failure) [PSYoungGen: 36626K->5120K(46080K)] 467730K->436224K(518144K), 0.0014365 secs] [Times: user=0.00 sys=0.00, real=0.00 secs] 
179.561: [GC (Allocation Failure) [PSYoungGen: 5120K->5120K(46080K)] 436224K->436224K(518144K), 0.0012098 secs] [Times: user=0.00 sys=0.00, real=0.00 secs] 
179.562: [Full GC (Allocation Failure) [PSYoungGen: 5120K->0K(46080K)] [ParOldGen: 431104K->113169K(472064K)] 436224K->113169K(518144K), [Metaspace: 2796K->2796K(1056768K)], 0.0088151 secs] [Times: user=0.00 sys=0.00, real=0.01 secs] 
181.436: [GC (Allocation Failure) [PSYoungGen: 35606K->5120K(46080K)] 353576K->324113K(518144K), 0.0010164 secs] [Times: user=0.00 sys=0.00, real=0.00 secs] 
182.089: [GC (Allocation Failure) [PSYoungGen: 41753K->5120K(46080K)] 360747K->334353K(518144K), 0.0014487 secs] [Times: user=0.00 sys=0.00, real=0.00 secs] 
182.415: [GC (Allocation Failure) [PSYoungGen: 36629K->5120K(46080K)] 417062K->385553K(518144K), 0.0009563 secs] [Times: user=0.00 sys=0.00, real=0.00 secs] 
182.416: [GC (Allocation Failure) [PSYoungGen: 5120K->5120K(46080K)] 385553K->385553K(518144K), 0.0007252 secs] [Times: user=0.00 sys=0.00, real=0.00 secs] 
182.417: [Full GC (Allocation Failure) [PSYoungGen: 5120K->0K(46080K)] [ParOldGen: 380433K->57873K(472064K)] 385553K->57873K(518144K), [Metaspace: 2796K->2796K(1056768K)], 0.0052181 secs] [Times: user=0.00 sys=0.00, real=0.01 secs] 
183.413: [GC (Allocation Failure) [PSYoungGen: 33560K->1024K(46080K)] 193834K->166417K(518144K), 0.0008998 secs] [Times: user=0.00 sys=0.00, real=0.00 secs] 
184.941: [GC (Allocation Failure) [PSYoungGen: 39706K->0K(46080K)] 379180K->349713K(518144K), 0.0013279 secs] [Times: user=0.00 sys=0.00, real=0.00 secs] 
185.268: [GC (Allocation Failure) [PSYoungGen: 31516K->0K(46080K)] 432429K->411153K(518144K), 0.0012668 secs] [Times: user=0.00 sys=0.00, real=0.00 secs] 
185.270: [GC (Allocation Failure) [PSYoungGen: 0K->0K(46080K)] 411153K->411153K(518144K), 0.0007881 secs] [Times: user=0.02 sys=0.00, real=0.00 secs] 
185.270: [Full GC (Allocation Failure) [PSYoungGen: 0K->0K(46080K)] [ParOldGen: 411153K->61969K(472064K)] 411153K->61969K(518144K), [Metaspace: 2796K->2796K(1056768K)], 0.0058275 secs] [Times: user=0.00 sys=0.00, real=0.01 secs] 
186.266: [GC (Allocation Failure) [PSYoungGen: 33565K->5120K(46080K)] 197934K->174609K(518144K), 0.0010692 secs] [Times: user=0.00 sys=0.00, real=0.00 secs] 
187.354: [GC (Allocation Failure) [PSYoungGen: 43805K->5120K(46080K)] 387375K->353809K(518144K), 0.0008804 secs] [Times: user=0.00 sys=0.00, real=0.00 secs] 
188.662: [GC (Allocation Failure) [PSYoungGen: 41758K->0K(46080K)] 462127K->420369K(518144K), 0.0010857 secs] [Times: user=0.00 sys=0.00, real=0.00 secs] 
189.207: [GC (Allocation Failure) [PSYoungGen: 31518K->5120K(46080K)] 451887K->435729K(518144K), 0.0016057 secs] [Times: user=0.00 sys=0.00, real=0.00 secs] 
189.425: [GC (Allocation Failure) [PSYoungGen: 36631K->5120K(46080K)] 467240K->456209K(518144K), 0.0022410 secs] [Times: user=0.00 sys=0.00, real=0.00 secs] 
189.427: [Full GC (Ergonomics) [PSYoungGen: 5120K->0K(46080K)] [ParOldGen: 451089K->26129K(472064K)] 456209K->26129K(518144K), [Metaspace: 2796K->2796K(1056768K)], 0.0034186 secs] [Times: user=0.00 sys=0.00, real=0.00 secs] 
190.514: [GC (Allocation Failure) [PSYoungGen: 33555K->5120K(46080K)] 213284K->189969K(518144K), 0.0011113 secs] [Times: user=0.00 sys=0.00, real=0.00 secs] 
191.605: [GC (Allocation Failure) [PSYoungGen: 43799K->1056K(46080K)] 402728K->365105K(518144K), 0.0010346 secs] [Times: user=0.00 sys=0.00, real=0.00 secs] 
193.137: [GC (Allocation Failure) [PSYoungGen: 39737K->1056K(46080K)] 403787K->370225K(518144K), 0.0009648 secs] [Times: user=0.00 sys=0.00, real=0.00 secs] 
193.790: [Full GC (Ergonomics) [PSYoungGen: 32565K->0K(46080K)] [ParOldGen: 440849K->62993K(472064K)] 473415K->62993K(518144K), [Metaspace: 2796K->2796K(1056768K)], 0.0056844 secs] [Times: user=0.00 sys=0.00, real=0.01 secs] 
194.785: [GC (Allocation Failure) [PSYoungGen: 33561K->5184K(46080K)] 198954K->175697K(518144K), 0.0010833 secs] [Times: user=0.00 sys=0.00, real=0.00 secs] 
196.311: [GC (Allocation Failure) [PSYoungGen: 38747K->5152K(46080K)] 383340K->349745K(518144K), 0.0010750 secs] [Times: user=0.00 sys=0.00, real=0.00 secs] 
196.636: [GC (Allocation Failure) [PSYoungGen: 36668K->64K(46080K)] 432461K->416337K(518144K), 0.0021971 secs] [Times: user=0.00 sys=0.00, real=0.00 secs] 
196.638: [GC (Allocation Failure) [PSYoungGen: 64K->32K(46080K)] 416337K->416305K(518144K), 0.0009406 secs] [Times: user=0.00 sys=0.00, real=0.00 secs] 
196.639: [Full GC (Allocation Failure) [PSYoungGen: 32K->0K(46080K)] [ParOldGen: 416273K->72209K(472064K)] 416305K->72209K(518144K), [Metaspace: 2796K->2796K(1056768K)], 0.0061784 secs] [Times: user=0.00 sys=0.00, real=0.01 secs] 
197.634: [GC (Allocation Failure) [PSYoungGen: 33565K->5120K(46080K)] 208175K->184849K(518144K), 0.0010368 secs] [Times: user=0.00 sys=0.00, real=0.00 secs] 
198.726: [GC (Allocation Failure) [PSYoungGen: 43805K->5120K(46080K)] 397615K->364049K(518144K), 0.0010603 secs] [Times: user=0.00 sys=0.00, real=0.00 secs] 
199.491: [GC (Allocation Failure) [PSYoungGen: 41758K->5120K(46080K)] 472368K->435729K(518144K), 0.0013868 secs] [Times: user=0.00 sys=0.00, real=0.00 secs] 
199.493: [GC (Allocation Failure) [PSYoungGen: 5120K->5120K(46080K)] 435729K->435729K(518144K), 0.0008531 secs] [Times: user=0.00 sys=0.00, real=0.00 secs] 
199.494: [Full GC (Allocation Failure) [PSYoungGen: 5120K->0K(46080K)] [ParOldGen: 430609K->133649K(472064K)] 435729K->133649K(518144K), [Metaspace: 2796K->2796K(1056768K)], 0.0102205 secs] [Times: user=0.00 sys=0.00, real=0.01 secs] 
201.256: [GC (Allocation Failure) [PSYoungGen: 38686K->2048K(46080K)] 448816K->417297K(518144K), 0.0009553 secs] [Times: user=0.00 sys=0.00, real=0.00 secs] 
201.912: [GC (Allocation Failure) [PSYoungGen: 33566K->5120K(46080K)] 448816K->426513K(518144K), 0.0012472 secs] [Times: user=0.00 sys=0.00, real=0.00 secs] 
202.239: [GC (Allocation Failure) [PSYoungGen: 26391K->0K(46080K)] 468265K->441873K(518144K), 0.0010662 secs] [Times: user=0.00 sys=0.00, real=0.00 secs] 
202.240: [Full GC (Ergonomics) [PSYoungGen: 0K->0K(46080K)] [ParOldGen: 441873K->32273K(472064K)] 441873K->32273K(518144K), [Metaspace: 2796K->2796K(1056768K)], 0.0038819 secs] [Times: user=0.00 sys=0.00, real=0.00 secs] 
203.334: [GC (Allocation Failure) [PSYoungGen: 33562K->5120K(46080K)] 219435K->192017K(518144K), 0.0009717 secs] [Times: user=0.00 sys=0.00, real=0.00 secs] 
204.648: [GC (Allocation Failure) [PSYoungGen: 42779K->5120K(46080K)] 229677K->197137K(518144K), 0.0009387 secs] [Times: user=0.00 sys=0.00, real=0.00 secs] 
205.738: [GC (Allocation Failure) [PSYoungGen: 43798K->5120K(46080K)] 409896K->386577K(518144K), 0.0016741 secs] [Times: user=0.02 sys=0.00, real=0.00 secs] 
206.285: [GC (Allocation Failure) [PSYoungGen: 36633K->0K(46080K)] 418091K->391697K(518144K), 0.0012038 secs] [Times: user=0.00 sys=0.00, real=0.00 secs] 
206.611: [Full GC (Ergonomics) [PSYoungGen: 31508K->0K(46080K)] [ParOldGen: 442897K->92689K(472064K)] 474406K->92689K(518144K), [Metaspace: 2796K->2796K(1056768K)], 0.0074059 secs] [Times: user=0.00 sys=0.00, real=0.01 secs] 
208.263: [GC (Allocation Failure) [PSYoungGen: 39704K->1024K(46080K)] 388393K->349713K(518144K), 0.0005966 secs] [Times: user=0.00 sys=0.00, real=0.00 secs] 
209.027: [GC (Allocation Failure) [PSYoungGen: 33562K->5120K(46080K)] 382252K->358929K(518144K), 0.0011803 secs] [Times: user=0.00 sys=0.00, real=0.00 secs] 
209.464: [GC (Allocation Failure) [PSYoungGen: 26389K->0K(46080K)] 451879K->425489K(518144K), 0.0008602 secs] [Times: user=0.00 sys=0.00, real=0.00 secs] 
209.465: [GC (Allocation Failure) [PSYoungGen: 0K->0K(46080K)] 425489K->425489K(518144K), 0.0010940 secs] [Times: user=0.00 sys=0.00, real=0.00 secs] 
209.466: [Full GC (Allocation Failure) [PSYoungGen: 0K->0K(46080K)] [ParOldGen: 425489K->108049K(472064K)] 425489K->108049K(518144K), [Metaspace: 2796K->2796K(1056768K)], 0.0085040 secs] [Times: user=0.00 sys=0.00, real=0.01 secs] 
210.464: [GC (Allocation Failure) [PSYoungGen: 33560K->5120K(46080K)] 244010K->220689K(518144K), 0.0010130 secs] [Times: user=0.00 sys=0.00, real=0.00 secs] 
211.883: [GC (Allocation Failure) [PSYoungGen: 37658K->5120K(46080K)] 427308K->399889K(518144K), 0.0010296 secs] [Times: user=0.00 sys=0.00, real=0.00 secs] 
212.321: [Full GC (Ergonomics) [PSYoungGen: 26396K->0K(46080K)] [ParOldGen: 466449K->56849K(472064K)] 492846K->56849K(518144K), [Metaspace: 2796K->2796K(1056768K)], 0.0058221 secs] [Times: user=0.00 sys=0.00, real=0.01 secs] 
213.318: [GC (Allocation Failure) [PSYoungGen: 33565K->1024K(46080K)] 192814K->165393K(518144K), 0.0008754 secs] [Times: user=0.00 sys=0.00, real=0.00 secs] 
214.409: [GC (Allocation Failure) [PSYoungGen: 39709K->5120K(46080K)] 378159K->359953K(518144K), 0.0019777 secs] [Times: user=0.00 sys=0.00, real=0.00 secs] 
215.502: [GC (Allocation Failure) [PSYoungGen: 41758K->0K(46080K)] 396591K->365073K(518144K), 0.0011949 secs] [Times: user=0.00 sys=0.00, real=0.00 secs] 
216.158: [GC (Allocation Failure) [PSYoungGen: 31512K->5120K(46080K)] 396586K->375313K(518144K), 0.0012878 secs] [Times: user=0.00 sys=0.00, real=0.00 secs] 
216.595: [GC (Allocation Failure) [PSYoungGen: 26387K->0K(46080K)] 468261K->441873K(518144K), 0.0008563 secs] [Times: user=0.00 sys=0.00, real=0.00 secs] 
216.596: [Full GC (Ergonomics) [PSYoungGen: 0K->0K(46080K)] [ParOldGen: 441873K->77329K(472064K)] 441873K->77329K(518144K), [Metaspace: 2796K->2796K(1056768K)], 0.0065922 secs] [Times: user=0.00 sys=0.00, real=0.01 secs] 
217.592: [GC (Allocation Failure) [PSYoungGen: 33559K->5120K(46080K)] 213289K->189969K(518144K), 0.0010946 secs] [Times: user=0.00 sys=0.00, real=0.00 secs] 
218.687: [GC (Allocation Failure) [PSYoungGen: 43802K->5120K(46080K)] 402731K->364049K(518144K), 0.0009745 secs] [Times: user=0.00 sys=0.00, real=0.00 secs] 
Heap
 PSYoungGen      total 46080K, used 11834K [0x00000000fcd00000, 0x0000000100000000, 0x0000000100000000)
  eden space 39936K, 16% used [0x00000000fcd00000,0x00000000fd38eaf0,0x00000000ff400000)
  from space 6144K, 83% used [0x00000000ffa00000,0x00000000fff00010,0x0000000100000000)
  to   space 6144K, 0% used [0x00000000ff400000,0x00000000ff400000,0x00000000ffa00000)
 ParOldGen       total 472064K, used 358929K [0x00000000e0000000, 0x00000000fcd00000, 0x00000000fcd00000)
  object space 472064K, 76% used [0x00000000e0000000,0x00000000f5e84760,0x00000000fcd00000)
 Metaspace       used 2804K, capacity 4486K, committed 4864K, reserved 1056768K
  class space    used 297K, capacity 386K, committed 512K, reserved 1048576K
