Java HotSpot(TM) 64-Bit Server VM (25.411-b09) for windows-amd64 JRE (1.8.0_411-b09), built on Mar 13 2024 07:26:13 by "java_re" with MS VC++ 17.1 (VS2022)
Memory: 4k page, physical 33403376k(13054164k free), swap 37728072k(5797784k free)
CommandLine flags: -XX:InitialHeapSize=1073741824 -XX:MaxHeapSize=1073741824 -XX:NewRatio=3 -XX:ParallelGCThreads=6 -XX:+PrintGC -XX:+PrintGCDetails -XX:+PrintGCTimeStamps -XX:SurvivorRatio=4 -XX:-UseAdaptiveSizePolicy -XX:+UseCompressedClassPointers -XX:+UseCompressedOops -XX:-UseLargePagesIndividualAllocation -XX:+UseParallelGC 
2.483: [GC (Allocation Failure) [PSYoungGen: 172892K->22208K(218624K)] 275292K->124616K(1005056K), 0.0045832 secs] [Times: user=0.00 sys=0.00, real=0.00 secs] 
5.353: [GC (Allocation Failure) [PSYoungGen: 189550K->15912K(218624K)] 394358K->220720K(1005056K), 0.0045454 secs] [Times: user=0.00 sys=0.02, real=0.00 secs] 
7.018: [GC (Allocation Failure) [PSYoungGen: 174765K->41544K(218624K)] 481973K->369240K(1005056K), 0.0159878 secs] [Times: user=0.00 sys=0.00, real=0.01 secs] 
8.339: [GC (Allocation Failure) [PSYoungGen: 214006K->5720K(218624K)] 541702K->333416K(1005056K), 0.0010059 secs] [Times: user=0.00 sys=0.00, real=0.00 secs] 
9.899: [GC (Allocation Failure) [PSYoungGen: 152572K->26216K(218624K)] 582668K->507512K(1005056K), 0.0165699 secs] [Times: user=0.00 sys=0.02, real=0.02 secs] 
10.679: [GC (Allocation Failure) [PSYoungGen: 198671K->10808K(218624K)] 679967K->594504K(1005056K), 0.0325515 secs] [Times: user=0.03 sys=0.00, real=0.03 secs] 
12.812: [Full GC (Ergonomics) [PSYoungGen: 174154K->0K(218624K)] [ParOldGen: 686096K->26129K(786432K)] 860250K->26129K(1005056K), [Metaspace: 2763K->2763K(1056768K)], 0.0132241 secs] [Times: user=0.00 sys=0.00, real=0.01 secs] 
13.591: [GC (Allocation Failure) [PSYoungGen: 172452K->6144K(218624K)] 198581K->32273K(1005056K), 0.0008208 secs] [Times: user=0.00 sys=0.00, real=0.00 secs] 
16.316: [GC (Allocation Failure) [PSYoungGen: 178582K->10240K(218624K)] 307111K->138769K(1005056K), 0.0007965 secs] [Times: user=0.00 sys=0.00, real=0.00 secs] 
18.393: [GC (Allocation Failure) [PSYoungGen: 177567K->40960K(218624K)] 408496K->271889K(1005056K), 0.0029536 secs] [Times: user=0.00 sys=0.00, real=0.00 secs] 
20.902: [GC (Allocation Failure) [PSYoungGen: 214436K->10240K(218624K)] 650165K->445969K(1005056K), 0.0011074 secs] [Times: user=0.00 sys=0.00, real=0.00 secs] 
22.751: [GC (Allocation Failure) [PSYoungGen: 182695K->31744K(218624K)] 720825K->569873K(1005056K), 0.0026371 secs] [Times: user=0.00 sys=0.00, real=0.00 secs] 
23.947: [GC (Allocation Failure) [PSYoungGen: 204202K->20480K(218624K)] 742331K->558609K(1005056K), 0.0025415 secs] [Times: user=0.00 sys=0.00, real=0.00 secs] 
25.582: [GC (Allocation Failure) [PSYoungGen: 177569K->40960K(218624K)] 818098K->686609K(1005056K), 0.0035847 secs] [Times: user=0.00 sys=0.00, real=0.00 secs] 
26.344: [GC (Allocation Failure) [PSYoungGen: 213413K->30720K(218624K)] 859063K->676369K(1005056K), 0.0047531 secs] [Times: user=0.00 sys=0.00, real=0.00 secs] 
28.416: [GC (Allocation Failure) [PSYoungGen: 157826K->25632K(218624K)] 803475K->671289K(1005056K), 0.0024680 secs] [Times: user=0.00 sys=0.00, real=0.00 secs] 
29.176: [GC (Allocation Failure) [PSYoungGen: 198062K->10272K(218624K)] 843720K->707129K(1005056K), 0.0162484 secs] [Times: user=0.00 sys=0.00, real=0.02 secs] 
29.956: [GC (Allocation Failure) [PSYoungGen: 121249K->10272K(218624K)] 818106K->758329K(1005056K), 0.0155413 secs] [Times: user=0.00 sys=0.00, real=0.01 secs] 
29.971: [Full GC (Ergonomics) [PSYoungGen: 10272K->0K(218624K)] [ParOldGen: 748057K->113169K(786432K)] 758329K->113169K(1005056K), [Metaspace: 2793K->2793K(1056768K)], 0.0098023 secs] [Times: user=0.00 sys=0.00, real=0.01 secs] 
32.492: [GC (Allocation Failure) [PSYoungGen: 173441K->16384K(218624K)] 389010K->231953K(1005056K), 0.0013347 secs] [Times: user=0.00 sys=0.00, real=0.00 secs] 
34.129: [GC (Allocation Failure) [PSYoungGen: 173457K->37888K(218624K)] 491426K->355857K(1005056K), 0.0028558 secs] [Times: user=0.00 sys=0.00, real=0.00 secs] 
35.330: [GC (Allocation Failure) [PSYoungGen: 210331K->10240K(218624K)] 528300K->328209K(1005056K), 0.0011475 secs] [Times: user=0.00 sys=0.00, real=0.00 secs] 
36.964: [GC (Allocation Failure) [PSYoungGen: 167319K->35840K(218624K)] 587689K->476689K(1005056K), 0.0033717 secs] [Times: user=0.00 sys=0.00, real=0.00 secs] 
37.725: [GC (Allocation Failure) [PSYoungGen: 208287K->25600K(218624K)] 649137K->486929K(1005056K), 0.0034342 secs] [Times: user=0.00 sys=0.00, real=0.00 secs] 
39.795: [GC (Allocation Failure) [PSYoungGen: 198042K->25600K(218624K)] 659372K->486929K(1005056K), 0.0024639 secs] [Times: user=0.00 sys=0.00, real=0.00 secs] 
40.558: [GC (Allocation Failure) [PSYoungGen: 198039K->10240K(218624K)] 659368K->573969K(1005056K), 0.0159926 secs] [Times: user=0.00 sys=0.00, real=0.02 secs] 
43.731: [GC (Allocation Failure) [PSYoungGen: 183686K->6144K(218624K)] 849816K->672273K(1005056K), 0.0009770 secs] [Times: user=0.00 sys=0.00, real=0.00 secs] 
45.487: [Full GC (Ergonomics) [PSYoungGen: 173460K->0K(218624K)] [ParOldGen: 768529K->47633K(786432K)] 941990K->47633K(1005056K), [Metaspace: 2795K->2795K(1056768K)], 0.0056302 secs] [Times: user=0.00 sys=0.00, real=0.01 secs] 
46.684: [GC (Allocation Failure) [PSYoungGen: 167325K->5120K(218624K)] 214958K->52753K(1005056K), 0.0009964 secs] [Times: user=0.00 sys=0.00, real=0.00 secs] 
48.320: [GC (Allocation Failure) [PSYoungGen: 162200K->25600K(218624K)] 312234K->196113K(1005056K), 0.0040651 secs] [Times: user=0.00 sys=0.00, real=0.00 secs] 
49.087: [GC (Allocation Failure) [PSYoungGen: 198048K->30720K(218624K)] 368561K->252433K(1005056K), 0.0162454 secs] [Times: user=0.00 sys=0.00, real=0.02 secs] 
51.169: [GC (Allocation Failure) [PSYoungGen: 198043K->25600K(218624K)] 522156K->349713K(1005056K), 0.0021845 secs] [Times: user=0.00 sys=0.00, real=0.00 secs] 
51.934: [GC (Allocation Failure) [PSYoungGen: 198049K->11264K(218624K)] 522163K->335377K(1005056K), 0.0010231 secs] [Times: user=0.00 sys=0.00, real=0.00 secs] 
54.877: [GC (Allocation Failure) [PSYoungGen: 183693K->10240K(218624K)] 610207K->436753K(1005056K), 0.0010233 secs] [Times: user=0.00 sys=0.00, real=0.00 secs] 
56.729: [GC (Allocation Failure) [PSYoungGen: 167320K->30720K(218624K)] 696234K->559633K(1005056K), 0.0024572 secs] [Times: user=0.01 sys=0.00, real=0.00 secs] 
58.908: [Full GC (Ergonomics) [PSYoungGen: 204192K->0K(218624K)] [ParOldGen: 733713K->57344K(786432K)] 937905K->57344K(1005056K), [Metaspace: 2796K->2796K(1056768K)], 0.0060099 secs] [Times: user=0.00 sys=0.00, real=0.01 secs] 
60.979: [GC (Allocation Failure) [PSYoungGen: 167333K->20480K(218624K)] 327077K->180224K(1005056K), 0.0018009 secs] [Times: user=0.00 sys=0.00, real=0.00 secs] 
62.508: [GC (Allocation Failure) [PSYoungGen: 146856K->25600K(218624K)] 409000K->287744K(1005056K), 0.0023002 secs] [Times: user=0.00 sys=0.00, real=0.00 secs] 
63.274: [GC (Allocation Failure) [PSYoungGen: 198058K->11264K(218624K)] 460202K->273408K(1005056K), 0.0013870 secs] [Times: user=0.00 sys=0.00, real=0.00 secs] 
65.998: [GC (Allocation Failure) [PSYoungGen: 183706K->10240K(218624K)] 548250K->374784K(1005056K), 0.0019292 secs] [Times: user=0.00 sys=0.00, real=0.00 secs] 
68.064: [GC (Allocation Failure) [PSYoungGen: 177569K->40960K(218624K)] 644513K->507904K(1005056K), 0.0033457 secs] [Times: user=0.00 sys=0.00, real=0.00 secs] 
70.573: [GC (Allocation Failure) [PSYoungGen: 214437K->10240K(218624K)] 886182K->681984K(1005056K), 0.0014188 secs] [Times: user=0.00 sys=0.00, real=0.00 secs] 
72.440: [Full GC (Ergonomics) [PSYoungGen: 182696K->0K(218624K)] [ParOldGen: 774144K->134673K(786432K)] 956840K->134673K(1005056K), [Metaspace: 2796K->2796K(1056768K)], 0.0106391 secs] [Times: user=0.02 sys=0.00, real=0.01 secs] 
73.651: [GC (Allocation Failure) [PSYoungGen: 172458K->20480K(218624K)] 307131K->155153K(1005056K), 0.0015675 secs] [Times: user=0.00 sys=0.00, real=0.00 secs] 
75.290: [GC (Allocation Failure) [PSYoungGen: 177569K->40960K(218624K)] 414643K->283153K(1005056K), 0.0041119 secs] [Times: user=0.01 sys=0.00, real=0.00 secs] 
76.054: [GC (Allocation Failure) [PSYoungGen: 213414K->30720K(218624K)] 455607K->272913K(1005056K), 0.0022324 secs] [Times: user=0.00 sys=0.00, real=0.00 secs] 
78.121: [GC (Allocation Failure) [PSYoungGen: 157086K->25600K(218624K)] 399280K->267793K(1005056K), 0.0026004 secs] [Times: user=0.00 sys=0.00, real=0.00 secs] 
78.883: [GC (Allocation Failure) [PSYoungGen: 198038K->10240K(218624K)] 440231K->303633K(1005056K), 0.0069858 secs] [Times: user=0.02 sys=0.00, real=0.01 secs] 
82.045: [GC (Allocation Failure) [PSYoungGen: 178566K->11264K(218624K)] 676759K->509457K(1005056K), 0.0009474 secs] [Times: user=0.00 sys=0.00, real=0.00 secs] 
83.786: [GC (Allocation Failure) [PSYoungGen: 178580K->37888K(218624K)] 779173K->638481K(1005056K), 0.0030445 secs] [Times: user=0.00 sys=0.00, real=0.00 secs] 
84.984: [GC (Allocation Failure) [PSYoungGen: 210333K->10240K(218624K)] 810926K->610833K(1005056K), 0.0013240 secs] [Times: user=0.00 sys=0.00, real=0.00 secs] 
86.621: [GC (Allocation Failure) [PSYoungGen: 167321K->35840K(218624K)] 870314K->759313K(1005056K), 0.0037825 secs] [Times: user=0.00 sys=0.00, real=0.00 secs] 
87.391: [GC (Allocation Failure) [PSYoungGen: 208288K->40960K(218624K)] 931761K->764433K(1005056K), 0.0033680 secs] [Times: user=0.00 sys=0.00, real=0.00 secs] 
89.463: [GC (Allocation Failure) [PSYoungGen: 213403K->25600K(218624K)] 936876K->749073K(1005056K), 0.0024948 secs] [Times: user=0.00 sys=0.00, real=0.00 secs] 
90.224: [GC (Allocation Failure) --[PSYoungGen: 198039K->198039K(218624K)] 921513K->921513K(1005056K), 0.0015390 secs] [Times: user=0.00 sys=0.00, real=0.00 secs] 
90.226: [Full GC (Ergonomics) [PSYoungGen: 198039K->0K(218624K)] [ParOldGen: 723473K->113664K(786432K)] 921513K->113664K(1005056K), [Metaspace: 2796K->2796K(1056768K)], 0.0099979 secs] [Times: user=0.02 sys=0.00, real=0.01 secs] 
93.404: [GC (Allocation Failure) [PSYoungGen: 173447K->6144K(218624K)] 389511K->222208K(1005056K), 0.0007190 secs] [Times: user=0.00 sys=0.00, real=0.00 secs] 
95.145: [GC (Allocation Failure) [PSYoungGen: 173460K->36864K(218624K)] 491924K->365568K(1005056K), 0.0032719 secs] [Times: user=0.00 sys=0.00, real=0.00 secs] 
96.344: [GC (Allocation Failure) [PSYoungGen: 204189K->5120K(218624K)] 532893K->333824K(1005056K), 0.0010850 secs] [Times: user=0.00 sys=0.00, real=0.00 secs] 
97.977: [GC (Allocation Failure) [PSYoungGen: 162200K->25600K(218624K)] 593305K->477184K(1005056K), 0.0033063 secs] [Times: user=0.02 sys=0.00, real=0.00 secs] 
98.740: [GC (Allocation Failure) [PSYoungGen: 198048K->30720K(218624K)] 649632K->533504K(1005056K), 0.0156681 secs] [Times: user=0.00 sys=0.00, real=0.02 secs] 
100.828: [GC (Allocation Failure) [PSYoungGen: 198043K->25600K(218624K)] 803227K->630784K(1005056K), 0.0025917 secs] [Times: user=0.00 sys=0.00, real=0.00 secs] 
101.589: [GC (Allocation Failure) [PSYoungGen: 198049K->11264K(218624K)] 803233K->616448K(1005056K), 0.0019336 secs] [Times: user=0.00 sys=0.00, real=0.00 secs] 
104.533: [GC (Allocation Failure) [PSYoungGen: 183693K->10240K(218624K)] 891277K->717824K(1005056K), 0.0016891 secs] [Times: user=0.00 sys=0.00, real=0.00 secs] 
105.189: [GC (Allocation Failure) [PSYoungGen: 116120K->15360K(218624K)] 823705K->774144K(1005056K), 0.0057449 secs] [Times: user=0.00 sys=0.00, real=0.00 secs] 
105.195: [Full GC (Ergonomics) [PSYoungGen: 15360K->0K(218624K)] [ParOldGen: 758784K->67089K(786432K)] 774144K->67089K(1005056K), [Metaspace: 2796K->2796K(1056768K)], 0.0066501 secs] [Times: user=0.00 sys=0.00, real=0.01 secs] 
106.401: [GC (Allocation Failure) [PSYoungGen: 157083K->15360K(218624K)] 224173K->82449K(1005056K), 0.0014440 secs] [Times: user=0.00 sys=0.01, real=0.00 secs] 
108.581: [GC (Allocation Failure) [PSYoungGen: 188807K->5120K(218624K)] 460696K->328209K(1005056K), 0.0048898 secs] [Times: user=0.00 sys=0.00, real=0.01 secs] 
110.655: [GC (Allocation Failure) [PSYoungGen: 172436K->20480K(218624K)] 597926K->445969K(1005056K), 0.0020367 secs] [Times: user=0.00 sys=0.00, real=0.00 secs] 
112.178: [GC (Allocation Failure) [PSYoungGen: 146845K->25600K(218624K)] 674735K->553489K(1005056K), 0.0023773 secs] [Times: user=0.00 sys=0.00, real=0.00 secs] 
112.936: [GC (Allocation Failure) [PSYoungGen: 198051K->11264K(218624K)] 725940K->539153K(1005056K), 0.0015665 secs] [Times: user=0.00 sys=0.00, real=0.00 secs] 
115.657: [GC (Allocation Failure) [PSYoungGen: 183701K->10240K(218624K)] 813991K->640529K(1005056K), 0.0010072 secs] [Times: user=0.00 sys=0.00, real=0.00 secs] 
117.724: [Full GC (Ergonomics) [PSYoungGen: 177566K->0K(218624K)] [ParOldGen: 732689K->41984K(786432K)] 910255K->41984K(1005056K), [Metaspace: 2796K->2796K(1056768K)], 0.0062703 secs] [Times: user=0.00 sys=0.00, real=0.00 secs] 
120.230: [GC (Allocation Failure) [PSYoungGen: 173475K->10240K(218624K)] 420260K->257024K(1005056K), 0.0010306 secs] [Times: user=0.00 sys=0.00, real=0.00 secs] 
122.084: [GC (Allocation Failure) [PSYoungGen: 182695K->31744K(218624K)] 531879K->380928K(1005056K), 0.0025577 secs] [Times: user=0.00 sys=0.00, real=0.00 secs] 
123.286: [GC (Allocation Failure) [PSYoungGen: 204201K->20480K(218624K)] 553385K->369664K(1005056K), 0.0013898 secs] [Times: user=0.00 sys=0.00, real=0.00 secs] 
124.922: [GC (Allocation Failure) [PSYoungGen: 177569K->40960K(218624K)] 629153K->497664K(1005056K), 0.0036961 secs] [Times: user=0.00 sys=0.00, real=0.00 secs] 
125.682: [GC (Allocation Failure) [PSYoungGen: 213413K->30720K(218624K)] 670117K->487424K(1005056K), 0.0023667 secs] [Times: user=0.02 sys=0.00, real=0.00 secs] 
127.754: [GC (Allocation Failure) [PSYoungGen: 157086K->25600K(218624K)] 613790K->482304K(1005056K), 0.0025860 secs] [Times: user=0.00 sys=0.00, real=0.00 secs] 
128.521: [GC (Allocation Failure) [PSYoungGen: 198038K->10240K(218624K)] 654742K->518144K(1005056K), 0.0050954 secs] [Times: user=0.00 sys=0.00, real=0.00 secs] 
131.683: [GC (Allocation Failure) [PSYoungGen: 178566K->11264K(218624K)] 891270K->723968K(1005056K), 0.0019113 secs] [Times: user=0.00 sys=0.00, real=0.00 secs] 
132.120: [GC (Allocation Failure) [PSYoungGen: 106899K->6144K(218624K)] 819604K->770048K(1005056K), 0.0063650 secs] [Times: user=0.01 sys=0.00, real=0.01 secs] 
132.126: [Full GC (Ergonomics) [PSYoungGen: 6144K->0K(218624K)] [ParOldGen: 763904K->57873K(786432K)] 770048K->57873K(1005056K), [Metaspace: 2796K->2796K(1056768K)], 0.0059519 secs] [Times: user=0.00 sys=0.00, real=0.01 secs] 
133.333: [GC (Allocation Failure) [PSYoungGen: 157080K->21504K(218624K)] 214953K->79377K(1005056K), 0.0016002 secs] [Times: user=0.00 sys=0.00, real=0.00 secs] 
135.298: [GC (Allocation Failure) [PSYoungGen: 194948K->11264K(218624K)] 457622K->273937K(1005056K), 0.0012249 secs] [Times: user=0.00 sys=0.00, real=0.00 secs] 
137.476: [GC (Allocation Failure) [PSYoungGen: 178579K->30720K(218624K)] 543652K->416273K(1005056K), 0.0037375 secs] [Times: user=0.00 sys=0.00, real=0.00 secs] 
139.113: [GC (Allocation Failure) [PSYoungGen: 177564K->25600K(218624K)] 563118K->411153K(1005056K), 0.0023719 secs] [Times: user=0.00 sys=0.00, real=0.00 secs] 
139.875: [GC (Allocation Failure) [PSYoungGen: 198038K->10240K(218624K)] 583592K->498193K(1005056K), 0.0161852 secs] [Times: user=0.00 sys=0.00, real=0.02 secs] 
143.052: [GC (Allocation Failure) [PSYoungGen: 183686K->6144K(218624K)] 774040K->596497K(1005056K), 0.0011389 secs] [Times: user=0.00 sys=0.00, real=0.00 secs] 
144.800: [GC (Allocation Failure) [PSYoungGen: 173460K->26624K(218624K)] 866213K->739857K(1005056K), 0.0043011 secs] [Times: user=0.00 sys=0.00, real=0.00 secs] 
144.804: [Full GC (Ergonomics) [PSYoungGen: 26624K->0K(218624K)] [ParOldGen: 713233K->47633K(786432K)] 739857K->47633K(1005056K), [Metaspace: 2796K->2796K(1056768K)], 0.0058462 secs] [Times: user=0.00 sys=0.00, real=0.00 secs] 
146.020: [GC (Allocation Failure) [PSYoungGen: 167325K->5120K(218624K)] 214958K->52753K(1005056K), 0.0007246 secs] [Times: user=0.00 sys=0.00, real=0.00 secs] 
147.647: [GC (Allocation Failure) [PSYoungGen: 162185K->25600K(218624K)] 312219K->196113K(1005056K), 0.0033318 secs] [Times: user=0.00 sys=0.00, real=0.00 secs] 
148.401: [GC (Allocation Failure) [PSYoungGen: 198038K->10240K(218624K)] 368551K->231953K(1005056K), 0.0056774 secs] [Times: user=0.02 sys=0.00, real=0.01 secs] 
150.471: [GC (Allocation Failure) [PSYoungGen: 177556K->25600K(218624K)] 501670K->349713K(1005056K), 0.0022399 secs] [Times: user=0.00 sys=0.00, real=0.00 secs] 
151.232: [GC (Allocation Failure) [PSYoungGen: 198045K->11264K(218624K)] 522159K->335377K(1005056K), 0.0011249 secs] [Times: user=0.00 sys=0.00, real=0.00 secs] 
154.178: [GC (Allocation Failure) [PSYoungGen: 183690K->10240K(218624K)] 610204K->436753K(1005056K), 0.0011359 secs] [Times: user=0.00 sys=0.00, real=0.00 secs] 
156.032: [GC (Allocation Failure) [PSYoungGen: 167319K->30720K(218624K)] 696232K->559633K(1005056K), 0.0024119 secs] [Times: user=0.00 sys=0.00, real=0.00 secs] 
158.204: [Full GC (Ergonomics) [PSYoungGen: 204191K->0K(218624K)] [ParOldGen: 733713K->57344K(786432K)] 937904K->57344K(1005056K), [Metaspace: 2796K->2796K(1056768K)], 0.0069381 secs] [Times: user=0.00 sys=0.00, real=0.01 secs] 
160.262: [GC (Allocation Failure) [PSYoungGen: 167332K->20480K(218624K)] 327076K->180224K(1005056K), 0.0017339 secs] [Times: user=0.00 sys=0.00, real=0.00 secs] 
161.779: [GC (Allocation Failure) [PSYoungGen: 146855K->25600K(218624K)] 408999K->287744K(1005056K), 0.0026815 secs] [Times: user=0.00 sys=0.00, real=0.00 secs] 
162.547: [GC (Allocation Failure) [PSYoungGen: 198058K->11264K(218624K)] 460202K->273408K(1005056K), 0.0013401 secs] [Times: user=0.00 sys=0.00, real=0.00 secs] 
165.278: [GC (Allocation Failure) [PSYoungGen: 183706K->10240K(218624K)] 548250K->374784K(1005056K), 0.0013354 secs] [Times: user=0.00 sys=0.00, real=0.00 secs] 
167.342: [GC (Allocation Failure) [PSYoungGen: 177569K->40960K(218624K)] 644513K->507904K(1005056K), 0.0033304 secs] [Times: user=0.00 sys=0.00, real=0.00 secs] 
169.835: [GC (Allocation Failure) [PSYoungGen: 214437K->10240K(218624K)] 886181K->681984K(1005056K), 0.0016534 secs] [Times: user=0.00 sys=0.00, real=0.00 secs] 
171.670: [Full GC (Ergonomics) [PSYoungGen: 182696K->0K(218624K)] [ParOldGen: 774144K->134673K(786432K)] 956840K->134673K(1005056K), [Metaspace: 2796K->2796K(1056768K)], 0.0119329 secs] [Times: user=0.00 sys=0.00, real=0.01 secs] 
172.871: [GC (Allocation Failure) [PSYoungGen: 172458K->20480K(218624K)] 307131K->155153K(1005056K), 0.0011928 secs] [Times: user=0.00 sys=0.00, real=0.00 secs] 
174.496: [GC (Allocation Failure) [PSYoungGen: 177569K->25600K(218624K)] 414643K->283153K(1005056K), 0.0031639 secs] [Times: user=0.00 sys=0.00, real=0.00 secs] 
175.259: [GC (Allocation Failure) [PSYoungGen: 198054K->35840K(218624K)] 455607K->293393K(1005056K), 0.0030402 secs] [Times: user=0.02 sys=0.00, real=0.00 secs] 
177.335: [GC (Allocation Failure) [PSYoungGen: 162206K->25600K(218624K)] 419760K->283153K(1005056K), 0.0023679 secs] [Times: user=0.00 sys=0.00, real=0.00 secs] 
178.098: [GC (Allocation Failure) [PSYoungGen: 198038K->10240K(218624K)] 455591K->318993K(1005056K), 0.0052180 secs] [Times: user=0.00 sys=0.00, real=0.00 secs] 
181.256: [GC (Allocation Failure) [PSYoungGen: 178566K->11264K(218624K)] 692119K->524817K(1005056K), 0.0011405 secs] [Times: user=0.00 sys=0.00, real=0.00 secs] 
182.999: [GC (Allocation Failure) [PSYoungGen: 178580K->37888K(218624K)] 794533K->653841K(1005056K), 0.0027253 secs] [Times: user=0.00 sys=0.00, real=0.00 secs] 
184.195: [GC (Allocation Failure) [PSYoungGen: 210333K->10240K(218624K)] 826286K->626193K(1005056K), 0.0013832 secs] [Times: user=0.00 sys=0.00, real=0.00 secs] 
185.829: [GC (Allocation Failure) [PSYoungGen: 167321K->35840K(218624K)] 885674K->774673K(1005056K), 0.0033530 secs] [Times: user=0.00 sys=0.00, real=0.00 secs] 
185.833: [Full GC (Ergonomics) [PSYoungGen: 35840K->0K(218624K)] [ParOldGen: 738833K->36369K(786432K)] 774673K->36369K(1005056K), [Metaspace: 2796K->2796K(1056768K)], 0.0048619 secs] [Times: user=0.00 sys=0.00, real=0.00 secs] 
186.605: [GC (Allocation Failure) [PSYoungGen: 172448K->10240K(218624K)] 208817K->46609K(1005056K), 0.0007856 secs] [Times: user=0.00 sys=0.00, real=0.00 secs] 
188.674: [GC (Allocation Failure) [PSYoungGen: 182668K->25600K(218624K)] 219037K->61969K(1005056K), 0.0022186 secs] [Times: user=0.00 sys=0.00, real=0.00 secs] 
189.438: [GC (Allocation Failure) [PSYoungGen: 198030K->10240K(218624K)] 234399K->149009K(1005056K), 0.0149195 secs] [Times: user=0.00 sys=0.00, real=0.01 secs] 
192.617: [GC (Allocation Failure) [PSYoungGen: 183681K->6176K(218624K)] 424850K->247345K(1005056K), 0.0007847 secs] [Times: user=0.00 sys=0.00, real=0.00 secs] 
194.360: [GC (Allocation Failure) [PSYoungGen: 173488K->26656K(218624K)] 517058K->390705K(1005056K), 0.0037288 secs] [Times: user=0.00 sys=0.00, real=0.00 secs] 
195.556: [GC (Allocation Failure) [PSYoungGen: 193979K->5152K(218624K)] 558028K->369201K(1005056K), 0.0008832 secs] [Times: user=0.00 sys=0.00, real=0.00 secs] 
197.193: [GC (Allocation Failure) [PSYoungGen: 162231K->25664K(218624K)] 628680K->512593K(1005056K), 0.0031683 secs] [Times: user=0.00 sys=0.00, real=0.00 secs] 
197.957: [GC (Allocation Failure) [PSYoungGen: 198111K->30784K(218624K)] 685040K->568913K(1005056K), 0.0057635 secs] [Times: user=0.00 sys=0.00, real=0.01 secs] 
200.030: [GC (Allocation Failure) [PSYoungGen: 198106K->25664K(218624K)] 838635K->666193K(1005056K), 0.0026808 secs] [Times: user=0.00 sys=0.00, real=0.00 secs] 
200.793: [GC (Allocation Failure) [PSYoungGen: 198113K->11328K(218624K)] 838642K->651857K(1005056K), 0.0013458 secs] [Times: user=0.00 sys=0.00, real=0.00 secs] 
203.729: [Full GC (Ergonomics) [PSYoungGen: 183757K->0K(218624K)] [ParOldGen: 742929K->11264K(786432K)] 926686K->11264K(1005056K), [Metaspace: 2796K->2796K(1056768K)], 0.0031900 secs] [Times: user=0.00 sys=0.00, real=0.00 secs] 
205.579: [GC (Allocation Failure) [PSYoungGen: 157080K->25600K(218624K)] 270745K->139264K(1005056K), 0.0018053 secs] [Times: user=0.00 sys=0.00, real=0.00 secs] 
207.764: [GC (Allocation Failure) [PSYoungGen: 199072K->5120K(218624K)] 517536K->374784K(1005056K), 0.0057851 secs] [Times: user=0.00 sys=0.00, real=0.00 secs] 
209.836: [GC (Allocation Failure) [PSYoungGen: 172453K->20480K(218624K)] 644517K->492544K(1005056K), 0.0018849 secs] [Times: user=0.00 sys=0.00, real=0.00 secs] 
211.362: [GC (Allocation Failure) [PSYoungGen: 146856K->25600K(218624K)] 721320K->600064K(1005056K), 0.0025156 secs] [Times: user=0.00 sys=0.00, real=0.00 secs] 
212.121: [GC (Allocation Failure) [PSYoungGen: 198058K->11264K(218624K)] 772522K->585728K(1005056K), 0.0015404 secs] [Times: user=0.00 sys=0.00, real=0.00 secs] 
214.851: [GC (Allocation Failure) [PSYoungGen: 183706K->10240K(218624K)] 860570K->687104K(1005056K), 0.0016690 secs] [Times: user=0.00 sys=0.00, real=0.00 secs] 
216.937: [Full GC (Ergonomics) [PSYoungGen: 177569K->0K(218624K)] [ParOldGen: 779264K->41984K(786432K)] 956833K->41984K(1005056K), [Metaspace: 2796K->2796K(1056768K)], 0.0052356 secs] [Times: user=0.00 sys=0.00, real=0.01 secs] 
Heap
 PSYoungGen      total 218624K, used 99156K [0x00000000f0000000, 0x0000000100000000, 0x0000000100000000)
  eden space 175104K, 56% used [0x00000000f0000000,0x00000000f60d5098,0x00000000fab00000)
  from space 43520K, 0% used [0x00000000fd580000,0x00000000fd580000,0x0000000100000000)
  to   space 43520K, 0% used [0x00000000fab00000,0x00000000fab00000,0x00000000fd580000)
 ParOldGen       total 786432K, used 144384K [0x00000000c0000000, 0x00000000f0000000, 0x00000000f0000000)
  object space 786432K, 18% used [0x00000000c0000000,0x00000000c8d001e8,0x00000000f0000000)
 Metaspace       used 2804K, capacity 4486K, committed 4864K, reserved 1056768K
  class space    used 297K, capacity 386K, committed 512K, reserved 1048576K
