Java HotSpot(TM) 64-Bit Server VM (25.411-b09) for windows-amd64 JRE (1.8.0_411-b09), built on Mar 13 2024 07:26:13 by "java_re" with MS VC++ 17.1 (VS2022)
Memory: 4k page, physical 33403376k(14090260k free), swap 37876016k(5827428k free)
CommandLine flags: -XX:InitialHeapSize=536870912 -XX:MaxHeapSize=536870912 -XX:NewRatio=1 -XX:ParallelGCThreads=6 -XX:+PrintGC -XX:+PrintGCDetails -XX:+PrintGCTimeStamps -XX:SurvivorRatio=3 -XX:-UseAdaptiveSizePolicy -XX:+UseCompressedClassPointers -XX:+UseCompressedOops -XX:-UseLargePagesIndividualAllocation -XX:+UseParallelGC 
2.289: [GC (Allocation Failure) [PSYoungGen: 156836K->12032K(209920K)] 259236K->114440K(472064K), 0.0027748 secs] [Times: user=0.00 sys=0.00, real=0.00 secs] 
4.937: [GC (Allocation Failure) [PSYoungGen: 168786K->10856K(209920K)] 373594K->215664K(472064K), 0.0027043 secs] [Times: user=0.00 sys=0.00, real=0.00 secs] 
5.699: [GC (Allocation Failure) [PSYoungGen: 121530K->51816K(209920K)] 326338K->271984K(472064K), 0.0157205 secs] [Times: user=0.02 sys=0.00, real=0.02 secs] 
6.915: [GC (Allocation Failure) [PSYoungGen: 208569K->15928K(209920K)] 428737K->236096K(472064K), 0.0026432 secs] [Times: user=0.00 sys=0.00, real=0.00 secs] 
7.133: [GC (Allocation Failure) --[PSYoungGen: 92316K->92316K(209920K)] 312484K->312492K(472064K), 0.0025739 secs] [Times: user=0.00 sys=0.00, real=0.00 secs] 
7.136: [Full GC (Ergonomics) [PSYoungGen: 92316K->0K(209920K)] [ParOldGen: 220176K->92688K(262144K)] 312492K->92688K(472064K), [Metaspace: 2759K->2759K(1056768K)], 0.0108642 secs] [Times: user=0.02 sys=0.00, real=0.01 secs] 
8.457: [GC (Allocation Failure) [PSYoungGen: 141371K->20480K(209920K)] 234060K->113168K(472064K), 0.0021766 secs] [Times: user=0.00 sys=0.00, real=0.00 secs] 
8.892: [GC (Allocation Failure) [PSYoungGen: 177194K->1024K(209920K)] 269883K->144912K(472064K), 0.0047025 secs] [Times: user=0.00 sys=0.00, real=0.00 secs] 
10.978: [Full GC (Ergonomics) [PSYoungGen: 157745K->0K(209920K)] [ParOldGen: 246288K->169488K(262144K)] 404034K->169488K(472064K), [Metaspace: 2761K->2761K(1056768K)], 0.0138444 secs] [Times: user=0.00 sys=0.00, real=0.01 secs] 
11.427: [GC (Allocation Failure) [PSYoungGen: 95292K->51200K(209920K)] 264781K->220688K(472064K), 0.0044725 secs] [Times: user=0.00 sys=0.00, real=0.00 secs] 
12.628: [GC (Allocation Failure) [PSYoungGen: 189024K->15424K(209920K)] 358513K->184920K(472064K), 0.0016004 secs] [Times: user=0.00 sys=0.00, real=0.00 secs] 
12.847: [GC (Allocation Failure) [PSYoungGen: 90203K->51264K(209920K)] 259700K->225888K(472064K), 0.0045891 secs] [Times: user=0.00 sys=0.00, real=0.00 secs] 
14.062: [GC (Allocation Failure) [PSYoungGen: 207963K->21600K(209920K)] 382588K->196225K(472064K), 0.0025969 secs] [Times: user=0.00 sys=0.00, real=0.00 secs] 
14.279: [GC (Allocation Failure) [PSYoungGen: 96376K->51232K(209920K)] 271001K->237121K(472064K), 0.0046868 secs] [Times: user=0.02 sys=0.00, real=0.01 secs] 
16.028: [GC (Allocation Failure) [PSYoungGen: 207928K->10304K(209920K)] 393817K->196193K(472064K), 0.0011651 secs] [Times: user=0.00 sys=0.00, real=0.00 secs] 
17.118: [GC (Allocation Failure) [PSYoungGen: 136278K->51232K(209920K)] 322167K->262721K(472064K), 0.0059398 secs] [Times: user=0.00 sys=0.00, real=0.01 secs] 
18.318: [GC (Allocation Failure) [PSYoungGen: 207938K->15424K(209920K)] 419427K->226913K(472064K), 0.0014709 secs] [Times: user=0.00 sys=0.00, real=0.00 secs] 
18.536: [GC (Allocation Failure) --[PSYoungGen: 90205K->90205K(209920K)] 301694K->306814K(472064K), 0.0045512 secs] [Times: user=0.00 sys=0.00, real=0.01 secs] 
18.540: [Full GC (Ergonomics) [PSYoungGen: 90205K->0K(209920K)] [ParOldGen: 216609K->82449K(262144K)] 306814K->82449K(472064K), [Metaspace: 2770K->2770K(1056768K)], 0.0071635 secs] [Times: user=0.00 sys=0.00, real=0.01 secs] 
19.854: [GC (Allocation Failure) [PSYoungGen: 125981K->5120K(209920K)] 208430K->87569K(472064K), 0.0008183 secs] [Times: user=0.00 sys=0.00, real=0.00 secs] 
20.289: [GC (Allocation Failure) [PSYoungGen: 161812K->1024K(209920K)] 244261K->185873K(472064K), 0.0156906 secs] [Times: user=0.02 sys=0.00, real=0.01 secs] 
20.305: [Full GC (Ergonomics) [PSYoungGen: 1024K->0K(209920K)] [ParOldGen: 184849K->103953K(262144K)] 185873K->103953K(472064K), [Metaspace: 2771K->2771K(1056768K)], 0.0080741 secs] [Times: user=0.00 sys=0.00, real=0.01 secs] 
22.379: [Full GC (Ergonomics) [PSYoungGen: 156706K->0K(209920K)] [ParOldGen: 206353K->114193K(262144K)] 363060K->114193K(472064K), [Metaspace: 2779K->2779K(1056768K)], 0.0024057 secs] [Times: user=0.00 sys=0.00, real=0.00 secs] 
24.137: [Full GC (Ergonomics) [PSYoungGen: 141363K->0K(209920K)] [ParOldGen: 216593K->31744K(262144K)] 357956K->31744K(472064K), [Metaspace: 2779K->2779K(1056768K)], 0.0039617 secs] [Times: user=0.00 sys=0.00, real=0.00 secs] 
24.573: [GC (Allocation Failure) [PSYoungGen: 156734K->1024K(209920K)] 188478K->32768K(472064K), 0.0003251 secs] [Times: user=0.00 sys=0.00, real=0.00 secs] 
26.647: [GC (Allocation Failure) [PSYoungGen: 157757K->25600K(209920K)] 291901K->159744K(472064K), 0.0024294 secs] [Times: user=0.00 sys=0.00, real=0.00 secs] 
28.399: [GC (Allocation Failure) [PSYoungGen: 137285K->25632K(209920K)] 271429K->159784K(472064K), 0.0023370 secs] [Times: user=0.00 sys=0.00, real=0.00 secs] 
28.835: [GC (Allocation Failure) [PSYoungGen: 182356K->6208K(209920K)] 316508K->191560K(472064K), 0.0052050 secs] [Times: user=0.00 sys=0.00, real=0.01 secs] 
28.840: [Full GC (Ergonomics) [PSYoungGen: 6208K->0K(209920K)] [ParOldGen: 185352K->57873K(262144K)] 191560K->57873K(472064K), [Metaspace: 2793K->2793K(1056768K)], 0.0054424 secs] [Times: user=0.00 sys=0.00, real=0.01 secs] 
31.357: [GC (Allocation Failure) [PSYoungGen: 151592K->5120K(209920K)] 311866K->165393K(472064K), 0.0006393 secs] [Times: user=0.00 sys=0.00, real=0.00 secs] 
32.563: [GC (Allocation Failure) [PSYoungGen: 161847K->16384K(209920K)] 322120K->176657K(472064K), 0.0014796 secs] [Times: user=0.00 sys=0.00, real=0.00 secs] 
32.781: [GC (Allocation Failure) [PSYoungGen: 91193K->6144K(209920K)] 251466K->217617K(472064K), 0.0052521 secs] [Times: user=0.00 sys=0.00, real=0.01 secs] 
32.787: [Full GC (Ergonomics) [PSYoungGen: 6144K->0K(209920K)] [ParOldGen: 211473K->57873K(262144K)] 217617K->57873K(472064K), [Metaspace: 2793K->2793K(1056768K)], 0.0051971 secs] [Times: user=0.00 sys=0.00, real=0.00 secs] 
34.006: [GC (Allocation Failure) [PSYoungGen: 156729K->21504K(209920K)] 214602K->79377K(472064K), 0.0020393 secs] [Times: user=0.00 sys=0.00, real=0.00 secs] 
35.536: [GC (Allocation Failure) [PSYoungGen: 142379K->30720K(209920K)] 302653K->190993K(472064K), 0.0026592 secs] [Times: user=0.00 sys=0.00, real=0.00 secs] 
35.973: [GC (Allocation Failure) [PSYoungGen: 187449K->11264K(209920K)] 347722K->171537K(472064K), 0.0011801 secs] [Times: user=0.00 sys=0.00, real=0.00 secs] 
37.065: [GC (Allocation Failure) [PSYoungGen: 137274K->51200K(209920K)] 297547K->247313K(472064K), 0.0071331 secs] [Times: user=0.00 sys=0.00, real=0.01 secs] 
37.072: [Full GC (Ergonomics) [PSYoungGen: 51200K->0K(209920K)] [ParOldGen: 196113K->87569K(262144K)] 247313K->87569K(472064K), [Metaspace: 2793K->2793K(1056768K)], 0.0078120 secs] [Times: user=0.00 sys=0.00, real=0.01 secs] 
38.284: [GC (Allocation Failure) [PSYoungGen: 156729K->15360K(209920K)] 244298K->102929K(472064K), 0.0012653 secs] [Times: user=0.00 sys=0.00, real=0.00 secs] 
39.828: [GC (Allocation Failure) [PSYoungGen: 151595K->25600K(209920K)] 239165K->113169K(472064K), 0.0023688 secs] [Times: user=0.00 sys=0.00, real=0.00 secs] 
40.265: [GC (Allocation Failure) [PSYoungGen: 182320K->6144K(209920K)] 269889K->196113K(472064K), 0.0161065 secs] [Times: user=0.00 sys=0.00, real=0.02 secs] 
40.281: [Full GC (Ergonomics) [PSYoungGen: 6144K->0K(209920K)] [ParOldGen: 189969K->109073K(262144K)] 196113K->109073K(472064K), [Metaspace: 2793K->2793K(1056768K)], 0.0084982 secs] [Times: user=0.00 sys=0.00, real=0.01 secs] 
43.002: [Full GC (Ergonomics) [PSYoungGen: 156710K->0K(209920K)] [ParOldGen: 211473K->2048K(262144K)] 368183K->2048K(472064K), [Metaspace: 2795K->2795K(1056768K)], 0.0020320 secs] [Times: user=0.00 sys=0.00, real=0.00 secs] 
45.065: [GC (Allocation Failure) [PSYoungGen: 152629K->21504K(209920K)] 257077K->125952K(472064K), 0.0018937 secs] [Times: user=0.00 sys=0.00, real=0.00 secs] 
46.921: [Full GC (Ergonomics) [PSYoungGen: 162879K->0K(209920K)] [ParOldGen: 206848K->21504K(262144K)] 369727K->21504K(472064K), [Metaspace: 2795K->2795K(1056768K)], 0.0026902 secs] [Times: user=0.00 sys=0.00, real=0.00 secs] 
47.358: [GC (Allocation Failure) [PSYoungGen: 156741K->1024K(209920K)] 178245K->22528K(472064K), 0.0003071 secs] [Times: user=0.00 sys=0.00, real=0.00 secs] 
49.430: [GC (Allocation Failure) [PSYoungGen: 157762K->15360K(209920K)] 281666K->190464K(472064K), 0.0053189 secs] [Times: user=0.00 sys=0.00, real=0.00 secs] 
49.436: [Full GC (Ergonomics) [PSYoungGen: 15360K->0K(209920K)] [ParOldGen: 175104K->88064K(262144K)] 190464K->88064K(472064K), [Metaspace: 2795K->2795K(1056768K)], 0.0071581 secs] [Times: user=0.01 sys=0.00, real=0.01 secs] 
51.192: [Full GC (Ergonomics) [PSYoungGen: 151624K->0K(209920K)] [ParOldGen: 190464K->26624K(262144K)] 342088K->26624K(472064K), [Metaspace: 2795K->2795K(1056768K)], 0.0030839 secs] [Times: user=0.00 sys=0.00, real=0.00 secs] 
51.628: [GC (Allocation Failure) [PSYoungGen: 156747K->2048K(209920K)] 183371K->28672K(472064K), 0.0004606 secs] [Times: user=0.00 sys=0.00, real=0.00 secs] 
53.699: [GC (Allocation Failure) [PSYoungGen: 158775K->12288K(209920K)] 287799K->141312K(472064K), 0.0009745 secs] [Times: user=0.00 sys=0.00, real=0.00 secs] 
56.317: [Full GC (Ergonomics) [PSYoungGen: 169025K->0K(209920K)] [ParOldGen: 231424K->26624K(262144K)] 400449K->26624K(472064K), [Metaspace: 2796K->2796K(1056768K)], 0.0031854 secs] [Times: user=0.00 sys=0.00, real=0.00 secs] 
58.288: [GC (Allocation Failure) [PSYoungGen: 141382K->20480K(209920K)] 270407K->149504K(472064K), 0.0019718 secs] [Times: user=0.00 sys=0.00, real=0.00 secs] 
58.724: [GC (Allocation Failure) [PSYoungGen: 177226K->1024K(209920K)] 306250K->181248K(472064K), 0.0045693 secs] [Times: user=0.00 sys=0.00, real=0.00 secs] 
58.729: [Full GC (Ergonomics) [PSYoungGen: 1024K->0K(209920K)] [ParOldGen: 180224K->52753K(262144K)] 181248K->52753K(472064K), [Metaspace: 2796K->2796K(1056768K)], 0.0048948 secs] [Times: user=0.00 sys=0.00, real=0.01 secs] 
60.815: [GC (Allocation Failure) [PSYoungGen: 156741K->15360K(209920K)] 311895K->170513K(472064K), 0.0013153 secs] [Times: user=0.00 sys=0.00, real=0.00 secs] 
62.560: [Full GC (Ergonomics) [PSYoungGen: 161866K->0K(209920K)] [ParOldGen: 257553K->26624K(262144K)] 419419K->26624K(472064K), [Metaspace: 2796K->2796K(1056768K)], 0.0035810 secs] [Times: user=0.00 sys=0.00, real=0.00 secs] 
62.995: [GC (Allocation Failure) [PSYoungGen: 156748K->2048K(209920K)] 183372K->28672K(472064K), 0.0003425 secs] [Times: user=0.00 sys=0.00, real=0.00 secs] 
65.071: [GC (Allocation Failure) [PSYoungGen: 158783K->21504K(209920K)] 287807K->150528K(472064K), 0.0016560 secs] [Times: user=0.00 sys=0.00, real=0.00 secs] 
67.472: [Full GC (Ergonomics) [PSYoungGen: 178246K->0K(209920K)] [ParOldGen: 231424K->31744K(262144K)] 409670K->31744K(472064K), [Metaspace: 2796K->2796K(1056768K)], 0.0036197 secs] [Times: user=0.00 sys=0.00, real=0.00 secs] 
69.654: [GC (Allocation Failure) [PSYoungGen: 136266K->5120K(209920K)] 270410K->139264K(472064K), 0.0008271 secs] [Times: user=0.00 sys=0.00, real=0.00 secs] 
70.092: [GC (Allocation Failure) [PSYoungGen: 161868K->1024K(209920K)] 296013K->237568K(472064K), 0.0156486 secs] [Times: user=0.00 sys=0.00, real=0.02 secs] 
70.107: [Full GC (Ergonomics) [PSYoungGen: 1024K->0K(209920K)] [ParOldGen: 236544K->103953K(262144K)] 237568K->103953K(472064K), [Metaspace: 2796K->2796K(1056768K)], 0.0078036 secs] [Times: user=0.00 sys=0.00, real=0.01 secs] 
72.179: [Full GC (Ergonomics) [PSYoungGen: 156743K->0K(209920K)] [ParOldGen: 206353K->114193K(262144K)] 363096K->114193K(472064K), [Metaspace: 2796K->2796K(1056768K)], 0.0022688 secs] [Times: user=0.00 sys=0.00, real=0.00 secs] 
73.927: [Full GC (Ergonomics) [PSYoungGen: 141386K->0K(209920K)] [ParOldGen: 216593K->31744K(262144K)] 357980K->31744K(472064K), [Metaspace: 2796K->2796K(1056768K)], 0.0039371 secs] [Times: user=0.00 sys=0.00, real=0.00 secs] 
74.364: [GC (Allocation Failure) [PSYoungGen: 156749K->1024K(209920K)] 188493K->32768K(472064K), 0.0003529 secs] [Times: user=0.00 sys=0.00, real=0.00 secs] 
76.444: [GC (Allocation Failure) [PSYoungGen: 157767K->25600K(209920K)] 291911K->159744K(472064K), 0.0021051 secs] [Times: user=0.00 sys=0.00, real=0.00 secs] 
78.193: [GC (Allocation Failure) [PSYoungGen: 136267K->25600K(209920K)] 270411K->159744K(472064K), 0.0029109 secs] [Times: user=0.00 sys=0.00, real=0.00 secs] 
78.632: [GC (Allocation Failure) [PSYoungGen: 182338K->6144K(209920K)] 316482K->191488K(472064K), 0.0053226 secs] [Times: user=0.00 sys=0.00, real=0.01 secs] 
78.637: [Full GC (Ergonomics) [PSYoungGen: 6144K->0K(209920K)] [ParOldGen: 185344K->57873K(262144K)] 191488K->57873K(472064K), [Metaspace: 2796K->2796K(1056768K)], 0.0057291 secs] [Times: user=0.00 sys=0.00, real=0.01 secs] 
81.154: [Full GC (Ergonomics) [PSYoungGen: 151602K->0K(209920K)] [ParOldGen: 160273K->6144K(262144K)] 311875K->6144K(472064K), [Metaspace: 2796K->2796K(1056768K)], 0.0020684 secs] [Times: user=0.00 sys=0.00, real=0.00 secs] 
82.363: [GC (Allocation Failure) [PSYoungGen: 156733K->16384K(209920K)] 162877K->22528K(472064K), 0.0013953 secs] [Times: user=0.00 sys=0.00, real=0.00 secs] 
83.893: [GC (Allocation Failure) [PSYoungGen: 162877K->37888K(209920K)] 271421K->146432K(472064K), 0.0049909 secs] [Times: user=0.00 sys=0.00, real=0.01 secs] 
84.332: [GC (Allocation Failure) [PSYoungGen: 194628K->18432K(209920K)] 303172K->126976K(472064K), 0.0015626 secs] [Times: user=0.00 sys=0.00, real=0.00 secs] 
86.621: [Full GC (Ergonomics) [PSYoungGen: 170049K->0K(209920K)] [ParOldGen: 210944K->26129K(262144K)] 380993K->26129K(472064K), [Metaspace: 2796K->2796K(1056768K)], 0.0032750 secs] [Times: user=0.00 sys=0.00, real=0.00 secs] 
88.148: [GC (Allocation Failure) [PSYoungGen: 146503K->46080K(209920K)] 275032K->174609K(472064K), 0.0034835 secs] [Times: user=0.00 sys=0.00, real=0.00 secs] 
89.567: [GC (Allocation Failure) [PSYoungGen: 161867K->25600K(209920K)] 290396K->154129K(472064K), 0.0024147 secs] [Times: user=0.00 sys=0.00, real=0.00 secs] 
90.004: [GC (Allocation Failure) [PSYoungGen: 182339K->6144K(209920K)] 310868K->237073K(472064K), 0.0161339 secs] [Times: user=0.00 sys=0.00, real=0.02 secs] 
90.020: [Full GC (Ergonomics) [PSYoungGen: 6144K->0K(209920K)] [ParOldGen: 230929K->109073K(262144K)] 237073K->109073K(472064K), [Metaspace: 2796K->2796K(1056768K)], 0.0093325 secs] [Times: user=0.00 sys=0.00, real=0.01 secs] 
92.745: [Full GC (Ergonomics) [PSYoungGen: 156722K->0K(209920K)] [ParOldGen: 211473K->2048K(262144K)] 368195K->2048K(472064K), [Metaspace: 2796K->2796K(1056768K)], 0.0018384 secs] [Times: user=0.00 sys=0.00, real=0.00 secs] 
94.819: [GC (Allocation Failure) [PSYoungGen: 152637K->21504K(209920K)] 257085K->125952K(472064K), 0.0018647 secs] [Times: user=0.00 sys=0.00, real=0.00 secs] 
96.666: [Full GC (Ergonomics) [PSYoungGen: 162884K->0K(209920K)] [ParOldGen: 206848K->21504K(262144K)] 369732K->21504K(472064K), [Metaspace: 2796K->2796K(1056768K)], 0.0026550 secs] [Times: user=0.00 sys=0.00, real=0.00 secs] 
97.101: [GC (Allocation Failure) [PSYoungGen: 156745K->1024K(209920K)] 178249K->22528K(472064K), 0.0004762 secs] [Times: user=0.00 sys=0.00, real=0.00 secs] 
99.174: [GC (Allocation Failure) [PSYoungGen: 157764K->15360K(209920K)] 281668K->190464K(472064K), 0.0049908 secs] [Times: user=0.00 sys=0.00, real=0.01 secs] 
99.179: [Full GC (Ergonomics) [PSYoungGen: 15360K->0K(209920K)] [ParOldGen: 175104K->88064K(262144K)] 190464K->88064K(472064K), [Metaspace: 2796K->2796K(1056768K)], 0.0062638 secs] [Times: user=0.00 sys=0.00, real=0.01 secs] 
100.930: [Full GC (Ergonomics) [PSYoungGen: 151625K->0K(209920K)] [ParOldGen: 190464K->26624K(262144K)] 342089K->26624K(472064K), [Metaspace: 2796K->2796K(1056768K)], 0.0035449 secs] [Times: user=0.00 sys=0.00, real=0.00 secs] 
101.368: [GC (Allocation Failure) [PSYoungGen: 156748K->2048K(209920K)] 183372K->28672K(472064K), 0.0004554 secs] [Times: user=0.00 sys=0.00, real=0.00 secs] 
103.444: [GC (Allocation Failure) [PSYoungGen: 158776K->12288K(209920K)] 287800K->141312K(472064K), 0.0011654 secs] [Times: user=0.00 sys=0.00, real=0.00 secs] 
106.063: [Full GC (Ergonomics) [PSYoungGen: 169025K->0K(209920K)] [ParOldGen: 231424K->26624K(262144K)] 400449K->26624K(472064K), [Metaspace: 2796K->2796K(1056768K)], 0.0031887 secs] [Times: user=0.00 sys=0.00, real=0.00 secs] 
108.025: [GC (Allocation Failure) [PSYoungGen: 141383K->20480K(209920K)] 270407K->149504K(472064K), 0.0019954 secs] [Times: user=0.00 sys=0.00, real=0.00 secs] 
108.460: [GC (Allocation Failure) [PSYoungGen: 177226K->51200K(209920K)] 306250K->181248K(472064K), 0.0044952 secs] [Times: user=0.00 sys=0.00, real=0.00 secs] 
110.533: [Full GC (Ergonomics) [PSYoungGen: 207941K->0K(209920K)] [ParOldGen: 232448K->169489K(262144K)] 440390K->169489K(472064K), [Metaspace: 2796K->2796K(1056768K)], 0.0129377 secs] [Times: user=0.00 sys=0.00, real=0.01 secs] 
110.983: [GC (Allocation Failure) [PSYoungGen: 95305K->51200K(209920K)] 264795K->220689K(472064K), 0.0053122 secs] [Times: user=0.00 sys=0.00, real=0.00 secs] 
112.293: [GC (Allocation Failure) [PSYoungGen: 207936K->25600K(209920K)] 377425K->195089K(472064K), 0.0022259 secs] [Times: user=0.00 sys=0.00, real=0.00 secs] 
112.732: [GC (Allocation Failure) [PSYoungGen: 182320K->7168K(209920K)] 351809K->176657K(472064K), 0.0009319 secs] [Times: user=0.00 sys=0.00, real=0.00 secs] 
113.825: [GC (Allocation Failure) [PSYoungGen: 133165K->51200K(209920K)] 302654K->237073K(472064K), 0.0055641 secs] [Times: user=0.00 sys=0.00, real=0.00 secs] 
115.581: [GC (Allocation Failure) [PSYoungGen: 207920K->10240K(209920K)] 393794K->196113K(472064K), 0.0014052 secs] [Times: user=0.00 sys=0.00, real=0.00 secs] 
116.673: [GC (Allocation Failure) [PSYoungGen: 136230K->25600K(209920K)] 322104K->262673K(472064K), 0.0055312 secs] [Times: user=0.00 sys=0.00, real=0.01 secs] 
116.678: [Full GC (Ergonomics) [PSYoungGen: 25600K->0K(209920K)] [ParOldGen: 237073K->77329K(262144K)] 262673K->77329K(472064K), [Metaspace: 2796K->2796K(1056768K)], 0.0066817 secs] [Times: user=0.00 sys=0.00, real=0.01 secs] 
117.886: [GC (Allocation Failure) [PSYoungGen: 156716K->15360K(209920K)] 234045K->92689K(472064K), 0.0013547 secs] [Times: user=0.00 sys=0.00, real=0.00 secs] 
119.522: [GC (Allocation Failure) [PSYoungGen: 161827K->51200K(209920K)] 341557K->230929K(472064K), 0.0045563 secs] [Times: user=0.00 sys=0.00, real=0.00 secs] 
120.717: [GC (Allocation Failure) --[PSYoungGen: 207923K->207923K(209920K)] 387653K->387653K(472064K), 0.0015481 secs] [Times: user=0.00 sys=0.00, real=0.00 secs] 
120.718: [Full GC (Ergonomics) [PSYoungGen: 207923K->0K(209920K)] [ParOldGen: 179729K->118784K(262144K)] 387653K->118784K(472064K), [Metaspace: 2796K->2796K(1056768K)], 0.0091765 secs] [Times: user=0.00 sys=0.00, real=0.01 secs] 
122.261: [Full GC (Ergonomics) [PSYoungGen: 146486K->0K(209920K)] [ParOldGen: 221184K->135168K(262144K)] 367671K->135168K(472064K), [Metaspace: 2796K->2796K(1056768K)], 0.0035565 secs] [Times: user=0.00 sys=0.00, real=0.00 secs] 
123.241: [GC (Allocation Failure) [PSYoungGen: 156736K->1024K(209920K)] 291904K->136192K(472064K), 0.0005913 secs] [Times: user=0.00 sys=0.00, real=0.00 secs] 
124.989: [Full GC (Ergonomics) [PSYoungGen: 152639K->0K(209920K)] [ParOldGen: 237568K->26624K(262144K)] 390207K->26624K(472064K), [Metaspace: 2796K->2796K(1056768K)], 0.0032367 secs] [Times: user=0.00 sys=0.00, real=0.00 secs] 
127.286: [GC (Allocation Failure) [PSYoungGen: 156741K->10240K(209920K)] 285765K->139264K(472064K), 0.0010219 secs] [Times: user=0.00 sys=0.00, real=0.00 secs] 
129.144: [Full GC (Ergonomics) [PSYoungGen: 161866K->0K(209920K)] [ParOldGen: 231424K->72704K(262144K)] 393290K->72704K(472064K), [Metaspace: 2796K->2796K(1056768K)], 0.0065597 secs] [Times: user=0.00 sys=0.00, real=0.01 secs] 
130.889: [GC (Allocation Failure) [PSYoungGen: 110668K->5120K(209920K)] 285772K->180224K(472064K), 0.0008145 secs] [Times: user=0.00 sys=0.00, real=0.00 secs] 
132.090: [GC (Allocation Failure) [PSYoungGen: 161870K->16384K(209920K)] 336974K->191488K(472064K), 0.0015318 secs] [Times: user=0.00 sys=0.00, real=0.00 secs] 
132.309: [GC (Allocation Failure) [PSYoungGen: 91208K->51200K(209920K)] 266312K->232448K(472064K), 0.0046771 secs] [Times: user=0.00 sys=0.00, real=0.00 secs] 
133.530: [GC (Allocation Failure) [PSYoungGen: 207944K->21504K(209920K)] 389192K->202752K(472064K), 0.0016191 secs] [Times: user=0.02 sys=0.00, real=0.00 secs] 
133.750: [GC (Allocation Failure) [PSYoungGen: 96309K->51200K(209920K)] 277557K->243712K(472064K), 0.0049910 secs] [Times: user=0.00 sys=0.00, real=0.00 secs] 
135.075: [GC (Allocation Failure) [PSYoungGen: 202805K->30720K(209920K)] 395317K->223232K(472064K), 0.0024826 secs] [Times: user=0.00 sys=0.00, real=0.00 secs] 
135.511: [GC (Allocation Failure) [PSYoungGen: 187432K->11264K(209920K)] 379944K->203776K(472064K), 0.0013255 secs] [Times: user=0.00 sys=0.00, real=0.00 secs] 
136.600: [GC (Allocation Failure) [PSYoungGen: 137263K->35840K(209920K)] 329775K->279552K(472064K), 0.0063951 secs] [Times: user=0.00 sys=0.00, real=0.01 secs] 
136.607: [Full GC (Ergonomics) [PSYoungGen: 35840K->0K(209920K)] [ParOldGen: 243712K->87569K(262144K)] 279552K->87569K(472064K), [Metaspace: 2796K->2796K(1056768K)], 0.0073734 secs] [Times: user=0.00 sys=0.00, real=0.01 secs] 
137.817: [GC (Allocation Failure) [PSYoungGen: 156722K->15360K(209920K)] 244291K->102929K(472064K), 0.0015870 secs] [Times: user=0.00 sys=0.00, real=0.00 secs] 
139.345: [GC (Allocation Failure) [PSYoungGen: 151591K->25600K(209920K)] 239160K->113169K(472064K), 0.0024486 secs] [Times: user=0.00 sys=0.00, real=0.00 secs] 
139.780: [GC (Allocation Failure) [PSYoungGen: 182317K->6144K(209920K)] 269887K->196113K(472064K), 0.0154343 secs] [Times: user=0.00 sys=0.00, real=0.01 secs] 
139.796: [Full GC (Ergonomics) [PSYoungGen: 6144K->0K(209920K)] [ParOldGen: 189969K->109073K(262144K)] 196113K->109073K(472064K), [Metaspace: 2796K->2796K(1056768K)], 0.0088188 secs] [Times: user=0.00 sys=0.00, real=0.01 secs] 
142.523: [Full GC (Ergonomics) [PSYoungGen: 156708K->0K(209920K)] [ParOldGen: 211473K->2048K(262144K)] 368182K->2048K(472064K), [Metaspace: 2796K->2796K(1056768K)], 0.0017602 secs] [Times: user=0.00 sys=0.00, real=0.00 secs] 
144.592: [GC (Allocation Failure) [PSYoungGen: 152628K->21504K(209920K)] 257076K->125952K(472064K), 0.0017227 secs] [Times: user=0.02 sys=0.00, real=0.00 secs] 
146.446: [Full GC (Ergonomics) [PSYoungGen: 162878K->0K(209920K)] [ParOldGen: 206848K->21504K(262144K)] 369726K->21504K(472064K), [Metaspace: 2796K->2796K(1056768K)], 0.0028409 secs] [Times: user=0.00 sys=0.00, real=0.00 secs] 
146.882: [GC (Allocation Failure) [PSYoungGen: 156741K->1024K(209920K)] 178245K->22528K(472064K), 0.0003051 secs] [Times: user=0.00 sys=0.00, real=0.00 secs] 
148.964: [GC (Allocation Failure) [PSYoungGen: 157762K->15360K(209920K)] 281666K->190464K(472064K), 0.0050822 secs] [Times: user=0.00 sys=0.00, real=0.00 secs] 
148.969: [Full GC (Ergonomics) [PSYoungGen: 15360K->0K(209920K)] [ParOldGen: 175104K->88064K(262144K)] 190464K->88064K(472064K), [Metaspace: 2796K->2796K(1056768K)], 0.0064062 secs] [Times: user=0.00 sys=0.00, real=0.01 secs] 
150.719: [Full GC (Ergonomics) [PSYoungGen: 151623K->0K(209920K)] [ParOldGen: 190464K->26624K(262144K)] 342087K->26624K(472064K), [Metaspace: 2796K->2796K(1056768K)], 0.0039469 secs] [Times: user=0.00 sys=0.00, real=0.00 secs] 
151.155: [GC (Allocation Failure) [PSYoungGen: 156747K->2048K(209920K)] 183371K->28672K(472064K), 0.0003453 secs] [Times: user=0.00 sys=0.00, real=0.00 secs] 
153.233: [GC (Allocation Failure) [PSYoungGen: 158775K->12288K(209920K)] 287799K->141312K(472064K), 0.0011818 secs] [Times: user=0.02 sys=0.00, real=0.00 secs] 
155.849: [Full GC (Ergonomics) [PSYoungGen: 169025K->0K(209920K)] [ParOldGen: 231424K->26624K(262144K)] 400449K->26624K(472064K), [Metaspace: 2796K->2796K(1056768K)], 0.0033060 secs] [Times: user=0.00 sys=0.00, real=0.00 secs] 
157.813: [GC (Allocation Failure) [PSYoungGen: 141382K->20480K(209920K)] 270406K->149504K(472064K), 0.0018871 secs] [Times: user=0.00 sys=0.00, real=0.00 secs] 
158.251: [GC (Allocation Failure) [PSYoungGen: 177226K->51200K(209920K)] 306250K->181248K(472064K), 0.0046244 secs] [Times: user=0.00 sys=0.00, real=0.00 secs] 
160.322: [Full GC (Ergonomics) [PSYoungGen: 207941K->0K(209920K)] [ParOldGen: 232448K->169489K(262144K)] 440389K->169489K(472064K), [Metaspace: 2796K->2796K(1056768K)], 0.0127818 secs] [Times: user=0.02 sys=0.00, real=0.01 secs] 
160.777: [GC (Allocation Failure) [PSYoungGen: 95305K->51200K(209920K)] 264795K->220689K(472064K), 0.0045374 secs] [Times: user=0.00 sys=0.00, real=0.00 secs] 
162.083: [GC (Allocation Failure) [PSYoungGen: 207936K->25600K(209920K)] 377425K->195089K(472064K), 0.0025398 secs] [Times: user=0.00 sys=0.00, real=0.00 secs] 
162.519: [GC (Allocation Failure) [PSYoungGen: 182320K->7168K(209920K)] 351809K->176657K(472064K), 0.0009073 secs] [Times: user=0.00 sys=0.00, real=0.00 secs] 
163.607: [GC (Allocation Failure) [PSYoungGen: 133165K->51200K(209920K)] 302654K->237073K(472064K), 0.0052887 secs] [Times: user=0.01 sys=0.00, real=0.01 secs] 
165.351: [GC (Allocation Failure) [PSYoungGen: 207920K->10240K(209920K)] 393794K->196113K(472064K), 0.0012021 secs] [Times: user=0.00 sys=0.00, real=0.00 secs] 
166.440: [GC (Allocation Failure) [PSYoungGen: 136230K->51200K(209920K)] 322104K->262673K(472064K), 0.0056492 secs] [Times: user=0.00 sys=0.00, real=0.01 secs] 
166.445: [Full GC (Ergonomics) [PSYoungGen: 51200K->0K(209920K)] [ParOldGen: 211473K->77329K(262144K)] 262673K->77329K(472064K), [Metaspace: 2796K->2796K(1056768K)], 0.0062855 secs] [Times: user=0.00 sys=0.00, real=0.01 secs] 
167.651: [GC (Allocation Failure) [PSYoungGen: 156716K->15360K(209920K)] 234045K->92689K(472064K), 0.0014188 secs] [Times: user=0.00 sys=0.00, real=0.00 secs] 
169.288: [GC (Allocation Failure) [PSYoungGen: 161827K->51200K(209920K)] 341557K->230929K(472064K), 0.0051776 secs] [Times: user=0.00 sys=0.00, real=0.01 secs] 
170.501: [GC (Allocation Failure) --[PSYoungGen: 207923K->207923K(209920K)] 387653K->387653K(472064K), 0.0016831 secs] [Times: user=0.00 sys=0.00, real=0.00 secs] 
170.503: [Full GC (Ergonomics) [PSYoungGen: 207923K->0K(209920K)] [ParOldGen: 179729K->118784K(262144K)] 387653K->118784K(472064K), [Metaspace: 2796K->2796K(1056768K)], 0.0093316 secs] [Times: user=0.00 sys=0.00, real=0.01 secs] 
172.045: [Full GC (Ergonomics) [PSYoungGen: 146486K->0K(209920K)] [ParOldGen: 221184K->135168K(262144K)] 367671K->135168K(472064K), [Metaspace: 2796K->2796K(1056768K)], 0.0033711 secs] [Times: user=0.01 sys=0.00, real=0.00 secs] 
173.028: [GC (Allocation Failure) [PSYoungGen: 156736K->1024K(209920K)] 291904K->136192K(472064K), 0.0007271 secs] [Times: user=0.00 sys=0.00, real=0.00 secs] 
174.765: [Full GC (Ergonomics) [PSYoungGen: 152639K->0K(209920K)] [ParOldGen: 237568K->26624K(262144K)] 390207K->26624K(472064K), [Metaspace: 2796K->2796K(1056768K)], 0.0032045 secs] [Times: user=0.00 sys=0.00, real=0.00 secs] 
177.055: [GC (Allocation Failure) [PSYoungGen: 156741K->10240K(209920K)] 285765K->139264K(472064K), 0.0008738 secs] [Times: user=0.00 sys=0.00, real=0.00 secs] 
178.905: [Full GC (Ergonomics) [PSYoungGen: 161866K->0K(209920K)] [ParOldGen: 231424K->72704K(262144K)] 393290K->72704K(472064K), [Metaspace: 2796K->2796K(1056768K)], 0.0065763 secs] [Times: user=0.00 sys=0.00, real=0.01 secs] 
180.652: [GC (Allocation Failure) [PSYoungGen: 110668K->5120K(209920K)] 285772K->180224K(472064K), 0.0007918 secs] [Times: user=0.00 sys=0.00, real=0.00 secs] 
181.853: [GC (Allocation Failure) [PSYoungGen: 161870K->16384K(209920K)] 336974K->191488K(472064K), 0.0014687 secs] [Times: user=0.00 sys=0.00, real=0.00 secs] 
182.073: [GC (Allocation Failure) [PSYoungGen: 91208K->6144K(209920K)] 266312K->232448K(472064K), 0.0047890 secs] [Times: user=0.02 sys=0.00, real=0.00 secs] 
182.078: [Full GC (Ergonomics) [PSYoungGen: 6144K->0K(209920K)] [ParOldGen: 226304K->57873K(262144K)] 232448K->57873K(472064K), [Metaspace: 2796K->2796K(1056768K)], 0.0053430 secs] [Times: user=0.00 sys=0.00, real=0.01 secs] 
183.286: [GC (Allocation Failure) [PSYoungGen: 156744K->21504K(209920K)] 214617K->79377K(472064K), 0.0022007 secs] [Times: user=0.00 sys=0.00, real=0.00 secs] 
184.813: [GC (Allocation Failure) [PSYoungGen: 142389K->30720K(209920K)] 302662K->190993K(472064K), 0.0022356 secs] [Times: user=0.00 sys=0.00, real=0.00 secs] 
185.249: [GC (Allocation Failure) [PSYoungGen: 187455K->11264K(209920K)] 347728K->171537K(472064K), 0.0011611 secs] [Times: user=0.00 sys=0.00, real=0.00 secs] 
186.337: [GC (Allocation Failure) [PSYoungGen: 137278K->35840K(209920K)] 297551K->247313K(472064K), 0.0063734 secs] [Times: user=0.00 sys=0.00, real=0.01 secs] 
186.344: [Full GC (Ergonomics) [PSYoungGen: 35840K->0K(209920K)] [ParOldGen: 211473K->87569K(262144K)] 247313K->87569K(472064K), [Metaspace: 2796K->2796K(1056768K)], 0.0070586 secs] [Times: user=0.00 sys=0.00, real=0.01 secs] 
187.549: [GC (Allocation Failure) [PSYoungGen: 156731K->15360K(209920K)] 244301K->102929K(472064K), 0.0015715 secs] [Times: user=0.00 sys=0.00, real=0.00 secs] 
189.075: [GC (Allocation Failure) [PSYoungGen: 151597K->25600K(209920K)] 239166K->113169K(472064K), 0.0022803 secs] [Times: user=0.00 sys=0.00, real=0.00 secs] 
189.511: [GC (Allocation Failure) [PSYoungGen: 182321K->6144K(209920K)] 269890K->196113K(472064K), 0.0158726 secs] [Times: user=0.02 sys=0.00, real=0.02 secs] 
189.527: [Full GC (Ergonomics) [PSYoungGen: 6144K->0K(209920K)] [ParOldGen: 189969K->109073K(262144K)] 196113K->109073K(472064K), [Metaspace: 2796K->2796K(1056768K)], 0.0086571 secs] [Times: user=0.00 sys=0.00, real=0.01 secs] 
192.269: [Full GC (Ergonomics) [PSYoungGen: 156711K->0K(209920K)] [ParOldGen: 211473K->2048K(262144K)] 368184K->2048K(472064K), [Metaspace: 2796K->2796K(1056768K)], 0.0018585 secs] [Times: user=0.00 sys=0.00, real=0.00 secs] 
194.339: [GC (Allocation Failure) [PSYoungGen: 152630K->21568K(209920K)] 257078K->126016K(472064K), 0.0016467 secs] [Times: user=0.00 sys=0.00, real=0.00 secs] 
196.192: [Full GC (Ergonomics) [PSYoungGen: 162943K->0K(209920K)] [ParOldGen: 206848K->21504K(262144K)] 369792K->21504K(472064K), [Metaspace: 2796K->2796K(1056768K)], 0.0029898 secs] [Times: user=0.00 sys=0.00, real=0.00 secs] 
196.625: [GC (Allocation Failure) [PSYoungGen: 156742K->1024K(209920K)] 178246K->22528K(472064K), 0.0004640 secs] [Times: user=0.00 sys=0.00, real=0.00 secs] 
198.699: [GC (Allocation Failure) [PSYoungGen: 157762K->15360K(209920K)] 281667K->190464K(472064K), 0.0052376 secs] [Times: user=0.02 sys=0.00, real=0.00 secs] 
198.704: [Full GC (Ergonomics) [PSYoungGen: 15360K->0K(209920K)] [ParOldGen: 175104K->88064K(262144K)] 190464K->88064K(472064K), [Metaspace: 2796K->2796K(1056768K)], 0.0058442 secs] [Times: user=0.00 sys=0.00, real=0.01 secs] 
200.457: [Full GC (Ergonomics) [PSYoungGen: 151624K->0K(209920K)] [ParOldGen: 190464K->26624K(262144K)] 342088K->26624K(472064K), [Metaspace: 2796K->2796K(1056768K)], 0.0031764 secs] [Times: user=0.00 sys=0.00, real=0.00 secs] 
200.893: [GC (Allocation Failure) [PSYoungGen: 156747K->2048K(209920K)] 183371K->28672K(472064K), 0.0004726 secs] [Times: user=0.00 sys=0.00, real=0.00 secs] 
202.962: [GC (Allocation Failure) [PSYoungGen: 158775K->12288K(209920K)] 287800K->141312K(472064K), 0.0010999 secs] [Times: user=0.00 sys=0.00, real=0.00 secs] 
205.579: [Full GC (Ergonomics) [PSYoungGen: 169025K->0K(209920K)] [ParOldGen: 231424K->26624K(262144K)] 400449K->26624K(472064K), [Metaspace: 2796K->2796K(1056768K)], 0.0033005 secs] [Times: user=0.00 sys=0.00, real=0.00 secs] 
207.540: [GC (Allocation Failure) [PSYoungGen: 141382K->20480K(209920K)] 270407K->149504K(472064K), 0.0021993 secs] [Times: user=0.00 sys=0.00, real=0.00 secs] 
207.974: [GC (Allocation Failure) [PSYoungGen: 177226K->51200K(209920K)] 306251K->181248K(472064K), 0.0041351 secs] [Times: user=0.00 sys=0.00, real=0.00 secs] 
210.046: [Full GC (Ergonomics) [PSYoungGen: 207941K->0K(209920K)] [ParOldGen: 232448K->169489K(262144K)] 440390K->169489K(472064K), [Metaspace: 2796K->2796K(1056768K)], 0.0136631 secs] [Times: user=0.00 sys=0.00, real=0.01 secs] 
210.499: [GC (Allocation Failure) [PSYoungGen: 95305K->51200K(209920K)] 264795K->220689K(472064K), 0.0048467 secs] [Times: user=0.00 sys=0.00, real=0.00 secs] 
211.807: [GC (Allocation Failure) [PSYoungGen: 207936K->25600K(209920K)] 377425K->195089K(472064K), 0.0031205 secs] [Times: user=0.00 sys=0.00, real=0.00 secs] 
212.244: [GC (Allocation Failure) [PSYoungGen: 182320K->7168K(209920K)] 351810K->176657K(472064K), 0.0008155 secs] [Times: user=0.00 sys=0.00, real=0.00 secs] 
213.336: [GC (Allocation Failure) [PSYoungGen: 133165K->16384K(209920K)] 302655K->237073K(472064K), 0.0055260 secs] [Times: user=0.00 sys=0.00, real=0.01 secs] 
213.341: [Full GC (Ergonomics) [PSYoungGen: 16384K->0K(209920K)] [ParOldGen: 220689K->68113K(262144K)] 237073K->68113K(472064K), [Metaspace: 2796K->2796K(1056768K)], 0.0061255 secs] [Times: user=0.00 sys=0.00, real=0.01 secs] 
215.093: [GC (Allocation Failure) [PSYoungGen: 156720K->10240K(209920K)] 224834K->78353K(472064K), 0.0013401 secs] [Times: user=0.00 sys=0.00, real=0.00 secs] 
217.163: [GC (Allocation Failure) [PSYoungGen: 166950K->35840K(209920K)] 337464K->206353K(472064K), 0.0027303 secs] [Times: user=0.00 sys=0.00, real=0.00 secs] 
217.597: [GC (Allocation Failure) [PSYoungGen: 131125K->51200K(209920K)] 301639K->303633K(472064K), 0.0157922 secs] [Times: user=0.00 sys=0.00, real=0.02 secs] 
217.612: [Full GC (Ergonomics) [PSYoungGen: 51200K->0K(209920K)] [ParOldGen: 252433K->82449K(262144K)] 303633K->82449K(472064K), [Metaspace: 2796K->2796K(1056768K)], 0.0071558 secs] [Times: user=0.00 sys=0.00, real=0.01 secs] 
Heap
 PSYoungGen      total 209920K, used 129157K [0x00000000f0000000, 0x0000000100000000, 0x0000000100000000)
  eden space 157696K, 81% used [0x00000000f0000000,0x00000000f7e215f8,0x00000000f9a00000)
  from space 52224K, 0% used [0x00000000f9a00000,0x00000000f9a00000,0x00000000fcd00000)
  to   space 52224K, 0% used [0x00000000fcd00000,0x00000000fcd00000,0x0000000100000000)
 ParOldGen       total 262144K, used 82449K [0x00000000e0000000, 0x00000000f0000000, 0x00000000f0000000)
  object space 262144K, 31% used [0x00000000e0000000,0x00000000e5084720,0x00000000f0000000)
 Metaspace       used 2804K, capacity 4486K, committed 4864K, reserved 1056768K
  class space    used 297K, capacity 386K, committed 512K, reserved 1048576K
