Java HotSpot(TM) 64-Bit Server VM (25.411-b09) for windows-amd64 JRE (1.8.0_411-b09), built on Mar 13 2024 07:26:13 by "java_re" with MS VC++ 17.1 (VS2022)
Memory: 4k page, physical 33403376k(15226152k free), swap 38794768k(6973244k free)
CommandLine flags: -XX:InitialHeapSize=1073741824 -XX:MaxHeapSize=1073741824 -XX:NewRatio=7 -XX:ParallelGCThreads=6 -XX:+PrintGC -XX:+PrintGCDetails -XX:+PrintGCTimeStamps -XX:SurvivorRatio=2 -XX:-UseAdaptiveSizePolicy -XX:+UseCompressedClassPointers -XX:+UseCompressedOops -XX:-UseLargePagesIndividualAllocation -XX:+UseParallelGC 
1.162: [GC (Allocation Failure) [PSYoungGen: 55869K->16008K(98304K)] 55869K->16016K(1015808K), 0.0041300 secs] [Times: user=0.00 sys=0.00, real=0.00 secs] 
2.516: [GC (Allocation Failure) [PSYoungGen: 79752K->22152K(98304K)] 233360K->175768K(1015808K), 0.0041689 secs] [Times: user=0.00 sys=0.00, real=0.00 secs] 
3.874: [GC (Allocation Failure) [PSYoungGen: 85907K->18056K(98304K)] 393123K->325272K(1015808K), 0.0017604 secs] [Times: user=0.00 sys=0.00, real=0.00 secs] 
5.511: [GC (Allocation Failure) [PSYoungGen: 80794K->26200K(98304K)] 388010K->333416K(1015808K), 0.0024441 secs] [Times: user=0.00 sys=0.00, real=0.00 secs] 
6.869: [GC (Allocation Failure) [PSYoungGen: 89964K->31320K(98304K)] 550780K->492136K(1015808K), 0.0045508 secs] [Times: user=0.02 sys=0.00, real=0.00 secs] 
8.444: [GC (Allocation Failure) [PSYoungGen: 80383K->5720K(98304K)] 694799K->620144K(1015808K), 0.0022079 secs] [Times: user=0.00 sys=0.00, real=0.00 secs] 
9.797: [GC (Allocation Failure) [PSYoungGen: 69490K->15960K(98304K)] 837514K->783984K(1015808K), 0.0020059 secs] [Times: user=0.00 sys=0.00, real=0.00 secs] 
10.141: [GC (Allocation Failure) [PSYoungGen: 47988K->5688K(98304K)] 867212K->824912K(1015808K), 0.0027501 secs] [Times: user=0.00 sys=0.00, real=0.00 secs] 
10.144: [GC (Allocation Failure) [PSYoungGen: 5688K->5736K(98304K)] 824912K->824960K(1015808K), 0.0015998 secs] [Times: user=0.00 sys=0.00, real=0.00 secs] 
10.145: [Full GC (Allocation Failure) [PSYoungGen: 5736K->0K(98304K)] [ParOldGen: 819224K->108048K(917504K)] 824960K->108048K(1015808K), [Metaspace: 2761K->2761K(1056768K)], 0.0176402 secs] [Times: user=0.00 sys=0.00, real=0.02 secs] 
11.376: [GC (Allocation Failure) [PSYoungGen: 53532K->15360K(98304K)] 263980K->225808K(1015808K), 0.0015392 secs] [Times: user=0.00 sys=0.00, real=0.00 secs] 
12.794: [GC (Allocation Failure) [PSYoungGen: 68295K->15424K(98304K)] 432343K->379480K(1015808K), 0.0014453 secs] [Times: user=0.00 sys=0.00, real=0.00 secs] 
14.105: [GC (Allocation Failure) [PSYoungGen: 79197K->26656K(98304K)] 596854K->544313K(1015808K), 0.0021385 secs] [Times: user=0.02 sys=0.00, real=0.00 secs] 
15.413: [GC (Allocation Failure) [PSYoungGen: 90430K->26656K(98304K)] 761687K->697913K(1015808K), 0.0023591 secs] [Times: user=0.00 sys=0.00, real=0.00 secs] 
16.934: [GC (Allocation Failure) [PSYoungGen: 89406K->15392K(98304K)] 760663K->686649K(1015808K), 0.0018265 secs] [Times: user=0.00 sys=0.00, real=0.00 secs] 
18.242: [GC (Allocation Failure) [PSYoungGen: 79164K->30752K(98304K)] 904021K->860729K(1015808K), 0.0030550 secs] [Times: user=0.00 sys=0.00, real=0.00 secs] 
18.694: [GC (Allocation Failure) [PSYoungGen: 73021K->30752K(98304K)] 954198K->911929K(1015808K), 0.0027989 secs] [Times: user=0.00 sys=0.00, real=0.00 secs] 
18.697: [GC (Allocation Failure) [PSYoungGen: 30752K->30752K(98304K)] 911929K->911929K(1015808K), 0.0027562 secs] [Times: user=0.00 sys=0.00, real=0.00 secs] 
18.700: [Full GC (Allocation Failure) [PSYoungGen: 30752K->0K(98304K)] [ParOldGen: 881177K->82449K(917504K)] 911929K->82449K(1015808K), [Metaspace: 2770K->2770K(1056768K)], 0.0089769 secs] [Times: user=0.00 sys=0.00, real=0.01 secs] 
21.108: [GC (Allocation Failure) [PSYoungGen: 55581K->10240K(98304K)] 394031K->348689K(1015808K), 0.0011251 secs] [Times: user=0.00 sys=0.00, real=0.00 secs] 
22.308: [GC (Allocation Failure) [PSYoungGen: 74014K->11264K(98304K)] 566063K->503313K(1015808K), 0.0012412 secs] [Times: user=0.00 sys=0.00, real=0.00 secs] 
23.939: [GC (Allocation Failure) [PSYoungGen: 69918K->5120K(98304K)] 715567K->650769K(1015808K), 0.0013282 secs] [Times: user=0.00 sys=0.00, real=0.00 secs] 
25.139: [GC (Allocation Failure) [PSYoungGen: 68894K->20480K(98304K)] 868143K->819729K(1015808K), 0.0022067 secs] [Times: user=0.00 sys=0.00, real=0.00 secs] 
25.796: [GC (Allocation Failure) [PSYoungGen: 72990K->25600K(98304K)] 923440K->876049K(1015808K), 0.0020471 secs] [Times: user=0.00 sys=0.00, real=0.00 secs] 
25.798: [GC (Allocation Failure) [PSYoungGen: 25600K->25600K(98304K)] 876049K->876049K(1015808K), 0.0017795 secs] [Times: user=0.00 sys=0.00, real=0.00 secs] 
25.800: [Full GC (Allocation Failure) [PSYoungGen: 25600K->0K(98304K)] [ParOldGen: 850449K->77329K(917504K)] 876049K->77329K(1015808K), [Metaspace: 2779K->2779K(1056768K)], 0.0071133 secs] [Times: user=0.00 sys=0.00, real=0.01 secs] 
27.009: [GC (Allocation Failure) [PSYoungGen: 53534K->15360K(98304K)] 233263K->195089K(1015808K), 0.0013382 secs] [Times: user=0.00 sys=0.00, real=0.00 secs] 
28.324: [GC (Allocation Failure) [PSYoungGen: 73267K->15424K(98304K)] 252996K->195161K(1015808K), 0.0015237 secs] [Times: user=0.01 sys=0.00, real=0.00 secs] 
29.635: [GC (Allocation Failure) [PSYoungGen: 79194K->15392K(98304K)] 412531K->348729K(1015808K), 0.0013711 secs] [Times: user=0.00 sys=0.00, real=0.00 secs] 
30.833: [GC (Allocation Failure) [PSYoungGen: 79163K->15392K(98304K)] 566101K->502329K(1015808K), 0.0012790 secs] [Times: user=0.00 sys=0.00, real=0.00 secs] 
32.683: [GC (Allocation Failure) [PSYoungGen: 74045K->16416K(98304K)] 663382K->605753K(1015808K), 0.0015497 secs] [Times: user=0.00 sys=0.00, real=0.00 secs] 
33.997: [GC (Allocation Failure) [PSYoungGen: 80189K->27680K(98304K)] 823126K->770617K(1015808K), 0.0022717 secs] [Times: user=0.00 sys=0.00, real=0.00 secs] 
35.523: [Full GC (Ergonomics) [PSYoungGen: 86334K->0K(98304K)] [ParOldGen: 896537K->11264K(917504K)] 982871K->11264K(1015808K), [Metaspace: 2793K->2793K(1056768K)], 0.0037699 secs] [Times: user=0.00 sys=0.00, real=0.00 secs] 
36.831: [GC (Allocation Failure) [PSYoungGen: 63774K->15360K(98304K)] 228638K->180224K(1015808K), 0.0016387 secs] [Times: user=0.00 sys=0.00, real=0.00 secs] 
38.137: [GC (Allocation Failure) [PSYoungGen: 79134K->15360K(98304K)] 397598K->354304K(1015808K), 0.0030273 secs] [Times: user=0.00 sys=0.00, real=0.00 secs] 
39.553: [GC (Allocation Failure) [PSYoungGen: 78110K->10240K(98304K)] 468255K->400384K(1015808K), 0.0015110 secs] [Times: user=0.00 sys=0.00, real=0.00 secs] 
40.753: [GC (Allocation Failure) [PSYoungGen: 74014K->10240K(98304K)] 617759K->553984K(1015808K), 0.0012312 secs] [Times: user=0.00 sys=0.00, real=0.00 secs] 
41.952: [GC (Allocation Failure) [PSYoungGen: 74014K->16384K(98304K)] 771359K->713728K(1015808K), 0.0024010 secs] [Times: user=0.00 sys=0.00, real=0.00 secs] 
43.912: [GC (Allocation Failure) [PSYoungGen: 80158K->21504K(98304K)] 777503K->718848K(1015808K), 0.0022067 secs] [Times: user=0.00 sys=0.00, real=0.00 secs] 
45.223: [GC (Allocation Failure) [PSYoungGen: 85276K->21504K(98304K)] 936221K->872448K(1015808K), 0.0024501 secs] [Times: user=0.00 sys=0.00, real=0.00 secs] 
45.660: [Full GC (Ergonomics) [PSYoungGen: 63773K->0K(98304K)] [ParOldGen: 902144K->78353K(917504K)] 965917K->78353K(1015808K), [Metaspace: 2795K->2795K(1056768K)], 0.0083398 secs] [Times: user=0.00 sys=0.00, real=0.01 secs] 
47.744: [GC (Allocation Failure) [PSYoungGen: 60702K->30720K(98304K)] 395055K->365073K(1015808K), 0.0024446 secs] [Times: user=0.00 sys=0.00, real=0.00 secs] 
48.943: [GC (Allocation Failure) [PSYoungGen: 94494K->30720K(98304K)] 582447K->518673K(1015808K), 0.0025014 secs] [Times: user=0.00 sys=0.00, real=0.00 secs] 
49.706: [GC (Allocation Failure) [PSYoungGen: 78110K->30720K(98304K)] 566063K->528913K(1015808K), 0.0032100 secs] [Times: user=0.00 sys=0.00, real=0.00 secs] 
51.123: [GC (Allocation Failure) [PSYoungGen: 88347K->15360K(98304K)] 740141K->667153K(1015808K), 0.0015961 secs] [Times: user=0.00 sys=0.00, real=0.00 secs] 
52.434: [GC (Allocation Failure) [PSYoungGen: 79132K->21504K(98304K)] 884526K->826897K(1015808K), 0.0025144 secs] [Times: user=0.00 sys=0.00, real=0.00 secs] 
52.763: [GC (Allocation Failure) [PSYoungGen: 53533K->11264K(98304K)] 910127K->867857K(1015808K), 0.0023207 secs] [Times: user=0.00 sys=0.00, real=0.00 secs] 
52.765: [GC (Allocation Failure) [PSYoungGen: 11264K->11264K(98304K)] 867857K->867857K(1015808K), 0.0020270 secs] [Times: user=0.00 sys=0.00, real=0.00 secs] 
52.767: [Full GC (Allocation Failure) [PSYoungGen: 11264K->0K(98304K)] [ParOldGen: 856593K->62993K(917504K)] 867857K->62993K(1015808K), [Metaspace: 2795K->2795K(1056768K)], 0.0067622 secs] [Times: user=0.00 sys=0.00, real=0.01 secs] 
54.960: [GC (Allocation Failure) [PSYoungGen: 64797K->10240K(98304K)] 230191K->175633K(1015808K), 0.0011815 secs] [Times: user=0.00 sys=0.00, real=0.00 secs] 
56.171: [GC (Allocation Failure) [PSYoungGen: 74014K->25600K(98304K)] 393007K->344593K(1015808K), 0.0018468 secs] [Times: user=0.00 sys=0.00, real=0.00 secs] 
57.378: [GC (Allocation Failure) [PSYoungGen: 89374K->21504K(98304K)] 561967K->514577K(1015808K), 0.0036374 secs] [Times: user=0.00 sys=0.00, real=0.00 secs] 
59.343: [GC (Allocation Failure) [PSYoungGen: 85278K->10240K(98304K)] 731952K->656913K(1015808K), 0.0017479 secs] [Times: user=0.00 sys=0.00, real=0.00 secs] 
60.536: [GC (Allocation Failure) [PSYoungGen: 74014K->10240K(98304K)] 874288K->810513K(1015808K), 0.0012496 secs] [Times: user=0.00 sys=0.00, real=0.00 secs] 
61.296: [GC (Allocation Failure) [PSYoungGen: 67870K->10240K(98304K)] 919344K->861713K(1015808K), 0.0016795 secs] [Times: user=0.00 sys=0.00, real=0.00 secs] 
61.297: [GC (Allocation Failure) [PSYoungGen: 10240K->10240K(98304K)] 861713K->861713K(1015808K), 0.0013389 secs] [Times: user=0.00 sys=0.00, real=0.00 secs] 
61.299: [Full GC (Allocation Failure) [PSYoungGen: 10240K->0K(98304K)] [ParOldGen: 851473K->215569K(917504K)] 861713K->215569K(1015808K), [Metaspace: 2796K->2796K(1056768K)], 0.0162358 secs] [Times: user=0.00 sys=0.00, real=0.01 secs] 
63.283: [GC (Allocation Failure) [PSYoungGen: 64798K->11264K(98304K)] 536368K->482833K(1015808K), 0.0016259 secs] [Times: user=0.00 sys=0.00, real=0.00 secs] 
64.481: [GC (Allocation Failure) [PSYoungGen: 75038K->17408K(98304K)] 700208K->642577K(1015808K), 0.0017102 secs] [Times: user=0.00 sys=0.00, real=0.00 secs] 
66.117: [GC (Allocation Failure) [PSYoungGen: 80158K->10240K(98304K)] 705328K->635409K(1015808K), 0.0010840 secs] [Times: user=0.00 sys=0.00, real=0.00 secs] 
67.315: [GC (Allocation Failure) [PSYoungGen: 74012K->26624K(98304K)] 852782K->805393K(1015808K), 0.0024150 secs] [Times: user=0.00 sys=0.00, real=0.00 secs] 
68.190: [GC (Allocation Failure) [PSYoungGen: 79133K->30720K(98304K)] 857903K->819729K(1015808K), 0.0029907 secs] [Times: user=0.00 sys=0.00, real=0.00 secs] 
68.406: [GC (Allocation Failure) [PSYoungGen: 52507K->30720K(98304K)] 892716K->870929K(1015808K), 0.0028070 secs] [Times: user=0.00 sys=0.00, real=0.00 secs] 
68.409: [GC (Allocation Failure) [PSYoungGen: 30720K->30720K(98304K)] 870929K->870929K(1015808K), 0.0026079 secs] [Times: user=0.00 sys=0.00, real=0.00 secs] 
68.411: [Full GC (Allocation Failure) [PSYoungGen: 30720K->0K(98304K)] [ParOldGen: 840209K->82449K(917504K)] 870929K->82449K(1015808K), [Metaspace: 2796K->2796K(1056768K)], 0.0075554 secs] [Times: user=0.00 sys=0.00, real=0.01 secs] 
70.821: [GC (Allocation Failure) [PSYoungGen: 55579K->10240K(98304K)] 394029K->348689K(1015808K), 0.0010242 secs] [Times: user=0.00 sys=0.00, real=0.00 secs] 
72.019: [GC (Allocation Failure) [PSYoungGen: 74012K->11264K(98304K)] 566062K->503313K(1015808K), 0.0011442 secs] [Times: user=0.00 sys=0.00, real=0.00 secs] 
73.655: [GC (Allocation Failure) [PSYoungGen: 69917K->5120K(98304K)] 715566K->650769K(1015808K), 0.0014769 secs] [Times: user=0.00 sys=0.00, real=0.00 secs] 
74.853: [GC (Allocation Failure) [PSYoungGen: 68893K->20480K(98304K)] 868143K->819729K(1015808K), 0.0020618 secs] [Times: user=0.00 sys=0.00, real=0.00 secs] 
75.506: [GC (Allocation Failure) [PSYoungGen: 72990K->25600K(98304K)] 923439K->876049K(1015808K), 0.0028497 secs] [Times: user=0.00 sys=0.00, real=0.00 secs] 
75.509: [GC (Allocation Failure) [PSYoungGen: 25600K->25600K(98304K)] 876049K->876049K(1015808K), 0.0030971 secs] [Times: user=0.00 sys=0.00, real=0.00 secs] 
75.512: [Full GC (Allocation Failure) [PSYoungGen: 25600K->0K(98304K)] [ParOldGen: 850449K->77329K(917504K)] 876049K->77329K(1015808K), [Metaspace: 2796K->2796K(1056768K)], 0.0089244 secs] [Times: user=0.02 sys=0.00, real=0.01 secs] 
76.722: [GC (Allocation Failure) [PSYoungGen: 53534K->15360K(98304K)] 233263K->195089K(1015808K), 0.0013926 secs] [Times: user=0.00 sys=0.00, real=0.00 secs] 
78.033: [GC (Allocation Failure) [PSYoungGen: 72990K->15360K(98304K)] 252720K->195089K(1015808K), 0.0013741 secs] [Times: user=0.00 sys=0.00, real=0.00 secs] 
79.338: [GC (Allocation Failure) [PSYoungGen: 79132K->15360K(98304K)] 412461K->348689K(1015808K), 0.0015037 secs] [Times: user=0.00 sys=0.00, real=0.00 secs] 
80.539: [GC (Allocation Failure) [PSYoungGen: 79133K->15360K(98304K)] 566062K->502289K(1015808K), 0.0015643 secs] [Times: user=0.00 sys=0.00, real=0.00 secs] 
82.391: [GC (Allocation Failure) [PSYoungGen: 74013K->16384K(98304K)] 663343K->605713K(1015808K), 0.0016648 secs] [Times: user=0.00 sys=0.00, real=0.00 secs] 
83.702: [GC (Allocation Failure) [PSYoungGen: 80158K->27648K(98304K)] 823087K->770577K(1015808K), 0.0023006 secs] [Times: user=0.00 sys=0.00, real=0.00 secs] 
85.228: [Full GC (Ergonomics) [PSYoungGen: 86302K->0K(98304K)] [ParOldGen: 896529K->11264K(917504K)] 982832K->11264K(1015808K), [Metaspace: 2796K->2796K(1056768K)], 0.0033137 secs] [Times: user=0.00 sys=0.00, real=0.00 secs] 
86.533: [GC (Allocation Failure) [PSYoungGen: 63774K->15360K(98304K)] 228638K->180224K(1015808K), 0.0015266 secs] [Times: user=0.00 sys=0.00, real=0.00 secs] 
87.837: [GC (Allocation Failure) [PSYoungGen: 79134K->15360K(98304K)] 397598K->354304K(1015808K), 0.0030990 secs] [Times: user=0.00 sys=0.00, real=0.00 secs] 
89.257: [GC (Allocation Failure) [PSYoungGen: 78110K->10240K(98304K)] 468254K->400384K(1015808K), 0.0012293 secs] [Times: user=0.00 sys=0.00, real=0.00 secs] 
90.460: [GC (Allocation Failure) [PSYoungGen: 74014K->10240K(98304K)] 617758K->553984K(1015808K), 0.0013841 secs] [Times: user=0.00 sys=0.00, real=0.00 secs] 
91.659: [GC (Allocation Failure) [PSYoungGen: 74014K->16384K(98304K)] 771358K->713728K(1015808K), 0.0017924 secs] [Times: user=0.00 sys=0.00, real=0.00 secs] 
93.623: [GC (Allocation Failure) [PSYoungGen: 80158K->21504K(98304K)] 777503K->718848K(1015808K), 0.0019961 secs] [Times: user=0.00 sys=0.00, real=0.00 secs] 
94.929: [GC (Allocation Failure) [PSYoungGen: 85276K->21504K(98304K)] 936221K->872448K(1015808K), 0.0023143 secs] [Times: user=0.00 sys=0.00, real=0.00 secs] 
95.367: [Full GC (Ergonomics) [PSYoungGen: 63773K->0K(98304K)] [ParOldGen: 902144K->78353K(917504K)] 965917K->78353K(1015808K), [Metaspace: 2796K->2796K(1056768K)], 0.0082358 secs] [Times: user=0.03 sys=0.00, real=0.01 secs] 
97.456: [GC (Allocation Failure) [PSYoungGen: 60702K->30720K(98304K)] 395055K->365073K(1015808K), 0.0026534 secs] [Times: user=0.00 sys=0.00, real=0.00 secs] 
98.657: [GC (Allocation Failure) [PSYoungGen: 94494K->30720K(98304K)] 582447K->518673K(1015808K), 0.0024574 secs] [Times: user=0.00 sys=0.00, real=0.00 secs] 
99.421: [GC (Allocation Failure) [PSYoungGen: 78110K->30720K(98304K)] 566063K->528913K(1015808K), 0.0029970 secs] [Times: user=0.00 sys=0.00, real=0.00 secs] 
100.837: [GC (Allocation Failure) [PSYoungGen: 88347K->15360K(98304K)] 740141K->667153K(1015808K), 0.0014563 secs] [Times: user=0.00 sys=0.00, real=0.00 secs] 
102.140: [GC (Allocation Failure) [PSYoungGen: 79132K->21504K(98304K)] 884526K->826897K(1015808K), 0.0021696 secs] [Times: user=0.00 sys=0.00, real=0.00 secs] 
102.466: [GC (Allocation Failure) [PSYoungGen: 53533K->11264K(98304K)] 910127K->867857K(1015808K), 0.0020020 secs] [Times: user=0.00 sys=0.00, real=0.00 secs] 
102.468: [GC (Allocation Failure) [PSYoungGen: 11264K->11264K(98304K)] 867857K->867857K(1015808K), 0.0020660 secs] [Times: user=0.00 sys=0.00, real=0.00 secs] 
102.471: [Full GC (Allocation Failure) [PSYoungGen: 11264K->0K(98304K)] [ParOldGen: 856593K->62993K(917504K)] 867857K->62993K(1015808K), [Metaspace: 2796K->2796K(1056768K)], 0.0067319 secs] [Times: user=0.00 sys=0.00, real=0.01 secs] 
104.662: [GC (Allocation Failure) [PSYoungGen: 64797K->10240K(98304K)] 230191K->175633K(1015808K), 0.0010189 secs] [Times: user=0.00 sys=0.00, real=0.00 secs] 
105.857: [GC (Allocation Failure) [PSYoungGen: 74014K->25600K(98304K)] 393007K->344593K(1015808K), 0.0018764 secs] [Times: user=0.00 sys=0.00, real=0.00 secs] 
107.058: [GC (Allocation Failure) [PSYoungGen: 89374K->31744K(98304K)] 561967K->514577K(1015808K), 0.0033506 secs] [Times: user=0.01 sys=0.00, real=0.00 secs] 
109.020: [GC (Allocation Failure) [PSYoungGen: 95518K->10240K(98304K)] 731952K->646673K(1015808K), 0.0013670 secs] [Times: user=0.00 sys=0.00, real=0.00 secs] 
110.222: [GC (Allocation Failure) [PSYoungGen: 74014K->10240K(98304K)] 864048K->800273K(1015808K), 0.0016163 secs] [Times: user=0.00 sys=0.00, real=0.00 secs] 
110.987: [GC (Allocation Failure) [PSYoungGen: 67870K->10240K(98304K)] 909104K->851473K(1015808K), 0.0014433 secs] [Times: user=0.00 sys=0.00, real=0.00 secs] 
110.988: [GC (Allocation Failure) [PSYoungGen: 10240K->10240K(98304K)] 851473K->851473K(1015808K), 0.0012789 secs] [Times: user=0.00 sys=0.00, real=0.00 secs] 
110.990: [Full GC (Allocation Failure) [PSYoungGen: 10240K->0K(98304K)] [ParOldGen: 841233K->215569K(917504K)] 851473K->215569K(1015808K), [Metaspace: 2796K->2796K(1056768K)], 0.0163284 secs] [Times: user=0.00 sys=0.00, real=0.02 secs] 
112.963: [GC (Allocation Failure) [PSYoungGen: 64798K->11264K(98304K)] 536368K->482833K(1015808K), 0.0013023 secs] [Times: user=0.00 sys=0.00, real=0.00 secs] 
114.162: [GC (Allocation Failure) [PSYoungGen: 75038K->17408K(98304K)] 700208K->642577K(1015808K), 0.0015545 secs] [Times: user=0.00 sys=0.00, real=0.00 secs] 
115.796: [GC (Allocation Failure) [PSYoungGen: 80158K->10240K(98304K)] 705328K->635409K(1015808K), 0.0014674 secs] [Times: user=0.00 sys=0.00, real=0.00 secs] 
116.994: [GC (Allocation Failure) [PSYoungGen: 74012K->26624K(98304K)] 852782K->805393K(1015808K), 0.0024873 secs] [Times: user=0.00 sys=0.00, real=0.00 secs] 
117.864: [GC (Allocation Failure) [PSYoungGen: 79133K->30720K(98304K)] 857903K->819729K(1015808K), 0.0030685 secs] [Times: user=0.00 sys=0.00, real=0.00 secs] 
118.079: [GC (Allocation Failure) [PSYoungGen: 52507K->30720K(98304K)] 892716K->870929K(1015808K), 0.0026053 secs] [Times: user=0.00 sys=0.00, real=0.00 secs] 
118.081: [GC (Allocation Failure) [PSYoungGen: 30720K->30720K(98304K)] 870929K->870929K(1015808K), 0.0026842 secs] [Times: user=0.00 sys=0.00, real=0.00 secs] 
118.084: [Full GC (Allocation Failure) [PSYoungGen: 30720K->0K(98304K)] [ParOldGen: 840209K->82449K(917504K)] 870929K->82449K(1015808K), [Metaspace: 2796K->2796K(1056768K)], 0.0075770 secs] [Times: user=0.00 sys=0.00, real=0.01 secs] 
120.499: [GC (Allocation Failure) [PSYoungGen: 55579K->10240K(98304K)] 394029K->348689K(1015808K), 0.0010594 secs] [Times: user=0.00 sys=0.00, real=0.00 secs] 
121.697: [GC (Allocation Failure) [PSYoungGen: 74012K->11264K(98304K)] 566062K->503313K(1015808K), 0.0013008 secs] [Times: user=0.00 sys=0.00, real=0.00 secs] 
123.328: [GC (Allocation Failure) [PSYoungGen: 69917K->5120K(98304K)] 715566K->650769K(1015808K), 0.0010376 secs] [Times: user=0.00 sys=0.00, real=0.00 secs] 
124.526: [GC (Allocation Failure) [PSYoungGen: 68893K->20480K(98304K)] 868143K->819729K(1015808K), 0.0017478 secs] [Times: user=0.00 sys=0.00, real=0.00 secs] 
125.179: [GC (Allocation Failure) [PSYoungGen: 72990K->25600K(98304K)] 923439K->876049K(1015808K), 0.0022262 secs] [Times: user=0.00 sys=0.00, real=0.00 secs] 
125.181: [GC (Allocation Failure) [PSYoungGen: 25600K->25600K(98304K)] 876049K->876049K(1015808K), 0.0018842 secs] [Times: user=0.00 sys=0.00, real=0.00 secs] 
125.183: [Full GC (Allocation Failure) [PSYoungGen: 25600K->0K(98304K)] [ParOldGen: 850449K->77329K(917504K)] 876049K->77329K(1015808K), [Metaspace: 2796K->2796K(1056768K)], 0.0072532 secs] [Times: user=0.00 sys=0.00, real=0.01 secs] 
126.396: [GC (Allocation Failure) [PSYoungGen: 53534K->15360K(98304K)] 233263K->195089K(1015808K), 0.0014985 secs] [Times: user=0.00 sys=0.00, real=0.00 secs] 
127.710: [GC (Allocation Failure) [PSYoungGen: 72990K->15360K(98304K)] 252720K->195089K(1015808K), 0.0014155 secs] [Times: user=0.00 sys=0.00, real=0.00 secs] 
129.017: [GC (Allocation Failure) [PSYoungGen: 79132K->15360K(98304K)] 412461K->348689K(1015808K), 0.0014602 secs] [Times: user=0.00 sys=0.00, real=0.00 secs] 
130.217: [GC (Allocation Failure) [PSYoungGen: 79133K->15360K(98304K)] 566062K->502289K(1015808K), 0.0014268 secs] [Times: user=0.00 sys=0.00, real=0.00 secs] 
132.074: [GC (Allocation Failure) [PSYoungGen: 74013K->16384K(98304K)] 663343K->605713K(1015808K), 0.0016143 secs] [Times: user=0.00 sys=0.00, real=0.00 secs] 
133.378: [GC (Allocation Failure) [PSYoungGen: 80158K->27648K(98304K)] 823087K->770577K(1015808K), 0.0023378 secs] [Times: user=0.00 sys=0.00, real=0.00 secs] 
134.904: [Full GC (Ergonomics) [PSYoungGen: 86302K->0K(98304K)] [ParOldGen: 896529K->11264K(917504K)] 982832K->11264K(1015808K), [Metaspace: 2796K->2796K(1056768K)], 0.0030395 secs] [Times: user=0.00 sys=0.00, real=0.00 secs] 
136.212: [GC (Allocation Failure) [PSYoungGen: 63774K->15360K(98304K)] 228638K->180224K(1015808K), 0.0014500 secs] [Times: user=0.00 sys=0.00, real=0.00 secs] 
137.521: [GC (Allocation Failure) [PSYoungGen: 79134K->15360K(98304K)] 397598K->354304K(1015808K), 0.0027149 secs] [Times: user=0.00 sys=0.00, real=0.00 secs] 
138.940: [GC (Allocation Failure) [PSYoungGen: 78110K->10240K(98304K)] 468254K->400384K(1015808K), 0.0014517 secs] [Times: user=0.00 sys=0.00, real=0.00 secs] 
140.136: [GC (Allocation Failure) [PSYoungGen: 74014K->10240K(98304K)] 617758K->553984K(1015808K), 0.0011350 secs] [Times: user=0.00 sys=0.00, real=0.00 secs] 
141.336: [GC (Allocation Failure) [PSYoungGen: 74014K->16384K(98304K)] 771358K->713728K(1015808K), 0.0019418 secs] [Times: user=0.00 sys=0.00, real=0.00 secs] 
143.301: [GC (Allocation Failure) [PSYoungGen: 80158K->21504K(98304K)] 777503K->718848K(1015808K), 0.0023163 secs] [Times: user=0.00 sys=0.00, real=0.00 secs] 
144.608: [GC (Allocation Failure) [PSYoungGen: 85276K->21504K(98304K)] 936221K->872448K(1015808K), 0.0022502 secs] [Times: user=0.00 sys=0.00, real=0.00 secs] 
145.043: [Full GC (Ergonomics) [PSYoungGen: 63773K->0K(98304K)] [ParOldGen: 902144K->78353K(917504K)] 965917K->78353K(1015808K), [Metaspace: 2796K->2796K(1056768K)], 0.0077327 secs] [Times: user=0.00 sys=0.00, real=0.01 secs] 
147.133: [GC (Allocation Failure) [PSYoungGen: 60702K->30720K(98304K)] 395055K->365073K(1015808K), 0.0025238 secs] [Times: user=0.00 sys=0.00, real=0.00 secs] 
148.336: [GC (Allocation Failure) [PSYoungGen: 94494K->30720K(98304K)] 582447K->518673K(1015808K), 0.0025851 secs] [Times: user=0.00 sys=0.00, real=0.00 secs] 
149.101: [GC (Allocation Failure) [PSYoungGen: 78110K->30720K(98304K)] 566063K->528913K(1015808K), 0.0030622 secs] [Times: user=0.00 sys=0.00, real=0.00 secs] 
150.521: [GC (Allocation Failure) [PSYoungGen: 88347K->15360K(98304K)] 740141K->667153K(1015808K), 0.0015569 secs] [Times: user=0.00 sys=0.00, real=0.00 secs] 
151.824: [GC (Allocation Failure) [PSYoungGen: 79132K->21504K(98304K)] 884526K->826897K(1015808K), 0.0019451 secs] [Times: user=0.03 sys=0.00, real=0.00 secs] 
152.152: [GC (Allocation Failure) [PSYoungGen: 53533K->11264K(98304K)] 910127K->867857K(1015808K), 0.0016237 secs] [Times: user=0.00 sys=0.00, real=0.00 secs] 
152.153: [GC (Allocation Failure) [PSYoungGen: 11264K->11264K(98304K)] 867857K->867857K(1015808K), 0.0018713 secs] [Times: user=0.00 sys=0.00, real=0.00 secs] 
152.155: [Full GC (Allocation Failure) [PSYoungGen: 11264K->0K(98304K)] [ParOldGen: 856593K->62993K(917504K)] 867857K->62993K(1015808K), [Metaspace: 2796K->2796K(1056768K)], 0.0063375 secs] [Times: user=0.00 sys=0.00, real=0.01 secs] 
154.348: [GC (Allocation Failure) [PSYoungGen: 64797K->10240K(98304K)] 230191K->175633K(1015808K), 0.0011431 secs] [Times: user=0.00 sys=0.00, real=0.00 secs] 
155.556: [GC (Allocation Failure) [PSYoungGen: 74014K->25600K(98304K)] 393007K->344593K(1015808K), 0.0017798 secs] [Times: user=0.00 sys=0.00, real=0.00 secs] 
156.760: [GC (Allocation Failure) [PSYoungGen: 89374K->21504K(98304K)] 561967K->514577K(1015808K), 0.0029984 secs] [Times: user=0.00 sys=0.00, real=0.00 secs] 
158.718: [GC (Allocation Failure) [PSYoungGen: 85278K->10240K(98304K)] 731952K->656913K(1015808K), 0.0016680 secs] [Times: user=0.00 sys=0.00, real=0.00 secs] 
159.920: [GC (Allocation Failure) [PSYoungGen: 74014K->10240K(98304K)] 874288K->810513K(1015808K), 0.0014456 secs] [Times: user=0.00 sys=0.00, real=0.00 secs] 
160.682: [GC (Allocation Failure) [PSYoungGen: 67870K->10240K(98304K)] 919344K->861713K(1015808K), 0.0015161 secs] [Times: user=0.00 sys=0.00, real=0.00 secs] 
160.684: [GC (Allocation Failure) [PSYoungGen: 10240K->10240K(98304K)] 861713K->861713K(1015808K), 0.0015099 secs] [Times: user=0.03 sys=0.00, real=0.00 secs] 
160.685: [Full GC (Allocation Failure) [PSYoungGen: 10240K->0K(98304K)] [ParOldGen: 851473K->215569K(917504K)] 861713K->215569K(1015808K), [Metaspace: 2796K->2796K(1056768K)], 0.0164863 secs] [Times: user=0.00 sys=0.00, real=0.02 secs] 
162.660: [GC (Allocation Failure) [PSYoungGen: 64798K->11264K(98304K)] 536368K->482833K(1015808K), 0.0013478 secs] [Times: user=0.00 sys=0.00, real=0.00 secs] 
163.862: [GC (Allocation Failure) [PSYoungGen: 75038K->17408K(98304K)] 700208K->642577K(1015808K), 0.0018236 secs] [Times: user=0.00 sys=0.00, real=0.00 secs] 
165.497: [GC (Allocation Failure) [PSYoungGen: 80158K->10240K(98304K)] 705328K->635409K(1015808K), 0.0011255 secs] [Times: user=0.00 sys=0.00, real=0.00 secs] 
166.696: [GC (Allocation Failure) [PSYoungGen: 74012K->26624K(98304K)] 852782K->805393K(1015808K), 0.0025104 secs] [Times: user=0.00 sys=0.00, real=0.00 secs] 
167.570: [GC (Allocation Failure) [PSYoungGen: 79133K->30720K(98304K)] 857903K->819729K(1015808K), 0.0030998 secs] [Times: user=0.00 sys=0.00, real=0.00 secs] 
167.787: [GC (Allocation Failure) [PSYoungGen: 52507K->30720K(98304K)] 892716K->870929K(1015808K), 0.0026274 secs] [Times: user=0.00 sys=0.00, real=0.00 secs] 
167.790: [GC (Allocation Failure) [PSYoungGen: 30720K->30720K(98304K)] 870929K->870929K(1015808K), 0.0024149 secs] [Times: user=0.00 sys=0.00, real=0.00 secs] 
167.792: [Full GC (Allocation Failure) [PSYoungGen: 30720K->0K(98304K)] [ParOldGen: 840209K->82449K(917504K)] 870929K->82449K(1015808K), [Metaspace: 2796K->2796K(1056768K)], 0.0073867 secs] [Times: user=0.00 sys=0.00, real=0.01 secs] 
170.204: [GC (Allocation Failure) [PSYoungGen: 55579K->10240K(98304K)] 394029K->348689K(1015808K), 0.0009502 secs] [Times: user=0.00 sys=0.00, real=0.00 secs] 
171.402: [GC (Allocation Failure) [PSYoungGen: 74012K->11264K(98304K)] 566062K->503313K(1015808K), 0.0012603 secs] [Times: user=0.00 sys=0.00, real=0.00 secs] 
173.043: [GC (Allocation Failure) [PSYoungGen: 69917K->5120K(98304K)] 715566K->650769K(1015808K), 0.0011795 secs] [Times: user=0.02 sys=0.00, real=0.00 secs] 
174.239: [GC (Allocation Failure) [PSYoungGen: 68893K->20480K(98304K)] 868143K->819729K(1015808K), 0.0018206 secs] [Times: user=0.00 sys=0.00, real=0.00 secs] 
174.895: [GC (Allocation Failure) [PSYoungGen: 72990K->25600K(98304K)] 923439K->876049K(1015808K), 0.0026407 secs] [Times: user=0.00 sys=0.00, real=0.00 secs] 
174.898: [GC (Allocation Failure) [PSYoungGen: 25600K->25600K(98304K)] 876049K->876049K(1015808K), 0.0019942 secs] [Times: user=0.00 sys=0.00, real=0.00 secs] 
174.900: [Full GC (Allocation Failure) [PSYoungGen: 25600K->0K(98304K)] [ParOldGen: 850449K->77329K(917504K)] 876049K->77329K(1015808K), [Metaspace: 2796K->2796K(1056768K)], 0.0075209 secs] [Times: user=0.00 sys=0.00, real=0.01 secs] 
176.116: [GC (Allocation Failure) [PSYoungGen: 53534K->15360K(98304K)] 233263K->195089K(1015808K), 0.0013235 secs] [Times: user=0.00 sys=0.00, real=0.00 secs] 
177.422: [GC (Allocation Failure) [PSYoungGen: 72990K->15360K(98304K)] 252720K->195089K(1015808K), 0.0014009 secs] [Times: user=0.00 sys=0.00, real=0.00 secs] 
178.734: [GC (Allocation Failure) [PSYoungGen: 79132K->15360K(98304K)] 412461K->348689K(1015808K), 0.0012968 secs] [Times: user=0.00 sys=0.00, real=0.00 secs] 
179.935: [GC (Allocation Failure) [PSYoungGen: 79133K->15360K(98304K)] 566062K->502289K(1015808K), 0.0013357 secs] [Times: user=0.00 sys=0.00, real=0.00 secs] 
181.790: [GC (Allocation Failure) [PSYoungGen: 74013K->16384K(98304K)] 663343K->605713K(1015808K), 0.0018984 secs] [Times: user=0.00 sys=0.00, real=0.00 secs] 
183.098: [GC (Allocation Failure) [PSYoungGen: 80158K->27648K(98304K)] 823087K->770577K(1015808K), 0.0022391 secs] [Times: user=0.00 sys=0.00, real=0.00 secs] 
184.623: [Full GC (Ergonomics) [PSYoungGen: 86302K->0K(98304K)] [ParOldGen: 896529K->11264K(917504K)] 982832K->11264K(1015808K), [Metaspace: 2796K->2796K(1056768K)], 0.0033191 secs] [Times: user=0.00 sys=0.00, real=0.00 secs] 
185.931: [GC (Allocation Failure) [PSYoungGen: 63774K->15360K(98304K)] 228638K->180224K(1015808K), 0.0013497 secs] [Times: user=0.00 sys=0.00, real=0.00 secs] 
187.239: [GC (Allocation Failure) [PSYoungGen: 79134K->30720K(98304K)] 397598K->354304K(1015808K), 0.0028187 secs] [Times: user=0.00 sys=0.00, real=0.00 secs] 
188.659: [GC (Allocation Failure) [PSYoungGen: 93470K->10240K(98304K)] 468254K->385024K(1015808K), 0.0012477 secs] [Times: user=0.00 sys=0.00, real=0.00 secs] 
189.857: [GC (Allocation Failure) [PSYoungGen: 74014K->10240K(98304K)] 602398K->538624K(1015808K), 0.0016050 secs] [Times: user=0.00 sys=0.00, real=0.00 secs] 
191.056: [GC (Allocation Failure) [PSYoungGen: 74014K->16416K(98304K)] 755998K->698400K(1015808K), 0.0019267 secs] [Times: user=0.00 sys=0.00, real=0.00 secs] 
193.018: [GC (Allocation Failure) [PSYoungGen: 80190K->21536K(98304K)] 762175K->703520K(1015808K), 0.0020077 secs] [Times: user=0.00 sys=0.00, real=0.00 secs] 
194.327: [GC (Allocation Failure) [PSYoungGen: 85308K->21568K(98304K)] 920893K->857152K(1015808K), 0.0020881 secs] [Times: user=0.00 sys=0.00, real=0.00 secs] 
194.764: [GC (Allocation Failure) [PSYoungGen: 63837K->26656K(98304K)] 950621K->913440K(1015808K), 0.0025663 secs] [Times: user=0.00 sys=0.00, real=0.00 secs] 
194.767: [GC (Allocation Failure) [PSYoungGen: 26656K->26720K(98304K)] 913440K->913504K(1015808K), 0.0025815 secs] [Times: user=0.00 sys=0.00, real=0.00 secs] 
194.769: [Full GC (Allocation Failure) [PSYoungGen: 26720K->0K(98304K)] [ParOldGen: 886784K->78353K(917504K)] 913504K->78353K(1015808K), [Metaspace: 2796K->2796K(1056768K)], 0.0076871 secs] [Times: user=0.00 sys=0.00, real=0.01 secs] 
196.854: [GC (Allocation Failure) [PSYoungGen: 60702K->30720K(98304K)] 395055K->365073K(1015808K), 0.0023028 secs] [Times: user=0.00 sys=0.00, real=0.00 secs] 
198.049: [GC (Allocation Failure) [PSYoungGen: 94494K->30720K(98304K)] 582448K->518673K(1015808K), 0.0025893 secs] [Times: user=0.00 sys=0.00, real=0.00 secs] 
198.813: [GC (Allocation Failure) [PSYoungGen: 78110K->30720K(98304K)] 566064K->528913K(1015808K), 0.0031577 secs] [Times: user=0.00 sys=0.00, real=0.00 secs] 
200.231: [GC (Allocation Failure) [PSYoungGen: 88347K->15360K(98304K)] 740141K->667153K(1015808K), 0.0026371 secs] [Times: user=0.01 sys=0.00, real=0.00 secs] 
201.539: [GC (Allocation Failure) [PSYoungGen: 79132K->21504K(98304K)] 884526K->826898K(1015808K), 0.0022464 secs] [Times: user=0.00 sys=0.00, real=0.00 secs] 
201.863: [GC (Allocation Failure) [PSYoungGen: 53533K->11264K(98304K)] 910127K->867858K(1015808K), 0.0021463 secs] [Times: user=0.00 sys=0.00, real=0.00 secs] 
201.865: [GC (Allocation Failure) [PSYoungGen: 11264K->11264K(98304K)] 867858K->867858K(1015808K), 0.0015252 secs] [Times: user=0.00 sys=0.00, real=0.00 secs] 
201.867: [Full GC (Allocation Failure) [PSYoungGen: 11264K->0K(98304K)] [ParOldGen: 856593K->62993K(917504K)] 867858K->62993K(1015808K), [Metaspace: 2796K->2796K(1056768K)], 0.0060653 secs] [Times: user=0.00 sys=0.00, real=0.01 secs] 
204.061: [GC (Allocation Failure) [PSYoungGen: 64797K->10240K(98304K)] 230191K->175633K(1015808K), 0.0009955 secs] [Times: user=0.00 sys=0.00, real=0.00 secs] 
205.259: [GC (Allocation Failure) [PSYoungGen: 74014K->25600K(98304K)] 393007K->344593K(1015808K), 0.0019993 secs] [Times: user=0.00 sys=0.00, real=0.00 secs] 
206.460: [GC (Allocation Failure) [PSYoungGen: 89374K->31744K(98304K)] 561968K->514577K(1015808K), 0.0031230 secs] [Times: user=0.00 sys=0.00, real=0.00 secs] 
208.433: [GC (Allocation Failure) [PSYoungGen: 95518K->10240K(98304K)] 731952K->646673K(1015808K), 0.0013895 secs] [Times: user=0.02 sys=0.00, real=0.00 secs] 
209.634: [GC (Allocation Failure) [PSYoungGen: 74014K->10240K(98304K)] 864048K->800273K(1015808K), 0.0015768 secs] [Times: user=0.00 sys=0.00, real=0.00 secs] 
210.397: [GC (Allocation Failure) [PSYoungGen: 67870K->10240K(98304K)] 909104K->851473K(1015808K), 0.0019253 secs] [Times: user=0.00 sys=0.00, real=0.00 secs] 
210.399: [GC (Allocation Failure) [PSYoungGen: 10240K->10240K(98304K)] 851473K->851473K(1015808K), 0.0023469 secs] [Times: user=0.00 sys=0.00, real=0.00 secs] 
210.402: [Full GC (Allocation Failure) [PSYoungGen: 10240K->0K(98304K)] [ParOldGen: 841233K->215569K(917504K)] 851473K->215569K(1015808K), [Metaspace: 2796K->2796K(1056768K)], 0.0164051 secs] [Times: user=0.00 sys=0.00, real=0.02 secs] 
212.390: [GC (Allocation Failure) [PSYoungGen: 64798K->11264K(98304K)] 536368K->482833K(1015808K), 0.0010882 secs] [Times: user=0.00 sys=0.00, real=0.00 secs] 
213.587: [GC (Allocation Failure) [PSYoungGen: 75038K->17408K(98304K)] 700208K->642577K(1015808K), 0.0016183 secs] [Times: user=0.00 sys=0.00, real=0.00 secs] 
215.219: [GC (Allocation Failure) [PSYoungGen: 80158K->10240K(98304K)] 705328K->635409K(1015808K), 0.0013863 secs] [Times: user=0.00 sys=0.00, real=0.00 secs] 
216.419: [GC (Allocation Failure) [PSYoungGen: 74012K->26624K(98304K)] 852782K->805393K(1015808K), 0.0029815 secs] [Times: user=0.00 sys=0.00, real=0.00 secs] 
217.287: [GC (Allocation Failure) [PSYoungGen: 79133K->30720K(98304K)] 857903K->819729K(1015808K), 0.0030640 secs] [Times: user=0.00 sys=0.00, real=0.00 secs] 
217.505: [GC (Allocation Failure) [PSYoungGen: 52507K->30720K(98304K)] 892717K->870929K(1015808K), 0.0030746 secs] [Times: user=0.00 sys=0.00, real=0.00 secs] 
217.508: [GC (Allocation Failure) [PSYoungGen: 30720K->30720K(98304K)] 870929K->870929K(1015808K), 0.0024840 secs] [Times: user=0.00 sys=0.00, real=0.00 secs] 
217.510: [Full GC (Allocation Failure) [PSYoungGen: 30720K->0K(98304K)] [ParOldGen: 840209K->82449K(917504K)] 870929K->82449K(1015808K), [Metaspace: 2796K->2796K(1056768K)], 0.0075547 secs] [Times: user=0.01 sys=0.00, real=0.01 secs] 
Heap
 PSYoungGen      total 98304K, used 24122K [0x00000000f8000000, 0x0000000100000000, 0x0000000100000000)
  eden space 65536K, 36% used [0x00000000f8000000,0x00000000f978ea30,0x00000000fc000000)
  from space 32768K, 0% used [0x00000000fc000000,0x00000000fc000000,0x00000000fe000000)
  to   space 32768K, 0% used [0x00000000fe000000,0x00000000fe000000,0x0000000100000000)
 ParOldGen       total 917504K, used 184849K [0x00000000c0000000, 0x00000000f8000000, 0x00000000f8000000)
  object space 917504K, 20% used [0x00000000c0000000,0x00000000cb484730,0x00000000f8000000)
 Metaspace       used 2804K, capacity 4486K, committed 4864K, reserved 1056768K
  class space    used 297K, capacity 386K, committed 512K, reserved 1048576K
