Java HotSpot(TM) 64-Bit Server VM (25.411-b09) for windows-amd64 JRE (1.8.0_411-b09), built on Mar 13 2024 07:26:13 by "java_re" with MS VC++ 17.1 (VS2022)
Memory: 4k page, physical 33403376k(14658196k free), swap 37489400k(7632984k free)
CommandLine flags: -XX:InitialHeapSize=536870912 -XX:MaxHeapSize=536870912 -XX:NewRatio=1 -XX:ParallelGCThreads=6 -XX:+PrintGC -XX:+PrintGCDetails -XX:+PrintGCTimeStamps -XX:SurvivorRatio=8 -XX:-UseAdaptiveSizePolicy -XX:+UseCompressedClassPointers -XX:+UseCompressedOops -XX:-UseLargePagesIndividualAllocation -XX:+UseParallelGC 
1.396: [GC (Allocation Failure) [PSYoungGen: 131276K->5888K(236032K)] 131276K->57096K(498176K), 0.0162152 secs] [Times: user=0.00 sys=0.00, real=0.02 secs] 
2.719: [GC (Allocation Failure) [PSYoungGen: 184032K->26096K(236032K)] 235240K->83640K(498176K), 0.0161300 secs] [Times: user=0.00 sys=0.00, real=0.02 secs] 
4.808: [GC (Allocation Failure) [PSYoungGen: 234996K->10712K(236032K)] 292540K->68256K(498176K), 0.0019679 secs] [Times: user=0.00 sys=0.00, real=0.00 secs] 
5.683: [GC (Allocation Failure) [PSYoungGen: 127472K->15816K(236032K)] 185016K->124560K(498176K), 0.0156177 secs] [Times: user=0.00 sys=0.00, real=0.02 secs] 
7.008: [GC (Allocation Failure) [PSYoungGen: 196130K->26104K(236032K)] 304874K->170696K(498176K), 0.0156972 secs] [Times: user=0.00 sys=0.00, real=0.01 secs] 
8.440: [GC (Allocation Failure) [PSYoungGen: 219650K->20904K(236032K)] 364242K->165496K(498176K), 0.0022207 secs] [Times: user=0.02 sys=0.00, real=0.00 secs] 
9.751: [GC (Allocation Failure) [PSYoungGen: 229827K->15848K(236032K)] 374419K->211640K(498176K), 0.0156391 secs] [Times: user=0.02 sys=0.00, real=0.02 secs] 
9.767: [Full GC (Ergonomics) [PSYoungGen: 15848K->0K(236032K)] [ParOldGen: 195792K->67088K(262144K)] 211640K->67088K(498176K), [Metaspace: 2761K->2761K(1056768K)], 0.0074551 secs] [Times: user=0.00 sys=0.00, real=0.01 secs] 
10.982: [GC (Allocation Failure) [PSYoungGen: 208934K->10240K(236032K)] 276023K->179728K(498176K), 0.0160121 secs] [Times: user=0.00 sys=0.00, real=0.02 secs] 
10.999: [Full GC (Ergonomics) [PSYoungGen: 10240K->0K(236032K)] [ParOldGen: 169488K->169488K(262144K)] 179728K->169488K(498176K), [Metaspace: 2761K->2761K(1056768K)], 0.0090697 secs] [Times: user=0.00 sys=0.00, real=0.01 secs] 
12.419: [Full GC (Ergonomics) [PSYoungGen: 208928K->0K(236032K)] [ParOldGen: 169488K->5648K(262144K)] 378417K->5648K(498176K), [Metaspace: 2761K->2761K(1056768K)], 0.0054526 secs] [Times: user=0.00 sys=0.02, real=0.01 secs] 
13.293: [GC (Allocation Failure) [PSYoungGen: 205168K->6176K(236032K)] 210817K->11832K(498176K), 0.0008715 secs] [Times: user=0.00 sys=0.00, real=0.00 secs] 
14.275: [GC (Allocation Failure) [PSYoungGen: 128054K->11296K(236032K)] 133710K->68152K(498176K), 0.0047967 secs] [Times: user=0.00 sys=0.00, real=0.00 secs] 
16.893: [GC (Allocation Failure) [PSYoungGen: 220217K->15424K(236032K)] 277074K->72280K(498176K), 0.0013714 secs] [Times: user=0.00 sys=0.00, real=0.00 secs] 
18.093: [GC (Allocation Failure) [PSYoungGen: 224343K->15392K(236032K)] 281200K->92728K(498176K), 0.0029832 secs] [Times: user=0.00 sys=0.00, real=0.00 secs] 
19.074: [GC (Allocation Failure) [PSYoungGen: 224324K->15392K(236032K)] 301661K->143928K(498176K), 0.0059250 secs] [Times: user=0.00 sys=0.00, real=0.01 secs] 
21.040: [GC (Allocation Failure) [PSYoungGen: 224333K->15424K(236032K)] 352870K->246360K(498176K), 0.0165084 secs] [Times: user=0.00 sys=0.02, real=0.02 secs] 
21.057: [Full GC (Ergonomics) [PSYoungGen: 15424K->0K(236032K)] [ParOldGen: 230936K->118289K(262144K)] 246360K->118289K(498176K), [Metaspace: 2779K->2779K(1056768K)], 0.0089550 secs] [Times: user=0.02 sys=0.00, real=0.01 secs] 
22.161: [GC (Allocation Failure) [PSYoungGen: 208946K->6144K(236032K)] 327235K->124433K(498176K), 0.0008863 secs] [Times: user=0.00 sys=0.00, real=0.00 secs] 
23.690: [GC (Allocation Failure) [PSYoungGen: 215079K->1024K(236032K)] 333368K->119313K(498176K), 0.0008447 secs] [Times: user=0.00 sys=0.00, real=0.00 secs] 
24.675: [GC (Allocation Failure) [PSYoungGen: 209966K->20480K(236032K)] 328256K->138769K(498176K), 0.0015867 secs] [Times: user=0.00 sys=0.00, real=0.00 secs] 
25.658: [GC (Allocation Failure) [PSYoungGen: 142387K->25600K(236032K)] 260676K->195089K(498176K), 0.0153635 secs] [Times: user=0.03 sys=0.00, real=0.02 secs] 
25.674: [Full GC (Ergonomics) [PSYoungGen: 25600K->0K(236032K)] [ParOldGen: 169489K->77329K(262144K)] 195089K->77329K(498176K), [Metaspace: 2779K->2779K(1056768K)], 0.0062940 secs] [Times: user=0.00 sys=0.00, real=0.01 secs] 
28.093: [GC (Allocation Failure) [PSYoungGen: 203820K->10240K(236032K)] 281149K->87569K(498176K), 0.0008860 secs] [Times: user=0.00 sys=0.00, real=0.00 secs] 
29.075: [GC (Allocation Failure) [PSYoungGen: 220057K->10272K(236032K)] 297386K->138809K(498176K), 0.0047535 secs] [Times: user=0.00 sys=0.00, real=0.00 secs] 
29.947: [GC (Allocation Failure) [PSYoungGen: 127045K->10272K(236032K)] 255582K->190009K(498176K), 0.0050159 secs] [Times: user=0.00 sys=0.00, real=0.00 secs] 
29.952: [Full GC (Ergonomics) [PSYoungGen: 10272K->0K(236032K)] [ParOldGen: 179737K->113169K(262144K)] 190009K->113169K(498176K), [Metaspace: 2793K->2793K(1056768K)], 0.0085935 secs] [Times: user=0.01 sys=0.00, real=0.01 secs] 
31.379: [GC (Allocation Failure) [PSYoungGen: 132130K->5120K(236032K)] 245299K->118289K(498176K), 0.0007551 secs] [Times: user=0.00 sys=0.00, real=0.00 secs] 
32.687: [GC (Allocation Failure) [PSYoungGen: 183308K->21504K(236032K)] 296477K->139793K(498176K), 0.0023923 secs] [Times: user=0.00 sys=0.00, real=0.00 secs] 
34.003: [GC (Allocation Failure) [PSYoungGen: 230426K->22528K(236032K)] 348716K->140817K(498176K), 0.0020710 secs] [Times: user=0.00 sys=0.00, real=0.00 secs] 
35.423: [GC (Allocation Failure) [PSYoungGen: 226342K->20480K(236032K)] 344632K->138769K(498176K), 0.0013212 secs] [Times: user=0.00 sys=0.00, real=0.00 secs] 
36.622: [GC (Allocation Failure) [PSYoungGen: 229422K->20480K(236032K)] 347711K->138769K(498176K), 0.0016072 secs] [Times: user=0.00 sys=0.00, real=0.00 secs] 
37.605: [GC (Allocation Failure) [PSYoungGen: 229427K->20480K(236032K)] 347716K->159249K(498176K), 0.0029156 secs] [Times: user=0.00 sys=0.00, real=0.00 secs] 
39.786: [GC (Allocation Failure) [PSYoungGen: 198710K->25600K(236032K)] 337479K->164369K(498176K), 0.0023012 secs] [Times: user=0.00 sys=0.00, real=0.00 secs] 
41.094: [GC (Allocation Failure) [PSYoungGen: 234550K->20480K(236032K)] 373319K->261649K(498176K), 0.0153311 secs] [Times: user=0.02 sys=0.00, real=0.02 secs] 
41.110: [Full GC (Ergonomics) [PSYoungGen: 20480K->0K(236032K)] [ParOldGen: 241169K->123409K(262144K)] 261649K->123409K(498176K), [Metaspace: 2793K->2793K(1056768K)], 0.0096809 secs] [Times: user=0.00 sys=0.00, real=0.01 secs] 
43.088: [GC (Allocation Failure) [PSYoungGen: 208937K->2048K(236032K)] 332347K->125457K(498176K), 0.0006391 secs] [Times: user=0.00 sys=0.00, real=0.00 secs] 
44.186: [GC (Allocation Failure) [PSYoungGen: 129086K->11264K(236032K)] 252496K->185873K(498176K), 0.0048098 secs] [Times: user=0.00 sys=0.00, real=0.00 secs] 
44.190: [Full GC (Ergonomics) [PSYoungGen: 11264K->0K(236032K)] [ParOldGen: 174609K->62993K(262144K)] 185873K->62993K(498176K), [Metaspace: 2795K->2795K(1056768K)], 0.0052149 secs] [Times: user=0.00 sys=0.00, real=0.01 secs] 
45.507: [GC (Allocation Failure) [PSYoungGen: 178204K->25600K(236032K)] 241198K->98833K(498176K), 0.0026811 secs] [Times: user=0.00 sys=0.00, real=0.00 secs] 
46.926: [GC (Allocation Failure) [PSYoungGen: 224276K->20480K(236032K)] 297509K->114193K(498176K), 0.0024638 secs] [Times: user=0.00 sys=0.00, real=0.00 secs] 
48.237: [GC (Allocation Failure) [PSYoungGen: 229409K->15360K(236032K)] 323123K->109073K(498176K), 0.0016534 secs] [Times: user=0.00 sys=0.00, real=0.00 secs] 
49.438: [GC (Allocation Failure) [PSYoungGen: 224299K->15360K(236032K)] 318012K->160273K(498176K), 0.0050669 secs] [Times: user=0.02 sys=0.00, real=0.00 secs] 
50.751: [GC (Allocation Failure) [PSYoungGen: 224305K->10240K(236032K)] 369218K->155153K(498176K), 0.0010220 secs] [Times: user=0.00 sys=0.00, real=0.00 secs] 
51.738: [GC (Allocation Failure) [PSYoungGen: 219189K->11264K(236032K)] 364102K->156177K(498176K), 0.0010628 secs] [Times: user=0.00 sys=0.00, real=0.00 secs] 
52.721: [GC (Allocation Failure) [PSYoungGen: 133161K->11264K(236032K)] 278074K->207377K(498176K), 0.0046844 secs] [Times: user=0.09 sys=0.00, real=0.00 secs] 
52.726: [Full GC (Ergonomics) [PSYoungGen: 11264K->0K(236032K)] [ParOldGen: 196113K->62993K(262144K)] 207377K->62993K(498176K), [Metaspace: 2795K->2795K(1056768K)], 0.0055881 secs] [Times: user=0.00 sys=0.00, real=0.00 secs] 
55.362: [GC (Allocation Failure) [PSYoungGen: 198693K->25600K(236032K)] 261687K->88593K(498176K), 0.0015431 secs] [Times: user=0.00 sys=0.00, real=0.00 secs] 
56.561: [GC (Allocation Failure) [PSYoungGen: 234525K->25600K(236032K)] 297519K->88593K(498176K), 0.0019523 secs] [Times: user=0.00 sys=0.00, real=0.00 secs] 
57.538: [GC (Allocation Failure) [PSYoungGen: 234543K->25600K(236032K)] 297537K->109073K(498176K), 0.0030127 secs] [Times: user=0.00 sys=0.00, real=0.00 secs] 
59.290: [GC (Allocation Failure) [PSYoungGen: 234548K->10240K(236032K)] 318021K->144913K(498176K), 0.0049113 secs] [Times: user=0.00 sys=0.00, real=0.00 secs] 
60.278: [GC (Allocation Failure) [PSYoungGen: 219191K->10240K(236032K)] 353864K->247313K(498176K), 0.0151436 secs] [Times: user=0.00 sys=0.00, real=0.01 secs] 
60.293: [Full GC (Ergonomics) [PSYoungGen: 10240K->0K(236032K)] [ParOldGen: 237073K->164369K(262144K)] 247313K->164369K(498176K), [Metaspace: 2796K->2796K(1056768K)], 0.0122800 secs] [Times: user=0.00 sys=0.00, real=0.01 secs] 
61.291: [Full GC (Ergonomics) [PSYoungGen: 121913K->0K(236032K)] [ParOldGen: 164369K->215569K(262144K)] 286282K->215569K(498176K), [Metaspace: 2796K->2796K(1056768K)], 0.0053650 secs] [Times: user=0.00 sys=0.00, real=0.00 secs] 
62.724: [Full GC (Ergonomics) [PSYoungGen: 208918K->0K(236032K)] [ParOldGen: 215569K->57344K(262144K)] 424488K->57344K(498176K), [Metaspace: 2796K->2796K(1056768K)], 0.0055816 secs] [Times: user=0.00 sys=0.00, real=0.00 secs] 
64.030: [GC (Allocation Failure) [PSYoungGen: 178197K->11264K(236032K)] 235541K->89088K(498176K), 0.0025339 secs] [Times: user=0.00 sys=0.00, real=0.00 secs] 
65.887: [GC (Allocation Failure) [PSYoungGen: 220184K->10240K(236032K)] 298008K->88064K(498176K), 0.0012661 secs] [Times: user=0.00 sys=0.00, real=0.00 secs] 
66.980: [GC (Allocation Failure) [PSYoungGen: 137253K->25600K(236032K)] 215077K->154624K(498176K), 0.0052477 secs] [Times: user=0.00 sys=0.00, real=0.00 secs] 
68.305: [GC (Allocation Failure) [PSYoungGen: 203812K->25600K(236032K)] 332836K->180224K(498176K), 0.0033603 secs] [Times: user=0.00 sys=0.00, real=0.00 secs] 
69.722: [GC (Allocation Failure) [PSYoungGen: 203801K->5120K(236032K)] 358425K->159744K(498176K), 0.0008725 secs] [Times: user=0.00 sys=0.00, real=0.00 secs] 
71.032: [GC (Allocation Failure) [PSYoungGen: 214051K->15360K(236032K)] 368675K->272384K(498176K), 0.0157994 secs] [Times: user=0.02 sys=0.00, real=0.02 secs] 
71.048: [Full GC (Ergonomics) [PSYoungGen: 15360K->0K(236032K)] [ParOldGen: 257024K->118289K(262144K)] 272384K->118289K(498176K), [Metaspace: 2796K->2796K(1056768K)], 0.0092396 secs] [Times: user=0.01 sys=0.00, real=0.01 secs] 
72.262: [GC (Allocation Failure) [PSYoungGen: 208940K->11264K(236032K)] 327229K->129553K(498176K), 0.0008703 secs] [Times: user=0.00 sys=0.00, real=0.00 secs] 
73.681: [GC (Allocation Failure) [PSYoungGen: 215075K->5120K(236032K)] 333364K->123409K(498176K), 0.0007835 secs] [Times: user=0.00 sys=0.00, real=0.00 secs] 
74.668: [GC (Allocation Failure) [PSYoungGen: 214059K->20480K(236032K)] 332349K->138769K(498176K), 0.0015535 secs] [Times: user=0.00 sys=0.00, real=0.00 secs] 
75.538: [GC (Allocation Failure) [PSYoungGen: 137265K->25600K(236032K)] 255555K->195089K(498176K), 0.0054288 secs] [Times: user=0.00 sys=0.00, real=0.01 secs] 
75.544: [Full GC (Ergonomics) [PSYoungGen: 25600K->0K(236032K)] [ParOldGen: 169489K->77329K(262144K)] 195089K->77329K(498176K), [Metaspace: 2796K->2796K(1056768K)], 0.0062360 secs] [Times: user=0.00 sys=0.00, real=0.00 secs] 
77.960: [GC (Allocation Failure) [PSYoungGen: 203818K->10240K(236032K)] 281147K->87569K(498176K), 0.0008322 secs] [Times: user=0.00 sys=0.00, real=0.00 secs] 
78.946: [GC (Allocation Failure) [PSYoungGen: 219169K->10240K(236032K)] 296498K->138769K(498176K), 0.0048568 secs] [Times: user=0.00 sys=0.00, real=0.01 secs] 
79.819: [GC (Allocation Failure) [PSYoungGen: 127018K->10240K(236032K)] 255548K->189969K(498176K), 0.0047534 secs] [Times: user=0.00 sys=0.00, real=0.00 secs] 
79.824: [Full GC (Ergonomics) [PSYoungGen: 10240K->0K(236032K)] [ParOldGen: 179729K->113169K(262144K)] 189969K->113169K(498176K), [Metaspace: 2796K->2796K(1056768K)], 0.0084319 secs] [Times: user=0.02 sys=0.00, real=0.01 secs] 
81.252: [GC (Allocation Failure) [PSYoungGen: 132133K->5120K(236032K)] 245302K->118289K(498176K), 0.0008121 secs] [Times: user=0.00 sys=0.00, real=0.00 secs] 
82.563: [GC (Allocation Failure) [PSYoungGen: 183310K->6144K(236032K)] 296479K->139793K(498176K), 0.0028933 secs] [Times: user=0.02 sys=0.00, real=0.00 secs] 
83.875: [GC (Allocation Failure) [PSYoungGen: 215068K->17408K(236032K)] 348717K->161297K(498176K), 0.0020660 secs] [Times: user=0.00 sys=0.00, real=0.00 secs] 
85.293: [GC (Allocation Failure) [PSYoungGen: 221223K->20480K(236032K)] 365113K->164369K(498176K), 0.0014773 secs] [Times: user=0.00 sys=0.00, real=0.00 secs] 
86.493: [GC (Allocation Failure) [PSYoungGen: 229422K->20480K(236032K)] 373312K->164369K(498176K), 0.0016144 secs] [Times: user=0.00 sys=0.00, real=0.00 secs] 
87.473: [GC (Allocation Failure) [PSYoungGen: 229427K->20480K(236032K)] 373316K->184849K(498176K), 0.0033025 secs] [Times: user=0.00 sys=0.00, real=0.00 secs] 
89.657: [GC (Allocation Failure) [PSYoungGen: 198710K->25600K(236032K)] 363080K->189969K(498176K), 0.0021578 secs] [Times: user=0.00 sys=0.00, real=0.00 secs] 
90.968: [GC (Allocation Failure) --[PSYoungGen: 234550K->234550K(236032K)] 398919K->398919K(498176K), 0.0016600 secs] [Times: user=0.00 sys=0.00, real=0.00 secs] 
90.969: [Full GC (Ergonomics) [PSYoungGen: 234550K->0K(236032K)] [ParOldGen: 164369K->123904K(262144K)] 398919K->123904K(498176K), [Metaspace: 2796K->2796K(1056768K)], 0.0089863 secs] [Times: user=0.02 sys=0.00, real=0.01 secs] 
92.951: [GC (Allocation Failure) [PSYoungGen: 208937K->2048K(236032K)] 332842K->125952K(498176K), 0.0006793 secs] [Times: user=0.00 sys=0.00, real=0.00 secs] 
94.043: [GC (Allocation Failure) [PSYoungGen: 129086K->11264K(236032K)] 252991K->186368K(498176K), 0.0047209 secs] [Times: user=0.00 sys=0.00, real=0.00 secs] 
95.356: [GC (Allocation Failure) [PSYoungGen: 189468K->21504K(236032K)] 364572K->222208K(498176K), 0.0034627 secs] [Times: user=0.00 sys=0.00, real=0.00 secs] 
95.360: [Full GC (Ergonomics) [PSYoungGen: 21504K->0K(236032K)] [ParOldGen: 200704K->47633K(262144K)] 222208K->47633K(498176K), [Metaspace: 2796K->2796K(1056768K)], 0.0044524 secs] [Times: user=0.00 sys=0.00, real=0.00 secs] 
96.789: [GC (Allocation Failure) [PSYoungGen: 198676K->20480K(236032K)] 246309K->88593K(498176K), 0.0022333 secs] [Times: user=0.00 sys=0.00, real=0.00 secs] 
98.098: [GC (Allocation Failure) [PSYoungGen: 229394K->15360K(236032K)] 297508K->103953K(498176K), 0.0028082 secs] [Times: user=0.00 sys=0.00, real=0.00 secs] 
99.301: [GC (Allocation Failure) [PSYoungGen: 224289K->15360K(236032K)] 312883K->155153K(498176K), 0.0052852 secs] [Times: user=0.00 sys=0.00, real=0.00 secs] 
100.612: [GC (Allocation Failure) [PSYoungGen: 224299K->10240K(236032K)] 364092K->150033K(498176K), 0.0008080 secs] [Times: user=0.00 sys=0.00, real=0.00 secs] 
101.596: [GC (Allocation Failure) [PSYoungGen: 219185K->11264K(236032K)] 358978K->151057K(498176K), 0.0011670 secs] [Times: user=0.00 sys=0.00, real=0.00 secs] 
102.578: [GC (Allocation Failure) [PSYoungGen: 133158K->11264K(236032K)] 272952K->202257K(498176K), 0.0053131 secs] [Times: user=0.00 sys=0.00, real=0.00 secs] 
102.583: [Full GC (Ergonomics) [PSYoungGen: 11264K->0K(236032K)] [ParOldGen: 190993K->62993K(262144K)] 202257K->62993K(498176K), [Metaspace: 2796K->2796K(1056768K)], 0.0054019 secs] [Times: user=0.00 sys=0.00, real=0.01 secs] 
105.225: [GC (Allocation Failure) [PSYoungGen: 198692K->25600K(236032K)] 261685K->88593K(498176K), 0.0018387 secs] [Times: user=0.00 sys=0.00, real=0.00 secs] 
106.426: [GC (Allocation Failure) [PSYoungGen: 234524K->25600K(236032K)] 297518K->88593K(498176K), 0.0019079 secs] [Times: user=0.00 sys=0.00, real=0.00 secs] 
107.411: [GC (Allocation Failure) [PSYoungGen: 234543K->25600K(236032K)] 297536K->109073K(498176K), 0.0033917 secs] [Times: user=0.00 sys=0.00, real=0.00 secs] 
109.155: [GC (Allocation Failure) [PSYoungGen: 234547K->10240K(236032K)] 318021K->144913K(498176K), 0.0047836 secs] [Times: user=0.00 sys=0.00, real=0.00 secs] 
110.135: [GC (Allocation Failure) [PSYoungGen: 219190K->10240K(236032K)] 353864K->247313K(498176K), 0.0160563 secs] [Times: user=0.00 sys=0.00, real=0.01 secs] 
110.151: [Full GC (Ergonomics) [PSYoungGen: 10240K->0K(236032K)] [ParOldGen: 237073K->164369K(262144K)] 247313K->164369K(498176K), [Metaspace: 2796K->2796K(1056768K)], 0.0122409 secs] [Times: user=0.02 sys=0.00, real=0.01 secs] 
111.148: [Full GC (Ergonomics) [PSYoungGen: 121912K->0K(236032K)] [ParOldGen: 164369K->215569K(262144K)] 286282K->215569K(498176K), [Metaspace: 2796K->2796K(1056768K)], 0.0048083 secs] [Times: user=0.00 sys=0.00, real=0.00 secs] 
112.565: [Full GC (Ergonomics) [PSYoungGen: 208918K->0K(236032K)] [ParOldGen: 215569K->57344K(262144K)] 424488K->57344K(498176K), [Metaspace: 2796K->2796K(1056768K)], 0.0055762 secs] [Times: user=0.00 sys=0.00, real=0.01 secs] 
113.889: [GC (Allocation Failure) [PSYoungGen: 178197K->21504K(236032K)] 235541K->89088K(498176K), 0.0023394 secs] [Times: user=0.00 sys=0.00, real=0.00 secs] 
115.744: [GC (Allocation Failure) [PSYoungGen: 230424K->10240K(236032K)] 298008K->77824K(498176K), 0.0012820 secs] [Times: user=0.00 sys=0.00, real=0.00 secs] 
116.835: [GC (Allocation Failure) [PSYoungGen: 137253K->25600K(236032K)] 204837K->144384K(498176K), 0.0051214 secs] [Times: user=0.00 sys=0.00, real=0.01 secs] 
118.144: [GC (Allocation Failure) [PSYoungGen: 203812K->25600K(236032K)] 322596K->169984K(498176K), 0.0035149 secs] [Times: user=0.00 sys=0.00, real=0.00 secs] 
119.564: [GC (Allocation Failure) [PSYoungGen: 203801K->5120K(236032K)] 348185K->149504K(498176K), 0.0008640 secs] [Times: user=0.00 sys=0.00, real=0.00 secs] 
120.877: [GC (Allocation Failure) [PSYoungGen: 214051K->15360K(236032K)] 358435K->262144K(498176K), 0.0153211 secs] [Times: user=0.00 sys=0.00, real=0.02 secs] 
120.892: [Full GC (Ergonomics) [PSYoungGen: 15360K->0K(236032K)] [ParOldGen: 246784K->118289K(262144K)] 262144K->118289K(498176K), [Metaspace: 2796K->2796K(1056768K)], 0.0092467 secs] [Times: user=0.00 sys=0.00, real=0.01 secs] 
122.093: [GC (Allocation Failure) [PSYoungGen: 208940K->11264K(236032K)] 327229K->129553K(498176K), 0.0009345 secs] [Times: user=0.00 sys=0.00, real=0.00 secs] 
123.514: [GC (Allocation Failure) [PSYoungGen: 215075K->5120K(236032K)] 333364K->123409K(498176K), 0.0007559 secs] [Times: user=0.00 sys=0.00, real=0.00 secs] 
124.495: [GC (Allocation Failure) [PSYoungGen: 214059K->20480K(236032K)] 332349K->138769K(498176K), 0.0017443 secs] [Times: user=0.00 sys=0.00, real=0.00 secs] 
125.368: [GC (Allocation Failure) [PSYoungGen: 137265K->25600K(236032K)] 255555K->195089K(498176K), 0.0054951 secs] [Times: user=0.00 sys=0.00, real=0.01 secs] 
125.374: [Full GC (Ergonomics) [PSYoungGen: 25600K->0K(236032K)] [ParOldGen: 169489K->77329K(262144K)] 195089K->77329K(498176K), [Metaspace: 2796K->2796K(1056768K)], 0.0065315 secs] [Times: user=0.00 sys=0.00, real=0.01 secs] 
127.780: [GC (Allocation Failure) [PSYoungGen: 203818K->10240K(236032K)] 281147K->87569K(498176K), 0.0008518 secs] [Times: user=0.00 sys=0.00, real=0.00 secs] 
128.764: [GC (Allocation Failure) [PSYoungGen: 219169K->10240K(236032K)] 296498K->138769K(498176K), 0.0049833 secs] [Times: user=0.00 sys=0.00, real=0.00 secs] 
129.637: [GC (Allocation Failure) [PSYoungGen: 127018K->10240K(236032K)] 255548K->189969K(498176K), 0.0047706 secs] [Times: user=0.00 sys=0.00, real=0.00 secs] 
129.641: [Full GC (Ergonomics) [PSYoungGen: 10240K->0K(236032K)] [ParOldGen: 179729K->113169K(262144K)] 189969K->113169K(498176K), [Metaspace: 2796K->2796K(1056768K)], 0.0081849 secs] [Times: user=0.02 sys=0.00, real=0.01 secs] 
131.075: [GC (Allocation Failure) [PSYoungGen: 132133K->5120K(236032K)] 245302K->118289K(498176K), 0.0008534 secs] [Times: user=0.00 sys=0.00, real=0.00 secs] 
132.386: [GC (Allocation Failure) [PSYoungGen: 183310K->21504K(236032K)] 296479K->139793K(498176K), 0.0022832 secs] [Times: user=0.00 sys=0.00, real=0.00 secs] 
133.697: [GC (Allocation Failure) [PSYoungGen: 230428K->22528K(236032K)] 348717K->140817K(498176K), 0.0016569 secs] [Times: user=0.00 sys=0.00, real=0.00 secs] 
135.118: [GC (Allocation Failure) [PSYoungGen: 226343K->20480K(236032K)] 344633K->138769K(498176K), 0.0013747 secs] [Times: user=0.00 sys=0.00, real=0.00 secs] 
136.318: [GC (Allocation Failure) [PSYoungGen: 229422K->20480K(236032K)] 347712K->138769K(498176K), 0.0016684 secs] [Times: user=0.00 sys=0.00, real=0.00 secs] 
137.295: [GC (Allocation Failure) [PSYoungGen: 229427K->20480K(236032K)] 347716K->159249K(498176K), 0.0030301 secs] [Times: user=0.00 sys=0.00, real=0.00 secs] 
139.481: [GC (Allocation Failure) [PSYoungGen: 198710K->25600K(236032K)] 337480K->164369K(498176K), 0.0022791 secs] [Times: user=0.00 sys=0.00, real=0.00 secs] 
140.790: [GC (Allocation Failure) [PSYoungGen: 234550K->20480K(236032K)] 373319K->261649K(498176K), 0.0155518 secs] [Times: user=0.00 sys=0.00, real=0.01 secs] 
140.806: [Full GC (Ergonomics) [PSYoungGen: 20480K->0K(236032K)] [ParOldGen: 241169K->123409K(262144K)] 261649K->123409K(498176K), [Metaspace: 2796K->2796K(1056768K)], 0.0094779 secs] [Times: user=0.00 sys=0.00, real=0.01 secs] 
142.783: [GC (Allocation Failure) [PSYoungGen: 208937K->2048K(236032K)] 332347K->125457K(498176K), 0.0005894 secs] [Times: user=0.00 sys=0.00, real=0.00 secs] 
143.876: [GC (Allocation Failure) [PSYoungGen: 129086K->11264K(236032K)] 252496K->185873K(498176K), 0.0049802 secs] [Times: user=0.01 sys=0.00, real=0.00 secs] 
143.881: [Full GC (Ergonomics) [PSYoungGen: 11264K->0K(236032K)] [ParOldGen: 174609K->62993K(262144K)] 185873K->62993K(498176K), [Metaspace: 2796K->2796K(1056768K)], 0.0055818 secs] [Times: user=0.00 sys=0.00, real=0.01 secs] 
145.199: [GC (Allocation Failure) [PSYoungGen: 178204K->15360K(236032K)] 241198K->98833K(498176K), 0.0025405 secs] [Times: user=0.00 sys=0.00, real=0.00 secs] 
146.628: [GC (Allocation Failure) [PSYoungGen: 214036K->20480K(236032K)] 297509K->124433K(498176K), 0.0025642 secs] [Times: user=0.00 sys=0.00, real=0.00 secs] 
147.936: [GC (Allocation Failure) [PSYoungGen: 229409K->15360K(236032K)] 333363K->119313K(498176K), 0.0013901 secs] [Times: user=0.00 sys=0.00, real=0.00 secs] 
149.138: [GC (Allocation Failure) [PSYoungGen: 224299K->15360K(236032K)] 328252K->170513K(498176K), 0.0052649 secs] [Times: user=0.00 sys=0.00, real=0.01 secs] 
150.448: [GC (Allocation Failure) [PSYoungGen: 224305K->10240K(236032K)] 379458K->165393K(498176K), 0.0008804 secs] [Times: user=0.00 sys=0.00, real=0.00 secs] 
151.433: [GC (Allocation Failure) [PSYoungGen: 219189K->11264K(236032K)] 374342K->166417K(498176K), 0.0011980 secs] [Times: user=0.00 sys=0.00, real=0.00 secs] 
152.414: [GC (Allocation Failure) [PSYoungGen: 133161K->11264K(236032K)] 288314K->217617K(498176K), 0.0046273 secs] [Times: user=0.00 sys=0.00, real=0.01 secs] 
152.419: [Full GC (Ergonomics) [PSYoungGen: 11264K->0K(236032K)] [ParOldGen: 206353K->62993K(262144K)] 217617K->62993K(498176K), [Metaspace: 2796K->2796K(1056768K)], 0.0054792 secs] [Times: user=0.00 sys=0.00, real=0.00 secs] 
155.052: [GC (Allocation Failure) [PSYoungGen: 198693K->25600K(236032K)] 261687K->88593K(498176K), 0.0016536 secs] [Times: user=0.00 sys=0.00, real=0.00 secs] 
156.251: [GC (Allocation Failure) [PSYoungGen: 234525K->25600K(236032K)] 297519K->88593K(498176K), 0.0019710 secs] [Times: user=0.00 sys=0.00, real=0.00 secs] 
157.232: [GC (Allocation Failure) [PSYoungGen: 234543K->25600K(236032K)] 297537K->109073K(498176K), 0.0034467 secs] [Times: user=0.00 sys=0.00, real=0.00 secs] 
158.977: [GC (Allocation Failure) [PSYoungGen: 234548K->10240K(236032K)] 318021K->144913K(498176K), 0.0047330 secs] [Times: user=0.00 sys=0.00, real=0.00 secs] 
159.959: [GC (Allocation Failure) [PSYoungGen: 219191K->10240K(236032K)] 353864K->247313K(498176K), 0.0153562 secs] [Times: user=0.00 sys=0.00, real=0.02 secs] 
159.975: [Full GC (Ergonomics) [PSYoungGen: 10240K->0K(236032K)] [ParOldGen: 237073K->164369K(262144K)] 247313K->164369K(498176K), [Metaspace: 2796K->2796K(1056768K)], 0.0121941 secs] [Times: user=0.00 sys=0.00, real=0.01 secs] 
160.973: [Full GC (Ergonomics) [PSYoungGen: 121913K->0K(236032K)] [ParOldGen: 164369K->215569K(262144K)] 286282K->215569K(498176K), [Metaspace: 2796K->2796K(1056768K)], 0.0053297 secs] [Times: user=0.00 sys=0.00, real=0.01 secs] 
162.406: [Full GC (Ergonomics) [PSYoungGen: 208918K->0K(236032K)] [ParOldGen: 215569K->57344K(262144K)] 424488K->57344K(498176K), [Metaspace: 2796K->2796K(1056768K)], 0.0055243 secs] [Times: user=0.00 sys=0.00, real=0.00 secs] 
163.736: [GC (Allocation Failure) [PSYoungGen: 178197K->11264K(236032K)] 235541K->89088K(498176K), 0.0023086 secs] [Times: user=0.00 sys=0.00, real=0.00 secs] 
165.588: [GC (Allocation Failure) [PSYoungGen: 220184K->10240K(236032K)] 298008K->88064K(498176K), 0.0013700 secs] [Times: user=0.00 sys=0.00, real=0.00 secs] 
166.679: [GC (Allocation Failure) [PSYoungGen: 137253K->25600K(236032K)] 215077K->154624K(498176K), 0.0051731 secs] [Times: user=0.00 sys=0.00, real=0.00 secs] 
168.003: [GC (Allocation Failure) [PSYoungGen: 203812K->25600K(236032K)] 332836K->180224K(498176K), 0.0035373 secs] [Times: user=0.00 sys=0.00, real=0.00 secs] 
169.422: [GC (Allocation Failure) [PSYoungGen: 203801K->5120K(236032K)] 358425K->159744K(498176K), 0.0007660 secs] [Times: user=0.00 sys=0.00, real=0.00 secs] 
170.731: [GC (Allocation Failure) [PSYoungGen: 214051K->15360K(236032K)] 368675K->272384K(498176K), 0.0153691 secs] [Times: user=0.00 sys=0.00, real=0.02 secs] 
170.747: [Full GC (Ergonomics) [PSYoungGen: 15360K->0K(236032K)] [ParOldGen: 257024K->118289K(262144K)] 272384K->118289K(498176K), [Metaspace: 2796K->2796K(1056768K)], 0.0090449 secs] [Times: user=0.00 sys=0.00, real=0.01 secs] 
171.962: [GC (Allocation Failure) [PSYoungGen: 208940K->11264K(236032K)] 327229K->129553K(498176K), 0.0009015 secs] [Times: user=0.00 sys=0.00, real=0.00 secs] 
173.382: [GC (Allocation Failure) [PSYoungGen: 215075K->5120K(236032K)] 333364K->123409K(498176K), 0.0007108 secs] [Times: user=0.00 sys=0.00, real=0.00 secs] 
174.370: [GC (Allocation Failure) [PSYoungGen: 214059K->20480K(236032K)] 332349K->138769K(498176K), 0.0020240 secs] [Times: user=0.00 sys=0.00, real=0.00 secs] 
175.242: [GC (Allocation Failure) [PSYoungGen: 137265K->25600K(236032K)] 255555K->195089K(498176K), 0.0058581 secs] [Times: user=0.00 sys=0.00, real=0.01 secs] 
175.248: [Full GC (Ergonomics) [PSYoungGen: 25600K->0K(236032K)] [ParOldGen: 169489K->77329K(262144K)] 195089K->77329K(498176K), [Metaspace: 2796K->2796K(1056768K)], 0.0064143 secs] [Times: user=0.02 sys=0.00, real=0.01 secs] 
177.656: [GC (Allocation Failure) [PSYoungGen: 203818K->10240K(236032K)] 281147K->87569K(498176K), 0.0009370 secs] [Times: user=0.00 sys=0.00, real=0.00 secs] 
178.641: [GC (Allocation Failure) [PSYoungGen: 219169K->10240K(236032K)] 296498K->138769K(498176K), 0.0052299 secs] [Times: user=0.00 sys=0.00, real=0.01 secs] 
179.511: [GC (Allocation Failure) [PSYoungGen: 127018K->10240K(236032K)] 255548K->189969K(498176K), 0.0047778 secs] [Times: user=0.00 sys=0.00, real=0.00 secs] 
179.516: [Full GC (Ergonomics) [PSYoungGen: 10240K->0K(236032K)] [ParOldGen: 179729K->113169K(262144K)] 189969K->113169K(498176K), [Metaspace: 2796K->2796K(1056768K)], 0.0085856 secs] [Times: user=0.00 sys=0.00, real=0.01 secs] 
180.947: [GC (Allocation Failure) [PSYoungGen: 132133K->5120K(236032K)] 245302K->118289K(498176K), 0.0008294 secs] [Times: user=0.00 sys=0.00, real=0.00 secs] 
182.256: [GC (Allocation Failure) [PSYoungGen: 183310K->25600K(236032K)] 296479K->139793K(498176K), 0.0023174 secs] [Times: user=0.00 sys=0.00, real=0.00 secs] 
183.564: [GC (Allocation Failure) [PSYoungGen: 234524K->25600K(236032K)] 348717K->140817K(498176K), 0.0022006 secs] [Times: user=0.00 sys=0.00, real=0.00 secs] 
184.983: [GC (Allocation Failure) [PSYoungGen: 229415K->20480K(236032K)] 344633K->135697K(498176K), 0.0013356 secs] [Times: user=0.00 sys=0.00, real=0.00 secs] 
186.183: [GC (Allocation Failure) [PSYoungGen: 229422K->20480K(236032K)] 344640K->135697K(498176K), 0.0017924 secs] [Times: user=0.00 sys=0.00, real=0.00 secs] 
187.164: [GC (Allocation Failure) [PSYoungGen: 229427K->20480K(236032K)] 344644K->156177K(498176K), 0.0031571 secs] [Times: user=0.00 sys=0.00, real=0.00 secs] 
189.348: [GC (Allocation Failure) [PSYoungGen: 198710K->25600K(236032K)] 334408K->161297K(498176K), 0.0022898 secs] [Times: user=0.00 sys=0.00, real=0.00 secs] 
190.657: [GC (Allocation Failure) [PSYoungGen: 234550K->20480K(236032K)] 370247K->258577K(498176K), 0.0160377 secs] [Times: user=0.01 sys=0.00, real=0.02 secs] 
190.673: [Full GC (Ergonomics) [PSYoungGen: 20480K->0K(236032K)] [ParOldGen: 238097K->123409K(262144K)] 258577K->123409K(498176K), [Metaspace: 2796K->2796K(1056768K)], 0.0093869 secs] [Times: user=0.02 sys=0.00, real=0.01 secs] 
192.658: [GC (Allocation Failure) [PSYoungGen: 208937K->2080K(236032K)] 332347K->125489K(498176K), 0.0004815 secs] [Times: user=0.00 sys=0.00, real=0.00 secs] 
193.746: [GC (Allocation Failure) [PSYoungGen: 129118K->11296K(236032K)] 252528K->185905K(498176K), 0.0053170 secs] [Times: user=0.00 sys=0.00, real=0.01 secs] 
193.751: [Full GC (Ergonomics) [PSYoungGen: 11296K->0K(236032K)] [ParOldGen: 174609K->62993K(262144K)] 185905K->62993K(498176K), [Metaspace: 2796K->2796K(1056768K)], 0.0056903 secs] [Times: user=0.00 sys=0.00, real=0.01 secs] 
195.068: [GC (Allocation Failure) [PSYoungGen: 178204K->25632K(236032K)] 241198K->98865K(498176K), 0.0026203 secs] [Times: user=0.00 sys=0.00, real=0.00 secs] 
196.488: [GC (Allocation Failure) [PSYoungGen: 224308K->20512K(236032K)] 297541K->114225K(498176K), 0.0023505 secs] [Times: user=0.00 sys=0.00, real=0.00 secs] 
197.795: [GC (Allocation Failure) [PSYoungGen: 229442K->15424K(236032K)] 323155K->109137K(498176K), 0.0016319 secs] [Times: user=0.00 sys=0.00, real=0.00 secs] 
198.993: [GC (Allocation Failure) [PSYoungGen: 224363K->15392K(236032K)] 318076K->160305K(498176K), 0.0050105 secs] [Times: user=0.00 sys=0.00, real=0.01 secs] 
200.305: [GC (Allocation Failure) [PSYoungGen: 224337K->10304K(236032K)] 369250K->155217K(498176K), 0.0009182 secs] [Times: user=0.00 sys=0.00, real=0.00 secs] 
201.285: [GC (Allocation Failure) [PSYoungGen: 219253K->11296K(236032K)] 364166K->156209K(498176K), 0.0010751 secs] [Times: user=0.00 sys=0.00, real=0.00 secs] 
202.271: [GC (Allocation Failure) [PSYoungGen: 133193K->11296K(236032K)] 278106K->207409K(498176K), 0.0050573 secs] [Times: user=0.00 sys=0.00, real=0.00 secs] 
202.276: [Full GC (Ergonomics) [PSYoungGen: 11296K->0K(236032K)] [ParOldGen: 196113K->62993K(262144K)] 207409K->62993K(498176K), [Metaspace: 2796K->2796K(1056768K)], 0.0055525 secs] [Times: user=0.00 sys=0.00, real=0.01 secs] 
204.908: [GC (Allocation Failure) [PSYoungGen: 198693K->25600K(236032K)] 261687K->88593K(498176K), 0.0015931 secs] [Times: user=0.00 sys=0.00, real=0.00 secs] 
206.110: [GC (Allocation Failure) [PSYoungGen: 234525K->25600K(236032K)] 297519K->88593K(498176K), 0.0018540 secs] [Times: user=0.00 sys=0.00, real=0.00 secs] 
207.094: [GC (Allocation Failure) [PSYoungGen: 234543K->25600K(236032K)] 297537K->109073K(498176K), 0.0032643 secs] [Times: user=0.00 sys=0.00, real=0.00 secs] 
208.842: [GC (Allocation Failure) [PSYoungGen: 234548K->10240K(236032K)] 318022K->144913K(498176K), 0.0048014 secs] [Times: user=0.00 sys=0.00, real=0.00 secs] 
209.828: [GC (Allocation Failure) [PSYoungGen: 219191K->10240K(236032K)] 353864K->247313K(498176K), 0.0161191 secs] [Times: user=0.01 sys=0.00, real=0.02 secs] 
209.844: [Full GC (Ergonomics) [PSYoungGen: 10240K->0K(236032K)] [ParOldGen: 237073K->164369K(262144K)] 247313K->164369K(498176K), [Metaspace: 2796K->2796K(1056768K)], 0.0120470 secs] [Times: user=0.00 sys=0.00, real=0.01 secs] 
210.840: [Full GC (Ergonomics) [PSYoungGen: 121913K->0K(236032K)] [ParOldGen: 164369K->215569K(262144K)] 286282K->215569K(498176K), [Metaspace: 2796K->2796K(1056768K)], 0.0054386 secs] [Times: user=0.00 sys=0.00, real=0.00 secs] 
212.271: [Full GC (Ergonomics) [PSYoungGen: 208918K->0K(236032K)] [ParOldGen: 215569K->57344K(262144K)] 424488K->57344K(498176K), [Metaspace: 2796K->2796K(1056768K)], 0.0054556 secs] [Times: user=0.00 sys=0.00, real=0.01 secs] 
213.597: [GC (Allocation Failure) [PSYoungGen: 178197K->21504K(236032K)] 235541K->89088K(498176K), 0.0024716 secs] [Times: user=0.00 sys=0.00, real=0.00 secs] 
215.454: [GC (Allocation Failure) [PSYoungGen: 230424K->10240K(236032K)] 298008K->77824K(498176K), 0.0011607 secs] [Times: user=0.00 sys=0.00, real=0.00 secs] 
216.544: [GC (Allocation Failure) [PSYoungGen: 137253K->25600K(236032K)] 204837K->144384K(498176K), 0.0156475 secs] [Times: user=0.00 sys=0.00, real=0.02 secs] 
217.863: [GC (Allocation Failure) [PSYoungGen: 203812K->25600K(236032K)] 322596K->169984K(498176K), 0.0034432 secs] [Times: user=0.00 sys=0.00, real=0.00 secs] 
Heap
 PSYoungGen      total 236032K, used 208000K [0x00000000f0000000, 0x0000000100000000, 0x0000000100000000)
  eden space 209920K, 86% used [0x00000000f0000000,0x00000000fb220038,0x00000000fcd00000)
  from space 26112K, 98% used [0x00000000fcd00000,0x00000000fe600020,0x00000000fe680000)
  to   space 26112K, 0% used [0x00000000fe680000,0x00000000fe680000,0x0000000100000000)
 ParOldGen       total 262144K, used 144384K [0x00000000e0000000, 0x00000000f0000000, 0x00000000f0000000)
  object space 262144K, 55% used [0x00000000e0000000,0x00000000e8d00060,0x00000000f0000000)
 Metaspace       used 2804K, capacity 4486K, committed 4864K, reserved 1056768K
  class space    used 297K, capacity 386K, committed 512K, reserved 1048576K
