Java HotSpot(TM) 64-Bit Server VM (25.411-b09) for windows-amd64 JRE (1.8.0_411-b09), built on Mar 13 2024 07:26:13 by "java_re" with MS VC++ 17.1 (VS2022)
Memory: 4k page, physical 33403376k(12977920k free), swap 37728072k(5719732k free)
CommandLine flags: -XX:InitialHeapSize=1073741824 -XX:MaxHeapSize=1073741824 -XX:NewRatio=3 -XX:ParallelGCThreads=6 -XX:+PrintGC -XX:+PrintGCDetails -XX:+PrintGCTimeStamps -XX:SurvivorRatio=5 -XX:-UseAdaptiveSizePolicy -XX:+UseCompressedClassPointers -XX:+UseCompressedOops -XX:-UseLargePagesIndividualAllocation -XX:+UseParallelGC 
2.626: [GC (Allocation Failure) [PSYoungGen: 183624K->22216K(224768K)] 286024K->124624K(1011200K), 0.0048156 secs] [Times: user=0.00 sys=0.00, real=0.01 secs] 
3.278: [GC (Allocation Failure) [PSYoungGen: 205164K->18128K(224768K)] 307572K->120536K(1011200K), 0.0034489 secs] [Times: user=0.00 sys=0.00, real=0.00 secs] 
6.475: [GC (Allocation Failure) [PSYoungGen: 201069K->26216K(224768K)] 405877K->231024K(1011200K), 0.0030315 secs] [Times: user=0.00 sys=0.00, real=0.00 secs] 
8.470: [GC (Allocation Failure) [PSYoungGen: 170073K->21096K(224768K)] 477281K->328312K(1011200K), 0.0028895 secs] [Times: user=0.00 sys=0.00, real=0.00 secs] 
9.452: [GC (Allocation Failure) [PSYoungGen: 204041K->10840K(224768K)] 511257K->369264K(1011200K), 0.0157168 secs] [Times: user=0.00 sys=0.00, real=0.02 secs] 
11.353: [GC (Allocation Failure) [PSYoungGen: 183534K->31320K(224768K)] 644358K->492144K(1011200K), 0.0038269 secs] [Times: user=0.00 sys=0.00, real=0.00 secs] 
12.546: [GC (Allocation Failure) [PSYoungGen: 209138K->16040K(224768K)] 669963K->476864K(1011200K), 0.0018986 secs] [Times: user=0.00 sys=0.00, real=0.00 secs] 
14.207: [GC (Allocation Failure) [PSYoungGen: 174587K->36472K(224768K)] 737811K->600728K(1011200K), 0.0034052 secs] [Times: user=0.00 sys=0.00, real=0.00 secs] 
15.187: [GC (Allocation Failure) [PSYoungGen: 219408K->26232K(224768K)] 783664K->590488K(1011200K), 0.0026918 secs] [Times: user=0.00 sys=0.00, real=0.00 secs] 
18.150: [GC (Allocation Failure) [PSYoungGen: 209160K->36456K(224768K)] 875816K->703120K(1011200K), 0.0039123 secs] [Times: user=0.00 sys=0.00, real=0.00 secs] 
20.033: [Full GC (Ergonomics) [PSYoungGen: 204031K->0K(224768K)] [ParOldGen: 769064K->51729K(786432K)] 973095K->51729K(1011200K), [Metaspace: 2770K->2770K(1056768K)], 0.0177731 secs] [Times: user=0.00 sys=0.00, real=0.02 secs] 
21.357: [GC (Allocation Failure) [PSYoungGen: 177819K->25600K(224768K)] 229548K->179729K(1011200K), 0.0159125 secs] [Times: user=0.00 sys=0.00, real=0.02 secs] 
22.357: [GC (Allocation Failure) [PSYoungGen: 208530K->11264K(224768K)] 362659K->165393K(1011200K), 0.0009250 secs] [Times: user=0.00 sys=0.00, real=0.00 secs] 
24.215: [GC (Allocation Failure) [PSYoungGen: 158348K->30720K(224768K)] 414877K->287249K(1011200K), 0.0029562 secs] [Times: user=0.00 sys=0.00, real=0.00 secs] 
25.196: [GC (Allocation Failure) [PSYoungGen: 213652K->20480K(224768K)] 470181K->277009K(1011200K), 0.0018881 secs] [Times: user=0.00 sys=0.00, real=0.00 secs] 
27.808: [GC (Allocation Failure) [PSYoungGen: 203406K->10240K(224768K)] 562335K->369169K(1011200K), 0.0009189 secs] [Times: user=0.00 sys=0.00, real=0.00 secs] 
29.877: [GC (Allocation Failure) [PSYoungGen: 193965K->30752K(224768K)] 655294K->543289K(1011200K), 0.0061658 secs] [Times: user=0.00 sys=0.00, real=0.01 secs] 
31.729: [GC (Allocation Failure) [PSYoungGen: 214714K->2112K(224768K)] 829651K->617049K(1011200K), 0.0012910 secs] [Times: user=0.00 sys=0.00, real=0.00 secs] 
34.019: [Full GC (Ergonomics) [PSYoungGen: 179934K->0K(224768K)] [ParOldGen: 717337K->28177K(786432K)] 897271K->28177K(1011200K), [Metaspace: 2793K->2793K(1056768K)], 0.0045813 secs] [Times: user=0.00 sys=0.00, real=0.00 secs] 
35.217: [GC (Allocation Failure) [PSYoungGen: 182943K->5120K(224768K)] 211121K->33297K(1011200K), 0.0006753 secs] [Times: user=0.00 sys=0.00, real=0.00 secs] 
36.963: [GC (Allocation Failure) [PSYoungGen: 172693K->35840K(224768K)] 303270K->186897K(1011200K), 0.0032375 secs] [Times: user=0.02 sys=0.00, real=0.00 secs] 
37.941: [GC (Allocation Failure) [PSYoungGen: 218778K->25600K(224768K)] 369835K->176657K(1011200K), 0.0018377 secs] [Times: user=0.00 sys=0.00, real=0.00 secs] 
39.798: [GC (Allocation Failure) [PSYoungGen: 188049K->25600K(224768K)] 339107K->176657K(1011200K), 0.0024939 secs] [Times: user=0.00 sys=0.00, real=0.00 secs] 
40.777: [GC (Allocation Failure) [PSYoungGen: 208522K->15360K(224768K)] 359579K->268817K(1011200K), 0.0156187 secs] [Times: user=0.00 sys=0.00, real=0.01 secs] 
43.952: [GC (Allocation Failure) [PSYoungGen: 199289K->21504K(224768K)] 555146K->377361K(1011200K), 0.0016871 secs] [Times: user=0.00 sys=0.00, real=0.00 secs] 
44.607: [GC (Allocation Failure) [PSYoungGen: 204423K->21504K(224768K)] 560281K->377361K(1011200K), 0.0017522 secs] [Times: user=0.00 sys=0.00, real=0.00 secs] 
46.896: [GC (Allocation Failure) [PSYoungGen: 183949K->20480K(224768K)] 642206K->499217K(1011200K), 0.0026282 secs] [Times: user=0.00 sys=0.00, real=0.00 secs] 
47.878: [GC (Allocation Failure) [PSYoungGen: 203413K->10240K(224768K)] 682150K->488977K(1011200K), 0.0011546 secs] [Times: user=0.00 sys=0.00, real=0.00 secs] 
49.733: [GC (Allocation Failure) [PSYoungGen: 182926K->30720K(224768K)] 764063K->663057K(1011200K), 0.0061801 secs] [Times: user=0.00 sys=0.00, real=0.01 secs] 
50.925: [GC (Allocation Failure) [PSYoungGen: 213653K->15360K(224768K)] 845991K->647697K(1011200K), 0.0017225 secs] [Times: user=0.00 sys=0.00, real=0.00 secs] 
52.559: [Full GC (Ergonomics) [PSYoungGen: 172686K->0K(224768K)] [ParOldGen: 734737K->32273K(786432K)] 907424K->32273K(1011200K), [Metaspace: 2795K->2795K(1056768K)], 0.0045418 secs] [Times: user=0.00 sys=0.00, real=0.00 secs] 
53.539: [GC (Allocation Failure) [PSYoungGen: 182934K->6144K(224768K)] 215207K->38417K(1011200K), 0.0007024 secs] [Times: user=0.00 sys=0.00, real=0.00 secs] 
56.593: [GC (Allocation Failure) [PSYoungGen: 189071K->30720K(224768K)] 323744K->165393K(1011200K), 0.0022180 secs] [Times: user=0.00 sys=0.00, real=0.00 secs] 
58.883: [GC (Allocation Failure) [PSYoungGen: 214678K->5120K(224768K)] 554151K->395793K(1011200K), 0.0044767 secs] [Times: user=0.02 sys=0.00, real=0.00 secs] 
60.959: [GC (Allocation Failure) [PSYoungGen: 172699K->20480K(224768K)] 665772K->513553K(1011200K), 0.0018088 secs] [Times: user=0.00 sys=0.00, real=0.00 secs] 
62.049: [GC (Allocation Failure) [PSYoungGen: 203422K->5120K(224768K)] 696495K->498193K(1011200K), 0.0011101 secs] [Times: user=0.00 sys=0.00, real=0.00 secs] 
63.901: [GC (Allocation Failure) [PSYoungGen: 177812K->36864K(224768K)] 773285K->632337K(1011200K), 0.0032856 secs] [Times: user=0.00 sys=0.00, real=0.00 secs] 
64.882: [GC (Allocation Failure) [PSYoungGen: 219801K->26624K(224768K)] 815275K->622097K(1011200K), 0.0023408 secs] [Times: user=0.00 sys=0.00, real=0.00 secs] 
67.819: [GC (Allocation Failure) [PSYoungGen: 209553K->35840K(224768K)] 907426K->733713K(1011200K), 0.0029123 secs] [Times: user=0.00 sys=0.00, real=0.00 secs] 
68.255: [GC (Allocation Failure) --[PSYoungGen: 131735K->131735K(224768K)] 829609K->880809K(1011200K), 0.0057418 secs] [Times: user=0.00 sys=0.00, real=0.00 secs] 
68.260: [Full GC (Ergonomics) [PSYoungGen: 131735K->0K(224768K)] [ParOldGen: 749073K->82944K(786432K)] 880809K->82944K(1011200K), [Metaspace: 2796K->2796K(1056768K)], 0.0078744 secs] [Times: user=0.03 sys=0.00, real=0.01 secs] 
70.124: [GC (Allocation Failure) [PSYoungGen: 183941K->5120K(224768K)] 369285K->190464K(1011200K), 0.0007578 secs] [Times: user=0.00 sys=0.00, real=0.00 secs] 
72.313: [GC (Allocation Failure) [PSYoungGen: 177808K->21504K(224768K)] 465552K->309248K(1011200K), 0.0017172 secs] [Times: user=0.00 sys=0.00, real=0.00 secs] 
73.514: [GC (Allocation Failure) [PSYoungGen: 204438K->5120K(224768K)] 492183K->292864K(1011200K), 0.0007841 secs] [Times: user=0.00 sys=0.00, real=0.00 secs] 
75.249: [GC (Allocation Failure) [PSYoungGen: 172687K->25600K(224768K)] 562831K->436224K(1011200K), 0.0034994 secs] [Times: user=0.00 sys=0.00, real=0.00 secs] 
76.234: [GC (Allocation Failure) [PSYoungGen: 208534K->35840K(224768K)] 619158K->446464K(1011200K), 0.0033015 secs] [Times: user=0.00 sys=0.00, real=0.00 secs] 
78.854: [GC (Allocation Failure) [PSYoungGen: 218767K->10240K(224768K)] 731791K->574464K(1011200K), 0.0056030 secs] [Times: user=0.00 sys=0.00, real=0.01 secs] 
82.120: [Full GC (Ergonomics) [PSYoungGen: 189078K->0K(224768K)] [ParOldGen: 769024K->17408K(786432K)] 958102K->17408K(1011200K), [Metaspace: 2796K->2796K(1056768K)], 0.0036234 secs] [Times: user=0.00 sys=0.00, real=0.00 secs] 
83.751: [GC (Allocation Failure) [PSYoungGen: 157339K->31744K(224768K)] 277147K->151552K(1011200K), 0.0025008 secs] [Times: user=0.00 sys=0.00, real=0.00 secs] 
85.059: [GC (Allocation Failure) [PSYoungGen: 214686K->20480K(224768K)] 334494K->140288K(1011200K), 0.0017792 secs] [Times: user=0.00 sys=0.00, real=0.00 secs] 
85.711: [GC (Allocation Failure) [PSYoungGen: 203412K->15360K(224768K)] 323220K->135168K(1011200K), 0.0013071 secs] [Times: user=0.00 sys=0.00, real=0.00 secs] 
87.885: [GC (Allocation Failure) [PSYoungGen: 188045K->30720K(224768K)] 410253K->273408K(1011200K), 0.0037722 secs] [Times: user=0.02 sys=0.00, real=0.00 secs] 
89.406: [GC (Allocation Failure) [PSYoungGen: 167573K->25600K(224768K)] 410261K->268288K(1011200K), 0.0025469 secs] [Times: user=0.00 sys=0.00, real=0.00 secs] 
90.391: [GC (Allocation Failure) [PSYoungGen: 208522K->15360K(224768K)] 451210K->360448K(1011200K), 0.0161500 secs] [Times: user=0.00 sys=0.00, real=0.02 secs] 
93.564: [GC (Allocation Failure) [PSYoungGen: 199288K->21504K(224768K)] 646777K->468992K(1011200K), 0.0017477 secs] [Times: user=0.00 sys=0.00, real=0.00 secs] 
94.218: [GC (Allocation Failure) [PSYoungGen: 204423K->21504K(224768K)] 651911K->468992K(1011200K), 0.0021288 secs] [Times: user=0.00 sys=0.00, real=0.00 secs] 
96.502: [GC (Allocation Failure) [PSYoungGen: 183949K->20480K(224768K)] 733837K->590848K(1011200K), 0.0033926 secs] [Times: user=0.00 sys=0.00, real=0.00 secs] 
97.480: [GC (Allocation Failure) [PSYoungGen: 203413K->10240K(224768K)] 773781K->580608K(1011200K), 0.0017541 secs] [Times: user=0.00 sys=0.00, real=0.00 secs] 
99.332: [GC (Allocation Failure) [PSYoungGen: 182926K->30720K(224768K)] 855694K->754688K(1011200K), 0.0062479 secs] [Times: user=0.00 sys=0.00, real=0.01 secs] 
99.338: [Full GC (Ergonomics) [PSYoungGen: 30720K->0K(224768K)] [ParOldGen: 723968K->102929K(786432K)] 754688K->102929K(1011200K), [Metaspace: 2796K->2796K(1056768K)], 0.0108650 secs] [Times: user=0.00 sys=0.00, real=0.01 secs] 
100.544: [GC (Allocation Failure) [PSYoungGen: 182933K->15360K(224768K)] 285863K->118289K(1011200K), 0.0014781 secs] [Times: user=0.00 sys=0.00, real=0.00 secs] 
102.177: [GC (Allocation Failure) [PSYoungGen: 172672K->31744K(224768K)] 378001K->237073K(1011200K), 0.0025651 secs] [Times: user=0.00 sys=0.00, real=0.00 secs] 
103.154: [GC (Allocation Failure) [PSYoungGen: 214668K->17408K(224768K)] 419998K->222737K(1011200K), 0.0014927 secs] [Times: user=0.00 sys=0.00, real=0.00 secs] 
106.209: [GC (Allocation Failure) [PSYoungGen: 200329K->30720K(224768K)] 508058K->338449K(1011200K), 0.0023204 secs] [Times: user=0.00 sys=0.00, real=0.00 secs] 
108.492: [GC (Allocation Failure) [PSYoungGen: 214674K->5120K(224768K)] 727203K->568849K(1011200K), 0.0046055 secs] [Times: user=0.02 sys=0.00, real=0.01 secs] 
110.567: [GC (Allocation Failure) [PSYoungGen: 172696K->20480K(224768K)] 838826K->686609K(1011200K), 0.0020529 secs] [Times: user=0.00 sys=0.00, real=0.00 secs] 
111.657: [GC (Allocation Failure) [PSYoungGen: 203420K->5120K(224768K)] 869549K->671249K(1011200K), 0.0015371 secs] [Times: user=0.00 sys=0.00, real=0.00 secs] 
113.513: [Full GC (Ergonomics) [PSYoungGen: 177811K->0K(224768K)] [ParOldGen: 768529K->37888K(786432K)] 946340K->37888K(1011200K), [Metaspace: 2796K->2796K(1056768K)], 0.0055502 secs] [Times: user=0.00 sys=0.00, real=0.01 secs] 
114.492: [GC (Allocation Failure) [PSYoungGen: 182936K->10240K(224768K)] 220825K->48128K(1011200K), 0.0008638 secs] [Times: user=0.00 sys=0.00, real=0.00 secs] 
117.432: [GC (Allocation Failure) [PSYoungGen: 193168K->35840K(224768K)] 333457K->176128K(1011200K), 0.0026679 secs] [Times: user=0.00 sys=0.00, real=0.00 secs] 
119.944: [GC (Allocation Failure) [PSYoungGen: 219799K->5120K(224768K)] 564887K->350208K(1011200K), 0.0010025 secs] [Times: user=0.00 sys=0.00, real=0.00 secs] 
122.013: [GC (Allocation Failure) [PSYoungGen: 188059K->31744K(224768K)] 635548K->479232K(1011200K), 0.0030737 secs] [Times: user=0.00 sys=0.00, real=0.00 secs] 
123.321: [GC (Allocation Failure) [PSYoungGen: 214686K->20480K(224768K)] 662174K->467968K(1011200K), 0.0018452 secs] [Times: user=0.00 sys=0.00, real=0.00 secs] 
123.978: [GC (Allocation Failure) [PSYoungGen: 203412K->20480K(224768K)] 650900K->467968K(1011200K), 0.0021350 secs] [Times: user=0.00 sys=0.00, real=0.00 secs] 
126.157: [GC (Allocation Failure) [PSYoungGen: 193166K->35840K(224768K)] 743054K->590848K(1011200K), 0.0032371 secs] [Times: user=0.00 sys=0.00, real=0.00 secs] 
128.882: [GC (Allocation Failure) [PSYoungGen: 218773K->20480K(224768K)] 876181K->729088K(1011200K), 0.0056030 secs] [Times: user=0.02 sys=0.00, real=0.00 secs] 
129.208: [GC (Allocation Failure) [PSYoungGen: 106138K->10240K(224768K)] 814746K->770048K(1011200K), 0.0059770 secs] [Times: user=0.00 sys=0.00, real=0.01 secs] 
129.214: [Full GC (Ergonomics) [PSYoungGen: 10240K->0K(224768K)] [ParOldGen: 759808K->113169K(786432K)] 770048K->113169K(1011200K), [Metaspace: 2796K->2796K(1056768K)], 0.0102515 secs] [Times: user=0.00 sys=0.00, real=0.01 secs] 
131.845: [GC (Allocation Failure) [PSYoungGen: 183962K->16384K(224768K)] 399532K->231953K(1011200K), 0.0014599 secs] [Times: user=0.00 sys=0.00, real=0.00 secs] 
132.500: [GC (Allocation Failure) [PSYoungGen: 199325K->12288K(224768K)] 414895K->227857K(1011200K), 0.0016092 secs] [Times: user=0.00 sys=0.00, real=0.00 secs] 
134.795: [GC (Allocation Failure) [PSYoungGen: 179867K->30720K(224768K)] 497836K->348689K(1011200K), 0.0024864 secs] [Times: user=0.00 sys=0.00, real=0.00 secs] 
135.780: [GC (Allocation Failure) [PSYoungGen: 213662K->20480K(224768K)] 531631K->338449K(1011200K), 0.0017887 secs] [Times: user=0.00 sys=0.00, real=0.00 secs] 
137.633: [GC (Allocation Failure) [PSYoungGen: 193172K->35840K(224768K)] 613541K->481809K(1011200K), 0.0039164 secs] [Times: user=0.00 sys=0.00, real=0.00 secs] 
139.817: [GC (Allocation Failure) [PSYoungGen: 218777K->10240K(224768K)] 767147K->558609K(1011200K), 0.0009885 secs] [Times: user=0.00 sys=0.00, real=0.00 secs] 
143.086: [GC (Allocation Failure) [PSYoungGen: 194205K->21504K(224768K)] 844975K->672273K(1011200K), 0.0014971 secs] [Times: user=0.00 sys=0.00, real=0.00 secs] 
144.721: [Full GC (Ergonomics) [PSYoungGen: 178847K->0K(224768K)] [ParOldGen: 753169K->48128K(786432K)] 932017K->48128K(1011200K), [Metaspace: 2796K->2796K(1056768K)], 0.0053450 secs] [Times: user=0.00 sys=0.00, real=0.00 secs] 
146.043: [GC (Allocation Failure) [PSYoungGen: 177825K->10240K(224768K)] 225953K->58368K(1011200K), 0.0013897 secs] [Times: user=0.00 sys=0.00, real=0.00 secs] 
146.698: [GC (Allocation Failure) [PSYoungGen: 193173K->25600K(224768K)] 241301K->73728K(1011200K), 0.0021102 secs] [Times: user=0.00 sys=0.00, real=0.00 secs] 
148.879: [GC (Allocation Failure) [PSYoungGen: 198286K->30720K(224768K)] 348814K->242688K(1011200K), 0.0062756 secs] [Times: user=0.00 sys=0.00, real=0.00 secs] 
149.865: [GC (Allocation Failure) [PSYoungGen: 213654K->5120K(224768K)] 425622K->217088K(1011200K), 0.0008688 secs] [Times: user=0.00 sys=0.00, real=0.00 secs] 
151.827: [GC (Allocation Failure) [PSYoungGen: 182927K->31744K(224768K)] 497295K->346112K(1011200K), 0.0026197 secs] [Times: user=0.00 sys=0.00, real=0.00 secs] 
152.808: [GC (Allocation Failure) [PSYoungGen: 214678K->17408K(224768K)] 529046K->331776K(1011200K), 0.0014589 secs] [Times: user=0.00 sys=0.00, real=0.00 secs] 
155.858: [GC (Allocation Failure) [PSYoungGen: 200335K->30720K(224768K)] 617103K->447488K(1011200K), 0.0023803 secs] [Times: user=0.00 sys=0.00, real=0.00 secs] 
158.157: [GC (Allocation Failure) [PSYoungGen: 214678K->5120K(224768K)] 836246K->677888K(1011200K), 0.0053528 secs] [Times: user=0.00 sys=0.00, real=0.01 secs] 
160.232: [Full GC (Ergonomics) [PSYoungGen: 172699K->0K(224768K)] [ParOldGen: 775168K->174609K(786432K)] 947867K->174609K(1011200K), [Metaspace: 2796K->2796K(1056768K)], 0.0141238 secs] [Times: user=0.00 sys=0.00, real=0.01 secs] 
161.339: [GC (Allocation Failure) [PSYoungGen: 182942K->5120K(224768K)] 357551K->179729K(1011200K), 0.0007450 secs] [Times: user=0.00 sys=0.00, real=0.00 secs] 
163.197: [GC (Allocation Failure) [PSYoungGen: 177812K->36864K(224768K)] 454821K->313873K(1011200K), 0.0028594 secs] [Times: user=0.00 sys=0.00, real=0.00 secs] 
164.174: [GC (Allocation Failure) [PSYoungGen: 219801K->26624K(224768K)] 496811K->303633K(1011200K), 0.0020562 secs] [Times: user=0.00 sys=0.00, real=0.00 secs] 
167.109: [GC (Allocation Failure) [PSYoungGen: 209553K->35840K(224768K)] 588962K->415249K(1011200K), 0.0030836 secs] [Times: user=0.00 sys=0.00, real=0.00 secs] 
169.612: [GC (Allocation Failure) [PSYoungGen: 219799K->5120K(224768K)] 804009K->589329K(1011200K), 0.0009097 secs] [Times: user=0.00 sys=0.00, real=0.00 secs] 
171.683: [GC (Allocation Failure) [PSYoungGen: 188060K->31744K(224768K)] 874669K->718353K(1011200K), 0.0026312 secs] [Times: user=0.00 sys=0.00, real=0.00 secs] 
172.993: [GC (Allocation Failure) [PSYoungGen: 214686K->20480K(224768K)] 901296K->707089K(1011200K), 0.0017569 secs] [Times: user=0.00 sys=0.00, real=0.00 secs] 
173.647: [GC (Allocation Failure) [PSYoungGen: 203412K->20480K(224768K)] 890021K->707089K(1011200K), 0.0016366 secs] [Times: user=0.00 sys=0.00, real=0.00 secs] 
174.631: [GC (Allocation Failure) [PSYoungGen: 141965K->25600K(224768K)] 828575K->763409K(1011200K), 0.0071918 secs] [Times: user=0.02 sys=0.00, real=0.01 secs] 
174.639: [Full GC (Ergonomics) [PSYoungGen: 25600K->0K(224768K)] [ParOldGen: 737809K->77329K(786432K)] 763409K->77329K(1011200K), [Metaspace: 2796K->2796K(1056768K)], 0.0073176 secs] [Times: user=0.00 sys=0.00, real=0.01 secs] 
176.603: [GC (Allocation Failure) [PSYoungGen: 182915K->5120K(224768K)] 260244K->82449K(1011200K), 0.0006691 secs] [Times: user=0.00 sys=0.00, real=0.00 secs] 
178.673: [GC (Allocation Failure) [PSYoungGen: 172660K->20480K(224768K)] 352389K->251409K(1011200K), 0.0158524 secs] [Times: user=0.00 sys=0.00, real=0.02 secs] 
179.339: [GC (Allocation Failure) [PSYoungGen: 203396K->15360K(224768K)] 434326K->348689K(1011200K), 0.0157158 secs] [Times: user=0.00 sys=0.00, real=0.02 secs] 
181.537: [GC (Allocation Failure) [PSYoungGen: 193156K->16384K(224768K)] 526485K->349713K(1011200K), 0.0014569 secs] [Times: user=0.00 sys=0.00, real=0.00 secs] 
182.190: [GC (Allocation Failure) [PSYoungGen: 199298K->12288K(224768K)] 532628K->345617K(1011200K), 0.0012392 secs] [Times: user=0.00 sys=0.00, real=0.00 secs] 
184.477: [GC (Allocation Failure) [PSYoungGen: 179842K->30720K(224768K)] 615572K->466449K(1011200K), 0.0027114 secs] [Times: user=0.00 sys=0.00, real=0.00 secs] 
185.459: [GC (Allocation Failure) [PSYoungGen: 213646K->20480K(224768K)] 649375K->456209K(1011200K), 0.0016607 secs] [Times: user=0.00 sys=0.00, real=0.00 secs] 
187.309: [GC (Allocation Failure) [PSYoungGen: 193162K->35840K(224768K)] 731291K->599569K(1011200K), 0.0045475 secs] [Times: user=0.00 sys=0.00, real=0.00 secs] 
189.484: [GC (Allocation Failure) [PSYoungGen: 218771K->10240K(224768K)] 884900K->676369K(1011200K), 0.0011983 secs] [Times: user=0.00 sys=0.00, real=0.00 secs] 
192.751: [Full GC (Ergonomics) [PSYoungGen: 194201K->0K(224768K)] [ParOldGen: 768529K->12288K(786432K)] 962730K->12288K(1011200K), [Metaspace: 2796K->2796K(1056768K)], 0.0031741 secs] [Times: user=0.00 sys=0.00, real=0.00 secs] 
194.391: [GC (Allocation Failure) [PSYoungGen: 157340K->35872K(224768K)] 272028K->150560K(1011200K), 0.0029702 secs] [Times: user=0.00 sys=0.00, real=0.00 secs] 
195.694: [GC (Allocation Failure) [PSYoungGen: 213695K->10272K(224768K)] 328383K->124960K(1011200K), 0.0012306 secs] [Times: user=0.00 sys=0.00, real=0.00 secs] 
196.347: [GC (Allocation Failure) [PSYoungGen: 193204K->25632K(224768K)] 307892K->140320K(1011200K), 0.0023518 secs] [Times: user=0.00 sys=0.00, real=0.00 secs] 
198.530: [GC (Allocation Failure) [PSYoungGen: 198318K->30784K(224768K)] 415406K->309312K(1011200K), 0.0156253 secs] [Times: user=0.00 sys=0.00, real=0.02 secs] 
199.526: [GC (Allocation Failure) [PSYoungGen: 213717K->5152K(224768K)] 492245K->283680K(1011200K), 0.0010467 secs] [Times: user=0.09 sys=0.00, real=0.00 secs] 
201.484: [GC (Allocation Failure) [PSYoungGen: 182958K->31776K(224768K)] 563886K->412704K(1011200K), 0.0026110 secs] [Times: user=0.00 sys=0.00, real=0.00 secs] 
202.465: [GC (Allocation Failure) [PSYoungGen: 214710K->17440K(224768K)] 595638K->398368K(1011200K), 0.0014835 secs] [Times: user=0.00 sys=0.00, real=0.00 secs] 
205.521: [GC (Allocation Failure) [PSYoungGen: 200367K->30784K(224768K)] 683695K->514112K(1011200K), 0.0026339 secs] [Times: user=0.00 sys=0.00, real=0.00 secs] 
207.809: [GC (Allocation Failure) [PSYoungGen: 214742K->5184K(224768K)] 902870K->744512K(1011200K), 0.0051146 secs] [Times: user=0.00 sys=0.00, real=0.01 secs] 
207.814: [Full GC (Ergonomics) [PSYoungGen: 5184K->0K(224768K)] [ParOldGen: 739328K->56849K(786432K)] 744512K->56849K(1011200K), [Metaspace: 2796K->2796K(1056768K)], 0.0059760 secs] [Times: user=0.00 sys=0.00, real=0.01 secs] 
209.897: [GC (Allocation Failure) [PSYoungGen: 167579K->20480K(224768K)] 326828K->179729K(1011200K), 0.0017749 secs] [Times: user=0.00 sys=0.00, real=0.00 secs] 
210.987: [GC (Allocation Failure) [PSYoungGen: 203422K->5120K(224768K)] 362671K->164369K(1011200K), 0.0009618 secs] [Times: user=0.00 sys=0.00, real=0.00 secs] 
212.840: [GC (Allocation Failure) [PSYoungGen: 177812K->36864K(224768K)] 439462K->298513K(1011200K), 0.0026119 secs] [Times: user=0.00 sys=0.00, real=0.00 secs] 
213.822: [GC (Allocation Failure) [PSYoungGen: 219801K->26624K(224768K)] 481451K->288273K(1011200K), 0.0018727 secs] [Times: user=0.00 sys=0.00, real=0.00 secs] 
216.753: [GC (Allocation Failure) [PSYoungGen: 209553K->35840K(224768K)] 573603K->399889K(1011200K), 0.0030096 secs] [Times: user=0.00 sys=0.00, real=0.00 secs] 
Heap
 PSYoungGen      total 224768K, used 155964K [0x00000000f0000000, 0x0000000100000000, 0x0000000100000000)
  eden space 187392K, 64% used [0x00000000f0000000,0x00000000f754efe0,0x00000000fb700000)
  from space 37376K, 95% used [0x00000000fdb80000,0x00000000ffe80040,0x0000000100000000)
  to   space 37376K, 0% used [0x00000000fb700000,0x00000000fb700000,0x00000000fdb80000)
 ParOldGen       total 786432K, used 466449K [0x00000000c0000000, 0x00000000f0000000, 0x00000000f0000000)
  object space 786432K, 59% used [0x00000000c0000000,0x00000000dc784740,0x00000000f0000000)
 Metaspace       used 2804K, capacity 4486K, committed 4864K, reserved 1056768K
  class space    used 297K, capacity 386K, committed 512K, reserved 1048576K
