Java HotSpot(TM) 64-Bit Server VM (25.411-b09) for windows-amd64 JRE (1.8.0_411-b09), built on Mar 13 2024 07:26:13 by "java_re" with MS VC++ 17.1 (VS2022)
Memory: 4k page, physical 33403376k(14373932k free), swap 36670664k(7321092k free)
CommandLine flags: -XX:InitialHeapSize=536870912 -XX:MaxHeapSize=536870912 -XX:NewRatio=9 -XX:ParallelGCThreads=6 -XX:+PrintGC -XX:+PrintGCDetails -XX:+PrintGCTimeStamps -XX:SurvivorRatio=2 -XX:-UseAdaptiveSizePolicy -XX:+UseCompressedClassPointers -XX:+UseCompressedOops -XX:-UseLargePagesIndividualAllocation -XX:+UseParallelGC 
0.712: [GC (Allocation Failure) [PSYoungGen: 24125K->5840K(39424K)] 24125K->5848K(511488K), 0.0023600 secs] [Times: user=0.00 sys=0.00, real=0.00 secs] 
1.039: [GC (Allocation Failure) [PSYoungGen: 26840K->10976K(39424K)] 26848K->16104K(511488K), 0.0043543 secs] [Times: user=0.00 sys=0.00, real=0.00 secs] 
1.957: [GC (Allocation Failure) [PSYoungGen: 34026K->6848K(39424K)] 213234K->186056K(511488K), 0.0010824 secs] [Times: user=0.00 sys=0.00, real=0.00 secs] 
2.396: [GC (Allocation Failure) [PSYoungGen: 27853K->11896K(39424K)] 207061K->191104K(511488K), 0.0011220 secs] [Times: user=0.00 sys=0.00, real=0.00 secs] 
3.204: [GC (Allocation Failure) [PSYoungGen: 34947K->8880K(39424K)] 388235K->362168K(511488K), 0.0015923 secs] [Times: user=0.00 sys=0.00, real=0.00 secs] 
3.750: [GC (Allocation Failure) [PSYoungGen: 35006K->12792K(39424K)] 388294K->366128K(511488K), 0.0016967 secs] [Times: user=0.00 sys=0.00, real=0.00 secs] 
4.735: [GC (Allocation Failure) [PSYoungGen: 34821K->10792K(39424K)] 388157K->364128K(511488K), 0.0018036 secs] [Times: user=0.00 sys=0.00, real=0.00 secs] 
5.281: [GC (Allocation Failure) [PSYoungGen: 36915K->10840K(39424K)] 390251K->364176K(511488K), 0.0011084 secs] [Times: user=0.00 sys=0.00, real=0.00 secs] 
5.732: [GC (Allocation Failure) [PSYoungGen: 31842K->10808K(39424K)] 456859K->440944K(511488K), 0.0023907 secs] [Times: user=0.00 sys=0.00, real=0.00 secs] 
5.735: [GC (Allocation Failure) [PSYoungGen: 10808K->10872K(39424K)] 440944K->441008K(511488K), 0.0012242 secs] [Times: user=0.00 sys=0.00, real=0.00 secs] 
5.736: [Full GC (Allocation Failure) [PSYoungGen: 10872K->0K(39424K)] [ParOldGen: 430136K->67088K(472064K)] 441008K->67088K(511488K), [Metaspace: 2753K->2753K(1056768K)], 0.0109310 secs] [Times: user=0.00 sys=0.00, real=0.01 secs] 
6.515: [GC (Allocation Failure) [PSYoungGen: 23054K->10240K(39424K)] 192543K->179728K(511488K), 0.0009971 secs] [Times: user=0.00 sys=0.00, real=0.00 secs] 
6.844: [GC (Allocation Failure) [PSYoungGen: 31248K->10240K(39424K)] 200737K->184848K(511488K), 0.0016608 secs] [Times: user=0.00 sys=0.00, real=0.00 secs] 
7.718: [GC (Allocation Failure) [PSYoungGen: 33559K->5152K(39424K)] 382248K->353848K(511488K), 0.0015836 secs] [Times: user=0.02 sys=0.00, real=0.00 secs] 
8.587: [GC (Allocation Failure) [PSYoungGen: 31279K->32K(39424K)] 431176K->399928K(511488K), 0.0010656 secs] [Times: user=0.00 sys=0.00, real=0.00 secs] 
8.588: [GC (Allocation Failure) [PSYoungGen: 32K->32K(39424K)] 399928K->399928K(511488K), 0.0012344 secs] [Times: user=0.00 sys=0.00, real=0.00 secs] 
8.589: [Full GC (Allocation Failure) [PSYoungGen: 32K->0K(39424K)] [ParOldGen: 399896K->51728K(472064K)] 399928K->51728K(511488K), [Metaspace: 2759K->2759K(1056768K)], 0.0052153 secs] [Times: user=0.02 sys=0.00, real=0.00 secs] 
9.370: [GC (Allocation Failure) [PSYoungGen: 23057K->10240K(39424K)] 177186K->164368K(511488K), 0.0008564 secs] [Times: user=0.00 sys=0.00, real=0.00 secs] 
9.698: [GC (Allocation Failure) [PSYoungGen: 31250K->10240K(39424K)] 185379K->169488K(511488K), 0.0014059 secs] [Times: user=0.00 sys=0.00, real=0.00 secs] 
10.571: [GC (Allocation Failure) [PSYoungGen: 33294K->5120K(39424K)] 366623K->338448K(511488K), 0.0011055 secs] [Times: user=0.00 sys=0.00, real=0.00 secs] 
11.007: [GC (Allocation Failure) [PSYoungGen: 26128K->10240K(39424K)] 359457K->343568K(511488K), 0.0012500 secs] [Times: user=0.00 sys=0.00, real=0.00 secs] 
11.442: [GC (Allocation Failure) [PSYoungGen: 31245K->5120K(39424K)] 436254K->410129K(511488K), 0.0009614 secs] [Times: user=0.00 sys=0.00, real=0.00 secs] 
11.443: [GC (Allocation Failure) [PSYoungGen: 5120K->5120K(39424K)] 410129K->410129K(511488K), 0.0008951 secs] [Times: user=0.00 sys=0.00, real=0.00 secs] 
11.444: [Full GC (Allocation Failure) [PSYoungGen: 5120K->0K(39424K)] [ParOldGen: 405008K->215568K(472064K)] 410129K->215568K(511488K), [Metaspace: 2761K->2761K(1056768K)], 0.0119463 secs] [Times: user=0.02 sys=0.00, real=0.01 secs] 
12.551: [GC (Allocation Failure) [PSYoungGen: 22031K->10240K(39424K)] 340000K->333328K(511488K), 0.0015342 secs] [Times: user=0.00 sys=0.00, real=0.00 secs] 
12.878: [GC (Allocation Failure) [PSYoungGen: 21182K->32K(39424K)] 415951K->394809K(511488K), 0.0009272 secs] [Times: user=0.00 sys=0.00, real=0.00 secs] 
12.879: [GC (Allocation Failure) [PSYoungGen: 32K->96K(39424K)] 394809K->394873K(511488K), 0.0008604 secs] [Times: user=0.00 sys=0.00, real=0.00 secs] 
12.880: [Full GC (Allocation Failure) [PSYoungGen: 96K->0K(39424K)] [ParOldGen: 394777K->56849K(472064K)] 394873K->56849K(511488K), [Metaspace: 2763K->2763K(1056768K)], 0.0048455 secs] [Times: user=0.00 sys=0.00, real=0.01 secs] 
13.658: [GC (Allocation Failure) [PSYoungGen: 23057K->6144K(39424K)] 182306K->165393K(511488K), 0.0008496 secs] [Times: user=0.00 sys=0.00, real=0.00 secs] 
13.985: [GC (Allocation Failure) [PSYoungGen: 27154K->11264K(39424K)] 186403K->180753K(511488K), 0.0014546 secs] [Times: user=0.00 sys=0.00, real=0.00 secs] 
14.860: [GC (Allocation Failure) [PSYoungGen: 34318K->11264K(39424K)] 377887K->354833K(511488K), 0.0011687 secs] [Times: user=0.00 sys=0.00, real=0.00 secs] 
15.295: [GC (Allocation Failure) [PSYoungGen: 32272K->11264K(39424K)] 375841K->354833K(511488K), 0.0013321 secs] [Times: user=0.00 sys=0.00, real=0.00 secs] 
16.168: [GC (Allocation Failure) [PSYoungGen: 37389K->5120K(39424K)] 380958K->348689K(511488K), 0.0009661 secs] [Times: user=0.00 sys=0.00, real=0.00 secs] 
16.714: [GC (Allocation Failure) [PSYoungGen: 31244K->10240K(39424K)] 374813K->353809K(511488K), 0.0010418 secs] [Times: user=0.00 sys=0.00, real=0.00 secs] 
17.152: [GC (Allocation Failure) [PSYoungGen: 31243K->5120K(39424K)] 446492K->420369K(511488K), 0.0012969 secs] [Times: user=0.00 sys=0.00, real=0.00 secs] 
17.154: [GC (Allocation Failure) [PSYoungGen: 5120K->5120K(39424K)] 420369K->420369K(511488K), 0.0007734 secs] [Times: user=0.00 sys=0.00, real=0.00 secs] 
17.154: [Full GC (Allocation Failure) [PSYoungGen: 5120K->0K(39424K)] [ParOldGen: 415249K->77329K(472064K)] 420369K->77329K(511488K), [Metaspace: 2768K->2768K(1056768K)], 0.0067332 secs] [Times: user=0.00 sys=0.00, real=0.01 secs] 
17.936: [GC (Allocation Failure) [PSYoungGen: 23054K->10240K(39424K)] 202783K->189969K(511488K), 0.0010408 secs] [Times: user=0.00 sys=0.00, real=0.00 secs] 
18.265: [GC (Allocation Failure) [PSYoungGen: 31248K->10240K(39424K)] 210977K->195089K(511488K), 0.0014581 secs] [Times: user=0.06 sys=0.00, real=0.00 secs] 
19.144: [GC (Allocation Failure) [PSYoungGen: 33293K->5120K(39424K)] 392222K->364049K(511488K), 0.0008877 secs] [Times: user=0.00 sys=0.00, real=0.00 secs] 
20.017: [GC (Allocation Failure) [PSYoungGen: 15887K->0K(39424K)] 426017K->410129K(511488K), 0.0008087 secs] [Times: user=0.00 sys=0.00, real=0.00 secs] 
20.018: [GC (Allocation Failure) [PSYoungGen: 0K->0K(39424K)] 410129K->410129K(511488K), 0.0008541 secs] [Times: user=0.00 sys=0.00, real=0.00 secs] 
20.019: [Full GC (Allocation Failure) [PSYoungGen: 0K->0K(39424K)] [ParOldGen: 410129K->51729K(472064K)] 410129K->51729K(511488K), [Metaspace: 2770K->2770K(1056768K)], 0.0049082 secs] [Times: user=0.00 sys=0.00, real=0.01 secs] 
20.797: [GC (Allocation Failure) [PSYoungGen: 23055K->5120K(39424K)] 177185K->159249K(511488K), 0.0008868 secs] [Times: user=0.00 sys=0.00, real=0.00 secs] 
21.124: [GC (Allocation Failure) [PSYoungGen: 26129K->10240K(39424K)] 180258K->169489K(511488K), 0.0013348 secs] [Times: user=0.02 sys=0.00, real=0.00 secs] 
21.995: [GC (Allocation Failure) [PSYoungGen: 33293K->6144K(39424K)] 366623K->339473K(511488K), 0.0009562 secs] [Times: user=0.00 sys=0.00, real=0.00 secs] 
22.430: [GC (Allocation Failure) [PSYoungGen: 27152K->11264K(39424K)] 360481K->344593K(511488K), 0.0009702 secs] [Times: user=0.00 sys=0.00, real=0.00 secs] 
22.866: [GC (Allocation Failure) [PSYoungGen: 32269K->6144K(39424K)] 437278K->411153K(511488K), 0.0008846 secs] [Times: user=0.00 sys=0.00, real=0.00 secs] 
22.867: [GC (Allocation Failure) [PSYoungGen: 6144K->6144K(39424K)] 411153K->411153K(511488K), 0.0008733 secs] [Times: user=0.00 sys=0.00, real=0.00 secs] 
22.867: [Full GC (Allocation Failure) [PSYoungGen: 6144K->0K(39424K)] [ParOldGen: 405009K->165393K(472064K)] 411153K->165393K(511488K), [Metaspace: 2779K->2779K(1056768K)], 0.0122338 secs] [Times: user=0.00 sys=0.00, real=0.01 secs] 
23.971: [GC (Allocation Failure) [PSYoungGen: 17935K->10240K(39424K)] 285728K->288273K(511488K), 0.0016332 secs] [Times: user=0.00 sys=0.00, real=0.00 secs] 
24.858: [Full GC (Ergonomics) [PSYoungGen: 33297K->0K(39424K)] [ParOldGen: 452113K->21009K(472064K)] 485410K->21009K(511488K), [Metaspace: 2779K->2779K(1056768K)], 0.0034570 secs] [Times: user=0.02 sys=0.00, real=0.00 secs] 
25.294: [GC (Allocation Failure) [PSYoungGen: 21010K->5120K(39424K)] 42019K->26129K(511488K), 0.0007556 secs] [Times: user=0.00 sys=0.00, real=0.00 secs] 
26.060: [GC (Allocation Failure) [PSYoungGen: 28174K->11264K(39424K)] 223263K->206353K(511488K), 0.0012521 secs] [Times: user=0.00 sys=0.00, real=0.00 secs] 
26.605: [GC (Allocation Failure) [PSYoungGen: 37392K->10240K(39424K)] 232481K->215569K(511488K), 0.0017787 secs] [Times: user=0.00 sys=0.00, real=0.00 secs] 
27.586: [GC (Allocation Failure) [PSYoungGen: 36366K->0K(39424K)] 262175K->225809K(511488K), 0.0006407 secs] [Times: user=0.00 sys=0.00, real=0.00 secs] 
28.135: [GC (Allocation Failure) [PSYoungGen: 26128K->10240K(39424K)] 251937K->236049K(511488K), 0.0011204 secs] [Times: user=0.00 sys=0.00, real=0.00 secs] 
28.900: [GC (Allocation Failure) [PSYoungGen: 33467K->6176K(39424K)] 433356K->406073K(511488K), 0.0011251 secs] [Times: user=0.00 sys=0.00, real=0.00 secs] 
29.447: [GC (Allocation Failure) [PSYoungGen: 32304K->10272K(39424K)] 432201K->415289K(511488K), 0.0014072 secs] [Times: user=0.00 sys=0.00, real=0.00 secs] 
29.881: [GC (Allocation Failure) [PSYoungGen: 36398K->5184K(39424K)] 461895K->430681K(511488K), 0.0010752 secs] [Times: user=0.00 sys=0.00, real=0.00 secs] 
29.882: [GC (Allocation Failure) [PSYoungGen: 5184K->5216K(39424K)] 430681K->430713K(511488K), 0.0010130 secs] [Times: user=0.00 sys=0.00, real=0.00 secs] 
29.883: [Full GC (Allocation Failure) [PSYoungGen: 5216K->0K(39424K)] [ParOldGen: 425497K->82449K(472064K)] 430713K->82449K(511488K), [Metaspace: 2793K->2793K(1056768K)], 0.0071422 secs] [Times: user=0.00 sys=0.00, real=0.01 secs] 
30.772: [GC (Allocation Failure) [PSYoungGen: 23056K->5120K(39424K)] 259105K->241169K(511488K), 0.0008440 secs] [Times: user=0.00 sys=0.00, real=0.00 secs] 
32.082: [GC (Allocation Failure) [PSYoungGen: 28177K->6144K(39424K)] 366627K->344593K(511488K), 0.0010114 secs] [Times: user=0.00 sys=0.00, real=0.00 secs] 
32.520: [GC (Allocation Failure) [PSYoungGen: 32274K->11264K(39424K)] 370724K->354833K(511488K), 0.0016889 secs] [Times: user=0.00 sys=0.00, real=0.00 secs] 
32.847: [GC (Allocation Failure) [PSYoungGen: 22031K->1024K(39424K)] 437281K->416273K(511488K), 0.0009211 secs] [Times: user=0.00 sys=0.00, real=0.00 secs] 
32.848: [GC (Allocation Failure) [PSYoungGen: 1024K->1024K(39424K)] 416273K->416273K(511488K), 0.0008271 secs] [Times: user=0.00 sys=0.00, real=0.00 secs] 
32.848: [Full GC (Allocation Failure) [PSYoungGen: 1024K->0K(39424K)] [ParOldGen: 415249K->57873K(472064K)] 416273K->57873K(511488K), [Metaspace: 2793K->2793K(1056768K)], 0.0052792 secs] [Times: user=0.00 sys=0.00, real=0.01 secs] 
33.627: [GC (Allocation Failure) [PSYoungGen: 23055K->6144K(39424K)] 183329K->166417K(511488K), 0.0009275 secs] [Times: user=0.00 sys=0.00, real=0.00 secs] 
33.957: [GC (Allocation Failure) [PSYoungGen: 27153K->11264K(39424K)] 187426K->181777K(511488K), 0.0016155 secs] [Times: user=0.00 sys=0.00, real=0.00 secs] 
35.269: [GC (Allocation Failure) [PSYoungGen: 29197K->5120K(39424K)] 373791K->349713K(511488K), 0.0008111 secs] [Times: user=0.00 sys=0.00, real=0.00 secs] 
35.704: [GC (Allocation Failure) [PSYoungGen: 26128K->10240K(39424K)] 442401K->426513K(511488K), 0.0011599 secs] [Times: user=0.00 sys=0.00, real=0.00 secs] 
35.705: [GC (Allocation Failure) [PSYoungGen: 10240K->10240K(39424K)] 426513K->426513K(511488K), 0.0010860 secs] [Times: user=0.00 sys=0.00, real=0.00 secs] 
35.706: [Full GC (Allocation Failure) [PSYoungGen: 10240K->0K(39424K)] [ParOldGen: 416273K->61969K(472064K)] 426513K->61969K(511488K), [Metaspace: 2793K->2793K(1056768K)], 0.0057624 secs] [Times: user=0.00 sys=0.00, real=0.01 secs] 
36.481: [GC (Allocation Failure) [PSYoungGen: 23057K->10240K(39424K)] 187427K->174609K(511488K), 0.0010304 secs] [Times: user=0.00 sys=0.00, real=0.00 secs] 
36.808: [GC (Allocation Failure) [PSYoungGen: 31250K->10240K(39424K)] 195620K->179729K(511488K), 0.0014175 secs] [Times: user=0.00 sys=0.00, real=0.00 secs] 
37.683: [GC (Allocation Failure) [PSYoungGen: 33294K->5120K(39424K)] 376864K->348689K(511488K), 0.0008642 secs] [Times: user=0.00 sys=0.00, real=0.00 secs] 
38.119: [GC (Allocation Failure) [PSYoungGen: 26128K->10240K(39424K)] 369698K->353809K(511488K), 0.0010350 secs] [Times: user=0.00 sys=0.00, real=0.00 secs] 
39.210: [GC (Allocation Failure) [PSYoungGen: 36365K->5120K(39424K)] 451614K->420369K(511488K), 0.0011122 secs] [Times: user=0.00 sys=0.00, real=0.00 secs] 
39.645: [GC (Allocation Failure) [PSYoungGen: 31247K->10240K(39424K)] 446497K->430609K(511488K), 0.0015701 secs] [Times: user=0.00 sys=0.00, real=0.00 secs] 
39.864: [GC (Allocation Failure) [PSYoungGen: 21005K->0K(39424K)] 461855K->440849K(511488K), 0.0009012 secs] [Times: user=0.00 sys=0.00, real=0.00 secs] 
39.864: [GC (Allocation Failure) [PSYoungGen: 0K->0K(39424K)] 440849K->440849K(511488K), 0.0007432 secs] [Times: user=0.00 sys=0.00, real=0.00 secs] 
39.865: [Full GC (Allocation Failure) [PSYoungGen: 0K->0K(39424K)] [ParOldGen: 440849K->26129K(472064K)] 440849K->26129K(511488K), [Metaspace: 2793K->2793K(1056768K)], 0.0036036 secs] [Times: user=0.00 sys=0.00, real=0.00 secs] 
40.737: [GC (Allocation Failure) [PSYoungGen: 23053K->5120K(39424K)] 202783K->184849K(511488K), 0.0007468 secs] [Times: user=0.00 sys=0.00, real=0.00 secs] 
41.065: [GC (Allocation Failure) [PSYoungGen: 26128K->10240K(39424K)] 205857K->195089K(511488K), 0.0014897 secs] [Times: user=0.00 sys=0.00, real=0.00 secs] 
41.940: [GC (Allocation Failure) [PSYoungGen: 33293K->6144K(39424K)] 392222K->365073K(511488K), 0.0010460 secs] [Times: user=0.00 sys=0.00, real=0.00 secs] 
43.142: [GC (Allocation Failure) [PSYoungGen: 29199K->2048K(39424K)] 388129K->360977K(511488K), 0.0007321 secs] [Times: user=0.00 sys=0.00, real=0.00 secs] 
43.686: [GC (Allocation Failure) [PSYoungGen: 28173K->6144K(39424K)] 387102K->365073K(511488K), 0.0008562 secs] [Times: user=0.00 sys=0.00, real=0.00 secs] 
44.233: [GC (Allocation Failure) [PSYoungGen: 32268K->11264K(39424K)] 462877K->441873K(511488K), 0.0012845 secs] [Times: user=0.00 sys=0.00, real=0.00 secs] 
44.234: [GC (Allocation Failure) [PSYoungGen: 11264K->11264K(39424K)] 441873K->441873K(511488K), 0.0013297 secs] [Times: user=0.00 sys=0.00, real=0.00 secs] 
44.236: [Full GC (Allocation Failure) [PSYoungGen: 11264K->0K(39424K)] [ParOldGen: 430609K->62993K(472064K)] 441873K->62993K(511488K), [Metaspace: 2795K->2795K(1056768K)], 0.0061891 secs] [Times: user=0.00 sys=0.00, real=0.01 secs] 
45.013: [GC (Allocation Failure) [PSYoungGen: 23055K->10240K(39424K)] 188448K->175633K(511488K), 0.0010429 secs] [Times: user=0.00 sys=0.00, real=0.00 secs] 
45.341: [GC (Allocation Failure) [PSYoungGen: 31248K->10240K(39424K)] 196642K->180753K(511488K), 0.0013781 secs] [Times: user=0.00 sys=0.00, real=0.00 secs] 
46.759: [GC (Allocation Failure) [PSYoungGen: 33293K->5120K(39424K)] 377887K->349713K(511488K), 0.0012863 secs] [Times: user=0.00 sys=0.00, real=0.00 secs] 
47.088: [GC (Allocation Failure) [PSYoungGen: 15887K->0K(39424K)] 432161K->416273K(511488K), 0.0010245 secs] [Times: user=0.00 sys=0.00, real=0.00 secs] 
47.089: [GC (Allocation Failure) [PSYoungGen: 0K->0K(39424K)] 416273K->416273K(511488K), 0.0012093 secs] [Times: user=0.00 sys=0.00, real=0.00 secs] 
47.090: [Full GC (Allocation Failure) [PSYoungGen: 0K->0K(39424K)] [ParOldGen: 416273K->72209K(472064K)] 416273K->72209K(511488K), [Metaspace: 2795K->2795K(1056768K)], 0.0063795 secs] [Times: user=0.01 sys=0.00, real=0.01 secs] 
47.869: [GC (Allocation Failure) [PSYoungGen: 23056K->10240K(39424K)] 197665K->184849K(511488K), 0.0011175 secs] [Times: user=0.00 sys=0.00, real=0.00 secs] 
48.195: [GC (Allocation Failure) [PSYoungGen: 31249K->10240K(39424K)] 205858K->189969K(511488K), 0.0014193 secs] [Times: user=0.00 sys=0.00, real=0.00 secs] 
49.070: [GC (Allocation Failure) [PSYoungGen: 33293K->5120K(39424K)] 387103K->358929K(511488K), 0.0008889 secs] [Times: user=0.00 sys=0.00, real=0.00 secs] 
49.505: [GC (Allocation Failure) [PSYoungGen: 26128K->10240K(39424K)] 379937K->364049K(511488K), 0.0011312 secs] [Times: user=0.00 sys=0.00, real=0.00 secs] 
49.941: [GC (Allocation Failure) [PSYoungGen: 31245K->5120K(39424K)] 456734K->430609K(511488K), 0.0012292 secs] [Times: user=0.00 sys=0.00, real=0.00 secs] 
49.942: [GC (Allocation Failure) [PSYoungGen: 5120K->5120K(39424K)] 430609K->430609K(511488K), 0.0008016 secs] [Times: user=0.00 sys=0.00, real=0.00 secs] 
49.943: [Full GC (Allocation Failure) [PSYoungGen: 5120K->0K(39424K)] [ParOldGen: 425489K->133649K(472064K)] 430609K->133649K(511488K), [Metaspace: 2795K->2795K(1056768K)], 0.0085991 secs] [Times: user=0.00 sys=0.00, real=0.01 secs] 
51.049: [GC (Allocation Failure) [PSYoungGen: 26127K->10240K(39424K)] 262177K->251409K(511488K), 0.0015997 secs] [Times: user=0.00 sys=0.00, real=0.00 secs] 
51.918: [GC (Allocation Failure) [PSYoungGen: 33297K->6144K(39424K)] 448546K->421393K(511488K), 0.0009141 secs] [Times: user=0.00 sys=0.00, real=0.00 secs] 
52.353: [GC (Allocation Failure) [PSYoungGen: 27154K->11264K(39424K)] 442404K->426513K(511488K), 0.0012774 secs] [Times: user=0.00 sys=0.00, real=0.00 secs] 
52.681: [GC (Allocation Failure) [PSYoungGen: 32270K->6144K(39424K)] 468000K->441873K(511488K), 0.0010217 secs] [Times: user=0.00 sys=0.00, real=0.00 secs] 
52.682: [GC (Allocation Failure) [PSYoungGen: 6144K->6144K(39424K)] 441873K->441873K(511488K), 0.0008937 secs] [Times: user=0.00 sys=0.00, real=0.00 secs] 
52.683: [Full GC (Allocation Failure) [PSYoungGen: 6144K->0K(39424K)] [ParOldGen: 435729K->32273K(472064K)] 441873K->32273K(511488K), [Metaspace: 2795K->2795K(1056768K)], 0.0038314 secs] [Times: user=0.00 sys=0.00, real=0.00 secs] 
53.555: [GC (Allocation Failure) [PSYoungGen: 23056K->6144K(39424K)] 208930K->192017K(511488K), 0.0008916 secs] [Times: user=0.00 sys=0.00, real=0.00 secs] 
54.539: [GC (Allocation Failure) [PSYoungGen: 28178K->1024K(39424K)] 214051K->186897K(511488K), 0.0005816 secs] [Times: user=0.00 sys=0.00, real=0.00 secs] 
55.085: [GC (Allocation Failure) [PSYoungGen: 27150K->10240K(39424K)] 213023K->196113K(511488K), 0.0009588 secs] [Times: user=0.00 sys=0.00, real=0.00 secs] 
55.740: [GC (Allocation Failure) [PSYoungGen: 36364K->10240K(39424K)] 396318K->375313K(511488K), 0.0014691 secs] [Times: user=0.00 sys=0.00, real=0.00 secs] 
56.393: [GC (Allocation Failure) [PSYoungGen: 33295K->10240K(39424K)] 398369K->385553K(511488K), 0.0018490 secs] [Times: user=0.00 sys=0.00, real=0.00 secs] 
56.721: [GC (Allocation Failure) [PSYoungGen: 31245K->10240K(39424K)] 406558K->390673K(511488K), 0.0014973 secs] [Times: user=0.00 sys=0.00, real=0.00 secs] 
57.048: [Full GC (Ergonomics) [PSYoungGen: 21003K->0K(39424K)] [ParOldGen: 452113K->92689K(472064K)] 473116K->92689K(511488K), [Metaspace: 2796K->2796K(1056768K)], 0.0078931 secs] [Times: user=0.00 sys=0.00, real=0.01 secs] 
58.919: [GC (Allocation Failure) [PSYoungGen: 25099K->5120K(39424K)] 394268K->374289K(511488K), 0.0008026 secs] [Times: user=0.00 sys=0.00, real=0.00 secs] 
59.464: [GC (Allocation Failure) [PSYoungGen: 31246K->10240K(39424K)] 400415K->379409K(511488K), 0.0011155 secs] [Times: user=0.00 sys=0.00, real=0.00 secs] 
59.901: [GC (Allocation Failure) [PSYoungGen: 31244K->5120K(39424K)] 472094K->445969K(511488K), 0.0007792 secs] [Times: user=0.00 sys=0.00, real=0.00 secs] 
59.902: [GC (Allocation Failure) [PSYoungGen: 5120K->5120K(39424K)] 445969K->445969K(511488K), 0.0006113 secs] [Times: user=0.00 sys=0.00, real=0.00 secs] 
59.902: [Full GC (Allocation Failure) [PSYoungGen: 5120K->0K(39424K)] [ParOldGen: 440849K->108049K(472064K)] 445969K->108049K(511488K), [Metaspace: 2796K->2796K(1056768K)], 0.0081476 secs] [Times: user=0.00 sys=0.00, real=0.01 secs] 
60.678: [GC (Allocation Failure) [PSYoungGen: 23055K->5120K(39424K)] 233504K->215569K(511488K), 0.0008620 secs] [Times: user=0.00 sys=0.00, real=0.00 secs] 
61.005: [GC (Allocation Failure) [PSYoungGen: 26129K->10240K(39424K)] 236578K->225809K(511488K), 0.0014458 secs] [Times: user=0.00 sys=0.00, real=0.00 secs] 
62.318: [GC (Allocation Failure) [PSYoungGen: 32269K->10240K(39424K)] 421919K->399889K(511488K), 0.0010323 secs] [Times: user=0.00 sys=0.00, real=0.00 secs] 
62.757: [Full GC (Ergonomics) [PSYoungGen: 31248K->0K(39424K)] [ParOldGen: 461329K->56849K(472064K)] 492577K->56849K(511488K), [Metaspace: 2796K->2796K(1056768K)], 0.0057106 secs] [Times: user=0.00 sys=0.00, real=0.00 secs] 
63.536: [GC (Allocation Failure) [PSYoungGen: 23057K->6144K(39424K)] 182307K->165393K(511488K), 0.0008635 secs] [Times: user=0.00 sys=0.00, real=0.00 secs] 
63.864: [GC (Allocation Failure) [PSYoungGen: 27154K->11264K(39424K)] 186404K->180753K(511488K), 0.0015511 secs] [Times: user=0.00 sys=0.00, real=0.00 secs] 
64.738: [GC (Allocation Failure) [PSYoungGen: 34318K->11264K(39424K)] 377888K->365073K(511488K), 0.0016807 secs] [Times: user=0.00 sys=0.00, real=0.00 secs] 
65.178: [GC (Allocation Failure) [PSYoungGen: 32272K->11264K(39424K)] 386082K->365073K(511488K), 0.0013169 secs] [Times: user=0.00 sys=0.00, real=0.00 secs] 
66.053: [GC (Allocation Failure) [PSYoungGen: 37389K->5120K(39424K)] 391198K->358929K(511488K), 0.0008695 secs] [Times: user=0.00 sys=0.00, real=0.00 secs] 
66.599: [GC (Allocation Failure) [PSYoungGen: 31244K->10240K(39424K)] 385053K->364049K(511488K), 0.0013625 secs] [Times: user=0.00 sys=0.00, real=0.00 secs] 
67.034: [GC (Allocation Failure) [PSYoungGen: 31243K->5120K(39424K)] 456732K->430609K(511488K), 0.0010944 secs] [Times: user=0.00 sys=0.00, real=0.00 secs] 
67.035: [GC (Allocation Failure) [PSYoungGen: 5120K->5120K(39424K)] 430609K->430609K(511488K), 0.0010123 secs] [Times: user=0.00 sys=0.00, real=0.00 secs] 
67.037: [Full GC (Allocation Failure) [PSYoungGen: 5120K->0K(39424K)] [ParOldGen: 425489K->77329K(472064K)] 430609K->77329K(511488K), [Metaspace: 2796K->2796K(1056768K)], 0.0063146 secs] [Times: user=0.00 sys=0.00, real=0.01 secs] 
67.815: [GC (Allocation Failure) [PSYoungGen: 23054K->10240K(39424K)] 202784K->189969K(511488K), 0.0010818 secs] [Times: user=0.00 sys=0.00, real=0.00 secs] 
68.145: [GC (Allocation Failure) [PSYoungGen: 31248K->10240K(39424K)] 210978K->195089K(511488K), 0.0013595 secs] [Times: user=0.00 sys=0.00, real=0.00 secs] 
69.018: [GC (Allocation Failure) [PSYoungGen: 33293K->5120K(39424K)] 392222K->364049K(511488K), 0.0010215 secs] [Times: user=0.00 sys=0.00, real=0.00 secs] 
69.890: [GC (Allocation Failure) [PSYoungGen: 15887K->0K(39424K)] 426017K->410129K(511488K), 0.0008671 secs] [Times: user=0.00 sys=0.00, real=0.00 secs] 
69.891: [GC (Allocation Failure) [PSYoungGen: 0K->0K(39424K)] 410129K->410129K(511488K), 0.0012133 secs] [Times: user=0.00 sys=0.00, real=0.00 secs] 
69.892: [Full GC (Allocation Failure) [PSYoungGen: 0K->0K(39424K)] [ParOldGen: 410129K->51729K(472064K)] 410129K->51729K(511488K), [Metaspace: 2796K->2796K(1056768K)], 0.0048012 secs] [Times: user=0.00 sys=0.00, real=0.01 secs] 
70.671: [GC (Allocation Failure) [PSYoungGen: 23055K->5120K(39424K)] 177185K->159249K(511488K), 0.0008912 secs] [Times: user=0.00 sys=0.00, real=0.00 secs] 
71.000: [GC (Allocation Failure) [PSYoungGen: 26129K->10240K(39424K)] 180258K->169489K(511488K), 0.0014216 secs] [Times: user=0.00 sys=0.00, real=0.00 secs] 
71.868: [GC (Allocation Failure) [PSYoungGen: 33293K->6144K(39424K)] 366623K->339473K(511488K), 0.0008748 secs] [Times: user=0.00 sys=0.00, real=0.00 secs] 
72.307: [GC (Allocation Failure) [PSYoungGen: 27152K->11264K(39424K)] 360481K->344593K(511488K), 0.0011320 secs] [Times: user=0.00 sys=0.00, real=0.00 secs] 
72.742: [GC (Allocation Failure) [PSYoungGen: 32269K->6144K(39424K)] 437278K->411153K(511488K), 0.0008723 secs] [Times: user=0.00 sys=0.00, real=0.00 secs] 
72.743: [GC (Allocation Failure) [PSYoungGen: 6144K->6144K(39424K)] 411153K->411153K(511488K), 0.0007515 secs] [Times: user=0.00 sys=0.00, real=0.00 secs] 
72.744: [Full GC (Allocation Failure) [PSYoungGen: 6144K->0K(39424K)] [ParOldGen: 405009K->165393K(472064K)] 411153K->165393K(511488K), [Metaspace: 2796K->2796K(1056768K)], 0.0122028 secs] [Times: user=0.00 sys=0.00, real=0.01 secs] 
73.851: [GC (Allocation Failure) [PSYoungGen: 17935K->10240K(39424K)] 285729K->288273K(511488K), 0.0013606 secs] [Times: user=0.00 sys=0.00, real=0.00 secs] 
74.727: [Full GC (Ergonomics) [PSYoungGen: 33297K->0K(39424K)] [ParOldGen: 452113K->21504K(472064K)] 485410K->21504K(511488K), [Metaspace: 2796K->2796K(1056768K)], 0.0030061 secs] [Times: user=0.00 sys=0.00, real=0.00 secs] 
75.163: [GC (Allocation Failure) [PSYoungGen: 21010K->5120K(39424K)] 42514K->26624K(511488K), 0.0008251 secs] [Times: user=0.00 sys=0.00, real=0.00 secs] 
75.929: [GC (Allocation Failure) [PSYoungGen: 28174K->11264K(39424K)] 223758K->206848K(511488K), 0.0013912 secs] [Times: user=0.00 sys=0.00, real=0.00 secs] 
76.472: [GC (Allocation Failure) [PSYoungGen: 37392K->10240K(39424K)] 232976K->216064K(511488K), 0.0018541 secs] [Times: user=0.00 sys=0.00, real=0.00 secs] 
77.455: [GC (Allocation Failure) [PSYoungGen: 36366K->0K(39424K)] 262670K->226304K(511488K), 0.0007709 secs] [Times: user=0.00 sys=0.00, real=0.00 secs] 
78.002: [GC (Allocation Failure) [PSYoungGen: 26128K->10240K(39424K)] 252432K->236544K(511488K), 0.0011299 secs] [Times: user=0.00 sys=0.00, real=0.00 secs] 
78.763: [GC (Allocation Failure) [PSYoungGen: 33294K->6144K(39424K)] 433678K->406528K(511488K), 0.0010409 secs] [Times: user=0.00 sys=0.00, real=0.00 secs] 
79.307: [GC (Allocation Failure) [PSYoungGen: 32272K->10240K(39424K)] 432656K->415744K(511488K), 0.0019512 secs] [Times: user=0.00 sys=0.00, real=0.00 secs] 
79.744: [GC (Allocation Failure) [PSYoungGen: 36366K->5120K(39424K)] 462350K->431104K(511488K), 0.0012507 secs] [Times: user=0.00 sys=0.00, real=0.00 secs] 
79.745: [GC (Allocation Failure) [PSYoungGen: 5120K->5120K(39424K)] 431104K->431104K(511488K), 0.0010997 secs] [Times: user=0.00 sys=0.00, real=0.00 secs] 
79.746: [Full GC (Allocation Failure) [PSYoungGen: 5120K->0K(39424K)] [ParOldGen: 425984K->82449K(472064K)] 431104K->82449K(511488K), [Metaspace: 2796K->2796K(1056768K)], 0.0067519 secs] [Times: user=0.00 sys=0.00, real=0.01 secs] 
80.633: [GC (Allocation Failure) [PSYoungGen: 23056K->5120K(39424K)] 259105K->241169K(511488K), 0.0008255 secs] [Times: user=0.00 sys=0.00, real=0.00 secs] 
81.941: [GC (Allocation Failure) [PSYoungGen: 28177K->6144K(39424K)] 366627K->344593K(511488K), 0.0008534 secs] [Times: user=0.00 sys=0.00, real=0.00 secs] 
82.378: [GC (Allocation Failure) [PSYoungGen: 32274K->11264K(39424K)] 370724K->354833K(511488K), 0.0016192 secs] [Times: user=0.00 sys=0.00, real=0.00 secs] 
82.707: [GC (Allocation Failure) [PSYoungGen: 22031K->1024K(39424K)] 437281K->416273K(511488K), 0.0010741 secs] [Times: user=0.00 sys=0.00, real=0.00 secs] 
82.708: [GC (Allocation Failure) [PSYoungGen: 1024K->1024K(39424K)] 416273K->416273K(511488K), 0.0009758 secs] [Times: user=0.00 sys=0.00, real=0.00 secs] 
82.709: [Full GC (Allocation Failure) [PSYoungGen: 1024K->0K(39424K)] [ParOldGen: 415249K->57873K(472064K)] 416273K->57873K(511488K), [Metaspace: 2796K->2796K(1056768K)], 0.0053326 secs] [Times: user=0.00 sys=0.00, real=0.01 secs] 
83.484: [GC (Allocation Failure) [PSYoungGen: 23055K->6144K(39424K)] 183329K->166417K(511488K), 0.0008094 secs] [Times: user=0.00 sys=0.00, real=0.00 secs] 
83.812: [GC (Allocation Failure) [PSYoungGen: 27153K->11264K(39424K)] 187426K->181777K(511488K), 0.0015139 secs] [Times: user=0.00 sys=0.00, real=0.00 secs] 
85.120: [GC (Allocation Failure) [PSYoungGen: 29197K->5120K(39424K)] 373791K->349713K(511488K), 0.0009129 secs] [Times: user=0.00 sys=0.00, real=0.00 secs] 
85.557: [GC (Allocation Failure) [PSYoungGen: 26128K->10240K(39424K)] 442401K->426513K(511488K), 0.0013010 secs] [Times: user=0.00 sys=0.00, real=0.00 secs] 
85.558: [GC (Allocation Failure) [PSYoungGen: 10240K->10240K(39424K)] 426513K->426513K(511488K), 0.0013557 secs] [Times: user=0.00 sys=0.00, real=0.00 secs] 
85.560: [Full GC (Allocation Failure) [PSYoungGen: 10240K->0K(39424K)] [ParOldGen: 416273K->61969K(472064K)] 426513K->61969K(511488K), [Metaspace: 2796K->2796K(1056768K)], 0.0056280 secs] [Times: user=0.02 sys=0.00, real=0.01 secs] 
86.337: [GC (Allocation Failure) [PSYoungGen: 23057K->10240K(39424K)] 187427K->174609K(511488K), 0.0011088 secs] [Times: user=0.00 sys=0.00, real=0.00 secs] 
86.663: [GC (Allocation Failure) [PSYoungGen: 31250K->10240K(39424K)] 195620K->179729K(511488K), 0.0014003 secs] [Times: user=0.00 sys=0.00, real=0.00 secs] 
87.539: [GC (Allocation Failure) [PSYoungGen: 33294K->5120K(39424K)] 376864K->348689K(511488K), 0.0009253 secs] [Times: user=0.00 sys=0.00, real=0.00 secs] 
87.976: [GC (Allocation Failure) [PSYoungGen: 26128K->10240K(39424K)] 369698K->353809K(511488K), 0.0011439 secs] [Times: user=0.00 sys=0.00, real=0.00 secs] 
89.067: [GC (Allocation Failure) [PSYoungGen: 36365K->5120K(39424K)] 451614K->420369K(511488K), 0.0009226 secs] [Times: user=0.00 sys=0.00, real=0.00 secs] 
89.504: [GC (Allocation Failure) [PSYoungGen: 31247K->10240K(39424K)] 446497K->430609K(511488K), 0.0015236 secs] [Times: user=0.00 sys=0.00, real=0.00 secs] 
89.721: [GC (Allocation Failure) [PSYoungGen: 21005K->0K(39424K)] 461855K->440849K(511488K), 0.0009588 secs] [Times: user=0.00 sys=0.00, real=0.00 secs] 
89.722: [GC (Allocation Failure) [PSYoungGen: 0K->0K(39424K)] 440849K->440849K(511488K), 0.0008802 secs] [Times: user=0.00 sys=0.00, real=0.00 secs] 
89.723: [Full GC (Allocation Failure) [PSYoungGen: 0K->0K(39424K)] [ParOldGen: 440849K->26129K(472064K)] 440849K->26129K(511488K), [Metaspace: 2796K->2796K(1056768K)], 0.0035110 secs] [Times: user=0.00 sys=0.00, real=0.00 secs] 
90.596: [GC (Allocation Failure) [PSYoungGen: 23053K->5120K(39424K)] 202783K->184849K(511488K), 0.0008912 secs] [Times: user=0.00 sys=0.00, real=0.00 secs] 
90.923: [GC (Allocation Failure) [PSYoungGen: 26128K->10240K(39424K)] 205857K->195089K(511488K), 0.0013363 secs] [Times: user=0.00 sys=0.00, real=0.00 secs] 
91.795: [GC (Allocation Failure) [PSYoungGen: 33293K->6144K(39424K)] 392222K->365073K(511488K), 0.0010621 secs] [Times: user=0.00 sys=0.00, real=0.00 secs] 
92.994: [GC (Allocation Failure) [PSYoungGen: 29199K->2048K(39424K)] 388129K->360977K(511488K), 0.0009207 secs] [Times: user=0.00 sys=0.00, real=0.00 secs] 
93.541: [GC (Allocation Failure) [PSYoungGen: 28173K->6144K(39424K)] 387102K->365073K(511488K), 0.0009188 secs] [Times: user=0.00 sys=0.00, real=0.00 secs] 
94.085: [GC (Allocation Failure) [PSYoungGen: 32268K->11264K(39424K)] 462877K->441873K(511488K), 0.0013114 secs] [Times: user=0.00 sys=0.00, real=0.00 secs] 
94.086: [GC (Allocation Failure) [PSYoungGen: 11264K->11264K(39424K)] 441873K->441873K(511488K), 0.0012238 secs] [Times: user=0.00 sys=0.00, real=0.00 secs] 
94.088: [Full GC (Allocation Failure) [PSYoungGen: 11264K->0K(39424K)] [ParOldGen: 430609K->62993K(472064K)] 441873K->62993K(511488K), [Metaspace: 2796K->2796K(1056768K)], 0.0057439 secs] [Times: user=0.00 sys=0.00, real=0.01 secs] 
94.864: [GC (Allocation Failure) [PSYoungGen: 23055K->10240K(39424K)] 188448K->175633K(511488K), 0.0010263 secs] [Times: user=0.00 sys=0.00, real=0.00 secs] 
95.192: [GC (Allocation Failure) [PSYoungGen: 31248K->10240K(39424K)] 196642K->180753K(511488K), 0.0014538 secs] [Times: user=0.00 sys=0.00, real=0.00 secs] 
96.615: [GC (Allocation Failure) [PSYoungGen: 33293K->5120K(39424K)] 377887K->349713K(511488K), 0.0008386 secs] [Times: user=0.00 sys=0.00, real=0.00 secs] 
96.941: [GC (Allocation Failure) [PSYoungGen: 15887K->0K(39424K)] 432161K->416273K(511488K), 0.0013125 secs] [Times: user=0.00 sys=0.00, real=0.00 secs] 
96.943: [GC (Allocation Failure) [PSYoungGen: 0K->0K(39424K)] 416273K->416273K(511488K), 0.0010145 secs] [Times: user=0.00 sys=0.00, real=0.00 secs] 
96.944: [Full GC (Allocation Failure) [PSYoungGen: 0K->0K(39424K)] [ParOldGen: 416273K->72209K(472064K)] 416273K->72209K(511488K), [Metaspace: 2796K->2796K(1056768K)], 0.0061950 secs] [Times: user=0.00 sys=0.00, real=0.01 secs] 
97.724: [GC (Allocation Failure) [PSYoungGen: 23056K->10240K(39424K)] 197665K->184849K(511488K), 0.0009489 secs] [Times: user=0.00 sys=0.00, real=0.00 secs] 
98.053: [GC (Allocation Failure) [PSYoungGen: 31249K->10240K(39424K)] 205858K->189969K(511488K), 0.0014419 secs] [Times: user=0.00 sys=0.00, real=0.00 secs] 
98.925: [GC (Allocation Failure) [PSYoungGen: 33293K->5120K(39424K)] 387103K->358929K(511488K), 0.0008179 secs] [Times: user=0.00 sys=0.00, real=0.00 secs] 
99.364: [GC (Allocation Failure) [PSYoungGen: 26128K->10240K(39424K)] 379937K->364049K(511488K), 0.0009270 secs] [Times: user=0.00 sys=0.00, real=0.00 secs] 
99.799: [GC (Allocation Failure) [PSYoungGen: 31245K->5120K(39424K)] 456734K->430609K(511488K), 0.0011458 secs] [Times: user=0.00 sys=0.00, real=0.00 secs] 
99.800: [GC (Allocation Failure) [PSYoungGen: 5120K->5120K(39424K)] 430609K->430609K(511488K), 0.0008372 secs] [Times: user=0.00 sys=0.00, real=0.00 secs] 
99.801: [Full GC (Allocation Failure) [PSYoungGen: 5120K->0K(39424K)] [ParOldGen: 425489K->133649K(472064K)] 430609K->133649K(511488K), [Metaspace: 2796K->2796K(1056768K)], 0.0088859 secs] [Times: user=0.00 sys=0.00, real=0.01 secs] 
100.906: [GC (Allocation Failure) [PSYoungGen: 26127K->10240K(39424K)] 262177K->251409K(511488K), 0.0014796 secs] [Times: user=0.00 sys=0.00, real=0.00 secs] 
101.781: [GC (Allocation Failure) [PSYoungGen: 33297K->6144K(39424K)] 448546K->421393K(511488K), 0.0008916 secs] [Times: user=0.00 sys=0.00, real=0.00 secs] 
102.217: [GC (Allocation Failure) [PSYoungGen: 27154K->11264K(39424K)] 442404K->426513K(511488K), 0.0012836 secs] [Times: user=0.00 sys=0.00, real=0.00 secs] 
102.546: [GC (Allocation Failure) [PSYoungGen: 32270K->6144K(39424K)] 468000K->441873K(511488K), 0.0009365 secs] [Times: user=0.00 sys=0.00, real=0.00 secs] 
102.547: [GC (Allocation Failure) [PSYoungGen: 6144K->6144K(39424K)] 441873K->441873K(511488K), 0.0012164 secs] [Times: user=0.00 sys=0.00, real=0.00 secs] 
102.548: [Full GC (Allocation Failure) [PSYoungGen: 6144K->0K(39424K)] [ParOldGen: 435729K->32273K(472064K)] 441873K->32273K(511488K), [Metaspace: 2796K->2796K(1056768K)], 0.0037600 secs] [Times: user=0.00 sys=0.00, real=0.00 secs] 
103.420: [GC (Allocation Failure) [PSYoungGen: 23056K->6144K(39424K)] 208930K->192017K(511488K), 0.0007286 secs] [Times: user=0.00 sys=0.00, real=0.00 secs] 
104.402: [GC (Allocation Failure) [PSYoungGen: 28178K->1024K(39424K)] 214051K->186897K(511488K), 0.0004899 secs] [Times: user=0.00 sys=0.00, real=0.00 secs] 
104.947: [GC (Allocation Failure) [PSYoungGen: 27150K->10240K(39424K)] 213023K->196113K(511488K), 0.0010372 secs] [Times: user=0.00 sys=0.00, real=0.00 secs] 
105.601: [GC (Allocation Failure) [PSYoungGen: 36364K->5120K(39424K)] 396318K->375313K(511488K), 0.0015863 secs] [Times: user=0.00 sys=0.00, real=0.00 secs] 
106.257: [GC (Allocation Failure) [PSYoungGen: 28175K->10240K(39424K)] 398369K->385553K(511488K), 0.0015474 secs] [Times: user=0.00 sys=0.00, real=0.00 secs] 
106.582: [GC (Allocation Failure) [PSYoungGen: 31245K->10240K(39424K)] 406558K->390673K(511488K), 0.0016128 secs] [Times: user=0.00 sys=0.00, real=0.00 secs] 
106.910: [Full GC (Ergonomics) [PSYoungGen: 21003K->0K(39424K)] [ParOldGen: 452113K->92689K(472064K)] 473116K->92689K(511488K), [Metaspace: 2796K->2796K(1056768K)], 0.0079566 secs] [Times: user=0.00 sys=0.00, real=0.01 secs] 
108.782: [GC (Allocation Failure) [PSYoungGen: 25099K->5120K(39424K)] 394268K->374289K(511488K), 0.0010501 secs] [Times: user=0.00 sys=0.00, real=0.00 secs] 
109.328: [GC (Allocation Failure) [PSYoungGen: 31246K->10240K(39424K)] 400415K->379409K(511488K), 0.0011197 secs] [Times: user=0.00 sys=0.00, real=0.00 secs] 
109.765: [GC (Allocation Failure) [PSYoungGen: 31244K->5120K(39424K)] 472094K->445969K(511488K), 0.0008397 secs] [Times: user=0.02 sys=0.00, real=0.00 secs] 
109.766: [GC (Allocation Failure) [PSYoungGen: 5120K->5120K(39424K)] 445969K->445969K(511488K), 0.0007915 secs] [Times: user=0.00 sys=0.00, real=0.00 secs] 
109.766: [Full GC (Allocation Failure) [PSYoungGen: 5120K->0K(39424K)] [ParOldGen: 440849K->108049K(472064K)] 445969K->108049K(511488K), [Metaspace: 2796K->2796K(1056768K)], 0.0080574 secs] [Times: user=0.00 sys=0.00, real=0.01 secs] 
110.544: [GC (Allocation Failure) [PSYoungGen: 23055K->5120K(39424K)] 233504K->215569K(511488K), 0.0009047 secs] [Times: user=0.00 sys=0.00, real=0.00 secs] 
110.872: [GC (Allocation Failure) [PSYoungGen: 26129K->10240K(39424K)] 236578K->225809K(511488K), 0.0015961 secs] [Times: user=0.00 sys=0.00, real=0.00 secs] 
112.185: [GC (Allocation Failure) [PSYoungGen: 32269K->10240K(39424K)] 421919K->399889K(511488K), 0.0010591 secs] [Times: user=0.00 sys=0.00, real=0.00 secs] 
112.623: [Full GC (Ergonomics) [PSYoungGen: 31248K->0K(39424K)] [ParOldGen: 461329K->56849K(472064K)] 492577K->56849K(511488K), [Metaspace: 2796K->2796K(1056768K)], 0.0055831 secs] [Times: user=0.08 sys=0.00, real=0.01 secs] 
113.400: [GC (Allocation Failure) [PSYoungGen: 23057K->6144K(39424K)] 182307K->165393K(511488K), 0.0007863 secs] [Times: user=0.00 sys=0.00, real=0.00 secs] 
113.728: [GC (Allocation Failure) [PSYoungGen: 27154K->11264K(39424K)] 186404K->180753K(511488K), 0.0014469 secs] [Times: user=0.00 sys=0.00, real=0.00 secs] 
114.604: [GC (Allocation Failure) [PSYoungGen: 34318K->11264K(39424K)] 377888K->354833K(511488K), 0.0011235 secs] [Times: user=0.00 sys=0.00, real=0.00 secs] 
115.039: [GC (Allocation Failure) [PSYoungGen: 32272K->11264K(39424K)] 375842K->354833K(511488K), 0.0010955 secs] [Times: user=0.00 sys=0.00, real=0.00 secs] 
115.911: [GC (Allocation Failure) [PSYoungGen: 37389K->5120K(39424K)] 380958K->348689K(511488K), 0.0009735 secs] [Times: user=0.00 sys=0.00, real=0.00 secs] 
116.452: [GC (Allocation Failure) [PSYoungGen: 31244K->10240K(39424K)] 374813K->353809K(511488K), 0.0012038 secs] [Times: user=0.00 sys=0.00, real=0.00 secs] 
116.889: [GC (Allocation Failure) [PSYoungGen: 31243K->5120K(39424K)] 446492K->420369K(511488K), 0.0009778 secs] [Times: user=0.00 sys=0.00, real=0.00 secs] 
116.890: [GC (Allocation Failure) [PSYoungGen: 5120K->5120K(39424K)] 420369K->420369K(511488K), 0.0010976 secs] [Times: user=0.00 sys=0.00, real=0.00 secs] 
116.891: [Full GC (Allocation Failure) [PSYoungGen: 5120K->0K(39424K)] [ParOldGen: 415249K->77329K(472064K)] 420369K->77329K(511488K), [Metaspace: 2796K->2796K(1056768K)], 0.0063482 secs] [Times: user=0.00 sys=0.00, real=0.01 secs] 
117.668: [GC (Allocation Failure) [PSYoungGen: 23054K->10240K(39424K)] 202784K->189969K(511488K), 0.0013681 secs] [Times: user=0.00 sys=0.00, real=0.00 secs] 
117.994: [GC (Allocation Failure) [PSYoungGen: 31248K->10240K(39424K)] 210978K->195089K(511488K), 0.0016047 secs] [Times: user=0.00 sys=0.00, real=0.00 secs] 
118.867: [GC (Allocation Failure) [PSYoungGen: 33293K->5120K(39424K)] 392222K->364049K(511488K), 0.0009252 secs] [Times: user=0.00 sys=0.00, real=0.00 secs] 
119.740: [GC (Allocation Failure) [PSYoungGen: 15887K->0K(39424K)] 426017K->410129K(511488K), 0.0007695 secs] [Times: user=0.00 sys=0.00, real=0.00 secs] 
119.741: [GC (Allocation Failure) [PSYoungGen: 0K->0K(39424K)] 410129K->410129K(511488K), 0.0008671 secs] [Times: user=0.00 sys=0.00, real=0.00 secs] 
119.742: [Full GC (Allocation Failure) [PSYoungGen: 0K->0K(39424K)] [ParOldGen: 410129K->51729K(472064K)] 410129K->51729K(511488K), [Metaspace: 2796K->2796K(1056768K)], 0.0049304 secs] [Times: user=0.00 sys=0.00, real=0.01 secs] 
120.519: [GC (Allocation Failure) [PSYoungGen: 23055K->5120K(39424K)] 177185K->159249K(511488K), 0.0008973 secs] [Times: user=0.00 sys=0.00, real=0.00 secs] 
120.848: [GC (Allocation Failure) [PSYoungGen: 26129K->10240K(39424K)] 180258K->169489K(511488K), 0.0014840 secs] [Times: user=0.00 sys=0.00, real=0.00 secs] 
121.722: [GC (Allocation Failure) [PSYoungGen: 33293K->6144K(39424K)] 366623K->339473K(511488K), 0.0008891 secs] [Times: user=0.00 sys=0.00, real=0.00 secs] 
122.158: [GC (Allocation Failure) [PSYoungGen: 27152K->11264K(39424K)] 360481K->344593K(511488K), 0.0009510 secs] [Times: user=0.00 sys=0.00, real=0.00 secs] 
122.594: [GC (Allocation Failure) [PSYoungGen: 32269K->6144K(39424K)] 437278K->411153K(511488K), 0.0008892 secs] [Times: user=0.00 sys=0.00, real=0.00 secs] 
122.595: [GC (Allocation Failure) [PSYoungGen: 6144K->6144K(39424K)] 411153K->411153K(511488K), 0.0007635 secs] [Times: user=0.00 sys=0.00, real=0.00 secs] 
122.596: [Full GC (Allocation Failure) [PSYoungGen: 6144K->0K(39424K)] [ParOldGen: 405009K->165393K(472064K)] 411153K->165393K(511488K), [Metaspace: 2796K->2796K(1056768K)], 0.0124255 secs] [Times: user=0.00 sys=0.00, real=0.01 secs] 
123.702: [GC (Allocation Failure) [PSYoungGen: 17935K->10240K(39424K)] 285729K->288273K(511488K), 0.0013771 secs] [Times: user=0.02 sys=0.00, real=0.00 secs] 
124.573: [Full GC (Ergonomics) [PSYoungGen: 33297K->0K(39424K)] [ParOldGen: 452113K->21504K(472064K)] 485410K->21504K(511488K), [Metaspace: 2796K->2796K(1056768K)], 0.0032080 secs] [Times: user=0.00 sys=0.00, real=0.00 secs] 
125.012: [GC (Allocation Failure) [PSYoungGen: 21010K->5120K(39424K)] 42514K->26624K(511488K), 0.0007539 secs] [Times: user=0.00 sys=0.00, real=0.00 secs] 
125.781: [GC (Allocation Failure) [PSYoungGen: 28174K->11264K(39424K)] 223758K->206848K(511488K), 0.0013944 secs] [Times: user=0.00 sys=0.00, real=0.00 secs] 
126.323: [GC (Allocation Failure) [PSYoungGen: 37392K->10240K(39424K)] 232976K->216064K(511488K), 0.0016312 secs] [Times: user=0.00 sys=0.00, real=0.00 secs] 
127.303: [GC (Allocation Failure) [PSYoungGen: 36366K->0K(39424K)] 262670K->226304K(511488K), 0.0009767 secs] [Times: user=0.00 sys=0.00, real=0.00 secs] 
127.852: [GC (Allocation Failure) [PSYoungGen: 26128K->10240K(39424K)] 252432K->236544K(511488K), 0.0011283 secs] [Times: user=0.00 sys=0.00, real=0.00 secs] 
128.619: [GC (Allocation Failure) [PSYoungGen: 33294K->6144K(39424K)] 433678K->406528K(511488K), 0.0012381 secs] [Times: user=0.00 sys=0.00, real=0.00 secs] 
129.165: [GC (Allocation Failure) [PSYoungGen: 32272K->10240K(39424K)] 432656K->415744K(511488K), 0.0015492 secs] [Times: user=0.00 sys=0.00, real=0.00 secs] 
129.603: [GC (Allocation Failure) [PSYoungGen: 36366K->5120K(39424K)] 462350K->431104K(511488K), 0.0013620 secs] [Times: user=0.00 sys=0.00, real=0.00 secs] 
129.605: [GC (Allocation Failure) [PSYoungGen: 5120K->5120K(39424K)] 431104K->431104K(511488K), 0.0012027 secs] [Times: user=0.00 sys=0.00, real=0.00 secs] 
129.606: [Full GC (Allocation Failure) [PSYoungGen: 5120K->0K(39424K)] [ParOldGen: 425984K->82449K(472064K)] 431104K->82449K(511488K), [Metaspace: 2796K->2796K(1056768K)], 0.0068303 secs] [Times: user=0.00 sys=0.00, real=0.01 secs] 
130.491: [GC (Allocation Failure) [PSYoungGen: 23056K->5120K(39424K)] 259105K->241169K(511488K), 0.0009962 secs] [Times: user=0.00 sys=0.00, real=0.00 secs] 
131.803: [GC (Allocation Failure) [PSYoungGen: 28177K->6144K(39424K)] 366627K->344593K(511488K), 0.0007861 secs] [Times: user=0.00 sys=0.00, real=0.00 secs] 
132.240: [GC (Allocation Failure) [PSYoungGen: 32274K->11264K(39424K)] 370724K->354833K(511488K), 0.0015652 secs] [Times: user=0.00 sys=0.00, real=0.00 secs] 
132.568: [GC (Allocation Failure) [PSYoungGen: 22031K->1024K(39424K)] 437281K->416273K(511488K), 0.0011236 secs] [Times: user=0.00 sys=0.00, real=0.00 secs] 
132.569: [GC (Allocation Failure) [PSYoungGen: 1024K->1024K(39424K)] 416273K->416273K(511488K), 0.0010200 secs] [Times: user=0.00 sys=0.00, real=0.00 secs] 
132.570: [Full GC (Allocation Failure) [PSYoungGen: 1024K->0K(39424K)] [ParOldGen: 415249K->57873K(472064K)] 416273K->57873K(511488K), [Metaspace: 2796K->2796K(1056768K)], 0.0052363 secs] [Times: user=0.00 sys=0.00, real=0.00 secs] 
133.346: [GC (Allocation Failure) [PSYoungGen: 23055K->6144K(39424K)] 183329K->166417K(511488K), 0.0009431 secs] [Times: user=0.00 sys=0.00, real=0.00 secs] 
133.672: [GC (Allocation Failure) [PSYoungGen: 27153K->11264K(39424K)] 187426K->181777K(511488K), 0.0015298 secs] [Times: user=0.00 sys=0.00, real=0.00 secs] 
134.983: [GC (Allocation Failure) [PSYoungGen: 29197K->5120K(39424K)] 373791K->349713K(511488K), 0.0009256 secs] [Times: user=0.00 sys=0.00, real=0.00 secs] 
135.421: [GC (Allocation Failure) [PSYoungGen: 26128K->10240K(39424K)] 442401K->426513K(511488K), 0.0012754 secs] [Times: user=0.02 sys=0.00, real=0.00 secs] 
135.422: [GC (Allocation Failure) [PSYoungGen: 10240K->10240K(39424K)] 426513K->426513K(511488K), 0.0011879 secs] [Times: user=0.00 sys=0.00, real=0.00 secs] 
135.424: [Full GC (Allocation Failure) [PSYoungGen: 10240K->0K(39424K)] [ParOldGen: 416273K->61969K(472064K)] 426513K->61969K(511488K), [Metaspace: 2796K->2796K(1056768K)], 0.0056507 secs] [Times: user=0.00 sys=0.00, real=0.01 secs] 
136.200: [GC (Allocation Failure) [PSYoungGen: 23057K->10240K(39424K)] 187427K->174609K(511488K), 0.0011348 secs] [Times: user=0.00 sys=0.00, real=0.00 secs] 
136.526: [GC (Allocation Failure) [PSYoungGen: 31250K->10240K(39424K)] 195620K->179729K(511488K), 0.0013440 secs] [Times: user=0.00 sys=0.00, real=0.00 secs] 
137.397: [GC (Allocation Failure) [PSYoungGen: 33294K->5120K(39424K)] 376864K->348689K(511488K), 0.0008516 secs] [Times: user=0.00 sys=0.00, real=0.00 secs] 
137.833: [GC (Allocation Failure) [PSYoungGen: 26128K->10240K(39424K)] 369698K->353809K(511488K), 0.0010304 secs] [Times: user=0.00 sys=0.00, real=0.00 secs] 
138.926: [GC (Allocation Failure) [PSYoungGen: 36365K->5120K(39424K)] 451614K->420369K(511488K), 0.0010709 secs] [Times: user=0.00 sys=0.00, real=0.00 secs] 
139.361: [GC (Allocation Failure) [PSYoungGen: 31247K->10240K(39424K)] 446497K->430609K(511488K), 0.0015901 secs] [Times: user=0.00 sys=0.00, real=0.00 secs] 
139.577: [GC (Allocation Failure) [PSYoungGen: 21005K->0K(39424K)] 461855K->440849K(511488K), 0.0008509 secs] [Times: user=0.00 sys=0.00, real=0.00 secs] 
139.578: [GC (Allocation Failure) [PSYoungGen: 0K->0K(39424K)] 440849K->440849K(511488K), 0.0008221 secs] [Times: user=0.00 sys=0.00, real=0.00 secs] 
139.579: [Full GC (Allocation Failure) [PSYoungGen: 0K->0K(39424K)] [ParOldGen: 440849K->26129K(472064K)] 440849K->26129K(511488K), [Metaspace: 2796K->2796K(1056768K)], 0.0031201 secs] [Times: user=0.00 sys=0.00, real=0.00 secs] 
140.450: [GC (Allocation Failure) [PSYoungGen: 23053K->5120K(39424K)] 202783K->184849K(511488K), 0.0007732 secs] [Times: user=0.00 sys=0.00, real=0.00 secs] 
140.779: [GC (Allocation Failure) [PSYoungGen: 26128K->5120K(39424K)] 205857K->195089K(511488K), 0.0013694 secs] [Times: user=0.00 sys=0.00, real=0.00 secs] 
141.654: [GC (Allocation Failure) [PSYoungGen: 28173K->11264K(39424K)] 392222K->375313K(511488K), 0.0013802 secs] [Times: user=0.00 sys=0.00, real=0.00 secs] 
142.853: [GC (Allocation Failure) [PSYoungGen: 34319K->2048K(39424K)] 398369K->366097K(511488K), 0.0010010 secs] [Times: user=0.00 sys=0.00, real=0.00 secs] 
143.397: [GC (Allocation Failure) [PSYoungGen: 28173K->6144K(39424K)] 392222K->370193K(511488K), 0.0010149 secs] [Times: user=0.00 sys=0.00, real=0.00 secs] 
143.946: [GC (Allocation Failure) [PSYoungGen: 32268K->11264K(39424K)] 467997K->446993K(511488K), 0.0012672 secs] [Times: user=0.00 sys=0.00, real=0.00 secs] 
143.947: [GC (Allocation Failure) [PSYoungGen: 11264K->11264K(39424K)] 446993K->446993K(511488K), 0.0012430 secs] [Times: user=0.00 sys=0.00, real=0.00 secs] 
143.949: [Full GC (Allocation Failure) [PSYoungGen: 11264K->0K(39424K)] [ParOldGen: 435729K->62993K(472064K)] 446993K->62993K(511488K), [Metaspace: 2796K->2796K(1056768K)], 0.0058155 secs] [Times: user=0.02 sys=0.00, real=0.01 secs] 
144.728: [GC (Allocation Failure) [PSYoungGen: 23055K->10240K(39424K)] 188448K->175633K(511488K), 0.0010368 secs] [Times: user=0.00 sys=0.00, real=0.00 secs] 
145.056: [GC (Allocation Failure) [PSYoungGen: 31248K->10240K(39424K)] 196642K->180753K(511488K), 0.0013511 secs] [Times: user=0.00 sys=0.00, real=0.00 secs] 
146.472: [GC (Allocation Failure) [PSYoungGen: 33293K->5120K(39424K)] 377887K->349713K(511488K), 0.0009056 secs] [Times: user=0.00 sys=0.00, real=0.00 secs] 
146.802: [GC (Allocation Failure) [PSYoungGen: 15887K->0K(39424K)] 432161K->416273K(511488K), 0.0008718 secs] [Times: user=0.00 sys=0.00, real=0.00 secs] 
146.803: [GC (Allocation Failure) [PSYoungGen: 0K->0K(39424K)] 416273K->416273K(511488K), 0.0009663 secs] [Times: user=0.00 sys=0.00, real=0.00 secs] 
146.804: [Full GC (Allocation Failure) [PSYoungGen: 0K->0K(39424K)] [ParOldGen: 416273K->72209K(472064K)] 416273K->72209K(511488K), [Metaspace: 2796K->2796K(1056768K)], 0.0060162 secs] [Times: user=0.00 sys=0.00, real=0.01 secs] 
147.580: [GC (Allocation Failure) [PSYoungGen: 23056K->10240K(39424K)] 197665K->184849K(511488K), 0.0009587 secs] [Times: user=0.00 sys=0.00, real=0.00 secs] 
147.913: [GC (Allocation Failure) [PSYoungGen: 31249K->10240K(39424K)] 205858K->189969K(511488K), 0.0014804 secs] [Times: user=0.00 sys=0.00, real=0.00 secs] 
148.788: [GC (Allocation Failure) [PSYoungGen: 33293K->5120K(39424K)] 387103K->358929K(511488K), 0.0008404 secs] [Times: user=0.00 sys=0.00, real=0.00 secs] 
149.227: [GC (Allocation Failure) [PSYoungGen: 26128K->10240K(39424K)] 379937K->364049K(511488K), 0.0011593 secs] [Times: user=0.00 sys=0.00, real=0.00 secs] 
149.667: [GC (Allocation Failure) [PSYoungGen: 31245K->5120K(39424K)] 456734K->430609K(511488K), 0.0011664 secs] [Times: user=0.00 sys=0.00, real=0.00 secs] 
149.669: [GC (Allocation Failure) [PSYoungGen: 5120K->5120K(39424K)] 430609K->430609K(511488K), 0.0010869 secs] [Times: user=0.00 sys=0.00, real=0.00 secs] 
149.670: [Full GC (Allocation Failure) [PSYoungGen: 5120K->0K(39424K)] [ParOldGen: 425489K->133649K(472064K)] 430609K->133649K(511488K), [Metaspace: 2796K->2796K(1056768K)], 0.0094619 secs] [Times: user=0.00 sys=0.00, real=0.01 secs] 
150.776: [GC (Allocation Failure) [PSYoungGen: 26127K->10240K(39424K)] 262177K->251409K(511488K), 0.0014706 secs] [Times: user=0.00 sys=0.00, real=0.00 secs] 
151.655: [GC (Allocation Failure) [PSYoungGen: 33297K->6144K(39424K)] 448546K->421393K(511488K), 0.0012402 secs] [Times: user=0.00 sys=0.00, real=0.00 secs] 
152.091: [GC (Allocation Failure) [PSYoungGen: 27154K->11264K(39424K)] 442404K->426513K(511488K), 0.0012176 secs] [Times: user=0.00 sys=0.00, real=0.00 secs] 
152.420: [GC (Allocation Failure) [PSYoungGen: 32270K->6144K(39424K)] 468000K->441873K(511488K), 0.0009017 secs] [Times: user=0.00 sys=0.00, real=0.00 secs] 
152.421: [GC (Allocation Failure) [PSYoungGen: 6144K->6144K(39424K)] 441873K->441873K(511488K), 0.0011767 secs] [Times: user=0.01 sys=0.00, real=0.00 secs] 
152.422: [Full GC (Allocation Failure) [PSYoungGen: 6144K->0K(39424K)] [ParOldGen: 435729K->32273K(472064K)] 441873K->32273K(511488K), [Metaspace: 2796K->2796K(1056768K)], 0.0039320 secs] [Times: user=0.00 sys=0.00, real=0.00 secs] 
153.291: [GC (Allocation Failure) [PSYoungGen: 23056K->6144K(39424K)] 208930K->192017K(511488K), 0.0009811 secs] [Times: user=0.00 sys=0.00, real=0.00 secs] 
154.276: [GC (Allocation Failure) [PSYoungGen: 28178K->1024K(39424K)] 214051K->186897K(511488K), 0.0005885 secs] [Times: user=0.00 sys=0.00, real=0.00 secs] 
154.821: [GC (Allocation Failure) [PSYoungGen: 27150K->10240K(39424K)] 213023K->196113K(511488K), 0.0010783 secs] [Times: user=0.00 sys=0.00, real=0.00 secs] 
155.475: [GC (Allocation Failure) [PSYoungGen: 36364K->5120K(39424K)] 396318K->375313K(511488K), 0.0017303 secs] [Times: user=0.00 sys=0.00, real=0.00 secs] 
156.131: [GC (Allocation Failure) [PSYoungGen: 28175K->10240K(39424K)] 398369K->385553K(511488K), 0.0012628 secs] [Times: user=0.00 sys=0.00, real=0.00 secs] 
156.458: [GC (Allocation Failure) [PSYoungGen: 31245K->10240K(39424K)] 406558K->390673K(511488K), 0.0016396 secs] [Times: user=0.00 sys=0.00, real=0.00 secs] 
156.787: [Full GC (Ergonomics) [PSYoungGen: 21003K->0K(39424K)] [ParOldGen: 452113K->92689K(472064K)] 473116K->92689K(511488K), [Metaspace: 2796K->2796K(1056768K)], 0.0080356 secs] [Times: user=0.00 sys=0.00, real=0.01 secs] 
158.662: [GC (Allocation Failure) [PSYoungGen: 25099K->5120K(39424K)] 394268K->374289K(511488K), 0.0010405 secs] [Times: user=0.00 sys=0.00, real=0.00 secs] 
159.208: [GC (Allocation Failure) [PSYoungGen: 31246K->10240K(39424K)] 400415K->379409K(511488K), 0.0011161 secs] [Times: user=0.00 sys=0.00, real=0.00 secs] 
159.643: [GC (Allocation Failure) [PSYoungGen: 31244K->5120K(39424K)] 472094K->445969K(511488K), 0.0009832 secs] [Times: user=0.00 sys=0.00, real=0.00 secs] 
159.644: [GC (Allocation Failure) [PSYoungGen: 5120K->5120K(39424K)] 445969K->445969K(511488K), 0.0007780 secs] [Times: user=0.00 sys=0.00, real=0.00 secs] 
159.645: [Full GC (Allocation Failure) [PSYoungGen: 5120K->0K(39424K)] [ParOldGen: 440849K->108049K(472064K)] 445969K->108049K(511488K), [Metaspace: 2796K->2796K(1056768K)], 0.0081462 secs] [Times: user=0.00 sys=0.00, real=0.01 secs] 
160.422: [GC (Allocation Failure) [PSYoungGen: 23055K->5120K(39424K)] 233504K->215569K(511488K), 0.0008415 secs] [Times: user=0.00 sys=0.00, real=0.00 secs] 
160.750: [GC (Allocation Failure) [PSYoungGen: 26129K->10240K(39424K)] 236578K->225809K(511488K), 0.0014853 secs] [Times: user=0.00 sys=0.00, real=0.00 secs] 
162.059: [GC (Allocation Failure) [PSYoungGen: 32269K->10240K(39424K)] 421919K->399889K(511488K), 0.0009573 secs] [Times: user=0.00 sys=0.00, real=0.00 secs] 
162.496: [Full GC (Ergonomics) [PSYoungGen: 31248K->0K(39424K)] [ParOldGen: 461329K->56849K(472064K)] 492577K->56849K(511488K), [Metaspace: 2796K->2796K(1056768K)], 0.0056626 secs] [Times: user=0.02 sys=0.00, real=0.01 secs] 
163.261: [GC (Allocation Failure) [PSYoungGen: 23057K->6144K(39424K)] 182307K->165393K(511488K), 0.0011025 secs] [Times: user=0.00 sys=0.00, real=0.00 secs] 
163.588: [GC (Allocation Failure) [PSYoungGen: 27154K->11264K(39424K)] 186404K->180753K(511488K), 0.0015956 secs] [Times: user=0.00 sys=0.00, real=0.00 secs] 
164.466: [GC (Allocation Failure) [PSYoungGen: 34318K->11264K(39424K)] 377888K->365073K(511488K), 0.0017395 secs] [Times: user=0.00 sys=0.00, real=0.00 secs] 
164.903: [GC (Allocation Failure) [PSYoungGen: 32272K->11264K(39424K)] 386082K->365073K(511488K), 0.0012300 secs] [Times: user=0.00 sys=0.00, real=0.00 secs] 
165.775: [GC (Allocation Failure) [PSYoungGen: 37389K->5120K(39424K)] 391198K->358929K(511488K), 0.0014508 secs] [Times: user=0.00 sys=0.00, real=0.00 secs] 
166.322: [GC (Allocation Failure) [PSYoungGen: 31244K->10240K(39424K)] 385053K->364049K(511488K), 0.0010395 secs] [Times: user=0.00 sys=0.00, real=0.00 secs] 
166.759: [GC (Allocation Failure) [PSYoungGen: 31243K->5120K(39424K)] 456732K->430609K(511488K), 0.0010042 secs] [Times: user=0.00 sys=0.00, real=0.00 secs] 
166.760: [GC (Allocation Failure) [PSYoungGen: 5120K->5120K(39424K)] 430609K->430609K(511488K), 0.0010514 secs] [Times: user=0.00 sys=0.00, real=0.00 secs] 
166.761: [Full GC (Allocation Failure) [PSYoungGen: 5120K->0K(39424K)] [ParOldGen: 425489K->77329K(472064K)] 430609K->77329K(511488K), [Metaspace: 2796K->2796K(1056768K)], 0.0063786 secs] [Times: user=0.00 sys=0.00, real=0.01 secs] 
167.540: [GC (Allocation Failure) [PSYoungGen: 23054K->10240K(39424K)] 202784K->189969K(511488K), 0.0010074 secs] [Times: user=0.00 sys=0.00, real=0.00 secs] 
167.866: [GC (Allocation Failure) [PSYoungGen: 31248K->5120K(39424K)] 210978K->195089K(511488K), 0.0014496 secs] [Times: user=0.00 sys=0.00, real=0.00 secs] 
168.740: [GC (Allocation Failure) [PSYoungGen: 28173K->10240K(39424K)] 392222K->374289K(511488K), 0.0010555 secs] [Times: user=0.00 sys=0.00, real=0.00 secs] 
169.611: [GC (Allocation Failure) [PSYoungGen: 21007K->0K(39424K)] 436257K->415249K(511488K), 0.0007932 secs] [Times: user=0.00 sys=0.00, real=0.00 secs] 
169.612: [GC (Allocation Failure) [PSYoungGen: 0K->0K(39424K)] 415249K->415249K(511488K), 0.0009964 secs] [Times: user=0.00 sys=0.00, real=0.00 secs] 
169.613: [Full GC (Allocation Failure) [PSYoungGen: 0K->0K(39424K)] [ParOldGen: 415249K->51729K(472064K)] 415249K->51729K(511488K), [Metaspace: 2796K->2796K(1056768K)], 0.0050090 secs] [Times: user=0.00 sys=0.00, real=0.00 secs] 
170.390: [GC (Allocation Failure) [PSYoungGen: 23055K->5120K(39424K)] 177185K->159249K(511488K), 0.0007897 secs] [Times: user=0.02 sys=0.02, real=0.00 secs] 
170.717: [GC (Allocation Failure) [PSYoungGen: 26129K->10240K(39424K)] 180258K->169489K(511488K), 0.0013876 secs] [Times: user=0.00 sys=0.00, real=0.00 secs] 
171.590: [GC (Allocation Failure) [PSYoungGen: 33293K->6144K(39424K)] 366623K->339473K(511488K), 0.0007690 secs] [Times: user=0.00 sys=0.00, real=0.00 secs] 
172.028: [GC (Allocation Failure) [PSYoungGen: 27152K->11264K(39424K)] 360481K->344593K(511488K), 0.0010760 secs] [Times: user=0.00 sys=0.00, real=0.00 secs] 
172.464: [GC (Allocation Failure) [PSYoungGen: 32269K->6144K(39424K)] 437278K->411153K(511488K), 0.0009509 secs] [Times: user=0.00 sys=0.00, real=0.00 secs] 
172.465: [GC (Allocation Failure) [PSYoungGen: 6144K->6144K(39424K)] 411153K->411153K(511488K), 0.0010322 secs] [Times: user=0.00 sys=0.00, real=0.00 secs] 
172.466: [Full GC (Allocation Failure) [PSYoungGen: 6144K->0K(39424K)] [ParOldGen: 405009K->165393K(472064K)] 411153K->165393K(511488K), [Metaspace: 2796K->2796K(1056768K)], 0.0122617 secs] [Times: user=0.00 sys=0.00, real=0.01 secs] 
173.574: [GC (Allocation Failure) [PSYoungGen: 17935K->10240K(39424K)] 285729K->288273K(511488K), 0.0016594 secs] [Times: user=0.00 sys=0.00, real=0.00 secs] 
174.445: [Full GC (Ergonomics) [PSYoungGen: 33297K->0K(39424K)] [ParOldGen: 452113K->21504K(472064K)] 485410K->21504K(511488K), [Metaspace: 2796K->2796K(1056768K)], 0.0032928 secs] [Times: user=0.00 sys=0.00, real=0.00 secs] 
174.880: [GC (Allocation Failure) [PSYoungGen: 21010K->5120K(39424K)] 42514K->26624K(511488K), 0.0007938 secs] [Times: user=0.00 sys=0.00, real=0.00 secs] 
175.646: [GC (Allocation Failure) [PSYoungGen: 28174K->11264K(39424K)] 223758K->206848K(511488K), 0.0013044 secs] [Times: user=0.00 sys=0.00, real=0.00 secs] 
176.189: [GC (Allocation Failure) [PSYoungGen: 37392K->10240K(39424K)] 232976K->216064K(511488K), 0.0017696 secs] [Times: user=0.00 sys=0.00, real=0.00 secs] 
177.170: [GC (Allocation Failure) [PSYoungGen: 36366K->0K(39424K)] 262670K->226304K(511488K), 0.0007631 secs] [Times: user=0.00 sys=0.00, real=0.00 secs] 
177.715: [GC (Allocation Failure) [PSYoungGen: 26128K->10240K(39424K)] 252432K->236544K(511488K), 0.0011897 secs] [Times: user=0.00 sys=0.00, real=0.00 secs] 
178.477: [GC (Allocation Failure) [PSYoungGen: 33294K->6144K(39424K)] 433678K->406528K(511488K), 0.0011510 secs] [Times: user=0.00 sys=0.00, real=0.00 secs] 
179.021: [GC (Allocation Failure) [PSYoungGen: 32272K->10240K(39424K)] 432656K->415744K(511488K), 0.0017430 secs] [Times: user=0.00 sys=0.00, real=0.00 secs] 
179.457: [GC (Allocation Failure) [PSYoungGen: 36366K->5120K(39424K)] 462350K->431104K(511488K), 0.0012312 secs] [Times: user=0.00 sys=0.00, real=0.00 secs] 
179.458: [GC (Allocation Failure) [PSYoungGen: 5120K->5120K(39424K)] 431104K->431104K(511488K), 0.0010114 secs] [Times: user=0.00 sys=0.00, real=0.00 secs] 
179.459: [Full GC (Allocation Failure) [PSYoungGen: 5120K->0K(39424K)] [ParOldGen: 425984K->82449K(472064K)] 431104K->82449K(511488K), [Metaspace: 2796K->2796K(1056768K)], 0.0068937 secs] [Times: user=0.00 sys=0.00, real=0.01 secs] 
180.347: [GC (Allocation Failure) [PSYoungGen: 23056K->5120K(39424K)] 259105K->241169K(511488K), 0.0007769 secs] [Times: user=0.00 sys=0.00, real=0.00 secs] 
181.658: [GC (Allocation Failure) [PSYoungGen: 28177K->6144K(39424K)] 366627K->344593K(511488K), 0.0010891 secs] [Times: user=0.00 sys=0.00, real=0.00 secs] 
182.095: [GC (Allocation Failure) [PSYoungGen: 32274K->11264K(39424K)] 370724K->354833K(511488K), 0.0015162 secs] [Times: user=0.00 sys=0.00, real=0.00 secs] 
182.422: [GC (Allocation Failure) [PSYoungGen: 22031K->1024K(39424K)] 437281K->416273K(511488K), 0.0008723 secs] [Times: user=0.00 sys=0.00, real=0.00 secs] 
182.423: [GC (Allocation Failure) [PSYoungGen: 1024K->1024K(39424K)] 416273K->416273K(511488K), 0.0008353 secs] [Times: user=0.00 sys=0.00, real=0.00 secs] 
182.424: [Full GC (Allocation Failure) [PSYoungGen: 1024K->0K(39424K)] [ParOldGen: 415249K->57873K(472064K)] 416273K->57873K(511488K), [Metaspace: 2796K->2796K(1056768K)], 0.0051559 secs] [Times: user=0.00 sys=0.00, real=0.00 secs] 
183.204: [GC (Allocation Failure) [PSYoungGen: 23055K->6144K(39424K)] 183329K->166417K(511488K), 0.0008838 secs] [Times: user=0.00 sys=0.00, real=0.00 secs] 
183.533: [GC (Allocation Failure) [PSYoungGen: 27153K->11264K(39424K)] 187426K->181777K(511488K), 0.0016331 secs] [Times: user=0.00 sys=0.00, real=0.00 secs] 
184.840: [GC (Allocation Failure) [PSYoungGen: 29197K->5120K(39424K)] 373791K->349713K(511488K), 0.0008253 secs] [Times: user=0.00 sys=0.00, real=0.00 secs] 
185.277: [GC (Allocation Failure) [PSYoungGen: 26128K->10240K(39424K)] 442401K->426513K(511488K), 0.0012379 secs] [Times: user=0.00 sys=0.00, real=0.00 secs] 
185.278: [GC (Allocation Failure) [PSYoungGen: 10240K->10240K(39424K)] 426513K->426513K(511488K), 0.0010766 secs] [Times: user=0.00 sys=0.00, real=0.00 secs] 
185.280: [Full GC (Allocation Failure) [PSYoungGen: 10240K->0K(39424K)] [ParOldGen: 416273K->61969K(472064K)] 426513K->61969K(511488K), [Metaspace: 2796K->2796K(1056768K)], 0.0055674 secs] [Times: user=0.00 sys=0.00, real=0.01 secs] 
186.055: [GC (Allocation Failure) [PSYoungGen: 23057K->10240K(39424K)] 187427K->174609K(511488K), 0.0010837 secs] [Times: user=0.00 sys=0.00, real=0.00 secs] 
186.381: [GC (Allocation Failure) [PSYoungGen: 31250K->10240K(39424K)] 195620K->179729K(511488K), 0.0012681 secs] [Times: user=0.00 sys=0.00, real=0.00 secs] 
187.258: [GC (Allocation Failure) [PSYoungGen: 33294K->5120K(39424K)] 376864K->348689K(511488K), 0.0009350 secs] [Times: user=0.00 sys=0.00, real=0.00 secs] 
187.699: [GC (Allocation Failure) [PSYoungGen: 26128K->10240K(39424K)] 369698K->353809K(511488K), 0.0009700 secs] [Times: user=0.00 sys=0.00, real=0.00 secs] 
188.788: [GC (Allocation Failure) [PSYoungGen: 36365K->5120K(39424K)] 451614K->420369K(511488K), 0.0011521 secs] [Times: user=0.00 sys=0.00, real=0.00 secs] 
189.223: [GC (Allocation Failure) [PSYoungGen: 31247K->10240K(39424K)] 446497K->430609K(511488K), 0.0015945 secs] [Times: user=0.00 sys=0.00, real=0.00 secs] 
189.440: [GC (Allocation Failure) [PSYoungGen: 21005K->0K(39424K)] 461855K->440849K(511488K), 0.0011284 secs] [Times: user=0.00 sys=0.00, real=0.00 secs] 
189.441: [GC (Allocation Failure) [PSYoungGen: 0K->0K(39424K)] 440849K->440849K(511488K), 0.0008077 secs] [Times: user=0.00 sys=0.00, real=0.00 secs] 
189.442: [Full GC (Allocation Failure) [PSYoungGen: 0K->0K(39424K)] [ParOldGen: 440849K->26129K(472064K)] 440849K->26129K(511488K), [Metaspace: 2796K->2796K(1056768K)], 0.0034904 secs] [Times: user=0.00 sys=0.00, real=0.00 secs] 
190.316: [GC (Allocation Failure) [PSYoungGen: 23053K->5120K(39424K)] 202783K->184849K(511488K), 0.0007434 secs] [Times: user=0.00 sys=0.00, real=0.00 secs] 
190.641: [GC (Allocation Failure) [PSYoungGen: 26128K->10240K(39424K)] 205857K->195089K(511488K), 0.0013624 secs] [Times: user=0.00 sys=0.00, real=0.00 secs] 
191.514: [GC (Allocation Failure) [PSYoungGen: 33293K->6176K(39424K)] 392222K->365105K(511488K), 0.0008145 secs] [Times: user=0.00 sys=0.00, real=0.00 secs] 
192.716: [GC (Allocation Failure) [PSYoungGen: 29231K->2080K(39424K)] 388161K->361009K(511488K), 0.0008173 secs] [Times: user=0.00 sys=0.00, real=0.00 secs] 
193.260: [GC (Allocation Failure) [PSYoungGen: 28205K->6176K(39424K)] 387134K->365105K(511488K), 0.0009680 secs] [Times: user=0.00 sys=0.00, real=0.00 secs] 
193.805: [GC (Allocation Failure) [PSYoungGen: 32300K->11296K(39424K)] 462909K->441905K(511488K), 0.0013932 secs] [Times: user=0.00 sys=0.00, real=0.00 secs] 
193.806: [GC (Allocation Failure) [PSYoungGen: 11296K->11296K(39424K)] 441905K->441905K(511488K), 0.0013586 secs] [Times: user=0.00 sys=0.00, real=0.00 secs] 
193.807: [Full GC (Allocation Failure) [PSYoungGen: 11296K->0K(39424K)] [ParOldGen: 430609K->62993K(472064K)] 441905K->62993K(511488K), [Metaspace: 2796K->2796K(1056768K)], 0.0056550 secs] [Times: user=0.00 sys=0.00, real=0.01 secs] 
194.586: [GC (Allocation Failure) [PSYoungGen: 23055K->10272K(39424K)] 188448K->175665K(511488K), 0.0011823 secs] [Times: user=0.00 sys=0.00, real=0.00 secs] 
194.913: [GC (Allocation Failure) [PSYoungGen: 31280K->10304K(39424K)] 196674K->180817K(511488K), 0.0014302 secs] [Times: user=0.00 sys=0.00, real=0.00 secs] 
196.332: [GC (Allocation Failure) [PSYoungGen: 33357K->5152K(39424K)] 377951K->349745K(511488K), 0.0010026 secs] [Times: user=0.00 sys=0.00, real=0.00 secs] 
196.658: [GC (Allocation Failure) [PSYoungGen: 15919K->64K(39424K)] 432193K->416337K(511488K), 0.0008848 secs] [Times: user=0.00 sys=0.00, real=0.00 secs] 
196.659: [GC (Allocation Failure) [PSYoungGen: 64K->32K(39424K)] 416337K->416305K(511488K), 0.0008116 secs] [Times: user=0.00 sys=0.00, real=0.00 secs] 
196.660: [Full GC (Allocation Failure) [PSYoungGen: 32K->0K(39424K)] [ParOldGen: 416273K->72209K(472064K)] 416305K->72209K(511488K), [Metaspace: 2796K->2796K(1056768K)], 0.0060747 secs] [Times: user=0.00 sys=0.00, real=0.01 secs] 
197.439: [GC (Allocation Failure) [PSYoungGen: 23056K->10240K(39424K)] 197665K->184849K(511488K), 0.0009521 secs] [Times: user=0.00 sys=0.00, real=0.00 secs] 
197.769: [GC (Allocation Failure) [PSYoungGen: 31249K->10240K(39424K)] 205859K->189969K(511488K), 0.0014711 secs] [Times: user=0.00 sys=0.00, real=0.00 secs] 
198.645: [GC (Allocation Failure) [PSYoungGen: 33293K->5120K(39424K)] 387103K->358929K(511488K), 0.0007590 secs] [Times: user=0.00 sys=0.00, real=0.00 secs] 
199.084: [GC (Allocation Failure) [PSYoungGen: 26128K->10240K(39424K)] 379938K->364049K(511488K), 0.0014043 secs] [Times: user=0.00 sys=0.00, real=0.00 secs] 
199.526: [GC (Allocation Failure) [PSYoungGen: 31245K->5120K(39424K)] 456734K->430609K(511488K), 0.0009418 secs] [Times: user=0.00 sys=0.00, real=0.00 secs] 
199.527: [GC (Allocation Failure) [PSYoungGen: 5120K->5120K(39424K)] 430609K->430609K(511488K), 0.0011096 secs] [Times: user=0.00 sys=0.00, real=0.00 secs] 
199.528: [Full GC (Allocation Failure) [PSYoungGen: 5120K->0K(39424K)] [ParOldGen: 425489K->133649K(472064K)] 430609K->133649K(511488K), [Metaspace: 2796K->2796K(1056768K)], 0.0086821 secs] [Times: user=0.00 sys=0.00, real=0.01 secs] 
200.630: [GC (Allocation Failure) [PSYoungGen: 26127K->10240K(39424K)] 262177K->251409K(511488K), 0.0017178 secs] [Times: user=0.00 sys=0.00, real=0.00 secs] 
201.502: [GC (Allocation Failure) [PSYoungGen: 33297K->6144K(39424K)] 448547K->421393K(511488K), 0.0008891 secs] [Times: user=0.00 sys=0.00, real=0.00 secs] 
201.938: [GC (Allocation Failure) [PSYoungGen: 27154K->11264K(39424K)] 442404K->426513K(511488K), 0.0012273 secs] [Times: user=0.00 sys=0.00, real=0.00 secs] 
202.268: [GC (Allocation Failure) [PSYoungGen: 32270K->6144K(39424K)] 468000K->441873K(511488K), 0.0013040 secs] [Times: user=0.00 sys=0.00, real=0.00 secs] 
202.269: [GC (Allocation Failure) [PSYoungGen: 6144K->6144K(39424K)] 441873K->441873K(511488K), 0.0011930 secs] [Times: user=0.00 sys=0.00, real=0.00 secs] 
202.271: [Full GC (Allocation Failure) [PSYoungGen: 6144K->0K(39424K)] [ParOldGen: 435729K->32273K(472064K)] 441873K->32273K(511488K), [Metaspace: 2796K->2796K(1056768K)], 0.0038828 secs] [Times: user=0.00 sys=0.00, real=0.00 secs] 
203.144: [GC (Allocation Failure) [PSYoungGen: 23056K->6144K(39424K)] 208930K->192017K(511488K), 0.0008642 secs] [Times: user=0.00 sys=0.00, real=0.00 secs] 
204.129: [GC (Allocation Failure) [PSYoungGen: 28178K->1024K(39424K)] 214051K->186897K(511488K), 0.0005601 secs] [Times: user=0.00 sys=0.00, real=0.00 secs] 
204.675: [GC (Allocation Failure) [PSYoungGen: 27150K->10240K(39424K)] 213024K->196113K(511488K), 0.0010497 secs] [Times: user=0.00 sys=0.00, real=0.00 secs] 
205.330: [GC (Allocation Failure) [PSYoungGen: 36364K->5120K(39424K)] 396318K->375313K(511488K), 0.0014453 secs] [Times: user=0.00 sys=0.00, real=0.00 secs] 
205.986: [GC (Allocation Failure) [PSYoungGen: 28175K->10240K(39424K)] 398369K->385553K(511488K), 0.0014226 secs] [Times: user=0.00 sys=0.00, real=0.00 secs] 
206.315: [GC (Allocation Failure) [PSYoungGen: 31245K->10240K(39424K)] 406558K->390673K(511488K), 0.0016766 secs] [Times: user=0.00 sys=0.00, real=0.00 secs] 
206.642: [Full GC (Ergonomics) [PSYoungGen: 21003K->0K(39424K)] [ParOldGen: 452113K->92689K(472064K)] 473116K->92689K(511488K), [Metaspace: 2796K->2796K(1056768K)], 0.0078749 secs] [Times: user=0.00 sys=0.00, real=0.01 secs] 
208.518: [GC (Allocation Failure) [PSYoungGen: 25099K->5120K(39424K)] 394268K->374289K(511488K), 0.0007666 secs] [Times: user=0.00 sys=0.00, real=0.00 secs] 
209.063: [GC (Allocation Failure) [PSYoungGen: 31246K->10240K(39424K)] 400416K->379409K(511488K), 0.0011981 secs] [Times: user=0.00 sys=0.00, real=0.00 secs] 
209.500: [GC (Allocation Failure) [PSYoungGen: 31244K->5120K(39424K)] 472094K->445969K(511488K), 0.0009445 secs] [Times: user=0.00 sys=0.00, real=0.00 secs] 
209.501: [GC (Allocation Failure) [PSYoungGen: 5120K->5120K(39424K)] 445969K->445969K(511488K), 0.0007476 secs] [Times: user=0.00 sys=0.00, real=0.00 secs] 
209.502: [Full GC (Allocation Failure) [PSYoungGen: 5120K->0K(39424K)] [ParOldGen: 440849K->108049K(472064K)] 445969K->108049K(511488K), [Metaspace: 2796K->2796K(1056768K)], 0.0083374 secs] [Times: user=0.00 sys=0.00, real=0.01 secs] 
210.280: [GC (Allocation Failure) [PSYoungGen: 23055K->5120K(39424K)] 233505K->215569K(511488K), 0.0008809 secs] [Times: user=0.00 sys=0.00, real=0.00 secs] 
210.607: [GC (Allocation Failure) [PSYoungGen: 26129K->10240K(39424K)] 236579K->225809K(511488K), 0.0015758 secs] [Times: user=0.00 sys=0.00, real=0.00 secs] 
211.920: [GC (Allocation Failure) [PSYoungGen: 32269K->10240K(39424K)] 421919K->399889K(511488K), 0.0009379 secs] [Times: user=0.00 sys=0.00, real=0.00 secs] 
212.355: [Full GC (Ergonomics) [PSYoungGen: 31248K->0K(39424K)] [ParOldGen: 461329K->56849K(472064K)] 492578K->56849K(511488K), [Metaspace: 2796K->2796K(1056768K)], 0.0051884 secs] [Times: user=0.00 sys=0.00, real=0.00 secs] 
213.133: [GC (Allocation Failure) [PSYoungGen: 23057K->6144K(39424K)] 182307K->165393K(511488K), 0.0008178 secs] [Times: user=0.00 sys=0.00, real=0.00 secs] 
213.460: [GC (Allocation Failure) [PSYoungGen: 27154K->11264K(39424K)] 186404K->180753K(511488K), 0.0014466 secs] [Times: user=0.00 sys=0.00, real=0.00 secs] 
214.333: [GC (Allocation Failure) [PSYoungGen: 34318K->11264K(39424K)] 377888K->354833K(511488K), 0.0011082 secs] [Times: user=0.00 sys=0.00, real=0.00 secs] 
214.769: [GC (Allocation Failure) [PSYoungGen: 32272K->11264K(39424K)] 375842K->354833K(511488K), 0.0011681 secs] [Times: user=0.00 sys=0.00, real=0.00 secs] 
215.647: [GC (Allocation Failure) [PSYoungGen: 37389K->5120K(39424K)] 380959K->348689K(511488K), 0.0009560 secs] [Times: user=0.00 sys=0.00, real=0.00 secs] 
216.191: [GC (Allocation Failure) [PSYoungGen: 31244K->10240K(39424K)] 374814K->353809K(511488K), 0.0010158 secs] [Times: user=0.00 sys=0.00, real=0.00 secs] 
216.627: [GC (Allocation Failure) [PSYoungGen: 31243K->5120K(39424K)] 446493K->420369K(511488K), 0.0011460 secs] [Times: user=0.00 sys=0.00, real=0.00 secs] 
216.629: [GC (Allocation Failure) [PSYoungGen: 5120K->5120K(39424K)] 420369K->420369K(511488K), 0.0008525 secs] [Times: user=0.00 sys=0.00, real=0.00 secs] 
216.629: [Full GC (Allocation Failure) [PSYoungGen: 5120K->0K(39424K)] [ParOldGen: 415249K->77329K(472064K)] 420369K->77329K(511488K), [Metaspace: 2796K->2796K(1056768K)], 0.0064177 secs] [Times: user=0.00 sys=0.00, real=0.01 secs] 
217.407: [GC (Allocation Failure) [PSYoungGen: 23054K->10240K(39424K)] 202784K->189969K(511488K), 0.0011778 secs] [Times: user=0.00 sys=0.00, real=0.00 secs] 
217.735: [GC (Allocation Failure) [PSYoungGen: 31248K->10240K(39424K)] 210978K->195089K(511488K), 0.0018091 secs] [Times: user=0.00 sys=0.00, real=0.00 secs] 
218.609: [GC (Allocation Failure) [PSYoungGen: 33293K->5120K(39424K)] 392223K->364049K(511488K), 0.0009255 secs] [Times: user=0.00 sys=0.00, real=0.00 secs] 
Heap
 PSYoungGen      total 39424K, used 16420K [0x00000000fcd00000, 0x0000000100000000, 0x0000000100000000)
  eden space 26624K, 42% used [0x00000000fcd00000,0x00000000fd8092c0,0x00000000fe700000)
  from space 12800K, 40% used [0x00000000fe700000,0x00000000fec00010,0x00000000ff380000)
  to   space 12800K, 0% used [0x00000000ff380000,0x00000000ff380000,0x0000000100000000)
 ParOldGen       total 472064K, used 358929K [0x00000000e0000000, 0x00000000fcd00000, 0x00000000fcd00000)
  object space 472064K, 76% used [0x00000000e0000000,0x00000000f5e84760,0x00000000fcd00000)
 Metaspace       used 2804K, capacity 4486K, committed 4864K, reserved 1056768K
  class space    used 297K, capacity 386K, committed 512K, reserved 1048576K
