Java HotSpot(TM) 64-Bit Server VM (25.411-b09) for windows-amd64 JRE (1.8.0_411-b09), built on Mar 13 2024 07:26:13 by "java_re" with MS VC++ 17.1 (VS2022)
Memory: 4k page, physical 33403376k(12794584k free), swap 38325348k(7855500k free)
CommandLine flags: -XX:InitialHeapSize=1073741824 -XX:MaxHeapSize=1073741824 -XX:NewRatio=9 -XX:ParallelGCThreads=6 -XX:PretenureSizeThreshold=52428800 -XX:+PrintGC -XX:+PrintGCDetails -XX:+PrintGCTimeStamps -XX:SurvivorRatio=13 -XX:-UseAdaptiveSizePolicy -XX:+UseCompressedClassPointers -XX:+UseCompressedOops -XX:-UseLargePagesIndividualAllocation -XX:+UseParallelGC 
1.970: [GC (Allocation Failure) [PSYoungGen: 88637K->6632K(97792K)] 242237K->165472K(1041920K), 0.0027796 secs] [Times: user=0.00 sys=0.00, real=0.00 secs] 
3.770: [GC (Allocation Failure) [PSYoungGen: 96519K->6648K(97792K)] 408959K->325232K(1041920K), 0.0028064 secs] [Times: user=0.00 sys=0.00, real=0.00 secs] 
6.118: [GC (Allocation Failure) [PSYoungGen: 97559K->6648K(97792K)] 569743K->489072K(1041920K), 0.0044199 secs] [Times: user=0.00 sys=0.00, real=0.00 secs] 
8.468: [GC (Allocation Failure) [PSYoungGen: 97446K->5656K(97792K)] 733470K->641688K(1041920K), 0.0016839 secs] [Times: user=0.00 sys=0.00, real=0.00 secs] 
9.377: [GC (Allocation Failure) [PSYoungGen: 95542K->5560K(97792K)] 833975K->795192K(1041920K), 0.0177936 secs] [Times: user=0.00 sys=0.00, real=0.02 secs] 
11.188: [Full GC (Ergonomics) [PSYoungGen: 95447K->0K(97792K)] [ParOldGen: 943232K->169488K(944128K)] 1038679K->169488K(1041920K), [Metaspace: 2761K->2761K(1056768K)], 0.0240959 secs] [Times: user=0.00 sys=0.00, real=0.02 secs] 
12.857: [GC (Allocation Failure) [PSYoungGen: 74095K->5152K(97792K)] 397184K->338488K(1041920K), 0.0013934 secs] [Times: user=0.00 sys=0.00, real=0.00 secs] 
13.730: [GC (Allocation Failure) [PSYoungGen: 95038K->6176K(97792K)] 530775K->447033K(1041920K), 0.0012633 secs] [Times: user=0.00 sys=0.00, real=0.00 secs] 
15.489: [GC (Allocation Failure) [PSYoungGen: 96063K->6176K(97792K)] 690520K->615993K(1041920K), 0.0020910 secs] [Times: user=0.00 sys=0.00, real=0.00 secs] 
17.138: [GC (Allocation Failure) [PSYoungGen: 79678K->5152K(97792K)] 689496K->625209K(1041920K), 0.0016314 secs] [Times: user=0.02 sys=0.00, real=0.00 secs] 
18.020: [GC (Allocation Failure) [PSYoungGen: 95032K->5152K(97792K)] 817489K->758329K(1041920K), 0.0031102 secs] [Times: user=0.00 sys=0.00, real=0.00 secs] 
20.100: [Full GC (Ergonomics) [PSYoungGen: 84794K->0K(97792K)] [ParOldGen: 906777K->6066K(944128K)] 991571K->6066K(1041920K), [Metaspace: 2770K->2770K(1056768K)], 0.0044930 secs] [Times: user=0.00 sys=0.00, real=0.01 secs] 
21.198: [GC (Allocation Failure) [PSYoungGen: 84764K->5120K(97792K)] 193230K->118706K(1041920K), 0.0012441 secs] [Times: user=0.00 sys=0.00, real=0.00 secs] 
22.737: [GC (Allocation Failure) [PSYoungGen: 89885K->6144K(97792K)] 357071K->283570K(1041920K), 0.0014455 secs] [Times: user=0.00 sys=0.00, real=0.00 secs] 
24.056: [GC (Allocation Failure) [PSYoungGen: 96029K->5120K(97792K)] 475856K->384946K(1041920K), 0.0008041 secs] [Times: user=0.00 sys=0.00, real=0.00 secs] 
25.587: [GC (Allocation Failure) [PSYoungGen: 89886K->5120K(97792K)] 623312K->559026K(1041920K), 0.0019671 secs] [Times: user=0.00 sys=0.00, real=0.00 secs] 
26.352: [GC (Allocation Failure) [PSYoungGen: 95006K->5120K(97792K)] 751312K->676786K(1041920K), 0.0019134 secs] [Times: user=0.00 sys=0.00, real=0.00 secs] 
28.210: [GC (Allocation Failure) [PSYoungGen: 93982K->5120K(97792K)] 765649K->681906K(1041920K), 0.0015739 secs] [Times: user=0.00 sys=0.00, real=0.00 secs] 
29.861: [GC (Allocation Failure) [PSYoungGen: 95386K->5152K(97792K)] 925772K->850906K(1041920K), 0.0018923 secs] [Times: user=0.00 sys=0.00, real=0.00 secs] 
30.190: [GC (Allocation Failure) [PSYoungGen: 88890K->5248K(97792K)] 934645K->902202K(1041920K), 0.0048475 secs] [Times: user=0.00 sys=0.00, real=0.00 secs] 
30.195: [Full GC (Ergonomics) [PSYoungGen: 5248K->0K(97792K)] [ParOldGen: 896954K->113169K(944128K)] 902202K->113169K(1041920K), [Metaspace: 2793K->2793K(1056768K)], 0.0113793 secs] [Times: user=0.00 sys=0.00, real=0.01 secs] 
32.835: [GC (Allocation Failure) [PSYoungGen: 81686K->6144K(97792K)] 399655K->334353K(1041920K), 0.0017049 secs] [Times: user=0.00 sys=0.00, real=0.00 secs] 
33.708: [GC (Allocation Failure) [PSYoungGen: 96025K->2048K(97792K)] 526634K->442897K(1041920K), 0.0012906 secs] [Times: user=0.00 sys=0.00, real=0.00 secs] 
35.677: [GC (Allocation Failure) [PSYoungGen: 86811K->0K(97792K)] 681260K->614929K(1041920K), 0.0016343 secs] [Times: user=0.00 sys=0.00, real=0.00 secs] 
36.554: [GC (Allocation Failure) [PSYoungGen: 89884K->5120K(97792K)] 807213K->727569K(1041920K), 0.0013192 secs] [Times: user=0.00 sys=0.00, real=0.00 secs] 
38.311: [GC (Allocation Failure) [PSYoungGen: 95005K->5120K(97792K)] 971054K->911889K(1041920K), 0.0028647 secs] [Times: user=0.02 sys=0.00, real=0.00 secs] 
38.314: [Full GC (Ergonomics) [PSYoungGen: 5120K->0K(97792K)] [ParOldGen: 906769K->46609K(944128K)] 911889K->46609K(1041920K), [Metaspace: 2793K->2793K(1056768K)], 0.0052192 secs] [Times: user=0.00 sys=0.00, real=0.01 secs] 
39.952: [GC (Allocation Failure) [PSYoungGen: 83741K->5120K(97792K)] 181551K->113169K(1041920K), 0.0013125 secs] [Times: user=0.02 sys=0.00, real=0.00 secs] 
40.833: [GC (Allocation Failure) [PSYoungGen: 95006K->5120K(97792K)] 305455K->220689K(1041920K), 0.0009315 secs] [Times: user=0.00 sys=0.00, real=0.00 secs] 
43.252: [GC (Allocation Failure) [PSYoungGen: 96030K->1024K(97792K)] 465199K->370193K(1041920K), 0.0007736 secs] [Times: user=0.00 sys=0.00, real=0.00 secs] 
45.122: [GC (Allocation Failure) [PSYoungGen: 91934K->6144K(97792K)] 614704K->544273K(1041920K), 0.0019103 secs] [Times: user=0.00 sys=0.00, real=0.00 secs] 
47.099: [GC (Allocation Failure) [PSYoungGen: 85790K->0K(97792K)] 777520K->701969K(1041920K), 0.0016490 secs] [Times: user=0.00 sys=0.00, real=0.00 secs] 
47.978: [GC (Allocation Failure) [PSYoungGen: 89886K->5120K(97792K)] 894256K->835089K(1041920K), 0.0028643 secs] [Times: user=0.00 sys=0.00, real=0.00 secs] 
48.748: [GC (Allocation Failure) [PSYoungGen: 63262K->0K(97792K)] 944432K->881169K(1041920K), 0.0020980 secs] [Times: user=0.00 sys=0.00, real=0.00 secs] 
48.750: [GC (Allocation Failure) [PSYoungGen: 0K->0K(97792K)] 881169K->881169K(1041920K), 0.0020194 secs] [Times: user=0.00 sys=0.00, real=0.00 secs] 
48.752: [Full GC (Allocation Failure) [PSYoungGen: 0K->0K(97792K)] [ParOldGen: 881169K->77329K(944128K)] 881169K->77329K(1041920K), [Metaspace: 2795K->2795K(1056768K)], 0.0072177 secs] [Times: user=0.00 sys=0.00, real=0.01 secs] 
51.182: [GC (Allocation Failure) [PSYoungGen: 89886K->5120K(97792K)] 423216K->343569K(1041920K), 0.0013041 secs] [Times: user=0.00 sys=0.00, real=0.00 secs] 
52.719: [GC (Allocation Failure) [PSYoungGen: 89886K->6144K(97792K)] 581936K->513553K(1041920K), 0.0019405 secs] [Times: user=0.00 sys=0.00, real=0.00 secs] 
53.491: [GC (Allocation Failure) [PSYoungGen: 96030K->6144K(97792K)] 705840K->622097K(1041920K), 0.0014941 secs] [Times: user=0.00 sys=0.00, real=0.00 secs] 
55.679: [GC (Allocation Failure) [PSYoungGen: 95006K->5120K(97792K)] 710960K->641553K(1041920K), 0.0017297 secs] [Times: user=0.00 sys=0.00, real=0.00 secs] 
56.561: [GC (Allocation Failure) [PSYoungGen: 95001K->5120K(97792K)] 833834K->754193K(1041920K), 0.0015534 secs] [Times: user=0.00 sys=0.00, real=0.00 secs] 
58.537: [Full GC (Ergonomics) [PSYoungGen: 79643K->0K(97792K)] [ParOldGen: 902673K->6144K(944128K)] 982316K->6144K(1041920K), [Metaspace: 2796K->2796K(1056768K)], 0.0031165 secs] [Times: user=0.00 sys=0.00, real=0.00 secs] 
59.413: [GC (Allocation Failure) [PSYoungGen: 89884K->5120K(97792K)] 198428K->164864K(1041920K), 0.0044932 secs] [Times: user=0.00 sys=0.00, real=0.00 secs] 
61.172: [GC (Allocation Failure) [PSYoungGen: 95005K->5120K(97792K)] 408349K->328704K(1041920K), 0.0016163 secs] [Times: user=0.00 sys=0.00, real=0.00 secs] 
62.821: [GC (Allocation Failure) [PSYoungGen: 78621K->5120K(97792K)] 555805K->492544K(1041920K), 0.0018244 secs] [Times: user=0.00 sys=0.00, real=0.00 secs] 
63.701: [GC (Allocation Failure) [PSYoungGen: 95006K->6144K(97792K)] 684830K->601088K(1041920K), 0.0022062 secs] [Times: user=0.00 sys=0.00, real=0.00 secs] 
65.458: [GC (Allocation Failure) [PSYoungGen: 96030K->6144K(97792K)] 844574K->770048K(1041920K), 0.0024385 secs] [Times: user=0.00 sys=0.00, real=0.00 secs] 
67.100: [GC (Allocation Failure) [PSYoungGen: 79646K->5120K(97792K)] 843550K->779264K(1041920K), 0.0022807 secs] [Times: user=0.00 sys=0.00, real=0.00 secs] 
67.976: [GC (Allocation Failure) [PSYoungGen: 94999K->5120K(97792K)] 971544K->912384K(1041920K), 0.0035959 secs] [Times: user=0.00 sys=0.00, real=0.00 secs] 
67.979: [Full GC (Ergonomics) [PSYoungGen: 5120K->0K(97792K)] [ParOldGen: 907264K->31249K(944128K)] 912384K->31249K(1041920K), [Metaspace: 2796K->2796K(1056768K)], 0.0047911 secs] [Times: user=0.00 sys=0.00, real=0.01 secs] 
70.598: [GC (Allocation Failure) [PSYoungGen: 86810K->5120K(97792K)] 425259K->343569K(1041920K), 0.0008984 secs] [Times: user=0.00 sys=0.00, real=0.00 secs] 
72.354: [GC (Allocation Failure) [PSYoungGen: 95003K->6144K(97792K)] 587053K->503313K(1041920K), 0.0012303 secs] [Times: user=0.00 sys=0.00, real=0.00 secs] 
74.227: [GC (Allocation Failure) [PSYoungGen: 85788K->0K(97792K)] 736558K->671249K(1041920K), 0.0018079 secs] [Times: user=0.00 sys=0.00, real=0.00 secs] 
75.109: [GC (Allocation Failure) [PSYoungGen: 89885K->5120K(97792K)] 863535K->783889K(1041920K), 0.0016139 secs] [Times: user=0.00 sys=0.00, real=0.00 secs] 
76.865: [Full GC (Ergonomics) [PSYoungGen: 95006K->0K(97792K)] [ParOldGen: 932369K->36369K(944128K)] 1027375K->36369K(1041920K), [Metaspace: 2796K->2796K(1056768K)], 0.0051838 secs] [Times: user=0.00 sys=0.00, real=0.00 secs] 
78.512: [GC (Allocation Failure) [PSYoungGen: 88862K->5120K(97792K)] 125231K->51729K(1041920K), 0.0017011 secs] [Times: user=0.00 sys=0.00, real=0.00 secs] 
79.393: [GC (Allocation Failure) [PSYoungGen: 95000K->5120K(97792K)] 244010K->210449K(1041920K), 0.0054203 secs] [Times: user=0.00 sys=0.00, real=0.01 secs] 
81.914: [GC (Allocation Failure) [PSYoungGen: 91931K->2048K(97792K)] 553260K->463377K(1041920K), 0.0006744 secs] [Times: user=0.00 sys=0.00, real=0.00 secs] 
83.667: [GC (Allocation Failure) [PSYoungGen: 91932K->6144K(97792K)] 706861K->627217K(1041920K), 0.0012880 secs] [Times: user=0.00 sys=0.00, real=0.00 secs] 
85.632: [GC (Allocation Failure) [PSYoungGen: 90909K->0K(97792K)] 865582K->795153K(1041920K), 0.0016435 secs] [Times: user=0.00 sys=0.00, real=0.00 secs] 
86.509: [Full GC (Ergonomics) [PSYoungGen: 89885K->0K(97792K)] [ParOldGen: 897553K->21009K(944128K)] 987439K->21009K(1041920K), [Metaspace: 2796K->2796K(1056768K)], 0.0040555 secs] [Times: user=0.00 sys=0.00, real=0.00 secs] 
88.253: [GC (Allocation Failure) [PSYoungGen: 89886K->5120K(97792K)] 264495K->205329K(1041920K), 0.0026739 secs] [Times: user=0.00 sys=0.00, real=0.00 secs] 
89.892: [GC (Allocation Failure) [PSYoungGen: 88862K->5120K(97792K)] 340271K->266769K(1041920K), 0.0013362 secs] [Times: user=0.00 sys=0.00, real=0.00 secs] 
90.765: [GC (Allocation Failure) [PSYoungGen: 95006K->5120K(97792K)] 459055K->374289K(1041920K), 0.0011002 secs] [Times: user=0.00 sys=0.00, real=0.00 secs] 
93.180: [GC (Allocation Failure) [PSYoungGen: 96030K->1024K(97792K)] 618800K->523793K(1041920K), 0.0011056 secs] [Times: user=0.00 sys=0.00, real=0.00 secs] 
95.043: [GC (Allocation Failure) [PSYoungGen: 91934K->6144K(97792K)] 768304K->697873K(1041920K), 0.0022658 secs] [Times: user=0.00 sys=0.00, real=0.00 secs] 
97.010: [GC (Allocation Failure) [PSYoungGen: 85790K->0K(97792K)] 931120K->855569K(1041920K), 0.0017288 secs] [Times: user=0.00 sys=0.00, real=0.00 secs] 
97.230: [GC (Allocation Failure) [PSYoungGen: 73502K->0K(97792K)] 929072K->927249K(1041920K), 0.0053980 secs] [Times: user=0.00 sys=0.00, real=0.00 secs] 
97.235: [Full GC (Ergonomics) [PSYoungGen: 0K->0K(97792K)] [ParOldGen: 927249K->72209K(944128K)] 927249K->72209K(1041920K), [Metaspace: 2796K->2796K(1056768K)], 0.0076573 secs] [Times: user=0.00 sys=0.00, real=0.01 secs] 
99.220: [GC (Allocation Failure) [PSYoungGen: 86808K->5120K(97792K)] 415017K->338449K(1041920K), 0.0010010 secs] [Times: user=0.00 sys=0.00, real=0.00 secs] 
101.187: [GC (Allocation Failure) [PSYoungGen: 93978K->5120K(97792K)] 580907K->502289K(1041920K), 0.0014881 secs] [Times: user=0.00 sys=0.00, real=0.00 secs] 
101.947: [GC (Allocation Failure) [PSYoungGen: 95003K->6144K(97792K)] 694573K->610833K(1041920K), 0.0014380 secs] [Times: user=0.00 sys=0.00, real=0.00 secs] 
103.691: [GC (Allocation Failure) [PSYoungGen: 96029K->6144K(97792K)] 854318K->775697K(1041920K), 0.0017890 secs] [Times: user=0.00 sys=0.00, real=0.00 secs] 
105.546: [GC (Allocation Failure) [PSYoungGen: 79645K->5120K(97792K)] 849199K->795153K(1041920K), 0.0020876 secs] [Times: user=0.00 sys=0.00, real=0.00 secs] 
106.421: [Full GC (Ergonomics) [PSYoungGen: 94999K->0K(97792K)] [ParOldGen: 892433K->26129K(944128K)] 987432K->26129K(1041920K), [Metaspace: 2796K->2796K(1056768K)], 0.0044443 secs] [Times: user=0.02 sys=0.00, real=0.00 secs] 
108.381: [GC (Allocation Failure) [PSYoungGen: 74521K->5120K(97792K)] 254251K->184849K(1041920K), 0.0008981 secs] [Times: user=0.00 sys=0.00, real=0.00 secs] 
109.257: [GC (Allocation Failure) [PSYoungGen: 95003K->5120K(97792K)] 377132K->338449K(1041920K), 0.0045553 secs] [Times: user=0.00 sys=0.00, real=0.00 secs] 
111.007: [GC (Allocation Failure) [PSYoungGen: 95004K->5120K(97792K)] 581934K->502289K(1041920K), 0.0013418 secs] [Times: user=0.00 sys=0.00, real=0.00 secs] 
112.643: [GC (Allocation Failure) [PSYoungGen: 78621K->5120K(97792K)] 729390K->666129K(1041920K), 0.0018324 secs] [Times: user=0.00 sys=0.00, real=0.00 secs] 
113.514: [GC (Allocation Failure) [PSYoungGen: 95005K->6144K(97792K)] 858415K->774673K(1041920K), 0.0018915 secs] [Times: user=0.00 sys=0.00, real=0.00 secs] 
115.260: [Full GC (Ergonomics) [PSYoungGen: 96030K->0K(97792K)] [ParOldGen: 922129K->27648K(944128K)] 1018159K->27648K(1041920K), [Metaspace: 2796K->2796K(1056768K)], 0.0044904 secs] [Times: user=0.00 sys=0.00, real=0.00 secs] 
116.894: [GC (Allocation Failure) [PSYoungGen: 73502K->5120K(97792K)] 101150K->43008K(1041920K), 0.0015151 secs] [Times: user=0.00 sys=0.00, real=0.00 secs] 
117.766: [GC (Allocation Failure) [PSYoungGen: 94999K->5120K(97792K)] 235287K->176128K(1041920K), 0.0029973 secs] [Times: user=0.00 sys=0.00, real=0.00 secs] 
120.381: [GC (Allocation Failure) [PSYoungGen: 91930K->5120K(97792K)] 570138K->483328K(1041920K), 0.0018401 secs] [Times: user=0.00 sys=0.00, real=0.00 secs] 
122.127: [GC (Allocation Failure) [PSYoungGen: 95003K->6144K(97792K)] 726812K->643072K(1041920K), 0.0022750 secs] [Times: user=0.00 sys=0.00, real=0.00 secs] 
123.982: [GC (Allocation Failure) [PSYoungGen: 85788K->0K(97792K)] 876317K->811008K(1041920K), 0.0018644 secs] [Times: user=0.00 sys=0.00, real=0.00 secs] 
124.857: [Full GC (Ergonomics) [PSYoungGen: 89885K->0K(97792K)] [ParOldGen: 913408K->21009K(944128K)] 1003293K->21009K(1041920K), [Metaspace: 2796K->2796K(1056768K)], 0.0048160 secs] [Times: user=0.00 sys=0.00, real=0.01 secs] 
126.608: [GC (Allocation Failure) [PSYoungGen: 89886K->5120K(97792K)] 264495K->195089K(1041920K), 0.0018864 secs] [Times: user=0.02 sys=0.00, real=0.00 secs] 
128.248: [GC (Allocation Failure) [PSYoungGen: 93982K->5120K(97792K)] 283951K->205329K(1041920K), 0.0012650 secs] [Times: user=0.00 sys=0.00, real=0.00 secs] 
129.117: [GC (Allocation Failure) [PSYoungGen: 95000K->5120K(97792K)] 397610K->364049K(1041920K), 0.0049683 secs] [Times: user=0.00 sys=0.00, real=0.01 secs] 
131.633: [GC (Allocation Failure) [PSYoungGen: 91931K->2048K(97792K)] 706860K->616977K(1041920K), 0.0009849 secs] [Times: user=0.00 sys=0.00, real=0.00 secs] 
133.377: [GC (Allocation Failure) [PSYoungGen: 91932K->2048K(97792K)] 860461K->780817K(1041920K), 0.0013021 secs] [Times: user=0.00 sys=0.00, real=0.00 secs] 
135.348: [Full GC (Ergonomics) [PSYoungGen: 86813K->0K(97792K)] [ParOldGen: 932369K->11264K(944128K)] 1019182K->11264K(1041920K), [Metaspace: 2796K->2796K(1056768K)], 0.0033018 secs] [Times: user=0.00 sys=0.00, real=0.00 secs] 
136.227: [GC (Allocation Failure) [PSYoungGen: 89885K->5120K(97792K)] 203549K->123904K(1041920K), 0.0009182 secs] [Times: user=0.00 sys=0.00, real=0.00 secs] 
137.979: [GC (Allocation Failure) [PSYoungGen: 95006K->5120K(97792K)] 367390K->308224K(1041920K), 0.0029952 secs] [Times: user=0.00 sys=0.00, real=0.00 secs] 
139.617: [GC (Allocation Failure) [PSYoungGen: 88862K->5120K(97792K)] 443166K->369664K(1041920K), 0.0015781 secs] [Times: user=0.00 sys=0.00, real=0.00 secs] 
140.494: [GC (Allocation Failure) [PSYoungGen: 95006K->5120K(97792K)] 561950K->477184K(1041920K), 0.0015500 secs] [Times: user=0.00 sys=0.00, real=0.00 secs] 
142.894: [GC (Allocation Failure) [PSYoungGen: 96030K->1024K(97792K)] 721694K->626688K(1041920K), 0.0012469 secs] [Times: user=0.00 sys=0.00, real=0.00 secs] 
144.751: [GC (Allocation Failure) [PSYoungGen: 91934K->6144K(97792K)] 871199K->800768K(1041920K), 0.0023118 secs] [Times: user=0.00 sys=0.00, real=0.00 secs] 
145.519: [GC (Allocation Failure) [PSYoungGen: 64286K->1024K(97792K)] 910111K->857088K(1041920K), 0.0024170 secs] [Times: user=0.00 sys=0.00, real=0.00 secs] 
145.522: [GC (Allocation Failure) [PSYoungGen: 1024K->1024K(97792K)] 857088K->857088K(1041920K), 0.0018904 secs] [Times: user=0.00 sys=0.00, real=0.00 secs] 
145.524: [Full GC (Allocation Failure) [PSYoungGen: 1024K->0K(97792K)] [ParOldGen: 856064K->78353K(944128K)] 857088K->78353K(1041920K), [Metaspace: 2796K->2796K(1056768K)], 0.0072307 secs] [Times: user=0.00 sys=0.00, real=0.01 secs] 
148.047: [GC (Allocation Failure) [PSYoungGen: 86814K->5120K(97792K)] 421168K->370193K(1041920K), 0.0026953 secs] [Times: user=0.00 sys=0.00, real=0.00 secs] 
148.811: [GC (Allocation Failure) [PSYoungGen: 95006K->5120K(97792K)] 562480K->528913K(1041920K), 0.0056775 secs] [Times: user=0.00 sys=0.00, real=0.01 secs] 
150.771: [GC (Allocation Failure) [PSYoungGen: 88862K->5120K(97792K)] 766256K->687633K(1041920K), 0.0014098 secs] [Times: user=0.00 sys=0.00, real=0.00 secs] 
152.297: [GC (Allocation Failure) [PSYoungGen: 89886K->6144K(97792K)] 926000K->852497K(1041920K), 0.0019752 secs] [Times: user=0.00 sys=0.00, real=0.00 secs] 
152.625: [GC (Allocation Failure) [PSYoungGen: 89886K->6144K(97792K)] 936240K->903697K(1041920K), 0.0053782 secs] [Times: user=0.00 sys=0.00, real=0.00 secs] 
152.630: [Full GC (Ergonomics) [PSYoungGen: 6144K->0K(97792K)] [ParOldGen: 897553K->62993K(944128K)] 903697K->62993K(1041920K), [Metaspace: 2796K->2796K(1056768K)], 0.0065142 secs] [Times: user=0.00 sys=0.00, real=0.01 secs] 
155.148: [GC (Allocation Failure) [PSYoungGen: 85784K->5120K(97792K)] 251178K->180753K(1041920K), 0.0014588 secs] [Times: user=0.00 sys=0.00, real=0.00 secs] 
155.911: [GC (Allocation Failure) [PSYoungGen: 95002K->5120K(97792K)] 373036K->298513K(1041920K), 0.0017018 secs] [Times: user=0.00 sys=0.00, real=0.00 secs] 
158.089: [GC (Allocation Failure) [PSYoungGen: 89884K->5120K(97792K)] 536877K->452113K(1041920K), 0.0008113 secs] [Times: user=0.00 sys=0.00, real=0.00 secs] 
158.962: [GC (Allocation Failure) [PSYoungGen: 95005K->5120K(97792K)] 644398K->605713K(1041920K), 0.0160773 secs] [Times: user=0.02 sys=0.00, real=0.02 secs] 
160.724: [GC (Allocation Failure) [PSYoungGen: 95005K->5120K(97792K)] 849199K->769553K(1041920K), 0.0020677 secs] [Times: user=0.00 sys=0.00, real=0.00 secs] 
162.362: [Full GC (Ergonomics) [PSYoungGen: 78622K->0K(97792K)] [ParOldGen: 918033K->16384K(944128K)] 996655K->16384K(1041920K), [Metaspace: 2796K->2796K(1056768K)], 0.0037515 secs] [Times: user=0.00 sys=0.00, real=0.00 secs] 
163.238: [GC (Allocation Failure) [PSYoungGen: 89886K->6144K(97792K)] 208670K->124928K(1041920K), 0.0007981 secs] [Times: user=0.00 sys=0.00, real=0.00 secs] 
164.987: [GC (Allocation Failure) [PSYoungGen: 96030K->6144K(97792K)] 368414K->293888K(1041920K), 0.0019587 secs] [Times: user=0.00 sys=0.00, real=0.00 secs] 
166.626: [GC (Allocation Failure) [PSYoungGen: 79646K->5120K(97792K)] 367390K->303104K(1041920K), 0.0016103 secs] [Times: user=0.00 sys=0.00, real=0.00 secs] 
167.506: [GC (Allocation Failure) [PSYoungGen: 94999K->5120K(97792K)] 495383K->436224K(1041920K), 0.0030811 secs] [Times: user=0.00 sys=0.00, real=0.00 secs] 
170.132: [GC (Allocation Failure) [PSYoungGen: 91930K->5120K(97792K)] 830234K->743424K(1041920K), 0.0013286 secs] [Times: user=0.00 sys=0.00, real=0.00 secs] 
171.883: [Full GC (Ergonomics) [PSYoungGen: 95003K->0K(97792K)] [ParOldGen: 891904K->114193K(944128K)] 986908K->114193K(1041920K), [Metaspace: 2796K->2796K(1056768K)], 0.0113215 secs] [Times: user=0.01 sys=0.00, real=0.01 secs] 
173.752: [GC (Allocation Failure) [PSYoungGen: 79644K->0K(97792K)] 347438K->288273K(1041920K), 0.0021753 secs] [Times: user=0.00 sys=0.00, real=0.00 secs] 
174.628: [GC (Allocation Failure) [PSYoungGen: 89885K->5120K(97792K)] 480558K->400913K(1041920K), 0.0011450 secs] [Times: user=0.00 sys=0.00, real=0.00 secs] 
176.385: [GC (Allocation Failure) [PSYoungGen: 95006K->5120K(97792K)] 644399K->569873K(1041920K), 0.0017976 secs] [Times: user=0.00 sys=0.00, real=0.00 secs] 
178.018: [GC (Allocation Failure) [PSYoungGen: 93982K->5120K(97792K)] 658735K->580113K(1041920K), 0.0016150 secs] [Times: user=0.00 sys=0.00, real=0.00 secs] 
178.888: [GC (Allocation Failure) [PSYoungGen: 95000K->5120K(97792K)] 772394K->738833K(1041920K), 0.0048687 secs] [Times: user=0.00 sys=0.00, real=0.00 secs] 
181.069: [Full GC (Ergonomics) [PSYoungGen: 89883K->0K(97792K)] [ParOldGen: 887313K->6144K(944128K)] 977196K->6144K(1041920K), [Metaspace: 2796K->2796K(1056768K)], 0.0027235 secs] [Times: user=0.00 sys=0.00, real=0.00 secs] 
183.025: [GC (Allocation Failure) [PSYoungGen: 86812K->2048K(97792K)] 348956K->274432K(1041920K), 0.0014569 secs] [Times: user=0.00 sys=0.00, real=0.00 secs] 
185.102: [GC (Allocation Failure) [PSYoungGen: 91933K->0K(97792K)] 517917K->446464K(1041920K), 0.0017373 secs] [Times: user=0.00 sys=0.00, real=0.00 secs] 
185.974: [GC (Allocation Failure) [PSYoungGen: 89885K->5120K(97792K)] 638749K->559104K(1041920K), 0.0015248 secs] [Times: user=0.00 sys=0.00, real=0.00 secs] 
187.727: [GC (Allocation Failure) [PSYoungGen: 95006K->5120K(97792K)] 802590K->738304K(1041920K), 0.0032221 secs] [Times: user=0.00 sys=0.00, real=0.00 secs] 
189.367: [GC (Allocation Failure) [PSYoungGen: 88862K->5120K(97792K)] 873246K->799744K(1041920K), 0.0020015 secs] [Times: user=0.00 sys=0.00, real=0.00 secs] 
190.239: [Full GC (Ergonomics) [PSYoungGen: 95006K->0K(97792K)] [ParOldGen: 897024K->113169K(944128K)] 992030K->113169K(1041920K), [Metaspace: 2796K->2796K(1056768K)], 0.0101679 secs] [Times: user=0.00 sys=0.00, real=0.01 secs] 
192.660: [GC (Allocation Failure) [PSYoungGen: 90910K->1056K(97792K)] 357680K->267825K(1041920K), 0.0005500 secs] [Times: user=0.00 sys=0.00, real=0.00 secs] 
194.514: [GC (Allocation Failure) [PSYoungGen: 91966K->6176K(97792K)] 512336K->441905K(1041920K), 0.0016991 secs] [Times: user=0.00 sys=0.00, real=0.00 secs] 
196.482: [GC (Allocation Failure) [PSYoungGen: 85822K->32K(97792K)] 675152K->599601K(1041920K), 0.0013791 secs] [Times: user=0.00 sys=0.00, real=0.00 secs] 
197.349: [GC (Allocation Failure) [PSYoungGen: 89918K->5152K(97792K)] 791888K->732721K(1041920K), 0.0028828 secs] [Times: user=0.00 sys=0.00, real=0.00 secs] 
199.102: [Full GC (Ergonomics) [PSYoungGen: 95038K->0K(97792K)] [ParOldGen: 881169K->87569K(944128K)] 976208K->87569K(1041920K), [Metaspace: 2796K->2796K(1056768K)], 0.0084312 secs] [Times: user=0.02 sys=0.00, real=0.01 secs] 
200.738: [GC (Allocation Failure) [PSYoungGen: 78622K->5120K(97792K)] 319792K->256529K(1041920K), 0.0022422 secs] [Times: user=0.00 sys=0.00, real=0.00 secs] 
201.610: [GC (Allocation Failure) [PSYoungGen: 95006K->6144K(97792K)] 448816K->365073K(1041920K), 0.0012007 secs] [Times: user=0.00 sys=0.00, real=0.00 secs] 
203.359: [GC (Allocation Failure) [PSYoungGen: 96030K->6144K(97792K)] 608560K->529937K(1041920K), 0.0015595 secs] [Times: user=0.00 sys=0.00, real=0.00 secs] 
205.648: [GC (Allocation Failure) [PSYoungGen: 97054K->5120K(97792K)] 774448K->697873K(1041920K), 0.0019211 secs] [Times: user=0.00 sys=0.00, real=0.00 secs] 
207.831: [GC (Allocation Failure) [PSYoungGen: 89886K->5120K(97792K)] 936240K->851474K(1041920K), 0.0016172 secs] [Times: user=0.00 sys=0.00, real=0.00 secs] 
208.048: [GC (Allocation Failure) --[PSYoungGen: 78622K->78622K(97792K)] 924976K->976176K(1041920K), 0.0044864 secs] [Times: user=0.00 sys=0.00, real=0.00 secs] 
208.053: [Full GC (Ergonomics) [PSYoungGen: 78622K->0K(97792K)] [ParOldGen: 897554K->52224K(944128K)] 976176K->52224K(1041920K), [Metaspace: 2796K->2796K(1056768K)], 0.0057286 secs] [Times: user=0.00 sys=0.00, real=0.01 secs] 
210.030: [GC (Allocation Failure) [PSYoungGen: 86808K->5120K(97792K)] 395032K->318464K(1041920K), 0.0010695 secs] [Times: user=0.03 sys=0.00, real=0.00 secs] 
211.993: [GC (Allocation Failure) [PSYoungGen: 88858K->5120K(97792K)] 555802K->482304K(1041920K), 0.0018748 secs] [Times: user=0.00 sys=0.00, real=0.00 secs] 
212.760: [GC (Allocation Failure) [PSYoungGen: 95003K->6144K(97792K)] 674588K->590848K(1041920K), 0.0016300 secs] [Times: user=0.00 sys=0.00, real=0.00 secs] 
214.505: [GC (Allocation Failure) [PSYoungGen: 96029K->6144K(97792K)] 834333K->759808K(1041920K), 0.0027466 secs] [Times: user=0.00 sys=0.00, real=0.00 secs] 
216.369: [GC (Allocation Failure) [PSYoungGen: 89885K->5120K(97792K)] 843550K->769024K(1041920K), 0.0021731 secs] [Times: user=0.00 sys=0.00, real=0.00 secs] 
217.241: [GC (Allocation Failure) [PSYoungGen: 95000K->5120K(97792K)] 961304K->902144K(1041920K), 0.0034042 secs] [Times: user=0.00 sys=0.00, real=0.00 secs] 
217.244: [Full GC (Ergonomics) [PSYoungGen: 5120K->0K(97792K)] [ParOldGen: 897024K->31249K(944128K)] 902144K->31249K(1041920K), [Metaspace: 2796K->2796K(1056768K)], 0.0043969 secs] [Times: user=0.00 sys=0.00, real=0.00 secs] 
Heap
 PSYoungGen      total 97792K, used 81465K [0x00000000f9a00000, 0x0000000100000000, 0x0000000100000000)
  eden space 91136K, 89% used [0x00000000f9a00000,0x00000000fe98e628,0x00000000ff300000)
  from space 6656K, 0% used [0x00000000ff300000,0x00000000ff300000,0x00000000ff980000)
  to   space 6656K, 0% used [0x00000000ff980000,0x00000000ff980000,0x0000000100000000)
 ParOldGen       total 944128K, used 184849K [0x00000000c0000000, 0x00000000f9a00000, 0x00000000f9a00000)
  object space 944128K, 19% used [0x00000000c0000000,0x00000000cb4846f8,0x00000000f9a00000)
 Metaspace       used 2804K, capacity 4486K, committed 4864K, reserved 1056768K
  class space    used 297K, capacity 386K, committed 512K, reserved 1048576K
