Java HotSpot(TM) 64-Bit Server VM (25.411-b09) for windows-amd64 JRE (1.8.0_411-b09), built on Mar 13 2024 07:26:13 by "java_re" with MS VC++ 17.1 (VS2022)
Memory: 4k page, physical 33403376k(14144380k free), swap 36670664k(7251476k free)
CommandLine flags: -XX:InitialHeapSize=1073741824 -XX:MaxHeapSize=1073741824 -XX:NewRatio=1 -XX:ParallelGCThreads=6 -XX:+PrintGC -XX:+PrintGCDetails -XX:+PrintGCTimeStamps -XX:SurvivorRatio=7 -XX:-UseAdaptiveSizePolicy -XX:+UseCompressedClassPointers -XX:+UseCompressedOops -XX:-UseLargePagesIndividualAllocation -XX:+UseParallelGC 
2.858: [GC (Allocation Failure) [PSYoungGen: 361431K->57848K(466432K)] 361431K->63088K(990720K), 0.0164631 secs] [Times: user=0.00 sys=0.00, real=0.02 secs] 
6.687: [GC (Allocation Failure) [PSYoungGen: 463147K->26216K(466432K)] 468387K->31456K(990720K), 0.0049951 secs] [Times: user=0.00 sys=0.00, real=0.00 secs] 
9.197: [GC (Allocation Failure) [PSYoungGen: 434640K->56840K(466432K)] 439880K->62088K(990720K), 0.0046087 secs] [Times: user=0.00 sys=0.00, real=0.00 secs] 
11.375: [GC (Allocation Failure) [PSYoungGen: 392578K->56920K(466432K)] 397826K->220888K(990720K), 0.0460001 secs] [Times: user=0.05 sys=0.03, real=0.05 secs] 
14.149: [GC (Allocation Failure) [PSYoungGen: 442450K->37368K(466432K)] 606418K->201344K(990720K), 0.0028057 secs] [Times: user=0.00 sys=0.00, real=0.00 secs] 
17.097: [GC (Allocation Failure) [PSYoungGen: 368020K->26136K(466432K)] 531996K->241312K(990720K), 0.0162282 secs] [Times: user=0.00 sys=0.00, real=0.02 secs] 
19.955: [GC (Allocation Failure) [PSYoungGen: 430536K->51720K(466432K)] 645712K->266904K(990720K), 0.0046629 secs] [Times: user=0.00 sys=0.00, real=0.00 secs] 
22.684: [GC (Allocation Failure) [PSYoungGen: 456134K->32232K(466432K)] 671318K->349816K(990720K), 0.0311929 secs] [Times: user=0.02 sys=0.00, real=0.03 secs] 
25.334: [GC (Allocation Failure) [PSYoungGen: 431535K->26120K(466432K)] 749119K->343704K(990720K), 0.0019593 secs] [Times: user=0.00 sys=0.00, real=0.00 secs] 
28.498: [GC (Allocation Failure) [PSYoungGen: 404627K->56808K(466432K)] 722212K->425600K(990720K), 0.0165728 secs] [Times: user=0.01 sys=0.00, real=0.02 secs] 
31.356: [GC (Allocation Failure) [PSYoungGen: 415147K->5592K(466432K)] 783939K->374384K(990720K), 0.0018266 secs] [Times: user=0.00 sys=0.00, real=0.00 secs] 
34.083: [GC (Allocation Failure) [PSYoungGen: 410018K->38408K(466432K)] 778810K->407200K(990720K), 0.0030195 secs] [Times: user=0.00 sys=0.00, real=0.00 secs] 
36.707: [GC (Allocation Failure) [PSYoungGen: 437719K->26088K(466432K)] 806511K->394880K(990720K), 0.0020217 secs] [Times: user=0.00 sys=0.00, real=0.00 secs] 
39.768: [GC (Allocation Failure) [PSYoungGen: 397754K->26072K(466432K)] 766546K->394864K(990720K), 0.0024938 secs] [Times: user=0.00 sys=0.00, real=0.00 secs] 
42.065: [GC (Allocation Failure) [PSYoungGen: 430507K->16952K(466432K)] 799299K->488144K(990720K), 0.0318773 secs] [Times: user=0.02 sys=0.00, real=0.03 secs] 
42.097: [Full GC (Ergonomics) [PSYoungGen: 16952K->0K(466432K)] [ParOldGen: 471192K->119313K(524288K)] 488144K->119313K(990720K), [Metaspace: 2793K->2793K(1056768K)], 0.0134070 secs] [Times: user=0.02 sys=0.00, real=0.01 secs] 
45.616: [GC (Allocation Failure) [PSYoungGen: 363477K->26624K(466432K)] 482790K->197137K(990720K), 0.0056063 secs] [Times: user=0.00 sys=0.00, real=0.00 secs] 
48.342: [GC (Allocation Failure) [PSYoungGen: 400285K->46080K(466432K)] 570798K->216593K(990720K), 0.0030594 secs] [Times: user=0.00 sys=0.00, real=0.00 secs] 
50.965: [GC (Allocation Failure) [PSYoungGen: 453553K->15360K(466432K)] 624067K->185873K(990720K), 0.0016139 secs] [Times: user=0.00 sys=0.00, real=0.00 secs] 
52.712: [GC (Allocation Failure) [PSYoungGen: 325567K->11264K(466432K)] 496080K->232977K(990720K), 0.0047446 secs] [Times: user=0.00 sys=0.00, real=0.00 secs] 
56.535: [GC (Allocation Failure) [PSYoungGen: 416710K->25600K(466432K)] 638423K->247313K(990720K), 0.0021372 secs] [Times: user=0.01 sys=0.00, real=0.00 secs] 
59.046: [GC (Allocation Failure) [PSYoungGen: 430028K->56320K(466432K)] 651742K->278033K(990720K), 0.0047253 secs] [Times: user=0.00 sys=0.00, real=0.00 secs] 
61.226: [GC (Allocation Failure) [PSYoungGen: 392144K->56320K(466432K)] 613858K->436753K(990720K), 0.0159404 secs] [Times: user=0.00 sys=0.00, real=0.01 secs] 
61.242: [Full GC (Ergonomics) [PSYoungGen: 56320K->0K(466432K)] [ParOldGen: 380433K->215569K(524288K)] 436753K->215569K(990720K), [Metaspace: 2796K->2796K(1056768K)], 0.0159585 secs] [Times: user=0.01 sys=0.00, real=0.02 secs] 
63.988: [GC (Allocation Failure) [PSYoungGen: 382929K->36864K(466432K)] 598499K->252433K(990720K), 0.0027495 secs] [Times: user=0.02 sys=0.00, real=0.00 secs] 
66.938: [GC (Allocation Failure) [PSYoungGen: 367518K->25600K(466432K)] 583087K->292369K(990720K), 0.0152404 secs] [Times: user=0.00 sys=0.00, real=0.02 secs] 
69.788: [GC (Allocation Failure) [PSYoungGen: 430001K->51200K(466432K)] 696770K->317969K(990720K), 0.0044701 secs] [Times: user=0.00 sys=0.00, real=0.00 secs] 
72.520: [GC (Allocation Failure) [PSYoungGen: 455615K->31744K(466432K)] 722384K->400913K(990720K), 0.0154758 secs] [Times: user=0.00 sys=0.00, real=0.02 secs] 
72.536: [Full GC (Ergonomics) [PSYoungGen: 31744K->0K(466432K)] [ParOldGen: 369169K->134673K(524288K)] 400913K->134673K(990720K), [Metaspace: 2796K->2796K(1056768K)], 0.0101709 secs] [Times: user=0.00 sys=0.00, real=0.01 secs] 
75.176: [GC (Allocation Failure) [PSYoungGen: 399304K->25600K(466432K)] 533977K->160273K(990720K), 0.0018841 secs] [Times: user=0.00 sys=0.00, real=0.00 secs] 
78.340: [GC (Allocation Failure) [PSYoungGen: 402330K->56320K(466432K)] 537003K->242193K(990720K), 0.0053280 secs] [Times: user=0.00 sys=0.00, real=0.01 secs] 
81.187: [GC (Allocation Failure) [PSYoungGen: 414639K->5120K(466432K)] 600513K->190993K(990720K), 0.0008358 secs] [Times: user=0.00 sys=0.00, real=0.00 secs] 
83.919: [GC (Allocation Failure) [PSYoungGen: 409533K->37888K(466432K)] 595406K->223761K(990720K), 0.0029180 secs] [Times: user=0.00 sys=0.00, real=0.00 secs] 
86.540: [GC (Allocation Failure) [PSYoungGen: 437191K->25600K(466432K)] 623064K->211473K(990720K), 0.0018836 secs] [Times: user=0.00 sys=0.00, real=0.00 secs] 
89.592: [GC (Allocation Failure) [PSYoungGen: 397261K->25600K(466432K)] 583134K->211473K(990720K), 0.0023267 secs] [Times: user=0.00 sys=0.00, real=0.00 secs] 
91.885: [GC (Allocation Failure) [PSYoungGen: 430032K->16384K(466432K)] 615905K->304657K(990720K), 0.0160730 secs] [Times: user=0.00 sys=0.00, real=0.02 secs] 
95.389: [GC (Allocation Failure) [PSYoungGen: 379859K->26624K(466432K)] 668132K->366097K(990720K), 0.0058961 secs] [Times: user=0.02 sys=0.00, real=0.01 secs] 
98.134: [GC (Allocation Failure) [PSYoungGen: 400340K->46080K(466432K)] 739813K->385553K(990720K), 0.0032698 secs] [Times: user=0.00 sys=0.00, real=0.00 secs] 
100.749: [GC (Allocation Failure) [PSYoungGen: 453589K->15360K(466432K)] 793062K->354833K(990720K), 0.0014276 secs] [Times: user=0.00 sys=0.00, real=0.00 secs] 
102.497: [GC (Allocation Failure) [PSYoungGen: 325590K->11264K(466432K)] 665063K->401937K(990720K), 0.0049173 secs] [Times: user=0.00 sys=0.00, real=0.00 secs] 
102.502: [Full GC (Ergonomics) [PSYoungGen: 11264K->0K(466432K)] [ParOldGen: 390673K->62993K(524288K)] 401937K->62993K(990720K), [Metaspace: 2796K->2796K(1056768K)], 0.0054825 secs] [Times: user=0.02 sys=0.00, real=0.01 secs] 
106.334: [GC (Allocation Failure) [PSYoungGen: 405460K->25600K(466432K)] 468454K->88593K(990720K), 0.0019361 secs] [Times: user=0.00 sys=0.00, real=0.00 secs] 
108.846: [GC (Allocation Failure) [PSYoungGen: 429987K->56320K(466432K)] 492980K->119313K(990720K), 0.0044859 secs] [Times: user=0.02 sys=0.00, real=0.00 secs] 
111.031: [GC (Allocation Failure) [PSYoungGen: 392118K->56320K(466432K)] 455111K->278033K(990720K), 0.0164281 secs] [Times: user=0.02 sys=0.00, real=0.02 secs] 
113.775: [GC (Allocation Failure) [PSYoungGen: 439233K->36864K(466432K)] 660946K->258577K(990720K), 0.0027795 secs] [Times: user=0.00 sys=0.00, real=0.00 secs] 
116.725: [GC (Allocation Failure) [PSYoungGen: 367560K->56320K(466432K)] 589274K->298513K(990720K), 0.0052305 secs] [Times: user=0.00 sys=0.00, real=0.00 secs] 
119.565: [GC (Allocation Failure) [PSYoungGen: 460748K->51200K(466432K)] 702942K->293393K(990720K), 0.0043173 secs] [Times: user=0.01 sys=0.00, real=0.00 secs] 
122.296: [GC (Allocation Failure) [PSYoungGen: 455632K->31744K(466432K)] 697826K->376337K(990720K), 0.0157379 secs] [Times: user=0.02 sys=0.00, real=0.01 secs] 
124.931: [GC (Allocation Failure) [PSYoungGen: 431059K->25600K(466432K)] 775652K->370193K(990720K), 0.0018365 secs] [Times: user=0.00 sys=0.00, real=0.00 secs] 
128.096: [GC (Allocation Failure) [PSYoungGen: 402389K->56320K(466432K)] 746982K->452113K(990720K), 0.0053711 secs] [Times: user=0.00 sys=0.00, real=0.01 secs] 
128.102: [Full GC (Ergonomics) [PSYoungGen: 56320K->0K(466432K)] [ParOldGen: 395793K->56849K(524288K)] 452113K->56849K(990720K), [Metaspace: 2796K->2796K(1056768K)], 0.0054160 secs] [Times: user=0.00 sys=0.00, real=0.00 secs] 
130.952: [GC (Allocation Failure) [PSYoungGen: 358357K->5120K(466432K)] 415206K->61969K(990720K), 0.0009123 secs] [Times: user=0.00 sys=0.00, real=0.00 secs] 
133.682: [GC (Allocation Failure) [PSYoungGen: 409500K->37888K(466432K)] 466349K->94737K(990720K), 0.0028541 secs] [Times: user=0.00 sys=0.00, real=0.00 secs] 
136.305: [GC (Allocation Failure) [PSYoungGen: 437169K->25600K(466432K)] 494019K->82449K(990720K), 0.0018321 secs] [Times: user=0.00 sys=0.00, real=0.00 secs] 
139.360: [GC (Allocation Failure) [PSYoungGen: 397247K->25600K(466432K)] 454096K->82449K(990720K), 0.0024806 secs] [Times: user=0.00 sys=0.00, real=0.00 secs] 
141.654: [GC (Allocation Failure) [PSYoungGen: 430023K->16384K(466432K)] 486872K->175633K(990720K), 0.0158444 secs] [Times: user=0.00 sys=0.00, real=0.02 secs] 
145.162: [GC (Allocation Failure) [PSYoungGen: 379853K->57344K(466432K)] 539103K->237073K(990720K), 0.0056027 secs] [Times: user=0.00 sys=0.00, real=0.00 secs] 
147.909: [GC (Allocation Failure) [PSYoungGen: 431056K->46080K(466432K)] 610785K->225809K(990720K), 0.0031040 secs] [Times: user=0.00 sys=0.00, real=0.00 secs] 
150.533: [GC (Allocation Failure) [PSYoungGen: 453586K->15360K(466432K)] 633316K->195089K(990720K), 0.0014654 secs] [Times: user=0.00 sys=0.00, real=0.00 secs] 
152.281: [GC (Allocation Failure) [PSYoungGen: 325588K->57344K(466432K)] 505318K->242193K(990720K), 0.0049791 secs] [Times: user=0.00 sys=0.00, real=0.01 secs] 
156.107: [GC (Allocation Failure) [PSYoungGen: 462804K->25600K(466432K)] 647653K->210449K(990720K), 0.0019657 secs] [Times: user=0.00 sys=0.00, real=0.00 secs] 
158.617: [GC (Allocation Failure) [PSYoungGen: 430037K->56320K(466432K)] 614886K->241169K(990720K), 0.0045423 secs] [Times: user=0.00 sys=0.00, real=0.00 secs] 
160.801: [GC (Allocation Failure) [PSYoungGen: 392150K->56320K(466432K)] 576999K->399889K(990720K), 0.0157473 secs] [Times: user=0.00 sys=0.00, real=0.02 secs] 
163.557: [GC (Allocation Failure) [PSYoungGen: 439253K->36864K(466432K)] 782823K->380433K(990720K), 0.0028449 secs] [Times: user=0.00 sys=0.00, real=0.00 secs] 
166.503: [GC (Allocation Failure) [PSYoungGen: 367574K->56320K(466432K)] 711143K->420369K(990720K), 0.0054936 secs] [Times: user=0.00 sys=0.00, real=0.00 secs] 
169.341: [GC (Allocation Failure) [PSYoungGen: 460757K->51200K(466432K)] 824806K->415249K(990720K), 0.0043260 secs] [Times: user=0.00 sys=0.00, real=0.00 secs] 
172.071: [GC (Allocation Failure) [PSYoungGen: 455638K->31744K(466432K)] 819687K->498193K(990720K), 0.0154838 secs] [Times: user=0.00 sys=0.00, real=0.02 secs] 
172.086: [Full GC (Ergonomics) [PSYoungGen: 31744K->0K(466432K)] [ParOldGen: 466449K->134673K(524288K)] 498193K->134673K(990720K), [Metaspace: 2796K->2796K(1056768K)], 0.0101017 secs] [Times: user=0.00 sys=0.00, real=0.01 secs] 
174.724: [GC (Allocation Failure) [PSYoungGen: 399318K->25600K(466432K)] 533992K->160273K(990720K), 0.0019335 secs] [Times: user=0.00 sys=0.00, real=0.00 secs] 
177.890: [GC (Allocation Failure) [PSYoungGen: 402339K->56320K(466432K)] 537013K->242193K(990720K), 0.0053314 secs] [Times: user=0.00 sys=0.00, real=0.00 secs] 
180.727: [GC (Allocation Failure) [PSYoungGen: 414646K->5120K(466432K)] 600519K->190993K(990720K), 0.0008268 secs] [Times: user=0.00 sys=0.00, real=0.00 secs] 
183.455: [GC (Allocation Failure) [PSYoungGen: 409537K->37888K(466432K)] 595410K->223761K(990720K), 0.0033428 secs] [Times: user=0.02 sys=0.00, real=0.00 secs] 
186.071: [GC (Allocation Failure) [PSYoungGen: 437193K->25600K(466432K)] 623066K->211473K(990720K), 0.0019574 secs] [Times: user=0.00 sys=0.00, real=0.00 secs] 
189.131: [GC (Allocation Failure) [PSYoungGen: 397262K->25600K(466432K)] 583136K->211473K(990720K), 0.0024540 secs] [Times: user=0.00 sys=0.00, real=0.00 secs] 
191.423: [GC (Allocation Failure) [PSYoungGen: 430033K->16416K(466432K)] 615906K->304689K(990720K), 0.0157237 secs] [Times: user=0.00 sys=0.00, real=0.01 secs] 
194.942: [GC (Allocation Failure) [PSYoungGen: 379891K->57376K(466432K)] 668165K->366129K(990720K), 0.0055413 secs] [Times: user=0.00 sys=0.00, real=0.00 secs] 
197.692: [GC (Allocation Failure) [PSYoungGen: 431092K->46112K(466432K)] 739846K->354865K(990720K), 0.0033346 secs] [Times: user=0.00 sys=0.00, real=0.00 secs] 
200.312: [GC (Allocation Failure) [PSYoungGen: 453621K->15392K(466432K)] 762374K->324145K(990720K), 0.0015216 secs] [Times: user=0.00 sys=0.00, real=0.00 secs] 
202.057: [GC (Allocation Failure) [PSYoungGen: 325622K->57376K(466432K)] 634375K->371249K(990720K), 0.0049682 secs] [Times: user=0.00 sys=0.00, real=0.00 secs] 
205.877: [GC (Allocation Failure) [PSYoungGen: 462837K->25664K(466432K)] 776710K->339537K(990720K), 0.0019691 secs] [Times: user=0.00 sys=0.00, real=0.00 secs] 
208.386: [GC (Allocation Failure) [PSYoungGen: 430102K->56384K(466432K)] 743975K->370257K(990720K), 0.0047593 secs] [Times: user=0.00 sys=0.00, real=0.00 secs] 
210.571: [GC (Allocation Failure) [PSYoungGen: 392214K->56352K(466432K)] 706088K->528945K(990720K), 0.0152010 secs] [Times: user=0.01 sys=0.00, real=0.02 secs] 
210.586: [Full GC (Ergonomics) [PSYoungGen: 56352K->0K(466432K)] [ParOldGen: 472593K->215569K(524288K)] 528945K->215569K(990720K), [Metaspace: 2796K->2796K(1056768K)], 0.0154995 secs] [Times: user=0.00 sys=0.00, real=0.01 secs] 
213.335: [GC (Allocation Failure) [PSYoungGen: 382933K->36864K(466432K)] 598503K->252433K(990720K), 0.0028348 secs] [Times: user=0.00 sys=0.00, real=0.00 secs] 
216.278: [GC (Allocation Failure) [PSYoungGen: 367520K->56320K(466432K)] 583090K->292369K(990720K), 0.0055851 secs] [Times: user=0.00 sys=0.00, real=0.01 secs] 
Heap
 PSYoungGen      total 466432K, used 417694K [0x00000000e0000000, 0x0000000100000000, 0x0000000100000000)
  eden space 408576K, 88% used [0x00000000e0000000,0x00000000f60e7ba0,0x00000000f8f00000)
  from space 57856K, 97% used [0x00000000fc780000,0x00000000ffe80020,0x0000000100000000)
  to   space 57856K, 0% used [0x00000000f8f00000,0x00000000f8f00000,0x00000000fc780000)
 ParOldGen       total 524288K, used 236049K [0x00000000c0000000, 0x00000000e0000000, 0x00000000e0000000)
  object space 524288K, 45% used [0x00000000c0000000,0x00000000ce684740,0x00000000e0000000)
 Metaspace       used 2804K, capacity 4486K, committed 4864K, reserved 1056768K
  class space    used 297K, capacity 386K, committed 512K, reserved 1048576K
