Java HotSpot(TM) 64-Bit Server VM (25.411-b09) for windows-amd64 JRE (1.8.0_411-b09), built on Mar 13 2024 07:26:13 by "java_re" with MS VC++ 17.1 (VS2022)
Memory: 4k page, physical 33403376k(14615208k free), swap 37876016k(6689960k free)
CommandLine flags: -XX:InitialHeapSize=1073741824 -XX:MaxHeapSize=1073741824 -XX:NewRatio=7 -XX:ParallelGCThreads=6 -XX:+PrintGC -XX:+PrintGCDetails -XX:+PrintGCTimeStamps -XX:-UseAdaptiveSizePolicy -XX:+UseCompressedClassPointers -XX:+UseCompressedOops -XX:-UseLargePagesIndividualAllocation -XX:+UseParallelGC 
2.082: [GC (Allocation Failure) [PSYoungGen: 94044K->11976K(114688K)] 247644K->165584K(1032192K), 0.0028345 secs] [Times: user=0.00 sys=0.00, real=0.00 secs] 
3.880: [GC (Allocation Failure) [PSYoungGen: 102006K->12920K(114688K)] 409214K->325248K(1032192K), 0.0033147 secs] [Times: user=0.00 sys=0.00, real=0.00 secs] 
6.327: [GC (Allocation Failure) [PSYoungGen: 109094K->15944K(114688K)] 575022K->492112K(1032192K), 0.0043208 secs] [Times: user=0.00 sys=0.00, real=0.00 secs] 
8.449: [GC (Allocation Failure) [PSYoungGen: 96717K->5688K(114688K)] 726485K->635464K(1032192K), 0.0017213 secs] [Times: user=0.00 sys=0.00, real=0.00 secs] 
9.463: [GC (Allocation Failure) [PSYoungGen: 100838K->10872K(114688K)] 833014K->794248K(1032192K), 0.0160451 secs] [Times: user=0.01 sys=0.00, real=0.02 secs] 
10.146: [GC (Allocation Failure) [PSYoungGen: 64038K->5752K(114688K)] 898614K->840328K(1032192K), 0.0023794 secs] [Times: user=0.00 sys=0.00, real=0.00 secs] 
10.149: [GC (Allocation Failure) [PSYoungGen: 5752K->5752K(114688K)] 840328K->840328K(1032192K), 0.0018085 secs] [Times: user=0.00 sys=0.00, real=0.00 secs] 
10.151: [Full GC (Allocation Failure) [PSYoungGen: 5752K->0K(114688K)] [ParOldGen: 834576K->108048K(917504K)] 840328K->108048K(1032192K), [Metaspace: 2761K->2761K(1056768K)], 0.0163793 secs] [Times: user=0.02 sys=0.00, real=0.02 secs] 
12.675: [GC (Allocation Failure) [PSYoungGen: 96174K->15360K(114688K)] 460223K->379408K(1032192K), 0.0021376 secs] [Times: user=0.00 sys=0.00, real=0.00 secs] 
13.548: [GC (Allocation Failure) [PSYoungGen: 111149K->11296K(114688K)] 577598K->477753K(1032192K), 0.0012813 secs] [Times: user=0.00 sys=0.00, real=0.00 secs] 
15.406: [GC (Allocation Failure) [PSYoungGen: 106446K->15392K(114688K)] 726503K->646713K(1032192K), 0.0022058 secs] [Times: user=0.00 sys=0.00, real=0.00 secs] 
17.584: [GC (Allocation Failure) [PSYoungGen: 110542K->6176K(114688K)] 895463K->811577K(1032192K), 0.0023572 secs] [Times: user=0.00 sys=0.00, real=0.00 secs] 
18.677: [GC (Allocation Failure) [PSYoungGen: 79822K->10272K(114688K)] 936423K->866873K(1032192K), 0.0015040 secs] [Times: user=0.00 sys=0.00, real=0.00 secs] 
18.678: [GC (Allocation Failure) [PSYoungGen: 10272K->10272K(114688K)] 866873K->866873K(1032192K), 0.0014146 secs] [Times: user=0.00 sys=0.00, real=0.00 secs] 
18.680: [Full GC (Allocation Failure) [PSYoungGen: 10272K->0K(114688K)] [ParOldGen: 856601K->82449K(917504K)] 866873K->82449K(1032192K), [Metaspace: 2770K->2770K(1056768K)], 0.0081661 secs] [Times: user=0.00 sys=0.00, real=0.01 secs] 
20.877: [GC (Allocation Failure) [PSYoungGen: 97198K->5120K(114688K)] 384447K->292369K(1032192K), 0.0009791 secs] [Times: user=0.00 sys=0.00, real=0.00 secs] 
22.627: [GC (Allocation Failure) [PSYoungGen: 100270K->15360K(114688K)] 541119K->462353K(1032192K), 0.0020111 secs] [Times: user=0.00 sys=0.00, real=0.00 secs] 
23.935: [GC (Allocation Failure) [PSYoungGen: 105390K->5120K(114688K)] 654783K->554513K(1032192K), 0.0008082 secs] [Times: user=0.00 sys=0.00, real=0.00 secs] 
24.701: [GC (Allocation Failure) [PSYoungGen: 100270K->11264K(114688K)] 752063K->663057K(1032192K), 0.0015201 secs] [Times: user=0.01 sys=0.00, real=0.00 secs] 
26.556: [GC (Allocation Failure) [PSYoungGen: 106414K->15360K(114688K)] 911807K->841233K(1032192K), 0.0027139 secs] [Times: user=0.00 sys=0.00, real=0.00 secs] 
28.302: [GC (Allocation Failure) [PSYoungGen: 104366K->15360K(114688K)] 930239K->841233K(1032192K), 0.0016747 secs] [Times: user=0.00 sys=0.00, real=0.00 secs] 
28.630: [GC (Allocation Failure) --[PSYoungGen: 99238K->99238K(114688K)] 925112K->976312K(1032192K), 0.0154596 secs] [Times: user=0.00 sys=0.00, real=0.02 secs] 
28.646: [Full GC (Ergonomics) [PSYoungGen: 99238K->0K(114688K)] [ParOldGen: 877073K->56849K(917504K)] 976312K->56849K(1032192K), [Metaspace: 2793K->2793K(1056768K)], 0.0066870 secs] [Times: user=0.00 sys=0.00, real=0.01 secs] 
30.846: [GC (Allocation Failure) [PSYoungGen: 97177K->10240K(114688K)] 410026K->323089K(1032192K), 0.0010349 secs] [Times: user=0.00 sys=0.00, real=0.00 secs] 
33.583: [GC (Allocation Failure) [PSYoungGen: 107424K->12288K(114688K)] 676274K->581137K(1032192K), 0.0015959 secs] [Times: user=0.00 sys=0.00, real=0.00 secs] 
35.539: [GC (Allocation Failure) [PSYoungGen: 97189K->10240K(114688K)] 819638K->742929K(1032192K), 0.0020072 secs] [Times: user=0.00 sys=0.00, real=0.00 secs] 
36.522: [GC (Allocation Failure) [PSYoungGen: 105384K->10240K(114688K)] 940473K->845329K(1032192K), 0.0018404 secs] [Times: user=0.00 sys=0.00, real=0.00 secs] 
37.183: [Full GC (Ergonomics) [PSYoungGen: 63402K->0K(114688K)] [ParOldGen: 886289K->87569K(917504K)] 949691K->87569K(1032192K), [Metaspace: 2793K->2793K(1056768K)], 0.0082053 secs] [Times: user=0.00 sys=0.00, real=0.01 secs] 
39.596: [GC (Allocation Failure) [PSYoungGen: 95147K->10240K(114688K)] 336317K->251409K(1032192K), 0.0013169 secs] [Times: user=0.00 sys=0.00, real=0.00 secs] 
40.363: [GC (Allocation Failure) [PSYoungGen: 105388K->6144K(114688K)] 448957K->349713K(1032192K), 0.0008145 secs] [Times: user=0.00 sys=0.00, real=0.00 secs] 
42.215: [GC (Allocation Failure) [PSYoungGen: 101293K->11264K(114688K)] 598462K->513553K(1032192K), 0.0015660 secs] [Times: user=0.00 sys=0.00, real=0.00 secs] 
44.839: [GC (Allocation Failure) [PSYoungGen: 108877K->11296K(114688K)] 764766K->677433K(1032192K), 0.0018413 secs] [Times: user=0.00 sys=0.00, real=0.00 secs] 
46.915: [GC (Allocation Failure) [PSYoungGen: 96205K->10336K(114688K)] 915943K->830073K(1032192K), 0.0014761 secs] [Times: user=0.00 sys=0.00, real=0.00 secs] 
47.133: [GC (Allocation Failure) [PSYoungGen: 83981K->64K(114688K)] 903719K->891481K(1032192K), 0.0060785 secs] [Times: user=0.00 sys=0.00, real=0.01 secs] 
47.139: [Full GC (Ergonomics) [PSYoungGen: 64K->0K(114688K)] [ParOldGen: 891417K->72209K(917504K)] 891481K->72209K(1032192K), [Metaspace: 2795K->2795K(1056768K)], 0.0070830 secs] [Times: user=0.00 sys=0.00, real=0.01 secs] 
49.331: [GC (Allocation Failure) [PSYoungGen: 97189K->15360K(114688K)] 425398K->343569K(1032192K), 0.0012351 secs] [Times: user=0.00 sys=0.00, real=0.00 secs] 
51.187: [GC (Allocation Failure) [PSYoungGen: 104360K->15360K(114688K)] 586169K->497169K(1032192K), 0.0018443 secs] [Times: user=0.00 sys=0.00, real=0.00 secs] 
52.166: [GC (Allocation Failure) [PSYoungGen: 110506K->11264K(114688K)] 694715K->595473K(1032192K), 0.0012884 secs] [Times: user=0.00 sys=0.00, real=0.00 secs] 
54.570: [GC (Allocation Failure) [PSYoungGen: 107435K->1024K(114688K)] 845245K->738833K(1032192K), 0.0013311 secs] [Times: user=0.00 sys=0.00, real=0.00 secs] 
56.426: [Full GC (Ergonomics) [PSYoungGen: 96172K->0K(114688K)] [ParOldGen: 891409K->26624K(917504K)] 987582K->26624K(1032192K), [Metaspace: 2796K->2796K(1056768K)], 0.0039576 secs] [Times: user=0.00 sys=0.00, real=0.00 secs] 
58.941: [GC (Allocation Failure) [PSYoungGen: 97197K->5120K(114688K)] 431021K->338944K(1032192K), 0.0009889 secs] [Times: user=0.00 sys=0.00, real=0.00 secs] 
60.799: [GC (Allocation Failure) [PSYoungGen: 100269K->15360K(114688K)] 587693K->502784K(1032192K), 0.0016698 secs] [Times: user=0.00 sys=0.00, real=0.00 secs] 
62.546: [GC (Allocation Failure) [PSYoungGen: 94125K->15360K(114688K)] 735150K->656384K(1032192K), 0.0017624 secs] [Times: user=0.00 sys=0.00, real=0.00 secs] 
63.531: [GC (Allocation Failure) [PSYoungGen: 110509K->11264K(114688K)] 853934K->754688K(1032192K), 0.0026261 secs] [Times: user=0.00 sys=0.00, real=0.00 secs] 
65.276: [Full GC (Ergonomics) [PSYoungGen: 106414K->0K(114688K)] [ParOldGen: 897024K->32768K(917504K)] 1003438K->32768K(1032192K), [Metaspace: 2796K->2796K(1056768K)], 0.0048668 secs] [Times: user=0.00 sys=0.00, real=0.00 secs] 
67.568: [GC (Allocation Failure) [PSYoungGen: 95150K->10240K(114688K)] 281518K->217088K(1032192K), 0.0026421 secs] [Times: user=0.00 sys=0.00, real=0.00 secs] 
70.398: [GC (Allocation Failure) [PSYoungGen: 107438K->5120K(114688K)] 621486K->519168K(1032192K), 0.0012743 secs] [Times: user=0.00 sys=0.00, real=0.00 secs] 
72.249: [GC (Allocation Failure) [PSYoungGen: 100270K->11264K(114688K)] 767918K->684032K(1032192K), 0.0020275 secs] [Times: user=0.00 sys=0.00, real=0.00 secs] 
73.561: [GC (Allocation Failure) [PSYoungGen: 106414K->1024K(114688K)] 881582K->776192K(1032192K), 0.0029925 secs] [Times: user=0.00 sys=0.00, real=0.00 secs] 
74.104: [GC (Allocation Failure) [PSYoungGen: 49070K->10240K(114688K)] 875438K->836608K(1032192K), 0.0022036 secs] [Times: user=0.00 sys=0.00, real=0.00 secs] 
74.106: [GC (Allocation Failure) [PSYoungGen: 10240K->10240K(114688K)] 836608K->836608K(1032192K), 0.0020400 secs] [Times: user=0.00 sys=0.00, real=0.00 secs] 
74.108: [Full GC (Allocation Failure) [PSYoungGen: 10240K->0K(114688K)] [ParOldGen: 826368K->61969K(917504K)] 836608K->61969K(1032192K), [Metaspace: 2796K->2796K(1056768K)], 0.0061793 secs] [Times: user=0.00 sys=0.00, real=0.01 secs] 
76.298: [GC (Allocation Failure) [PSYoungGen: 97198K->15360K(114688K)] 415167K->343569K(1032192K), 0.0022692 secs] [Times: user=0.00 sys=0.00, real=0.00 secs] 
78.047: [GC (Allocation Failure) [PSYoungGen: 104366K->15360K(114688K)] 432575K->343569K(1032192K), 0.0015790 secs] [Times: user=0.00 sys=0.00, real=0.00 secs] 
78.917: [GC (Allocation Failure) [PSYoungGen: 110502K->10240K(114688K)] 541112K->492049K(1032192K), 0.0047639 secs] [Times: user=0.02 sys=0.00, real=0.01 secs] 
81.647: [GC (Allocation Failure) [PSYoungGen: 107433K->6144K(114688K)] 845243K->743953K(1032192K), 0.0014827 secs] [Times: user=0.00 sys=0.00, real=0.00 secs] 
83.501: [Full GC (Ergonomics) [PSYoungGen: 101291K->0K(114688K)] [ParOldGen: 891409K->13312K(917504K)] 992700K->13312K(1032192K), [Metaspace: 2796K->2796K(1056768K)], 0.0035594 secs] [Times: user=0.00 sys=0.00, real=0.00 secs] 
85.788: [GC (Allocation Failure) [PSYoungGen: 97196K->11264K(114688K)] 417708K->331776K(1032192K), 0.0012504 secs] [Times: user=0.00 sys=0.00, real=0.00 secs] 
87.640: [GC (Allocation Failure) [PSYoungGen: 106413K->15360K(114688K)] 580525K->520192K(1032192K), 0.0037061 secs] [Times: user=0.00 sys=0.00, real=0.00 secs] 
89.496: [GC (Allocation Failure) [PSYoungGen: 109485K->15360K(114688K)] 665517K->571392K(1032192K), 0.0016570 secs] [Times: user=0.00 sys=0.00, real=0.00 secs] 
90.476: [GC (Allocation Failure) [PSYoungGen: 110509K->10240K(114688K)] 768941K->668672K(1032192K), 0.0023119 secs] [Times: user=0.00 sys=0.00, real=0.00 secs] 
93.094: [GC (Allocation Failure) [PSYoungGen: 107438K->6144K(114688K)] 919470K->818176K(1032192K), 0.0021907 secs] [Times: user=0.00 sys=0.00, real=0.00 secs] 
93.962: [Full GC (Ergonomics) [PSYoungGen: 69549K->0K(114688K)] [ParOldGen: 863232K->62993K(917504K)] 932782K->62993K(1032192K), [Metaspace: 2796K->2796K(1056768K)], 0.0069589 secs] [Times: user=0.02 sys=0.00, real=0.01 secs] 
96.597: [GC (Allocation Failure) [PSYoungGen: 97198K->10240K(114688K)] 416191K->329233K(1032192K), 0.0013901 secs] [Times: user=0.00 sys=0.00, real=0.00 secs] 
97.581: [GC (Allocation Failure) [PSYoungGen: 105390K->10240K(114688K)] 526783K->452113K(1032192K), 0.0026820 secs] [Times: user=0.00 sys=0.00, real=0.00 secs] 
99.328: [GC (Allocation Failure) [PSYoungGen: 105390K->15360K(114688K)] 700863K->615953K(1032192K), 0.0020780 secs] [Times: user=0.00 sys=0.00, real=0.00 secs] 
100.530: [GC (Allocation Failure) [PSYoungGen: 109486K->10240K(114688K)] 812479K->713233K(1032192K), 0.0019342 secs] [Times: user=0.00 sys=0.00, real=0.00 secs] 
102.173: [GC (Allocation Failure) [PSYoungGen: 100270K->15360K(114688K)] 956863K->878097K(1032192K), 0.0026926 secs] [Times: user=0.00 sys=0.00, real=0.00 secs] 
102.498: [GC (Allocation Failure) [PSYoungGen: 99246K->5120K(114688K)] 961983K->919057K(1032192K), 0.0158416 secs] [Times: user=0.01 sys=0.00, real=0.02 secs] 
102.514: [Full GC (Ergonomics) [PSYoungGen: 5120K->0K(114688K)] [ParOldGen: 913937K->62993K(917504K)] 919057K->62993K(1032192K), [Metaspace: 2796K->2796K(1056768K)], 0.0065709 secs] [Times: user=0.00 sys=0.00, real=0.01 secs] 
105.155: [GC (Allocation Failure) [PSYoungGen: 96166K->15360K(114688K)] 261560K->190993K(1032192K), 0.0015951 secs] [Times: user=0.00 sys=0.00, real=0.00 secs] 
106.136: [GC (Allocation Failure) [PSYoungGen: 110505K->15360K(114688K)] 388538K->293393K(1032192K), 0.0012313 secs] [Times: user=0.00 sys=0.00, real=0.00 secs] 
108.645: [GC (Allocation Failure) [PSYoungGen: 112555K->5120K(114688K)] 697788K->590353K(1032192K), 0.0009592 secs] [Times: user=0.00 sys=0.00, real=0.00 secs] 
110.500: [GC (Allocation Failure) [PSYoungGen: 100268K->15360K(114688K)] 839101K->754193K(1032192K), 0.0016353 secs] [Times: user=0.00 sys=0.00, real=0.00 secs] 
112.251: [Full GC (Ergonomics) [PSYoungGen: 94124K->0K(114688K)] [ParOldGen: 892433K->16384K(917504K)] 986558K->16384K(1032192K), [Metaspace: 2796K->2796K(1056768K)], 0.0037552 secs] [Times: user=0.00 sys=0.00, real=0.00 secs] 
113.239: [GC (Allocation Failure) [PSYoungGen: 95149K->6144K(114688K)] 213933K->124928K(1032192K), 0.0010150 secs] [Times: user=0.00 sys=0.00, real=0.00 secs] 
114.984: [GC (Allocation Failure) [PSYoungGen: 101293K->11264K(114688K)] 373677K->299008K(1032192K), 0.0020317 secs] [Times: user=0.00 sys=0.00, real=0.00 secs] 
117.274: [GC (Allocation Failure) [PSYoungGen: 106413K->10240K(114688K)] 547758K->472064K(1032192K), 0.0027193 secs] [Times: user=0.00 sys=0.00, real=0.00 secs] 
120.119: [GC (Allocation Failure) [PSYoungGen: 107438K->5120K(114688K)] 876462K->774144K(1032192K), 0.0015577 secs] [Times: user=0.00 sys=0.00, real=0.00 secs] 
120.991: [GC (Allocation Failure) [PSYoungGen: 68526K->5120K(114688K)] 888750K->825344K(1032192K), 0.0017232 secs] [Times: user=0.00 sys=0.00, real=0.00 secs] 
120.992: [GC (Allocation Failure) [PSYoungGen: 5120K->5120K(114688K)] 825344K->825344K(1032192K), 0.0014914 secs] [Times: user=0.00 sys=0.00, real=0.00 secs] 
120.994: [Full GC (Allocation Failure) [PSYoungGen: 5120K->0K(114688K)] [ParOldGen: 820224K->159249K(917504K)] 825344K->159249K(1032192K), [Metaspace: 2796K->2796K(1056768K)], 0.0126386 secs] [Times: user=0.00 sys=0.00, real=0.01 secs] 
123.519: [GC (Allocation Failure) [PSYoungGen: 92078K->10240K(114688K)] 507327K->435729K(1032192K), 0.0014463 secs] [Times: user=0.00 sys=0.00, real=0.00 secs] 
124.390: [GC (Allocation Failure) [PSYoungGen: 105390K->10240K(114688K)] 633279K->538129K(1032192K), 0.0011902 secs] [Times: user=0.00 sys=0.00, real=0.00 secs] 
126.244: [GC (Allocation Failure) [PSYoungGen: 105390K->15360K(114688K)] 786879K->707089K(1032192K), 0.0022957 secs] [Times: user=0.00 sys=0.00, real=0.00 secs] 
127.879: [GC (Allocation Failure) [PSYoungGen: 104366K->15360K(114688K)] 796095K->707089K(1032192K), 0.0017023 secs] [Times: user=0.00 sys=0.00, real=0.00 secs] 
128.861: [GC (Allocation Failure) [PSYoungGen: 110502K->15360K(114688K)] 904632K->860689K(1032192K), 0.0054404 secs] [Times: user=0.00 sys=0.00, real=0.01 secs] 
129.514: [Full GC (Ergonomics) [PSYoungGen: 68521K->0K(114688K)] [ParOldGen: 896529K->113169K(917504K)] 965051K->113169K(1032192K), [Metaspace: 2796K->2796K(1056768K)], 0.0095503 secs] [Times: user=0.00 sys=0.00, real=0.01 secs] 
132.146: [GC (Allocation Failure) [PSYoungGen: 81835K->15360K(114688K)] 399804K->334353K(1032192K), 0.0014319 secs] [Times: user=0.00 sys=0.00, real=0.00 secs] 
133.131: [GC (Allocation Failure) [PSYoungGen: 110508K->11264K(114688K)] 531901K->432657K(1032192K), 0.0011182 secs] [Times: user=0.00 sys=0.00, real=0.00 secs] 
134.991: [GC (Allocation Failure) [PSYoungGen: 91052K->10240K(114688K)] 666046K->595473K(1032192K), 0.0015190 secs] [Times: user=0.00 sys=0.00, real=0.00 secs] 
135.973: [GC (Allocation Failure) [PSYoungGen: 105389K->10240K(114688K)] 793022K->697873K(1032192K), 0.0011412 secs] [Times: user=0.00 sys=0.00, real=0.00 secs] 
137.726: [GC (Allocation Failure) [PSYoungGen: 105389K->15360K(114688K)] 946623K->882193K(1032192K), 0.0031899 secs] [Times: user=0.00 sys=0.00, real=0.00 secs] 
137.730: [Full GC (Ergonomics) [PSYoungGen: 15360K->0K(114688K)] [ParOldGen: 866833K->51729K(917504K)] 882193K->51729K(1032192K), [Metaspace: 2796K->2796K(1056768K)], 0.0060351 secs] [Times: user=0.00 sys=0.00, real=0.01 secs] 
138.832: [GC (Allocation Failure) [PSYoungGen: 94125K->10240K(114688K)] 145855K->61969K(1032192K), 0.0009572 secs] [Times: user=0.00 sys=0.00, real=0.00 secs] 
140.576: [GC (Allocation Failure) [PSYoungGen: 105375K->15360K(114688K)] 310705K->225809K(1032192K), 0.0016486 secs] [Times: user=0.05 sys=0.00, real=0.00 secs] 
141.450: [GC (Allocation Failure) [PSYoungGen: 110500K->11264K(114688K)] 423350K->324113K(1032192K), 0.0011965 secs] [Times: user=0.00 sys=0.00, real=0.00 secs] 
144.067: [GC (Allocation Failure) [PSYoungGen: 108456K->12288K(114688K)] 574905K->478737K(1032192K), 0.0014138 secs] [Times: user=0.00 sys=0.00, real=0.00 secs] 
146.365: [GC (Allocation Failure) [PSYoungGen: 107434K->10240K(114688K)] 727483K->630289K(1032192K), 0.0014024 secs] [Times: user=0.00 sys=0.00, real=0.00 secs] 
147.343: [GC (Allocation Failure) [PSYoungGen: 105387K->10240K(114688K)] 827837K->753169K(1032192K), 0.0028979 secs] [Times: user=0.00 sys=0.00, real=0.00 secs] 
149.093: [Full GC (Ergonomics) [PSYoungGen: 105388K->0K(114688K)] [ParOldGen: 896529K->92689K(917504K)] 1001918K->92689K(1032192K), [Metaspace: 2796K->2796K(1056768K)], 0.0089307 secs] [Times: user=0.00 sys=0.00, real=0.01 secs] 
150.307: [GC (Allocation Failure) [PSYoungGen: 94125K->10240K(114688K)] 289214K->205329K(1032192K), 0.0009170 secs] [Times: user=0.00 sys=0.00, real=0.00 secs] 
151.945: [GC (Allocation Failure) [PSYoungGen: 100269K->15360K(114688K)] 448959K->370193K(1032192K), 0.0017854 secs] [Times: user=0.00 sys=0.00, real=0.00 secs] 
152.814: [GC (Allocation Failure) [PSYoungGen: 110509K->11264K(114688K)] 567743K->468497K(1032192K), 0.0012808 secs] [Times: user=0.00 sys=0.00, real=0.00 secs] 
154.886: [GC (Allocation Failure) [PSYoungGen: 95150K->15360K(114688K)] 552383K->482833K(1032192K), 0.0018605 secs] [Times: user=0.00 sys=0.00, real=0.00 secs] 
155.868: [GC (Allocation Failure) [PSYoungGen: 110502K->15360K(114688K)] 680375K->595473K(1032192K), 0.0023010 secs] [Times: user=0.00 sys=0.00, real=0.00 secs] 
158.374: [Full GC (Ergonomics) [PSYoungGen: 112553K->0K(114688K)] [ParOldGen: 887313K->56849K(917504K)] 999866K->56849K(1032192K), [Metaspace: 2796K->2796K(1056768K)], 0.0059808 secs] [Times: user=0.00 sys=0.00, real=0.01 secs] 
160.231: [GC (Allocation Failure) [PSYoungGen: 95146K->15360K(114688K)] 305596K->225809K(1032192K), 0.0015148 secs] [Times: user=0.00 sys=0.00, real=0.00 secs] 
161.975: [GC (Allocation Failure) [PSYoungGen: 94124K->15360K(114688K)] 458173K->379409K(1032192K), 0.0014613 secs] [Times: user=0.00 sys=0.00, real=0.00 secs] 
162.953: [GC (Allocation Failure) [PSYoungGen: 110508K->11264K(114688K)] 576958K->477713K(1032192K), 0.0012907 secs] [Times: user=0.00 sys=0.00, real=0.00 secs] 
164.704: [GC (Allocation Failure) [PSYoungGen: 106413K->15360K(114688K)] 726462K->651793K(1032192K), 0.0025006 secs] [Times: user=0.00 sys=0.00, real=0.00 secs] 
166.995: [GC (Allocation Failure) [PSYoungGen: 110509K->10240K(114688K)] 900543K->820753K(1032192K), 0.0027648 secs] [Times: user=0.00 sys=0.00, real=0.00 secs] 
167.872: [GC (Allocation Failure) [PSYoungGen: 73645K->10240K(114688K)] 935359K->871953K(1032192K), 0.0015068 secs] [Times: user=0.00 sys=0.00, real=0.00 secs] 
167.873: [GC (Allocation Failure) [PSYoungGen: 10240K->10240K(114688K)] 871953K->871953K(1032192K), 0.0015056 secs] [Times: user=0.05 sys=0.00, real=0.00 secs] 
167.875: [Full GC (Allocation Failure) [PSYoungGen: 10240K->0K(114688K)] [ParOldGen: 861713K->82449K(917504K)] 871953K->82449K(1032192K), [Metaspace: 2796K->2796K(1056768K)], 0.0077331 secs] [Times: user=0.00 sys=0.00, real=0.01 secs] 
170.071: [GC (Allocation Failure) [PSYoungGen: 97198K->5120K(114688K)] 384447K->292369K(1032192K), 0.0009676 secs] [Times: user=0.00 sys=0.00, real=0.00 secs] 
171.817: [GC (Allocation Failure) [PSYoungGen: 100270K->15360K(114688K)] 541119K->462353K(1032192K), 0.0019397 secs] [Times: user=0.00 sys=0.00, real=0.00 secs] 
173.121: [GC (Allocation Failure) [PSYoungGen: 105390K->5120K(114688K)] 654783K->554513K(1032192K), 0.0010698 secs] [Times: user=0.00 sys=0.00, real=0.00 secs] 
173.884: [GC (Allocation Failure) [PSYoungGen: 100270K->11264K(114688K)] 752063K->663057K(1032192K), 0.0014988 secs] [Times: user=0.00 sys=0.00, real=0.00 secs] 
175.738: [GC (Allocation Failure) [PSYoungGen: 106414K->15360K(114688K)] 911807K->841233K(1032192K), 0.0027186 secs] [Times: user=0.00 sys=0.00, real=0.00 secs] 
177.484: [GC (Allocation Failure) [PSYoungGen: 104366K->15360K(114688K)] 930239K->841233K(1032192K), 0.0018382 secs] [Times: user=0.00 sys=0.00, real=0.00 secs] 
177.811: [GC (Allocation Failure) --[PSYoungGen: 99238K->99238K(114688K)] 925112K->976312K(1032192K), 0.0049150 secs] [Times: user=0.00 sys=0.00, real=0.01 secs] 
177.816: [Full GC (Ergonomics) [PSYoungGen: 99238K->0K(114688K)] [ParOldGen: 877073K->57344K(917504K)] 976312K->57344K(1032192K), [Metaspace: 2796K->2796K(1056768K)], 0.0061213 secs] [Times: user=0.00 sys=0.00, real=0.01 secs] 
180.011: [GC (Allocation Failure) [PSYoungGen: 97177K->10240K(114688K)] 410521K->323584K(1032192K), 0.0013787 secs] [Times: user=0.00 sys=0.00, real=0.00 secs] 
182.740: [GC (Allocation Failure) [PSYoungGen: 107424K->12288K(114688K)] 676769K->581632K(1032192K), 0.0016580 secs] [Times: user=0.00 sys=0.00, real=0.00 secs] 
184.703: [GC (Allocation Failure) [PSYoungGen: 97189K->10240K(114688K)] 820133K->743424K(1032192K), 0.0026967 secs] [Times: user=0.00 sys=0.00, real=0.00 secs] 
185.685: [GC (Allocation Failure) [PSYoungGen: 105384K->15360K(114688K)] 940968K->856064K(1032192K), 0.0023386 secs] [Times: user=0.02 sys=0.00, real=0.00 secs] 
186.339: [Full GC (Ergonomics) [PSYoungGen: 68522K->0K(114688K)] [ParOldGen: 891904K->87569K(917504K)] 960426K->87569K(1032192K), [Metaspace: 2796K->2796K(1056768K)], 0.0077514 secs] [Times: user=0.00 sys=0.00, real=0.01 secs] 
188.759: [GC (Allocation Failure) [PSYoungGen: 95147K->10240K(114688K)] 336317K->251409K(1032192K), 0.0010365 secs] [Times: user=0.00 sys=0.00, real=0.00 secs] 
189.522: [GC (Allocation Failure) [PSYoungGen: 105388K->6144K(114688K)] 448958K->349713K(1032192K), 0.0009870 secs] [Times: user=0.00 sys=0.00, real=0.00 secs] 
191.378: [GC (Allocation Failure) [PSYoungGen: 101293K->15392K(114688K)] 598462K->513585K(1032192K), 0.0015889 secs] [Times: user=0.00 sys=0.00, real=0.00 secs] 
194.003: [GC (Allocation Failure) [PSYoungGen: 112589K->11296K(114688K)] 764383K->673329K(1032192K), 0.0020721 secs] [Times: user=0.00 sys=0.00, real=0.00 secs] 
196.073: [GC (Allocation Failure) [PSYoungGen: 96205K->10304K(114688K)] 911839K->825937K(1032192K), 0.0016180 secs] [Times: user=0.00 sys=0.00, real=0.00 secs] 
196.290: [GC (Allocation Failure) [PSYoungGen: 83949K->32K(114688K)] 899583K->887345K(1032192K), 0.0050054 secs] [Times: user=0.00 sys=0.00, real=0.00 secs] 
196.295: [Full GC (Ergonomics) [PSYoungGen: 32K->0K(114688K)] [ParOldGen: 887313K->72209K(917504K)] 887345K->72209K(1032192K), [Metaspace: 2796K->2796K(1056768K)], 0.0068290 secs] [Times: user=0.02 sys=0.00, real=0.01 secs] 
198.487: [GC (Allocation Failure) [PSYoungGen: 97189K->15360K(114688K)] 425399K->343569K(1032192K), 0.0013032 secs] [Times: user=0.00 sys=0.00, real=0.00 secs] 
200.342: [GC (Allocation Failure) [PSYoungGen: 104360K->15360K(114688K)] 586170K->497169K(1032192K), 0.0016194 secs] [Times: user=0.00 sys=0.00, real=0.00 secs] 
201.325: [GC (Allocation Failure) [PSYoungGen: 110506K->11264K(114688K)] 694716K->595473K(1032192K), 0.0013931 secs] [Times: user=0.00 sys=0.00, real=0.00 secs] 
203.730: [GC (Allocation Failure) [PSYoungGen: 107435K->1024K(114688K)] 845245K->738833K(1032192K), 0.0014886 secs] [Times: user=0.00 sys=0.00, real=0.00 secs] 
205.584: [Full GC (Ergonomics) [PSYoungGen: 96172K->0K(114688K)] [ParOldGen: 891409K->26624K(917504K)] 987582K->26624K(1032192K), [Metaspace: 2796K->2796K(1056768K)], 0.0041138 secs] [Times: user=0.00 sys=0.00, real=0.00 secs] 
208.094: [GC (Allocation Failure) [PSYoungGen: 97197K->5120K(114688K)] 431021K->338944K(1032192K), 0.0009347 secs] [Times: user=0.00 sys=0.00, real=0.00 secs] 
209.945: [GC (Allocation Failure) [PSYoungGen: 100269K->15360K(114688K)] 587694K->502784K(1032192K), 0.0014855 secs] [Times: user=0.00 sys=0.00, real=0.00 secs] 
211.695: [GC (Allocation Failure) [PSYoungGen: 94125K->15360K(114688K)] 735150K->656384K(1032192K), 0.0017390 secs] [Times: user=0.00 sys=0.00, real=0.00 secs] 
212.675: [GC (Allocation Failure) [PSYoungGen: 110509K->11264K(114688K)] 853934K->754688K(1032192K), 0.0017373 secs] [Times: user=0.00 sys=0.00, real=0.00 secs] 
214.420: [Full GC (Ergonomics) [PSYoungGen: 106414K->0K(114688K)] [ParOldGen: 897024K->32768K(917504K)] 1003438K->32768K(1032192K), [Metaspace: 2796K->2796K(1056768K)], 0.0046519 secs] [Times: user=0.00 sys=0.00, real=0.00 secs] 
216.716: [GC (Allocation Failure) [PSYoungGen: 95150K->10240K(114688K)] 281518K->217088K(1032192K), 0.0025148 secs] [Times: user=0.00 sys=0.00, real=0.00 secs] 
Heap
 PSYoungGen      total 114688K, used 97116K [0x00000000f8000000, 0x0000000100000000, 0x0000000100000000)
  eden space 98304K, 88% used [0x00000000f8000000,0x00000000fd4d7288,0x00000000fe000000)
  from space 16384K, 62% used [0x00000000fe000000,0x00000000fea00020,0x00000000ff000000)
  to   space 16384K, 0% used [0x00000000ff000000,0x00000000ff000000,0x0000000100000000)
 ParOldGen       total 917504K, used 360448K [0x00000000c0000000, 0x00000000f8000000, 0x00000000f8000000)
  object space 917504K, 39% used [0x00000000c0000000,0x00000000d6000238,0x00000000f8000000)
 Metaspace       used 2804K, capacity 4486K, committed 4864K, reserved 1056768K
  class space    used 297K, capacity 386K, committed 512K, reserved 1048576K
