Java HotSpot(TM) 64-Bit Server VM (25.411-b09) for windows-amd64 JRE (1.8.0_411-b09), built on Mar 13 2024 07:26:13 by "java_re" with MS VC++ 17.1 (VS2022)
Memory: 4k page, physical 33403376k(14893328k free), swap 38794768k(7572192k free)
CommandLine flags: -XX:InitialHeapSize=1073741824 -XX:MaxHeapSize=1073741824 -XX:NewRatio=8 -XX:ParallelGCThreads=6 -XX:+PrintGC -XX:+PrintGCDetails -XX:+PrintGCTimeStamps -XX:SurvivorRatio=8 -XX:-UseAdaptiveSizePolicy -XX:+UseCompressedClassPointers -XX:+UseCompressedOops -XX:-UseLargePagesIndividualAllocation -XX:+UseParallelGC 
1.972: [GC (Allocation Failure) [PSYoungGen: 88740K->6824K(104960K)] 242340K->165552K(1037312K), 0.0027314 secs] [Times: user=0.00 sys=0.00, real=0.00 secs] 
3.765: [GC (Allocation Failure) [PSYoungGen: 96762K->7816K(104960K)] 409090K->325264K(1037312K), 0.0029022 secs] [Times: user=0.00 sys=0.00, real=0.00 secs] 
6.107: [GC (Allocation Failure) [PSYoungGen: 98778K->10808K(104960K)] 569826K->488000K(1037312K), 0.0029613 secs] [Times: user=0.00 sys=0.00, real=0.00 secs] 
8.447: [GC (Allocation Failure) [PSYoungGen: 101683K->5688K(104960K)] 732475K->636488K(1037312K), 0.0014921 secs] [Times: user=0.02 sys=0.00, real=0.00 secs] 
9.349: [GC (Allocation Failure) [PSYoungGen: 95626K->5720K(104960K)] 828826K->790120K(1037312K), 0.0161403 secs] [Times: user=0.02 sys=0.00, real=0.02 secs] 
10.145: [GC (Allocation Failure) [PSYoungGen: 63914K->5752K(104960K)] 899514K->841352K(1037312K), 0.0018011 secs] [Times: user=0.00 sys=0.00, real=0.00 secs] 
10.147: [GC (Allocation Failure) [PSYoungGen: 5752K->5688K(104960K)] 841352K->841288K(1037312K), 0.0014986 secs] [Times: user=0.00 sys=0.00, real=0.00 secs] 
10.148: [Full GC (Allocation Failure) [PSYoungGen: 5688K->0K(104960K)] [ParOldGen: 835600K->108048K(932352K)] 841288K->108048K(1037312K), [Metaspace: 2761K->2761K(1056768K)], 0.0164133 secs] [Times: user=0.00 sys=0.00, real=0.02 secs] 
12.556: [GC (Allocation Failure) [PSYoungGen: 85842K->10240K(104960K)] 449891K->374288K(1037312K), 0.0013632 secs] [Times: user=0.00 sys=0.00, real=0.00 secs] 
14.087: [GC (Allocation Failure) [PSYoungGen: 95667K->10272K(104960K)] 613316K->544313K(1037312K), 0.0021210 secs] [Times: user=0.00 sys=0.00, real=0.00 secs] 
14.847: [GC (Allocation Failure) [PSYoungGen: 100210K->10304K(104960K)] 736651K->646745K(1037312K), 0.0013080 secs] [Times: user=0.00 sys=0.00, real=0.00 secs] 
16.921: [GC (Allocation Failure) [PSYoungGen: 99218K->10272K(104960K)] 735659K->651833K(1037312K), 0.0016325 secs] [Times: user=0.00 sys=0.00, real=0.00 secs] 
17.687: [GC (Allocation Failure) [PSYoungGen: 100203K->5184K(104960K)] 844164K->769625K(1037312K), 0.0023301 secs] [Times: user=0.00 sys=0.00, real=0.00 secs] 
20.004: [Full GC (Ergonomics) [PSYoungGen: 95118K->0K(104960K)] [ParOldGen: 918041K->5649K(932352K)] 1013159K->5649K(1037312K), [Metaspace: 2770K->2770K(1056768K)], 0.0069762 secs] [Times: user=0.00 sys=0.00, real=0.01 secs] 
21.095: [GC (Allocation Failure) [PSYoungGen: 84815K->10240K(104960K)] 192864K->118289K(1037312K), 0.0009505 secs] [Times: user=0.00 sys=0.00, real=0.00 secs] 
22.625: [GC (Allocation Failure) [PSYoungGen: 95056K->10240K(104960K)] 356705K->283153K(1037312K), 0.0018164 secs] [Times: user=0.00 sys=0.00, real=0.00 secs] 
23.932: [GC (Allocation Failure) [PSYoungGen: 100176K->5120K(104960K)] 475490K->380433K(1037312K), 0.0009749 secs] [Times: user=0.00 sys=0.00, real=0.00 secs] 
25.457: [GC (Allocation Failure) [PSYoungGen: 89937K->10240K(104960K)] 618850K->554513K(1037312K), 0.0019134 secs] [Times: user=0.00 sys=0.00, real=0.00 secs] 
26.222: [GC (Allocation Failure) [PSYoungGen: 100177K->5120K(104960K)] 746850K->662033K(1037312K), 0.0015514 secs] [Times: user=0.00 sys=0.00, real=0.00 secs] 
28.079: [GC (Allocation Failure) [PSYoungGen: 94033K->10240K(104960K)] 750947K->667153K(1037312K), 0.0020868 secs] [Times: user=0.00 sys=0.00, real=0.00 secs] 
29.716: [GC (Allocation Failure) [PSYoungGen: 100567K->10272K(104960K)] 911080K->831033K(1037312K), 0.0020222 secs] [Times: user=0.00 sys=0.00, real=0.00 secs] 
30.479: [Full GC (Ergonomics) [PSYoungGen: 100205K->0K(104960K)] [ParOldGen: 923161K->169489K(932352K)] 1023367K->169489K(1037312K), [Metaspace: 2793K->2793K(1056768K)], 0.0136407 secs] [Times: user=0.00 sys=0.00, real=0.01 secs] 
32.677: [GC (Allocation Failure) [PSYoungGen: 74575K->10240K(104960K)] 346464K->288273K(1037312K), 0.0015802 secs] [Times: user=0.00 sys=0.00, real=0.00 secs] 
33.550: [GC (Allocation Failure) [PSYoungGen: 100176K->6144K(104960K)] 480609K->386577K(1037312K), 0.0008523 secs] [Times: user=0.00 sys=0.00, real=0.00 secs] 
35.512: [GC (Allocation Failure) [PSYoungGen: 90960K->10240K(104960K)] 624994K->554513K(1037312K), 0.0015997 secs] [Times: user=0.00 sys=0.00, real=0.00 secs] 
36.389: [GC (Allocation Failure) [PSYoungGen: 100177K->10240K(104960K)] 746850K->656913K(1037312K), 0.0010583 secs] [Times: user=0.00 sys=0.00, real=0.00 secs] 
38.133: [GC (Allocation Failure) [PSYoungGen: 100177K->10240K(104960K)] 900451K->836113K(1037312K), 0.0027807 secs] [Times: user=0.00 sys=0.00, real=0.00 secs] 
39.772: [GC (Allocation Failure) [PSYoungGen: 94033K->10240K(104960K)] 971107K->892433K(1037312K), 0.0016482 secs] [Times: user=0.00 sys=0.00, real=0.00 secs] 
39.989: [GC (Allocation Failure) --[PSYoungGen: 83793K->83793K(104960K)] 965987K->965987K(1037312K), 0.0022677 secs] [Times: user=0.00 sys=0.00, real=0.00 secs] 
39.992: [Full GC (Ergonomics) [PSYoungGen: 83793K->0K(104960K)] [ParOldGen: 882193K->57344K(932352K)] 965987K->57344K(1037312K), [Metaspace: 2793K->2793K(1056768K)], 0.0063333 secs] [Times: user=0.00 sys=0.00, real=0.01 secs] 
42.077: [GC (Allocation Failure) [PSYoungGen: 91969K->10240K(104960K)] 405313K->324608K(1037312K), 0.0014053 secs] [Times: user=0.00 sys=0.00, real=0.00 secs] 
44.587: [GC (Allocation Failure) [PSYoungGen: 102215K->2048K(104960K)] 570183K->480256K(1037312K), 0.0020307 secs] [Times: user=0.00 sys=0.00, real=0.00 secs] 
46.771: [GC (Allocation Failure) [PSYoungGen: 86859K->5120K(104960K)] 718667K->636928K(1037312K), 0.0019738 secs] [Times: user=0.00 sys=0.00, real=0.00 secs] 
47.532: [GC (Allocation Failure) [PSYoungGen: 95053K->5120K(104960K)] 829261K->759808K(1037312K), 0.0028616 secs] [Times: user=0.00 sys=0.00, real=0.00 secs] 
49.278: [Full GC (Ergonomics) [PSYoungGen: 95055K->0K(104960K)] [ParOldGen: 908288K->82449K(932352K)] 1003343K->82449K(1037312K), [Metaspace: 2795K->2795K(1056768K)], 0.0075665 secs] [Times: user=0.00 sys=0.00, real=0.01 secs] 
51.138: [GC (Allocation Failure) [PSYoungGen: 88912K->10240K(104960K)] 324961K->251409K(1037312K), 0.0013775 secs] [Times: user=0.00 sys=0.00, real=0.00 secs] 
52.011: [GC (Allocation Failure) [PSYoungGen: 100176K->6144K(104960K)] 443746K->349713K(1037312K), 0.0009189 secs] [Times: user=0.00 sys=0.00, real=0.00 secs] 
53.753: [GC (Allocation Failure) [PSYoungGen: 96081K->7168K(104960K)] 593250K->509457K(1037312K), 0.0016455 secs] [Times: user=0.00 sys=0.00, real=0.00 secs] 
56.043: [GC (Allocation Failure) [PSYoungGen: 98129K->10240K(104960K)] 754019K->676369K(1037312K), 0.0017536 secs] [Times: user=0.00 sys=0.00, real=0.00 secs] 
58.222: [GC (Allocation Failure) [PSYoungGen: 95057K->5120K(104960K)] 914787K->824849K(1037312K), 0.0014382 secs] [Times: user=0.00 sys=0.00, real=0.00 secs] 
59.096: [Full GC (Ergonomics) [PSYoungGen: 95057K->0K(104960K)] [ParOldGen: 922129K->57344K(932352K)] 1017187K->57344K(1037312K), [Metaspace: 2796K->2796K(1056768K)], 0.0062025 secs] [Times: user=0.00 sys=0.00, real=0.01 secs] 
60.842: [GC (Allocation Failure) [PSYoungGen: 89937K->10240K(104960K)] 300882K->226304K(1037312K), 0.0013508 secs] [Times: user=0.00 sys=0.00, real=0.00 secs] 
62.480: [GC (Allocation Failure) [PSYoungGen: 83793K->10240K(104960K)] 453458K->385024K(1037312K), 0.0017298 secs] [Times: user=0.00 sys=0.00, real=0.00 secs] 
63.352: [GC (Allocation Failure) [PSYoungGen: 100177K->6144K(104960K)] 577362K->483328K(1037312K), 0.0012257 secs] [Times: user=0.00 sys=0.00, real=0.00 secs] 
65.100: [GC (Allocation Failure) [PSYoungGen: 96082K->10240K(104960K)] 726866K->652288K(1037312K), 0.0026733 secs] [Times: user=0.00 sys=0.00, real=0.00 secs] 
66.740: [GC (Allocation Failure) [PSYoungGen: 83794K->5120K(104960K)] 725842K->657408K(1037312K), 0.0018257 secs] [Times: user=0.00 sys=0.00, real=0.00 secs] 
67.617: [GC (Allocation Failure) [PSYoungGen: 95050K->10240K(104960K)] 849738K->790528K(1037312K), 0.0034121 secs] [Times: user=0.00 sys=0.00, real=0.00 secs] 
68.385: [GC (Allocation Failure) [PSYoungGen: 68429K->5120K(104960K)] 899917K->836608K(1037312K), 0.0021012 secs] [Times: user=0.00 sys=0.00, real=0.00 secs] 
68.387: [GC (Allocation Failure) [PSYoungGen: 5120K->5120K(104960K)] 836608K->836608K(1037312K), 0.0017356 secs] [Times: user=0.00 sys=0.00, real=0.00 secs] 
68.389: [Full GC (Allocation Failure) [PSYoungGen: 5120K->0K(104960K)] [ParOldGen: 831488K->82449K(932352K)] 836608K->82449K(1037312K), [Metaspace: 2796K->2796K(1056768K)], 0.0074358 secs] [Times: user=0.00 sys=0.00, real=0.01 secs] 
70.472: [GC (Allocation Failure) [PSYoungGen: 91982K->5120K(104960K)] 379232K->292369K(1037312K), 0.0009671 secs] [Times: user=0.00 sys=0.00, real=0.00 secs] 
72.218: [GC (Allocation Failure) [PSYoungGen: 95056K->10240K(104960K)] 535905K->457233K(1037312K), 0.0015864 secs] [Times: user=0.00 sys=0.00, real=0.00 secs] 
74.403: [GC (Allocation Failure) [PSYoungGen: 102224K->1024K(104960K)] 856418K->765457K(1037312K), 0.0016941 secs] [Times: user=0.00 sys=0.00, real=0.00 secs] 
76.151: [Full GC (Ergonomics) [PSYoungGen: 90961K->0K(104960K)] [ParOldGen: 918033K->36369K(932352K)] 1008994K->36369K(1037312K), [Metaspace: 2796K->2796K(1056768K)], 0.0049503 secs] [Times: user=0.01 sys=0.00, real=0.00 secs] 
77.892: [GC (Allocation Failure) [PSYoungGen: 83793K->10240K(104960K)] 120162K->46609K(1037312K), 0.0009877 secs] [Times: user=0.00 sys=0.00, real=0.00 secs] 
79.411: [GC (Allocation Failure) [PSYoungGen: 95051K->10240K(104960K)] 285020K->210449K(1037312K), 0.0018693 secs] [Times: user=0.00 sys=0.00, real=0.00 secs] 
80.175: [GC (Allocation Failure) [PSYoungGen: 100173K->5120K(104960K)] 402782K->307729K(1037312K), 0.0008335 secs] [Times: user=0.00 sys=0.00, real=0.00 secs] 
82.356: [GC (Allocation Failure) [PSYoungGen: 79695K->10240K(104960K)] 484704K->421393K(1037312K), 0.0016868 secs] [Times: user=0.00 sys=0.00, real=0.00 secs] 
83.224: [GC (Allocation Failure) [PSYoungGen: 100176K->6144K(104960K)] 613729K->519697K(1037312K), 0.0012221 secs] [Times: user=0.00 sys=0.00, real=0.00 secs] 
85.193: [GC (Allocation Failure) [PSYoungGen: 90960K->10240K(104960K)] 758114K->687633K(1037312K), 0.0014922 secs] [Times: user=0.00 sys=0.00, real=0.00 secs] 
86.067: [GC (Allocation Failure) [PSYoungGen: 100177K->10240K(104960K)] 879970K->790033K(1037312K), 0.0013444 secs] [Times: user=0.00 sys=0.00, real=0.00 secs] 
86.829: [GC (Allocation Failure) [PSYoungGen: 68433K->5120K(104960K)] 899427K->856593K(1037312K), 0.0026356 secs] [Times: user=0.00 sys=0.00, real=0.00 secs] 
86.831: [GC (Allocation Failure) [PSYoungGen: 5120K->5120K(104960K)] 856593K->856593K(1037312K), 0.0014366 secs] [Times: user=0.00 sys=0.00, real=0.00 secs] 
86.833: [Full GC (Allocation Failure) [PSYoungGen: 5120K->0K(104960K)] [ParOldGen: 851473K->87569K(932352K)] 856593K->87569K(1037312K), [Metaspace: 2796K->2796K(1056768K)], 0.0079936 secs] [Times: user=0.00 sys=0.00, real=0.01 secs] 
89.135: [GC (Allocation Failure) [PSYoungGen: 89937K->10240K(104960K)] 331107K->251409K(1037312K), 0.0010640 secs] [Times: user=0.00 sys=0.00, real=0.00 secs] 
90.772: [GC (Allocation Failure) [PSYoungGen: 100177K->10240K(104960K)] 494947K->415249K(1037312K), 0.0019156 secs] [Times: user=0.00 sys=0.00, real=0.00 secs] 
91.536: [GC (Allocation Failure) [PSYoungGen: 100177K->6144K(104960K)] 607587K->513553K(1037312K), 0.0010706 secs] [Times: user=0.00 sys=0.00, real=0.00 secs] 
93.715: [GC (Allocation Failure) [PSYoungGen: 85842K->10240K(104960K)] 593251K->528913K(1037312K), 0.0017769 secs] [Times: user=0.00 sys=0.00, real=0.00 secs] 
94.588: [GC (Allocation Failure) [PSYoungGen: 100170K->10240K(104960K)] 721244K->631313K(1037312K), 0.0012954 secs] [Times: user=0.00 sys=0.00, real=0.00 secs] 
96.552: [GC (Allocation Failure) [PSYoungGen: 89933K->10240K(104960K)] 864607K->784913K(1037312K), 0.0015047 secs] [Times: user=0.00 sys=0.00, real=0.00 secs] 
97.424: [GC (Allocation Failure) [PSYoungGen: 100175K->10240K(104960K)] 977248K->907793K(1037312K), 0.0030155 secs] [Times: user=0.00 sys=0.00, real=0.00 secs] 
97.427: [Full GC (Ergonomics) [PSYoungGen: 10240K->0K(104960K)] [ParOldGen: 897553K->26129K(932352K)] 907793K->26129K(1037312K), [Metaspace: 2796K->2796K(1056768K)], 0.0040177 secs] [Times: user=0.00 sys=0.00, real=0.00 secs] 
99.168: [GC (Allocation Failure) [PSYoungGen: 89936K->10240K(104960K)] 269665K->189969K(1037312K), 0.0010178 secs] [Times: user=0.00 sys=0.00, real=0.00 secs] 
100.805: [GC (Allocation Failure) [PSYoungGen: 88912K->10240K(104960K)] 422242K->348689K(1037312K), 0.0015548 secs] [Times: user=0.00 sys=0.00, real=0.00 secs] 
101.679: [GC (Allocation Failure) [PSYoungGen: 100177K->6144K(104960K)] 541026K->446993K(1037312K), 0.0010731 secs] [Times: user=0.00 sys=0.00, real=0.00 secs] 
103.429: [GC (Allocation Failure) [PSYoungGen: 96081K->7168K(104960K)] 690531K->606737K(1037312K), 0.0015205 secs] [Times: user=0.00 sys=0.00, real=0.00 secs] 
105.719: [GC (Allocation Failure) [PSYoungGen: 98129K->10240K(104960K)] 851299K->773649K(1037312K), 0.0018813 secs] [Times: user=0.00 sys=0.00, real=0.00 secs] 
107.900: [Full GC (Ergonomics) [PSYoungGen: 95057K->0K(104960K)] [ParOldGen: 917009K->6144K(932352K)] 1012067K->6144K(1037312K), [Metaspace: 2796K->2796K(1056768K)], 0.0030548 secs] [Times: user=0.02 sys=0.00, real=0.00 secs] 
108.771: [GC (Allocation Failure) [PSYoungGen: 89937K->5120K(104960K)] 198481K->164864K(1037312K), 0.0045923 secs] [Times: user=0.00 sys=0.00, real=0.00 secs] 
110.514: [GC (Allocation Failure) [PSYoungGen: 95058K->10240K(104960K)] 408402K->328704K(1037312K), 0.0014870 secs] [Times: user=0.00 sys=0.00, real=0.00 secs] 
112.151: [GC (Allocation Failure) [PSYoungGen: 83793K->5120K(104960K)] 555858K->487424K(1037312K), 0.0017781 secs] [Times: user=0.00 sys=0.00, real=0.00 secs] 
113.024: [GC (Allocation Failure) [PSYoungGen: 95057K->10240K(104960K)] 679762K->595968K(1037312K), 0.0014817 secs] [Times: user=0.00 sys=0.00, real=0.00 secs] 
114.763: [GC (Allocation Failure) [PSYoungGen: 100178K->10240K(104960K)] 839506K->764928K(1037312K), 0.0026356 secs] [Times: user=0.00 sys=0.00, real=0.00 secs] 
116.401: [GC (Allocation Failure) [PSYoungGen: 83794K->10240K(104960K)] 838482K->770048K(1037312K), 0.0021236 secs] [Times: user=0.00 sys=0.00, real=0.00 secs] 
117.273: [GC (Allocation Failure) [PSYoungGen: 100170K->10240K(104960K)] 962378K->892928K(1037312K), 0.0035083 secs] [Times: user=0.00 sys=0.00, real=0.00 secs] 
117.276: [Full GC (Ergonomics) [PSYoungGen: 10240K->0K(104960K)] [ParOldGen: 882688K->31249K(932352K)] 892928K->31249K(1037312K), [Metaspace: 2796K->2796K(1056768K)], 0.0046248 secs] [Times: user=0.00 sys=0.00, real=0.01 secs] 
120.000: [GC (Allocation Failure) [PSYoungGen: 91981K->5120K(104960K)] 430430K->343569K(1037312K), 0.0010222 secs] [Times: user=0.00 sys=0.00, real=0.00 secs] 
121.743: [GC (Allocation Failure) [PSYoungGen: 95054K->10240K(104960K)] 587104K->503313K(1037312K), 0.0015020 secs] [Times: user=0.00 sys=0.00, real=0.00 secs] 
123.486: [GC (Allocation Failure) [PSYoungGen: 84816K->10240K(104960K)] 731489K->667153K(1037312K), 0.0017557 secs] [Times: user=0.00 sys=0.00, real=0.00 secs] 
124.357: [GC (Allocation Failure) [PSYoungGen: 100176K->10240K(104960K)] 859490K->779793K(1037312K), 0.0021904 secs] [Times: user=0.00 sys=0.00, real=0.00 secs] 
126.104: [Full GC (Ergonomics) [PSYoungGen: 100177K->0K(104960K)] [ParOldGen: 923153K->36369K(932352K)] 1023330K->36369K(1037312K), [Metaspace: 2796K->2796K(1056768K)], 0.0049358 secs] [Times: user=0.00 sys=0.00, real=0.01 secs] 
127.741: [GC (Allocation Failure) [PSYoungGen: 88913K->10240K(104960K)] 125282K->51729K(1037312K), 0.0013105 secs] [Times: user=0.00 sys=0.00, real=0.00 secs] 
128.615: [GC (Allocation Failure) [PSYoungGen: 100171K->5120K(104960K)] 244060K->200209K(1037312K), 0.0047401 secs] [Times: user=0.00 sys=0.00, real=0.00 secs] 
131.236: [GC (Allocation Failure) [PSYoungGen: 97101K->6144K(104960K)] 548191K->457233K(1037312K), 0.0011026 secs] [Times: user=0.00 sys=0.00, real=0.00 secs] 
132.981: [GC (Allocation Failure) [PSYoungGen: 96079K->7168K(104960K)] 700768K->616977K(1037312K), 0.0014500 secs] [Times: user=0.00 sys=0.00, real=0.00 secs] 
134.836: [GC (Allocation Failure) [PSYoungGen: 86864K->10240K(104960K)] 850273K->783889K(1037312K), 0.0020055 secs] [Times: user=0.00 sys=0.00, real=0.00 secs] 
135.709: [GC (Allocation Failure) [PSYoungGen: 100176K->10240K(104960K)] 976226K->896529K(1037312K), 0.0021187 secs] [Times: user=0.00 sys=0.00, real=0.00 secs] 
135.711: [Full GC (Ergonomics) [PSYoungGen: 10240K->0K(104960K)] [ParOldGen: 886289K->21009K(932352K)] 896529K->21009K(1037312K), [Metaspace: 2796K->2796K(1056768K)], 0.0035539 secs] [Times: user=0.00 sys=0.00, real=0.00 secs] 
137.461: [GC (Allocation Failure) [PSYoungGen: 89937K->10240K(104960K)] 264546K->205329K(1037312K), 0.0025882 secs] [Times: user=0.00 sys=0.00, real=0.00 secs] 
139.098: [GC (Allocation Failure) [PSYoungGen: 94033K->10240K(104960K)] 340323K->261649K(1037312K), 0.0016113 secs] [Times: user=0.00 sys=0.00, real=0.00 secs] 
139.968: [GC (Allocation Failure) [PSYoungGen: 100177K->5120K(104960K)] 453987K->358929K(1037312K), 0.0008636 secs] [Times: user=0.00 sys=0.00, real=0.00 secs] 
142.475: [GC (Allocation Failure) [PSYoungGen: 97105K->2048K(104960K)] 604515K->509457K(1037312K), 0.0010428 secs] [Times: user=0.00 sys=0.00, real=0.00 secs] 
144.228: [GC (Allocation Failure) [PSYoungGen: 91986K->6144K(104960K)] 752995K->682513K(1037312K), 0.0019744 secs] [Times: user=0.00 sys=0.00, real=0.00 secs] 
146.195: [GC (Allocation Failure) [PSYoungGen: 85842K->10240K(104960K)] 915811K->840209K(1037312K), 0.0013054 secs] [Times: user=0.00 sys=0.00, real=0.00 secs] 
146.412: [GC (Allocation Failure) [PSYoungGen: 83793K->0K(104960K)] 913763K->901649K(1037312K), 0.0051217 secs] [Times: user=0.00 sys=0.00, real=0.00 secs] 
146.417: [Full GC (Ergonomics) [PSYoungGen: 0K->0K(104960K)] [ParOldGen: 901649K->72209K(932352K)] 901649K->72209K(1037312K), [Metaspace: 2796K->2796K(1056768K)], 0.0072493 secs] [Times: user=0.00 sys=0.00, real=0.01 secs] 
148.495: [GC (Allocation Failure) [PSYoungGen: 91978K->10240K(104960K)] 420188K->338449K(1037312K), 0.0014331 secs] [Times: user=0.00 sys=0.00, real=0.00 secs] 
150.347: [GC (Allocation Failure) [PSYoungGen: 94029K->5120K(104960K)] 575838K->497169K(1037312K), 0.0016155 secs] [Times: user=0.00 sys=0.00, real=0.00 secs] 
151.112: [GC (Allocation Failure) [PSYoungGen: 95054K->10240K(104960K)] 689504K->605713K(1037312K), 0.0016118 secs] [Times: user=0.00 sys=0.00, real=0.00 secs] 
152.854: [GC (Allocation Failure) [PSYoungGen: 100176K->10240K(104960K)] 849249K->765457K(1037312K), 0.0016867 secs] [Times: user=0.02 sys=0.00, real=0.00 secs] 
154.704: [GC (Allocation Failure) [PSYoungGen: 83792K->10240K(104960K)] 839010K->780817K(1037312K), 0.0018834 secs] [Times: user=0.00 sys=0.00, real=0.00 secs] 
155.576: [Full GC (Ergonomics) [PSYoungGen: 100169K->0K(104960K)] [ParOldGen: 872977K->26129K(932352K)] 973147K->26129K(1037312K), [Metaspace: 2796K->2796K(1056768K)], 0.0042322 secs] [Times: user=0.00 sys=0.00, real=0.00 secs] 
157.543: [GC (Allocation Failure) [PSYoungGen: 74572K->5120K(104960K)] 254302K->184849K(1037312K), 0.0007781 secs] [Times: user=0.00 sys=0.00, real=0.00 secs] 
158.418: [GC (Allocation Failure) [PSYoungGen: 95054K->5120K(104960K)] 377183K->338449K(1037312K), 0.0049781 secs] [Times: user=0.00 sys=0.00, real=0.01 secs] 
160.174: [GC (Allocation Failure) [PSYoungGen: 95055K->10240K(104960K)] 581985K->502289K(1037312K), 0.0015540 secs] [Times: user=0.00 sys=0.00, real=0.00 secs] 
161.809: [GC (Allocation Failure) [PSYoungGen: 83792K->10240K(104960K)] 729442K->661009K(1037312K), 0.0018102 secs] [Times: user=0.00 sys=0.00, real=0.00 secs] 
162.686: [GC (Allocation Failure) [PSYoungGen: 100177K->6144K(104960K)] 853346K->759313K(1037312K), 0.0014014 secs] [Times: user=0.00 sys=0.00, real=0.00 secs] 
164.432: [Full GC (Ergonomics) [PSYoungGen: 96081K->0K(104960K)] [ParOldGen: 906769K->27648K(932352K)] 1002851K->27648K(1037312K), [Metaspace: 2796K->2796K(1056768K)], 0.0045593 secs] [Times: user=0.00 sys=0.00, real=0.01 secs] 
166.067: [GC (Allocation Failure) [PSYoungGen: 73553K->10240K(104960K)] 101201K->43008K(1037312K), 0.0013372 secs] [Times: user=0.00 sys=0.00, real=0.00 secs] 
166.939: [GC (Allocation Failure) [PSYoungGen: 100170K->10240K(104960K)] 235338K->165888K(1037312K), 0.0023479 secs] [Times: user=0.00 sys=0.00, real=0.00 secs] 
169.675: [GC (Allocation Failure) [PSYoungGen: 102221K->5120K(104960K)] 565069K->467968K(1037312K), 0.0012040 secs] [Times: user=0.00 sys=0.00, real=0.00 secs] 
171.419: [GC (Allocation Failure) [PSYoungGen: 95054K->10240K(104960K)] 711503K->627712K(1037312K), 0.0017855 secs] [Times: user=0.00 sys=0.00, real=0.00 secs] 
173.161: [GC (Allocation Failure) [PSYoungGen: 84815K->10240K(104960K)] 855888K->791552K(1037312K), 0.0021163 secs] [Times: user=0.00 sys=0.00, real=0.00 secs] 
174.036: [Full GC (Ergonomics) [PSYoungGen: 100176K->0K(104960K)] [ParOldGen: 883712K->21009K(932352K)] 983888K->21009K(1037312K), [Metaspace: 2796K->2796K(1056768K)], 0.0038303 secs] [Times: user=0.00 sys=0.00, real=0.00 secs] 
175.781: [GC (Allocation Failure) [PSYoungGen: 89937K->10240K(104960K)] 264546K->195089K(1037312K), 0.0020190 secs] [Times: user=0.00 sys=0.00, real=0.00 secs] 
177.413: [GC (Allocation Failure) [PSYoungGen: 99153K->10240K(104960K)] 284002K->200209K(1037312K), 0.0015279 secs] [Times: user=0.00 sys=0.00, real=0.00 secs] 
178.286: [GC (Allocation Failure) [PSYoungGen: 100171K->5120K(104960K)] 392540K->348689K(1037312K), 0.0045757 secs] [Times: user=0.00 sys=0.00, real=0.00 secs] 
180.903: [GC (Allocation Failure) [PSYoungGen: 97101K->6144K(104960K)] 696671K->605713K(1037312K), 0.0012295 secs] [Times: user=0.00 sys=0.00, real=0.00 secs] 
182.647: [GC (Allocation Failure) [PSYoungGen: 96079K->7168K(104960K)] 849248K->765457K(1037312K), 0.0015913 secs] [Times: user=0.00 sys=0.00, real=0.00 secs] 
184.499: [Full GC (Ergonomics) [PSYoungGen: 86864K->0K(104960K)] [ParOldGen: 911889K->11264K(932352K)] 998753K->11264K(1037312K), [Metaspace: 2796K->2796K(1056768K)], 0.0031823 secs] [Times: user=0.00 sys=0.00, real=0.00 secs] 
185.372: [GC (Allocation Failure) [PSYoungGen: 89936K->10240K(104960K)] 203600K->123904K(1037312K), 0.0011268 secs] [Times: user=0.00 sys=0.00, real=0.00 secs] 
187.123: [GC (Allocation Failure) [PSYoungGen: 100177K->10240K(104960K)] 367441K->303104K(1037312K), 0.0028693 secs] [Times: user=0.00 sys=0.00, real=0.00 secs] 
188.763: [GC (Allocation Failure) [PSYoungGen: 94033K->10240K(104960K)] 438097K->359424K(1037312K), 0.0015942 secs] [Times: user=0.00 sys=0.00, real=0.00 secs] 
189.634: [GC (Allocation Failure) [PSYoungGen: 100177K->5120K(104960K)] 551761K->456704K(1037312K), 0.0013682 secs] [Times: user=0.00 sys=0.00, real=0.00 secs] 
192.145: [GC (Allocation Failure) [PSYoungGen: 97105K->2080K(104960K)] 702290K->607264K(1037312K), 0.0017238 secs] [Times: user=0.00 sys=0.00, real=0.00 secs] 
193.894: [GC (Allocation Failure) [PSYoungGen: 92018K->6176K(104960K)] 850802K->780320K(1037312K), 0.0029045 secs] [Times: user=0.00 sys=0.00, real=0.00 secs] 
195.858: [Full GC (Ergonomics) [PSYoungGen: 85874K->0K(104960K)] [ParOldGen: 927744K->11264K(932352K)] 1013618K->11264K(1037312K), [Metaspace: 2796K->2796K(1056768K)], 0.0032524 secs] [Times: user=0.00 sys=0.00, real=0.00 secs] 
196.733: [GC (Allocation Failure) [PSYoungGen: 89937K->10240K(104960K)] 203602K->144384K(1037312K), 0.0024792 secs] [Times: user=0.00 sys=0.00, real=0.00 secs] 
198.482: [GC (Allocation Failure) [PSYoungGen: 100178K->10240K(104960K)] 387922K->303104K(1037312K), 0.0013860 secs] [Times: user=0.00 sys=0.00, real=0.00 secs] 
200.120: [GC (Allocation Failure) [PSYoungGen: 88914K->10240K(104960K)] 535378K->461824K(1037312K), 0.0017363 secs] [Times: user=0.00 sys=0.00, real=0.00 secs] 
200.995: [GC (Allocation Failure) [PSYoungGen: 100178K->6144K(104960K)] 654162K->560128K(1037312K), 0.0013635 secs] [Times: user=0.00 sys=0.00, real=0.00 secs] 
202.735: [GC (Allocation Failure) [PSYoungGen: 96082K->7168K(104960K)] 803666K->719872K(1037312K), 0.0018964 secs] [Times: user=0.00 sys=0.00, real=0.00 secs] 
205.024: [GC (Allocation Failure) [PSYoungGen: 98130K->10240K(104960K)] 964434K->886784K(1037312K), 0.0023979 secs] [Times: user=0.00 sys=0.00, real=0.00 secs] 
206.007: [Full GC (Ergonomics) [PSYoungGen: 78674K->0K(104960K)] [ParOldGen: 927744K->92689K(932352K)] 1006418K->92689K(1037312K), [Metaspace: 2796K->2796K(1056768K)], 0.0082052 secs] [Times: user=0.01 sys=0.00, real=0.01 secs] 
207.771: [GC (Allocation Failure) [PSYoungGen: 91986K->1024K(104960K)] 389475K->349713K(1037312K), 0.0043384 secs] [Times: user=0.00 sys=0.00, real=0.00 secs] 
209.520: [GC (Allocation Failure) [PSYoungGen: 90962K->10240K(104960K)] 593252K->512529K(1037312K), 0.0012021 secs] [Times: user=0.00 sys=0.00, real=0.00 secs] 
211.481: [GC (Allocation Failure) [PSYoungGen: 99154K->10240K(104960K)] 755044K->671249K(1037312K), 0.0016997 secs] [Times: user=0.00 sys=0.00, real=0.00 secs] 
212.352: [GC (Allocation Failure) [PSYoungGen: 100178K->6144K(104960K)] 863587K->769553K(1037312K), 0.0018223 secs] [Times: user=0.00 sys=0.00, real=0.00 secs] 
214.101: [Full GC (Ergonomics) [PSYoungGen: 96082K->0K(104960K)] [ParOldGen: 917009K->27648K(932352K)] 1013092K->27648K(1037312K), [Metaspace: 2796K->2796K(1056768K)], 0.0044201 secs] [Times: user=0.00 sys=0.00, real=0.00 secs] 
215.736: [GC (Allocation Failure) [PSYoungGen: 73554K->5120K(104960K)] 101202K->43008K(1037312K), 0.0014013 secs] [Times: user=0.00 sys=0.00, real=0.00 secs] 
216.614: [GC (Allocation Failure) [PSYoungGen: 95050K->10240K(104960K)] 235338K->176128K(1037312K), 0.0031982 secs] [Times: user=0.00 sys=0.00, real=0.00 secs] 
Heap
 PSYoungGen      total 104960K, used 91807K [0x00000000f8e80000, 0x0000000100000000, 0x0000000100000000)
  eden space 93696K, 87% used [0x00000000f8e80000,0x00000000fde27df0,0x00000000fea00000)
  from space 11264K, 90% used [0x00000000ff500000,0x00000000fff00020,0x0000000100000000)
  to   space 11264K, 0% used [0x00000000fea00000,0x00000000fea00000,0x00000000ff500000)
 ParOldGen       total 932352K, used 319488K [0x00000000c0000000, 0x00000000f8e80000, 0x00000000f8e80000)
  object space 932352K, 34% used [0x00000000c0000000,0x00000000d38000b0,0x00000000f8e80000)
 Metaspace       used 2804K, capacity 4486K, committed 4864K, reserved 1056768K
  class space    used 297K, capacity 386K, committed 512K, reserved 1048576K
