Java HotSpot(TM) 64-Bit Server VM (25.411-b09) for windows-amd64 JRE (1.8.0_411-b09), built on Mar 13 2024 07:26:13 by "java_re" with MS VC++ 17.1 (VS2022)
Memory: 4k page, physical 33403376k(14301240k free), swap 36670664k(7355660k free)
CommandLine flags: -XX:InitialHeapSize=536870912 -XX:MaxHeapSize=536870912 -XX:NewRatio=9 -XX:ParallelGCThreads=6 -XX:+PrintGC -XX:+PrintGCDetails -XX:+PrintGCTimeStamps -XX:SurvivorRatio=12 -XX:-UseAdaptiveSizePolicy -XX:+UseCompressedClassPointers -XX:+UseCompressedOops -XX:-UseLargePagesIndividualAllocation -XX:+UseParallelGC 
1.048: [GC (Allocation Failure) [PSYoungGen: 44810K->680K(48640K)] 44810K->16048K(520704K), 0.0043445 secs] [Times: user=0.00 sys=0.00, real=0.00 secs] 
1.968: [GC (Allocation Failure) [PSYoungGen: 44571K->1680K(48640K)] 213539K->175768K(520704K), 0.0019666 secs] [Times: user=0.00 sys=0.00, real=0.00 secs] 
2.624: [GC (Allocation Failure) [PSYoungGen: 43529K->1656K(48640K)] 217617K->191112K(520704K), 0.0040969 secs] [Times: user=0.00 sys=0.00, real=0.00 secs] 
3.653: [GC (Allocation Failure) [PSYoungGen: 45551K->2648K(48640K)] 388607K->350824K(520704K), 0.0022429 secs] [Times: user=0.00 sys=0.00, real=0.00 secs] 
5.072: [GC (Allocation Failure) [PSYoungGen: 45524K->632K(48640K)] 393700K->359048K(520704K), 0.0025661 secs] [Times: user=0.00 sys=0.00, real=0.00 secs] 
5.507: [GC (Allocation Failure) [PSYoungGen: 32240K->656K(48640K)] 390656K->379552K(520704K), 0.0040172 secs] [Times: user=0.00 sys=0.00, real=0.00 secs] 
5.739: [GC (Allocation Failure) [PSYoungGen: 22020K->568K(48640K)] 452116K->430664K(520704K), 0.0008153 secs] [Times: user=0.00 sys=0.00, real=0.00 secs] 
5.740: [GC (Allocation Failure) [PSYoungGen: 568K->568K(48640K)] 430664K->430664K(520704K), 0.0008070 secs] [Times: user=0.02 sys=0.00, real=0.00 secs] 
5.741: [Full GC (Allocation Failure) [PSYoungGen: 568K->0K(48640K)] [ParOldGen: 430096K->67088K(472064K)] 430664K->67088K(520704K), [Metaspace: 2753K->2753K(1056768K)], 0.0108252 secs] [Times: user=0.00 sys=0.00, real=0.01 secs] 
6.846: [GC (Allocation Failure) [PSYoungGen: 43892K->0K(48640K)] 213381K->184848K(520704K), 0.0014461 secs] [Times: user=0.00 sys=0.00, real=0.00 secs] 
7.722: [GC (Allocation Failure) [PSYoungGen: 44348K->32K(48640K)] 382797K->364088K(520704K), 0.0023201 secs] [Times: user=0.00 sys=0.00, real=0.00 secs] 
8.596: [GC (Allocation Failure) [PSYoungGen: 26526K->32K(48640K)] 441783K->415288K(520704K), 0.0013275 secs] [Times: user=0.00 sys=0.00, real=0.00 secs] 
8.598: [GC (Allocation Failure) [PSYoungGen: 32K->32K(48640K)] 415288K->415288K(520704K), 0.0010005 secs] [Times: user=0.00 sys=0.00, real=0.00 secs] 
8.599: [Full GC (Allocation Failure) [PSYoungGen: 32K->0K(48640K)] [ParOldGen: 415256K->51728K(472064K)] 415288K->51728K(520704K), [Metaspace: 2759K->2759K(1056768K)], 0.0053026 secs] [Times: user=0.00 sys=0.00, real=0.00 secs] 
9.700: [GC (Allocation Failure) [PSYoungGen: 43904K->0K(48640K)] 198033K->169488K(520704K), 0.0014759 secs] [Times: user=0.00 sys=0.00, real=0.00 secs] 
10.573: [GC (Allocation Failure) [PSYoungGen: 43906K->0K(48640K)] 366995K->328208K(520704K), 0.0009571 secs] [Times: user=0.00 sys=0.00, real=0.00 secs] 
11.229: [GC (Allocation Failure) [PSYoungGen: 41859K->0K(48640K)] 370068K->343569K(520704K), 0.0015411 secs] [Times: user=0.00 sys=0.00, real=0.00 secs] 
11.447: [GC (Allocation Failure) [PSYoungGen: 21373K->0K(48640K)] 416142K->394769K(520704K), 0.0009209 secs] [Times: user=0.00 sys=0.00, real=0.00 secs] 
11.448: [GC (Allocation Failure) [PSYoungGen: 0K->0K(48640K)] 394769K->394769K(520704K), 0.0009751 secs] [Times: user=0.00 sys=0.00, real=0.00 secs] 
11.449: [Full GC (Allocation Failure) [PSYoungGen: 0K->0K(48640K)] [ParOldGen: 394769K->215568K(472064K)] 394769K->215568K(520704K), [Metaspace: 2761K->2761K(1056768K)], 0.0125274 secs] [Times: user=0.02 sys=0.00, real=0.01 secs] 
12.663: [GC (Allocation Failure) [PSYoungGen: 32930K->32K(48640K)] 350899K->333368K(520704K), 0.0015613 secs] [Times: user=0.00 sys=0.00, real=0.00 secs] 
12.881: [GC (Allocation Failure) [PSYoungGen: 21407K->32K(48640K)] 405944K->384569K(520704K), 0.0010952 secs] [Times: user=0.00 sys=0.00, real=0.00 secs] 
12.883: [GC (Allocation Failure) [PSYoungGen: 32K->32K(48640K)] 384569K->384569K(520704K), 0.0010675 secs] [Times: user=0.00 sys=0.00, real=0.00 secs] 
12.884: [Full GC (Allocation Failure) [PSYoungGen: 32K->0K(48640K)] [ParOldGen: 384537K->56849K(472064K)] 384569K->56849K(520704K), [Metaspace: 2763K->2763K(1056768K)], 0.0053591 secs] [Times: user=0.00 sys=0.00, real=0.01 secs] 
13.991: [GC (Allocation Failure) [PSYoungGen: 43904K->1024K(48640K)] 203153K->180753K(520704K), 0.0014526 secs] [Times: user=0.00 sys=0.00, real=0.00 secs] 
14.871: [GC (Allocation Failure) [PSYoungGen: 44929K->1024K(48640K)] 378259K->344593K(520704K), 0.0012077 secs] [Times: user=0.00 sys=0.00, real=0.00 secs] 
16.073: [GC (Allocation Failure) [PSYoungGen: 42883K->0K(48640K)] 386452K->353809K(520704K), 0.0014269 secs] [Times: user=0.00 sys=0.00, real=0.00 secs] 
16.837: [GC (Allocation Failure) [PSYoungGen: 41853K->0K(48640K)] 395662K->369169K(520704K), 0.0015232 secs] [Times: user=0.00 sys=0.00, real=0.00 secs] 
17.162: [GC (Allocation Failure) [PSYoungGen: 31609K->0K(48640K)] 451978K->440849K(520704K), 0.0044300 secs] [Times: user=0.02 sys=0.00, real=0.00 secs] 
17.167: [Full GC (Ergonomics) [PSYoungGen: 0K->0K(48640K)] [ParOldGen: 440849K->77329K(472064K)] 440849K->77329K(520704K), [Metaspace: 2768K->2768K(1056768K)], 0.0067110 secs] [Times: user=0.00 sys=0.00, real=0.01 secs] 
18.268: [GC (Allocation Failure) [PSYoungGen: 43901K->0K(48640K)] 223630K->195089K(520704K), 0.0013595 secs] [Times: user=0.00 sys=0.00, real=0.00 secs] 
19.140: [GC (Allocation Failure) [PSYoungGen: 43904K->0K(48640K)] 392593K->353809K(520704K), 0.0008632 secs] [Times: user=0.00 sys=0.00, real=0.00 secs] 
20.012: [GC (Allocation Failure) [PSYoungGen: 11137K->0K(48640K)] 416147K->405009K(520704K), 0.0009072 secs] [Times: user=0.00 sys=0.00, real=0.00 secs] 
20.013: [GC (Allocation Failure) [PSYoungGen: 0K->0K(48640K)] 405009K->405009K(520704K), 0.0008687 secs] [Times: user=0.00 sys=0.00, real=0.00 secs] 
20.014: [Full GC (Allocation Failure) [PSYoungGen: 0K->0K(48640K)] [ParOldGen: 405009K->51729K(472064K)] 405009K->51729K(520704K), [Metaspace: 2770K->2770K(1056768K)], 0.0050135 secs] [Times: user=0.00 sys=0.00, real=0.00 secs] 
21.119: [GC (Allocation Failure) [PSYoungGen: 43906K->0K(48640K)] 198035K->169489K(520704K), 0.0015817 secs] [Times: user=0.00 sys=0.00, real=0.00 secs] 
21.996: [GC (Allocation Failure) [PSYoungGen: 43907K->1024K(48640K)] 366996K->329233K(520704K), 0.0010589 secs] [Times: user=0.00 sys=0.00, real=0.00 secs] 
22.654: [GC (Allocation Failure) [PSYoungGen: 42883K->1024K(48640K)] 371093K->344593K(520704K), 0.0015201 secs] [Times: user=0.00 sys=0.00, real=0.00 secs] 
22.871: [GC (Allocation Failure) [PSYoungGen: 22397K->1024K(48640K)] 417166K->395793K(520704K), 0.0010351 secs] [Times: user=0.00 sys=0.00, real=0.00 secs] 
22.872: [GC (Allocation Failure) [PSYoungGen: 1024K->1024K(48640K)] 395793K->395793K(520704K), 0.0007562 secs] [Times: user=0.00 sys=0.00, real=0.00 secs] 
22.873: [Full GC (Allocation Failure) [PSYoungGen: 1024K->0K(48640K)] [ParOldGen: 394769K->165393K(472064K)] 395793K->165393K(520704K), [Metaspace: 2779K->2779K(1056768K)], 0.0129778 secs] [Times: user=0.00 sys=0.00, real=0.01 secs] 
24.084: [GC (Allocation Failure) [PSYoungGen: 28541K->0K(48640K)] 296334K->288273K(520704K), 0.0014779 secs] [Times: user=0.00 sys=0.00, real=0.00 secs] 
25.066: [Full GC (Ergonomics) [PSYoungGen: 43904K->0K(48640K)] [ParOldGen: 441873K->21009K(472064K)] 485777K->21009K(520704K), [Metaspace: 2779K->2779K(1056768K)], 0.0035271 secs] [Times: user=0.00 sys=0.00, real=0.00 secs] 
25.501: [GC (Allocation Failure) [PSYoungGen: 31618K->0K(48640K)] 52627K->41489K(520704K), 0.0012529 secs] [Times: user=0.00 sys=0.00, real=0.00 secs] 
26.485: [GC (Allocation Failure) [PSYoungGen: 43898K->0K(48640K)] 238987K->205329K(520704K), 0.0010016 secs] [Times: user=0.00 sys=0.00, real=0.00 secs] 
26.921: [GC (Allocation Failure) [PSYoungGen: 31614K->0K(48640K)] 236943K->215569K(520704K), 0.0013404 secs] [Times: user=0.00 sys=0.00, real=0.00 secs] 
28.012: [GC (Allocation Failure) [PSYoungGen: 41847K->0K(48640K)] 257416K->225809K(520704K), 0.0008775 secs] [Times: user=0.00 sys=0.00, real=0.00 secs] 
28.338: [GC (Allocation Failure) [PSYoungGen: 26676K->32K(48640K)] 252485K->236089K(520704K), 0.0013772 secs] [Times: user=0.00 sys=0.00, real=0.00 secs] 
29.322: [GC (Allocation Failure) [PSYoungGen: 43918K->64K(48640K)] 433575K->399961K(520704K), 0.0009960 secs] [Times: user=0.00 sys=0.00, real=0.00 secs] 
29.759: [GC (Allocation Failure) [PSYoungGen: 31670K->32K(48640K)] 431567K->410169K(520704K), 0.0011322 secs] [Times: user=0.00 sys=0.00, real=0.00 secs] 
29.977: [Full GC (Ergonomics) [PSYoungGen: 21394K->0K(48640K)] [ParOldGen: 461337K->113169K(472064K)] 482732K->113169K(520704K), [Metaspace: 2793K->2793K(1056768K)], 0.0097092 secs] [Times: user=0.00 sys=0.00, real=0.01 secs] 
31.957: [GC (Allocation Failure) [PSYoungGen: 40818K->1024K(48640K)] 358788K->324113K(520704K), 0.0009570 secs] [Times: user=0.00 sys=0.00, real=0.00 secs] 
32.610: [GC (Allocation Failure) [PSYoungGen: 42873K->1024K(48640K)] 365962K->339473K(520704K), 0.0015628 secs] [Times: user=0.00 sys=0.00, real=0.00 secs] 
32.827: [GC (Allocation Failure) [PSYoungGen: 22390K->1024K(48640K)] 412040K->390673K(520704K), 0.0007245 secs] [Times: user=0.00 sys=0.00, real=0.00 secs] 
32.828: [GC (Allocation Failure) [PSYoungGen: 1024K->1024K(48640K)] 390673K->390673K(520704K), 0.0010301 secs] [Times: user=0.00 sys=0.00, real=0.00 secs] 
32.829: [Full GC (Allocation Failure) [PSYoungGen: 1024K->0K(48640K)] [ParOldGen: 389649K->57873K(472064K)] 390673K->57873K(520704K), [Metaspace: 2793K->2793K(1056768K)], 0.0053956 secs] [Times: user=0.00 sys=0.00, real=0.01 secs] 
33.934: [GC (Allocation Failure) [PSYoungGen: 43894K->1024K(48640K)] 204168K->181777K(520704K), 0.0014748 secs] [Times: user=0.00 sys=0.00, real=0.00 secs] 
35.249: [GC (Allocation Failure) [PSYoungGen: 39803K->0K(48640K)] 374157K->339473K(520704K), 0.0009526 secs] [Times: user=0.00 sys=0.00, real=0.00 secs] 
35.685: [GC (Allocation Failure) [PSYoungGen: 41855K->0K(48640K)] 432528K->400913K(520704K), 0.0013285 secs] [Times: user=0.00 sys=0.00, real=0.00 secs] 
35.686: [GC (Allocation Failure) [PSYoungGen: 0K->0K(48640K)] 400913K->400913K(520704K), 0.0006256 secs] [Times: user=0.00 sys=0.00, real=0.00 secs] 
35.687: [Full GC (Allocation Failure) [PSYoungGen: 0K->0K(48640K)] [ParOldGen: 400913K->61969K(472064K)] 400913K->61969K(520704K), [Metaspace: 2793K->2793K(1056768K)], 0.0057551 secs] [Times: user=0.00 sys=0.00, real=0.01 secs] 
36.790: [GC (Allocation Failure) [PSYoungGen: 43905K->0K(48640K)] 208274K->179729K(520704K), 0.0016277 secs] [Times: user=0.00 sys=0.00, real=0.00 secs] 
37.661: [GC (Allocation Failure) [PSYoungGen: 43906K->0K(48640K)] 377236K->358929K(520704K), 0.0023916 secs] [Times: user=0.00 sys=0.00, real=0.00 secs] 
38.316: [GC (Allocation Failure) [PSYoungGen: 41859K->0K(48640K)] 400789K->374289K(520704K), 0.0015745 secs] [Times: user=0.00 sys=0.00, real=0.00 secs] 
39.520: [GC (Allocation Failure) [PSYoungGen: 41853K->0K(48640K)] 467342K->435729K(520704K), 0.0010750 secs] [Times: user=0.00 sys=0.00, real=0.00 secs] 
39.521: [Full GC (Ergonomics) [PSYoungGen: 0K->0K(48640K)] [ParOldGen: 435729K->10769K(472064K)] 435729K->10769K(520704K), [Metaspace: 2793K->2793K(1056768K)], 0.0025017 secs] [Times: user=0.01 sys=0.00, real=0.00 secs] 
40.286: [GC (Allocation Failure) [PSYoungGen: 43904K->1024K(48640K)] 208273K->165393K(520704K), 0.0004406 secs] [Times: user=0.00 sys=0.00, real=0.00 secs] 
41.051: [GC (Allocation Failure) [PSYoungGen: 42881K->0K(48640K)] 207251K->179729K(520704K), 0.0013456 secs] [Times: user=0.00 sys=0.00, real=0.00 secs] 
41.922: [GC (Allocation Failure) [PSYoungGen: 43900K->1024K(48640K)] 377229K->339473K(520704K), 0.0008834 secs] [Times: user=0.00 sys=0.00, real=0.00 secs] 
43.556: [GC (Allocation Failure) [PSYoungGen: 44927K->1024K(48640K)] 383376K->344593K(520704K), 0.0011210 secs] [Times: user=0.00 sys=0.00, real=0.00 secs] 
43.993: [GC (Allocation Failure) [PSYoungGen: 32635K->1024K(48640K)] 376204K->365073K(520704K), 0.0018688 secs] [Times: user=0.00 sys=0.00, real=0.00 secs] 
44.211: [GC (Allocation Failure) [PSYoungGen: 22389K->1024K(48640K)] 437639K->416273K(520704K), 0.0008426 secs] [Times: user=0.00 sys=0.00, real=0.00 secs] 
44.212: [GC (Allocation Failure) [PSYoungGen: 1024K->1024K(48640K)] 416273K->416273K(520704K), 0.0008488 secs] [Times: user=0.00 sys=0.00, real=0.00 secs] 
44.213: [Full GC (Allocation Failure) [PSYoungGen: 1024K->0K(48640K)] [ParOldGen: 415249K->62993K(472064K)] 416273K->62993K(520704K), [Metaspace: 2795K->2795K(1056768K)], 0.0055666 secs] [Times: user=0.00 sys=0.00, real=0.01 secs] 
45.318: [GC (Allocation Failure) [PSYoungGen: 43893K->0K(48640K)] 209287K->180753K(520704K), 0.0014397 secs] [Times: user=0.01 sys=0.00, real=0.00 secs] 
46.739: [GC (Allocation Failure) [PSYoungGen: 43899K->0K(48640K)] 378252K->339473K(520704K), 0.0009083 secs] [Times: user=0.00 sys=0.00, real=0.00 secs] 
47.069: [GC (Allocation Failure) [PSYoungGen: 31614K->0K(48640K)] 422288K->411153K(520704K), 0.0024576 secs] [Times: user=0.00 sys=0.00, real=0.00 secs] 
47.071: [GC (Allocation Failure) [PSYoungGen: 0K->0K(48640K)] 411153K->411153K(520704K), 0.0010751 secs] [Times: user=0.00 sys=0.00, real=0.00 secs] 
47.072: [Full GC (Allocation Failure) [PSYoungGen: 0K->0K(48640K)] [ParOldGen: 411153K->72209K(472064K)] 411153K->72209K(520704K), [Metaspace: 2795K->2795K(1056768K)], 0.0066021 secs] [Times: user=0.00 sys=0.00, real=0.01 secs] 
48.172: [GC (Allocation Failure) [PSYoungGen: 43905K->0K(48640K)] 218514K->189969K(520704K), 0.0014619 secs] [Times: user=0.00 sys=0.00, real=0.00 secs] 
49.046: [GC (Allocation Failure) [PSYoungGen: 43906K->0K(48640K)] 387475K->348689K(520704K), 0.0012172 secs] [Times: user=0.00 sys=0.00, real=0.00 secs] 
49.700: [GC (Allocation Failure) [PSYoungGen: 41859K->0K(48640K)] 390548K->364049K(520704K), 0.0014125 secs] [Times: user=0.00 sys=0.00, real=0.00 secs] 
49.918: [GC (Allocation Failure) [PSYoungGen: 21373K->0K(48640K)] 436622K->415249K(520704K), 0.0010264 secs] [Times: user=0.00 sys=0.00, real=0.00 secs] 
49.919: [GC (Allocation Failure) [PSYoungGen: 0K->0K(48640K)] 415249K->415249K(520704K), 0.0008173 secs] [Times: user=0.00 sys=0.00, real=0.00 secs] 
49.920: [Full GC (Allocation Failure) [PSYoungGen: 0K->0K(48640K)] [ParOldGen: 415249K->133649K(472064K)] 415249K->133649K(520704K), [Metaspace: 2795K->2795K(1056768K)], 0.0103658 secs] [Times: user=0.02 sys=0.00, real=0.01 secs] 
51.135: [GC (Allocation Failure) [PSYoungGen: 36733K->0K(48640K)] 272782K->251409K(520704K), 0.0016469 secs] [Times: user=0.00 sys=0.00, real=0.00 secs] 
52.119: [GC (Allocation Failure) [PSYoungGen: 43904K->1024K(48640K)] 448913K->411153K(520704K), 0.0012822 secs] [Times: user=0.00 sys=0.00, real=0.00 secs] 
52.556: [GC (Allocation Failure) [PSYoungGen: 32641K->1024K(48640K)] 442771K->426513K(520704K), 0.0015321 secs] [Times: user=0.00 sys=0.00, real=0.00 secs] 
52.558: [Full GC (Ergonomics) [PSYoungGen: 1024K->0K(48640K)] [ParOldGen: 425489K->22033K(472064K)] 426513K->22033K(520704K), [Metaspace: 2795K->2795K(1056768K)], 0.0032684 secs] [Times: user=0.00 sys=0.00, real=0.00 secs] 
53.536: [GC (Allocation Failure) [PSYoungGen: 43898K->1024K(48640K)] 219531K->181777K(520704K), 0.0008228 secs] [Times: user=0.00 sys=0.00, real=0.00 secs] 
54.956: [GC (Allocation Failure) [PSYoungGen: 43902K->0K(48640K)] 224655K->190993K(520704K), 0.0009870 secs] [Times: user=0.00 sys=0.00, real=0.00 secs] 
55.394: [GC (Allocation Failure) [PSYoungGen: 31609K->0K(48640K)] 222603K->211473K(520704K), 0.0014614 secs] [Times: user=0.00 sys=0.00, real=0.00 secs] 
56.377: [GC (Allocation Failure) [PSYoungGen: 43893K->0K(48640K)] 408966K->375313K(520704K), 0.0010739 secs] [Times: user=0.00 sys=0.00, real=0.00 secs] 
56.813: [GC (Allocation Failure) [PSYoungGen: 31610K->0K(48640K)] 406924K->385553K(520704K), 0.0013778 secs] [Times: user=0.00 sys=0.00, real=0.00 secs] 
57.030: [GC (Allocation Failure) [PSYoungGen: 21365K->0K(48640K)] 458119K->457233K(520704K), 0.0024155 secs] [Times: user=0.00 sys=0.00, real=0.00 secs] 
57.033: [Full GC (Ergonomics) [PSYoungGen: 0K->0K(48640K)] [ParOldGen: 457233K->92689K(472064K)] 457233K->92689K(520704K), [Metaspace: 2796K->2796K(1056768K)], 0.0089110 secs] [Times: user=0.02 sys=0.00, real=0.01 secs] 
58.797: [GC (Allocation Failure) [PSYoungGen: 40821K->1024K(48640K)] 389511K->349713K(520704K), 0.0007399 secs] [Times: user=0.00 sys=0.00, real=0.00 secs] 
59.561: [GC (Allocation Failure) [PSYoungGen: 42875K->0K(48640K)] 391564K->364049K(520704K), 0.0016291 secs] [Times: user=0.00 sys=0.00, real=0.00 secs] 
59.891: [GC (Allocation Failure) [PSYoungGen: 31607K->0K(48640K)] 446857K->415249K(520704K), 0.0012716 secs] [Times: user=0.00 sys=0.00, real=0.00 secs] 
59.892: [GC (Allocation Failure) [PSYoungGen: 0K->0K(48640K)] 415249K->415249K(520704K), 0.0008761 secs] [Times: user=0.00 sys=0.00, real=0.00 secs] 
59.893: [Full GC (Allocation Failure) [PSYoungGen: 0K->0K(48640K)] [ParOldGen: 415249K->108049K(472064K)] 415249K->108049K(520704K), [Metaspace: 2796K->2796K(1056768K)], 0.0084611 secs] [Times: user=0.00 sys=0.00, real=0.01 secs] 
60.997: [GC (Allocation Failure) [PSYoungGen: 43900K->0K(48640K)] 254350K->225809K(520704K), 0.0014729 secs] [Times: user=0.00 sys=0.00, real=0.00 secs] 
62.305: [GC (Allocation Failure) [PSYoungGen: 42879K->0K(48640K)] 422289K->389649K(520704K), 0.0008913 secs] [Times: user=0.00 sys=0.00, real=0.00 secs] 
62.743: [Full GC (Ergonomics) [PSYoungGen: 41857K->0K(48640K)] [ParOldGen: 440849K->56849K(472064K)] 482707K->56849K(520704K), [Metaspace: 2796K->2796K(1056768K)], 0.0057402 secs] [Times: user=0.00 sys=0.00, real=0.01 secs] 
63.851: [GC (Allocation Failure) [PSYoungGen: 43906K->1024K(48640K)] 203156K->180753K(520704K), 0.0015190 secs] [Times: user=0.00 sys=0.00, real=0.00 secs] 
64.727: [GC (Allocation Failure) [PSYoungGen: 44931K->1024K(48640K)] 378261K->344593K(520704K), 0.0013058 secs] [Times: user=0.00 sys=0.00, real=0.00 secs] 
65.932: [GC (Allocation Failure) [PSYoungGen: 42884K->0K(48640K)] 386453K->353809K(520704K), 0.0012910 secs] [Times: user=0.00 sys=0.00, real=0.00 secs] 
66.695: [GC (Allocation Failure) [PSYoungGen: 41853K->0K(48640K)] 395663K->369169K(520704K), 0.0019340 secs] [Times: user=0.00 sys=0.00, real=0.00 secs] 
67.022: [GC (Allocation Failure) [PSYoungGen: 31609K->0K(48640K)] 451979K->440849K(520704K), 0.0022996 secs] [Times: user=0.00 sys=0.00, real=0.00 secs] 
67.025: [Full GC (Ergonomics) [PSYoungGen: 0K->0K(48640K)] [ParOldGen: 440849K->77329K(472064K)] 440849K->77329K(520704K), [Metaspace: 2796K->2796K(1056768K)], 0.0066176 secs] [Times: user=0.00 sys=0.00, real=0.01 secs] 
68.132: [GC (Allocation Failure) [PSYoungGen: 43901K->0K(48640K)] 223631K->195089K(520704K), 0.0015008 secs] [Times: user=0.00 sys=0.00, real=0.00 secs] 
69.004: [GC (Allocation Failure) [PSYoungGen: 43904K->0K(48640K)] 392593K->353809K(520704K), 0.0009420 secs] [Times: user=0.00 sys=0.00, real=0.00 secs] 
69.879: [GC (Allocation Failure) [PSYoungGen: 11137K->0K(48640K)] 416147K->405009K(520704K), 0.0008883 secs] [Times: user=0.00 sys=0.00, real=0.00 secs] 
69.880: [GC (Allocation Failure) [PSYoungGen: 0K->0K(48640K)] 405009K->405009K(520704K), 0.0010958 secs] [Times: user=0.00 sys=0.00, real=0.00 secs] 
69.881: [Full GC (Allocation Failure) [PSYoungGen: 0K->0K(48640K)] [ParOldGen: 405009K->51729K(472064K)] 405009K->51729K(520704K), [Metaspace: 2796K->2796K(1056768K)], 0.0052725 secs] [Times: user=0.00 sys=0.00, real=0.00 secs] 
70.984: [GC (Allocation Failure) [PSYoungGen: 43906K->0K(48640K)] 198035K->169489K(520704K), 0.0012813 secs] [Times: user=0.00 sys=0.00, real=0.00 secs] 
71.855: [GC (Allocation Failure) [PSYoungGen: 43907K->1024K(48640K)] 366996K->329233K(520704K), 0.0009058 secs] [Times: user=0.00 sys=0.00, real=0.00 secs] 
72.510: [GC (Allocation Failure) [PSYoungGen: 42883K->1024K(48640K)] 371093K->344593K(520704K), 0.0014732 secs] [Times: user=0.00 sys=0.00, real=0.00 secs] 
72.729: [GC (Allocation Failure) [PSYoungGen: 22397K->1024K(48640K)] 417167K->395793K(520704K), 0.0014246 secs] [Times: user=0.00 sys=0.00, real=0.00 secs] 
72.731: [GC (Allocation Failure) [PSYoungGen: 1024K->1024K(48640K)] 395793K->395793K(520704K), 0.0010552 secs] [Times: user=0.00 sys=0.00, real=0.00 secs] 
72.732: [Full GC (Allocation Failure) [PSYoungGen: 1024K->0K(48640K)] [ParOldGen: 394769K->165393K(472064K)] 395793K->165393K(520704K), [Metaspace: 2796K->2796K(1056768K)], 0.0122142 secs] [Times: user=0.00 sys=0.00, real=0.01 secs] 
73.947: [GC (Allocation Failure) [PSYoungGen: 28541K->0K(48640K)] 296334K->288273K(520704K), 0.0015683 secs] [Times: user=0.00 sys=0.00, real=0.00 secs] 
74.933: [Full GC (Ergonomics) [PSYoungGen: 43904K->0K(48640K)] [ParOldGen: 441873K->21009K(472064K)] 485777K->21009K(520704K), [Metaspace: 2796K->2796K(1056768K)], 0.0032703 secs] [Times: user=0.00 sys=0.00, real=0.00 secs] 
75.372: [GC (Allocation Failure) [PSYoungGen: 31617K->0K(48640K)] 52627K->41489K(520704K), 0.0014608 secs] [Times: user=0.00 sys=0.00, real=0.00 secs] 
76.355: [GC (Allocation Failure) [PSYoungGen: 43898K->0K(48640K)] 238987K->205329K(520704K), 0.0010325 secs] [Times: user=0.00 sys=0.00, real=0.00 secs] 
76.790: [GC (Allocation Failure) [PSYoungGen: 31614K->0K(48640K)] 236943K->215569K(520704K), 0.0013924 secs] [Times: user=0.00 sys=0.00, real=0.00 secs] 
77.883: [GC (Allocation Failure) [PSYoungGen: 41847K->0K(48640K)] 257417K->225809K(520704K), 0.0011624 secs] [Times: user=0.00 sys=0.00, real=0.00 secs] 
78.213: [GC (Allocation Failure) [PSYoungGen: 26485K->0K(48640K)] 252295K->236049K(520704K), 0.0012022 secs] [Times: user=0.00 sys=0.00, real=0.00 secs] 
79.195: [GC (Allocation Failure) [PSYoungGen: 43888K->0K(48640K)] 433538K->399889K(520704K), 0.0010426 secs] [Times: user=0.00 sys=0.00, real=0.00 secs] 
79.631: [GC (Allocation Failure) [PSYoungGen: 31607K->0K(48640K)] 431497K->410129K(520704K), 0.0015544 secs] [Times: user=0.00 sys=0.00, real=0.00 secs] 
79.849: [Full GC (Ergonomics) [PSYoungGen: 21363K->0K(48640K)] [ParOldGen: 461329K->113169K(472064K)] 482693K->113169K(520704K), [Metaspace: 2796K->2796K(1056768K)], 0.0088524 secs] [Times: user=0.02 sys=0.00, real=0.01 secs] 
81.833: [GC (Allocation Failure) [PSYoungGen: 40819K->1024K(48640K)] 358789K->324113K(520704K), 0.0008628 secs] [Times: user=0.00 sys=0.00, real=0.00 secs] 
82.487: [GC (Allocation Failure) [PSYoungGen: 42873K->1024K(48640K)] 365963K->339473K(520704K), 0.0018666 secs] [Times: user=0.00 sys=0.00, real=0.00 secs] 
82.705: [GC (Allocation Failure) [PSYoungGen: 22391K->1024K(48640K)] 412040K->390673K(520704K), 0.0008120 secs] [Times: user=0.00 sys=0.00, real=0.00 secs] 
82.706: [GC (Allocation Failure) [PSYoungGen: 1024K->1024K(48640K)] 390673K->390673K(520704K), 0.0008910 secs] [Times: user=0.00 sys=0.00, real=0.00 secs] 
82.707: [Full GC (Allocation Failure) [PSYoungGen: 1024K->0K(48640K)] [ParOldGen: 389649K->57873K(472064K)] 390673K->57873K(520704K), [Metaspace: 2796K->2796K(1056768K)], 0.0056471 secs] [Times: user=0.02 sys=0.00, real=0.00 secs] 
83.815: [GC (Allocation Failure) [PSYoungGen: 43895K->1024K(48640K)] 204168K->181777K(520704K), 0.0014496 secs] [Times: user=0.00 sys=0.00, real=0.00 secs] 
85.126: [GC (Allocation Failure) [PSYoungGen: 39804K->0K(48640K)] 374157K->339473K(520704K), 0.0008514 secs] [Times: user=0.00 sys=0.00, real=0.00 secs] 
85.563: [GC (Allocation Failure) [PSYoungGen: 41855K->0K(48640K)] 432528K->400913K(520704K), 0.0010766 secs] [Times: user=0.00 sys=0.00, real=0.00 secs] 
85.565: [GC (Allocation Failure) [PSYoungGen: 0K->0K(48640K)] 400913K->400913K(520704K), 0.0005718 secs] [Times: user=0.00 sys=0.00, real=0.00 secs] 
85.565: [Full GC (Allocation Failure) [PSYoungGen: 0K->0K(48640K)] [ParOldGen: 400913K->61969K(472064K)] 400913K->61969K(520704K), [Metaspace: 2796K->2796K(1056768K)], 0.0052794 secs] [Times: user=0.00 sys=0.00, real=0.01 secs] 
86.671: [GC (Allocation Failure) [PSYoungGen: 43905K->0K(48640K)] 208274K->179729K(520704K), 0.0014523 secs] [Times: user=0.00 sys=0.00, real=0.00 secs] 
87.547: [GC (Allocation Failure) [PSYoungGen: 43906K->0K(48640K)] 377236K->358929K(520704K), 0.0024491 secs] [Times: user=0.00 sys=0.00, real=0.00 secs] 
88.201: [GC (Allocation Failure) [PSYoungGen: 41859K->0K(48640K)] 400789K->374289K(520704K), 0.0014394 secs] [Times: user=0.00 sys=0.00, real=0.00 secs] 
89.401: [GC (Allocation Failure) [PSYoungGen: 41853K->0K(48640K)] 467342K->435729K(520704K), 0.0011193 secs] [Times: user=0.00 sys=0.00, real=0.00 secs] 
89.402: [Full GC (Ergonomics) [PSYoungGen: 0K->0K(48640K)] [ParOldGen: 435729K->10769K(472064K)] 435729K->10769K(520704K), [Metaspace: 2796K->2796K(1056768K)], 0.0023792 secs] [Times: user=0.00 sys=0.00, real=0.00 secs] 
90.166: [GC (Allocation Failure) [PSYoungGen: 43904K->1024K(48640K)] 208273K->165393K(520704K), 0.0004818 secs] [Times: user=0.00 sys=0.00, real=0.00 secs] 
90.934: [GC (Allocation Failure) [PSYoungGen: 42881K->0K(48640K)] 207251K->179729K(520704K), 0.0014408 secs] [Times: user=0.00 sys=0.00, real=0.00 secs] 
91.805: [GC (Allocation Failure) [PSYoungGen: 43900K->1024K(48640K)] 377229K->339473K(520704K), 0.0010033 secs] [Times: user=0.00 sys=0.00, real=0.00 secs] 
93.448: [GC (Allocation Failure) [PSYoungGen: 44927K->1024K(48640K)] 383376K->344593K(520704K), 0.0010181 secs] [Times: user=0.00 sys=0.00, real=0.00 secs] 
93.882: [GC (Allocation Failure) [PSYoungGen: 32635K->1024K(48640K)] 376204K->365073K(520704K), 0.0017510 secs] [Times: user=0.00 sys=0.00, real=0.00 secs] 
94.099: [GC (Allocation Failure) [PSYoungGen: 22389K->1024K(48640K)] 437639K->416273K(520704K), 0.0007632 secs] [Times: user=0.00 sys=0.00, real=0.00 secs] 
94.100: [GC (Allocation Failure) [PSYoungGen: 1024K->1024K(48640K)] 416273K->416273K(520704K), 0.0007533 secs] [Times: user=0.00 sys=0.00, real=0.00 secs] 
94.101: [Full GC (Allocation Failure) [PSYoungGen: 1024K->0K(48640K)] [ParOldGen: 415249K->62993K(472064K)] 416273K->62993K(520704K), [Metaspace: 2796K->2796K(1056768K)], 0.0057641 secs] [Times: user=0.00 sys=0.00, real=0.01 secs] 
95.207: [GC (Allocation Failure) [PSYoungGen: 43893K->0K(48640K)] 209287K->180753K(520704K), 0.0013412 secs] [Times: user=0.00 sys=0.00, real=0.00 secs] 
96.625: [GC (Allocation Failure) [PSYoungGen: 43899K->0K(48640K)] 378252K->339473K(520704K), 0.0009007 secs] [Times: user=0.00 sys=0.00, real=0.00 secs] 
96.953: [GC (Allocation Failure) [PSYoungGen: 31614K->0K(48640K)] 422288K->411153K(520704K), 0.0020179 secs] [Times: user=0.00 sys=0.00, real=0.00 secs] 
96.955: [GC (Allocation Failure) [PSYoungGen: 0K->0K(48640K)] 411153K->411153K(520704K), 0.0008624 secs] [Times: user=0.00 sys=0.00, real=0.00 secs] 
96.956: [Full GC (Allocation Failure) [PSYoungGen: 0K->0K(48640K)] [ParOldGen: 411153K->72209K(472064K)] 411153K->72209K(520704K), [Metaspace: 2796K->2796K(1056768K)], 0.0062688 secs] [Times: user=0.00 sys=0.00, real=0.01 secs] 
98.061: [GC (Allocation Failure) [PSYoungGen: 43905K->0K(48640K)] 218514K->189969K(520704K), 0.0014273 secs] [Times: user=0.00 sys=0.00, real=0.00 secs] 
98.933: [GC (Allocation Failure) [PSYoungGen: 43906K->0K(48640K)] 387475K->348689K(520704K), 0.0010576 secs] [Times: user=0.00 sys=0.00, real=0.00 secs] 
99.589: [GC (Allocation Failure) [PSYoungGen: 41859K->0K(48640K)] 390548K->364049K(520704K), 0.0015897 secs] [Times: user=0.00 sys=0.00, real=0.00 secs] 
99.808: [GC (Allocation Failure) [PSYoungGen: 21373K->0K(48640K)] 436622K->415249K(520704K), 0.0008496 secs] [Times: user=0.00 sys=0.00, real=0.00 secs] 
99.809: [GC (Allocation Failure) [PSYoungGen: 0K->0K(48640K)] 415249K->415249K(520704K), 0.0008899 secs] [Times: user=0.00 sys=0.00, real=0.00 secs] 
99.810: [Full GC (Allocation Failure) [PSYoungGen: 0K->0K(48640K)] [ParOldGen: 415249K->133649K(472064K)] 415249K->133649K(520704K), [Metaspace: 2796K->2796K(1056768K)], 0.0099604 secs] [Times: user=0.00 sys=0.00, real=0.01 secs] 
101.022: [GC (Allocation Failure) [PSYoungGen: 36733K->0K(48640K)] 272782K->251409K(520704K), 0.0016136 secs] [Times: user=0.00 sys=0.00, real=0.00 secs] 
102.003: [GC (Allocation Failure) [PSYoungGen: 43904K->1024K(48640K)] 448913K->411153K(520704K), 0.0009857 secs] [Times: user=0.00 sys=0.00, real=0.00 secs] 
102.440: [GC (Allocation Failure) [PSYoungGen: 32641K->1024K(48640K)] 442771K->426513K(520704K), 0.0017577 secs] [Times: user=0.00 sys=0.00, real=0.00 secs] 
102.442: [Full GC (Ergonomics) [PSYoungGen: 1024K->0K(48640K)] [ParOldGen: 425489K->22033K(472064K)] 426513K->22033K(520704K), [Metaspace: 2796K->2796K(1056768K)], 0.0034170 secs] [Times: user=0.01 sys=0.00, real=0.00 secs] 
103.423: [GC (Allocation Failure) [PSYoungGen: 43898K->1024K(48640K)] 219531K->181777K(520704K), 0.0007322 secs] [Times: user=0.00 sys=0.00, real=0.00 secs] 
104.841: [GC (Allocation Failure) [PSYoungGen: 43902K->0K(48640K)] 224655K->190993K(520704K), 0.0011812 secs] [Times: user=0.00 sys=0.00, real=0.00 secs] 
105.274: [GC (Allocation Failure) [PSYoungGen: 31609K->0K(48640K)] 222603K->211473K(520704K), 0.0013389 secs] [Times: user=0.00 sys=0.00, real=0.00 secs] 
106.256: [GC (Allocation Failure) [PSYoungGen: 43893K->0K(48640K)] 408966K->375313K(520704K), 0.0010440 secs] [Times: user=0.00 sys=0.00, real=0.00 secs] 
106.693: [GC (Allocation Failure) [PSYoungGen: 31610K->0K(48640K)] 406924K->385553K(520704K), 0.0013774 secs] [Times: user=0.00 sys=0.00, real=0.00 secs] 
106.910: [GC (Allocation Failure) [PSYoungGen: 21365K->0K(48640K)] 458119K->457233K(520704K), 0.0021572 secs] [Times: user=0.00 sys=0.00, real=0.00 secs] 
106.912: [Full GC (Ergonomics) [PSYoungGen: 0K->0K(48640K)] [ParOldGen: 457233K->92689K(472064K)] 457233K->92689K(520704K), [Metaspace: 2796K->2796K(1056768K)], 0.0074042 secs] [Times: user=0.00 sys=0.00, real=0.01 secs] 
108.674: [GC (Allocation Failure) [PSYoungGen: 40821K->1024K(48640K)] 389511K->349713K(520704K), 0.0006319 secs] [Times: user=0.00 sys=0.00, real=0.00 secs] 
109.439: [GC (Allocation Failure) [PSYoungGen: 42875K->0K(48640K)] 391564K->364049K(520704K), 0.0015111 secs] [Times: user=0.00 sys=0.00, real=0.00 secs] 
109.766: [GC (Allocation Failure) [PSYoungGen: 31607K->0K(48640K)] 446857K->415249K(520704K), 0.0011299 secs] [Times: user=0.00 sys=0.00, real=0.00 secs] 
109.767: [GC (Allocation Failure) [PSYoungGen: 0K->0K(48640K)] 415249K->415249K(520704K), 0.0007383 secs] [Times: user=0.00 sys=0.00, real=0.00 secs] 
109.768: [Full GC (Allocation Failure) [PSYoungGen: 0K->0K(48640K)] [ParOldGen: 415249K->108049K(472064K)] 415249K->108049K(520704K), [Metaspace: 2796K->2796K(1056768K)], 0.0086640 secs] [Times: user=0.00 sys=0.00, real=0.01 secs] 
110.874: [GC (Allocation Failure) [PSYoungGen: 43900K->0K(48640K)] 254350K->225809K(520704K), 0.0015304 secs] [Times: user=0.00 sys=0.00, real=0.00 secs] 
112.189: [GC (Allocation Failure) [PSYoungGen: 42879K->0K(48640K)] 422289K->389649K(520704K), 0.0010521 secs] [Times: user=0.00 sys=0.00, real=0.00 secs] 
112.629: [Full GC (Ergonomics) [PSYoungGen: 41857K->0K(48640K)] [ParOldGen: 440849K->56849K(472064K)] 482707K->56849K(520704K), [Metaspace: 2796K->2796K(1056768K)], 0.0055234 secs] [Times: user=0.00 sys=0.00, real=0.01 secs] 
113.722: [GC (Allocation Failure) [PSYoungGen: 43906K->1024K(48640K)] 203156K->180753K(520704K), 0.0016386 secs] [Times: user=0.00 sys=0.00, real=0.00 secs] 
114.595: [GC (Allocation Failure) [PSYoungGen: 44931K->1024K(48640K)] 378261K->344593K(520704K), 0.0011471 secs] [Times: user=0.00 sys=0.00, real=0.00 secs] 
115.795: [GC (Allocation Failure) [PSYoungGen: 42884K->0K(48640K)] 386453K->353809K(520704K), 0.0013801 secs] [Times: user=0.00 sys=0.00, real=0.00 secs] 
116.561: [GC (Allocation Failure) [PSYoungGen: 41853K->0K(48640K)] 395663K->369169K(520704K), 0.0014883 secs] [Times: user=0.00 sys=0.00, real=0.00 secs] 
116.889: [GC (Allocation Failure) [PSYoungGen: 31609K->0K(48640K)] 451979K->440849K(520704K), 0.0019447 secs] [Times: user=0.00 sys=0.00, real=0.00 secs] 
116.891: [Full GC (Ergonomics) [PSYoungGen: 0K->0K(48640K)] [ParOldGen: 440849K->77329K(472064K)] 440849K->77329K(520704K), [Metaspace: 2796K->2796K(1056768K)], 0.0063385 secs] [Times: user=0.00 sys=0.00, real=0.01 secs] 
117.998: [GC (Allocation Failure) [PSYoungGen: 43901K->0K(48640K)] 223631K->195089K(520704K), 0.0014626 secs] [Times: user=0.00 sys=0.00, real=0.00 secs] 
118.871: [GC (Allocation Failure) [PSYoungGen: 43904K->0K(48640K)] 392593K->353809K(520704K), 0.0008954 secs] [Times: user=0.00 sys=0.00, real=0.00 secs] 
119.745: [GC (Allocation Failure) [PSYoungGen: 11137K->0K(48640K)] 416147K->405009K(520704K), 0.0010456 secs] [Times: user=0.00 sys=0.00, real=0.00 secs] 
119.746: [GC (Allocation Failure) [PSYoungGen: 0K->0K(48640K)] 405009K->405009K(520704K), 0.0008882 secs] [Times: user=0.00 sys=0.00, real=0.00 secs] 
119.747: [Full GC (Allocation Failure) [PSYoungGen: 0K->0K(48640K)] [ParOldGen: 405009K->51729K(472064K)] 405009K->51729K(520704K), [Metaspace: 2796K->2796K(1056768K)], 0.0052585 secs] [Times: user=0.00 sys=0.00, real=0.01 secs] 
120.853: [GC (Allocation Failure) [PSYoungGen: 43906K->0K(48640K)] 198035K->169489K(520704K), 0.0015073 secs] [Times: user=0.00 sys=0.00, real=0.00 secs] 
121.728: [GC (Allocation Failure) [PSYoungGen: 43907K->1024K(48640K)] 366996K->329233K(520704K), 0.0008645 secs] [Times: user=0.00 sys=0.00, real=0.00 secs] 
122.380: [GC (Allocation Failure) [PSYoungGen: 42883K->1024K(48640K)] 371093K->344593K(520704K), 0.0014834 secs] [Times: user=0.01 sys=0.00, real=0.00 secs] 
122.597: [GC (Allocation Failure) [PSYoungGen: 22397K->1024K(48640K)] 417167K->395793K(520704K), 0.0011770 secs] [Times: user=0.00 sys=0.00, real=0.00 secs] 
122.599: [GC (Allocation Failure) [PSYoungGen: 1024K->1024K(48640K)] 395793K->395793K(520704K), 0.0010029 secs] [Times: user=0.00 sys=0.00, real=0.00 secs] 
122.600: [Full GC (Allocation Failure) [PSYoungGen: 1024K->0K(48640K)] [ParOldGen: 394769K->165393K(472064K)] 395793K->165393K(520704K), [Metaspace: 2796K->2796K(1056768K)], 0.0120170 secs] [Times: user=0.00 sys=0.00, real=0.01 secs] 
123.813: [GC (Allocation Failure) [PSYoungGen: 28541K->0K(48640K)] 296334K->288273K(520704K), 0.0015320 secs] [Times: user=0.00 sys=0.00, real=0.00 secs] 
124.796: [Full GC (Ergonomics) [PSYoungGen: 43904K->0K(48640K)] [ParOldGen: 441873K->21009K(472064K)] 485777K->21009K(520704K), [Metaspace: 2796K->2796K(1056768K)], 0.0030989 secs] [Times: user=0.00 sys=0.00, real=0.00 secs] 
125.232: [GC (Allocation Failure) [PSYoungGen: 31617K->0K(48640K)] 52627K->41489K(520704K), 0.0012665 secs] [Times: user=0.00 sys=0.00, real=0.00 secs] 
126.213: [GC (Allocation Failure) [PSYoungGen: 43898K->0K(48640K)] 238987K->205329K(520704K), 0.0012840 secs] [Times: user=0.00 sys=0.00, real=0.00 secs] 
126.649: [GC (Allocation Failure) [PSYoungGen: 31614K->0K(48640K)] 236943K->215569K(520704K), 0.0012640 secs] [Times: user=0.00 sys=0.00, real=0.00 secs] 
127.738: [GC (Allocation Failure) [PSYoungGen: 41847K->0K(48640K)] 257417K->225809K(520704K), 0.0012903 secs] [Times: user=0.00 sys=0.00, real=0.00 secs] 
128.065: [GC (Allocation Failure) [PSYoungGen: 26485K->0K(48640K)] 252295K->236049K(520704K), 0.0012032 secs] [Times: user=0.00 sys=0.00, real=0.00 secs] 
129.050: [GC (Allocation Failure) [PSYoungGen: 43888K->0K(48640K)] 433538K->399889K(520704K), 0.0010435 secs] [Times: user=0.00 sys=0.00, real=0.00 secs] 
129.484: [GC (Allocation Failure) [PSYoungGen: 31607K->0K(48640K)] 431497K->410129K(520704K), 0.0013399 secs] [Times: user=0.00 sys=0.00, real=0.00 secs] 
129.703: [Full GC (Ergonomics) [PSYoungGen: 21363K->0K(48640K)] [ParOldGen: 461329K->113169K(472064K)] 482693K->113169K(520704K), [Metaspace: 2796K->2796K(1056768K)], 0.0088143 secs] [Times: user=0.02 sys=0.00, real=0.01 secs] 
131.687: [GC (Allocation Failure) [PSYoungGen: 40819K->1024K(48640K)] 358789K->324113K(520704K), 0.0008523 secs] [Times: user=0.00 sys=0.00, real=0.00 secs] 
132.343: [GC (Allocation Failure) [PSYoungGen: 42873K->1024K(48640K)] 365963K->339473K(520704K), 0.0016517 secs] [Times: user=0.00 sys=0.00, real=0.00 secs] 
132.561: [GC (Allocation Failure) [PSYoungGen: 22391K->1024K(48640K)] 412040K->390673K(520704K), 0.0008669 secs] [Times: user=0.00 sys=0.00, real=0.00 secs] 
132.562: [GC (Allocation Failure) [PSYoungGen: 1024K->1024K(48640K)] 390673K->390673K(520704K), 0.0008339 secs] [Times: user=0.00 sys=0.00, real=0.00 secs] 
132.563: [Full GC (Allocation Failure) [PSYoungGen: 1024K->0K(48640K)] [ParOldGen: 389649K->57873K(472064K)] 390673K->57873K(520704K), [Metaspace: 2796K->2796K(1056768K)], 0.0053799 secs] [Times: user=0.00 sys=0.00, real=0.00 secs] 
133.669: [GC (Allocation Failure) [PSYoungGen: 43895K->1024K(48640K)] 204168K->181777K(520704K), 0.0016345 secs] [Times: user=0.00 sys=0.00, real=0.00 secs] 
134.978: [GC (Allocation Failure) [PSYoungGen: 39804K->0K(48640K)] 374157K->339473K(520704K), 0.0008645 secs] [Times: user=0.00 sys=0.00, real=0.00 secs] 
135.413: [GC (Allocation Failure) [PSYoungGen: 41855K->0K(48640K)] 432528K->400913K(520704K), 0.0012887 secs] [Times: user=0.00 sys=0.00, real=0.00 secs] 
135.415: [GC (Allocation Failure) [PSYoungGen: 0K->0K(48640K)] 400913K->400913K(520704K), 0.0009102 secs] [Times: user=0.00 sys=0.00, real=0.00 secs] 
135.415: [Full GC (Allocation Failure) [PSYoungGen: 0K->0K(48640K)] [ParOldGen: 400913K->61969K(472064K)] 400913K->61969K(520704K), [Metaspace: 2796K->2796K(1056768K)], 0.0057918 secs] [Times: user=0.00 sys=0.00, real=0.01 secs] 
136.521: [GC (Allocation Failure) [PSYoungGen: 43905K->0K(48640K)] 208274K->179729K(520704K), 0.0015188 secs] [Times: user=0.02 sys=0.00, real=0.00 secs] 
137.395: [GC (Allocation Failure) [PSYoungGen: 43906K->0K(48640K)] 377236K->358929K(520704K), 0.0024411 secs] [Times: user=0.02 sys=0.00, real=0.00 secs] 
138.049: [GC (Allocation Failure) [PSYoungGen: 41859K->0K(48640K)] 400789K->374289K(520704K), 0.0014503 secs] [Times: user=0.00 sys=0.00, real=0.00 secs] 
139.248: [GC (Allocation Failure) [PSYoungGen: 41853K->0K(48640K)] 467342K->435729K(520704K), 0.0010924 secs] [Times: user=0.00 sys=0.00, real=0.00 secs] 
139.249: [Full GC (Ergonomics) [PSYoungGen: 0K->0K(48640K)] [ParOldGen: 435729K->10769K(472064K)] 435729K->10769K(520704K), [Metaspace: 2796K->2796K(1056768K)], 0.0026138 secs] [Times: user=0.00 sys=0.00, real=0.00 secs] 
140.013: [GC (Allocation Failure) [PSYoungGen: 43904K->1024K(48640K)] 208273K->165393K(520704K), 0.0005602 secs] [Times: user=0.00 sys=0.00, real=0.00 secs] 
140.777: [GC (Allocation Failure) [PSYoungGen: 42881K->0K(48640K)] 207251K->179729K(520704K), 0.0013281 secs] [Times: user=0.00 sys=0.00, real=0.00 secs] 
141.647: [GC (Allocation Failure) [PSYoungGen: 43900K->1024K(48640K)] 377229K->339473K(520704K), 0.0011150 secs] [Times: user=0.00 sys=0.00, real=0.00 secs] 
143.282: [GC (Allocation Failure) [PSYoungGen: 44927K->1024K(48640K)] 383376K->344593K(520704K), 0.0009559 secs] [Times: user=0.00 sys=0.00, real=0.00 secs] 
143.721: [GC (Allocation Failure) [PSYoungGen: 32635K->1024K(48640K)] 376204K->365073K(520704K), 0.0018364 secs] [Times: user=0.00 sys=0.00, real=0.00 secs] 
143.939: [GC (Allocation Failure) [PSYoungGen: 22389K->1024K(48640K)] 437639K->416273K(520704K), 0.0009564 secs] [Times: user=0.00 sys=0.00, real=0.00 secs] 
143.940: [GC (Allocation Failure) [PSYoungGen: 1024K->1024K(48640K)] 416273K->416273K(520704K), 0.0007436 secs] [Times: user=0.00 sys=0.00, real=0.00 secs] 
143.940: [Full GC (Allocation Failure) [PSYoungGen: 1024K->0K(48640K)] [ParOldGen: 415249K->62993K(472064K)] 416273K->62993K(520704K), [Metaspace: 2796K->2796K(1056768K)], 0.0057634 secs] [Times: user=0.00 sys=0.00, real=0.01 secs] 
145.046: [GC (Allocation Failure) [PSYoungGen: 43893K->0K(48640K)] 209287K->180753K(520704K), 0.0013934 secs] [Times: user=0.00 sys=0.00, real=0.00 secs] 
146.464: [GC (Allocation Failure) [PSYoungGen: 43899K->0K(48640K)] 378252K->339473K(520704K), 0.0008730 secs] [Times: user=0.00 sys=0.00, real=0.00 secs] 
146.791: [GC (Allocation Failure) [PSYoungGen: 31614K->0K(48640K)] 422288K->411153K(520704K), 0.0021134 secs] [Times: user=0.00 sys=0.00, real=0.00 secs] 
146.793: [GC (Allocation Failure) [PSYoungGen: 0K->0K(48640K)] 411153K->411153K(520704K), 0.0013402 secs] [Times: user=0.00 sys=0.00, real=0.00 secs] 
146.795: [Full GC (Allocation Failure) [PSYoungGen: 0K->0K(48640K)] [ParOldGen: 411153K->72209K(472064K)] 411153K->72209K(520704K), [Metaspace: 2796K->2796K(1056768K)], 0.0064498 secs] [Times: user=0.00 sys=0.00, real=0.01 secs] 
147.894: [GC (Allocation Failure) [PSYoungGen: 43905K->0K(48640K)] 218514K->189969K(520704K), 0.0015324 secs] [Times: user=0.00 sys=0.00, real=0.00 secs] 
148.766: [GC (Allocation Failure) [PSYoungGen: 43906K->0K(48640K)] 387475K->348689K(520704K), 0.0010202 secs] [Times: user=0.00 sys=0.00, real=0.00 secs] 
149.424: [GC (Allocation Failure) [PSYoungGen: 41859K->0K(48640K)] 390548K->364049K(520704K), 0.0014877 secs] [Times: user=0.00 sys=0.00, real=0.00 secs] 
149.643: [GC (Allocation Failure) [PSYoungGen: 21373K->0K(48640K)] 436622K->415249K(520704K), 0.0008884 secs] [Times: user=0.00 sys=0.00, real=0.00 secs] 
149.644: [GC (Allocation Failure) [PSYoungGen: 0K->0K(48640K)] 415249K->415249K(520704K), 0.0011445 secs] [Times: user=0.00 sys=0.00, real=0.00 secs] 
149.645: [Full GC (Allocation Failure) [PSYoungGen: 0K->0K(48640K)] [ParOldGen: 415249K->133649K(472064K)] 415249K->133649K(520704K), [Metaspace: 2796K->2796K(1056768K)], 0.0099865 secs] [Times: user=0.02 sys=0.00, real=0.01 secs] 
150.860: [GC (Allocation Failure) [PSYoungGen: 36733K->0K(48640K)] 272782K->251409K(520704K), 0.0017421 secs] [Times: user=0.00 sys=0.00, real=0.00 secs] 
151.842: [GC (Allocation Failure) [PSYoungGen: 43904K->1024K(48640K)] 448913K->411153K(520704K), 0.0009500 secs] [Times: user=0.00 sys=0.00, real=0.00 secs] 
152.280: [GC (Allocation Failure) [PSYoungGen: 32641K->1024K(48640K)] 442771K->426513K(520704K), 0.0015024 secs] [Times: user=0.00 sys=0.00, real=0.00 secs] 
152.282: [Full GC (Ergonomics) [PSYoungGen: 1024K->0K(48640K)] [ParOldGen: 425489K->22033K(472064K)] 426513K->22033K(520704K), [Metaspace: 2796K->2796K(1056768K)], 0.0032905 secs] [Times: user=0.00 sys=0.00, real=0.00 secs] 
153.263: [GC (Allocation Failure) [PSYoungGen: 43898K->1024K(48640K)] 219531K->181777K(520704K), 0.0007609 secs] [Times: user=0.00 sys=0.00, real=0.00 secs] 
154.688: [GC (Allocation Failure) [PSYoungGen: 43902K->0K(48640K)] 224655K->190993K(520704K), 0.0011681 secs] [Times: user=0.00 sys=0.00, real=0.00 secs] 
155.124: [GC (Allocation Failure) [PSYoungGen: 31609K->0K(48640K)] 222603K->211473K(520704K), 0.0014353 secs] [Times: user=0.00 sys=0.00, real=0.00 secs] 
156.102: [GC (Allocation Failure) [PSYoungGen: 43893K->0K(48640K)] 408966K->375313K(520704K), 0.0010142 secs] [Times: user=0.00 sys=0.00, real=0.00 secs] 
156.538: [GC (Allocation Failure) [PSYoungGen: 31610K->0K(48640K)] 406924K->385553K(520704K), 0.0013091 secs] [Times: user=0.00 sys=0.00, real=0.00 secs] 
156.756: [GC (Allocation Failure) [PSYoungGen: 21365K->0K(48640K)] 458119K->457233K(520704K), 0.0023003 secs] [Times: user=0.00 sys=0.00, real=0.00 secs] 
156.759: [Full GC (Ergonomics) [PSYoungGen: 0K->0K(48640K)] [ParOldGen: 457233K->92689K(472064K)] 457233K->92689K(520704K), [Metaspace: 2796K->2796K(1056768K)], 0.0078896 secs] [Times: user=0.00 sys=0.00, real=0.01 secs] 
158.518: [GC (Allocation Failure) [PSYoungGen: 40821K->1024K(48640K)] 389511K->349713K(520704K), 0.0007874 secs] [Times: user=0.00 sys=0.00, real=0.00 secs] 
159.281: [GC (Allocation Failure) [PSYoungGen: 42875K->0K(48640K)] 391564K->364049K(520704K), 0.0016650 secs] [Times: user=0.00 sys=0.00, real=0.00 secs] 
159.607: [GC (Allocation Failure) [PSYoungGen: 31607K->0K(48640K)] 446857K->415249K(520704K), 0.0009029 secs] [Times: user=0.00 sys=0.00, real=0.00 secs] 
159.608: [GC (Allocation Failure) [PSYoungGen: 0K->0K(48640K)] 415249K->415249K(520704K), 0.0008395 secs] [Times: user=0.00 sys=0.00, real=0.00 secs] 
159.609: [Full GC (Allocation Failure) [PSYoungGen: 0K->0K(48640K)] [ParOldGen: 415249K->108049K(472064K)] 415249K->108049K(520704K), [Metaspace: 2796K->2796K(1056768K)], 0.0079280 secs] [Times: user=0.00 sys=0.00, real=0.01 secs] 
160.713: [GC (Allocation Failure) [PSYoungGen: 43900K->0K(48640K)] 254350K->225809K(520704K), 0.0013827 secs] [Times: user=0.00 sys=0.00, real=0.00 secs] 
162.023: [GC (Allocation Failure) [PSYoungGen: 42879K->0K(48640K)] 422289K->389649K(520704K), 0.0008889 secs] [Times: user=0.00 sys=0.00, real=0.00 secs] 
162.459: [Full GC (Ergonomics) [PSYoungGen: 41857K->0K(48640K)] [ParOldGen: 440849K->56849K(472064K)] 482707K->56849K(520704K), [Metaspace: 2796K->2796K(1056768K)], 0.0060305 secs] [Times: user=0.00 sys=0.00, real=0.01 secs] 
163.557: [GC (Allocation Failure) [PSYoungGen: 43906K->1024K(48640K)] 203156K->180753K(520704K), 0.0014611 secs] [Times: user=0.00 sys=0.00, real=0.00 secs] 
164.428: [GC (Allocation Failure) [PSYoungGen: 44931K->1024K(48640K)] 378261K->344593K(520704K), 0.0012467 secs] [Times: user=0.00 sys=0.00, real=0.00 secs] 
165.628: [GC (Allocation Failure) [PSYoungGen: 42884K->0K(48640K)] 386453K->353809K(520704K), 0.0011794 secs] [Times: user=0.00 sys=0.00, real=0.00 secs] 
166.393: [GC (Allocation Failure) [PSYoungGen: 41853K->0K(48640K)] 395663K->369169K(520704K), 0.0015108 secs] [Times: user=0.00 sys=0.00, real=0.00 secs] 
166.723: [GC (Allocation Failure) [PSYoungGen: 31609K->0K(48640K)] 451979K->440849K(520704K), 0.0020800 secs] [Times: user=0.00 sys=0.00, real=0.00 secs] 
166.725: [Full GC (Ergonomics) [PSYoungGen: 0K->0K(48640K)] [ParOldGen: 440849K->77329K(472064K)] 440849K->77329K(520704K), [Metaspace: 2796K->2796K(1056768K)], 0.0067907 secs] [Times: user=0.00 sys=0.00, real=0.01 secs] 
167.831: [GC (Allocation Failure) [PSYoungGen: 43901K->0K(48640K)] 223631K->195089K(520704K), 0.0015366 secs] [Times: user=0.00 sys=0.00, real=0.00 secs] 
168.703: [GC (Allocation Failure) [PSYoungGen: 43904K->0K(48640K)] 392593K->353809K(520704K), 0.0011033 secs] [Times: user=0.00 sys=0.00, real=0.00 secs] 
169.575: [GC (Allocation Failure) [PSYoungGen: 11137K->0K(48640K)] 416147K->405009K(520704K), 0.0010882 secs] [Times: user=0.00 sys=0.00, real=0.00 secs] 
169.576: [GC (Allocation Failure) [PSYoungGen: 0K->0K(48640K)] 405009K->405009K(520704K), 0.0008914 secs] [Times: user=0.00 sys=0.00, real=0.00 secs] 
169.577: [Full GC (Allocation Failure) [PSYoungGen: 0K->0K(48640K)] [ParOldGen: 405009K->51729K(472064K)] 405009K->51729K(520704K), [Metaspace: 2796K->2796K(1056768K)], 0.0052868 secs] [Times: user=0.00 sys=0.00, real=0.01 secs] 
170.679: [GC (Allocation Failure) [PSYoungGen: 43906K->0K(48640K)] 198035K->169489K(520704K), 0.0013049 secs] [Times: user=0.00 sys=0.00, real=0.00 secs] 
171.553: [GC (Allocation Failure) [PSYoungGen: 43907K->1024K(48640K)] 366996K->329233K(520704K), 0.0012160 secs] [Times: user=0.00 sys=0.00, real=0.00 secs] 
172.208: [GC (Allocation Failure) [PSYoungGen: 42883K->1024K(48640K)] 371093K->344593K(520704K), 0.0015760 secs] [Times: user=0.00 sys=0.00, real=0.00 secs] 
172.425: [GC (Allocation Failure) [PSYoungGen: 22397K->1024K(48640K)] 417167K->395793K(520704K), 0.0008209 secs] [Times: user=0.00 sys=0.00, real=0.00 secs] 
172.426: [GC (Allocation Failure) [PSYoungGen: 1024K->1024K(48640K)] 395793K->395793K(520704K), 0.0007149 secs] [Times: user=0.00 sys=0.00, real=0.00 secs] 
172.427: [Full GC (Allocation Failure) [PSYoungGen: 1024K->0K(48640K)] [ParOldGen: 394769K->165393K(472064K)] 395793K->165393K(520704K), [Metaspace: 2796K->2796K(1056768K)], 0.0118942 secs] [Times: user=0.00 sys=0.00, real=0.01 secs] 
173.640: [GC (Allocation Failure) [PSYoungGen: 28541K->0K(48640K)] 296334K->288273K(520704K), 0.0016657 secs] [Times: user=0.00 sys=0.00, real=0.00 secs] 
174.623: [Full GC (Ergonomics) [PSYoungGen: 43904K->0K(48640K)] [ParOldGen: 441873K->21009K(472064K)] 485777K->21009K(520704K), [Metaspace: 2796K->2796K(1056768K)], 0.0030075 secs] [Times: user=0.00 sys=0.00, real=0.00 secs] 
175.060: [GC (Allocation Failure) [PSYoungGen: 31617K->0K(48640K)] 52627K->41489K(520704K), 0.0014096 secs] [Times: user=0.00 sys=0.00, real=0.00 secs] 
176.032: [GC (Allocation Failure) [PSYoungGen: 43898K->0K(48640K)] 238987K->205329K(520704K), 0.0008942 secs] [Times: user=0.00 sys=0.00, real=0.00 secs] 
176.470: [GC (Allocation Failure) [PSYoungGen: 31614K->0K(48640K)] 236943K->215569K(520704K), 0.0013232 secs] [Times: user=0.00 sys=0.00, real=0.00 secs] 
177.562: [GC (Allocation Failure) [PSYoungGen: 41847K->0K(48640K)] 257417K->225809K(520704K), 0.0012640 secs] [Times: user=0.00 sys=0.00, real=0.00 secs] 
177.890: [GC (Allocation Failure) [PSYoungGen: 26485K->0K(48640K)] 252295K->236049K(520704K), 0.0012398 secs] [Times: user=0.00 sys=0.00, real=0.00 secs] 
178.873: [GC (Allocation Failure) [PSYoungGen: 43888K->0K(48640K)] 433538K->399889K(520704K), 0.0009024 secs] [Times: user=0.00 sys=0.00, real=0.00 secs] 
179.310: [GC (Allocation Failure) [PSYoungGen: 31607K->0K(48640K)] 431497K->410129K(520704K), 0.0015373 secs] [Times: user=0.00 sys=0.00, real=0.00 secs] 
179.527: [Full GC (Ergonomics) [PSYoungGen: 21363K->0K(48640K)] [ParOldGen: 461329K->113169K(472064K)] 482693K->113169K(520704K), [Metaspace: 2796K->2796K(1056768K)], 0.0086835 secs] [Times: user=0.00 sys=0.00, real=0.01 secs] 
181.507: [GC (Allocation Failure) [PSYoungGen: 40819K->1024K(48640K)] 358789K->324113K(520704K), 0.0008489 secs] [Times: user=0.00 sys=0.00, real=0.00 secs] 
182.163: [GC (Allocation Failure) [PSYoungGen: 42873K->1024K(48640K)] 365963K->339473K(520704K), 0.0016508 secs] [Times: user=0.00 sys=0.00, real=0.00 secs] 
182.382: [GC (Allocation Failure) [PSYoungGen: 22391K->1024K(48640K)] 412040K->390673K(520704K), 0.0007429 secs] [Times: user=0.00 sys=0.00, real=0.00 secs] 
182.383: [GC (Allocation Failure) [PSYoungGen: 1024K->1024K(48640K)] 390673K->390673K(520704K), 0.0007404 secs] [Times: user=0.00 sys=0.00, real=0.00 secs] 
182.384: [Full GC (Allocation Failure) [PSYoungGen: 1024K->0K(48640K)] [ParOldGen: 389649K->57873K(472064K)] 390673K->57873K(520704K), [Metaspace: 2796K->2796K(1056768K)], 0.0052708 secs] [Times: user=0.00 sys=0.00, real=0.01 secs] 
183.489: [GC (Allocation Failure) [PSYoungGen: 43895K->1024K(48640K)] 204168K->181777K(520704K), 0.0014639 secs] [Times: user=0.00 sys=0.00, real=0.00 secs] 
184.805: [GC (Allocation Failure) [PSYoungGen: 39804K->0K(48640K)] 374157K->339473K(520704K), 0.0010091 secs] [Times: user=0.00 sys=0.00, real=0.00 secs] 
185.241: [GC (Allocation Failure) [PSYoungGen: 41855K->0K(48640K)] 432528K->400913K(520704K), 0.0012571 secs] [Times: user=0.00 sys=0.00, real=0.00 secs] 
185.242: [GC (Allocation Failure) [PSYoungGen: 0K->0K(48640K)] 400913K->400913K(520704K), 0.0007775 secs] [Times: user=0.00 sys=0.00, real=0.00 secs] 
185.243: [Full GC (Allocation Failure) [PSYoungGen: 0K->0K(48640K)] [ParOldGen: 400913K->61969K(472064K)] 400913K->61969K(520704K), [Metaspace: 2796K->2796K(1056768K)], 0.0054095 secs] [Times: user=0.00 sys=0.00, real=0.00 secs] 
186.348: [GC (Allocation Failure) [PSYoungGen: 43905K->0K(48640K)] 208274K->179729K(520704K), 0.0013086 secs] [Times: user=0.00 sys=0.00, real=0.00 secs] 
187.221: [GC (Allocation Failure) [PSYoungGen: 43906K->0K(48640K)] 377236K->358929K(520704K), 0.0024179 secs] [Times: user=0.00 sys=0.00, real=0.00 secs] 
187.874: [GC (Allocation Failure) [PSYoungGen: 41859K->0K(48640K)] 400789K->374289K(520704K), 0.0015143 secs] [Times: user=0.00 sys=0.00, real=0.00 secs] 
189.078: [GC (Allocation Failure) [PSYoungGen: 41853K->0K(48640K)] 467342K->435729K(520704K), 0.0010272 secs] [Times: user=0.00 sys=0.00, real=0.00 secs] 
189.079: [Full GC (Ergonomics) [PSYoungGen: 0K->0K(48640K)] [ParOldGen: 435729K->10769K(472064K)] 435729K->10769K(520704K), [Metaspace: 2796K->2796K(1056768K)], 0.0027917 secs] [Times: user=0.00 sys=0.00, real=0.00 secs] 
189.843: [GC (Allocation Failure) [PSYoungGen: 43904K->1024K(48640K)] 208273K->165393K(520704K), 0.0004649 secs] [Times: user=0.00 sys=0.00, real=0.00 secs] 
190.608: [GC (Allocation Failure) [PSYoungGen: 42881K->0K(48640K)] 207251K->179729K(520704K), 0.0014587 secs] [Times: user=0.00 sys=0.00, real=0.00 secs] 
191.482: [GC (Allocation Failure) [PSYoungGen: 43900K->1056K(48640K)] 377229K->339505K(520704K), 0.0008090 secs] [Times: user=0.00 sys=0.00, real=0.00 secs] 
193.112: [GC (Allocation Failure) [PSYoungGen: 44959K->1056K(48640K)] 383408K->344625K(520704K), 0.0009504 secs] [Times: user=0.00 sys=0.00, real=0.00 secs] 
193.547: [GC (Allocation Failure) [PSYoungGen: 32667K->1056K(48640K)] 376236K->365105K(520704K), 0.0015973 secs] [Times: user=0.00 sys=0.00, real=0.00 secs] 
193.765: [GC (Allocation Failure) [PSYoungGen: 22421K->1056K(48640K)] 437671K->416305K(520704K), 0.0009382 secs] [Times: user=0.00 sys=0.00, real=0.00 secs] 
193.765: [GC (Allocation Failure) [PSYoungGen: 1056K->1056K(48640K)] 416305K->416305K(520704K), 0.0010268 secs] [Times: user=0.00 sys=0.00, real=0.00 secs] 
193.767: [Full GC (Allocation Failure) [PSYoungGen: 1056K->0K(48640K)] [ParOldGen: 415249K->62993K(472064K)] 416305K->62993K(520704K), [Metaspace: 2796K->2796K(1056768K)], 0.0058929 secs] [Times: user=0.00 sys=0.00, real=0.01 secs] 
194.871: [GC (Allocation Failure) [PSYoungGen: 43893K->64K(48640K)] 209287K->180817K(520704K), 0.0013354 secs] [Times: user=0.00 sys=0.00, real=0.00 secs] 
196.287: [GC (Allocation Failure) [PSYoungGen: 43963K->32K(48640K)] 378316K->339505K(520704K), 0.0009177 secs] [Times: user=0.00 sys=0.00, real=0.00 secs] 
196.614: [GC (Allocation Failure) [PSYoungGen: 31646K->64K(48640K)] 422320K->411217K(520704K), 0.0020359 secs] [Times: user=0.02 sys=0.00, real=0.00 secs] 
196.617: [GC (Allocation Failure) [PSYoungGen: 64K->32K(48640K)] 411217K->411185K(520704K), 0.0009519 secs] [Times: user=0.00 sys=0.00, real=0.00 secs] 
196.618: [Full GC (Allocation Failure) [PSYoungGen: 32K->0K(48640K)] [ParOldGen: 411153K->72209K(472064K)] 411185K->72209K(520704K), [Metaspace: 2796K->2796K(1056768K)], 0.0063592 secs] [Times: user=0.00 sys=0.00, real=0.01 secs] 
197.723: [GC (Allocation Failure) [PSYoungGen: 43905K->0K(48640K)] 218514K->189969K(520704K), 0.0014841 secs] [Times: user=0.00 sys=0.00, real=0.00 secs] 
198.594: [GC (Allocation Failure) [PSYoungGen: 43906K->0K(48640K)] 387476K->348689K(520704K), 0.0015989 secs] [Times: user=0.00 sys=0.00, real=0.00 secs] 
199.247: [GC (Allocation Failure) [PSYoungGen: 41859K->0K(48640K)] 390549K->364049K(520704K), 0.0014468 secs] [Times: user=0.00 sys=0.00, real=0.00 secs] 
199.465: [GC (Allocation Failure) [PSYoungGen: 21373K->0K(48640K)] 436623K->415249K(520704K), 0.0009717 secs] [Times: user=0.00 sys=0.00, real=0.00 secs] 
199.466: [GC (Allocation Failure) [PSYoungGen: 0K->0K(48640K)] 415249K->415249K(520704K), 0.0010403 secs] [Times: user=0.00 sys=0.00, real=0.00 secs] 
199.467: [Full GC (Allocation Failure) [PSYoungGen: 0K->0K(48640K)] [ParOldGen: 415249K->133649K(472064K)] 415249K->133649K(520704K), [Metaspace: 2796K->2796K(1056768K)], 0.0110191 secs] [Times: user=0.02 sys=0.00, real=0.01 secs] 
200.681: [GC (Allocation Failure) [PSYoungGen: 36733K->0K(48640K)] 272783K->251409K(520704K), 0.0017062 secs] [Times: user=0.00 sys=0.00, real=0.00 secs] 
201.661: [GC (Allocation Failure) [PSYoungGen: 43904K->1024K(48640K)] 448913K->411153K(520704K), 0.0009542 secs] [Times: user=0.00 sys=0.00, real=0.00 secs] 
202.099: [GC (Allocation Failure) [PSYoungGen: 32641K->1024K(48640K)] 442771K->426513K(520704K), 0.0016292 secs] [Times: user=0.00 sys=0.00, real=0.00 secs] 
202.101: [Full GC (Ergonomics) [PSYoungGen: 1024K->0K(48640K)] [ParOldGen: 425489K->22033K(472064K)] 426513K->22033K(520704K), [Metaspace: 2796K->2796K(1056768K)], 0.0033596 secs] [Times: user=0.02 sys=0.00, real=0.00 secs] 
203.083: [GC (Allocation Failure) [PSYoungGen: 43898K->1024K(48640K)] 219531K->181777K(520704K), 0.0008389 secs] [Times: user=0.00 sys=0.00, real=0.00 secs] 
204.503: [GC (Allocation Failure) [PSYoungGen: 43902K->0K(48640K)] 224655K->190993K(520704K), 0.0010192 secs] [Times: user=0.00 sys=0.00, real=0.00 secs] 
204.939: [GC (Allocation Failure) [PSYoungGen: 31609K->0K(48640K)] 222603K->211473K(520704K), 0.0015169 secs] [Times: user=0.00 sys=0.00, real=0.00 secs] 
205.920: [GC (Allocation Failure) [PSYoungGen: 43893K->0K(48640K)] 408967K->375313K(520704K), 0.0010228 secs] [Times: user=0.00 sys=0.00, real=0.00 secs] 
206.357: [GC (Allocation Failure) [PSYoungGen: 31610K->0K(48640K)] 406924K->385553K(520704K), 0.0013930 secs] [Times: user=0.00 sys=0.00, real=0.00 secs] 
206.576: [GC (Allocation Failure) [PSYoungGen: 21365K->0K(48640K)] 458119K->457234K(520704K), 0.0021768 secs] [Times: user=0.00 sys=0.00, real=0.00 secs] 
206.579: [Full GC (Ergonomics) [PSYoungGen: 0K->0K(48640K)] [ParOldGen: 457234K->92689K(472064K)] 457234K->92689K(520704K), [Metaspace: 2796K->2796K(1056768K)], 0.0076164 secs] [Times: user=0.02 sys=0.00, real=0.01 secs] 
208.342: [GC (Allocation Failure) [PSYoungGen: 40821K->1024K(48640K)] 389511K->349713K(520704K), 0.0006801 secs] [Times: user=0.00 sys=0.00, real=0.00 secs] 
209.108: [GC (Allocation Failure) [PSYoungGen: 42875K->0K(48640K)] 391564K->364049K(520704K), 0.0016858 secs] [Times: user=0.00 sys=0.00, real=0.00 secs] 
209.434: [GC (Allocation Failure) [PSYoungGen: 31607K->0K(48640K)] 446857K->415249K(520704K), 0.0008666 secs] [Times: user=0.00 sys=0.00, real=0.00 secs] 
209.435: [GC (Allocation Failure) [PSYoungGen: 0K->0K(48640K)] 415249K->415249K(520704K), 0.0007605 secs] [Times: user=0.00 sys=0.00, real=0.00 secs] 
209.435: [Full GC (Allocation Failure) [PSYoungGen: 0K->0K(48640K)] [ParOldGen: 415249K->108049K(472064K)] 415249K->108049K(520704K), [Metaspace: 2796K->2796K(1056768K)], 0.0084349 secs] [Times: user=0.00 sys=0.00, real=0.01 secs] 
210.537: [GC (Allocation Failure) [PSYoungGen: 43900K->0K(48640K)] 254350K->225809K(520704K), 0.0014137 secs] [Times: user=0.00 sys=0.00, real=0.00 secs] 
211.851: [GC (Allocation Failure) [PSYoungGen: 42879K->0K(48640K)] 422289K->389649K(520704K), 0.0010437 secs] [Times: user=0.00 sys=0.00, real=0.00 secs] 
212.285: [Full GC (Ergonomics) [PSYoungGen: 41857K->0K(48640K)] [ParOldGen: 440849K->56849K(472064K)] 482707K->56849K(520704K), [Metaspace: 2796K->2796K(1056768K)], 0.0053622 secs] [Times: user=0.00 sys=0.00, real=0.00 secs] 
213.391: [GC (Allocation Failure) [PSYoungGen: 43906K->1024K(48640K)] 203156K->180753K(520704K), 0.0015239 secs] [Times: user=0.00 sys=0.00, real=0.00 secs] 
214.265: [GC (Allocation Failure) [PSYoungGen: 44931K->1024K(48640K)] 378261K->344593K(520704K), 0.0011173 secs] [Times: user=0.00 sys=0.00, real=0.00 secs] 
215.468: [GC (Allocation Failure) [PSYoungGen: 42884K->0K(48640K)] 386454K->353809K(520704K), 0.0012989 secs] [Times: user=0.00 sys=0.00, real=0.00 secs] 
216.234: [GC (Allocation Failure) [PSYoungGen: 41853K->0K(48640K)] 395663K->369169K(520704K), 0.0015713 secs] [Times: user=0.00 sys=0.00, real=0.00 secs] 
216.559: [GC (Allocation Failure) [PSYoungGen: 31609K->0K(48640K)] 451979K->440849K(520704K), 0.0022541 secs] [Times: user=0.00 sys=0.00, real=0.00 secs] 
216.562: [Full GC (Ergonomics) [PSYoungGen: 0K->0K(48640K)] [ParOldGen: 440849K->77329K(472064K)] 440849K->77329K(520704K), [Metaspace: 2796K->2796K(1056768K)], 0.0061924 secs] [Times: user=0.00 sys=0.00, real=0.01 secs] 
217.667: [GC (Allocation Failure) [PSYoungGen: 43901K->0K(48640K)] 223631K->195089K(520704K), 0.0015631 secs] [Times: user=0.00 sys=0.00, real=0.00 secs] 
218.538: [GC (Allocation Failure) [PSYoungGen: 43904K->0K(48640K)] 392594K->353809K(520704K), 0.0008466 secs] [Times: user=0.00 sys=0.00, real=0.00 secs] 
Heap
 PSYoungGen      total 48640K, used 12039K [0x00000000fcd00000, 0x0000000100000000, 0x0000000100000000)
  eden space 45056K, 26% used [0x00000000fcd00000,0x00000000fd8c1de0,0x00000000ff900000)
  from space 3584K, 0% used [0x00000000ff900000,0x00000000ff900000,0x00000000ffc80000)
  to   space 3584K, 0% used [0x00000000ffc80000,0x00000000ffc80000,0x0000000100000000)
 ParOldGen       total 472064K, used 353809K [0x00000000e0000000, 0x00000000fcd00000, 0x00000000fcd00000)
  object space 472064K, 74% used [0x00000000e0000000,0x00000000f5984770,0x00000000fcd00000)
 Metaspace       used 2804K, capacity 4486K, committed 4864K, reserved 1056768K
  class space    used 297K, capacity 386K, committed 512K, reserved 1048576K
