Java HotSpot(TM) 64-Bit Server VM (25.411-b09) for windows-amd64 JRE (1.8.0_411-b09), built on Mar 13 2024 07:26:13 by "java_re" with MS VC++ 17.1 (VS2022)
Memory: 4k page, physical 33403376k(13557248k free), swap 38325348k(6615576k free)
CommandLine flags: -XX:InitialHeapSize=1073741824 -XX:MaxHeapSize=1073741824 -XX:NewRatio=8 -XX:ParallelGCThreads=6 -XX:PretenureSizeThreshold=52428800 -XX:+PrintGC -XX:+PrintGCDetails -XX:+PrintGCTimeStamps -XX:SurvivorRatio=12 -XX:-UseAdaptiveSizePolicy -XX:+UseCompressedClassPointers -XX:+UseCompressedOops -XX:-UseLargePagesIndividualAllocation -XX:+UseParallelGC 
2.188: [GC (Allocation Failure) [PSYoungGen: 99225K->6824K(108032K)] 252825K->165552K(1040384K), 0.0026364 secs] [Times: user=0.00 sys=0.00, real=0.00 secs] 
4.638: [GC (Allocation Failure) [PSYoungGen: 103029K->1640K(108032K)] 415357K->313968K(1040384K), 0.0014305 secs] [Times: user=0.00 sys=0.00, real=0.00 secs] 
6.534: [GC (Allocation Failure) [PSYoungGen: 96821K->5704K(108032K)] 562749K->492112K(1040384K), 0.0049733 secs] [Times: user=0.00 sys=0.00, real=0.01 secs] 
9.140: [GC (Allocation Failure) [PSYoungGen: 103931K->5688K(108032K)] 897539K->799304K(1040384K), 0.0022317 secs] [Times: user=0.00 sys=0.00, real=0.00 secs] 
10.139: [GC (Allocation Failure) [PSYoungGen: 74245K->5720K(108032K)] 919061K->850536K(1040384K), 0.0022823 secs] [Times: user=0.00 sys=0.00, real=0.00 secs] 
10.142: [GC (Allocation Failure) [PSYoungGen: 5720K->5688K(108032K)] 850536K->850512K(1040384K), 0.0016936 secs] [Times: user=0.00 sys=0.00, real=0.00 secs] 
10.143: [Full GC (Allocation Failure) [PSYoungGen: 5688K->0K(108032K)] [ParOldGen: 844824K->108048K(932352K)] 850512K->108048K(1040384K), [Metaspace: 2761K->2761K(1056768K)], 0.0173915 secs] [Times: user=0.02 sys=0.00, real=0.02 secs] 
12.682: [GC (Allocation Failure) [PSYoungGen: 96205K->5120K(108032K)] 460253K->379408K(1040384K), 0.0017569 secs] [Times: user=0.00 sys=0.00, real=0.00 secs] 
13.553: [GC (Allocation Failure) [PSYoungGen: 100949K->6176K(108032K)] 577638K->487992K(1040384K), 0.0013112 secs] [Times: user=0.00 sys=0.00, real=0.00 secs] 
15.411: [GC (Allocation Failure) [PSYoungGen: 101357K->6176K(108032K)] 736774K->656953K(1040384K), 0.0019894 secs] [Times: user=0.00 sys=0.00, real=0.00 secs] 
17.596: [GC (Allocation Failure) [PSYoungGen: 101357K->6176K(108032K)] 905734K->831033K(1040384K), 0.0026646 secs] [Times: user=0.00 sys=0.00, real=0.00 secs] 
18.708: [GC (Allocation Failure) [PSYoungGen: 79853K->5184K(108032K)] 955910K->886361K(1040384K), 0.0023313 secs] [Times: user=0.00 sys=0.00, real=0.00 secs] 
18.711: [GC (Allocation Failure) [PSYoungGen: 5184K->5184K(108032K)] 886361K->886361K(1040384K), 0.0019592 secs] [Times: user=0.00 sys=0.00, real=0.00 secs] 
18.713: [Full GC (Allocation Failure) [PSYoungGen: 5184K->0K(108032K)] [ParOldGen: 881177K->82449K(932352K)] 886361K->82449K(1040384K), [Metaspace: 2770K->2770K(1056768K)], 0.0081429 secs] [Times: user=0.02 sys=0.00, real=0.01 secs] 
20.905: [GC (Allocation Failure) [PSYoungGen: 97229K->5120K(108032K)] 384478K->292369K(1040384K), 0.0009992 secs] [Times: user=0.00 sys=0.00, real=0.00 secs] 
22.652: [GC (Allocation Failure) [PSYoungGen: 100301K->6144K(108032K)] 541150K->462353K(1040384K), 0.0019774 secs] [Times: user=0.00 sys=0.00, real=0.00 secs] 
23.959: [GC (Allocation Failure) [PSYoungGen: 96204K->5120K(108032K)] 654814K->563729K(1040384K), 0.0009876 secs] [Times: user=0.00 sys=0.00, real=0.00 secs] 
24.737: [GC (Allocation Failure) [PSYoungGen: 100300K->1024K(108032K)] 761310K->672273K(1040384K), 0.0013876 secs] [Times: user=0.00 sys=0.00, real=0.00 secs] 
26.592: [GC (Allocation Failure) [PSYoungGen: 96205K->5120K(108032K)] 921054K->850449K(1040384K), 0.0022457 secs] [Times: user=0.00 sys=0.00, real=0.00 secs] 
28.448: [GC (Allocation Failure) [PSYoungGen: 104818K->5152K(108032K)] 950148K->860729K(1040384K), 0.0016572 secs] [Times: user=0.00 sys=0.00, real=0.00 secs] 
28.667: [GC (Allocation Failure) --[PSYoungGen: 78819K->78819K(108032K)] 934396K->985596K(1040384K), 0.0161448 secs] [Times: user=0.00 sys=0.00, real=0.02 secs] 
28.683: [Full GC (Ergonomics) [PSYoungGen: 78819K->0K(108032K)] [ParOldGen: 906777K->56849K(932352K)] 985596K->56849K(1040384K), [Metaspace: 2793K->2793K(1056768K)], 0.0068136 secs] [Times: user=0.00 sys=0.00, real=0.01 secs] 
30.879: [GC (Allocation Failure) [PSYoungGen: 97203K->5120K(108032K)] 410053K->323089K(1040384K), 0.0014159 secs] [Times: user=0.00 sys=0.00, real=0.00 secs] 
33.614: [GC (Allocation Failure) [PSYoungGen: 102332K->7168K(108032K)] 676302K->586257K(1040384K), 0.0015276 secs] [Times: user=0.00 sys=0.00, real=0.00 secs] 
35.579: [GC (Allocation Failure) [PSYoungGen: 92098K->0K(108032K)] 824787K->753169K(1040384K), 0.0016093 secs] [Times: user=0.00 sys=0.00, real=0.00 secs] 
36.558: [GC (Allocation Failure) [PSYoungGen: 95174K->5120K(108032K)] 950743K->865809K(1040384K), 0.0017267 secs] [Times: user=0.00 sys=0.00, real=0.00 secs] 
37.212: [Full GC (Ergonomics) [PSYoungGen: 58312K->0K(108032K)] [ParOldGen: 911889K->87569K(932352K)] 970201K->87569K(1040384K), [Metaspace: 2793K->2793K(1056768K)], 0.0084536 secs] [Times: user=0.00 sys=0.00, real=0.01 secs] 
39.622: [GC (Allocation Failure) [PSYoungGen: 95178K->5120K(108032K)] 336347K->251409K(1040384K), 0.0009480 secs] [Times: user=0.00 sys=0.00, real=0.00 secs] 
40.389: [GC (Allocation Failure) [PSYoungGen: 100299K->1024K(108032K)] 448988K->349713K(1040384K), 0.0006444 secs] [Times: user=0.00 sys=0.00, real=0.00 secs] 
42.234: [GC (Allocation Failure) [PSYoungGen: 96203K->6144K(108032K)] 598493K->513553K(1040384K), 0.0010388 secs] [Times: user=0.00 sys=0.00, real=0.00 secs] 
44.841: [GC (Allocation Failure) [PSYoungGen: 103372K->6144K(108032K)] 764381K->682513K(1040384K), 0.0021335 secs] [Times: user=0.00 sys=0.00, real=0.00 secs] 
46.906: [GC (Allocation Failure) [PSYoungGen: 91084K->0K(108032K)] 921054K->840209K(1040384K), 0.0014045 secs] [Times: user=0.00 sys=0.00, real=0.00 secs] 
47.121: [GC (Allocation Failure) [PSYoungGen: 73676K->0K(108032K)] 913886K->911889K(1040384K), 0.0054862 secs] [Times: user=0.00 sys=0.00, real=0.01 secs] 
47.127: [Full GC (Ergonomics) [PSYoungGen: 0K->0K(108032K)] [ParOldGen: 911889K->72209K(932352K)] 911889K->72209K(1040384K), [Metaspace: 2795K->2795K(1056768K)], 0.0070131 secs] [Times: user=0.00 sys=0.00, real=0.01 secs] 
49.307: [GC (Allocation Failure) [PSYoungGen: 97219K->5120K(108032K)] 425429K->343569K(1040384K), 0.0012035 secs] [Times: user=0.00 sys=0.00, real=0.00 secs] 
51.154: [GC (Allocation Failure) [PSYoungGen: 94150K->5120K(108032K)] 586200K->507409K(1040384K), 0.0014460 secs] [Times: user=0.00 sys=0.00, real=0.00 secs] 
52.133: [GC (Allocation Failure) [PSYoungGen: 100296K->6144K(108032K)] 704986K->615953K(1040384K), 0.0015011 secs] [Times: user=0.00 sys=0.00, real=0.00 secs] 
54.522: [GC (Allocation Failure) [PSYoungGen: 102346K->1024K(108032K)] 865755K->764433K(1040384K), 0.0075414 secs] [Times: user=0.00 sys=0.00, real=0.01 secs] 
56.436: [Full GC (Ergonomics) [PSYoungGen: 96203K->0K(108032K)] [ParOldGen: 917009K->26624K(932352K)] 1013212K->26624K(1040384K), [Metaspace: 2796K->2796K(1056768K)], 0.0054281 secs] [Times: user=0.00 sys=0.00, real=0.01 secs] 
58.918: [GC (Allocation Failure) [PSYoungGen: 97227K->5120K(108032K)] 431052K->338944K(1040384K), 0.0009408 secs] [Times: user=0.00 sys=0.00, real=0.00 secs] 
60.780: [GC (Allocation Failure) [PSYoungGen: 100300K->5120K(108032K)] 587724K->502784K(1040384K), 0.0126865 secs] [Times: user=0.00 sys=0.00, real=0.01 secs] 
62.107: [GC (Allocation Failure) [PSYoungGen: 104396K->1024K(108032K)] 704460K->601088K(1040384K), 0.0018261 secs] [Times: user=0.00 sys=0.00, real=0.00 secs] 
63.845: [GC (Allocation Failure) [PSYoungGen: 96204K->6144K(108032K)] 849868K->780288K(1040384K), 0.0025359 secs] [Times: user=0.00 sys=0.00, real=0.00 secs] 
64.709: [GC (Allocation Failure) [PSYoungGen: 101324K->6144K(108032K)] 977869K->892928K(1040384K), 0.0021114 secs] [Times: user=0.00 sys=0.00, real=0.00 secs] 
64.711: [Full GC (Ergonomics) [PSYoungGen: 6144K->0K(108032K)] [ParOldGen: 886784K->27153K(932352K)] 892928K->27153K(1040384K), [Metaspace: 2796K->2796K(1056768K)], 0.0038728 secs] [Times: user=0.02 sys=0.00, real=0.00 secs] 
66.771: [GC (Allocation Failure) [PSYoungGen: 94156K->5120K(108032K)] 121310K->42513K(1040384K), 0.0013903 secs] [Times: user=0.00 sys=0.00, real=0.00 secs] 
67.748: [GC (Allocation Failure) [PSYoungGen: 100286K->5120K(108032K)] 240079K->175633K(1040384K), 0.0027198 secs] [Times: user=0.00 sys=0.00, real=0.00 secs] 
70.572: [GC (Allocation Failure) [PSYoungGen: 102339K->5120K(108032K)] 580052K->482833K(1040384K), 0.0009418 secs] [Times: user=0.00 sys=0.00, real=0.00 secs] 
72.308: [GC (Allocation Failure) [PSYoungGen: 100294K->6144K(108032K)] 731608K->652817K(1040384K), 0.0020699 secs] [Times: user=0.00 sys=0.00, real=0.00 secs] 
73.611: [GC (Allocation Failure) [PSYoungGen: 96200K->5120K(108032K)] 845274K->754193K(1040384K), 0.0018050 secs] [Times: user=0.00 sys=0.00, real=0.00 secs] 
74.369: [GC (Allocation Failure) [PSYoungGen: 100298K->1024K(108032K)] 951771K->862737K(1040384K), 0.0017416 secs] [Times: user=0.00 sys=0.00, real=0.00 secs] 
75.452: [Full GC (Ergonomics) [PSYoungGen: 74699K->0K(108032K)] [ParOldGen: 912913K->77329K(932352K)] 987612K->77329K(1040384K), [Metaspace: 2796K->2796K(1056768K)], 0.0077655 secs] [Times: user=0.00 sys=0.00, real=0.01 secs] 
77.749: [GC (Allocation Failure) [PSYoungGen: 95179K->5120K(108032K)] 274909K->189969K(1040384K), 0.0011970 secs] [Times: user=0.00 sys=0.00, real=0.00 secs] 
78.506: [GC (Allocation Failure) [PSYoungGen: 104396K->6144K(108032K)] 391645K->344593K(1040384K), 0.0066217 secs] [Times: user=0.00 sys=0.00, real=0.01 secs] 
80.463: [GC (Allocation Failure) [PSYoungGen: 102348K->5120K(108032K)] 594398K->507409K(1040384K), 0.0015074 secs] [Times: user=0.00 sys=0.00, real=0.00 secs] 
83.180: [GC (Allocation Failure) [PSYoungGen: 102348K->7168K(108032K)] 860638K->770577K(1040384K), 0.0012288 secs] [Times: user=0.00 sys=0.00, real=0.00 secs] 
85.132: [Full GC (Ergonomics) [PSYoungGen: 92108K->0K(108032K)] [ParOldGen: 917009K->11264K(932352K)] 1009118K->11264K(1040384K), [Metaspace: 2796K->2796K(1056768K)], 0.0033481 secs] [Times: user=0.00 sys=0.00, real=0.00 secs] 
86.109: [GC (Allocation Failure) [PSYoungGen: 95180K->5120K(108032K)] 208844K->123904K(1040384K), 0.0010280 secs] [Times: user=0.00 sys=0.00, real=0.00 secs] 
87.846: [GC (Allocation Failure) [PSYoungGen: 100300K->5120K(108032K)] 372685K->313344K(1040384K), 0.0033721 secs] [Times: user=0.00 sys=0.00, real=0.00 secs] 
89.040: [GC (Allocation Failure) [PSYoungGen: 104396K->5120K(108032K)] 412620K->318464K(1040384K), 0.0012487 secs] [Times: user=0.00 sys=0.00, real=0.00 secs] 
89.797: [GC (Allocation Failure) [PSYoungGen: 104390K->1024K(108032K)] 520134K->416768K(1040384K), 0.0009338 secs] [Times: user=0.00 sys=0.00, real=0.00 secs] 
91.749: [GC (Allocation Failure) [PSYoungGen: 97224K->6144K(108032K)] 666568K->580608K(1040384K), 0.0014141 secs] [Times: user=0.00 sys=0.00, real=0.00 secs] 
94.350: [GC (Allocation Failure) [PSYoungGen: 103370K->6144K(108032K)] 831434K->749568K(1040384K), 0.0025223 secs] [Times: user=0.00 sys=0.00, real=0.00 secs] 
96.403: [Full GC (Ergonomics) [PSYoungGen: 91083K->0K(108032K)] [ParOldGen: 897024K->11264K(932352K)] 988107K->11264K(1040384K), [Metaspace: 2796K->2796K(1056768K)], 0.0031888 secs] [Times: user=0.00 sys=0.00, real=0.00 secs] 
97.372: [GC (Allocation Failure) [PSYoungGen: 95179K->5120K(108032K)] 208843K->144384K(1040384K), 0.0024696 secs] [Times: user=0.00 sys=0.00, real=0.00 secs] 
99.096: [GC (Allocation Failure) [PSYoungGen: 100300K->5120K(108032K)] 393164K->308224K(1040384K), 0.0014638 secs] [Times: user=0.00 sys=0.00, real=0.00 secs] 
100.390: [GC (Allocation Failure) [PSYoungGen: 104396K->5120K(108032K)] 509900K->415744K(1040384K), 0.0016315 secs] [Times: user=0.00 sys=0.00, real=0.00 secs] 
101.147: [GC (Allocation Failure) [PSYoungGen: 100300K->2048K(108032K)] 613324K->515072K(1040384K), 0.0018902 secs] [Times: user=0.00 sys=0.00, real=0.00 secs] 
102.985: [GC (Allocation Failure) [PSYoungGen: 97228K->7168K(108032K)] 763853K->678912K(1040384K), 0.0019505 secs] [Times: user=0.00 sys=0.00, real=0.00 secs] 
105.383: [GC (Allocation Failure) [PSYoungGen: 103372K->6144K(108032K)] 928717K->841728K(1040384K), 0.0021711 secs] [Times: user=0.00 sys=0.00, real=0.00 secs] 
106.477: [Full GC (Ergonomics) [PSYoungGen: 79820K->0K(108032K)] [ParOldGen: 886784K->92689K(932352K)] 966605K->92689K(1040384K), [Metaspace: 2796K->2796K(1056768K)], 0.0089761 secs] [Times: user=0.00 sys=0.00, real=0.01 secs] 
108.354: [GC (Allocation Failure) [PSYoungGen: 97228K->5120K(108032K)] 394718K->353809K(1040384K), 0.0052362 secs] [Times: user=0.00 sys=0.00, real=0.01 secs] 
110.206: [GC (Allocation Failure) [PSYoungGen: 100300K->5120K(108032K)] 602590K->517649K(1040384K), 0.0012886 secs] [Times: user=0.00 sys=0.00, real=0.00 secs] 
111.514: [GC (Allocation Failure) [PSYoungGen: 104396K->1024K(108032K)] 719326K->615953K(1040384K), 0.0012884 secs] [Times: user=0.00 sys=0.00, real=0.00 secs] 
113.261: [GC (Allocation Failure) [PSYoungGen: 96205K->6144K(108032K)] 864734K->795153K(1040384K), 0.0019921 secs] [Times: user=0.00 sys=0.00, real=0.00 secs] 
114.136: [Full GC (Ergonomics) [PSYoungGen: 101324K->0K(108032K)] [ParOldGen: 891409K->27153K(932352K)] 992734K->27153K(1040384K), [Metaspace: 2796K->2796K(1056768K)], 0.0046288 secs] [Times: user=0.00 sys=0.00, real=0.00 secs] 
116.208: [GC (Allocation Failure) [PSYoungGen: 94157K->5120K(108032K)] 121310K->42513K(1040384K), 0.0013957 secs] [Times: user=0.00 sys=0.00, real=0.00 secs] 
117.192: [GC (Allocation Failure) [PSYoungGen: 100293K->5120K(108032K)] 240087K->175633K(1040384K), 0.0028211 secs] [Times: user=0.00 sys=0.00, real=0.00 secs] 
120.027: [GC (Allocation Failure) [PSYoungGen: 102344K->5120K(108032K)] 580057K->482833K(1040384K), 0.0010385 secs] [Times: user=0.00 sys=0.00, real=0.00 secs] 
121.771: [GC (Allocation Failure) [PSYoungGen: 100297K->6144K(108032K)] 731611K->652817K(1040384K), 0.0020070 secs] [Times: user=0.00 sys=0.00, real=0.00 secs] 
123.078: [GC (Allocation Failure) [PSYoungGen: 96202K->5120K(108032K)] 845276K->754193K(1040384K), 0.0012062 secs] [Times: user=0.00 sys=0.00, real=0.00 secs] 
123.843: [GC (Allocation Failure) [PSYoungGen: 100299K->1024K(108032K)] 951773K->862737K(1040384K), 0.0015713 secs] [Times: user=0.00 sys=0.00, real=0.00 secs] 
124.939: [Full GC (Ergonomics) [PSYoungGen: 74700K->0K(108032K)] [ParOldGen: 912913K->77329K(932352K)] 987613K->77329K(1040384K), [Metaspace: 2796K->2796K(1056768K)], 0.0077113 secs] [Times: user=0.00 sys=0.00, real=0.01 secs] 
127.251: [GC (Allocation Failure) [PSYoungGen: 95180K->5120K(108032K)] 274909K->189969K(1040384K), 0.0008929 secs] [Times: user=0.00 sys=0.00, real=0.00 secs] 
128.019: [GC (Allocation Failure) [PSYoungGen: 104396K->1024K(108032K)] 391645K->339473K(1040384K), 0.0046387 secs] [Times: user=0.00 sys=0.00, real=0.00 secs] 
129.982: [GC (Allocation Failure) [PSYoungGen: 97228K->5120K(108032K)] 589278K->502289K(1040384K), 0.0013933 secs] [Times: user=0.00 sys=0.00, real=0.00 secs] 
132.709: [GC (Allocation Failure) [PSYoungGen: 102348K->7168K(108032K)] 855518K->765457K(1040384K), 0.0017548 secs] [Times: user=0.00 sys=0.00, real=0.00 secs] 
134.670: [Full GC (Ergonomics) [PSYoungGen: 92108K->0K(108032K)] [ParOldGen: 911889K->11264K(932352K)] 1003998K->11264K(1040384K), [Metaspace: 2796K->2796K(1056768K)], 0.0032291 secs] [Times: user=0.00 sys=0.00, real=0.00 secs] 
135.652: [GC (Allocation Failure) [PSYoungGen: 95180K->5120K(108032K)] 208844K->123904K(1040384K), 0.0008835 secs] [Times: user=0.00 sys=0.00, real=0.00 secs] 
137.401: [GC (Allocation Failure) [PSYoungGen: 100300K->5120K(108032K)] 372685K->308224K(1040384K), 0.0027791 secs] [Times: user=0.00 sys=0.00, real=0.00 secs] 
138.598: [GC (Allocation Failure) [PSYoungGen: 104396K->5120K(108032K)] 407500K->313344K(1040384K), 0.0011968 secs] [Times: user=0.00 sys=0.00, real=0.00 secs] 
139.362: [GC (Allocation Failure) [PSYoungGen: 104390K->1024K(108032K)] 515014K->411648K(1040384K), 0.0012674 secs] [Times: user=0.00 sys=0.00, real=0.00 secs] 
141.329: [GC (Allocation Failure) [PSYoungGen: 97224K->6144K(108032K)] 661448K->575488K(1040384K), 0.0022072 secs] [Times: user=0.00 sys=0.00, real=0.00 secs] 
143.948: [GC (Allocation Failure) [PSYoungGen: 103370K->6144K(108032K)] 826314K->744448K(1040384K), 0.0023719 secs] [Times: user=0.00 sys=0.00, real=0.00 secs] 
146.015: [Full GC (Ergonomics) [PSYoungGen: 91083K->0K(108032K)] [ParOldGen: 891904K->11264K(932352K)] 982987K->11264K(1040384K), [Metaspace: 2796K->2796K(1056768K)], 0.0033236 secs] [Times: user=0.00 sys=0.00, real=0.00 secs] 
146.996: [GC (Allocation Failure) [PSYoungGen: 95179K->5120K(108032K)] 208843K->144384K(1040384K), 0.0024842 secs] [Times: user=0.00 sys=0.00, real=0.00 secs] 
148.749: [GC (Allocation Failure) [PSYoungGen: 100300K->5120K(108032K)] 393164K->308224K(1040384K), 0.0015534 secs] [Times: user=0.00 sys=0.00, real=0.00 secs] 
150.058: [GC (Allocation Failure) [PSYoungGen: 104396K->5120K(108032K)] 509900K->415744K(1040384K), 0.0012507 secs] [Times: user=0.00 sys=0.00, real=0.00 secs] 
150.826: [GC (Allocation Failure) [PSYoungGen: 100300K->2048K(108032K)] 613324K->515072K(1040384K), 0.0018977 secs] [Times: user=0.00 sys=0.00, real=0.00 secs] 
152.683: [GC (Allocation Failure) [PSYoungGen: 97228K->7168K(108032K)] 763853K->678912K(1040384K), 0.0030279 secs] [Times: user=0.00 sys=0.00, real=0.00 secs] 
155.082: [GC (Allocation Failure) [PSYoungGen: 103372K->6144K(108032K)] 928717K->841728K(1040384K), 0.0027583 secs] [Times: user=0.00 sys=0.00, real=0.00 secs] 
156.172: [Full GC (Ergonomics) [PSYoungGen: 79820K->0K(108032K)] [ParOldGen: 886784K->92689K(932352K)] 966605K->92689K(1040384K), [Metaspace: 2796K->2796K(1056768K)], 0.0088585 secs] [Times: user=0.00 sys=0.00, real=0.01 secs] 
158.040: [GC (Allocation Failure) [PSYoungGen: 97228K->5120K(108032K)] 394718K->353809K(1040384K), 0.0052122 secs] [Times: user=0.03 sys=0.00, real=0.00 secs] 
159.895: [GC (Allocation Failure) [PSYoungGen: 100300K->5120K(108032K)] 602590K->517649K(1040384K), 0.0012129 secs] [Times: user=0.00 sys=0.00, real=0.00 secs] 
161.199: [GC (Allocation Failure) [PSYoungGen: 104396K->1024K(108032K)] 719326K->615953K(1040384K), 0.0011044 secs] [Times: user=0.00 sys=0.00, real=0.00 secs] 
162.948: [GC (Allocation Failure) [PSYoungGen: 96205K->6144K(108032K)] 864734K->795153K(1040384K), 0.0021100 secs] [Times: user=0.00 sys=0.00, real=0.00 secs] 
163.824: [Full GC (Ergonomics) [PSYoungGen: 101324K->0K(108032K)] [ParOldGen: 891409K->27153K(932352K)] 992734K->27153K(1040384K), [Metaspace: 2796K->2796K(1056768K)], 0.0044533 secs] [Times: user=0.00 sys=0.00, real=0.00 secs] 
165.902: [GC (Allocation Failure) [PSYoungGen: 94157K->5120K(108032K)] 121310K->42513K(1040384K), 0.0015072 secs] [Times: user=0.00 sys=0.00, real=0.00 secs] 
166.886: [GC (Allocation Failure) [PSYoungGen: 100293K->5120K(108032K)] 240087K->175633K(1040384K), 0.0027532 secs] [Times: user=0.00 sys=0.00, real=0.00 secs] 
169.726: [GC (Allocation Failure) [PSYoungGen: 102344K->5120K(108032K)] 580057K->482833K(1040384K), 0.0007959 secs] [Times: user=0.00 sys=0.00, real=0.00 secs] 
171.476: [GC (Allocation Failure) [PSYoungGen: 100297K->6144K(108032K)] 731611K->652817K(1040384K), 0.0017999 secs] [Times: user=0.00 sys=0.00, real=0.00 secs] 
172.783: [GC (Allocation Failure) [PSYoungGen: 96202K->5120K(108032K)] 845276K->754193K(1040384K), 0.0019484 secs] [Times: user=0.00 sys=0.00, real=0.00 secs] 
173.549: [GC (Allocation Failure) [PSYoungGen: 100299K->1024K(108032K)] 951773K->862737K(1040384K), 0.0018985 secs] [Times: user=0.00 sys=0.00, real=0.00 secs] 
174.639: [Full GC (Ergonomics) [PSYoungGen: 74700K->0K(108032K)] [ParOldGen: 912913K->77329K(932352K)] 987613K->77329K(1040384K), [Metaspace: 2796K->2796K(1056768K)], 0.0072635 secs] [Times: user=0.00 sys=0.00, real=0.01 secs] 
176.941: [GC (Allocation Failure) [PSYoungGen: 95180K->5120K(108032K)] 274909K->189969K(1040384K), 0.0009143 secs] [Times: user=0.00 sys=0.00, real=0.00 secs] 
177.703: [GC (Allocation Failure) [PSYoungGen: 104396K->1024K(108032K)] 391645K->339473K(1040384K), 0.0047197 secs] [Times: user=0.00 sys=0.00, real=0.00 secs] 
179.664: [GC (Allocation Failure) [PSYoungGen: 97228K->5120K(108032K)] 589278K->502289K(1040384K), 0.0011664 secs] [Times: user=0.00 sys=0.00, real=0.00 secs] 
182.389: [GC (Allocation Failure) [PSYoungGen: 102348K->7168K(108032K)] 855518K->765457K(1040384K), 0.0021271 secs] [Times: user=0.00 sys=0.00, real=0.00 secs] 
184.351: [Full GC (Ergonomics) [PSYoungGen: 92108K->0K(108032K)] [ParOldGen: 911889K->11264K(932352K)] 1003998K->11264K(1040384K), [Metaspace: 2796K->2796K(1056768K)], 0.0033020 secs] [Times: user=0.00 sys=0.00, real=0.00 secs] 
185.335: [GC (Allocation Failure) [PSYoungGen: 95180K->5120K(108032K)] 208844K->123904K(1040384K), 0.0009766 secs] [Times: user=0.00 sys=0.00, real=0.00 secs] 
187.075: [GC (Allocation Failure) [PSYoungGen: 100300K->5120K(108032K)] 372685K->313344K(1040384K), 0.0030257 secs] [Times: user=0.00 sys=0.00, real=0.00 secs] 
188.275: [GC (Allocation Failure) [PSYoungGen: 104396K->5120K(108032K)] 412621K->318464K(1040384K), 0.0012051 secs] [Times: user=0.00 sys=0.00, real=0.00 secs] 
189.039: [GC (Allocation Failure) [PSYoungGen: 104390K->1024K(108032K)] 520134K->416768K(1040384K), 0.0012504 secs] [Times: user=0.00 sys=0.00, real=0.00 secs] 
191.002: [GC (Allocation Failure) [PSYoungGen: 97224K->6176K(108032K)] 666568K->580640K(1040384K), 0.0015263 secs] [Times: user=0.00 sys=0.00, real=0.00 secs] 
193.623: [GC (Allocation Failure) [PSYoungGen: 103402K->6176K(108032K)] 831466K->749600K(1040384K), 0.0024791 secs] [Times: user=0.00 sys=0.00, real=0.00 secs] 
195.688: [Full GC (Ergonomics) [PSYoungGen: 91115K->0K(108032K)] [ParOldGen: 897024K->11264K(932352K)] 988139K->11264K(1040384K), [Metaspace: 2796K->2796K(1056768K)], 0.0035535 secs] [Times: user=0.00 sys=0.00, real=0.00 secs] 
196.667: [GC (Allocation Failure) [PSYoungGen: 95179K->5120K(108032K)] 208844K->144384K(1040384K), 0.0025815 secs] [Times: user=0.00 sys=0.00, real=0.00 secs] 
198.413: [GC (Allocation Failure) [PSYoungGen: 100300K->5120K(108032K)] 393164K->313344K(1040384K), 0.0020089 secs] [Times: user=0.00 sys=0.00, real=0.00 secs] 
199.723: [GC (Allocation Failure) [PSYoungGen: 104396K->5120K(108032K)] 515020K->420864K(1040384K), 0.0011611 secs] [Times: user=0.00 sys=0.00, real=0.00 secs] 
200.486: [GC (Allocation Failure) [PSYoungGen: 100300K->2048K(108032K)] 618445K->520192K(1040384K), 0.0011409 secs] [Times: user=0.00 sys=0.00, real=0.00 secs] 
202.339: [GC (Allocation Failure) [PSYoungGen: 97228K->7168K(108032K)] 768973K->684032K(1040384K), 0.0018450 secs] [Times: user=0.00 sys=0.00, real=0.00 secs] 
204.740: [GC (Allocation Failure) [PSYoungGen: 103372K->6144K(108032K)] 933837K->846848K(1040384K), 0.0019456 secs] [Times: user=0.00 sys=0.00, real=0.00 secs] 
205.829: [Full GC (Ergonomics) [PSYoungGen: 79820K->0K(108032K)] [ParOldGen: 891904K->92689K(932352K)] 971725K->92689K(1040384K), [Metaspace: 2796K->2796K(1056768K)], 0.0079941 secs] [Times: user=0.00 sys=0.00, real=0.01 secs] 
207.699: [GC (Allocation Failure) [PSYoungGen: 97228K->5120K(108032K)] 394718K->353809K(1040384K), 0.0048833 secs] [Times: user=0.00 sys=0.00, real=0.00 secs] 
209.532: [GC (Allocation Failure) [PSYoungGen: 100300K->5120K(108032K)] 602590K->517649K(1040384K), 0.0012079 secs] [Times: user=0.00 sys=0.00, real=0.00 secs] 
210.827: [GC (Allocation Failure) [PSYoungGen: 104396K->1024K(108032K)] 719326K->615953K(1040384K), 0.0009811 secs] [Times: user=0.00 sys=0.00, real=0.00 secs] 
212.567: [GC (Allocation Failure) [PSYoungGen: 96205K->6144K(108032K)] 864734K->795153K(1040384K), 0.0018598 secs] [Times: user=0.00 sys=0.00, real=0.00 secs] 
213.439: [Full GC (Ergonomics) [PSYoungGen: 101324K->0K(108032K)] [ParOldGen: 891409K->27153K(932352K)] 992734K->27153K(1040384K), [Metaspace: 2796K->2796K(1056768K)], 0.0041355 secs] [Times: user=0.00 sys=0.00, real=0.00 secs] 
215.501: [GC (Allocation Failure) [PSYoungGen: 94157K->5120K(108032K)] 121310K->42513K(1040384K), 0.0015173 secs] [Times: user=0.00 sys=0.00, real=0.00 secs] 
216.474: [GC (Allocation Failure) [PSYoungGen: 100293K->5120K(108032K)] 240087K->175633K(1040384K), 0.0026169 secs] [Times: user=0.00 sys=0.00, real=0.00 secs] 
Heap
 PSYoungGen      total 108032K, used 81813K [0x00000000f8e80000, 0x0000000100000000, 0x0000000100000000)
  eden space 99840K, 76% used [0x00000000f8e80000,0x00000000fd9655c0,0x00000000ff000000)
  from space 8192K, 62% used [0x00000000ff000000,0x00000000ff500010,0x00000000ff800000)
  to   space 8192K, 0% used [0x00000000ff800000,0x00000000ff800000,0x0000000100000000)
 ParOldGen       total 932352K, used 324113K [0x00000000c0000000, 0x00000000f8e80000, 0x00000000f8e80000)
  object space 932352K, 34% used [0x00000000c0000000,0x00000000d3c84768,0x00000000f8e80000)
 Metaspace       used 2804K, capacity 4486K, committed 4864K, reserved 1056768K
  class space    used 297K, capacity 386K, committed 512K, reserved 1048576K
