Java HotSpot(TM) 64-Bit Server VM (25.411-b09) for windows-amd64 JRE (1.8.0_411-b09), built on Mar 13 2024 07:26:13 by "java_re" with MS VC++ 17.1 (VS2022)
Memory: 4k page, physical 33403376k(10757144k free), swap 39274048k(7575724k free)
CommandLine flags: -XX:InitialHeapSize=2147483648 -XX:MaxHeapSize=2147483648 -XX:NewRatio=1 -XX:ParallelGCThreads=10 -XX:+PrintGC -XX:+PrintGCDetails -XX:+PrintGCTimeStamps -XX:SurvivorRatio=5 -XX:+UseCompressedClassPointers -XX:+UseCompressedOops -XX:-UseLargePagesIndividualAllocation -XX:+UseParallelGC 
6.213: [GC (Allocation Failure) [PSYoungGen: 747807K->21312K(899072K)] 747807K->21320K(1947648K), 0.0049041 secs] [Times: user=0.00 sys=0.00, real=0.00 secs] 
11.347: [GC (Allocation Failure) [PSYoungGen: 741867K->82688K(899072K)] 741875K->185104K(1947648K), 0.0472655 secs] [Times: user=0.05 sys=0.00, real=0.05 secs] 
17.066: [GC (Allocation Failure) [PSYoungGen: 799641K->46816K(899072K)] 902057K->149240K(1947648K), 0.0081371 secs] [Times: user=0.00 sys=0.00, real=0.01 secs] 
21.446: [GC (Allocation Failure) [PSYoungGen: 729252K->57072K(899072K)] 831676K->261904K(1947648K), 0.0335505 secs] [Times: user=0.02 sys=0.00, real=0.03 secs] 
25.732: [GC (Allocation Failure) [PSYoungGen: 713976K->77488K(899072K)] 918808K->282320K(1947648K), 0.0074485 secs] [Times: user=0.00 sys=0.00, real=0.01 secs] 
31.413: [GC (Allocation Failure) [PSYoungGen: 732482K->5840K(942080K)] 937314K->210680K(1990656K), 0.0022893 secs] [Times: user=0.00 sys=0.00, real=0.00 secs] 
36.983: [GC (Allocation Failure) [PSYoungGen: 838844K->56448K(948736K)] 1043684K->261920K(1997312K), 0.0156476 secs] [Times: user=0.02 sys=0.00, real=0.01 secs] 
44.089: [GC (Allocation Failure) [PSYoungGen: 884350K->31872K(953856K)] 1089822K->237368K(2002432K), 0.0025239 secs] [Times: user=0.00 sys=0.00, real=0.00 secs] 
49.543: [GC (Allocation Failure) [PSYoungGen: 880443K->92160K(927232K)] 1085939K->297688K(1975808K), 0.0074461 secs] [Times: user=0.00 sys=0.00, real=0.01 secs] 
55.516: [GC (Allocation Failure) [PSYoungGen: 882726K->66560K(933376K)] 1088254K->272088K(1981952K), 0.0162111 secs] [Times: user=0.02 sys=0.00, real=0.02 secs] 
61.095: [GC (Allocation Failure) [PSYoungGen: 890560K->81920K(916992K)] 1096088K->389848K(1965568K), 0.0336857 secs] [Times: user=0.03 sys=0.02, real=0.03 secs] 
66.919: [GC (Allocation Failure) [PSYoungGen: 846084K->76800K(932352K)] 1154012K->384728K(1980928K), 0.0055774 secs] [Times: user=0.00 sys=0.00, real=0.01 secs] 
72.505: [GC (Allocation Failure) [PSYoungGen: 884725K->31744K(934400K)] 1192653K->442072K(1982976K), 0.0318145 secs] [Times: user=0.02 sys=0.02, real=0.03 secs] 
78.322: [GC (Allocation Failure) [PSYoungGen: 806905K->107520K(908800K)] 1217233K->517848K(1957376K), 0.0155520 secs] [Times: user=0.00 sys=0.00, real=0.01 secs] 
83.940: [GC (Allocation Failure) [PSYoungGen: 868880K->37888K(922112K)] 1279209K->448216K(1970688K), 0.0030346 secs] [Times: user=0.01 sys=0.00, real=0.00 secs] 
89.634: [GC (Allocation Failure) [PSYoungGen: 807445K->25600K(925696K)] 1217774K->435928K(1974272K), 0.0029717 secs] [Times: user=0.00 sys=0.00, real=0.00 secs] 
95.426: [GC (Allocation Failure) [PSYoungGen: 792211K->77824K(880128K)] 1202540K->488152K(1928704K), 0.0065465 secs] [Times: user=0.02 sys=0.00, real=0.01 secs] 
100.934: [GC (Allocation Failure) [PSYoungGen: 867988K->15360K(922112K)] 1278317K->425688K(1970688K), 0.0017923 secs] [Times: user=0.00 sys=0.00, real=0.00 secs] 
106.845: [GC (Allocation Failure) [PSYoungGen: 811588K->92160K(890368K)] 1221916K->502488K(1938944K), 0.0066363 secs] [Times: user=0.02 sys=0.00, real=0.01 secs] 
112.324: [GC (Allocation Failure) [PSYoungGen: 873029K->15360K(916480K)] 1283357K->425688K(1965056K), 0.0024446 secs] [Times: user=0.00 sys=0.00, real=0.00 secs] 
118.124: [GC (Allocation Failure) [PSYoungGen: 769339K->51200K(916480K)] 1179668K->461528K(1965056K), 0.0035182 secs] [Times: user=0.00 sys=0.00, real=0.00 secs] 
122.494: [GC (Allocation Failure) [PSYoungGen: 733501K->62464K(927744K)] 1143830K->575192K(1976320K), 0.0323392 secs] [Times: user=0.00 sys=0.01, real=0.03 secs] 
128.218: [GC (Allocation Failure) [PSYoungGen: 786105K->107520K(890880K)] 1298834K->620248K(1939456K), 0.0053885 secs] [Times: user=0.00 sys=0.00, real=0.01 secs] 
133.812: [GC (Allocation Failure) [PSYoungGen: 868638K->37888K(918528K)] 1381366K->550616K(1967104K), 0.0029376 secs] [Times: user=0.00 sys=0.00, real=0.00 secs] 
139.500: [GC (Allocation Failure) [PSYoungGen: 807231K->25600K(914432K)] 1319959K->538328K(1963008K), 0.0023230 secs] [Times: user=0.00 sys=0.00, real=0.00 secs] 
145.317: [GC (Allocation Failure) [PSYoungGen: 791872K->77824K(918016K)] 1304600K->590552K(1966592K), 0.0059125 secs] [Times: user=0.03 sys=0.00, real=0.01 secs] 
150.705: [GC (Allocation Failure) [PSYoungGen: 857511K->15360K(919040K)] 1370239K->528088K(1967616K), 0.0022199 secs] [Times: user=0.00 sys=0.00, real=0.00 secs] 
156.603: [GC (Allocation Failure) [PSYoungGen: 770471K->61440K(923648K)] 1283199K->574168K(1972224K), 0.0042280 secs] [Times: user=0.00 sys=0.00, real=0.00 secs] 
160.978: [GC (Allocation Failure) [PSYoungGen: 759298K->112640K(887296K)] 1272027K->727768K(1935872K), 0.0351648 secs] [Times: user=0.00 sys=0.00, real=0.04 secs] 
166.696: [GC (Allocation Failure) [PSYoungGen: 830010K->76800K(910336K)] 1445138K->691928K(1958912K), 0.0063165 secs] [Times: user=0.00 sys=0.00, real=0.01 secs] 
171.971: [GC (Allocation Failure) [PSYoungGen: 843779K->118784K(870400K)] 1458907K->733912K(1918976K), 0.0153362 secs] [Times: user=0.02 sys=0.00, real=0.02 secs] 
177.892: [GC (Allocation Failure) [PSYoungGen: 862864K->15360K(899072K)] 1477992K->630488K(1947648K), 0.0027168 secs] [Times: user=0.00 sys=0.00, real=0.00 secs] 
182.374: [GC (Allocation Failure) [PSYoungGen: 672375K->57344K(899072K)] 1287503K->672472K(1947648K), 0.0050182 secs] [Times: user=0.00 sys=0.00, real=0.01 secs] 
186.637: [GC (Allocation Failure) [PSYoungGen: 714363K->87040K(901632K)] 1329491K->702168K(1950208K), 0.0064305 secs] [Times: user=0.00 sys=0.00, real=0.01 secs] 
193.556: [GC (Allocation Failure) [PSYoungGen: 843553K->21536K(903168K)] 1458681K->636664K(1951744K), 0.0022382 secs] [Times: user=0.00 sys=0.00, real=0.00 secs] 
198.055: [GC (Allocation Failure) [PSYoungGen: 745282K->128032K(893952K)] 1360410K->743168K(1942528K), 0.0065554 secs] [Times: user=0.00 sys=0.00, real=0.01 secs] 
202.324: [GC (Allocation Failure) [PSYoungGen: 793246K->62464K(899072K)] 1408383K->677608K(1947648K), 0.0064419 secs] [Times: user=0.00 sys=0.00, real=0.01 secs] 
208.036: [GC (Allocation Failure) [PSYoungGen: 751232K->102400K(899072K)] 1366376K->717544K(1947648K), 0.0054765 secs] [Times: user=0.00 sys=0.00, real=0.00 secs] 
212.333: [GC (Allocation Failure) [PSYoungGen: 763520K->56320K(899072K)] 1378664K->671464K(1947648K), 0.0050068 secs] [Times: user=0.00 sys=0.00, real=0.01 secs] 
218.033: [GC (Allocation Failure) [PSYoungGen: 790145K->133120K(899072K)] 1405289K->748264K(1947648K), 0.0075391 secs] [Times: user=0.02 sys=0.00, real=0.01 secs] 
223.307: [GC (Allocation Failure) [PSYoungGen: 874113K->5120K(899072K)] 1489258K->620264K(1947648K), 0.0018980 secs] [Times: user=0.00 sys=0.00, real=0.00 secs] 
229.000: [GC (Allocation Failure) [PSYoungGen: 754306K->66560K(899072K)] 1369450K->681704K(1947648K), 0.0072840 secs] [Times: user=0.01 sys=0.00, real=0.01 secs] 
233.701: [GC (Allocation Failure) [PSYoungGen: 744066K->68608K(899072K)] 1359211K->683752K(1947648K), 0.0053164 secs] [Times: user=0.00 sys=0.00, real=0.00 secs] 
239.316: [GC (Allocation Failure) [PSYoungGen: 787074K->25600K(899072K)] 1402218K->640744K(1947648K), 0.0027432 secs] [Times: user=0.02 sys=0.00, real=0.00 secs] 
245.014: [GC (Allocation Failure) [PSYoungGen: 740994K->47104K(899072K)] 1356139K->662248K(1947648K), 0.0032857 secs] [Times: user=0.00 sys=0.00, real=0.00 secs] 
249.402: [GC (Allocation Failure) [PSYoungGen: 750210K->133120K(893440K)] 1365354K->748264K(1942016K), 0.0151350 secs] [Times: user=0.00 sys=0.00, real=0.02 secs] 
255.119: [GC (Allocation Failure) [PSYoungGen: 840322K->66560K(899072K)] 1455467K->681704K(1947648K), 0.0050244 secs] [Times: user=0.00 sys=0.00, real=0.00 secs] 
259.498: [GC (Allocation Failure) [PSYoungGen: 815746K->56320K(901632K)] 1430890K->876264K(1950208K), 0.0481316 secs] [Times: user=0.05 sys=0.06, real=0.05 secs] 
266.099: [GC (Allocation Failure) [PSYoungGen: 801462K->10240K(899072K)] 1621406K->830184K(1947648K), 0.0028618 secs] [Times: user=0.00 sys=0.00, real=0.00 secs] 
270.792: [GC (Allocation Failure) [PSYoungGen: 733877K->107520K(898048K)] 1553822K->978664K(1946624K), 0.0323828 secs] [Times: user=0.00 sys=0.00, real=0.03 secs] 
270.825: [Full GC (Ergonomics) [PSYoungGen: 107520K->0K(898048K)] [ParOldGen: 871144K->159249K(1048576K)] 978664K->159249K(1946624K), [Metaspace: 2796K->2796K(1056768K)], 0.0233082 secs] [Times: user=0.01 sys=0.00, real=0.02 secs] 
275.177: [GC (Allocation Failure) [PSYoungGen: 657026K->76896K(899072K)] 816276K->236146K(1947648K), 0.0054655 secs] [Times: user=0.00 sys=0.00, real=0.00 secs] 
280.898: [GC (Allocation Failure) [PSYoungGen: 728687K->5152K(899072K)] 887937K->164409K(1947648K), 0.0015643 secs] [Times: user=0.00 sys=0.00, real=0.00 secs] 
285.192: [GC (Allocation Failure) [PSYoungGen: 662104K->61440K(899072K)] 821362K->220705K(1947648K), 0.0051754 secs] [Times: user=0.00 sys=0.00, real=0.01 secs] 
290.791: [GC (Allocation Failure) [PSYoungGen: 805458K->133120K(894464K)] 964724K->292386K(1943040K), 0.0156459 secs] [Times: user=0.00 sys=0.00, real=0.02 secs] 
296.626: [GC (Allocation Failure) [PSYoungGen: 868964K->71712K(899072K)] 1028230K->230977K(1947648K), 0.0054086 secs] [Times: user=0.01 sys=0.00, real=0.01 secs] 
300.911: [GC (Allocation Failure) [PSYoungGen: 736911K->56320K(900096K)] 896177K->215593K(1948672K), 0.0049127 secs] [Times: user=0.00 sys=0.00, real=0.00 secs] 
306.642: [GC (Allocation Failure) [PSYoungGen: 780938K->92160K(899072K)] 940212K->251434K(1947648K), 0.0063415 secs] [Times: user=0.02 sys=0.00, real=0.01 secs] 
311.705: [GC (Allocation Failure) [PSYoungGen: 842382K->1024K(899072K)] 1001656K->160297K(1947648K), 0.0012928 secs] [Times: user=0.00 sys=0.00, real=0.00 secs] 
317.655: [GC (Allocation Failure) [PSYoungGen: 745085K->35840K(899072K)] 904359K->195114K(1947648K), 0.0027180 secs] [Times: user=0.00 sys=0.00, real=0.00 secs] 
322.346: [GC (Allocation Failure) [PSYoungGen: 759423K->62464K(907776K)] 918697K->324138K(1956352K), 0.0164652 secs] [Times: user=0.02 sys=0.00, real=0.02 secs] 
328.061: [GC (Allocation Failure) [PSYoungGen: 786233K->107552K(866816K)] 1047907K->369226K(1915392K), 0.0065810 secs] [Times: user=0.00 sys=0.00, real=0.01 secs] 
Heap
 PSYoungGen      total 866816K, used 281248K [0x00000000c0000000, 0x0000000100000000, 0x0000000100000000)
  eden space 758784K, 22% used [0x00000000c0000000,0x00000000ca9a0010,0x00000000ee500000)
  from space 108032K, 99% used [0x00000000ee500000,0x00000000f4e08030,0x00000000f4e80000)
  to   space 149504K, 0% used [0x00000000f6e00000,0x00000000f6e00000,0x0000000100000000)
 ParOldGen       total 1048576K, used 261673K [0x0000000080000000, 0x00000000c0000000, 0x00000000c0000000)
  object space 1048576K, 24% used [0x0000000080000000,0x000000008ff8a7e0,0x00000000c0000000)
 Metaspace       used 2804K, capacity 4486K, committed 4864K, reserved 1056768K
  class space    used 297K, capacity 386K, committed 512K, reserved 1048576K
