Java HotSpot(TM) 64-Bit Server VM (25.411-b09) for windows-amd64 JRE (1.8.0_411-b09), built on Mar 13 2024 07:26:13 by "java_re" with MS VC++ 17.1 (VS2022)
Memory: 4k page, physical 33403376k(14639124k free), swap 38794768k(7431208k free)
CommandLine flags: -XX:InitialHeapSize=1073741824 -XX:MaxHeapSize=1073741824 -XX:NewRatio=8 -XX:ParallelGCThreads=6 -XX:+PrintGC -XX:+PrintGCDetails -XX:+PrintGCTimeStamps -XX:SurvivorRatio=9 -XX:-UseAdaptiveSizePolicy -XX:+UseCompressedClassPointers -XX:+UseCompressedOops -XX:-UseLargePagesIndividualAllocation -XX:+UseParallelGC 
2.070: [GC (Allocation Failure) [PSYoungGen: 93942K->6896K(105984K)] 247542K->165624K(1038336K), 0.0028698 secs] [Times: user=0.00 sys=0.00, real=0.00 secs] 
3.867: [GC (Allocation Failure) [PSYoungGen: 96875K->7800K(105984K)] 409203K->325248K(1038336K), 0.0028781 secs] [Times: user=0.00 sys=0.00, real=0.00 secs] 
6.204: [GC (Allocation Failure) [PSYoungGen: 98803K->5752K(105984K)] 569851K->492160K(1038336K), 0.0047263 secs] [Times: user=0.00 sys=0.00, real=0.00 secs] 
8.435: [GC (Allocation Failure) [PSYoungGen: 91568K->5688K(105984K)] 731576K->645704K(1038336K), 0.0018461 secs] [Times: user=0.00 sys=0.00, real=0.00 secs] 
9.447: [GC (Allocation Failure) [PSYoungGen: 100787K->5688K(105984K)] 843203K->799312K(1038336K), 0.0177559 secs] [Times: user=0.02 sys=0.00, real=0.02 secs] 
10.135: [GC (Allocation Failure) [PSYoungGen: 58803K->5688K(105984K)] 903627K->850512K(1038336K), 0.0022658 secs] [Times: user=0.00 sys=0.00, real=0.00 secs] 
10.137: [GC (Allocation Failure) [PSYoungGen: 5688K->5720K(105984K)] 850512K->850544K(1038336K), 0.0016825 secs] [Times: user=0.00 sys=0.00, real=0.00 secs] 
10.139: [Full GC (Allocation Failure) [PSYoungGen: 5720K->0K(105984K)] [ParOldGen: 844824K->108048K(932352K)] 850544K->108048K(1038336K), [Metaspace: 2761K->2761K(1056768K)], 0.0170903 secs] [Times: user=0.00 sys=0.00, real=0.02 secs] 
12.553: [GC (Allocation Failure) [PSYoungGen: 85883K->5120K(105984K)] 449932K->374288K(1038336K), 0.0009427 secs] [Times: user=0.00 sys=0.00, real=0.00 secs] 
13.318: [GC (Allocation Failure) [PSYoungGen: 100841K->2080K(105984K)] 572410K->473657K(1038336K), 0.0008575 secs] [Times: user=0.00 sys=0.00, real=0.00 secs] 
15.173: [GC (Allocation Failure) [PSYoungGen: 97179K->6176K(105984K)] 722356K->646713K(1038336K), 0.0019289 secs] [Times: user=0.00 sys=0.00, real=0.00 secs] 
17.025: [GC (Allocation Failure) [PSYoungGen: 90011K->5152K(105984K)] 730548K->655929K(1038336K), 0.0015592 secs] [Times: user=0.00 sys=0.00, real=0.00 secs] 
18.009: [GC (Allocation Failure) [PSYoungGen: 100244K->5152K(105984K)] 853421K->789049K(1038336K), 0.0030113 secs] [Times: user=0.00 sys=0.00, real=0.00 secs] 
18.663: [GC (Allocation Failure) [PSYoungGen: 58262K->32K(105984K)] 893359K->835129K(1038336K), 0.0020096 secs] [Times: user=0.00 sys=0.00, real=0.00 secs] 
18.665: [GC (Allocation Failure) [PSYoungGen: 32K->96K(105984K)] 835129K->835193K(1038336K), 0.0018647 secs] [Times: user=0.00 sys=0.00, real=0.00 secs] 
18.667: [Full GC (Allocation Failure) [PSYoungGen: 96K->0K(105984K)] [ParOldGen: 835097K->82449K(932352K)] 835193K->82449K(1038336K), [Metaspace: 2770K->2770K(1056768K)], 0.0082416 secs] [Times: user=0.00 sys=0.00, real=0.01 secs] 
20.754: [GC (Allocation Failure) [PSYoungGen: 92024K->5120K(105984K)] 379273K->292369K(1038336K), 0.0007888 secs] [Times: user=0.00 sys=0.00, real=0.00 secs] 
22.498: [GC (Allocation Failure) [PSYoungGen: 95097K->6144K(105984K)] 535946K->457233K(1038336K), 0.0014636 secs] [Times: user=0.00 sys=0.00, real=0.00 secs] 
23.812: [GC (Allocation Failure) [PSYoungGen: 101241K->1024K(105984K)] 654731K->554513K(1038336K), 0.0009740 secs] [Times: user=0.00 sys=0.00, real=0.00 secs] 
25.451: [GC (Allocation Failure) [PSYoungGen: 91002K->5120K(105984K)] 798091K->732689K(1038336K), 0.0022488 secs] [Times: user=0.00 sys=0.00, real=0.00 secs] 
26.325: [GC (Allocation Failure) [PSYoungGen: 100218K->5120K(105984K)] 930187K->855569K(1038336K), 0.0032292 secs] [Times: user=0.00 sys=0.00, real=0.00 secs] 
28.182: [GC (Allocation Failure) [PSYoungGen: 94074K->5120K(105984K)] 944524K->860689K(1038336K), 0.0022866 secs] [Times: user=0.00 sys=0.00, real=0.00 secs] 
28.618: [GC (Allocation Failure) --[PSYoungGen: 99592K->99592K(105984K)] 955162K->1006370K(1038336K), 0.0161435 secs] [Times: user=0.00 sys=0.00, real=0.02 secs] 
28.634: [Full GC (Ergonomics) [PSYoungGen: 99592K->0K(105984K)] [ParOldGen: 906777K->56849K(932352K)] 1006370K->56849K(1038336K), [Metaspace: 2793K->2793K(1056768K)], 0.0075396 secs] [Times: user=0.00 sys=0.00, real=0.01 secs] 
30.719: [GC (Allocation Failure) [PSYoungGen: 92006K->5120K(105984K)] 404855K->323089K(1038336K), 0.0010809 secs] [Times: user=0.00 sys=0.00, real=0.00 secs] 
33.336: [GC (Allocation Failure) [PSYoungGen: 97133K->7168K(105984K)] 671103K->586257K(1038336K), 0.0013869 secs] [Times: user=0.00 sys=0.00, real=0.00 secs] 
35.522: [GC (Allocation Failure) [PSYoungGen: 102258K->0K(105984K)] 834947K->753169K(1038336K), 0.0022241 secs] [Times: user=0.00 sys=0.00, real=0.00 secs] 
36.508: [GC (Allocation Failure) [PSYoungGen: 95093K->5120K(105984K)] 950662K->865809K(1038336K), 0.0018583 secs] [Times: user=0.00 sys=0.00, real=0.00 secs] 
37.161: [Full GC (Ergonomics) [PSYoungGen: 58231K->0K(105984K)] [ParOldGen: 911889K->87569K(932352K)] 970120K->87569K(1038336K), [Metaspace: 2793K->2793K(1056768K)], 0.0082422 secs] [Times: user=0.00 sys=0.00, real=0.01 secs] 
39.578: [GC (Allocation Failure) [PSYoungGen: 95096K->5120K(105984K)] 336266K->251409K(1038336K), 0.0011534 secs] [Times: user=0.00 sys=0.00, real=0.00 secs] 
40.342: [GC (Allocation Failure) [PSYoungGen: 100217K->6144K(105984K)] 448906K->354833K(1038336K), 0.0009686 secs] [Times: user=0.00 sys=0.00, real=0.00 secs] 
42.196: [GC (Allocation Failure) [PSYoungGen: 101242K->6144K(105984K)] 603531K->518673K(1038336K), 0.0017943 secs] [Times: user=0.00 sys=0.00, real=0.00 secs] 
44.704: [GC (Allocation Failure) [PSYoungGen: 98170K->6144K(105984K)] 764300K->687633K(1038336K), 0.0019578 secs] [Times: user=0.00 sys=0.00, real=0.00 secs] 
46.889: [GC (Allocation Failure) [PSYoungGen: 96122K->0K(105984K)] 931212K->845329K(1038336K), 0.0020139 secs] [Times: user=0.00 sys=0.00, real=0.00 secs] 
47.106: [GC (Allocation Failure) [PSYoungGen: 73594K->0K(105984K)] 918924K->917009K(1038336K), 0.0055808 secs] [Times: user=0.00 sys=0.00, real=0.01 secs] 
47.112: [Full GC (Ergonomics) [PSYoungGen: 0K->0K(105984K)] [ParOldGen: 917009K->72209K(932352K)] 917009K->72209K(1038336K), [Metaspace: 2795K->2795K(1056768K)], 0.0070649 secs] [Times: user=0.02 sys=0.00, real=0.01 secs] 
49.197: [GC (Allocation Failure) [PSYoungGen: 92018K->5120K(105984K)] 420228K->338449K(1038336K), 0.0009961 secs] [Times: user=0.00 sys=0.00, real=0.00 secs] 
51.164: [GC (Allocation Failure) [PSYoungGen: 99189K->5120K(105984K)] 586119K->502289K(1038336K), 0.0014960 secs] [Times: user=0.00 sys=0.00, real=0.00 secs] 
52.147: [GC (Allocation Failure) [PSYoungGen: 100215K->6144K(105984K)] 699785K->610833K(1038336K), 0.0014782 secs] [Times: user=0.00 sys=0.00, real=0.00 secs] 
54.440: [GC (Allocation Failure) [PSYoungGen: 101240K->0K(105984K)] 859530K->768529K(1038336K), 0.0020083 secs] [Times: user=0.00 sys=0.00, real=0.00 secs] 
56.304: [Full GC (Ergonomics) [PSYoungGen: 91001K->0K(105984K)] [ParOldGen: 922129K->26624K(932352K)] 1013131K->26624K(1038336K), [Metaspace: 2796K->2796K(1056768K)], 0.0045095 secs] [Times: user=0.00 sys=0.00, real=0.00 secs] 
58.599: [GC (Allocation Failure) [PSYoungGen: 95098K->0K(105984K)] 428922K->333824K(1038336K), 0.0011417 secs] [Times: user=0.00 sys=0.00, real=0.00 secs] 
60.556: [GC (Allocation Failure) [PSYoungGen: 92026K->5120K(105984K)] 579450K->497664K(1038336K), 0.0018841 secs] [Times: user=0.00 sys=0.00, real=0.00 secs] 
62.520: [GC (Allocation Failure) [PSYoungGen: 94074K->5120K(105984K)] 740218K->661504K(1038336K), 0.0021178 secs] [Times: user=0.00 sys=0.00, real=0.00 secs] 
63.505: [GC (Allocation Failure) [PSYoungGen: 100218K->6144K(105984K)] 859002K->770048K(1038336K), 0.0020307 secs] [Times: user=0.00 sys=0.00, real=0.00 secs] 
65.253: [Full GC (Ergonomics) [PSYoungGen: 101242K->0K(105984K)] [ParOldGen: 917504K->32768K(932352K)] 1018747K->32768K(1038336K), [Metaspace: 2796K->2796K(1056768K)], 0.0045070 secs] [Times: user=0.02 sys=0.00, real=0.00 secs] 
67.545: [GC (Allocation Failure) [PSYoungGen: 95098K->5120K(105984K)] 281467K->217088K(1038336K), 0.0024375 secs] [Times: user=0.00 sys=0.00, real=0.00 secs] 
70.273: [GC (Allocation Failure) [PSYoungGen: 97147K->5120K(105984K)] 616315K->524288K(1038336K), 0.0015221 secs] [Times: user=0.00 sys=0.00, real=0.00 secs] 
72.123: [GC (Allocation Failure) [PSYoungGen: 100219K->6144K(105984K)] 772987K->684032K(1038336K), 0.0020818 secs] [Times: user=0.00 sys=0.00, real=0.00 secs] 
74.083: [Full GC (Ergonomics) [PSYoungGen: 101243K->0K(105984K)] [ParOldGen: 882688K->61969K(932352K)] 983931K->61969K(1038336K), [Metaspace: 2796K->2796K(1056768K)], 0.0073967 secs] [Times: user=0.00 sys=0.00, real=0.01 secs] 
76.173: [GC (Allocation Failure) [PSYoungGen: 92027K->5120K(105984K)] 409996K->343569K(1038336K), 0.0019796 secs] [Times: user=0.00 sys=0.00, real=0.00 secs] 
78.033: [GC (Allocation Failure) [PSYoungGen: 99195K->5120K(105984K)] 437644K->353809K(1038336K), 0.0015346 secs] [Times: user=0.00 sys=0.00, real=0.00 secs] 
78.906: [GC (Allocation Failure) [PSYoungGen: 100212K->5120K(105984K)] 551302K->512529K(1038336K), 0.0049212 secs] [Times: user=0.00 sys=0.00, real=0.01 secs] 
81.524: [GC (Allocation Failure) [PSYoungGen: 97143K->2048K(105984K)] 860552K->765457K(1038336K), 0.0015928 secs] [Times: user=0.00 sys=0.00, real=0.00 secs] 
83.376: [Full GC (Ergonomics) [PSYoungGen: 97144K->0K(105984K)] [ParOldGen: 917009K->13312K(932352K)] 1014154K->13312K(1038336K), [Metaspace: 2796K->2796K(1056768K)], 0.0036249 secs] [Times: user=0.00 sys=0.00, real=0.00 secs] 
85.234: [GC (Allocation Failure) [PSYoungGen: 79737K->0K(105984K)] 246649K->187392K(1038336K), 0.0015076 secs] [Times: user=0.00 sys=0.00, real=0.00 secs] 
86.212: [GC (Allocation Failure) [PSYoungGen: 95097K->5120K(105984K)] 384890K->300032K(1038336K), 0.0015865 secs] [Times: user=0.00 sys=0.00, real=0.00 secs] 
87.965: [GC (Allocation Failure) [PSYoungGen: 100218K->5120K(105984K)] 548730K->484352K(1038336K), 0.0033036 secs] [Times: user=0.00 sys=0.00, real=0.00 secs] 
89.059: [GC (Allocation Failure) [PSYoungGen: 99194K->5120K(105984K)] 578426K->489472K(1038336K), 0.0012084 secs] [Times: user=0.00 sys=0.00, real=0.00 secs] 
90.802: [GC (Allocation Failure) [PSYoungGen: 100212K->5120K(105984K)] 738164K->658432K(1038336K), 0.0021132 secs] [Times: user=0.00 sys=0.00, real=0.00 secs] 
91.676: [GC (Allocation Failure) [PSYoungGen: 100214K->6144K(105984K)] 855927K->766976K(1038336K), 0.0023714 secs] [Times: user=0.00 sys=0.00, real=0.00 secs] 
94.078: [Full GC (Ergonomics) [PSYoungGen: 101240K->0K(105984K)] [ParOldGen: 914432K->114193K(932352K)] 1015672K->114193K(1038336K), [Metaspace: 2796K->2796K(1056768K)], 0.0108689 secs] [Times: user=0.02 sys=0.00, real=0.01 secs] 
96.494: [GC (Allocation Failure) [PSYoungGen: 86905K->5120K(105984K)] 354698K->272913K(1038336K), 0.0009094 secs] [Times: user=0.00 sys=0.00, real=0.00 secs] 
97.370: [GC (Allocation Failure) [PSYoungGen: 100217K->5120K(105984K)] 470411K->395793K(1038336K), 0.0021578 secs] [Times: user=0.00 sys=0.00, real=0.00 secs] 
99.225: [GC (Allocation Failure) [PSYoungGen: 100218K->5120K(105984K)] 644491K->559633K(1038336K), 0.0017146 secs] [Times: user=0.00 sys=0.00, real=0.00 secs] 
100.315: [GC (Allocation Failure) [PSYoungGen: 99194K->0K(105984K)] 756107K->656913K(1038336K), 0.0015795 secs] [Times: user=0.00 sys=0.00, real=0.00 secs] 
102.060: [GC (Allocation Failure) [PSYoungGen: 89978K->6144K(105984K)] 900492K->826897K(1038336K), 0.0016474 secs] [Times: user=0.00 sys=0.00, real=0.00 secs] 
102.823: [Full GC (Ergonomics) [PSYoungGen: 101242K->0K(105984K)] [ParOldGen: 923153K->12817K(932352K)] 1024396K->12817K(1038336K), [Metaspace: 2796K->2796K(1056768K)], 0.0042127 secs] [Times: user=0.00 sys=0.00, real=0.00 secs] 
105.116: [GC (Allocation Failure) [PSYoungGen: 94074K->5120K(105984K)] 106892K->38417K(1038336K), 0.0019973 secs] [Times: user=0.00 sys=0.00, real=0.00 secs] 
106.097: [GC (Allocation Failure) [PSYoungGen: 100212K->5120K(105984K)] 235910K->151057K(1038336K), 0.0014062 secs] [Times: user=0.00 sys=0.00, real=0.00 secs] 
108.503: [GC (Allocation Failure) [PSYoungGen: 97142K->1024K(105984K)] 550280K->454161K(1038336K), 0.0010057 secs] [Times: user=0.00 sys=0.00, real=0.00 secs] 
110.361: [GC (Allocation Failure) [PSYoungGen: 96120K->5120K(105984K)] 702857K->616977K(1038336K), 0.0013301 secs] [Times: user=0.00 sys=0.00, real=0.00 secs] 
112.208: [GC (Allocation Failure) [PSYoungGen: 88953K->5120K(105984K)] 854410K->780817K(1038336K), 0.0015881 secs] [Times: user=0.00 sys=0.00, real=0.00 secs] 
113.187: [GC (Allocation Failure) [PSYoungGen: 100217K->6144K(105984K)] 978315K->889361K(1038336K), 0.0014646 secs] [Times: user=0.00 sys=0.00, real=0.00 secs] 
113.735: [GC (Allocation Failure) [PSYoungGen: 59258K->1024K(105984K)] 942475K->914961K(1038336K), 0.0027232 secs] [Times: user=0.00 sys=0.00, real=0.00 secs] 
113.738: [Full GC (Ergonomics) [PSYoungGen: 1024K->0K(105984K)] [ParOldGen: 913937K->37393K(932352K)] 914961K->37393K(1038336K), [Metaspace: 2796K->2796K(1056768K)], 0.0048815 secs] [Times: user=0.00 sys=0.00, real=0.01 secs] 
114.950: [GC (Allocation Failure) [PSYoungGen: 95087K->5120K(105984K)] 234880K->155153K(1038336K), 0.0015158 secs] [Times: user=0.00 sys=0.00, real=0.00 secs] 
117.246: [GC (Allocation Failure) [PSYoungGen: 100211K->5120K(105984K)] 403844K->334353K(1038336K), 0.0026135 secs] [Times: user=0.00 sys=0.00, real=0.00 secs] 
119.971: [GC (Allocation Failure) [PSYoungGen: 97142K->5120K(105984K)] 733575K->641553K(1038336K), 0.0011532 secs] [Times: user=0.00 sys=0.00, real=0.00 secs] 
121.834: [GC (Allocation Failure) [PSYoungGen: 100215K->6144K(105984K)] 890249K->801297K(1038336K), 0.0019250 secs] [Times: user=0.00 sys=0.00, real=0.00 secs] 
122.383: [GC (Allocation Failure) [PSYoungGen: 54136K->6144K(105984K)] 900490K->852497K(1038336K), 0.0013614 secs] [Times: user=0.00 sys=0.00, real=0.00 secs] 
122.384: [GC (Allocation Failure) [PSYoungGen: 6144K->6144K(105984K)] 852497K->852497K(1038336K), 0.0011303 secs] [Times: user=0.00 sys=0.00, real=0.00 secs] 
122.385: [Full GC (Allocation Failure) [PSYoungGen: 6144K->0K(105984K)] [ParOldGen: 846353K->165393K(932352K)] 852497K->165393K(1038336K), [Metaspace: 2796K->2796K(1056768K)], 0.0127466 secs] [Times: user=0.00 sys=0.00, real=0.01 secs] 
124.909: [GC (Allocation Failure) [PSYoungGen: 92025K->5120K(105984K)] 513419K->446993K(1038336K), 0.0020608 secs] [Times: user=0.00 sys=0.00, real=0.00 secs] 
125.782: [GC (Allocation Failure) [PSYoungGen: 100218K->5120K(105984K)] 644491K->569873K(1038336K), 0.0021488 secs] [Times: user=0.00 sys=0.00, real=0.00 secs] 
127.636: [GC (Allocation Failure) [PSYoungGen: 94074K->5120K(105984K)] 658828K->574993K(1038336K), 0.0012544 secs] [Times: user=0.00 sys=0.00, real=0.00 secs] 
128.398: [GC (Allocation Failure) [PSYoungGen: 100211K->6144K(105984K)] 772485K->729617K(1038336K), 0.0047005 secs] [Times: user=0.00 sys=0.00, real=0.00 secs] 
130.253: [Full GC (Ergonomics) [PSYoungGen: 101238K->0K(105984K)] [ParOldGen: 877073K->169489K(932352K)] 978312K->169489K(1038336K), [Metaspace: 2796K->2796K(1056768K)], 0.0130555 secs] [Times: user=0.02 sys=0.00, real=0.01 secs] 
132.890: [GC (Allocation Failure) [PSYoungGen: 92024K->7168K(105984K)] 517513K->437777K(1038336K), 0.0013096 secs] [Times: user=0.00 sys=0.00, real=0.00 secs] 
134.963: [GC (Allocation Failure) [PSYoungGen: 97145K->0K(105984K)] 681354K->604689K(1038336K), 0.0014286 secs] [Times: user=0.00 sys=0.00, real=0.00 secs] 
135.942: [GC (Allocation Failure) [PSYoungGen: 95097K->5120K(105984K)] 802187K->717329K(1038336K), 0.0015122 secs] [Times: user=0.00 sys=0.00, real=0.00 secs] 
137.687: [GC (Allocation Failure) [PSYoungGen: 100218K->5120K(105984K)] 966027K->901649K(1038336K), 0.0031296 secs] [Times: user=0.00 sys=0.00, real=0.00 secs] 
137.690: [Full GC (Ergonomics) [PSYoungGen: 5120K->0K(105984K)] [ParOldGen: 896529K->51729K(932352K)] 901649K->51729K(1038336K), [Metaspace: 2796K->2796K(1056768K)], 0.0055584 secs] [Times: user=0.00 sys=0.00, real=0.01 secs] 
138.779: [GC (Allocation Failure) [PSYoungGen: 94074K->5120K(105984K)] 145803K->61969K(1038336K), 0.0010001 secs] [Times: user=0.00 sys=0.00, real=0.00 secs] 
140.522: [GC (Allocation Failure) [PSYoungGen: 100205K->5120K(105984K)] 310654K->225809K(1038336K), 0.0016337 secs] [Times: user=0.00 sys=0.00, real=0.00 secs] 
141.398: [GC (Allocation Failure) [PSYoungGen: 100209K->6144K(105984K)] 423299K->334353K(1038336K), 0.0013730 secs] [Times: user=0.00 sys=0.00, real=0.00 secs] 
143.794: [GC (Allocation Failure) [PSYoungGen: 101237K->1024K(105984K)] 583046K->493073K(1038336K), 0.0014385 secs] [Times: user=0.00 sys=0.00, real=0.00 secs] 
146.197: [GC (Allocation Failure) [PSYoungGen: 87927K->5120K(105984K)] 733576K->650769K(1038336K), 0.0010670 secs] [Times: user=0.00 sys=0.00, real=0.00 secs] 
147.071: [GC (Allocation Failure) [PSYoungGen: 100216K->5120K(105984K)] 848266K->773649K(1038336K), 0.0024687 secs] [Times: user=0.00 sys=0.00, real=0.00 secs] 
148.929: [Full GC (Ergonomics) [PSYoungGen: 100217K->0K(105984K)] [ParOldGen: 922129K->87569K(932352K)] 1022347K->87569K(1038336K), [Metaspace: 2796K->2796K(1056768K)], 0.0081163 secs] [Times: user=0.00 sys=0.00, real=0.01 secs] 
150.022: [GC (Allocation Failure) [PSYoungGen: 94073K->0K(105984K)] 284043K->189969K(1038336K), 0.0006240 secs] [Times: user=0.00 sys=0.00, real=0.00 secs] 
151.765: [GC (Allocation Failure) [PSYoungGen: 89978K->6144K(105984K)] 433547K->359953K(1038336K), 0.0012339 secs] [Times: user=0.00 sys=0.00, real=0.00 secs] 
152.531: [GC (Allocation Failure) [PSYoungGen: 101242K->3072K(105984K)] 557452K->459281K(1038336K), 0.0011641 secs] [Times: user=0.00 sys=0.00, real=0.00 secs] 
154.824: [GC (Allocation Failure) [PSYoungGen: 97146K->5120K(105984K)] 553356K->481809K(1038336K), 0.0019161 secs] [Times: user=0.00 sys=0.00, real=0.00 secs] 
155.805: [GC (Allocation Failure) [PSYoungGen: 100212K->5120K(105984K)] 679302K->594449K(1038336K), 0.0014914 secs] [Times: user=0.00 sys=0.00, real=0.00 secs] 
158.205: [Full GC (Ergonomics) [PSYoungGen: 97142K->0K(105984K)] [ParOldGen: 896529K->52753K(932352K)] 993672K->52753K(1038336K), [Metaspace: 2796K->2796K(1056768K)], 0.0059435 secs] [Times: user=0.00 sys=0.00, real=0.00 secs] 
160.061: [GC (Allocation Failure) [PSYoungGen: 95096K->5120K(105984K)] 301449K->216593K(1038336K), 0.0009916 secs] [Times: user=0.00 sys=0.00, real=0.00 secs] 
161.917: [GC (Allocation Failure) [PSYoungGen: 88953K->5120K(105984K)] 454026K->380433K(1038336K), 0.0016566 secs] [Times: user=0.00 sys=0.00, real=0.00 secs] 
162.901: [GC (Allocation Failure) [PSYoungGen: 100217K->6144K(105984K)] 577931K->488977K(1038336K), 0.0012359 secs] [Times: user=0.00 sys=0.00, real=0.00 secs] 
164.645: [GC (Allocation Failure) [PSYoungGen: 101242K->6144K(105984K)] 737675K->663057K(1038336K), 0.0022007 secs] [Times: user=0.02 sys=0.00, real=0.00 secs] 
166.935: [GC (Allocation Failure) [PSYoungGen: 101242K->5120K(105984K)] 911756K->841233K(1038336K), 0.0026418 secs] [Times: user=0.00 sys=0.00, real=0.00 secs] 
167.810: [Full GC (Ergonomics) [PSYoungGen: 68474K->0K(105984K)] [ParOldGen: 887313K->82449K(932352K)] 955788K->82449K(1038336K), [Metaspace: 2796K->2796K(1056768K)], 0.0073846 secs] [Times: user=0.00 sys=0.00, real=0.01 secs] 
169.898: [GC (Allocation Failure) [PSYoungGen: 92026K->5120K(105984K)] 379276K->292369K(1038336K), 0.0009010 secs] [Times: user=0.00 sys=0.00, real=0.00 secs] 
171.642: [GC (Allocation Failure) [PSYoungGen: 95098K->6144K(105984K)] 535948K->457233K(1038336K), 0.0015240 secs] [Times: user=0.00 sys=0.00, real=0.00 secs] 
172.953: [GC (Allocation Failure) [PSYoungGen: 101242K->1024K(105984K)] 654732K->554513K(1038336K), 0.0008208 secs] [Times: user=0.00 sys=0.00, real=0.00 secs] 
174.586: [GC (Allocation Failure) [PSYoungGen: 91003K->5120K(105984K)] 798092K->732689K(1038336K), 0.0020454 secs] [Times: user=0.00 sys=0.00, real=0.00 secs] 
175.458: [GC (Allocation Failure) [PSYoungGen: 100218K->5120K(105984K)] 930188K->855569K(1038336K), 0.0021681 secs] [Times: user=0.00 sys=0.00, real=0.00 secs] 
177.315: [GC (Allocation Failure) [PSYoungGen: 94075K->5120K(105984K)] 944524K->860689K(1038336K), 0.0016871 secs] [Times: user=0.00 sys=0.00, real=0.00 secs] 
177.752: [GC (Allocation Failure) --[PSYoungGen: 99188K->99188K(105984K)] 954757K->1005957K(1038336K), 0.0048133 secs] [Times: user=0.02 sys=0.00, real=0.00 secs] 
177.756: [Full GC (Ergonomics) [PSYoungGen: 99188K->0K(105984K)] [ParOldGen: 906769K->57344K(932352K)] 1005957K->57344K(1038336K), [Metaspace: 2796K->2796K(1056768K)], 0.0063967 secs] [Times: user=0.00 sys=0.00, real=0.01 secs] 
179.841: [GC (Allocation Failure) [PSYoungGen: 92009K->5120K(105984K)] 405353K->323584K(1038336K), 0.0020537 secs] [Times: user=0.00 sys=0.00, real=0.00 secs] 
182.459: [GC (Allocation Failure) [PSYoungGen: 97135K->7168K(105984K)] 671599K->586752K(1038336K), 0.0031714 secs] [Times: user=0.00 sys=0.00, real=0.00 secs] 
184.642: [GC (Allocation Failure) [PSYoungGen: 102259K->0K(105984K)] 835443K->753664K(1038336K), 0.0026421 secs] [Times: user=0.00 sys=0.00, real=0.00 secs] 
185.624: [GC (Allocation Failure) [PSYoungGen: 95094K->5120K(105984K)] 951158K->866304K(1038336K), 0.0033685 secs] [Times: user=0.00 sys=0.00, real=0.00 secs] 
186.278: [Full GC (Ergonomics) [PSYoungGen: 58231K->0K(105984K)] [ParOldGen: 912384K->87569K(932352K)] 970616K->87569K(1038336K), [Metaspace: 2796K->2796K(1056768K)], 0.0082366 secs] [Times: user=0.00 sys=0.00, real=0.01 secs] 
188.693: [GC (Allocation Failure) [PSYoungGen: 95097K->5120K(105984K)] 336266K->251409K(1038336K), 0.0012431 secs] [Times: user=0.00 sys=0.00, real=0.00 secs] 
189.455: [GC (Allocation Failure) [PSYoungGen: 100217K->6144K(105984K)] 448907K->354833K(1038336K), 0.0010827 secs] [Times: user=0.00 sys=0.00, real=0.00 secs] 
191.311: [GC (Allocation Failure) [PSYoungGen: 101242K->6176K(105984K)] 603531K->518705K(1038336K), 0.0017249 secs] [Times: user=0.00 sys=0.00, real=0.00 secs] 
193.819: [GC (Allocation Failure) [PSYoungGen: 98202K->6176K(105984K)] 764332K->687665K(1038336K), 0.0022020 secs] [Times: user=0.00 sys=0.00, real=0.00 secs] 
196.005: [GC (Allocation Failure) [PSYoungGen: 96154K->32K(105984K)] 931244K->845361K(1038336K), 0.0014100 secs] [Times: user=0.05 sys=0.00, real=0.00 secs] 
196.221: [GC (Allocation Failure) [PSYoungGen: 73626K->64K(105984K)] 918956K->917073K(1038336K), 0.0054337 secs] [Times: user=0.01 sys=0.00, real=0.01 secs] 
196.227: [Full GC (Ergonomics) [PSYoungGen: 64K->0K(105984K)] [ParOldGen: 917009K->72209K(932352K)] 917073K->72209K(1038336K), [Metaspace: 2796K->2796K(1056768K)], 0.0067797 secs] [Times: user=0.00 sys=0.00, real=0.01 secs] 
198.305: [GC (Allocation Failure) [PSYoungGen: 92018K->5120K(105984K)] 420228K->338449K(1038336K), 0.0010514 secs] [Times: user=0.00 sys=0.00, real=0.00 secs] 
200.275: [GC (Allocation Failure) [PSYoungGen: 99189K->5120K(105984K)] 586119K->502289K(1038336K), 0.0016716 secs] [Times: user=0.00 sys=0.00, real=0.00 secs] 
201.258: [GC (Allocation Failure) [PSYoungGen: 100215K->6144K(105984K)] 699785K->610833K(1038336K), 0.0011880 secs] [Times: user=0.00 sys=0.00, real=0.00 secs] 
203.551: [GC (Allocation Failure) [PSYoungGen: 101240K->0K(105984K)] 859530K->768529K(1038336K), 0.0016086 secs] [Times: user=0.00 sys=0.00, real=0.00 secs] 
205.412: [Full GC (Ergonomics) [PSYoungGen: 91001K->0K(105984K)] [ParOldGen: 922129K->26624K(932352K)] 1013131K->26624K(1038336K), [Metaspace: 2796K->2796K(1056768K)], 0.0041353 secs] [Times: user=0.00 sys=0.00, real=0.00 secs] 
207.704: [GC (Allocation Failure) [PSYoungGen: 95098K->0K(105984K)] 428922K->333824K(1038336K), 0.0009552 secs] [Times: user=0.00 sys=0.00, real=0.00 secs] 
209.671: [GC (Allocation Failure) [PSYoungGen: 92026K->5120K(105984K)] 579451K->497664K(1038336K), 0.0013217 secs] [Times: user=0.00 sys=0.00, real=0.00 secs] 
211.635: [GC (Allocation Failure) [PSYoungGen: 94074K->5120K(105984K)] 740219K->661504K(1038336K), 0.0017888 secs] [Times: user=0.00 sys=0.00, real=0.00 secs] 
212.619: [GC (Allocation Failure) [PSYoungGen: 100218K->6144K(105984K)] 859003K->770048K(1038336K), 0.0015023 secs] [Times: user=0.00 sys=0.00, real=0.00 secs] 
214.364: [Full GC (Ergonomics) [PSYoungGen: 101242K->0K(105984K)] [ParOldGen: 917504K->32768K(932352K)] 1018747K->32768K(1038336K), [Metaspace: 2796K->2796K(1056768K)], 0.0045897 secs] [Times: user=0.00 sys=0.00, real=0.00 secs] 
216.657: [GC (Allocation Failure) [PSYoungGen: 95098K->5120K(105984K)] 281467K->217088K(1038336K), 0.0027256 secs] [Times: user=0.00 sys=0.00, real=0.00 secs] 
Heap
 PSYoungGen      total 105984K, used 91894K [0x00000000f8e80000, 0x0000000100000000, 0x0000000100000000)
  eden space 95744K, 90% used [0x00000000f8e80000,0x00000000fe33d8f0,0x00000000fec00000)
  from space 10240K, 50% used [0x00000000ff600000,0x00000000ffb00010,0x0000000100000000)
  to   space 10240K, 0% used [0x00000000fec00000,0x00000000fec00000,0x00000000ff600000)
 ParOldGen       total 932352K, used 365568K [0x00000000c0000000, 0x00000000f8e80000, 0x00000000f8e80000)
  object space 932352K, 39% used [0x00000000c0000000,0x00000000d6500248,0x00000000f8e80000)
 Metaspace       used 2804K, capacity 4486K, committed 4864K, reserved 1056768K
  class space    used 297K, capacity 386K, committed 512K, reserved 1048576K
