Java HotSpot(TM) 64-Bit Server VM (25.411-b09) for windows-amd64 JRE (1.8.0_411-b09), built on Mar 13 2024 07:26:13 by "java_re" with MS VC++ 17.1 (VS2022)
Memory: 4k page, physical 33403376k(13899344k free), swap 37728072k(5730484k free)
CommandLine flags: -XX:InitialHeapSize=1073741824 -XX:MaxHeapSize=1073741824 -XX:NewRatio=3 -XX:ParallelGCThreads=6 -XX:+PrintGC -XX:+PrintGCDetails -XX:+PrintGCTimeStamps -XX:SurvivorRatio=7 -XX:-UseAdaptiveSizePolicy -XX:+UseCompressedClassPointers -XX:+UseCompressedOops -XX:-UseLargePagesIndividualAllocation -XX:+UseParallelGC 
2.738: [GC (Allocation Failure) [PSYoungGen: 203776K->27320K(233472K)] 306176K->134848K(1019904K), 0.0163531 secs] [Times: user=0.00 sys=0.00, real=0.02 secs] 
4.716: [GC (Allocation Failure) [PSYoungGen: 231096K->10856K(233472K)] 338624K->118384K(1019904K), 0.0025945 secs] [Times: user=0.00 sys=0.00, real=0.00 secs] 
7.030: [GC (Allocation Failure) [PSYoungGen: 206438K->26200K(233472K)] 416366K->271976K(1019904K), 0.0159338 secs] [Times: user=0.00 sys=0.00, real=0.02 secs] 
8.458: [GC (Allocation Failure) [PSYoungGen: 219734K->21048K(233472K)] 465510K->266824K(1019904K), 0.0047105 secs] [Times: user=0.00 sys=0.00, real=0.00 secs] 
9.655: [GC (Allocation Failure) [PSYoungGen: 219688K->15992K(233472K)] 465464K->312968K(1019904K), 0.0186825 secs] [Times: user=0.00 sys=0.00, real=0.02 secs] 
10.653: [GC (Allocation Failure) [PSYoungGen: 219743K->10840K(233472K)] 516719K->410216K(1019904K), 0.0339860 secs] [Times: user=0.00 sys=0.02, real=0.03 secs] 
12.784: [GC (Allocation Failure) [PSYoungGen: 174957K->26168K(233472K)] 676733K->527952K(1019904K), 0.0025104 secs] [Times: user=0.00 sys=0.00, real=0.00 secs] 
13.984: [GC (Allocation Failure) [PSYoungGen: 224804K->27256K(233472K)] 726588K->529040K(1019904K), 0.0026547 secs] [Times: user=0.00 sys=0.00, real=0.00 secs] 
14.965: [GC (Allocation Failure) [PSYoungGen: 230997K->27256K(233472K)] 732781K->529040K(1019904K), 0.0022711 secs] [Times: user=0.00 sys=0.00, real=0.00 secs] 
18.266: [GC (Allocation Failure) [PSYoungGen: 230995K->21048K(233472K)] 835179K->645720K(1019904K), 0.0161761 secs] [Times: user=0.00 sys=0.00, real=0.02 secs] 
19.264: [GC (Allocation Failure) [PSYoungGen: 224800K->15960K(233472K)] 849472K->691832K(1019904K), 0.0161944 secs] [Times: user=0.00 sys=0.00, real=0.02 secs] 
21.133: [GC (Allocation Failure) [PSYoungGen: 219706K->15912K(233472K)] 895578K->794184K(1019904K), 0.0461443 secs] [Times: user=0.00 sys=0.00, real=0.05 secs] 
21.179: [Full GC (Ergonomics) [PSYoungGen: 15912K->0K(233472K)] [ParOldGen: 778272K->118289K(786432K)] 794184K->118289K(1019904K), [Metaspace: 2779K->2779K(1056768K)], 0.0181050 secs] [Times: user=0.02 sys=0.00, real=0.02 secs] 
22.173: [GC (Allocation Failure) [PSYoungGen: 203742K->6144K(233472K)] 322031K->124433K(1019904K), 0.0008922 secs] [Times: user=0.00 sys=0.00, real=0.00 secs] 
24.242: [GC (Allocation Failure) [PSYoungGen: 163789K->10240K(233472K)] 384479K->251409K(1019904K), 0.0024366 secs] [Times: user=0.00 sys=0.00, real=0.00 secs] 
25.440: [GC (Allocation Failure) [PSYoungGen: 208863K->25600K(233472K)] 450032K->266769K(1019904K), 0.0018919 secs] [Times: user=0.00 sys=0.00, real=0.00 secs] 
26.423: [GC (Allocation Failure) [PSYoungGen: 229340K->25600K(233472K)] 470509K->277009K(1019904K), 0.0023238 secs] [Times: user=0.00 sys=0.00, real=0.00 secs] 
29.464: [GC (Allocation Failure) [PSYoungGen: 230204K->15392K(233472K)] 584013K->420409K(1019904K), 0.0053890 secs] [Times: user=0.00 sys=0.00, real=0.01 secs] 
30.339: [GC (Allocation Failure) [PSYoungGen: 219143K->11296K(233472K)] 624161K->518713K(1019904K), 0.0146730 secs] [Times: user=0.00 sys=0.00, real=0.01 secs] 
32.750: [GC (Allocation Failure) [PSYoungGen: 215042K->26656K(233472K)] 722459K->534073K(1019904K), 0.0023050 secs] [Times: user=0.00 sys=0.00, real=0.00 secs] 
33.953: [GC (Allocation Failure) [PSYoungGen: 225278K->27680K(233472K)] 732695K->535097K(1019904K), 0.0019335 secs] [Times: user=0.00 sys=0.00, real=0.00 secs] 
35.370: [GC (Allocation Failure) [PSYoungGen: 231419K->10272K(233472K)] 738837K->517689K(1019904K), 0.0017982 secs] [Times: user=0.00 sys=0.00, real=0.00 secs] 
36.347: [GC (Allocation Failure) [PSYoungGen: 214010K->20512K(233472K)] 721427K->527929K(1019904K), 0.0016163 secs] [Times: user=0.00 sys=0.00, real=0.00 secs] 
38.418: [GC (Allocation Failure) [PSYoungGen: 203769K->20512K(233472K)] 813586K->671289K(1019904K), 0.0039367 secs] [Times: user=0.00 sys=0.00, real=0.00 secs] 
40.927: [Full GC (Ergonomics) [PSYoungGen: 219143K->0K(233472K)] [ParOldGen: 753177K->118289K(786432K)] 972320K->118289K(1019904K), [Metaspace: 2793K->2793K(1056768K)], 0.0122632 secs] [Times: user=0.00 sys=0.00, real=0.01 secs] 
41.815: [GC (Allocation Failure) [PSYoungGen: 203759K->6144K(233472K)] 322049K->124433K(1019904K), 0.0008017 secs] [Times: user=0.00 sys=0.00, real=0.00 secs] 
45.406: [GC (Allocation Failure) [PSYoungGen: 210919K->26624K(233472K)] 431608K->257553K(1019904K), 0.0023839 secs] [Times: user=0.00 sys=0.00, real=0.00 secs] 
46.824: [GC (Allocation Failure) [PSYoungGen: 225264K->10240K(233472K)] 456193K->241169K(1019904K), 0.0010979 secs] [Times: user=0.00 sys=0.00, real=0.00 secs] 
47.914: [GC (Allocation Failure) [PSYoungGen: 213998K->25600K(233472K)] 444927K->261649K(1019904K), 0.0025909 secs] [Times: user=0.00 sys=0.00, real=0.00 secs] 
48.789: [GC (Allocation Failure) [PSYoungGen: 229350K->26624K(233472K)] 465399K->313873K(1019904K), 0.0059693 secs] [Times: user=0.02 sys=0.00, real=0.01 secs] 
51.186: [GC (Allocation Failure) [PSYoungGen: 209889K->25600K(233472K)] 599538K->415249K(1019904K), 0.0023234 secs] [Times: user=0.00 sys=0.00, real=0.00 secs] 
52.380: [GC (Allocation Failure) [PSYoungGen: 224236K->21504K(233472K)] 613885K->411153K(1019904K), 0.0017140 secs] [Times: user=0.00 sys=0.00, real=0.00 secs] 
53.362: [GC (Allocation Failure) [PSYoungGen: 225237K->17408K(233472K)] 614887K->407057K(1019904K), 0.0012838 secs] [Times: user=0.00 sys=0.00, real=0.00 secs] 
56.744: [GC (Allocation Failure) [PSYoungGen: 221142K->20480K(233472K)] 713192K->522769K(1019904K), 0.0025866 secs] [Times: user=0.02 sys=0.00, real=0.00 secs] 
58.165: [GC (Allocation Failure) [PSYoungGen: 213989K->5120K(233472K)] 716278K->507409K(1019904K), 0.0008933 secs] [Times: user=0.00 sys=0.00, real=0.00 secs] 
59.253: [GC (Allocation Failure) [PSYoungGen: 208871K->10240K(233472K)] 711160K->563729K(1019904K), 0.0053509 secs] [Times: user=0.00 sys=0.00, real=0.01 secs] 
60.125: [GC (Allocation Failure) [PSYoungGen: 213985K->6144K(233472K)] 767475K->662033K(1019904K), 0.0154757 secs] [Times: user=0.00 sys=0.00, real=0.02 secs] 
62.546: [Full GC (Ergonomics) [PSYoungGen: 184286K->0K(233472K)] [ParOldGen: 758289K->26129K(786432K)] 942575K->26129K(1019904K), [Metaspace: 2796K->2796K(1056768K)], 0.0043571 secs] [Times: user=0.00 sys=0.00, real=0.00 secs] 
63.746: [GC (Allocation Failure) [PSYoungGen: 198634K->21504K(233472K)] 224763K->47633K(1019904K), 0.0014653 secs] [Times: user=0.00 sys=0.00, real=0.00 secs] 
64.727: [GC (Allocation Failure) [PSYoungGen: 225243K->21504K(233472K)] 251373K->47633K(1019904K), 0.0017917 secs] [Times: user=0.00 sys=0.00, real=0.00 secs] 
67.998: [GC (Allocation Failure) [PSYoungGen: 225242K->20480K(233472K)] 353772K->169489K(1019904K), 0.0030540 secs] [Times: user=0.00 sys=0.00, real=0.00 secs] 
68.980: [GC (Allocation Failure) [PSYoungGen: 224231K->15360K(233472K)] 373241K->215569K(1019904K), 0.0052212 secs] [Times: user=0.00 sys=0.00, real=0.01 secs] 
70.834: [GC (Allocation Failure) [PSYoungGen: 219106K->15360K(233472K)] 419315K->317969K(1019904K), 0.0152176 secs] [Times: user=0.00 sys=0.00, real=0.01 secs] 
71.831: [GC (Allocation Failure) [PSYoungGen: 219102K->11264K(233472K)] 521711K->313873K(1019904K), 0.0010112 secs] [Times: user=0.00 sys=0.00, real=0.00 secs] 
73.896: [GC (Allocation Failure) [PSYoungGen: 168924K->10240K(233472K)] 573933K->435729K(1019904K), 0.0025840 secs] [Times: user=0.00 sys=0.00, real=0.00 secs] 
75.098: [GC (Allocation Failure) [PSYoungGen: 208872K->25600K(233472K)] 634362K->451089K(1019904K), 0.0018242 secs] [Times: user=0.00 sys=0.00, real=0.00 secs] 
76.076: [GC (Allocation Failure) [PSYoungGen: 229346K->25600K(233472K)] 654835K->461329K(1019904K), 0.0026752 secs] [Times: user=0.00 sys=0.00, real=0.00 secs] 
79.127: [GC (Allocation Failure) [PSYoungGen: 229342K->15360K(233472K)] 767472K->604689K(1019904K), 0.0063256 secs] [Times: user=0.00 sys=0.00, real=0.01 secs] 
79.996: [GC (Allocation Failure) [PSYoungGen: 219114K->11264K(233472K)] 808443K->702993K(1019904K), 0.0162443 secs] [Times: user=0.00 sys=0.00, real=0.02 secs] 
80.013: [Full GC (Ergonomics) [PSYoungGen: 11264K->0K(233472K)] [ParOldGen: 691729K->165393K(786432K)] 702993K->165393K(1019904K), [Metaspace: 2796K->2796K(1056768K)], 0.0133730 secs] [Times: user=0.00 sys=0.00, real=0.01 secs] 
82.428: [GC (Allocation Failure) [PSYoungGen: 203747K->26624K(233472K)] 369141K->192017K(1019904K), 0.0031272 secs] [Times: user=0.00 sys=0.00, real=0.00 secs] 
83.628: [GC (Allocation Failure) [PSYoungGen: 225233K->27648K(233472K)] 390626K->193041K(1019904K), 0.0017468 secs] [Times: user=0.00 sys=0.00, real=0.00 secs] 
85.046: [GC (Allocation Failure) [PSYoungGen: 231379K->10240K(233472K)] 396772K->175633K(1019904K), 0.0011315 secs] [Times: user=0.00 sys=0.00, real=0.00 secs] 
86.029: [GC (Allocation Failure) [PSYoungGen: 213972K->20480K(233472K)] 379366K->185873K(1019904K), 0.0016828 secs] [Times: user=0.00 sys=0.00, real=0.00 secs] 
88.093: [GC (Allocation Failure) [PSYoungGen: 203734K->25600K(233472K)] 471527K->329233K(1019904K), 0.0042802 secs] [Times: user=0.00 sys=0.00, real=0.00 secs] 
90.597: [GC (Allocation Failure) [PSYoungGen: 224228K->15360K(233472K)] 630262K->421393K(1019904K), 0.0014005 secs] [Times: user=0.00 sys=0.00, real=0.00 secs] 
91.471: [GC (Allocation Failure) [PSYoungGen: 219118K->16384K(233472K)] 625151K->422417K(1019904K), 0.0016130 secs] [Times: user=0.00 sys=0.00, real=0.00 secs] 
95.075: [GC (Allocation Failure) [PSYoungGen: 221158K->26624K(233472K)] 729592K->545297K(1019904K), 0.0029198 secs] [Times: user=0.00 sys=0.00, real=0.00 secs] 
96.488: [GC (Allocation Failure) [PSYoungGen: 225263K->10240K(233472K)] 743936K->528913K(1019904K), 0.0015258 secs] [Times: user=0.00 sys=0.00, real=0.00 secs] 
97.579: [GC (Allocation Failure) [PSYoungGen: 213998K->10240K(233472K)] 732671K->549393K(1019904K), 0.0026450 secs] [Times: user=0.00 sys=0.00, real=0.00 secs] 
98.451: [GC (Allocation Failure) [PSYoungGen: 213990K->6144K(233472K)] 753143K->596497K(1019904K), 0.0051996 secs] [Times: user=0.00 sys=0.00, real=0.00 secs] 
100.850: [Full GC (Ergonomics) [PSYoungGen: 189409K->0K(233472K)] [ParOldGen: 692753K->26624K(786432K)] 882162K->26624K(1019904K), [Metaspace: 2796K->2796K(1056768K)], 0.0058890 secs] [Times: user=0.00 sys=0.00, real=0.01 secs] 
102.044: [GC (Allocation Failure) [PSYoungGen: 198635K->16384K(233472K)] 225259K->43008K(1019904K), 0.0012380 secs] [Times: user=0.00 sys=0.00, real=0.00 secs] 
103.025: [GC (Allocation Failure) [PSYoungGen: 220117K->12288K(233472K)] 246741K->38912K(1019904K), 0.0010718 secs] [Times: user=0.09 sys=0.00, real=0.00 secs] 
106.396: [GC (Allocation Failure) [PSYoungGen: 216022K->20480K(233472K)] 345046K->159744K(1019904K), 0.0026113 secs] [Times: user=0.00 sys=0.00, real=0.00 secs] 
107.796: [GC (Allocation Failure) [PSYoungGen: 213989K->5120K(233472K)] 353253K->144384K(1019904K), 0.0006820 secs] [Times: user=0.00 sys=0.00, real=0.00 secs] 
108.883: [GC (Allocation Failure) [PSYoungGen: 208871K->10240K(233472K)] 348135K->200704K(1019904K), 0.0054524 secs] [Times: user=0.00 sys=0.00, real=0.00 secs] 
109.748: [GC (Allocation Failure) [PSYoungGen: 213985K->6144K(233472K)] 404449K->299008K(1019904K), 0.0160801 secs] [Times: user=0.00 sys=0.00, real=0.02 secs] 
112.146: [GC (Allocation Failure) [PSYoungGen: 184286K->25600K(233472K)] 579550K->420864K(1019904K), 0.0024523 secs] [Times: user=0.00 sys=0.00, real=0.00 secs] 
113.343: [GC (Allocation Failure) [PSYoungGen: 224234K->26624K(233472K)] 619498K->421888K(1019904K), 0.0017701 secs] [Times: user=0.00 sys=0.00, real=0.00 secs] 
114.324: [GC (Allocation Failure) [PSYoungGen: 230363K->26624K(233472K)] 625628K->421888K(1019904K), 0.0027211 secs] [Times: user=0.00 sys=0.00, real=0.00 secs] 
117.585: [GC (Allocation Failure) [PSYoungGen: 230362K->20480K(233472K)] 728026K->538624K(1019904K), 0.0032711 secs] [Times: user=0.02 sys=0.00, real=0.00 secs] 
118.564: [GC (Allocation Failure) [PSYoungGen: 224231K->15360K(233472K)] 742375K->584704K(1019904K), 0.0059113 secs] [Times: user=0.00 sys=0.00, real=0.01 secs] 
120.409: [GC (Allocation Failure) [PSYoungGen: 219106K->15360K(233472K)] 788450K->687104K(1019904K), 0.0104797 secs] [Times: user=0.00 sys=0.00, real=0.01 secs] 
120.419: [Full GC (Ergonomics) [PSYoungGen: 15360K->0K(233472K)] [ParOldGen: 671744K->118289K(786432K)] 687104K->118289K(1019904K), [Metaspace: 2796K->2796K(1056768K)], 0.0114022 secs] [Times: user=0.02 sys=0.00, real=0.01 secs] 
121.407: [GC (Allocation Failure) [PSYoungGen: 203742K->6144K(233472K)] 322031K->124433K(1019904K), 0.0009826 secs] [Times: user=0.00 sys=0.00, real=0.00 secs] 
123.473: [GC (Allocation Failure) [PSYoungGen: 163789K->10240K(233472K)] 384479K->251409K(1019904K), 0.0021976 secs] [Times: user=0.00 sys=0.00, real=0.00 secs] 
124.673: [GC (Allocation Failure) [PSYoungGen: 208863K->25600K(233472K)] 450032K->266769K(1019904K), 0.0018127 secs] [Times: user=0.00 sys=0.00, real=0.00 secs] 
125.653: [GC (Allocation Failure) [PSYoungGen: 229340K->25600K(233472K)] 470509K->277009K(1019904K), 0.0025861 secs] [Times: user=0.00 sys=0.00, real=0.00 secs] 
128.698: [GC (Allocation Failure) [PSYoungGen: 229338K->15360K(233472K)] 583148K->420369K(1019904K), 0.0055886 secs] [Times: user=0.00 sys=0.00, real=0.01 secs] 
129.570: [GC (Allocation Failure) [PSYoungGen: 219111K->11264K(233472K)] 624121K->518673K(1019904K), 0.0154841 secs] [Times: user=0.02 sys=0.00, real=0.02 secs] 
131.981: [GC (Allocation Failure) [PSYoungGen: 215010K->26624K(233472K)] 722419K->534033K(1019904K), 0.0025988 secs] [Times: user=0.00 sys=0.00, real=0.00 secs] 
133.181: [GC (Allocation Failure) [PSYoungGen: 225246K->27648K(233472K)] 732656K->535057K(1019904K), 0.0019237 secs] [Times: user=0.00 sys=0.00, real=0.00 secs] 
134.597: [GC (Allocation Failure) [PSYoungGen: 231387K->10240K(233472K)] 738797K->517649K(1019904K), 0.0015709 secs] [Times: user=0.00 sys=0.00, real=0.00 secs] 
135.578: [GC (Allocation Failure) [PSYoungGen: 213978K->20480K(233472K)] 721387K->527889K(1019904K), 0.0019159 secs] [Times: user=0.00 sys=0.00, real=0.00 secs] 
137.653: [GC (Allocation Failure) [PSYoungGen: 203737K->25600K(233472K)] 813547K->671249K(1019904K), 0.0040359 secs] [Times: user=0.00 sys=0.00, real=0.00 secs] 
140.158: [Full GC (Ergonomics) [PSYoungGen: 224231K->0K(233472K)] [ParOldGen: 748049K->118289K(786432K)] 972280K->118289K(1019904K), [Metaspace: 2796K->2796K(1056768K)], 0.0104933 secs] [Times: user=0.02 sys=0.00, real=0.01 secs] 
141.045: [GC (Allocation Failure) [PSYoungGen: 203759K->6144K(233472K)] 322049K->124433K(1019904K), 0.0007688 secs] [Times: user=0.00 sys=0.00, real=0.00 secs] 
144.649: [GC (Allocation Failure) [PSYoungGen: 210919K->26624K(233472K)] 431608K->257553K(1019904K), 0.0026728 secs] [Times: user=0.01 sys=0.00, real=0.00 secs] 
146.067: [GC (Allocation Failure) [PSYoungGen: 225264K->10240K(233472K)] 456193K->241169K(1019904K), 0.0011010 secs] [Times: user=0.00 sys=0.00, real=0.00 secs] 
147.158: [GC (Allocation Failure) [PSYoungGen: 213998K->25600K(233472K)] 444927K->261649K(1019904K), 0.0024317 secs] [Times: user=0.00 sys=0.00, real=0.00 secs] 
148.029: [GC (Allocation Failure) [PSYoungGen: 229350K->26624K(233472K)] 465399K->313873K(1019904K), 0.0057325 secs] [Times: user=0.00 sys=0.00, real=0.01 secs] 
150.428: [GC (Allocation Failure) [PSYoungGen: 209889K->25600K(233472K)] 599538K->415249K(1019904K), 0.0022353 secs] [Times: user=0.00 sys=0.00, real=0.00 secs] 
151.628: [GC (Allocation Failure) [PSYoungGen: 224236K->21504K(233472K)] 613885K->411153K(1019904K), 0.0018330 secs] [Times: user=0.00 sys=0.00, real=0.00 secs] 
152.606: [GC (Allocation Failure) [PSYoungGen: 225237K->17408K(233472K)] 614887K->407057K(1019904K), 0.0015699 secs] [Times: user=0.00 sys=0.00, real=0.00 secs] 
155.982: [GC (Allocation Failure) [PSYoungGen: 221142K->20480K(233472K)] 713192K->522769K(1019904K), 0.0023111 secs] [Times: user=0.00 sys=0.00, real=0.00 secs] 
157.395: [GC (Allocation Failure) [PSYoungGen: 213989K->5120K(233472K)] 716278K->507409K(1019904K), 0.0011726 secs] [Times: user=0.00 sys=0.00, real=0.00 secs] 
158.486: [GC (Allocation Failure) [PSYoungGen: 208871K->10240K(233472K)] 711160K->563729K(1019904K), 0.0049531 secs] [Times: user=0.00 sys=0.00, real=0.01 secs] 
159.360: [GC (Allocation Failure) [PSYoungGen: 213985K->6144K(233472K)] 767475K->662033K(1019904K), 0.0159317 secs] [Times: user=0.00 sys=0.00, real=0.01 secs] 
161.771: [Full GC (Ergonomics) [PSYoungGen: 184286K->0K(233472K)] [ParOldGen: 758289K->26624K(786432K)] 942575K->26624K(1019904K), [Metaspace: 2796K->2796K(1056768K)], 0.0038571 secs] [Times: user=0.00 sys=0.00, real=0.00 secs] 
162.968: [GC (Allocation Failure) [PSYoungGen: 198634K->21504K(233472K)] 225258K->48128K(1019904K), 0.0015426 secs] [Times: user=0.00 sys=0.00, real=0.00 secs] 
163.950: [GC (Allocation Failure) [PSYoungGen: 225243K->21504K(233472K)] 251867K->48128K(1019904K), 0.0019867 secs] [Times: user=0.00 sys=0.00, real=0.00 secs] 
167.218: [GC (Allocation Failure) [PSYoungGen: 225242K->20480K(233472K)] 354266K->169984K(1019904K), 0.0043956 secs] [Times: user=0.00 sys=0.00, real=0.00 secs] 
168.202: [GC (Allocation Failure) [PSYoungGen: 224231K->15360K(233472K)] 373735K->216064K(1019904K), 0.0083415 secs] [Times: user=0.00 sys=0.00, real=0.01 secs] 
170.059: [GC (Allocation Failure) [PSYoungGen: 219106K->15360K(233472K)] 419810K->318464K(1019904K), 0.0155891 secs] [Times: user=0.00 sys=0.00, real=0.02 secs] 
171.058: [GC (Allocation Failure) [PSYoungGen: 219102K->11264K(233472K)] 522206K->314368K(1019904K), 0.0014467 secs] [Times: user=0.00 sys=0.00, real=0.00 secs] 
173.128: [GC (Allocation Failure) [PSYoungGen: 168924K->20480K(233472K)] 574428K->436224K(1019904K), 0.0028380 secs] [Times: user=0.02 sys=0.00, real=0.00 secs] 
174.332: [GC (Allocation Failure) [PSYoungGen: 219112K->15360K(233472K)] 634856K->431104K(1019904K), 0.0016976 secs] [Times: user=0.00 sys=0.00, real=0.00 secs] 
175.303: [GC (Allocation Failure) [PSYoungGen: 219106K->25600K(233472K)] 634850K->441344K(1019904K), 0.0025309 secs] [Times: user=0.00 sys=0.00, real=0.00 secs] 
178.347: [GC (Allocation Failure) [PSYoungGen: 229342K->15360K(233472K)] 747486K->584704K(1019904K), 0.0060979 secs] [Times: user=0.00 sys=0.00, real=0.01 secs] 
179.221: [GC (Allocation Failure) [PSYoungGen: 219114K->11264K(233472K)] 788458K->683008K(1019904K), 0.0156766 secs] [Times: user=0.00 sys=0.00, real=0.02 secs] 
179.236: [Full GC (Ergonomics) [PSYoungGen: 11264K->0K(233472K)] [ParOldGen: 671744K->165393K(786432K)] 683008K->165393K(1019904K), [Metaspace: 2796K->2796K(1056768K)], 0.0142146 secs] [Times: user=0.00 sys=0.00, real=0.01 secs] 
181.650: [GC (Allocation Failure) [PSYoungGen: 203747K->26624K(233472K)] 369141K->192017K(1019904K), 0.0024505 secs] [Times: user=0.02 sys=0.00, real=0.00 secs] 
182.840: [GC (Allocation Failure) [PSYoungGen: 225233K->27648K(233472K)] 390626K->193041K(1019904K), 0.0020110 secs] [Times: user=0.00 sys=0.00, real=0.00 secs] 
184.256: [GC (Allocation Failure) [PSYoungGen: 231379K->10240K(233472K)] 396772K->175633K(1019904K), 0.0011293 secs] [Times: user=0.00 sys=0.00, real=0.00 secs] 
185.234: [GC (Allocation Failure) [PSYoungGen: 213972K->20480K(233472K)] 379366K->185873K(1019904K), 0.0017880 secs] [Times: user=0.00 sys=0.00, real=0.00 secs] 
187.303: [GC (Allocation Failure) [PSYoungGen: 203734K->25600K(233472K)] 471527K->329233K(1019904K), 0.0039936 secs] [Times: user=0.00 sys=0.00, real=0.00 secs] 
189.806: [GC (Allocation Failure) [PSYoungGen: 224228K->15360K(233472K)] 630262K->421393K(1019904K), 0.0013532 secs] [Times: user=0.00 sys=0.00, real=0.00 secs] 
190.676: [GC (Allocation Failure) [PSYoungGen: 219118K->16416K(233472K)] 625151K->422449K(1019904K), 0.0014547 secs] [Times: user=0.00 sys=0.00, real=0.00 secs] 
194.277: [GC (Allocation Failure) [PSYoungGen: 221190K->26656K(233472K)] 729624K->545329K(1019904K), 0.0026695 secs] [Times: user=0.00 sys=0.00, real=0.00 secs] 
195.691: [GC (Allocation Failure) [PSYoungGen: 225295K->10272K(233472K)] 743968K->528945K(1019904K), 0.0012710 secs] [Times: user=0.00 sys=0.00, real=0.00 secs] 
196.779: [GC (Allocation Failure) [PSYoungGen: 214030K->10304K(233472K)] 732703K->549457K(1019904K), 0.0025366 secs] [Times: user=0.00 sys=0.00, real=0.00 secs] 
197.653: [GC (Allocation Failure) [PSYoungGen: 214054K->6208K(233472K)] 753207K->596561K(1019904K), 0.0048700 secs] [Times: user=0.00 sys=0.00, real=0.00 secs] 
200.057: [Full GC (Ergonomics) [PSYoungGen: 189473K->0K(233472K)] [ParOldGen: 692753K->26624K(786432K)] 882226K->26624K(1019904K), [Metaspace: 2796K->2796K(1056768K)], 0.0041192 secs] [Times: user=0.00 sys=0.00, real=0.00 secs] 
201.252: [GC (Allocation Failure) [PSYoungGen: 198635K->16384K(233472K)] 225260K->43008K(1019904K), 0.0013402 secs] [Times: user=0.00 sys=0.00, real=0.00 secs] 
202.231: [GC (Allocation Failure) [PSYoungGen: 220117K->12288K(233472K)] 246742K->38912K(1019904K), 0.0011308 secs] [Times: user=0.00 sys=0.00, real=0.00 secs] 
205.613: [GC (Allocation Failure) [PSYoungGen: 216022K->25600K(233472K)] 345047K->159744K(1019904K), 0.0021878 secs] [Times: user=0.00 sys=0.00, real=0.00 secs] 
207.029: [GC (Allocation Failure) [PSYoungGen: 219109K->5120K(233472K)] 353253K->139264K(1019904K), 0.0006583 secs] [Times: user=0.00 sys=0.00, real=0.00 secs] 
208.122: [GC (Allocation Failure) [PSYoungGen: 208871K->10240K(233472K)] 343015K->195584K(1019904K), 0.0051937 secs] [Times: user=0.00 sys=0.00, real=0.01 secs] 
208.991: [GC (Allocation Failure) [PSYoungGen: 213985K->6144K(233472K)] 399330K->293888K(1019904K), 0.0162079 secs] [Times: user=0.00 sys=0.00, real=0.02 secs] 
211.404: [GC (Allocation Failure) [PSYoungGen: 184286K->25600K(233472K)] 574430K->415744K(1019904K), 0.0026404 secs] [Times: user=0.00 sys=0.00, real=0.00 secs] 
212.601: [GC (Allocation Failure) [PSYoungGen: 224234K->26624K(233472K)] 614378K->416768K(1019904K), 0.0020489 secs] [Times: user=0.00 sys=0.00, real=0.00 secs] 
213.576: [GC (Allocation Failure) [PSYoungGen: 230363K->26624K(233472K)] 620508K->416768K(1019904K), 0.0023316 secs] [Times: user=0.00 sys=0.00, real=0.00 secs] 
216.841: [GC (Allocation Failure) [PSYoungGen: 230362K->20480K(233472K)] 722907K->533504K(1019904K), 0.0033175 secs] [Times: user=0.00 sys=0.00, real=0.00 secs] 
217.823: [GC (Allocation Failure) [PSYoungGen: 224231K->15360K(233472K)] 737256K->579584K(1019904K), 0.0056930 secs] [Times: user=0.00 sys=0.00, real=0.01 secs] 
Heap
 PSYoungGen      total 233472K, used 28642K [0x00000000f0000000, 0x0000000100000000, 0x0000000100000000)
  eden space 204800K, 6% used [0x00000000f0000000,0x00000000f0cf8938,0x00000000fc800000)
  from space 28672K, 53% used [0x00000000fc800000,0x00000000fd700030,0x00000000fe400000)
  to   space 28672K, 0% used [0x00000000fe400000,0x00000000fe400000,0x0000000100000000)
 ParOldGen       total 786432K, used 564224K [0x00000000c0000000, 0x00000000f0000000, 0x00000000f0000000)
  object space 786432K, 71% used [0x00000000c0000000,0x00000000e2700238,0x00000000f0000000)
 Metaspace       used 2804K, capacity 4486K, committed 4864K, reserved 1056768K
  class space    used 297K, capacity 386K, committed 512K, reserved 1048576K
