Java HotSpot(TM) 64-Bit Server VM (25.411-b09) for windows-amd64 JRE (1.8.0_411-b09), built on Mar 13 2024 07:26:13 by "java_re" with MS VC++ 17.1 (VS2022)
Memory: 4k page, physical 33403376k(14563808k free), swap 37489400k(7644740k free)
CommandLine flags: -XX:InitialHeapSize=536870912 -XX:MaxHeapSize=536870912 -XX:NewRatio=1 -XX:ParallelGCThreads=6 -XX:+PrintGC -XX:+PrintGCDetails -XX:+PrintGCTimeStamps -XX:SurvivorRatio=7 -XX:-UseAdaptiveSizePolicy -XX:+UseCompressedClassPointers -XX:+UseCompressedOops -XX:-UseLargePagesIndividualAllocation -XX:+UseParallelGC 
2.723: [GC (Allocation Failure) [PSYoungGen: 203776K->12000K(233472K)] 306176K->134888K(495616K), 0.0154346 secs] [Times: user=0.00 sys=0.00, real=0.02 secs] 
4.702: [GC (Allocation Failure) [PSYoungGen: 215776K->10856K(233472K)] 338664K->133744K(495616K), 0.0030023 secs] [Times: user=0.00 sys=0.00, real=0.00 secs] 
7.031: [Full GC (Ergonomics) [PSYoungGen: 206438K->0K(233472K)] [ParOldGen: 225288K->41488K(262144K)] 431726K->41488K(495616K), [Metaspace: 2759K->2759K(1056768K)], 0.0097136 secs] [Times: user=0.00 sys=0.00, real=0.01 secs] 
8.466: [GC (Allocation Failure) [PSYoungGen: 193534K->20480K(233472K)] 235023K->61968K(495616K), 0.0037482 secs] [Times: user=0.00 sys=0.00, real=0.00 secs] 
9.666: [GC (Allocation Failure) [PSYoungGen: 219120K->15360K(233472K)] 260609K->108048K(495616K), 0.0054789 secs] [Times: user=0.00 sys=0.00, real=0.01 secs] 
10.648: [GC (Allocation Failure) [PSYoungGen: 219111K->10240K(233472K)] 311800K->205328K(495616K), 0.0153156 secs] [Times: user=0.00 sys=0.00, real=0.01 secs] 
10.663: [Full GC (Ergonomics) [PSYoungGen: 10240K->0K(233472K)] [ParOldGen: 195088K->164368K(262144K)] 205328K->164368K(495616K), [Metaspace: 2761K->2761K(1056768K)], 0.0119177 secs] [Times: user=0.00 sys=0.00, real=0.01 secs] 
11.445: [Full GC (Ergonomics) [PSYoungGen: 111585K->0K(233472K)] [ParOldGen: 164368K->215568K(262144K)] 275954K->215568K(495616K), [Metaspace: 2761K->2761K(1056768K)], 0.0060157 secs] [Times: user=0.00 sys=0.00, real=0.01 secs] 
12.770: [Full GC (Ergonomics) [PSYoungGen: 158955K->0K(233472K)] [ParOldGen: 215568K->26624K(262144K)] 374524K->26624K(495616K), [Metaspace: 2763K->2763K(1056768K)], 0.0031916 secs] [Times: user=0.00 sys=0.00, real=0.00 secs] 
13.970: [GC (Allocation Failure) [PSYoungGen: 198561K->21504K(233472K)] 225185K->48128K(495616K), 0.0021968 secs] [Times: user=0.00 sys=0.00, real=0.00 secs] 
14.953: [GC (Allocation Failure) [PSYoungGen: 225196K->21504K(233472K)] 251821K->48128K(495616K), 0.0018496 secs] [Times: user=0.02 sys=0.00, real=0.00 secs] 
18.224: [GC (Allocation Failure) [PSYoungGen: 225212K->20480K(233472K)] 354236K->169984K(495616K), 0.0030776 secs] [Times: user=0.00 sys=0.00, real=0.00 secs] 
19.208: [GC (Allocation Failure) [PSYoungGen: 224212K->15360K(233472K)] 373716K->216064K(495616K), 0.0054328 secs] [Times: user=0.00 sys=0.00, real=0.01 secs] 
19.213: [Full GC (Ergonomics) [PSYoungGen: 15360K->0K(233472K)] [ParOldGen: 200704K->87569K(262144K)] 216064K->87569K(495616K), [Metaspace: 2770K->2770K(1056768K)], 0.0070335 secs] [Times: user=0.02 sys=0.00, real=0.01 secs] 
21.081: [GC (Allocation Failure) [PSYoungGen: 203733K->15360K(233472K)] 291302K->205329K(495616K), 0.0149711 secs] [Times: user=0.00 sys=0.00, real=0.02 secs] 
21.096: [Full GC (Ergonomics) [PSYoungGen: 15360K->0K(233472K)] [ParOldGen: 189969K->118289K(262144K)] 205329K->118289K(495616K), [Metaspace: 2779K->2779K(1056768K)], 0.0089496 secs] [Times: user=0.00 sys=0.00, real=0.01 secs] 
22.078: [GC (Allocation Failure) [PSYoungGen: 203719K->6144K(233472K)] 322009K->124433K(495616K), 0.0009341 secs] [Times: user=0.00 sys=0.00, real=0.00 secs] 
24.150: [Full GC (Ergonomics) [PSYoungGen: 163775K->0K(233472K)] [ParOldGen: 220689K->31744K(262144K)] 384464K->31744K(495616K), [Metaspace: 2779K->2779K(1056768K)], 0.0035522 secs] [Times: user=0.00 sys=0.00, real=0.00 secs] 
25.349: [GC (Allocation Failure) [PSYoungGen: 198613K->15360K(233472K)] 230357K->47104K(495616K), 0.0014221 secs] [Times: user=0.00 sys=0.00, real=0.00 secs] 
26.334: [GC (Allocation Failure) [PSYoungGen: 219094K->25600K(233472K)] 250838K->57344K(495616K), 0.0023158 secs] [Times: user=0.00 sys=0.00, real=0.00 secs] 
29.390: [GC (Allocation Failure) [PSYoungGen: 230200K->15392K(233472K)] 364344K->200744K(495616K), 0.0051216 secs] [Times: user=0.01 sys=0.00, real=0.00 secs] 
29.395: [Full GC (Ergonomics) [PSYoungGen: 15392K->0K(233472K)] [ParOldGen: 185352K->67089K(262144K)] 200744K->67089K(495616K), [Metaspace: 2793K->2793K(1056768K)], 0.0055774 secs] [Times: user=0.00 sys=0.00, real=0.01 secs] 
30.281: [GC (Allocation Failure) [PSYoungGen: 203749K->1024K(233472K)] 270838K->170513K(495616K), 0.0157528 secs] [Times: user=0.02 sys=0.00, real=0.02 secs] 
30.297: [Full GC (Ergonomics) [PSYoungGen: 1024K->0K(233472K)] [ParOldGen: 169489K->165393K(262144K)] 170513K->165393K(495616K), [Metaspace: 2793K->2793K(1056768K)], 0.0083209 secs] [Times: user=0.00 sys=0.00, real=0.01 secs] 
32.705: [Full GC (Ergonomics) [PSYoungGen: 203730K->0K(233472K)] [ParOldGen: 165393K->27648K(262144K)] 369123K->27648K(495616K), [Metaspace: 2793K->2793K(1056768K)], 0.0036436 secs] [Times: user=0.00 sys=0.00, real=0.00 secs] 
33.905: [GC (Allocation Failure) [PSYoungGen: 198597K->21504K(233472K)] 226245K->49152K(495616K), 0.0013410 secs] [Times: user=0.00 sys=0.00, real=0.00 secs] 
35.322: [GC (Allocation Failure) [PSYoungGen: 225227K->10240K(233472K)] 252876K->37888K(495616K), 0.0012409 secs] [Times: user=0.00 sys=0.00, real=0.00 secs] 
36.303: [GC (Allocation Failure) [PSYoungGen: 213968K->20480K(233472K)] 241616K->48128K(495616K), 0.0018130 secs] [Times: user=0.00 sys=0.00, real=0.00 secs] 
38.380: [GC (Allocation Failure) [PSYoungGen: 203731K->25600K(233472K)] 333779K->191488K(495616K), 0.0039826 secs] [Times: user=0.00 sys=0.00, real=0.00 secs] 
38.384: [Full GC (Ergonomics) [PSYoungGen: 25600K->0K(233472K)] [ParOldGen: 165888K->61969K(262144K)] 191488K->61969K(495616K), [Metaspace: 2793K->2793K(1056768K)], 0.0052561 secs] [Times: user=0.00 sys=0.00, real=0.01 secs] 
40.910: [Full GC (Ergonomics) [PSYoungGen: 198626K->0K(233472K)] [ParOldGen: 164369K->118289K(262144K)] 362996K->118289K(495616K), [Metaspace: 2793K->2793K(1056768K)], 0.0093900 secs] [Times: user=0.00 sys=0.00, real=0.01 secs] 
41.784: [GC (Allocation Failure) [PSYoungGen: 203756K->6144K(233472K)] 322046K->124433K(495616K), 0.0010744 secs] [Times: user=0.00 sys=0.00, real=0.00 secs] 
45.399: [Full GC (Ergonomics) [PSYoungGen: 210917K->0K(233472K)] [ParOldGen: 220689K->27648K(262144K)] 431607K->27648K(495616K), [Metaspace: 2795K->2795K(1056768K)], 0.0033813 secs] [Times: user=0.00 sys=0.00, real=0.00 secs] 
46.816: [GC (Allocation Failure) [PSYoungGen: 198638K->10240K(233472K)] 226286K->37888K(495616K), 0.0012042 secs] [Times: user=0.00 sys=0.00, real=0.00 secs] 
47.909: [GC (Allocation Failure) [PSYoungGen: 213997K->25600K(233472K)] 241645K->58368K(495616K), 0.0032744 secs] [Times: user=0.00 sys=0.00, real=0.00 secs] 
48.782: [GC (Allocation Failure) [PSYoungGen: 229349K->21504K(233472K)] 262117K->105472K(495616K), 0.0163427 secs] [Times: user=0.00 sys=0.00, real=0.02 secs] 
51.199: [Full GC (Ergonomics) [PSYoungGen: 204769K->0K(233472K)] [ParOldGen: 186368K->26624K(262144K)] 391137K->26624K(495616K), [Metaspace: 2795K->2795K(1056768K)], 0.0034187 secs] [Times: user=0.00 sys=0.00, real=0.00 secs] 
52.403: [GC (Allocation Failure) [PSYoungGen: 198635K->16384K(233472K)] 225259K->43008K(495616K), 0.0013690 secs] [Times: user=0.00 sys=0.00, real=0.00 secs] 
53.383: [GC (Allocation Failure) [PSYoungGen: 220117K->12288K(233472K)] 246741K->38912K(495616K), 0.0008566 secs] [Times: user=0.00 sys=0.00, real=0.00 secs] 
56.770: [GC (Allocation Failure) [PSYoungGen: 216022K->25600K(233472K)] 345046K->159744K(495616K), 0.0022024 secs] [Times: user=0.00 sys=0.00, real=0.00 secs] 
58.189: [GC (Allocation Failure) [PSYoungGen: 219109K->5120K(233472K)] 353253K->139264K(495616K), 0.0008185 secs] [Times: user=0.00 sys=0.00, real=0.00 secs] 
59.282: [GC (Allocation Failure) [PSYoungGen: 208871K->10240K(233472K)] 343015K->195584K(495616K), 0.0046028 secs] [Times: user=0.00 sys=0.00, real=0.00 secs] 
59.287: [Full GC (Ergonomics) [PSYoungGen: 10240K->0K(233472K)] [ParOldGen: 185344K->61969K(262144K)] 195584K->61969K(495616K), [Metaspace: 2796K->2796K(1056768K)], 0.0052142 secs] [Times: user=0.00 sys=0.00, real=0.00 secs] 
60.158: [GC (Allocation Failure) [PSYoungGen: 203745K->1024K(233472K)] 265715K->165393K(495616K), 0.0155328 secs] [Times: user=0.00 sys=0.00, real=0.01 secs] 
60.174: [Full GC (Ergonomics) [PSYoungGen: 1024K->0K(233472K)] [ParOldGen: 164369K->160273K(262144K)] 165393K->160273K(495616K), [Metaspace: 2796K->2796K(1056768K)], 0.0088642 secs] [Times: user=0.00 sys=0.00, real=0.01 secs] 
61.264: [Full GC (Ergonomics) [PSYoungGen: 126927K->0K(233472K)] [ParOldGen: 160273K->215569K(262144K)] 287201K->215569K(495616K), [Metaspace: 2796K->2796K(1056768K)], 0.0054903 secs] [Times: user=0.02 sys=0.00, real=0.01 secs] 
62.595: [Full GC (Ergonomics) [PSYoungGen: 157618K->0K(233472K)] [ParOldGen: 215569K->26624K(262144K)] 373188K->26624K(495616K), [Metaspace: 2796K->2796K(1056768K)], 0.0035630 secs] [Times: user=0.00 sys=0.00, real=0.00 secs] 
63.797: [GC (Allocation Failure) [PSYoungGen: 198569K->21504K(233472K)] 225193K->48128K(495616K), 0.0015222 secs] [Times: user=0.02 sys=0.00, real=0.00 secs] 
64.777: [GC (Allocation Failure) [PSYoungGen: 225202K->21504K(233472K)] 251826K->48128K(495616K), 0.0015855 secs] [Times: user=0.00 sys=0.00, real=0.00 secs] 
68.053: [GC (Allocation Failure) [PSYoungGen: 225215K->20480K(233472K)] 354240K->169984K(495616K), 0.0030825 secs] [Times: user=0.00 sys=0.00, real=0.00 secs] 
69.040: [GC (Allocation Failure) [PSYoungGen: 224214K->15360K(233472K)] 373718K->216064K(495616K), 0.0056788 secs] [Times: user=0.00 sys=0.00, real=0.00 secs] 
69.046: [Full GC (Ergonomics) [PSYoungGen: 15360K->0K(233472K)] [ParOldGen: 200704K->87569K(262144K)] 216064K->87569K(495616K), [Metaspace: 2796K->2796K(1056768K)], 0.0069391 secs] [Times: user=0.05 sys=0.00, real=0.01 secs] 
70.913: [GC (Allocation Failure) [PSYoungGen: 203734K->15360K(233472K)] 291304K->205329K(495616K), 0.0159683 secs] [Times: user=0.00 sys=0.00, real=0.02 secs] 
70.929: [Full GC (Ergonomics) [PSYoungGen: 15360K->0K(233472K)] [ParOldGen: 189969K->118289K(262144K)] 205329K->118289K(495616K), [Metaspace: 2796K->2796K(1056768K)], 0.0090271 secs] [Times: user=0.00 sys=0.00, real=0.01 secs] 
71.928: [GC (Allocation Failure) [PSYoungGen: 203720K->6144K(233472K)] 322010K->124433K(495616K), 0.0010075 secs] [Times: user=0.00 sys=0.00, real=0.00 secs] 
74.000: [Full GC (Ergonomics) [PSYoungGen: 163775K->0K(233472K)] [ParOldGen: 220689K->31744K(262144K)] 384465K->31744K(495616K), [Metaspace: 2796K->2796K(1056768K)], 0.0036275 secs] [Times: user=0.01 sys=0.00, real=0.00 secs] 
75.200: [GC (Allocation Failure) [PSYoungGen: 198614K->15360K(233472K)] 230358K->47104K(495616K), 0.0014224 secs] [Times: user=0.00 sys=0.00, real=0.00 secs] 
76.183: [GC (Allocation Failure) [PSYoungGen: 219094K->25600K(233472K)] 250838K->57344K(495616K), 0.0020084 secs] [Times: user=0.00 sys=0.00, real=0.00 secs] 
79.239: [GC (Allocation Failure) [PSYoungGen: 229335K->15360K(233472K)] 363479K->200704K(495616K), 0.0049995 secs] [Times: user=0.00 sys=0.00, real=0.00 secs] 
79.244: [Full GC (Ergonomics) [PSYoungGen: 15360K->0K(233472K)] [ParOldGen: 185344K->67089K(262144K)] 200704K->67089K(495616K), [Metaspace: 2796K->2796K(1056768K)], 0.0055625 secs] [Times: user=0.00 sys=0.00, real=0.01 secs] 
80.128: [GC (Allocation Failure) [PSYoungGen: 203749K->1024K(233472K)] 270838K->170513K(495616K), 0.0151564 secs] [Times: user=0.00 sys=0.00, real=0.01 secs] 
80.143: [Full GC (Ergonomics) [PSYoungGen: 1024K->0K(233472K)] [ParOldGen: 169489K->165393K(262144K)] 170513K->165393K(495616K), [Metaspace: 2796K->2796K(1056768K)], 0.0083427 secs] [Times: user=0.00 sys=0.00, real=0.01 secs] 
82.545: [Full GC (Ergonomics) [PSYoungGen: 203730K->0K(233472K)] [ParOldGen: 165393K->27153K(262144K)] 369123K->27153K(495616K), [Metaspace: 2796K->2796K(1056768K)], 0.0034247 secs] [Times: user=0.00 sys=0.00, real=0.00 secs] 
83.745: [GC (Allocation Failure) [PSYoungGen: 198597K->21504K(233472K)] 225751K->48657K(495616K), 0.0014513 secs] [Times: user=0.00 sys=0.00, real=0.00 secs] 
85.166: [GC (Allocation Failure) [PSYoungGen: 225227K->10240K(233472K)] 252381K->37393K(495616K), 0.0011745 secs] [Times: user=0.00 sys=0.00, real=0.00 secs] 
86.151: [GC (Allocation Failure) [PSYoungGen: 213968K->20480K(233472K)] 241121K->47633K(495616K), 0.0016413 secs] [Times: user=0.00 sys=0.00, real=0.00 secs] 
88.223: [GC (Allocation Failure) [PSYoungGen: 203731K->25600K(233472K)] 333284K->190993K(495616K), 0.0040406 secs] [Times: user=0.00 sys=0.00, real=0.00 secs] 
88.227: [Full GC (Ergonomics) [PSYoungGen: 25600K->0K(233472K)] [ParOldGen: 165393K->61969K(262144K)] 190993K->61969K(495616K), [Metaspace: 2796K->2796K(1056768K)], 0.0052273 secs] [Times: user=0.00 sys=0.00, real=0.00 secs] 
90.751: [Full GC (Ergonomics) [PSYoungGen: 198626K->0K(233472K)] [ParOldGen: 164369K->118289K(262144K)] 362996K->118289K(495616K), [Metaspace: 2796K->2796K(1056768K)], 0.0093256 secs] [Times: user=0.00 sys=0.00, real=0.01 secs] 
91.626: [GC (Allocation Failure) [PSYoungGen: 203756K->6144K(233472K)] 322046K->124433K(495616K), 0.0007871 secs] [Times: user=0.00 sys=0.00, real=0.00 secs] 
95.221: [Full GC (Ergonomics) [PSYoungGen: 210917K->0K(233472K)] [ParOldGen: 220689K->27648K(262144K)] 431607K->27648K(495616K), [Metaspace: 2796K->2796K(1056768K)], 0.0033627 secs] [Times: user=0.00 sys=0.00, real=0.00 secs] 
96.639: [GC (Allocation Failure) [PSYoungGen: 198638K->10240K(233472K)] 226286K->37888K(495616K), 0.0013931 secs] [Times: user=0.00 sys=0.00, real=0.00 secs] 
97.729: [GC (Allocation Failure) [PSYoungGen: 213997K->25600K(233472K)] 241645K->58368K(495616K), 0.0025772 secs] [Times: user=0.00 sys=0.00, real=0.00 secs] 
98.601: [GC (Allocation Failure) [PSYoungGen: 229349K->21504K(233472K)] 262117K->105472K(495616K), 0.0048665 secs] [Times: user=0.00 sys=0.00, real=0.01 secs] 
101.007: [Full GC (Ergonomics) [PSYoungGen: 204769K->0K(233472K)] [ParOldGen: 186368K->26624K(262144K)] 391137K->26624K(495616K), [Metaspace: 2796K->2796K(1056768K)], 0.0034486 secs] [Times: user=0.00 sys=0.00, real=0.00 secs] 
102.209: [GC (Allocation Failure) [PSYoungGen: 198635K->16384K(233472K)] 225259K->43008K(495616K), 0.0014189 secs] [Times: user=0.00 sys=0.00, real=0.00 secs] 
103.191: [GC (Allocation Failure) [PSYoungGen: 220117K->12288K(233472K)] 246741K->38912K(495616K), 0.0009154 secs] [Times: user=0.00 sys=0.00, real=0.00 secs] 
106.570: [GC (Allocation Failure) [PSYoungGen: 216022K->20480K(233472K)] 345046K->159744K(495616K), 0.0022611 secs] [Times: user=0.00 sys=0.00, real=0.00 secs] 
107.992: [GC (Allocation Failure) [PSYoungGen: 213989K->5120K(233472K)] 353253K->144384K(495616K), 0.0009694 secs] [Times: user=0.00 sys=0.00, real=0.00 secs] 
109.084: [GC (Allocation Failure) [PSYoungGen: 208871K->10240K(233472K)] 348135K->200704K(495616K), 0.0048236 secs] [Times: user=0.00 sys=0.00, real=0.00 secs] 
109.089: [Full GC (Ergonomics) [PSYoungGen: 10240K->0K(233472K)] [ParOldGen: 190464K->61969K(262144K)] 200704K->61969K(495616K), [Metaspace: 2796K->2796K(1056768K)], 0.0054197 secs] [Times: user=0.00 sys=0.00, real=0.00 secs] 
109.974: [GC (Allocation Failure) [PSYoungGen: 203745K->1024K(233472K)] 265715K->165393K(495616K), 0.0152484 secs] [Times: user=0.00 sys=0.00, real=0.01 secs] 
109.989: [Full GC (Ergonomics) [PSYoungGen: 1024K->0K(233472K)] [ParOldGen: 164369K->160273K(262144K)] 165393K->160273K(495616K), [Metaspace: 2796K->2796K(1056768K)], 0.0083905 secs] [Times: user=0.00 sys=0.00, real=0.01 secs] 
111.083: [Full GC (Ergonomics) [PSYoungGen: 126927K->0K(233472K)] [ParOldGen: 160273K->215569K(262144K)] 287201K->215569K(495616K), [Metaspace: 2796K->2796K(1056768K)], 0.0055078 secs] [Times: user=0.00 sys=0.00, real=0.01 secs] 
112.405: [Full GC (Ergonomics) [PSYoungGen: 157618K->0K(233472K)] [ParOldGen: 215569K->26624K(262144K)] 373188K->26624K(495616K), [Metaspace: 2796K->2796K(1056768K)], 0.0042790 secs] [Times: user=0.09 sys=0.00, real=0.00 secs] 
113.602: [GC (Allocation Failure) [PSYoungGen: 198569K->21504K(233472K)] 225193K->48128K(495616K), 0.0013213 secs] [Times: user=0.00 sys=0.00, real=0.00 secs] 
114.581: [GC (Allocation Failure) [PSYoungGen: 225202K->21504K(233472K)] 251826K->48128K(495616K), 0.0015560 secs] [Times: user=0.00 sys=0.00, real=0.00 secs] 
117.854: [GC (Allocation Failure) [PSYoungGen: 225215K->20480K(233472K)] 354240K->169984K(495616K), 0.0030470 secs] [Times: user=0.00 sys=0.00, real=0.00 secs] 
118.834: [GC (Allocation Failure) [PSYoungGen: 224214K->15360K(233472K)] 373718K->216064K(495616K), 0.0050231 secs] [Times: user=0.00 sys=0.00, real=0.01 secs] 
118.839: [Full GC (Ergonomics) [PSYoungGen: 15360K->0K(233472K)] [ParOldGen: 200704K->87569K(262144K)] 216064K->87569K(495616K), [Metaspace: 2796K->2796K(1056768K)], 0.0069135 secs] [Times: user=0.00 sys=0.00, real=0.01 secs] 
120.706: [GC (Allocation Failure) [PSYoungGen: 203734K->15360K(233472K)] 291304K->205329K(495616K), 0.0158705 secs] [Times: user=0.00 sys=0.00, real=0.02 secs] 
120.722: [Full GC (Ergonomics) [PSYoungGen: 15360K->0K(233472K)] [ParOldGen: 189969K->118289K(262144K)] 205329K->118289K(495616K), [Metaspace: 2796K->2796K(1056768K)], 0.0090882 secs] [Times: user=0.00 sys=0.00, real=0.01 secs] 
121.704: [GC (Allocation Failure) [PSYoungGen: 203720K->6144K(233472K)] 322010K->124433K(495616K), 0.0010930 secs] [Times: user=0.00 sys=0.00, real=0.00 secs] 
123.777: [Full GC (Ergonomics) [PSYoungGen: 163775K->0K(233472K)] [ParOldGen: 220689K->31744K(262144K)] 384465K->31744K(495616K), [Metaspace: 2796K->2796K(1056768K)], 0.0033447 secs] [Times: user=0.00 sys=0.00, real=0.00 secs] 
124.978: [GC (Allocation Failure) [PSYoungGen: 198614K->15360K(233472K)] 230358K->47104K(495616K), 0.0017080 secs] [Times: user=0.00 sys=0.00, real=0.00 secs] 
125.961: [GC (Allocation Failure) [PSYoungGen: 219094K->25600K(233472K)] 250838K->57344K(495616K), 0.0020607 secs] [Times: user=0.00 sys=0.00, real=0.00 secs] 
129.019: [GC (Allocation Failure) [PSYoungGen: 229335K->15360K(233472K)] 363479K->200704K(495616K), 0.0050155 secs] [Times: user=0.00 sys=0.00, real=0.00 secs] 
129.024: [Full GC (Ergonomics) [PSYoungGen: 15360K->0K(233472K)] [ParOldGen: 185344K->67089K(262144K)] 200704K->67089K(495616K), [Metaspace: 2796K->2796K(1056768K)], 0.0055724 secs] [Times: user=0.00 sys=0.00, real=0.01 secs] 
129.908: [GC (Allocation Failure) [PSYoungGen: 203749K->1024K(233472K)] 270838K->170513K(495616K), 0.0155482 secs] [Times: user=0.00 sys=0.00, real=0.02 secs] 
129.924: [Full GC (Ergonomics) [PSYoungGen: 1024K->0K(233472K)] [ParOldGen: 169489K->165393K(262144K)] 170513K->165393K(495616K), [Metaspace: 2796K->2796K(1056768K)], 0.0088125 secs] [Times: user=0.00 sys=0.00, real=0.01 secs] 
132.326: [Full GC (Ergonomics) [PSYoungGen: 203730K->0K(233472K)] [ParOldGen: 165393K->27648K(262144K)] 369123K->27648K(495616K), [Metaspace: 2796K->2796K(1056768K)], 0.0035797 secs] [Times: user=0.00 sys=0.00, real=0.00 secs] 
133.528: [GC (Allocation Failure) [PSYoungGen: 198597K->21504K(233472K)] 226245K->49152K(495616K), 0.0014912 secs] [Times: user=0.00 sys=0.00, real=0.00 secs] 
134.944: [GC (Allocation Failure) [PSYoungGen: 225227K->10240K(233472K)] 252875K->37888K(495616K), 0.0012436 secs] [Times: user=0.00 sys=0.00, real=0.00 secs] 
135.928: [GC (Allocation Failure) [PSYoungGen: 213968K->20480K(233472K)] 241616K->48128K(495616K), 0.0016479 secs] [Times: user=0.00 sys=0.00, real=0.00 secs] 
138.000: [GC (Allocation Failure) [PSYoungGen: 203731K->25600K(233472K)] 333779K->191488K(495616K), 0.0038259 secs] [Times: user=0.00 sys=0.00, real=0.00 secs] 
138.004: [Full GC (Ergonomics) [PSYoungGen: 25600K->0K(233472K)] [ParOldGen: 165888K->61969K(262144K)] 191488K->61969K(495616K), [Metaspace: 2796K->2796K(1056768K)], 0.0054010 secs] [Times: user=0.00 sys=0.00, real=0.00 secs] 
140.524: [Full GC (Ergonomics) [PSYoungGen: 198626K->0K(233472K)] [ParOldGen: 164369K->118289K(262144K)] 362996K->118289K(495616K), [Metaspace: 2796K->2796K(1056768K)], 0.0091547 secs] [Times: user=0.00 sys=0.00, real=0.01 secs] 
141.409: [GC (Allocation Failure) [PSYoungGen: 203756K->6144K(233472K)] 322046K->124433K(495616K), 0.0009836 secs] [Times: user=0.00 sys=0.00, real=0.00 secs] 
145.011: [Full GC (Ergonomics) [PSYoungGen: 210917K->0K(233472K)] [ParOldGen: 220689K->27648K(262144K)] 431607K->27648K(495616K), [Metaspace: 2796K->2796K(1056768K)], 0.0033913 secs] [Times: user=0.00 sys=0.00, real=0.00 secs] 
146.431: [GC (Allocation Failure) [PSYoungGen: 198638K->10240K(233472K)] 226286K->37888K(495616K), 0.0012111 secs] [Times: user=0.00 sys=0.00, real=0.00 secs] 
147.521: [GC (Allocation Failure) [PSYoungGen: 213997K->25600K(233472K)] 241645K->58368K(495616K), 0.0026978 secs] [Times: user=0.00 sys=0.00, real=0.00 secs] 
148.395: [GC (Allocation Failure) [PSYoungGen: 229349K->21504K(233472K)] 262117K->105472K(495616K), 0.0052251 secs] [Times: user=0.00 sys=0.00, real=0.00 secs] 
150.796: [Full GC (Ergonomics) [PSYoungGen: 204769K->0K(233472K)] [ParOldGen: 186368K->26624K(262144K)] 391137K->26624K(495616K), [Metaspace: 2796K->2796K(1056768K)], 0.0031208 secs] [Times: user=0.01 sys=0.00, real=0.00 secs] 
151.995: [GC (Allocation Failure) [PSYoungGen: 198635K->16384K(233472K)] 225259K->43008K(495616K), 0.0013262 secs] [Times: user=0.00 sys=0.00, real=0.00 secs] 
152.976: [GC (Allocation Failure) [PSYoungGen: 220117K->12288K(233472K)] 246741K->38912K(495616K), 0.0012838 secs] [Times: user=0.00 sys=0.00, real=0.00 secs] 
156.361: [GC (Allocation Failure) [PSYoungGen: 216022K->20480K(233472K)] 345046K->159744K(495616K), 0.0022096 secs] [Times: user=0.00 sys=0.00, real=0.00 secs] 
157.775: [GC (Allocation Failure) [PSYoungGen: 213989K->5120K(233472K)] 353253K->144384K(495616K), 0.0008249 secs] [Times: user=0.00 sys=0.00, real=0.00 secs] 
158.864: [GC (Allocation Failure) [PSYoungGen: 208871K->10240K(233472K)] 348135K->200704K(495616K), 0.0049107 secs] [Times: user=0.00 sys=0.00, real=0.00 secs] 
158.869: [Full GC (Ergonomics) [PSYoungGen: 10240K->0K(233472K)] [ParOldGen: 190464K->61969K(262144K)] 200704K->61969K(495616K), [Metaspace: 2796K->2796K(1056768K)], 0.0053853 secs] [Times: user=0.00 sys=0.00, real=0.01 secs] 
159.752: [GC (Allocation Failure) [PSYoungGen: 203745K->1024K(233472K)] 265715K->165393K(495616K), 0.0081580 secs] [Times: user=0.00 sys=0.00, real=0.01 secs] 
159.761: [Full GC (Ergonomics) [PSYoungGen: 1024K->0K(233472K)] [ParOldGen: 164369K->160273K(262144K)] 165393K->160273K(495616K), [Metaspace: 2796K->2796K(1056768K)], 0.0087151 secs] [Times: user=0.02 sys=0.00, real=0.01 secs] 
160.862: [Full GC (Ergonomics) [PSYoungGen: 126927K->0K(233472K)] [ParOldGen: 160273K->215569K(262144K)] 287201K->215569K(495616K), [Metaspace: 2796K->2796K(1056768K)], 0.0055475 secs] [Times: user=0.00 sys=0.00, real=0.01 secs] 
162.174: [Full GC (Ergonomics) [PSYoungGen: 157618K->0K(233472K)] [ParOldGen: 215569K->26624K(262144K)] 373188K->26624K(495616K), [Metaspace: 2796K->2796K(1056768K)], 0.0033529 secs] [Times: user=0.00 sys=0.00, real=0.00 secs] 
163.378: [GC (Allocation Failure) [PSYoungGen: 198569K->21504K(233472K)] 225193K->48128K(495616K), 0.0014340 secs] [Times: user=0.00 sys=0.00, real=0.00 secs] 
164.362: [GC (Allocation Failure) [PSYoungGen: 225202K->21504K(233472K)] 251826K->48128K(495616K), 0.0017429 secs] [Times: user=0.00 sys=0.00, real=0.00 secs] 
167.635: [GC (Allocation Failure) [PSYoungGen: 225215K->20480K(233472K)] 354240K->169984K(495616K), 0.0029785 secs] [Times: user=0.00 sys=0.00, real=0.00 secs] 
168.617: [GC (Allocation Failure) [PSYoungGen: 224214K->15360K(233472K)] 373718K->216064K(495616K), 0.0050413 secs] [Times: user=0.00 sys=0.00, real=0.01 secs] 
168.622: [Full GC (Ergonomics) [PSYoungGen: 15360K->0K(233472K)] [ParOldGen: 200704K->87569K(262144K)] 216064K->87569K(495616K), [Metaspace: 2796K->2796K(1056768K)], 0.0069230 secs] [Times: user=0.00 sys=0.00, real=0.01 secs] 
170.486: [GC (Allocation Failure) [PSYoungGen: 203734K->15360K(233472K)] 291304K->205329K(495616K), 0.0149634 secs] [Times: user=0.00 sys=0.00, real=0.02 secs] 
170.501: [Full GC (Ergonomics) [PSYoungGen: 15360K->0K(233472K)] [ParOldGen: 189969K->118289K(262144K)] 205329K->118289K(495616K), [Metaspace: 2796K->2796K(1056768K)], 0.0092603 secs] [Times: user=0.00 sys=0.00, real=0.01 secs] 
171.498: [GC (Allocation Failure) [PSYoungGen: 203720K->6144K(233472K)] 322010K->124433K(495616K), 0.0007689 secs] [Times: user=0.00 sys=0.00, real=0.00 secs] 
173.570: [Full GC (Ergonomics) [PSYoungGen: 163775K->0K(233472K)] [ParOldGen: 220689K->31744K(262144K)] 384465K->31744K(495616K), [Metaspace: 2796K->2796K(1056768K)], 0.0036778 secs] [Times: user=0.00 sys=0.00, real=0.00 secs] 
174.770: [GC (Allocation Failure) [PSYoungGen: 198614K->15360K(233472K)] 230358K->47104K(495616K), 0.0015194 secs] [Times: user=0.00 sys=0.00, real=0.00 secs] 
175.750: [GC (Allocation Failure) [PSYoungGen: 219094K->25600K(233472K)] 250838K->57344K(495616K), 0.0019125 secs] [Times: user=0.00 sys=0.00, real=0.00 secs] 
178.805: [GC (Allocation Failure) [PSYoungGen: 229335K->15360K(233472K)] 363479K->200704K(495616K), 0.0050718 secs] [Times: user=0.00 sys=0.00, real=0.01 secs] 
178.810: [Full GC (Ergonomics) [PSYoungGen: 15360K->0K(233472K)] [ParOldGen: 185344K->67089K(262144K)] 200704K->67089K(495616K), [Metaspace: 2796K->2796K(1056768K)], 0.0056233 secs] [Times: user=0.00 sys=0.00, real=0.01 secs] 
179.693: [GC (Allocation Failure) [PSYoungGen: 203749K->1024K(233472K)] 270838K->170513K(495616K), 0.0152304 secs] [Times: user=0.00 sys=0.00, real=0.02 secs] 
179.709: [Full GC (Ergonomics) [PSYoungGen: 1024K->0K(233472K)] [ParOldGen: 169489K->165393K(262144K)] 170513K->165393K(495616K), [Metaspace: 2796K->2796K(1056768K)], 0.0092436 secs] [Times: user=0.00 sys=0.00, real=0.01 secs] 
182.129: [Full GC (Ergonomics) [PSYoungGen: 203730K->0K(233472K)] [ParOldGen: 165393K->27648K(262144K)] 369123K->27648K(495616K), [Metaspace: 2796K->2796K(1056768K)], 0.0035803 secs] [Times: user=0.00 sys=0.00, real=0.00 secs] 
183.334: [GC (Allocation Failure) [PSYoungGen: 198597K->21504K(233472K)] 226245K->49152K(495616K), 0.0014159 secs] [Times: user=0.00 sys=0.00, real=0.00 secs] 
184.756: [GC (Allocation Failure) [PSYoungGen: 225227K->10240K(233472K)] 252875K->37888K(495616K), 0.0012653 secs] [Times: user=0.00 sys=0.00, real=0.00 secs] 
185.739: [GC (Allocation Failure) [PSYoungGen: 213968K->20480K(233472K)] 241616K->48128K(495616K), 0.0018460 secs] [Times: user=0.00 sys=0.00, real=0.00 secs] 
187.812: [GC (Allocation Failure) [PSYoungGen: 203731K->25600K(233472K)] 333779K->191488K(495616K), 0.0040597 secs] [Times: user=0.09 sys=0.00, real=0.00 secs] 
187.816: [Full GC (Ergonomics) [PSYoungGen: 25600K->0K(233472K)] [ParOldGen: 165888K->61969K(262144K)] 191488K->61969K(495616K), [Metaspace: 2796K->2796K(1056768K)], 0.0056419 secs] [Times: user=0.00 sys=0.00, real=0.01 secs] 
190.338: [Full GC (Ergonomics) [PSYoungGen: 198626K->0K(233472K)] [ParOldGen: 164369K->118289K(262144K)] 362996K->118289K(495616K), [Metaspace: 2796K->2796K(1056768K)], 0.0092285 secs] [Times: user=0.00 sys=0.00, real=0.01 secs] 
191.212: [GC (Allocation Failure) [PSYoungGen: 203756K->6176K(233472K)] 322046K->124465K(495616K), 0.0008828 secs] [Times: user=0.00 sys=0.00, real=0.00 secs] 
194.812: [Full GC (Ergonomics) [PSYoungGen: 210949K->0K(233472K)] [ParOldGen: 220689K->27648K(262144K)] 431639K->27648K(495616K), [Metaspace: 2796K->2796K(1056768K)], 0.0036723 secs] [Times: user=0.00 sys=0.00, real=0.00 secs] 
196.229: [GC (Allocation Failure) [PSYoungGen: 198638K->10240K(233472K)] 226287K->37888K(495616K), 0.0013552 secs] [Times: user=0.00 sys=0.00, real=0.00 secs] 
197.320: [GC (Allocation Failure) [PSYoungGen: 213997K->10240K(233472K)] 241646K->58368K(495616K), 0.0028092 secs] [Times: user=0.00 sys=0.00, real=0.00 secs] 
198.192: [GC (Allocation Failure) [PSYoungGen: 213989K->6144K(233472K)] 262118K->105472K(495616K), 0.0044994 secs] [Times: user=0.00 sys=0.00, real=0.00 secs] 
200.600: [Full GC (Ergonomics) [PSYoungGen: 189409K->0K(233472K)] [ParOldGen: 201728K->26624K(262144K)] 391137K->26624K(495616K), [Metaspace: 2796K->2796K(1056768K)], 0.0033584 secs] [Times: user=0.00 sys=0.00, real=0.00 secs] 
201.805: [GC (Allocation Failure) [PSYoungGen: 198635K->16384K(233472K)] 225260K->43008K(495616K), 0.0016223 secs] [Times: user=0.00 sys=0.00, real=0.00 secs] 
202.788: [GC (Allocation Failure) [PSYoungGen: 220117K->12288K(233472K)] 246742K->38912K(495616K), 0.0009537 secs] [Times: user=0.00 sys=0.00, real=0.00 secs] 
206.175: [GC (Allocation Failure) [PSYoungGen: 216022K->25600K(233472K)] 345047K->159744K(495616K), 0.0021950 secs] [Times: user=0.00 sys=0.00, real=0.00 secs] 
207.594: [GC (Allocation Failure) [PSYoungGen: 219109K->5120K(233472K)] 353253K->139264K(495616K), 0.0007794 secs] [Times: user=0.00 sys=0.02, real=0.00 secs] 
208.686: [GC (Allocation Failure) [PSYoungGen: 208871K->10240K(233472K)] 343015K->195584K(495616K), 0.0055104 secs] [Times: user=0.00 sys=0.00, real=0.01 secs] 
208.692: [Full GC (Ergonomics) [PSYoungGen: 10240K->0K(233472K)] [ParOldGen: 185344K->61969K(262144K)] 195584K->61969K(495616K), [Metaspace: 2796K->2796K(1056768K)], 0.0058320 secs] [Times: user=0.00 sys=0.00, real=0.01 secs] 
209.574: [GC (Allocation Failure) [PSYoungGen: 203745K->1024K(233472K)] 265715K->165393K(495616K), 0.0160210 secs] [Times: user=0.00 sys=0.00, real=0.02 secs] 
209.590: [Full GC (Ergonomics) [PSYoungGen: 1024K->0K(233472K)] [ParOldGen: 164369K->160273K(262144K)] 165393K->160273K(495616K), [Metaspace: 2796K->2796K(1056768K)], 0.0084324 secs] [Times: user=0.00 sys=0.00, real=0.01 secs] 
210.683: [Full GC (Ergonomics) [PSYoungGen: 126927K->0K(233472K)] [ParOldGen: 160273K->215569K(262144K)] 287201K->215569K(495616K), [Metaspace: 2796K->2796K(1056768K)], 0.0051494 secs] [Times: user=0.00 sys=0.00, real=0.01 secs] 
212.004: [Full GC (Ergonomics) [PSYoungGen: 157618K->0K(233472K)] [ParOldGen: 215569K->26624K(262144K)] 373188K->26624K(495616K), [Metaspace: 2796K->2796K(1056768K)], 0.0032431 secs] [Times: user=0.00 sys=0.00, real=0.00 secs] 
213.203: [GC (Allocation Failure) [PSYoungGen: 198569K->21504K(233472K)] 225193K->48128K(495616K), 0.0015862 secs] [Times: user=0.00 sys=0.00, real=0.00 secs] 
214.188: [GC (Allocation Failure) [PSYoungGen: 225202K->21504K(233472K)] 251826K->48128K(495616K), 0.0017287 secs] [Times: user=0.00 sys=0.00, real=0.00 secs] 
217.467: [GC (Allocation Failure) [PSYoungGen: 225215K->20480K(233472K)] 354240K->169984K(495616K), 0.0029201 secs] [Times: user=0.02 sys=0.00, real=0.00 secs] 
218.452: [GC (Allocation Failure) [PSYoungGen: 224214K->15360K(233472K)] 373718K->216064K(495616K), 0.0052216 secs] [Times: user=0.00 sys=0.00, real=0.01 secs] 
218.458: [Full GC (Ergonomics) [PSYoungGen: 15360K->0K(233472K)] [ParOldGen: 200704K->87569K(262144K)] 216064K->87569K(495616K), [Metaspace: 2796K->2796K(1056768K)], 0.0069922 secs] [Times: user=0.00 sys=0.00, real=0.01 secs] 
Heap
 PSYoungGen      total 233472K, used 13271K [0x00000000f0000000, 0x0000000100000000, 0x0000000100000000)
  eden space 204800K, 6% used [0x00000000f0000000,0x00000000f0cf5c88,0x00000000fc800000)
  from space 28672K, 0% used [0x00000000fc800000,0x00000000fc800000,0x00000000fe400000)
  to   space 28672K, 0% used [0x00000000fe400000,0x00000000fe400000,0x0000000100000000)
 ParOldGen       total 262144K, used 87569K [0x00000000e0000000, 0x00000000f0000000, 0x00000000f0000000)
  object space 262144K, 33% used [0x00000000e0000000,0x00000000e5584730,0x00000000f0000000)
 Metaspace       used 2804K, capacity 4486K, committed 4864K, reserved 1056768K
  class space    used 297K, capacity 386K, committed 512K, reserved 1048576K
