Java HotSpot(TM) 64-Bit Server VM (25.411-b09) for windows-amd64 JRE (1.8.0_411-b09), built on Mar 13 2024 07:26:13 by "java_re" with MS VC++ 17.1 (VS2022)
Memory: 4k page, physical 33403376k(8746628k free), swap 46364108k(3470564k free)
CommandLine flags: -XX:InitialHeapSize=2147483648 -XX:MaxHeapSize=2147483648 -XX:NewRatio=9 -XX:ParallelGCThreads=10 -XX:+PrintGC -XX:+PrintGCDetails -XX:+PrintGCTimeStamps -XX:-UseAdaptiveSizePolicy -XX:+UseCompressedClassPointers -XX:+UseCompressedOops -XX:-UseLargePagesIndividualAllocation -XX:+UseParallelGC 
2.323: [GC (Allocation Failure) [PSYoungGen: 156815K->12016K(183296K)] 259215K->114424K(2071040K), 0.0031199 secs] [Times: user=0.00 sys=0.00, real=0.00 secs] 
4.966: [GC (Allocation Failure) [PSYoungGen: 168760K->10872K(183296K)] 373568K->215688K(2071040K), 0.0025723 secs] [Times: user=0.00 sys=0.00, real=0.00 secs] 
6.848: [GC (Allocation Failure) [PSYoungGen: 162496K->21224K(183296K)] 469712K->338680K(2071040K), 0.0056684 secs] [Times: user=0.02 sys=0.00, real=0.01 secs] 
8.513: [GC (Allocation Failure) [PSYoungGen: 143699K->21160K(183296K)] 563555K->441024K(2071040K), 0.0049980 secs] [Times: user=0.00 sys=0.00, real=0.01 secs] 
8.948: [GC (Allocation Failure) [PSYoungGen: 177903K->1688K(183296K)] 597767K->472752K(2071040K), 0.0189944 secs] [Times: user=0.02 sys=0.00, real=0.02 secs] 
11.064: [GC (Allocation Failure) [PSYoungGen: 158424K->16040K(183296K)] 731888K->589504K(2071040K), 0.0034588 secs] [Times: user=0.02 sys=0.00, real=0.00 secs] 
12.837: [GC (Allocation Failure) [PSYoungGen: 163560K->26104K(183296K)] 839424K->702128K(2071040K), 0.0048855 secs] [Times: user=0.00 sys=0.00, real=0.01 secs] 
13.273: [GC (Allocation Failure) [PSYoungGen: 182844K->7704K(183296K)] 858868K->683728K(2071040K), 0.0048881 secs] [Times: user=0.00 sys=0.00, real=0.01 secs] 
15.372: [GC (Allocation Failure) [PSYoungGen: 164431K->16968K(183296K)] 942855K->805632K(2071040K), 0.0059340 secs] [Times: user=0.01 sys=0.00, real=0.01 secs] 
17.799: [GC (Allocation Failure) [PSYoungGen: 173701K->26088K(183296K)] 1064765K->922296K(2071040K), 0.0057560 secs] [Times: user=0.00 sys=0.00, real=0.01 secs] 
20.007: [GC (Allocation Failure) [PSYoungGen: 162344K->5704K(183296K)] 1160953K->1004312K(2071040K), 0.0054623 secs] [Times: user=0.00 sys=0.00, real=0.00 secs] 
20.443: [GC (Allocation Failure) [PSYoungGen: 162443K->1624K(183296K)] 1161051K->1102632K(2071040K), 0.0371647 secs] [Times: user=0.03 sys=0.00, real=0.04 secs] 
22.573: [GC (Allocation Failure) [PSYoungGen: 158357K->16968K(183296K)] 1361765K->1220376K(2071040K), 0.0053315 secs] [Times: user=0.00 sys=0.00, real=0.01 secs] 
24.346: [GC (Allocation Failure) [PSYoungGen: 158345K->21032K(183296K)] 1464153K->1337080K(2071040K), 0.0058061 secs] [Times: user=0.02 sys=0.00, real=0.00 secs] 
24.782: [GC (Allocation Failure) [PSYoungGen: 177771K->1624K(183296K)] 1493819K->1317672K(2071040K), 0.0054187 secs] [Times: user=0.02 sys=0.00, real=0.01 secs] 
26.877: [GC (Allocation Failure) [PSYoungGen: 158357K->25728K(183296K)] 1576805K->1444612K(2071040K), 0.0049038 secs] [Times: user=0.02 sys=0.00, real=0.01 secs] 
28.618: [GC (Allocation Failure) [PSYoungGen: 137049K->25728K(183296K)] 1555933K->1444628K(2071040K), 0.0040393 secs] [Times: user=0.00 sys=0.00, real=0.00 secs] 
29.054: [GC (Allocation Failure) [PSYoungGen: 182450K->6240K(183296K)] 1601350K->1476348K(2071040K), 0.0186686 secs] [Times: user=0.03 sys=0.02, real=0.02 secs] 
31.961: [GC (Allocation Failure) [PSYoungGen: 161959K->2176K(183296K)] 1836868K->1677084K(2071040K), 0.0059736 secs] [Times: user=0.00 sys=0.00, real=0.01 secs] 
34.057: [GC (Allocation Failure) [PSYoungGen: 158896K->12384K(183296K)] 1936205K->1789692K(2071040K), 0.0066333 secs] [Times: user=0.02 sys=0.00, real=0.01 secs] 
35.832: [Full GC (Ergonomics) [PSYoungGen: 153752K->0K(183296K)] [ParOldGen: 1879708K->31249K(1887744K)] 2033461K->31249K(2071040K), [Metaspace: 2793K->2793K(1056768K)], 0.0389415 secs] [Times: user=0.00 sys=0.02, real=0.04 secs] 
36.313: [GC (Allocation Failure) [PSYoungGen: 156733K->1024K(183296K)] 187983K->32273K(2071040K), 0.0005082 secs] [Times: user=0.00 sys=0.00, real=0.00 secs] 
38.381: [GC (Allocation Failure) [PSYoungGen: 157753K->15360K(183296K)] 291403K->169489K(2071040K), 0.0031406 secs] [Times: user=0.00 sys=0.00, real=0.00 secs] 
40.121: [GC (Allocation Failure) [PSYoungGen: 172094K->25600K(183296K)] 326224K->179729K(2071040K), 0.0022560 secs] [Times: user=0.00 sys=0.00, real=0.00 secs] 
40.556: [GC (Allocation Failure) [PSYoungGen: 182330K->6144K(183296K)] 336459K->262673K(2071040K), 0.0107281 secs] [Times: user=0.06 sys=0.00, real=0.01 secs] 
43.292: [GC (Allocation Failure) [PSYoungGen: 162857K->1024K(183296K)] 521786K->359953K(2071040K), 0.0014874 secs] [Times: user=0.00 sys=0.00, real=0.00 secs] 
45.360: [GC (Allocation Failure) [PSYoungGen: 153651K->21504K(183296K)] 614981K->482833K(2071040K), 0.0021369 secs] [Times: user=0.00 sys=0.00, real=0.00 secs] 
47.211: [GC (Allocation Failure) [PSYoungGen: 162874K->20480K(183296K)] 726604K->604689K(2071040K), 0.0032864 secs] [Times: user=0.02 sys=0.00, real=0.00 secs] 
47.646: [GC (Allocation Failure) [PSYoungGen: 177215K->1024K(183296K)] 761424K->585233K(2071040K), 0.0026173 secs] [Times: user=0.00 sys=0.00, real=0.00 secs] 
49.714: [GC (Allocation Failure) [PSYoungGen: 157754K->15360K(183296K)] 844364K->753169K(2071040K), 0.0062103 secs] [Times: user=0.00 sys=0.00, real=0.01 secs] 
51.455: [GC (Allocation Failure) [PSYoungGen: 166975K->25600K(183296K)] 1007184K->865809K(2071040K), 0.0037979 secs] [Times: user=0.02 sys=0.00, real=0.00 secs] 
51.890: [GC (Allocation Failure) [PSYoungGen: 182338K->7168K(183296K)] 1022547K->847377K(2071040K), 0.0036066 secs] [Times: user=0.02 sys=0.00, real=0.00 secs] 
53.959: [GC (Allocation Failure) [PSYoungGen: 163886K->17408K(183296K)] 1106495K->960017K(2071040K), 0.0041175 secs] [Times: user=0.00 sys=0.00, real=0.00 secs] 
56.464: [GC (Allocation Failure) [PSYoungGen: 172142K->25600K(183296K)] 1217151K->1070609K(2071040K), 0.0039996 secs] [Times: user=0.00 sys=0.00, real=0.00 secs] 
58.532: [GC (Allocation Failure) [PSYoungGen: 172093K->20480K(183296K)] 1319502K->1167889K(2071040K), 0.0047998 secs] [Times: user=0.01 sys=0.00, real=0.01 secs] 
58.967: [GC (Allocation Failure) [PSYoungGen: 177216K->1024K(183296K)] 1324626K->1199633K(2071040K), 0.0059582 secs] [Times: user=0.03 sys=0.00, real=0.01 secs] 
61.034: [GC (Allocation Failure) [PSYoungGen: 157755K->15360K(183296K)] 1458765K->1316369K(2071040K), 0.0054079 secs] [Times: user=0.00 sys=0.00, real=0.00 secs] 
62.775: [GC (Allocation Failure) [PSYoungGen: 161855K->25600K(183296K)] 1565265K->1429009K(2071040K), 0.0057957 secs] [Times: user=0.00 sys=0.00, real=0.01 secs] 
63.210: [GC (Allocation Failure) [PSYoungGen: 182338K->7168K(183296K)] 1585748K->1410577K(2071040K), 0.0056861 secs] [Times: user=0.00 sys=0.00, real=0.01 secs] 
65.279: [GC (Allocation Failure) [PSYoungGen: 163893K->21504K(183296K)] 1669703K->1532433K(2071040K), 0.0072650 secs] [Times: user=0.02 sys=0.00, real=0.01 secs] 
67.675: [GC (Allocation Failure) [PSYoungGen: 178236K->25600K(183296K)] 1791565K->1644049K(2071040K), 0.0059675 secs] [Times: user=0.00 sys=0.00, real=0.01 secs] 
69.853: [GC (Allocation Failure) [PSYoungGen: 161856K->5120K(183296K)] 1882705K->1725969K(2071040K), 0.0075682 secs] [Times: user=0.02 sys=0.00, real=0.01 secs] 
70.304: [GC (Allocation Failure) [PSYoungGen: 161858K->1024K(183296K)] 1882708K->1824273K(2071040K), 0.0158006 secs] [Times: user=0.00 sys=0.00, real=0.02 secs] 
70.320: [Full GC (Ergonomics) [PSYoungGen: 1024K->0K(183296K)] [ParOldGen: 1823249K->103953K(1887744K)] 1824273K->103953K(2071040K), [Metaspace: 2796K->2796K(1056768K)], 0.0151313 secs] [Times: user=0.02 sys=0.00, real=0.01 secs] 
72.404: [GC (Allocation Failure) [PSYoungGen: 156733K->16384K(183296K)] 363086K->222737K(2071040K), 0.0016740 secs] [Times: user=0.00 sys=0.00, real=0.00 secs] 
74.145: [GC (Allocation Failure) [PSYoungGen: 157760K->10240K(183296K)] 466514K->339473K(2071040K), 0.0028744 secs] [Times: user=0.00 sys=0.00, real=0.00 secs] 
74.580: [GC (Allocation Failure) [PSYoungGen: 166979K->11264K(183296K)] 496212K->340497K(2071040K), 0.0014192 secs] [Times: user=0.01 sys=0.00, real=0.00 secs] 
76.649: [GC (Allocation Failure) [PSYoungGen: 167997K->25600K(183296K)] 599630K->467473K(2071040K), 0.0030801 secs] [Times: user=0.00 sys=0.00, real=0.00 secs] 
78.390: [GC (Allocation Failure) [PSYoungGen: 136257K->25600K(183296K)] 578130K->467473K(2071040K), 0.0024138 secs] [Times: user=0.00 sys=0.00, real=0.00 secs] 
78.825: [GC (Allocation Failure) [PSYoungGen: 182328K->6144K(183296K)] 624201K->499217K(2071040K), 0.0048438 secs] [Times: user=0.00 sys=0.00, real=0.01 secs] 
81.655: [GC (Allocation Failure) [PSYoungGen: 161872K->2048K(183296K)] 859745K->699921K(2071040K), 0.0026112 secs] [Times: user=0.00 sys=0.00, real=0.00 secs] 
83.725: [GC (Allocation Failure) [PSYoungGen: 158771K->12288K(183296K)] 959044K->812561K(2071040K), 0.0025482 secs] [Times: user=0.00 sys=0.00, real=0.00 secs] 
85.465: [GC (Allocation Failure) [PSYoungGen: 153658K->10240K(183296K)] 1056331K->933393K(2071040K), 0.0029091 secs] [Times: user=0.00 sys=0.00, real=0.00 secs] 
85.901: [GC (Allocation Failure) [PSYoungGen: 166974K->11264K(183296K)] 1090128K->934417K(2071040K), 0.0036246 secs] [Times: user=0.02 sys=0.00, real=0.00 secs] 
87.968: [GC (Allocation Failure) [PSYoungGen: 167994K->25600K(183296K)] 1193548K->1071633K(2071040K), 0.0051611 secs] [Times: user=0.00 sys=0.00, real=0.00 secs] 
89.709: [GC (Allocation Failure) [PSYoungGen: 182335K->25600K(183296K)] 1228368K->1071633K(2071040K), 0.0043908 secs] [Times: user=0.00 sys=0.00, real=0.00 secs] 
90.144: [GC (Allocation Failure) [PSYoungGen: 182330K->6144K(183296K)] 1228364K->1154577K(2071040K), 0.0097783 secs] [Times: user=0.00 sys=0.00, real=0.01 secs] 
92.882: [GC (Allocation Failure) [PSYoungGen: 162857K->1024K(183296K)] 1413691K->1251857K(2071040K), 0.0046393 secs] [Times: user=0.00 sys=0.00, real=0.01 secs] 
94.947: [GC (Allocation Failure) [PSYoungGen: 153652K->21504K(183296K)] 1506885K->1374737K(2071040K), 0.0055304 secs] [Times: user=0.00 sys=0.00, real=0.01 secs] 
96.800: [GC (Allocation Failure) [PSYoungGen: 162875K->20480K(183296K)] 1618508K->1496593K(2071040K), 0.0062550 secs] [Times: user=0.00 sys=0.00, real=0.01 secs] 
97.234: [GC (Allocation Failure) [PSYoungGen: 177215K->21504K(183296K)] 1653328K->1497617K(2071040K), 0.0055337 secs] [Times: user=0.01 sys=0.00, real=0.00 secs] 
99.302: [GC (Allocation Failure) [PSYoungGen: 178234K->25600K(183296K)] 1756748K->1665553K(2071040K), 0.0078954 secs] [Times: user=0.00 sys=0.00, real=0.01 secs] 
101.058: [GC (Allocation Failure) [PSYoungGen: 177215K->25600K(183296K)] 1919569K->1767953K(2071040K), 0.0068839 secs] [Times: user=0.00 sys=0.00, real=0.01 secs] 
101.509: [GC (Allocation Failure) [PSYoungGen: 182338K->7168K(183296K)] 1924691K->1749521K(2071040K), 0.0069070 secs] [Times: user=0.00 sys=0.00, real=0.01 secs] 
103.576: [Full GC (Ergonomics) [PSYoungGen: 163886K->0K(183296K)] [ParOldGen: 1844753K->17937K(1887744K)] 2008640K->17937K(2071040K), [Metaspace: 2796K->2796K(1056768K)], 0.0060213 secs] [Times: user=0.02 sys=0.00, real=0.01 secs] 
106.098: [GC (Allocation Failure) [PSYoungGen: 154734K->25600K(183296K)] 275071K->145937K(2071040K), 0.0022027 secs] [Times: user=0.00 sys=0.00, real=0.00 secs] 
108.181: [GC (Allocation Failure) [PSYoungGen: 172093K->20480K(183296K)] 394830K->243217K(2071040K), 0.0020778 secs] [Times: user=0.00 sys=0.00, real=0.00 secs] 
108.616: [GC (Allocation Failure) [PSYoungGen: 177216K->1024K(183296K)] 399954K->274961K(2071040K), 0.0082236 secs] [Times: user=0.00 sys=0.00, real=0.01 secs] 
110.682: [GC (Allocation Failure) [PSYoungGen: 157755K->15360K(183296K)] 534093K->391697K(2071040K), 0.0014815 secs] [Times: user=0.00 sys=0.00, real=0.00 secs] 
112.426: [GC (Allocation Failure) [PSYoungGen: 161855K->25600K(183296K)] 640593K->504337K(2071040K), 0.0033345 secs] [Times: user=0.00 sys=0.00, real=0.00 secs] 
112.862: [GC (Allocation Failure) [PSYoungGen: 182338K->7168K(183296K)] 661076K->485905K(2071040K), 0.0019164 secs] [Times: user=0.00 sys=0.00, real=0.00 secs] 
114.931: [GC (Allocation Failure) [PSYoungGen: 163893K->21504K(183296K)] 745031K->607761K(2071040K), 0.0028882 secs] [Times: user=0.00 sys=0.00, real=0.00 secs] 
117.326: [GC (Allocation Failure) [PSYoungGen: 178236K->10240K(183296K)] 866893K->719377K(2071040K), 0.0030167 secs] [Times: user=0.00 sys=0.00, real=0.00 secs] 
119.504: [GC (Allocation Failure) [PSYoungGen: 146496K->5120K(183296K)] 958033K->816657K(2071040K), 0.0032507 secs] [Times: user=0.00 sys=0.00, real=0.00 secs] 
119.940: [GC (Allocation Failure) [PSYoungGen: 161858K->1024K(183296K)] 973396K->914961K(2071040K), 0.0089838 secs] [Times: user=0.02 sys=0.00, real=0.01 secs] 
122.023: [GC (Allocation Failure) [PSYoungGen: 157757K->16384K(183296K)] 1174094K->1032721K(2071040K), 0.0042251 secs] [Times: user=0.00 sys=0.00, real=0.01 secs] 
123.763: [GC (Allocation Failure) [PSYoungGen: 157760K->10240K(183296K)] 1276498K->1149457K(2071040K), 0.0042997 secs] [Times: user=0.00 sys=0.00, real=0.01 secs] 
124.198: [GC (Allocation Failure) [PSYoungGen: 166979K->11264K(183296K)] 1306196K->1150481K(2071040K), 0.0050734 secs] [Times: user=0.00 sys=0.00, real=0.00 secs] 
126.267: [GC (Allocation Failure) [PSYoungGen: 167997K->25600K(183296K)] 1409615K->1277457K(2071040K), 0.0064148 secs] [Times: user=0.03 sys=0.00, real=0.01 secs] 
128.010: [GC (Allocation Failure) [PSYoungGen: 136257K->25600K(183296K)] 1388114K->1277457K(2071040K), 0.0055248 secs] [Times: user=0.00 sys=0.00, real=0.01 secs] 
128.446: [GC (Allocation Failure) [PSYoungGen: 182328K->6144K(183296K)] 1434186K->1309201K(2071040K), 0.0060450 secs] [Times: user=0.00 sys=0.00, real=0.00 secs] 
131.277: [GC (Allocation Failure) [PSYoungGen: 161872K->2048K(183296K)] 1669729K->1509905K(2071040K), 0.0055709 secs] [Times: user=0.00 sys=0.00, real=0.00 secs] 
133.346: [GC (Allocation Failure) [PSYoungGen: 158771K->12288K(183296K)] 1769029K->1622545K(2071040K), 0.0069599 secs] [Times: user=0.02 sys=0.00, real=0.01 secs] 
135.089: [GC (Allocation Failure) [PSYoungGen: 153658K->20480K(183296K)] 1866316K->1743377K(2071040K), 0.0078973 secs] [Times: user=0.00 sys=0.00, real=0.01 secs] 
135.539: [GC (Allocation Failure) [PSYoungGen: 177214K->1024K(183296K)] 1900112K->1723921K(2071040K), 0.0075537 secs] [Times: user=0.00 sys=0.00, real=0.01 secs] 
137.608: [Full GC (Ergonomics) [PSYoungGen: 157754K->0K(183296K)] [ParOldGen: 1825297K->47104K(1887744K)] 1983052K->47104K(2071040K), [Metaspace: 2796K->2796K(1056768K)], 0.0087250 secs] [Times: user=0.00 sys=0.00, real=0.01 secs] 
139.366: [GC (Allocation Failure) [PSYoungGen: 156735K->25600K(183296K)] 203839K->72704K(2071040K), 0.0025300 secs] [Times: user=0.00 sys=0.00, real=0.00 secs] 
139.802: [GC (Allocation Failure) [PSYoungGen: 182330K->6144K(183296K)] 229434K->155648K(2071040K), 0.0151509 secs] [Times: user=0.00 sys=0.00, real=0.02 secs] 
142.539: [GC (Allocation Failure) [PSYoungGen: 162857K->1024K(183296K)] 414761K->252928K(2071040K), 0.0009162 secs] [Times: user=0.00 sys=0.00, real=0.00 secs] 
144.606: [GC (Allocation Failure) [PSYoungGen: 153652K->21504K(183296K)] 507956K->375808K(2071040K), 0.0046684 secs] [Times: user=0.00 sys=0.00, real=0.00 secs] 
146.472: [GC (Allocation Failure) [PSYoungGen: 162875K->20480K(183296K)] 619579K->497664K(2071040K), 0.0044148 secs] [Times: user=0.00 sys=0.00, real=0.00 secs] 
146.908: [GC (Allocation Failure) [PSYoungGen: 177215K->21504K(183296K)] 654399K->498688K(2071040K), 0.0028619 secs] [Times: user=0.00 sys=0.00, real=0.00 secs] 
148.992: [GC (Allocation Failure) [PSYoungGen: 178234K->25600K(183296K)] 757819K->666624K(2071040K), 0.0076499 secs] [Times: user=0.00 sys=0.00, real=0.01 secs] 
150.734: [GC (Allocation Failure) [PSYoungGen: 177215K->25600K(183296K)] 920639K->769024K(2071040K), 0.0044581 secs] [Times: user=0.01 sys=0.00, real=0.00 secs] 
151.170: [GC (Allocation Failure) [PSYoungGen: 182338K->7168K(183296K)] 925762K->750592K(2071040K), 0.0041408 secs] [Times: user=0.00 sys=0.00, real=0.00 secs] 
153.238: [GC (Allocation Failure) [PSYoungGen: 163886K->17408K(183296K)] 1009710K->863232K(2071040K), 0.0047136 secs] [Times: user=0.00 sys=0.00, real=0.00 secs] 
155.741: [GC (Allocation Failure) [PSYoungGen: 172142K->25600K(183296K)] 1120366K->973824K(2071040K), 0.0050917 secs] [Times: user=0.00 sys=0.00, real=0.00 secs] 
157.808: [GC (Allocation Failure) [PSYoungGen: 172093K->20480K(183296K)] 1222717K->1071104K(2071040K), 0.0052056 secs] [Times: user=0.00 sys=0.00, real=0.01 secs] 
158.243: [GC (Allocation Failure) [PSYoungGen: 177216K->1024K(183296K)] 1227840K->1102848K(2071040K), 0.0069805 secs] [Times: user=0.00 sys=0.00, real=0.01 secs] 
160.311: [GC (Allocation Failure) [PSYoungGen: 157755K->15360K(183296K)] 1361980K->1219584K(2071040K), 0.0060742 secs] [Times: user=0.01 sys=0.00, real=0.01 secs] 
162.053: [GC (Allocation Failure) [PSYoungGen: 161855K->25600K(183296K)] 1468480K->1332224K(2071040K), 0.0077840 secs] [Times: user=0.00 sys=0.00, real=0.01 secs] 
162.504: [GC (Allocation Failure) [PSYoungGen: 182338K->7168K(183296K)] 1488962K->1313792K(2071040K), 0.0067251 secs] [Times: user=0.00 sys=0.00, real=0.01 secs] 
164.573: [GC (Allocation Failure) [PSYoungGen: 163893K->16384K(183296K)] 1572918K->1435648K(2071040K), 0.0086476 secs] [Times: user=0.00 sys=0.00, real=0.01 secs] 
166.965: [GC (Allocation Failure) [PSYoungGen: 173116K->10240K(183296K)] 1694780K->1552384K(2071040K), 0.0098512 secs] [Times: user=0.00 sys=0.00, real=0.01 secs] 
169.159: [GC (Allocation Failure) [PSYoungGen: 146496K->5120K(183296K)] 1791040K->1649664K(2071040K), 0.0099137 secs] [Times: user=0.02 sys=0.00, real=0.01 secs] 
169.609: [GC (Allocation Failure) [PSYoungGen: 161858K->1024K(183296K)] 1806403K->1747968K(2071040K), 0.0156584 secs] [Times: user=0.02 sys=0.00, real=0.01 secs] 
171.693: [Full GC (Ergonomics) [PSYoungGen: 157757K->0K(183296K)] [ParOldGen: 1849344K->114193K(1887744K)] 2007101K->114193K(2071040K), [Metaspace: 2796K->2796K(1056768K)], 0.0135658 secs] [Times: user=0.02 sys=0.00, real=0.01 secs] 
173.451: [GC (Allocation Failure) [PSYoungGen: 141376K->20480K(183296K)] 357970K->247313K(2071040K), 0.0029823 secs] [Times: user=0.00 sys=0.00, real=0.00 secs] 
173.886: [GC (Allocation Failure) [PSYoungGen: 177219K->1024K(183296K)] 404052K->227857K(2071040K), 0.0006252 secs] [Times: user=0.00 sys=0.00, real=0.00 secs] 
175.955: [GC (Allocation Failure) [PSYoungGen: 157757K->25600K(183296K)] 486990K->354833K(2071040K), 0.0023905 secs] [Times: user=0.02 sys=0.00, real=0.00 secs] 
177.694: [GC (Allocation Failure) [PSYoungGen: 136257K->25600K(183296K)] 465490K->354833K(2071040K), 0.0032447 secs] [Times: user=0.00 sys=0.00, real=0.00 secs] 
178.130: [GC (Allocation Failure) [PSYoungGen: 182328K->6144K(183296K)] 511561K->386577K(2071040K), 0.0064596 secs] [Times: user=0.00 sys=0.00, real=0.01 secs] 
180.959: [GC (Allocation Failure) [PSYoungGen: 161872K->2048K(183296K)] 747105K->587281K(2071040K), 0.0023743 secs] [Times: user=0.02 sys=0.00, real=0.00 secs] 
183.042: [GC (Allocation Failure) [PSYoungGen: 158771K->12288K(183296K)] 846404K->699921K(2071040K), 0.0025715 secs] [Times: user=0.00 sys=0.00, real=0.00 secs] 
184.800: [GC (Allocation Failure) [PSYoungGen: 153658K->10240K(183296K)] 943691K->820753K(2071040K), 0.0043790 secs] [Times: user=0.00 sys=0.00, real=0.00 secs] 
185.236: [GC (Allocation Failure) [PSYoungGen: 166974K->11264K(183296K)] 977488K->821777K(2071040K), 0.0033305 secs] [Times: user=0.01 sys=0.00, real=0.00 secs] 
187.305: [GC (Allocation Failure) [PSYoungGen: 167994K->25600K(183296K)] 1080908K->958993K(2071040K), 0.0044252 secs] [Times: user=0.00 sys=0.00, real=0.00 secs] 
189.048: [GC (Allocation Failure) [PSYoungGen: 182335K->25600K(183296K)] 1115728K->958993K(2071040K), 0.0028025 secs] [Times: user=0.02 sys=0.00, real=0.00 secs] 
189.483: [GC (Allocation Failure) [PSYoungGen: 182330K->6144K(183296K)] 1115724K->1041937K(2071040K), 0.0105878 secs] [Times: user=0.01 sys=0.00, real=0.01 secs] 
192.221: [GC (Allocation Failure) [PSYoungGen: 162857K->1056K(183296K)] 1301051K->1139249K(2071040K), 0.0043376 secs] [Times: user=0.02 sys=0.00, real=0.01 secs] 
194.289: [GC (Allocation Failure) [PSYoungGen: 153684K->21568K(183296K)] 1394277K->1262161K(2071040K), 0.0046260 secs] [Times: user=0.00 sys=0.00, real=0.00 secs] 
196.138: [GC (Allocation Failure) [PSYoungGen: 162939K->20576K(183296K)] 1505932K->1384049K(2071040K), 0.0053751 secs] [Times: user=0.00 sys=0.00, real=0.01 secs] 
196.573: [GC (Allocation Failure) [PSYoungGen: 177311K->21536K(183296K)] 1540784K->1385009K(2071040K), 0.0053018 secs] [Times: user=0.00 sys=0.00, real=0.00 secs] 
198.642: [GC (Allocation Failure) [PSYoungGen: 178266K->25664K(183296K)] 1644140K->1552977K(2071040K), 0.0079012 secs] [Times: user=0.02 sys=0.00, real=0.01 secs] 
200.385: [GC (Allocation Failure) [PSYoungGen: 177279K->25696K(183296K)] 1806993K->1655409K(2071040K), 0.0063681 secs] [Times: user=0.00 sys=0.00, real=0.01 secs] 
200.836: [GC (Allocation Failure) [PSYoungGen: 182434K->7264K(183296K)] 1812147K->1636977K(2071040K), 0.0085636 secs] [Times: user=0.00 sys=0.00, real=0.01 secs] 
202.905: [GC (Allocation Failure) [PSYoungGen: 163982K->17504K(183296K)] 1896096K->1749617K(2071040K), 0.0066671 secs] [Times: user=0.02 sys=0.00, real=0.01 secs] 
205.409: [Full GC (Ergonomics) [PSYoungGen: 172238K->0K(183296K)] [ParOldGen: 1834513K->26624K(1887744K)] 2006752K->26624K(2071040K), [Metaspace: 2796K->2796K(1056768K)], 0.0065671 secs] [Times: user=0.00 sys=0.00, real=0.01 secs] 
207.476: [GC (Allocation Failure) [PSYoungGen: 146493K->20480K(183296K)] 275517K->149504K(2071040K), 0.0020557 secs] [Times: user=0.00 sys=0.00, real=0.00 secs] 
207.912: [GC (Allocation Failure) [PSYoungGen: 177216K->1024K(183296K)] 306241K->181248K(2071040K), 0.0052110 secs] [Times: user=0.00 sys=0.00, real=0.01 secs] 
209.981: [GC (Allocation Failure) [PSYoungGen: 157755K->15360K(183296K)] 440380K->297984K(2071040K), 0.0016348 secs] [Times: user=0.00 sys=0.00, real=0.00 secs] 
211.722: [GC (Allocation Failure) [PSYoungGen: 161855K->25600K(183296K)] 546880K->410624K(2071040K), 0.0035929 secs] [Times: user=0.00 sys=0.00, real=0.00 secs] 
212.158: [GC (Allocation Failure) [PSYoungGen: 182338K->7168K(183296K)] 567363K->392192K(2071040K), 0.0015649 secs] [Times: user=0.02 sys=0.00, real=0.00 secs] 
214.227: [GC (Allocation Failure) [PSYoungGen: 163893K->21504K(183296K)] 651318K->514048K(2071040K), 0.0025268 secs] [Times: user=0.00 sys=0.00, real=0.00 secs] 
216.622: [GC (Allocation Failure) [PSYoungGen: 178236K->25600K(183296K)] 773180K->625664K(2071040K), 0.0031825 secs] [Times: user=0.00 sys=0.00, real=0.00 secs] 
Heap
 PSYoungGen      total 183296K, used 165000K [0x00000000f3380000, 0x0000000100000000, 0x0000000100000000)
  eden space 157184K, 88% used [0x00000000f3380000,0x00000000fbba2100,0x00000000fcd00000)
  from space 26112K, 98% used [0x00000000fcd00000,0x00000000fe600020,0x00000000fe680000)
  to   space 26112K, 0% used [0x00000000fe680000,0x00000000fe680000,0x0000000100000000)
 ParOldGen       total 1887744K, used 702464K [0x0000000080000000, 0x00000000f3380000, 0x00000000f3380000)
  object space 1887744K, 37% used [0x0000000080000000,0x00000000aae00268,0x00000000f3380000)
 Metaspace       used 2804K, capacity 4486K, committed 4864K, reserved 1056768K
  class space    used 297K, capacity 386K, committed 512K, reserved 1048576K
