Java HotSpot(TM) 64-Bit Server VM (25.411-b09) for windows-amd64 JRE (1.8.0_411-b09), built on Mar 13 2024 07:26:13 by "java_re" with MS VC++ 17.1 (VS2022)
Memory: 4k page, physical 33403376k(14344940k free), swap 37153868k(7427524k free)
CommandLine flags: -XX:InitialHeapSize=536870912 -XX:MaxHeapSize=536870912 -XX:NewRatio=2 -XX:ParallelGCThreads=6 -XX:+PrintGC -XX:+PrintGCDetails -XX:+PrintGCTimeStamps -XX:SurvivorRatio=11 -XX:-UseAdaptiveSizePolicy -XX:+UseCompressedClassPointers -XX:+UseCompressedOops -XX:-UseLargePagesIndividualAllocation -XX:+UseParallelGC 
2.068: [GC (Allocation Failure) [PSYoungGen: 146206K->11944K(161280K)] 248607K->114352K(510976K), 0.0026707 secs] [Times: user=0.00 sys=0.00, real=0.00 secs] 
3.845: [GC (Allocation Failure) [PSYoungGen: 153143K->12936K(161280K)] 357951K->222864K(510976K), 0.0034907 secs] [Times: user=0.00 sys=0.00, real=0.00 secs] 
6.277: [GC (Allocation Failure) [PSYoungGen: 160279K->10872K(161280K)] 472607K->338560K(510976K), 0.0045657 secs] [Times: user=0.02 sys=0.00, real=0.01 secs] 
6.282: [Full GC (Ergonomics) [PSYoungGen: 10872K->0K(161280K)] [ParOldGen: 327688K->21008K(349696K)] 338560K->21008K(510976K), [Metaspace: 2753K->2753K(1056768K)], 0.0072471 secs] [Times: user=0.00 sys=0.00, real=0.01 secs] 
8.366: [GC (Allocation Failure) [PSYoungGen: 132439K->5152K(161280K)] 255848K->128568K(510976K), 0.0008064 secs] [Times: user=0.00 sys=0.00, real=0.00 secs] 
9.897: [GC (Allocation Failure) [PSYoungGen: 151471K->5152K(161280K)] 377288K->302648K(510976K), 0.0055908 secs] [Times: user=0.00 sys=0.00, real=0.01 secs] 
9.902: [Full GC (Ergonomics) [PSYoungGen: 5152K->0K(161280K)] [ParOldGen: 297496K->77328K(349696K)] 302648K->77328K(510976K), [Metaspace: 2760K->2760K(1056768K)], 0.0065172 secs] [Times: user=0.02 sys=0.00, real=0.01 secs] 
11.336: [GC (Allocation Failure) [PSYoungGen: 125839K->5120K(161280K)] 305568K->205328K(510976K), 0.0024079 secs] [Times: user=0.00 sys=0.00, real=0.00 secs] 
12.752: [Full GC (Ergonomics) [PSYoungGen: 111441K->0K(161280K)] [ParOldGen: 302608K->26129K(349696K)] 414050K->26129K(510976K), [Metaspace: 2763K->2763K(1056768K)], 0.0041015 secs] [Times: user=0.00 sys=0.00, real=0.00 secs] 
14.170: [GC (Allocation Failure) [PSYoungGen: 125839K->11264K(161280K)] 254368K->160273K(510976K), 0.0023173 secs] [Times: user=0.00 sys=0.00, real=0.00 secs] 
16.795: [GC (Allocation Failure) [PSYoungGen: 157583K->5120K(161280K)] 408992K->266769K(510976K), 0.0014012 secs] [Times: user=0.08 sys=0.00, real=0.00 secs] 
17.122: [GC (Allocation Failure) [PSYoungGen: 89999K->5120K(161280K)] 351648K->338449K(510976K), 0.0055477 secs] [Times: user=0.02 sys=0.00, real=0.00 secs] 
17.128: [Full GC (Ergonomics) [PSYoungGen: 5120K->0K(161280K)] [ParOldGen: 333329K->77329K(349696K)] 338449K->77329K(510976K), [Metaspace: 2768K->2768K(1056768K)], 0.0064021 secs] [Times: user=0.00 sys=0.00, real=0.01 secs] 
18.232: [GC (Allocation Failure) [PSYoungGen: 146308K->10240K(161280K)] 223637K->92689K(510976K), 0.0013602 secs] [Times: user=0.00 sys=0.00, real=0.00 secs] 
19.867: [GC (Allocation Failure) [PSYoungGen: 115571K->5120K(161280K)] 300420K->189969K(510976K), 0.0007167 secs] [Times: user=0.00 sys=0.00, real=0.00 secs] 
21.289: [Full GC (Ergonomics) [PSYoungGen: 130941K->0K(161280K)] [ParOldGen: 287249K->128529K(349696K)] 418190K->128529K(510976K), [Metaspace: 2779K->2779K(1056768K)], 0.0098367 secs] [Times: user=0.00 sys=0.00, real=0.01 secs] 
22.718: [GC (Allocation Failure) [PSYoungGen: 125827K->6144K(161280K)] 356756K->257553K(510976K), 0.0023563 secs] [Times: user=0.00 sys=0.00, real=0.00 secs] 
22.826: [GC (Allocation Failure) [PSYoungGen: 60295K->6144K(161280K)] 311704K->308753K(510976K), 0.0047142 secs] [Times: user=0.02 sys=0.00, real=0.00 secs] 
22.831: [Full GC (Ergonomics) [PSYoungGen: 6144K->0K(161280K)] [ParOldGen: 302609K->165393K(349696K)] 308753K->165393K(510976K), [Metaspace: 2779K->2779K(1056768K)], 0.0051383 secs] [Times: user=0.00 sys=0.00, real=0.01 secs] 
24.043: [GC (Allocation Failure) [PSYoungGen: 130951K->10240K(161280K)] 296344K->185873K(510976K), 0.0016683 secs] [Times: user=0.00 sys=0.00, real=0.00 secs] 
25.571: [Full GC (Ergonomics) [PSYoungGen: 156531K->0K(161280K)] [ParOldGen: 278033K->46609K(349696K)] 434564K->46609K(510976K), [Metaspace: 2779K->2779K(1056768K)], 0.0051281 secs] [Times: user=0.00 sys=0.00, real=0.00 secs] 
27.983: [GC (Allocation Failure) [PSYoungGen: 146301K->10240K(161280K)] 295310K->159249K(510976K), 0.0011636 secs] [Times: user=0.03 sys=0.00, real=0.00 secs] 
29.618: [GC (Allocation Failure) [PSYoungGen: 152052K->10272K(161280K)] 403462K->323129K(510976K), 0.0055557 secs] [Times: user=0.00 sys=0.00, real=0.01 secs] 
29.624: [Full GC (Ergonomics) [PSYoungGen: 10272K->0K(161280K)] [ParOldGen: 312857K->72209K(349696K)] 323129K->72209K(510976K), [Metaspace: 2793K->2793K(1056768K)], 0.0062167 secs] [Times: user=0.00 sys=0.00, real=0.01 secs] 
32.363: [Full GC (Ergonomics) [PSYoungGen: 143239K->0K(161280K)] [ParOldGen: 277009K->7168K(349696K)] 420249K->7168K(510976K), [Metaspace: 2793K->2793K(1056768K)], 0.0020164 secs] [Times: user=0.00 sys=0.00, real=0.00 secs] 
34.008: [GC (Allocation Failure) [PSYoungGen: 146314K->11264K(161280K)] 255882K->131072K(510976K), 0.0016415 secs] [Times: user=0.00 sys=0.00, real=0.00 secs] 
35.543: [GC (Allocation Failure) [PSYoungGen: 131980K->10240K(161280K)] 354188K->252928K(510976K), 0.0024700 secs] [Times: user=0.00 sys=0.00, real=0.00 secs] 
36.962: [Full GC (Ergonomics) [PSYoungGen: 136077K->0K(161280K)] [ParOldGen: 345088K->36864K(349696K)] 481165K->36864K(510976K), [Metaspace: 2793K->2793K(1056768K)], 0.0040056 secs] [Times: user=0.00 sys=0.00, real=0.00 secs] 
38.377: [GC (Allocation Failure) [PSYoungGen: 125838K->5120K(161280K)] 265102K->164864K(510976K), 0.0021269 secs] [Times: user=0.00 sys=0.00, real=0.00 secs] 
39.797: [GC (Allocation Failure) [PSYoungGen: 120718K->5120K(161280K)] 280462K->185344K(510976K), 0.0022754 secs] [Times: user=0.00 sys=0.00, real=0.00 secs] 
41.216: [Full GC (Ergonomics) [PSYoungGen: 130950K->0K(161280K)] [ParOldGen: 282624K->133649K(349696K)] 413575K->133649K(510976K), [Metaspace: 2793K->2793K(1056768K)], 0.0100267 secs] [Times: user=0.00 sys=0.00, real=0.01 secs] 
43.963: [GC (Allocation Failure) [PSYoungGen: 138121K->11264K(161280K)] 374171K->257553K(510976K), 0.0017458 secs] [Times: user=0.00 sys=0.00, real=0.00 secs] 
45.493: [Full GC (Ergonomics) [PSYoungGen: 157579K->0K(161280K)] [ParOldGen: 348689K->48128K(349696K)] 506269K->48128K(510976K), [Metaspace: 2795K->2795K(1056768K)], 0.0050056 secs] [Times: user=0.00 sys=0.00, real=0.01 secs] 
47.234: [GC (Allocation Failure) [PSYoungGen: 147341K->1024K(161280K)] 400269K->274432K(510976K), 0.0020587 secs] [Times: user=0.00 sys=0.00, real=0.00 secs] 
48.431: [GC (Allocation Failure) --[PSYoungGen: 127885K->127885K(161280K)] 401294K->452494K(510976K), 0.0045619 secs] [Times: user=0.00 sys=0.00, real=0.00 secs] 
48.435: [Full GC (Ergonomics) [PSYoungGen: 127885K->0K(161280K)] [ParOldGen: 324608K->77329K(349696K)] 452494K->77329K(510976K), [Metaspace: 2795K->2795K(1056768K)], 0.0064644 secs] [Times: user=0.02 sys=0.00, real=0.01 secs] 
49.540: [GC (Allocation Failure) [PSYoungGen: 146311K->5120K(161280K)] 223640K->92689K(510976K), 0.0014497 secs] [Times: user=0.00 sys=0.00, real=0.00 secs] 
51.177: [GC (Allocation Failure) [PSYoungGen: 146293K->5120K(161280K)] 336262K->215569K(510976K), 0.0022433 secs] [Times: user=0.00 sys=0.00, real=0.00 secs] 
52.601: [Full GC (Ergonomics) [PSYoungGen: 130942K->0K(161280K)] [ParOldGen: 312849K->32768K(349696K)] 443791K->32768K(510976K), [Metaspace: 2795K->2795K(1056768K)], 0.0037328 secs] [Times: user=0.00 sys=0.00, real=0.00 secs] 
55.330: [GC (Allocation Failure) [PSYoungGen: 147332K->10240K(161280K)] 282500K->160768K(510976K), 0.0017216 secs] [Times: user=0.00 sys=0.00, real=0.00 secs] 
56.861: [GC (Allocation Failure) [PSYoungGen: 156552K->5120K(161280K)] 409480K->299008K(510976K), 0.0025277 secs] [Times: user=0.00 sys=0.00, real=0.00 secs] 
56.864: [Full GC (Ergonomics) [PSYoungGen: 5120K->0K(161280K)] [ParOldGen: 293888K->41489K(349696K)] 299008K->41489K(510976K), [Metaspace: 2796K->2796K(1056768K)], 0.0041159 secs] [Times: user=0.00 sys=0.00, real=0.00 secs] 
58.731: [GC (Allocation Failure) [PSYoungGen: 143242K->1024K(161280K)] 389532K->298513K(510976K), 0.0045727 secs] [Times: user=0.02 sys=0.00, real=0.00 secs] 
58.735: [Full GC (Ergonomics) [PSYoungGen: 1024K->0K(161280K)] [ParOldGen: 297489K->52753K(349696K)] 298513K->52753K(510976K), [Metaspace: 2796K->2796K(1056768K)], 0.0049089 secs] [Times: user=0.00 sys=0.00, real=0.01 secs] 
60.602: [GC (Allocation Failure) [PSYoungGen: 146316K->10240K(161280K)] 301469K->165393K(510976K), 0.0012023 secs] [Times: user=0.00 sys=0.00, real=0.00 secs] 
62.456: [GC (Allocation Failure) [PSYoungGen: 146317K->5120K(161280K)] 403870K->272913K(510976K), 0.0013461 secs] [Times: user=0.00 sys=0.00, real=0.00 secs] 
62.673: [GC (Allocation Failure) [PSYoungGen: 79758K->5120K(161280K)] 347551K->324113K(510976K), 0.0045182 secs] [Times: user=0.00 sys=0.00, real=0.00 secs] 
62.677: [Full GC (Ergonomics) [PSYoungGen: 5120K->0K(161280K)] [ParOldGen: 318993K->56849K(349696K)] 324113K->56849K(510976K), [Metaspace: 2796K->2796K(1056768K)], 0.0053346 secs] [Times: user=0.00 sys=0.00, real=0.00 secs] 
63.780: [GC (Allocation Failure) [PSYoungGen: 146291K->11264K(161280K)] 203141K->78353K(510976K), 0.0020815 secs] [Times: user=0.00 sys=0.00, real=0.00 secs] 
66.077: [GC (Allocation Failure) [PSYoungGen: 157544K->10240K(161280K)] 327034K->179729K(510976K), 0.0009551 secs] [Times: user=0.00 sys=0.00, real=0.00 secs] 
67.936: [GC (Allocation Failure) [PSYoungGen: 156534K->10240K(161280K)] 428423K->307729K(510976K), 0.0027441 secs] [Times: user=0.01 sys=0.00, real=0.00 secs] 
67.939: [Full GC (Ergonomics) [PSYoungGen: 10240K->0K(161280K)] [ParOldGen: 297489K->36369K(349696K)] 307729K->36369K(510976K), [Metaspace: 2796K->2796K(1056768K)], 0.0039403 secs] [Times: user=0.00 sys=0.00, real=0.00 secs] 
69.683: [GC (Allocation Failure) [PSYoungGen: 115583K->5120K(161280K)] 254352K->143889K(510976K), 0.0008462 secs] [Times: user=0.00 sys=0.00, real=0.00 secs] 
71.106: [GC (Allocation Failure) [PSYoungGen: 130948K->5120K(161280K)] 372118K->266769K(510976K), 0.0023428 secs] [Times: user=0.00 sys=0.00, real=0.00 secs] 
71.214: [GC (Allocation Failure) [PSYoungGen: 59272K->5120K(161280K)] 320921K->317969K(510976K), 0.0046582 secs] [Times: user=0.00 sys=0.00, real=0.00 secs] 
71.219: [Full GC (Ergonomics) [PSYoungGen: 5120K->0K(161280K)] [ParOldGen: 312849K->159249K(349696K)] 317969K->159249K(510976K), [Metaspace: 2796K->2796K(1056768K)], 0.0123109 secs] [Times: user=0.00 sys=0.00, real=0.01 secs] 
72.319: [GC (Allocation Failure) [PSYoungGen: 146312K->6144K(161280K)] 305561K->175633K(510976K), 0.0018599 secs] [Times: user=0.00 sys=0.00, real=0.00 secs] 
73.957: [GC (Allocation Failure) [PSYoungGen: 137078K->10240K(161280K)] 408967K->302609K(510976K), 0.0028702 secs] [Times: user=0.00 sys=0.00, real=0.00 secs] 
73.960: [Full GC (Ergonomics) [PSYoungGen: 10240K->0K(161280K)] [ParOldGen: 292369K->31249K(349696K)] 302609K->31249K(510976K), [Metaspace: 2796K->2796K(1056768K)], 0.0037622 secs] [Times: user=0.00 sys=0.00, real=0.01 secs] 
75.381: [GC (Allocation Failure) [PSYoungGen: 125823K->5120K(161280K)] 259472K->169489K(510976K), 0.0027804 secs] [Times: user=0.00 sys=0.00, real=0.00 secs] 
77.787: [GC (Allocation Failure) [PSYoungGen: 151428K->10240K(161280K)] 418198K->277009K(510976K), 0.0010332 secs] [Times: user=0.00 sys=0.00, real=0.00 secs] 
78.331: [GC (Allocation Failure) --[PSYoungGen: 110472K->110472K(161280K)] 377241K->428441K(510976K), 0.0051302 secs] [Times: user=0.00 sys=0.00, real=0.01 secs] 
78.336: [Full GC (Ergonomics) [PSYoungGen: 110472K->0K(161280K)] [ParOldGen: 317969K->57344K(349696K)] 428441K->57344K(510976K), [Metaspace: 2796K->2796K(1056768K)], 0.0053351 secs] [Times: user=0.00 sys=0.00, real=0.01 secs] 
79.439: [GC (Allocation Failure) [PSYoungGen: 146305K->5120K(161280K)] 203649K->72704K(510976K), 0.0014780 secs] [Times: user=0.00 sys=0.00, real=0.00 secs] 
82.170: [GC (Allocation Failure) [PSYoungGen: 148337K->11264K(161280K)] 420721K->283648K(510976K), 0.0012097 secs] [Times: user=0.00 sys=0.00, real=0.00 secs] 
82.608: [GC (Allocation Failure) [PSYoungGen: 106364K->6144K(161280K)] 378748K->329728K(510976K), 0.0045294 secs] [Times: user=0.03 sys=0.00, real=0.00 secs] 
82.612: [Full GC (Ergonomics) [PSYoungGen: 6144K->0K(161280K)] [ParOldGen: 323584K->57873K(349696K)] 329728K->57873K(510976K), [Metaspace: 2796K->2796K(1056768K)], 0.0053749 secs] [Times: user=0.00 sys=0.00, real=0.00 secs] 
83.715: [GC (Allocation Failure) [PSYoungGen: 146297K->11264K(161280K)] 204170K->79377K(510976K), 0.0014749 secs] [Times: user=0.00 sys=0.00, real=0.00 secs] 
85.352: [GC (Allocation Failure) [PSYoungGen: 142188K->10240K(161280K)] 312701K->201233K(510976K), 0.0022940 secs] [Times: user=0.00 sys=0.00, real=0.00 secs] 
86.768: [Full GC (Ergonomics) [PSYoungGen: 136056K->0K(161280K)] [ParOldGen: 293393K->36864K(349696K)] 429450K->36864K(510976K), [Metaspace: 2796K->2796K(1056768K)], 0.0044050 secs] [Times: user=0.00 sys=0.00, real=0.00 secs] 
88.183: [GC (Allocation Failure) [PSYoungGen: 125824K->5120K(161280K)] 265088K->164864K(510976K), 0.0021837 secs] [Times: user=0.00 sys=0.00, real=0.00 secs] 
89.602: [GC (Allocation Failure) [PSYoungGen: 120709K->5120K(161280K)] 280453K->185344K(510976K), 0.0023327 secs] [Times: user=0.00 sys=0.00, real=0.00 secs] 
91.023: [GC (Allocation Failure) [PSYoungGen: 130945K->10240K(161280K)] 413569K->313344K(510976K), 0.0025209 secs] [Times: user=0.00 sys=0.00, real=0.00 secs] 
91.025: [Full GC (Ergonomics) [PSYoungGen: 10240K->0K(161280K)] [ParOldGen: 303104K->133649K(349696K)] 313344K->133649K(510976K), [Metaspace: 2796K->2796K(1056768K)], 0.0102136 secs] [Times: user=0.02 sys=0.00, real=0.01 secs] 
93.768: [GC (Allocation Failure) [PSYoungGen: 138118K->11264K(161280K)] 374167K->257553K(510976K), 0.0017506 secs] [Times: user=0.00 sys=0.00, real=0.00 secs] 
95.296: [Full GC (Ergonomics) [PSYoungGen: 157577K->0K(161280K)] [ParOldGen: 348689K->48128K(349696K)] 506266K->48128K(510976K), [Metaspace: 2796K->2796K(1056768K)], 0.0047317 secs] [Times: user=0.00 sys=0.00, real=0.00 secs] 
97.041: [GC (Allocation Failure) [PSYoungGen: 147339K->1024K(161280K)] 400267K->274432K(510976K), 0.0021439 secs] [Times: user=0.00 sys=0.00, real=0.00 secs] 
98.242: [GC (Allocation Failure) --[PSYoungGen: 127884K->127884K(161280K)] 401293K->452493K(510976K), 0.0046772 secs] [Times: user=0.00 sys=0.00, real=0.00 secs] 
98.246: [Full GC (Ergonomics) [PSYoungGen: 127884K->0K(161280K)] [ParOldGen: 324608K->77329K(349696K)] 452493K->77329K(510976K), [Metaspace: 2796K->2796K(1056768K)], 0.0066094 secs] [Times: user=0.00 sys=0.00, real=0.01 secs] 
99.349: [GC (Allocation Failure) [PSYoungGen: 146310K->5120K(161280K)] 223639K->92689K(510976K), 0.0016178 secs] [Times: user=0.00 sys=0.00, real=0.00 secs] 
100.986: [GC (Allocation Failure) [PSYoungGen: 146292K->5120K(161280K)] 336262K->215569K(510976K), 0.0022050 secs] [Times: user=0.00 sys=0.00, real=0.00 secs] 
102.405: [Full GC (Ergonomics) [PSYoungGen: 130942K->0K(161280K)] [ParOldGen: 312849K->32768K(349696K)] 443791K->32768K(510976K), [Metaspace: 2796K->2796K(1056768K)], 0.0039095 secs] [Times: user=0.00 sys=0.00, real=0.00 secs] 
105.133: [GC (Allocation Failure) [PSYoungGen: 147332K->5120K(161280K)] 282500K->160768K(510976K), 0.0018355 secs] [Times: user=0.00 sys=0.00, real=0.00 secs] 
106.662: [GC (Allocation Failure) [PSYoungGen: 151432K->10240K(161280K)] 409480K->309248K(510976K), 0.0032332 secs] [Times: user=0.00 sys=0.00, real=0.00 secs] 
106.665: [Full GC (Ergonomics) [PSYoungGen: 10240K->0K(161280K)] [ParOldGen: 299008K->41489K(349696K)] 309248K->41489K(510976K), [Metaspace: 2796K->2796K(1056768K)], 0.0042658 secs] [Times: user=0.00 sys=0.00, real=0.00 secs] 
108.536: [GC (Allocation Failure) [PSYoungGen: 143242K->1024K(161280K)] 389532K->298513K(510976K), 0.0050397 secs] [Times: user=0.00 sys=0.00, real=0.00 secs] 
108.541: [Full GC (Ergonomics) [PSYoungGen: 1024K->0K(161280K)] [ParOldGen: 297489K->52753K(349696K)] 298513K->52753K(510976K), [Metaspace: 2796K->2796K(1056768K)], 0.0051427 secs] [Times: user=0.00 sys=0.00, real=0.01 secs] 
110.407: [GC (Allocation Failure) [PSYoungGen: 146316K->10240K(161280K)] 301469K->165393K(510976K), 0.0010567 secs] [Times: user=0.00 sys=0.00, real=0.00 secs] 
112.256: [GC (Allocation Failure) [PSYoungGen: 146317K->5120K(161280K)] 403870K->272913K(510976K), 0.0014965 secs] [Times: user=0.00 sys=0.00, real=0.00 secs] 
112.475: [GC (Allocation Failure) [PSYoungGen: 79758K->5120K(161280K)] 347551K->324113K(510976K), 0.0046504 secs] [Times: user=0.00 sys=0.00, real=0.00 secs] 
112.479: [Full GC (Ergonomics) [PSYoungGen: 5120K->0K(161280K)] [ParOldGen: 318993K->56849K(349696K)] 324113K->56849K(510976K), [Metaspace: 2796K->2796K(1056768K)], 0.0050922 secs] [Times: user=0.00 sys=0.00, real=0.01 secs] 
113.584: [GC (Allocation Failure) [PSYoungGen: 146291K->11264K(161280K)] 203141K->78353K(510976K), 0.0013909 secs] [Times: user=0.00 sys=0.00, real=0.00 secs] 
115.874: [GC (Allocation Failure) [PSYoungGen: 157544K->10240K(161280K)] 327034K->179729K(510976K), 0.0008797 secs] [Times: user=0.00 sys=0.00, real=0.00 secs] 
117.730: [GC (Allocation Failure) [PSYoungGen: 156534K->10240K(161280K)] 428423K->307729K(510976K), 0.0028960 secs] [Times: user=0.00 sys=0.00, real=0.00 secs] 
117.733: [Full GC (Ergonomics) [PSYoungGen: 10240K->0K(161280K)] [ParOldGen: 297489K->36369K(349696K)] 307729K->36369K(510976K), [Metaspace: 2796K->2796K(1056768K)], 0.0040670 secs] [Times: user=0.02 sys=0.00, real=0.01 secs] 
119.484: [GC (Allocation Failure) [PSYoungGen: 115583K->5120K(161280K)] 254352K->143889K(510976K), 0.0009183 secs] [Times: user=0.00 sys=0.00, real=0.00 secs] 
120.901: [GC (Allocation Failure) [PSYoungGen: 130948K->5120K(161280K)] 372118K->266769K(510976K), 0.0021944 secs] [Times: user=0.00 sys=0.00, real=0.00 secs] 
121.010: [GC (Allocation Failure) [PSYoungGen: 59272K->5120K(161280K)] 320921K->317969K(510976K), 0.0045615 secs] [Times: user=0.00 sys=0.00, real=0.00 secs] 
121.014: [Full GC (Ergonomics) [PSYoungGen: 5120K->0K(161280K)] [ParOldGen: 312849K->159249K(349696K)] 317969K->159249K(510976K), [Metaspace: 2796K->2796K(1056768K)], 0.0117626 secs] [Times: user=0.00 sys=0.00, real=0.01 secs] 
122.116: [GC (Allocation Failure) [PSYoungGen: 146312K->6144K(161280K)] 305561K->175633K(510976K), 0.0016185 secs] [Times: user=0.00 sys=0.00, real=0.00 secs] 
123.754: [GC (Allocation Failure) [PSYoungGen: 137078K->10240K(161280K)] 408967K->302609K(510976K), 0.0024334 secs] [Times: user=0.00 sys=0.00, real=0.00 secs] 
123.756: [Full GC (Ergonomics) [PSYoungGen: 10240K->0K(161280K)] [ParOldGen: 292369K->31249K(349696K)] 302609K->31249K(510976K), [Metaspace: 2796K->2796K(1056768K)], 0.0033728 secs] [Times: user=0.00 sys=0.00, real=0.00 secs] 
125.175: [GC (Allocation Failure) [PSYoungGen: 125823K->5120K(161280K)] 259472K->169489K(510976K), 0.0027648 secs] [Times: user=0.00 sys=0.00, real=0.00 secs] 
127.576: [GC (Allocation Failure) [PSYoungGen: 151428K->10240K(161280K)] 418198K->277009K(510976K), 0.0010803 secs] [Times: user=0.00 sys=0.00, real=0.00 secs] 
128.122: [GC (Allocation Failure) --[PSYoungGen: 110472K->110472K(161280K)] 377241K->428441K(510976K), 0.0045009 secs] [Times: user=0.00 sys=0.00, real=0.00 secs] 
128.126: [Full GC (Ergonomics) [PSYoungGen: 110472K->0K(161280K)] [ParOldGen: 317969K->57344K(349696K)] 428441K->57344K(510976K), [Metaspace: 2796K->2796K(1056768K)], 0.0053386 secs] [Times: user=0.00 sys=0.00, real=0.01 secs] 
129.230: [GC (Allocation Failure) [PSYoungGen: 146305K->5120K(161280K)] 203649K->72704K(510976K), 0.0018960 secs] [Times: user=0.00 sys=0.00, real=0.00 secs] 
131.961: [GC (Allocation Failure) [PSYoungGen: 148337K->11264K(161280K)] 420721K->283648K(510976K), 0.0008663 secs] [Times: user=0.00 sys=0.00, real=0.00 secs] 
132.398: [GC (Allocation Failure) [PSYoungGen: 106364K->6144K(161280K)] 378748K->329728K(510976K), 0.0047779 secs] [Times: user=0.00 sys=0.00, real=0.00 secs] 
132.403: [Full GC (Ergonomics) [PSYoungGen: 6144K->0K(161280K)] [ParOldGen: 323584K->57873K(349696K)] 329728K->57873K(510976K), [Metaspace: 2796K->2796K(1056768K)], 0.0052343 secs] [Times: user=0.01 sys=0.00, real=0.01 secs] 
133.511: [GC (Allocation Failure) [PSYoungGen: 146297K->11264K(161280K)] 204170K->79377K(510976K), 0.0015457 secs] [Times: user=0.00 sys=0.00, real=0.00 secs] 
135.150: [GC (Allocation Failure) [PSYoungGen: 142188K->10240K(161280K)] 312701K->201233K(510976K), 0.0025591 secs] [Times: user=0.00 sys=0.00, real=0.00 secs] 
136.576: [Full GC (Ergonomics) [PSYoungGen: 136056K->0K(161280K)] [ParOldGen: 293393K->36864K(349696K)] 429450K->36864K(510976K), [Metaspace: 2796K->2796K(1056768K)], 0.0040283 secs] [Times: user=0.05 sys=0.00, real=0.00 secs] 
137.995: [GC (Allocation Failure) [PSYoungGen: 125824K->5120K(161280K)] 265088K->164864K(510976K), 0.0022169 secs] [Times: user=0.00 sys=0.00, real=0.00 secs] 
139.414: [GC (Allocation Failure) [PSYoungGen: 120709K->5120K(161280K)] 280453K->185344K(510976K), 0.0022996 secs] [Times: user=0.00 sys=0.00, real=0.00 secs] 
140.833: [GC (Allocation Failure) [PSYoungGen: 130945K->10240K(161280K)] 413569K->313344K(510976K), 0.0025587 secs] [Times: user=0.00 sys=0.00, real=0.00 secs] 
140.835: [Full GC (Ergonomics) [PSYoungGen: 10240K->0K(161280K)] [ParOldGen: 303104K->133649K(349696K)] 313344K->133649K(510976K), [Metaspace: 2796K->2796K(1056768K)], 0.0100960 secs] [Times: user=0.00 sys=0.00, real=0.01 secs] 
143.581: [GC (Allocation Failure) [PSYoungGen: 138118K->11264K(161280K)] 374167K->257553K(510976K), 0.0019605 secs] [Times: user=0.00 sys=0.00, real=0.00 secs] 
145.112: [Full GC (Ergonomics) [PSYoungGen: 157577K->0K(161280K)] [ParOldGen: 348689K->48128K(349696K)] 506266K->48128K(510976K), [Metaspace: 2796K->2796K(1056768K)], 0.0047575 secs] [Times: user=0.00 sys=0.00, real=0.00 secs] 
146.861: [GC (Allocation Failure) [PSYoungGen: 147339K->1024K(161280K)] 400267K->274432K(510976K), 0.0023201 secs] [Times: user=0.00 sys=0.00, real=0.00 secs] 
148.062: [GC (Allocation Failure) --[PSYoungGen: 127884K->127884K(161280K)] 401293K->452493K(510976K), 0.0045913 secs] [Times: user=0.00 sys=0.00, real=0.00 secs] 
148.067: [Full GC (Ergonomics) [PSYoungGen: 127884K->0K(161280K)] [ParOldGen: 324608K->77329K(349696K)] 452493K->77329K(510976K), [Metaspace: 2796K->2796K(1056768K)], 0.0066869 secs] [Times: user=0.00 sys=0.00, real=0.01 secs] 
149.170: [GC (Allocation Failure) [PSYoungGen: 146310K->5120K(161280K)] 223639K->92689K(510976K), 0.0015001 secs] [Times: user=0.00 sys=0.00, real=0.00 secs] 
150.811: [GC (Allocation Failure) [PSYoungGen: 146292K->5120K(161280K)] 336262K->215569K(510976K), 0.0022832 secs] [Times: user=0.06 sys=0.00, real=0.00 secs] 
152.231: [Full GC (Ergonomics) [PSYoungGen: 130942K->0K(161280K)] [ParOldGen: 312849K->32768K(349696K)] 443791K->32768K(510976K), [Metaspace: 2796K->2796K(1056768K)], 0.0040240 secs] [Times: user=0.01 sys=0.00, real=0.00 secs] 
154.959: [GC (Allocation Failure) [PSYoungGen: 147332K->10240K(161280K)] 282500K->160768K(510976K), 0.0017814 secs] [Times: user=0.00 sys=0.00, real=0.00 secs] 
156.486: [GC (Allocation Failure) [PSYoungGen: 156552K->5120K(161280K)] 409480K->299008K(510976K), 0.0030084 secs] [Times: user=0.00 sys=0.00, real=0.00 secs] 
156.489: [Full GC (Ergonomics) [PSYoungGen: 5120K->0K(161280K)] [ParOldGen: 293888K->41489K(349696K)] 299008K->41489K(510976K), [Metaspace: 2796K->2796K(1056768K)], 0.0043298 secs] [Times: user=0.00 sys=0.00, real=0.01 secs] 
158.342: [GC (Allocation Failure) [PSYoungGen: 143242K->1024K(161280K)] 389532K->298513K(510976K), 0.0047717 secs] [Times: user=0.00 sys=0.00, real=0.00 secs] 
158.347: [Full GC (Ergonomics) [PSYoungGen: 1024K->0K(161280K)] [ParOldGen: 297489K->52753K(349696K)] 298513K->52753K(510976K), [Metaspace: 2796K->2796K(1056768K)], 0.0048671 secs] [Times: user=0.00 sys=0.00, real=0.00 secs] 
160.214: [GC (Allocation Failure) [PSYoungGen: 146316K->10240K(161280K)] 301469K->165393K(510976K), 0.0011970 secs] [Times: user=0.00 sys=0.00, real=0.00 secs] 
162.066: [GC (Allocation Failure) [PSYoungGen: 146317K->5120K(161280K)] 403870K->272913K(510976K), 0.0014414 secs] [Times: user=0.00 sys=0.00, real=0.00 secs] 
162.285: [GC (Allocation Failure) [PSYoungGen: 79758K->5120K(161280K)] 347551K->324113K(510976K), 0.0044845 secs] [Times: user=0.00 sys=0.00, real=0.00 secs] 
162.289: [Full GC (Ergonomics) [PSYoungGen: 5120K->0K(161280K)] [ParOldGen: 318993K->56849K(349696K)] 324113K->56849K(510976K), [Metaspace: 2796K->2796K(1056768K)], 0.0050532 secs] [Times: user=0.00 sys=0.00, real=0.01 secs] 
163.392: [GC (Allocation Failure) [PSYoungGen: 146291K->11264K(161280K)] 203141K->78353K(510976K), 0.0015191 secs] [Times: user=0.00 sys=0.00, real=0.00 secs] 
165.687: [GC (Allocation Failure) [PSYoungGen: 157544K->10240K(161280K)] 327034K->179729K(510976K), 0.0008250 secs] [Times: user=0.00 sys=0.00, real=0.00 secs] 
167.541: [GC (Allocation Failure) [PSYoungGen: 156534K->10240K(161280K)] 428423K->307729K(510976K), 0.0029336 secs] [Times: user=0.00 sys=0.00, real=0.00 secs] 
167.544: [Full GC (Ergonomics) [PSYoungGen: 10240K->0K(161280K)] [ParOldGen: 297489K->36369K(349696K)] 307729K->36369K(510976K), [Metaspace: 2796K->2796K(1056768K)], 0.0039936 secs] [Times: user=0.00 sys=0.00, real=0.00 secs] 
169.289: [GC (Allocation Failure) [PSYoungGen: 115583K->5120K(161280K)] 254352K->143889K(510976K), 0.0008338 secs] [Times: user=0.00 sys=0.00, real=0.00 secs] 
170.706: [GC (Allocation Failure) [PSYoungGen: 130948K->5120K(161280K)] 372118K->266769K(510976K), 0.0022742 secs] [Times: user=0.00 sys=0.00, real=0.00 secs] 
170.815: [GC (Allocation Failure) [PSYoungGen: 59272K->5120K(161280K)] 320921K->317969K(510976K), 0.0045053 secs] [Times: user=0.00 sys=0.00, real=0.00 secs] 
170.819: [Full GC (Ergonomics) [PSYoungGen: 5120K->0K(161280K)] [ParOldGen: 312849K->159249K(349696K)] 317969K->159249K(510976K), [Metaspace: 2796K->2796K(1056768K)], 0.0117902 secs] [Times: user=0.00 sys=0.00, real=0.01 secs] 
171.922: [GC (Allocation Failure) [PSYoungGen: 146312K->6144K(161280K)] 305561K->175633K(510976K), 0.0014861 secs] [Times: user=0.00 sys=0.00, real=0.00 secs] 
173.562: [GC (Allocation Failure) [PSYoungGen: 137078K->10240K(161280K)] 408967K->302609K(510976K), 0.0025169 secs] [Times: user=0.00 sys=0.00, real=0.00 secs] 
173.565: [Full GC (Ergonomics) [PSYoungGen: 10240K->0K(161280K)] [ParOldGen: 292369K->31249K(349696K)] 302609K->31249K(510976K), [Metaspace: 2796K->2796K(1056768K)], 0.0035833 secs] [Times: user=0.00 sys=0.00, real=0.00 secs] 
174.986: [GC (Allocation Failure) [PSYoungGen: 125823K->10240K(161280K)] 259472K->169489K(510976K), 0.0029207 secs] [Times: user=0.00 sys=0.00, real=0.00 secs] 
177.386: [GC (Allocation Failure) [PSYoungGen: 156548K->10240K(161280K)] 418198K->271889K(510976K), 0.0012080 secs] [Times: user=0.00 sys=0.00, real=0.00 secs] 
177.931: [GC (Allocation Failure) --[PSYoungGen: 110472K->110472K(161280K)] 372121K->423321K(510976K), 0.0053779 secs] [Times: user=0.00 sys=0.00, real=0.00 secs] 
177.936: [Full GC (Ergonomics) [PSYoungGen: 110472K->0K(161280K)] [ParOldGen: 312849K->57344K(349696K)] 423321K->57344K(510976K), [Metaspace: 2796K->2796K(1056768K)], 0.0056058 secs] [Times: user=0.00 sys=0.00, real=0.01 secs] 
179.036: [GC (Allocation Failure) [PSYoungGen: 146305K->5120K(161280K)] 203649K->72704K(510976K), 0.0014854 secs] [Times: user=0.00 sys=0.00, real=0.00 secs] 
181.758: [GC (Allocation Failure) [PSYoungGen: 148337K->11264K(161280K)] 420721K->283648K(510976K), 0.0009989 secs] [Times: user=0.00 sys=0.00, real=0.00 secs] 
182.194: [GC (Allocation Failure) [PSYoungGen: 106364K->6144K(161280K)] 378748K->329728K(510976K), 0.0046060 secs] [Times: user=0.00 sys=0.00, real=0.00 secs] 
182.198: [Full GC (Ergonomics) [PSYoungGen: 6144K->0K(161280K)] [ParOldGen: 323584K->57873K(349696K)] 329728K->57873K(510976K), [Metaspace: 2796K->2796K(1056768K)], 0.0055495 secs] [Times: user=0.00 sys=0.00, real=0.01 secs] 
183.300: [GC (Allocation Failure) [PSYoungGen: 146297K->11264K(161280K)] 204170K->79377K(510976K), 0.0014659 secs] [Times: user=0.00 sys=0.00, real=0.00 secs] 
184.936: [GC (Allocation Failure) [PSYoungGen: 142188K->10240K(161280K)] 312701K->201233K(510976K), 0.0024257 secs] [Times: user=0.00 sys=0.00, real=0.00 secs] 
186.357: [Full GC (Ergonomics) [PSYoungGen: 136056K->0K(161280K)] [ParOldGen: 293393K->36864K(349696K)] 429450K->36864K(510976K), [Metaspace: 2796K->2796K(1056768K)], 0.0038573 secs] [Times: user=0.00 sys=0.00, real=0.00 secs] 
187.775: [GC (Allocation Failure) [PSYoungGen: 125824K->5120K(161280K)] 265088K->164864K(510976K), 0.0020381 secs] [Times: user=0.00 sys=0.00, real=0.00 secs] 
189.197: [GC (Allocation Failure) [PSYoungGen: 120709K->5120K(161280K)] 280453K->185344K(510976K), 0.0021836 secs] [Times: user=0.00 sys=0.00, real=0.00 secs] 
190.616: [GC (Allocation Failure) [PSYoungGen: 130945K->10240K(161280K)] 413569K->313344K(510976K), 0.0026056 secs] [Times: user=0.00 sys=0.00, real=0.00 secs] 
190.618: [Full GC (Ergonomics) [PSYoungGen: 10240K->0K(161280K)] [ParOldGen: 303104K->133649K(349696K)] 313344K->133649K(510976K), [Metaspace: 2796K->2796K(1056768K)], 0.0100043 secs] [Times: user=0.00 sys=0.00, real=0.01 secs] 
193.365: [GC (Allocation Failure) [PSYoungGen: 138118K->11296K(161280K)] 374167K->257585K(510976K), 0.0017324 secs] [Times: user=0.00 sys=0.00, real=0.00 secs] 
194.893: [Full GC (Ergonomics) [PSYoungGen: 157609K->0K(161280K)] [ParOldGen: 348689K->47633K(349696K)] 506298K->47633K(510976K), [Metaspace: 2796K->2796K(1056768K)], 0.0048617 secs] [Times: user=0.00 sys=0.00, real=0.01 secs] 
196.643: [GC (Allocation Failure) [PSYoungGen: 147339K->1024K(161280K)] 399773K->273937K(510976K), 0.0021992 secs] [Times: user=0.00 sys=0.00, real=0.00 secs] 
197.845: [GC (Allocation Failure) --[PSYoungGen: 127884K->127884K(161280K)] 400798K->451998K(510976K), 0.0048005 secs] [Times: user=0.00 sys=0.00, real=0.00 secs] 
197.850: [Full GC (Ergonomics) [PSYoungGen: 127884K->0K(161280K)] [ParOldGen: 324113K->77329K(349696K)] 451998K->77329K(510976K), [Metaspace: 2796K->2796K(1056768K)], 0.0065740 secs] [Times: user=0.00 sys=0.00, real=0.01 secs] 
198.952: [GC (Allocation Failure) [PSYoungGen: 146310K->10240K(161280K)] 223640K->92689K(510976K), 0.0014405 secs] [Times: user=0.00 sys=0.00, real=0.00 secs] 
200.590: [GC (Allocation Failure) [PSYoungGen: 151412K->5120K(161280K)] 336262K->210449K(510976K), 0.0022003 secs] [Times: user=0.00 sys=0.00, real=0.00 secs] 
202.011: [Full GC (Ergonomics) [PSYoungGen: 130942K->0K(161280K)] [ParOldGen: 307729K->32768K(349696K)] 438671K->32768K(510976K), [Metaspace: 2796K->2796K(1056768K)], 0.0037895 secs] [Times: user=0.00 sys=0.00, real=0.00 secs] 
204.745: [GC (Allocation Failure) [PSYoungGen: 147332K->5120K(161280K)] 282500K->160768K(510976K), 0.0018328 secs] [Times: user=0.00 sys=0.00, real=0.00 secs] 
206.275: [GC (Allocation Failure) [PSYoungGen: 151432K->10240K(161280K)] 409480K->309248K(510976K), 0.0035808 secs] [Times: user=0.00 sys=0.00, real=0.00 secs] 
206.279: [Full GC (Ergonomics) [PSYoungGen: 10240K->0K(161280K)] [ParOldGen: 299008K->41489K(349696K)] 309248K->41489K(510976K), [Metaspace: 2796K->2796K(1056768K)], 0.0041803 secs] [Times: user=0.02 sys=0.00, real=0.01 secs] 
208.131: [GC (Allocation Failure) [PSYoungGen: 143242K->1024K(161280K)] 389532K->298513K(510976K), 0.0047874 secs] [Times: user=0.00 sys=0.00, real=0.00 secs] 
208.136: [Full GC (Ergonomics) [PSYoungGen: 1024K->0K(161280K)] [ParOldGen: 297489K->52753K(349696K)] 298513K->52753K(510976K), [Metaspace: 2796K->2796K(1056768K)], 0.0047182 secs] [Times: user=0.00 sys=0.00, real=0.00 secs] 
209.998: [GC (Allocation Failure) [PSYoungGen: 146316K->10240K(161280K)] 301470K->165393K(510976K), 0.0010407 secs] [Times: user=0.00 sys=0.00, real=0.00 secs] 
211.854: [GC (Allocation Failure) [PSYoungGen: 146317K->10240K(161280K)] 403871K->272913K(510976K), 0.0015836 secs] [Times: user=0.00 sys=0.00, real=0.00 secs] 
212.072: [GC (Allocation Failure) [PSYoungGen: 84878K->0K(161280K)] 347551K->313873K(510976K), 0.0041606 secs] [Times: user=0.00 sys=0.00, real=0.00 secs] 
212.076: [Full GC (Ergonomics) [PSYoungGen: 0K->0K(161280K)] [ParOldGen: 313873K->56849K(349696K)] 313873K->56849K(510976K), [Metaspace: 2796K->2796K(1056768K)], 0.0053404 secs] [Times: user=0.00 sys=0.00, real=0.00 secs] 
213.176: [GC (Allocation Failure) [PSYoungGen: 146291K->11264K(161280K)] 203141K->78353K(510976K), 0.0013744 secs] [Times: user=0.00 sys=0.00, real=0.00 secs] 
215.469: [GC (Allocation Failure) [PSYoungGen: 157544K->10240K(161280K)] 327034K->179729K(510976K), 0.0010619 secs] [Times: user=0.00 sys=0.00, real=0.00 secs] 
217.331: [GC (Allocation Failure) [PSYoungGen: 156534K->10240K(161280K)] 428424K->307729K(510976K), 0.0029478 secs] [Times: user=0.00 sys=0.00, real=0.00 secs] 
217.334: [Full GC (Ergonomics) [PSYoungGen: 10240K->0K(161280K)] [ParOldGen: 297489K->36369K(349696K)] 307729K->36369K(510976K), [Metaspace: 2796K->2796K(1056768K)], 0.0037555 secs] [Times: user=0.00 sys=0.00, real=0.00 secs] 
Heap
 PSYoungGen      total 161280K, used 118542K [0x00000000f5580000, 0x0000000100000000, 0x0000000100000000)
  eden space 147968K, 80% used [0x00000000f5580000,0x00000000fc943b70,0x00000000fe600000)
  from space 13312K, 0% used [0x00000000fe600000,0x00000000fe600000,0x00000000ff300000)
  to   space 13312K, 0% used [0x00000000ff300000,0x00000000ff300000,0x0000000100000000)
 ParOldGen       total 349696K, used 138769K [0x00000000e0000000, 0x00000000f5580000, 0x00000000f5580000)
  object space 349696K, 39% used [0x00000000e0000000,0x00000000e8784730,0x00000000f5580000)
 Metaspace       used 2804K, capacity 4486K, committed 4864K, reserved 1056768K
  class space    used 297K, capacity 386K, committed 512K, reserved 1048576K
