Java HotSpot(TM) 64-Bit Server VM (25.411-b09) for windows-amd64 JRE (1.8.0_411-b09), built on Mar 13 2024 07:26:13 by "java_re" with MS VC++ 17.1 (VS2022)
Memory: 4k page, physical 33403376k(15729824k free), swap 35500528k(7884448k free)
CommandLine flags: -XX:InitialHeapSize=536870912 -XX:MaxHeapSize=536870912 -XX:ParallelGCThreads=10 -XX:+PrintGC -XX:+PrintGCDetails -XX:+PrintGCTimeStamps -XX:+UseCompressedClassPointers -XX:+UseCompressedOops -XX:-UseLargePagesIndividualAllocation -XX:+UseParallelGC 
1.740: [GC (Allocation Failure) [PSYoungGen: 131215K->7896K(153088K)] 233615K->110304K(502784K), 0.0026999 secs] [Times: user=0.00 sys=0.00, real=0.00 secs] 
3.303: [GC (Allocation Failure) [PSYoungGen: 138528K->18136K(153088K)] 343336K->222944K(502784K), 0.0030504 secs] [Times: user=0.00 sys=0.00, real=0.00 secs] 
5.593: [GC (Allocation Failure) [PSYoungGen: 128288K->21160K(153088K)] 333096K->241328K(502784K), 0.0067198 secs] [Times: user=0.00 sys=0.00, real=0.01 secs] 
7.043: [Full GC (Ergonomics) [PSYoungGen: 147983K->0K(153088K)] [ParOldGen: 322568K->41488K(349696K)] 470551K->41488K(502784K), [Metaspace: 2759K->2759K(1056768K)], 0.0115833 secs] [Times: user=0.02 sys=0.00, real=0.01 secs] 
8.475: [GC (Allocation Failure) [PSYoungGen: 89668K->20480K(153088K)] 233557K->164368K(502784K), 0.0028353 secs] [Times: user=0.00 sys=0.00, real=0.00 secs] 
9.894: [GC (Allocation Failure) [PSYoungGen: 145989K->5120K(134144K)] 392278K->323089K(483840K), 0.0054797 secs] [Times: user=0.00 sys=0.00, real=0.01 secs] 
9.900: [Full GC (Ergonomics) [PSYoungGen: 5120K->0K(134144K)] [ParOldGen: 317968K->77328K(349696K)] 323089K->77328K(483840K), [Metaspace: 2761K->2761K(1056768K)], 0.0073254 secs] [Times: user=0.00 sys=0.00, real=0.01 secs] 
11.331: [GC (Allocation Failure) [PSYoungGen: 125449K->25600K(138240K)] 305178K->205328K(487936K), 0.0025034 secs] [Times: user=0.00 sys=0.00, real=0.00 secs] 
12.751: [Full GC (Ergonomics) [PSYoungGen: 130889K->0K(138240K)] [ParOldGen: 282128K->26129K(349696K)] 413018K->26129K(487936K), [Metaspace: 2763K->2763K(1056768K)], 0.0043119 secs] [Times: user=0.00 sys=0.00, real=0.00 secs] 
14.061: [GC (Allocation Failure) [PSYoungGen: 104580K->21504K(131072K)] 233109K->150033K(480768K), 0.0021489 secs] [Times: user=0.00 sys=0.00, real=0.00 secs] 
15.264: [GC (Allocation Failure) [PSYoungGen: 126085K->21504K(141312K)] 357014K->252433K(491008K), 0.0017255 secs] [Times: user=0.03 sys=0.00, real=0.00 secs] 
17.012: [GC (Allocation Failure) [PSYoungGen: 115824K->25600K(132096K)] 346753K->277009K(481792K), 0.0028445 secs] [Times: user=0.02 sys=0.00, real=0.00 secs] 
17.120: [GC (Allocation Failure) [PSYoungGen: 78918K->5120K(138752K)] 330327K->307729K(488448K), 0.0049594 secs] [Times: user=0.00 sys=0.00, real=0.00 secs] 
17.125: [Full GC (Ergonomics) [PSYoungGen: 5120K->0K(138752K)] [ParOldGen: 302609K->77329K(349696K)] 307729K->77329K(488448K), [Metaspace: 2768K->2768K(1056768K)], 0.0067529 secs] [Times: user=0.00 sys=0.00, real=0.01 secs] 
17.355: [GC (Allocation Failure) [PSYoungGen: 103936K->1024K(105472K)] 181265K->78353K(455168K), 0.0008386 secs] [Times: user=0.00 sys=0.00, real=0.00 secs] 
18.443: [GC (Allocation Failure) [PSYoungGen: 75777K->25600K(135168K)] 153106K->102929K(484864K), 0.0023624 secs] [Times: user=0.00 sys=0.00, real=0.00 secs] 
20.732: [Full GC (Ergonomics) [PSYoungGen: 122780K->0K(135168K)] [ParOldGen: 333329K->108049K(349696K)] 456109K->108049K(484864K), [Metaspace: 2779K->2779K(1056768K)], 0.0091868 secs] [Times: user=0.05 sys=0.00, real=0.01 secs] 
22.495: [GC (Allocation Failure) [PSYoungGen: 95142K->21504K(136704K)] 356791K->283153K(486400K), 0.0019332 secs] [Times: user=0.00 sys=0.00, real=0.00 secs] 
22.823: [GC (Allocation Failure) [PSYoungGen: 105388K->11264K(137728K)] 367037K->324113K(487424K), 0.0054084 secs] [Times: user=0.05 sys=0.00, real=0.01 secs] 
22.829: [Full GC (Ergonomics) [PSYoungGen: 11264K->0K(137728K)] [ParOldGen: 312849K->165393K(349696K)] 324113K->165393K(487424K), [Metaspace: 2779K->2779K(1056768K)], 0.0061677 secs] [Times: user=0.00 sys=0.00, real=0.01 secs] 
24.264: [Full GC (Ergonomics) [PSYoungGen: 49085K->0K(137728K)] [ParOldGen: 318993K->61969K(349696K)] 368078K->61969K(487424K), [Metaspace: 2779K->2779K(1056768K)], 0.0061271 secs] [Times: user=0.00 sys=0.00, real=0.01 secs] 
26.453: [Full GC (Ergonomics) [PSYoungGen: 97213K->0K(137728K)] [ParOldGen: 317969K->36369K(349696K)] 415182K->36369K(487424K), [Metaspace: 2780K->2780K(1056768K)], 0.0048931 secs] [Times: user=0.00 sys=0.00, real=0.00 secs] 
28.307: [GC (Allocation Failure) [PSYoungGen: 99266K->15360K(136704K)] 135636K->51729K(486400K), 0.0021064 secs] [Times: user=0.00 sys=0.00, real=0.00 secs] 
29.289: [GC (Allocation Failure) [PSYoungGen: 110527K->15360K(141312K)] 249296K->205329K(491008K), 0.0051433 secs] [Times: user=0.00 sys=0.00, real=0.00 secs] 
30.271: [Full GC (Ergonomics) [PSYoungGen: 119880K->0K(141312K)] [ParOldGen: 292369K->165393K(349696K)] 412250K->165393K(491008K), [Metaspace: 2793K->2793K(1056768K)], 0.0128485 secs] [Times: user=0.02 sys=0.00, real=0.01 secs] 
32.686: [Full GC (Ergonomics) [PSYoungGen: 99404K->0K(141312K)] [ParOldGen: 267793K->27648K(349696K)] 367197K->27648K(491008K), [Metaspace: 2793K->2793K(1056768K)], 0.0036667 secs] [Times: user=0.00 sys=0.00, real=0.00 secs] 
33.994: [GC (Allocation Failure) [PSYoungGen: 104526K->21504K(139776K)] 234574K->151552K(489472K), 0.0019788 secs] [Times: user=0.00 sys=0.00, real=0.00 secs] 
35.415: [GC (Allocation Failure) [PSYoungGen: 120911K->20480K(141312K)] 353359K->252928K(491008K), 0.0016015 secs] [Times: user=0.00 sys=0.00, real=0.00 secs] 
36.619: [Full GC (Ergonomics) [PSYoungGen: 125039K->0K(141312K)] [ParOldGen: 334848K->21504K(349696K)] 459887K->21504K(491008K), [Metaspace: 2793K->2793K(1056768K)], 0.0032674 secs] [Times: user=0.00 sys=0.00, real=0.00 secs] 
37.600: [GC (Allocation Failure) [PSYoungGen: 104559K->25600K(132096K)] 228463K->149504K(481792K), 0.0023528 secs] [Times: user=0.00 sys=0.00, real=0.00 secs] 
38.363: [GC (Allocation Failure) [PSYoungGen: 89159K->25600K(137728K)] 213063K->169984K(487424K), 0.0029792 secs] [Times: user=0.00 sys=0.00, real=0.00 secs] 
39.673: [GC (Allocation Failure) [PSYoungGen: 119817K->15360K(138752K)] 264201K->159744K(488448K), 0.0016836 secs] [Times: user=0.00 sys=0.00, real=0.00 secs] 
40.765: [GC (Allocation Failure) [PSYoungGen: 115705K->10240K(139776K)] 362490K->262144K(489472K), 0.0017495 secs] [Times: user=0.00 sys=0.00, real=0.00 secs] 
41.310: [GC (Allocation Failure) [PSYoungGen: 109608K->0K(103936K)] 361512K->308224K(453632K), 0.0045184 secs] [Times: user=0.02 sys=0.00, real=0.00 secs] 
41.314: [Full GC (Ergonomics) [PSYoungGen: 0K->0K(103936K)] [ParOldGen: 308224K->164369K(349696K)] 308224K->164369K(453632K), [Metaspace: 2793K->2793K(1056768K)], 0.0128693 secs] [Times: user=0.00 sys=0.02, real=0.01 secs] 
41.435: [GC (Allocation Failure) [PSYoungGen: 103424K->0K(136704K)] 267793K->266769K(486400K), 0.0154040 secs] [Times: user=0.01 sys=0.00, real=0.02 secs] 
41.451: [Full GC (Ergonomics) [PSYoungGen: 0K->0K(136704K)] [ParOldGen: 266769K->215569K(349696K)] 266769K->215569K(486400K), [Metaspace: 2793K->2793K(1056768K)], 0.0091934 secs] [Times: user=0.02 sys=0.00, real=0.01 secs] 
43.982: [GC (Allocation Failure) [PSYoungGen: 87419K->21536K(137728K)] 302988K->237105K(487424K), 0.0021977 secs] [Times: user=0.01 sys=0.00, real=0.00 secs] 
45.073: [Full GC (Ergonomics) [PSYoungGen: 121827K->0K(137728K)] [ParOldGen: 317969K->22528K(349696K)] 439796K->22528K(487424K), [Metaspace: 2795K->2795K(1056768K)], 0.0039738 secs] [Times: user=0.00 sys=0.00, real=0.00 secs] 
45.947: [GC (Allocation Failure) [PSYoungGen: 100301K->11264K(139264K)] 225230K->136192K(488960K), 0.0015749 secs] [Times: user=0.00 sys=0.00, real=0.00 secs] 
47.474: [GC (Allocation Failure) [PSYoungGen: 111603K->25600K(128512K)] 338931K->252928K(478208K), 0.0023229 secs] [Times: user=0.00 sys=0.00, real=0.00 secs] 
48.453: [Full GC (Ergonomics) [PSYoungGen: 94199K->0K(128512K)] [ParOldGen: 278528K->77329K(349696K)] 372728K->77329K(478208K), [Metaspace: 2795K->2795K(1056768K)], 0.0074670 secs] [Times: user=0.00 sys=0.00, real=0.01 secs] 
50.979: [Full GC (Ergonomics) [PSYoungGen: 100346K->0K(128512K)] [ParOldGen: 333329K->16384K(349696K)] 433676K->16384K(478208K), [Metaspace: 2795K->2795K(1056768K)], 0.0034288 secs] [Times: user=0.00 sys=0.00, real=0.00 secs] 
51.961: [GC (Allocation Failure) [PSYoungGen: 100348K->6144K(137728K)] 219132K->124928K(487424K), 0.0009217 secs] [Times: user=0.00 sys=0.00, real=0.00 secs] 
54.363: [Full GC (Ergonomics) [PSYoungGen: 106453K->0K(137728K)] [ParOldGen: 272384K->11264K(349696K)] 378837K->11264K(487424K), [Metaspace: 2795K->2795K(1056768K)], 0.0029489 secs] [Times: user=0.00 sys=0.00, real=0.00 secs] 
56.327: [GC (Allocation Failure) [PSYoungGen: 96213K->25600K(126464K)] 261077K->190464K(476160K), 0.0021111 secs] [Times: user=0.03 sys=0.00, real=0.00 secs] 
58.292: [Full GC (Ergonomics) [PSYoungGen: 115670K->0K(126464K)] [ParOldGen: 318464K->21504K(349696K)] 434134K->21504K(476160K), [Metaspace: 2796K->2796K(1056768K)], 0.0035930 secs] [Times: user=0.00 sys=0.00, real=0.00 secs] 
59.493: [GC (Allocation Failure) [PSYoungGen: 95190K->15360K(137728K)] 219094K->190464K(487424K), 0.0049421 secs] [Times: user=0.00 sys=0.00, real=0.00 secs] 
60.363: [Full GC (Ergonomics) [PSYoungGen: 110520K->0K(137728K)] [ParOldGen: 277504K->164369K(349696K)] 388024K->164369K(487424K), [Metaspace: 2796K->2796K(1056768K)], 0.0127640 secs] [Times: user=0.02 sys=0.00, real=0.01 secs] 
62.456: [Full GC (Ergonomics) [PSYoungGen: 94136K->0K(137728K)] [ParOldGen: 317969K->16384K(349696K)] 412105K->16384K(487424K), [Metaspace: 2796K->2796K(1056768K)], 0.0029958 secs] [Times: user=0.00 sys=0.00, real=0.00 secs] 
63.440: [GC (Allocation Failure) [PSYoungGen: 95160K->6144K(135680K)] 213944K->124928K(485376K), 0.0013483 secs] [Times: user=0.00 sys=0.00, real=0.00 secs] 
65.185: [Full GC (Ergonomics) [PSYoungGen: 101304K->0K(135680K)] [ParOldGen: 272384K->32768K(349696K)] 373688K->32768K(485376K), [Metaspace: 2796K->2796K(1056768K)], 0.0039719 secs] [Times: user=0.08 sys=0.00, real=0.00 secs] 
67.477: [GC (Allocation Failure) [PSYoungGen: 95160K->30720K(131072K)] 281528K->217088K(480768K), 0.0024720 secs] [Times: user=0.00 sys=0.00, real=0.00 secs] 
69.663: [Full GC (Ergonomics) [PSYoungGen: 115558K->0K(131072K)] [ParOldGen: 339968K->6144K(349696K)] 455526K->6144K(480768K), [Metaspace: 2796K->2796K(1056768K)], 0.0029309 secs] [Times: user=0.00 sys=0.00, real=0.00 secs] 
70.755: [GC (Allocation Failure) [PSYoungGen: 84838K->10240K(134656K)] 193382K->118784K(484352K), 0.0013750 secs] [Times: user=0.00 sys=0.00, real=0.00 secs] 
71.409: [GC (Allocation Failure) [PSYoungGen: 104294K->2048K(135680K)] 315238K->218112K(485376K), 0.0012894 secs] [Times: user=0.00 sys=0.00, real=0.00 secs] 
72.611: [GC (Allocation Failure) [PSYoungGen: 76687K->6144K(135680K)] 343951K->273408K(485376K), 0.0013555 secs] [Times: user=0.00 sys=0.00, real=0.00 secs] 
72.612: [GC (Allocation Failure) [PSYoungGen: 6144K->6144K(137728K)] 273408K->273408K(487424K), 0.0016282 secs] [Times: user=0.00 sys=0.00, real=0.00 secs] 
72.614: [Full GC (Allocation Failure) [PSYoungGen: 6144K->0K(137728K)] [ParOldGen: 267264K->171008K(349696K)] 273408K->171008K(487424K), [Metaspace: 2796K->2796K(1056768K)], 0.0061552 secs] [Times: user=0.00 sys=0.00, real=0.01 secs] 
74.049: [Full GC (Ergonomics) [PSYoungGen: 49100K->0K(137728K)] [ParOldGen: 324608K->61969K(349696K)] 373708K->61969K(487424K), [Metaspace: 2796K->2796K(1056768K)], 0.0064025 secs] [Times: user=0.00 sys=0.00, real=0.01 secs] 
76.245: [Full GC (Ergonomics) [PSYoungGen: 97229K->0K(137728K)] [ParOldGen: 317969K->36369K(349696K)] 415198K->36369K(487424K), [Metaspace: 2796K->2796K(1056768K)], 0.0045388 secs] [Times: user=0.00 sys=0.00, real=0.00 secs] 
78.100: [GC (Allocation Failure) [PSYoungGen: 99276K->15360K(136704K)] 135646K->51729K(486400K), 0.0017591 secs] [Times: user=0.00 sys=0.00, real=0.00 secs] 
79.083: [GC (Allocation Failure) [PSYoungGen: 110534K->10240K(141312K)] 249303K->205329K(491008K), 0.0050666 secs] [Times: user=0.00 sys=0.00, real=0.01 secs] 
80.063: [Full GC (Ergonomics) [PSYoungGen: 114755K->0K(141312K)] [ParOldGen: 297489K->165393K(349696K)] 412244K->165393K(491008K), [Metaspace: 2796K->2796K(1056768K)], 0.0130206 secs] [Times: user=0.00 sys=0.00, real=0.01 secs] 
82.475: [Full GC (Ergonomics) [PSYoungGen: 99396K->0K(141312K)] [ParOldGen: 267793K->27648K(349696K)] 367190K->27648K(491008K), [Metaspace: 2796K->2796K(1056768K)], 0.0035861 secs] [Times: user=0.00 sys=0.00, real=0.00 secs] 
83.783: [GC (Allocation Failure) [PSYoungGen: 104517K->21504K(139264K)] 234565K->151552K(488960K), 0.0017837 secs] [Times: user=0.00 sys=0.00, real=0.00 secs] 
85.205: [GC (Allocation Failure) [PSYoungGen: 120902K->20480K(138752K)] 353350K->252928K(488448K), 0.0015302 secs] [Times: user=0.00 sys=0.00, real=0.00 secs] 
86.296: [Full GC (Ergonomics) [PSYoungGen: 121915K->0K(138752K)] [ParOldGen: 334848K->21504K(349696K)] 456764K->21504K(488448K), [Metaspace: 2796K->2796K(1056768K)], 0.0033594 secs] [Times: user=0.00 sys=0.00, real=0.00 secs] 
87.168: [GC (Allocation Failure) [PSYoungGen: 99358K->21504K(125952K)] 223262K->145408K(475648K), 0.0023456 secs] [Times: user=0.00 sys=0.00, real=0.00 secs] 
88.148: [GC (Allocation Failure) [PSYoungGen: 95262K->25600K(135680K)] 219166K->169984K(485376K), 0.0034453 secs] [Times: user=0.00 sys=0.00, real=0.00 secs] 
89.459: [GC (Allocation Failure) [PSYoungGen: 119737K->15360K(137216K)] 264121K->159744K(486912K), 0.0014593 secs] [Times: user=0.00 sys=0.00, real=0.00 secs] 
90.441: [GC (Allocation Failure) [PSYoungGen: 110513K->5120K(139264K)] 357297K->257024K(488960K), 0.0019152 secs] [Times: user=0.00 sys=0.00, real=0.00 secs] 
90.984: [GC (Allocation Failure) [PSYoungGen: 58369K->25600K(129536K)] 310274K->277504K(479232K), 0.0023819 secs] [Times: user=0.00 sys=0.00, real=0.00 secs] 
91.094: [GC (Allocation Failure) [PSYoungGen: 78842K->0K(136192K)] 330746K->308224K(485888K), 0.0052541 secs] [Times: user=0.00 sys=0.00, real=0.01 secs] 
91.100: [Full GC (Ergonomics) [PSYoungGen: 0K->0K(136192K)] [ParOldGen: 308224K->164369K(349696K)] 308224K->164369K(485888K), [Metaspace: 2796K->2796K(1056768K)], 0.0132191 secs] [Times: user=0.00 sys=0.00, real=0.01 secs] 
93.731: [GC (Allocation Failure) [PSYoungGen: 86925K->21504K(120832K)] 353695K->288273K(470528K), 0.0023818 secs] [Times: user=0.00 sys=0.00, real=0.00 secs] 
93.952: [GC (Allocation Failure) [PSYoungGen: 95132K->0K(136192K)] 361902K->329233K(485888K), 0.0050170 secs] [Times: user=0.00 sys=0.00, real=0.01 secs] 
93.957: [Full GC (Ergonomics) [PSYoungGen: 0K->0K(136192K)] [ParOldGen: 329233K->62993K(349696K)] 329233K->62993K(485888K), [Metaspace: 2796K->2796K(1056768K)], 0.0062729 secs] [Times: user=0.00 sys=0.00, real=0.01 secs] 
96.593: [Full GC (Ergonomics) [PSYoungGen: 97161K->0K(136192K)] [ParOldGen: 318993K->11264K(349696K)] 416155K->11264K(485888K), [Metaspace: 2796K->2796K(1056768K)], 0.0031216 secs] [Times: user=0.00 sys=0.00, real=0.00 secs] 
97.580: [GC (Allocation Failure) [PSYoungGen: 95122K->30720K(129024K)] 208786K->144384K(478720K), 0.0027077 secs] [Times: user=0.00 sys=0.00, real=0.00 secs] 
99.327: [Full GC (Ergonomics) [PSYoungGen: 125848K->0K(129024K)] [ParOldGen: 267264K->92689K(349696K)] 393113K->92689K(478720K), [Metaspace: 2796K->2796K(1056768K)], 0.0083686 secs] [Times: user=0.00 sys=0.00, real=0.01 secs] 
100.529: [GC (Allocation Failure) [PSYoungGen: 94108K->10240K(134144K)] 289198K->205329K(483840K), 0.0008450 secs] [Times: user=0.00 sys=0.00, real=0.00 secs] 
102.170: [Full GC (Ergonomics) [PSYoungGen: 100132K->0K(134144K)] [ParOldGen: 348689K->22528K(349696K)] 448822K->22528K(483840K), [Metaspace: 2796K->2796K(1056768K)], 0.0032179 secs] [Times: user=0.00 sys=0.00, real=0.00 secs] 
102.938: [GC (Allocation Failure) [PSYoungGen: 89894K->6144K(132096K)] 214822K->131072K(481792K), 0.0009039 secs] [Times: user=0.00 sys=0.00, real=0.00 secs] 
105.117: [GC (Allocation Failure) [PSYoungGen: 95015K->25600K(131072K)] 219943K->150528K(480768K), 0.0020665 secs] [Times: user=0.00 sys=0.00, real=0.00 secs] 
105.990: [GC (Allocation Failure) [PSYoungGen: 115490K->10240K(133120K)] 342818K->252928K(482816K), 0.0023403 secs] [Times: user=0.00 sys=0.00, real=0.00 secs] 
106.754: [Full GC (Ergonomics) [PSYoungGen: 68388K->0K(133120K)] [ParOldGen: 293888K->92689K(349696K)] 362276K->92689K(482816K), [Metaspace: 2796K->2796K(1056768K)], 0.0078798 secs] [Times: user=0.00 sys=0.00, real=0.01 secs] 
108.409: [Full GC (Ergonomics) [PSYoungGen: 90918K->0K(133120K)] [ParOldGen: 297489K->53248K(349696K)] 388407K->53248K(482816K), [Metaspace: 2796K->2796K(1056768K)], 0.0059438 secs] [Times: user=0.00 sys=0.00, real=0.01 secs] 
110.263: [GC (Allocation Failure) [PSYoungGen: 90919K->10240K(136704K)] 297767K->217088K(486400K), 0.0012852 secs] [Times: user=0.00 sys=0.00, real=0.00 secs] 
111.029: [GC (Allocation Failure) [PSYoungGen: 68504K->5120K(135168K)] 326552K->268288K(484864K), 0.0014187 secs] [Times: user=0.00 sys=0.00, real=0.00 secs] 
111.030: [GC (Allocation Failure) [PSYoungGen: 5120K->0K(137728K)] 268288K->268288K(487424K), 0.0018854 secs] [Times: user=0.00 sys=0.00, real=0.00 secs] 
111.032: [Full GC (Allocation Failure) [PSYoungGen: 0K->0K(137728K)] [ParOldGen: 268288K->216064K(349696K)] 268288K->216064K(487424K), [Metaspace: 2796K->2796K(1056768K)], 0.0129054 secs] [Times: user=0.00 sys=0.00, real=0.01 secs] 
112.350: [Full GC (Ergonomics) [PSYoungGen: 53216K->0K(137728K)] [ParOldGen: 318464K->26624K(349696K)] 371680K->26624K(487424K), [Metaspace: 2796K->2796K(1056768K)], 0.0036912 secs] [Times: user=0.00 sys=0.00, real=0.00 secs] 
113.548: [GC (Allocation Failure) [PSYoungGen: 95200K->21504K(122880K)] 224224K->150528K(472576K), 0.0014859 secs] [Times: user=0.00 sys=0.00, real=0.00 secs] 
114.532: [GC (Allocation Failure) [PSYoungGen: 121825K->10240K(138752K)] 353249K->252928K(488448K), 0.0022348 secs] [Times: user=0.00 sys=0.00, real=0.00 secs] 
116.494: [GC (Allocation Failure) [PSYoungGen: 99297K->15360K(136704K)] 341985K->258048K(486400K), 0.0019010 secs] [Times: user=0.00 sys=0.00, real=0.00 secs] 
117.583: [Full GC (Ergonomics) [PSYoungGen: 115673K->0K(136704K)] [ParOldGen: 345088K->36864K(349696K)] 460761K->36864K(486400K), [Metaspace: 2796K->2796K(1056768K)], 0.0043042 secs] [Times: user=0.00 sys=0.00, real=0.00 secs] 
118.456: [GC (Allocation Failure) [PSYoungGen: 100316K->1024K(140288K)] 239580K->191488K(489984K), 0.0048923 secs] [Times: user=0.00 sys=0.00, real=0.01 secs] 
120.532: [Full GC (Ergonomics) [PSYoungGen: 105530K->0K(140288K)] [ParOldGen: 292864K->113169K(349696K)] 398394K->113169K(489984K), [Metaspace: 2796K->2796K(1056768K)], 0.0099876 secs] [Times: user=0.00 sys=0.00, real=0.01 secs] 
121.534: [GC (Allocation Failure) [PSYoungGen: 104507K->6144K(139776K)] 320076K->221713K(489472K), 0.0011824 secs] [Times: user=0.00 sys=0.00, real=0.00 secs] 
122.296: [GC (Allocation Failure) [PSYoungGen: 69692K->25600K(135168K)] 285261K->242193K(484864K), 0.0026531 secs] [Times: user=0.00 sys=0.00, real=0.00 secs] 
123.714: [Full GC (Ergonomics) [PSYoungGen: 125940K->0K(135168K)] [ParOldGen: 318993K->31744K(349696K)] 444933K->31744K(484864K), [Metaspace: 2796K->2796K(1056768K)], 0.0044252 secs] [Times: user=0.00 sys=0.00, real=0.00 secs] 
124.916: [GC (Allocation Failure) [PSYoungGen: 95220K->15360K(138240K)] 229364K->149504K(487936K), 0.0017971 secs] [Times: user=0.00 sys=0.00, real=0.00 secs] 
125.898: [GC (Allocation Failure) [PSYoungGen: 115701K->20480K(137728K)] 352245K->262144K(487424K), 0.0020881 secs] [Times: user=0.00 sys=0.00, real=0.00 secs] 
127.753: [GC (Allocation Failure) [PSYoungGen: 114698K->15360K(138752K)] 356362K->257024K(488448K), 0.0016804 secs] [Times: user=0.00 sys=0.00, real=0.00 secs] 
128.735: [Full GC (Ergonomics) [PSYoungGen: 115714K->0K(138752K)] [ParOldGen: 344064K->62464K(349696K)] 459778K->62464K(488448K), [Metaspace: 2796K->2796K(1056768K)], 0.0058298 secs] [Times: user=0.00 sys=0.00, real=0.01 secs] 
129.390: [GC (Allocation Failure) [PSYoungGen: 58373K->25600K(136192K)] 120837K->88064K(485888K), 0.0028066 secs] [Times: user=0.02 sys=0.00, real=0.00 secs] 
131.571: [GC (Allocation Failure) [PSYoungGen: 122854K->6144K(138240K)] 390118K->273408K(487936K), 0.0014398 secs] [Times: user=0.00 sys=0.00, real=0.00 secs] 
132.336: [Full GC (Ergonomics) [PSYoungGen: 64491K->0K(138240K)] [ParOldGen: 318464K->57873K(349696K)] 382955K->57873K(487936K), [Metaspace: 2796K->2796K(1056768K)], 0.0058982 secs] [Times: user=0.00 sys=0.00, real=0.01 secs] 
134.852: [Full GC (Ergonomics) [PSYoungGen: 92143K->0K(138240K)] [ParOldGen: 313873K->11264K(349696K)] 406016K->11264K(487936K), [Metaspace: 2796K->2796K(1056768K)], 0.0027740 secs] [Times: user=0.00 sys=0.00, real=0.00 secs] 
135.833: [GC (Allocation Failure) [PSYoungGen: 100337K->20480K(138752K)] 214001K->134144K(488448K), 0.0020419 secs] [Times: user=0.00 sys=0.00, real=0.00 secs] 
136.488: [GC (Allocation Failure) [PSYoungGen: 78855K->20480K(138752K)] 192519K->169984K(488448K), 0.0031227 secs] [Times: user=0.00 sys=0.00, real=0.00 secs] 
137.689: [GC (Allocation Failure) [PSYoungGen: 115707K->15360K(140288K)] 367611K->287744K(489984K), 0.0027830 secs] [Times: user=0.00 sys=0.00, real=0.00 secs] 
138.888: [GC (Allocation Failure) [PSYoungGen: 114719K->10240K(138752K)] 387103K->282624K(488448K), 0.0016064 secs] [Times: user=0.00 sys=0.00, real=0.00 secs] 
139.435: [GC (Allocation Failure) [PSYoungGen: 109595K->0K(140288K)] 381979K->328704K(489984K), 0.0048969 secs] [Times: user=0.02 sys=0.00, real=0.00 secs] 
139.439: [Full GC (Ergonomics) [PSYoungGen: 0K->0K(140288K)] [ParOldGen: 328704K->56849K(349696K)] 328704K->56849K(489984K), [Metaspace: 2796K->2796K(1056768K)], 0.0053850 secs] [Times: user=0.00 sys=0.00, real=0.01 secs] 
139.776: [GC (Allocation Failure) [PSYoungGen: 104515K->1024K(140800K)] 161364K->160273K(490496K), 0.0157760 secs] [Times: user=0.02 sys=0.00, real=0.02 secs] 
140.777: [GC (Allocation Failure) [PSYoungGen: 74812K->25600K(134656K)] 234062K->184849K(484352K), 0.0022464 secs] [Times: user=0.00 sys=0.00, real=0.00 secs] 
142.854: [Full GC (Ergonomics) [PSYoungGen: 122829K->0K(134656K)] [ParOldGen: 261649K->6673K(349696K)] 384479K->6673K(484352K), [Metaspace: 2796K->2796K(1056768K)], 0.0022474 secs] [Times: user=0.00 sys=0.00, real=0.00 secs] 
144.709: [GC (Allocation Failure) [PSYoungGen: 95188K->20480K(137728K)] 255462K->180753K(487424K), 0.0020720 secs] [Times: user=0.00 sys=0.00, real=0.00 secs] 
145.581: [Full GC (Ergonomics) [PSYoungGen: 120793K->0K(137728K)] [ParOldGen: 262673K->32768K(349696K)] 383466K->32768K(487424K), [Metaspace: 2796K->2796K(1056768K)], 0.0039504 secs] [Times: user=0.00 sys=0.00, real=0.00 secs] 
147.111: [GC (Allocation Failure) [PSYoungGen: 100315K->25600K(133632K)] 235484K->160768K(483328K), 0.0021828 secs] [Times: user=0.00 sys=0.00, real=0.00 secs] 
148.962: [Full GC (Ergonomics) [PSYoungGen: 120716K->0K(133632K)] [ParOldGen: 288768K->87569K(349696K)] 409484K->87569K(483328K), [Metaspace: 2796K->2796K(1056768K)], 0.0083369 secs] [Times: user=0.01 sys=0.00, real=0.01 secs] 
150.054: [GC (Allocation Failure) [PSYoungGen: 94093K->0K(97280K)] 284062K->189969K(446976K), 0.0009920 secs] [Times: user=0.00 sys=0.00, real=0.00 secs] 
151.804: [Full GC (Ergonomics) [PSYoungGen: 89998K->0K(97280K)] [ParOldGen: 343569K->12288K(349696K)] 433567K->12288K(446976K), [Metaspace: 2796K->2796K(1056768K)], 0.0030341 secs] [Times: user=0.00 sys=0.00, real=0.00 secs] 
152.573: [GC (Allocation Failure) [PSYoungGen: 95118K->2048K(135680K)] 209806K->116736K(485376K), 0.0005382 secs] [Times: user=0.00 sys=0.00, real=0.00 secs] 
154.873: [GC (Allocation Failure) [PSYoungGen: 96132K->25600K(121344K)] 210820K->140288K(471040K), 0.0017761 secs] [Times: user=0.02 sys=0.00, real=0.00 secs] 
155.856: [GC (Allocation Failure) [PSYoungGen: 120682K->10240K(135680K)] 337770K->242688K(485376K), 0.0023286 secs] [Times: user=0.00 sys=0.00, real=0.00 secs] 
156.514: [GC (Allocation Failure) [PSYoungGen: 63330K->20480K(133632K)] 346978K->309248K(483328K), 0.0025411 secs] [Times: user=0.03 sys=0.00, real=0.00 secs] 
156.517: [Full GC (Ergonomics) [PSYoungGen: 20480K->0K(133632K)] [ParOldGen: 288768K->92689K(349696K)] 309248K->92689K(483328K), [Metaspace: 2796K->2796K(1056768K)], 0.0087254 secs] [Times: user=0.00 sys=0.00, real=0.01 secs] 
158.276: [Full GC (Ergonomics) [PSYoungGen: 92003K->0K(133632K)] [ParOldGen: 297489K->53248K(349696K)] 389493K->53248K(483328K), [Metaspace: 2796K->2796K(1056768K)], 0.0057253 secs] [Times: user=0.02 sys=0.00, real=0.00 secs] 
160.023: [GC (Allocation Failure) [PSYoungGen: 89956K->10240K(137216K)] 296804K->217088K(486912K), 0.0014270 secs] [Times: user=0.00 sys=0.00, real=0.00 secs] 
160.788: [GC (Allocation Failure) [PSYoungGen: 68524K->5120K(135680K)] 326573K->268288K(485376K), 0.0017962 secs] [Times: user=0.00 sys=0.00, real=0.00 secs] 
160.790: [GC (Allocation Failure) [PSYoungGen: 5120K->0K(138240K)] 268288K->268288K(487936K), 0.0017299 secs] [Times: user=0.00 sys=0.00, real=0.00 secs] 
160.792: [Full GC (Allocation Failure) [PSYoungGen: 0K->0K(138240K)] [ParOldGen: 268288K->216064K(349696K)] 268288K->216064K(487936K), [Metaspace: 2796K->2796K(1056768K)], 0.0124468 secs] [Times: user=0.02 sys=0.00, real=0.01 secs] 
162.116: [Full GC (Ergonomics) [PSYoungGen: 53237K->0K(138240K)] [ParOldGen: 318464K->26624K(349696K)] 371701K->26624K(487936K), [Metaspace: 2796K->2796K(1056768K)], 0.0041977 secs] [Times: user=0.00 sys=0.00, real=0.00 secs] 
163.317: [GC (Allocation Failure) [PSYoungGen: 95221K->21504K(123904K)] 224245K->150528K(473600K), 0.0015390 secs] [Times: user=0.00 sys=0.00, real=0.00 secs] 
164.303: [GC (Allocation Failure) [PSYoungGen: 121845K->10240K(139264K)] 353269K->252928K(488960K), 0.0020675 secs] [Times: user=0.00 sys=0.00, real=0.00 secs] 
166.269: [GC (Allocation Failure) [PSYoungGen: 99317K->15360K(137216K)] 342005K->258048K(486912K), 0.0015330 secs] [Times: user=0.00 sys=0.00, real=0.00 secs] 
167.360: [Full GC (Ergonomics) [PSYoungGen: 115693K->0K(137216K)] [ParOldGen: 345088K->36864K(349696K)] 460781K->36864K(486912K), [Metaspace: 2796K->2796K(1056768K)], 0.0046613 secs] [Times: user=0.00 sys=0.00, real=0.00 secs] 
168.232: [GC (Allocation Failure) [PSYoungGen: 100336K->1024K(140288K)] 239600K->191488K(489984K), 0.0041637 secs] [Times: user=0.01 sys=0.00, real=0.00 secs] 
170.314: [Full GC (Ergonomics) [PSYoungGen: 105540K->0K(140288K)] [ParOldGen: 292864K->113169K(349696K)] 398404K->113169K(489984K), [Metaspace: 2796K->2796K(1056768K)], 0.0094870 secs] [Times: user=0.00 sys=0.00, real=0.01 secs] 
171.314: [GC (Allocation Failure) [PSYoungGen: 104517K->6144K(140288K)] 320086K->221713K(489984K), 0.0012666 secs] [Times: user=0.00 sys=0.00, real=0.00 secs] 
172.077: [GC (Allocation Failure) [PSYoungGen: 69702K->25600K(135680K)] 285271K->242193K(485376K), 0.0026896 secs] [Times: user=0.00 sys=0.00, real=0.00 secs] 
173.496: [Full GC (Ergonomics) [PSYoungGen: 126993K->0K(135680K)] [ParOldGen: 318993K->31744K(349696K)] 445986K->31744K(485376K), [Metaspace: 2796K->2796K(1056768K)], 0.0042544 secs] [Times: user=0.02 sys=0.00, real=0.00 secs] 
174.693: [GC (Allocation Failure) [PSYoungGen: 96274K->15360K(138752K)] 230418K->149504K(488448K), 0.0016556 secs] [Times: user=0.00 sys=0.00, real=0.00 secs] 
175.677: [GC (Allocation Failure) [PSYoungGen: 116755K->20480K(138752K)] 353299K->262144K(488448K), 0.0019241 secs] [Times: user=0.00 sys=0.00, real=0.00 secs] 
177.533: [GC (Allocation Failure) [PSYoungGen: 114718K->15360K(139264K)] 356382K->257024K(488960K), 0.0019369 secs] [Times: user=0.00 sys=0.00, real=0.00 secs] 
178.515: [Full GC (Ergonomics) [PSYoungGen: 116796K->0K(139264K)] [ParOldGen: 344064K->62464K(349696K)] 460861K->62464K(488960K), [Metaspace: 2796K->2796K(1056768K)], 0.0064983 secs] [Times: user=0.00 sys=0.00, real=0.01 secs] 
179.170: [GC (Allocation Failure) [PSYoungGen: 58398K->25600K(135680K)] 120862K->88064K(485376K), 0.0022856 secs] [Times: user=0.01 sys=0.00, real=0.00 secs] 
181.352: [GC (Allocation Failure) [PSYoungGen: 122869K->6144K(138240K)] 390133K->273408K(487936K), 0.0014668 secs] [Times: user=0.00 sys=0.00, real=0.00 secs] 
182.116: [Full GC (Ergonomics) [PSYoungGen: 64501K->0K(138240K)] [ParOldGen: 318464K->57873K(349696K)] 382965K->57873K(487936K), [Metaspace: 2796K->2796K(1056768K)], 0.0060739 secs] [Times: user=0.00 sys=0.00, real=0.01 secs] 
184.645: [Full GC (Ergonomics) [PSYoungGen: 92149K->0K(138240K)] [ParOldGen: 313873K->11264K(349696K)] 406023K->11264K(487936K), [Metaspace: 2796K->2796K(1056768K)], 0.0029204 secs] [Times: user=0.00 sys=0.00, real=0.00 secs] 
185.628: [GC (Allocation Failure) [PSYoungGen: 100341K->20480K(138752K)] 214005K->134144K(488448K), 0.0021390 secs] [Times: user=0.00 sys=0.00, real=0.00 secs] 
186.283: [GC (Allocation Failure) [PSYoungGen: 78858K->20480K(138752K)] 192522K->169984K(488448K), 0.0034972 secs] [Times: user=0.00 sys=0.00, real=0.00 secs] 
187.488: [GC (Allocation Failure) [PSYoungGen: 115709K->15360K(140800K)] 367613K->287744K(490496K), 0.0026872 secs] [Times: user=0.00 sys=0.00, real=0.00 secs] 
188.796: [GC (Allocation Failure) [PSYoungGen: 119850K->10240K(138752K)] 392235K->282624K(488448K), 0.0020454 secs] [Times: user=0.00 sys=0.00, real=0.00 secs] 
189.231: [GC (Allocation Failure) [PSYoungGen: 104486K->0K(139776K)] 376870K->328704K(489472K), 0.0043785 secs] [Times: user=0.02 sys=0.00, real=0.00 secs] 
189.235: [Full GC (Ergonomics) [PSYoungGen: 0K->0K(139776K)] [ParOldGen: 328704K->56849K(349696K)] 328704K->56849K(489472K), [Metaspace: 2796K->2796K(1056768K)], 0.0056503 secs] [Times: user=0.00 sys=0.00, real=0.01 secs] 
189.574: [GC (Allocation Failure) [PSYoungGen: 104515K->1024K(140800K)] 161364K->160273K(490496K), 0.0104611 secs] [Times: user=0.02 sys=0.00, real=0.01 secs] 
190.571: [GC (Allocation Failure) [PSYoungGen: 74812K->25600K(134656K)] 234062K->184849K(484352K), 0.0025987 secs] [Times: user=0.00 sys=0.00, real=0.00 secs] 
192.645: [Full GC (Ergonomics) [PSYoungGen: 122829K->0K(134656K)] [ParOldGen: 261649K->7168K(349696K)] 384479K->7168K(484352K), [Metaspace: 2796K->2796K(1056768K)], 0.0023921 secs] [Times: user=0.00 sys=0.00, real=0.00 secs] 
194.501: [GC (Allocation Failure) [PSYoungGen: 95188K->20512K(137728K)] 255956K->181280K(487424K), 0.0018456 secs] [Times: user=0.00 sys=0.00, real=0.00 secs] 
195.375: [Full GC (Ergonomics) [PSYoungGen: 120825K->0K(137728K)] [ParOldGen: 263168K->32768K(349696K)] 383993K->32768K(487424K), [Metaspace: 2796K->2796K(1056768K)], 0.0040879 secs] [Times: user=0.00 sys=0.00, real=0.00 secs] 
196.904: [GC (Allocation Failure) [PSYoungGen: 100315K->25600K(133632K)] 235484K->160768K(483328K), 0.0026428 secs] [Times: user=0.00 sys=0.00, real=0.00 secs] 
198.763: [Full GC (Ergonomics) [PSYoungGen: 120716K->0K(133632K)] [ParOldGen: 288768K->87569K(349696K)] 409484K->87569K(483328K), [Metaspace: 2796K->2796K(1056768K)], 0.0080761 secs] [Times: user=0.06 sys=0.00, real=0.01 secs] 
199.855: [GC (Allocation Failure) [PSYoungGen: 94093K->0K(97280K)] 284063K->189969K(446976K), 0.0010452 secs] [Times: user=0.00 sys=0.00, real=0.00 secs] 
201.609: [Full GC (Ergonomics) [PSYoungGen: 89998K->0K(97280K)] [ParOldGen: 343569K->12288K(349696K)] 433567K->12288K(446976K), [Metaspace: 2796K->2796K(1056768K)], 0.0033004 secs] [Times: user=0.00 sys=0.00, real=0.00 secs] 
202.376: [GC (Allocation Failure) [PSYoungGen: 95118K->2048K(135680K)] 209806K->116736K(485376K), 0.0006445 secs] [Times: user=0.00 sys=0.00, real=0.00 secs] 
204.667: [GC (Allocation Failure) [PSYoungGen: 96132K->25600K(121344K)] 210820K->140288K(471040K), 0.0018519 secs] [Times: user=0.00 sys=0.00, real=0.00 secs] 
205.650: [GC (Allocation Failure) [PSYoungGen: 120682K->10240K(135680K)] 337770K->242688K(485376K), 0.0020655 secs] [Times: user=0.00 sys=0.00, real=0.00 secs] 
206.301: [GC (Allocation Failure) [PSYoungGen: 63330K->20480K(133632K)] 346978K->309248K(483328K), 0.0027580 secs] [Times: user=0.00 sys=0.00, real=0.00 secs] 
206.304: [Full GC (Ergonomics) [PSYoungGen: 20480K->0K(133632K)] [ParOldGen: 288768K->92689K(349696K)] 309248K->92689K(483328K), [Metaspace: 2796K->2796K(1056768K)], 0.0075773 secs] [Times: user=0.00 sys=0.00, real=0.01 secs] 
208.062: [Full GC (Ergonomics) [PSYoungGen: 92003K->0K(133632K)] [ParOldGen: 297489K->53248K(349696K)] 389493K->53248K(483328K), [Metaspace: 2796K->2796K(1056768K)], 0.0053121 secs] [Times: user=0.00 sys=0.00, real=0.01 secs] 
209.808: [GC (Allocation Failure) [PSYoungGen: 89956K->10240K(137216K)] 296804K->217088K(486912K), 0.0015761 secs] [Times: user=0.00 sys=0.00, real=0.00 secs] 
210.571: [GC (Allocation Failure) [PSYoungGen: 68524K->5120K(135680K)] 326573K->268288K(485376K), 0.0017107 secs] [Times: user=0.00 sys=0.00, real=0.00 secs] 
210.573: [GC (Allocation Failure) [PSYoungGen: 5120K->0K(138240K)] 268288K->268288K(487936K), 0.0012958 secs] [Times: user=0.00 sys=0.00, real=0.00 secs] 
210.575: [Full GC (Allocation Failure) [PSYoungGen: 0K->0K(138240K)] [ParOldGen: 268288K->215569K(349696K)] 268288K->215569K(487936K), [Metaspace: 2796K->2796K(1056768K)], 0.0157802 secs] [Times: user=0.02 sys=0.00, real=0.02 secs] 
211.897: [Full GC (Ergonomics) [PSYoungGen: 53237K->0K(138240K)] [ParOldGen: 317969K->26624K(349696K)] 371206K->26624K(487936K), [Metaspace: 2796K->2796K(1056768K)], 0.0035546 secs] [Times: user=0.00 sys=0.00, real=0.00 secs] 
213.106: [GC (Allocation Failure) [PSYoungGen: 95221K->21504K(123904K)] 224245K->150528K(473600K), 0.0017789 secs] [Times: user=0.00 sys=0.00, real=0.00 secs] 
214.085: [GC (Allocation Failure) [PSYoungGen: 121845K->10240K(139264K)] 353269K->252928K(488960K), 0.0018435 secs] [Times: user=0.00 sys=0.00, real=0.00 secs] 
216.051: [GC (Allocation Failure) [PSYoungGen: 99317K->15360K(137216K)] 342005K->258048K(486912K), 0.0019258 secs] [Times: user=0.00 sys=0.00, real=0.00 secs] 
217.140: [Full GC (Ergonomics) [PSYoungGen: 115693K->0K(137216K)] [ParOldGen: 345088K->36864K(349696K)] 460781K->36864K(486912K), [Metaspace: 2796K->2796K(1056768K)], 0.0045395 secs] [Times: user=0.00 sys=0.00, real=0.00 secs] 
218.013: [GC (Allocation Failure) [PSYoungGen: 100336K->1024K(140288K)] 239600K->191488K(489984K), 0.0047116 secs] [Times: user=0.00 sys=0.02, real=0.00 secs] 
Heap
 PSYoungGen      total 140288K, used 25740K [0x00000000f5580000, 0x0000000100000000, 0x0000000100000000)
  eden space 105984K, 23% used [0x00000000f5580000,0x00000000f6da30a8,0x00000000fbd00000)
  from space 34304K, 2% used [0x00000000fde80000,0x00000000fdf80010,0x0000000100000000)
  to   space 34304K, 0% used [0x00000000fbd00000,0x00000000fbd00000,0x00000000fde80000)
 ParOldGen       total 349696K, used 190464K [0x00000000e0000000, 0x00000000f5580000, 0x00000000f5580000)
  object space 349696K, 54% used [0x00000000e0000000,0x00000000eba00060,0x00000000f5580000)
 Metaspace       used 2804K, capacity 4486K, committed 4864K, reserved 1056768K
  class space    used 297K, capacity 386K, committed 512K, reserved 1048576K
