Java HotSpot(TM) 64-Bit Server VM (25.411-b09) for windows-amd64 JRE (1.8.0_411-b09), built on Mar 13 2024 07:26:13 by "java_re" with MS VC++ 17.1 (VS2022)
Memory: 4k page, physical 33403376k(14073468k free), swap 37876016k(5841356k free)
CommandLine flags: -XX:InitialHeapSize=536870912 -XX:MaxHeapSize=536870912 -XX:NewRatio=1 -XX:ParallelGCThreads=6 -XX:+PrintGC -XX:+PrintGCDetails -XX:+PrintGCTimeStamps -XX:SurvivorRatio=5 -XX:-UseAdaptiveSizePolicy -XX:+UseCompressedClassPointers -XX:+UseCompressedOops -XX:-UseLargePagesIndividualAllocation -XX:+UseParallelGC 
2.618: [GC (Allocation Failure) [PSYoungGen: 183624K->22200K(224768K)] 286024K->124608K(486912K), 0.0043793 secs] [Times: user=0.00 sys=0.00, real=0.00 secs] 
3.271: [GC (Allocation Failure) [PSYoungGen: 205148K->18024K(224768K)] 307556K->120432K(486912K), 0.0032280 secs] [Times: user=0.00 sys=0.00, real=0.00 secs] 
6.466: [GC (Allocation Failure) [PSYoungGen: 200965K->26248K(224768K)] 405773K->231056K(486912K), 0.0033264 secs] [Times: user=0.00 sys=0.00, real=0.00 secs] 
7.120: [GC (Allocation Failure) [PSYoungGen: 134265K->36504K(224768K)] 339073K->297640K(486912K), 0.0176488 secs] [Times: user=0.02 sys=0.00, real=0.02 secs] 
7.137: [Full GC (Ergonomics) [PSYoungGen: 36504K->0K(224768K)] [ParOldGen: 261136K->92688K(262144K)] 297640K->92688K(486912K), [Metaspace: 2759K->2759K(1056768K)], 0.0106049 secs] [Times: user=0.02 sys=0.00, real=0.01 secs] 
8.458: [GC (Allocation Failure) [PSYoungGen: 141954K->20480K(224768K)] 234643K->113168K(486912K), 0.0036966 secs] [Times: user=0.00 sys=0.00, real=0.00 secs] 
9.440: [GC (Allocation Failure) [PSYoungGen: 203371K->10240K(224768K)] 296060K->154128K(486912K), 0.0051763 secs] [Times: user=0.01 sys=0.00, real=0.01 secs] 
11.294: [Full GC (Ergonomics) [PSYoungGen: 182899K->0K(224768K)] [ParOldGen: 246288K->184848K(262144K)] 429188K->184848K(486912K), [Metaspace: 2761K->2761K(1056768K)], 0.0155376 secs] [Times: user=0.00 sys=0.00, real=0.02 secs] 
12.509: [GC (Allocation Failure) [PSYoungGen: 177796K->15360K(224768K)] 362645K->200208K(486912K), 0.0014582 secs] [Times: user=0.00 sys=0.00, real=0.00 secs] 
12.836: [GC (Allocation Failure) [PSYoungGen: 102213K->5152K(224768K)] 287062K->241208K(486912K), 0.0046322 secs] [Times: user=0.00 sys=0.00, real=0.00 secs] 
12.841: [Full GC (Ergonomics) [PSYoungGen: 5152K->0K(224768K)] [ParOldGen: 236056K->56849K(262144K)] 241208K->56849K(486912K), [Metaspace: 2763K->2763K(1056768K)], 0.0051709 secs] [Times: user=0.00 sys=0.00, real=0.01 secs] 
14.162: [GC (Allocation Failure) [PSYoungGen: 177795K->31744K(224768K)] 234644K->88593K(486912K), 0.0037314 secs] [Times: user=0.00 sys=0.00, real=0.00 secs] 
15.145: [GC (Allocation Failure) [PSYoungGen: 214643K->21504K(224768K)] 271492K->78353K(486912K), 0.0017340 secs] [Times: user=0.00 sys=0.00, real=0.00 secs] 
18.096: [GC (Allocation Failure) [PSYoungGen: 204408K->35840K(224768K)] 363657K->195089K(486912K), 0.0038910 secs] [Times: user=0.00 sys=0.00, real=0.00 secs] 
19.952: [Full GC (Ergonomics) [PSYoungGen: 203399K->0K(224768K)] [ParOldGen: 261649K->52224K(262144K)] 465049K->52224K(486912K), [Metaspace: 2770K->2770K(1056768K)], 0.0051615 secs] [Times: user=0.00 sys=0.00, real=0.01 secs] 
21.275: [GC (Allocation Failure) [PSYoungGen: 177809K->25600K(224768K)] 230033K->180224K(486912K), 0.0158168 secs] [Times: user=0.00 sys=0.00, real=0.01 secs] 
22.274: [GC (Allocation Failure) [PSYoungGen: 208523K->11264K(224768K)] 363147K->165888K(486912K), 0.0010639 secs] [Times: user=0.00 sys=0.00, real=0.00 secs] 
24.128: [Full GC (Ergonomics) [PSYoungGen: 158344K->0K(224768K)] [ParOldGen: 257024K->31744K(262144K)] 415368K->31744K(486912K), [Metaspace: 2779K->2779K(1056768K)], 0.0037587 secs] [Times: user=0.00 sys=0.00, real=0.00 secs] 
25.111: [GC (Allocation Failure) [PSYoungGen: 182929K->10240K(224768K)] 214674K->41984K(486912K), 0.0010367 secs] [Times: user=0.00 sys=0.00, real=0.00 secs] 
27.730: [GC (Allocation Failure) [PSYoungGen: 193164K->10240K(224768K)] 327308K->144384K(486912K), 0.0009637 secs] [Times: user=0.00 sys=0.00, real=0.00 secs] 
29.806: [Full GC (Ergonomics) [PSYoungGen: 194390K->0K(224768K)] [ParOldGen: 236544K->82944K(262144K)] 430935K->82944K(486912K), [Metaspace: 2793K->2793K(1056768K)], 0.0072536 secs] [Times: user=0.00 sys=0.00, real=0.01 secs] 
31.676: [Full GC (Ergonomics) [PSYoungGen: 183961K->0K(224768K)] [ParOldGen: 185344K->3072K(262144K)] 369306K->3072K(486912K), [Metaspace: 2793K->2793K(1056768K)], 0.0018323 secs] [Times: user=0.00 sys=0.00, real=0.00 secs] 
33.970: [GC (Allocation Failure) [PSYoungGen: 177821K->26624K(224768K)] 283294K->132096K(486912K), 0.0018000 secs] [Times: user=0.00 sys=0.00, real=0.00 secs] 
35.167: [GC (Allocation Failure) [PSYoungGen: 209567K->5120K(224768K)] 315040K->110592K(486912K), 0.0007195 secs] [Times: user=0.00 sys=0.00, real=0.00 secs] 
36.913: [Full GC (Ergonomics) [PSYoungGen: 172693K->0K(224768K)] [ParOldGen: 207872K->36864K(262144K)] 380565K->36864K(486912K), [Metaspace: 2793K->2793K(1056768K)], 0.0037821 secs] [Times: user=0.00 sys=0.00, real=0.00 secs] 
37.897: [GC (Allocation Failure) [PSYoungGen: 182938K->10240K(224768K)] 219802K->47104K(486912K), 0.0010734 secs] [Times: user=0.00 sys=0.00, real=0.00 secs] 
39.748: [GC (Allocation Failure) [PSYoungGen: 172689K->25600K(224768K)] 209554K->62464K(486912K), 0.0022579 secs] [Times: user=0.00 sys=0.00, real=0.00 secs] 
40.728: [GC (Allocation Failure) [PSYoungGen: 208522K->15360K(224768K)] 245386K->154624K(486912K), 0.0155642 secs] [Times: user=0.00 sys=0.00, real=0.02 secs] 
43.905: [Full GC (Ergonomics) [PSYoungGen: 199289K->0K(224768K)] [ParOldGen: 241664K->22528K(262144K)] 440953K->22528K(486912K), [Metaspace: 2795K->2795K(1056768K)], 0.0031254 secs] [Times: user=0.00 sys=0.00, real=0.00 secs] 
44.558: [GC (Allocation Failure) [PSYoungGen: 182919K->10240K(224768K)] 205448K->32768K(486912K), 0.0006933 secs] [Times: user=0.00 sys=0.00, real=0.00 secs] 
46.846: [GC (Allocation Failure) [PSYoungGen: 172685K->20480K(224768K)] 297613K->165888K(486912K), 0.0023030 secs] [Times: user=0.02 sys=0.00, real=0.00 secs] 
47.827: [GC (Allocation Failure) [PSYoungGen: 203413K->30720K(224768K)] 348821K->176128K(486912K), 0.0027449 secs] [Times: user=0.00 sys=0.00, real=0.00 secs] 
49.682: [Full GC (Ergonomics) [PSYoungGen: 203406K->0K(224768K)] [ParOldGen: 247808K->103424K(262144K)] 451214K->103424K(486912K), [Metaspace: 2795K->2795K(1056768K)], 0.0082270 secs] [Times: user=0.00 sys=0.00, real=0.01 secs] 
50.895: [GC (Allocation Failure) [PSYoungGen: 182933K->15360K(224768K)] 286358K->118784K(486912K), 0.0014396 secs] [Times: user=0.00 sys=0.00, real=0.00 secs] 
52.527: [Full GC (Ergonomics) [PSYoungGen: 172686K->0K(224768K)] [ParOldGen: 205824K->32768K(262144K)] 378511K->32768K(486912K), [Metaspace: 2795K->2795K(1056768K)], 0.0038703 secs] [Times: user=0.00 sys=0.00, real=0.00 secs] 
53.509: [GC (Allocation Failure) [PSYoungGen: 182934K->6144K(224768K)] 215702K->38912K(486912K), 0.0008415 secs] [Times: user=0.00 sys=0.00, real=0.00 secs] 
56.558: [GC (Allocation Failure) [PSYoungGen: 189071K->30720K(224768K)] 324239K->165888K(486912K), 0.0021362 secs] [Times: user=0.00 sys=0.00, real=0.00 secs] 
58.311: [Full GC (Ergonomics) [PSYoungGen: 203414K->0K(224768K)] [ParOldGen: 237568K->52224K(262144K)] 440982K->52224K(486912K), [Metaspace: 2796K->2796K(1056768K)], 0.0049582 secs] [Times: user=0.00 sys=0.00, real=0.01 secs] 
59.631: [GC (Allocation Failure) [PSYoungGen: 177819K->25600K(224768K)] 230043K->77824K(486912K), 0.0023004 secs] [Times: user=0.00 sys=0.00, real=0.00 secs] 
60.615: [GC (Allocation Failure) [PSYoungGen: 208529K->15360K(224768K)] 260754K->169984K(486912K), 0.0157264 secs] [Times: user=0.00 sys=0.00, real=0.02 secs] 
62.482: [Full GC (Ergonomics) [PSYoungGen: 167564K->0K(224768K)] [ParOldGen: 257024K->26624K(262144K)] 424588K->26624K(486912K), [Metaspace: 2796K->2796K(1056768K)], 0.0036583 secs] [Times: user=0.00 sys=0.00, real=0.00 secs] 
63.462: [GC (Allocation Failure) [PSYoungGen: 182932K->6144K(224768K)] 209556K->32768K(486912K), 0.0007418 secs] [Times: user=0.00 sys=0.00, real=0.00 secs] 
66.405: [GC (Allocation Failure) [PSYoungGen: 189062K->10240K(224768K)] 318087K->139264K(486912K), 0.0011281 secs] [Times: user=0.00 sys=0.00, real=0.00 secs] 
68.147: [Full GC (Ergonomics) [PSYoungGen: 177808K->0K(224768K)] [ParOldGen: 231424K->52224K(262144K)] 409233K->52224K(486912K), [Metaspace: 2796K->2796K(1056768K)], 0.0051691 secs] [Times: user=0.00 sys=0.00, real=0.00 secs] 
69.570: [GC (Allocation Failure) [PSYoungGen: 177815K->5120K(224768K)] 230039K->57344K(486912K), 0.0010101 secs] [Times: user=0.00 sys=0.00, real=0.00 secs] 
70.553: [GC (Allocation Failure) [PSYoungGen: 188047K->10240K(224768K)] 240271K->164864K(486912K), 0.0155092 secs] [Times: user=0.00 sys=0.00, real=0.02 secs] 
70.569: [Full GC (Ergonomics) [PSYoungGen: 10240K->0K(224768K)] [ParOldGen: 154624K->108049K(262144K)] 164864K->108049K(486912K), [Metaspace: 2796K->2796K(1056768K)], 0.0085496 secs] [Times: user=0.00 sys=0.00, real=0.01 secs] 
72.416: [Full GC (Ergonomics) [PSYoungGen: 172682K->0K(224768K)] [ParOldGen: 210449K->134673K(262144K)] 383132K->134673K(486912K), [Metaspace: 2796K->2796K(1056768K)], 0.0033397 secs] [Times: user=0.00 sys=0.00, real=0.00 secs] 
73.725: [GC (Allocation Failure) [PSYoungGen: 182931K->20480K(224768K)] 317604K->155153K(486912K), 0.0016389 secs] [Times: user=0.00 sys=0.00, real=0.00 secs] 
74.377: [GC (Allocation Failure) [PSYoungGen: 203405K->20480K(224768K)] 338078K->155153K(486912K), 0.0016239 secs] [Times: user=0.02 sys=0.00, real=0.00 secs] 
76.557: [Full GC (Ergonomics) [PSYoungGen: 193161K->0K(224768K)] [ParOldGen: 237073K->41984K(262144K)] 430234K->41984K(486912K), [Metaspace: 2796K->2796K(1056768K)], 0.0046357 secs] [Times: user=0.00 sys=0.00, real=0.00 secs] 
79.283: [GC (Allocation Failure) [PSYoungGen: 182930K->20480K(224768K)] 327314K->216064K(486912K), 0.0054504 secs] [Times: user=0.00 sys=0.00, real=0.00 secs] 
79.288: [Full GC (Ergonomics) [PSYoungGen: 20480K->0K(224768K)] [ParOldGen: 195584K->72209K(262144K)] 216064K->72209K(486912K), [Metaspace: 2796K->2796K(1056768K)], 0.0061103 secs] [Times: user=0.00 sys=0.00, real=0.01 secs] 
81.043: [Full GC (Ergonomics) [PSYoungGen: 111256K->0K(224768K)] [ParOldGen: 174609K->6144K(262144K)] 285866K->6144K(486912K), [Metaspace: 2796K->2796K(1056768K)], 0.0020392 secs] [Times: user=0.00 sys=0.00, real=0.00 secs] 
82.349: [GC (Allocation Failure) [PSYoungGen: 177820K->26624K(224768K)] 183964K->32768K(486912K), 0.0023125 secs] [Times: user=0.00 sys=0.00, real=0.00 secs] 
83.333: [GC (Allocation Failure) [PSYoungGen: 209554K->12288K(224768K)] 215698K->18432K(486912K), 0.0012857 secs] [Times: user=0.00 sys=0.00, real=0.00 secs] 
85.190: [GC (Allocation Failure) [PSYoungGen: 159372K->30720K(224768K)] 267916K->139264K(486912K), 0.0024530 secs] [Times: user=0.02 sys=0.00, real=0.00 secs] 
86.171: [GC (Allocation Failure) [PSYoungGen: 213652K->20480K(224768K)] 322196K->129024K(486912K), 0.0015778 secs] [Times: user=0.00 sys=0.00, real=0.00 secs] 
88.019: [Full GC (Ergonomics) [PSYoungGen: 193166K->0K(224768K)] [ParOldGen: 210944K->62464K(262144K)] 404110K->62464K(486912K), [Metaspace: 2796K->2796K(1056768K)], 0.0058127 secs] [Times: user=0.00 sys=0.00, real=0.01 secs] 
90.200: [Full GC (Ergonomics) [PSYoungGen: 182933K->0K(224768K)] [ParOldGen: 164864K->113169K(262144K)] 347797K->113169K(486912K), [Metaspace: 2796K->2796K(1056768K)], 0.0092601 secs] [Times: user=0.02 sys=0.00, real=0.01 secs] 
93.470: [Full GC (Ergonomics) [PSYoungGen: 183962K->0K(224768K)] [ParOldGen: 215569K->12288K(262144K)] 399532K->12288K(486912K), [Metaspace: 2796K->2796K(1056768K)], 0.0027241 secs] [Times: user=0.00 sys=0.00, real=0.00 secs] 
95.110: [GC (Allocation Failure) [PSYoungGen: 157342K->35840K(224768K)] 272030K->150528K(486912K), 0.0029393 secs] [Times: user=0.00 sys=0.00, real=0.00 secs] 
96.426: [GC (Allocation Failure) [PSYoungGen: 213664K->10240K(224768K)] 328352K->124928K(486912K), 0.0011947 secs] [Times: user=0.00 sys=0.00, real=0.00 secs] 
97.085: [GC (Allocation Failure) [PSYoungGen: 193172K->25600K(224768K)] 307860K->140288K(486912K), 0.0021952 secs] [Times: user=0.00 sys=0.00, real=0.00 secs] 
99.277: [Full GC (Ergonomics) [PSYoungGen: 198286K->0K(224768K)] [ParOldGen: 217088K->93184K(262144K)] 415374K->93184K(486912K), [Metaspace: 2796K->2796K(1056768K)], 0.0083209 secs] [Times: user=0.00 sys=0.00, real=0.01 secs] 
100.261: [GC (Allocation Failure) [PSYoungGen: 182933K->5120K(224768K)] 276117K->98304K(486912K), 0.0009016 secs] [Times: user=0.00 sys=0.00, real=0.00 secs] 
102.228: [Full GC (Ergonomics) [PSYoungGen: 182926K->0K(224768K)] [ParOldGen: 195584K->32273K(262144K)] 378510K->32273K(486912K), [Metaspace: 2796K->2796K(1056768K)], 0.0038873 secs] [Times: user=0.00 sys=0.00, real=0.00 secs] 
103.210: [GC (Allocation Failure) [PSYoungGen: 182934K->6144K(224768K)] 215207K->38417K(486912K), 0.0008447 secs] [Times: user=0.00 sys=0.00, real=0.00 secs] 
106.258: [GC (Allocation Failure) [PSYoungGen: 189071K->30720K(224768K)] 323744K->165393K(486912K), 0.0022763 secs] [Times: user=0.00 sys=0.00, real=0.00 secs] 
108.002: [Full GC (Ergonomics) [PSYoungGen: 203414K->0K(224768K)] [ParOldGen: 237073K->52224K(262144K)] 440487K->52224K(486912K), [Metaspace: 2796K->2796K(1056768K)], 0.0049369 secs] [Times: user=0.00 sys=0.00, real=0.00 secs] 
109.305: [GC (Allocation Failure) [PSYoungGen: 177819K->25600K(224768K)] 230043K->77824K(486912K), 0.0023182 secs] [Times: user=0.00 sys=0.00, real=0.00 secs] 
110.289: [GC (Allocation Failure) [PSYoungGen: 208529K->15360K(224768K)] 260753K->169984K(486912K), 0.0147981 secs] [Times: user=0.00 sys=0.00, real=0.01 secs] 
112.157: [Full GC (Ergonomics) [PSYoungGen: 167564K->0K(224768K)] [ParOldGen: 257024K->26624K(262144K)] 424588K->26624K(486912K), [Metaspace: 2796K->2796K(1056768K)], 0.0035890 secs] [Times: user=0.00 sys=0.00, real=0.00 secs] 
113.135: [GC (Allocation Failure) [PSYoungGen: 182932K->6144K(224768K)] 209556K->32768K(486912K), 0.0006717 secs] [Times: user=0.00 sys=0.00, real=0.00 secs] 
116.073: [GC (Allocation Failure) [PSYoungGen: 189062K->10240K(224768K)] 318086K->139264K(486912K), 0.0010341 secs] [Times: user=0.00 sys=0.00, real=0.00 secs] 
117.828: [Full GC (Ergonomics) [PSYoungGen: 177808K->0K(224768K)] [ParOldGen: 231424K->52224K(262144K)] 409233K->52224K(486912K), [Metaspace: 2796K->2796K(1056768K)], 0.0055385 secs] [Times: user=0.00 sys=0.00, real=0.01 secs] 
119.242: [GC (Allocation Failure) [PSYoungGen: 177815K->5120K(224768K)] 230039K->57344K(486912K), 0.0007525 secs] [Times: user=0.00 sys=0.00, real=0.00 secs] 
120.227: [GC (Allocation Failure) [PSYoungGen: 188047K->10240K(224768K)] 240271K->164864K(486912K), 0.0158063 secs] [Times: user=0.00 sys=0.00, real=0.02 secs] 
120.243: [Full GC (Ergonomics) [PSYoungGen: 10240K->0K(224768K)] [ParOldGen: 154624K->108049K(262144K)] 164864K->108049K(486912K), [Metaspace: 2796K->2796K(1056768K)], 0.0086327 secs] [Times: user=0.00 sys=0.00, real=0.01 secs] 
122.107: [Full GC (Ergonomics) [PSYoungGen: 172682K->0K(224768K)] [ParOldGen: 210449K->134673K(262144K)] 383132K->134673K(486912K), [Metaspace: 2796K->2796K(1056768K)], 0.0032415 secs] [Times: user=0.00 sys=0.00, real=0.00 secs] 
123.412: [GC (Allocation Failure) [PSYoungGen: 182931K->20480K(224768K)] 317604K->155153K(486912K), 0.0017884 secs] [Times: user=0.00 sys=0.00, real=0.00 secs] 
124.066: [GC (Allocation Failure) [PSYoungGen: 203405K->20480K(224768K)] 338078K->155153K(486912K), 0.0016841 secs] [Times: user=0.00 sys=0.00, real=0.00 secs] 
126.247: [Full GC (Ergonomics) [PSYoungGen: 193161K->0K(224768K)] [ParOldGen: 237073K->41984K(262144K)] 430234K->41984K(486912K), [Metaspace: 2796K->2796K(1056768K)], 0.0044858 secs] [Times: user=0.00 sys=0.00, real=0.00 secs] 
128.972: [GC (Allocation Failure) [PSYoungGen: 182930K->20480K(224768K)] 327314K->216064K(486912K), 0.0054455 secs] [Times: user=0.00 sys=0.00, real=0.01 secs] 
128.977: [Full GC (Ergonomics) [PSYoungGen: 20480K->0K(224768K)] [ParOldGen: 195584K->72209K(262144K)] 216064K->72209K(486912K), [Metaspace: 2796K->2796K(1056768K)], 0.0066258 secs] [Times: user=0.00 sys=0.00, real=0.01 secs] 
130.736: [Full GC (Ergonomics) [PSYoungGen: 111256K->0K(224768K)] [ParOldGen: 174609K->6144K(262144K)] 285866K->6144K(486912K), [Metaspace: 2796K->2796K(1056768K)], 0.0019027 secs] [Times: user=0.00 sys=0.00, real=0.00 secs] 
132.041: [GC (Allocation Failure) [PSYoungGen: 177820K->26624K(224768K)] 183964K->32768K(486912K), 0.0026373 secs] [Times: user=0.00 sys=0.00, real=0.00 secs] 
133.021: [GC (Allocation Failure) [PSYoungGen: 209554K->12288K(224768K)] 215698K->18432K(486912K), 0.0010529 secs] [Times: user=0.00 sys=0.00, real=0.00 secs] 
134.872: [GC (Allocation Failure) [PSYoungGen: 159372K->30720K(224768K)] 267916K->139264K(486912K), 0.0024586 secs] [Times: user=0.00 sys=0.00, real=0.00 secs] 
135.857: [GC (Allocation Failure) [PSYoungGen: 213652K->20480K(224768K)] 322196K->129024K(486912K), 0.0018758 secs] [Times: user=0.00 sys=0.00, real=0.00 secs] 
137.710: [Full GC (Ergonomics) [PSYoungGen: 193166K->0K(224768K)] [ParOldGen: 210944K->62464K(262144K)] 404110K->62464K(486912K), [Metaspace: 2796K->2796K(1056768K)], 0.0057256 secs] [Times: user=0.00 sys=0.00, real=0.00 secs] 
139.893: [GC (Allocation Failure) [PSYoungGen: 182933K->10240K(224768K)] 347797K->175104K(486912K), 0.0011084 secs] [Times: user=0.00 sys=0.00, real=0.00 secs] 
140.655: [GC (Allocation Failure) [PSYoungGen: 121498K->10240K(224768K)] 286362K->226304K(486912K), 0.0046664 secs] [Times: user=0.00 sys=0.00, real=0.00 secs] 
140.660: [Full GC (Ergonomics) [PSYoungGen: 10240K->0K(224768K)] [ParOldGen: 216064K->164369K(262144K)] 226304K->164369K(486912K), [Metaspace: 2796K->2796K(1056768K)], 0.0131632 secs] [Times: user=0.00 sys=0.00, real=0.01 secs] 
143.180: [GC (Allocation Failure) [PSYoungGen: 178826K->21504K(224768K)] 343195K->185873K(486912K), 0.0016566 secs] [Times: user=0.00 sys=0.00, real=0.00 secs] 
143.510: [GC (Allocation Failure) [PSYoungGen: 107127K->11264K(224768K)] 271497K->226833K(486912K), 0.0068154 secs] [Times: user=0.00 sys=0.00, real=0.01 secs] 
143.517: [Full GC (Ergonomics) [PSYoungGen: 11264K->0K(224768K)] [ParOldGen: 215569K->62993K(262144K)] 226833K->62993K(486912K), [Metaspace: 2796K->2796K(1056768K)], 0.0056532 secs] [Times: user=0.00 sys=0.00, real=0.00 secs] 
144.830: [GC (Allocation Failure) [PSYoungGen: 177783K->35840K(224768K)] 240777K->98833K(486912K), 0.0027685 secs] [Times: user=0.01 sys=0.00, real=0.00 secs] 
146.140: [GC (Allocation Failure) [PSYoungGen: 213611K->10240K(224768K)] 276605K->73233K(486912K), 0.0011384 secs] [Times: user=0.00 sys=0.00, real=0.00 secs] 
146.793: [GC (Allocation Failure) [PSYoungGen: 193139K->25600K(224768K)] 256132K->88593K(486912K), 0.0021170 secs] [Times: user=0.00 sys=0.00, real=0.00 secs] 
148.973: [GC (Allocation Failure) [PSYoungGen: 198264K->30720K(224768K)] 363658K->257553K(486912K), 0.0064371 secs] [Times: user=0.00 sys=0.00, real=0.01 secs] 
148.980: [Full GC (Ergonomics) [PSYoungGen: 30720K->0K(224768K)] [ParOldGen: 226833K->92689K(262144K)] 257553K->92689K(486912K), [Metaspace: 2796K->2796K(1056768K)], 0.0076149 secs] [Times: user=0.00 sys=0.00, real=0.01 secs] 
149.972: [GC (Allocation Failure) [PSYoungGen: 182919K->5120K(224768K)] 275609K->97809K(486912K), 0.0009940 secs] [Times: user=0.00 sys=0.00, real=0.00 secs] 
151.938: [Full GC (Ergonomics) [PSYoungGen: 182903K->0K(224768K)] [ParOldGen: 195089K->32768K(262144K)] 377992K->32768K(486912K), [Metaspace: 2796K->2796K(1056768K)], 0.0036115 secs] [Times: user=0.00 sys=0.00, real=0.00 secs] 
152.917: [GC (Allocation Failure) [PSYoungGen: 182918K->6144K(224768K)] 215686K->38912K(486912K), 0.0007610 secs] [Times: user=0.00 sys=0.00, real=0.00 secs] 
155.966: [GC (Allocation Failure) [PSYoungGen: 189061K->30720K(224768K)] 324229K->165888K(486912K), 0.0022358 secs] [Times: user=0.00 sys=0.00, real=0.00 secs] 
157.714: [Full GC (Ergonomics) [PSYoungGen: 203407K->0K(224768K)] [ParOldGen: 237568K->52224K(262144K)] 440976K->52224K(486912K), [Metaspace: 2796K->2796K(1056768K)], 0.0051459 secs] [Times: user=0.00 sys=0.00, real=0.00 secs] 
159.037: [GC (Allocation Failure) [PSYoungGen: 177814K->25600K(224768K)] 230038K->77824K(486912K), 0.0020744 secs] [Times: user=0.00 sys=0.00, real=0.00 secs] 
160.019: [GC (Allocation Failure) [PSYoungGen: 208527K->15360K(224768K)] 260751K->169984K(486912K), 0.0152509 secs] [Times: user=0.00 sys=0.00, real=0.01 secs] 
160.034: [Full GC (Ergonomics) [PSYoungGen: 15360K->0K(224768K)] [ParOldGen: 154624K->164369K(262144K)] 169984K->164369K(486912K), [Metaspace: 2796K->2796K(1056768K)], 0.0158377 secs] [Times: user=0.01 sys=0.00, real=0.02 secs] 
160.597: [Full GC (Ergonomics) [PSYoungGen: 101002K->0K(224768K)] [ParOldGen: 164369K->215569K(262144K)] 265371K->215569K(486912K), [Metaspace: 2796K->2796K(1056768K)], 0.0051264 secs] [Times: user=0.00 sys=0.00, real=0.00 secs] 
161.928: [Full GC (Ergonomics) [PSYoungGen: 157282K->0K(224768K)] [ParOldGen: 215569K->26624K(262144K)] 372852K->26624K(486912K), [Metaspace: 2796K->2796K(1056768K)], 0.0032363 secs] [Times: user=0.00 sys=0.00, real=0.00 secs] 
162.910: [GC (Allocation Failure) [PSYoungGen: 182875K->6144K(224768K)] 209499K->32768K(486912K), 0.0007571 secs] [Times: user=0.00 sys=0.00, real=0.00 secs] 
165.847: [GC (Allocation Failure) [PSYoungGen: 189025K->10240K(224768K)] 318049K->139264K(486912K), 0.0008233 secs] [Times: user=0.00 sys=0.00, real=0.00 secs] 
167.593: [Full GC (Ergonomics) [PSYoungGen: 177784K->0K(224768K)] [ParOldGen: 231424K->52224K(262144K)] 409208K->52224K(486912K), [Metaspace: 2796K->2796K(1056768K)], 0.0049840 secs] [Times: user=0.00 sys=0.00, real=0.01 secs] 
169.010: [GC (Allocation Failure) [PSYoungGen: 177799K->5120K(224768K)] 230023K->57344K(486912K), 0.0007373 secs] [Times: user=0.00 sys=0.00, real=0.00 secs] 
169.991: [GC (Allocation Failure) [PSYoungGen: 188037K->10240K(224768K)] 240261K->164864K(486912K), 0.0152528 secs] [Times: user=0.00 sys=0.00, real=0.02 secs] 
170.006: [Full GC (Ergonomics) [PSYoungGen: 10240K->0K(224768K)] [ParOldGen: 154624K->108049K(262144K)] 164864K->108049K(486912K), [Metaspace: 2796K->2796K(1056768K)], 0.0089357 secs] [Times: user=0.00 sys=0.00, real=0.01 secs] 
171.867: [Full GC (Ergonomics) [PSYoungGen: 172676K->0K(224768K)] [ParOldGen: 210449K->134673K(262144K)] 383125K->134673K(486912K), [Metaspace: 2796K->2796K(1056768K)], 0.0033309 secs] [Times: user=0.00 sys=0.00, real=0.00 secs] 
173.176: [GC (Allocation Failure) [PSYoungGen: 182927K->20480K(224768K)] 317600K->155153K(486912K), 0.0014518 secs] [Times: user=0.00 sys=0.00, real=0.00 secs] 
173.833: [GC (Allocation Failure) [PSYoungGen: 203402K->20480K(224768K)] 338075K->155153K(486912K), 0.0017714 secs] [Times: user=0.00 sys=0.00, real=0.00 secs] 
176.019: [Full GC (Ergonomics) [PSYoungGen: 193159K->0K(224768K)] [ParOldGen: 237073K->41489K(262144K)] 430233K->41489K(486912K), [Metaspace: 2796K->2796K(1056768K)], 0.0042823 secs] [Times: user=0.00 sys=0.00, real=0.00 secs] 
178.748: [GC (Allocation Failure) [PSYoungGen: 182929K->20480K(224768K)] 326819K->215569K(486912K), 0.0052668 secs] [Times: user=0.00 sys=0.00, real=0.01 secs] 
178.754: [Full GC (Ergonomics) [PSYoungGen: 20480K->0K(224768K)] [ParOldGen: 195089K->72209K(262144K)] 215569K->72209K(486912K), [Metaspace: 2796K->2796K(1056768K)], 0.0058237 secs] [Times: user=0.00 sys=0.00, real=0.01 secs] 
180.500: [Full GC (Ergonomics) [PSYoungGen: 111255K->0K(224768K)] [ParOldGen: 174609K->6144K(262144K)] 285865K->6144K(486912K), [Metaspace: 2796K->2796K(1056768K)], 0.0024866 secs] [Times: user=0.00 sys=0.00, real=0.00 secs] 
181.812: [GC (Allocation Failure) [PSYoungGen: 177820K->26624K(224768K)] 183964K->32768K(486912K), 0.0024400 secs] [Times: user=0.00 sys=0.00, real=0.00 secs] 
182.793: [GC (Allocation Failure) [PSYoungGen: 209554K->12288K(224768K)] 215698K->18432K(486912K), 0.0009442 secs] [Times: user=0.00 sys=0.00, real=0.00 secs] 
184.649: [GC (Allocation Failure) [PSYoungGen: 159372K->30720K(224768K)] 267916K->139264K(486912K), 0.0024495 secs] [Times: user=0.00 sys=0.00, real=0.00 secs] 
185.632: [GC (Allocation Failure) [PSYoungGen: 213652K->20480K(224768K)] 322196K->129024K(486912K), 0.0018553 secs] [Times: user=0.00 sys=0.00, real=0.00 secs] 
187.483: [Full GC (Ergonomics) [PSYoungGen: 193166K->0K(224768K)] [ParOldGen: 210944K->62464K(262144K)] 404110K->62464K(486912K), [Metaspace: 2796K->2796K(1056768K)], 0.0059091 secs] [Times: user=0.00 sys=0.00, real=0.01 secs] 
189.664: [Full GC (Ergonomics) [PSYoungGen: 182933K->0K(224768K)] [ParOldGen: 164864K->113169K(262144K)] 347797K->113169K(486912K), [Metaspace: 2796K->2796K(1056768K)], 0.0093223 secs] [Times: user=0.00 sys=0.00, real=0.01 secs] 
192.945: [Full GC (Ergonomics) [PSYoungGen: 183962K->0K(224768K)] [ParOldGen: 215569K->12288K(262144K)] 399532K->12288K(486912K), [Metaspace: 2796K->2796K(1056768K)], 0.0022418 secs] [Times: user=0.00 sys=0.00, real=0.00 secs] 
194.583: [GC (Allocation Failure) [PSYoungGen: 157342K->35872K(224768K)] 272030K->150560K(486912K), 0.0026886 secs] [Times: user=0.00 sys=0.00, real=0.00 secs] 
195.892: [GC (Allocation Failure) [PSYoungGen: 213696K->10272K(224768K)] 328384K->124960K(486912K), 0.0012994 secs] [Times: user=0.00 sys=0.00, real=0.00 secs] 
196.544: [GC (Allocation Failure) [PSYoungGen: 193204K->25664K(224768K)] 307893K->140352K(486912K), 0.0023456 secs] [Times: user=0.00 sys=0.00, real=0.00 secs] 
198.723: [Full GC (Ergonomics) [PSYoungGen: 198350K->0K(224768K)] [ParOldGen: 217088K->93184K(262144K)] 415438K->93184K(486912K), [Metaspace: 2796K->2796K(1056768K)], 0.0077028 secs] [Times: user=0.00 sys=0.00, real=0.01 secs] 
199.705: [GC (Allocation Failure) [PSYoungGen: 182933K->5120K(224768K)] 276118K->98304K(486912K), 0.0007151 secs] [Times: user=0.00 sys=0.00, real=0.00 secs] 
201.669: [Full GC (Ergonomics) [PSYoungGen: 182926K->0K(224768K)] [ParOldGen: 195584K->32768K(262144K)] 378511K->32768K(486912K), [Metaspace: 2796K->2796K(1056768K)], 0.0038792 secs] [Times: user=0.00 sys=0.00, real=0.00 secs] 
202.648: [GC (Allocation Failure) [PSYoungGen: 182934K->6144K(224768K)] 215702K->38912K(486912K), 0.0008830 secs] [Times: user=0.00 sys=0.00, real=0.00 secs] 
205.703: [GC (Allocation Failure) [PSYoungGen: 189071K->30720K(224768K)] 324239K->165888K(486912K), 0.0023360 secs] [Times: user=0.00 sys=0.00, real=0.00 secs] 
207.447: [Full GC (Ergonomics) [PSYoungGen: 203414K->0K(224768K)] [ParOldGen: 237568K->52224K(262144K)] 440982K->52224K(486912K), [Metaspace: 2796K->2796K(1056768K)], 0.0051082 secs] [Times: user=0.00 sys=0.00, real=0.00 secs] 
208.767: [GC (Allocation Failure) [PSYoungGen: 177819K->25600K(224768K)] 230043K->77824K(486912K), 0.0024207 secs] [Times: user=0.02 sys=0.00, real=0.00 secs] 
209.747: [GC (Allocation Failure) [PSYoungGen: 208529K->15360K(224768K)] 260754K->169984K(486912K), 0.0154423 secs] [Times: user=0.00 sys=0.00, real=0.02 secs] 
211.616: [Full GC (Ergonomics) [PSYoungGen: 167564K->0K(224768K)] [ParOldGen: 257024K->26624K(262144K)] 424588K->26624K(486912K), [Metaspace: 2796K->2796K(1056768K)], 0.0032460 secs] [Times: user=0.00 sys=0.00, real=0.00 secs] 
212.598: [GC (Allocation Failure) [PSYoungGen: 182932K->6144K(224768K)] 209556K->32768K(486912K), 0.0006649 secs] [Times: user=0.00 sys=0.00, real=0.00 secs] 
215.538: [GC (Allocation Failure) [PSYoungGen: 189062K->10240K(224768K)] 318087K->139264K(486912K), 0.0010582 secs] [Times: user=0.00 sys=0.00, real=0.00 secs] 
217.278: [Full GC (Ergonomics) [PSYoungGen: 177808K->0K(224768K)] [ParOldGen: 231424K->52224K(262144K)] 409233K->52224K(486912K), [Metaspace: 2796K->2796K(1056768K)], 0.0050637 secs] [Times: user=0.00 sys=0.00, real=0.00 secs] 
Heap
 PSYoungGen      total 224768K, used 181563K [0x00000000f0000000, 0x0000000100000000, 0x0000000100000000)
  eden space 187392K, 96% used [0x00000000f0000000,0x00000000fb14eec8,0x00000000fb700000)
  from space 37376K, 0% used [0x00000000fdb80000,0x00000000fdb80000,0x0000000100000000)
  to   space 37376K, 0% used [0x00000000fb700000,0x00000000fb700000,0x00000000fdb80000)
 ParOldGen       total 262144K, used 52224K [0x00000000e0000000, 0x00000000f0000000, 0x00000000f0000000)
  object space 262144K, 19% used [0x00000000e0000000,0x00000000e33001d8,0x00000000f0000000)
 Metaspace       used 2804K, capacity 4486K, committed 4864K, reserved 1056768K
  class space    used 297K, capacity 386K, committed 512K, reserved 1048576K
