Java HotSpot(TM) 64-Bit Server VM (25.411-b09) for windows-amd64 JRE (1.8.0_411-b09), built on Mar 13 2024 07:26:13 by "java_re" with MS VC++ 17.1 (VS2022)
Memory: 4k page, physical 33403376k(11770600k free), swap 40595968k(6387660k free)
CommandLine flags: -XX:InitialHeapSize=2147483648 -XX:MaxHeapSize=2147483648 -XX:NewRatio=2 -XX:ParallelGCThreads=10 -XX:+PrintGC -XX:+PrintGCDetails -XX:+PrintGCTimeStamps -XX:-UseAdaptiveSizePolicy -XX:+UseCompressedClassPointers -XX:+UseCompressedOops -XX:-UseLargePagesIndividualAllocation -XX:+UseParallelGC 
4.856: [GC (Allocation Failure) [PSYoungGen: 520704K->11024K(611840K)] 520704K->11032K(2010112K), 0.0031039 secs] [Times: user=0.00 sys=0.00, real=0.00 secs] 
8.454: [GC (Allocation Failure) [PSYoungGen: 497685K->21216K(611840K)] 497693K->21232K(2010112K), 0.0078568 secs] [Times: user=0.00 sys=0.00, real=0.01 secs] 
11.425: [GC (Allocation Failure) [PSYoungGen: 528094K->62216K(611840K)] 528110K->215832K(2010112K), 0.0473004 secs] [Times: user=0.03 sys=0.03, real=0.05 secs] 
14.311: [GC (Allocation Failure) [PSYoungGen: 500916K->68304K(611840K)] 654532K->221928K(2010112K), 0.0161544 secs] [Times: user=0.00 sys=0.00, real=0.02 secs] 
18.566: [GC (Allocation Failure) [PSYoungGen: 575293K->82720K(611840K)] 728918K->287552K(2010112K), 0.0196907 secs] [Times: user=0.03 sys=0.00, real=0.02 secs] 
22.062: [GC (Allocation Failure) [PSYoungGen: 607520K->12000K(611840K)] 812352K->319232K(2010112K), 0.0365643 secs] [Times: user=0.02 sys=0.02, real=0.04 secs] 
25.586: [GC (Allocation Failure) [PSYoungGen: 497560K->46848K(611840K)] 804792K->354080K(2010112K), 0.0039973 secs] [Times: user=0.00 sys=0.00, real=0.00 secs] 
29.838: [GC (Allocation Failure) [PSYoungGen: 571474K->82672K(611840K)] 878707K->389912K(2010112K), 0.0162893 secs] [Times: user=0.01 sys=0.00, real=0.02 secs] 
33.341: [GC (Allocation Failure) [PSYoungGen: 606119K->12992K(611840K)] 913359K->320240K(2010112K), 0.0029280 secs] [Times: user=0.00 sys=0.00, real=0.00 secs] 
36.939: [GC (Allocation Failure) [PSYoungGen: 503688K->57072K(611840K)] 810936K->364328K(2010112K), 0.0037323 secs] [Times: user=0.00 sys=0.00, real=0.00 secs] 
40.759: [GC (Allocation Failure) [PSYoungGen: 579530K->16112K(611840K)] 886786K->425768K(2010112K), 0.0341787 secs] [Times: user=0.08 sys=0.00, real=0.03 secs] 
45.377: [GC (Allocation Failure) [PSYoungGen: 529366K->37632K(611840K)] 939022K->447288K(2010112K), 0.0032433 secs] [Times: user=0.00 sys=0.00, real=0.00 secs] 
48.433: [GC (Allocation Failure) [PSYoungGen: 534502K->77504K(611840K)] 944158K->538368K(2010112K), 0.0189105 secs] [Times: user=0.06 sys=0.00, real=0.02 secs] 
51.283: [GC (Allocation Failure) [PSYoungGen: 518062K->57040K(611840K)] 978926K->517904K(2010112K), 0.0046436 secs] [Times: user=0.00 sys=0.00, real=0.01 secs] 
55.555: [GC (Allocation Failure) [PSYoungGen: 553914K->67280K(611840K)] 1014778K->528144K(2010112K), 0.0050662 secs] [Times: user=0.02 sys=0.00, real=0.00 secs] 
58.716: [GC (Allocation Failure) [PSYoungGen: 590761K->52416K(611840K)] 1051625K->513920K(2010112K), 0.0053513 secs] [Times: user=0.00 sys=0.00, real=0.01 secs] 
62.537: [GC (Allocation Failure) [PSYoungGen: 557477K->25760K(611840K)] 1018982K->487272K(2010112K), 0.0041334 secs] [Times: user=0.00 sys=0.00, real=0.00 secs] 
66.790: [GC (Allocation Failure) [PSYoungGen: 532877K->46208K(611840K)] 994389K->507720K(2010112K), 0.0043871 secs] [Times: user=0.02 sys=0.00, real=0.00 secs] 
69.736: [GC (Allocation Failure) [PSYoungGen: 502130K->51264K(611840K)] 963642K->512800K(2010112K), 0.0046183 secs] [Times: user=0.00 sys=0.00, real=0.00 secs] 
72.581: [GC (Allocation Failure) [PSYoungGen: 507181K->62592K(611840K)] 968717K->626528K(2010112K), 0.0339782 secs] [Times: user=0.01 sys=0.03, real=0.03 secs] 
75.450: [GC (Allocation Failure) [PSYoungGen: 492905K->76864K(611840K)] 1056842K->640800K(2010112K), 0.0063745 secs] [Times: user=0.00 sys=0.00, real=0.01 secs] 
79.720: [GC (Allocation Failure) [PSYoungGen: 599335K->61536K(611840K)] 1163271K->676672K(2010112K), 0.0180281 secs] [Times: user=0.02 sys=0.00, real=0.02 secs] 
83.775: [GC (Allocation Failure) [PSYoungGen: 574791K->27648K(611840K)] 1189927K->642808K(2010112K), 0.0045578 secs] [Times: user=0.01 sys=0.00, real=0.00 secs] 
86.829: [GC (Allocation Failure) [PSYoungGen: 529639K->66560K(611840K)] 1144799K->702200K(2010112K), 0.0161233 secs] [Times: user=0.00 sys=0.00, real=0.02 secs] 
90.995: [GC (Allocation Failure) [PSYoungGen: 583918K->30720K(611840K)] 1219558K->768760K(2010112K), 0.0336436 secs] [Times: user=0.02 sys=0.00, real=0.03 secs] 
95.279: [GC (Allocation Failure) [PSYoungGen: 518379K->47104K(611840K)] 1256420K->785144K(2010112K), 0.0044278 secs] [Times: user=0.00 sys=0.00, real=0.00 secs] 
98.228: [GC (Allocation Failure) [PSYoungGen: 523497K->76800K(611840K)] 1261537K->866040K(2010112K), 0.0175212 secs] [Times: user=0.02 sys=0.01, real=0.02 secs] 
101.079: [GC (Allocation Failure) [PSYoungGen: 517359K->56320K(611840K)] 1306600K->845560K(2010112K), 0.0052653 secs] [Times: user=0.00 sys=0.00, real=0.01 secs] 
105.357: [GC (Allocation Failure) [PSYoungGen: 553195K->66560K(611840K)] 1342435K->855800K(2010112K), 0.0053180 secs] [Times: user=0.00 sys=0.00, real=0.01 secs] 
108.536: [GC (Allocation Failure) [PSYoungGen: 590042K->52224K(611840K)] 1379282K->841464K(2010112K), 0.0050122 secs] [Times: user=0.00 sys=0.00, real=0.01 secs] 
112.353: [GC (Allocation Failure) [PSYoungGen: 557286K->25600K(611840K)] 1346526K->814840K(2010112K), 0.0034941 secs] [Times: user=0.02 sys=0.00, real=0.00 secs] 
116.612: [GC (Allocation Failure) [PSYoungGen: 532717K->46080K(611840K)] 1321958K->835320K(2010112K), 0.0036148 secs] [Times: user=0.00 sys=0.00, real=0.00 secs] 
119.562: [GC (Allocation Failure) [PSYoungGen: 502002K->51200K(611840K)] 1291242K->840440K(2010112K), 0.0054855 secs] [Times: user=0.00 sys=0.00, real=0.01 secs] 
122.418: [GC (Allocation Failure) [PSYoungGen: 507117K->62464K(611840K)] 1296357K->954104K(2010112K), 0.0339040 secs] [Times: user=0.00 sys=0.02, real=0.03 secs] 
125.286: [GC (Allocation Failure) [PSYoungGen: 492777K->76800K(611840K)] 1384418K->968440K(2010112K), 0.0065457 secs] [Times: user=0.00 sys=0.00, real=0.01 secs] 
129.554: [GC (Allocation Failure) [PSYoungGen: 599271K->61440K(611840K)] 1490911K->1004280K(2010112K), 0.0179243 secs] [Times: user=0.03 sys=0.00, real=0.02 secs] 
133.611: [GC (Allocation Failure) [PSYoungGen: 574695K->27648K(611840K)] 1517535K->970488K(2010112K), 0.0040460 secs] [Times: user=0.00 sys=0.00, real=0.00 secs] 
136.665: [GC (Allocation Failure) [PSYoungGen: 529639K->81920K(611840K)] 1472479K->1029880K(2010112K), 0.0063168 secs] [Times: user=0.01 sys=0.00, real=0.01 secs] 
140.825: [GC (Allocation Failure) [PSYoungGen: 599278K->30720K(611840K)] 1547238K->1081080K(2010112K), 0.0336198 secs] [Times: user=0.00 sys=0.03, real=0.03 secs] 
145.111: [GC (Allocation Failure) [PSYoungGen: 518379K->47104K(611840K)] 1568740K->1097464K(2010112K), 0.0044395 secs] [Times: user=0.00 sys=0.00, real=0.00 secs] 
148.057: [GC (Allocation Failure) [PSYoungGen: 523497K->76800K(611840K)] 1573857K->1178360K(2010112K), 0.0182172 secs] [Times: user=0.03 sys=0.00, real=0.02 secs] 
150.911: [GC (Allocation Failure) [PSYoungGen: 517359K->56320K(611840K)] 1618920K->1157880K(2010112K), 0.0052547 secs] [Times: user=0.00 sys=0.00, real=0.01 secs] 
155.185: [GC (Allocation Failure) [PSYoungGen: 553195K->66560K(611840K)] 1654755K->1168120K(2010112K), 0.0070687 secs] [Times: user=0.00 sys=0.00, real=0.01 secs] 
158.362: [GC (Allocation Failure) [PSYoungGen: 590042K->52224K(611840K)] 1691602K->1153784K(2010112K), 0.0050730 secs] [Times: user=0.00 sys=0.00, real=0.00 secs] 
162.181: [GC (Allocation Failure) [PSYoungGen: 557286K->25600K(611840K)] 1658846K->1127160K(2010112K), 0.0045955 secs] [Times: user=0.00 sys=0.00, real=0.01 secs] 
166.442: [GC (Allocation Failure) [PSYoungGen: 532717K->46080K(611840K)] 1634278K->1147640K(2010112K), 0.0042277 secs] [Times: user=0.00 sys=0.00, real=0.00 secs] 
169.387: [GC (Allocation Failure) [PSYoungGen: 502002K->51200K(611840K)] 1603562K->1152760K(2010112K), 0.0049955 secs] [Times: user=0.00 sys=0.00, real=0.00 secs] 
172.221: [GC (Allocation Failure) [PSYoungGen: 507117K->62464K(611840K)] 1608677K->1266424K(2010112K), 0.0347319 secs] [Times: user=0.02 sys=0.02, real=0.03 secs] 
175.069: [GC (Allocation Failure) [PSYoungGen: 492777K->76800K(611840K)] 1696738K->1280760K(2010112K), 0.0061661 secs] [Times: user=0.02 sys=0.00, real=0.00 secs] 
179.325: [GC (Allocation Failure) [PSYoungGen: 599271K->61440K(611840K)] 1803231K->1316600K(2010112K), 0.0190809 secs] [Times: user=0.00 sys=0.02, real=0.02 secs] 
183.383: [GC (Allocation Failure) [PSYoungGen: 574695K->27648K(611840K)] 1829855K->1282808K(2010112K), 0.0045490 secs] [Times: user=0.02 sys=0.00, real=0.00 secs] 
186.433: [GC (Allocation Failure) [PSYoungGen: 529639K->66560K(611840K)] 1784799K->1342200K(2010112K), 0.0089894 secs] [Times: user=0.00 sys=0.00, real=0.01 secs] 
186.442: [Full GC (Ergonomics) [PSYoungGen: 66560K->0K(611840K)] [ParOldGen: 1275640K->87569K(1398272K)] 1342200K->87569K(2010112K), [Metaspace: 2796K->2796K(1056768K)], 0.0209418 secs] [Times: user=0.01 sys=0.00, real=0.02 secs] 
190.612: [GC (Allocation Failure) [PSYoungGen: 517358K->30720K(611840K)] 604927K->220689K(2010112K), 0.0161754 secs] [Times: user=0.02 sys=0.00, real=0.02 secs] 
194.891: [GC (Allocation Failure) [PSYoungGen: 518484K->47136K(611840K)] 708453K->237105K(2010112K), 0.0034640 secs] [Times: user=0.00 sys=0.00, real=0.00 secs] 
197.837: [GC (Allocation Failure) [PSYoungGen: 523478K->76896K(611840K)] 713448K->318065K(2010112K), 0.0063684 secs] [Times: user=0.01 sys=0.00, real=0.01 secs] 
200.686: [GC (Allocation Failure) [PSYoungGen: 517424K->56416K(611840K)] 758593K->297585K(2010112K), 0.0052485 secs] [Times: user=0.00 sys=0.00, real=0.00 secs] 
204.958: [GC (Allocation Failure) [PSYoungGen: 553271K->66624K(611840K)] 794440K->307793K(2010112K), 0.0051636 secs] [Times: user=0.00 sys=0.00, real=0.00 secs] 
208.116: [GC (Allocation Failure) [PSYoungGen: 590093K->52256K(611840K)] 831262K->293425K(2010112K), 0.0046297 secs] [Times: user=0.00 sys=0.00, real=0.00 secs] 
211.938: [GC (Allocation Failure) [PSYoungGen: 557309K->25632K(611840K)] 798479K->266801K(2010112K), 0.0022677 secs] [Times: user=0.00 sys=0.00, real=0.00 secs] 
216.195: [GC (Allocation Failure) [PSYoungGen: 532744K->46112K(611840K)] 773913K->287281K(2010112K), 0.0030017 secs] [Times: user=0.00 sys=0.00, real=0.00 secs] 
Heap
 PSYoungGen      total 611840K, used 461327K [0x00000000d5580000, 0x0000000100000000, 0x0000000100000000)
  eden space 524800K, 79% used [0x00000000d5580000,0x00000000eeafbde8,0x00000000f5600000)
  from space 87040K, 52% used [0x00000000fab00000,0x00000000fd808030,0x0000000100000000)
  to   space 87040K, 0% used [0x00000000f5600000,0x00000000f5600000,0x00000000fab00000)
 ParOldGen       total 1398272K, used 241169K [0x0000000080000000, 0x00000000d5580000, 0x00000000d5580000)
  object space 1398272K, 17% used [0x0000000080000000,0x000000008eb845a8,0x00000000d5580000)
 Metaspace       used 2804K, capacity 4486K, committed 4864K, reserved 1056768K
  class space    used 297K, capacity 386K, committed 512K, reserved 1048576K
