Java HotSpot(TM) 64-Bit Server VM (25.411-b09) for windows-amd64 JRE (1.8.0_411-b09), built on Mar 13 2024 07:26:13 by "java_re" with MS VC++ 17.1 (VS2022)
Memory: 4k page, physical 33403376k(15874896k free), swap 35500528k(7877856k free)
CommandLine flags: -XX:InitialHeapSize=536870912 -XX:MaxHeapSize=536870912 -XX:ParallelGCThreads=12 -XX:+PrintGC -XX:+PrintGCDetails -XX:+PrintGCTimeStamps -XX:+UseCompressedClassPointers -XX:+UseCompressedOops -XX:-UseLargePagesIndividualAllocation -XX:+UseParallelGC 
1.741: [GC (Allocation Failure) [PSYoungGen: 131215K->7984K(153088K)] 233615K->110392K(502784K), 0.0026883 secs] [Times: user=0.00 sys=0.00, real=0.00 secs] 
3.300: [GC (Allocation Failure) [PSYoungGen: 138616K->18136K(153088K)] 343424K->222944K(502784K), 0.0037679 secs] [Times: user=0.00 sys=0.00, real=0.00 secs] 
5.592: [GC (Allocation Failure) [PSYoungGen: 128288K->21208K(153088K)] 333096K->241376K(502784K), 0.0066964 secs] [Times: user=0.00 sys=0.00, real=0.01 secs] 
7.046: [Full GC (Ergonomics) [PSYoungGen: 148031K->0K(153088K)] [ParOldGen: 322568K->41488K(349696K)] 470599K->41488K(502784K), [Metaspace: 2759K->2759K(1056768K)], 0.0106920 secs] [Times: user=0.00 sys=0.00, real=0.01 secs] 
8.480: [GC (Allocation Failure) [PSYoungGen: 89668K->20480K(153088K)] 233557K->164368K(502784K), 0.0028595 secs] [Times: user=0.00 sys=0.00, real=0.00 secs] 
9.905: [GC (Allocation Failure) [PSYoungGen: 145989K->20480K(149504K)] 392278K->323089K(499200K), 0.0059336 secs] [Times: user=0.00 sys=0.00, real=0.01 secs] 
9.911: [Full GC (Ergonomics) [PSYoungGen: 20480K->0K(149504K)] [ParOldGen: 302608K->77328K(349696K)] 323089K->77328K(499200K), [Metaspace: 2761K->2761K(1056768K)], 0.0075575 secs] [Times: user=0.00 sys=0.00, real=0.01 secs] 
11.339: [GC (Allocation Failure) [PSYoungGen: 125449K->5120K(137216K)] 305178K->205328K(486912K), 0.0029829 secs] [Times: user=0.00 sys=0.00, real=0.00 secs] 
12.757: [Full GC (Ergonomics) [PSYoungGen: 110572K->0K(137216K)] [ParOldGen: 302608K->26129K(349696K)] 413181K->26129K(486912K), [Metaspace: 2763K->2763K(1056768K)], 0.0041282 secs] [Times: user=0.00 sys=0.00, real=0.00 secs] 
14.069: [GC (Allocation Failure) [PSYoungGen: 104703K->21504K(137216K)] 233232K->150033K(486912K), 0.0020045 secs] [Times: user=0.00 sys=0.00, real=0.00 secs] 
15.376: [GC (Allocation Failure) [PSYoungGen: 136447K->26624K(138752K)] 367377K->257553K(488448K), 0.0024511 secs] [Times: user=0.00 sys=0.00, real=0.00 secs] 
17.017: [GC (Allocation Failure) [PSYoungGen: 110704K->25600K(132096K)] 341633K->277009K(481792K), 0.0029688 secs] [Times: user=0.00 sys=0.00, real=0.00 secs] 
17.127: [GC (Allocation Failure) [PSYoungGen: 78918K->5120K(138752K)] 330327K->307729K(488448K), 0.0052279 secs] [Times: user=0.00 sys=0.00, real=0.00 secs] 
17.132: [Full GC (Ergonomics) [PSYoungGen: 5120K->0K(138752K)] [ParOldGen: 302609K->77329K(349696K)] 307729K->77329K(488448K), [Metaspace: 2768K->2768K(1056768K)], 0.0077684 secs] [Times: user=0.00 sys=0.00, real=0.01 secs] 
17.360: [GC (Allocation Failure) [PSYoungGen: 103936K->1024K(105472K)] 181265K->78353K(455168K), 0.0013269 secs] [Times: user=0.00 sys=0.00, real=0.00 secs] 
18.453: [GC (Allocation Failure) [PSYoungGen: 75777K->25600K(135168K)] 153106K->102929K(484864K), 0.0026061 secs] [Times: user=0.00 sys=0.00, real=0.00 secs] 
20.742: [Full GC (Ergonomics) [PSYoungGen: 122780K->0K(135168K)] [ParOldGen: 333329K->108049K(349696K)] 456109K->108049K(484864K), [Metaspace: 2779K->2779K(1056768K)], 0.0100166 secs] [Times: user=0.01 sys=0.00, real=0.01 secs] 
22.488: [GC (Allocation Failure) [PSYoungGen: 95142K->21504K(136704K)] 356791K->283153K(486400K), 0.0022228 secs] [Times: user=0.00 sys=0.00, real=0.00 secs] 
22.814: [GC (Allocation Failure) [PSYoungGen: 105388K->0K(135680K)] 367037K->324113K(485376K), 0.0054427 secs] [Times: user=0.00 sys=0.00, real=0.01 secs] 
22.819: [Full GC (Ergonomics) [PSYoungGen: 0K->0K(135680K)] [ParOldGen: 324113K->165393K(349696K)] 324113K->165393K(485376K), [Metaspace: 2779K->2779K(1056768K)], 0.0059995 secs] [Times: user=0.00 sys=0.00, real=0.01 secs] 
24.249: [Full GC (Ergonomics) [PSYoungGen: 49044K->0K(135680K)] [ParOldGen: 318993K->61969K(349696K)] 368037K->61969K(485376K), [Metaspace: 2779K->2779K(1056768K)], 0.0068678 secs] [Times: user=0.00 sys=0.00, real=0.01 secs] 
26.447: [Full GC (Ergonomics) [PSYoungGen: 97178K->0K(135680K)] [ParOldGen: 317969K->36369K(349696K)] 415147K->36369K(485376K), [Metaspace: 2780K->2780K(1056768K)], 0.0043394 secs] [Times: user=0.00 sys=0.00, real=0.00 secs] 
28.194: [GC (Allocation Failure) [PSYoungGen: 89402K->15392K(136192K)] 125771K->51769K(485888K), 0.0020069 secs] [Times: user=0.00 sys=0.00, real=0.00 secs] 
29.067: [GC (Allocation Failure) [PSYoungGen: 110517K->5120K(138752K)] 249294K->200241K(488448K), 0.0050160 secs] [Times: user=0.00 sys=0.00, real=0.01 secs] 
31.361: [Full GC (Ergonomics) [PSYoungGen: 95222K->0K(138752K)] [ParOldGen: 348721K->6144K(349696K)] 443943K->6144K(488448K), [Metaspace: 2793K->2793K(1056768K)], 0.0027471 secs] [Times: user=0.00 sys=0.00, real=0.00 secs] 
33.652: [Full GC (Ergonomics) [PSYoungGen: 102393K->0K(138752K)] [ParOldGen: 262144K->13312K(349696K)] 364538K->13312K(488448K), [Metaspace: 2793K->2793K(1056768K)], 0.0030289 secs] [Times: user=0.00 sys=0.00, real=0.00 secs] 
34.530: [GC (Allocation Failure) [PSYoungGen: 100347K->11264K(138240K)] 216060K->126976K(487936K), 0.0016524 secs] [Times: user=0.00 sys=0.00, real=0.00 secs] 
35.949: [GC (Allocation Failure) [PSYoungGen: 111613K->11264K(141824K)] 329725K->229376K(491520K), 0.0016072 secs] [Times: user=0.00 sys=0.00, real=0.00 secs] 
36.929: [GC (Allocation Failure) [PSYoungGen: 85092K->25600K(131584K)] 303205K->274432K(481280K), 0.0035209 secs] [Times: user=0.00 sys=0.00, real=0.00 secs] 
37.039: [GC (Allocation Failure) [PSYoungGen: 78897K->0K(138240K)] 327729K->325632K(487936K), 0.0057087 secs] [Times: user=0.00 sys=0.00, real=0.01 secs] 
37.045: [Full GC (Ergonomics) [PSYoungGen: 0K->0K(138240K)] [ParOldGen: 325632K->87569K(349696K)] 325632K->87569K(487936K), [Metaspace: 2793K->2793K(1056768K)], 0.0077472 secs] [Times: user=0.00 sys=0.00, real=0.01 secs] 
37.164: [GC (Allocation Failure) [PSYoungGen: 102912K->0K(138752K)] 190481K->189969K(488448K), 0.0088028 secs] [Times: user=0.02 sys=0.00, real=0.01 secs] 
38.366: [GC (Allocation Failure) [PSYoungGen: 74735K->25600K(133632K)] 264704K->215569K(483328K), 0.0026302 secs] [Times: user=0.00 sys=0.00, real=0.00 secs] 
39.678: [GC (Allocation Failure) [PSYoungGen: 119680K->15360K(136192K)] 309650K->205329K(485888K), 0.0017554 secs] [Times: user=0.00 sys=0.00, real=0.00 secs] 
40.665: [Full GC (Ergonomics) [PSYoungGen: 110470K->0K(136192K)] [ParOldGen: 292369K->113169K(349696K)] 402839K->113169K(485888K), [Metaspace: 2793K->2793K(1056768K)], 0.0095323 secs] [Times: user=0.01 sys=0.00, real=0.01 secs] 
43.301: [Full GC (Ergonomics) [PSYoungGen: 97168K->0K(136192K)] [ParOldGen: 266769K->7168K(349696K)] 363938K->7168K(485888K), [Metaspace: 2795K->2795K(1056768K)], 0.0026052 secs] [Times: user=0.00 sys=0.00, real=0.00 secs] 
45.158: [GC (Allocation Failure) [PSYoungGen: 95127K->20480K(137728K)] 255895K->181248K(487424K), 0.0022437 secs] [Times: user=0.00 sys=0.00, real=0.00 secs] 
46.032: [Full GC (Ergonomics) [PSYoungGen: 120793K->0K(137728K)] [ParOldGen: 263168K->32768K(349696K)] 383961K->32768K(487424K), [Metaspace: 2795K->2795K(1056768K)], 0.0041217 secs] [Times: user=0.00 sys=0.00, real=0.00 secs] 
47.559: [GC (Allocation Failure) [PSYoungGen: 100315K->25600K(126976K)] 235484K->160768K(476672K), 0.0024827 secs] [Times: user=0.00 sys=0.00, real=0.00 secs] 
49.421: [Full GC (Ergonomics) [PSYoungGen: 120798K->0K(126976K)] [ParOldGen: 288768K->87569K(349696K)] 409566K->87569K(476672K), [Metaspace: 2795K->2795K(1056768K)], 0.0084700 secs] [Times: user=0.00 sys=0.00, real=0.01 secs] 
50.619: [GC (Allocation Failure) [PSYoungGen: 99295K->5120K(136192K)] 289264K->195089K(485888K), 0.0013150 secs] [Times: user=0.00 sys=0.00, real=0.00 secs] 
52.365: [Full GC (Ergonomics) [PSYoungGen: 100248K->0K(136192K)] [ParOldGen: 343569K->22528K(349696K)] 443817K->22528K(485888K), [Metaspace: 2795K->2795K(1056768K)], 0.0035771 secs] [Times: user=0.00 sys=0.00, real=0.00 secs] 
53.237: [GC (Allocation Failure) [PSYoungGen: 95128K->6144K(135680K)] 220056K->131072K(485376K), 0.0015432 secs] [Times: user=0.00 sys=0.00, real=0.00 secs] 
55.320: [GC (Allocation Failure) [PSYoungGen: 90009K->25600K(133120K)] 214937K->150528K(482816K), 0.0024021 secs] [Times: user=0.00 sys=0.00, real=0.00 secs] 
56.307: [GC (Allocation Failure) [PSYoungGen: 120691K->10240K(135168K)] 348019K->252928K(484864K), 0.0026333 secs] [Times: user=0.00 sys=0.00, real=0.00 secs] 
56.966: [Full GC (Ergonomics) [PSYoungGen: 63349K->0K(135168K)] [ParOldGen: 293888K->92689K(349696K)] 357238K->92689K(484864K), [Metaspace: 2796K->2796K(1056768K)], 0.0086426 secs] [Times: user=0.02 sys=0.00, real=0.01 secs] 
58.729: [Full GC (Ergonomics) [PSYoungGen: 92023K->0K(135168K)] [ParOldGen: 297489K->53248K(349696K)] 389513K->53248K(484864K), [Metaspace: 2796K->2796K(1056768K)], 0.0052728 secs] [Times: user=0.02 sys=0.00, real=0.00 secs] 
60.584: [GC (Allocation Failure) [PSYoungGen: 95096K->10240K(138240K)] 301945K->217088K(487936K), 0.0012662 secs] [Times: user=0.00 sys=0.00, real=0.00 secs] 
61.240: [GC (Allocation Failure) [PSYoungGen: 63445K->5120K(136704K)] 321493K->268288K(486400K), 0.0016641 secs] [Times: user=0.00 sys=0.00, real=0.00 secs] 
61.242: [GC (Allocation Failure) [PSYoungGen: 5120K->0K(139264K)] 268288K->268288K(488960K), 0.0016038 secs] [Times: user=0.00 sys=0.00, real=0.00 secs] 
61.243: [Full GC (Allocation Failure) [PSYoungGen: 0K->0K(139264K)] [ParOldGen: 268288K->216064K(349696K)] 268288K->216064K(488960K), [Metaspace: 2796K->2796K(1056768K)], 0.0133612 secs] [Times: user=0.02 sys=0.00, real=0.01 secs] 
62.022: [GC (Allocation Failure) [PSYoungGen: 103936K->1024K(139264K)] 320000K->217088K(488960K), 0.0015964 secs] [Times: user=0.00 sys=0.00, real=0.00 secs] 
62.567: [GC (Allocation Failure) [PSYoungGen: 54291K->25600K(133632K)] 270355K->241664K(483328K), 0.0028387 secs] [Times: user=0.00 sys=0.00, real=0.00 secs] 
63.768: [Full GC (Ergonomics) [PSYoungGen: 120739K->0K(133632K)] [ParOldGen: 318464K->17408K(349696K)] 439204K->17408K(483328K), [Metaspace: 2796K->2796K(1056768K)], 0.0037362 secs] [Times: user=0.00 sys=0.00, real=0.00 secs] 
64.647: [GC (Allocation Failure) [PSYoungGen: 95147K->10240K(136704K)] 214955K->130048K(486400K), 0.0014433 secs] [Times: user=0.00 sys=0.00, real=0.00 secs] 
66.721: [GC (Allocation Failure) [PSYoungGen: 104367K->15360K(139776K)] 224175K->135168K(489472K), 0.0018128 secs] [Times: user=0.00 sys=0.00, real=0.00 secs] 
67.815: [GC (Allocation Failure) [PSYoungGen: 116771K->30720K(135168K)] 338979K->258048K(484864K), 0.0033873 secs] [Times: user=0.00 sys=0.00, real=0.00 secs] 
68.687: [Full GC (Ergonomics) [PSYoungGen: 130070K->0K(135168K)] [ParOldGen: 329728K->83473K(349696K)] 459798K->83473K(484864K), [Metaspace: 2796K->2796K(1056768K)], 0.0079408 secs] [Times: user=0.00 sys=0.00, real=0.01 secs] 
70.648: [GC (Allocation Failure) [PSYoungGen: 101426K->10240K(137216K)] 287299K->196113K(486912K), 0.0009442 secs] [Times: user=0.00 sys=0.00, real=0.00 secs] 
72.285: [Full GC (Ergonomics) [PSYoungGen: 100256K->0K(137216K)] [ParOldGen: 339473K->124433K(349696K)] 439730K->124433K(486912K), [Metaspace: 2796K->2796K(1056768K)], 0.0106385 secs] [Times: user=0.00 sys=0.00, real=0.01 secs] 
73.607: [GC (Allocation Failure) [PSYoungGen: 90017K->5120K(135168K)] 316851K->231953K(484864K), 0.0008082 secs] [Times: user=0.00 sys=0.00, real=0.00 secs] 
74.371: [Full GC (Ergonomics) [PSYoungGen: 100258K->0K(135168K)] [ParOldGen: 329233K->12288K(349696K)] 429491K->12288K(484864K), [Metaspace: 2796K->2796K(1056768K)], 0.0033697 secs] [Times: user=0.02 sys=0.00, real=0.00 secs] 
76.227: [GC (Allocation Failure) [PSYoungGen: 95139K->25600K(133632K)] 261027K->191488K(483328K), 0.0023229 secs] [Times: user=0.00 sys=0.00, real=0.00 secs] 
77.979: [GC (Allocation Failure) [PSYoungGen: 114574K->15360K(135680K)] 280463K->181248K(485376K), 0.0021142 secs] [Times: user=0.00 sys=0.00, real=0.00 secs] 
78.852: [GC (Allocation Failure) [PSYoungGen: 110472K->5120K(138240K)] 378760K->329728K(487936K), 0.0050644 secs] [Times: user=0.00 sys=0.00, real=0.00 secs] 
78.857: [Full GC (Ergonomics) [PSYoungGen: 5120K->0K(138240K)] [ParOldGen: 324608K->61969K(349696K)] 329728K->61969K(487936K), [Metaspace: 2796K->2796K(1056768K)], 0.0066150 secs] [Times: user=0.00 sys=0.00, real=0.01 secs] 
81.596: [Full GC (Ergonomics) [PSYoungGen: 97254K->0K(138240K)] [ParOldGen: 317969K->7168K(349696K)] 415224K->7168K(487936K), [Metaspace: 2796K->2796K(1056768K)], 0.0032456 secs] [Times: user=0.00 sys=0.00, real=0.00 secs] 
83.560: [GC (Allocation Failure) [PSYoungGen: 100328K->11264K(137728K)] 261096K->172032K(487424K), 0.0015340 secs] [Times: user=0.06 sys=0.00, real=0.00 secs] 
84.977: [GC (Allocation Failure) [PSYoungGen: 111593K->5120K(140800K)] 374761K->268288K(490496K), 0.0014549 secs] [Times: user=0.00 sys=0.00, real=0.00 secs] 
85.414: [GC (Allocation Failure) [PSYoungGen: 99408K->10240K(140288K)] 362576K->324608K(489984K), 0.0051816 secs] [Times: user=0.00 sys=0.00, real=0.00 secs] 
85.419: [Full GC (Ergonomics) [PSYoungGen: 10240K->0K(140288K)] [ParOldGen: 314368K->61969K(349696K)] 324608K->61969K(489984K), [Metaspace: 2796K->2796K(1056768K)], 0.0066838 secs] [Times: user=0.00 sys=0.00, real=0.01 secs] 
85.757: [GC (Allocation Failure) [PSYoungGen: 104520K->1024K(142848K)] 166489K->62993K(492544K), 0.0011310 secs] [Times: user=0.00 sys=0.00, real=0.00 secs] 
86.739: [GC (Allocation Failure) [PSYoungGen: 74903K->25600K(135680K)] 136873K->108049K(485376K), 0.0031021 secs] [Times: user=0.00 sys=0.00, real=0.00 secs] 
88.050: [GC (Allocation Failure) [PSYoungGen: 130175K->15360K(140800K)] 315025K->205329K(490496K), 0.0023001 secs] [Times: user=0.00 sys=0.00, real=0.00 secs] 
89.360: [GC (Allocation Failure) [PSYoungGen: 119859K->15360K(139264K)] 309829K->205329K(488960K), 0.0018341 secs] [Times: user=0.00 sys=0.00, real=0.00 secs] 
90.449: [Full GC (Ergonomics) [PSYoungGen: 119862K->0K(139264K)] [ParOldGen: 292369K->113169K(349696K)] 412232K->113169K(488960K), [Metaspace: 2796K->2796K(1056768K)], 0.0096618 secs] [Times: user=0.02 sys=0.00, real=0.01 secs] 
91.430: [GC (Allocation Failure) [PSYoungGen: 104505K->7168K(142848K)] 320074K->222737K(492544K), 0.0010009 secs] [Times: user=0.00 sys=0.00, real=0.00 secs] 
93.838: [GC (Allocation Failure) [PSYoungGen: 111766K->21504K(130560K)] 327336K->247313K(480256K), 0.0031357 secs] [Times: user=0.00 sys=0.00, real=0.00 secs] 
95.149: [Full GC (Ergonomics) [PSYoungGen: 126072K->0K(130560K)] [ParOldGen: 328209K->27153K(349696K)] 454281K->27153K(480256K), [Metaspace: 2796K->2796K(1056768K)], 0.0044916 secs] [Times: user=0.00 sys=0.00, real=0.00 secs] 
96.568: [GC (Allocation Failure) [PSYoungGen: 94329K->10240K(142848K)] 223882K->139793K(492544K), 0.0015669 secs] [Times: user=0.00 sys=0.00, real=0.00 secs] 
97.772: [GC (Allocation Failure) [PSYoungGen: 114830K->30720K(139264K)] 346783K->262673K(488960K), 0.0033869 secs] [Times: user=0.00 sys=0.00, real=0.00 secs] 
98.753: [Full GC (Ergonomics) [PSYoungGen: 135279K->0K(139264K)] [ParOldGen: 334353K->82944K(349696K)] 469633K->82944K(488960K), [Metaspace: 2796K->2796K(1056768K)], 0.0078051 secs] [Times: user=0.00 sys=0.00, real=0.01 secs] 
99.532: [GC (Allocation Failure) [PSYoungGen: 63600K->25600K(131584K)] 146544K->108544K(481280K), 0.0023382 secs] [Times: user=0.00 sys=0.00, real=0.00 secs] 
100.841: [GC (Allocation Failure) [PSYoungGen: 114594K->15360K(136192K)] 299938K->200704K(485888K), 0.0019662 secs] [Times: user=0.00 sys=0.00, real=0.00 secs] 
101.827: [GC (Allocation Failure) [PSYoungGen: 110499K->6144K(138752K)] 398243K->299008K(488448K), 0.0017579 secs] [Times: user=0.00 sys=0.00, real=0.00 secs] 
102.483: [Full GC (Ergonomics) [PSYoungGen: 59391K->0K(138752K)] [ParOldGen: 344064K->62993K(349696K)] 403455K->62993K(488448K), [Metaspace: 2796K->2796K(1056768K)], 0.0067675 secs] [Times: user=0.00 sys=0.00, real=0.01 secs] 
105.119: [GC (Allocation Failure) [PSYoungGen: 96255K->25600K(126976K)] 261649K->190993K(476672K), 0.0024115 secs] [Times: user=0.00 sys=0.00, real=0.00 secs] 
106.216: [GC (Allocation Failure) [PSYoungGen: 125921K->10240K(138240K)] 393714K->293393K(487936K), 0.0024449 secs] [Times: user=0.02 sys=0.00, real=0.00 secs] 
106.762: [GC (Allocation Failure) [PSYoungGen: 109526K->20480K(136704K)] 392680K->359953K(486400K), 0.0058070 secs] [Times: user=0.02 sys=0.00, real=0.01 secs] 
106.768: [Full GC (Ergonomics) [PSYoungGen: 20480K->0K(136704K)] [ParOldGen: 339473K->92689K(349696K)] 359953K->92689K(486400K), [Metaspace: 2796K->2796K(1056768K)], 0.0083470 secs] [Times: user=0.00 sys=0.00, real=0.01 secs] 
108.632: [Full GC (Ergonomics) [PSYoungGen: 97232K->0K(136704K)] [ParOldGen: 297489K->57344K(349696K)] 394721K->57344K(486400K), [Metaspace: 2796K->2796K(1056768K)], 0.0063822 secs] [Times: user=0.00 sys=0.00, real=0.01 secs] 
110.600: [GC (Allocation Failure) [PSYoungGen: 100306K->15360K(140288K)] 311250K->226304K(489984K), 0.0017813 secs] [Times: user=0.00 sys=0.00, real=0.00 secs] 
111.911: [Full GC (Ergonomics) [PSYoungGen: 114715K->0K(140288K)] [ParOldGen: 313344K->6144K(349696K)] 428059K->6144K(489984K), [Metaspace: 2796K->2796K(1056768K)], 0.0031951 secs] [Times: user=0.00 sys=0.00, real=0.00 secs] 
112.782: [GC (Allocation Failure) [PSYoungGen: 99356K->7168K(138240K)] 207900K->115712K(487936K), 0.0013690 secs] [Times: user=0.00 sys=0.00, real=0.00 secs] 
113.764: [GC (Allocation Failure) [PSYoungGen: 80925K->30720K(133120K)] 189469K->145408K(482816K), 0.0030863 secs] [Times: user=0.02 sys=0.00, real=0.00 secs] 
114.962: [GC (Allocation Failure) [PSYoungGen: 125860K->15360K(136704K)] 342948K->242688K(486400K), 0.0022133 secs] [Times: user=0.00 sys=0.00, real=0.00 secs] 
116.714: [GC (Allocation Failure) [PSYoungGen: 99243K->25600K(136192K)] 377771K->304128K(485888K), 0.0031380 secs] [Times: user=0.00 sys=0.00, real=0.00 secs] 
116.717: [GC (Allocation Failure) [PSYoungGen: 25600K->0K(100352K)] 304128K->304128K(450048K), 0.0026336 secs] [Times: user=0.00 sys=0.00, real=0.00 secs] 
116.720: [Full GC (Allocation Failure) [PSYoungGen: 0K->0K(100352K)] [ParOldGen: 304128K->77329K(349696K)] 304128K->77329K(450048K), [Metaspace: 2796K->2796K(1056768K)], 0.0075842 secs] [Times: user=0.00 sys=0.00, real=0.01 secs] 
119.459: [Full GC (Ergonomics) [PSYoungGen: 97220K->0K(100352K)] [ParOldGen: 333329K->6144K(349696K)] 430549K->6144K(450048K), [Metaspace: 2796K->2796K(1056768K)], 0.0027739 secs] [Times: user=0.00 sys=0.00, real=0.00 secs] 
120.661: [GC (Allocation Failure) [PSYoungGen: 95175K->15360K(138240K)] 203719K->123904K(487936K), 0.0017725 secs] [Times: user=0.00 sys=0.00, real=0.00 secs] 
121.534: [GC (Allocation Failure) [PSYoungGen: 110537K->6144K(136192K)] 321481K->222208K(485888K), 0.0014417 secs] [Times: user=0.00 sys=0.00, real=0.00 secs] 
122.409: [GC (Allocation Failure) [PSYoungGen: 69578K->5120K(139264K)] 336842K->273408K(488960K), 0.0014433 secs] [Times: user=0.00 sys=0.00, real=0.00 secs] 
122.518: [GC (Allocation Failure) --[PSYoungGen: 108544K->108544K(139264K)] 376832K->381952K(488960K), 0.0014693 secs] [Times: user=0.00 sys=0.00, real=0.00 secs] 
122.520: [Full GC (Ergonomics) [PSYoungGen: 108544K->0K(139264K)] [ParOldGen: 273408K->222208K(349696K)] 381952K->222208K(488960K), [Metaspace: 2796K->2796K(1056768K)], 0.0099089 secs] [Times: user=0.00 sys=0.00, real=0.01 secs] 
124.170: [Full GC (Ergonomics) [PSYoungGen: 103424K->0K(139264K)] [ParOldGen: 324608K->12288K(349696K)] 428032K->12288K(488960K), [Metaspace: 2796K->2796K(1056768K)], 0.0029668 secs] [Times: user=0.00 sys=0.00, real=0.00 secs] 
125.153: [GC (Allocation Failure) [PSYoungGen: 73743K->15360K(138752K)] 86031K->48128K(488448K), 0.0030121 secs] [Times: user=0.01 sys=0.00, real=0.00 secs] 
126.352: [GC (Allocation Failure) [PSYoungGen: 111629K->15360K(142336K)] 246797K->165888K(492032K), 0.0029946 secs] [Times: user=0.00 sys=0.00, real=0.00 secs] 
127.991: [GC (Allocation Failure) [PSYoungGen: 114801K->25600K(134656K)] 265329K->176128K(484352K), 0.0025393 secs] [Times: user=0.00 sys=0.00, real=0.00 secs] 
129.300: [GC (Allocation Failure) [PSYoungGen: 130164K->15360K(141312K)] 383093K->324608K(491008K), 0.0062481 secs] [Times: user=0.00 sys=0.00, real=0.01 secs] 
129.307: [Full GC (Ergonomics) [PSYoungGen: 15360K->0K(141312K)] [ParOldGen: 309248K->72209K(349696K)] 324608K->72209K(491008K), [Metaspace: 2796K->2796K(1056768K)], 0.0069357 secs] [Times: user=0.02 sys=0.00, real=0.01 secs] 
131.274: [GC (Allocation Failure) [PSYoungGen: 101454K->2048K(139776K)] 378463K->279057K(489472K), 0.0010423 secs] [Times: user=0.00 sys=0.00, real=0.00 secs] 
132.253: [GC (Allocation Failure) [PSYoungGen: 75855K->25600K(136192K)] 352864K->303633K(485888K), 0.0029305 secs] [Times: user=0.00 sys=0.00, real=0.00 secs] 
132.362: [GC (Allocation Failure) [PSYoungGen: 78856K->0K(103424K)] 356889K->334353K(453120K), 0.0051669 secs] [Times: user=0.00 sys=0.00, real=0.01 secs] 
132.367: [Full GC (Ergonomics) [PSYoungGen: 0K->0K(103424K)] [ParOldGen: 334353K->57873K(349696K)] 334353K->57873K(453120K), [Metaspace: 2796K->2796K(1056768K)], 0.0063360 secs] [Times: user=0.00 sys=0.00, real=0.01 secs] 
132.485: [GC (Allocation Failure) [PSYoungGen: 102912K->0K(138240K)] 160785K->160273K(487936K), 0.0084826 secs] [Times: user=0.00 sys=0.00, real=0.01 secs] 
134.888: [Full GC (Ergonomics) [PSYoungGen: 92127K->0K(138240K)] [ParOldGen: 313873K->11264K(349696K)] 406001K->11264K(487936K), [Metaspace: 2796K->2796K(1056768K)], 0.0030758 secs] [Times: user=0.03 sys=0.00, real=0.00 secs] 
135.870: [GC (Allocation Failure) [PSYoungGen: 100327K->20480K(122880K)] 213991K->134144K(472576K), 0.0020309 secs] [Times: user=0.00 sys=0.00, real=0.00 secs] 
137.732: [Full GC (Ergonomics) [PSYoungGen: 120812K->0K(122880K)] [ParOldGen: 267264K->52224K(349696K)] 388076K->52224K(472576K), [Metaspace: 2796K->2796K(1056768K)], 0.0060743 secs] [Times: user=0.02 sys=0.00, real=0.00 secs] 
138.935: [GC (Allocation Failure) [PSYoungGen: 99311K->10240K(139264K)] 151535K->62464K(488960K), 0.0014782 secs] [Times: user=0.00 sys=0.00, real=0.00 secs] 
139.807: [GC (Allocation Failure) [PSYoungGen: 110580K->1024K(137728K)] 265204K->160768K(487424K), 0.0010916 secs] [Times: user=0.00 sys=0.00, real=0.00 secs] 
141.770: [Full GC (Ergonomics) [PSYoungGen: 101368K->0K(137728K)] [ParOldGen: 313344K->119313K(349696K)] 414713K->119313K(487424K), [Metaspace: 2796K->2796K(1056768K)], 0.0107590 secs] [Times: user=0.02 sys=0.00, real=0.01 secs] 
144.513: [Full GC (Ergonomics) [PSYoungGen: 102395K->0K(137728K)] [ParOldGen: 272913K->22528K(349696K)] 375308K->22528K(487424K), [Metaspace: 2796K->2796K(1056768K)], 0.0031543 secs] [Times: user=0.00 sys=0.00, real=0.00 secs] 
147.020: [Full GC (Ergonomics) [PSYoungGen: 102397K->0K(137728K)] [ParOldGen: 329728K->26624K(349696K)] 432125K->26624K(487424K), [Metaspace: 2796K->2796K(1056768K)], 0.0040806 secs] [Times: user=0.00 sys=0.00, real=0.00 secs] 
148.985: [GC (Allocation Failure) [PSYoungGen: 100350K->15360K(140288K)] 280574K->195584K(489984K), 0.0017691 secs] [Times: user=0.00 sys=0.00, real=0.00 secs] 
150.294: [Full GC (Ergonomics) [PSYoungGen: 119868K->0K(140288K)] [ParOldGen: 282624K->5649K(349696K)] 402492K->5649K(489984K), [Metaspace: 2796K->2796K(1056768K)], 0.0022518 secs] [Times: user=0.00 sys=0.00, real=0.00 secs] 
151.274: [GC (Allocation Failure) [PSYoungGen: 104508K->6144K(139776K)] 212558K->114193K(489472K), 0.0010501 secs] [Times: user=0.00 sys=0.00, real=0.00 secs] 
152.147: [GC (Allocation Failure) [PSYoungGen: 74813K->25600K(135680K)] 182862K->134673K(485376K), 0.0022395 secs] [Times: user=0.00 sys=0.00, real=0.00 secs] 
154.112: [GC (Allocation Failure) [PSYoungGen: 126994K->10240K(138752K)] 338468K->221713K(488448K), 0.0014928 secs] [Times: user=0.00 sys=0.00, real=0.00 secs] 
154.987: [GC (Allocation Failure) [PSYoungGen: 78857K->30720K(131072K)] 290331K->247313K(480768K), 0.0030241 secs] [Times: user=0.00 sys=0.00, real=0.00 secs] 
156.186: [Full GC (Ergonomics) [PSYoungGen: 125839K->0K(131072K)] [ParOldGen: 318993K->31249K(349696K)] 444832K->31249K(480768K), [Metaspace: 2796K->2796K(1056768K)], 0.0046643 secs] [Times: user=0.00 sys=0.00, real=0.00 secs] 
157.059: [GC (Allocation Failure) [PSYoungGen: 95119K->25600K(121344K)] 228768K->159249K(471040K), 0.0030305 secs] [Times: user=0.02 sys=0.00, real=0.00 secs] 
158.593: [GC (Allocation Failure) [PSYoungGen: 120688K->5120K(134656K)] 356738K->292369K(484352K), 0.0051461 secs] [Times: user=0.00 sys=0.00, real=0.00 secs] 
158.598: [Full GC (Ergonomics) [PSYoungGen: 5120K->0K(134656K)] [ParOldGen: 287249K->56849K(349696K)] 292369K->56849K(484352K), [Metaspace: 2796K->2796K(1056768K)], 0.0062807 secs] [Times: user=0.00 sys=0.00, real=0.01 secs] 
160.359: [GC (Allocation Failure) [PSYoungGen: 89948K->15360K(134144K)] 300397K->225809K(483840K), 0.0019452 secs] [Times: user=0.00 sys=0.00, real=0.00 secs] 
161.559: [Full GC (Ergonomics) [PSYoungGen: 109404K->0K(134144K)] [ParOldGen: 312849K->2048K(349696K)] 422253K->2048K(483840K), [Metaspace: 2796K->2796K(1056768K)], 0.0030173 secs] [Times: user=0.00 sys=0.00, real=0.00 secs] 
163.195: [GC (Allocation Failure) [PSYoungGen: 84828K->11264K(138752K)] 240476K->166912K(488448K), 0.0015108 secs] [Times: user=0.00 sys=0.00, real=0.00 secs] 
164.070: [GC (Allocation Failure) [PSYoungGen: 111595K->20480K(137216K)] 369643K->284672K(486912K), 0.0025369 secs] [Times: user=0.00 sys=0.00, real=0.00 secs] 
166.270: [GC (Allocation Failure) [PSYoungGen: 119787K->15360K(140288K)] 383979K->279552K(489984K), 0.0019802 secs] [Times: user=0.00 sys=0.00, real=0.00 secs] 
166.487: [GC (Allocation Failure) [PSYoungGen: 89121K->20480K(138752K)] 353313K->340992K(488448K), 0.0052928 secs] [Times: user=0.00 sys=0.00, real=0.01 secs] 
166.492: [Full GC (Ergonomics) [PSYoungGen: 20480K->0K(138752K)] [ParOldGen: 320512K->77329K(349696K)] 340992K->77329K(488448K), [Metaspace: 2796K->2796K(1056768K)], 0.0071888 secs] [Times: user=0.02 sys=0.00, real=0.01 secs] 
166.721: [GC (Allocation Failure) [PSYoungGen: 104448K->1024K(139264K)] 181777K->78353K(488960K), 0.0007551 secs] [Times: user=0.00 sys=0.00, real=0.00 secs] 
167.818: [GC (Allocation Failure) [PSYoungGen: 75796K->25600K(129536K)] 153125K->102929K(479232K), 0.0034879 secs] [Times: user=0.00 sys=0.00, real=0.00 secs] 
169.244: [GC (Allocation Failure) [PSYoungGen: 100342K->5120K(137728K)] 280072K->184849K(487424K), 0.0014283 secs] [Times: user=0.00 sys=0.00, real=0.00 secs] 
170.448: [Full GC (Ergonomics) [PSYoungGen: 100292K->0K(137728K)] [ParOldGen: 282129K->118289K(349696K)] 382421K->118289K(487424K), [Metaspace: 2796K->2796K(1056768K)], 0.0102637 secs] [Times: user=0.01 sys=0.00, real=0.01 secs] 
171.444: [GC (Allocation Failure) [PSYoungGen: 100298K->6144K(137216K)] 320988K->226833K(486912K), 0.0015710 secs] [Times: user=0.00 sys=0.00, real=0.00 secs] 
172.208: [GC (Allocation Failure) [PSYoungGen: 64463K->5120K(139776K)] 336352K->278033K(489472K), 0.0012352 secs] [Times: user=0.00 sys=0.00, real=0.00 secs] 
172.428: [GC (Allocation Failure) [PSYoungGen: 109056K->1024K(138752K)] 381969K->279057K(488448K), 0.0013648 secs] [Times: user=0.00 sys=0.00, real=0.00 secs] 
173.626: [GC (Allocation Failure) [PSYoungGen: 101392K->10240K(141824K)] 379426K->339473K(491520K), 0.0051372 secs] [Times: user=0.00 sys=0.00, real=0.00 secs] 
173.632: [Full GC (Ergonomics) [PSYoungGen: 10240K->0K(141824K)] [ParOldGen: 329233K->61969K(349696K)] 339473K->61969K(491520K), [Metaspace: 2796K->2796K(1056768K)], 0.0060434 secs] [Times: user=0.00 sys=0.00, real=0.01 secs] 
173.970: [GC (Allocation Failure) [PSYoungGen: 104522K->1024K(139776K)] 166492K->62993K(489472K), 0.0009491 secs] [Times: user=0.00 sys=0.00, real=0.00 secs] 
174.954: [GC (Allocation Failure) [PSYoungGen: 74817K->15360K(142848K)] 136787K->97809K(492544K), 0.0034734 secs] [Times: user=0.00 sys=0.00, real=0.00 secs] 
176.262: [GC (Allocation Failure) [PSYoungGen: 119953K->15360K(142336K)] 304802K->215569K(492032K), 0.0030872 secs] [Times: user=0.00 sys=0.00, real=0.00 secs] 
177.789: [GC (Allocation Failure) [PSYoungGen: 104600K->25600K(136704K)] 304809K->225809K(486400K), 0.0026753 secs] [Times: user=0.00 sys=0.00, real=0.00 secs] 
179.100: [Full GC (Ergonomics) [PSYoungGen: 130090K->0K(136704K)] [ParOldGen: 302609K->72704K(349696K)] 432700K->72704K(486400K), [Metaspace: 2796K->2796K(1056768K)], 0.0072886 secs] [Times: user=0.00 sys=0.00, real=0.01 secs] 
181.066: [GC (Allocation Failure) [PSYoungGen: 101421K->2048K(139776K)] 378925K->279552K(489472K), 0.0019249 secs] [Times: user=0.00 sys=0.00, real=0.00 secs] 
182.047: [GC (Allocation Failure) [PSYoungGen: 75823K->25600K(134144K)] 353327K->304128K(483840K), 0.0029372 secs] [Times: user=0.00 sys=0.00, real=0.00 secs] 
182.156: [GC (Allocation Failure) [PSYoungGen: 78794K->0K(137216K)] 357322K->334848K(486912K), 0.0050704 secs] [Times: user=0.00 sys=0.00, real=0.00 secs] 
182.161: [Full GC (Ergonomics) [PSYoungGen: 0K->0K(137216K)] [ParOldGen: 334848K->57873K(349696K)] 334848K->57873K(486912K), [Metaspace: 2796K->2796K(1056768K)], 0.0059054 secs] [Times: user=0.00 sys=0.00, real=0.01 secs] 
184.680: [Full GC (Ergonomics) [PSYoungGen: 92081K->0K(137216K)] [ParOldGen: 313873K->11264K(349696K)] 405954K->11264K(486912K), [Metaspace: 2796K->2796K(1056768K)], 0.0025428 secs] [Times: user=0.00 sys=0.00, real=0.00 secs] 
185.556: [GC (Allocation Failure) [PSYoungGen: 95162K->20480K(136192K)] 208826K->134144K(485888K), 0.0021563 secs] [Times: user=0.00 sys=0.00, real=0.00 secs] 
187.412: [GC (Allocation Failure) [PSYoungGen: 115628K->30720K(128512K)] 382893K->313344K(478208K), 0.0038813 secs] [Times: user=0.00 sys=0.00, real=0.00 secs] 
187.416: [Full GC (Ergonomics) [PSYoungGen: 30720K->0K(128512K)] [ParOldGen: 282624K->46609K(349696K)] 313344K->46609K(478208K), [Metaspace: 2796K->2796K(1056768K)], 0.0049189 secs] [Times: user=0.00 sys=0.00, real=0.01 secs] 
188.412: [GC (Allocation Failure) [PSYoungGen: 94098K->0K(132608K)] 140707K->97809K(482304K), 0.0048293 secs] [Times: user=0.00 sys=0.00, real=0.00 secs] 
190.157: [GC (Allocation Failure) [PSYoungGen: 89859K->15360K(132608K)] 341268K->266769K(482304K), 0.0013789 secs] [Times: user=0.00 sys=0.00, real=0.00 secs] 
190.702: [Full GC (Ergonomics) [PSYoungGen: 63241K->0K(132608K)] [ParOldGen: 302609K->164369K(349696K)] 365850K->164369K(482304K), [Metaspace: 2796K->2796K(1056768K)], 0.0127569 secs] [Times: user=0.00 sys=0.00, real=0.01 secs] 
193.344: [GC (Allocation Failure) [PSYoungGen: 86797K->21536K(133632K)] 353566K->288305K(483328K), 0.0022553 secs] [Times: user=0.00 sys=0.00, real=0.00 secs] 
193.562: [GC (Allocation Failure) [PSYoungGen: 95085K->0K(134144K)] 361854K->329241K(483840K), 0.0053352 secs] [Times: user=0.00 sys=0.00, real=0.01 secs] 
193.568: [Full GC (Ergonomics) [PSYoungGen: 0K->0K(134144K)] [ParOldGen: 329241K->62993K(349696K)] 329241K->62993K(483840K), [Metaspace: 2796K->2796K(1056768K)], 0.0064805 secs] [Times: user=0.00 sys=0.00, real=0.01 secs] 
196.086: [Full GC (Ergonomics) [PSYoungGen: 86855K->0K(134144K)] [ParOldGen: 318993K->6144K(349696K)] 405848K->6144K(483840K), [Metaspace: 2796K->2796K(1056768K)], 0.0024884 secs] [Times: user=0.00 sys=0.00, real=0.00 secs] 
196.851: [GC (Allocation Failure) [PSYoungGen: 89931K->25600K(130560K)] 198475K->134144K(480256K), 0.0028836 secs] [Times: user=0.00 sys=0.00, real=0.00 secs] 
198.596: [Full GC (Ergonomics) [PSYoungGen: 115472K->0K(130560K)] [ParOldGen: 262144K->82449K(349696K)] 377616K->82449K(480256K), [Metaspace: 2796K->2796K(1056768K)], 0.0072250 secs] [Times: user=0.00 sys=0.00, real=0.01 secs] 
200.453: [GC (Allocation Failure) [PSYoungGen: 88849K->15360K(132608K)] 324899K->251409K(482304K), 0.0017214 secs] [Times: user=0.00 sys=0.00, real=0.00 secs] 
201.327: [Full GC (Ergonomics) [PSYoungGen: 105234K->0K(132608K)] [ParOldGen: 338449K->12288K(349696K)] 443684K->12288K(482304K), [Metaspace: 2796K->2796K(1056768K)], 0.0029291 secs] [Times: user=0.00 sys=0.00, real=0.00 secs] 
203.076: [GC (Allocation Failure) [PSYoungGen: 89875K->11264K(136704K)] 255763K->177152K(486400K), 0.0015143 secs] [Times: user=0.00 sys=0.00, real=0.00 secs] 
205.482: [Full GC (Ergonomics) [PSYoungGen: 107406K->0K(136704K)] [ParOldGen: 319488K->21504K(349696K)] 426894K->21504K(486400K), [Metaspace: 2796K->2796K(1056768K)], 0.0037621 secs] [Times: user=0.00 sys=0.00, real=0.00 secs] 
207.564: [GC (Allocation Failure) [PSYoungGen: 79758K->5120K(134656K)] 254863K->180224K(484352K), 0.0015370 secs] [Times: user=0.00 sys=0.00, real=0.00 secs] 
208.548: [Full GC (Ergonomics) [PSYoungGen: 100239K->0K(134656K)] [ParOldGen: 277504K->57344K(349696K)] 377743K->57344K(484352K), [Metaspace: 2796K->2796K(1056768K)], 0.0061109 secs] [Times: user=0.00 sys=0.00, real=0.01 secs] 
210.297: [GC (Allocation Failure) [PSYoungGen: 95119K->15360K(139264K)] 306063K->226304K(488960K), 0.0017573 secs] [Times: user=0.00 sys=0.00, real=0.00 secs] 
211.607: [Full GC (Ergonomics) [PSYoungGen: 109567K->0K(139264K)] [ParOldGen: 313344K->6144K(349696K)] 422912K->6144K(488960K), [Metaspace: 2796K->2796K(1056768K)], 0.0026340 secs] [Times: user=0.00 sys=0.00, real=0.00 secs] 
212.484: [GC (Allocation Failure) [PSYoungGen: 100351K->6144K(137728K)] 208896K->114688K(487424K), 0.0010982 secs] [Times: user=0.00 sys=0.00, real=0.00 secs] 
214.454: [GC (Allocation Failure) [PSYoungGen: 106496K->20480K(138240K)] 368640K->283648K(487936K), 0.0023345 secs] [Times: user=0.00 sys=0.00, real=0.00 secs] 
216.198: [GC (Allocation Failure) [PSYoungGen: 114718K->25600K(128000K)] 377886K->309248K(477696K), 0.0030901 secs] [Times: user=0.00 sys=0.00, real=0.00 secs] 
216.201: [Full GC (Ergonomics) [PSYoungGen: 25600K->0K(128000K)] [ParOldGen: 283648K->26624K(349696K)] 309248K->26624K(477696K), [Metaspace: 2796K->2796K(1056768K)], 0.0037587 secs] [Times: user=0.00 sys=0.00, real=0.00 secs] 
217.402: [GC (Allocation Failure) [PSYoungGen: 95213K->15360K(138752K)] 224237K->144384K(488448K), 0.0019027 secs] [Times: user=0.00 sys=0.00, real=0.00 secs] 
218.383: [GC (Allocation Failure) [PSYoungGen: 115686K->5120K(137216K)] 347110K->292864K(486912K), 0.0057926 secs] [Times: user=0.00 sys=0.00, real=0.00 secs] 
218.389: [Full GC (Ergonomics) [PSYoungGen: 5120K->0K(137216K)] [ParOldGen: 287744K->88064K(349696K)] 292864K->88064K(486912K), [Metaspace: 2796K->2796K(1056768K)], 0.0062336 secs] [Times: user=0.00 sys=0.00, real=0.01 secs] 
Heap
 PSYoungGen      total 137216K, used 9172K [0x00000000f5580000, 0x0000000100000000, 0x0000000100000000)
  eden space 101376K, 9% used [0x00000000f5580000,0x00000000f5e75048,0x00000000fb880000)
  from space 35840K, 0% used [0x00000000fb880000,0x00000000fb880000,0x00000000fdb80000)
  to   space 35328K, 0% used [0x00000000fdd80000,0x00000000fdd80000,0x0000000100000000)
 ParOldGen       total 349696K, used 88064K [0x00000000e0000000, 0x00000000f5580000, 0x00000000f5580000)
  object space 349696K, 25% used [0x00000000e0000000,0x00000000e5600050,0x00000000f5580000)
 Metaspace       used 2804K, capacity 4486K, committed 4864K, reserved 1056768K
  class space    used 297K, capacity 386K, committed 512K, reserved 1048576K
