Java HotSpot(TM) 64-Bit Server VM (25.411-b09) for windows-amd64 JRE (1.8.0_411-b09), built on Mar 13 2024 07:26:13 by "java_re" with MS VC++ 17.1 (VS2022)
Memory: 4k page, physical 33403376k(11659360k free), swap 39528500k(6703752k free)
CommandLine flags: -XX:InitialHeapSize=2147483648 -XX:MaxHeapSize=2147483648 -XX:NewRatio=3 -XX:ParallelGCThreads=3 -XX:+PrintGC -XX:+PrintGCDetails -XX:+PrintGCTimeStamps -XX:-UseAdaptiveSizePolicy -XX:+UseCompressedClassPointers -XX:+UseCompressedOops -XX:-UseLargePagesIndividualAllocation -XX:+UseParallelGC 
2.867: [GC (Allocation Failure) [PSYoungGen: 363888K->63080K(458752K)] 363888K->63088K(2031616K), 0.0162362 secs] [Times: user=0.02 sys=0.00, real=0.02 secs] 
6.373: [GC (Allocation Failure) [PSYoungGen: 452726K->26224K(458752K)] 452734K->26240K(2031616K), 0.0058699 secs] [Times: user=0.00 sys=0.02, real=0.01 secs] 
8.555: [GC (Allocation Failure) [PSYoungGen: 329730K->51784K(458752K)] 329746K->103008K(2031616K), 0.0156253 secs] [Times: user=0.00 sys=0.00, real=0.02 secs] 
11.188: [GC (Allocation Failure) [PSYoungGen: 435331K->62040K(458752K)] 486555K->225904K(2031616K), 0.0354572 secs] [Times: user=0.02 sys=0.03, real=0.04 secs] 
13.289: [GC (Allocation Failure) [PSYoungGen: 452278K->11832K(458752K)] 616142K->175704K(2031616K), 0.0010778 secs] [Times: user=0.00 sys=0.00, real=0.00 secs] 
16.995: [GC (Allocation Failure) [PSYoungGen: 357538K->46696K(458752K)] 521410K->210568K(2031616K), 0.0029892 secs] [Times: user=0.00 sys=0.00, real=0.00 secs] 
18.957: [GC (Allocation Failure) [PSYoungGen: 435433K->62056K(458752K)] 599305K->251528K(2031616K), 0.0089451 secs] [Times: user=0.00 sys=0.00, real=0.01 secs] 
21.380: [GC (Allocation Failure) [PSYoungGen: 356600K->56936K(458752K)] 546072K->348808K(2031616K), 0.0317667 secs] [Times: user=0.02 sys=0.00, real=0.03 secs] 
24.135: [GC (Allocation Failure) [PSYoungGen: 435456K->31320K(458752K)] 727328K->323200K(2031616K), 0.0026211 secs] [Times: user=0.00 sys=0.00, real=0.00 secs] 
26.095: [GC (Allocation Failure) [PSYoungGen: 420086K->31336K(458752K)] 711966K->323216K(2031616K), 0.0026572 secs] [Times: user=0.00 sys=0.00, real=0.00 secs] 
29.805: [GC (Allocation Failure) [PSYoungGen: 394120K->31336K(458752K)] 686000K->374424K(2031616K), 0.0164973 secs] [Times: user=0.01 sys=0.00, real=0.02 secs] 
32.657: [GC (Allocation Failure) [PSYoungGen: 389377K->27240K(458752K)] 732465K->370328K(2031616K), 0.0026911 secs] [Times: user=0.00 sys=0.00, real=0.00 secs] 
35.166: [GC (Allocation Failure) [PSYoungGen: 416007K->5704K(458752K)] 759095K->348792K(2031616K), 0.0011265 secs] [Times: user=0.00 sys=0.00, real=0.00 secs] 
37.023: [GC (Allocation Failure) [PSYoungGen: 325867K->62056K(458752K)] 668955K->430744K(2031616K), 0.0083078 secs] [Times: user=0.00 sys=0.00, real=0.01 secs] 
39.881: [GC (Allocation Failure) [PSYoungGen: 402701K->56936K(458752K)] 771389K->425624K(2031616K), 0.0052840 secs] [Times: user=0.00 sys=0.00, real=0.00 secs] 
43.608: [GC (Allocation Failure) [PSYoungGen: 447758K->6208K(458752K)] 816446K->375440K(2031616K), 0.0012475 secs] [Times: user=0.00 sys=0.00, real=0.00 secs] 
45.569: [GC (Allocation Failure) [PSYoungGen: 331496K->62528K(458752K)] 700728K->447136K(2031616K), 0.0061412 secs] [Times: user=0.00 sys=0.00, real=0.01 secs] 
48.303: [GC (Allocation Failure) [PSYoungGen: 435944K->46144K(458752K)] 820552K->430760K(2031616K), 0.0033727 secs] [Times: user=0.00 sys=0.00, real=0.00 secs] 
50.700: [GC (Allocation Failure) [PSYoungGen: 437993K->10304K(458752K)] 822609K->394920K(2031616K), 0.0014178 secs] [Times: user=0.00 sys=0.00, real=0.00 secs] 
52.664: [GC (Allocation Failure) [PSYoungGen: 335593K->62496K(458752K)] 720210K->447120K(2031616K), 0.0053533 secs] [Times: user=0.00 sys=0.00, real=0.00 secs] 
56.164: [GC (Allocation Failure) [PSYoungGen: 452297K->25632K(458752K)] 836921K->410256K(2031616K), 0.0022326 secs] [Times: user=0.00 sys=0.00, real=0.00 secs] 
58.349: [GC (Allocation Failure) [PSYoungGen: 325321K->51232K(458752K)] 709946K->487056K(2031616K), 0.0158084 secs] [Times: user=0.00 sys=0.00, real=0.02 secs] 
60.978: [GC (Allocation Failure) [PSYoungGen: 434888K->61472K(458752K)] 870713K->609936K(2031616K), 0.0351099 secs] [Times: user=0.00 sys=0.00, real=0.03 secs] 
63.196: [GC (Allocation Failure) [PSYoungGen: 454345K->11296K(458752K)] 1002809K->559760K(2031616K), 0.0015281 secs] [Times: user=0.00 sys=0.00, real=0.00 secs] 
66.889: [GC (Allocation Failure) [PSYoungGen: 403146K->56352K(458752K)] 951610K->625296K(2031616K), 0.0153929 secs] [Times: user=0.00 sys=0.00, real=0.02 secs] 
69.622: [GC (Allocation Failure) [PSYoungGen: 409290K->5120K(458752K)] 978234K->574072K(2031616K), 0.0013170 secs] [Times: user=0.00 sys=0.00, real=0.00 secs] 
71.588: [GC (Allocation Failure) [PSYoungGen: 393898K->11264K(458752K)] 962850K->682616K(2031616K), 0.0312935 secs] [Times: user=0.02 sys=0.01, real=0.03 secs] 
74.016: [GC (Allocation Failure) [PSYoungGen: 331434K->61440K(458752K)] 1002786K->732792K(2031616K), 0.0058356 secs] [Times: user=0.00 sys=0.00, real=0.00 secs] 
76.645: [GC (Allocation Failure) [PSYoungGen: 445097K->40960K(458752K)] 1116450K->712312K(2031616K), 0.0033892 secs] [Times: user=0.00 sys=0.00, real=0.00 secs] 
79.701: [GC (Allocation Failure) [PSYoungGen: 407210K->61440K(458752K)] 1078562K->783992K(2031616K), 0.0165219 secs] [Times: user=0.00 sys=0.00, real=0.02 secs] 
82.556: [GC (Allocation Failure) [PSYoungGen: 419498K->57344K(458752K)] 1142050K->779896K(2031616K), 0.0051553 secs] [Times: user=0.00 sys=0.00, real=0.01 secs] 
85.296: [GC (Allocation Failure) [PSYoungGen: 435882K->30720K(458752K)] 1158434K->753272K(2031616K), 0.0028900 secs] [Times: user=0.00 sys=0.00, real=0.00 secs] 
87.258: [GC (Allocation Failure) [PSYoungGen: 419498K->40960K(458752K)] 1142050K->763512K(2031616K), 0.0038298 secs] [Times: user=0.00 sys=0.00, real=0.00 secs] 
90.862: [GC (Allocation Failure) [PSYoungGen: 427690K->20480K(458752K)] 1150243K->845432K(2031616K), 0.0320326 secs] [Times: user=0.00 sys=0.02, real=0.03 secs] 
93.951: [GC (Allocation Failure) [PSYoungGen: 352938K->62464K(458752K)] 1177891K->887416K(2031616K), 0.0059496 secs] [Times: user=0.00 sys=0.00, real=0.01 secs] 
96.689: [GC (Allocation Failure) [PSYoungGen: 435882K->40960K(458752K)] 1260834K->865912K(2031616K), 0.0034833 secs] [Times: user=0.00 sys=0.00, real=0.00 secs] 
98.658: [GC (Allocation Failure) [PSYoungGen: 429738K->30720K(458752K)] 1254690K->906872K(2031616K), 0.0176878 secs] [Times: user=0.00 sys=0.00, real=0.02 secs] 
101.077: [GC (Allocation Failure) [PSYoungGen: 361130K->56320K(458752K)] 1237282K->932472K(2031616K), 0.0053082 secs] [Times: user=0.00 sys=0.00, real=0.01 secs] 
104.578: [GC (Allocation Failure) [PSYoungGen: 446121K->10240K(458752K)] 1322274K->886392K(2031616K), 0.0021958 secs] [Times: user=0.00 sys=0.00, real=0.00 secs] 
106.765: [GC (Allocation Failure) [PSYoungGen: 345755K->61440K(458752K)] 1221908K->968312K(2031616K), 0.0223241 secs] [Times: user=0.00 sys=0.00, real=0.02 secs] 
109.527: [GC (Allocation Failure) [PSYoungGen: 429728K->25600K(458752K)] 1336600K->983672K(2031616K), 0.0676996 secs] [Times: user=0.00 sys=0.02, real=0.07 secs] 
112.100: [GC (Allocation Failure) [PSYoungGen: 418467K->5120K(458752K)] 1376540K->963192K(2031616K), 0.0017444 secs] [Times: user=0.00 sys=0.00, real=0.00 secs] 
113.951: [GC (Allocation Failure) [PSYoungGen: 325286K->57344K(458752K)] 1283358K->1025656K(2031616K), 0.0055969 secs] [Times: user=0.02 sys=0.00, real=0.01 secs] 
117.235: [GC (Allocation Failure) [PSYoungGen: 446119K->30720K(458752K)] 1414431K->999032K(2031616K), 0.0034437 secs] [Times: user=0.00 sys=0.00, real=0.00 secs] 
119.636: [GC (Allocation Failure) [PSYoungGen: 325288K->51200K(458752K)] 1293600K->1019512K(2031616K), 0.0048616 secs] [Times: user=0.00 sys=0.00, real=0.00 secs] 
122.278: [GC (Allocation Failure) [PSYoungGen: 434855K->21504K(458752K)] 1403168K->1092216K(2031616K), 0.0796267 secs] [Times: user=0.06 sys=0.02, real=0.08 secs] 
124.531: [GC (Allocation Failure) [PSYoungGen: 410280K->20480K(458752K)] 1480993K->1091192K(2031616K), 0.0027124 secs] [Times: user=0.00 sys=0.00, real=0.00 secs] 
128.132: [GC (Allocation Failure) [PSYoungGen: 376489K->25600K(458752K)] 1447202K->1096312K(2031616K), 0.0032977 secs] [Times: user=0.00 sys=0.00, real=0.00 secs] 
130.094: [GC (Allocation Failure) [PSYoungGen: 414377K->61440K(458752K)] 1485090K->1239672K(2031616K), 0.1089482 secs] [Times: user=0.01 sys=0.03, real=0.11 secs] 
133.589: [GC (Allocation Failure) [PSYoungGen: 445098K->12288K(458752K)] 1623330K->1190520K(2031616K), 0.0033394 secs] [Times: user=0.00 sys=0.00, real=0.00 secs] 
135.450: [GC (Allocation Failure) [PSYoungGen: 306858K->61440K(458752K)] 1485090K->1239672K(2031616K), 0.0071341 secs] [Times: user=0.00 sys=0.00, real=0.01 secs] 
138.089: [GC (Allocation Failure) [PSYoungGen: 445097K->51200K(458752K)] 1623329K->1229432K(2031616K), 0.0046176 secs] [Times: user=0.02 sys=0.00, real=0.00 secs] 
141.037: [GC (Allocation Failure) [PSYoungGen: 412329K->30720K(458752K)] 1590562K->1311352K(2031616K), 0.0987292 secs] [Times: user=0.00 sys=0.05, real=0.10 secs] 
144.077: [GC (Allocation Failure) [PSYoungGen: 342697K->62464K(458752K)] 1623330K->1343096K(2031616K), 0.0161707 secs] [Times: user=0.00 sys=0.00, real=0.02 secs] 
146.830: [GC (Allocation Failure) [PSYoungGen: 435881K->40960K(458752K)] 1716513K->1321592K(2031616K), 0.0045933 secs] [Times: user=0.00 sys=0.00, real=0.00 secs] 
148.795: [GC (Allocation Failure) [PSYoungGen: 429737K->61440K(458752K)] 1710370K->1362552K(2031616K), 0.0086979 secs] [Times: user=0.00 sys=0.00, real=0.01 secs] 
151.198: [GC (Allocation Failure) [PSYoungGen: 391850K->56320K(458752K)] 1692962K->1357432K(2031616K), 0.0058667 secs] [Times: user=0.00 sys=0.00, real=0.01 secs] 
154.705: [GC (Allocation Failure) [PSYoungGen: 446121K->10240K(458752K)] 1747234K->1311352K(2031616K), 0.0027680 secs] [Times: user=0.00 sys=0.00, real=0.00 secs] 
156.889: [GC (Allocation Failure) [PSYoungGen: 345755K->61440K(458752K)] 1646868K->1393272K(2031616K), 0.0115535 secs] [Times: user=0.02 sys=0.00, real=0.01 secs] 
159.626: [GC (Allocation Failure) [PSYoungGen: 429728K->25600K(458752K)] 1761561K->1408632K(2031616K), 0.0389669 secs] [Times: user=0.00 sys=0.02, real=0.04 secs] 
162.184: [GC (Allocation Failure) [PSYoungGen: 418467K->10240K(458752K)] 1801500K->1393272K(2031616K), 0.0022893 secs] [Times: user=0.00 sys=0.00, real=0.00 secs] 
164.040: [GC (Allocation Failure) [PSYoungGen: 330406K->57344K(458752K)] 1713439K->1450616K(2031616K), 0.0160014 secs] [Times: user=0.00 sys=0.00, real=0.02 secs] 
167.324: [GC (Allocation Failure) [PSYoungGen: 446119K->30720K(458752K)] 1839391K->1423992K(2031616K), 0.0038733 secs] [Times: user=0.00 sys=0.00, real=0.00 secs] 
169.711: [GC (Allocation Failure) [PSYoungGen: 325288K->51200K(458752K)] 1718561K->1444472K(2031616K), 0.0055743 secs] [Times: user=0.00 sys=0.00, real=0.01 secs] 
172.330: [GC (Allocation Failure) [PSYoungGen: 434855K->21504K(458752K)] 1828128K->1517176K(2031616K), 0.0989207 secs] [Times: user=0.02 sys=0.05, real=0.10 secs] 
172.429: [Full GC (Ergonomics) [PSYoungGen: 21504K->0K(458752K)] [ParOldGen: 1495672K->124433K(1572864K)] 1517176K->124433K(2031616K), [Metaspace: 2796K->2796K(1056768K)], 0.0633104 secs] [Times: user=0.00 sys=0.03, real=0.06 secs] 
174.664: [GC (Allocation Failure) [PSYoungGen: 388776K->20480K(458752K)] 513210K->144913K(2031616K), 0.0018885 secs] [Times: user=0.00 sys=0.00, real=0.00 secs] 
178.260: [GC (Allocation Failure) [PSYoungGen: 376439K->25600K(458752K)] 500872K->150033K(2031616K), 0.0023441 secs] [Times: user=0.00 sys=0.00, real=0.00 secs] 
180.219: [GC (Allocation Failure) [PSYoungGen: 414345K->61440K(458752K)] 538778K->293393K(2031616K), 0.0161230 secs] [Times: user=0.00 sys=0.00, real=0.02 secs] 
183.613: [GC (Allocation Failure) [PSYoungGen: 445077K->12288K(458752K)] 677030K->244241K(2031616K), 0.0014547 secs] [Times: user=0.00 sys=0.00, real=0.00 secs] 
185.466: [GC (Allocation Failure) [PSYoungGen: 306844K->61440K(458752K)] 538798K->293393K(2031616K), 0.0048458 secs] [Times: user=0.00 sys=0.00, real=0.00 secs] 
188.084: [GC (Allocation Failure) [PSYoungGen: 445088K->51200K(458752K)] 677041K->283153K(2031616K), 0.0039078 secs] [Times: user=0.00 sys=0.00, real=0.00 secs] 
191.027: [GC (Allocation Failure) [PSYoungGen: 412324K->30720K(458752K)] 644277K->365073K(2031616K), 0.0163884 secs] [Times: user=0.00 sys=0.00, real=0.02 secs] 
193.985: [GC (Allocation Failure) [PSYoungGen: 342694K->62496K(458752K)] 677047K->396849K(2031616K), 0.0054562 secs] [Times: user=0.00 sys=0.00, real=0.01 secs] 
196.726: [GC (Allocation Failure) [PSYoungGen: 435910K->40992K(458752K)] 770264K->375345K(2031616K), 0.0029866 secs] [Times: user=0.00 sys=0.00, real=0.00 secs] 
198.687: [GC (Allocation Failure) [PSYoungGen: 429768K->30752K(458752K)] 764121K->416305K(2031616K), 0.0062207 secs] [Times: user=0.00 sys=0.00, real=0.01 secs] 
201.084: [GC (Allocation Failure) [PSYoungGen: 361161K->56352K(458752K)] 746714K->441905K(2031616K), 0.0046524 secs] [Times: user=0.00 sys=0.00, real=0.01 secs] 
204.571: [GC (Allocation Failure) [PSYoungGen: 446153K->10272K(458752K)] 831706K->395825K(2031616K), 0.0012983 secs] [Times: user=0.00 sys=0.00, real=0.00 secs] 
206.755: [GC (Allocation Failure) [PSYoungGen: 345787K->40992K(458752K)] 731340K->477745K(2031616K), 0.0072037 secs] [Times: user=0.00 sys=0.00, real=0.01 secs] 
209.498: [GC (Allocation Failure) [PSYoungGen: 409280K->56352K(458752K)] 846033K->513585K(2031616K), 0.0062297 secs] [Times: user=0.00 sys=0.00, real=0.01 secs] 
212.004: [GC (Allocation Failure) [PSYoungGen: 449219K->10272K(458752K)] 906453K->467505K(2031616K), 0.0013656 secs] [Times: user=0.00 sys=0.00, real=0.00 secs] 
213.860: [GC (Allocation Failure) [PSYoungGen: 330438K->57376K(458752K)] 787671K->524849K(2031616K), 0.0054202 secs] [Times: user=0.00 sys=0.00, real=0.00 secs] 
217.149: [GC (Allocation Failure) [PSYoungGen: 446151K->30752K(458752K)] 913624K->498225K(2031616K), 0.0027276 secs] [Times: user=0.00 sys=0.00, real=0.00 secs] 
Heap
 PSYoungGen      total 458752K, used 281985K [0x00000000e0000000, 0x0000000100000000, 0x0000000100000000)
  eden space 393216K, 63% used [0x00000000e0000000,0x00000000ef558418,0x00000000f8000000)
  from space 65536K, 46% used [0x00000000fc000000,0x00000000fde08030,0x0000000100000000)
  to   space 65536K, 0% used [0x00000000f8000000,0x00000000f8000000,0x00000000fc000000)
 ParOldGen       total 1572864K, used 467473K [0x0000000080000000, 0x00000000e0000000, 0x00000000e0000000)
  object space 1572864K, 29% used [0x0000000080000000,0x000000009c884608,0x00000000e0000000)
 Metaspace       used 2804K, capacity 4486K, committed 4864K, reserved 1056768K
  class space    used 297K, capacity 386K, committed 512K, reserved 1048576K
