Java HotSpot(TM) 64-Bit Server VM (25.411-b09) for windows-amd64 JRE (1.8.0_411-b09), built on Mar 13 2024 07:26:13 by "java_re" with MS VC++ 17.1 (VS2022)
Memory: 4k page, physical 33403376k(15013204k free), swap 38794768k(7700076k free)
CommandLine flags: -XX:InitialHeapSize=1073741824 -XX:MaxHeapSize=1073741824 -XX:NewRatio=8 -XX:ParallelGCThreads=6 -XX:+PrintGC -XX:+PrintGCDetails -XX:+PrintGCTimeStamps -XX:SurvivorRatio=1 -XX:-UseAdaptiveSizePolicy -XX:+UseCompressedClassPointers -XX:+UseCompressedOops -XX:-UseLargePagesIndividualAllocation -XX:+UseParallelGC 
0.943: [GC (Allocation Failure) [PSYoungGen: 34345K->10960K(77824K)] 34345K->10968K(1010176K), 0.0025733 secs] [Times: user=0.00 sys=0.00, real=0.00 secs] 
2.081: [GC (Allocation Failure) [PSYoungGen: 49618K->11920K(77824K)] 223706K->186016K(1010176K), 0.0025931 secs] [Times: user=0.00 sys=0.00, real=0.00 secs] 
3.216: [GC (Allocation Failure) [PSYoungGen: 50585K->13936K(77824K)] 398761K->362112K(1010176K), 0.0018399 secs] [Times: user=0.00 sys=0.00, real=0.00 secs] 
3.869: [GC (Allocation Failure) [PSYoungGen: 45437K->18040K(77824K)] 393613K->366216K(1010176K), 0.0025579 secs] [Times: user=0.00 sys=0.00, real=0.00 secs] 
5.180: [GC (Allocation Failure) [PSYoungGen: 55681K->10808K(77824K)] 403857K->358984K(1010176K), 0.0011725 secs] [Times: user=0.00 sys=0.00, real=0.00 secs] 
6.319: [GC (Allocation Failure) [PSYoungGen: 49471K->26200K(77824K)] 571727K->548456K(1010176K), 0.0040362 secs] [Times: user=0.00 sys=0.00, real=0.00 secs] 
6.866: [GC (Allocation Failure) [PSYoungGen: 57700K->31288K(77824K)] 579956K->553544K(1010176K), 0.0048339 secs] [Times: user=0.00 sys=0.02, real=0.00 secs] 
7.676: [GC (Allocation Failure) [PSYoungGen: 70346K->36408K(77824K)] 746202K->722512K(1010176K), 0.0058023 secs] [Times: user=0.02 sys=0.00, real=0.01 secs] 
9.142: [GC (Allocation Failure) [PSYoungGen: 75076K->5720K(77824K)] 914780K->845424K(1010176K), 0.0019552 secs] [Times: user=0.00 sys=0.00, real=0.00 secs] 
9.797: [GC (Allocation Failure) [PSYoungGen: 42343K->15960K(77824K)] 882047K->855664K(1010176K), 0.0019546 secs] [Times: user=0.00 sys=0.00, real=0.00 secs] 
10.142: [GC (Allocation Failure) [PSYoungGen: 47459K->5688K(77824K)] 938363K->896592K(1010176K), 0.0021392 secs] [Times: user=0.00 sys=0.00, real=0.00 secs] 
10.144: [GC (Allocation Failure) [PSYoungGen: 5688K->5720K(77824K)] 896592K->896624K(1010176K), 0.0016312 secs] [Times: user=0.00 sys=0.00, real=0.00 secs] 
10.146: [Full GC (Allocation Failure) [PSYoungGen: 5720K->0K(77824K)] [ParOldGen: 890904K->108048K(932352K)] 896624K->108048K(1010176K), [Metaspace: 2761K->2761K(1056768K)], 0.0170856 secs] [Times: user=0.00 sys=0.00, real=0.02 secs] 
11.139: [GC (Allocation Failure) [PSYoungGen: 33550K->10240K(77824K)] 243999K->220688K(1010176K), 0.0012532 secs] [Times: user=0.00 sys=0.00, real=0.00 secs] 
12.556: [GC (Allocation Failure) [PSYoungGen: 42768K->10240K(77824K)] 427297K->394769K(1010176K), 0.0009417 secs] [Times: user=0.00 sys=0.00, real=0.00 secs] 
13.647: [GC (Allocation Failure) [PSYoungGen: 49170K->11296K(77824K)] 607779K->569913K(1010176K), 0.0017459 secs] [Times: user=0.00 sys=0.00, real=0.00 secs] 
14.732: [GC (Allocation Failure) [PSYoungGen: 49971K->17472K(77824K)] 782668K->750169K(1010176K), 0.0016991 secs] [Times: user=0.00 sys=0.00, real=0.00 secs] 
15.386: [GC (Allocation Failure) [PSYoungGen: 48979K->26656K(77824K)] 781676K->759353K(1010176K), 0.0021606 secs] [Times: user=0.00 sys=0.00, real=0.00 secs] 
16.479: [GC (Allocation Failure) [PSYoungGen: 63277K->10272K(77824K)] 795974K->742969K(1010176K), 0.0015667 secs] [Times: user=0.00 sys=0.00, real=0.00 secs] 
17.568: [GC (Allocation Failure) [PSYoungGen: 48937K->6176K(77824K)] 955715K->912953K(1010176K), 0.0019939 secs] [Times: user=0.00 sys=0.00, real=0.00 secs] 
18.227: [GC (Allocation Failure) [PSYoungGen: 37677K->15392K(77824K)] 944454K->922169K(1010176K), 0.0018677 secs] [Times: user=0.00 sys=0.00, real=0.00 secs] 
18.555: [Full GC (Ergonomics) [PSYoungGen: 36649K->0K(77824K)] [ParOldGen: 927257K->51729K(932352K)] 963906K->51729K(1010176K), [Metaspace: 2770K->2770K(1056768K)], 0.0065694 secs] [Times: user=0.00 sys=0.00, real=0.01 secs] 
20.642: [GC (Allocation Failure) [PSYoungGen: 35597K->5120K(77824K)] 394526K->364049K(1010176K), 0.0009022 secs] [Times: user=0.00 sys=0.00, real=0.00 secs] 
21.188: [GC (Allocation Failure) [PSYoungGen: 36623K->15360K(77824K)] 395553K->374289K(1010176K), 0.0016160 secs] [Times: user=0.00 sys=0.00, real=0.00 secs] 
21.953: [GC (Allocation Failure) [PSYoungGen: 54026K->11264K(77824K)] 566555K->523793K(1010176K), 0.0014680 secs] [Times: user=0.00 sys=0.00, real=0.00 secs] 
22.607: [GC (Allocation Failure) [PSYoungGen: 47886K->21504K(77824K)] 560415K->534033K(1010176K), 0.0018144 secs] [Times: user=0.00 sys=0.00, real=0.00 secs] 
23.919: [GC (Allocation Failure) [PSYoungGen: 60170K->5120K(77824K)] 726299K->671249K(1010176K), 0.0012843 secs] [Times: user=0.00 sys=0.00, real=0.00 secs] 
25.008: [GC (Allocation Failure) [PSYoungGen: 43790K->20480K(77824K)] 883999K->860689K(1010176K), 0.0020870 secs] [Times: user=0.00 sys=0.00, real=0.00 secs] 
25.772: [Full GC (Ergonomics) [PSYoungGen: 57104K->0K(77824K)] [ParOldGen: 911889K->77329K(932352K)] 968993K->77329K(1010176K), [Metaspace: 2779K->2779K(1056768K)], 0.0078971 secs] [Times: user=0.00 sys=0.00, real=0.01 secs] 
26.773: [GC (Allocation Failure) [PSYoungGen: 33553K->10240K(77824K)] 213283K->189969K(1010176K), 0.0011669 secs] [Times: user=0.00 sys=0.00, real=0.00 secs] 
27.972: [GC (Allocation Failure) [PSYoungGen: 46866K->10240K(77824K)] 247076K->210449K(1010176K), 0.0009791 secs] [Times: user=0.00 sys=0.00, real=0.00 secs] 
29.069: [GC (Allocation Failure) [PSYoungGen: 49082K->10272K(77824K)] 423371K->384569K(1010176K), 0.0013300 secs] [Times: user=0.00 sys=0.00, real=0.00 secs] 
29.725: [GC (Allocation Failure) [PSYoungGen: 46899K->20512K(77824K)] 421197K->394809K(1010176K), 0.0017745 secs] [Times: user=0.00 sys=0.00, real=0.00 secs] 
30.493: [GC (Allocation Failure) [PSYoungGen: 59182K->15392K(77824K)] 587079K->543289K(1010176K), 0.0013713 secs] [Times: user=0.00 sys=0.00, real=0.00 secs] 
32.132: [GC (Allocation Failure) [PSYoungGen: 54064K->6240K(77824K)] 684361K->636537K(1010176K), 0.0014154 secs] [Times: user=0.00 sys=0.00, real=0.00 secs] 
33.223: [GC (Allocation Failure) [PSYoungGen: 44913K->7264K(77824K)] 849291K->811641K(1010176K), 0.0019593 secs] [Times: user=0.00 sys=0.00, real=0.00 secs] 
33.878: [GC (Allocation Failure) [PSYoungGen: 38770K->12320K(77824K)] 843148K->816697K(1010176K), 0.0014125 secs] [Times: user=0.00 sys=0.00, real=0.00 secs] 
34.314: [GC (Allocation Failure) [PSYoungGen: 33580K->17472K(77824K)] 909637K->893529K(1010176K), 0.0017559 secs] [Times: user=0.00 sys=0.00, real=0.00 secs] 
34.316: [GC (Allocation Failure) [PSYoungGen: 17472K->17440K(77824K)] 893529K->893497K(1010176K), 0.0016685 secs] [Times: user=0.00 sys=0.00, real=0.00 secs] 
34.318: [Full GC (Allocation Failure) [PSYoungGen: 17440K->0K(77824K)] [ParOldGen: 876057K->69137K(932352K)] 893497K->69137K(1010176K), [Metaspace: 2793K->2793K(1056768K)], 0.0067176 secs] [Times: user=0.00 sys=0.00, real=0.01 secs] 
36.182: [GC (Allocation Failure) [PSYoungGen: 35599K->15360K(77824K)] 381216K->360977K(1010176K), 0.0015548 secs] [Times: user=0.00 sys=0.00, real=0.00 secs] 
36.835: [GC (Allocation Failure) [PSYoungGen: 51985K->25600K(77824K)] 397602K->371217K(1010176K), 0.0019508 secs] [Times: user=0.00 sys=0.00, real=0.00 secs] 
37.600: [GC (Allocation Failure) [PSYoungGen: 64268K->20480K(77824K)] 563486K->540177K(1010176K), 0.0033056 secs] [Times: user=0.00 sys=0.00, real=0.00 secs] 
38.252: [GC (Allocation Failure) [PSYoungGen: 57103K->30720K(77824K)] 576800K->550417K(1010176K), 0.0024491 secs] [Times: user=0.00 sys=0.00, real=0.00 secs] 
39.232: [GC (Allocation Failure) [PSYoungGen: 67339K->5120K(77824K)] 638236K->576017K(1010176K), 0.0013251 secs] [Times: user=0.00 sys=0.00, real=0.00 secs] 
40.325: [GC (Allocation Failure) [PSYoungGen: 43790K->6144K(77824K)] 788768K->751121K(1010176K), 0.0012551 secs] [Times: user=0.00 sys=0.00, real=0.00 secs] 
40.978: [GC (Allocation Failure) [PSYoungGen: 37648K->15360K(77824K)] 782626K->760337K(1010176K), 0.0016965 secs] [Times: user=0.00 sys=0.00, real=0.00 secs] 
42.066: [Full GC (Ergonomics) [PSYoungGen: 54027K->0K(77824K)] [ParOldGen: 919057K->119313K(932352K)] 973084K->119313K(1010176K), [Metaspace: 2793K->2793K(1056768K)], 0.0098828 secs] [Times: user=0.00 sys=0.00, real=0.01 secs] 
43.607: [GC (Allocation Failure) [PSYoungGen: 38670K->6144K(77824K)] 157983K->125457K(1010176K), 0.0009106 secs] [Times: user=0.00 sys=0.00, real=0.00 secs] 
44.700: [GC (Allocation Failure) [PSYoungGen: 44811K->21504K(77824K)] 338204K->314897K(1010176K), 0.0016329 secs] [Times: user=0.00 sys=0.00, real=0.00 secs] 
45.355: [GC (Allocation Failure) [PSYoungGen: 58126K->26624K(77824K)] 351519K->320017K(1010176K), 0.0021653 secs] [Times: user=0.00 sys=0.00, real=0.00 secs] 
46.121: [GC (Allocation Failure) [PSYoungGen: 65290K->31744K(77824K)] 512284K->478737K(1010176K), 0.0023735 secs] [Times: user=0.00 sys=0.00, real=0.00 secs] 
47.429: [GC (Allocation Failure) [PSYoungGen: 70414K->21504K(77824K)] 671007K->622097K(1010176K), 0.0024254 secs] [Times: user=0.02 sys=0.00, real=0.00 secs] 
48.084: [GC (Allocation Failure) [PSYoungGen: 53008K->30720K(77824K)] 653601K->631313K(1010176K), 0.0024729 secs] [Times: user=0.00 sys=0.00, real=0.00 secs] 
49.173: [GC (Allocation Failure) [PSYoungGen: 69387K->30720K(77824K)] 844060K->805393K(1010176K), 0.0026710 secs] [Times: user=0.00 sys=0.00, real=0.00 secs] 
49.937: [GC (Allocation Failure) [PSYoungGen: 67342K->30720K(77824K)] 913695K->877073K(1010176K), 0.0026082 secs] [Times: user=0.00 sys=0.00, real=0.00 secs] 
49.940: [GC (Allocation Failure) [PSYoungGen: 30720K->30720K(77824K)] 877073K->877073K(1010176K), 0.0025350 secs] [Times: user=0.00 sys=0.00, real=0.00 secs] 
49.942: [Full GC (Allocation Failure) [PSYoungGen: 30720K->0K(77824K)] [ParOldGen: 846353K->133649K(932352K)] 877073K->133649K(1010176K), [Metaspace: 2795K->2795K(1056768K)], 0.0109536 secs] [Times: user=0.00 sys=0.00, real=0.01 secs] 
51.702: [GC (Allocation Failure) [PSYoungGen: 38672K->7168K(77824K)] 448802K->417297K(1010176K), 0.0010448 secs] [Times: user=0.00 sys=0.00, real=0.00 secs] 
52.357: [GC (Allocation Failure) [PSYoungGen: 38674K->16384K(77824K)] 448803K->426513K(1010176K), 0.0013946 secs] [Times: user=0.00 sys=0.00, real=0.00 secs] 
53.448: [GC (Allocation Failure) [PSYoungGen: 55052K->17408K(77824K)] 639261K->601617K(1010176K), 0.0015196 secs] [Times: user=0.00 sys=0.00, real=0.00 secs] 
54.761: [GC (Allocation Failure) [PSYoungGen: 55055K->10240K(77824K)] 639264K->594449K(1010176K), 0.0011849 secs] [Times: user=0.00 sys=0.00, real=0.00 secs] 
55.306: [GC (Allocation Failure) [PSYoungGen: 41739K->15360K(77824K)] 625948K->599569K(1010176K), 0.0015326 secs] [Times: user=0.00 sys=0.00, real=0.00 secs] 
56.071: [GC (Allocation Failure) [PSYoungGen: 54023K->20480K(77824K)] 791833K->758289K(1010176K), 0.0018293 secs] [Times: user=0.03 sys=0.00, real=0.00 secs] 
56.726: [GC (Allocation Failure) [PSYoungGen: 57100K->30720K(77824K)] 794909K->768529K(1010176K), 0.0024946 secs] [Times: user=0.02 sys=0.00, real=0.00 secs] 
57.491: [GC (Allocation Failure) [PSYoungGen: 69385K->25600K(77824K)] 960794K->937489K(1010176K), 0.0034970 secs] [Times: user=0.00 sys=0.00, real=0.00 secs] 
57.494: [Full GC (Ergonomics) [PSYoungGen: 25600K->0K(77824K)] [ParOldGen: 911889K->46609K(932352K)] 937489K->46609K(1010176K), [Metaspace: 2796K->2796K(1056768K)], 0.0052007 secs] [Times: user=0.00 sys=0.00, real=0.00 secs] 
58.908: [GC (Allocation Failure) [PSYoungGen: 38669K->5120K(77824K)] 238878K->205329K(1010176K), 0.0007370 secs] [Times: user=0.00 sys=0.00, real=0.00 secs] 
59.561: [GC (Allocation Failure) [PSYoungGen: 41743K->15360K(77824K)] 241953K->215569K(1010176K), 0.0013862 secs] [Times: user=0.00 sys=0.00, real=0.00 secs] 
60.324: [GC (Allocation Failure) [PSYoungGen: 54027K->10240K(77824K)] 407837K->364049K(1010176K), 0.0012359 secs] [Times: user=0.00 sys=0.00, real=0.00 secs] 
60.978: [GC (Allocation Failure) [PSYoungGen: 46862K->20480K(77824K)] 400672K->374289K(1010176K), 0.0018281 secs] [Times: user=0.00 sys=0.00, real=0.00 secs] 
62.176: [GC (Allocation Failure) [PSYoungGen: 58122K->5120K(77824K)] 565532K->512529K(1010176K), 0.0013028 secs] [Times: user=0.00 sys=0.00, real=0.00 secs] 
63.265: [GC (Allocation Failure) [PSYoungGen: 43790K->11264K(77824K)] 725279K->692753K(1010176K), 0.0012144 secs] [Times: user=0.00 sys=0.00, real=0.00 secs] 
63.811: [GC (Allocation Failure) [PSYoungGen: 42768K->26624K(77824K)] 724258K->708113K(1010176K), 0.0022855 secs] [Times: user=0.00 sys=0.00, real=0.00 secs] 
64.574: [GC (Allocation Failure) [PSYoungGen: 65291K->26624K(77824K)] 900380K->861713K(1010176K), 0.0024213 secs] [Times: user=0.00 sys=0.00, real=0.00 secs] 
65.231: [GC (Allocation Failure) [PSYoungGen: 63246K->31744K(77824K)] 898336K->866833K(1010176K), 0.0026134 secs] [Times: user=0.00 sys=0.00, real=0.00 secs] 
66.430: [GC (Allocation Failure) [PSYoungGen: 68362K->10240K(77824K)] 903452K->845329K(1010176K), 0.0019642 secs] [Times: user=0.00 sys=0.00, real=0.00 secs] 
66.980: [GC (Allocation Failure) [PSYoungGen: 36616K->5120K(77824K)] 943385K->911889K(1010176K), 0.0023170 secs] [Times: user=0.00 sys=0.00, real=0.00 secs] 
66.983: [GC (Allocation Failure) [PSYoungGen: 5120K->5120K(77824K)] 911889K->911889K(1010176K), 0.0015008 secs] [Times: user=0.00 sys=0.00, real=0.00 secs] 
66.984: [Full GC (Allocation Failure) [PSYoungGen: 5120K->0K(77824K)] [ParOldGen: 906769K->77329K(932352K)] 911889K->77329K(1010176K), [Metaspace: 2796K->2796K(1056768K)], 0.0072623 secs] [Times: user=0.00 sys=0.00, real=0.01 secs] 
67.976: [GC (Allocation Failure) [PSYoungGen: 33548K->10240K(77824K)] 213278K->189969K(1010176K), 0.0011269 secs] [Times: user=0.01 sys=0.00, real=0.00 secs] 
69.068: [GC (Allocation Failure) [PSYoungGen: 48911K->10240K(77824K)] 402720K->364049K(1010176K), 0.0010981 secs] [Times: user=0.00 sys=0.00, real=0.00 secs] 
70.812: [GC (Allocation Failure) [PSYoungGen: 48913K->10240K(77824K)] 556322K->517649K(1010176K), 0.0013133 secs] [Times: user=0.00 sys=0.00, real=0.00 secs] 
71.901: [GC (Allocation Failure) [PSYoungGen: 48914K->11264K(77824K)] 730403K->692753K(1010176K), 0.0012760 secs] [Times: user=0.00 sys=0.00, real=0.00 secs] 
73.538: [GC (Allocation Failure) [PSYoungGen: 49939K->1024K(77824K)] 905508K->856593K(1010176K), 0.0016988 secs] [Times: user=0.00 sys=0.00, real=0.00 secs] 
74.085: [Full GC (Ergonomics) [PSYoungGen: 27411K->0K(77824K)] [ParOldGen: 927249K->61969K(932352K)] 954661K->61969K(1010176K), [Metaspace: 2796K->2796K(1056768K)], 0.0066081 secs] [Times: user=0.00 sys=0.00, real=0.01 secs] 
75.081: [GC (Allocation Failure) [PSYoungGen: 33556K->10240K(77824K)] 197925K->174609K(1010176K), 0.0010343 secs] [Times: user=0.00 sys=0.00, real=0.00 secs] 
76.175: [GC (Allocation Failure) [PSYoungGen: 48916K->25600K(77824K)] 387365K->364049K(1010176K), 0.0021066 secs] [Times: user=0.00 sys=0.00, real=0.00 secs] 
77.377: [GC (Allocation Failure) [PSYoungGen: 62228K->0K(77824K)] 421157K->358929K(1010176K), 0.0007307 secs] [Times: user=0.00 sys=0.00, real=0.00 secs] 
78.031: [GC (Allocation Failure) [PSYoungGen: 36628K->15360K(77824K)] 395557K->374289K(1010176K), 0.0013631 secs] [Times: user=0.00 sys=0.00, real=0.00 secs] 
78.797: [GC (Allocation Failure) [PSYoungGen: 54030K->10240K(77824K)] 566560K->522769K(1010176K), 0.0012333 secs] [Times: user=0.00 sys=0.00, real=0.00 secs] 
79.452: [GC (Allocation Failure) [PSYoungGen: 46864K->20480K(77824K)] 559394K->533009K(1010176K), 0.0017186 secs] [Times: user=0.00 sys=0.00, real=0.00 secs] 
80.216: [GC (Allocation Failure) [PSYoungGen: 59148K->15360K(77824K)] 725277K->681489K(1010176K), 0.0015061 secs] [Times: user=0.00 sys=0.00, real=0.00 secs] 
81.857: [GC (Allocation Failure) [PSYoungGen: 54031K->6144K(77824K)] 822560K->774673K(1010176K), 0.0017881 secs] [Times: user=0.00 sys=0.00, real=0.00 secs] 
82.622: [GC (Allocation Failure) [PSYoungGen: 42769K->6144K(77824K)] 882978K->846353K(1010176K), 0.0015964 secs] [Times: user=0.00 sys=0.00, real=0.00 secs] 
82.623: [GC (Allocation Failure) [PSYoungGen: 6144K->6144K(77824K)] 846353K->846353K(1010176K), 0.0013654 secs] [Times: user=0.00 sys=0.00, real=0.00 secs] 
82.625: [Full GC (Allocation Failure) [PSYoungGen: 6144K->0K(77824K)] [ParOldGen: 840209K->57873K(932352K)] 846353K->57873K(1010176K), [Metaspace: 2796K->2796K(1056768K)], 0.0061881 secs] [Times: user=0.00 sys=0.00, real=0.01 secs] 
83.619: [GC (Allocation Failure) [PSYoungGen: 33554K->6144K(77824K)] 193827K->166417K(1010176K), 0.0007939 secs] [Times: user=0.00 sys=0.00, real=0.00 secs] 
85.146: [GC (Allocation Failure) [PSYoungGen: 44819K->10240K(77824K)] 379172K->344593K(1010176K), 0.0013478 secs] [Times: user=0.00 sys=0.00, real=0.00 secs] 
85.909: [GC (Allocation Failure) [PSYoungGen: 48915K->15360K(77824K)] 536869K->503313K(1010176K), 0.0020167 secs] [Times: user=0.00 sys=0.00, real=0.00 secs] 
86.564: [GC (Allocation Failure) [PSYoungGen: 51987K->25600K(77824K)] 539941K->513553K(1010176K), 0.0021104 secs] [Times: user=0.00 sys=0.00, real=0.00 secs] 
87.327: [GC (Allocation Failure) [PSYoungGen: 64270K->20480K(77824K)] 705823K->682513K(1010176K), 0.0031742 secs] [Times: user=0.00 sys=0.00, real=0.00 secs] 
87.981: [GC (Allocation Failure) [PSYoungGen: 57104K->30720K(77824K)] 719138K->692753K(1010176K), 0.0024326 secs] [Times: user=0.00 sys=0.00, real=0.00 secs] 
88.964: [GC (Allocation Failure) [PSYoungGen: 67340K->5120K(77824K)] 780573K->718353K(1010176K), 0.0017266 secs] [Times: user=0.00 sys=0.00, real=0.00 secs] 
90.056: [GC (Allocation Failure) [PSYoungGen: 43791K->6144K(77824K)] 931104K->893457K(1010176K), 0.0015840 secs] [Times: user=0.00 sys=0.00, real=0.00 secs] 
90.710: [GC (Allocation Failure) [PSYoungGen: 37648K->15360K(77824K)] 924962K->902673K(1010176K), 0.0021176 secs] [Times: user=0.02 sys=0.00, real=0.00 secs] 
91.037: [Full GC (Ergonomics) [PSYoungGen: 36619K->0K(77824K)] [ParOldGen: 907793K->133649K(932352K)] 944412K->133649K(1010176K), [Metaspace: 2796K->2796K(1056768K)], 0.0104811 secs] [Times: user=0.01 sys=0.00, real=0.01 secs] 
92.908: [GC (Allocation Failure) [PSYoungGen: 35598K->2048K(77824K)] 322848K->289297K(1010176K), 0.0009055 secs] [Times: user=0.00 sys=0.00, real=0.00 secs] 
93.561: [GC (Allocation Failure) [PSYoungGen: 33552K->6144K(77824K)] 320802K->293393K(1010176K), 0.0008694 secs] [Times: user=0.00 sys=0.00, real=0.00 secs] 
94.654: [GC (Allocation Failure) [PSYoungGen: 44811K->21504K(77824K)] 506140K->482833K(1010176K), 0.0017953 secs] [Times: user=0.00 sys=0.00, real=0.00 secs] 
95.745: [GC (Allocation Failure) [PSYoungGen: 60174K->27648K(77824K)] 695584K->663057K(1010176K), 0.0021549 secs] [Times: user=0.00 sys=0.00, real=0.00 secs] 
97.490: [GC (Allocation Failure) [PSYoungGen: 66320K->10240K(77824K)] 875810K->819729K(1010176K), 0.0012972 secs] [Times: user=0.00 sys=0.00, real=0.00 secs] 
98.254: [GC (Allocation Failure) [PSYoungGen: 46866K->5120K(77824K)] 928035K->886289K(1010176K), 0.0013834 secs] [Times: user=0.00 sys=0.00, real=0.00 secs] 
98.256: [GC (Allocation Failure) [PSYoungGen: 5120K->5120K(77824K)] 886289K->886289K(1010176K), 0.0014184 secs] [Times: user=0.00 sys=0.00, real=0.00 secs] 
98.257: [Full GC (Allocation Failure) [PSYoungGen: 5120K->0K(77824K)] [ParOldGen: 881169K->77329K(932352K)] 886289K->77329K(1010176K), [Metaspace: 2796K->2796K(1056768K)], 0.0072743 secs] [Times: user=0.00 sys=0.00, real=0.01 secs] 
99.252: [GC (Allocation Failure) [PSYoungGen: 33554K->10240K(77824K)] 213284K->189969K(1010176K), 0.0011479 secs] [Times: user=0.00 sys=0.00, real=0.00 secs] 
100.669: [GC (Allocation Failure) [PSYoungGen: 46867K->10240K(77824K)] 400676K->364049K(1010176K), 0.0011779 secs] [Times: user=0.00 sys=0.00, real=0.00 secs] 
101.761: [GC (Allocation Failure) [PSYoungGen: 48915K->11264K(77824K)] 576805K->539153K(1010176K), 0.0012048 secs] [Times: user=0.00 sys=0.00, real=0.00 secs] 
102.856: [GC (Allocation Failure) [PSYoungGen: 49940K->12288K(77824K)] 751909K->714257K(1010176K), 0.0012194 secs] [Times: user=0.00 sys=0.00, real=0.00 secs] 
103.510: [GC (Allocation Failure) [PSYoungGen: 43796K->17408K(77824K)] 745765K->719377K(1010176K), 0.0017634 secs] [Times: user=0.00 sys=0.00, real=0.00 secs] 
104.823: [GC (Allocation Failure) [PSYoungGen: 55053K->10240K(77824K)] 757023K->712209K(1010176K), 0.0012565 secs] [Times: user=0.00 sys=0.00, real=0.00 secs] 
105.916: [GC (Allocation Failure) [PSYoungGen: 48906K->25600K(77824K)] 924955K->901649K(1010176K), 0.0023408 secs] [Times: user=0.00 sys=0.00, real=0.00 secs] 
106.462: [GC (Allocation Failure) [PSYoungGen: 57101K->30720K(77824K)] 933151K->906769K(1010176K), 0.0026992 secs] [Times: user=0.00 sys=0.00, real=0.00 secs] 
106.791: [Full GC (Ergonomics) [PSYoungGen: 62217K->0K(77824K)] [ParOldGen: 927249K->92689K(932352K)] 989466K->92689K(1010176K), [Metaspace: 2796K->2796K(1056768K)], 0.0081579 secs] [Times: user=0.00 sys=0.00, real=0.01 secs] 
108.332: [GC (Allocation Failure) [PSYoungGen: 38669K->0K(77824K)] 387358K->348689K(1010176K), 0.0008527 secs] [Times: user=0.00 sys=0.00, real=0.00 secs] 
109.208: [GC (Allocation Failure) [PSYoungGen: 33551K->10240K(77824K)] 382241K->358929K(1010176K), 0.0011849 secs] [Times: user=0.00 sys=0.00, real=0.00 secs] 
110.299: [GC (Allocation Failure) [PSYoungGen: 48907K->10240K(77824K)] 571676K->533009K(1010176K), 0.0012093 secs] [Times: user=0.00 sys=0.00, real=0.00 secs] 
111.827: [GC (Allocation Failure) [PSYoungGen: 47886K->1024K(77824K)] 744735K->697873K(1010176K), 0.0014965 secs] [Times: user=0.00 sys=0.00, real=0.00 secs] 
112.918: [GC (Allocation Failure) [PSYoungGen: 39696K->11264K(77824K)] 910626K->882193K(1010176K), 0.0014478 secs] [Times: user=0.00 sys=0.00, real=0.00 secs] 
113.574: [GC (Allocation Failure) [PSYoungGen: 47890K->26624K(77824K)] 918819K->897553K(1010176K), 0.0022120 secs] [Times: user=0.00 sys=0.00, real=0.00 secs] 
113.902: [Full GC (Ergonomics) [PSYoungGen: 58124K->0K(77824K)] [ParOldGen: 922129K->68113K(932352K)] 980254K->68113K(1010176K), [Metaspace: 2796K->2796K(1056768K)], 0.0071182 secs] [Times: user=0.00 sys=0.00, real=0.01 secs] 
114.898: [GC (Allocation Failure) [PSYoungGen: 33551K->10240K(77824K)] 204065K->180753K(1010176K), 0.0010089 secs] [Times: user=0.00 sys=0.00, real=0.00 secs] 
115.989: [GC (Allocation Failure) [PSYoungGen: 46865K->10240K(77824K)] 217378K->180753K(1010176K), 0.0011236 secs] [Times: user=0.00 sys=0.00, real=0.00 secs] 
117.084: [GC (Allocation Failure) [PSYoungGen: 48908K->6144K(77824K)] 393502K->350737K(1010176K), 0.0008579 secs] [Times: user=0.00 sys=0.00, real=0.00 secs] 
117.737: [GC (Allocation Failure) [PSYoungGen: 37647K->15360K(77824K)] 382240K->359953K(1010176K), 0.0013519 secs] [Times: user=0.00 sys=0.00, real=0.00 secs] 
118.827: [GC (Allocation Failure) [PSYoungGen: 54026K->15360K(77824K)] 572699K->534033K(1010176K), 0.0014595 secs] [Times: user=0.00 sys=0.00, real=0.00 secs] 
120.572: [GC (Allocation Failure) [PSYoungGen: 54030K->10240K(77824K)] 726303K->682513K(1010176K), 0.0012666 secs] [Times: user=0.00 sys=0.00, real=0.00 secs] 
121.662: [GC (Allocation Failure) [PSYoungGen: 48912K->11264K(77824K)] 895265K->857617K(1010176K), 0.0017975 secs] [Times: user=0.00 sys=0.00, real=0.00 secs] 
122.426: [Full GC (Ergonomics) [PSYoungGen: 47889K->0K(77824K)] [ParOldGen: 918033K->165393K(932352K)] 965923K->165393K(1010176K), [Metaspace: 2796K->2796K(1056768K)], 0.0124518 secs] [Times: user=0.00 sys=0.00, real=0.01 secs] 
124.293: [GC (Allocation Failure) [PSYoungGen: 35602K->20480K(77824K)] 477476K->462353K(1010176K), 0.0018383 secs] [Times: user=0.00 sys=0.00, real=0.00 secs] 
124.949: [GC (Allocation Failure) [PSYoungGen: 57107K->25600K(77824K)] 498980K->467473K(1010176K), 0.0020587 secs] [Times: user=0.00 sys=0.00, real=0.00 secs] 
125.711: [GC (Allocation Failure) [PSYoungGen: 64269K->30720K(77824K)] 659743K->626193K(1010176K), 0.0024730 secs] [Times: user=0.00 sys=0.00, real=0.00 secs] 
126.364: [GC (Allocation Failure) [PSYoungGen: 67344K->35840K(77824K)] 662817K->636433K(1010176K), 0.0029227 secs] [Times: user=0.00 sys=0.00, real=0.00 secs] 
127.237: [GC (Allocation Failure) [PSYoungGen: 72459K->5120K(77824K)] 673053K->605713K(1010176K), 0.0014523 secs] [Times: user=0.00 sys=0.00, real=0.00 secs] 
127.782: [GC (Allocation Failure) [PSYoungGen: 36617K->15360K(77824K)] 637210K->615953K(1010176K), 0.0019158 secs] [Times: user=0.00 sys=0.00, real=0.00 secs] 
128.544: [GC (Allocation Failure) [PSYoungGen: 54022K->10240K(77824K)] 808215K->764433K(1010176K), 0.0014425 secs] [Times: user=0.00 sys=0.00, real=0.00 secs] 
129.199: [GC (Allocation Failure) [PSYoungGen: 46859K->20480K(77824K)] 801052K->774673K(1010176K), 0.0019949 secs] [Times: user=0.00 sys=0.00, real=0.00 secs] 
129.961: [GC (Allocation Failure) [PSYoungGen: 59144K->15360K(77824K)] 966938K->923153K(1010176K), 0.0018259 secs] [Times: user=0.00 sys=0.00, real=0.00 secs] 
130.942: [GC (Allocation Failure) [PSYoungGen: 36620K->5120K(77824K)] 944414K->912913K(1010176K), 0.0016748 secs] [Times: user=0.00 sys=0.00, real=0.00 secs] 
130.944: [GC (Allocation Failure) [PSYoungGen: 5120K->5120K(77824K)] 912913K->912913K(1010176K), 0.0010824 secs] [Times: user=0.00 sys=0.00, real=0.00 secs] 
130.945: [Full GC (Allocation Failure) [PSYoungGen: 5120K->0K(77824K)] [ParOldGen: 907793K->6144K(932352K)] 912913K->6144K(1010176K), [Metaspace: 2796K->2796K(1056768K)], 0.0029010 secs] [Times: user=0.00 sys=0.00, real=0.00 secs] 
131.941: [GC (Allocation Failure) [PSYoungGen: 33541K->11264K(77824K)] 142085K->119808K(1010176K), 0.0010327 secs] [Times: user=0.00 sys=0.00, real=0.00 secs] 
133.031: [GC (Allocation Failure) [PSYoungGen: 49930K->12288K(77824K)] 332554K->294912K(1010176K), 0.0014736 secs] [Times: user=0.00 sys=0.00, real=0.00 secs] 
134.122: [GC (Allocation Failure) [PSYoungGen: 50958K->18432K(77824K)] 507662K->475136K(1010176K), 0.0018932 secs] [Times: user=0.00 sys=0.00, real=0.00 secs] 
135.758: [GC (Allocation Failure) [PSYoungGen: 57104K->20480K(77824K)] 687888K->651264K(1010176K), 0.0024169 secs] [Times: user=0.02 sys=0.00, real=0.00 secs] 
136.303: [GC (Allocation Failure) [PSYoungGen: 51985K->25600K(77824K)] 682770K->656384K(1010176K), 0.0024276 secs] [Times: user=0.00 sys=0.00, real=0.00 secs] 
137.068: [GC (Allocation Failure) [PSYoungGen: 64268K->20480K(77824K)] 848652K->825344K(1010176K), 0.0038260 secs] [Times: user=0.00 sys=0.00, real=0.00 secs] 
137.722: [GC (Allocation Failure) [PSYoungGen: 57103K->30720K(77824K)] 861967K->835584K(1010176K), 0.0029106 secs] [Times: user=0.00 sys=0.00, real=0.00 secs] 
138.703: [GC (Allocation Failure) [PSYoungGen: 67339K->5120K(77824K)] 923403K->861184K(1010176K), 0.0020627 secs] [Times: user=0.00 sys=0.00, real=0.00 secs] 
139.468: [Full GC (Ergonomics) [PSYoungGen: 41742K->0K(77824K)] [ParOldGen: 927744K->56849K(932352K)] 969486K->56849K(1010176K), [Metaspace: 2796K->2796K(1056768K)], 0.0061327 secs] [Times: user=0.00 sys=0.00, real=0.01 secs] 
140.452: [GC (Allocation Failure) [PSYoungGen: 33552K->10240K(77824K)] 192801K->169489K(1010176K), 0.0009742 secs] [Times: user=0.00 sys=0.00, real=0.00 secs] 
141.542: [GC (Allocation Failure) [PSYoungGen: 48914K->11264K(77824K)] 382243K->344593K(1010176K), 0.0011050 secs] [Times: user=0.00 sys=0.00, real=0.00 secs] 
143.072: [GC (Allocation Failure) [PSYoungGen: 49938K->6144K(77824K)] 383268K->339473K(1010176K), 0.0008889 secs] [Times: user=0.00 sys=0.00, real=0.00 secs] 
144.163: [GC (Allocation Failure) [PSYoungGen: 44813K->21504K(77824K)] 552223K->528913K(1010176K), 0.0020904 secs] [Times: user=0.02 sys=0.00, real=0.00 secs] 
144.816: [GC (Allocation Failure) [PSYoungGen: 58128K->26624K(77824K)] 565537K->534033K(1010176K), 0.0020033 secs] [Times: user=0.00 sys=0.00, real=0.00 secs] 
145.579: [GC (Allocation Failure) [PSYoungGen: 65291K->31744K(77824K)] 726301K->692753K(1010176K), 0.0023918 secs] [Times: user=0.00 sys=0.00, real=0.00 secs] 
146.896: [GC (Allocation Failure) [PSYoungGen: 70414K->21504K(77824K)] 885024K->836113K(1010176K), 0.0027670 secs] [Times: user=0.00 sys=0.00, real=0.00 secs] 
147.546: [GC (Allocation Failure) [PSYoungGen: 53008K->30720K(77824K)] 867618K->845329K(1010176K), 0.0026044 secs] [Times: user=0.00 sys=0.00, real=0.00 secs] 
147.984: [GC (Allocation Failure) [PSYoungGen: 51979K->25600K(77824K)] 938268K->911889K(1010176K), 0.0026221 secs] [Times: user=0.00 sys=0.00, real=0.00 secs] 
147.987: [GC (Allocation Failure) [PSYoungGen: 25600K->25600K(77824K)] 911889K->911889K(1010176K), 0.0024607 secs] [Times: user=0.00 sys=0.00, real=0.00 secs] 
147.989: [Full GC (Allocation Failure) [PSYoungGen: 25600K->0K(77824K)] [ParOldGen: 886289K->77329K(932352K)] 911889K->77329K(1010176K), [Metaspace: 2796K->2796K(1056768K)], 0.0072190 secs] [Times: user=0.00 sys=0.00, real=0.01 secs] 
148.981: [GC (Allocation Failure) [PSYoungGen: 33550K->10240K(77824K)] 213279K->189969K(1010176K), 0.0009397 secs] [Times: user=0.00 sys=0.00, real=0.00 secs] 
150.399: [GC (Allocation Failure) [PSYoungGen: 46864K->10240K(77824K)] 400674K->364049K(1010176K), 0.0012959 secs] [Times: user=0.02 sys=0.00, real=0.00 secs] 
151.493: [GC (Allocation Failure) [PSYoungGen: 48914K->11264K(77824K)] 576803K->539153K(1010176K), 0.0011812 secs] [Times: user=0.00 sys=0.00, real=0.00 secs] 
152.589: [GC (Allocation Failure) [PSYoungGen: 49938K->12288K(77824K)] 751908K->714257K(1010176K), 0.0013660 secs] [Times: user=0.00 sys=0.00, real=0.00 secs] 
153.241: [GC (Allocation Failure) [PSYoungGen: 43795K->17408K(77824K)] 745765K->719377K(1010176K), 0.0015109 secs] [Times: user=0.00 sys=0.00, real=0.00 secs] 
154.546: [GC (Allocation Failure) [PSYoungGen: 55053K->10240K(77824K)] 757022K->712209K(1010176K), 0.0014355 secs] [Times: user=0.00 sys=0.00, real=0.00 secs] 
155.642: [GC (Allocation Failure) [PSYoungGen: 48906K->25600K(77824K)] 924955K->901649K(1010176K), 0.0020584 secs] [Times: user=0.00 sys=0.00, real=0.00 secs] 
156.187: [GC (Allocation Failure) [PSYoungGen: 57101K->30720K(77824K)] 933151K->906769K(1010176K), 0.0024180 secs] [Times: user=0.00 sys=0.00, real=0.00 secs] 
156.512: [Full GC (Ergonomics) [PSYoungGen: 62217K->0K(77824K)] [ParOldGen: 927249K->92689K(932352K)] 989466K->92689K(1010176K), [Metaspace: 2796K->2796K(1056768K)], 0.0086808 secs] [Times: user=0.00 sys=0.00, real=0.01 secs] 
158.054: [GC (Allocation Failure) [PSYoungGen: 38669K->0K(77824K)] 387358K->348689K(1010176K), 0.0010068 secs] [Times: user=0.00 sys=0.00, real=0.00 secs] 
158.925: [GC (Allocation Failure) [PSYoungGen: 33551K->10240K(77824K)] 382241K->358929K(1010176K), 0.0012831 secs] [Times: user=0.00 sys=0.00, real=0.00 secs] 
160.016: [GC (Allocation Failure) [PSYoungGen: 48907K->10240K(77824K)] 571676K->533009K(1010176K), 0.0012808 secs] [Times: user=0.00 sys=0.00, real=0.00 secs] 
161.547: [GC (Allocation Failure) [PSYoungGen: 47886K->1024K(77824K)] 744735K->697873K(1010176K), 0.0011800 secs] [Times: user=0.00 sys=0.00, real=0.00 secs] 
162.637: [GC (Allocation Failure) [PSYoungGen: 39696K->11264K(77824K)] 910626K->882193K(1010176K), 0.0017085 secs] [Times: user=0.00 sys=0.00, real=0.00 secs] 
163.291: [GC (Allocation Failure) [PSYoungGen: 47890K->26624K(77824K)] 918819K->897553K(1010176K), 0.0021172 secs] [Times: user=0.00 sys=0.00, real=0.00 secs] 
163.619: [Full GC (Ergonomics) [PSYoungGen: 58124K->0K(77824K)] [ParOldGen: 922129K->68113K(932352K)] 980254K->68113K(1010176K), [Metaspace: 2796K->2796K(1056768K)], 0.0070712 secs] [Times: user=0.00 sys=0.00, real=0.01 secs] 
164.617: [GC (Allocation Failure) [PSYoungGen: 33551K->10240K(77824K)] 204065K->180753K(1010176K), 0.0009206 secs] [Times: user=0.00 sys=0.00, real=0.00 secs] 
165.708: [GC (Allocation Failure) [PSYoungGen: 46865K->10240K(77824K)] 217378K->180753K(1010176K), 0.0009789 secs] [Times: user=0.00 sys=0.00, real=0.00 secs] 
166.802: [GC (Allocation Failure) [PSYoungGen: 48908K->6144K(77824K)] 393502K->350737K(1010176K), 0.0009272 secs] [Times: user=0.00 sys=0.00, real=0.00 secs] 
167.458: [GC (Allocation Failure) [PSYoungGen: 37647K->15360K(77824K)] 382240K->359953K(1010176K), 0.0016018 secs] [Times: user=0.00 sys=0.00, real=0.00 secs] 
168.547: [GC (Allocation Failure) [PSYoungGen: 54026K->15360K(77824K)] 572699K->534033K(1010176K), 0.0013375 secs] [Times: user=0.00 sys=0.00, real=0.00 secs] 
170.291: [GC (Allocation Failure) [PSYoungGen: 54030K->10240K(77824K)] 726303K->682513K(1010176K), 0.0013777 secs] [Times: user=0.00 sys=0.00, real=0.00 secs] 
171.381: [GC (Allocation Failure) [PSYoungGen: 48912K->11264K(77824K)] 895265K->857617K(1010176K), 0.0018017 secs] [Times: user=0.00 sys=0.00, real=0.00 secs] 
172.145: [Full GC (Ergonomics) [PSYoungGen: 47889K->0K(77824K)] [ParOldGen: 918033K->165393K(932352K)] 965923K->165393K(1010176K), [Metaspace: 2796K->2796K(1056768K)], 0.0131340 secs] [Times: user=0.02 sys=0.00, real=0.01 secs] 
174.019: [GC (Allocation Failure) [PSYoungGen: 35602K->20480K(77824K)] 477476K->462353K(1010176K), 0.0017132 secs] [Times: user=0.00 sys=0.00, real=0.00 secs] 
174.672: [GC (Allocation Failure) [PSYoungGen: 57107K->25600K(77824K)] 498980K->467473K(1010176K), 0.0019368 secs] [Times: user=0.00 sys=0.00, real=0.00 secs] 
175.440: [GC (Allocation Failure) [PSYoungGen: 64269K->30720K(77824K)] 659743K->626193K(1010176K), 0.0024182 secs] [Times: user=0.00 sys=0.00, real=0.00 secs] 
176.094: [GC (Allocation Failure) [PSYoungGen: 67344K->35840K(77824K)] 662817K->636433K(1010176K), 0.0029979 secs] [Times: user=0.00 sys=0.00, real=0.00 secs] 
176.967: [GC (Allocation Failure) [PSYoungGen: 72459K->5120K(77824K)] 673053K->605713K(1010176K), 0.0010750 secs] [Times: user=0.00 sys=0.00, real=0.00 secs] 
177.512: [GC (Allocation Failure) [PSYoungGen: 36617K->15360K(77824K)] 637210K->615953K(1010176K), 0.0017983 secs] [Times: user=0.00 sys=0.00, real=0.00 secs] 
178.276: [GC (Allocation Failure) [PSYoungGen: 54022K->10240K(77824K)] 808215K->764433K(1010176K), 0.0012392 secs] [Times: user=0.00 sys=0.00, real=0.00 secs] 
178.929: [GC (Allocation Failure) [PSYoungGen: 46859K->20480K(77824K)] 801052K->774673K(1010176K), 0.0019019 secs] [Times: user=0.00 sys=0.00, real=0.00 secs] 
179.696: [GC (Allocation Failure) [PSYoungGen: 59144K->15360K(77824K)] 966938K->923153K(1010176K), 0.0017184 secs] [Times: user=0.00 sys=0.00, real=0.00 secs] 
180.674: [GC (Allocation Failure) [PSYoungGen: 36620K->5120K(77824K)] 944414K->912913K(1010176K), 0.0017313 secs] [Times: user=0.00 sys=0.00, real=0.00 secs] 
180.675: [GC (Allocation Failure) [PSYoungGen: 5120K->5120K(77824K)] 912913K->912913K(1010176K), 0.0011562 secs] [Times: user=0.00 sys=0.00, real=0.00 secs] 
180.677: [Full GC (Allocation Failure) [PSYoungGen: 5120K->0K(77824K)] [ParOldGen: 907793K->6144K(932352K)] 912913K->6144K(1010176K), [Metaspace: 2796K->2796K(1056768K)], 0.0029820 secs] [Times: user=0.00 sys=0.00, real=0.00 secs] 
181.670: [GC (Allocation Failure) [PSYoungGen: 33541K->11264K(77824K)] 142085K->119808K(1010176K), 0.0012724 secs] [Times: user=0.00 sys=0.00, real=0.00 secs] 
182.763: [GC (Allocation Failure) [PSYoungGen: 49930K->12288K(77824K)] 332554K->294912K(1010176K), 0.0014716 secs] [Times: user=0.00 sys=0.00, real=0.00 secs] 
183.856: [GC (Allocation Failure) [PSYoungGen: 50958K->18432K(77824K)] 507662K->475136K(1010176K), 0.0019837 secs] [Times: user=0.00 sys=0.00, real=0.00 secs] 
185.493: [GC (Allocation Failure) [PSYoungGen: 57104K->20480K(77824K)] 687888K->651264K(1010176K), 0.0022304 secs] [Times: user=0.00 sys=0.00, real=0.00 secs] 
186.042: [GC (Allocation Failure) [PSYoungGen: 51985K->25600K(77824K)] 682770K->656384K(1010176K), 0.0024415 secs] [Times: user=0.00 sys=0.00, real=0.00 secs] 
186.802: [GC (Allocation Failure) [PSYoungGen: 64268K->35840K(77824K)] 848652K->825344K(1010176K), 0.0046529 secs] [Times: user=0.00 sys=0.00, real=0.00 secs] 
187.460: [GC (Allocation Failure) [PSYoungGen: 72463K->25600K(77824K)] 861967K->835584K(1010176K), 0.0038464 secs] [Times: user=0.00 sys=0.00, real=0.00 secs] 
188.446: [GC (Allocation Failure) [PSYoungGen: 62219K->5120K(77824K)] 923403K->866304K(1010176K), 0.0018980 secs] [Times: user=0.00 sys=0.00, real=0.00 secs] 
189.104: [GC (Allocation Failure) [PSYoungGen: 41742K->5120K(77824K)] 923406K->886784K(1010176K), 0.0029829 secs] [Times: user=0.00 sys=0.00, real=0.00 secs] 
189.107: [GC (Allocation Failure) [PSYoungGen: 5120K->5120K(77824K)] 886784K->886784K(1010176K), 0.0019883 secs] [Times: user=0.00 sys=0.00, real=0.00 secs] 
189.109: [Full GC (Allocation Failure) [PSYoungGen: 5120K->0K(77824K)] [ParOldGen: 881664K->26129K(932352K)] 886784K->26129K(1010176K), [Metaspace: 2796K->2796K(1056768K)], 0.0041911 secs] [Times: user=0.00 sys=0.00, real=0.00 secs] 
190.210: [GC (Allocation Failure) [PSYoungGen: 33552K->10240K(77824K)] 213281K->189969K(1010176K), 0.0010750 secs] [Times: user=0.00 sys=0.00, real=0.00 secs] 
191.300: [GC (Allocation Failure) [PSYoungGen: 48914K->11296K(77824K)] 402723K->365105K(1010176K), 0.0011760 secs] [Times: user=0.00 sys=0.00, real=0.00 secs] 
192.830: [GC (Allocation Failure) [PSYoungGen: 49970K->6176K(77824K)] 403780K->359985K(1010176K), 0.0009810 secs] [Times: user=0.00 sys=0.00, real=0.00 secs] 
193.920: [GC (Allocation Failure) [PSYoungGen: 44845K->21536K(77824K)] 572735K->549425K(1010176K), 0.0019947 secs] [Times: user=0.00 sys=0.00, real=0.00 secs] 
194.572: [GC (Allocation Failure) [PSYoungGen: 58160K->26656K(77824K)] 586049K->554545K(1010176K), 0.0022530 secs] [Times: user=0.00 sys=0.00, real=0.00 secs] 
195.330: [GC (Allocation Failure) [PSYoungGen: 65323K->31840K(77824K)] 746813K->713329K(1010176K), 0.0025720 secs] [Times: user=0.00 sys=0.00, real=0.00 secs] 
196.640: [GC (Allocation Failure) [PSYoungGen: 70510K->21536K(77824K)] 905600K->856625K(1010176K), 0.0022989 secs] [Times: user=0.00 sys=0.00, real=0.00 secs] 
197.297: [GC (Allocation Failure) [PSYoungGen: 53040K->30752K(77824K)] 888130K->865841K(1010176K), 0.0027917 secs] [Times: user=0.00 sys=0.00, real=0.00 secs] 
197.735: [GC (Allocation Failure) [PSYoungGen: 52011K->25632K(77824K)] 958780K->932401K(1010176K), 0.0024604 secs] [Times: user=0.00 sys=0.00, real=0.00 secs] 
197.738: [GC (Allocation Failure) [PSYoungGen: 25632K->25664K(77824K)] 932401K->932433K(1010176K), 0.0024507 secs] [Times: user=0.00 sys=0.00, real=0.00 secs] 
197.740: [Full GC (Allocation Failure) [PSYoungGen: 25664K->0K(77824K)] [ParOldGen: 906769K->77329K(932352K)] 932433K->77329K(1010176K), [Metaspace: 2796K->2796K(1056768K)], 0.0071601 secs] [Times: user=0.00 sys=0.00, real=0.01 secs] 
198.732: [GC (Allocation Failure) [PSYoungGen: 33550K->10240K(77824K)] 213280K->189969K(1010176K), 0.0010407 secs] [Times: user=0.00 sys=0.00, real=0.00 secs] 
200.153: [GC (Allocation Failure) [PSYoungGen: 46864K->10240K(77824K)] 400674K->364049K(1010176K), 0.0010550 secs] [Times: user=0.00 sys=0.00, real=0.00 secs] 
201.243: [GC (Allocation Failure) [PSYoungGen: 48914K->11264K(77824K)] 576803K->539153K(1010176K), 0.0012841 secs] [Times: user=0.00 sys=0.00, real=0.00 secs] 
202.338: [GC (Allocation Failure) [PSYoungGen: 49938K->12288K(77824K)] 751908K->714257K(1010176K), 0.0013430 secs] [Times: user=0.00 sys=0.00, real=0.00 secs] 
202.992: [GC (Allocation Failure) [PSYoungGen: 43795K->17408K(77824K)] 745765K->719378K(1010176K), 0.0016413 secs] [Times: user=0.00 sys=0.00, real=0.00 secs] 
204.301: [GC (Allocation Failure) [PSYoungGen: 55053K->10240K(77824K)] 757023K->712209K(1010176K), 0.0013173 secs] [Times: user=0.00 sys=0.00, real=0.00 secs] 
205.390: [GC (Allocation Failure) [PSYoungGen: 48906K->25600K(77824K)] 924955K->901650K(1010176K), 0.0022139 secs] [Times: user=0.00 sys=0.00, real=0.00 secs] 
205.939: [GC (Allocation Failure) [PSYoungGen: 57101K->30720K(77824K)] 933151K->906770K(1010176K), 0.0024671 secs] [Times: user=0.00 sys=0.00, real=0.00 secs] 
206.265: [Full GC (Ergonomics) [PSYoungGen: 62217K->0K(77824K)] [ParOldGen: 927249K->92689K(932352K)] 989467K->92689K(1010176K), [Metaspace: 2796K->2796K(1056768K)], 0.0084624 secs] [Times: user=0.00 sys=0.00, real=0.01 secs] 
207.806: [GC (Allocation Failure) [PSYoungGen: 38669K->0K(77824K)] 387359K->348689K(1010176K), 0.0007231 secs] [Times: user=0.00 sys=0.00, real=0.00 secs] 
208.679: [GC (Allocation Failure) [PSYoungGen: 33551K->10240K(77824K)] 382241K->358929K(1010176K), 0.0010759 secs] [Times: user=0.00 sys=0.00, real=0.00 secs] 
209.772: [GC (Allocation Failure) [PSYoungGen: 48907K->10240K(77824K)] 571677K->533009K(1010176K), 0.0012597 secs] [Times: user=0.00 sys=0.00, real=0.00 secs] 
211.306: [GC (Allocation Failure) [PSYoungGen: 47886K->1024K(77824K)] 744736K->697873K(1010176K), 0.0010154 secs] [Times: user=0.00 sys=0.00, real=0.00 secs] 
212.396: [GC (Allocation Failure) [PSYoungGen: 39696K->11264K(77824K)] 910626K->882194K(1010176K), 0.0015229 secs] [Times: user=0.00 sys=0.00, real=0.00 secs] 
213.049: [GC (Allocation Failure) [PSYoungGen: 47890K->26624K(77824K)] 918819K->897554K(1010176K), 0.0022674 secs] [Times: user=0.00 sys=0.00, real=0.00 secs] 
213.376: [Full GC (Ergonomics) [PSYoungGen: 58124K->0K(77824K)] [ParOldGen: 922130K->68113K(932352K)] 980254K->68113K(1010176K), [Metaspace: 2796K->2796K(1056768K)], 0.0071473 secs] [Times: user=0.00 sys=0.00, real=0.01 secs] 
214.375: [GC (Allocation Failure) [PSYoungGen: 33551K->10240K(77824K)] 204065K->180753K(1010176K), 0.0009677 secs] [Times: user=0.00 sys=0.00, real=0.00 secs] 
215.466: [GC (Allocation Failure) [PSYoungGen: 46865K->10240K(77824K)] 217379K->180753K(1010176K), 0.0010493 secs] [Times: user=0.00 sys=0.00, real=0.00 secs] 
216.556: [GC (Allocation Failure) [PSYoungGen: 48908K->6144K(77824K)] 393502K->350737K(1010176K), 0.0011173 secs] [Times: user=0.00 sys=0.00, real=0.00 secs] 
217.211: [GC (Allocation Failure) [PSYoungGen: 37647K->15360K(77824K)] 382241K->359953K(1010176K), 0.0015132 secs] [Times: user=0.00 sys=0.00, real=0.00 secs] 
218.306: [GC (Allocation Failure) [PSYoungGen: 54026K->15360K(77824K)] 572700K->534033K(1010176K), 0.0013174 secs] [Times: user=0.00 sys=0.00, real=0.00 secs] 
Heap
 PSYoungGen      total 77824K, used 22050K [0x00000000f8e80000, 0x0000000100000000, 0x0000000100000000)
  eden space 39424K, 16% used [0x00000000f8e80000,0x00000000f9508ad8,0x00000000fb500000)
  from space 38400K, 40% used [0x00000000fda80000,0x00000000fe980030,0x0000000100000000)
  to   space 38400K, 0% used [0x00000000fb500000,0x00000000fb500000,0x00000000fda80000)
 ParOldGen       total 932352K, used 518673K [0x00000000c0000000, 0x00000000f8e80000, 0x00000000f8e80000)
  object space 932352K, 55% used [0x00000000c0000000,0x00000000dfa84790,0x00000000f8e80000)
 Metaspace       used 2804K, capacity 4486K, committed 4864K, reserved 1056768K
  class space    used 297K, capacity 386K, committed 512K, reserved 1048576K
