Java HotSpot(TM) 64-Bit Server VM (25.411-b09) for windows-amd64 JRE (1.8.0_411-b09), built on Mar 13 2024 07:26:13 by "java_re" with MS VC++ 17.1 (VS2022)
Memory: 4k page, physical 33403376k(14570408k free), swap 36815128k(6670236k free)
CommandLine flags: -XX:InitialHeapSize=536870912 -XX:MaxHeapSize=536870912 -XX:NewRatio=3 -XX:ParallelGCThreads=6 -XX:+PrintGC -XX:+PrintGCDetails -XX:+PrintGCTimeStamps -XX:+UseCompressedClassPointers -XX:+UseCompressedOops -XX:-UseLargePagesIndividualAllocation -XX:+UseParallelGC 
2.100: [GC (Allocation Failure) [PSYoungGen: 94044K->11944K(114688K)] 247644K->165552K(507904K), 0.0037416 secs] [Times: user=0.00 sys=0.03, real=0.00 secs] 
3.896: [GC (Allocation Failure) [PSYoungGen: 101974K->12952K(114688K)] 409182K->325280K(507904K), 0.0037590 secs] [Times: user=0.02 sys=0.00, real=0.00 secs] 
5.768: [GC (Allocation Failure) [PSYoungGen: 96838K->16024K(114688K)] 460366K->379552K(507904K), 0.0023661 secs] [Times: user=0.00 sys=0.00, real=0.00 secs] 
5.771: [GC (Allocation Failure) [PSYoungGen: 16024K->15928K(114688K)] 379552K->379456K(507904K), 0.0019033 secs] [Times: user=0.00 sys=0.00, real=0.00 secs] 
5.772: [Full GC (Allocation Failure) [PSYoungGen: 15928K->0K(114688K)] [ParOldGen: 363528K->67088K(393216K)] 379456K->67088K(507904K), [Metaspace: 2753K->2753K(1056768K)], 0.0105897 secs] [Times: user=0.00 sys=0.00, real=0.01 secs] 
8.401: [GC (Allocation Failure) [PSYoungGen: 93061K->5152K(103936K)] 416150K->328248K(497152K), 0.0016019 secs] [Times: user=0.01 sys=0.00, real=0.00 secs] 
8.620: [GC (Allocation Failure) --[PSYoungGen: 78798K->78798K(103936K)] 401895K->453095K(497152K), 0.0077667 secs] [Times: user=0.00 sys=0.00, real=0.01 secs] 
8.628: [Full GC (Ergonomics) [PSYoungGen: 78798K->0K(103936K)] [ParOldGen: 374296K->51728K(393216K)] 453095K->51728K(497152K), [Metaspace: 2759K->2759K(1056768K)], 0.0201879 secs] [Times: user=0.05 sys=0.00, real=0.02 secs] 
10.841: [GC (Allocation Failure) [PSYoungGen: 97189K->10240K(112128K)] 404918K->317968K(505344K), 0.0012915 secs] [Times: user=0.00 sys=0.00, real=0.00 secs] 
11.498: [GC (Allocation Failure) [PSYoungGen: 63278K->10240K(111104K)] 422207K->369168K(504320K), 0.0011897 secs] [Times: user=0.02 sys=0.00, real=0.00 secs] 
11.499: [GC (Allocation Failure) [PSYoungGen: 10240K->10240K(113152K)] 369168K->369168K(506368K), 0.0009851 secs] [Times: user=0.00 sys=0.00, real=0.00 secs] 
11.500: [Full GC (Allocation Failure) [PSYoungGen: 10240K->0K(113152K)] [ParOldGen: 358928K->215568K(393216K)] 369168K->215568K(506368K), [Metaspace: 2761K->2761K(1056768K)], 0.0133368 secs] [Times: user=0.02 sys=0.00, real=0.01 secs] 
12.932: [GC (Allocation Failure) [PSYoungGen: 53706K->5152K(112640K)] 422875K->374328K(505856K), 0.0008964 secs] [Times: user=0.01 sys=0.00, real=0.00 secs] 
12.933: [GC (Allocation Failure) [PSYoungGen: 5152K->5152K(111616K)] 374328K->374336K(504832K), 0.0012824 secs] [Times: user=0.00 sys=0.00, real=0.00 secs] 
12.934: [Full GC (Allocation Failure) [PSYoungGen: 5152K->0K(111616K)] [ParOldGen: 369184K->56849K(393216K)] 374336K->56849K(504832K), [Metaspace: 2763K->2763K(1056768K)], 0.0059531 secs] [Times: user=0.00 sys=0.00, real=0.01 secs] 
15.045: [GC (Allocation Failure) [PSYoungGen: 91973K->16384K(110080K)] 404822K->334353K(503296K), 0.0018761 secs] [Times: user=0.05 sys=0.00, real=0.00 secs] 
17.018: [GC (Allocation Failure) [PSYoungGen: 105286K->15360K(109568K)] 423255K->333329K(502784K), 0.0015380 secs] [Times: user=0.00 sys=0.00, real=0.00 secs] 
17.238: [GC (Allocation Failure) [PSYoungGen: 88815K->20480K(110080K)] 406784K->394769K(503296K), 0.0068332 secs] [Times: user=0.00 sys=0.00, real=0.01 secs] 
17.245: [Full GC (Ergonomics) [PSYoungGen: 20480K->0K(110080K)] [ParOldGen: 374289K->77329K(393216K)] 394769K->77329K(503296K), [Metaspace: 2773K->2773K(1056768K)], 0.0247728 secs] [Times: user=0.00 sys=0.00, real=0.02 secs] 
19.233: [GC (Allocation Failure) [PSYoungGen: 86754K->10240K(107008K)] 420083K->343569K(500224K), 0.0018474 secs] [Times: user=0.00 sys=0.00, real=0.00 secs] 
20.106: [GC (Allocation Failure) [PSYoungGen: 73388K->0K(86528K)] 406717K->384529K(479744K), 0.0079707 secs] [Times: user=0.03 sys=0.00, real=0.01 secs] 
20.115: [Full GC (Ergonomics) [PSYoungGen: 0K->0K(86528K)] [ParOldGen: 384529K->51729K(393216K)] 384529K->51729K(479744K), [Metaspace: 2775K->2775K(1056768K)], 0.0053060 secs] [Times: user=0.03 sys=0.00, real=0.01 secs] 
21.985: [GC (Allocation Failure) [PSYoungGen: 81578K->11264K(108544K)] 389307K->318993K(501760K), 0.0029725 secs] [Times: user=0.02 sys=0.00, real=0.00 secs] 
22.967: [Full GC (Ergonomics) [PSYoungGen: 79514K->0K(108544K)] [ParOldGen: 358929K->165393K(393216K)] 438444K->165393K(501760K), [Metaspace: 2782K->2782K(1056768K)], 0.0142565 secs] [Times: user=0.03 sys=0.00, real=0.01 secs] 
24.406: [GC (Allocation Failure) [PSYoungGen: 48797K->10240K(107520K)] 367791K->329233K(500736K), 0.0012449 secs] [Times: user=0.00 sys=0.00, real=0.00 secs] 
24.407: [GC (Allocation Failure) [PSYoungGen: 10240K->0K(107520K)] 329233K->329233K(500736K), 0.0011348 secs] [Times: user=0.00 sys=0.00, real=0.00 secs] 
24.408: [Full GC (Allocation Failure) [PSYoungGen: 0K->0K(107520K)] [ParOldGen: 329233K->61969K(393216K)] 329233K->61969K(500736K), [Metaspace: 2782K->2782K(1056768K)], 0.0058975 secs] [Times: user=0.02 sys=0.00, real=0.00 secs] 
26.295: [GC (Allocation Failure) [PSYoungGen: 81588K->20480K(107008K)] 399557K->338449K(500224K), 0.0017493 secs] [Times: user=0.00 sys=0.00, real=0.00 secs] 
28.046: [GC (Allocation Failure) [PSYoungGen: 104118K->10240K(107520K)] 422087K->328209K(500736K), 0.0012356 secs] [Times: user=0.00 sys=0.00, real=0.00 secs] 
28.697: [Full GC (Ergonomics) [PSYoungGen: 63455K->0K(107520K)] [ParOldGen: 369169K->56849K(393216K)] 432624K->56849K(500736K), [Metaspace: 2794K->2794K(1056768K)], 0.0062906 secs] [Times: user=0.01 sys=0.00, real=0.00 secs] 
30.572: [GC (Allocation Failure) [PSYoungGen: 81537K->10240K(107008K)] 394386K->323089K(500224K), 0.0016814 secs] [Times: user=0.00 sys=0.00, real=0.00 secs] 
31.555: [GC (Allocation Failure) [PSYoungGen: 32386K->5120K(108544K)] 345235K->317969K(501760K), 0.0009884 secs] [Times: user=0.02 sys=0.00, real=0.00 secs] 
31.556: [GC (Allocation Failure) [PSYoungGen: 5120K->0K(86528K)] 317969K->317969K(479744K), 0.0010721 secs] [Times: user=0.00 sys=0.00, real=0.00 secs] 
31.557: [Full GC (Allocation Failure) [PSYoungGen: 0K->0K(86528K)] [ParOldGen: 317969K->5649K(393216K)] 317969K->5649K(479744K), [Metaspace: 2794K->2794K(1056768K)], 0.0021632 secs] [Times: user=0.00 sys=0.00, real=0.00 secs] 
33.418: [GC (Allocation Failure) [PSYoungGen: 81589K->12288K(108544K)] 343239K->273937K(501760K), 0.0012296 secs] [Times: user=0.00 sys=0.00, real=0.00 secs] 
34.401: [GC (Allocation Failure) [PSYoungGen: 80556K->10240K(108032K)] 393405K->330257K(501248K), 0.0015501 secs] [Times: user=0.01 sys=0.00, real=0.00 secs] 
34.403: [GC (Allocation Failure) [PSYoungGen: 10240K->0K(108544K)] 330257K->330257K(501760K), 0.0011606 secs] [Times: user=0.00 sys=0.00, real=0.00 secs] 
34.404: [Full GC (Allocation Failure) [PSYoungGen: 0K->0K(108544K)] [ParOldGen: 330257K->69137K(393216K)] 330257K->69137K(501760K), [Metaspace: 2794K->2794K(1056768K)], 0.0068124 secs] [Times: user=0.00 sys=0.00, real=0.01 secs] 
36.822: [GC (Allocation Failure) [PSYoungGen: 81611K->20480K(108032K)] 406749K->345617K(501248K), 0.0018901 secs] [Times: user=0.00 sys=0.00, real=0.00 secs] 
37.261: [Full GC (Ergonomics) [PSYoungGen: 63180K->0K(108032K)] [ParOldGen: 376337K->87569K(393216K)] 439517K->87569K(501248K), [Metaspace: 2794K->2794K(1056768K)], 0.0160147 secs] [Times: user=0.06 sys=0.00, real=0.02 secs] 
39.471: [GC (Allocation Failure) [PSYoungGen: 84684K->10240K(105984K)] 325853K->251409K(499200K), 0.0008810 secs] [Times: user=0.00 sys=0.00, real=0.00 secs] 
40.131: [GC (Allocation Failure) [PSYoungGen: 63098K->0K(107008K)] 355467K->297489K(500224K), 0.0012201 secs] [Times: user=0.00 sys=0.00, real=0.00 secs] 
40.133: [GC (Allocation Failure) [PSYoungGen: 0K->0K(107008K)] 297489K->297489K(500224K), 0.0006511 secs] [Times: user=0.00 sys=0.00, real=0.00 secs] 
40.133: [Full GC (Allocation Failure) [PSYoungGen: 0K->0K(107008K)] [ParOldGen: 297489K->56849K(393216K)] 297489K->56849K(500224K), [Metaspace: 2794K->2794K(1056768K)], 0.0055375 secs] [Times: user=0.00 sys=0.00, real=0.01 secs] 
42.019: [GC (Allocation Failure) [PSYoungGen: 81530K->11264K(107008K)] 394380K->324113K(500224K), 0.0014483 secs] [Times: user=0.00 sys=0.00, real=0.00 secs] 
44.207: [GC (Allocation Failure) [PSYoungGen: 90746K->21504K(100352K)] 403596K->334353K(493568K), 0.0022427 secs] [Times: user=0.02 sys=0.00, real=0.00 secs] 
44.426: [GC (Allocation Failure) [PSYoungGen: 94715K->0K(103936K)] 407565K->375313K(497152K), 0.0066148 secs] [Times: user=0.05 sys=0.00, real=0.01 secs] 
44.432: [Full GC (Ergonomics) [PSYoungGen: 0K->0K(103936K)] [ParOldGen: 375313K->62993K(393216K)] 375313K->62993K(497152K), [Metaspace: 2796K->2796K(1056768K)], 0.0058699 secs] [Times: user=0.00 sys=0.00, real=0.01 secs] 
46.188: [GC (Allocation Failure) [PSYoungGen: 76281K->16384K(101888K)] 395275K->335377K(495104K), 0.0023444 secs] [Times: user=0.00 sys=0.00, real=0.00 secs] 
47.280: [Full GC (Ergonomics) [PSYoungGen: 58835K->0K(101888K)] [ParOldGen: 370193K->72209K(393216K)] 429028K->72209K(495104K), [Metaspace: 2796K->2796K(1056768K)], 0.0119597 secs] [Times: user=0.00 sys=0.00, real=0.01 secs] 
48.824: [GC (Allocation Failure) [PSYoungGen: 74196K->5120K(102912K)] 402405K->333329K(496128K), 0.0007705 secs] [Times: user=0.00 sys=0.00, real=0.00 secs] 
50.134: [Full GC (Ergonomics) [PSYoungGen: 79317K->0K(102912K)] [ParOldGen: 379409K->133649K(393216K)] 458726K->133649K(496128K), [Metaspace: 2796K->2796K(1056768K)], 0.0117677 secs] [Times: user=0.03 sys=0.00, real=0.01 secs] 
52.231: [Full GC (Ergonomics) [PSYoungGen: 74198K->0K(102912K)] [ParOldGen: 389649K->12288K(393216K)] 463847K->12288K(496128K), [Metaspace: 2796K->2796K(1056768K)], 0.0029184 secs] [Times: user=0.00 sys=0.00, real=0.00 secs] 
53.658: [GC (Allocation Failure) [PSYoungGen: 74198K->11264K(104960K)] 240086K->177152K(498176K), 0.0010569 secs] [Times: user=0.02 sys=0.00, real=0.00 secs] 
55.521: [GC (Allocation Failure) [PSYoungGen: 79380K->15360K(103936K)] 245268K->181248K(497152K), 0.0014148 secs] [Times: user=0.00 sys=0.00, real=0.00 secs] 
56.944: [GC (Allocation Failure) [PSYoungGen: 89616K->25600K(96256K)] 409104K->350208K(489472K), 0.0026175 secs] [Times: user=0.02 sys=0.00, real=0.00 secs] 
57.273: [Full GC (Ergonomics) [PSYoungGen: 57710K->0K(96256K)] [ParOldGen: 375808K->92689K(393216K)] 433518K->92689K(489472K), [Metaspace: 2796K->2796K(1056768K)], 0.0089351 secs] [Times: user=0.06 sys=0.00, real=0.01 secs] 
59.601: [Full GC (Ergonomics) [PSYoungGen: 65902K->0K(96256K)] [ParOldGen: 348689K->61969K(393216K)] 414591K->61969K(489472K), [Metaspace: 2796K->2796K(1056768K)], 0.0059821 secs] [Times: user=0.02 sys=0.00, real=0.01 secs] 
60.921: [GC (Allocation Failure) [PSYoungGen: 68975K->5120K(100352K)] 284544K->220689K(493568K), 0.0007981 secs] [Times: user=0.00 sys=0.00, real=0.00 secs] 
62.558: [Full GC (Ergonomics) [PSYoungGen: 67951K->0K(100352K)] [ParOldGen: 369169K->6144K(393216K)] 437121K->6144K(493568K), [Metaspace: 2796K->2796K(1056768K)], 0.0024247 secs] [Times: user=0.00 sys=0.00, real=0.00 secs] 
63.873: [GC (Allocation Failure) [PSYoungGen: 68976K->6144K(102400K)] 228720K->165888K(495616K), 0.0008586 secs] [Times: user=0.00 sys=0.00, real=0.00 secs] 
65.184: [GC (Allocation Failure) [PSYoungGen: 75171K->20480K(93184K)] 388515K->334848K(486400K), 0.0158414 secs] [Times: user=0.00 sys=0.00, real=0.02 secs] 
66.839: [GC (Allocation Failure) [PSYoungGen: 83363K->10240K(101888K)] 397731K->324608K(495104K), 0.0014756 secs] [Times: user=0.03 sys=0.00, real=0.00 secs] 
67.276: [Full GC (Ergonomics) [PSYoungGen: 52619K->0K(101888K)] [ParOldGen: 365568K->77329K(393216K)] 418188K->77329K(495104K), [Metaspace: 2796K->2796K(1056768K)], 0.0084998 secs] [Times: user=0.03 sys=0.00, real=0.01 secs] 
68.493: [GC (Allocation Failure) [PSYoungGen: 53645K->15360K(100352K)] 233374K->195089K(493568K), 0.0015095 secs] [Times: user=0.01 sys=0.00, real=0.00 secs] 
70.132: [Full GC (Ergonomics) [PSYoungGen: 58766K->0K(100352K)] [ParOldGen: 384529K->51729K(393216K)] 443295K->51729K(493568K), [Metaspace: 2796K->2796K(1056768K)], 0.0063468 secs] [Times: user=0.00 sys=0.00, real=0.01 secs] 
71.349: [GC (Allocation Failure) [PSYoungGen: 53646K->15360K(102400K)] 207775K->169489K(495616K), 0.0016238 secs] [Times: user=0.00 sys=0.00, real=0.00 secs] 
71.788: [GC (Allocation Failure) [PSYoungGen: 88513K->2048K(102400K)] 345043K->263697K(495616K), 0.0011490 secs] [Times: user=0.00 sys=0.00, real=0.00 secs] 
72.776: [GC (Allocation Failure) [PSYoungGen: 55746K->15360K(102400K)] 317395K->278033K(495616K), 0.0015047 secs] [Times: user=0.00 sys=0.02, real=0.00 secs] 
73.218: [Full GC (Ergonomics) [PSYoungGen: 88510K->0K(102400K)] [ParOldGen: 365073K->115217K(393216K)] 453583K->115217K(495616K), [Metaspace: 2796K->2796K(1056768K)], 0.0100920 secs] [Times: user=0.02 sys=0.00, real=0.01 secs] 
75.190: [GC (Allocation Failure) [PSYoungGen: 70079K->20480K(93696K)] 338897K->289297K(486912K), 0.0023501 secs] [Times: user=0.00 sys=0.00, real=0.00 secs] 
75.846: [GC (Allocation Failure) [PSYoungGen: 73132K->10240K(102400K)] 393149K->345617K(495616K), 0.0023665 secs] [Times: user=0.00 sys=0.00, real=0.00 secs] 
75.848: [GC (Allocation Failure) [PSYoungGen: 10240K->0K(100864K)] 345617K->345617K(494080K), 0.0012273 secs] [Times: user=0.00 sys=0.00, real=0.00 secs] 
75.849: [Full GC (Allocation Failure) [PSYoungGen: 0K->0K(100864K)] [ParOldGen: 345617K->77329K(393216K)] 345617K->77329K(494080K), [Metaspace: 2796K->2796K(1056768K)], 0.0072235 secs] [Times: user=0.02 sys=0.00, real=0.01 secs] 
77.068: [GC (Allocation Failure) [PSYoungGen: 53666K->15360K(101888K)] 233396K->195089K(495104K), 0.0013439 secs] [Times: user=0.00 sys=0.00, real=0.00 secs] 
78.487: [GC (Allocation Failure) [PSYoungGen: 83373K->15360K(101888K)] 263102K->195089K(495104K), 0.0013572 secs] [Times: user=0.00 sys=0.00, real=0.00 secs] 
79.796: [GC (Allocation Failure) [PSYoungGen: 79274K->15360K(102912K)] 412603K->353809K(496128K), 0.0025830 secs] [Times: user=0.01 sys=0.00, real=0.00 secs] 
80.125: [Full GC (Ergonomics) [PSYoungGen: 47562K->0K(102912K)] [ParOldGen: 389649K->113169K(393216K)] 437211K->113169K(496128K), [Metaspace: 2796K->2796K(1056768K)], 0.0111683 secs] [Times: user=0.02 sys=0.00, real=0.01 secs] 
82.655: [GC (Allocation Failure) [PSYoungGen: 71114K->16384K(102400K)] 389083K->334353K(495616K), 0.0065596 secs] [Times: user=0.00 sys=0.00, real=0.01 secs] 
82.982: [Full GC (Ergonomics) [PSYoungGen: 48587K->0K(102400K)] [ParOldGen: 369169K->57873K(393216K)] 417756K->57873K(495616K), [Metaspace: 2796K->2796K(1056768K)], 0.0057847 secs] [Times: user=0.00 sys=0.00, real=0.01 secs] 
84.529: [GC (Allocation Failure) [PSYoungGen: 74187K->11264K(103936K)] 388060K->325137K(497152K), 0.0027987 secs] [Times: user=0.00 sys=0.00, real=0.00 secs] 
85.847: [Full GC (Ergonomics) [PSYoungGen: 59882K->0K(103936K)] [ParOldGen: 365073K->61969K(393216K)] 424955K->61969K(497152K), [Metaspace: 2796K->2796K(1056768K)], 0.0061300 secs] [Times: user=0.00 sys=0.00, real=0.01 secs] 
87.489: [GC (Allocation Failure) [PSYoungGen: 75243K->26624K(102912K)] 393212K->344593K(496128K), 0.0022883 secs] [Times: user=0.02 sys=0.00, real=0.00 secs] 
89.235: [Full GC (Ergonomics) [PSYoungGen: 100843K->0K(102912K)] [ParOldGen: 369169K->51729K(393216K)] 470012K->51729K(496128K), [Metaspace: 2796K->2796K(1056768K)], 0.0074629 secs] [Times: user=0.02 sys=0.00, real=0.01 secs] 
90.656: [GC (Allocation Failure) [PSYoungGen: 74219K->10240K(99840K)] 279548K->215569K(493056K), 0.0010061 secs] [Times: user=0.00 sys=0.00, real=0.00 secs] 
91.966: [GC (Allocation Failure) [PSYoungGen: 79257K->11264K(101376K)] 438186K->375313K(494592K), 0.0014525 secs] [Times: user=0.00 sys=0.00, real=0.00 secs] 
91.968: [Full GC (Ergonomics) [PSYoungGen: 11264K->0K(101376K)] [ParOldGen: 364049K->119313K(393216K)] 375313K->119313K(494592K), [Metaspace: 2796K->2796K(1056768K)], 0.0104569 secs] [Times: user=0.01 sys=0.00, real=0.01 secs] 
94.056: [GC (Allocation Failure) [PSYoungGen: 69017K->21504K(99328K)] 188331K->140817K(492544K), 0.0018261 secs] [Times: user=0.02 sys=0.00, real=0.00 secs] 
95.368: [GC (Allocation Failure) [PSYoungGen: 85370K->10240K(100864K)] 358284K->294417K(494080K), 0.0020122 secs] [Times: user=0.00 sys=0.00, real=0.00 secs] 
95.805: [GC (Allocation Failure) [PSYoungGen: 52606K->10240K(102912K)] 387983K->350737K(496128K), 0.0128568 secs] [Times: user=0.00 sys=0.00, real=0.01 secs] 
95.818: [GC (Allocation Failure) [PSYoungGen: 10240K->0K(101888K)] 350737K->350737K(495104K), 0.0011491 secs] [Times: user=0.05 sys=0.00, real=0.00 secs] 
95.819: [Full GC (Allocation Failure) [PSYoungGen: 0K->0K(101888K)] [ParOldGen: 350737K->78353K(393216K)] 350737K->78353K(495104K), [Metaspace: 2796K->2796K(1056768K)], 0.0067001 secs] [Times: user=0.02 sys=0.00, real=0.01 secs] 
98.143: [GC (Allocation Failure) [PSYoungGen: 71102K->25600K(95744K)] 405455K->365073K(488960K), 0.0027652 secs] [Times: user=0.00 sys=0.00, real=0.00 secs] 
98.691: [Full GC (Ergonomics) [PSYoungGen: 73008K->0K(95744K)] [ParOldGen: 390673K->77329K(393216K)] 463682K->77329K(488960K), [Metaspace: 2796K->2796K(1056768K)], 0.0070538 secs] [Times: user=0.03 sys=0.00, real=0.01 secs] 
99.912: [GC (Allocation Failure) [PSYoungGen: 53553K->15360K(98816K)] 233282K->195089K(492032K), 0.0014412 secs] [Times: user=0.00 sys=0.02, real=0.00 secs] 
101.332: [GC (Allocation Failure) [PSYoungGen: 73010K->15360K(100864K)] 406339K->348689K(494080K), 0.0015452 secs] [Times: user=0.02 sys=0.00, real=0.00 secs] 
101.552: [Full GC (Ergonomics) [PSYoungGen: 37231K->0K(100864K)] [ParOldGen: 384529K->56849K(393216K)] 421761K->56849K(494080K), [Metaspace: 2796K->2796K(1056768K)], 0.0112982 secs] [Times: user=0.00 sys=0.00, real=0.01 secs] 
102.769: [GC (Allocation Failure) [PSYoungGen: 53616K->16384K(99840K)] 212865K->175633K(493056K), 0.0115975 secs] [Times: user=0.02 sys=0.00, real=0.01 secs] 
104.750: [GC (Allocation Failure) [PSYoungGen: 81264K->1024K(100352K)] 394113K->313873K(493568K), 0.0007070 secs] [Times: user=0.00 sys=0.00, real=0.00 secs] 
105.623: [GC (Allocation Failure) [PSYoungGen: 53636K->25600K(96768K)] 366486K->338449K(489984K), 0.0017505 secs] [Times: user=0.03 sys=0.00, real=0.00 secs] 
105.842: [Full GC (Ergonomics) [PSYoungGen: 47489K->0K(96768K)] [ParOldGen: 364049K->67089K(393216K)] 411538K->67089K(489984K), [Metaspace: 2796K->2796K(1056768K)], 0.0063716 secs] [Times: user=0.00 sys=0.00, real=0.01 secs] 
107.062: [GC (Allocation Failure) [PSYoungGen: 53633K->15360K(99328K)] 223122K->184849K(492544K), 0.0016853 secs] [Times: user=0.03 sys=0.00, real=0.00 secs] 
108.708: [Full GC (Ergonomics) [PSYoungGen: 74022K->0K(99328K)] [ParOldGen: 374289K->51729K(393216K)] 448312K->51729K(492544K), [Metaspace: 2796K->2796K(1056768K)], 0.0055562 secs] [Times: user=0.00 sys=0.00, real=0.00 secs] 
109.932: [GC (Allocation Failure) [PSYoungGen: 53543K->15360K(97792K)] 207672K->169489K(491008K), 0.0017212 secs] [Times: user=0.00 sys=0.00, real=0.00 secs] 
111.239: [GC (Allocation Failure) [PSYoungGen: 79144K->15360K(101888K)] 386873K->328209K(495104K), 0.0017487 secs] [Times: user=0.00 sys=0.00, real=0.00 secs] 
111.568: [Full GC (Ergonomics) [PSYoungGen: 47502K->0K(101888K)] [ParOldGen: 364049K->215569K(393216K)] 411552K->215569K(495104K), [Metaspace: 2796K->2796K(1056768K)], 0.0139486 secs] [Times: user=0.02 sys=0.02, real=0.01 secs] 
113.007: [Full GC (Ergonomics) [PSYoungGen: 52622K->0K(101888K)] [ParOldGen: 369169K->56849K(393216K)] 421792K->56849K(495104K), [Metaspace: 2796K->2796K(1056768K)], 0.0056392 secs] [Times: user=0.02 sys=0.00, real=0.00 secs] 
114.226: [GC (Allocation Failure) [PSYoungGen: 53647K->21504K(100352K)] 212896K->180753K(493568K), 0.0016671 secs] [Times: user=0.02 sys=0.00, real=0.00 secs] 
115.545: [GC (Allocation Failure) [PSYoungGen: 85391K->15360K(101888K)] 398240K->339473K(495104K), 0.0026356 secs] [Times: user=0.00 sys=0.00, real=0.00 secs] 
117.074: [GC (Allocation Failure) [PSYoungGen: 78223K->15360K(100352K)] 402336K->339473K(493568K), 0.0028559 secs] [Times: user=0.00 sys=0.00, real=0.00 secs] 
117.294: [Full GC (Ergonomics) [PSYoungGen: 37260K->0K(100352K)] [ParOldGen: 375313K->77329K(393216K)] 412573K->77329K(493568K), [Metaspace: 2796K->2796K(1056768K)], 0.0075748 secs] [Times: user=0.00 sys=0.00, real=0.01 secs] 
118.512: [GC (Allocation Failure) [PSYoungGen: 53644K->15360K(104448K)] 233373K->195089K(497664K), 0.0014571 secs] [Times: user=0.03 sys=0.00, real=0.00 secs] 
119.059: [GC (Allocation Failure) [PSYoungGen: 89597K->1024K(78336K)] 371727K->339473K(471552K), 0.0055250 secs] [Times: user=0.01 sys=0.00, real=0.01 secs] 
120.151: [GC (Allocation Failure) [PSYoungGen: 74238K->0K(101888K)] 412688K->389649K(495104K), 0.0047898 secs] [Times: user=0.02 sys=0.00, real=0.01 secs] 
120.156: [Full GC (Ergonomics) [PSYoungGen: 0K->0K(101888K)] [ParOldGen: 389649K->51729K(393216K)] 389649K->51729K(495104K), [Metaspace: 2796K->2796K(1056768K)], 0.0063414 secs] [Times: user=0.02 sys=0.00, real=0.01 secs] 
121.372: [GC (Allocation Failure) [PSYoungGen: 53694K->15360K(102400K)] 207823K->169489K(495616K), 0.0013723 secs] [Times: user=0.00 sys=0.00, real=0.00 secs] 
121.811: [GC (Allocation Failure) [PSYoungGen: 88511K->2048K(101888K)] 345041K->263697K(495104K), 0.0024812 secs] [Times: user=0.00 sys=0.00, real=0.00 secs] 
122.800: [GC (Allocation Failure) [PSYoungGen: 55744K->15360K(102400K)] 317394K->278033K(495616K), 0.0015933 secs] [Times: user=0.02 sys=0.00, real=0.00 secs] 
123.240: [Full GC (Ergonomics) [PSYoungGen: 88509K->0K(102400K)] [ParOldGen: 365073K->115217K(393216K)] 453582K->115217K(495616K), [Metaspace: 2796K->2796K(1056768K)], 0.0107692 secs] [Times: user=0.03 sys=0.00, real=0.01 secs] 
125.232: [GC (Allocation Failure) [PSYoungGen: 70079K->20480K(99840K)] 338896K->289297K(493056K), 0.0019582 secs] [Times: user=0.00 sys=0.00, real=0.00 secs] 
125.889: [GC (Allocation Failure) [PSYoungGen: 73111K->10240K(101376K)] 393128K->345617K(494592K), 0.0021092 secs] [Times: user=0.02 sys=0.00, real=0.00 secs] 
125.891: [GC (Allocation Failure) [PSYoungGen: 10240K->0K(101376K)] 345617K->345617K(494592K), 0.0012033 secs] [Times: user=0.02 sys=0.00, real=0.00 secs] 
125.892: [Full GC (Allocation Failure) [PSYoungGen: 0K->0K(101376K)] [ParOldGen: 345617K->77329K(393216K)] 345617K->77329K(494592K), [Metaspace: 2796K->2796K(1056768K)], 0.0071150 secs] [Times: user=0.00 sys=0.00, real=0.01 secs] 
127.109: [GC (Allocation Failure) [PSYoungGen: 53676K->15360K(101888K)] 233406K->195089K(495104K), 0.0017600 secs] [Times: user=0.00 sys=0.00, real=0.00 secs] 
128.529: [GC (Allocation Failure) [PSYoungGen: 83373K->15360K(102400K)] 263102K->195089K(495616K), 0.0078404 secs] [Times: user=0.00 sys=0.00, real=0.01 secs] 
128.965: [GC (Allocation Failure) [PSYoungGen: 88500K->1024K(101888K)] 370629K->339473K(495104K), 0.0054808 secs] [Times: user=0.02 sys=0.00, real=0.01 secs] 
128.970: [Full GC (Ergonomics) [PSYoungGen: 1024K->0K(101888K)] [ParOldGen: 338449K->57873K(393216K)] 339473K->57873K(495104K), [Metaspace: 2796K->2796K(1056768K)], 0.0056271 secs] [Times: user=0.02 sys=0.00, real=0.00 secs] 
129.968: [GC (Allocation Failure) [PSYoungGen: 53685K->15360K(102400K)] 111559K->73233K(495616K), 0.0022805 secs] [Times: user=0.01 sys=0.00, real=0.00 secs] 
130.406: [GC (Allocation Failure) [PSYoungGen: 88498K->1024K(102400K)] 248772K->166417K(495616K), 0.0007812 secs] [Times: user=0.00 sys=0.00, real=0.00 secs] 
132.707: [GC (Allocation Failure) [PSYoungGen: 71096K->16384K(101376K)] 338890K->284177K(494592K), 0.0015052 secs] [Times: user=0.01 sys=0.00, real=0.00 secs] 
133.034: [GC (Allocation Failure) [PSYoungGen: 48551K->0K(101888K)] 367545K->325137K(495104K), 0.0009650 secs] [Times: user=0.00 sys=0.00, real=0.00 secs] 
133.035: [GC (Allocation Failure) [PSYoungGen: 0K->0K(101888K)] 325137K->325137K(495104K), 0.0031306 secs] [Times: user=0.00 sys=0.00, real=0.00 secs] 
133.038: [Full GC (Allocation Failure) [PSYoungGen: 0K->0K(101888K)] [ParOldGen: 325137K->57873K(393216K)] 325137K->57873K(495104K), [Metaspace: 2796K->2796K(1056768K)], 0.0060934 secs] [Times: user=0.00 sys=0.00, real=0.01 secs] 
134.254: [GC (Allocation Failure) [PSYoungGen: 53671K->21504K(94720K)] 213945K->181777K(487936K), 0.0102927 secs] [Times: user=0.02 sys=0.00, real=0.01 secs] 
135.932: [Full GC (Ergonomics) [PSYoungGen: 90537K->0K(94720K)] [ParOldGen: 365073K->61969K(393216K)] 455611K->61969K(487936K), [Metaspace: 2796K->2796K(1056768K)], 0.0136840 secs] [Times: user=0.00 sys=0.00, real=0.01 secs] 
137.157: [GC (Allocation Failure) [PSYoungGen: 53675K->15360K(99328K)] 218044K->179729K(492544K), 0.0024454 secs] [Times: user=0.00 sys=0.00, real=0.00 secs] 
138.468: [GC (Allocation Failure) [PSYoungGen: 79174K->30720K(98816K)] 397143K->358929K(492032K), 0.0029947 secs] [Times: user=0.00 sys=0.00, real=0.00 secs] 
139.888: [Full GC (Ergonomics) [PSYoungGen: 93510K->0K(98816K)] [ParOldGen: 379409K->16384K(393216K)] 472920K->16384K(492032K), [Metaspace: 2796K->2796K(1056768K)], 0.0030446 secs] [Times: user=0.00 sys=0.00, real=0.00 secs] 
141.202: [GC (Allocation Failure) [PSYoungGen: 63815K->10240K(93696K)] 233799K->180224K(486912K), 0.0010099 secs] [Times: user=0.00 sys=0.00, real=0.00 secs] 
142.295: [GC (Allocation Failure) [PSYoungGen: 68812K->6144K(96256K)] 392396K->334848K(489472K), 0.0020062 secs] [Times: user=0.00 sys=0.00, real=0.00 secs] 
144.152: [GC (Allocation Failure) [PSYoungGen: 64716K->21504K(94208K)] 393420K->350208K(487424K), 0.0022909 secs] [Times: user=0.02 sys=0.00, real=0.00 secs] 
144.482: [Full GC (Ergonomics) [PSYoungGen: 53430K->0K(94208K)] [ParOldGen: 379904K->62993K(393216K)] 433334K->62993K(487424K), [Metaspace: 2796K->2796K(1056768K)], 0.0062039 secs] [Times: user=0.01 sys=0.00, real=0.01 secs] 
145.712: [GC (Allocation Failure) [PSYoungGen: 53431K->25600K(86528K)] 218824K->190993K(479744K), 0.0018813 secs] [Times: user=0.00 sys=0.00, real=0.00 secs] 
147.131: [GC (Allocation Failure) [PSYoungGen: 68791K->10240K(95232K)] 387785K->329233K(488448K), 0.0013724 secs] [Times: user=0.00 sys=0.00, real=0.00 secs] 
147.352: [Full GC (Ergonomics) [PSYoungGen: 31866K->0K(95232K)] [ParOldGen: 370193K->72209K(393216K)] 402059K->72209K(488448K), [Metaspace: 2796K->2796K(1056768K)], 0.0064944 secs] [Times: user=0.00 sys=0.00, real=0.01 secs] 
148.572: [GC (Allocation Failure) [PSYoungGen: 53370K->15360K(93184K)] 227979K->189969K(486400K), 0.0014457 secs] [Times: user=0.00 sys=0.00, real=0.00 secs] 
149.774: [GC (Allocation Failure) [PSYoungGen: 68730K->10240K(98304K)] 396940K->343569K(491520K), 0.0015379 secs] [Times: user=0.02 sys=0.00, real=0.00 secs] 
150.211: [Full GC (Ergonomics) [PSYoungGen: 52479K->0K(98304K)] [ParOldGen: 384529K->133649K(393216K)] 437009K->133649K(491520K), [Metaspace: 2796K->2796K(1056768K)], 0.0112025 secs] [Times: user=0.00 sys=0.00, real=0.01 secs] 
152.086: [Full GC (Ergonomics) [PSYoungGen: 63743K->0K(98304K)] [ParOldGen: 389649K->12288K(393216K)] 453393K->12288K(491520K), [Metaspace: 2796K->2796K(1056768K)], 0.0044473 secs] [Times: user=0.01 sys=0.00, real=0.00 secs] 
152.852: [GC (Allocation Failure) [PSYoungGen: 47360K->15360K(96768K)] 59648K->27648K(489984K), 0.0015619 secs] [Times: user=0.00 sys=0.00, real=0.00 secs] 
154.715: [GC (Allocation Failure) [PSYoungGen: 79101K->10240K(100352K)] 244989K->176128K(493568K), 0.0013201 secs] [Times: user=0.00 sys=0.00, real=0.00 secs] 
155.706: [GC (Allocation Failure) [PSYoungGen: 63834K->25600K(94720K)] 229722K->191488K(487936K), 0.0033318 secs] [Times: user=0.00 sys=0.00, real=0.00 secs] 
157.018: [GC (Allocation Failure) [PSYoungGen: 89432K->15360K(99328K)] 408920K->350208K(492544K), 0.0026701 secs] [Times: user=0.00 sys=0.00, real=0.00 secs] 
157.346: [Full GC (Ergonomics) [PSYoungGen: 47398K->0K(99328K)] [ParOldGen: 386048K->92689K(393216K)] 433446K->92689K(492544K), [Metaspace: 2796K->2796K(1056768K)], 0.0080717 secs] [Times: user=0.03 sys=0.00, real=0.01 secs] 
159.678: [GC (Allocation Failure) [PSYoungGen: 65830K->10240K(97792K)] 414520K->358929K(491008K), 0.0010599 secs] [Times: user=0.00 sys=0.00, real=0.00 secs] 
160.115: [GC (Allocation Failure) [PSYoungGen: 57639K->20480K(98304K)] 406328K->374289K(491520K), 0.0025658 secs] [Times: user=0.00 sys=0.00, real=0.00 secs] 
160.223: [GC (Allocation Failure) --[PSYoungGen: 73027K->73027K(98304K)] 426837K->426837K(491520K), 0.0008496 secs] [Times: user=0.00 sys=0.00, real=0.00 secs] 
160.224: [Full GC (Ergonomics) [PSYoungGen: 73027K->0K(98304K)] [ParOldGen: 353809K->108049K(393216K)] 426837K->108049K(491520K), [Metaspace: 2796K->2796K(1056768K)], 0.0407355 secs] [Times: user=0.09 sys=0.00, real=0.04 secs] 
161.472: [GC (Allocation Failure) [PSYoungGen: 53561K->15360K(99328K)] 264010K->225809K(492544K), 0.0015763 secs] [Times: user=0.00 sys=0.00, real=0.00 secs] 
162.901: [Full GC (Ergonomics) [PSYoungGen: 67902K->0K(99328K)] [ParOldGen: 364049K->16384K(393216K)] 431951K->16384K(492544K), [Metaspace: 2796K->2796K(1056768K)], 0.0029252 secs] [Times: user=0.00 sys=0.00, real=0.00 secs] 
164.214: [GC (Allocation Failure) [PSYoungGen: 63809K->21504K(98816K)] 233793K->191488K(492032K), 0.0023139 secs] [Times: user=0.00 sys=0.00, real=0.00 secs] 
165.531: [GC (Allocation Failure) [PSYoungGen: 85336K->21504K(90112K)] 408920K->345088K(483328K), 0.0024365 secs] [Times: user=0.02 sys=0.00, real=0.00 secs] 
167.060: [GC (Allocation Failure) [PSYoungGen: 84303K->15360K(100864K)] 407887K->338944K(494080K), 0.0016828 secs] [Times: user=0.00 sys=0.00, real=0.00 secs] 
167.388: [Full GC (Ergonomics) [PSYoungGen: 47458K->0K(100864K)] [ParOldGen: 374784K->77329K(393216K)] 422242K->77329K(494080K), [Metaspace: 2796K->2796K(1056768K)], 0.0076650 secs] [Times: user=0.00 sys=0.00, real=0.01 secs] 
168.609: [GC (Allocation Failure) [PSYoungGen: 53602K->15360K(99328K)] 233331K->195089K(492544K), 0.0069279 secs] [Times: user=0.01 sys=0.00, real=0.01 secs] 
170.249: [Full GC (Ergonomics) [PSYoungGen: 58723K->0K(99328K)] [ParOldGen: 384529K->51729K(393216K)] 443253K->51729K(492544K), [Metaspace: 2796K->2796K(1056768K)], 0.0087626 secs] [Times: user=0.02 sys=0.00, real=0.01 secs] 
171.466: [GC (Allocation Failure) [PSYoungGen: 53604K->15360K(103424K)] 207734K->169489K(496640K), 0.0013947 secs] [Times: user=0.00 sys=0.00, real=0.00 secs] 
172.013: [GC (Allocation Failure) [PSYoungGen: 89547K->7168K(101888K)] 346076K->263697K(495104K), 0.0010147 secs] [Times: user=0.00 sys=0.00, real=0.00 secs] 
173.117: [GC (Allocation Failure) [PSYoungGen: 80332K->11264K(103424K)] 388061K->318993K(496640K), 0.0011245 secs] [Times: user=0.00 sys=0.00, real=0.00 secs] 
173.118: [GC (Allocation Failure) [PSYoungGen: 11264K->11264K(102912K)] 318993K->318993K(496128K), 0.0010052 secs] [Times: user=0.00 sys=0.00, real=0.00 secs] 
173.119: [Full GC (Allocation Failure) [PSYoungGen: 11264K->0K(102912K)] [ParOldGen: 307729K->165393K(393216K)] 318993K->165393K(496128K), [Metaspace: 2796K->2796K(1056768K)], 0.0140767 secs] [Times: user=0.02 sys=0.00, real=0.01 secs] 
174.559: [GC (Allocation Failure) [PSYoungGen: 48608K->10240K(104960K)] 367602K->329233K(498176K), 0.0012044 secs] [Times: user=0.00 sys=0.00, real=0.00 secs] 
174.561: [GC (Allocation Failure) [PSYoungGen: 10240K->10240K(104448K)] 329233K->329233K(497664K), 0.0011262 secs] [Times: user=0.00 sys=0.00, real=0.00 secs] 
174.562: [Full GC (Allocation Failure) [PSYoungGen: 10240K->0K(104448K)] [ParOldGen: 318993K->61969K(393216K)] 329233K->61969K(497664K), [Metaspace: 2796K->2796K(1056768K)], 0.0058897 secs] [Times: user=0.00 sys=0.00, real=0.01 secs] 
176.327: [GC (Allocation Failure) [PSYoungGen: 76318K->16384K(105472K)] 394287K->334353K(498688K), 0.0016144 secs] [Times: user=0.00 sys=0.00, real=0.00 secs] 
177.965: [GC (Allocation Failure) [PSYoungGen: 94781K->5120K(85504K)] 412750K->323089K(478720K), 0.0008199 secs] [Times: user=0.00 sys=0.00, real=0.00 secs] 
178.845: [Full GC (Ergonomics) [PSYoungGen: 68153K->0K(85504K)] [ParOldGen: 369169K->56849K(393216K)] 437322K->56849K(478720K), [Metaspace: 2796K->2796K(1056768K)], 0.0055104 secs] [Times: user=0.00 sys=0.00, real=0.01 secs] 
180.609: [GC (Allocation Failure) [PSYoungGen: 76346K->6144K(105472K)] 389196K->318993K(498688K), 0.0055444 secs] [Times: user=0.00 sys=0.00, real=0.00 secs] 
181.698: [GC (Allocation Failure) [PSYoungGen: 33329K->5120K(104960K)] 346178K->317969K(498176K), 0.0009098 secs] [Times: user=0.00 sys=0.00, real=0.00 secs] 
181.699: [GC (Allocation Failure) [PSYoungGen: 5120K->5120K(105472K)] 317969K->317969K(498688K), 0.0132018 secs] [Times: user=0.02 sys=0.00, real=0.01 secs] 
181.712: [Full GC (Allocation Failure) [PSYoungGen: 5120K->0K(105472K)] [ParOldGen: 312849K->6144K(393216K)] 317969K->6144K(498688K), [Metaspace: 2796K->2796K(1056768K)], 0.0023483 secs] [Times: user=0.00 sys=0.00, real=0.00 secs] 
183.463: [GC (Allocation Failure) [PSYoungGen: 76347K->7168K(105472K)] 338491K->269312K(498688K), 0.0021209 secs] [Times: user=0.00 sys=0.00, real=0.00 secs] 
184.571: [GC (Allocation Failure) [PSYoungGen: 80444K->10240K(107520K)] 393788K->330752K(500736K), 0.0020553 secs] [Times: user=0.02 sys=0.00, real=0.00 secs] 
184.573: [GC (Allocation Failure) [PSYoungGen: 10240K->0K(106496K)] 330752K->330752K(499712K), 0.0014061 secs] [Times: user=0.00 sys=0.00, real=0.00 secs] 
184.575: [Full GC (Allocation Failure) [PSYoungGen: 0K->0K(106496K)] [ParOldGen: 330752K->69137K(393216K)] 330752K->69137K(499712K), [Metaspace: 2796K->2796K(1056768K)], 0.0060984 secs] [Times: user=0.00 sys=0.00, real=0.01 secs] 
187.000: [GC (Allocation Failure) [PSYoungGen: 81530K->20480K(101888K)] 406667K->345617K(495104K), 0.0022940 secs] [Times: user=0.00 sys=0.00, real=0.00 secs] 
187.436: [Full GC (Ergonomics) [PSYoungGen: 62996K->0K(101888K)] [ParOldGen: 376337K->87569K(393216K)] 439333K->87569K(495104K), [Metaspace: 2796K->2796K(1056768K)], 0.0074327 secs] [Times: user=0.00 sys=0.00, real=0.01 secs] 
189.421: [GC (Allocation Failure) [PSYoungGen: 74260K->0K(104448K)] 315429K->241169K(497664K), 0.0007091 secs] [Times: user=0.00 sys=0.00, real=0.00 secs] 
190.306: [GC (Allocation Failure) [PSYoungGen: 62996K->5120K(105472K)] 355365K->297489K(498688K), 0.0011919 secs] [Times: user=0.00 sys=0.00, real=0.00 secs] 
190.307: [GC (Allocation Failure) [PSYoungGen: 5120K->0K(104448K)] 297489K->297489K(497664K), 0.0008096 secs] [Times: user=0.00 sys=0.00, real=0.00 secs] 
190.308: [Full GC (Allocation Failure) [PSYoungGen: 0K->0K(104448K)] [ParOldGen: 297489K->56849K(393216K)] 297489K->56849K(497664K), [Metaspace: 2796K->2796K(1056768K)], 0.0057227 secs] [Times: user=0.03 sys=0.00, real=0.01 secs] 
192.077: [GC (Allocation Failure) [PSYoungGen: 76329K->7200K(107008K)] 389178K->320049K(500224K), 0.0008635 secs] [Times: user=0.00 sys=0.00, real=0.00 secs] 
194.277: [GC (Allocation Failure) [PSYoungGen: 81532K->21504K(103424K)] 394381K->334361K(496640K), 0.0017461 secs] [Times: user=0.00 sys=0.00, real=0.00 secs] 
194.608: [GC (Allocation Failure) [PSYoungGen: 53847K->0K(103936K)] 417905K->375321K(497152K), 0.0022090 secs] [Times: user=0.00 sys=0.00, real=0.00 secs] 
194.610: [Full GC (Ergonomics) [PSYoungGen: 0K->0K(103936K)] [ParOldGen: 375321K->62993K(393216K)] 375321K->62993K(497152K), [Metaspace: 2796K->2796K(1056768K)], 0.0062520 secs] [Times: user=0.02 sys=0.00, real=0.01 secs] 
196.375: [GC (Allocation Failure) [PSYoungGen: 76273K->16448K(93184K)] 395267K->335441K(486400K), 0.0024397 secs] [Times: user=0.00 sys=0.00, real=0.00 secs] 
197.466: [Full GC (Ergonomics) [PSYoungGen: 58931K->0K(93184K)] [ParOldGen: 370193K->72209K(393216K)] 429124K->72209K(486400K), [Metaspace: 2796K->2796K(1056768K)], 0.0067121 secs] [Times: user=0.00 sys=0.00, real=0.01 secs] 
199.234: [GC (Allocation Failure) [PSYoungGen: 76276K->6144K(103936K)] 404485K->334353K(497152K), 0.0008777 secs] [Times: user=0.00 sys=0.00, real=0.00 secs] 
200.329: [Full GC (Ergonomics) [PSYoungGen: 79338K->0K(103936K)] [ParOldGen: 379409K->133649K(393216K)] 458748K->133649K(497152K), [Metaspace: 2796K->2796K(1056768K)], 0.0107122 secs] [Times: user=0.03 sys=0.00, real=0.01 secs] 
202.423: [Full GC (Ergonomics) [PSYoungGen: 74218K->0K(103936K)] [ParOldGen: 389649K->12288K(393216K)] 463868K->12288K(497152K), [Metaspace: 2796K->2796K(1056768K)], 0.0162587 secs] [Times: user=0.08 sys=0.00, real=0.02 secs] 
203.859: [GC (Allocation Failure) [PSYoungGen: 74219K->11264K(102912K)] 240107K->177152K(496128K), 0.0011987 secs] [Times: user=0.00 sys=0.00, real=0.00 secs] 
205.716: [GC (Allocation Failure) [PSYoungGen: 79339K->15360K(103936K)] 245227K->181248K(497152K), 0.0017796 secs] [Times: user=0.00 sys=0.00, real=0.00 secs] 
207.135: [GC (Allocation Failure) [PSYoungGen: 89616K->25600K(103936K)] 409105K->350208K(497152K), 0.0023491 secs] [Times: user=0.00 sys=0.00, real=0.00 secs] 
207.464: [Full GC (Ergonomics) [PSYoungGen: 57873K->0K(103936K)] [ParOldGen: 375808K->92689K(393216K)] 433682K->92689K(497152K), [Metaspace: 2796K->2796K(1056768K)], 0.0124940 secs] [Times: user=0.01 sys=0.00, real=0.01 secs] 
209.896: [GC (Allocation Failure) [PSYoungGen: 71186K->10240K(99840K)] 419875K->358929K(493056K), 0.0011484 secs] [Times: user=0.00 sys=0.00, real=0.00 secs] 
210.227: [GC (Allocation Failure) [PSYoungGen: 52652K->20480K(93696K)] 401342K->374289K(486912K), 0.0023868 secs] [Times: user=0.00 sys=0.00, real=0.00 secs] 
210.337: [GC (Allocation Failure) --[PSYoungGen: 73128K->73128K(93696K)] 426937K->426937K(486912K), 0.0019389 secs] [Times: user=0.00 sys=0.00, real=0.00 secs] 
210.339: [Full GC (Ergonomics) [PSYoungGen: 73128K->0K(93696K)] [ParOldGen: 353809K->108049K(393216K)] 426937K->108049K(486912K), [Metaspace: 2796K->2796K(1056768K)], 0.0088883 secs] [Times: user=0.00 sys=0.00, real=0.01 secs] 
211.556: [GC (Allocation Failure) [PSYoungGen: 53660K->15360K(100864K)] 264110K->225809K(494080K), 0.0016278 secs] [Times: user=0.00 sys=0.00, real=0.00 secs] 
212.978: [GC (Allocation Failure) [PSYoungGen: 67951K->15360K(100352K)] 432001K->379409K(493568K), 0.0014714 secs] [Times: user=0.00 sys=0.00, real=0.00 secs] 
213.089: [GC (Allocation Failure) [PSYoungGen: 37235K->20480K(99328K)] 401285K->389649K(492544K), 0.0025784 secs] [Times: user=0.00 sys=0.00, real=0.00 secs] 
213.092: [Full GC (Ergonomics) [PSYoungGen: 20480K->0K(99328K)] [ParOldGen: 369169K->26129K(393216K)] 389649K->26129K(492544K), [Metaspace: 2796K->2796K(1056768K)], 0.0034295 secs] [Times: user=0.00 sys=0.00, real=0.00 secs] 
213.857: [GC (Allocation Failure) [PSYoungGen: 68969K->6144K(100352K)] 197499K->134673K(493568K), 0.0009190 secs] [Times: user=0.03 sys=0.00, real=0.00 secs] 
215.167: [GC (Allocation Failure) [PSYoungGen: 75116K->20480K(98816K)] 357245K->303633K(492032K), 0.0018560 secs] [Times: user=0.02 sys=0.00, real=0.00 secs] 
216.923: [GC (Allocation Failure) [PSYoungGen: 88409K->10240K(99840K)] 371563K->293393K(493056K), 0.0009788 secs] [Times: user=0.00 sys=0.00, real=0.00 secs] 
217.488: [GC (Allocation Failure) [PSYoungGen: 57687K->20480K(98816K)] 392041K->359953K(492032K), 0.0023621 secs] [Times: user=0.02 sys=0.00, real=0.00 secs] 
217.491: [GC (Allocation Failure) [PSYoungGen: 20480K->0K(69120K)] 359953K->359953K(462336K), 0.0023961 secs] [Times: user=0.00 sys=0.00, real=0.00 secs] 
217.493: [Full GC (Allocation Failure) [PSYoungGen: 0K->0K(69120K)] [ParOldGen: 359953K->77329K(393216K)] 359953K->77329K(462336K), [Metaspace: 2796K->2796K(1056768K)], 0.0070183 secs] [Times: user=0.02 sys=0.00, real=0.01 secs] 
218.712: [GC (Allocation Failure) [PSYoungGen: 53593K->15360K(99840K)] 233323K->195089K(493056K), 0.0014536 secs] [Times: user=0.01 sys=0.00, real=0.00 secs] 
Heap
 PSYoungGen      total 99840K, used 60066K [0x00000000f8000000, 0x0000000100000000, 0x0000000100000000)
  eden space 68096K, 65% used [0x00000000f8000000,0x00000000faba89d8,0x00000000fc280000)
  from space 31744K, 48% used [0x00000000fe100000,0x00000000ff000020,0x0000000100000000)
  to   space 31232K, 0% used [0x00000000fc280000,0x00000000fc280000,0x00000000fe100000)
 ParOldGen       total 393216K, used 333329K [0x00000000e0000000, 0x00000000f8000000, 0x00000000f8000000)
  object space 393216K, 84% used [0x00000000e0000000,0x00000000f4584740,0x00000000f8000000)
 Metaspace       used 2804K, capacity 4486K, committed 4864K, reserved 1056768K
  class space    used 297K, capacity 386K, committed 512K, reserved 1048576K
