Java HotSpot(TM) 64-Bit Server VM (25.411-b09) for windows-amd64 JRE (1.8.0_411-b09), built on Mar 13 2024 07:26:13 by "java_re" with MS VC++ 17.1 (VS2022)
Memory: 4k page, physical 33403376k(13625756k free), swap 39528500k(8056744k free)
CommandLine flags: -XX:InitialHeapSize=1073741824 -XX:MaxHeapSize=1073741824 -XX:NewRatio=9 -XX:ParallelGCThreads=6 -XX:+PrintGC -XX:+PrintGCDetails -XX:+PrintGCTimeStamps -XX:SurvivorRatio=12 -XX:-UseAdaptiveSizePolicy -XX:+UseCompressedClassPointers -XX:+UseCompressedOops -XX:-UseLargePagesIndividualAllocation -XX:+UseParallelGC 
1.974: [GC (Allocation Failure) [PSYoungGen: 88596K->6832K(97280K)] 242196K->165560K(1041408K), 0.0027480 secs] [Times: user=0.00 sys=0.00, real=0.00 secs] 
3.768: [GC (Allocation Failure) [PSYoungGen: 96698K->6728K(97280K)] 409026K->325200K(1041408K), 0.0029634 secs] [Times: user=0.00 sys=0.00, real=0.00 secs] 
5.994: [GC (Allocation Failure) [PSYoungGen: 96594K->6776K(97280K)] 568666K->489088K(1041408K), 0.0045796 secs] [Times: user=0.00 sys=0.00, real=0.01 secs] 
7.785: [GC (Allocation Failure) [PSYoungGen: 93447K->5736K(97280K)] 729359K->672376K(1041408K), 0.0159062 secs] [Times: user=0.00 sys=0.00, real=0.02 secs] 
9.251: [GC (Allocation Failure) [PSYoungGen: 95602K->5752K(97280K)] 864642K->825992K(1041408K), 0.0172358 secs] [Times: user=0.02 sys=0.00, real=0.02 secs] 
10.155: [GC (Allocation Failure) [PSYoungGen: 68994K->5656K(97280K)] 940434K->877096K(1041408K), 0.0021013 secs] [Times: user=0.00 sys=0.00, real=0.00 secs] 
10.157: [GC (Allocation Failure) [PSYoungGen: 5656K->5688K(97280K)] 877096K->877128K(1041408K), 0.0016055 secs] [Times: user=0.00 sys=0.00, real=0.00 secs] 
10.158: [Full GC (Allocation Failure) [PSYoungGen: 5688K->0K(97280K)] [ParOldGen: 871440K->108048K(944128K)] 877128K->108048K(1041408K), [Metaspace: 2761K->2761K(1056768K)], 0.0194122 secs] [Times: user=0.00 sys=0.00, real=0.02 secs] 
12.592: [GC (Allocation Failure) [PSYoungGen: 85770K->5120K(97280K)] 449819K->374288K(1041408K), 0.0009782 secs] [Times: user=0.00 sys=0.00, real=0.00 secs] 
14.124: [GC (Allocation Failure) [PSYoungGen: 90452K->6176K(97280K)] 613221K->549433K(1041408K), 0.0020385 secs] [Times: user=0.00 sys=0.00, real=0.00 secs] 
14.884: [GC (Allocation Failure) [PSYoungGen: 96042K->6208K(97280K)] 741699K->662105K(1041408K), 0.0021103 secs] [Times: user=0.00 sys=0.00, real=0.00 secs] 
16.950: [GC (Allocation Failure) [PSYoungGen: 95050K->5152K(97280K)] 750947K->671289K(1041408K), 0.0014561 secs] [Times: user=0.00 sys=0.00, real=0.00 secs] 
17.709: [GC (Allocation Failure) [PSYoungGen: 95012K->5152K(97280K)] 863550K->799289K(1041408K), 0.0028997 secs] [Times: user=0.00 sys=0.00, real=0.00 secs] 
18.691: [GC (Allocation Failure) [PSYoungGen: 73510K->5216K(97280K)] 918848K->850553K(1041408K), 0.0023008 secs] [Times: user=0.00 sys=0.00, real=0.00 secs] 
18.694: [GC (Allocation Failure) [PSYoungGen: 5216K->5184K(97280K)] 850553K->850521K(1041408K), 0.0016873 secs] [Times: user=0.00 sys=0.00, real=0.00 secs] 
18.695: [Full GC (Allocation Failure) [PSYoungGen: 5184K->0K(97280K)] [ParOldGen: 845337K->82449K(944128K)] 850521K->82449K(1041408K), [Metaspace: 2770K->2770K(1056768K)], 0.0075225 secs] [Times: user=0.00 sys=0.00, real=0.01 secs] 
20.660: [GC (Allocation Failure) [PSYoungGen: 86792K->5120K(97280K)] 374041K->292369K(1041408K), 0.0008240 secs] [Times: user=0.00 sys=0.00, real=0.00 secs] 
22.398: [GC (Allocation Failure) [PSYoungGen: 94985K->6144K(97280K)] 535834K->452113K(1041408K), 0.0011721 secs] [Times: user=0.01 sys=0.00, real=0.00 secs] 
24.138: [GC (Allocation Failure) [PSYoungGen: 80649K->0K(97280K)] 680218K->620049K(1041408K), 0.0019878 secs] [Times: user=0.00 sys=0.00, real=0.00 secs] 
25.012: [GC (Allocation Failure) [PSYoungGen: 89865K->5120K(97280K)] 812315K->732689K(1041408K), 0.0018634 secs] [Times: user=0.00 sys=0.00, real=0.00 secs] 
26.758: [GC (Allocation Failure) [PSYoungGen: 94986K->5120K(97280K)] 976155K->906769K(1041408K), 0.0047004 secs] [Times: user=0.00 sys=0.00, real=0.00 secs] 
26.763: [Full GC (Ergonomics) [PSYoungGen: 5120K->0K(97280K)] [ParOldGen: 901649K->36369K(944128K)] 906769K->36369K(1041408K), [Metaspace: 2780K->2780K(1056768K)], 0.0046308 secs] [Times: user=0.00 sys=0.00, real=0.00 secs] 
28.393: [GC (Allocation Failure) [PSYoungGen: 89222K->5152K(97280K)] 125592K->51769K(1041408K), 0.0013009 secs] [Times: user=0.00 sys=0.00, real=0.00 secs] 
29.271: [GC (Allocation Failure) [PSYoungGen: 95002K->5184K(97280K)] 244019K->210529K(1041408K), 0.0054016 secs] [Times: user=0.02 sys=0.00, real=0.01 secs] 
31.782: [GC (Allocation Failure) [PSYoungGen: 91968K->2112K(97280K)] 553313K->463457K(1041408K), 0.0010431 secs] [Times: user=0.00 sys=0.00, real=0.00 secs] 
33.525: [GC (Allocation Failure) [PSYoungGen: 91971K->6208K(97280K)] 706917K->627297K(1041408K), 0.0012431 secs] [Times: user=0.00 sys=0.00, real=0.00 secs] 
35.492: [GC (Allocation Failure) [PSYoungGen: 90950K->64K(97280K)] 865639K->795233K(1041408K), 0.0014517 secs] [Times: user=0.08 sys=0.00, real=0.00 secs] 
36.365: [Full GC (Ergonomics) [PSYoungGen: 89927K->0K(97280K)] [ParOldGen: 897569K->21009K(944128K)] 987496K->21009K(1041408K), [Metaspace: 2793K->2793K(1056768K)], 0.0047252 secs] [Times: user=0.00 sys=0.00, real=0.00 secs] 
38.108: [GC (Allocation Failure) [PSYoungGen: 89864K->5120K(97280K)] 264474K->205329K(1041408K), 0.0026771 secs] [Times: user=0.00 sys=0.00, real=0.00 secs] 
39.741: [GC (Allocation Failure) [PSYoungGen: 88841K->5120K(97280K)] 340250K->266769K(1041408K), 0.0015192 secs] [Times: user=0.00 sys=0.00, real=0.00 secs] 
40.614: [GC (Allocation Failure) [PSYoungGen: 94985K->5120K(97280K)] 459035K->374289K(1041408K), 0.0009383 secs] [Times: user=0.00 sys=0.00, real=0.00 secs] 
42.901: [GC (Allocation Failure) [PSYoungGen: 94985K->5120K(97280K)] 617755K->527889K(1041408K), 0.0010886 secs] [Times: user=0.00 sys=0.00, real=0.00 secs] 
44.753: [GC (Allocation Failure) [PSYoungGen: 91914K->6144K(97280K)] 768283K->697873K(1041408K), 0.0019183 secs] [Times: user=0.00 sys=0.00, real=0.00 secs] 
46.820: [GC (Allocation Failure) [PSYoungGen: 90890K->0K(97280K)] 936219K->855569K(1041408K), 0.0014229 secs] [Times: user=0.02 sys=0.00, real=0.00 secs] 
47.038: [GC (Allocation Failure) [PSYoungGen: 73482K->0K(97280K)] 929051K->927249K(1041408K), 0.0105598 secs] [Times: user=0.01 sys=0.00, real=0.01 secs] 
47.048: [Full GC (Ergonomics) [PSYoungGen: 0K->0K(97280K)] [ParOldGen: 927249K->72209K(944128K)] 927249K->72209K(1041408K), [Metaspace: 2795K->2795K(1056768K)], 0.0083562 secs] [Times: user=0.03 sys=0.00, real=0.01 secs] 
49.010: [GC (Allocation Failure) [PSYoungGen: 86787K->5120K(97280K)] 414997K->338449K(1041408K), 0.0013397 secs] [Times: user=0.00 sys=0.00, real=0.00 secs] 
50.966: [GC (Allocation Failure) [PSYoungGen: 93958K->5120K(97280K)] 580887K->502289K(1041408K), 0.0014484 secs] [Times: user=0.00 sys=0.00, real=0.00 secs] 
51.729: [GC (Allocation Failure) [PSYoungGen: 94983K->6144K(97280K)] 694552K->610833K(1041408K), 0.0015641 secs] [Times: user=0.00 sys=0.00, real=0.00 secs] 
53.471: [GC (Allocation Failure) [PSYoungGen: 96008K->6144K(97280K)] 854298K->770577K(1041408K), 0.0014727 secs] [Times: user=0.00 sys=0.00, real=0.00 secs] 
55.328: [GC (Allocation Failure) [PSYoungGen: 79625K->5120K(97280K)] 844058K->790033K(1041408K), 0.0019069 secs] [Times: user=0.00 sys=0.00, real=0.00 secs] 
56.200: [Full GC (Ergonomics) [PSYoungGen: 94978K->0K(97280K)] [ParOldGen: 887313K->26129K(944128K)] 982292K->26129K(1041408K), [Metaspace: 2796K->2796K(1056768K)], 0.0043365 secs] [Times: user=0.00 sys=0.00, real=0.00 secs] 
58.156: [GC (Allocation Failure) [PSYoungGen: 74501K->5120K(97280K)] 254231K->184849K(1041408K), 0.0009246 secs] [Times: user=0.00 sys=0.00, real=0.00 secs] 
59.031: [GC (Allocation Failure) [PSYoungGen: 94983K->5120K(97280K)] 377112K->338449K(1041408K), 0.0045557 secs] [Times: user=0.00 sys=0.00, real=0.00 secs] 
60.778: [GC (Allocation Failure) [PSYoungGen: 94984K->5120K(97280K)] 581913K->502289K(1041408K), 0.0013800 secs] [Times: user=0.00 sys=0.00, real=0.00 secs] 
62.415: [GC (Allocation Failure) [PSYoungGen: 78601K->5120K(97280K)] 729370K->666129K(1041408K), 0.0018941 secs] [Times: user=0.00 sys=0.00, real=0.00 secs] 
63.287: [GC (Allocation Failure) [PSYoungGen: 94985K->6144K(97280K)] 858395K->774673K(1041408K), 0.0014486 secs] [Times: user=0.00 sys=0.00, real=0.00 secs] 
65.036: [Full GC (Ergonomics) [PSYoungGen: 96009K->0K(97280K)] [ParOldGen: 922129K->27648K(944128K)] 1018139K->27648K(1041408K), [Metaspace: 2796K->2796K(1056768K)], 0.0048246 secs] [Times: user=0.00 sys=0.00, real=0.00 secs] 
66.672: [GC (Allocation Failure) [PSYoungGen: 73482K->5120K(97280K)] 101130K->43008K(1041408K), 0.0013641 secs] [Times: user=0.00 sys=0.00, real=0.00 secs] 
67.542: [GC (Allocation Failure) [PSYoungGen: 94979K->5120K(97280K)] 235267K->176128K(1041408K), 0.0027363 secs] [Times: user=0.00 sys=0.00, real=0.00 secs] 
70.164: [GC (Allocation Failure) [PSYoungGen: 91910K->5120K(97280K)] 570118K->483328K(1041408K), 0.0012911 secs] [Times: user=0.00 sys=0.00, real=0.00 secs] 
71.905: [GC (Allocation Failure) [PSYoungGen: 94983K->6144K(97280K)] 726791K->643072K(1041408K), 0.0026275 secs] [Times: user=0.00 sys=0.00, real=0.00 secs] 
73.749: [GC (Allocation Failure) [PSYoungGen: 85768K->0K(97280K)] 876296K->811008K(1041408K), 0.0023525 secs] [Times: user=0.00 sys=0.00, real=0.00 secs] 
74.618: [Full GC (Ergonomics) [PSYoungGen: 89865K->0K(97280K)] [ParOldGen: 913408K->21009K(944128K)] 1003273K->21009K(1041408K), [Metaspace: 2796K->2796K(1056768K)], 0.0035570 secs] [Times: user=0.00 sys=0.00, real=0.00 secs] 
76.364: [GC (Allocation Failure) [PSYoungGen: 89865K->5120K(97280K)] 264475K->195089K(1041408K), 0.0019287 secs] [Times: user=0.00 sys=0.00, real=0.00 secs] 
77.999: [GC (Allocation Failure) [PSYoungGen: 93961K->5120K(97280K)] 283931K->205329K(1041408K), 0.0017440 secs] [Times: user=0.00 sys=0.00, real=0.00 secs] 
78.870: [GC (Allocation Failure) [PSYoungGen: 94980K->5120K(97280K)] 397590K->364049K(1041408K), 0.0053329 secs] [Times: user=0.00 sys=0.00, real=0.01 secs] 
81.381: [GC (Allocation Failure) [PSYoungGen: 91910K->2048K(97280K)] 706840K->616977K(1041408K), 0.0010398 secs] [Times: user=0.00 sys=0.00, real=0.00 secs] 
83.126: [GC (Allocation Failure) [PSYoungGen: 91912K->6144K(97280K)] 860441K->780817K(1041408K), 0.0015733 secs] [Times: user=0.00 sys=0.00, real=0.00 secs] 
85.081: [Full GC (Ergonomics) [PSYoungGen: 90888K->0K(97280K)] [ParOldGen: 928273K->11264K(944128K)] 1019162K->11264K(1041408K), [Metaspace: 2796K->2796K(1056768K)], 0.0032058 secs] [Times: user=0.00 sys=0.00, real=0.00 secs] 
85.955: [GC (Allocation Failure) [PSYoungGen: 89865K->5120K(97280K)] 203529K->123904K(1041408K), 0.0009084 secs] [Times: user=0.00 sys=0.00, real=0.00 secs] 
87.696: [GC (Allocation Failure) [PSYoungGen: 94985K->5120K(97280K)] 367369K->308224K(1041408K), 0.0035140 secs] [Times: user=0.00 sys=0.00, real=0.00 secs] 
89.330: [GC (Allocation Failure) [PSYoungGen: 88841K->5120K(97280K)] 443146K->369664K(1041408K), 0.0020279 secs] [Times: user=0.00 sys=0.00, real=0.00 secs] 
90.202: [GC (Allocation Failure) [PSYoungGen: 94986K->5120K(97280K)] 561930K->477184K(1041408K), 0.0015211 secs] [Times: user=0.00 sys=0.00, real=0.00 secs] 
92.490: [GC (Allocation Failure) [PSYoungGen: 94986K->5120K(97280K)] 720650K->630784K(1041408K), 0.0015037 secs] [Times: user=0.00 sys=0.00, real=0.00 secs] 
94.344: [GC (Allocation Failure) [PSYoungGen: 91914K->6144K(97280K)] 871178K->800768K(1041408K), 0.0026118 secs] [Times: user=0.00 sys=0.00, real=0.00 secs] 
95.217: [GC (Allocation Failure) [PSYoungGen: 69386K->1024K(97280K)] 915210K->857088K(1041408K), 0.0025505 secs] [Times: user=0.00 sys=0.00, real=0.00 secs] 
95.219: [GC (Allocation Failure) [PSYoungGen: 1024K->1024K(97280K)] 857088K->857088K(1041408K), 0.0016808 secs] [Times: user=0.00 sys=0.00, real=0.00 secs] 
95.221: [Full GC (Allocation Failure) [PSYoungGen: 1024K->0K(97280K)] [ParOldGen: 856064K->78353K(944128K)] 857088K->78353K(1041408K), [Metaspace: 2796K->2796K(1056768K)], 0.0071875 secs] [Times: user=0.00 sys=0.00, real=0.01 secs] 
97.735: [GC (Allocation Failure) [PSYoungGen: 86794K->5120K(97280K)] 421147K->370193K(1041408K), 0.0032608 secs] [Times: user=0.00 sys=0.00, real=0.00 secs] 
98.494: [GC (Allocation Failure) [PSYoungGen: 94986K->5120K(97280K)] 562459K->528913K(1041408K), 0.0054886 secs] [Times: user=0.00 sys=0.00, real=0.01 secs] 
100.456: [GC (Allocation Failure) [PSYoungGen: 88842K->5120K(97280K)] 766235K->687633K(1041408K), 0.0015314 secs] [Times: user=0.00 sys=0.00, real=0.00 secs] 
101.983: [GC (Allocation Failure) [PSYoungGen: 89866K->6144K(97280K)] 925980K->857617K(1041408K), 0.0020318 secs] [Times: user=0.00 sys=0.00, real=0.00 secs] 
102.310: [GC (Allocation Failure) [PSYoungGen: 89866K->6144K(97280K)] 941339K->908817K(1041408K), 0.0054378 secs] [Times: user=0.00 sys=0.00, real=0.01 secs] 
102.315: [Full GC (Ergonomics) [PSYoungGen: 6144K->0K(97280K)] [ParOldGen: 902673K->62993K(944128K)] 908817K->62993K(1041408K), [Metaspace: 2796K->2796K(1056768K)], 0.0062235 secs] [Times: user=0.00 sys=0.00, real=0.01 secs] 
104.836: [GC (Allocation Failure) [PSYoungGen: 85764K->5120K(97280K)] 251158K->180753K(1041408K), 0.0014375 secs] [Times: user=0.00 sys=0.00, real=0.00 secs] 
105.597: [GC (Allocation Failure) [PSYoungGen: 94982K->5120K(97280K)] 373015K->298513K(1041408K), 0.0018582 secs] [Times: user=0.00 sys=0.00, real=0.00 secs] 
107.781: [GC (Allocation Failure) [PSYoungGen: 89863K->5120K(97280K)] 536857K->452113K(1041408K), 0.0008559 secs] [Times: user=0.00 sys=0.00, real=0.00 secs] 
108.656: [GC (Allocation Failure) [PSYoungGen: 94984K->5120K(97280K)] 644378K->605713K(1041408K), 0.0052028 secs] [Times: user=0.00 sys=0.00, real=0.00 secs] 
110.397: [GC (Allocation Failure) [PSYoungGen: 94985K->5120K(97280K)] 849178K->769553K(1041408K), 0.0017352 secs] [Times: user=0.00 sys=0.00, real=0.00 secs] 
112.031: [Full GC (Ergonomics) [PSYoungGen: 78601K->0K(97280K)] [ParOldGen: 918033K->16384K(944128K)] 996635K->16384K(1041408K), [Metaspace: 2796K->2796K(1056768K)], 0.0045051 secs] [Times: user=0.00 sys=0.00, real=0.00 secs] 
112.898: [GC (Allocation Failure) [PSYoungGen: 89865K->6144K(97280K)] 208649K->124928K(1041408K), 0.0010124 secs] [Times: user=0.00 sys=0.00, real=0.00 secs] 
114.643: [GC (Allocation Failure) [PSYoungGen: 96010K->6144K(97280K)] 368394K->293888K(1041408K), 0.0017840 secs] [Times: user=0.00 sys=0.00, real=0.00 secs] 
116.275: [GC (Allocation Failure) [PSYoungGen: 79626K->5120K(97280K)] 367370K->303104K(1041408K), 0.0017080 secs] [Times: user=0.00 sys=0.00, real=0.00 secs] 
117.147: [GC (Allocation Failure) [PSYoungGen: 94979K->5120K(97280K)] 495363K->436224K(1041408K), 0.0035488 secs] [Times: user=0.00 sys=0.00, real=0.00 secs] 
119.761: [GC (Allocation Failure) [PSYoungGen: 91910K->5120K(97280K)] 830214K->743424K(1041408K), 0.0021624 secs] [Times: user=0.00 sys=0.00, real=0.00 secs] 
121.506: [Full GC (Ergonomics) [PSYoungGen: 94983K->0K(97280K)] [ParOldGen: 891904K->114193K(944128K)] 986887K->114193K(1041408K), [Metaspace: 2796K->2796K(1056768K)], 0.0097056 secs] [Times: user=0.00 sys=0.00, real=0.01 secs] 
123.373: [GC (Allocation Failure) [PSYoungGen: 79624K->0K(97280K)] 347417K->288273K(1041408K), 0.0021158 secs] [Times: user=0.00 sys=0.00, real=0.00 secs] 
124.243: [GC (Allocation Failure) [PSYoungGen: 89865K->5120K(97280K)] 480538K->400913K(1041408K), 0.0020146 secs] [Times: user=0.00 sys=0.00, real=0.00 secs] 
125.986: [GC (Allocation Failure) [PSYoungGen: 94985K->5120K(97280K)] 644379K->569873K(1041408K), 0.0018001 secs] [Times: user=0.00 sys=0.00, real=0.00 secs] 
127.622: [GC (Allocation Failure) [PSYoungGen: 93961K->5120K(97280K)] 658715K->580113K(1041408K), 0.0015340 secs] [Times: user=0.00 sys=0.00, real=0.00 secs] 
128.495: [GC (Allocation Failure) [PSYoungGen: 94980K->5120K(97280K)] 772374K->738833K(1041408K), 0.0059515 secs] [Times: user=0.00 sys=0.00, real=0.00 secs] 
130.675: [Full GC (Ergonomics) [PSYoungGen: 89862K->0K(97280K)] [ParOldGen: 887313K->6144K(944128K)] 977176K->6144K(1041408K), [Metaspace: 2796K->2796K(1056768K)], 0.0029436 secs] [Times: user=0.00 sys=0.00, real=0.00 secs] 
132.638: [GC (Allocation Failure) [PSYoungGen: 86792K->6144K(97280K)] 348936K->274432K(1041408K), 0.0013613 secs] [Times: user=0.00 sys=0.00, real=0.00 secs] 
134.706: [GC (Allocation Failure) [PSYoungGen: 96008K->0K(97280K)] 517896K->442368K(1041408K), 0.0020058 secs] [Times: user=0.00 sys=0.00, real=0.00 secs] 
135.576: [GC (Allocation Failure) [PSYoungGen: 89865K->5120K(97280K)] 634633K->555008K(1041408K), 0.0017973 secs] [Times: user=0.00 sys=0.00, real=0.00 secs] 
137.321: [GC (Allocation Failure) [PSYoungGen: 94985K->5120K(97280K)] 798474K->734208K(1041408K), 0.0026833 secs] [Times: user=0.02 sys=0.00, real=0.00 secs] 
138.956: [GC (Allocation Failure) [PSYoungGen: 88841K->5120K(97280K)] 869130K->795648K(1041408K), 0.0020456 secs] [Times: user=0.00 sys=0.00, real=0.00 secs] 
139.827: [Full GC (Ergonomics) [PSYoungGen: 94986K->0K(97280K)] [ParOldGen: 892928K->113169K(944128K)] 987914K->113169K(1041408K), [Metaspace: 2796K->2796K(1056768K)], 0.0096768 secs] [Times: user=0.00 sys=0.00, real=0.01 secs] 
142.133: [GC (Allocation Failure) [PSYoungGen: 89866K->5120K(97280K)] 356635K->271889K(1041408K), 0.0007130 secs] [Times: user=0.00 sys=0.00, real=0.00 secs] 
143.989: [GC (Allocation Failure) [PSYoungGen: 91914K->6144K(97280K)] 512283K->441873K(1041408K), 0.0018867 secs] [Times: user=0.00 sys=0.00, real=0.00 secs] 
146.061: [GC (Allocation Failure) [PSYoungGen: 90890K->0K(97280K)] 680219K->599569K(1041408K), 0.0016443 secs] [Times: user=0.00 sys=0.00, real=0.00 secs] 
146.936: [GC (Allocation Failure) [PSYoungGen: 89866K->5120K(97280K)] 791835K->732689K(1041408K), 0.0024849 secs] [Times: user=0.00 sys=0.00, real=0.00 secs] 
148.682: [Full GC (Ergonomics) [PSYoungGen: 94986K->0K(97280K)] [ParOldGen: 881169K->87569K(944128K)] 976156K->87569K(1041408K), [Metaspace: 2796K->2796K(1056768K)], 0.0081050 secs] [Times: user=0.00 sys=0.00, real=0.01 secs] 
150.316: [GC (Allocation Failure) [PSYoungGen: 78602K->5120K(97280K)] 319771K->256529K(1041408K), 0.0014940 secs] [Times: user=0.00 sys=0.00, real=0.00 secs] 
151.188: [GC (Allocation Failure) [PSYoungGen: 94986K->6144K(97280K)] 448795K->365073K(1041408K), 0.0011819 secs] [Times: user=0.00 sys=0.00, real=0.00 secs] 
152.934: [GC (Allocation Failure) [PSYoungGen: 96010K->6144K(97280K)] 608539K->524817K(1041408K), 0.0015161 secs] [Times: user=0.00 sys=0.00, real=0.00 secs] 
155.106: [GC (Allocation Failure) [PSYoungGen: 91914K->6144K(97280K)] 764188K->688657K(1041408K), 0.0023524 secs] [Times: user=0.00 sys=0.00, real=0.00 secs] 
157.396: [GC (Allocation Failure) [PSYoungGen: 96010K->5120K(97280K)] 932124K->841233K(1041408K), 0.0013583 secs] [Times: user=0.00 sys=0.00, real=0.00 secs] 
158.269: [Full GC (Ergonomics) [PSYoungGen: 94986K->0K(97280K)] [ParOldGen: 938513K->57344K(944128K)] 1033499K->57344K(1041408K), [Metaspace: 2796K->2796K(1056768K)], 0.0061887 secs] [Times: user=0.00 sys=0.00, real=0.01 secs] 
160.018: [GC (Allocation Failure) [PSYoungGen: 89866K->5120K(97280K)] 300810K->226304K(1041408K), 0.0013082 secs] [Times: user=0.00 sys=0.00, real=0.00 secs] 
161.651: [GC (Allocation Failure) [PSYoungGen: 78602K->5120K(97280K)] 453386K->390144K(1041408K), 0.0016480 secs] [Times: user=0.00 sys=0.00, real=0.00 secs] 
162.524: [GC (Allocation Failure) [PSYoungGen: 94986K->6144K(97280K)] 582410K->498688K(1041408K), 0.0017605 secs] [Times: user=0.00 sys=0.00, real=0.00 secs] 
164.272: [GC (Allocation Failure) [PSYoungGen: 96010K->6144K(97280K)] 742154K->667648K(1041408K), 0.0026836 secs] [Times: user=0.00 sys=0.00, real=0.00 secs] 
165.911: [GC (Allocation Failure) [PSYoungGen: 79626K->5120K(97280K)] 741130K->676864K(1041408K), 0.0021861 secs] [Times: user=0.00 sys=0.00, real=0.00 secs] 
166.786: [GC (Allocation Failure) [PSYoungGen: 94979K->5120K(97280K)] 869123K->809984K(1041408K), 0.0033821 secs] [Times: user=0.02 sys=0.00, real=0.00 secs] 
167.551: [GC (Allocation Failure) [PSYoungGen: 63238K->0K(97280K)] 919302K->856064K(1041408K), 0.0027002 secs] [Times: user=0.00 sys=0.00, real=0.00 secs] 
167.554: [GC (Allocation Failure) [PSYoungGen: 0K->0K(97280K)] 856064K->856064K(1041408K), 0.0016770 secs] [Times: user=0.00 sys=0.00, real=0.00 secs] 
167.555: [Full GC (Allocation Failure) [PSYoungGen: 0K->0K(97280K)] [ParOldGen: 856064K->82449K(944128K)] 856064K->82449K(1041408K), [Metaspace: 2796K->2796K(1056768K)], 0.0079046 secs] [Times: user=0.00 sys=0.00, real=0.01 secs] 
169.533: [GC (Allocation Failure) [PSYoungGen: 86791K->5120K(97280K)] 374041K->292369K(1041408K), 0.0007801 secs] [Times: user=0.00 sys=0.00, real=0.00 secs] 
171.275: [GC (Allocation Failure) [PSYoungGen: 94984K->6144K(97280K)] 535834K->452113K(1041408K), 0.0012364 secs] [Times: user=0.00 sys=0.00, real=0.00 secs] 
173.034: [GC (Allocation Failure) [PSYoungGen: 80649K->0K(97280K)] 680218K->620049K(1041408K), 0.0021649 secs] [Times: user=0.00 sys=0.00, real=0.00 secs] 
173.908: [GC (Allocation Failure) [PSYoungGen: 89865K->5120K(97280K)] 812315K->732689K(1041408K), 0.0013748 secs] [Times: user=0.00 sys=0.00, real=0.00 secs] 
175.652: [GC (Allocation Failure) [PSYoungGen: 94985K->5120K(97280K)] 976155K->901649K(1041408K), 0.0020672 secs] [Times: user=0.00 sys=0.00, real=0.00 secs] 
175.654: [Full GC (Ergonomics) [PSYoungGen: 5120K->0K(97280K)] [ParOldGen: 896529K->36369K(944128K)] 901649K->36369K(1041408K), [Metaspace: 2796K->2796K(1056768K)], 0.0048977 secs] [Times: user=0.00 sys=0.00, real=0.00 secs] 
177.286: [GC (Allocation Failure) [PSYoungGen: 88842K->5120K(97280K)] 125211K->51729K(1041408K), 0.0013698 secs] [Times: user=0.00 sys=0.00, real=0.00 secs] 
178.159: [GC (Allocation Failure) [PSYoungGen: 94973K->5120K(97280K)] 243982K->210449K(1041408K), 0.0052017 secs] [Times: user=0.00 sys=0.00, real=0.00 secs] 
180.669: [GC (Allocation Failure) [PSYoungGen: 91906K->2048K(97280K)] 553235K->463377K(1041408K), 0.0009388 secs] [Times: user=0.00 sys=0.00, real=0.00 secs] 
182.414: [GC (Allocation Failure) [PSYoungGen: 91908K->6144K(97280K)] 706838K->627217K(1041408K), 0.0015880 secs] [Times: user=0.02 sys=0.00, real=0.00 secs] 
184.378: [GC (Allocation Failure) [PSYoungGen: 90886K->0K(97280K)] 865560K->795153K(1041408K), 0.0014416 secs] [Times: user=0.00 sys=0.00, real=0.00 secs] 
185.245: [Full GC (Ergonomics) [PSYoungGen: 89864K->0K(97280K)] [ParOldGen: 897553K->21009K(944128K)] 987417K->21009K(1041408K), [Metaspace: 2796K->2796K(1056768K)], 0.0042617 secs] [Times: user=0.00 sys=0.00, real=0.00 secs] 
186.989: [GC (Allocation Failure) [PSYoungGen: 89864K->5120K(97280K)] 264474K->205329K(1041408K), 0.0029521 secs] [Times: user=0.00 sys=0.00, real=0.00 secs] 
188.624: [GC (Allocation Failure) [PSYoungGen: 88841K->5120K(97280K)] 340250K->266769K(1041408K), 0.0015487 secs] [Times: user=0.00 sys=0.00, real=0.00 secs] 
189.498: [GC (Allocation Failure) [PSYoungGen: 94985K->5120K(97280K)] 459035K->374289K(1041408K), 0.0012494 secs] [Times: user=0.00 sys=0.00, real=0.00 secs] 
191.792: [GC (Allocation Failure) [PSYoungGen: 94986K->5152K(97280K)] 617755K->527921K(1041408K), 0.0008527 secs] [Times: user=0.00 sys=0.00, real=0.00 secs] 
193.641: [GC (Allocation Failure) [PSYoungGen: 91946K->6176K(97280K)] 768315K->697905K(1041408K), 0.0017564 secs] [Times: user=0.00 sys=0.00, real=0.00 secs] 
195.716: [GC (Allocation Failure) [PSYoungGen: 90922K->32K(97280K)] 936251K->855601K(1041408K), 0.0013544 secs] [Times: user=0.00 sys=0.00, real=0.00 secs] 
195.934: [GC (Allocation Failure) [PSYoungGen: 73514K->32K(97280K)] 929083K->927281K(1041408K), 0.0078782 secs] [Times: user=0.00 sys=0.00, real=0.01 secs] 
195.942: [Full GC (Ergonomics) [PSYoungGen: 32K->0K(97280K)] [ParOldGen: 927249K->72209K(944128K)] 927281K->72209K(1041408K), [Metaspace: 2796K->2796K(1056768K)], 0.0079529 secs] [Times: user=0.00 sys=0.00, real=0.01 secs] 
197.921: [GC (Allocation Failure) [PSYoungGen: 86787K->5120K(97280K)] 414997K->338449K(1041408K), 0.0011705 secs] [Times: user=0.00 sys=0.00, real=0.00 secs] 
199.882: [GC (Allocation Failure) [PSYoungGen: 93958K->5120K(97280K)] 580887K->502289K(1041408K), 0.0014689 secs] [Times: user=0.00 sys=0.00, real=0.00 secs] 
200.648: [GC (Allocation Failure) [PSYoungGen: 94983K->6144K(97280K)] 694553K->610833K(1041408K), 0.0012669 secs] [Times: user=0.00 sys=0.00, real=0.00 secs] 
202.392: [GC (Allocation Failure) [PSYoungGen: 96008K->6144K(97280K)] 854298K->770577K(1041408K), 0.0018301 secs] [Times: user=0.00 sys=0.00, real=0.00 secs] 
204.248: [GC (Allocation Failure) [PSYoungGen: 79625K->5120K(97280K)] 844059K->790034K(1041408K), 0.0018408 secs] [Times: user=0.00 sys=0.00, real=0.00 secs] 
205.119: [Full GC (Ergonomics) [PSYoungGen: 94978K->0K(97280K)] [ParOldGen: 887314K->26129K(944128K)] 982292K->26129K(1041408K), [Metaspace: 2796K->2796K(1056768K)], 0.0041770 secs] [Times: user=0.00 sys=0.00, real=0.00 secs] 
207.084: [GC (Allocation Failure) [PSYoungGen: 74501K->5120K(97280K)] 254231K->184849K(1041408K), 0.0007319 secs] [Times: user=0.00 sys=0.00, real=0.00 secs] 
207.957: [GC (Allocation Failure) [PSYoungGen: 94983K->5120K(97280K)] 377113K->338449K(1041408K), 0.0045509 secs] [Times: user=0.00 sys=0.00, real=0.00 secs] 
209.705: [GC (Allocation Failure) [PSYoungGen: 94984K->5120K(97280K)] 581914K->502289K(1041408K), 0.0018139 secs] [Times: user=0.00 sys=0.00, real=0.00 secs] 
211.345: [GC (Allocation Failure) [PSYoungGen: 78601K->5120K(97280K)] 729370K->666129K(1041408K), 0.0015140 secs] [Times: user=0.00 sys=0.00, real=0.00 secs] 
212.218: [GC (Allocation Failure) [PSYoungGen: 94985K->6144K(97280K)] 858395K->774674K(1041408K), 0.0016049 secs] [Times: user=0.00 sys=0.00, real=0.00 secs] 
213.963: [Full GC (Ergonomics) [PSYoungGen: 96009K->0K(97280K)] [ParOldGen: 922130K->27648K(944128K)] 1018139K->27648K(1041408K), [Metaspace: 2796K->2796K(1056768K)], 0.0043112 secs] [Times: user=0.00 sys=0.00, real=0.00 secs] 
215.593: [GC (Allocation Failure) [PSYoungGen: 73482K->5120K(97280K)] 101130K->43008K(1041408K), 0.0013469 secs] [Times: user=0.00 sys=0.00, real=0.00 secs] 
216.466: [GC (Allocation Failure) [PSYoungGen: 94979K->5120K(97280K)] 235267K->176128K(1041408K), 0.0026792 secs] [Times: user=0.00 sys=0.00, real=0.00 secs] 
Heap
 PSYoungGen      total 97280K, used 86544K [0x00000000f9a00000, 0x0000000100000000, 0x0000000100000000)
  eden space 90112K, 90% used [0x00000000f9a00000,0x00000000fe984238,0x00000000ff200000)
  from space 7168K, 71% used [0x00000000ff900000,0x00000000ffe00010,0x0000000100000000)
  to   space 7168K, 0% used [0x00000000ff200000,0x00000000ff200000,0x00000000ff900000)
 ParOldGen       total 944128K, used 324608K [0x00000000c0000000, 0x00000000f9a00000, 0x00000000f9a00000)
  object space 944128K, 34% used [0x00000000c0000000,0x00000000d3d000c0,0x00000000f9a00000)
 Metaspace       used 2804K, capacity 4486K, committed 4864K, reserved 1056768K
  class space    used 297K, capacity 386K, committed 512K, reserved 1048576K
