Java HotSpot(TM) 64-Bit Server VM (25.411-b09) for windows-amd64 JRE (1.8.0_411-b09), built on Mar 13 2024 07:26:13 by "java_re" with MS VC++ 17.1 (VS2022)
Memory: 4k page, physical 33403376k(15092796k free), swap 38794768k(7642572k free)
CommandLine flags: -XX:InitialHeapSize=1073741824 -XX:MaxHeapSize=1073741824 -XX:NewRatio=8 -XX:ParallelGCThreads=6 -XX:+PrintGC -XX:+PrintGCDetails -XX:+PrintGCTimeStamps -XX:SurvivorRatio=3 -XX:-UseAdaptiveSizePolicy -XX:+UseCompressedClassPointers -XX:+UseCompressedOops -XX:-UseLargePagesIndividualAllocation -XX:+UseParallelGC 
1.155: [GC (Allocation Failure) [PSYoungGen: 56053K->16080K(93184K)] 56053K->16088K(1025536K), 0.0039050 secs] [Times: user=0.00 sys=0.00, real=0.00 secs] 
2.512: [GC (Allocation Failure) [PSYoungGen: 79912K->22176K(93184K)] 233520K->175784K(1025536K), 0.0045434 secs] [Times: user=0.00 sys=0.00, real=0.01 secs] 
3.870: [GC (Allocation Failure) [PSYoungGen: 86020K->18080K(93184K)] 393228K->325288K(1025536K), 0.0021892 secs] [Times: user=0.00 sys=0.00, real=0.00 secs] 
5.509: [GC (Allocation Failure) [PSYoungGen: 80908K->21152K(93184K)] 388116K->333480K(1025536K), 0.0020852 secs] [Times: user=0.00 sys=0.00, real=0.00 secs] 
6.868: [GC (Allocation Failure) [PSYoungGen: 85006K->15992K(93184K)] 550934K->492160K(1025536K), 0.0044461 secs] [Times: user=0.00 sys=0.00, real=0.00 secs] 
8.815: [GC (Allocation Failure) [PSYoungGen: 85672K->600K(93184K)] 869040K->783976K(1025536K), 0.0016163 secs] [Times: user=0.00 sys=0.00, real=0.00 secs] 
9.906: [GC (Allocation Failure) [PSYoungGen: 54221K->15960K(93184K)] 837598K->799336K(1025536K), 0.0024670 secs] [Times: user=0.00 sys=0.00, real=0.00 secs] 
10.139: [GC (Allocation Failure) [PSYoungGen: 37836K->5688K(93184K)] 872412K->840264K(1025536K), 0.0022169 secs] [Times: user=0.00 sys=0.00, real=0.00 secs] 
10.141: [GC (Allocation Failure) [PSYoungGen: 5688K->5720K(93184K)] 840264K->840296K(1025536K), 0.0013699 secs] [Times: user=0.00 sys=0.00, real=0.00 secs] 
10.143: [Full GC (Allocation Failure) [PSYoungGen: 5720K->0K(93184K)] [ParOldGen: 834576K->108048K(932352K)] 840296K->108048K(1025536K), [Metaspace: 2761K->2761K(1056768K)], 0.0173284 secs] [Times: user=0.00 sys=0.00, real=0.02 secs] 
11.358: [GC (Allocation Failure) [PSYoungGen: 53620K->15360K(93184K)] 264069K->225808K(1025536K), 0.0016177 secs] [Times: user=0.00 sys=0.00, real=0.00 secs] 
12.776: [GC (Allocation Failure) [PSYoungGen: 68414K->15392K(93184K)] 432463K->379448K(1025536K), 0.0014949 secs] [Times: user=0.00 sys=0.00, real=0.00 secs] 
14.086: [GC (Allocation Failure) [PSYoungGen: 79256K->16416K(93184K)] 596913K->544313K(1025536K), 0.0020718 secs] [Times: user=0.00 sys=0.00, real=0.00 secs] 
15.399: [GC (Allocation Failure) [PSYoungGen: 80281K->16416K(93184K)] 761778K->708153K(1025536K), 0.0023026 secs] [Times: user=0.00 sys=0.00, real=0.00 secs] 
16.928: [GC (Allocation Failure) [PSYoungGen: 79257K->15424K(93184K)] 770994K->707161K(1025536K), 0.0017378 secs] [Times: user=0.00 sys=0.00, real=0.00 secs] 
18.239: [GC (Allocation Failure) [PSYoungGen: 79287K->15392K(93184K)] 924624K->881209K(1025536K), 0.0080761 secs] [Times: user=0.02 sys=0.00, real=0.01 secs] 
18.688: [Full GC (Ergonomics) [PSYoungGen: 57752K->0K(93184K)] [ParOldGen: 917017K->82449K(932352K)] 974769K->82449K(1025536K), [Metaspace: 2770K->2770K(1056768K)], 0.0094797 secs] [Times: user=0.02 sys=0.00, real=0.01 secs] 
21.215: [GC (Allocation Failure) [PSYoungGen: 65913K->15360K(93184K)] 404362K->353809K(1025536K), 0.0016687 secs] [Times: user=0.00 sys=0.00, real=0.00 secs] 
22.530: [GC (Allocation Failure) [PSYoungGen: 79226K->16384K(93184K)] 571275K->508433K(1025536K), 0.0013295 secs] [Times: user=0.00 sys=0.00, real=0.00 secs] 
24.169: [GC (Allocation Failure) [PSYoungGen: 85370K->20480K(93184K)] 731019K->666129K(1025536K), 0.0018150 secs] [Times: user=0.00 sys=0.00, real=0.00 secs] 
25.478: [GC (Allocation Failure) [PSYoungGen: 84346K->20480K(93184K)] 883595K->824849K(1025536K), 0.0025952 secs] [Times: user=0.00 sys=0.00, real=0.00 secs] 
25.809: [GC (Allocation Failure) [PSYoungGen: 52602K->20480K(93184K)] 908172K->876049K(1025536K), 0.0024179 secs] [Times: user=0.00 sys=0.00, real=0.00 secs] 
25.811: [GC (Allocation Failure) [PSYoungGen: 20480K->20480K(93184K)] 876049K->876049K(1025536K), 0.0016540 secs] [Times: user=0.00 sys=0.00, real=0.00 secs] 
25.813: [Full GC (Allocation Failure) [PSYoungGen: 20480K->0K(93184K)] [ParOldGen: 855569K->77329K(932352K)] 876049K->77329K(1025536K), [Metaspace: 2779K->2779K(1056768K)], 0.0073959 secs] [Times: user=0.00 sys=0.00, real=0.01 secs] 
27.027: [GC (Allocation Failure) [PSYoungGen: 53626K->15360K(93184K)] 233355K->195089K(1025536K), 0.0014417 secs] [Times: user=0.00 sys=0.00, real=0.00 secs] 
28.444: [GC (Allocation Failure) [PSYoungGen: 83619K->15392K(93184K)] 263348K->195129K(1025536K), 0.0014139 secs] [Times: user=0.00 sys=0.00, real=0.00 secs] 
29.750: [GC (Allocation Failure) [PSYoungGen: 79254K->20512K(93184K)] 412591K->353849K(1025536K), 0.0018871 secs] [Times: user=0.00 sys=0.00, real=0.00 secs] 
31.930: [GC (Allocation Failure) [PSYoungGen: 86423K->6176K(93184K)] 675761K->595513K(1025536K), 0.0017111 secs] [Times: user=0.00 sys=0.00, real=0.00 secs] 
33.237: [GC (Allocation Failure) [PSYoungGen: 75160K->8224K(93184K)] 818098K->751161K(1025536K), 0.0019665 secs] [Times: user=0.00 sys=0.00, real=0.00 secs] 
34.111: [GC (Allocation Failure) [PSYoungGen: 60825K->17440K(93184K)] 803762K->770617K(1025536K), 0.0025344 secs] [Times: user=0.00 sys=0.00, real=0.00 secs] 
35.646: [Full GC (Ergonomics) [PSYoungGen: 86422K->0K(93184K)] [ParOldGen: 906777K->31744K(932352K)] 993199K->31744K(1025536K), [Metaspace: 2793K->2793K(1056768K)], 0.0047952 secs] [Times: user=0.00 sys=0.00, real=0.00 secs] 
36.408: [GC (Allocation Failure) [PSYoungGen: 68984K->10240K(93184K)] 203128K->144384K(1025536K), 0.0010113 secs] [Times: user=0.00 sys=0.00, real=0.00 secs] 
37.717: [GC (Allocation Failure) [PSYoungGen: 79225K->10240K(93184K)] 366969K->318464K(1025536K), 0.0025228 secs] [Times: user=0.00 sys=0.00, real=0.00 secs] 
39.243: [GC (Allocation Failure) [PSYoungGen: 78201K->5120K(93184K)] 437626K->364544K(1025536K), 0.0009338 secs] [Times: user=0.00 sys=0.00, real=0.00 secs] 
40.563: [GC (Allocation Failure) [PSYoungGen: 74106K->10240K(93184K)] 587130K->523264K(1025536K), 0.0015169 secs] [Times: user=0.00 sys=0.00, real=0.00 secs] 
41.870: [GC (Allocation Failure) [PSYoungGen: 79226K->16384K(93184K)] 745850K->683008K(1025536K), 0.0019994 secs] [Times: user=0.00 sys=0.00, real=0.00 secs] 
43.945: [GC (Allocation Failure) [PSYoungGen: 85370K->21504K(93184K)] 751995K->688128K(1025536K), 0.0023421 secs] [Times: user=0.00 sys=0.00, real=0.00 secs] 
45.254: [GC (Allocation Failure) [PSYoungGen: 85368K->21504K(93184K)] 905592K->841728K(1025536K), 0.0025809 secs] [Times: user=0.00 sys=0.00, real=0.00 secs] 
45.694: [GC (Allocation Failure) [PSYoungGen: 63865K->16384K(93184K)] 935289K->898048K(1025536K), 0.0025840 secs] [Times: user=0.00 sys=0.00, real=0.00 secs] 
45.697: [GC (Allocation Failure) [PSYoungGen: 16384K->16384K(93184K)] 898048K->898048K(1025536K), 0.0020994 secs] [Times: user=0.00 sys=0.00, real=0.00 secs] 
45.699: [Full GC (Allocation Failure) [PSYoungGen: 16384K->0K(93184K)] [ParOldGen: 881664K->78353K(932352K)] 898048K->78353K(1025536K), [Metaspace: 2795K->2795K(1056768K)], 0.0073973 secs] [Times: user=0.00 sys=0.00, real=0.01 secs] 
47.896: [GC (Allocation Failure) [PSYoungGen: 65913K->20480K(93184K)] 400267K->365073K(1025536K), 0.0026076 secs] [Times: user=0.02 sys=0.00, real=0.00 secs] 
49.204: [GC (Allocation Failure) [PSYoungGen: 89466K->20480K(93184K)] 587659K->523793K(1025536K), 0.0021822 secs] [Times: user=0.00 sys=0.00, real=0.00 secs] 
50.845: [GC (Allocation Failure) [PSYoungGen: 88442K->10240K(93184K)] 745356K->667153K(1025536K), 0.0014128 secs] [Times: user=0.00 sys=0.00, real=0.00 secs] 
52.156: [GC (Allocation Failure) [PSYoungGen: 79226K->11264K(93184K)] 889740K->821777K(1025536K), 0.0014547 secs] [Times: user=0.00 sys=0.00, real=0.00 secs] 
52.809: [GC (Allocation Failure) [PSYoungGen: 63866K->11264K(93184K)] 925580K->872977K(1025536K), 0.0018117 secs] [Times: user=0.00 sys=0.00, real=0.00 secs] 
52.811: [GC (Allocation Failure) [PSYoungGen: 11264K->11264K(93184K)] 872977K->872977K(1025536K), 0.0017110 secs] [Times: user=0.00 sys=0.00, real=0.00 secs] 
52.813: [Full GC (Allocation Failure) [PSYoungGen: 11264K->0K(93184K)] [ParOldGen: 861713K->62993K(932352K)] 872977K->62993K(1025536K), [Metaspace: 2795K->2795K(1056768K)], 0.0066315 secs] [Times: user=0.00 sys=0.00, real=0.01 secs] 
55.116: [GC (Allocation Failure) [PSYoungGen: 70010K->10240K(93184K)] 235404K->175633K(1025536K), 0.0011113 secs] [Times: user=0.00 sys=0.00, real=0.00 secs] 
56.428: [GC (Allocation Failure) [PSYoungGen: 79226K->15360K(93184K)] 398220K->344593K(1025536K), 0.0020562 secs] [Times: user=0.00 sys=0.00, real=0.00 secs] 
58.281: [GC (Allocation Failure) [PSYoungGen: 84347K->5120K(93184K)] 567180K->487953K(1025536K), 0.0016143 secs] [Times: user=0.00 sys=0.00, real=0.00 secs] 
59.591: [GC (Allocation Failure) [PSYoungGen: 68986K->15360K(93184K)] 705420K->651793K(1025536K), 0.0017884 secs] [Times: user=0.00 sys=0.00, real=0.00 secs] 
60.902: [GC (Allocation Failure) [PSYoungGen: 79227K->15360K(93184K)] 869260K->805393K(1025536K), 0.0021248 secs] [Times: user=0.00 sys=0.00, real=0.00 secs] 
61.338: [GC (Allocation Failure) [PSYoungGen: 57722K->10240K(93184K)] 898956K->851473K(1025536K), 0.0021562 secs] [Times: user=0.00 sys=0.00, real=0.00 secs] 
61.340: [GC (Allocation Failure) [PSYoungGen: 10240K->10240K(93184K)] 851473K->851473K(1025536K), 0.0013811 secs] [Times: user=0.00 sys=0.00, real=0.00 secs] 
61.342: [Full GC (Allocation Failure) [PSYoungGen: 10240K->0K(93184K)] [ParOldGen: 841233K->215569K(932352K)] 851473K->215569K(1025536K), [Metaspace: 2796K->2796K(1056768K)], 0.0158151 secs] [Times: user=0.00 sys=0.00, real=0.02 secs] 
63.423: [GC (Allocation Failure) [PSYoungGen: 70011K->11264K(93184K)] 541580K->482833K(1025536K), 0.0011945 secs] [Times: user=0.00 sys=0.00, real=0.00 secs] 
64.736: [GC (Allocation Failure) [PSYoungGen: 80251K->16384K(93184K)] 705420K->651793K(1025536K), 0.0021670 secs] [Times: user=0.00 sys=0.00, real=0.00 secs] 
66.483: [GC (Allocation Failure) [PSYoungGen: 84347K->10240K(93184K)] 719756K->645649K(1025536K), 0.0015694 secs] [Times: user=0.00 sys=0.00, real=0.00 secs] 
67.790: [GC (Allocation Failure) [PSYoungGen: 79224K->15360K(93184K)] 868233K->824849K(1025536K), 0.0028673 secs] [Times: user=0.00 sys=0.00, real=0.00 secs] 
68.442: [GC (Allocation Failure) [PSYoungGen: 67961K->10240K(93184K)] 928650K->870929K(1025536K), 0.0015660 secs] [Times: user=0.00 sys=0.00, real=0.00 secs] 
68.444: [GC (Allocation Failure) [PSYoungGen: 10240K->10240K(93184K)] 870929K->870929K(1025536K), 0.0011551 secs] [Times: user=0.01 sys=0.00, real=0.00 secs] 
68.445: [Full GC (Allocation Failure) [PSYoungGen: 10240K->0K(93184K)] [ParOldGen: 860689K->82449K(932352K)] 870929K->82449K(1025536K), [Metaspace: 2796K->2796K(1056768K)], 0.0078230 secs] [Times: user=0.00 sys=0.00, real=0.01 secs] 
70.967: [GC (Allocation Failure) [PSYoungGen: 65913K->15360K(93184K)] 404363K->353809K(1025536K), 0.0016244 secs] [Times: user=0.00 sys=0.00, real=0.00 secs] 
72.277: [GC (Allocation Failure) [PSYoungGen: 79226K->16384K(93184K)] 571275K->508433K(1025536K), 0.0014025 secs] [Times: user=0.00 sys=0.00, real=0.00 secs] 
73.917: [GC (Allocation Failure) [PSYoungGen: 85370K->20480K(93184K)] 731020K->666129K(1025536K), 0.0018737 secs] [Times: user=0.00 sys=0.00, real=0.00 secs] 
75.225: [GC (Allocation Failure) [PSYoungGen: 84346K->15360K(93184K)] 883596K->824849K(1025536K), 0.0024423 secs] [Times: user=0.02 sys=0.00, real=0.00 secs] 
75.553: [GC (Allocation Failure) [PSYoungGen: 47482K->20480K(93184K)] 908172K->886289K(1025536K), 0.0021506 secs] [Times: user=0.00 sys=0.00, real=0.00 secs] 
75.555: [GC (Allocation Failure) [PSYoungGen: 20480K->20480K(93184K)] 886289K->886289K(1025536K), 0.0016983 secs] [Times: user=0.00 sys=0.00, real=0.00 secs] 
75.557: [Full GC (Allocation Failure) [PSYoungGen: 20480K->0K(93184K)] [ParOldGen: 865809K->77329K(932352K)] 886289K->77329K(1025536K), [Metaspace: 2796K->2796K(1056768K)], 0.0076138 secs] [Times: user=0.00 sys=0.00, real=0.01 secs] 
76.765: [GC (Allocation Failure) [PSYoungGen: 53626K->15360K(93184K)] 233356K->195089K(1025536K), 0.0015053 secs] [Times: user=0.00 sys=0.00, real=0.00 secs] 
78.186: [GC (Allocation Failure) [PSYoungGen: 83322K->15360K(93184K)] 263052K->195089K(1025536K), 0.0014854 secs] [Times: user=0.00 sys=0.00, real=0.00 secs] 
79.496: [GC (Allocation Failure) [PSYoungGen: 79224K->20480K(93184K)] 412553K->353809K(1025536K), 0.0017464 secs] [Times: user=0.00 sys=0.00, real=0.00 secs] 
81.676: [GC (Allocation Failure) [PSYoungGen: 86393K->6144K(93184K)] 675722K->595473K(1025536K), 0.0014973 secs] [Times: user=0.00 sys=0.00, real=0.00 secs] 
82.986: [GC (Allocation Failure) [PSYoungGen: 75129K->8192K(93184K)] 818059K->751121K(1025536K), 0.0013941 secs] [Times: user=0.00 sys=0.00, real=0.00 secs] 
83.859: [GC (Allocation Failure) [PSYoungGen: 60794K->17408K(93184K)] 803723K->770577K(1025536K), 0.0022672 secs] [Times: user=0.00 sys=0.00, real=0.00 secs] 
85.383: [Full GC (Ergonomics) [PSYoungGen: 86391K->0K(93184K)] [ParOldGen: 906769K->31744K(932352K)] 993160K->31744K(1025536K), [Metaspace: 2796K->2796K(1056768K)], 0.0044645 secs] [Times: user=0.00 sys=0.00, real=0.00 secs] 
86.146: [GC (Allocation Failure) [PSYoungGen: 68984K->10240K(93184K)] 203128K->144384K(1025536K), 0.0009226 secs] [Times: user=0.02 sys=0.00, real=0.00 secs] 
87.456: [GC (Allocation Failure) [PSYoungGen: 79225K->10240K(93184K)] 366969K->318464K(1025536K), 0.0026299 secs] [Times: user=0.00 sys=0.00, real=0.00 secs] 
88.979: [GC (Allocation Failure) [PSYoungGen: 78201K->5120K(93184K)] 437626K->364544K(1025536K), 0.0010823 secs] [Times: user=0.00 sys=0.00, real=0.00 secs] 
90.288: [GC (Allocation Failure) [PSYoungGen: 74106K->10240K(93184K)] 587130K->523264K(1025536K), 0.0016273 secs] [Times: user=0.00 sys=0.00, real=0.00 secs] 
91.599: [GC (Allocation Failure) [PSYoungGen: 79226K->16384K(93184K)] 745850K->683008K(1025536K), 0.0017715 secs] [Times: user=0.00 sys=0.00, real=0.00 secs] 
93.675: [GC (Allocation Failure) [PSYoungGen: 85370K->21504K(93184K)] 751995K->688128K(1025536K), 0.0023303 secs] [Times: user=0.00 sys=0.00, real=0.00 secs] 
94.988: [GC (Allocation Failure) [PSYoungGen: 85368K->21504K(93184K)] 905592K->841728K(1025536K), 0.0024010 secs] [Times: user=0.00 sys=0.00, real=0.00 secs] 
95.425: [GC (Allocation Failure) [PSYoungGen: 63865K->16384K(93184K)] 935289K->898048K(1025536K), 0.0025653 secs] [Times: user=0.00 sys=0.00, real=0.00 secs] 
95.428: [GC (Allocation Failure) [PSYoungGen: 16384K->16384K(93184K)] 898048K->898048K(1025536K), 0.0018906 secs] [Times: user=0.02 sys=0.00, real=0.00 secs] 
95.430: [Full GC (Allocation Failure) [PSYoungGen: 16384K->0K(93184K)] [ParOldGen: 881664K->78353K(932352K)] 898048K->78353K(1025536K), [Metaspace: 2796K->2796K(1056768K)], 0.0075760 secs] [Times: user=0.00 sys=0.00, real=0.01 secs] 
97.625: [GC (Allocation Failure) [PSYoungGen: 65913K->20480K(93184K)] 400267K->365073K(1025536K), 0.0026034 secs] [Times: user=0.00 sys=0.00, real=0.00 secs] 
98.935: [GC (Allocation Failure) [PSYoungGen: 89466K->20480K(93184K)] 587659K->523793K(1025536K), 0.0024820 secs] [Times: user=0.00 sys=0.00, real=0.00 secs] 
100.574: [GC (Allocation Failure) [PSYoungGen: 88442K->10240K(93184K)] 745356K->667153K(1025536K), 0.0014568 secs] [Times: user=0.00 sys=0.00, real=0.00 secs] 
101.881: [GC (Allocation Failure) [PSYoungGen: 79226K->11264K(93184K)] 889740K->821777K(1025536K), 0.0021755 secs] [Times: user=0.00 sys=0.00, real=0.00 secs] 
102.535: [GC (Allocation Failure) [PSYoungGen: 63866K->11264K(93184K)] 925580K->872977K(1025536K), 0.0016663 secs] [Times: user=0.00 sys=0.00, real=0.00 secs] 
102.537: [GC (Allocation Failure) [PSYoungGen: 11264K->11264K(93184K)] 872977K->872977K(1025536K), 0.0024161 secs] [Times: user=0.00 sys=0.00, real=0.00 secs] 
102.539: [Full GC (Allocation Failure) [PSYoungGen: 11264K->0K(93184K)] [ParOldGen: 861713K->62993K(932352K)] 872977K->62993K(1025536K), [Metaspace: 2796K->2796K(1056768K)], 0.0066205 secs] [Times: user=0.00 sys=0.00, real=0.01 secs] 
104.842: [GC (Allocation Failure) [PSYoungGen: 70010K->10240K(93184K)] 235404K->175633K(1025536K), 0.0009689 secs] [Times: user=0.00 sys=0.00, real=0.00 secs] 
106.149: [GC (Allocation Failure) [PSYoungGen: 79226K->15360K(93184K)] 398220K->344593K(1025536K), 0.0019714 secs] [Times: user=0.00 sys=0.00, real=0.00 secs] 
107.998: [GC (Allocation Failure) [PSYoungGen: 84347K->5120K(93184K)] 567180K->487953K(1025536K), 0.0013277 secs] [Times: user=0.00 sys=0.00, real=0.00 secs] 
109.306: [GC (Allocation Failure) [PSYoungGen: 68986K->15360K(93184K)] 705420K->651793K(1025536K), 0.0018005 secs] [Times: user=0.00 sys=0.00, real=0.00 secs] 
110.615: [GC (Allocation Failure) [PSYoungGen: 79227K->15360K(93184K)] 869260K->805393K(1025536K), 0.0017140 secs] [Times: user=0.02 sys=0.00, real=0.00 secs] 
111.051: [GC (Allocation Failure) [PSYoungGen: 57722K->10240K(93184K)] 898956K->851473K(1025536K), 0.0020405 secs] [Times: user=0.00 sys=0.00, real=0.00 secs] 
111.053: [GC (Allocation Failure) [PSYoungGen: 10240K->10240K(93184K)] 851473K->851473K(1025536K), 0.0014237 secs] [Times: user=0.00 sys=0.00, real=0.00 secs] 
111.055: [Full GC (Allocation Failure) [PSYoungGen: 10240K->0K(93184K)] [ParOldGen: 841233K->215569K(932352K)] 851473K->215569K(1025536K), [Metaspace: 2796K->2796K(1056768K)], 0.0157873 secs] [Times: user=0.01 sys=0.00, real=0.02 secs] 
113.145: [GC (Allocation Failure) [PSYoungGen: 70011K->11264K(93184K)] 541580K->482833K(1025536K), 0.0010848 secs] [Times: user=0.00 sys=0.00, real=0.00 secs] 
114.451: [GC (Allocation Failure) [PSYoungGen: 80251K->21504K(93184K)] 705420K->651793K(1025536K), 0.0021553 secs] [Times: user=0.00 sys=0.00, real=0.00 secs] 
116.196: [GC (Allocation Failure) [PSYoungGen: 89467K->10240K(93184K)] 719756K->640529K(1025536K), 0.0010632 secs] [Times: user=0.00 sys=0.00, real=0.00 secs] 
117.506: [GC (Allocation Failure) [PSYoungGen: 79224K->15360K(93184K)] 863113K->819729K(1025536K), 0.0029591 secs] [Times: user=0.03 sys=0.00, real=0.00 secs] 
118.161: [GC (Allocation Failure) [PSYoungGen: 67961K->10240K(93184K)] 923530K->865809K(1025536K), 0.0016643 secs] [Times: user=0.00 sys=0.00, real=0.00 secs] 
118.162: [GC (Allocation Failure) [PSYoungGen: 10240K->10240K(93184K)] 865809K->865809K(1025536K), 0.0013560 secs] [Times: user=0.02 sys=0.00, real=0.00 secs] 
118.164: [Full GC (Allocation Failure) [PSYoungGen: 10240K->0K(93184K)] [ParOldGen: 855569K->82449K(932352K)] 865809K->82449K(1025536K), [Metaspace: 2796K->2796K(1056768K)], 0.0077743 secs] [Times: user=0.00 sys=0.00, real=0.01 secs] 
120.685: [GC (Allocation Failure) [PSYoungGen: 65913K->15360K(93184K)] 404363K->353809K(1025536K), 0.0016069 secs] [Times: user=0.00 sys=0.00, real=0.00 secs] 
121.996: [GC (Allocation Failure) [PSYoungGen: 79226K->16384K(93184K)] 571275K->508433K(1025536K), 0.0013985 secs] [Times: user=0.00 sys=0.00, real=0.00 secs] 
123.632: [GC (Allocation Failure) [PSYoungGen: 85370K->20480K(93184K)] 731020K->666129K(1025536K), 0.0017356 secs] [Times: user=0.00 sys=0.00, real=0.00 secs] 
124.942: [GC (Allocation Failure) [PSYoungGen: 84346K->15360K(93184K)] 883596K->824849K(1025536K), 0.0025337 secs] [Times: user=0.00 sys=0.00, real=0.00 secs] 
125.270: [GC (Allocation Failure) [PSYoungGen: 47482K->15360K(93184K)] 908172K->876049K(1025536K), 0.0017188 secs] [Times: user=0.00 sys=0.00, real=0.00 secs] 
125.272: [GC (Allocation Failure) [PSYoungGen: 15360K->15360K(93184K)] 876049K->876049K(1025536K), 0.0015350 secs] [Times: user=0.00 sys=0.00, real=0.00 secs] 
125.274: [Full GC (Allocation Failure) [PSYoungGen: 15360K->0K(93184K)] [ParOldGen: 860689K->77329K(932352K)] 876049K->77329K(1025536K), [Metaspace: 2796K->2796K(1056768K)], 0.0071566 secs] [Times: user=0.00 sys=0.00, real=0.01 secs] 
126.485: [GC (Allocation Failure) [PSYoungGen: 53626K->15360K(93184K)] 233356K->195089K(1025536K), 0.0014068 secs] [Times: user=0.00 sys=0.00, real=0.00 secs] 
127.905: [GC (Allocation Failure) [PSYoungGen: 83322K->15360K(93184K)] 263052K->195089K(1025536K), 0.0014821 secs] [Times: user=0.00 sys=0.00, real=0.00 secs] 
129.216: [GC (Allocation Failure) [PSYoungGen: 79224K->20480K(93184K)] 412553K->353809K(1025536K), 0.0016959 secs] [Times: user=0.00 sys=0.00, real=0.00 secs] 
131.398: [GC (Allocation Failure) [PSYoungGen: 86393K->6144K(93184K)] 675722K->595473K(1025536K), 0.0012425 secs] [Times: user=0.00 sys=0.00, real=0.00 secs] 
132.711: [GC (Allocation Failure) [PSYoungGen: 75129K->8192K(93184K)] 818059K->751121K(1025536K), 0.0014073 secs] [Times: user=0.00 sys=0.00, real=0.00 secs] 
133.583: [GC (Allocation Failure) [PSYoungGen: 60794K->22528K(93184K)] 803723K->770577K(1025536K), 0.0021842 secs] [Times: user=0.00 sys=0.00, real=0.00 secs] 
135.111: [GC (Allocation Failure) [PSYoungGen: 91511K->10240K(93184K)] 993160K->932369K(1025536K), 0.0036319 secs] [Times: user=0.00 sys=0.00, real=0.00 secs] 
135.114: [Full GC (Ergonomics) [PSYoungGen: 10240K->0K(93184K)] [ParOldGen: 922129K->31249K(932352K)] 932369K->31249K(1025536K), [Metaspace: 2796K->2796K(1056768K)], 0.0047368 secs] [Times: user=0.02 sys=0.00, real=0.00 secs] 
135.889: [GC (Allocation Failure) [PSYoungGen: 68984K->10240K(93184K)] 202633K->143889K(1025536K), 0.0010452 secs] [Times: user=0.00 sys=0.00, real=0.00 secs] 
137.199: [GC (Allocation Failure) [PSYoungGen: 79225K->10240K(93184K)] 366474K->317969K(1025536K), 0.0025747 secs] [Times: user=0.00 sys=0.00, real=0.00 secs] 
138.724: [GC (Allocation Failure) [PSYoungGen: 78201K->5120K(93184K)] 437131K->364049K(1025536K), 0.0009281 secs] [Times: user=0.00 sys=0.00, real=0.00 secs] 
140.035: [GC (Allocation Failure) [PSYoungGen: 74106K->10240K(93184K)] 586635K->522769K(1025536K), 0.0013687 secs] [Times: user=0.00 sys=0.00, real=0.00 secs] 
141.338: [GC (Allocation Failure) [PSYoungGen: 79226K->16384K(93184K)] 745356K->682513K(1025536K), 0.0015322 secs] [Times: user=0.00 sys=0.00, real=0.00 secs] 
143.413: [GC (Allocation Failure) [PSYoungGen: 85370K->21504K(93184K)] 751500K->687633K(1025536K), 0.0015703 secs] [Times: user=0.00 sys=0.00, real=0.00 secs] 
144.724: [GC (Allocation Failure) [PSYoungGen: 85368K->21504K(93184K)] 905097K->841233K(1025536K), 0.0020069 secs] [Times: user=0.00 sys=0.00, real=0.00 secs] 
145.160: [GC (Allocation Failure) [PSYoungGen: 63865K->21504K(93184K)] 934794K->897553K(1025536K), 0.0021120 secs] [Times: user=0.00 sys=0.00, real=0.00 secs] 
145.162: [GC (Allocation Failure) [PSYoungGen: 21504K->21504K(93184K)] 897553K->897553K(1025536K), 0.0016296 secs] [Times: user=0.00 sys=0.00, real=0.00 secs] 
145.163: [Full GC (Allocation Failure) [PSYoungGen: 21504K->0K(93184K)] [ParOldGen: 876049K->78353K(932352K)] 897553K->78353K(1025536K), [Metaspace: 2796K->2796K(1056768K)], 0.0075535 secs] [Times: user=0.00 sys=0.00, real=0.01 secs] 
147.367: [GC (Allocation Failure) [PSYoungGen: 65913K->10240K(93184K)] 400267K->365073K(1025536K), 0.0025869 secs] [Times: user=0.00 sys=0.00, real=0.00 secs] 
148.676: [GC (Allocation Failure) [PSYoungGen: 79226K->10240K(93184K)] 587659K->518673K(1025536K), 0.0013256 secs] [Times: user=0.00 sys=0.00, real=0.00 secs] 
150.310: [GC (Allocation Failure) [PSYoungGen: 78202K->10240K(93184K)] 740236K->672273K(1025536K), 0.0013997 secs] [Times: user=0.00 sys=0.00, real=0.00 secs] 
151.621: [GC (Allocation Failure) [PSYoungGen: 79226K->11264K(93184K)] 894860K->826897K(1025536K), 0.0014547 secs] [Times: user=0.00 sys=0.00, real=0.00 secs] 
152.277: [GC (Allocation Failure) [PSYoungGen: 63866K->11264K(93184K)] 930700K->878097K(1025536K), 0.0021201 secs] [Times: user=0.00 sys=0.00, real=0.00 secs] 
152.279: [GC (Allocation Failure) [PSYoungGen: 11264K->11264K(93184K)] 878097K->878097K(1025536K), 0.0014438 secs] [Times: user=0.00 sys=0.00, real=0.00 secs] 
152.281: [Full GC (Allocation Failure) [PSYoungGen: 11264K->0K(93184K)] [ParOldGen: 866833K->62993K(932352K)] 878097K->62993K(1025536K), [Metaspace: 2796K->2796K(1056768K)], 0.0064176 secs] [Times: user=0.00 sys=0.00, real=0.01 secs] 
154.587: [GC (Allocation Failure) [PSYoungGen: 70010K->10240K(93184K)] 235404K->175633K(1025536K), 0.0010140 secs] [Times: user=0.00 sys=0.00, real=0.00 secs] 
155.895: [GC (Allocation Failure) [PSYoungGen: 79226K->20480K(93184K)] 398220K->344593K(1025536K), 0.0021006 secs] [Times: user=0.00 sys=0.00, real=0.00 secs] 
157.749: [GC (Allocation Failure) [PSYoungGen: 89467K->5120K(93184K)] 567180K->482833K(1025536K), 0.0010017 secs] [Times: user=0.00 sys=0.00, real=0.00 secs] 
159.059: [GC (Allocation Failure) [PSYoungGen: 68986K->15360K(93184K)] 700300K->646673K(1025536K), 0.0014774 secs] [Times: user=0.00 sys=0.00, real=0.00 secs] 
160.365: [GC (Allocation Failure) [PSYoungGen: 79227K->15360K(93184K)] 864140K->800273K(1025536K), 0.0017301 secs] [Times: user=0.01 sys=0.00, real=0.00 secs] 
160.802: [GC (Allocation Failure) [PSYoungGen: 57722K->10240K(93184K)] 893836K->846353K(1025536K), 0.0013831 secs] [Times: user=0.00 sys=0.00, real=0.00 secs] 
160.804: [GC (Allocation Failure) [PSYoungGen: 10240K->10240K(93184K)] 846353K->846353K(1025536K), 0.0013662 secs] [Times: user=0.02 sys=0.00, real=0.00 secs] 
160.805: [Full GC (Allocation Failure) [PSYoungGen: 10240K->0K(93184K)] [ParOldGen: 836113K->215569K(932352K)] 846353K->215569K(1025536K), [Metaspace: 2796K->2796K(1056768K)], 0.0158481 secs] [Times: user=0.02 sys=0.00, real=0.01 secs] 
162.888: [GC (Allocation Failure) [PSYoungGen: 70011K->11264K(93184K)] 541580K->482833K(1025536K), 0.0012164 secs] [Times: user=0.00 sys=0.00, real=0.00 secs] 
164.198: [GC (Allocation Failure) [PSYoungGen: 80251K->21504K(93184K)] 705420K->651793K(1025536K), 0.0023919 secs] [Times: user=0.00 sys=0.00, real=0.00 secs] 
165.943: [GC (Allocation Failure) [PSYoungGen: 89467K->10240K(93184K)] 719756K->640529K(1025536K), 0.0015769 secs] [Times: user=0.02 sys=0.00, real=0.00 secs] 
167.254: [GC (Allocation Failure) [PSYoungGen: 79224K->15360K(93184K)] 863113K->819729K(1025536K), 0.0030041 secs] [Times: user=0.00 sys=0.00, real=0.00 secs] 
167.909: [GC (Allocation Failure) [PSYoungGen: 67961K->10240K(93184K)] 923530K->865809K(1025536K), 0.0018929 secs] [Times: user=0.00 sys=0.00, real=0.00 secs] 
167.911: [GC (Allocation Failure) [PSYoungGen: 10240K->10240K(93184K)] 865809K->865809K(1025536K), 0.0013809 secs] [Times: user=0.00 sys=0.00, real=0.00 secs] 
167.913: [Full GC (Allocation Failure) [PSYoungGen: 10240K->0K(93184K)] [ParOldGen: 855569K->82449K(932352K)] 865809K->82449K(1025536K), [Metaspace: 2796K->2796K(1056768K)], 0.0079315 secs] [Times: user=0.00 sys=0.00, real=0.01 secs] 
170.436: [GC (Allocation Failure) [PSYoungGen: 65913K->15360K(93184K)] 404363K->353809K(1025536K), 0.0016532 secs] [Times: user=0.00 sys=0.00, real=0.00 secs] 
171.748: [GC (Allocation Failure) [PSYoungGen: 79226K->16384K(93184K)] 571275K->508433K(1025536K), 0.0016706 secs] [Times: user=0.00 sys=0.00, real=0.00 secs] 
173.382: [GC (Allocation Failure) [PSYoungGen: 85370K->20480K(93184K)] 731020K->666129K(1025536K), 0.0018636 secs] [Times: user=0.00 sys=0.00, real=0.00 secs] 
174.691: [GC (Allocation Failure) [PSYoungGen: 84346K->15360K(93184K)] 883596K->824849K(1025536K), 0.0021520 secs] [Times: user=0.00 sys=0.00, real=0.00 secs] 
175.017: [GC (Allocation Failure) [PSYoungGen: 47482K->20480K(93184K)] 908172K->886289K(1025536K), 0.0022012 secs] [Times: user=0.00 sys=0.00, real=0.00 secs] 
175.020: [GC (Allocation Failure) [PSYoungGen: 20480K->20480K(93184K)] 886289K->886289K(1025536K), 0.0016060 secs] [Times: user=0.00 sys=0.00, real=0.00 secs] 
175.021: [Full GC (Allocation Failure) [PSYoungGen: 20480K->0K(93184K)] [ParOldGen: 865809K->77329K(932352K)] 886289K->77329K(1025536K), [Metaspace: 2796K->2796K(1056768K)], 0.0072214 secs] [Times: user=0.00 sys=0.00, real=0.01 secs] 
176.233: [GC (Allocation Failure) [PSYoungGen: 53626K->15360K(93184K)] 233356K->195089K(1025536K), 0.0014725 secs] [Times: user=0.00 sys=0.00, real=0.00 secs] 
177.657: [GC (Allocation Failure) [PSYoungGen: 83322K->15360K(93184K)] 263052K->195089K(1025536K), 0.0014436 secs] [Times: user=0.00 sys=0.00, real=0.00 secs] 
178.965: [GC (Allocation Failure) [PSYoungGen: 79224K->20480K(93184K)] 412553K->353809K(1025536K), 0.0019009 secs] [Times: user=0.00 sys=0.00, real=0.00 secs] 
181.146: [GC (Allocation Failure) [PSYoungGen: 86393K->6144K(93184K)] 675722K->595473K(1025536K), 0.0011211 secs] [Times: user=0.00 sys=0.00, real=0.00 secs] 
182.452: [GC (Allocation Failure) [PSYoungGen: 75129K->8192K(93184K)] 818059K->751121K(1025536K), 0.0013860 secs] [Times: user=0.00 sys=0.00, real=0.00 secs] 
183.324: [GC (Allocation Failure) [PSYoungGen: 60794K->22528K(93184K)] 803723K->770577K(1025536K), 0.0023374 secs] [Times: user=0.00 sys=0.00, real=0.00 secs] 
184.852: [GC (Allocation Failure) [PSYoungGen: 91511K->10240K(93184K)] 993160K->932369K(1025536K), 0.0026011 secs] [Times: user=0.00 sys=0.00, real=0.00 secs] 
184.855: [Full GC (Ergonomics) [PSYoungGen: 10240K->0K(93184K)] [ParOldGen: 922129K->31249K(932352K)] 932369K->31249K(1025536K), [Metaspace: 2796K->2796K(1056768K)], 0.0044741 secs] [Times: user=0.00 sys=0.00, real=0.01 secs] 
185.630: [GC (Allocation Failure) [PSYoungGen: 68984K->10240K(93184K)] 202633K->143889K(1025536K), 0.0010524 secs] [Times: user=0.00 sys=0.00, real=0.00 secs] 
186.943: [GC (Allocation Failure) [PSYoungGen: 79225K->10240K(93184K)] 366474K->317969K(1025536K), 0.0031239 secs] [Times: user=0.00 sys=0.00, real=0.00 secs] 
188.466: [GC (Allocation Failure) [PSYoungGen: 78201K->5120K(93184K)] 437131K->364049K(1025536K), 0.0010907 secs] [Times: user=0.00 sys=0.00, real=0.00 secs] 
189.775: [GC (Allocation Failure) [PSYoungGen: 74106K->10240K(93184K)] 586635K->522769K(1025536K), 0.0010537 secs] [Times: user=0.00 sys=0.00, real=0.00 secs] 
191.084: [GC (Allocation Failure) [PSYoungGen: 79226K->16416K(93184K)] 745356K->682545K(1025536K), 0.0017768 secs] [Times: user=0.02 sys=0.00, real=0.00 secs] 
193.159: [GC (Allocation Failure) [PSYoungGen: 85402K->21536K(93184K)] 751532K->687665K(1025536K), 0.0017800 secs] [Times: user=0.00 sys=0.00, real=0.00 secs] 
194.469: [GC (Allocation Failure) [PSYoungGen: 85400K->21536K(93184K)] 905129K->841265K(1025536K), 0.0018504 secs] [Times: user=0.00 sys=0.00, real=0.00 secs] 
194.908: [GC (Allocation Failure) [PSYoungGen: 63897K->21536K(93184K)] 934826K->897585K(1025536K), 0.0021623 secs] [Times: user=0.00 sys=0.00, real=0.00 secs] 
194.910: [GC (Allocation Failure) [PSYoungGen: 21536K->21536K(93184K)] 897585K->897585K(1025536K), 0.0018829 secs] [Times: user=0.00 sys=0.00, real=0.00 secs] 
194.912: [Full GC (Allocation Failure) [PSYoungGen: 21536K->0K(93184K)] [ParOldGen: 876049K->78353K(932352K)] 897585K->78353K(1025536K), [Metaspace: 2796K->2796K(1056768K)], 0.0074121 secs] [Times: user=0.02 sys=0.00, real=0.01 secs] 
197.104: [GC (Allocation Failure) [PSYoungGen: 65913K->20480K(93184K)] 400267K->365073K(1025536K), 0.0025171 secs] [Times: user=0.00 sys=0.00, real=0.00 secs] 
198.406: [GC (Allocation Failure) [PSYoungGen: 89466K->5120K(93184K)] 587660K->523793K(1025536K), 0.0021268 secs] [Times: user=0.00 sys=0.00, real=0.00 secs] 
200.047: [GC (Allocation Failure) [PSYoungGen: 73082K->10240K(93184K)] 745356K->682513K(1025536K), 0.0013940 secs] [Times: user=0.00 sys=0.00, real=0.00 secs] 
201.353: [GC (Allocation Failure) [PSYoungGen: 79226K->11264K(93184K)] 905100K->837138K(1025536K), 0.0020845 secs] [Times: user=0.00 sys=0.00, real=0.00 secs] 
202.005: [GC (Allocation Failure) [PSYoungGen: 63866K->11264K(93184K)] 940940K->888338K(1025536K), 0.0017088 secs] [Times: user=0.01 sys=0.00, real=0.00 secs] 
202.007: [GC (Allocation Failure) [PSYoungGen: 11264K->11264K(93184K)] 888338K->888338K(1025536K), 0.0017447 secs] [Times: user=0.00 sys=0.00, real=0.00 secs] 
202.009: [Full GC (Allocation Failure) [PSYoungGen: 11264K->0K(93184K)] [ParOldGen: 877074K->62993K(932352K)] 888338K->62993K(1025536K), [Metaspace: 2796K->2796K(1056768K)], 0.0066194 secs] [Times: user=0.00 sys=0.00, real=0.01 secs] 
204.312: [GC (Allocation Failure) [PSYoungGen: 70010K->10240K(93184K)] 235404K->175633K(1025536K), 0.0009439 secs] [Times: user=0.00 sys=0.00, real=0.00 secs] 
205.622: [GC (Allocation Failure) [PSYoungGen: 79226K->20480K(93184K)] 398220K->344593K(1025536K), 0.0021520 secs] [Times: user=0.00 sys=0.00, real=0.00 secs] 
207.478: [GC (Allocation Failure) [PSYoungGen: 89467K->5120K(93184K)] 567180K->482833K(1025536K), 0.0012001 secs] [Times: user=0.00 sys=0.00, real=0.00 secs] 
208.786: [GC (Allocation Failure) [PSYoungGen: 68986K->15360K(93184K)] 700300K->646673K(1025536K), 0.0016765 secs] [Times: user=0.00 sys=0.00, real=0.00 secs] 
210.101: [GC (Allocation Failure) [PSYoungGen: 79227K->15360K(93184K)] 864140K->800273K(1025536K), 0.0016828 secs] [Times: user=0.00 sys=0.00, real=0.00 secs] 
210.541: [GC (Allocation Failure) [PSYoungGen: 57722K->10240K(93184K)] 893836K->846353K(1025536K), 0.0016288 secs] [Times: user=0.00 sys=0.00, real=0.00 secs] 
210.543: [GC (Allocation Failure) [PSYoungGen: 10240K->10240K(93184K)] 846353K->846353K(1025536K), 0.0013812 secs] [Times: user=0.00 sys=0.00, real=0.00 secs] 
210.544: [Full GC (Allocation Failure) [PSYoungGen: 10240K->0K(93184K)] [ParOldGen: 836113K->215569K(932352K)] 846353K->215569K(1025536K), [Metaspace: 2796K->2796K(1056768K)], 0.0158458 secs] [Times: user=0.00 sys=0.00, real=0.02 secs] 
212.634: [GC (Allocation Failure) [PSYoungGen: 70011K->11264K(93184K)] 541580K->482833K(1025536K), 0.0012367 secs] [Times: user=0.00 sys=0.00, real=0.00 secs] 
213.940: [GC (Allocation Failure) [PSYoungGen: 80251K->16384K(93184K)] 705420K->651793K(1025536K), 0.0024798 secs] [Times: user=0.00 sys=0.00, real=0.00 secs] 
215.685: [GC (Allocation Failure) [PSYoungGen: 84347K->10240K(93184K)] 719757K->645649K(1025536K), 0.0016835 secs] [Times: user=0.00 sys=0.00, real=0.00 secs] 
216.994: [GC (Allocation Failure) [PSYoungGen: 79224K->15360K(93184K)] 868234K->824849K(1025536K), 0.0032404 secs] [Times: user=0.00 sys=0.00, real=0.00 secs] 
217.651: [GC (Allocation Failure) [PSYoungGen: 67961K->10240K(93184K)] 928651K->870929K(1025536K), 0.0020517 secs] [Times: user=0.00 sys=0.00, real=0.00 secs] 
217.653: [GC (Allocation Failure) [PSYoungGen: 10240K->10240K(93184K)] 870929K->870929K(1025536K), 0.0011147 secs] [Times: user=0.00 sys=0.00, real=0.00 secs] 
217.655: [Full GC (Allocation Failure) [PSYoungGen: 10240K->0K(93184K)] [ParOldGen: 860689K->82449K(932352K)] 870929K->82449K(1025536K), [Metaspace: 2796K->2796K(1056768K)], 0.0073532 secs] [Times: user=0.00 sys=0.00, real=0.01 secs] 
Heap
 PSYoungGen      total 93184K, used 24309K [0x00000000f8e80000, 0x0000000100000000, 0x0000000100000000)
  eden space 70144K, 34% used [0x00000000f8e80000,0x00000000fa63d438,0x00000000fd300000)
  from space 23040K, 0% used [0x00000000fd300000,0x00000000fd300000,0x00000000fe980000)
  to   space 23040K, 0% used [0x00000000fe980000,0x00000000fe980000,0x0000000100000000)
 ParOldGen       total 932352K, used 184849K [0x00000000c0000000, 0x00000000f8e80000, 0x00000000f8e80000)
  object space 932352K, 19% used [0x00000000c0000000,0x00000000cb484730,0x00000000f8e80000)
 Metaspace       used 2804K, capacity 4486K, committed 4864K, reserved 1056768K
  class space    used 297K, capacity 386K, committed 512K, reserved 1048576K
