Java HotSpot(TM) 64-Bit Server VM (25.411-b09) for windows-amd64 JRE (1.8.0_411-b09), built on Mar 13 2024 07:26:13 by "java_re" with MS VC++ 17.1 (VS2022)
Memory: 4k page, physical 33403376k(14292144k free), swap 40595968k(7059592k free)
CommandLine flags: -XX:InitialHeapSize=2147483648 -XX:MaxHeapSize=2147483648 -XX:NewRatio=3 -XX:ParallelGCThreads=10 -XX:+PrintGC -XX:+PrintGCDetails -XX:+PrintGCTimeStamps -XX:-UseAdaptiveSizePolicy -XX:+UseCompressedClassPointers -XX:+UseCompressedOops -XX:-UseLargePagesIndividualAllocation -XX:+UseParallelGC 
2.863: [GC (Allocation Failure) [PSYoungGen: 363888K->63224K(458752K)] 363888K->63232K(2031616K), 0.0177234 secs] [Times: user=0.03 sys=0.00, real=0.02 secs] 
6.366: [GC (Allocation Failure) [PSYoungGen: 452870K->26352K(458752K)] 452878K->26360K(2031616K), 0.0049899 secs] [Times: user=0.01 sys=0.00, real=0.01 secs] 
8.544: [GC (Allocation Failure) [PSYoungGen: 329858K->51896K(458752K)] 329866K->103112K(2031616K), 0.0164097 secs] [Times: user=0.00 sys=0.00, real=0.02 secs] 
11.172: [GC (Allocation Failure) [PSYoungGen: 435443K->21128K(458752K)] 486659K->225944K(2031616K), 0.0377791 secs] [Times: user=0.02 sys=0.03, real=0.04 secs] 
13.285: [GC (Allocation Failure) [PSYoungGen: 411366K->12016K(458752K)] 616182K->216840K(2031616K), 0.0013616 secs] [Times: user=0.00 sys=0.00, real=0.00 secs] 
16.992: [GC (Allocation Failure) [PSYoungGen: 357722K->46784K(458752K)] 562546K->251608K(2031616K), 0.0066729 secs] [Times: user=0.03 sys=0.00, real=0.01 secs] 
18.955: [GC (Allocation Failure) [PSYoungGen: 435521K->62192K(458752K)] 640345K->292624K(2031616K), 0.0155209 secs] [Times: user=0.02 sys=0.00, real=0.02 secs] 
21.371: [GC (Allocation Failure) [PSYoungGen: 356736K->57088K(458752K)] 587168K->389920K(2031616K), 0.0334786 secs] [Times: user=0.00 sys=0.02, real=0.03 secs] 
24.135: [GC (Allocation Failure) [PSYoungGen: 435608K->31456K(458752K)] 768440K->364288K(2031616K), 0.0025870 secs] [Times: user=0.00 sys=0.00, real=0.00 secs] 
26.097: [GC (Allocation Failure) [PSYoungGen: 420222K->31488K(458752K)] 753054K->364320K(2031616K), 0.0028618 secs] [Times: user=0.00 sys=0.00, real=0.00 secs] 
29.807: [GC (Allocation Failure) [PSYoungGen: 394272K->31456K(458752K)] 727104K->415496K(2031616K), 0.0165203 secs] [Times: user=0.00 sys=0.00, real=0.02 secs] 
32.661: [GC (Allocation Failure) [PSYoungGen: 389497K->27376K(458752K)] 773537K->411424K(2031616K), 0.0033206 secs] [Times: user=0.00 sys=0.00, real=0.00 secs] 
35.171: [GC (Allocation Failure) [PSYoungGen: 416143K->5792K(458752K)] 800191K->389840K(2031616K), 0.0030255 secs] [Times: user=0.00 sys=0.00, real=0.00 secs] 
37.028: [GC (Allocation Failure) [PSYoungGen: 325955K->62104K(458752K)] 710003K->471752K(2031616K), 0.0086938 secs] [Times: user=0.00 sys=0.00, real=0.01 secs] 
39.871: [GC (Allocation Failure) [PSYoungGen: 402749K->57056K(458752K)] 812397K->466704K(2031616K), 0.0046056 secs] [Times: user=0.00 sys=0.00, real=0.00 secs] 
43.579: [GC (Allocation Failure) [PSYoungGen: 447878K->6336K(458752K)] 857526K->416608K(2031616K), 0.0034241 secs] [Times: user=0.00 sys=0.00, real=0.00 secs] 
45.551: [GC (Allocation Failure) [PSYoungGen: 331624K->62656K(458752K)] 741896K->488304K(2031616K), 0.0056330 secs] [Times: user=0.02 sys=0.00, real=0.01 secs] 
48.279: [GC (Allocation Failure) [PSYoungGen: 436072K->46176K(458752K)] 861720K->471832K(2031616K), 0.0032414 secs] [Times: user=0.00 sys=0.00, real=0.00 secs] 
50.676: [GC (Allocation Failure) [PSYoungGen: 438025K->10368K(458752K)] 863681K->436024K(2031616K), 0.0030489 secs] [Times: user=0.00 sys=0.00, real=0.00 secs] 
52.637: [GC (Allocation Failure) [PSYoungGen: 335657K->62560K(458752K)] 761314K->488240K(2031616K), 0.0051902 secs] [Times: user=0.00 sys=0.00, real=0.00 secs] 
56.144: [GC (Allocation Failure) [PSYoungGen: 452361K->25728K(458752K)] 878041K->451408K(2031616K), 0.0032857 secs] [Times: user=0.00 sys=0.00, real=0.00 secs] 
58.325: [GC (Allocation Failure) [PSYoungGen: 325417K->51328K(458752K)] 751098K->528208K(2031616K), 0.0162565 secs] [Times: user=0.00 sys=0.00, real=0.02 secs] 
60.962: [GC (Allocation Failure) [PSYoungGen: 434984K->20608K(458752K)] 911865K->651088K(2031616K), 0.0360798 secs] [Times: user=0.08 sys=0.02, real=0.04 secs] 
63.168: [GC (Allocation Failure) [PSYoungGen: 413481K->11360K(458752K)] 1043961K->641840K(2031616K), 0.0032769 secs] [Times: user=0.00 sys=0.00, real=0.00 secs] 
66.877: [GC (Allocation Failure) [PSYoungGen: 403210K->56384K(458752K)] 1033690K->707344K(2031616K), 0.0085856 secs] [Times: user=0.00 sys=0.00, real=0.01 secs] 
69.625: [GC (Allocation Failure) [PSYoungGen: 409322K->5120K(458752K)] 1060282K->656112K(2031616K), 0.0044894 secs] [Times: user=0.00 sys=0.00, real=0.00 secs] 
71.592: [GC (Allocation Failure) [PSYoungGen: 393898K->11264K(458752K)] 1044890K->764656K(2031616K), 0.0328849 secs] [Times: user=0.03 sys=0.00, real=0.03 secs] 
74.023: [GC (Allocation Failure) [PSYoungGen: 331434K->61440K(458752K)] 1084826K->814832K(2031616K), 0.0054687 secs] [Times: user=0.02 sys=0.00, real=0.01 secs] 
76.642: [GC (Allocation Failure) [PSYoungGen: 445097K->40960K(458752K)] 1198490K->794352K(2031616K), 0.0040669 secs] [Times: user=0.00 sys=0.00, real=0.00 secs] 
79.694: [GC (Allocation Failure) [PSYoungGen: 407210K->61440K(458752K)] 1160602K->866032K(2031616K), 0.0174995 secs] [Times: user=0.02 sys=0.02, real=0.02 secs] 
82.551: [GC (Allocation Failure) [PSYoungGen: 419498K->57344K(458752K)] 1224090K->861936K(2031616K), 0.0049635 secs] [Times: user=0.00 sys=0.00, real=0.01 secs] 
85.276: [GC (Allocation Failure) [PSYoungGen: 435882K->30720K(458752K)] 1240474K->835312K(2031616K), 0.0034321 secs] [Times: user=0.00 sys=0.00, real=0.00 secs] 
87.244: [GC (Allocation Failure) [PSYoungGen: 419498K->40960K(458752K)] 1224090K->845552K(2031616K), 0.0036830 secs] [Times: user=0.00 sys=0.00, real=0.00 secs] 
90.838: [GC (Allocation Failure) [PSYoungGen: 427690K->20480K(458752K)] 1232283K->927472K(2031616K), 0.0334519 secs] [Times: user=0.02 sys=0.01, real=0.03 secs] 
93.920: [GC (Allocation Failure) [PSYoungGen: 352938K->62464K(458752K)] 1259931K->969456K(2031616K), 0.0052893 secs] [Times: user=0.00 sys=0.00, real=0.00 secs] 
96.657: [GC (Allocation Failure) [PSYoungGen: 435882K->40960K(458752K)] 1342874K->947952K(2031616K), 0.0041511 secs] [Times: user=0.00 sys=0.00, real=0.00 secs] 
98.617: [GC (Allocation Failure) [PSYoungGen: 429738K->30720K(458752K)] 1336730K->988912K(2031616K), 0.0168341 secs] [Times: user=0.03 sys=0.00, real=0.02 secs] 
101.034: [GC (Allocation Failure) [PSYoungGen: 361130K->56320K(458752K)] 1319322K->1014512K(2031616K), 0.0059302 secs] [Times: user=0.00 sys=0.00, real=0.01 secs] 
104.526: [GC (Allocation Failure) [PSYoungGen: 446121K->10240K(458752K)] 1404314K->968432K(2031616K), 0.0032251 secs] [Times: user=0.00 sys=0.00, real=0.00 secs] 
106.706: [GC (Allocation Failure) [PSYoungGen: 345755K->61440K(458752K)] 1303948K->1050352K(2031616K), 0.0158490 secs] [Times: user=0.01 sys=0.00, real=0.02 secs] 
109.448: [GC (Allocation Failure) [PSYoungGen: 429728K->25600K(458752K)] 1418640K->1065712K(2031616K), 0.0185809 secs] [Times: user=0.02 sys=0.00, real=0.02 secs] 
111.971: [GC (Allocation Failure) [PSYoungGen: 418467K->10240K(458752K)] 1458580K->1050352K(2031616K), 0.0035768 secs] [Times: user=0.00 sys=0.00, real=0.00 secs] 
113.829: [GC (Allocation Failure) [PSYoungGen: 330406K->57344K(458752K)] 1370518K->1107696K(2031616K), 0.0053063 secs] [Times: user=0.00 sys=0.00, real=0.00 secs] 
117.115: [GC (Allocation Failure) [PSYoungGen: 446119K->30720K(458752K)] 1496471K->1081072K(2031616K), 0.0032342 secs] [Times: user=0.00 sys=0.00, real=0.00 secs] 
119.517: [GC (Allocation Failure) [PSYoungGen: 325288K->51200K(458752K)] 1375640K->1101552K(2031616K), 0.0043564 secs] [Times: user=0.00 sys=0.00, real=0.00 secs] 
122.153: [GC (Allocation Failure) [PSYoungGen: 434855K->21504K(458752K)] 1485208K->1174256K(2031616K), 0.0346489 secs] [Times: user=0.02 sys=0.02, real=0.04 secs] 
124.364: [GC (Allocation Failure) [PSYoungGen: 410280K->20480K(458752K)] 1563033K->1173232K(2031616K), 0.0034365 secs] [Times: user=0.00 sys=0.00, real=0.00 secs] 
127.960: [GC (Allocation Failure) [PSYoungGen: 376489K->25600K(458752K)] 1529242K->1178352K(2031616K), 0.0035175 secs] [Times: user=0.00 sys=0.00, real=0.00 secs] 
129.918: [GC (Allocation Failure) [PSYoungGen: 414377K->61440K(458752K)] 1567130K->1321712K(2031616K), 0.0349326 secs] [Times: user=0.02 sys=0.00, real=0.04 secs] 
133.327: [GC (Allocation Failure) [PSYoungGen: 445098K->12288K(458752K)] 1705370K->1272560K(2031616K), 0.0036430 secs] [Times: user=0.00 sys=0.00, real=0.00 secs] 
135.186: [GC (Allocation Failure) [PSYoungGen: 306858K->61440K(458752K)] 1567130K->1321712K(2031616K), 0.0057495 secs] [Times: user=0.00 sys=0.00, real=0.01 secs] 
137.820: [GC (Allocation Failure) [PSYoungGen: 445097K->51200K(458752K)] 1705369K->1311472K(2031616K), 0.0042521 secs] [Times: user=0.02 sys=0.00, real=0.00 secs] 
140.766: [GC (Allocation Failure) [PSYoungGen: 412329K->30720K(458752K)] 1672602K->1393392K(2031616K), 0.0330189 secs] [Times: user=0.02 sys=0.01, real=0.03 secs] 
143.746: [GC (Allocation Failure) [PSYoungGen: 342697K->62464K(458752K)] 1705370K->1425136K(2031616K), 0.0054243 secs] [Times: user=0.00 sys=0.00, real=0.01 secs] 
146.467: [GC (Allocation Failure) [PSYoungGen: 435881K->40960K(458752K)] 1798553K->1403632K(2031616K), 0.0041104 secs] [Times: user=0.00 sys=0.00, real=0.00 secs] 
148.429: [GC (Allocation Failure) [PSYoungGen: 429737K->30720K(458752K)] 1792410K->1444592K(2031616K), 0.0171833 secs] [Times: user=0.02 sys=0.00, real=0.02 secs] 
150.847: [GC (Allocation Failure) [PSYoungGen: 361130K->56320K(458752K)] 1775002K->1470192K(2031616K), 0.0051272 secs] [Times: user=0.00 sys=0.00, real=0.01 secs] 
154.346: [GC (Allocation Failure) [PSYoungGen: 446121K->10240K(458752K)] 1859994K->1424112K(2031616K), 0.0045573 secs] [Times: user=0.00 sys=0.00, real=0.00 secs] 
156.530: [GC (Allocation Failure) [PSYoungGen: 345755K->61440K(458752K)] 1759628K->1506032K(2031616K), 0.0159231 secs] [Times: user=0.00 sys=0.00, real=0.02 secs] 
156.546: [Full GC (Ergonomics) [PSYoungGen: 61440K->0K(458752K)] [ParOldGen: 1444592K->92689K(1572864K)] 1506032K->92689K(2031616K), [Metaspace: 2796K->2796K(1056768K)], 0.0237239 secs] [Times: user=0.00 sys=0.00, real=0.02 secs] 
159.310: [GC (Allocation Failure) [PSYoungGen: 368288K->25600K(458752K)] 460977K->169489K(2031616K), 0.0055815 secs] [Times: user=0.00 sys=0.00, real=0.01 secs] 
161.823: [GC (Allocation Failure) [PSYoungGen: 418414K->10240K(458752K)] 562303K->154129K(2031616K), 0.0008707 secs] [Times: user=0.00 sys=0.00, real=0.00 secs] 
163.677: [GC (Allocation Failure) [PSYoungGen: 330371K->62464K(458752K)] 474261K->211473K(2031616K), 0.0053439 secs] [Times: user=0.00 sys=0.00, real=0.01 secs] 
166.966: [GC (Allocation Failure) [PSYoungGen: 451217K->30720K(458752K)] 600226K->179729K(2031616K), 0.0026270 secs] [Times: user=0.00 sys=0.00, real=0.00 secs] 
169.364: [GC (Allocation Failure) [PSYoungGen: 325274K->51200K(458752K)] 474283K->200209K(2031616K), 0.0044141 secs] [Times: user=0.00 sys=0.00, real=0.00 secs] 
171.979: [GC (Allocation Failure) [PSYoungGen: 434846K->21504K(458752K)] 583856K->272913K(2031616K), 0.0156290 secs] [Times: user=0.00 sys=0.00, real=0.02 secs] 
174.172: [GC (Allocation Failure) [PSYoungGen: 410275K->20480K(458752K)] 661684K->271889K(2031616K), 0.0019370 secs] [Times: user=0.00 sys=0.00, real=0.00 secs] 
177.770: [GC (Allocation Failure) [PSYoungGen: 376486K->25600K(458752K)] 627895K->277009K(2031616K), 0.0026601 secs] [Times: user=0.00 sys=0.00, real=0.00 secs] 
179.734: [GC (Allocation Failure) [PSYoungGen: 414375K->61440K(458752K)] 665784K->420369K(2031616K), 0.0154277 secs] [Times: user=0.00 sys=0.00, real=0.02 secs] 
183.130: [GC (Allocation Failure) [PSYoungGen: 445096K->12288K(458752K)] 804026K->371217K(2031616K), 0.0018715 secs] [Times: user=0.00 sys=0.00, real=0.00 secs] 
184.987: [GC (Allocation Failure) [PSYoungGen: 306857K->61440K(458752K)] 665786K->420369K(2031616K), 0.0049071 secs] [Times: user=0.00 sys=0.00, real=0.00 secs] 
187.608: [GC (Allocation Failure) [PSYoungGen: 445096K->51200K(458752K)] 804026K->410129K(2031616K), 0.0039946 secs] [Times: user=0.00 sys=0.00, real=0.00 secs] 
190.551: [GC (Allocation Failure) [PSYoungGen: 412329K->30720K(458752K)] 771258K->492049K(2031616K), 0.0157320 secs] [Times: user=0.02 sys=0.00, real=0.01 secs] 
193.512: [GC (Allocation Failure) [PSYoungGen: 342697K->62496K(458752K)] 804027K->523825K(2031616K), 0.0049792 secs] [Times: user=0.00 sys=0.00, real=0.00 secs] 
196.253: [GC (Allocation Failure) [PSYoungGen: 435912K->41056K(458752K)] 897242K->502385K(2031616K), 0.0027969 secs] [Times: user=0.00 sys=0.00, real=0.00 secs] 
198.216: [GC (Allocation Failure) [PSYoungGen: 429833K->30784K(458752K)] 891162K->543313K(2031616K), 0.0061306 secs] [Times: user=0.00 sys=0.00, real=0.01 secs] 
200.617: [GC (Allocation Failure) [PSYoungGen: 361194K->56384K(458752K)] 873723K->568913K(2031616K), 0.0046394 secs] [Times: user=0.02 sys=0.00, real=0.00 secs] 
204.106: [GC (Allocation Failure) [PSYoungGen: 446185K->10336K(458752K)] 958715K->522865K(2031616K), 0.0020256 secs] [Times: user=0.00 sys=0.00, real=0.00 secs] 
206.288: [GC (Allocation Failure) [PSYoungGen: 345851K->61536K(458752K)] 858381K->604785K(2031616K), 0.0066686 secs] [Times: user=0.00 sys=0.00, real=0.01 secs] 
209.033: [GC (Allocation Failure) [PSYoungGen: 429824K->25632K(458752K)] 973073K->620081K(2031616K), 0.0055413 secs] [Times: user=0.00 sys=0.00, real=0.01 secs] 
211.541: [GC (Allocation Failure) [PSYoungGen: 418499K->10304K(458752K)] 1012949K->604753K(2031616K), 0.0026506 secs] [Times: user=0.00 sys=0.00, real=0.00 secs] 
213.396: [GC (Allocation Failure) [PSYoungGen: 330470K->57408K(458752K)] 924920K->662097K(2031616K), 0.0058539 secs] [Times: user=0.00 sys=0.00, real=0.01 secs] 
216.690: [GC (Allocation Failure) [PSYoungGen: 446183K->30816K(458752K)] 1050872K->635505K(2031616K), 0.0029911 secs] [Times: user=0.00 sys=0.00, real=0.00 secs] 
Heap
 PSYoungGen      total 458752K, used 282049K [0x00000000e0000000, 0x0000000100000000, 0x0000000100000000)
  eden space 393216K, 63% used [0x00000000e0000000,0x00000000ef558440,0x00000000f8000000)
  from space 65536K, 47% used [0x00000000fc000000,0x00000000fde18030,0x0000000100000000)
  to   space 65536K, 0% used [0x00000000f8000000,0x00000000f8000000,0x00000000fc000000)
 ParOldGen       total 1572864K, used 604689K [0x0000000080000000, 0x00000000e0000000, 0x00000000e0000000)
  object space 1572864K, 38% used [0x0000000080000000,0x00000000a4e84648,0x00000000e0000000)
 Metaspace       used 2804K, capacity 4486K, committed 4864K, reserved 1056768K
  class space    used 297K, capacity 386K, committed 512K, reserved 1048576K
