Java HotSpot(TM) 64-Bit Server VM (25.411-b09) for windows-amd64 JRE (1.8.0_411-b09), built on Mar 13 2024 07:26:13 by "java_re" with MS VC++ 17.1 (VS2022)
Memory: 4k page, physical 33403376k(14552928k free), swap 37229564k(7627920k free)
CommandLine flags: -XX:InitialHeapSize=536870912 -XX:MaxHeapSize=536870912 -XX:NewRatio=1 -XX:ParallelGCThreads=6 -XX:+PrintGC -XX:+PrintGCDetails -XX:+PrintGCTimeStamps -XX:SurvivorRatio=9 -XX:-UseAdaptiveSizePolicy -XX:+UseCompressedClassPointers -XX:+UseCompressedOops -XX:-UseLargePagesIndividualAllocation -XX:+UseParallelGC 
1.386: [GC (Allocation Failure) [PSYoungGen: 131481K->5784K(238592K)] 131481K->56992K(500736K), 0.0160357 secs] [Times: user=0.00 sys=0.00, real=0.02 secs] 
2.714: [GC (Allocation Failure) [PSYoungGen: 184024K->22160K(238592K)] 235232K->83608K(500736K), 0.0154989 secs] [Times: user=0.02 sys=0.00, real=0.02 secs] 
4.908: [GC (Allocation Failure) [PSYoungGen: 236277K->10872K(238592K)] 297726K->72320K(500736K), 0.0019568 secs] [Times: user=0.02 sys=0.00, real=0.00 secs] 
6.002: [GC (Allocation Failure) [PSYoungGen: 225010K->17048K(238592K)] 286458K->78496K(500736K), 0.0014834 secs] [Times: user=0.00 sys=0.00, real=0.00 secs] 
7.093: [GC (Allocation Failure) [PSYoungGen: 146318K->21064K(238592K)] 207766K->154200K(500736K), 0.0173815 secs] [Times: user=0.02 sys=0.02, real=0.02 secs] 
8.528: [GC (Allocation Failure) [PSYoungGen: 214714K->632K(238592K)] 347850K->236168K(500736K), 0.0202636 secs] [Times: user=0.00 sys=0.02, real=0.02 secs] 
8.548: [Full GC (Ergonomics) [PSYoungGen: 632K->0K(238592K)] [ParOldGen: 235536K->51728K(262144K)] 236168K->51728K(500736K), [Metaspace: 2759K->2759K(1056768K)], 0.0085898 secs] [Times: user=0.00 sys=0.00, real=0.01 secs] 
9.868: [GC (Allocation Failure) [PSYoungGen: 178289K->5120K(238592K)] 230018K->77328K(500736K), 0.0023414 secs] [Times: user=0.00 sys=0.00, real=0.00 secs] 
11.177: [GC (Allocation Failure) [PSYoungGen: 214126K->20480K(238592K)] 286334K->195088K(500736K), 0.0160890 secs] [Times: user=0.00 sys=0.00, real=0.02 secs] 
11.193: [Full GC (Ergonomics) [PSYoungGen: 20480K->0K(238592K)] [ParOldGen: 174608K->174608K(262144K)] 195088K->174608K(500736K), [Metaspace: 2761K->2761K(1056768K)], 0.0091914 secs] [Times: user=0.00 sys=0.00, real=0.01 secs] 
12.615: [Full GC (Ergonomics) [PSYoungGen: 210421K->0K(238592K)] [ParOldGen: 174608K->15889K(262144K)] 385030K->15889K(500736K), [Metaspace: 2763K->2763K(1056768K)], 0.0057918 secs] [Times: user=0.00 sys=0.00, real=0.01 secs] 
13.813: [GC (Allocation Failure) [PSYoungGen: 209010K->6144K(238592K)] 224899K->22033K(500736K), 0.0009354 secs] [Times: user=0.00 sys=0.00, real=0.00 secs] 
14.903: [GC (Allocation Failure) [PSYoungGen: 220283K->21504K(238592K)] 236172K->37393K(500736K), 0.0016845 secs] [Times: user=0.00 sys=0.00, real=0.00 secs] 
17.089: [GC (Allocation Failure) [PSYoungGen: 184456K->5120K(238592K)] 200345K->92689K(500736K), 0.0053880 secs] [Times: user=0.00 sys=0.00, real=0.01 secs] 
18.416: [GC (Allocation Failure) [PSYoungGen: 183436K->10240K(238592K)] 271005K->118289K(500736K), 0.0024447 secs] [Times: user=0.00 sys=0.00, real=0.00 secs] 
19.833: [GC (Allocation Failure) [PSYoungGen: 188543K->5120K(238592K)] 296592K->113169K(500736K), 0.0007534 secs] [Times: user=0.00 sys=0.00, real=0.00 secs] 
21.142: [GC (Allocation Failure) [PSYoungGen: 214152K->15360K(238592K)] 322201K->225809K(500736K), 0.0160751 secs] [Times: user=0.00 sys=0.00, real=0.02 secs] 
21.158: [Full GC (Ergonomics) [PSYoungGen: 15360K->0K(238592K)] [ParOldGen: 210449K->118289K(262144K)] 225809K->118289K(500736K), [Metaspace: 2779K->2779K(1056768K)], 0.0089948 secs] [Times: user=0.00 sys=0.00, real=0.01 secs] 
22.377: [GC (Allocation Failure) [PSYoungGen: 209040K->11264K(238592K)] 327329K->129553K(500736K), 0.0010189 secs] [Times: user=0.00 sys=0.00, real=0.00 secs] 
23.906: [GC (Allocation Failure) [PSYoungGen: 225415K->20480K(238592K)] 343704K->138769K(500736K), 0.0013072 secs] [Times: user=0.00 sys=0.00, real=0.00 secs] 
25.108: [GC (Allocation Failure) [PSYoungGen: 234640K->20480K(238592K)] 352929K->138769K(500736K), 0.0020573 secs] [Times: user=0.00 sys=0.00, real=0.00 secs] 
26.201: [GC (Allocation Failure) [PSYoungGen: 234646K->20480K(238592K)] 352935K->154129K(500736K), 0.0024576 secs] [Times: user=0.00 sys=0.00, real=0.00 secs] 
28.494: [GC (Allocation Failure) [PSYoungGen: 204838K->5152K(238592K)] 338487K->241209K(500736K), 0.0052136 secs] [Times: user=0.00 sys=0.00, real=0.01 secs] 
28.499: [Full GC (Ergonomics) [PSYoungGen: 5152K->0K(238592K)] [ParOldGen: 236057K->56849K(262144K)] 241209K->56849K(500736K), [Metaspace: 2793K->2793K(1056768K)], 0.0052728 secs] [Times: user=0.02 sys=0.00, real=0.00 secs] 
29.820: [GC (Allocation Failure) [PSYoungGen: 178322K->20480K(238592K)] 235171K->82449K(500736K), 0.0021787 secs] [Times: user=0.00 sys=0.00, real=0.00 secs] 
31.348: [GC (Allocation Failure) [PSYoungGen: 203907K->5120K(238592K)] 265876K->67089K(500736K), 0.0007800 secs] [Times: user=0.00 sys=0.00, real=0.00 secs] 
32.658: [GC (Allocation Failure) [PSYoungGen: 183435K->21504K(238592K)] 245404K->88593K(500736K), 0.0021533 secs] [Times: user=0.00 sys=0.00, real=0.00 secs] 
33.965: [GC (Allocation Failure) [PSYoungGen: 230543K->22528K(238592K)] 297633K->89617K(500736K), 0.0018161 secs] [Times: user=0.00 sys=0.00, real=0.00 secs] 
35.381: [GC (Allocation Failure) [PSYoungGen: 226453K->20480K(238592K)] 293542K->87569K(500736K), 0.0013839 secs] [Times: user=0.00 sys=0.00, real=0.00 secs] 
36.579: [GC (Allocation Failure) [PSYoungGen: 229528K->20480K(238592K)] 296618K->87569K(500736K), 0.0017237 secs] [Times: user=0.00 sys=0.00, real=0.00 secs] 
37.671: [GC (Allocation Failure) [PSYoungGen: 234651K->20480K(238592K)] 301740K->113169K(500736K), 0.0031344 secs] [Times: user=0.00 sys=0.00, real=0.00 secs] 
39.746: [GC (Allocation Failure) [PSYoungGen: 193693K->20480K(238592K)] 286382K->118289K(500736K), 0.0021733 secs] [Times: user=0.00 sys=0.00, real=0.00 secs] 
41.057: [GC (Allocation Failure) [PSYoungGen: 229530K->15360K(238592K)] 327340K->215569K(500736K), 0.0151202 secs] [Times: user=0.00 sys=0.00, real=0.02 secs] 
41.072: [Full GC (Ergonomics) [PSYoungGen: 15360K->0K(238592K)] [ParOldGen: 200209K->123409K(262144K)] 215569K->123409K(500736K), [Metaspace: 2793K->2793K(1056768K)], 0.0093099 secs] [Times: user=0.00 sys=0.00, real=0.01 secs] 
43.159: [GC (Allocation Failure) [PSYoungGen: 214157K->6144K(238592K)] 337567K->129553K(500736K), 0.0010590 secs] [Times: user=0.00 sys=0.00, real=0.00 secs] 
44.140: [GC (Allocation Failure) [PSYoungGen: 128134K->11264K(238592K)] 251543K->185873K(500736K), 0.0052892 secs] [Times: user=0.00 sys=0.00, real=0.00 secs] 
44.145: [Full GC (Ergonomics) [PSYoungGen: 11264K->0K(238592K)] [ParOldGen: 174609K->62993K(262144K)] 185873K->62993K(500736K), [Metaspace: 2795K->2795K(1056768K)], 0.0053953 secs] [Times: user=0.00 sys=0.00, real=0.01 secs] 
45.469: [GC (Allocation Failure) [PSYoungGen: 178333K->15360K(238592K)] 241326K->98833K(500736K), 0.0026743 secs] [Times: user=0.02 sys=0.00, real=0.00 secs] 
46.887: [GC (Allocation Failure) [PSYoungGen: 214154K->20480K(238592K)] 297627K->124433K(500736K), 0.0022203 secs] [Times: user=0.00 sys=0.00, real=0.00 secs] 
48.202: [GC (Allocation Failure) [PSYoungGen: 229521K->15360K(238592K)] 333474K->119313K(500736K), 0.0013816 secs] [Times: user=0.00 sys=0.00, real=0.00 secs] 
49.405: [GC (Allocation Failure) [PSYoungGen: 224406K->15360K(238592K)] 328359K->170513K(500736K), 0.0053445 secs] [Times: user=0.01 sys=0.00, real=0.01 secs] 
50.823: [GC (Allocation Failure) [PSYoungGen: 229529K->10240K(238592K)] 384683K->165393K(500736K), 0.0009076 secs] [Times: user=0.00 sys=0.00, real=0.00 secs] 
51.919: [GC (Allocation Failure) [PSYoungGen: 224412K->11264K(238592K)] 379565K->166417K(500736K), 0.0012121 secs] [Times: user=0.00 sys=0.00, real=0.00 secs] 
53.008: [GC (Allocation Failure) [PSYoungGen: 225423K->13312K(238592K)] 380576K->168465K(500736K), 0.0010938 secs] [Times: user=0.00 sys=0.00, real=0.00 secs] 
55.522: [GC (Allocation Failure) [PSYoungGen: 181397K->15360K(238592K)] 336551K->221713K(500736K), 0.0048595 secs] [Times: user=0.00 sys=0.00, real=0.00 secs] 
55.527: [Full GC (Ergonomics) [PSYoungGen: 15360K->0K(238592K)] [ParOldGen: 206353K->67089K(262144K)] 221713K->67089K(500736K), [Metaspace: 2795K->2795K(1056768K)], 0.0055924 secs] [Times: user=0.00 sys=0.00, real=0.01 secs] 
56.848: [GC (Allocation Failure) [PSYoungGen: 178325K->5120K(238592K)] 245414K->113169K(500736K), 0.0028609 secs] [Times: user=0.00 sys=0.00, real=0.00 secs] 
58.270: [GC (Allocation Failure) [PSYoungGen: 198788K->20480K(238592K)] 306838K->128529K(500736K), 0.0020379 secs] [Times: user=0.00 sys=0.00, real=0.00 secs] 
59.581: [GC (Allocation Failure) [PSYoungGen: 229517K->15360K(238592K)] 337566K->174609K(500736K), 0.0049952 secs] [Times: user=0.00 sys=0.00, real=0.00 secs] 
60.781: [GC (Allocation Failure) [PSYoungGen: 224403K->15360K(238592K)] 383653K->277009K(500736K), 0.0152448 secs] [Times: user=0.00 sys=0.00, real=0.02 secs] 
60.797: [Full GC (Ergonomics) [PSYoungGen: 15360K->0K(238592K)] [ParOldGen: 261649K->169489K(262144K)] 277009K->169489K(500736K), [Metaspace: 2796K->2796K(1056768K)], 0.0126315 secs] [Times: user=0.00 sys=0.00, real=0.01 secs] 
62.232: [Full GC (Ergonomics) [PSYoungGen: 209047K->0K(238592K)] [ParOldGen: 169489K->6144K(262144K)] 378537K->6144K(500736K), [Metaspace: 2796K->2796K(1056768K)], 0.0022784 secs] [Times: user=0.00 sys=0.00, real=0.00 secs] 
63.327: [GC (Allocation Failure) [PSYoungGen: 214155K->6144K(238592K)] 220299K->12288K(500736K), 0.0008780 secs] [Times: user=0.00 sys=0.00, real=0.00 secs] 
64.418: [GC (Allocation Failure) [PSYoungGen: 220300K->12288K(238592K)] 226444K->18432K(500736K), 0.0012614 secs] [Times: user=0.00 sys=0.00, real=0.00 secs] 
66.931: [GC (Allocation Failure) [PSYoungGen: 190611K->20480K(238592K)] 196755K->82944K(500736K), 0.0054023 secs] [Times: user=0.00 sys=0.00, real=0.01 secs] 
68.260: [GC (Allocation Failure) [PSYoungGen: 198805K->20480K(238592K)] 261269K->108544K(500736K), 0.0031889 secs] [Times: user=0.00 sys=0.00, real=0.00 secs] 
69.679: [GC (Allocation Failure) [PSYoungGen: 198788K->5120K(238592K)] 286852K->93184K(500736K), 0.0008323 secs] [Times: user=0.00 sys=0.00, real=0.00 secs] 
70.986: [GC (Allocation Failure) [PSYoungGen: 214155K->15360K(238592K)] 302219K->205824K(500736K), 0.0160638 secs] [Times: user=0.00 sys=0.00, real=0.02 secs] 
71.002: [Full GC (Ergonomics) [PSYoungGen: 15360K->0K(238592K)] [ParOldGen: 190464K->118289K(262144K)] 205824K->118289K(500736K), [Metaspace: 2796K->2796K(1056768K)], 0.0093189 secs] [Times: user=0.00 sys=0.00, real=0.01 secs] 
72.218: [GC (Allocation Failure) [PSYoungGen: 209042K->11264K(238592K)] 327332K->129553K(500736K), 0.0009565 secs] [Times: user=0.00 sys=0.00, real=0.00 secs] 
73.752: [GC (Allocation Failure) [PSYoungGen: 225416K->20480K(238592K)] 343706K->138769K(500736K), 0.0014528 secs] [Times: user=0.08 sys=0.00, real=0.00 secs] 
74.950: [GC (Allocation Failure) [PSYoungGen: 234641K->20480K(238592K)] 352930K->138769K(500736K), 0.0017806 secs] [Times: user=0.00 sys=0.00, real=0.00 secs] 
76.046: [GC (Allocation Failure) [PSYoungGen: 234646K->20480K(238592K)] 352936K->154129K(500736K), 0.0026869 secs] [Times: user=0.00 sys=0.00, real=0.00 secs] 
78.341: [GC (Allocation Failure) [PSYoungGen: 203930K->5120K(238592K)] 337579K->241169K(500736K), 0.0052780 secs] [Times: user=0.00 sys=0.00, real=0.00 secs] 
78.346: [Full GC (Ergonomics) [PSYoungGen: 5120K->0K(238592K)] [ParOldGen: 236049K->56849K(262144K)] 241169K->56849K(500736K), [Metaspace: 2796K->2796K(1056768K)], 0.0051789 secs] [Times: user=0.00 sys=0.00, real=0.01 secs] 
79.665: [GC (Allocation Failure) [PSYoungGen: 178330K->20480K(238592K)] 235179K->82449K(500736K), 0.0023017 secs] [Times: user=0.00 sys=0.00, real=0.00 secs] 
81.189: [GC (Allocation Failure) [PSYoungGen: 203911K->5120K(238592K)] 265881K->67089K(500736K), 0.0009193 secs] [Times: user=0.00 sys=0.00, real=0.00 secs] 
82.499: [GC (Allocation Failure) [PSYoungGen: 183438K->21504K(238592K)] 245407K->88593K(500736K), 0.0024494 secs] [Times: user=0.00 sys=0.00, real=0.00 secs] 
83.806: [GC (Allocation Failure) [PSYoungGen: 230545K->22528K(238592K)] 297635K->89617K(500736K), 0.0016486 secs] [Times: user=0.00 sys=0.00, real=0.00 secs] 
85.223: [GC (Allocation Failure) [PSYoungGen: 226454K->20480K(238592K)] 293544K->87569K(500736K), 0.0014335 secs] [Times: user=0.00 sys=0.00, real=0.00 secs] 
86.424: [GC (Allocation Failure) [PSYoungGen: 229529K->20480K(238592K)] 296618K->87569K(500736K), 0.0015725 secs] [Times: user=0.00 sys=0.00, real=0.00 secs] 
87.516: [GC (Allocation Failure) [PSYoungGen: 234651K->20480K(238592K)] 301741K->113169K(500736K), 0.0036731 secs] [Times: user=0.02 sys=0.00, real=0.00 secs] 
89.586: [GC (Allocation Failure) [PSYoungGen: 193693K->20480K(238592K)] 286383K->118289K(500736K), 0.0024748 secs] [Times: user=0.00 sys=0.00, real=0.00 secs] 
90.893: [GC (Allocation Failure) [PSYoungGen: 229530K->15360K(238592K)] 327340K->215569K(500736K), 0.0158548 secs] [Times: user=0.00 sys=0.00, real=0.02 secs] 
90.909: [Full GC (Ergonomics) [PSYoungGen: 15360K->0K(238592K)] [ParOldGen: 200209K->123409K(262144K)] 215569K->123409K(500736K), [Metaspace: 2796K->2796K(1056768K)], 0.0091548 secs] [Times: user=0.00 sys=0.00, real=0.01 secs] 
92.994: [GC (Allocation Failure) [PSYoungGen: 214157K->6144K(238592K)] 337567K->129553K(500736K), 0.0008915 secs] [Times: user=0.00 sys=0.00, real=0.00 secs] 
93.982: [GC (Allocation Failure) [PSYoungGen: 128134K->11264K(238592K)] 251543K->185873K(500736K), 0.0048381 secs] [Times: user=0.00 sys=0.00, real=0.00 secs] 
93.987: [Full GC (Ergonomics) [PSYoungGen: 11264K->0K(238592K)] [ParOldGen: 174609K->62993K(262144K)] 185873K->62993K(500736K), [Metaspace: 2796K->2796K(1056768K)], 0.0050463 secs] [Times: user=0.00 sys=0.00, real=0.01 secs] 
95.311: [GC (Allocation Failure) [PSYoungGen: 178333K->20480K(238592K)] 241326K->98833K(500736K), 0.0024928 secs] [Times: user=0.00 sys=0.00, real=0.00 secs] 
96.730: [GC (Allocation Failure) [PSYoungGen: 219274K->20480K(238592K)] 297627K->119313K(500736K), 0.0024466 secs] [Times: user=0.00 sys=0.00, real=0.00 secs] 
98.037: [GC (Allocation Failure) [PSYoungGen: 229521K->15360K(238592K)] 328354K->114193K(500736K), 0.0014732 secs] [Times: user=0.00 sys=0.00, real=0.00 secs] 
99.237: [GC (Allocation Failure) [PSYoungGen: 224406K->15360K(238592K)] 323239K->165393K(500736K), 0.0049215 secs] [Times: user=0.00 sys=0.00, real=0.00 secs] 
100.659: [GC (Allocation Failure) [PSYoungGen: 229529K->10240K(238592K)] 379563K->160273K(500736K), 0.0009238 secs] [Times: user=0.00 sys=0.00, real=0.00 secs] 
101.752: [GC (Allocation Failure) [PSYoungGen: 224412K->11264K(238592K)] 374445K->161297K(500736K), 0.0012551 secs] [Times: user=0.00 sys=0.00, real=0.00 secs] 
102.845: [GC (Allocation Failure) [PSYoungGen: 225423K->13312K(238592K)] 375456K->163345K(500736K), 0.0011645 secs] [Times: user=0.00 sys=0.00, real=0.00 secs] 
105.355: [GC (Allocation Failure) [PSYoungGen: 181397K->15360K(238592K)] 331431K->216593K(500736K), 0.0048293 secs] [Times: user=0.00 sys=0.00, real=0.00 secs] 
105.359: [Full GC (Ergonomics) [PSYoungGen: 15360K->0K(238592K)] [ParOldGen: 201233K->67089K(262144K)] 216593K->67089K(500736K), [Metaspace: 2796K->2796K(1056768K)], 0.0053028 secs] [Times: user=0.00 sys=0.00, real=0.01 secs] 
106.680: [GC (Allocation Failure) [PSYoungGen: 178325K->20480K(238592K)] 245414K->113169K(500736K), 0.0026269 secs] [Times: user=0.00 sys=0.00, real=0.00 secs] 
108.103: [GC (Allocation Failure) [PSYoungGen: 214148K->20480K(238592K)] 306838K->113169K(500736K), 0.0019378 secs] [Times: user=0.00 sys=0.00, real=0.00 secs] 
109.414: [GC (Allocation Failure) [PSYoungGen: 229517K->15360K(238592K)] 322206K->159249K(500736K), 0.0051858 secs] [Times: user=0.00 sys=0.00, real=0.00 secs] 
110.615: [GC (Allocation Failure) [PSYoungGen: 224403K->15360K(238592K)] 368293K->261649K(500736K), 0.0161381 secs] [Times: user=0.00 sys=0.00, real=0.02 secs] 
110.631: [Full GC (Ergonomics) [PSYoungGen: 15360K->0K(238592K)] [ParOldGen: 246289K->169489K(262144K)] 261649K->169489K(500736K), [Metaspace: 2796K->2796K(1056768K)], 0.0129402 secs] [Times: user=0.00 sys=0.00, real=0.01 secs] 
112.069: [Full GC (Ergonomics) [PSYoungGen: 209047K->0K(238592K)] [ParOldGen: 169489K->6144K(262144K)] 378537K->6144K(500736K), [Metaspace: 2796K->2796K(1056768K)], 0.0022710 secs] [Times: user=0.00 sys=0.00, real=0.00 secs] 
113.160: [GC (Allocation Failure) [PSYoungGen: 214155K->6144K(238592K)] 220299K->12288K(500736K), 0.0008879 secs] [Times: user=0.00 sys=0.00, real=0.00 secs] 
114.254: [GC (Allocation Failure) [PSYoungGen: 220300K->12288K(238592K)] 226444K->18432K(500736K), 0.0011068 secs] [Times: user=0.00 sys=0.00, real=0.00 secs] 
116.764: [GC (Allocation Failure) [PSYoungGen: 190611K->20480K(238592K)] 196755K->82944K(500736K), 0.0055687 secs] [Times: user=0.00 sys=0.00, real=0.01 secs] 
118.091: [GC (Allocation Failure) [PSYoungGen: 198805K->5120K(238592K)] 261269K->108544K(500736K), 0.0028673 secs] [Times: user=0.00 sys=0.00, real=0.00 secs] 
119.505: [GC (Allocation Failure) [PSYoungGen: 183428K->5120K(238592K)] 286852K->108544K(500736K), 0.0007873 secs] [Times: user=0.00 sys=0.00, real=0.00 secs] 
120.814: [GC (Allocation Failure) [PSYoungGen: 214155K->15360K(238592K)] 317579K->221184K(500736K), 0.0157066 secs] [Times: user=0.00 sys=0.00, real=0.01 secs] 
120.829: [Full GC (Ergonomics) [PSYoungGen: 15360K->0K(238592K)] [ParOldGen: 205824K->118289K(262144K)] 221184K->118289K(500736K), [Metaspace: 2796K->2796K(1056768K)], 0.0091542 secs] [Times: user=0.00 sys=0.00, real=0.01 secs] 
122.047: [GC (Allocation Failure) [PSYoungGen: 209042K->11264K(238592K)] 327332K->129553K(500736K), 0.0011395 secs] [Times: user=0.00 sys=0.00, real=0.00 secs] 
123.570: [GC (Allocation Failure) [PSYoungGen: 225416K->20480K(238592K)] 343706K->138769K(500736K), 0.0013631 secs] [Times: user=0.00 sys=0.00, real=0.00 secs] 
124.772: [GC (Allocation Failure) [PSYoungGen: 234641K->20480K(238592K)] 352930K->138769K(500736K), 0.0016721 secs] [Times: user=0.00 sys=0.00, real=0.00 secs] 
125.864: [GC (Allocation Failure) [PSYoungGen: 234646K->20480K(238592K)] 352936K->154129K(500736K), 0.0023239 secs] [Times: user=0.00 sys=0.00, real=0.00 secs] 
128.160: [GC (Allocation Failure) [PSYoungGen: 203930K->5120K(238592K)] 337579K->241169K(500736K), 0.0052455 secs] [Times: user=0.00 sys=0.00, real=0.00 secs] 
128.166: [Full GC (Ergonomics) [PSYoungGen: 5120K->0K(238592K)] [ParOldGen: 236049K->56849K(262144K)] 241169K->56849K(500736K), [Metaspace: 2796K->2796K(1056768K)], 0.0052791 secs] [Times: user=0.00 sys=0.00, real=0.01 secs] 
129.483: [GC (Allocation Failure) [PSYoungGen: 178330K->20480K(238592K)] 235179K->82449K(500736K), 0.0021316 secs] [Times: user=0.00 sys=0.00, real=0.00 secs] 
131.011: [GC (Allocation Failure) [PSYoungGen: 203911K->5120K(238592K)] 265881K->67089K(500736K), 0.0009362 secs] [Times: user=0.00 sys=0.00, real=0.00 secs] 
132.319: [GC (Allocation Failure) [PSYoungGen: 183438K->21504K(238592K)] 245407K->88593K(500736K), 0.0023555 secs] [Times: user=0.00 sys=0.00, real=0.00 secs] 
133.630: [GC (Allocation Failure) [PSYoungGen: 230545K->22528K(238592K)] 297635K->89617K(500736K), 0.0017611 secs] [Times: user=0.00 sys=0.00, real=0.00 secs] 
135.047: [GC (Allocation Failure) [PSYoungGen: 226454K->20480K(238592K)] 293544K->87569K(500736K), 0.0014587 secs] [Times: user=0.00 sys=0.00, real=0.00 secs] 
136.245: [GC (Allocation Failure) [PSYoungGen: 229529K->20480K(238592K)] 296618K->87569K(500736K), 0.0016819 secs] [Times: user=0.00 sys=0.00, real=0.00 secs] 
137.339: [GC (Allocation Failure) [PSYoungGen: 234651K->20480K(238592K)] 301741K->113169K(500736K), 0.0030992 secs] [Times: user=0.00 sys=0.00, real=0.00 secs] 
139.411: [GC (Allocation Failure) [PSYoungGen: 193693K->20480K(238592K)] 286383K->118289K(500736K), 0.0020931 secs] [Times: user=0.00 sys=0.00, real=0.00 secs] 
140.720: [GC (Allocation Failure) [PSYoungGen: 229530K->15360K(238592K)] 327340K->215569K(500736K), 0.0152435 secs] [Times: user=0.00 sys=0.00, real=0.02 secs] 
140.735: [Full GC (Ergonomics) [PSYoungGen: 15360K->0K(238592K)] [ParOldGen: 200209K->123409K(262144K)] 215569K->123409K(500736K), [Metaspace: 2796K->2796K(1056768K)], 0.0092416 secs] [Times: user=0.00 sys=0.00, real=0.01 secs] 
142.820: [GC (Allocation Failure) [PSYoungGen: 214157K->6144K(238592K)] 337567K->129553K(500736K), 0.0006916 secs] [Times: user=0.00 sys=0.00, real=0.00 secs] 
143.801: [GC (Allocation Failure) [PSYoungGen: 128134K->11264K(238592K)] 251543K->185873K(500736K), 0.0046346 secs] [Times: user=0.00 sys=0.00, real=0.00 secs] 
143.805: [Full GC (Ergonomics) [PSYoungGen: 11264K->0K(238592K)] [ParOldGen: 174609K->62993K(262144K)] 185873K->62993K(500736K), [Metaspace: 2796K->2796K(1056768K)], 0.0053368 secs] [Times: user=0.00 sys=0.00, real=0.00 secs] 
145.128: [GC (Allocation Failure) [PSYoungGen: 178333K->15360K(238592K)] 241326K->98833K(500736K), 0.0027756 secs] [Times: user=0.00 sys=0.00, real=0.00 secs] 
146.547: [GC (Allocation Failure) [PSYoungGen: 214154K->20480K(238592K)] 297627K->124433K(500736K), 0.0024376 secs] [Times: user=0.00 sys=0.00, real=0.00 secs] 
147.852: [GC (Allocation Failure) [PSYoungGen: 229521K->15360K(238592K)] 333474K->119313K(500736K), 0.0013433 secs] [Times: user=0.00 sys=0.00, real=0.00 secs] 
149.054: [GC (Allocation Failure) [PSYoungGen: 224406K->15360K(238592K)] 328359K->170513K(500736K), 0.0049921 secs] [Times: user=0.00 sys=0.00, real=0.00 secs] 
150.474: [GC (Allocation Failure) [PSYoungGen: 229529K->10240K(238592K)] 384683K->165393K(500736K), 0.0009381 secs] [Times: user=0.00 sys=0.00, real=0.00 secs] 
151.564: [GC (Allocation Failure) [PSYoungGen: 224412K->11264K(238592K)] 379565K->166417K(500736K), 0.0011236 secs] [Times: user=0.09 sys=0.00, real=0.00 secs] 
152.656: [GC (Allocation Failure) [PSYoungGen: 225423K->13312K(238592K)] 380576K->168465K(500736K), 0.0013365 secs] [Times: user=0.00 sys=0.00, real=0.00 secs] 
155.170: [GC (Allocation Failure) [PSYoungGen: 181397K->15360K(238592K)] 336551K->221713K(500736K), 0.0050439 secs] [Times: user=0.01 sys=0.00, real=0.00 secs] 
155.175: [Full GC (Ergonomics) [PSYoungGen: 15360K->0K(238592K)] [ParOldGen: 206353K->67089K(262144K)] 221713K->67089K(500736K), [Metaspace: 2796K->2796K(1056768K)], 0.0057479 secs] [Times: user=0.00 sys=0.00, real=0.01 secs] 
156.493: [GC (Allocation Failure) [PSYoungGen: 178325K->20480K(238592K)] 245414K->113169K(500736K), 0.0024114 secs] [Times: user=0.00 sys=0.00, real=0.00 secs] 
157.916: [GC (Allocation Failure) [PSYoungGen: 214148K->20480K(238592K)] 306838K->113169K(500736K), 0.0019905 secs] [Times: user=0.00 sys=0.00, real=0.00 secs] 
159.227: [GC (Allocation Failure) [PSYoungGen: 229517K->15360K(238592K)] 322206K->159249K(500736K), 0.0050444 secs] [Times: user=0.00 sys=0.00, real=0.00 secs] 
160.434: [GC (Allocation Failure) [PSYoungGen: 224403K->15360K(238592K)] 368293K->261649K(500736K), 0.0151489 secs] [Times: user=0.00 sys=0.00, real=0.02 secs] 
160.449: [Full GC (Ergonomics) [PSYoungGen: 15360K->0K(238592K)] [ParOldGen: 246289K->169489K(262144K)] 261649K->169489K(500736K), [Metaspace: 2796K->2796K(1056768K)], 0.0125949 secs] [Times: user=0.00 sys=0.00, real=0.01 secs] 
161.881: [Full GC (Ergonomics) [PSYoungGen: 209047K->0K(238592K)] [ParOldGen: 169489K->5649K(262144K)] 378537K->5649K(500736K), [Metaspace: 2796K->2796K(1056768K)], 0.0024624 secs] [Times: user=0.00 sys=0.00, real=0.00 secs] 
162.973: [GC (Allocation Failure) [PSYoungGen: 214155K->6144K(238592K)] 219805K->11793K(500736K), 0.0007345 secs] [Times: user=0.00 sys=0.00, real=0.00 secs] 
164.066: [GC (Allocation Failure) [PSYoungGen: 220300K->12288K(238592K)] 225949K->17937K(500736K), 0.0014135 secs] [Times: user=0.00 sys=0.00, real=0.00 secs] 
166.579: [GC (Allocation Failure) [PSYoungGen: 190611K->5120K(238592K)] 196261K->82449K(500736K), 0.0054832 secs] [Times: user=0.02 sys=0.00, real=0.00 secs] 
167.905: [GC (Allocation Failure) [PSYoungGen: 183445K->10240K(238592K)] 260774K->108049K(500736K), 0.0025295 secs] [Times: user=0.00 sys=0.00, real=0.00 secs] 
169.320: [GC (Allocation Failure) [PSYoungGen: 188548K->5120K(238592K)] 286358K->102929K(500736K), 0.0008774 secs] [Times: user=0.00 sys=0.00, real=0.00 secs] 
170.627: [GC (Allocation Failure) [PSYoungGen: 214155K->15360K(238592K)] 311965K->215569K(500736K), 0.0148790 secs] [Times: user=0.00 sys=0.00, real=0.01 secs] 
170.642: [Full GC (Ergonomics) [PSYoungGen: 15360K->0K(238592K)] [ParOldGen: 200209K->118289K(262144K)] 215569K->118289K(500736K), [Metaspace: 2796K->2796K(1056768K)], 0.0085587 secs] [Times: user=0.00 sys=0.00, real=0.01 secs] 
171.848: [GC (Allocation Failure) [PSYoungGen: 209042K->11264K(238592K)] 327332K->129553K(500736K), 0.0009991 secs] [Times: user=0.00 sys=0.00, real=0.00 secs] 
173.375: [GC (Allocation Failure) [PSYoungGen: 225416K->20480K(238592K)] 343706K->138769K(500736K), 0.0016364 secs] [Times: user=0.00 sys=0.00, real=0.00 secs] 
174.574: [GC (Allocation Failure) [PSYoungGen: 234641K->20480K(238592K)] 352930K->138769K(500736K), 0.0017899 secs] [Times: user=0.00 sys=0.00, real=0.00 secs] 
175.666: [GC (Allocation Failure) [PSYoungGen: 234646K->20480K(238592K)] 352936K->154129K(500736K), 0.0023700 secs] [Times: user=0.00 sys=0.00, real=0.00 secs] 
177.960: [GC (Allocation Failure) [PSYoungGen: 203930K->5120K(238592K)] 337579K->241169K(500736K), 0.0052413 secs] [Times: user=0.00 sys=0.00, real=0.01 secs] 
177.966: [Full GC (Ergonomics) [PSYoungGen: 5120K->0K(238592K)] [ParOldGen: 236049K->56849K(262144K)] 241169K->56849K(500736K), [Metaspace: 2796K->2796K(1056768K)], 0.0050997 secs] [Times: user=0.00 sys=0.00, real=0.00 secs] 
179.284: [GC (Allocation Failure) [PSYoungGen: 178330K->20480K(238592K)] 235179K->82449K(500736K), 0.0020475 secs] [Times: user=0.00 sys=0.00, real=0.00 secs] 
180.812: [GC (Allocation Failure) [PSYoungGen: 203911K->5120K(238592K)] 265881K->67089K(500736K), 0.0007491 secs] [Times: user=0.00 sys=0.00, real=0.00 secs] 
182.122: [GC (Allocation Failure) [PSYoungGen: 183438K->21504K(238592K)] 245407K->88593K(500736K), 0.0023581 secs] [Times: user=0.00 sys=0.00, real=0.00 secs] 
183.435: [GC (Allocation Failure) [PSYoungGen: 230545K->22528K(238592K)] 297635K->89617K(500736K), 0.0015715 secs] [Times: user=0.00 sys=0.00, real=0.00 secs] 
184.856: [GC (Allocation Failure) [PSYoungGen: 226454K->20480K(238592K)] 293544K->87569K(500736K), 0.0014246 secs] [Times: user=0.00 sys=0.00, real=0.00 secs] 
186.059: [GC (Allocation Failure) [PSYoungGen: 229529K->20480K(238592K)] 296618K->87569K(500736K), 0.0017431 secs] [Times: user=0.00 sys=0.00, real=0.00 secs] 
187.151: [GC (Allocation Failure) [PSYoungGen: 234651K->20480K(238592K)] 301741K->113169K(500736K), 0.0033128 secs] [Times: user=0.00 sys=0.00, real=0.00 secs] 
189.228: [GC (Allocation Failure) [PSYoungGen: 193693K->5120K(238592K)] 286383K->118289K(500736K), 0.0023657 secs] [Times: user=0.00 sys=0.00, real=0.00 secs] 
190.536: [GC (Allocation Failure) [PSYoungGen: 214170K->20480K(238592K)] 327340K->236049K(500736K), 0.0159778 secs] [Times: user=0.00 sys=0.00, real=0.02 secs] 
190.552: [Full GC (Ergonomics) [PSYoungGen: 20480K->0K(238592K)] [ParOldGen: 215569K->123409K(262144K)] 236049K->123409K(500736K), [Metaspace: 2796K->2796K(1056768K)], 0.0088774 secs] [Times: user=0.00 sys=0.00, real=0.01 secs] 
192.639: [GC (Allocation Failure) [PSYoungGen: 214157K->6176K(238592K)] 337567K->129585K(500736K), 0.0009080 secs] [Times: user=0.00 sys=0.00, real=0.00 secs] 
193.621: [GC (Allocation Failure) [PSYoungGen: 128166K->11296K(238592K)] 251575K->185905K(500736K), 0.0046528 secs] [Times: user=0.00 sys=0.00, real=0.00 secs] 
193.626: [Full GC (Ergonomics) [PSYoungGen: 11296K->0K(238592K)] [ParOldGen: 174609K->62993K(262144K)] 185905K->62993K(500736K), [Metaspace: 2796K->2796K(1056768K)], 0.0056145 secs] [Times: user=0.00 sys=0.00, real=0.01 secs] 
194.943: [GC (Allocation Failure) [PSYoungGen: 178333K->20544K(238592K)] 241326K->98897K(500736K), 0.0026253 secs] [Times: user=0.00 sys=0.00, real=0.00 secs] 
196.358: [GC (Allocation Failure) [PSYoungGen: 219338K->20512K(238592K)] 297691K->119345K(500736K), 0.0022846 secs] [Times: user=0.00 sys=0.00, real=0.00 secs] 
197.668: [GC (Allocation Failure) [PSYoungGen: 229553K->15392K(238592K)] 328386K->134705K(500736K), 0.0025497 secs] [Times: user=0.00 sys=0.00, real=0.00 secs] 
198.871: [GC (Allocation Failure) [PSYoungGen: 224438K->15392K(238592K)] 343751K->185905K(500736K), 0.0056376 secs] [Times: user=0.00 sys=0.00, real=0.00 secs] 
198.876: [Full GC (Ergonomics) [PSYoungGen: 15392K->0K(238592K)] [ParOldGen: 170513K->87569K(262144K)] 185905K->87569K(500736K), [Metaspace: 2796K->2796K(1056768K)], 0.0070907 secs] [Times: user=0.00 sys=0.00, real=0.01 secs] 
200.304: [GC (Allocation Failure) [PSYoungGen: 214169K->10240K(238592K)] 301739K->97809K(500736K), 0.0010517 secs] [Times: user=0.00 sys=0.00, real=0.00 secs] 
201.394: [GC (Allocation Failure) [PSYoungGen: 224397K->11264K(238592K)] 311967K->98833K(500736K), 0.0010925 secs] [Times: user=0.00 sys=0.00, real=0.00 secs] 
202.485: [GC (Allocation Failure) [PSYoungGen: 225414K->13312K(238592K)] 312983K->100881K(500736K), 0.0012178 secs] [Times: user=0.00 sys=0.00, real=0.00 secs] 
204.999: [GC (Allocation Failure) [PSYoungGen: 181391K->15360K(238592K)] 268961K->154129K(500736K), 0.0049047 secs] [Times: user=0.02 sys=0.00, real=0.00 secs] 
206.320: [GC (Allocation Failure) [PSYoungGen: 193681K->20480K(238592K)] 332451K->200209K(500736K), 0.0035962 secs] [Times: user=0.00 sys=0.00, real=0.00 secs] 
206.324: [Full GC (Ergonomics) [PSYoungGen: 20480K->0K(238592K)] [ParOldGen: 179729K->41489K(262144K)] 200209K->41489K(500736K), [Metaspace: 2796K->2796K(1056768K)], 0.0043370 secs] [Times: user=0.00 sys=0.00, real=0.00 secs] 
207.739: [GC (Allocation Failure) [PSYoungGen: 193675K->20480K(238592K)] 235164K->61969K(500736K), 0.0019269 secs] [Times: user=0.00 sys=0.00, real=0.00 secs] 
209.048: [GC (Allocation Failure) [PSYoungGen: 229505K->15360K(238592K)] 270995K->108049K(500736K), 0.0050782 secs] [Times: user=0.00 sys=0.00, real=0.00 secs] 
210.249: [GC (Allocation Failure) [PSYoungGen: 224396K->15360K(238592K)] 317085K->210449K(500736K), 0.0153574 secs] [Times: user=0.02 sys=0.00, real=0.01 secs] 
210.264: [Full GC (Ergonomics) [PSYoungGen: 15360K->0K(238592K)] [ParOldGen: 195089K->169489K(262144K)] 210449K->169489K(500736K), [Metaspace: 2796K->2796K(1056768K)], 0.0114867 secs] [Times: user=0.00 sys=0.00, real=0.01 secs] 
211.696: [Full GC (Ergonomics) [PSYoungGen: 209043K->0K(238592K)] [ParOldGen: 169489K->6144K(262144K)] 378532K->6144K(500736K), [Metaspace: 2796K->2796K(1056768K)], 0.0021708 secs] [Times: user=0.00 sys=0.00, real=0.00 secs] 
212.789: [GC (Allocation Failure) [PSYoungGen: 214152K->6144K(238592K)] 220296K->12288K(500736K), 0.0007271 secs] [Times: user=0.00 sys=0.00, real=0.00 secs] 
213.883: [GC (Allocation Failure) [PSYoungGen: 220298K->12288K(238592K)] 226442K->18432K(500736K), 0.0014529 secs] [Times: user=0.00 sys=0.00, real=0.00 secs] 
216.393: [GC (Allocation Failure) [PSYoungGen: 190610K->20480K(238592K)] 196754K->82944K(500736K), 0.0052168 secs] [Times: user=0.00 sys=0.00, real=0.00 secs] 
217.706: [GC (Allocation Failure) [PSYoungGen: 198804K->20480K(238592K)] 261268K->108544K(500736K), 0.0036980 secs] [Times: user=0.00 sys=0.00, real=0.00 secs] 
Heap
 PSYoungGen      total 238592K, used 203089K [0x00000000f0000000, 0x0000000100000000, 0x0000000100000000)
  eden space 215040K, 84% used [0x00000000f0000000,0x00000000fb2545e8,0x00000000fd200000)
  from space 23552K, 86% used [0x00000000fe900000,0x00000000ffd00010,0x0000000100000000)
  to   space 23552K, 0% used [0x00000000fd200000,0x00000000fd200000,0x00000000fe900000)
 ParOldGen       total 262144K, used 88064K [0x00000000e0000000, 0x00000000f0000000, 0x00000000f0000000)
  object space 262144K, 33% used [0x00000000e0000000,0x00000000e5600050,0x00000000f0000000)
 Metaspace       used 2804K, capacity 4486K, committed 4864K, reserved 1056768K
  class space    used 297K, capacity 386K, committed 512K, reserved 1048576K
