Java HotSpot(TM) 64-Bit Server VM (25.411-b09) for windows-amd64 JRE (1.8.0_411-b09), built on Mar 13 2024 07:26:13 by "java_re" with MS VC++ 17.1 (VS2022)
Memory: 4k page, physical 33403376k(14591576k free), swap 36815128k(7362212k free)
CommandLine flags: -XX:InitialHeapSize=536870912 -XX:MaxHeapSize=536870912 -XX:NewRatio=9 -XX:ParallelGCThreads=6 -XX:+PrintGC -XX:+PrintGCDetails -XX:+PrintGCTimeStamps -XX:+UseCompressedClassPointers -XX:+UseCompressedOops -XX:-UseLargePagesIndividualAllocation -XX:+UseParallelGC 
0.935: [GC (Allocation Failure) [PSYoungGen: 34365K->5784K(46080K)] 34365K->10912K(518144K), 0.0023191 secs] [Times: user=0.00 sys=0.00, real=0.00 secs] 
2.077: [GC (Allocation Failure) [PSYoungGen: 44452K->5792K(46080K)] 223660K->191144K(518144K), 0.0027028 secs] [Times: user=0.00 sys=0.00, real=0.00 secs] 
3.218: [GC (Allocation Failure) [PSYoungGen: 44466K->2648K(46080K)] 403899K->367200K(518144K), 0.0024853 secs] [Times: user=0.00 sys=0.00, real=0.00 secs] 
3.872: [GC (Allocation Failure) [PSYoungGen: 34159K->5752K(46080K)] 398711K->371328K(518144K), 0.0012994 secs] [Times: user=0.00 sys=0.00, real=0.00 secs] 
5.180: [GC (Allocation Failure) [PSYoungGen: 43402K->5752K(45568K)] 408979K->376448K(517632K), 0.0022360 secs] [Times: user=0.00 sys=0.00, real=0.00 secs] 
5.743: [GC (Allocation Failure) [PSYoungGen: 32127K->5736K(43008K)] 474503K->458352K(515072K), 0.0038624 secs] [Times: user=0.00 sys=0.00, real=0.00 secs] 
5.747: [Full GC (Ergonomics) [PSYoungGen: 5736K->0K(43008K)] [ParOldGen: 452616K->67088K(472064K)] 458352K->67088K(515072K), [Metaspace: 2753K->2753K(1056768K)], 0.0106387 secs] [Times: user=0.00 sys=0.00, real=0.01 secs] 
6.740: [GC (Allocation Failure) [PSYoungGen: 33497K->5120K(44544K)] 202986K->179728K(516608K), 0.0012689 secs] [Times: user=0.00 sys=0.00, real=0.00 secs] 
7.722: [GC (Allocation Failure) [PSYoungGen: 38988K->5152K(45056K)] 387677K->353848K(517120K), 0.0011370 secs] [Times: user=0.00 sys=0.00, real=0.00 secs] 
8.597: [GC (Allocation Failure) [PSYoungGen: 31506K->32K(37888K)] 431403K->399928K(509952K), 0.0010421 secs] [Times: user=0.00 sys=0.00, real=0.00 secs] 
8.598: [GC (Allocation Failure) [PSYoungGen: 32K->0K(43520K)] 399928K->399904K(515584K), 0.0008996 secs] [Times: user=0.00 sys=0.00, real=0.00 secs] 
8.599: [Full GC (Allocation Failure) [PSYoungGen: 0K->0K(43520K)] [ParOldGen: 399904K->51728K(472064K)] 399904K->51728K(515584K), [Metaspace: 2759K->2759K(1056768K)], 0.0050498 secs] [Times: user=0.00 sys=0.00, real=0.01 secs] 
9.592: [GC (Allocation Failure) [PSYoungGen: 33482K->5120K(44032K)] 187611K->164368K(516096K), 0.0010584 secs] [Times: user=0.00 sys=0.00, real=0.00 secs] 
10.575: [GC (Allocation Failure) [PSYoungGen: 38603K->5120K(44032K)] 371932K->338448K(516096K), 0.0010051 secs] [Times: user=0.00 sys=0.00, real=0.00 secs] 
11.122: [GC (Allocation Failure) [PSYoungGen: 36556K->5120K(44032K)] 369884K->348688K(516096K), 0.0014619 secs] [Times: user=0.00 sys=0.00, real=0.00 secs] 
11.448: [GC (Allocation Failure) [PSYoungGen: 36550K->0K(43008K)] 431319K->399889K(515072K), 0.0009766 secs] [Times: user=0.00 sys=0.00, real=0.00 secs] 
11.449: [GC (Allocation Failure) [PSYoungGen: 0K->0K(43520K)] 399889K->399889K(515584K), 0.0009337 secs] [Times: user=0.00 sys=0.00, real=0.00 secs] 
11.450: [Full GC (Allocation Failure) [PSYoungGen: 0K->0K(43520K)] [ParOldGen: 399889K->215568K(472064K)] 399889K->215568K(515584K), [Metaspace: 2761K->2761K(1056768K)], 0.0132305 secs] [Times: user=0.02 sys=0.00, real=0.01 secs] 
12.887: [GC (Allocation Failure) [PSYoungGen: 32662K->5184K(43520K)] 422311K->394841K(515584K), 0.0008182 secs] [Times: user=0.00 sys=0.00, real=0.00 secs] 
12.888: [GC (Allocation Failure) [PSYoungGen: 5184K->0K(35328K)] 394841K->394793K(507392K), 0.0008331 secs] [Times: user=0.00 sys=0.00, real=0.00 secs] 
12.889: [Full GC (Allocation Failure) [PSYoungGen: 0K->0K(35328K)] [ParOldGen: 394793K->56849K(472064K)] 394793K->56849K(507392K), [Metaspace: 2763K->2763K(1056768K)], 0.0051024 secs] [Times: user=0.00 sys=0.00, real=0.01 secs] 
13.887: [GC (Allocation Failure) [PSYoungGen: 33461K->6144K(41984K)] 192711K->165393K(514048K), 0.0009186 secs] [Times: user=0.00 sys=0.00, real=0.00 secs] 
14.758: [GC (Allocation Failure) [PSYoungGen: 34445K->5120K(42496K)] 367775K->354833K(514560K), 0.0018080 secs] [Times: user=0.00 sys=0.00, real=0.00 secs] 
15.305: [GC (Allocation Failure) [PSYoungGen: 31374K->5120K(43008K)] 381087K->359953K(515072K), 0.0011458 secs] [Times: user=0.00 sys=0.00, real=0.00 secs] 
16.290: [GC (Allocation Failure) [PSYoungGen: 36499K->5120K(42496K)] 391332K->365073K(514560K), 0.0008933 secs] [Times: user=0.00 sys=0.00, real=0.00 secs] 
16.838: [GC (Allocation Failure) [PSYoungGen: 36496K->0K(41984K)] 396449K->375313K(514048K), 0.0015148 secs] [Times: user=0.00 sys=0.00, real=0.00 secs] 
17.166: [GC (Allocation Failure) [PSYoungGen: 31364K->0K(42496K)] 457878K->446993K(514560K), 0.0022608 secs] [Times: user=0.00 sys=0.00, real=0.00 secs] 
17.168: [Full GC (Ergonomics) [PSYoungGen: 0K->0K(42496K)] [ParOldGen: 446993K->77329K(472064K)] 446993K->77329K(514560K), [Metaspace: 2768K->2768K(1056768K)], 0.0063618 secs] [Times: user=0.00 sys=0.00, real=0.01 secs] 
18.056: [GC (Allocation Failure) [PSYoungGen: 28296K->5120K(42496K)] 208025K->189969K(514560K), 0.0011066 secs] [Times: user=0.00 sys=0.00, real=0.00 secs] 
18.929: [GC (Allocation Failure) [PSYoungGen: 33419K->1024K(42496K)] 392348K->359953K(514560K), 0.0009779 secs] [Times: user=0.00 sys=0.00, real=0.00 secs] 
20.020: [GC (Allocation Failure) [PSYoungGen: 22156K->0K(43008K)] 432285K->410129K(515072K), 0.0010340 secs] [Times: user=0.00 sys=0.00, real=0.00 secs] 
20.021: [GC (Allocation Failure) [PSYoungGen: 0K->0K(42496K)] 410129K->410129K(514560K), 0.0008138 secs] [Times: user=0.02 sys=0.00, real=0.00 secs] 
20.022: [Full GC (Allocation Failure) [PSYoungGen: 0K->0K(42496K)] [ParOldGen: 410129K->51729K(472064K)] 410129K->51729K(514560K), [Metaspace: 2770K->2770K(1056768K)], 0.0048968 secs] [Times: user=0.00 sys=0.00, real=0.00 secs] 
20.908: [GC (Allocation Failure) [PSYoungGen: 28311K->5120K(41984K)] 182440K->164369K(514048K), 0.0009752 secs] [Times: user=0.00 sys=0.00, real=0.00 secs] 
21.782: [GC (Allocation Failure) [PSYoungGen: 33422K->2048K(42496K)] 366751K->340497K(514560K), 0.0011190 secs] [Times: user=0.00 sys=0.00, real=0.00 secs] 
22.438: [GC (Allocation Failure) [PSYoungGen: 33422K->5120K(43008K)] 371871K->349713K(515072K), 0.0012570 secs] [Times: user=0.00 sys=0.00, real=0.00 secs] 
22.874: [GC (Allocation Failure) [PSYoungGen: 26270K->0K(43008K)] 442543K->416273K(515072K), 0.0010632 secs] [Times: user=0.00 sys=0.00, real=0.00 secs] 
22.875: [GC (Allocation Failure) [PSYoungGen: 0K->0K(43008K)] 416273K->416273K(515072K), 0.0008142 secs] [Times: user=0.00 sys=0.00, real=0.00 secs] 
22.876: [Full GC (Allocation Failure) [PSYoungGen: 0K->0K(43008K)] [ParOldGen: 416273K->165393K(472064K)] 416273K->165393K(515072K), [Metaspace: 2779K->2779K(1056768K)], 0.0119634 secs] [Times: user=0.00 sys=0.00, real=0.01 secs] 
24.636: [Full GC (Ergonomics) [PSYoungGen: 30368K->0K(43008K)] [ParOldGen: 441873K->12288K(472064K)] 472241K->12288K(515072K), [Metaspace: 2779K->2779K(1056768K)], 0.0027485 secs] [Times: user=0.00 sys=0.00, real=0.00 secs] 
25.291: [GC (Allocation Failure) [PSYoungGen: 31393K->5120K(43008K)] 43681K->22528K(515072K), 0.0010310 secs] [Times: user=0.00 sys=0.00, real=0.00 secs] 
26.275: [GC (Allocation Failure) [PSYoungGen: 38557K->5120K(41984K)] 230045K->211968K(514048K), 0.0015540 secs] [Times: user=0.00 sys=0.00, real=0.00 secs] 
26.822: [GC (Allocation Failure) [PSYoungGen: 36491K->0K(42496K)] 243339K->222208K(514560K), 0.0018928 secs] [Times: user=0.00 sys=0.00, real=0.00 secs] 
27.588: [GC (Allocation Failure) [PSYoungGen: 31368K->0K(43008K)] 253576K->242688K(515072K), 0.0024310 secs] [Times: user=0.00 sys=0.00, real=0.00 secs] 
28.132: [GC (Allocation Failure) [PSYoungGen: 26256K->5120K(42496K)] 268944K->252928K(514560K), 0.0010675 secs] [Times: user=0.00 sys=0.00, real=0.00 secs] 
29.005: [GC (Allocation Failure) [PSYoungGen: 33562K->5152K(42496K)] 455450K->432168K(514560K), 0.0021913 secs] [Times: user=0.00 sys=0.00, real=0.00 secs] 
29.550: [GC (Allocation Failure) [PSYoungGen: 31399K->5120K(38400K)] 458415K->437264K(510464K), 0.0014041 secs] [Times: user=0.00 sys=0.00, real=0.00 secs] 
29.878: [Full GC (Ergonomics) [PSYoungGen: 26244K->0K(38400K)] [ParOldGen: 452624K->82449K(472064K)] 478869K->82449K(510464K), [Metaspace: 2793K->2793K(1056768K)], 0.0072035 secs] [Times: user=0.02 sys=0.00, real=0.01 secs] 
31.732: [GC (Allocation Failure) [PSYoungGen: 30344K->2048K(42496K)] 368794K->340497K(514560K), 0.0007695 secs] [Times: user=0.00 sys=0.00, real=0.00 secs] 
32.386: [GC (Allocation Failure) [PSYoungGen: 33408K->5120K(41984K)] 371858K->349713K(514048K), 0.0010862 secs] [Times: user=0.00 sys=0.00, real=0.00 secs] 
32.824: [GC (Allocation Failure) [PSYoungGen: 26237K->0K(42496K)] 442511K->416273K(514560K), 0.0010876 secs] [Times: user=0.00 sys=0.00, real=0.00 secs] 
32.825: [GC (Allocation Failure) [PSYoungGen: 0K->0K(42496K)] 416273K->416273K(514560K), 0.0007524 secs] [Times: user=0.00 sys=0.00, real=0.00 secs] 
32.826: [Full GC (Allocation Failure) [PSYoungGen: 0K->0K(42496K)] [ParOldGen: 416273K->57873K(472064K)] 416273K->57873K(514560K), [Metaspace: 2793K->2793K(1056768K)], 0.0048420 secs] [Times: user=0.00 sys=0.00, real=0.01 secs] 
33.713: [GC (Allocation Failure) [PSYoungGen: 28298K->6144K(41472K)] 188571K->166417K(513536K), 0.0009471 secs] [Times: user=0.00 sys=0.00, real=0.00 secs] 
34.589: [GC (Allocation Failure) [PSYoungGen: 34423K->1024K(41984K)] 368777K->346641K(514048K), 0.0014039 secs] [Times: user=0.00 sys=0.00, real=0.00 secs] 
35.681: [GC (Allocation Failure) [PSYoungGen: 27256K->0K(42496K)] 444554K->427537K(514560K), 0.0016471 secs] [Times: user=0.00 sys=0.00, real=0.00 secs] 
35.683: [GC (Allocation Failure) [PSYoungGen: 0K->0K(42496K)] 427537K->427537K(514560K), 0.0010822 secs] [Times: user=0.00 sys=0.00, real=0.00 secs] 
35.684: [Full GC (Allocation Failure) [PSYoungGen: 0K->0K(42496K)] [ParOldGen: 427537K->61969K(472064K)] 427537K->61969K(514560K), [Metaspace: 2793K->2793K(1056768K)], 0.0055568 secs] [Times: user=0.00 sys=0.00, real=0.01 secs] 
36.571: [GC (Allocation Failure) [PSYoungGen: 28302K->5120K(41984K)] 192671K->174609K(514048K), 0.0011628 secs] [Times: user=0.00 sys=0.00, real=0.00 secs] 
37.444: [GC (Allocation Failure) [PSYoungGen: 33422K->1024K(42496K)] 376992K->344593K(514560K), 0.0006504 secs] [Times: user=0.00 sys=0.00, real=0.00 secs] 
38.100: [GC (Allocation Failure) [PSYoungGen: 32398K->5120K(41984K)] 375968K->353809K(514048K), 0.0010529 secs] [Times: user=0.00 sys=0.00, real=0.00 secs] 
39.297: [GC (Allocation Failure) [PSYoungGen: 36490K->5120K(42496K)] 456859K->430609K(514560K), 0.0010992 secs] [Times: user=0.00 sys=0.00, real=0.00 secs] 
39.840: [Full GC (Ergonomics) [PSYoungGen: 36492K->0K(42496K)] [ParOldGen: 445969K->26129K(472064K)] 482461K->26129K(514560K), [Metaspace: 2793K->2793K(1056768K)], 0.0036668 secs] [Times: user=0.00 sys=0.00, real=0.00 secs] 
40.821: [GC (Allocation Failure) [PSYoungGen: 28301K->5120K(41472K)] 208030K->189969K(513536K), 0.0010529 secs] [Times: user=0.00 sys=0.00, real=0.00 secs] 
41.691: [GC (Allocation Failure) [PSYoungGen: 33401K->2048K(41984K)] 392331K->360977K(514048K), 0.0008140 secs] [Times: user=0.00 sys=0.00, real=0.00 secs] 
42.893: [GC (Allocation Failure) [PSYoungGen: 33402K->5120K(42496K)] 392331K->364049K(514560K), 0.0009823 secs] [Times: user=0.00 sys=0.00, real=0.00 secs] 
43.658: [GC (Allocation Failure) [PSYoungGen: 33418K->6144K(39424K)] 392347K->365073K(511488K), 0.0009420 secs] [Times: user=0.00 sys=0.00, real=0.00 secs] 
44.204: [GC (Allocation Failure) [PSYoungGen: 32390K->0K(41984K)] 463000K->441873K(514048K), 0.0012128 secs] [Times: user=0.00 sys=0.00, real=0.00 secs] 
44.206: [Full GC (Ergonomics) [PSYoungGen: 0K->0K(41984K)] [ParOldGen: 441873K->62993K(472064K)] 441873K->62993K(514048K), [Metaspace: 2795K->2795K(1056768K)], 0.0057253 secs] [Times: user=0.02 sys=0.00, real=0.01 secs] 
45.091: [GC (Allocation Failure) [PSYoungGen: 28277K->5120K(41984K)] 193670K->175633K(514048K), 0.0009738 secs] [Times: user=0.00 sys=0.00, real=0.00 secs] 
45.965: [GC (Allocation Failure) [PSYoungGen: 33399K->1024K(42496K)] 377992K->360977K(514560K), 0.0015216 secs] [Times: user=0.00 sys=0.00, real=0.00 secs] 
47.054: [GC (Allocation Failure) [PSYoungGen: 22146K->0K(41984K)] 453780K->431633K(514048K), 0.0014447 secs] [Times: user=0.00 sys=0.00, real=0.00 secs] 
47.056: [GC (Allocation Failure) [PSYoungGen: 0K->0K(42496K)] 431633K->431633K(514560K), 0.0008989 secs] [Times: user=0.00 sys=0.00, real=0.00 secs] 
47.057: [Full GC (Allocation Failure) [PSYoungGen: 0K->0K(42496K)] [ParOldGen: 431633K->72209K(472064K)] 431633K->72209K(514560K), [Metaspace: 2795K->2795K(1056768K)], 0.0065960 secs] [Times: user=0.00 sys=0.00, real=0.01 secs] 
47.944: [GC (Allocation Failure) [PSYoungGen: 28301K->5120K(42496K)] 202911K->184849K(514560K), 0.0010754 secs] [Times: user=0.00 sys=0.00, real=0.00 secs] 
48.818: [GC (Allocation Failure) [PSYoungGen: 33422K->1024K(42496K)] 387231K->359953K(514560K), 0.0011844 secs] [Times: user=0.01 sys=0.00, real=0.00 secs] 
49.471: [GC (Allocation Failure) [PSYoungGen: 32398K->5120K(42496K)] 391328K->369169K(514560K), 0.0054591 secs] [Times: user=0.02 sys=0.00, real=0.00 secs] 
49.909: [GC (Allocation Failure) [PSYoungGen: 26250K->0K(42496K)] 461979K->440849K(514560K), 0.0008953 secs] [Times: user=0.00 sys=0.00, real=0.00 secs] 
49.910: [Full GC (Ergonomics) [PSYoungGen: 0K->0K(42496K)] [ParOldGen: 440849K->133649K(472064K)] 440849K->133649K(514560K), [Metaspace: 2795K->2795K(1056768K)], 0.0089129 secs] [Times: user=0.00 sys=0.00, real=0.01 secs] 
51.014: [GC (Allocation Failure) [PSYoungGen: 26252K->5120K(42496K)] 262301K->251409K(514560K), 0.0015144 secs] [Times: user=0.00 sys=0.00, real=0.00 secs] 
51.561: [GC (Allocation Failure) [PSYoungGen: 37517K->2048K(43008K)] 437406K->407057K(515072K), 0.0010007 secs] [Times: user=0.00 sys=0.00, real=0.00 secs] 
52.324: [GC (Allocation Failure) [PSYoungGen: 34456K->5120K(42496K)] 439465K->416273K(514560K), 0.0015528 secs] [Times: user=0.00 sys=0.00, real=0.00 secs] 
52.652: [GC (Allocation Failure) [PSYoungGen: 26259K->0K(43008K)] 457893K->431633K(515072K), 0.0013596 secs] [Times: user=0.00 sys=0.00, real=0.00 secs] 
52.653: [GC (Allocation Failure) [PSYoungGen: 0K->0K(42496K)] 431633K->431633K(514560K), 0.0011860 secs] [Times: user=0.00 sys=0.00, real=0.00 secs] 
52.654: [Full GC (Allocation Failure) [PSYoungGen: 0K->0K(42496K)] [ParOldGen: 431633K->32273K(472064K)] 431633K->32273K(514560K), [Metaspace: 2795K->2795K(1056768K)], 0.0039254 secs] [Times: user=0.00 sys=0.00, real=0.00 secs] 
53.628: [GC (Allocation Failure) [PSYoungGen: 28310K->6144K(41984K)] 214183K->192017K(514048K), 0.0009373 secs] [Times: user=0.00 sys=0.00, real=0.00 secs] 
54.813: [GC (Allocation Failure) [PSYoungGen: 38541K->5120K(38400K)] 224414K->196113K(510464K), 0.0012655 secs] [Times: user=0.00 sys=0.00, real=0.00 secs] 
55.250: [GC (Allocation Failure) [PSYoungGen: 31369K->0K(42496K)] 222362K->201233K(514560K), 0.0013689 secs] [Times: user=0.00 sys=0.00, real=0.00 secs] 
55.683: [GC (Allocation Failure) [PSYoungGen: 31355K->0K(41984K)] 386189K->365073K(514048K), 0.0011333 secs] [Times: user=0.00 sys=0.00, real=0.00 secs] 
56.447: [GC (Allocation Failure) [PSYoungGen: 28287K->5120K(41472K)] 393360K->375313K(513536K), 0.0010137 secs] [Times: user=0.00 sys=0.00, real=0.00 secs] 
56.995: [Full GC (Ergonomics) [PSYoungGen: 31345K->0K(41472K)] [ParOldGen: 441873K->92689K(472064K)] 473219K->92689K(513536K), [Metaspace: 2796K->2796K(1056768K)], 0.0079778 secs] [Times: user=0.00 sys=0.00, real=0.01 secs] 
58.987: [GC (Allocation Failure) [PSYoungGen: 30325K->5120K(41984K)] 399494K->374289K(514048K), 0.0009532 secs] [Times: user=0.00 sys=0.00, real=0.00 secs] 
59.529: [GC (Allocation Failure) [PSYoungGen: 36471K->5120K(41984K)] 405640K->384529K(514048K), 0.0014648 secs] [Times: user=0.00 sys=0.00, real=0.00 secs] 
59.857: [GC (Allocation Failure) [PSYoungGen: 36468K->0K(41984K)] 467077K->435729K(514048K), 0.0011384 secs] [Times: user=0.00 sys=0.00, real=0.00 secs] 
59.858: [GC (Allocation Failure) [PSYoungGen: 0K->0K(42496K)] 435729K->435729K(514560K), 0.0010792 secs] [Times: user=0.00 sys=0.00, real=0.00 secs] 
59.859: [Full GC (Allocation Failure) [PSYoungGen: 0K->0K(42496K)] [ParOldGen: 435729K->108049K(472064K)] 435729K->108049K(514560K), [Metaspace: 2796K->2796K(1056768K)], 0.0090680 secs] [Times: user=0.02 sys=0.00, real=0.01 secs] 
60.748: [GC (Allocation Failure) [PSYoungGen: 28288K->5120K(41984K)] 238738K->220689K(514048K), 0.0007774 secs] [Times: user=0.00 sys=0.00, real=0.00 secs] 
62.072: [GC (Allocation Failure) [PSYoungGen: 32386K->1024K(42496K)] 422035K->390673K(514560K), 0.0014055 secs] [Times: user=0.00 sys=0.00, real=0.00 secs] 
62.730: [Full GC (Ergonomics) [PSYoungGen: 32387K->0K(42496K)] [ParOldGen: 461329K->56849K(472064K)] 493716K->56849K(514560K), [Metaspace: 2796K->2796K(1056768K)], 0.0058239 secs] [Times: user=0.00 sys=0.00, real=0.01 secs] 
63.619: [GC (Allocation Failure) [PSYoungGen: 28291K->6144K(41984K)] 187541K->165393K(514048K), 0.0007587 secs] [Times: user=0.00 sys=0.00, real=0.00 secs] 
64.492: [GC (Allocation Failure) [PSYoungGen: 34436K->1024K(41984K)] 367765K->345617K(514048K), 0.0013139 secs] [Times: user=0.00 sys=0.00, real=0.00 secs] 
65.148: [GC (Allocation Failure) [PSYoungGen: 32378K->5120K(41984K)] 376971K->354833K(514048K), 0.0010333 secs] [Times: user=0.00 sys=0.00, real=0.00 secs] 
66.130: [GC (Allocation Failure) [PSYoungGen: 36470K->5120K(41984K)] 386183K->359953K(514048K), 0.0010107 secs] [Times: user=0.00 sys=0.00, real=0.00 secs] 
66.677: [GC (Allocation Failure) [PSYoungGen: 36467K->0K(41984K)] 391300K->365073K(514048K), 0.0012131 secs] [Times: user=0.00 sys=0.00, real=0.00 secs] 
67.007: [GC (Allocation Failure) [PSYoungGen: 31345K->0K(42496K)] 447619K->436753K(514560K), 0.0020509 secs] [Times: user=0.00 sys=0.00, real=0.00 secs] 
67.009: [Full GC (Ergonomics) [PSYoungGen: 0K->0K(42496K)] [ParOldGen: 436753K->77329K(472064K)] 436753K->77329K(514560K), [Metaspace: 2796K->2796K(1056768K)], 0.0069068 secs] [Times: user=0.00 sys=0.00, real=0.01 secs] 
67.896: [GC (Allocation Failure) [PSYoungGen: 28287K->5120K(41984K)] 208016K->189969K(514048K), 0.0009518 secs] [Times: user=0.00 sys=0.00, real=0.00 secs] 
68.769: [GC (Allocation Failure) [PSYoungGen: 33409K->1024K(42496K)] 392338K->359953K(514560K), 0.0011126 secs] [Times: user=0.00 sys=0.00, real=0.00 secs] 
69.860: [GC (Allocation Failure) [PSYoungGen: 22146K->0K(41984K)] 432276K->410129K(514048K), 0.0012530 secs] [Times: user=0.00 sys=0.00, real=0.00 secs] 
69.862: [GC (Allocation Failure) [PSYoungGen: 0K->0K(43008K)] 410129K->410129K(515072K), 0.0007699 secs] [Times: user=0.00 sys=0.00, real=0.00 secs] 
69.862: [Full GC (Allocation Failure) [PSYoungGen: 0K->0K(43008K)] [ParOldGen: 410129K->51729K(472064K)] 410129K->51729K(515072K), [Metaspace: 2796K->2796K(1056768K)], 0.0050628 secs] [Times: user=0.00 sys=0.00, real=0.00 secs] 
70.749: [GC (Allocation Failure) [PSYoungGen: 28311K->5120K(42496K)] 182441K->164369K(514560K), 0.0007985 secs] [Times: user=0.00 sys=0.00, real=0.00 secs] 
71.617: [GC (Allocation Failure) [PSYoungGen: 33432K->2048K(43008K)] 366761K->340497K(515072K), 0.0010950 secs] [Times: user=0.00 sys=0.00, real=0.00 secs] 
72.274: [GC (Allocation Failure) [PSYoungGen: 33432K->5120K(42496K)] 371882K->349713K(514560K), 0.0009953 secs] [Times: user=0.00 sys=0.00, real=0.00 secs] 
72.709: [GC (Allocation Failure) [PSYoungGen: 26260K->0K(43008K)] 442533K->421393K(515072K), 0.0008641 secs] [Times: user=0.00 sys=0.00, real=0.00 secs] 
72.710: [GC (Allocation Failure) [PSYoungGen: 0K->0K(43008K)] 421393K->421393K(515072K), 0.0009304 secs] [Times: user=0.00 sys=0.00, real=0.00 secs] 
72.711: [Full GC (Allocation Failure) [PSYoungGen: 0K->0K(43008K)] [ParOldGen: 421393K->165393K(472064K)] 421393K->165393K(515072K), [Metaspace: 2796K->2796K(1056768K)], 0.0119445 secs] [Times: user=0.00 sys=0.00, real=0.01 secs] 
74.476: [Full GC (Ergonomics) [PSYoungGen: 30368K->0K(43008K)] [ParOldGen: 441873K->12288K(472064K)] 472241K->12288K(515072K), [Metaspace: 2796K->2796K(1056768K)], 0.0027129 secs] [Times: user=0.00 sys=0.00, real=0.00 secs] 
75.126: [GC (Allocation Failure) [PSYoungGen: 31393K->5120K(43008K)] 43681K->22528K(515072K), 0.0008642 secs] [Times: user=0.00 sys=0.00, real=0.00 secs] 
76.109: [GC (Allocation Failure) [PSYoungGen: 38557K->5120K(39424K)] 230045K->211968K(511488K), 0.0016580 secs] [Times: user=0.00 sys=0.00, real=0.00 secs] 
76.658: [GC (Allocation Failure) [PSYoungGen: 36511K->0K(42496K)] 243359K->222208K(514560K), 0.0014090 secs] [Times: user=0.00 sys=0.00, real=0.00 secs] 
77.428: [GC (Allocation Failure) [PSYoungGen: 31367K->0K(42496K)] 253575K->242688K(514560K), 0.0023052 secs] [Times: user=0.00 sys=0.00, real=0.00 secs] 
77.975: [GC (Allocation Failure) [PSYoungGen: 26245K->5120K(41984K)] 268933K->252928K(514048K), 0.0012431 secs] [Times: user=0.00 sys=0.00, real=0.00 secs] 
78.844: [GC (Allocation Failure) [PSYoungGen: 33411K->5120K(42496K)] 455299K->427008K(514560K), 0.0011192 secs] [Times: user=0.00 sys=0.00, real=0.00 secs] 
79.388: [GC (Allocation Failure) [PSYoungGen: 31367K->5120K(41472K)] 453255K->432128K(513536K), 0.0012180 secs] [Times: user=0.00 sys=0.00, real=0.00 secs] 
79.718: [Full GC (Ergonomics) [PSYoungGen: 26224K->0K(41472K)] [ParOldGen: 447488K->82449K(472064K)] 473712K->82449K(513536K), [Metaspace: 2796K->2796K(1056768K)], 0.0073554 secs] [Times: user=0.00 sys=0.00, real=0.01 secs] 
81.574: [GC (Allocation Failure) [PSYoungGen: 30324K->2048K(41984K)] 368773K->340497K(514048K), 0.0007383 secs] [Times: user=0.00 sys=0.00, real=0.00 secs] 
82.229: [GC (Allocation Failure) [PSYoungGen: 33398K->5120K(42496K)] 371848K->349713K(514560K), 0.0010887 secs] [Times: user=0.00 sys=0.00, real=0.00 secs] 
82.667: [GC (Allocation Failure) [PSYoungGen: 26247K->0K(42496K)] 442521K->421393K(514560K), 0.0011928 secs] [Times: user=0.00 sys=0.00, real=0.00 secs] 
82.668: [GC (Allocation Failure) [PSYoungGen: 0K->0K(42496K)] 421393K->421393K(514560K), 0.0007767 secs] [Times: user=0.00 sys=0.00, real=0.00 secs] 
82.669: [Full GC (Allocation Failure) [PSYoungGen: 0K->0K(42496K)] [ParOldGen: 421393K->57873K(472064K)] 421393K->57873K(514560K), [Metaspace: 2796K->2796K(1056768K)], 0.0053420 secs] [Times: user=0.00 sys=0.00, real=0.00 secs] 
83.561: [GC (Allocation Failure) [PSYoungGen: 28298K->6144K(39424K)] 188571K->166417K(511488K), 0.0008372 secs] [Times: user=0.00 sys=0.00, real=0.00 secs] 
84.438: [GC (Allocation Failure) [PSYoungGen: 34444K->1024K(42496K)] 368797K->346641K(514560K), 0.0014708 secs] [Times: user=0.00 sys=0.00, real=0.00 secs] 
85.529: [GC (Allocation Failure) [PSYoungGen: 27267K->0K(41984K)] 444564K->427537K(514048K), 0.0011962 secs] [Times: user=0.00 sys=0.00, real=0.00 secs] 
85.530: [GC (Allocation Failure) [PSYoungGen: 0K->0K(43008K)] 427537K->427537K(515072K), 0.0006699 secs] [Times: user=0.00 sys=0.00, real=0.00 secs] 
85.531: [Full GC (Allocation Failure) [PSYoungGen: 0K->0K(43008K)] [ParOldGen: 427537K->61969K(472064K)] 427537K->61969K(515072K), [Metaspace: 2796K->2796K(1056768K)], 0.0056068 secs] [Times: user=0.00 sys=0.00, real=0.00 secs] 
86.418: [GC (Allocation Failure) [PSYoungGen: 28312K->5120K(42496K)] 192681K->174609K(514560K), 0.0009579 secs] [Times: user=0.00 sys=0.00, real=0.00 secs] 
87.290: [GC (Allocation Failure) [PSYoungGen: 33432K->1024K(43008K)] 377002K->344593K(515072K), 0.0006519 secs] [Times: user=0.00 sys=0.00, real=0.00 secs] 
87.945: [GC (Allocation Failure) [PSYoungGen: 32409K->5120K(42496K)] 375978K->353809K(514560K), 0.0010383 secs] [Times: user=0.00 sys=0.00, real=0.00 secs] 
89.150: [GC (Allocation Failure) [PSYoungGen: 36500K->5120K(42496K)] 456869K->430609K(514560K), 0.0008633 secs] [Times: user=0.00 sys=0.00, real=0.00 secs] 
89.692: [Full GC (Ergonomics) [PSYoungGen: 36492K->0K(42496K)] [ParOldGen: 445969K->26129K(472064K)] 482461K->26129K(514560K), [Metaspace: 2796K->2796K(1056768K)], 0.0035646 secs] [Times: user=0.02 sys=0.00, real=0.00 secs] 
90.672: [GC (Allocation Failure) [PSYoungGen: 28301K->5120K(38400K)] 208030K->189969K(510464K), 0.0009851 secs] [Times: user=0.00 sys=0.00, real=0.00 secs] 
91.544: [GC (Allocation Failure) [PSYoungGen: 33422K->2048K(42496K)] 392351K->360977K(514560K), 0.0008805 secs] [Times: user=0.00 sys=0.00, real=0.00 secs] 
92.744: [GC (Allocation Failure) [PSYoungGen: 33412K->5120K(41984K)] 392341K->364049K(514048K), 0.0007513 secs] [Times: user=0.00 sys=0.00, real=0.00 secs] 
93.507: [GC (Allocation Failure) [PSYoungGen: 33408K->6144K(41472K)] 392337K->365073K(513536K), 0.0008388 secs] [Times: user=0.00 sys=0.00, real=0.00 secs] 
94.054: [GC (Allocation Failure) [PSYoungGen: 32370K->0K(41984K)] 462980K->441873K(514048K), 0.0013268 secs] [Times: user=0.00 sys=0.00, real=0.00 secs] 
94.056: [Full GC (Ergonomics) [PSYoungGen: 0K->0K(41984K)] [ParOldGen: 441873K->62993K(472064K)] 441873K->62993K(514048K), [Metaspace: 2796K->2796K(1056768K)], 0.0057660 secs] [Times: user=0.00 sys=0.00, real=0.01 secs] 
94.943: [GC (Allocation Failure) [PSYoungGen: 28277K->5120K(41984K)] 193670K->175633K(514048K), 0.0008827 secs] [Times: user=0.00 sys=0.00, real=0.00 secs] 
95.817: [GC (Allocation Failure) [PSYoungGen: 33399K->1024K(41984K)] 377992K->355857K(514048K), 0.0014756 secs] [Times: user=0.00 sys=0.02, real=0.00 secs] 
96.910: [GC (Allocation Failure) [PSYoungGen: 22136K->0K(42496K)] 448650K->426513K(514560K), 0.0010512 secs] [Times: user=0.00 sys=0.00, real=0.00 secs] 
96.912: [GC (Allocation Failure) [PSYoungGen: 0K->0K(42496K)] 426513K->426513K(514560K), 0.0007416 secs] [Times: user=0.02 sys=0.00, real=0.00 secs] 
96.912: [Full GC (Allocation Failure) [PSYoungGen: 0K->0K(42496K)] [ParOldGen: 426513K->72209K(472064K)] 426513K->72209K(514560K), [Metaspace: 2796K->2796K(1056768K)], 0.0063891 secs] [Times: user=0.00 sys=0.00, real=0.01 secs] 
97.797: [GC (Allocation Failure) [PSYoungGen: 28301K->5120K(42496K)] 202911K->184849K(514560K), 0.0009708 secs] [Times: user=0.00 sys=0.00, real=0.00 secs] 
98.671: [GC (Allocation Failure) [PSYoungGen: 33422K->1024K(42496K)] 387231K->354833K(514560K), 0.0007572 secs] [Times: user=0.00 sys=0.00, real=0.00 secs] 
99.327: [GC (Allocation Failure) [PSYoungGen: 32398K->5120K(42496K)] 386208K->364049K(514560K), 0.0011900 secs] [Times: user=0.00 sys=0.00, real=0.00 secs] 
99.763: [GC (Allocation Failure) [PSYoungGen: 26250K->0K(42496K)] 456859K->435729K(514560K), 0.0009963 secs] [Times: user=0.00 sys=0.00, real=0.00 secs] 
99.764: [GC (Allocation Failure) [PSYoungGen: 0K->0K(43008K)] 435729K->435729K(515072K), 0.0007950 secs] [Times: user=0.00 sys=0.00, real=0.00 secs] 
99.765: [Full GC (Allocation Failure) [PSYoungGen: 0K->0K(43008K)] [ParOldGen: 435729K->133649K(472064K)] 435729K->133649K(515072K), [Metaspace: 2796K->2796K(1056768K)], 0.0087312 secs] [Times: user=0.00 sys=0.00, real=0.01 secs] 
100.870: [GC (Allocation Failure) [PSYoungGen: 26262K->5120K(42496K)] 262311K->251409K(514560K), 0.0015026 secs] [Times: user=0.00 sys=0.00, real=0.00 secs] 
101.415: [GC (Allocation Failure) [PSYoungGen: 37527K->2048K(43008K)] 437416K->407057K(515072K), 0.0012277 secs] [Times: user=0.00 sys=0.00, real=0.00 secs] 
102.180: [GC (Allocation Failure) [PSYoungGen: 34456K->5120K(42496K)] 439465K->416273K(514560K), 0.0010876 secs] [Times: user=0.00 sys=0.00, real=0.00 secs] 
102.508: [GC (Allocation Failure) [PSYoungGen: 26259K->0K(43008K)] 457893K->431633K(515072K), 0.0009286 secs] [Times: user=0.00 sys=0.00, real=0.00 secs] 
102.509: [GC (Allocation Failure) [PSYoungGen: 0K->0K(43008K)] 431633K->431633K(515072K), 0.0010936 secs] [Times: user=0.00 sys=0.00, real=0.00 secs] 
102.511: [Full GC (Allocation Failure) [PSYoungGen: 0K->0K(43008K)] [ParOldGen: 431633K->32273K(472064K)] 431633K->32273K(515072K), [Metaspace: 2796K->2796K(1056768K)], 0.0036603 secs] [Times: user=0.00 sys=0.00, real=0.00 secs] 
103.599: [GC (Allocation Failure) [PSYoungGen: 33440K->6144K(41984K)] 219313K->192017K(514048K), 0.0008222 secs] [Times: user=0.00 sys=0.00, real=0.00 secs] 
104.808: [GC (Allocation Failure) [PSYoungGen: 38541K->5120K(38400K)] 224414K->196113K(510464K), 0.0009307 secs] [Times: user=0.00 sys=0.00, real=0.00 secs] 
105.683: [GC (Allocation Failure) [PSYoungGen: 37513K->1024K(42496K)] 402586K->376337K(514560K), 0.0016181 secs] [Times: user=0.00 sys=0.00, real=0.00 secs] 
106.339: [GC (Allocation Failure) [PSYoungGen: 28289K->5120K(41984K)] 403602K->385553K(514048K), 0.0009237 secs] [Times: user=0.00 sys=0.00, real=0.00 secs] 
106.885: [Full GC (Ergonomics) [PSYoungGen: 31357K->0K(41984K)] [ParOldGen: 452113K->92689K(472064K)] 483470K->92689K(514048K), [Metaspace: 2796K->2796K(1056768K)], 0.0083569 secs] [Times: user=0.00 sys=0.00, real=0.01 secs] 
108.864: [GC (Allocation Failure) [PSYoungGen: 30336K->5120K(41472K)] 399505K->374289K(513536K), 0.0007957 secs] [Times: user=0.00 sys=0.00, real=0.00 secs] 
109.409: [GC (Allocation Failure) [PSYoungGen: 36471K->5120K(41984K)] 405641K->384529K(514048K), 0.0013623 secs] [Times: user=0.00 sys=0.00, real=0.00 secs] 
109.737: [GC (Allocation Failure) [PSYoungGen: 36468K->0K(41984K)] 467077K->435729K(514048K), 0.0008995 secs] [Times: user=0.00 sys=0.00, real=0.00 secs] 
109.738: [GC (Allocation Failure) [PSYoungGen: 0K->0K(41984K)] 435729K->435729K(514048K), 0.0011725 secs] [Times: user=0.00 sys=0.00, real=0.00 secs] 
109.739: [Full GC (Allocation Failure) [PSYoungGen: 0K->0K(41984K)] [ParOldGen: 435729K->108049K(472064K)] 435729K->108049K(514048K), [Metaspace: 2796K->2796K(1056768K)], 0.0087190 secs] [Times: user=0.00 sys=0.00, real=0.01 secs] 
110.623: [GC (Allocation Failure) [PSYoungGen: 28278K->5120K(41472K)] 238728K->220689K(513536K), 0.0008811 secs] [Times: user=0.00 sys=0.00, real=0.00 secs] 
111.934: [GC (Allocation Failure) [PSYoungGen: 32376K->1024K(41984K)] 422025K->390673K(514048K), 0.0009294 secs] [Times: user=0.00 sys=0.00, real=0.00 secs] 
112.591: [Full GC (Ergonomics) [PSYoungGen: 32377K->0K(41984K)] [ParOldGen: 461329K->56849K(472064K)] 493706K->56849K(514048K), [Metaspace: 2796K->2796K(1056768K)], 0.0052771 secs] [Times: user=0.00 sys=0.00, real=0.00 secs] 
113.479: [GC (Allocation Failure) [PSYoungGen: 28281K->6144K(41472K)] 187531K->165393K(513536K), 0.0009977 secs] [Times: user=0.00 sys=0.00, real=0.00 secs] 
114.354: [GC (Allocation Failure) [PSYoungGen: 34426K->1024K(41984K)] 367755K->345617K(514048K), 0.0013159 secs] [Times: user=0.00 sys=0.00, real=0.00 secs] 
115.012: [GC (Allocation Failure) [PSYoungGen: 32378K->5120K(41472K)] 376971K->354833K(513536K), 0.0013851 secs] [Times: user=0.00 sys=0.00, real=0.00 secs] 
115.993: [GC (Allocation Failure) [PSYoungGen: 36470K->5120K(41984K)] 386183K->359953K(514048K), 0.0011876 secs] [Times: user=0.00 sys=0.00, real=0.00 secs] 
116.538: [GC (Allocation Failure) [PSYoungGen: 36467K->0K(41984K)] 391300K->365073K(514048K), 0.0012186 secs] [Times: user=0.00 sys=0.00, real=0.00 secs] 
116.864: [GC (Allocation Failure) [PSYoungGen: 31345K->0K(41984K)] 447619K->436753K(514048K), 0.0020692 secs] [Times: user=0.00 sys=0.00, real=0.00 secs] 
116.866: [Full GC (Ergonomics) [PSYoungGen: 0K->0K(41984K)] [ParOldGen: 436753K->77329K(472064K)] 436753K->77329K(514048K), [Metaspace: 2796K->2796K(1056768K)], 0.0064129 secs] [Times: user=0.00 sys=0.00, real=0.01 secs] 
117.755: [GC (Allocation Failure) [PSYoungGen: 28276K->5120K(41472K)] 208006K->189969K(513536K), 0.0009062 secs] [Times: user=0.00 sys=0.00, real=0.00 secs] 
118.629: [GC (Allocation Failure) [PSYoungGen: 33399K->1024K(41984K)] 392328K->359953K(514048K), 0.0008348 secs] [Times: user=0.00 sys=0.00, real=0.00 secs] 
119.718: [GC (Allocation Failure) [PSYoungGen: 22136K->0K(42496K)] 432265K->410129K(514560K), 0.0009751 secs] [Times: user=0.00 sys=0.00, real=0.00 secs] 
119.719: [GC (Allocation Failure) [PSYoungGen: 0K->0K(42496K)] 410129K->410129K(514560K), 0.0007495 secs] [Times: user=0.00 sys=0.00, real=0.00 secs] 
119.720: [Full GC (Allocation Failure) [PSYoungGen: 0K->0K(42496K)] [ParOldGen: 410129K->51729K(472064K)] 410129K->51729K(514560K), [Metaspace: 2796K->2796K(1056768K)], 0.0050657 secs] [Times: user=0.01 sys=0.00, real=0.01 secs] 
120.607: [GC (Allocation Failure) [PSYoungGen: 28301K->5120K(41984K)] 182431K->164369K(514048K), 0.0008050 secs] [Times: user=0.00 sys=0.00, real=0.00 secs] 
121.479: [GC (Allocation Failure) [PSYoungGen: 33422K->2048K(42496K)] 366751K->335377K(514560K), 0.0007609 secs] [Times: user=0.00 sys=0.00, real=0.00 secs] 
122.135: [GC (Allocation Failure) [PSYoungGen: 33422K->5120K(43008K)] 366752K->344593K(515072K), 0.0009034 secs] [Times: user=0.00 sys=0.00, real=0.00 secs] 
122.575: [GC (Allocation Failure) [PSYoungGen: 26270K->0K(43008K)] 437423K->411153K(515072K), 0.0008550 secs] [Times: user=0.00 sys=0.00, real=0.00 secs] 
122.575: [GC (Allocation Failure) [PSYoungGen: 0K->0K(43008K)] 411153K->411153K(515072K), 0.0010253 secs] [Times: user=0.00 sys=0.00, real=0.00 secs] 
122.576: [Full GC (Allocation Failure) [PSYoungGen: 0K->0K(43008K)] [ParOldGen: 411153K->165393K(472064K)] 411153K->165393K(515072K), [Metaspace: 2796K->2796K(1056768K)], 0.0124800 secs] [Times: user=0.02 sys=0.00, real=0.01 secs] 
124.341: [Full GC (Ergonomics) [PSYoungGen: 30368K->0K(43008K)] [ParOldGen: 441873K->12288K(472064K)] 472241K->12288K(515072K), [Metaspace: 2796K->2796K(1056768K)], 0.0035866 secs] [Times: user=0.00 sys=0.00, real=0.00 secs] 
124.994: [GC (Allocation Failure) [PSYoungGen: 31393K->5120K(43008K)] 43681K->22528K(515072K), 0.0011508 secs] [Times: user=0.00 sys=0.00, real=0.00 secs] 
125.974: [GC (Allocation Failure) [PSYoungGen: 38557K->5120K(41984K)] 230045K->211968K(514048K), 0.0017241 secs] [Times: user=0.00 sys=0.00, real=0.00 secs] 
126.519: [GC (Allocation Failure) [PSYoungGen: 36491K->0K(42496K)] 243339K->217088K(514560K), 0.0013368 secs] [Times: user=0.00 sys=0.00, real=0.00 secs] 
127.283: [GC (Allocation Failure) [PSYoungGen: 31367K->0K(43008K)] 248456K->237568K(515072K), 0.0022533 secs] [Times: user=0.00 sys=0.00, real=0.00 secs] 
127.830: [GC (Allocation Failure) [PSYoungGen: 26255K->5120K(42496K)] 263824K->247808K(514560K), 0.0011576 secs] [Times: user=0.00 sys=0.00, real=0.00 secs] 
128.702: [GC (Allocation Failure) [PSYoungGen: 33421K->5120K(42496K)] 450189K->421888K(514560K), 0.0013405 secs] [Times: user=0.00 sys=0.00, real=0.00 secs] 
129.249: [GC (Allocation Failure) [PSYoungGen: 31367K->5120K(38400K)] 448135K->427008K(510464K), 0.0017420 secs] [Times: user=0.00 sys=0.00, real=0.00 secs] 
129.574: [GC (Allocation Failure) [PSYoungGen: 26244K->0K(42496K)] 468613K->447488K(514560K), 0.0011656 secs] [Times: user=0.00 sys=0.00, real=0.00 secs] 
129.575: [Full GC (Ergonomics) [PSYoungGen: 0K->0K(42496K)] [ParOldGen: 447488K->82449K(472064K)] 447488K->82449K(514560K), [Metaspace: 2796K->2796K(1056768K)], 0.0073603 secs] [Times: user=0.00 sys=0.00, real=0.01 secs] 
131.445: [GC (Allocation Failure) [PSYoungGen: 30334K->2048K(41984K)] 368783K->340497K(514048K), 0.0007538 secs] [Times: user=0.00 sys=0.00, real=0.00 secs] 
132.101: [GC (Allocation Failure) [PSYoungGen: 33408K->5120K(41984K)] 371858K->349713K(514048K), 0.0009384 secs] [Times: user=0.00 sys=0.00, real=0.00 secs] 
132.538: [GC (Allocation Failure) [PSYoungGen: 26247K->0K(42496K)] 442521K->416273K(514560K), 0.0013167 secs] [Times: user=0.00 sys=0.00, real=0.00 secs] 
132.540: [GC (Allocation Failure) [PSYoungGen: 0K->0K(43008K)] 416273K->416273K(515072K), 0.0007952 secs] [Times: user=0.00 sys=0.00, real=0.00 secs] 
132.540: [Full GC (Allocation Failure) [PSYoungGen: 0K->0K(43008K)] [ParOldGen: 416273K->57873K(472064K)] 416273K->57873K(515072K), [Metaspace: 2796K->2796K(1056768K)], 0.0052609 secs] [Times: user=0.00 sys=0.00, real=0.01 secs] 
133.537: [GC (Allocation Failure) [PSYoungGen: 33438K->6144K(40448K)] 193712K->166417K(512512K), 0.0007543 secs] [Times: user=0.00 sys=0.00, real=0.00 secs] 
134.962: [GC (Allocation Failure) [PSYoungGen: 34464K->5120K(41984K)] 368818K->339473K(514048K), 0.0009397 secs] [Times: user=0.00 sys=0.00, real=0.00 secs] 
135.397: [GC (Allocation Failure) [PSYoungGen: 26232K->0K(41984K)] 432266K->416273K(514048K), 0.0014915 secs] [Times: user=0.00 sys=0.00, real=0.00 secs] 
135.398: [GC (Allocation Failure) [PSYoungGen: 0K->0K(42496K)] 416273K->416273K(514560K), 0.0010615 secs] [Times: user=0.00 sys=0.00, real=0.00 secs] 
135.400: [Full GC (Allocation Failure) [PSYoungGen: 0K->0K(42496K)] [ParOldGen: 416273K->61969K(472064K)] 416273K->61969K(514560K), [Metaspace: 2796K->2796K(1056768K)], 0.0053865 secs] [Times: user=0.00 sys=0.00, real=0.01 secs] 
136.288: [GC (Allocation Failure) [PSYoungGen: 28302K->5120K(38400K)] 192671K->174609K(510464K), 0.0011146 secs] [Times: user=0.00 sys=0.00, real=0.00 secs] 
137.161: [GC (Allocation Failure) [PSYoungGen: 33422K->1024K(42496K)] 376992K->344593K(514560K), 0.0008691 secs] [Times: user=0.00 sys=0.00, real=0.00 secs] 
137.817: [GC (Allocation Failure) [PSYoungGen: 32388K->5120K(41984K)] 375958K->353809K(514048K), 0.0010823 secs] [Times: user=0.00 sys=0.00, real=0.00 secs] 
139.020: [GC (Allocation Failure) [PSYoungGen: 36480K->5120K(41472K)] 456849K->430609K(513536K), 0.0012218 secs] [Times: user=0.00 sys=0.00, real=0.00 secs] 
139.563: [Full GC (Ergonomics) [PSYoungGen: 36471K->0K(41472K)] [ParOldGen: 445969K->26129K(472064K)] 482441K->26129K(513536K), [Metaspace: 2796K->2796K(1056768K)], 0.0038022 secs] [Times: user=0.00 sys=0.00, real=0.00 secs] 
140.554: [GC (Allocation Failure) [PSYoungGen: 28280K->5120K(41984K)] 208010K->189969K(514048K), 0.0010554 secs] [Times: user=0.00 sys=0.00, real=0.00 secs] 
141.425: [GC (Allocation Failure) [PSYoungGen: 33401K->2048K(42496K)] 392331K->360977K(514560K), 0.0007344 secs] [Times: user=0.00 sys=0.00, real=0.00 secs] 
142.624: [GC (Allocation Failure) [PSYoungGen: 33412K->5120K(41984K)] 392341K->364049K(514048K), 0.0009763 secs] [Times: user=0.00 sys=0.00, real=0.00 secs] 
143.391: [GC (Allocation Failure) [PSYoungGen: 33408K->6144K(41472K)] 392337K->365073K(513536K), 0.0009085 secs] [Times: user=0.00 sys=0.00, real=0.00 secs] 
143.938: [GC (Allocation Failure) [PSYoungGen: 32370K->0K(41984K)] 462980K->441873K(514048K), 0.0013172 secs] [Times: user=0.00 sys=0.00, real=0.00 secs] 
143.939: [Full GC (Ergonomics) [PSYoungGen: 0K->0K(41984K)] [ParOldGen: 441873K->62993K(472064K)] 441873K->62993K(514048K), [Metaspace: 2796K->2796K(1056768K)], 0.0060913 secs] [Times: user=0.00 sys=0.00, real=0.01 secs] 
144.828: [GC (Allocation Failure) [PSYoungGen: 28277K->5120K(41984K)] 193670K->175633K(514048K), 0.0009412 secs] [Times: user=0.00 sys=0.00, real=0.00 secs] 
145.702: [GC (Allocation Failure) [PSYoungGen: 33399K->1024K(41984K)] 377992K->355857K(514048K), 0.0014196 secs] [Times: user=0.00 sys=0.00, real=0.00 secs] 
146.793: [GC (Allocation Failure) [PSYoungGen: 22136K->0K(42496K)] 448650K->426513K(514560K), 0.0009867 secs] [Times: user=0.00 sys=0.00, real=0.00 secs] 
146.794: [GC (Allocation Failure) [PSYoungGen: 0K->0K(41984K)] 426513K->426513K(514048K), 0.0010176 secs] [Times: user=0.00 sys=0.00, real=0.00 secs] 
146.795: [Full GC (Allocation Failure) [PSYoungGen: 0K->0K(41984K)] [ParOldGen: 426513K->72209K(472064K)] 426513K->72209K(514048K), [Metaspace: 2796K->2796K(1056768K)], 0.0062426 secs] [Times: user=0.00 sys=0.00, real=0.01 secs] 
147.682: [GC (Allocation Failure) [PSYoungGen: 28291K->5120K(42496K)] 202901K->184849K(514560K), 0.0009498 secs] [Times: user=0.00 sys=0.00, real=0.00 secs] 
148.552: [GC (Allocation Failure) [PSYoungGen: 33422K->1024K(42496K)] 387231K->354833K(514560K), 0.0008016 secs] [Times: user=0.00 sys=0.00, real=0.00 secs] 
149.206: [GC (Allocation Failure) [PSYoungGen: 32398K->5120K(42496K)] 386208K->364049K(514560K), 0.0011865 secs] [Times: user=0.00 sys=0.00, real=0.00 secs] 
149.645: [GC (Allocation Failure) [PSYoungGen: 26250K->0K(42496K)] 456859K->430609K(514560K), 0.0011728 secs] [Times: user=0.00 sys=0.00, real=0.00 secs] 
149.646: [GC (Allocation Failure) [PSYoungGen: 0K->0K(43008K)] 430609K->430609K(515072K), 0.0008986 secs] [Times: user=0.00 sys=0.00, real=0.00 secs] 
149.647: [Full GC (Allocation Failure) [PSYoungGen: 0K->0K(43008K)] [ParOldGen: 430609K->133649K(472064K)] 430609K->133649K(515072K), [Metaspace: 2796K->2796K(1056768K)], 0.0090133 secs] [Times: user=0.00 sys=0.00, real=0.01 secs] 
150.753: [GC (Allocation Failure) [PSYoungGen: 26262K->5120K(42496K)] 262311K->251409K(514560K), 0.0016833 secs] [Times: user=0.00 sys=0.00, real=0.00 secs] 
151.298: [GC (Allocation Failure) [PSYoungGen: 37527K->2048K(43008K)] 437416K->407057K(515072K), 0.0008721 secs] [Times: user=0.00 sys=0.00, real=0.00 secs] 
152.062: [GC (Allocation Failure) [PSYoungGen: 34456K->5120K(42496K)] 439465K->416273K(514560K), 0.0010343 secs] [Times: user=0.00 sys=0.00, real=0.00 secs] 
152.390: [GC (Allocation Failure) [PSYoungGen: 26259K->0K(43008K)] 457893K->431633K(515072K), 0.0009245 secs] [Times: user=0.00 sys=0.00, real=0.00 secs] 
152.391: [GC (Allocation Failure) [PSYoungGen: 0K->0K(43008K)] 431633K->431633K(515072K), 0.0009575 secs] [Times: user=0.00 sys=0.00, real=0.00 secs] 
152.392: [Full GC (Allocation Failure) [PSYoungGen: 0K->0K(43008K)] [ParOldGen: 431633K->32273K(472064K)] 431633K->32273K(515072K), [Metaspace: 2796K->2796K(1056768K)], 0.0043076 secs] [Times: user=0.00 sys=0.00, real=0.00 secs] 
153.483: [GC (Allocation Failure) [PSYoungGen: 33440K->6144K(41984K)] 219313K->192017K(514048K), 0.0008887 secs] [Times: user=0.00 sys=0.00, real=0.00 secs] 
154.683: [GC (Allocation Failure) [PSYoungGen: 38541K->5120K(38400K)] 224414K->196113K(510464K), 0.0010064 secs] [Times: user=0.00 sys=0.00, real=0.00 secs] 
155.554: [GC (Allocation Failure) [PSYoungGen: 37513K->1024K(42496K)] 402586K->376337K(514560K), 0.0013468 secs] [Times: user=0.00 sys=0.00, real=0.00 secs] 
156.207: [GC (Allocation Failure) [PSYoungGen: 28289K->5120K(41984K)] 403602K->385553K(514048K), 0.0011768 secs] [Times: user=0.00 sys=0.00, real=0.00 secs] 
156.754: [Full GC (Ergonomics) [PSYoungGen: 31357K->0K(41984K)] [ParOldGen: 452113K->92689K(472064K)] 483470K->92689K(514048K), [Metaspace: 2796K->2796K(1056768K)], 0.0083252 secs] [Times: user=0.01 sys=0.00, real=0.01 secs] 
158.733: [GC (Allocation Failure) [PSYoungGen: 30336K->5120K(41472K)] 399505K->374289K(513536K), 0.0007662 secs] [Times: user=0.00 sys=0.00, real=0.00 secs] 
159.278: [GC (Allocation Failure) [PSYoungGen: 36471K->5120K(41984K)] 405641K->384529K(514048K), 0.0014877 secs] [Times: user=0.00 sys=0.00, real=0.00 secs] 
159.601: [GC (Allocation Failure) [PSYoungGen: 36468K->0K(41984K)] 467077K->435729K(514048K), 0.0010770 secs] [Times: user=0.00 sys=0.00, real=0.00 secs] 
159.602: [GC (Allocation Failure) [PSYoungGen: 0K->0K(41984K)] 435729K->435729K(514048K), 0.0008205 secs] [Times: user=0.00 sys=0.00, real=0.00 secs] 
159.603: [Full GC (Allocation Failure) [PSYoungGen: 0K->0K(41984K)] [ParOldGen: 435729K->108049K(472064K)] 435729K->108049K(514048K), [Metaspace: 2796K->2796K(1056768K)], 0.0081553 secs] [Times: user=0.00 sys=0.00, real=0.01 secs] 
160.489: [GC (Allocation Failure) [PSYoungGen: 28278K->5120K(41472K)] 238728K->220689K(513536K), 0.0011087 secs] [Times: user=0.00 sys=0.00, real=0.00 secs] 
161.797: [GC (Allocation Failure) [PSYoungGen: 32376K->1024K(41984K)] 422025K->390673K(514048K), 0.0006851 secs] [Times: user=0.00 sys=0.00, real=0.00 secs] 
162.451: [Full GC (Ergonomics) [PSYoungGen: 32377K->0K(41984K)] [ParOldGen: 461329K->56849K(472064K)] 493706K->56849K(514048K), [Metaspace: 2796K->2796K(1056768K)], 0.0059573 secs] [Times: user=0.00 sys=0.00, real=0.01 secs] 
163.340: [GC (Allocation Failure) [PSYoungGen: 28281K->6144K(41472K)] 187531K->165393K(513536K), 0.0009591 secs] [Times: user=0.00 sys=0.00, real=0.00 secs] 
164.219: [GC (Allocation Failure) [PSYoungGen: 34426K->1024K(41984K)] 367755K->345617K(514048K), 0.0013787 secs] [Times: user=0.00 sys=0.00, real=0.00 secs] 
164.873: [GC (Allocation Failure) [PSYoungGen: 32378K->5120K(41472K)] 376971K->354833K(513536K), 0.0011932 secs] [Times: user=0.00 sys=0.00, real=0.00 secs] 
165.854: [GC (Allocation Failure) [PSYoungGen: 36470K->5120K(41984K)] 386183K->359953K(514048K), 0.0009063 secs] [Times: user=0.00 sys=0.00, real=0.00 secs] 
166.401: [GC (Allocation Failure) [PSYoungGen: 36467K->0K(41984K)] 391300K->370193K(514048K), 0.0014486 secs] [Times: user=0.00 sys=0.00, real=0.00 secs] 
166.729: [GC (Allocation Failure) [PSYoungGen: 31345K->0K(41984K)] 452739K->441873K(514048K), 0.0018472 secs] [Times: user=0.00 sys=0.00, real=0.00 secs] 
166.731: [Full GC (Ergonomics) [PSYoungGen: 0K->0K(41984K)] [ParOldGen: 441873K->77329K(472064K)] 441873K->77329K(514048K), [Metaspace: 2796K->2796K(1056768K)], 0.0066051 secs] [Times: user=0.00 sys=0.00, real=0.01 secs] 
167.617: [GC (Allocation Failure) [PSYoungGen: 28276K->5120K(41472K)] 208006K->189969K(513536K), 0.0010627 secs] [Times: user=0.00 sys=0.00, real=0.00 secs] 
168.495: [GC (Allocation Failure) [PSYoungGen: 33399K->1024K(41984K)] 392328K->359953K(514048K), 0.0007140 secs] [Times: user=0.00 sys=0.00, real=0.00 secs] 
169.586: [GC (Allocation Failure) [PSYoungGen: 22136K->0K(42496K)] 432265K->410129K(514560K), 0.0009895 secs] [Times: user=0.00 sys=0.00, real=0.00 secs] 
169.587: [GC (Allocation Failure) [PSYoungGen: 0K->0K(42496K)] 410129K->410129K(514560K), 0.0006730 secs] [Times: user=0.00 sys=0.00, real=0.00 secs] 
169.587: [Full GC (Allocation Failure) [PSYoungGen: 0K->0K(42496K)] [ParOldGen: 410129K->51729K(472064K)] 410129K->51729K(514560K), [Metaspace: 2796K->2796K(1056768K)], 0.0045627 secs] [Times: user=0.00 sys=0.00, real=0.00 secs] 
170.475: [GC (Allocation Failure) [PSYoungGen: 28301K->5120K(41984K)] 182431K->164369K(514048K), 0.0008026 secs] [Times: user=0.00 sys=0.00, real=0.00 secs] 
171.350: [GC (Allocation Failure) [PSYoungGen: 33422K->2048K(42496K)] 366751K->335377K(514560K), 0.0010669 secs] [Times: user=0.00 sys=0.00, real=0.00 secs] 
172.004: [GC (Allocation Failure) [PSYoungGen: 33422K->5120K(43008K)] 366752K->344593K(515072K), 0.0010134 secs] [Times: user=0.00 sys=0.00, real=0.00 secs] 
172.443: [GC (Allocation Failure) [PSYoungGen: 26270K->0K(43008K)] 437423K->411153K(515072K), 0.0008379 secs] [Times: user=0.00 sys=0.00, real=0.00 secs] 
172.444: [GC (Allocation Failure) [PSYoungGen: 0K->0K(43008K)] 411153K->411153K(515072K), 0.0008395 secs] [Times: user=0.00 sys=0.00, real=0.00 secs] 
172.445: [Full GC (Allocation Failure) [PSYoungGen: 0K->0K(43008K)] [ParOldGen: 411153K->165393K(472064K)] 411153K->165393K(515072K), [Metaspace: 2796K->2796K(1056768K)], 0.0138185 secs] [Times: user=0.00 sys=0.00, real=0.01 secs] 
174.206: [Full GC (Ergonomics) [PSYoungGen: 30368K->0K(43008K)] [ParOldGen: 441873K->12288K(472064K)] 472241K->12288K(515072K), [Metaspace: 2796K->2796K(1056768K)], 0.0025213 secs] [Times: user=0.00 sys=0.00, real=0.00 secs] 
174.861: [GC (Allocation Failure) [PSYoungGen: 31393K->5120K(43008K)] 43681K->22528K(515072K), 0.0011253 secs] [Times: user=0.00 sys=0.00, real=0.00 secs] 
175.848: [GC (Allocation Failure) [PSYoungGen: 38557K->5120K(41984K)] 230045K->211968K(514048K), 0.0015387 secs] [Times: user=0.02 sys=0.00, real=0.00 secs] 
176.394: [GC (Allocation Failure) [PSYoungGen: 36491K->0K(42496K)] 243339K->217088K(514560K), 0.0011965 secs] [Times: user=0.00 sys=0.00, real=0.00 secs] 
177.159: [GC (Allocation Failure) [PSYoungGen: 31367K->0K(43008K)] 248456K->237568K(515072K), 0.0021483 secs] [Times: user=0.00 sys=0.00, real=0.00 secs] 
177.706: [GC (Allocation Failure) [PSYoungGen: 26255K->5120K(42496K)] 263824K->247808K(514560K), 0.0011556 secs] [Times: user=0.00 sys=0.00, real=0.00 secs] 
178.579: [GC (Allocation Failure) [PSYoungGen: 33421K->5120K(42496K)] 450189K->427008K(514560K), 0.0012200 secs] [Times: user=0.00 sys=0.00, real=0.00 secs] 
179.127: [GC (Allocation Failure) [PSYoungGen: 31367K->5120K(38400K)] 453255K->432128K(510464K), 0.0016276 secs] [Times: user=0.00 sys=0.00, real=0.00 secs] 
179.456: [Full GC (Ergonomics) [PSYoungGen: 26244K->0K(38400K)] [ParOldGen: 447488K->82449K(472064K)] 473733K->82449K(510464K), [Metaspace: 2796K->2796K(1056768K)], 0.0071783 secs] [Times: user=0.08 sys=0.00, real=0.01 secs] 
181.310: [GC (Allocation Failure) [PSYoungGen: 30344K->2048K(42496K)] 368794K->340497K(514560K), 0.0009354 secs] [Times: user=0.00 sys=0.00, real=0.00 secs] 
181.966: [GC (Allocation Failure) [PSYoungGen: 33408K->5120K(41984K)] 371858K->349713K(514048K), 0.0010318 secs] [Times: user=0.00 sys=0.00, real=0.00 secs] 
182.402: [GC (Allocation Failure) [PSYoungGen: 26237K->0K(42496K)] 442511K->416273K(514560K), 0.0010869 secs] [Times: user=0.00 sys=0.00, real=0.00 secs] 
182.403: [GC (Allocation Failure) [PSYoungGen: 0K->0K(42496K)] 416273K->416273K(514560K), 0.0006889 secs] [Times: user=0.00 sys=0.00, real=0.00 secs] 
182.404: [Full GC (Allocation Failure) [PSYoungGen: 0K->0K(42496K)] [ParOldGen: 416273K->57873K(472064K)] 416273K->57873K(514560K), [Metaspace: 2796K->2796K(1056768K)], 0.0049248 secs] [Times: user=0.00 sys=0.00, real=0.01 secs] 
183.294: [GC (Allocation Failure) [PSYoungGen: 28298K->6144K(41472K)] 188571K->166417K(513536K), 0.0008149 secs] [Times: user=0.00 sys=0.00, real=0.00 secs] 
184.169: [GC (Allocation Failure) [PSYoungGen: 34423K->1024K(41984K)] 368777K->346641K(514048K), 0.0016614 secs] [Times: user=0.00 sys=0.00, real=0.00 secs] 
185.261: [GC (Allocation Failure) [PSYoungGen: 27256K->0K(42496K)] 444554K->427537K(514560K), 0.0013549 secs] [Times: user=0.00 sys=0.00, real=0.00 secs] 
185.263: [GC (Allocation Failure) [PSYoungGen: 0K->0K(42496K)] 427537K->427537K(514560K), 0.0011800 secs] [Times: user=0.00 sys=0.00, real=0.00 secs] 
185.264: [Full GC (Allocation Failure) [PSYoungGen: 0K->0K(42496K)] [ParOldGen: 427537K->61969K(472064K)] 427537K->61969K(514560K), [Metaspace: 2796K->2796K(1056768K)], 0.0058911 secs] [Times: user=0.00 sys=0.00, real=0.01 secs] 
186.150: [GC (Allocation Failure) [PSYoungGen: 28302K->5120K(41984K)] 192671K->174609K(514048K), 0.0010205 secs] [Times: user=0.00 sys=0.00, real=0.00 secs] 
187.027: [GC (Allocation Failure) [PSYoungGen: 33422K->1024K(42496K)] 376992K->344593K(514560K), 0.0007258 secs] [Times: user=0.00 sys=0.00, real=0.00 secs] 
187.678: [GC (Allocation Failure) [PSYoungGen: 32398K->5120K(41984K)] 375968K->353809K(514048K), 0.0010180 secs] [Times: user=0.00 sys=0.00, real=0.00 secs] 
188.879: [GC (Allocation Failure) [PSYoungGen: 36490K->5120K(42496K)] 456859K->430609K(514560K), 0.0010610 secs] [Times: user=0.00 sys=0.00, real=0.00 secs] 
189.422: [Full GC (Ergonomics) [PSYoungGen: 36492K->0K(42496K)] [ParOldGen: 445969K->26129K(472064K)] 482461K->26129K(514560K), [Metaspace: 2796K->2796K(1056768K)], 0.0043009 secs] [Times: user=0.00 sys=0.00, real=0.00 secs] 
190.405: [GC (Allocation Failure) [PSYoungGen: 28301K->5120K(41472K)] 208030K->189969K(513536K), 0.0008476 secs] [Times: user=0.00 sys=0.00, real=0.00 secs] 
191.280: [GC (Allocation Failure) [PSYoungGen: 33401K->2080K(41984K)] 392331K->366129K(514048K), 0.0010944 secs] [Times: user=0.00 sys=0.00, real=0.00 secs] 
192.474: [GC (Allocation Failure) [PSYoungGen: 33434K->5120K(42496K)] 397483K->369177K(514560K), 0.0008002 secs] [Times: user=0.02 sys=0.00, real=0.00 secs] 
193.243: [GC (Allocation Failure) [PSYoungGen: 33418K->6144K(39424K)] 397475K->370201K(511488K), 0.0009913 secs] [Times: user=0.00 sys=0.00, real=0.00 secs] 
193.792: [GC (Allocation Failure) [PSYoungGen: 32390K->0K(41984K)] 468128K->447001K(514048K), 0.0012720 secs] [Times: user=0.00 sys=0.00, real=0.00 secs] 
193.793: [Full GC (Ergonomics) [PSYoungGen: 0K->0K(41984K)] [ParOldGen: 447001K->62993K(472064K)] 447001K->62993K(514048K), [Metaspace: 2796K->2796K(1056768K)], 0.0055713 secs] [Times: user=0.00 sys=0.00, real=0.01 secs] 
194.680: [GC (Allocation Failure) [PSYoungGen: 28277K->5152K(41984K)] 193671K->175665K(514048K), 0.0010475 secs] [Times: user=0.00 sys=0.00, real=0.00 secs] 
195.555: [GC (Allocation Failure) [PSYoungGen: 33431K->1024K(42496K)] 378024K->360985K(514560K), 0.0016271 secs] [Times: user=0.00 sys=0.00, real=0.00 secs] 
196.647: [GC (Allocation Failure) [PSYoungGen: 22146K->0K(41984K)] 453788K->431641K(514048K), 0.0012997 secs] [Times: user=0.00 sys=0.00, real=0.00 secs] 
196.649: [GC (Allocation Failure) [PSYoungGen: 0K->0K(42496K)] 431641K->431641K(514560K), 0.0014643 secs] [Times: user=0.00 sys=0.00, real=0.00 secs] 
196.650: [Full GC (Allocation Failure) [PSYoungGen: 0K->0K(42496K)] [ParOldGen: 431641K->72209K(472064K)] 431641K->72209K(514560K), [Metaspace: 2796K->2796K(1056768K)], 0.0068184 secs] [Times: user=0.00 sys=0.00, real=0.01 secs] 
197.535: [GC (Allocation Failure) [PSYoungGen: 28301K->5120K(42496K)] 202911K->184849K(514560K), 0.0011563 secs] [Times: user=0.00 sys=0.00, real=0.00 secs] 
198.412: [GC (Allocation Failure) [PSYoungGen: 33422K->1024K(42496K)] 387232K->354833K(514560K), 0.0007307 secs] [Times: user=0.00 sys=0.00, real=0.00 secs] 
199.065: [GC (Allocation Failure) [PSYoungGen: 32398K->5120K(42496K)] 386208K->364049K(514560K), 0.0010911 secs] [Times: user=0.00 sys=0.00, real=0.00 secs] 
199.500: [GC (Allocation Failure) [PSYoungGen: 26250K->0K(42496K)] 456860K->430609K(514560K), 0.0008605 secs] [Times: user=0.00 sys=0.00, real=0.00 secs] 
199.501: [GC (Allocation Failure) [PSYoungGen: 0K->0K(42496K)] 430609K->430609K(514560K), 0.0007657 secs] [Times: user=0.00 sys=0.00, real=0.00 secs] 
199.502: [Full GC (Allocation Failure) [PSYoungGen: 0K->0K(42496K)] [ParOldGen: 430609K->133649K(472064K)] 430609K->133649K(514560K), [Metaspace: 2796K->2796K(1056768K)], 0.0092643 secs] [Times: user=0.02 sys=0.00, real=0.01 secs] 
200.606: [GC (Allocation Failure) [PSYoungGen: 26252K->5120K(41984K)] 262301K->251409K(514048K), 0.0014834 secs] [Times: user=0.00 sys=0.00, real=0.00 secs] 
201.154: [GC (Allocation Failure) [PSYoungGen: 37517K->2048K(42496K)] 437407K->407057K(514560K), 0.0009398 secs] [Times: user=0.00 sys=0.00, real=0.00 secs] 
201.917: [GC (Allocation Failure) [PSYoungGen: 34446K->5120K(43008K)] 439455K->416273K(515072K), 0.0012843 secs] [Times: user=0.00 sys=0.00, real=0.00 secs] 
202.243: [GC (Allocation Failure) [PSYoungGen: 26270K->0K(43008K)] 457904K->431633K(515072K), 0.0008240 secs] [Times: user=0.00 sys=0.00, real=0.00 secs] 
202.244: [GC (Allocation Failure) [PSYoungGen: 0K->0K(43008K)] 431633K->431633K(515072K), 0.0008653 secs] [Times: user=0.00 sys=0.00, real=0.00 secs] 
202.245: [Full GC (Allocation Failure) [PSYoungGen: 0K->0K(43008K)] [ParOldGen: 431633K->32273K(472064K)] 431633K->32273K(515072K), [Metaspace: 2796K->2796K(1056768K)], 0.0036836 secs] [Times: user=0.00 sys=0.00, real=0.00 secs] 
203.335: [GC (Allocation Failure) [PSYoungGen: 33440K->6144K(40448K)] 219314K->192017K(512512K), 0.0008318 secs] [Times: user=0.00 sys=0.00, real=0.00 secs] 
204.533: [GC (Allocation Failure) [PSYoungGen: 38561K->5120K(41472K)] 224435K->196113K(513536K), 0.0010728 secs] [Times: user=0.00 sys=0.00, real=0.00 secs] 
205.294: [GC (Allocation Failure) [PSYoungGen: 36468K->0K(41984K)] 401542K->375313K(514048K), 0.0011750 secs] [Times: user=0.00 sys=0.00, real=0.00 secs] 
206.060: [GC (Allocation Failure) [PSYoungGen: 28279K->5120K(41472K)] 403592K->385553K(513536K), 0.0011011 secs] [Times: user=0.00 sys=0.00, real=0.00 secs] 
206.607: [Full GC (Ergonomics) [PSYoungGen: 31347K->0K(41472K)] [ParOldGen: 452113K->92689K(472064K)] 483461K->92689K(513536K), [Metaspace: 2796K->2796K(1056768K)], 0.0080526 secs] [Times: user=0.00 sys=0.00, real=0.01 secs] 
208.592: [GC (Allocation Failure) [PSYoungGen: 30326K->5120K(41984K)] 399496K->374289K(514048K), 0.0008498 secs] [Times: user=0.00 sys=0.00, real=0.00 secs] 
209.136: [GC (Allocation Failure) [PSYoungGen: 36471K->5120K(41984K)] 405641K->384529K(514048K), 0.0016488 secs] [Times: user=0.00 sys=0.00, real=0.00 secs] 
209.462: [GC (Allocation Failure) [PSYoungGen: 36468K->0K(41984K)] 467078K->435729K(514048K), 0.0009264 secs] [Times: user=0.00 sys=0.00, real=0.00 secs] 
209.463: [GC (Allocation Failure) [PSYoungGen: 0K->0K(42496K)] 435729K->435729K(514560K), 0.0008572 secs] [Times: user=0.00 sys=0.00, real=0.00 secs] 
209.464: [Full GC (Allocation Failure) [PSYoungGen: 0K->0K(42496K)] [ParOldGen: 435729K->108049K(472064K)] 435729K->108049K(514560K), [Metaspace: 2796K->2796K(1056768K)], 0.0094338 secs] [Times: user=0.00 sys=0.00, real=0.01 secs] 
210.351: [GC (Allocation Failure) [PSYoungGen: 28288K->5120K(41984K)] 238738K->220689K(514048K), 0.0008135 secs] [Times: user=0.00 sys=0.00, real=0.00 secs] 
211.663: [GC (Allocation Failure) [PSYoungGen: 32386K->1024K(42496K)] 422036K->390673K(514560K), 0.0009732 secs] [Times: user=0.00 sys=0.00, real=0.00 secs] 
212.316: [Full GC (Ergonomics) [PSYoungGen: 32387K->0K(42496K)] [ParOldGen: 461329K->56849K(472064K)] 493717K->56849K(514560K), [Metaspace: 2796K->2796K(1056768K)], 0.0056240 secs] [Times: user=0.00 sys=0.00, real=0.00 secs] 
213.206: [GC (Allocation Failure) [PSYoungGen: 28292K->6144K(41984K)] 187541K->165393K(514048K), 0.0008097 secs] [Times: user=0.00 sys=0.00, real=0.00 secs] 
214.081: [GC (Allocation Failure) [PSYoungGen: 34436K->1024K(41984K)] 367766K->345617K(514048K), 0.0015047 secs] [Times: user=0.00 sys=0.00, real=0.00 secs] 
214.739: [GC (Allocation Failure) [PSYoungGen: 32378K->5120K(41984K)] 376972K->354833K(514048K), 0.0010792 secs] [Times: user=0.00 sys=0.00, real=0.00 secs] 
215.721: [GC (Allocation Failure) [PSYoungGen: 36470K->5120K(41984K)] 386184K->359953K(514048K), 0.0009318 secs] [Times: user=0.00 sys=0.00, real=0.00 secs] 
216.269: [GC (Allocation Failure) [PSYoungGen: 36467K->0K(41984K)] 391301K->365073K(514048K), 0.0012067 secs] [Times: user=0.00 sys=0.00, real=0.00 secs] 
216.597: [GC (Allocation Failure) [PSYoungGen: 31345K->0K(42496K)] 447619K->436753K(514560K), 0.0021142 secs] [Times: user=0.00 sys=0.00, real=0.00 secs] 
216.599: [Full GC (Ergonomics) [PSYoungGen: 0K->0K(42496K)] [ParOldGen: 436753K->77329K(472064K)] 436753K->77329K(514560K), [Metaspace: 2796K->2796K(1056768K)], 0.0066793 secs] [Times: user=0.00 sys=0.00, real=0.01 secs] 
217.486: [GC (Allocation Failure) [PSYoungGen: 28287K->5120K(41984K)] 208016K->189969K(514048K), 0.0011518 secs] [Times: user=0.00 sys=0.00, real=0.00 secs] 
218.365: [GC (Allocation Failure) [PSYoungGen: 33409K->1024K(42496K)] 392339K->359953K(514560K), 0.0007383 secs] [Times: user=0.00 sys=0.00, real=0.00 secs] 
Heap
 PSYoungGen      total 42496K, used 22792K [0x00000000fcd00000, 0x0000000100000000, 0x0000000100000000)
  eden space 32256K, 67% used [0x00000000fcd00000,0x00000000fe242040,0x00000000fec80000)
  from space 10240K, 10% used [0x00000000ff600000,0x00000000ff700010,0x0000000100000000)
  to   space 9728K, 0% used [0x00000000fec80000,0x00000000fec80000,0x00000000ff600000)
 ParOldGen       total 472064K, used 358929K [0x00000000e0000000, 0x00000000fcd00000, 0x00000000fcd00000)
  object space 472064K, 76% used [0x00000000e0000000,0x00000000f5e84760,0x00000000fcd00000)
 Metaspace       used 2804K, capacity 4486K, committed 4864K, reserved 1056768K
  class space    used 297K, capacity 386K, committed 512K, reserved 1048576K
