Java HotSpot(TM) 64-Bit Server VM (25.411-b09) for windows-amd64 JRE (1.8.0_411-b09), built on Mar 13 2024 07:26:13 by "java_re" with MS VC++ 17.1 (VS2022)
Memory: 4k page, physical 33403376k(12428920k free), swap 40595968k(7431420k free)
CommandLine flags: -XX:InitialHeapSize=2147483648 -XX:MaxHeapSize=2147483648 -XX:NewRatio=10 -XX:ParallelGCThreads=3 -XX:+PrintGC -XX:+PrintGCDetails -XX:+PrintGCTimeStamps -XX:-UseAdaptiveSizePolicy -XX:+UseCompressedClassPointers -XX:+UseCompressedOops -XX:-UseLargePagesIndividualAllocation -XX:+UseParallelGC 
1.974: [GC (Allocation Failure) [PSYoungGen: 140902K->11880K(166912K)] 243302K->114288K(2073600K), 0.0029167 secs] [Times: user=0.00 sys=0.00, real=0.00 secs] 
3.746: [GC (Allocation Failure) [PSYoungGen: 152987K->17992K(166912K)] 357795K->222800K(2073600K), 0.0037267 secs] [Times: user=0.00 sys=0.00, real=0.00 secs] 
6.066: [GC (Allocation Failure) [PSYoungGen: 160123K->16968K(166912K)] 467331K->324176K(2073600K), 0.0028767 secs] [Times: user=0.00 sys=0.00, real=0.00 secs] 
8.395: [GC (Allocation Failure) [PSYoungGen: 159509K->5656K(166912K)] 569117K->415272K(2073600K), 0.0015366 secs] [Times: user=0.00 sys=0.00, real=0.00 secs] 
9.846: [GC (Allocation Failure) [PSYoungGen: 131403K->15944K(166912K)] 643419K->579160K(2073600K), 0.0175127 secs] [Times: user=0.00 sys=0.00, real=0.02 secs] 
11.317: [GC (Allocation Failure) [PSYoungGen: 141691K->21064K(166912K)] 807307K->686680K(2073600K), 0.0031890 secs] [Times: user=0.00 sys=0.00, real=0.00 secs] 
12.873: [GC (Allocation Failure) [PSYoungGen: 147743K->21064K(166912K)] 915759K->794208K(2073600K), 0.0042080 secs] [Times: user=0.00 sys=0.00, real=0.00 secs] 
14.325: [GC (Allocation Failure) [PSYoungGen: 146811K->11800K(166912K)] 1022355K->907824K(2073600K), 0.0156575 secs] [Times: user=0.00 sys=0.00, real=0.01 secs] 
16.896: [GC (Allocation Failure) [PSYoungGen: 147787K->10824K(166912K)] 1146211K->1009248K(2073600K), 0.0035651 secs] [Times: user=0.00 sys=0.00, real=0.00 secs] 
18.502: [GC (Allocation Failure) [PSYoungGen: 146811K->21048K(166912K)] 1247635K->1142352K(2073600K), 0.0313957 secs] [Times: user=0.00 sys=0.00, real=0.03 secs] 
20.262: [GC (Allocation Failure) [PSYoungGen: 126315K->5688K(166912K)] 1350019K->1229400K(2073600K), 0.0029128 secs] [Times: user=0.00 sys=0.00, real=0.00 secs] 
21.801: [GC (Allocation Failure) [PSYoungGen: 131435K->21096K(166912K)] 1457547K->1352328K(2073600K), 0.0152938 secs] [Times: user=0.00 sys=0.00, real=0.01 secs] 
23.362: [GC (Allocation Failure) [PSYoungGen: 146843K->22088K(166912K)] 1580475K->1460840K(2073600K), 0.0046650 secs] [Times: user=0.00 sys=0.00, real=0.00 secs] 
24.872: [GC (Allocation Failure) [PSYoungGen: 122235K->21096K(166912K)] 1663387K->1572488K(2073600K), 0.0059478 secs] [Times: user=0.00 sys=0.00, real=0.01 secs] 
26.380: [GC (Allocation Failure) [PSYoungGen: 146843K->15928K(166912K)] 1800635K->1690200K(2073600K), 0.0192592 secs] [Times: user=0.00 sys=0.00, real=0.02 secs] 
28.798: [GC (Allocation Failure) [PSYoungGen: 157035K->10336K(166912K)] 1933707K->1787564K(2073600K), 0.0035542 secs] [Times: user=0.00 sys=0.00, real=0.00 secs] 
30.557: [Full GC (Ergonomics) [PSYoungGen: 146929K->0K(166912K)] [ParOldGen: 1879628K->67089K(1906688K)] 2026557K->67089K(2073600K), [Metaspace: 2793K->2793K(1056768K)], 0.0870670 secs] [Times: user=0.00 sys=0.06, real=0.09 secs] 
33.268: [GC (Allocation Failure) [PSYoungGen: 143155K->6144K(166912K)] 415044K->278033K(2073600K), 0.0007865 secs] [Times: user=0.00 sys=0.00, real=0.00 secs] 
34.906: [GC (Allocation Failure) [PSYoungGen: 142131K->12288K(166912K)] 516420K->386577K(2073600K), 0.0013724 secs] [Times: user=0.00 sys=0.00, real=0.00 secs] 
36.653: [GC (Allocation Failure) [PSYoungGen: 153395K->10240K(166912K)] 630084K->507409K(2073600K), 0.0029140 secs] [Times: user=0.00 sys=0.00, real=0.00 secs] 
38.077: [GC (Allocation Failure) [PSYoungGen: 135987K->15360K(166912K)] 735556K->655889K(2073600K), 0.0041267 secs] [Times: user=0.00 sys=0.00, real=0.00 secs] 
39.491: [GC (Allocation Failure) [PSYoungGen: 141107K->20480K(166912K)] 884036K->783889K(2073600K), 0.0035981 secs] [Times: user=0.00 sys=0.00, real=0.00 secs] 
40.914: [GC (Allocation Failure) [PSYoungGen: 135987K->5120K(166912K)] 899396K->789009K(2073600K), 0.0028207 secs] [Times: user=0.00 sys=0.00, real=0.00 secs] 
42.330: [GC (Allocation Failure) [PSYoungGen: 130860K->10240K(166912K)] 1017149K->917009K(2073600K), 0.0031682 secs] [Times: user=0.00 sys=0.00, real=0.00 secs] 
45.066: [GC (Allocation Failure) [PSYoungGen: 148270K->21504K(166912K)] 1157440K->1030673K(2073600K), 0.0031290 secs] [Times: user=0.00 sys=0.00, real=0.00 secs] 
46.486: [GC (Allocation Failure) [PSYoungGen: 147248K->21504K(166912K)] 1258818K->1148433K(2073600K), 0.0034949 secs] [Times: user=0.00 sys=0.00, real=0.00 secs] 
48.012: [GC (Allocation Failure) [PSYoungGen: 137009K->20480K(166912K)] 1366339K->1270289K(2073600K), 0.0043289 secs] [Times: user=0.00 sys=0.00, real=0.01 secs] 
49.429: [GC (Allocation Failure) [PSYoungGen: 146226K->20480K(166912K)] 1498435K->1398289K(2073600K), 0.0042086 secs] [Times: user=0.02 sys=0.00, real=0.00 secs] 
50.849: [GC (Allocation Failure) [PSYoungGen: 146226K->20480K(166912K)] 1626436K->1577489K(2073600K), 0.0082749 secs] [Times: user=0.00 sys=0.00, real=0.01 secs] 
52.282: [GC (Allocation Failure) [PSYoungGen: 130866K->20480K(166912K)] 1790276K->1685009K(2073600K), 0.0036328 secs] [Times: user=0.00 sys=0.00, real=0.00 secs] 
53.701: [GC (Allocation Failure) [PSYoungGen: 146227K->21504K(166912K)] 1913156K->1793553K(2073600K), 0.0038954 secs] [Times: user=0.00 sys=0.00, real=0.00 secs] 
56.318: [Full GC (Ergonomics) [PSYoungGen: 158515K->0K(166912K)] [ParOldGen: 1874449K->16384K(1906688K)] 2032965K->16384K(2073600K), [Metaspace: 2795K->2795K(1056768K)], 0.0085580 secs] [Times: user=0.00 sys=0.00, real=0.01 secs] 
57.845: [GC (Allocation Failure) [PSYoungGen: 135987K->20480K(166912K)] 254771K->144384K(2073600K), 0.0019398 secs] [Times: user=0.00 sys=0.00, real=0.00 secs] 
59.372: [GC (Allocation Failure) [PSYoungGen: 130867K->20480K(166912K)] 357171K->246784K(2073600K), 0.0020539 secs] [Times: user=0.00 sys=0.00, real=0.00 secs] 
60.791: [GC (Allocation Failure) [PSYoungGen: 146227K->20480K(166912K)] 474931K->405504K(2073600K), 0.0056058 secs] [Times: user=0.00 sys=0.00, real=0.01 secs] 
62.208: [GC (Allocation Failure) [PSYoungGen: 146227K->20480K(166912K)] 633651K->513024K(2073600K), 0.0026492 secs] [Times: user=0.00 sys=0.00, real=0.00 secs] 
63.621: [GC (Allocation Failure) [PSYoungGen: 125747K->20480K(166912K)] 720691K->620544K(2073600K), 0.0027169 secs] [Times: user=0.00 sys=0.00, real=0.00 secs] 
65.037: [GC (Allocation Failure) [PSYoungGen: 146227K->21504K(166912K)] 848692K->734208K(2073600K), 0.0028896 secs] [Times: user=0.00 sys=0.00, real=0.00 secs] 
67.554: [GC (Allocation Failure) [PSYoungGen: 157491K->10240K(166912K)] 972596K->825344K(2073600K), 0.0014790 secs] [Times: user=0.00 sys=0.00, real=0.00 secs] 
69.082: [GC (Allocation Failure) [PSYoungGen: 146227K->20480K(166912K)] 1063732K->958464K(2073600K), 0.0036679 secs] [Times: user=0.00 sys=0.00, real=0.00 secs] 
70.719: [GC (Allocation Failure) [PSYoungGen: 125747K->5120K(166912K)] 1166132K->1045504K(2073600K), 0.0020578 secs] [Times: user=0.00 sys=0.00, real=0.00 secs] 
72.133: [GC (Allocation Failure) [PSYoungGen: 130867K->5120K(166912K)] 1273652K->1168384K(2073600K), 0.0031477 secs] [Times: user=0.00 sys=0.00, real=0.00 secs] 
73.550: [GC (Allocation Failure) [PSYoungGen: 130867K->11264K(166912K)] 1396532K->1297408K(2073600K), 0.0033830 secs] [Times: user=0.00 sys=0.00, real=0.00 secs] 
74.969: [GC (Allocation Failure) [PSYoungGen: 111411K->20480K(166912K)] 1499956K->1419264K(2073600K), 0.0035825 secs] [Times: user=0.00 sys=0.00, real=0.00 secs] 
76.383: [GC (Allocation Failure) [PSYoungGen: 146227K->15360K(166912K)] 1647412K->1537024K(2073600K), 0.0037654 secs] [Times: user=0.00 sys=0.00, real=0.00 secs] 
78.676: [GC (Allocation Failure) [PSYoungGen: 156467K->10240K(166912K)] 1780532K->1634304K(2073600K), 0.0031312 secs] [Times: user=0.00 sys=0.00, real=0.00 secs] 
80.315: [GC (Allocation Failure) [PSYoungGen: 146227K->15360K(166912K)] 1872692K->1793024K(2073600K), 0.0066836 secs] [Times: user=0.00 sys=0.00, real=0.01 secs] 
82.168: [Full GC (Ergonomics) [PSYoungGen: 135987K->0K(166912K)] [ParOldGen: 1880064K->5649K(1906688K)] 2016052K->5649K(2073600K), [Metaspace: 2796K->2796K(1056768K)], 0.0045210 secs] [Times: user=0.00 sys=0.00, real=0.00 secs] 
83.153: [GC (Allocation Failure) [PSYoungGen: 135987K->11264K(166912K)] 141636K->16913K(2073600K), 0.0008845 secs] [Times: user=0.00 sys=0.00, real=0.00 secs] 
84.698: [GC (Allocation Failure) [PSYoungGen: 147245K->22528K(166912K)] 255294K->135697K(2073600K), 0.0019399 secs] [Times: user=0.00 sys=0.00, real=0.00 secs] 
86.332: [GC (Allocation Failure) [PSYoungGen: 153391K->20480K(166912K)] 368960K->246289K(2073600K), 0.0026746 secs] [Times: user=0.00 sys=0.00, real=0.00 secs] 
87.753: [GC (Allocation Failure) [PSYoungGen: 146224K->5120K(166912K)] 474434K->374289K(2073600K), 0.0033629 secs] [Times: user=0.00 sys=0.00, real=0.00 secs] 
89.166: [GC (Allocation Failure) [PSYoungGen: 130865K->10240K(166912K)] 602435K->502289K(2073600K), 0.0027757 secs] [Times: user=0.00 sys=0.00, real=0.00 secs] 
90.586: [GC (Allocation Failure) [PSYoungGen: 125746K->5120K(166912K)] 617795K->517649K(2073600K), 0.0024974 secs] [Times: user=0.00 sys=0.00, real=0.00 secs] 
92.006: [GC (Allocation Failure) [PSYoungGen: 130859K->10240K(166912K)] 745789K->645649K(2073600K), 0.0028160 secs] [Times: user=0.00 sys=0.00, real=0.00 secs] 
94.731: [GC (Allocation Failure) [PSYoungGen: 148270K->21504K(166912K)] 886079K->759313K(2073600K), 0.0021714 secs] [Times: user=0.00 sys=0.00, real=0.00 secs] 
96.150: [GC (Allocation Failure) [PSYoungGen: 147248K->21504K(166912K)] 987457K->877073K(2073600K), 0.0029195 secs] [Times: user=0.00 sys=0.00, real=0.00 secs] 
97.675: [GC (Allocation Failure) [PSYoungGen: 137009K->20480K(166912K)] 1094978K->998929K(2073600K), 0.0035137 secs] [Times: user=0.00 sys=0.00, real=0.00 secs] 
99.096: [GC (Allocation Failure) [PSYoungGen: 146225K->20480K(166912K)] 1227075K->1126929K(2073600K), 0.0039341 secs] [Times: user=0.00 sys=0.00, real=0.00 secs] 
100.516: [GC (Allocation Failure) [PSYoungGen: 146226K->20480K(166912K)] 1355076K->1306129K(2073600K), 0.0080010 secs] [Times: user=0.00 sys=0.00, real=0.01 secs] 
101.937: [GC (Allocation Failure) [PSYoungGen: 130866K->20480K(166912K)] 1518916K->1413649K(2073600K), 0.0036168 secs] [Times: user=0.00 sys=0.00, real=0.00 secs] 
103.354: [GC (Allocation Failure) [PSYoungGen: 146226K->21504K(166912K)] 1641796K->1522193K(2073600K), 0.0035528 secs] [Times: user=0.00 sys=0.00, real=0.00 secs] 
105.969: [GC (Allocation Failure) [PSYoungGen: 158515K->15360K(166912K)] 1761605K->1618449K(2073600K), 0.0033629 secs] [Times: user=0.00 sys=0.00, real=0.00 secs] 
107.494: [GC (Allocation Failure) [PSYoungGen: 151347K->20480K(166912K)] 1856837K->1736209K(2073600K), 0.0042066 secs] [Times: user=0.00 sys=0.00, real=0.00 secs] 
109.027: [GC (Allocation Failure) [PSYoungGen: 130867K->20480K(166912K)] 1948997K->1838609K(2073600K), 0.0036838 secs] [Times: user=0.00 sys=0.00, real=0.00 secs] 
109.136: [GC (Allocation Failure) --[PSYoungGen: 74547K->74547K(166912K)] 1892677K->1943877K(2073600K), 0.0059165 secs] [Times: user=0.00 sys=0.00, real=0.01 secs] 
109.142: [Full GC (Ergonomics) [PSYoungGen: 74547K->0K(166912K)] [ParOldGen: 1869329K->52224K(1906688K)] 1943877K->52224K(2073600K), [Metaspace: 2796K->2796K(1056768K)], 0.0070685 secs] [Times: user=0.00 sys=0.00, real=0.01 secs] 
110.134: [GC (Allocation Failure) [PSYoungGen: 135987K->10240K(166912K)] 188211K->62464K(2073600K), 0.0009216 secs] [Times: user=0.00 sys=0.00, real=0.00 secs] 
111.665: [GC (Allocation Failure) [PSYoungGen: 146206K->20480K(166912K)] 300830K->175104K(2073600K), 0.0019119 secs] [Times: user=0.02 sys=0.00, real=0.00 secs] 
113.316: [GC (Allocation Failure) [PSYoungGen: 156453K->20480K(166912K)] 413477K->282624K(2073600K), 0.0022548 secs] [Times: user=0.00 sys=0.00, real=0.00 secs] 
114.748: [GC (Allocation Failure) [PSYoungGen: 146218K->11264K(166912K)] 510762K->396288K(2073600K), 0.0027714 secs] [Times: user=0.00 sys=0.00, real=0.00 secs] 
117.260: [GC (Allocation Failure) [PSYoungGen: 147245K->10240K(166912K)] 634669K->497664K(2073600K), 0.0016292 secs] [Times: user=0.02 sys=0.00, real=0.00 secs] 
118.787: [GC (Allocation Failure) [PSYoungGen: 146223K->20480K(166912K)] 736047K->630784K(2073600K), 0.0035450 secs] [Times: user=0.00 sys=0.00, real=0.00 secs] 
120.422: [GC (Allocation Failure) [PSYoungGen: 125744K->5120K(166912K)] 838449K->717824K(2073600K), 0.0019906 secs] [Times: user=0.00 sys=0.00, real=0.00 secs] 
121.840: [GC (Allocation Failure) [PSYoungGen: 130865K->20480K(166912K)] 945969K->840704K(2073600K), 0.0040375 secs] [Times: user=0.00 sys=0.00, real=0.00 secs] 
123.258: [GC (Allocation Failure) [PSYoungGen: 146226K->6144K(166912K)] 1068850K->949248K(2073600K), 0.0039093 secs] [Times: user=0.02 sys=0.00, real=0.00 secs] 
124.676: [GC (Allocation Failure) [PSYoungGen: 106290K->10240K(166912K)] 1151794K->1076224K(2073600K), 0.0049372 secs] [Times: user=0.00 sys=0.00, real=0.01 secs] 
126.097: [GC (Allocation Failure) [PSYoungGen: 135986K->20480K(166912K)] 1304371K->1214464K(2073600K), 0.0052837 secs] [Times: user=0.00 sys=0.00, real=0.01 secs] 
128.380: [GC (Allocation Failure) [PSYoungGen: 161587K->10240K(166912K)] 1457971K->1306624K(2073600K), 0.0035989 secs] [Times: user=0.00 sys=0.00, real=0.00 secs] 
130.019: [GC (Allocation Failure) [PSYoungGen: 146227K->15360K(166912K)] 1545011K->1465344K(2073600K), 0.0085718 secs] [Times: user=0.01 sys=0.00, real=0.01 secs] 
132.645: [GC (Allocation Failure) [PSYoungGen: 158515K->6144K(166912K)] 1813299K->1660928K(2073600K), 0.0043182 secs] [Times: user=0.00 sys=0.00, real=0.00 secs] 
134.278: [GC (Allocation Failure) [PSYoungGen: 142131K->12288K(166912K)] 1899315K->1769472K(2073600K), 0.0043847 secs] [Times: user=0.00 sys=0.00, real=0.01 secs] 
136.023: [Full GC (Ergonomics) [PSYoungGen: 153395K->0K(166912K)] [ParOldGen: 1859584K->31744K(1906688K)] 2012979K->31744K(2073600K), [Metaspace: 2796K->2796K(1056768K)], 0.0060000 secs] [Times: user=0.00 sys=0.00, real=0.01 secs] 
137.436: [GC (Allocation Failure) [PSYoungGen: 125747K->5120K(166912K)] 259891K->180224K(2073600K), 0.0029627 secs] [Times: user=0.00 sys=0.00, real=0.00 secs] 
138.856: [GC (Allocation Failure) [PSYoungGen: 130867K->10240K(166912K)] 408371K->308224K(2073600K), 0.0028882 secs] [Times: user=0.00 sys=0.00, real=0.00 secs] 
140.273: [GC (Allocation Failure) [PSYoungGen: 125747K->5120K(166912K)] 423731K->323584K(2073600K), 0.0027424 secs] [Times: user=0.00 sys=0.00, real=0.00 secs] 
141.693: [GC (Allocation Failure) [PSYoungGen: 130860K->10240K(166912K)] 551724K->451584K(2073600K), 0.0047532 secs] [Times: user=0.00 sys=0.00, real=0.00 secs] 
144.435: [GC (Allocation Failure) [PSYoungGen: 148270K->21504K(166912K)] 692015K->565248K(2073600K), 0.0031097 secs] [Times: user=0.00 sys=0.00, real=0.00 secs] 
145.847: [GC (Allocation Failure) [PSYoungGen: 147248K->21504K(166912K)] 793392K->683008K(2073600K), 0.0035661 secs] [Times: user=0.00 sys=0.00, real=0.00 secs] 
147.375: [GC (Allocation Failure) [PSYoungGen: 137009K->20480K(166912K)] 900913K->804864K(2073600K), 0.0037991 secs] [Times: user=0.00 sys=0.00, real=0.00 secs] 
148.797: [GC (Allocation Failure) [PSYoungGen: 146226K->20480K(166912K)] 1033010K->932864K(2073600K), 0.0047011 secs] [Times: user=0.00 sys=0.00, real=0.00 secs] 
150.211: [GC (Allocation Failure) [PSYoungGen: 146226K->20480K(166912K)] 1161010K->1112064K(2073600K), 0.0083267 secs] [Times: user=0.00 sys=0.00, real=0.01 secs] 
151.643: [GC (Allocation Failure) [PSYoungGen: 130866K->5120K(166912K)] 1324851K->1219584K(2073600K), 0.0054408 secs] [Times: user=0.00 sys=0.00, real=0.01 secs] 
153.061: [GC (Allocation Failure) [PSYoungGen: 130867K->11264K(166912K)] 1447731K->1348608K(2073600K), 0.0062804 secs] [Times: user=0.00 sys=0.00, real=0.01 secs] 
155.680: [GC (Allocation Failure) [PSYoungGen: 148275K->15360K(166912K)] 1588019K->1455104K(2073600K), 0.0040203 secs] [Times: user=0.02 sys=0.00, real=0.00 secs] 
157.207: [GC (Allocation Failure) [PSYoungGen: 151347K->20480K(166912K)] 1693491K->1572864K(2073600K), 0.0062715 secs] [Times: user=0.00 sys=0.00, real=0.01 secs] 
158.733: [GC (Allocation Failure) [PSYoungGen: 130867K->20480K(166912K)] 1785651K->1675264K(2073600K), 0.0049624 secs] [Times: user=0.00 sys=0.00, real=0.00 secs] 
160.133: [GC (Allocation Failure) [PSYoungGen: 146227K->5120K(166912K)] 1903411K->1833984K(2073600K), 0.0082252 secs] [Times: user=0.02 sys=0.00, real=0.01 secs] 
160.141: [Full GC (Ergonomics) [PSYoungGen: 5120K->0K(166912K)] [ParOldGen: 1828864K->77329K(1906688K)] 1833984K->77329K(2073600K), [Metaspace: 2796K->2796K(1056768K)], 0.0085875 secs] [Times: user=0.00 sys=0.00, real=0.01 secs] 
161.568: [GC (Allocation Failure) [PSYoungGen: 125747K->20480K(166912K)] 305476K->205329K(2073600K), 0.0022476 secs] [Times: user=0.00 sys=0.00, real=0.00 secs] 
162.983: [GC (Allocation Failure) [PSYoungGen: 125747K->20480K(166912K)] 412996K->312849K(2073600K), 0.0024571 secs] [Times: user=0.00 sys=0.00, real=0.00 secs] 
164.401: [GC (Allocation Failure) [PSYoungGen: 146227K->21504K(166912K)] 540996K->426513K(2073600K), 0.0028762 secs] [Times: user=0.00 sys=0.00, real=0.00 secs] 
166.909: [GC (Allocation Failure) [PSYoungGen: 157491K->10240K(166912K)] 664900K->517649K(2073600K), 0.0013922 secs] [Times: user=0.00 sys=0.00, real=0.00 secs] 
168.437: [GC (Allocation Failure) [PSYoungGen: 146227K->20480K(166912K)] 756036K->650769K(2073600K), 0.0045722 secs] [Times: user=0.00 sys=0.00, real=0.00 secs] 
170.092: [GC (Allocation Failure) [PSYoungGen: 125747K->5120K(166912K)] 858436K->737809K(2073600K), 0.0011262 secs] [Times: user=0.00 sys=0.00, real=0.00 secs] 
171.509: [GC (Allocation Failure) [PSYoungGen: 130867K->20480K(166912K)] 965956K->860689K(2073600K), 0.0028220 secs] [Times: user=0.02 sys=0.00, real=0.00 secs] 
172.925: [GC (Allocation Failure) [PSYoungGen: 146227K->21504K(166912K)] 1088836K->969233K(2073600K), 0.0029904 secs] [Times: user=0.00 sys=0.00, real=0.00 secs] 
174.343: [GC (Allocation Failure) [PSYoungGen: 121651K->20480K(166912K)] 1171780K->1080849K(2073600K), 0.0032121 secs] [Times: user=0.00 sys=0.00, real=0.00 secs] 
175.758: [GC (Allocation Failure) [PSYoungGen: 146227K->15360K(166912K)] 1308997K->1198609K(2073600K), 0.0034842 secs] [Times: user=0.02 sys=0.00, real=0.00 secs] 
178.045: [GC (Allocation Failure) [PSYoungGen: 156467K->10240K(166912K)] 1442117K->1295889K(2073600K), 0.0020475 secs] [Times: user=0.00 sys=0.00, real=0.00 secs] 
179.681: [GC (Allocation Failure) [PSYoungGen: 146227K->15360K(166912K)] 1534277K->1454609K(2073600K), 0.0067738 secs] [Times: user=0.02 sys=0.00, real=0.01 secs] 
182.301: [GC (Allocation Failure) [PSYoungGen: 158515K->6144K(166912K)] 1802565K->1650193K(2073600K), 0.0028454 secs] [Times: user=0.00 sys=0.00, real=0.00 secs] 
183.941: [GC (Allocation Failure) [PSYoungGen: 142131K->12288K(166912K)] 1888581K->1758737K(2073600K), 0.0028498 secs] [Times: user=0.00 sys=0.00, real=0.00 secs] 
185.685: [Full GC (Ergonomics) [PSYoungGen: 153395K->0K(166912K)] [ParOldGen: 1848849K->31744K(1906688K)] 2002245K->31744K(2073600K), [Metaspace: 2796K->2796K(1056768K)], 0.0064320 secs] [Times: user=0.00 sys=0.00, real=0.01 secs] 
187.112: [GC (Allocation Failure) [PSYoungGen: 125747K->20480K(166912K)] 259891K->180224K(2073600K), 0.0025077 secs] [Times: user=0.00 sys=0.00, real=0.00 secs] 
188.532: [GC (Allocation Failure) [PSYoungGen: 146227K->5120K(166912K)] 408371K->308224K(2073600K), 0.0033672 secs] [Times: user=0.00 sys=0.00, real=0.00 secs] 
189.951: [GC (Allocation Failure) [PSYoungGen: 120627K->5120K(166912K)] 423731K->328704K(2073600K), 0.0030045 secs] [Times: user=0.00 sys=0.00, real=0.00 secs] 
191.369: [GC (Allocation Failure) [PSYoungGen: 130860K->10240K(166912K)] 556844K->456704K(2073600K), 0.0028241 secs] [Times: user=0.00 sys=0.00, real=0.00 secs] 
194.097: [GC (Allocation Failure) [PSYoungGen: 148270K->21536K(166912K)] 697135K->570400K(2073600K), 0.0030393 secs] [Times: user=0.00 sys=0.00, real=0.00 secs] 
195.516: [GC (Allocation Failure) [PSYoungGen: 147280K->21536K(166912K)] 798544K->688160K(2073600K), 0.0032576 secs] [Times: user=0.00 sys=0.00, real=0.00 secs] 
197.042: [GC (Allocation Failure) [PSYoungGen: 137041K->20512K(166912K)] 906065K->810016K(2073600K), 0.0056056 secs] [Times: user=0.00 sys=0.00, real=0.01 secs] 
198.465: [GC (Allocation Failure) [PSYoungGen: 146258K->5152K(166912K)] 1038162K->938016K(2073600K), 0.0043920 secs] [Times: user=0.00 sys=0.00, real=0.00 secs] 
199.887: [GC (Allocation Failure) [PSYoungGen: 130898K->10272K(166912K)] 1166162K->1117216K(2073600K), 0.0078271 secs] [Times: user=0.00 sys=0.00, real=0.01 secs] 
201.321: [GC (Allocation Failure) [PSYoungGen: 120658K->5152K(166912K)] 1330003K->1234976K(2073600K), 0.0043952 secs] [Times: user=0.00 sys=0.00, real=0.00 secs] 
202.740: [GC (Allocation Failure) [PSYoungGen: 130899K->11296K(166912K)] 1463123K->1364000K(2073600K), 0.0051411 secs] [Times: user=0.01 sys=0.00, real=0.00 secs] 
205.358: [GC (Allocation Failure) [PSYoungGen: 148307K->15392K(166912K)] 1603411K->1470496K(2073600K), 0.0040975 secs] [Times: user=0.00 sys=0.00, real=0.00 secs] 
206.883: [GC (Allocation Failure) [PSYoungGen: 151379K->20512K(166912K)] 1708883K->1588256K(2073600K), 0.0051869 secs] [Times: user=0.02 sys=0.00, real=0.01 secs] 
208.412: [GC (Allocation Failure) [PSYoungGen: 130899K->20512K(166912K)] 1801043K->1690656K(2073600K), 0.0067689 secs] [Times: user=0.00 sys=0.00, real=0.01 secs] 
209.828: [GC (Allocation Failure) [PSYoungGen: 146259K->5152K(166912K)] 1918803K->1849376K(2073600K), 0.0084270 secs] [Times: user=0.00 sys=0.00, real=0.01 secs] 
209.837: [Full GC (Ergonomics) [PSYoungGen: 5152K->0K(166912K)] [ParOldGen: 1844224K->77329K(1906688K)] 1849376K->77329K(2073600K), [Metaspace: 2796K->2796K(1056768K)], 0.0089562 secs] [Times: user=0.00 sys=0.00, real=0.01 secs] 
211.266: [GC (Allocation Failure) [PSYoungGen: 125747K->5120K(166912K)] 305477K->205329K(2073600K), 0.0020417 secs] [Times: user=0.00 sys=0.00, real=0.00 secs] 
212.683: [GC (Allocation Failure) [PSYoungGen: 110387K->20480K(166912K)] 412997K->328209K(2073600K), 0.0025942 secs] [Times: user=0.00 sys=0.00, real=0.00 secs] 
214.101: [GC (Allocation Failure) [PSYoungGen: 146227K->21504K(166912K)] 556357K->441873K(2073600K), 0.0026940 secs] [Times: user=0.00 sys=0.00, real=0.00 secs] 
216.614: [GC (Allocation Failure) [PSYoungGen: 157491K->10240K(166912K)] 680261K->533009K(2073600K), 0.0016061 secs] [Times: user=0.00 sys=0.00, real=0.00 secs] 
218.142: [GC (Allocation Failure) [PSYoungGen: 146227K->20480K(166912K)] 771397K->666129K(2073600K), 0.0036205 secs] [Times: user=0.00 sys=0.00, real=0.00 secs] 
Heap
 PSYoungGen      total 166912K, used 128614K [0x00000000f4600000, 0x0000000100000000, 0x0000000100000000)
  eden space 143360K, 75% used [0x00000000f4600000,0x00000000faf99b78,0x00000000fd200000)
  from space 23552K, 86% used [0x00000000fe900000,0x00000000ffd00030,0x0000000100000000)
  to   space 23552K, 0% used [0x00000000fd200000,0x00000000fd200000,0x00000000fe900000)
 ParOldGen       total 1906688K, used 748049K [0x0000000080000000, 0x00000000f4600000, 0x00000000f4600000)
  object space 1906688K, 39% used [0x0000000080000000,0x00000000ada847b0,0x00000000f4600000)
 Metaspace       used 2804K, capacity 4486K, committed 4864K, reserved 1056768K
  class space    used 297K, capacity 386K, committed 512K, reserved 1048576K
