Java HotSpot(TM) 64-Bit Server VM (25.411-b09) for windows-amd64 JRE (1.8.0_411-b09), built on Mar 13 2024 07:26:13 by "java_re" with MS VC++ 17.1 (VS2022)
Memory: 4k page, physical 33403376k(14540524k free), swap 37153868k(7537872k free)
CommandLine flags: -XX:InitialHeapSize=536870912 -XX:MaxHeapSize=536870912 -XX:NewRatio=2 -XX:ParallelGCThreads=6 -XX:+PrintGC -XX:+PrintGCDetails -XX:+PrintGCTimeStamps -XX:SurvivorRatio=5 -XX:-UseAdaptiveSizePolicy -XX:+UseCompressedClassPointers -XX:+UseCompressedOops -XX:-UseLargePagesIndividualAllocation -XX:+UseParallelGC 
1.262: [GC (Allocation Failure) [PSYoungGen: 77721K->21176K(150016K)] 77721K->26304K(499712K), 0.0152255 secs] [Times: user=0.00 sys=0.00, real=0.01 secs] 
2.732: [GC (Allocation Failure) [PSYoungGen: 146484K->22168K(150016K)] 254012K->134816K(499712K), 0.0157757 secs] [Times: user=0.00 sys=0.00, real=0.01 secs] 
5.179: [GC (Allocation Failure) [PSYoungGen: 143408K->10944K(150016K)] 358456K->225992K(499712K), 0.0014449 secs] [Times: user=0.00 sys=0.00, real=0.00 secs] 
6.627: [GC (Allocation Failure) [PSYoungGen: 136298K->15992K(150016K)] 453747K->343680K(499712K), 0.0040509 secs] [Times: user=0.00 sys=0.02, real=0.00 secs] 
6.631: [Full GC (Ergonomics) [PSYoungGen: 15992K->0K(150016K)] [ParOldGen: 327688K->26128K(349696K)] 343680K->26128K(499712K), [Metaspace: 2753K->2753K(1056768K)], 0.0070901 secs] [Times: user=0.00 sys=0.00, real=0.01 secs] 
8.396: [GC (Allocation Failure) [PSYoungGen: 116381K->5152K(150016K)] 244910K->133688K(499712K), 0.0007411 secs] [Times: user=0.00 sys=0.00, real=0.00 secs] 
9.817: [GC (Allocation Failure) [PSYoungGen: 130526K->15392K(150016K)] 361463K->297528K(499712K), 0.0050295 secs] [Times: user=0.00 sys=0.00, real=0.01 secs] 
10.034: [GC (Allocation Failure) [PSYoungGen: 89571K->5152K(150016K)] 371708K->338488K(499712K), 0.0060681 secs] [Times: user=0.00 sys=0.00, real=0.00 secs] 
10.040: [Full GC (Ergonomics) [PSYoungGen: 5152K->0K(150016K)] [ParOldGen: 333336K->108048K(349696K)] 338488K->108048K(499712K), [Metaspace: 2761K->2761K(1056768K)], 0.0092872 secs] [Times: user=0.00 sys=0.00, real=0.01 secs] 
10.814: [GC (Allocation Failure) [PSYoungGen: 125377K->5120K(150016K)] 233426K->215568K(499712K), 0.0157155 secs] [Times: user=0.02 sys=0.00, real=0.01 secs] 
12.577: [Full GC (Ergonomics) [PSYoungGen: 130484K->0K(150016K)] [ParOldGen: 312848K->15888K(349696K)] 443333K->15888K(499712K), [Metaspace: 2762K->2762K(1056768K)], 0.0037279 secs] [Times: user=0.00 sys=0.00, real=0.00 secs] 
13.892: [GC (Allocation Failure) [PSYoungGen: 115948K->6176K(150016K)] 234237K->124472K(499712K), 0.0006899 secs] [Times: user=0.00 sys=0.00, real=0.00 secs] 
15.307: [GC (Allocation Failure) [PSYoungGen: 131554K->21536K(150016K)] 352251K->242232K(499712K), 0.0019955 secs] [Times: user=0.00 sys=0.00, real=0.00 secs] 
17.056: [GC (Allocation Failure) [PSYoungGen: 116198K->20512K(150016K)] 336895K->266808K(499712K), 0.0025356 secs] [Times: user=0.00 sys=0.00, real=0.00 secs] 
18.473: [Full GC (Ergonomics) [PSYoungGen: 145892K->0K(150016K)] [ParOldGen: 348696K->51729K(349696K)] 494589K->51729K(499712K), [Metaspace: 2770K->2770K(1056768K)], 0.0051589 secs] [Times: user=0.00 sys=0.00, real=0.00 secs] 
20.111: [GC (Allocation Failure) [PSYoungGen: 125383K->0K(150016K)] 381912K->256529K(499712K), 0.0008144 secs] [Times: user=0.00 sys=0.00, real=0.00 secs] 
21.311: [GC (Allocation Failure) [PSYoungGen: 75209K->20480K(150016K)] 331738K->282129K(499712K), 0.0021204 secs] [Times: user=0.00 sys=0.00, real=0.00 secs] 
21.419: [GC (Allocation Failure) [PSYoungGen: 74181K->0K(150016K)] 335830K->312849K(499712K), 0.0042214 secs] [Times: user=0.00 sys=0.00, real=0.00 secs] 
21.423: [Full GC (Ergonomics) [PSYoungGen: 0K->0K(150016K)] [ParOldGen: 312849K->159249K(349696K)] 312849K->159249K(499712K), [Metaspace: 2779K->2779K(1056768K)], 0.0115280 secs] [Times: user=0.00 sys=0.00, real=0.01 secs] 
22.199: [GC (Allocation Failure) [PSYoungGen: 125381K->6144K(150016K)] 284630K->165393K(499712K), 0.0007914 secs] [Times: user=0.00 sys=0.00, real=0.00 secs] 
23.953: [Full GC (Ergonomics) [PSYoungGen: 126390K->0K(150016K)] [ParOldGen: 261649K->11264K(349696K)] 388039K->11264K(499712K), [Metaspace: 2779K->2779K(1056768K)], 0.0021719 secs] [Times: user=0.00 sys=0.00, real=0.00 secs] 
25.369: [GC (Allocation Failure) [PSYoungGen: 125374K->15360K(150016K)] 239038K->129024K(499712K), 0.0013405 secs] [Times: user=0.00 sys=0.00, real=0.00 secs] 
26.784: [GC (Allocation Failure) [PSYoungGen: 140739K->20480K(150016K)] 356803K->246784K(499712K), 0.0023040 secs] [Times: user=0.00 sys=0.00, real=0.00 secs] 
28.428: [GC (Allocation Failure) [PSYoungGen: 120262K->5120K(150016K)] 346566K->251904K(499712K), 0.0025060 secs] [Times: user=0.00 sys=0.00, real=0.00 secs] 
29.850: [Full GC (Ergonomics) [PSYoungGen: 130501K->0K(150016K)] [ParOldGen: 349184K->82944K(349696K)] 479685K->82944K(499712K), [Metaspace: 2793K->2793K(1056768K)], 0.0069329 secs] [Times: user=0.00 sys=0.00, real=0.01 secs] 
32.489: [Full GC (Ergonomics) [PSYoungGen: 122311K->0K(150016K)] [ParOldGen: 287744K->17408K(349696K)] 410055K->17408K(499712K), [Metaspace: 2793K->2793K(1056768K)], 0.0026751 secs] [Times: user=0.00 sys=0.00, real=0.00 secs] 
33.908: [GC (Allocation Failure) [PSYoungGen: 125385K->21504K(150016K)] 245193K->141312K(499712K), 0.0013947 secs] [Times: user=0.00 sys=0.00, real=0.00 secs] 
35.437: [GC (Allocation Failure) [PSYoungGen: 131530K->20480K(150016K)] 353738K->242688K(499712K), 0.0014610 secs] [Times: user=0.00 sys=0.00, real=0.00 secs] 
36.852: [Full GC (Ergonomics) [PSYoungGen: 145867K->0K(150016K)] [ParOldGen: 324608K->26624K(349696K)] 470475K->26624K(499712K), [Metaspace: 2793K->2793K(1056768K)], 0.0035357 secs] [Times: user=0.00 sys=0.00, real=0.00 secs] 
38.271: [GC (Allocation Failure) [PSYoungGen: 125388K->20480K(150016K)] 254412K->164864K(499712K), 0.0027110 secs] [Times: user=0.00 sys=0.00, real=0.00 secs] 
39.693: [GC (Allocation Failure) [PSYoungGen: 135628K->15360K(150016K)] 280012K->159744K(499712K), 0.0016542 secs] [Times: user=0.00 sys=0.00, real=0.00 secs] 
41.112: [GC (Allocation Failure) [PSYoungGen: 140745K->20480K(150016K)] 387529K->267264K(499712K), 0.0019072 secs] [Times: user=0.00 sys=0.00, real=0.00 secs] 
43.401: [Full GC (Ergonomics) [PSYoungGen: 143324K->0K(150016K)] [ParOldGen: 349184K->7168K(349696K)] 492508K->7168K(499712K), [Metaspace: 2795K->2795K(1056768K)], 0.0023617 secs] [Times: user=0.00 sys=0.00, real=0.00 secs] 
44.822: [GC (Allocation Failure) [PSYoungGen: 125387K->20480K(150016K)] 234955K->130048K(499712K), 0.0017420 secs] [Times: user=0.00 sys=0.00, real=0.00 secs] 
46.676: [GC (Allocation Failure) [PSYoungGen: 140747K->5120K(150016K)] 352716K->217088K(499712K), 0.0009539 secs] [Times: user=0.00 sys=0.00, real=0.00 secs] 
48.095: [Full GC (Ergonomics) [PSYoungGen: 130508K->0K(150016K)] [ParOldGen: 314368K->36864K(349696K)] 444876K->36864K(499712K), [Metaspace: 2795K->2795K(1056768K)], 0.0040702 secs] [Times: user=0.00 sys=0.00, real=0.00 secs] 
49.511: [GC (Allocation Failure) [PSYoungGen: 125388K->15360K(150016K)] 264652K->205824K(499712K), 0.0050185 secs] [Times: user=0.00 sys=0.00, real=0.00 secs] 
51.038: [Full GC (Ergonomics) [PSYoungGen: 135628K->0K(150016K)] [ParOldGen: 292864K->16384K(349696K)] 428493K->16384K(499712K), [Metaspace: 2795K->2795K(1056768K)], 0.0028629 secs] [Times: user=0.00 sys=0.00, real=0.00 secs] 
52.463: [GC (Allocation Failure) [PSYoungGen: 125388K->16384K(150016K)] 244173K->135168K(499712K), 0.0015751 secs] [Times: user=0.00 sys=0.00, real=0.00 secs] 
54.536: [GC (Allocation Failure) [PSYoungGen: 137676K->10240K(150016K)] 358861K->231424K(499712K), 0.0011957 secs] [Times: user=0.00 sys=0.00, real=0.00 secs] 
55.955: [Full GC (Ergonomics) [PSYoungGen: 135628K->0K(150016K)] [ParOldGen: 323584K->21504K(349696K)] 459213K->21504K(499712K), [Metaspace: 2795K->2795K(1056768K)], 0.0033156 secs] [Times: user=0.00 sys=0.00, real=0.00 secs] 
57.372: [GC (Allocation Failure) [PSYoungGen: 125388K->10240K(150016K)] 249293K->154624K(499712K), 0.0025332 secs] [Times: user=0.00 sys=0.00, real=0.00 secs] 
59.447: [GC (Allocation Failure) [PSYoungGen: 135628K->15360K(150016K)] 382413K->313344K(499712K), 0.0049623 secs] [Times: user=0.00 sys=0.00, real=0.01 secs] 
59.452: [Full GC (Ergonomics) [PSYoungGen: 15360K->0K(150016K)] [ParOldGen: 297984K->67089K(349696K)] 313344K->67089K(499712K), [Metaspace: 2796K->2796K(1056768K)], 0.0059879 secs] [Times: user=0.00 sys=0.00, real=0.01 secs] 
60.879: [GC (Allocation Failure) [PSYoungGen: 125388K->15360K(150016K)] 294878K->184849K(499712K), 0.0014480 secs] [Times: user=0.00 sys=0.00, real=0.00 secs] 
62.408: [GC (Allocation Failure) [PSYoungGen: 130508K->15360K(150016K)] 402398K->287249K(499712K), 0.0014427 secs] [Times: user=0.00 sys=0.00, real=0.00 secs] 
62.627: [GC (Allocation Failure) [PSYoungGen: 89548K->5120K(150016K)] 361438K->328209K(499712K), 0.0049252 secs] [Times: user=0.01 sys=0.00, real=0.00 secs] 
62.632: [Full GC (Ergonomics) [PSYoungGen: 5120K->0K(150016K)] [ParOldGen: 323089K->56849K(349696K)] 328209K->56849K(499712K), [Metaspace: 2796K->2796K(1056768K)], 0.0052519 secs] [Times: user=0.00 sys=0.00, real=0.01 secs] 
63.404: [GC (Allocation Failure) [PSYoungGen: 125371K->6144K(150016K)] 182220K->62993K(499712K), 0.0007298 secs] [Times: user=0.00 sys=0.00, real=0.00 secs] 
64.822: [GC (Allocation Failure) [PSYoungGen: 131504K->21504K(150016K)] 290753K->180753K(499712K), 0.0017949 secs] [Times: user=0.00 sys=0.00, real=0.00 secs] 
66.786: [GC (Allocation Failure) [PSYoungGen: 126394K->5120K(150016K)] 285643K->205329K(499712K), 0.0027539 secs] [Times: user=0.00 sys=0.00, real=0.00 secs] 
68.207: [Full GC (Ergonomics) [PSYoungGen: 130493K->0K(150016K)] [ParOldGen: 302609K->51729K(349696K)] 433102K->51729K(499712K), [Metaspace: 2796K->2796K(1056768K)], 0.0054042 secs] [Times: user=0.02 sys=0.00, real=0.01 secs] 
69.848: [GC (Allocation Failure) [PSYoungGen: 125378K->0K(150016K)] 381908K->256529K(499712K), 0.0007752 secs] [Times: user=0.00 sys=0.00, real=0.00 secs] 
71.050: [GC (Allocation Failure) [PSYoungGen: 75206K->20480K(150016K)] 331735K->282129K(499712K), 0.0022502 secs] [Times: user=0.01 sys=0.00, real=0.00 secs] 
71.159: [GC (Allocation Failure) [PSYoungGen: 74179K->0K(150016K)] 335828K->312849K(499712K), 0.0044548 secs] [Times: user=0.02 sys=0.00, real=0.00 secs] 
71.163: [Full GC (Ergonomics) [PSYoungGen: 0K->0K(150016K)] [ParOldGen: 312849K->159249K(349696K)] 312849K->159249K(499712K), [Metaspace: 2796K->2796K(1056768K)], 0.0119183 secs] [Times: user=0.00 sys=0.00, real=0.01 secs] 
71.938: [GC (Allocation Failure) [PSYoungGen: 125379K->6144K(150016K)] 284628K->165393K(499712K), 0.0009430 secs] [Times: user=0.00 sys=0.00, real=0.00 secs] 
73.681: [GC (Allocation Failure) [PSYoungGen: 126389K->20480K(150016K)] 388038K->282129K(499712K), 0.0014435 secs] [Times: user=0.00 sys=0.00, real=0.00 secs] 
74.008: [GC (Allocation Failure) [PSYoungGen: 104893K->10240K(150016K)] 366542K->323089K(499712K), 0.0045472 secs] [Times: user=0.00 sys=0.00, real=0.00 secs] 
74.012: [Full GC (Ergonomics) [PSYoungGen: 10240K->0K(150016K)] [ParOldGen: 312849K->61969K(349696K)] 323089K->61969K(499712K), [Metaspace: 2796K->2796K(1056768K)], 0.0055786 secs] [Times: user=0.00 sys=0.00, real=0.01 secs] 
74.791: [GC (Allocation Failure) [PSYoungGen: 125374K->10240K(150016K)] 187343K->72209K(499712K), 0.0010269 secs] [Times: user=0.00 sys=0.00, real=0.00 secs] 
76.211: [GC (Allocation Failure) [PSYoungGen: 135602K->20480K(150016K)] 299971K->189969K(499712K), 0.0019549 secs] [Times: user=0.00 sys=0.00, real=0.00 secs] 
78.175: [GC (Allocation Failure) [PSYoungGen: 140731K->5120K(150016K)] 310220K->195089K(499712K), 0.0023285 secs] [Times: user=0.02 sys=0.00, real=0.00 secs] 
79.595: [Full GC (Ergonomics) [PSYoungGen: 130494K->0K(150016K)] [ParOldGen: 292369K->82944K(349696K)] 422863K->82944K(499712K), [Metaspace: 2796K->2796K(1056768K)], 0.0068808 secs] [Times: user=0.00 sys=0.00, real=0.01 secs] 
82.229: [Full GC (Ergonomics) [PSYoungGen: 122307K->0K(150016K)] [ParOldGen: 287744K->17408K(349696K)] 410051K->17408K(499712K), [Metaspace: 2796K->2796K(1056768K)], 0.0030943 secs] [Times: user=0.00 sys=0.00, real=0.00 secs] 
83.646: [GC (Allocation Failure) [PSYoungGen: 125382K->21504K(150016K)] 245190K->141312K(499712K), 0.0016338 secs] [Times: user=0.00 sys=0.00, real=0.00 secs] 
85.174: [GC (Allocation Failure) [PSYoungGen: 131528K->20480K(150016K)] 353737K->242688K(499712K), 0.0018905 secs] [Times: user=0.00 sys=0.00, real=0.00 secs] 
86.590: [Full GC (Ergonomics) [PSYoungGen: 145866K->0K(150016K)] [ParOldGen: 324608K->26624K(349696K)] 470474K->26624K(499712K), [Metaspace: 2796K->2796K(1056768K)], 0.0034678 secs] [Times: user=0.00 sys=0.00, real=0.00 secs] 
88.003: [GC (Allocation Failure) [PSYoungGen: 125387K->20480K(150016K)] 254411K->164864K(499712K), 0.0025457 secs] [Times: user=0.00 sys=0.00, real=0.00 secs] 
89.421: [GC (Allocation Failure) [PSYoungGen: 135627K->15360K(150016K)] 280011K->159744K(499712K), 0.0016051 secs] [Times: user=0.00 sys=0.00, real=0.00 secs] 
90.841: [GC (Allocation Failure) [PSYoungGen: 140744K->20480K(150016K)] 387528K->267264K(499712K), 0.0018419 secs] [Times: user=0.00 sys=0.00, real=0.00 secs] 
93.131: [Full GC (Ergonomics) [PSYoungGen: 142794K->0K(150016K)] [ParOldGen: 349184K->7168K(349696K)] 491978K->7168K(499712K), [Metaspace: 2796K->2796K(1056768K)], 0.0022916 secs] [Times: user=0.00 sys=0.00, real=0.00 secs] 
94.552: [GC (Allocation Failure) [PSYoungGen: 125387K->20480K(150016K)] 234955K->130048K(499712K), 0.0018241 secs] [Times: user=0.00 sys=0.00, real=0.00 secs] 
96.408: [GC (Allocation Failure) [PSYoungGen: 140747K->5120K(150016K)] 352715K->217088K(499712K), 0.0009492 secs] [Times: user=0.00 sys=0.00, real=0.00 secs] 
97.825: [Full GC (Ergonomics) [PSYoungGen: 130508K->0K(150016K)] [ParOldGen: 314368K->36864K(349696K)] 444876K->36864K(499712K), [Metaspace: 2796K->2796K(1056768K)], 0.0041101 secs] [Times: user=0.00 sys=0.00, real=0.00 secs] 
99.243: [GC (Allocation Failure) [PSYoungGen: 125388K->15360K(150016K)] 264652K->205824K(499712K), 0.0051958 secs] [Times: user=0.00 sys=0.00, real=0.00 secs] 
100.772: [Full GC (Ergonomics) [PSYoungGen: 135628K->0K(150016K)] [ParOldGen: 292864K->15889K(349696K)] 428492K->15889K(499712K), [Metaspace: 2796K->2796K(1056768K)], 0.0030472 secs] [Times: user=0.00 sys=0.00, real=0.00 secs] 
102.191: [GC (Allocation Failure) [PSYoungGen: 125388K->16384K(150016K)] 243678K->134673K(499712K), 0.0014654 secs] [Times: user=0.01 sys=0.00, real=0.00 secs] 
104.269: [GC (Allocation Failure) [PSYoungGen: 137676K->10240K(150016K)] 358366K->230929K(499712K), 0.0010381 secs] [Times: user=0.00 sys=0.00, real=0.00 secs] 
105.686: [Full GC (Ergonomics) [PSYoungGen: 135628K->0K(150016K)] [ParOldGen: 323089K->21504K(349696K)] 458718K->21504K(499712K), [Metaspace: 2796K->2796K(1056768K)], 0.0032924 secs] [Times: user=0.00 sys=0.00, real=0.00 secs] 
107.100: [GC (Allocation Failure) [PSYoungGen: 125388K->10240K(150016K)] 249292K->154624K(499712K), 0.0025498 secs] [Times: user=0.00 sys=0.00, real=0.00 secs] 
109.171: [GC (Allocation Failure) [PSYoungGen: 135628K->15360K(150016K)] 382413K->313344K(499712K), 0.0051927 secs] [Times: user=0.00 sys=0.00, real=0.01 secs] 
109.176: [Full GC (Ergonomics) [PSYoungGen: 15360K->0K(150016K)] [ParOldGen: 297984K->67089K(349696K)] 313344K->67089K(499712K), [Metaspace: 2796K->2796K(1056768K)], 0.0061006 secs] [Times: user=0.00 sys=0.00, real=0.01 secs] 
110.605: [GC (Allocation Failure) [PSYoungGen: 125388K->15360K(150016K)] 294878K->184849K(499712K), 0.0015536 secs] [Times: user=0.00 sys=0.00, real=0.00 secs] 
112.140: [GC (Allocation Failure) [PSYoungGen: 130508K->15360K(150016K)] 402398K->287249K(499712K), 0.0014940 secs] [Times: user=0.00 sys=0.00, real=0.00 secs] 
112.358: [GC (Allocation Failure) [PSYoungGen: 89548K->5120K(150016K)] 361438K->328209K(499712K), 0.0045735 secs] [Times: user=0.00 sys=0.00, real=0.00 secs] 
112.362: [Full GC (Ergonomics) [PSYoungGen: 5120K->0K(150016K)] [ParOldGen: 323089K->56849K(349696K)] 328209K->56849K(499712K), [Metaspace: 2796K->2796K(1056768K)], 0.0053300 secs] [Times: user=0.00 sys=0.00, real=0.01 secs] 
113.138: [GC (Allocation Failure) [PSYoungGen: 125371K->6144K(150016K)] 182220K->62993K(499712K), 0.0008196 secs] [Times: user=0.00 sys=0.00, real=0.00 secs] 
114.560: [GC (Allocation Failure) [PSYoungGen: 131504K->21504K(150016K)] 290753K->180753K(499712K), 0.0020624 secs] [Times: user=0.00 sys=0.00, real=0.00 secs] 
116.523: [GC (Allocation Failure) [PSYoungGen: 126394K->20480K(150016K)] 285643K->205329K(499712K), 0.0026201 secs] [Times: user=0.00 sys=0.00, real=0.00 secs] 
117.938: [Full GC (Ergonomics) [PSYoungGen: 145853K->0K(150016K)] [ParOldGen: 287249K->51729K(349696K)] 433102K->51729K(499712K), [Metaspace: 2796K->2796K(1056768K)], 0.0052379 secs] [Times: user=0.00 sys=0.00, real=0.00 secs] 
119.572: [GC (Allocation Failure) [PSYoungGen: 125378K->0K(150016K)] 381908K->256529K(499712K), 0.0008104 secs] [Times: user=0.00 sys=0.00, real=0.00 secs] 
120.774: [GC (Allocation Failure) [PSYoungGen: 75206K->5120K(150016K)] 331735K->282129K(499712K), 0.0021925 secs] [Times: user=0.00 sys=0.00, real=0.00 secs] 
120.885: [GC (Allocation Failure) [PSYoungGen: 58819K->5120K(150016K)] 335828K->333329K(499712K), 0.0045443 secs] [Times: user=0.00 sys=0.00, real=0.00 secs] 
120.890: [Full GC (Ergonomics) [PSYoungGen: 5120K->0K(150016K)] [ParOldGen: 328209K->159249K(349696K)] 333329K->159249K(499712K), [Metaspace: 2796K->2796K(1056768K)], 0.0118927 secs] [Times: user=0.00 sys=0.00, real=0.01 secs] 
121.668: [GC (Allocation Failure) [PSYoungGen: 125379K->6144K(150016K)] 284628K->165393K(499712K), 0.0009436 secs] [Times: user=0.00 sys=0.00, real=0.00 secs] 
123.423: [GC (Allocation Failure) [PSYoungGen: 126389K->20480K(150016K)] 388038K->282129K(499712K), 0.0016642 secs] [Times: user=0.00 sys=0.00, real=0.00 secs] 
123.752: [GC (Allocation Failure) [PSYoungGen: 104893K->10240K(150016K)] 366542K->323089K(499712K), 0.0047443 secs] [Times: user=0.00 sys=0.00, real=0.00 secs] 
123.757: [Full GC (Ergonomics) [PSYoungGen: 10240K->0K(150016K)] [ParOldGen: 312849K->61969K(349696K)] 323089K->61969K(499712K), [Metaspace: 2796K->2796K(1056768K)], 0.0054803 secs] [Times: user=0.00 sys=0.00, real=0.01 secs] 
124.529: [GC (Allocation Failure) [PSYoungGen: 125374K->10240K(150016K)] 187343K->72209K(499712K), 0.0009917 secs] [Times: user=0.00 sys=0.00, real=0.00 secs] 
125.949: [GC (Allocation Failure) [PSYoungGen: 135602K->20480K(150016K)] 299971K->189969K(499712K), 0.0018824 secs] [Times: user=0.00 sys=0.00, real=0.00 secs] 
127.914: [GC (Allocation Failure) [PSYoungGen: 140731K->20480K(150016K)] 310220K->195089K(499712K), 0.0024639 secs] [Times: user=0.00 sys=0.00, real=0.00 secs] 
129.333: [Full GC (Ergonomics) [PSYoungGen: 145854K->0K(150016K)] [ParOldGen: 277009K->82449K(349696K)] 422863K->82449K(499712K), [Metaspace: 2796K->2796K(1056768K)], 0.0069712 secs] [Times: user=0.00 sys=0.00, real=0.01 secs] 
131.950: [Full GC (Ergonomics) [PSYoungGen: 122307K->0K(150016K)] [ParOldGen: 287249K->17408K(349696K)] 409556K->17408K(499712K), [Metaspace: 2796K->2796K(1056768K)], 0.0027620 secs] [Times: user=0.00 sys=0.00, real=0.00 secs] 
133.372: [GC (Allocation Failure) [PSYoungGen: 125382K->21504K(150016K)] 245190K->141312K(499712K), 0.0015044 secs] [Times: user=0.00 sys=0.00, real=0.00 secs] 
134.899: [GC (Allocation Failure) [PSYoungGen: 131528K->20480K(150016K)] 353737K->242688K(499712K), 0.0014044 secs] [Times: user=0.00 sys=0.00, real=0.00 secs] 
136.320: [Full GC (Ergonomics) [PSYoungGen: 145866K->0K(150016K)] [ParOldGen: 324608K->26624K(349696K)] 470474K->26624K(499712K), [Metaspace: 2796K->2796K(1056768K)], 0.0034336 secs] [Times: user=0.00 sys=0.00, real=0.00 secs] 
137.738: [GC (Allocation Failure) [PSYoungGen: 125387K->20480K(150016K)] 254411K->164864K(499712K), 0.0026235 secs] [Times: user=0.00 sys=0.00, real=0.00 secs] 
139.157: [GC (Allocation Failure) [PSYoungGen: 135627K->15360K(150016K)] 280011K->159744K(499712K), 0.0015018 secs] [Times: user=0.00 sys=0.00, real=0.00 secs] 
140.575: [GC (Allocation Failure) [PSYoungGen: 140744K->20480K(150016K)] 387528K->267264K(499712K), 0.0018640 secs] [Times: user=0.00 sys=0.00, real=0.00 secs] 
142.878: [Full GC (Ergonomics) [PSYoungGen: 142794K->0K(150016K)] [ParOldGen: 349184K->7168K(349696K)] 491978K->7168K(499712K), [Metaspace: 2796K->2796K(1056768K)], 0.0025664 secs] [Times: user=0.00 sys=0.00, real=0.00 secs] 
144.297: [GC (Allocation Failure) [PSYoungGen: 125387K->20480K(150016K)] 234955K->130048K(499712K), 0.0017084 secs] [Times: user=0.00 sys=0.00, real=0.00 secs] 
146.155: [GC (Allocation Failure) [PSYoungGen: 140747K->5120K(150016K)] 352715K->217088K(499712K), 0.0008042 secs] [Times: user=0.00 sys=0.00, real=0.00 secs] 
147.573: [Full GC (Ergonomics) [PSYoungGen: 130508K->0K(150016K)] [ParOldGen: 314368K->36864K(349696K)] 444876K->36864K(499712K), [Metaspace: 2796K->2796K(1056768K)], 0.0041570 secs] [Times: user=0.00 sys=0.00, real=0.00 secs] 
148.991: [GC (Allocation Failure) [PSYoungGen: 125388K->15360K(150016K)] 264652K->205824K(499712K), 0.0049124 secs] [Times: user=0.00 sys=0.00, real=0.00 secs] 
150.520: [Full GC (Ergonomics) [PSYoungGen: 135628K->0K(150016K)] [ParOldGen: 292864K->16384K(349696K)] 428492K->16384K(499712K), [Metaspace: 2796K->2796K(1056768K)], 0.0030569 secs] [Times: user=0.00 sys=0.00, real=0.00 secs] 
151.939: [GC (Allocation Failure) [PSYoungGen: 125388K->16384K(150016K)] 244172K->135168K(499712K), 0.0013957 secs] [Times: user=0.00 sys=0.00, real=0.00 secs] 
154.014: [GC (Allocation Failure) [PSYoungGen: 137676K->10240K(150016K)] 358860K->231424K(499712K), 0.0010709 secs] [Times: user=0.00 sys=0.00, real=0.00 secs] 
155.434: [Full GC (Ergonomics) [PSYoungGen: 135628K->0K(150016K)] [ParOldGen: 323584K->21504K(349696K)] 459212K->21504K(499712K), [Metaspace: 2796K->2796K(1056768K)], 0.0034752 secs] [Times: user=0.00 sys=0.00, real=0.00 secs] 
156.852: [GC (Allocation Failure) [PSYoungGen: 125388K->10240K(150016K)] 249292K->154624K(499712K), 0.0024065 secs] [Times: user=0.00 sys=0.00, real=0.00 secs] 
158.933: [GC (Allocation Failure) [PSYoungGen: 135628K->15360K(150016K)] 382413K->313344K(499712K), 0.0047887 secs] [Times: user=0.00 sys=0.00, real=0.00 secs] 
158.938: [Full GC (Ergonomics) [PSYoungGen: 15360K->0K(150016K)] [ParOldGen: 297984K->67089K(349696K)] 313344K->67089K(499712K), [Metaspace: 2796K->2796K(1056768K)], 0.0056848 secs] [Times: user=0.00 sys=0.00, real=0.01 secs] 
160.366: [GC (Allocation Failure) [PSYoungGen: 125388K->15360K(150016K)] 294878K->184849K(499712K), 0.0016098 secs] [Times: user=0.00 sys=0.00, real=0.00 secs] 
161.892: [GC (Allocation Failure) [PSYoungGen: 130508K->15360K(150016K)] 402398K->287249K(499712K), 0.0017033 secs] [Times: user=0.00 sys=0.00, real=0.00 secs] 
162.110: [GC (Allocation Failure) [PSYoungGen: 89548K->5120K(150016K)] 361438K->328209K(499712K), 0.0050060 secs] [Times: user=0.00 sys=0.00, real=0.00 secs] 
162.115: [Full GC (Ergonomics) [PSYoungGen: 5120K->0K(150016K)] [ParOldGen: 323089K->56849K(349696K)] 328209K->56849K(499712K), [Metaspace: 2796K->2796K(1056768K)], 0.0052992 secs] [Times: user=0.00 sys=0.00, real=0.01 secs] 
162.889: [GC (Allocation Failure) [PSYoungGen: 125371K->6144K(150016K)] 182220K->62993K(499712K), 0.0008128 secs] [Times: user=0.00 sys=0.00, real=0.00 secs] 
164.314: [GC (Allocation Failure) [PSYoungGen: 131504K->21504K(150016K)] 290753K->180753K(499712K), 0.0017340 secs] [Times: user=0.00 sys=0.00, real=0.00 secs] 
166.278: [GC (Allocation Failure) [PSYoungGen: 126394K->20480K(150016K)] 285643K->205329K(499712K), 0.0026737 secs] [Times: user=0.00 sys=0.00, real=0.00 secs] 
167.701: [Full GC (Ergonomics) [PSYoungGen: 145853K->0K(150016K)] [ParOldGen: 287249K->51729K(349696K)] 433102K->51729K(499712K), [Metaspace: 2796K->2796K(1056768K)], 0.0050584 secs] [Times: user=0.00 sys=0.00, real=0.01 secs] 
169.340: [GC (Allocation Failure) [PSYoungGen: 125378K->0K(150016K)] 381908K->256529K(499712K), 0.0007753 secs] [Times: user=0.00 sys=0.00, real=0.00 secs] 
170.539: [GC (Allocation Failure) [PSYoungGen: 75206K->5120K(150016K)] 331735K->282129K(499712K), 0.0026718 secs] [Times: user=0.00 sys=0.00, real=0.00 secs] 
170.649: [GC (Allocation Failure) [PSYoungGen: 58819K->5120K(150016K)] 335828K->333329K(499712K), 0.0046383 secs] [Times: user=0.00 sys=0.00, real=0.00 secs] 
170.654: [Full GC (Ergonomics) [PSYoungGen: 5120K->0K(150016K)] [ParOldGen: 328209K->159249K(349696K)] 333329K->159249K(499712K), [Metaspace: 2796K->2796K(1056768K)], 0.0117751 secs] [Times: user=0.00 sys=0.00, real=0.01 secs] 
171.430: [GC (Allocation Failure) [PSYoungGen: 125379K->6144K(150016K)] 284628K->165393K(499712K), 0.0010927 secs] [Times: user=0.00 sys=0.00, real=0.00 secs] 
173.177: [GC (Allocation Failure) [PSYoungGen: 126389K->20480K(150016K)] 388038K->282129K(499712K), 0.0014041 secs] [Times: user=0.00 sys=0.00, real=0.00 secs] 
173.505: [GC (Allocation Failure) [PSYoungGen: 104893K->10240K(150016K)] 366542K->323089K(499712K), 0.0046492 secs] [Times: user=0.00 sys=0.00, real=0.00 secs] 
173.510: [Full GC (Ergonomics) [PSYoungGen: 10240K->0K(150016K)] [ParOldGen: 312849K->61969K(349696K)] 323089K->61969K(499712K), [Metaspace: 2796K->2796K(1056768K)], 0.0054992 secs] [Times: user=0.00 sys=0.00, real=0.01 secs] 
174.281: [GC (Allocation Failure) [PSYoungGen: 125374K->10240K(150016K)] 187343K->72209K(499712K), 0.0014790 secs] [Times: user=0.00 sys=0.00, real=0.00 secs] 
175.707: [GC (Allocation Failure) [PSYoungGen: 135602K->20480K(150016K)] 299971K->189969K(499712K), 0.0022092 secs] [Times: user=0.00 sys=0.00, real=0.00 secs] 
177.672: [GC (Allocation Failure) [PSYoungGen: 140731K->20480K(150016K)] 310220K->195089K(499712K), 0.0022352 secs] [Times: user=0.00 sys=0.00, real=0.00 secs] 
179.089: [Full GC (Ergonomics) [PSYoungGen: 145854K->0K(150016K)] [ParOldGen: 277009K->82449K(349696K)] 422863K->82449K(499712K), [Metaspace: 2796K->2796K(1056768K)], 0.0068286 secs] [Times: user=0.00 sys=0.00, real=0.01 secs] 
181.708: [Full GC (Ergonomics) [PSYoungGen: 122307K->0K(150016K)] [ParOldGen: 287249K->17408K(349696K)] 409556K->17408K(499712K), [Metaspace: 2796K->2796K(1056768K)], 0.0032569 secs] [Times: user=0.00 sys=0.00, real=0.00 secs] 
183.132: [GC (Allocation Failure) [PSYoungGen: 125382K->21504K(150016K)] 245190K->141312K(499712K), 0.0016368 secs] [Times: user=0.00 sys=0.00, real=0.00 secs] 
184.661: [GC (Allocation Failure) [PSYoungGen: 131528K->20480K(150016K)] 353737K->242688K(499712K), 0.0013631 secs] [Times: user=0.00 sys=0.00, real=0.00 secs] 
186.082: [Full GC (Ergonomics) [PSYoungGen: 145866K->0K(150016K)] [ParOldGen: 324608K->26129K(349696K)] 470474K->26129K(499712K), [Metaspace: 2796K->2796K(1056768K)], 0.0034948 secs] [Times: user=0.00 sys=0.00, real=0.00 secs] 
187.500: [GC (Allocation Failure) [PSYoungGen: 125387K->15360K(150016K)] 253916K->164369K(499712K), 0.0027976 secs] [Times: user=0.00 sys=0.00, real=0.00 secs] 
188.921: [GC (Allocation Failure) [PSYoungGen: 130507K->15360K(150016K)] 279517K->164369K(499712K), 0.0015487 secs] [Times: user=0.00 sys=0.00, real=0.00 secs] 
190.338: [GC (Allocation Failure) [PSYoungGen: 140744K->20480K(150016K)] 392154K->271889K(499712K), 0.0018191 secs] [Times: user=0.00 sys=0.00, real=0.00 secs] 
190.557: [GC (Allocation Failure) [PSYoungGen: 94666K->10240K(150016K)] 346075K->312849K(499712K), 0.0057515 secs] [Times: user=0.00 sys=0.00, real=0.00 secs] 
190.563: [Full GC (Ergonomics) [PSYoungGen: 10240K->0K(150016K)] [ParOldGen: 302609K->164369K(349696K)] 312849K->164369K(499712K), [Metaspace: 2796K->2796K(1056768K)], 0.0148557 secs] [Times: user=0.00 sys=0.00, real=0.02 secs] 
191.352: [GC (Allocation Failure) [PSYoungGen: 125381K->6176K(150016K)] 289751K->170545K(499712K), 0.0008493 secs] [Times: user=0.00 sys=0.00, real=0.00 secs] 
193.321: [GC (Allocation Failure) [PSYoungGen: 90582K->11296K(150016K)] 254952K->196145K(499712K), 0.0028338 secs] [Times: user=0.00 sys=0.00, real=0.00 secs] 
194.741: [Full GC (Ergonomics) [PSYoungGen: 136666K->0K(150016K)] [ParOldGen: 287249K->48128K(349696K)] 423915K->48128K(499712K), [Metaspace: 2796K->2796K(1056768K)], 0.0048121 secs] [Times: user=0.00 sys=0.00, real=0.00 secs] 
196.160: [GC (Allocation Failure) [PSYoungGen: 94656K->20480K(150016K)] 245185K->191488K(499712K), 0.0025831 secs] [Times: user=0.08 sys=0.00, real=0.00 secs] 
197.577: [GC (Allocation Failure) [PSYoungGen: 145860K->20480K(150016K)] 419269K->319488K(499712K), 0.0031770 secs] [Times: user=0.00 sys=0.00, real=0.00 secs] 
197.581: [Full GC (Ergonomics) [PSYoungGen: 20480K->0K(150016K)] [ParOldGen: 299008K->46609K(349696K)] 319488K->46609K(499712K), [Metaspace: 2796K->2796K(1056768K)], 0.0043609 secs] [Times: user=0.09 sys=0.00, real=0.00 secs] 
199.008: [GC (Allocation Failure) [PSYoungGen: 125383K->20480K(150016K)] 274393K->225809K(499712K), 0.0054691 secs] [Times: user=0.00 sys=0.00, real=0.00 secs] 
200.430: [Full GC (Ergonomics) [PSYoungGen: 130505K->0K(150016K)] [ParOldGen: 307729K->26624K(349696K)] 438235K->26624K(499712K), [Metaspace: 2796K->2796K(1056768K)], 0.0039404 secs] [Times: user=0.00 sys=0.00, real=0.00 secs] 
201.853: [GC (Allocation Failure) [PSYoungGen: 125386K->21504K(150016K)] 254410K->155648K(499712K), 0.0023029 secs] [Times: user=0.00 sys=0.00, real=0.00 secs] 
204.257: [GC (Allocation Failure) [PSYoungGen: 142795K->10240K(150016K)] 379339K->246784K(499712K), 0.0011028 secs] [Times: user=0.00 sys=0.00, real=0.00 secs] 
205.678: [Full GC (Ergonomics) [PSYoungGen: 135628K->0K(150016K)] [ParOldGen: 338944K->26624K(349696K)] 474572K->26624K(499712K), [Metaspace: 2796K->2796K(1056768K)], 0.0037173 secs] [Times: user=0.00 sys=0.00, real=0.00 secs] 
207.421: [GC (Allocation Failure) [PSYoungGen: 115148K->5120K(150016K)] 244172K->134144K(499712K), 0.0007774 secs] [Times: user=0.00 sys=0.00, real=0.00 secs] 
208.840: [GC (Allocation Failure) [PSYoungGen: 130508K->15360K(150016K)] 361932K->297984K(499712K), 0.0050696 secs] [Times: user=0.00 sys=0.00, real=0.00 secs] 
208.845: [Full GC (Ergonomics) [PSYoungGen: 15360K->0K(150016K)] [ParOldGen: 282624K->67089K(349696K)] 297984K->67089K(499712K), [Metaspace: 2796K->2796K(1056768K)], 0.0059750 secs] [Times: user=0.00 sys=0.00, real=0.01 secs] 
210.275: [GC (Allocation Failure) [PSYoungGen: 125388K->15360K(150016K)] 294878K->184849K(499712K), 0.0013956 secs] [Times: user=0.00 sys=0.00, real=0.00 secs] 
211.800: [Full GC (Ergonomics) [PSYoungGen: 140748K->0K(150016K)] [ParOldGen: 271889K->26624K(349696K)] 412638K->26624K(499712K), [Metaspace: 2796K->2796K(1056768K)], 0.0035972 secs] [Times: user=0.00 sys=0.00, real=0.00 secs] 
213.221: [GC (Allocation Failure) [PSYoungGen: 125388K->21504K(150016K)] 254412K->160768K(499712K), 0.0023764 secs] [Times: user=0.00 sys=0.00, real=0.00 secs] 
215.512: [GC (Allocation Failure) [PSYoungGen: 146892K->10240K(150016K)] 388557K->251904K(499712K), 0.0010672 secs] [Times: user=0.00 sys=0.00, real=0.00 secs] 
216.929: [Full GC (Ergonomics) [PSYoungGen: 135628K->0K(150016K)] [ParOldGen: 344064K->36864K(349696K)] 479693K->36864K(499712K), [Metaspace: 2796K->2796K(1056768K)], 0.0041971 secs] [Times: user=0.00 sys=0.00, real=0.00 secs] 
Heap
 PSYoungGen      total 150016K, used 125440K [0x00000000f5580000, 0x0000000100000000, 0x0000000100000000)
  eden space 125440K, 100% used [0x00000000f5580000,0x00000000fd000000,0x00000000fd000000)
  from space 24576K, 0% used [0x00000000fd000000,0x00000000fd000000,0x00000000fe800000)
  to   space 24576K, 0% used [0x00000000fe800000,0x00000000fe800000,0x0000000100000000)
 ParOldGen       total 349696K, used 139264K [0x00000000e0000000, 0x00000000f5580000, 0x00000000f5580000)
  object space 349696K, 39% used [0x00000000e0000000,0x00000000e8800050,0x00000000f5580000)
 Metaspace       used 2804K, capacity 4486K, committed 4864K, reserved 1056768K
  class space    used 297K, capacity 386K, committed 512K, reserved 1048576K
