Java HotSpot(TM) 64-Bit Server VM (25.411-b09) for windows-amd64 JRE (1.8.0_411-b09), built on Mar 13 2024 07:26:13 by "java_re" with MS VC++ 17.1 (VS2022)
Memory: 4k page, physical 33403376k(8398848k free), swap 46101964k(2725432k free)
CommandLine flags: -XX:InitialHeapSize=2147483648 -XX:MaxHeapSize=2147483648 -XX:NewRatio=8 -XX:ParallelGCThreads=10 -XX:+PrintGC -XX:+PrintGCDetails -XX:+PrintGCTimeStamps -XX:-UseAdaptiveSizePolicy -XX:+UseCompressedClassPointers -XX:+UseCompressedOops -XX:-UseLargePagesIndividualAllocation -XX:+UseParallelGC 
2.534: [GC (Allocation Failure) [PSYoungGen: 172912K->22320K(204288K)] 275312K->124728K(2068480K), 0.0053551 secs] [Times: user=0.00 sys=0.00, real=0.01 secs] 
5.487: [GC (Allocation Failure) [PSYoungGen: 189672K->16040K(204288K)] 394480K->220856K(2068480K), 0.0043793 secs] [Times: user=0.00 sys=0.00, real=0.00 secs] 
7.152: [GC (Allocation Failure) [PSYoungGen: 174908K->26296K(204288K)] 482124K->369360K(2068480K), 0.0091143 secs] [Times: user=0.02 sys=0.00, real=0.01 secs] 
8.475: [GC (Allocation Failure) [PSYoungGen: 198768K->5784K(204288K)] 541832K->348848K(2068480K), 0.0027906 secs] [Times: user=0.00 sys=0.00, real=0.00 secs] 
10.031: [GC (Allocation Failure) [PSYoungGen: 152646K->26280K(204288K)] 598110K->522944K(2068480K), 0.0189576 secs] [Times: user=0.03 sys=0.00, real=0.02 secs] 
10.809: [GC (Allocation Failure) [PSYoungGen: 198745K->10952K(204288K)] 695409K->610016K(2068480K), 0.0354339 secs] [Times: user=0.03 sys=0.03, real=0.04 secs] 
12.938: [GC (Allocation Failure) [PSYoungGen: 174311K->26312K(204288K)] 875775K->727784K(2068480K), 0.0060127 secs] [Times: user=0.00 sys=0.00, real=0.01 secs] 
13.700: [GC (Allocation Failure) [PSYoungGen: 198774K->11928K(204288K)] 900247K->713400K(2068480K), 0.0053551 secs] [Times: user=0.00 sys=0.00, real=0.01 secs] 
16.452: [GC (Allocation Failure) [PSYoungGen: 184376K->10952K(204288K)] 988249K->814824K(2068480K), 0.0058978 secs] [Times: user=0.00 sys=0.00, real=0.01 secs] 
18.552: [GC (Allocation Failure) [PSYoungGen: 178289K->21232K(204288K)] 1084561K->947992K(2068480K), 0.0093244 secs] [Times: user=0.00 sys=0.01, real=0.01 secs] 
21.130: [GC (Allocation Failure) [PSYoungGen: 194718K->10968K(204288K)] 1326278K->1142528K(2068480K), 0.0066093 secs] [Times: user=0.02 sys=0.00, real=0.01 secs] 
23.030: [GC (Allocation Failure) [PSYoungGen: 183434K->27288K(204288K)] 1417394K->1266368K(2068480K), 0.0079089 secs] [Times: user=0.00 sys=0.00, real=0.01 secs] 
24.244: [GC (Allocation Failure) [PSYoungGen: 199756K->21144K(204288K)] 1438836K->1260224K(2068480K), 0.0067410 secs] [Times: user=0.00 sys=0.00, real=0.01 secs] 
26.002: [GC (Allocation Failure) [PSYoungGen: 178243K->26344K(204288K)] 1519723K->1388304K(2068480K), 0.0120133 secs] [Times: user=0.02 sys=0.02, real=0.01 secs] 
26.781: [GC (Allocation Failure) [PSYoungGen: 198807K->16040K(204288K)] 1560768K->1378000K(2068480K), 0.0078767 secs] [Times: user=0.00 sys=0.00, real=0.01 secs] 
28.846: [GC (Allocation Failure) [PSYoungGen: 143158K->25760K(204288K)] 1505119K->1388344K(2068480K), 0.0081558 secs] [Times: user=0.02 sys=0.00, real=0.01 secs] 
29.624: [GC (Allocation Failure) [PSYoungGen: 198200K->10400K(204288K)] 1560785K->1424200K(2068480K), 0.0622254 secs] [Times: user=0.09 sys=0.02, real=0.06 secs] 
33.155: [GC (Allocation Failure) [PSYoungGen: 178731K->11392K(204288K)] 1797331K->1630000K(2068480K), 0.0096832 secs] [Times: user=0.00 sys=0.00, real=0.01 secs] 
35.037: [GC (Allocation Failure) [PSYoungGen: 178715K->17536K(204288K)] 1899723K->1759024K(2068480K), 0.0313290 secs] [Times: user=0.08 sys=0.03, real=0.03 secs] 
36.265: [GC (Allocation Failure) [PSYoungGen: 189989K->10368K(204288K)] 1931477K->1751856K(2068480K), 0.0155526 secs] [Times: user=0.01 sys=0.00, real=0.02 secs] 
38.005: [Full GC (Ergonomics) [PSYoungGen: 167457K->0K(204288K)] [ParOldGen: 1843888K->36369K(1864192K)] 2011346K->36369K(2068480K), [Metaspace: 2793K->2793K(1056768K)], 0.0445737 secs] [Times: user=0.02 sys=0.03, real=0.05 secs] 
38.814: [GC (Allocation Failure) [PSYoungGen: 172457K->10240K(204288K)] 208827K->46609K(2068480K), 0.0012452 secs] [Times: user=0.00 sys=0.00, real=0.00 secs] 
40.882: [GC (Allocation Failure) [PSYoungGen: 182692K->25600K(204288K)] 219062K->61969K(2068480K), 0.0021644 secs] [Times: user=0.02 sys=0.00, real=0.00 secs] 
41.647: [GC (Allocation Failure) [PSYoungGen: 198049K->10240K(204288K)] 234418K->149009K(2068480K), 0.0156097 secs] [Times: user=0.02 sys=0.02, real=0.01 secs] 
44.836: [GC (Allocation Failure) [PSYoungGen: 183696K->6144K(204288K)] 424866K->247313K(2068480K), 0.0010220 secs] [Times: user=0.00 sys=0.00, real=0.00 secs] 
46.577: [GC (Allocation Failure) [PSYoungGen: 173470K->26624K(204288K)] 517040K->390673K(2068480K), 0.0038893 secs] [Times: user=0.00 sys=0.00, real=0.00 secs] 
47.774: [GC (Allocation Failure) [PSYoungGen: 193959K->5120K(204288K)] 558009K->369169K(2068480K), 0.0017370 secs] [Times: user=0.00 sys=0.00, real=0.00 secs] 
49.406: [GC (Allocation Failure) [PSYoungGen: 162210K->25600K(204288K)] 628660K->512529K(2068480K), 0.0036290 secs] [Times: user=0.00 sys=0.00, real=0.00 secs] 
50.168: [GC (Allocation Failure) [PSYoungGen: 198058K->10240K(204288K)] 684987K->548369K(2068480K), 0.0056545 secs] [Times: user=0.00 sys=0.00, real=0.00 secs] 
52.236: [GC (Allocation Failure) [PSYoungGen: 177573K->25600K(204288K)] 818102K->666129K(2068480K), 0.0029002 secs] [Times: user=0.00 sys=0.00, real=0.00 secs] 
52.998: [GC (Allocation Failure) [PSYoungGen: 198059K->11264K(204288K)] 838589K->651793K(2068480K), 0.0028588 secs] [Times: user=0.00 sys=0.00, real=0.00 secs] 
55.938: [GC (Allocation Failure) [PSYoungGen: 183703K->10240K(204288K)] 926633K->753169K(2068480K), 0.0033816 secs] [Times: user=0.00 sys=0.00, real=0.00 secs] 
57.787: [GC (Allocation Failure) [PSYoungGen: 167331K->20480K(204288K)] 1012660K->876049K(2068480K), 0.0036056 secs] [Times: user=0.01 sys=0.00, real=0.00 secs] 
59.965: [GC (Allocation Failure) [PSYoungGen: 193962K->5120K(204288K)] 1254332K->1116689K(2068480K), 0.0049017 secs] [Times: user=0.00 sys=0.00, real=0.01 secs] 
62.034: [GC (Allocation Failure) [PSYoungGen: 172463K->20480K(204288K)] 1386433K->1234449K(2068480K), 0.0050223 secs] [Times: user=0.00 sys=0.00, real=0.01 secs] 
63.559: [GC (Allocation Failure) [PSYoungGen: 146866K->25600K(204288K)] 1463236K->1341969K(2068480K), 0.0061144 secs] [Times: user=0.00 sys=0.00, real=0.01 secs] 
64.336: [GC (Allocation Failure) [PSYoungGen: 198068K->11264K(204288K)] 1514438K->1327633K(2068480K), 0.0056451 secs] [Times: user=0.02 sys=0.00, real=0.01 secs] 
67.057: [GC (Allocation Failure) [PSYoungGen: 183716K->10240K(204288K)] 1602486K->1429009K(2068480K), 0.0061053 secs] [Times: user=0.00 sys=0.00, real=0.01 secs] 
69.126: [GC (Allocation Failure) [PSYoungGen: 177579K->20480K(204288K)] 1698749K->1562129K(2068480K), 0.0071554 secs] [Times: user=0.00 sys=0.00, real=0.01 secs] 
71.628: [GC (Allocation Failure) [PSYoungGen: 193968K->10240K(204288K)] 1940417K->1756689K(2068480K), 0.0069641 secs] [Times: user=0.02 sys=0.00, real=0.01 secs] 
73.478: [Full GC (Ergonomics) [PSYoungGen: 182707K->0K(204288K)] [ParOldGen: 1848849K->134673K(1864192K)] 2031556K->134673K(2068480K), [Metaspace: 2796K->2796K(1056768K)], 0.0141913 secs] [Times: user=0.02 sys=0.00, real=0.01 secs] 
74.690: [GC (Allocation Failure) [PSYoungGen: 172468K->20480K(204288K)] 307142K->155153K(2068480K), 0.0016208 secs] [Times: user=0.00 sys=0.00, real=0.00 secs] 
76.324: [GC (Allocation Failure) [PSYoungGen: 177579K->25600K(204288K)] 414653K->283153K(2068480K), 0.0037379 secs] [Times: user=0.00 sys=0.00, real=0.00 secs] 
77.085: [GC (Allocation Failure) [PSYoungGen: 198064K->25600K(204288K)] 455617K->293393K(2068480K), 0.0031263 secs] [Times: user=0.00 sys=0.00, real=0.00 secs] 
79.153: [GC (Allocation Failure) [PSYoungGen: 151976K->25600K(204288K)] 419770K->293393K(2068480K), 0.0026084 secs] [Times: user=0.00 sys=0.00, real=0.00 secs] 
79.915: [GC (Allocation Failure) [PSYoungGen: 198048K->10240K(204288K)] 465841K->329233K(2068480K), 0.0082437 secs] [Times: user=0.00 sys=0.00, real=0.01 secs] 
83.101: [GC (Allocation Failure) [PSYoungGen: 178576K->11264K(204288K)] 702369K->535057K(2068480K), 0.0018755 secs] [Times: user=0.02 sys=0.00, real=0.00 secs] 
84.844: [GC (Allocation Failure) [PSYoungGen: 178590K->27648K(204288K)] 804783K->664081K(2068480K), 0.0032082 secs] [Times: user=0.00 sys=0.00, real=0.00 secs] 
86.040: [GC (Allocation Failure) [PSYoungGen: 200103K->10240K(204288K)] 836536K->646673K(2068480K), 0.0026218 secs] [Times: user=0.00 sys=0.00, real=0.00 secs] 
87.674: [GC (Allocation Failure) [PSYoungGen: 167331K->25600K(204288K)] 906164K->795153K(2068480K), 0.0039054 secs] [Times: user=0.00 sys=0.00, real=0.00 secs] 
88.436: [GC (Allocation Failure) [PSYoungGen: 198058K->15360K(204288K)] 967612K->784913K(2068480K), 0.0030838 secs] [Times: user=0.00 sys=0.00, real=0.00 secs] 
90.505: [GC (Allocation Failure) [PSYoungGen: 187813K->25600K(204288K)] 957366K->795153K(2068480K), 0.0029891 secs] [Times: user=0.00 sys=0.00, real=0.00 secs] 
91.267: [GC (Allocation Failure) [PSYoungGen: 198049K->10240K(204288K)] 967603K->882193K(2068480K), 0.0102542 secs] [Times: user=0.05 sys=0.00, real=0.01 secs] 
94.438: [GC (Allocation Failure) [PSYoungGen: 183696K->6144K(204288K)] 1158050K->980497K(2068480K), 0.0039238 secs] [Times: user=0.00 sys=0.00, real=0.00 secs] 
96.180: [GC (Allocation Failure) [PSYoungGen: 173470K->26624K(204288K)] 1250224K->1123857K(2068480K), 0.0051918 secs] [Times: user=0.00 sys=0.00, real=0.01 secs] 
97.377: [GC (Allocation Failure) [PSYoungGen: 193959K->5120K(204288K)] 1291193K->1102353K(2068480K), 0.0042403 secs] [Times: user=0.00 sys=0.00, real=0.00 secs] 
99.010: [GC (Allocation Failure) [PSYoungGen: 162211K->25600K(204288K)] 1361844K->1245713K(2068480K), 0.0052830 secs] [Times: user=0.00 sys=0.00, real=0.00 secs] 
99.771: [GC (Allocation Failure) [PSYoungGen: 198058K->25600K(204288K)] 1418172K->1302033K(2068480K), 0.0076930 secs] [Times: user=0.03 sys=0.00, real=0.01 secs] 
101.837: [GC (Allocation Failure) [PSYoungGen: 192933K->25600K(204288K)] 1571766K->1404433K(2068480K), 0.0048509 secs] [Times: user=0.02 sys=0.00, real=0.01 secs] 
102.598: [GC (Allocation Failure) [PSYoungGen: 198059K->11264K(204288K)] 1576893K->1390097K(2068480K), 0.0059101 secs] [Times: user=0.02 sys=0.00, real=0.01 secs] 
105.538: [GC (Allocation Failure) [PSYoungGen: 183703K->10240K(204288K)] 1664937K->1491473K(2068480K), 0.0044912 secs] [Times: user=0.02 sys=0.00, real=0.01 secs] 
107.389: [GC (Allocation Failure) [PSYoungGen: 167331K->25600K(204288K)] 1750964K->1614353K(2068480K), 0.0071899 secs] [Times: user=0.00 sys=0.00, real=0.01 secs] 
109.564: [Full GC (Ergonomics) [PSYoungGen: 199082K->0K(204288K)] [ParOldGen: 1793553K->56849K(1864192K)] 1992636K->56849K(2068480K), [Metaspace: 2796K->2796K(1056768K)], 0.0088429 secs] [Times: user=0.00 sys=0.00, real=0.01 secs] 
111.630: [GC (Allocation Failure) [PSYoungGen: 167343K->20480K(204288K)] 326592K->179729K(2068480K), 0.0017972 secs] [Times: user=0.00 sys=0.00, real=0.00 secs] 
113.155: [GC (Allocation Failure) [PSYoungGen: 146866K->25600K(204288K)] 408515K->287249K(2068480K), 0.0025677 secs] [Times: user=0.00 sys=0.00, real=0.00 secs] 
113.917: [GC (Allocation Failure) [PSYoungGen: 198068K->11264K(204288K)] 459717K->272913K(2068480K), 0.0012018 secs] [Times: user=0.00 sys=0.00, real=0.00 secs] 
116.639: [GC (Allocation Failure) [PSYoungGen: 183716K->10240K(204288K)] 547765K->374289K(2068480K), 0.0016540 secs] [Times: user=0.00 sys=0.00, real=0.00 secs] 
118.708: [GC (Allocation Failure) [PSYoungGen: 177579K->20480K(204288K)] 644028K->507409K(2068480K), 0.0038158 secs] [Times: user=0.03 sys=0.00, real=0.00 secs] 
121.244: [GC (Allocation Failure) [PSYoungGen: 193968K->10240K(204288K)] 885697K->701969K(2068480K), 0.0027749 secs] [Times: user=0.00 sys=0.00, real=0.00 secs] 
123.108: [GC (Allocation Failure) [PSYoungGen: 182707K->11264K(204288K)] 976836K->825873K(2068480K), 0.0058919 secs] [Times: user=0.00 sys=0.00, real=0.01 secs] 
124.306: [GC (Allocation Failure) [PSYoungGen: 183732K->20480K(204288K)] 998342K->835089K(2068480K), 0.0033674 secs] [Times: user=0.00 sys=0.00, real=0.00 secs] 
125.939: [GC (Allocation Failure) [PSYoungGen: 177579K->25600K(204288K)] 1094589K->963089K(2068480K), 0.0043594 secs] [Times: user=0.00 sys=0.00, real=0.01 secs] 
126.701: [GC (Allocation Failure) [PSYoungGen: 198064K->15360K(204288K)] 1135553K->952849K(2068480K), 0.0042957 secs] [Times: user=0.00 sys=0.00, real=0.00 secs] 
128.768: [GC (Allocation Failure) [PSYoungGen: 141736K->25600K(204288K)] 1079226K->963089K(2068480K), 0.0045455 secs] [Times: user=0.00 sys=0.00, real=0.00 secs] 
129.531: [GC (Allocation Failure) [PSYoungGen: 198048K->10240K(204288K)] 1135537K->998929K(2068480K), 0.0072764 secs] [Times: user=0.00 sys=0.00, real=0.01 secs] 
132.688: [GC (Allocation Failure) [PSYoungGen: 178576K->11264K(204288K)] 1372065K->1204753K(2068480K), 0.0050168 secs] [Times: user=0.00 sys=0.00, real=0.00 secs] 
134.431: [GC (Allocation Failure) [PSYoungGen: 178590K->27648K(204288K)] 1474479K->1333777K(2068480K), 0.0064195 secs] [Times: user=0.00 sys=0.00, real=0.01 secs] 
135.628: [GC (Allocation Failure) [PSYoungGen: 200103K->10240K(204288K)] 1506232K->1316369K(2068480K), 0.0063275 secs] [Times: user=0.02 sys=0.00, real=0.01 secs] 
137.262: [GC (Allocation Failure) [PSYoungGen: 167331K->15360K(204288K)] 1575860K->1464849K(2068480K), 0.0058943 secs] [Times: user=0.00 sys=0.00, real=0.01 secs] 
138.023: [GC (Allocation Failure) [PSYoungGen: 187818K->25600K(204288K)] 1637308K->1475089K(2068480K), 0.0068023 secs] [Times: user=0.00 sys=0.00, real=0.01 secs] 
140.092: [GC (Allocation Failure) [PSYoungGen: 198053K->25600K(204288K)] 1647542K->1475089K(2068480K), 0.0055074 secs] [Times: user=0.00 sys=0.00, real=0.01 secs] 
140.854: [GC (Allocation Failure) [PSYoungGen: 198049K->10240K(204288K)] 1647539K->1562129K(2068480K), 0.0157102 secs] [Times: user=0.00 sys=0.00, real=0.01 secs] 
144.024: [GC (Allocation Failure) [PSYoungGen: 183696K->6144K(204288K)] 1837986K->1660433K(2068480K), 0.0078030 secs] [Times: user=0.00 sys=0.00, real=0.01 secs] 
145.764: [GC (Allocation Failure) [PSYoungGen: 173470K->26624K(204288K)] 1930160K->1803793K(2068480K), 0.0076145 secs] [Times: user=0.00 sys=0.00, real=0.01 secs] 
146.977: [GC (Allocation Failure) [PSYoungGen: 193959K->5120K(204288K)] 1971129K->1782289K(2068480K), 0.0073096 secs] [Times: user=0.00 sys=0.00, real=0.01 secs] 
147.304: [GC (Allocation Failure) [PSYoungGen: 90530K->20480K(204288K)] 1867700K->1848849K(2068480K), 0.0080197 secs] [Times: user=0.02 sys=0.00, real=0.01 secs] 
147.312: [Full GC (Ergonomics) [PSYoungGen: 20480K->0K(204288K)] [ParOldGen: 1828369K->72209K(1864192K)] 1848849K->72209K(2068480K), [Metaspace: 2796K->2796K(1056768K)], 0.0100957 secs] [Times: user=0.02 sys=0.00, real=0.01 secs] 
148.517: [GC (Allocation Failure) [PSYoungGen: 157090K->15360K(204288K)] 229300K->87569K(2068480K), 0.0017214 secs] [Times: user=0.00 sys=0.00, real=0.00 secs] 
150.041: [GC (Allocation Failure) [PSYoungGen: 162191K->10240K(204288K)] 336800K->256529K(2068480K), 0.0059609 secs] [Times: user=0.00 sys=0.00, real=0.01 secs] 
151.128: [GC (Allocation Failure) [PSYoungGen: 182685K->10240K(204288K)] 428974K->256529K(2068480K), 0.0014622 secs] [Times: user=0.00 sys=0.00, real=0.00 secs] 
152.870: [GC (Allocation Failure) [PSYoungGen: 177564K->11264K(204288K)] 526254K->380433K(2068480K), 0.0035018 secs] [Times: user=0.00 sys=0.00, real=0.00 secs] 
153.632: [GC (Allocation Failure) [PSYoungGen: 183718K->17408K(204288K)] 552887K->386577K(2068480K), 0.0019204 secs] [Times: user=0.00 sys=0.00, real=0.00 secs] 
156.570: [GC (Allocation Failure) [PSYoungGen: 189858K->25600K(204288K)] 661428K->497169K(2068480K), 0.0026709 secs] [Times: user=0.00 sys=0.00, real=0.00 secs] 
158.531: [GC (Allocation Failure) [PSYoungGen: 167338K->20480K(204288K)] 741307K->594449K(2068480K), 0.0030717 secs] [Times: user=0.00 sys=0.00, real=0.00 secs] 
159.293: [GC (Allocation Failure) [PSYoungGen: 192943K->5120K(204288K)] 766912K->630289K(2068480K), 0.0060431 secs] [Times: user=0.00 sys=0.00, real=0.01 secs] 
161.253: [GC (Allocation Failure) [PSYoungGen: 167336K->20480K(204288K)] 894905K->748049K(2068480K), 0.0031501 secs] [Times: user=0.00 sys=0.00, real=0.00 secs] 
162.793: [GC (Allocation Failure) [PSYoungGen: 146861K->25600K(204288K)] 976831K->855569K(2068480K), 0.0030763 secs] [Times: user=0.00 sys=0.00, real=0.00 secs] 
163.554: [GC (Allocation Failure) [PSYoungGen: 198065K->11264K(204288K)] 1028035K->841233K(2068480K), 0.0030333 secs] [Times: user=0.01 sys=0.00, real=0.00 secs] 
166.291: [GC (Allocation Failure) [PSYoungGen: 183714K->10240K(204288K)] 1116084K->942609K(2068480K), 0.0040647 secs] [Times: user=0.00 sys=0.00, real=0.00 secs] 
168.375: [GC (Allocation Failure) [PSYoungGen: 177578K->20480K(204288K)] 1212347K->1075729K(2068480K), 0.0044265 secs] [Times: user=0.00 sys=0.00, real=0.00 secs] 
170.879: [GC (Allocation Failure) [PSYoungGen: 193967K->10240K(204288K)] 1454016K->1270289K(2068480K), 0.0057189 secs] [Times: user=0.00 sys=0.00, real=0.01 secs] 
172.730: [GC (Allocation Failure) [PSYoungGen: 182706K->11264K(204288K)] 1545156K->1394193K(2068480K), 0.0056632 secs] [Times: user=0.00 sys=0.00, real=0.00 secs] 
173.928: [GC (Allocation Failure) [PSYoungGen: 183732K->20480K(204288K)] 1566662K->1403409K(2068480K), 0.0056357 secs] [Times: user=0.02 sys=0.00, real=0.01 secs] 
175.562: [GC (Allocation Failure) [PSYoungGen: 177579K->25600K(204288K)] 1662909K->1531409K(2068480K), 0.0072049 secs] [Times: user=0.00 sys=0.00, real=0.01 secs] 
176.340: [GC (Allocation Failure) [PSYoungGen: 198064K->15360K(204288K)] 1703873K->1521169K(2068480K), 0.0076600 secs] [Times: user=0.00 sys=0.00, real=0.01 secs] 
178.410: [GC (Allocation Failure) [PSYoungGen: 141736K->25600K(204288K)] 1647546K->1531409K(2068480K), 0.0072994 secs] [Times: user=0.00 sys=0.00, real=0.01 secs] 
179.187: [GC (Allocation Failure) [PSYoungGen: 198048K->10240K(204288K)] 1703857K->1567249K(2068480K), 0.0067100 secs] [Times: user=0.00 sys=0.00, real=0.01 secs] 
182.343: [GC (Allocation Failure) [PSYoungGen: 178576K->11264K(204288K)] 1940385K->1773073K(2068480K), 0.0059009 secs] [Times: user=0.00 sys=0.00, real=0.01 secs] 
182.778: [GC (Allocation Failure) [PSYoungGen: 106910K->6144K(204288K)] 1868719K->1819153K(2068480K), 0.0083517 secs] [Times: user=0.00 sys=0.00, real=0.01 secs] 
182.787: [Full GC (Ergonomics) [PSYoungGen: 6144K->0K(204288K)] [ParOldGen: 1813009K->57873K(1864192K)] 1819153K->57873K(2068480K), [Metaspace: 2796K->2796K(1056768K)], 0.0080230 secs] [Times: user=0.01 sys=0.00, real=0.01 secs] 
183.991: [GC (Allocation Failure) [PSYoungGen: 157090K->21504K(204288K)] 214963K->79377K(2068480K), 0.0020099 secs] [Times: user=0.00 sys=0.00, real=0.00 secs] 
185.950: [GC (Allocation Failure) [PSYoungGen: 194958K->11264K(204288K)] 457632K->273937K(2068480K), 0.0013303 secs] [Times: user=0.00 sys=0.00, real=0.00 secs] 
188.126: [GC (Allocation Failure) [PSYoungGen: 178589K->20480K(204288K)] 543662K->416273K(2068480K), 0.0044069 secs] [Times: user=0.00 sys=0.00, real=0.00 secs] 
189.757: [GC (Allocation Failure) [PSYoungGen: 167334K->25600K(204288K)] 563128K->421393K(2068480K), 0.0022918 secs] [Times: user=0.02 sys=0.00, real=0.00 secs] 
190.519: [GC (Allocation Failure) [PSYoungGen: 198048K->10240K(204288K)] 593842K->508433K(2068480K), 0.0157704 secs] [Times: user=0.03 sys=0.00, real=0.02 secs] 
193.693: [GC (Allocation Failure) [PSYoungGen: 183696K->6176K(204288K)] 784290K->606769K(2068480K), 0.0022835 secs] [Times: user=0.00 sys=0.00, real=0.00 secs] 
195.435: [GC (Allocation Failure) [PSYoungGen: 173502K->26656K(204288K)] 876495K->750129K(2068480K), 0.0037744 secs] [Times: user=0.00 sys=0.00, real=0.00 secs] 
196.634: [GC (Allocation Failure) [PSYoungGen: 193991K->5152K(204288K)] 917465K->728625K(2068480K), 0.0034838 secs] [Times: user=0.00 sys=0.00, real=0.00 secs] 
198.267: [GC (Allocation Failure) [PSYoungGen: 162242K->25632K(204288K)] 988116K->871985K(2068480K), 0.0038525 secs] [Times: user=0.00 sys=0.00, real=0.00 secs] 
199.030: [GC (Allocation Failure) [PSYoungGen: 198090K->25632K(204288K)] 1044443K->928305K(2068480K), 0.0063031 secs] [Times: user=0.00 sys=0.00, real=0.01 secs] 
201.098: [GC (Allocation Failure) [PSYoungGen: 192965K->25664K(204288K)] 1198038K->1030737K(2068480K), 0.0040194 secs] [Times: user=0.00 sys=0.00, real=0.00 secs] 
201.861: [GC (Allocation Failure) [PSYoungGen: 198123K->11328K(204288K)] 1203197K->1016401K(2068480K), 0.0039748 secs] [Times: user=0.00 sys=0.00, real=0.00 secs] 
204.798: [GC (Allocation Failure) [PSYoungGen: 183767K->10272K(204288K)] 1291241K->1117745K(2068480K), 0.0041267 secs] [Times: user=0.00 sys=0.00, real=0.00 secs] 
206.664: [GC (Allocation Failure) [PSYoungGen: 167363K->20512K(204288K)] 1377236K->1240625K(2068480K), 0.0056404 secs] [Times: user=0.00 sys=0.00, real=0.00 secs] 
208.855: [GC (Allocation Failure) [PSYoungGen: 193994K->5152K(204288K)] 1618908K->1481265K(2068480K), 0.0057194 secs] [Times: user=0.02 sys=0.00, real=0.01 secs] 
210.924: [GC (Allocation Failure) [PSYoungGen: 172495K->20544K(204288K)] 1751009K->1599057K(2068480K), 0.0057786 secs] [Times: user=0.00 sys=0.00, real=0.01 secs] 
212.447: [GC (Allocation Failure) [PSYoungGen: 146930K->25632K(204288K)] 1827844K->1706545K(2068480K), 0.0066459 secs] [Times: user=0.00 sys=0.00, real=0.01 secs] 
213.225: [GC (Allocation Failure) [PSYoungGen: 198100K->11328K(204288K)] 1879014K->1692241K(2068480K), 0.0057714 secs] [Times: user=0.00 sys=0.00, real=0.01 secs] 
215.947: [Full GC (Ergonomics) [PSYoungGen: 183780K->0K(204288K)] [ParOldGen: 1783313K->6144K(1864192K)] 1967094K->6144K(2068480K), [Metaspace: 2796K->2796K(1056768K)], 0.0044679 secs] [Times: user=0.00 sys=0.00, real=0.00 secs] 
218.014: [GC (Allocation Failure) [PSYoungGen: 167339K->25600K(204288K)] 275883K->144384K(2068480K), 0.0031703 secs] [Times: user=0.00 sys=0.00, real=0.00 secs] 
Heap
 PSYoungGen      total 204288K, used 124776K [0x00000000f1c80000, 0x0000000100000000, 0x0000000100000000)
  eden space 175616K, 56% used [0x00000000f1c80000,0x00000000f7d5a248,0x00000000fc800000)
  from space 28672K, 89% used [0x00000000fe400000,0x00000000ffd00020,0x0000000100000000)
  to   space 28672K, 0% used [0x00000000fc800000,0x00000000fc800000,0x00000000fe400000)
 ParOldGen       total 1864192K, used 221184K [0x0000000080000000, 0x00000000f1c80000, 0x00000000f1c80000)
  object space 1864192K, 11% used [0x0000000080000000,0x000000008d8001d8,0x00000000f1c80000)
 Metaspace       used 2804K, capacity 4486K, committed 4864K, reserved 1056768K
  class space    used 297K, capacity 386K, committed 512K, reserved 1048576K
