Java HotSpot(TM) 64-Bit Server VM (25.411-b09) for windows-amd64 JRE (1.8.0_411-b09), built on Mar 13 2024 07:26:13 by "java_re" with MS VC++ 17.1 (VS2022)
Memory: 4k page, physical 33403376k(11919304k free), swap 40595968k(6886288k free)
CommandLine flags: -XX:InitialHeapSize=2147483648 -XX:MaxHeapSize=2147483648 -XX:NewRatio=9 -XX:ParallelGCThreads=3 -XX:+PrintGC -XX:+PrintGCDetails -XX:+PrintGCTimeStamps -XX:-UseAdaptiveSizePolicy -XX:+UseCompressedClassPointers -XX:+UseCompressedOops -XX:-UseLargePagesIndividualAllocation -XX:+UseParallelGC 
2.295: [GC (Allocation Failure) [PSYoungGen: 156815K->11912K(183296K)] 259215K->114320K(2071040K), 0.0028885 secs] [Times: user=0.00 sys=0.00, real=0.00 secs] 
4.951: [GC (Allocation Failure) [PSYoungGen: 168656K->10824K(183296K)] 373464K->215632K(2071040K), 0.0029898 secs] [Times: user=0.00 sys=0.02, real=0.00 secs] 
6.837: [GC (Allocation Failure) [PSYoungGen: 162448K->21048K(183296K)] 469656K->338496K(2071040K), 0.0054026 secs] [Times: user=0.00 sys=0.00, real=0.00 secs] 
8.508: [GC (Allocation Failure) [PSYoungGen: 143523K->21048K(183296K)] 563371K->440904K(2071040K), 0.0049361 secs] [Times: user=0.00 sys=0.00, real=0.00 secs] 
8.946: [GC (Allocation Failure) [PSYoungGen: 177791K->1592K(183296K)] 597647K->472656K(2071040K), 0.0179802 secs] [Times: user=0.02 sys=0.00, real=0.02 secs] 
11.064: [GC (Allocation Failure) [PSYoungGen: 158328K->15912K(183296K)] 731792K->589376K(2071040K), 0.0025524 secs] [Times: user=0.00 sys=0.00, real=0.00 secs] 
12.839: [GC (Allocation Failure) [PSYoungGen: 163432K->5688K(183296K)] 839296K->702040K(2071040K), 0.0153837 secs] [Times: user=0.00 sys=0.00, real=0.01 secs] 
13.291: [GC (Allocation Failure) [PSYoungGen: 162428K->6696K(183296K)] 858780K->703048K(2071040K), 0.0020157 secs] [Times: user=0.00 sys=0.00, real=0.00 secs] 
15.397: [GC (Allocation Failure) [PSYoungGen: 163423K->22056K(183296K)] 962175K->825928K(2071040K), 0.0042580 secs] [Times: user=0.00 sys=0.00, real=0.00 secs] 
17.828: [GC (Allocation Failure) [PSYoungGen: 178789K->21032K(183296K)] 1085061K->937544K(2071040K), 0.0043287 secs] [Times: user=0.00 sys=0.00, real=0.00 secs] 
20.032: [GC (Allocation Failure) [PSYoungGen: 157288K->5704K(183296K)] 1176201K->1024616K(2071040K), 0.0023589 secs] [Times: user=0.00 sys=0.00, real=0.00 secs] 
20.469: [GC (Allocation Failure) [PSYoungGen: 162443K->1592K(183296K)] 1181355K->1122904K(2071040K), 0.0336338 secs] [Times: user=0.02 sys=0.03, real=0.03 secs] 
22.602: [GC (Allocation Failure) [PSYoungGen: 158325K->11832K(183296K)] 1382037K->1235544K(2071040K), 0.0028304 secs] [Times: user=0.00 sys=0.00, real=0.00 secs] 
24.381: [GC (Allocation Failure) [PSYoungGen: 153209K->21064K(183296K)] 1479321K->1357424K(2071040K), 0.0061702 secs] [Times: user=0.00 sys=0.00, real=0.01 secs] 
24.822: [GC (Allocation Failure) [PSYoungGen: 177803K->1592K(183296K)] 1514163K->1337952K(2071040K), 0.0027775 secs] [Times: user=0.00 sys=0.00, real=0.00 secs] 
26.925: [GC (Allocation Failure) [PSYoungGen: 158325K->25664K(183296K)] 1597085K->1464976K(2071040K), 0.0046892 secs] [Times: user=0.00 sys=0.00, real=0.00 secs] 
28.667: [GC (Allocation Failure) [PSYoungGen: 136985K->25664K(183296K)] 1576297K->1464992K(2071040K), 0.0040191 secs] [Times: user=0.00 sys=0.00, real=0.00 secs] 
29.103: [GC (Allocation Failure) [PSYoungGen: 182386K->6176K(183296K)] 1621714K->1496704K(2071040K), 0.0178703 secs] [Times: user=0.02 sys=0.00, real=0.02 secs] 
32.016: [GC (Allocation Failure) [PSYoungGen: 161895K->2080K(183296K)] 1857224K->1697416K(2071040K), 0.0028965 secs] [Times: user=0.00 sys=0.00, real=0.00 secs] 
34.120: [GC (Allocation Failure) [PSYoungGen: 158800K->12320K(183296K)] 1956537K->1810056K(2071040K), 0.0032018 secs] [Times: user=0.00 sys=0.00, real=0.00 secs] 
34.556: [GC (Allocation Failure) [PSYoungGen: 107608K->17472K(183296K)] 1905345K->1866408K(2071040K), 0.0174882 secs] [Times: user=0.02 sys=0.00, real=0.02 secs] 
34.573: [Full GC (Ergonomics) [PSYoungGen: 17472K->0K(183296K)] [ParOldGen: 1848936K->69137K(1887744K)] 1866408K->69137K(2071040K), [Metaspace: 2793K->2793K(1056768K)], 0.0246053 secs] [Times: user=0.01 sys=0.02, real=0.03 secs] 
35.916: [GC (Allocation Failure) [PSYoungGen: 151601K->20480K(183296K)] 220738K->99857K(2071040K), 0.0022689 secs] [Times: user=0.00 sys=0.00, real=0.00 secs] 
36.351: [GC (Allocation Failure) [PSYoungGen: 177186K->1024K(183296K)] 256564K->80401K(2071040K), 0.0003372 secs] [Times: user=0.00 sys=0.00, real=0.00 secs] 
38.425: [GC (Allocation Failure) [PSYoungGen: 157736K->15360K(183296K)] 339513K->217617K(2071040K), 0.0041469 secs] [Times: user=0.00 sys=0.00, real=0.00 secs] 
40.163: [GC (Allocation Failure) [PSYoungGen: 172083K->25600K(183296K)] 374340K->227857K(2071040K), 0.0022585 secs] [Times: user=0.00 sys=0.00, real=0.00 secs] 
40.600: [GC (Allocation Failure) [PSYoungGen: 182322K->6144K(183296K)] 384580K->310801K(2071040K), 0.0152411 secs] [Times: user=0.00 sys=0.00, real=0.01 secs] 
43.340: [GC (Allocation Failure) [PSYoungGen: 162852K->1024K(183296K)] 569910K->408081K(2071040K), 0.0011761 secs] [Times: user=0.00 sys=0.00, real=0.00 secs] 
45.410: [GC (Allocation Failure) [PSYoungGen: 153648K->21504K(183296K)] 663106K->530961K(2071040K), 0.0019968 secs] [Times: user=0.00 sys=0.00, real=0.00 secs] 
47.265: [GC (Allocation Failure) [PSYoungGen: 162872K->20480K(183296K)] 774730K->652817K(2071040K), 0.0031845 secs] [Times: user=0.00 sys=0.00, real=0.00 secs] 
47.699: [GC (Allocation Failure) [PSYoungGen: 177214K->21504K(183296K)] 809551K->653841K(2071040K), 0.0026965 secs] [Times: user=0.00 sys=0.00, real=0.00 secs] 
49.773: [GC (Allocation Failure) [PSYoungGen: 178234K->25600K(183296K)] 912971K->821777K(2071040K), 0.0063775 secs] [Times: user=0.00 sys=0.00, real=0.01 secs] 
51.514: [GC (Allocation Failure) [PSYoungGen: 177214K->25600K(183296K)] 1075792K->924177K(2071040K), 0.0032002 secs] [Times: user=0.00 sys=0.00, real=0.00 secs] 
51.947: [GC (Allocation Failure) [PSYoungGen: 182337K->7168K(183296K)] 1080915K->905745K(2071040K), 0.0021404 secs] [Times: user=0.00 sys=0.00, real=0.00 secs] 
54.011: [GC (Allocation Failure) [PSYoungGen: 163886K->17408K(183296K)] 1164863K->1018385K(2071040K), 0.0023204 secs] [Times: user=0.00 sys=0.00, real=0.00 secs] 
56.512: [GC (Allocation Failure) [PSYoungGen: 172142K->25600K(183296K)] 1275519K->1128977K(2071040K), 0.0027560 secs] [Times: user=0.00 sys=0.00, real=0.00 secs] 
58.587: [GC (Allocation Failure) [PSYoungGen: 172093K->20480K(183296K)] 1377870K->1226257K(2071040K), 0.0029560 secs] [Times: user=0.00 sys=0.00, real=0.00 secs] 
59.020: [GC (Allocation Failure) [PSYoungGen: 177216K->1024K(183296K)] 1382994K->1258001K(2071040K), 0.0058820 secs] [Times: user=0.00 sys=0.00, real=0.00 secs] 
61.090: [GC (Allocation Failure) [PSYoungGen: 157755K->15360K(183296K)] 1517133K->1374737K(2071040K), 0.0025147 secs] [Times: user=0.00 sys=0.00, real=0.00 secs] 
62.833: [GC (Allocation Failure) [PSYoungGen: 161855K->25600K(183296K)] 1623633K->1487377K(2071040K), 0.0036151 secs] [Times: user=0.00 sys=0.00, real=0.00 secs] 
63.270: [GC (Allocation Failure) [PSYoungGen: 182338K->7168K(183296K)] 1644116K->1468945K(2071040K), 0.0021774 secs] [Times: user=0.00 sys=0.00, real=0.00 secs] 
65.346: [GC (Allocation Failure) [PSYoungGen: 163893K->16384K(183296K)] 1728071K->1590801K(2071040K), 0.0034148 secs] [Times: user=0.00 sys=0.00, real=0.00 secs] 
67.741: [GC (Allocation Failure) [PSYoungGen: 173116K->25600K(183296K)] 1849933K->1707537K(2071040K), 0.0046067 secs] [Times: user=0.00 sys=0.00, real=0.00 secs] 
69.925: [GC (Allocation Failure) [PSYoungGen: 161856K->5120K(183296K)] 1946194K->1789457K(2071040K), 0.0023427 secs] [Times: user=0.00 sys=0.00, real=0.00 secs] 
70.359: [GC (Allocation Failure) [PSYoungGen: 161858K->1024K(183296K)] 1946196K->1887761K(2071040K), 0.0305239 secs] [Times: user=0.00 sys=0.01, real=0.03 secs] 
70.389: [Full GC (Ergonomics) [PSYoungGen: 1024K->0K(183296K)] [ParOldGen: 1886737K->103953K(1887744K)] 1887761K->103953K(2071040K), [Metaspace: 2796K->2796K(1056768K)], 0.0105591 secs] [Times: user=0.03 sys=0.00, real=0.01 secs] 
72.478: [GC (Allocation Failure) [PSYoungGen: 156733K->16384K(183296K)] 363086K->222737K(2071040K), 0.0015012 secs] [Times: user=0.00 sys=0.00, real=0.00 secs] 
74.218: [GC (Allocation Failure) [PSYoungGen: 157760K->10240K(183296K)] 466514K->339473K(2071040K), 0.0034159 secs] [Times: user=0.00 sys=0.00, real=0.00 secs] 
74.652: [GC (Allocation Failure) [PSYoungGen: 166979K->11264K(183296K)] 496212K->340497K(2071040K), 0.0012948 secs] [Times: user=0.00 sys=0.00, real=0.00 secs] 
76.734: [GC (Allocation Failure) [PSYoungGen: 167997K->25600K(183296K)] 599630K->467473K(2071040K), 0.0029403 secs] [Times: user=0.00 sys=0.00, real=0.00 secs] 
78.477: [GC (Allocation Failure) [PSYoungGen: 136257K->25600K(183296K)] 578130K->467473K(2071040K), 0.0025188 secs] [Times: user=0.00 sys=0.00, real=0.00 secs] 
78.912: [GC (Allocation Failure) [PSYoungGen: 182328K->6144K(183296K)] 624201K->499217K(2071040K), 0.0159640 secs] [Times: user=0.00 sys=0.00, real=0.02 secs] 
81.758: [GC (Allocation Failure) [PSYoungGen: 161872K->2048K(183296K)] 859745K->699921K(2071040K), 0.0012482 secs] [Times: user=0.00 sys=0.00, real=0.00 secs] 
83.830: [GC (Allocation Failure) [PSYoungGen: 158771K->12288K(183296K)] 959044K->812561K(2071040K), 0.0018048 secs] [Times: user=0.00 sys=0.00, real=0.00 secs] 
85.571: [GC (Allocation Failure) [PSYoungGen: 153658K->10240K(183296K)] 1056331K->933393K(2071040K), 0.0033599 secs] [Times: user=0.00 sys=0.00, real=0.00 secs] 
86.010: [GC (Allocation Failure) [PSYoungGen: 166974K->11264K(183296K)] 1090128K->934417K(2071040K), 0.0019599 secs] [Times: user=0.00 sys=0.00, real=0.00 secs] 
88.082: [GC (Allocation Failure) [PSYoungGen: 167994K->25600K(183296K)] 1193548K->1071633K(2071040K), 0.0038684 secs] [Times: user=0.00 sys=0.00, real=0.00 secs] 
89.828: [GC (Allocation Failure) [PSYoungGen: 182335K->25600K(183296K)] 1228368K->1071633K(2071040K), 0.0031230 secs] [Times: user=0.00 sys=0.00, real=0.00 secs] 
90.265: [GC (Allocation Failure) [PSYoungGen: 182330K->6144K(183296K)] 1228364K->1154577K(2071040K), 0.0152936 secs] [Times: user=0.02 sys=0.00, real=0.02 secs] 
93.009: [GC (Allocation Failure) [PSYoungGen: 162857K->1024K(183296K)] 1413691K->1251857K(2071040K), 0.0018439 secs] [Times: user=0.00 sys=0.00, real=0.00 secs] 
95.088: [GC (Allocation Failure) [PSYoungGen: 153652K->21504K(183296K)] 1506885K->1374737K(2071040K), 0.0030598 secs] [Times: user=0.00 sys=0.00, real=0.00 secs] 
96.942: [GC (Allocation Failure) [PSYoungGen: 162875K->20480K(183296K)] 1618508K->1496593K(2071040K), 0.0033887 secs] [Times: user=0.00 sys=0.00, real=0.00 secs] 
97.380: [GC (Allocation Failure) [PSYoungGen: 177215K->1024K(183296K)] 1653328K->1477137K(2071040K), 0.0028638 secs] [Times: user=0.00 sys=0.00, real=0.00 secs] 
99.454: [GC (Allocation Failure) [PSYoungGen: 157754K->15360K(183296K)] 1736268K->1645073K(2071040K), 0.0067604 secs] [Times: user=0.00 sys=0.00, real=0.01 secs] 
101.198: [GC (Allocation Failure) [PSYoungGen: 166975K->25600K(183296K)] 1899089K->1757713K(2071040K), 0.0036528 secs] [Times: user=0.00 sys=0.00, real=0.00 secs] 
101.635: [GC (Allocation Failure) [PSYoungGen: 182338K->7168K(183296K)] 1914451K->1739281K(2071040K), 0.0025538 secs] [Times: user=0.00 sys=0.00, real=0.00 secs] 
103.707: [Full GC (Ergonomics) [PSYoungGen: 163886K->0K(183296K)] [ParOldGen: 1834513K->17937K(1887744K)] 1998400K->17937K(2071040K), [Metaspace: 2796K->2796K(1056768K)], 0.0063950 secs] [Times: user=0.00 sys=0.00, real=0.01 secs] 
106.210: [GC (Allocation Failure) [PSYoungGen: 154734K->25600K(183296K)] 275071K->145937K(2071040K), 0.0020959 secs] [Times: user=0.00 sys=0.00, real=0.00 secs] 
108.277: [GC (Allocation Failure) [PSYoungGen: 172093K->20480K(183296K)] 394830K->243217K(2071040K), 0.0019798 secs] [Times: user=0.00 sys=0.00, real=0.00 secs] 
108.713: [GC (Allocation Failure) [PSYoungGen: 177216K->1024K(183296K)] 399954K->274961K(2071040K), 0.0043376 secs] [Times: user=0.00 sys=0.00, real=0.00 secs] 
110.785: [GC (Allocation Failure) [PSYoungGen: 157755K->15360K(183296K)] 534093K->391697K(2071040K), 0.0016038 secs] [Times: user=0.00 sys=0.00, real=0.00 secs] 
112.528: [GC (Allocation Failure) [PSYoungGen: 161855K->25600K(183296K)] 640593K->504337K(2071040K), 0.0027629 secs] [Times: user=0.00 sys=0.00, real=0.00 secs] 
112.965: [GC (Allocation Failure) [PSYoungGen: 182338K->6144K(183296K)] 661076K->484881K(2071040K), 0.0010899 secs] [Times: user=0.00 sys=0.00, real=0.00 secs] 
115.056: [GC (Allocation Failure) [PSYoungGen: 162869K->16384K(183296K)] 744007K->607761K(2071040K), 0.0029332 secs] [Times: user=0.00 sys=0.00, real=0.00 secs] 
117.475: [GC (Allocation Failure) [PSYoungGen: 173116K->25600K(183296K)] 866893K->724497K(2071040K), 0.0036689 secs] [Times: user=0.00 sys=0.00, real=0.00 secs] 
119.661: [GC (Allocation Failure) [PSYoungGen: 161856K->5120K(183296K)] 963153K->806417K(2071040K), 0.0014194 secs] [Times: user=0.00 sys=0.00, real=0.00 secs] 
120.097: [GC (Allocation Failure) [PSYoungGen: 161858K->1024K(183296K)] 963156K->904721K(2071040K), 0.0153870 secs] [Times: user=0.00 sys=0.00, real=0.02 secs] 
122.179: [GC (Allocation Failure) [PSYoungGen: 157757K->16384K(183296K)] 1163854K->1022481K(2071040K), 0.0021411 secs] [Times: user=0.00 sys=0.00, real=0.00 secs] 
123.923: [GC (Allocation Failure) [PSYoungGen: 157760K->10240K(183296K)] 1266258K->1139217K(2071040K), 0.0034709 secs] [Times: user=0.00 sys=0.00, real=0.00 secs] 
124.362: [GC (Allocation Failure) [PSYoungGen: 166979K->11264K(183296K)] 1295956K->1140241K(2071040K), 0.0023539 secs] [Times: user=0.00 sys=0.00, real=0.00 secs] 
126.436: [GC (Allocation Failure) [PSYoungGen: 167997K->25600K(183296K)] 1399375K->1267217K(2071040K), 0.0036303 secs] [Times: user=0.02 sys=0.00, real=0.00 secs] 
128.180: [GC (Allocation Failure) [PSYoungGen: 136257K->25600K(183296K)] 1377874K->1267217K(2071040K), 0.0035653 secs] [Times: user=0.00 sys=0.00, real=0.00 secs] 
128.618: [GC (Allocation Failure) [PSYoungGen: 182328K->6144K(183296K)] 1423946K->1298961K(2071040K), 0.0057808 secs] [Times: user=0.00 sys=0.00, real=0.01 secs] 
131.460: [GC (Allocation Failure) [PSYoungGen: 161872K->2048K(183296K)] 1659489K->1499665K(2071040K), 0.0022148 secs] [Times: user=0.00 sys=0.00, real=0.00 secs] 
133.532: [GC (Allocation Failure) [PSYoungGen: 158771K->12288K(183296K)] 1758789K->1612305K(2071040K), 0.0026419 secs] [Times: user=0.00 sys=0.00, real=0.00 secs] 
135.279: [GC (Allocation Failure) [PSYoungGen: 153658K->20480K(183296K)] 1856076K->1733137K(2071040K), 0.0039826 secs] [Times: user=0.01 sys=0.00, real=0.00 secs] 
135.715: [GC (Allocation Failure) [PSYoungGen: 177214K->1024K(183296K)] 1889872K->1713681K(2071040K), 0.0035139 secs] [Times: user=0.00 sys=0.00, real=0.00 secs] 
137.782: [Full GC (Ergonomics) [PSYoungGen: 157754K->0K(183296K)] [ParOldGen: 1815057K->47104K(1887744K)] 1972812K->47104K(2071040K), [Metaspace: 2796K->2796K(1056768K)], 0.0066701 secs] [Times: user=0.00 sys=0.00, real=0.01 secs] 
139.528: [GC (Allocation Failure) [PSYoungGen: 156735K->25600K(183296K)] 203839K->72704K(2071040K), 0.0022016 secs] [Times: user=0.00 sys=0.00, real=0.00 secs] 
139.964: [GC (Allocation Failure) [PSYoungGen: 182330K->6144K(183296K)] 229434K->155648K(2071040K), 0.0152169 secs] [Times: user=0.02 sys=0.00, real=0.02 secs] 
142.703: [GC (Allocation Failure) [PSYoungGen: 162857K->1024K(183296K)] 414761K->252928K(2071040K), 0.0007926 secs] [Times: user=0.00 sys=0.00, real=0.00 secs] 
144.773: [GC (Allocation Failure) [PSYoungGen: 153652K->21504K(183296K)] 507956K->375808K(2071040K), 0.0020622 secs] [Times: user=0.00 sys=0.00, real=0.00 secs] 
146.622: [GC (Allocation Failure) [PSYoungGen: 162875K->20480K(183296K)] 619579K->497664K(2071040K), 0.0029995 secs] [Times: user=0.00 sys=0.00, real=0.00 secs] 
147.059: [GC (Allocation Failure) [PSYoungGen: 177215K->1024K(183296K)] 654399K->478208K(2071040K), 0.0013465 secs] [Times: user=0.00 sys=0.00, real=0.00 secs] 
149.132: [GC (Allocation Failure) [PSYoungGen: 157754K->15360K(183296K)] 737339K->646144K(2071040K), 0.0061788 secs] [Times: user=0.00 sys=0.00, real=0.01 secs] 
150.880: [GC (Allocation Failure) [PSYoungGen: 166975K->25600K(183296K)] 900159K->758784K(2071040K), 0.0034915 secs] [Times: user=0.00 sys=0.00, real=0.00 secs] 
151.316: [GC (Allocation Failure) [PSYoungGen: 182338K->7168K(183296K)] 915522K->740352K(2071040K), 0.0021280 secs] [Times: user=0.00 sys=0.00, real=0.00 secs] 
153.398: [GC (Allocation Failure) [PSYoungGen: 163886K->17408K(183296K)] 999470K->852992K(2071040K), 0.0026545 secs] [Times: user=0.00 sys=0.00, real=0.00 secs] 
155.932: [GC (Allocation Failure) [PSYoungGen: 172142K->25600K(183296K)] 1110126K->963584K(2071040K), 0.0034790 secs] [Times: user=0.00 sys=0.00, real=0.00 secs] 
158.005: [GC (Allocation Failure) [PSYoungGen: 172093K->20480K(183296K)] 1212477K->1060864K(2071040K), 0.0038531 secs] [Times: user=0.00 sys=0.00, real=0.00 secs] 
158.440: [GC (Allocation Failure) [PSYoungGen: 177216K->1024K(183296K)] 1217600K->1092608K(2071040K), 0.0071497 secs] [Times: user=0.00 sys=0.00, real=0.01 secs] 
160.511: [GC (Allocation Failure) [PSYoungGen: 157755K->15360K(183296K)] 1351740K->1209344K(2071040K), 0.0034211 secs] [Times: user=0.00 sys=0.00, real=0.00 secs] 
162.255: [GC (Allocation Failure) [PSYoungGen: 161855K->25600K(183296K)] 1458240K->1321984K(2071040K), 0.0042711 secs] [Times: user=0.00 sys=0.00, real=0.00 secs] 
162.691: [GC (Allocation Failure) [PSYoungGen: 182338K->7168K(183296K)] 1478722K->1303552K(2071040K), 0.0037530 secs] [Times: user=0.00 sys=0.00, real=0.00 secs] 
164.771: [GC (Allocation Failure) [PSYoungGen: 163893K->21504K(183296K)] 1562678K->1425408K(2071040K), 0.0043637 secs] [Times: user=0.00 sys=0.00, real=0.00 secs] 
167.166: [GC (Allocation Failure) [PSYoungGen: 178236K->25600K(183296K)] 1684540K->1537024K(2071040K), 0.0061079 secs] [Times: user=0.00 sys=0.00, real=0.01 secs] 
169.349: [GC (Allocation Failure) [PSYoungGen: 161856K->5120K(183296K)] 1775680K->1618944K(2071040K), 0.0041255 secs] [Times: user=0.00 sys=0.00, real=0.00 secs] 
169.786: [GC (Allocation Failure) [PSYoungGen: 161858K->1024K(183296K)] 1775683K->1717248K(2071040K), 0.0123229 secs] [Times: user=0.02 sys=0.00, real=0.01 secs] 
171.870: [Full GC (Ergonomics) [PSYoungGen: 157757K->0K(183296K)] [ParOldGen: 1818624K->114193K(1887744K)] 1976381K->114193K(2071040K), [Metaspace: 2796K->2796K(1056768K)], 0.0116212 secs] [Times: user=0.00 sys=0.00, real=0.01 secs] 
173.635: [GC (Allocation Failure) [PSYoungGen: 141376K->10240K(183296K)] 357970K->247313K(2071040K), 0.0025520 secs] [Times: user=0.00 sys=0.00, real=0.00 secs] 
174.072: [GC (Allocation Failure) [PSYoungGen: 166979K->11264K(183296K)] 404052K->248337K(2071040K), 0.0012730 secs] [Times: user=0.00 sys=0.00, real=0.00 secs] 
176.147: [GC (Allocation Failure) [PSYoungGen: 167997K->25600K(183296K)] 507470K->375313K(2071040K), 0.0025619 secs] [Times: user=0.00 sys=0.00, real=0.00 secs] 
177.891: [GC (Allocation Failure) [PSYoungGen: 136257K->25600K(183296K)] 485970K->375313K(2071040K), 0.0024361 secs] [Times: user=0.00 sys=0.00, real=0.00 secs] 
178.328: [GC (Allocation Failure) [PSYoungGen: 182328K->6144K(183296K)] 532041K->407057K(2071040K), 0.0046569 secs] [Times: user=0.00 sys=0.00, real=0.00 secs] 
181.154: [GC (Allocation Failure) [PSYoungGen: 161872K->2048K(183296K)] 767585K->607761K(2071040K), 0.0012359 secs] [Times: user=0.00 sys=0.00, real=0.00 secs] 
183.219: [GC (Allocation Failure) [PSYoungGen: 158771K->12288K(183296K)] 866884K->720401K(2071040K), 0.0018449 secs] [Times: user=0.00 sys=0.00, real=0.00 secs] 
184.963: [GC (Allocation Failure) [PSYoungGen: 153658K->10240K(183296K)] 964171K->841233K(2071040K), 0.0029765 secs] [Times: user=0.00 sys=0.00, real=0.00 secs] 
185.399: [GC (Allocation Failure) [PSYoungGen: 166974K->11264K(183296K)] 997968K->842257K(2071040K), 0.0020102 secs] [Times: user=0.00 sys=0.00, real=0.00 secs] 
187.473: [GC (Allocation Failure) [PSYoungGen: 167994K->25600K(183296K)] 1101388K->979473K(2071040K), 0.0042536 secs] [Times: user=0.00 sys=0.00, real=0.00 secs] 
189.217: [GC (Allocation Failure) [PSYoungGen: 182335K->25600K(183296K)] 1136208K->979473K(2071040K), 0.0033552 secs] [Times: user=0.02 sys=0.00, real=0.00 secs] 
189.657: [GC (Allocation Failure) [PSYoungGen: 182330K->6144K(183296K)] 1136204K->1062417K(2071040K), 0.0157694 secs] [Times: user=0.00 sys=0.00, real=0.02 secs] 
192.414: [GC (Allocation Failure) [PSYoungGen: 162857K->1056K(183296K)] 1321531K->1159729K(2071040K), 0.0015856 secs] [Times: user=0.00 sys=0.00, real=0.00 secs] 
194.502: [GC (Allocation Failure) [PSYoungGen: 153684K->21536K(183296K)] 1414757K->1282609K(2071040K), 0.0028969 secs] [Times: user=0.00 sys=0.00, real=0.00 secs] 
196.350: [GC (Allocation Failure) [PSYoungGen: 162907K->20512K(183296K)] 1526380K->1404465K(2071040K), 0.0033661 secs] [Times: user=0.00 sys=0.00, real=0.00 secs] 
196.789: [GC (Allocation Failure) [PSYoungGen: 177247K->21536K(183296K)] 1561201K->1405489K(2071040K), 0.0039150 secs] [Times: user=0.00 sys=0.00, real=0.00 secs] 
198.859: [GC (Allocation Failure) [PSYoungGen: 178266K->15392K(183296K)] 1664620K->1573425K(2071040K), 0.0073404 secs] [Times: user=0.00 sys=0.00, real=0.01 secs] 
200.605: [GC (Allocation Failure) [PSYoungGen: 167007K->25632K(183296K)] 1827441K->1686065K(2071040K), 0.0035310 secs] [Times: user=0.00 sys=0.00, real=0.00 secs] 
201.038: [GC (Allocation Failure) [PSYoungGen: 182370K->7200K(183296K)] 1842803K->1667633K(2071040K), 0.0022789 secs] [Times: user=0.00 sys=0.00, real=0.00 secs] 
203.109: [GC (Allocation Failure) [PSYoungGen: 163918K->17440K(183296K)] 1926752K->1780273K(2071040K), 0.0028787 secs] [Times: user=0.00 sys=0.00, real=0.00 secs] 
205.624: [Full GC (Ergonomics) [PSYoungGen: 172174K->0K(183296K)] [ParOldGen: 1865233K->26624K(1887744K)] 2037408K->26624K(2071040K), [Metaspace: 2796K->2796K(1056768K)], 0.0058222 secs] [Times: user=0.01 sys=0.00, real=0.00 secs] 
207.698: [GC (Allocation Failure) [PSYoungGen: 146493K->20480K(183296K)] 275517K->149504K(2071040K), 0.0018970 secs] [Times: user=0.00 sys=0.00, real=0.00 secs] 
208.135: [GC (Allocation Failure) [PSYoungGen: 177216K->1024K(183296K)] 306241K->181248K(2071040K), 0.0047186 secs] [Times: user=0.00 sys=0.00, real=0.00 secs] 
210.207: [GC (Allocation Failure) [PSYoungGen: 157755K->15360K(183296K)] 440380K->297984K(2071040K), 0.0015946 secs] [Times: user=0.00 sys=0.00, real=0.00 secs] 
211.951: [GC (Allocation Failure) [PSYoungGen: 161855K->25600K(183296K)] 546880K->410624K(2071040K), 0.0025931 secs] [Times: user=0.00 sys=0.00, real=0.00 secs] 
212.385: [GC (Allocation Failure) [PSYoungGen: 182338K->6144K(183296K)] 567363K->391168K(2071040K), 0.0014717 secs] [Times: user=0.00 sys=0.00, real=0.00 secs] 
214.457: [GC (Allocation Failure) [PSYoungGen: 162869K->25600K(183296K)] 650294K->514048K(2071040K), 0.0031974 secs] [Times: user=0.00 sys=0.00, real=0.00 secs] 
216.856: [GC (Allocation Failure) [PSYoungGen: 182332K->25600K(183296K)] 773180K->621568K(2071040K), 0.0028359 secs] [Times: user=0.00 sys=0.00, real=0.00 secs] 
Heap
 PSYoungGen      total 183296K, used 165000K [0x00000000f3380000, 0x0000000100000000, 0x0000000100000000)
  eden space 157184K, 88% used [0x00000000f3380000,0x00000000fbba2100,0x00000000fcd00000)
  from space 26112K, 98% used [0x00000000fcd00000,0x00000000fe600020,0x00000000fe680000)
  to   space 26112K, 0% used [0x00000000fe680000,0x00000000fe680000,0x0000000100000000)
 ParOldGen       total 1887744K, used 698368K [0x0000000080000000, 0x00000000f3380000, 0x00000000f3380000)
  object space 1887744K, 36% used [0x0000000080000000,0x00000000aaa00268,0x00000000f3380000)
 Metaspace       used 2804K, capacity 4486K, committed 4864K, reserved 1056768K
  class space    used 297K, capacity 386K, committed 512K, reserved 1048576K
