Java HotSpot(TM) 64-Bit Server VM (25.411-b09) for windows-amd64 JRE (1.8.0_411-b09), built on Mar 13 2024 07:26:13 by "java_re" with MS VC++ 17.1 (VS2022)
Memory: 4k page, physical 33403376k(12835704k free), swap 39528500k(7735556k free)
CommandLine flags: -XX:InitialHeapSize=1073741824 -XX:MaxHeapSize=1073741824 -XX:NewRatio=9 -XX:ParallelGCThreads=6 -XX:+PrintGC -XX:+PrintGCDetails -XX:+PrintGCTimeStamps -XX:SurvivorRatio=13 -XX:-UseAdaptiveSizePolicy -XX:+UseCompressedClassPointers -XX:+UseCompressedOops -XX:-UseLargePagesIndividualAllocation -XX:+UseParallelGC 
1.971: [GC (Allocation Failure) [PSYoungGen: 88637K->6632K(97792K)] 242237K->165472K(1041920K), 0.0026459 secs] [Times: user=0.00 sys=0.00, real=0.00 secs] 
3.762: [GC (Allocation Failure) [PSYoungGen: 96519K->6632K(97792K)] 408959K->325256K(1041920K), 0.0026875 secs] [Times: user=0.00 sys=0.00, real=0.00 secs] 
6.096: [GC (Allocation Failure) [PSYoungGen: 97543K->6632K(97792K)] 569767K->489096K(1041920K), 0.0041237 secs] [Times: user=0.00 sys=0.00, real=0.00 secs] 
8.433: [GC (Allocation Failure) [PSYoungGen: 97430K->5576K(97792K)] 733494K->641640K(1041920K), 0.0015549 secs] [Times: user=0.00 sys=0.00, real=0.00 secs] 
9.334: [GC (Allocation Failure) [PSYoungGen: 95462K->5560K(97792K)] 833927K->795232K(1041920K), 0.0163330 secs] [Times: user=0.02 sys=0.00, real=0.02 secs] 
11.138: [Full GC (Ergonomics) [PSYoungGen: 95447K->0K(97792K)] [ParOldGen: 943272K->169488K(944128K)] 1038719K->169488K(1041920K), [Metaspace: 2761K->2761K(1056768K)], 0.0215683 secs] [Times: user=0.00 sys=0.00, real=0.02 secs] 
12.792: [GC (Allocation Failure) [PSYoungGen: 74095K->5184K(97792K)] 397184K->338521K(1041920K), 0.0016074 secs] [Times: user=0.00 sys=0.00, real=0.00 secs] 
13.666: [GC (Allocation Failure) [PSYoungGen: 95070K->6208K(97792K)] 530807K->447065K(1041920K), 0.0011011 secs] [Times: user=0.02 sys=0.00, real=0.00 secs] 
15.408: [GC (Allocation Failure) [PSYoungGen: 96095K->6176K(97792K)] 690552K->621113K(1041920K), 0.0022070 secs] [Times: user=0.00 sys=0.00, real=0.00 secs] 
17.030: [GC (Allocation Failure) [PSYoungGen: 79678K->5184K(97792K)] 694616K->630361K(1041920K), 0.0018278 secs] [Times: user=0.00 sys=0.00, real=0.00 secs] 
17.895: [GC (Allocation Failure) [PSYoungGen: 95064K->5152K(97792K)] 822641K->763449K(1041920K), 0.0028826 secs] [Times: user=0.00 sys=0.00, real=0.00 secs] 
19.967: [Full GC (Ergonomics) [PSYoungGen: 84794K->0K(97792K)] [ParOldGen: 911897K->6032K(944128K)] 996691K->6032K(1041920K), [Metaspace: 2770K->2770K(1056768K)], 0.0036989 secs] [Times: user=0.00 sys=0.00, real=0.00 secs] 
21.059: [GC (Allocation Failure) [PSYoungGen: 84764K->5120K(97792K)] 193196K->118672K(1041920K), 0.0011529 secs] [Times: user=0.00 sys=0.00, real=0.00 secs] 
22.590: [GC (Allocation Failure) [PSYoungGen: 89885K->6144K(97792K)] 357037K->283536K(1041920K), 0.0018941 secs] [Times: user=0.00 sys=0.00, real=0.00 secs] 
23.902: [GC (Allocation Failure) [PSYoungGen: 96029K->5120K(97792K)] 475821K->384912K(1041920K), 0.0007870 secs] [Times: user=0.00 sys=0.00, real=0.00 secs] 
25.415: [GC (Allocation Failure) [PSYoungGen: 89886K->5120K(97792K)] 623278K->558992K(1041920K), 0.0024803 secs] [Times: user=0.01 sys=0.00, real=0.00 secs] 
26.174: [GC (Allocation Failure) [PSYoungGen: 95006K->5120K(97792K)] 751278K->676752K(1041920K), 0.0018950 secs] [Times: user=0.00 sys=0.00, real=0.00 secs] 
28.024: [GC (Allocation Failure) [PSYoungGen: 93982K->5120K(97792K)] 765614K->681872K(1041920K), 0.0012081 secs] [Times: user=0.00 sys=0.00, real=0.00 secs] 
29.662: [GC (Allocation Failure) [PSYoungGen: 95001K->5120K(97792K)] 925353K->845712K(1041920K), 0.0018765 secs] [Times: user=0.00 sys=0.00, real=0.00 secs] 
30.425: [Full GC (Ergonomics) [PSYoungGen: 95002K->0K(97792K)] [ParOldGen: 942992K->169489K(944128K)] 1037995K->169489K(1041920K), [Metaspace: 2793K->2793K(1056768K)], 0.0140159 secs] [Times: user=0.02 sys=0.00, real=0.01 secs] 
32.617: [GC (Allocation Failure) [PSYoungGen: 74524K->6144K(97792K)] 346413K->288273K(1041920K), 0.0017646 secs] [Times: user=0.00 sys=0.00, real=0.00 secs] 
33.484: [GC (Allocation Failure) [PSYoungGen: 96029K->6144K(97792K)] 480558K->396817K(1041920K), 0.0012376 secs] [Times: user=0.00 sys=0.00, real=0.00 secs] 
35.443: [GC (Allocation Failure) [PSYoungGen: 90909K->0K(97792K)] 635183K->564753K(1041920K), 0.0016012 secs] [Times: user=0.00 sys=0.00, real=0.00 secs] 
36.315: [GC (Allocation Failure) [PSYoungGen: 89886K->5120K(97792K)] 757039K->677393K(1041920K), 0.0013190 secs] [Times: user=0.00 sys=0.00, real=0.00 secs] 
38.060: [GC (Allocation Failure) [PSYoungGen: 95006K->5120K(97792K)] 920879K->861713K(1041920K), 0.0031372 secs] [Times: user=0.00 sys=0.00, real=0.00 secs] 
39.700: [Full GC (Ergonomics) [PSYoungGen: 88862K->0K(97792K)] [ParOldGen: 907793K->16384K(944128K)] 996655K->16384K(1041920K), [Metaspace: 2793K->2793K(1056768K)], 0.0036890 secs] [Times: user=0.00 sys=0.00, real=0.00 secs] 
40.576: [GC (Allocation Failure) [PSYoungGen: 89886K->5120K(97792K)] 208670K->123904K(1041920K), 0.0008663 secs] [Times: user=0.00 sys=0.00, real=0.00 secs] 
42.865: [GC (Allocation Failure) [PSYoungGen: 95391K->5152K(97792K)] 367775K->277544K(1041920K), 0.0013823 secs] [Times: user=0.00 sys=0.00, real=0.00 secs] 
44.719: [GC (Allocation Failure) [PSYoungGen: 91966K->6176K(97792K)] 517958K->447528K(1041920K), 0.0018320 secs] [Times: user=0.00 sys=0.00, real=0.00 secs] 
46.791: [GC (Allocation Failure) [PSYoungGen: 90942K->64K(97792K)] 685895K->605256K(1041920K), 0.0017606 secs] [Times: user=0.00 sys=0.00, real=0.00 secs] 
47.660: [GC (Allocation Failure) [PSYoungGen: 89950K->5184K(97792K)] 797542K->738376K(1041920K), 0.0029081 secs] [Times: user=0.00 sys=0.00, real=0.00 secs] 
49.406: [GC (Allocation Failure) [PSYoungGen: 95070K->5152K(97792K)] 981863K->897064K(1041920K), 0.0018317 secs] [Times: user=0.00 sys=0.00, real=0.00 secs] 
49.408: [Full GC (Ergonomics) [PSYoungGen: 5152K->0K(97792K)] [ParOldGen: 891912K->87569K(944128K)] 897064K->87569K(1041920K), [Metaspace: 2795K->2795K(1056768K)], 0.0078658 secs] [Times: user=0.00 sys=0.00, real=0.01 secs] 
51.055: [GC (Allocation Failure) [PSYoungGen: 78622K->5120K(97792K)] 319792K->256529K(1041920K), 0.0013257 secs] [Times: user=0.00 sys=0.00, real=0.00 secs] 
51.921: [GC (Allocation Failure) [PSYoungGen: 95006K->6144K(97792K)] 448816K->365073K(1041920K), 0.0011681 secs] [Times: user=0.00 sys=0.00, real=0.00 secs] 
53.667: [GC (Allocation Failure) [PSYoungGen: 96030K->6144K(97792K)] 608560K->524817K(1041920K), 0.0013871 secs] [Times: user=0.00 sys=0.00, real=0.00 secs] 
55.955: [GC (Allocation Failure) [PSYoungGen: 97054K->5120K(97792K)] 769328K->692753K(1041920K), 0.0021910 secs] [Times: user=0.00 sys=0.00, real=0.00 secs] 
58.133: [GC (Allocation Failure) [PSYoungGen: 89886K->5120K(97792K)] 931120K->846353K(1041920K), 0.0011850 secs] [Times: user=0.00 sys=0.00, real=0.00 secs] 
59.007: [Full GC (Ergonomics) [PSYoungGen: 95006K->0K(97792K)] [ParOldGen: 943633K->57344K(944128K)] 1038640K->57344K(1041920K), [Metaspace: 2796K->2796K(1056768K)], 0.0059495 secs] [Times: user=0.00 sys=0.00, real=0.01 secs] 
60.748: [GC (Allocation Failure) [PSYoungGen: 89886K->5120K(97792K)] 300831K->226304K(1041920K), 0.0017100 secs] [Times: user=0.00 sys=0.00, real=0.00 secs] 
62.374: [GC (Allocation Failure) [PSYoungGen: 78622K->5120K(97792K)] 453407K->390144K(1041920K), 0.0018466 secs] [Times: user=0.00 sys=0.00, real=0.00 secs] 
63.248: [GC (Allocation Failure) [PSYoungGen: 95006K->6144K(97792K)] 582431K->498688K(1041920K), 0.0018678 secs] [Times: user=0.00 sys=0.00, real=0.00 secs] 
64.991: [GC (Allocation Failure) [PSYoungGen: 96030K->6144K(97792K)] 742175K->667648K(1041920K), 0.0022487 secs] [Times: user=0.00 sys=0.00, real=0.00 secs] 
66.627: [GC (Allocation Failure) [PSYoungGen: 79646K->5120K(97792K)] 741151K->676864K(1041920K), 0.0023616 secs] [Times: user=0.00 sys=0.00, real=0.00 secs] 
67.499: [GC (Allocation Failure) [PSYoungGen: 94999K->5120K(97792K)] 869144K->809984K(1041920K), 0.0034463 secs] [Times: user=0.00 sys=0.00, real=0.00 secs] 
68.261: [GC (Allocation Failure) [PSYoungGen: 63258K->5120K(97792K)] 919322K->861184K(1041920K), 0.0021311 secs] [Times: user=0.00 sys=0.00, real=0.00 secs] 
68.264: [GC (Allocation Failure) [PSYoungGen: 5120K->5120K(97792K)] 861184K->861184K(1041920K), 0.0015460 secs] [Times: user=0.00 sys=0.00, real=0.00 secs] 
68.265: [Full GC (Allocation Failure) [PSYoungGen: 5120K->0K(97792K)] [ParOldGen: 856064K->82449K(944128K)] 861184K->82449K(1041920K), [Metaspace: 2796K->2796K(1056768K)], 0.0070102 secs] [Times: user=0.00 sys=0.00, real=0.01 secs] 
70.237: [GC (Allocation Failure) [PSYoungGen: 86811K->5120K(97792K)] 374061K->292369K(1041920K), 0.0007486 secs] [Times: user=0.00 sys=0.00, real=0.00 secs] 
71.983: [GC (Allocation Failure) [PSYoungGen: 95005K->6144K(97792K)] 535854K->452113K(1041920K), 0.0012613 secs] [Times: user=0.00 sys=0.00, real=0.00 secs] 
73.729: [GC (Allocation Failure) [PSYoungGen: 80669K->0K(97792K)] 680239K->620049K(1041920K), 0.0016741 secs] [Times: user=0.01 sys=0.00, real=0.00 secs] 
74.605: [GC (Allocation Failure) [PSYoungGen: 89886K->5120K(97792K)] 812335K->732689K(1041920K), 0.0017537 secs] [Times: user=0.00 sys=0.00, real=0.00 secs] 
76.344: [GC (Allocation Failure) [PSYoungGen: 95006K->5120K(97792K)] 976176K->906769K(1041920K), 0.0021682 secs] [Times: user=0.00 sys=0.00, real=0.00 secs] 
76.347: [Full GC (Ergonomics) [PSYoungGen: 5120K->0K(97792K)] [ParOldGen: 901649K->36369K(944128K)] 906769K->36369K(1041920K), [Metaspace: 2796K->2796K(1056768K)], 0.0044998 secs] [Times: user=0.00 sys=0.00, real=0.00 secs] 
77.979: [GC (Allocation Failure) [PSYoungGen: 88862K->5120K(97792K)] 125231K->51729K(1041920K), 0.0012578 secs] [Times: user=0.02 sys=0.00, real=0.00 secs] 
78.847: [GC (Allocation Failure) [PSYoungGen: 94993K->5120K(97792K)] 244002K->210449K(1041920K), 0.0047451 secs] [Times: user=0.00 sys=0.00, real=0.00 secs] 
81.351: [GC (Allocation Failure) [PSYoungGen: 91926K->2048K(97792K)] 553255K->463377K(1041920K), 0.0011237 secs] [Times: user=0.00 sys=0.00, real=0.00 secs] 
83.093: [GC (Allocation Failure) [PSYoungGen: 91929K->6144K(97792K)] 706858K->627217K(1041920K), 0.0014059 secs] [Times: user=0.00 sys=0.00, real=0.00 secs] 
85.060: [GC (Allocation Failure) [PSYoungGen: 90907K->0K(97792K)] 865580K->795153K(1041920K), 0.0018821 secs] [Times: user=0.00 sys=0.00, real=0.00 secs] 
85.936: [Full GC (Ergonomics) [PSYoungGen: 89884K->0K(97792K)] [ParOldGen: 897553K->21009K(944128K)] 987438K->21009K(1041920K), [Metaspace: 2796K->2796K(1056768K)], 0.0035921 secs] [Times: user=0.00 sys=0.00, real=0.00 secs] 
87.677: [GC (Allocation Failure) [PSYoungGen: 89885K->5120K(97792K)] 264494K->205329K(1041920K), 0.0026307 secs] [Times: user=0.00 sys=0.00, real=0.00 secs] 
89.314: [GC (Allocation Failure) [PSYoungGen: 88861K->5120K(97792K)] 340271K->266769K(1041920K), 0.0017256 secs] [Times: user=0.00 sys=0.00, real=0.00 secs] 
90.182: [GC (Allocation Failure) [PSYoungGen: 95006K->5120K(97792K)] 459055K->374289K(1041920K), 0.0012352 secs] [Times: user=0.00 sys=0.00, real=0.00 secs] 
92.581: [GC (Allocation Failure) [PSYoungGen: 96030K->1024K(97792K)] 618800K->523793K(1041920K), 0.0012478 secs] [Times: user=0.00 sys=0.00, real=0.00 secs] 
94.434: [GC (Allocation Failure) [PSYoungGen: 91934K->6144K(97792K)] 768304K->697873K(1041920K), 0.0021175 secs] [Times: user=0.00 sys=0.00, real=0.00 secs] 
96.403: [GC (Allocation Failure) [PSYoungGen: 85790K->0K(97792K)] 931120K->855569K(1041920K), 0.0015245 secs] [Times: user=0.00 sys=0.00, real=0.00 secs] 
96.622: [GC (Allocation Failure) [PSYoungGen: 73502K->0K(97792K)] 929072K->927249K(1041920K), 0.0058311 secs] [Times: user=0.00 sys=0.00, real=0.01 secs] 
96.628: [Full GC (Ergonomics) [PSYoungGen: 0K->0K(97792K)] [ParOldGen: 927249K->72209K(944128K)] 927249K->72209K(1041920K), [Metaspace: 2796K->2796K(1056768K)], 0.0073202 secs] [Times: user=0.00 sys=0.00, real=0.01 secs] 
98.588: [GC (Allocation Failure) [PSYoungGen: 86808K->5120K(97792K)] 415017K->338449K(1041920K), 0.0010517 secs] [Times: user=0.00 sys=0.00, real=0.00 secs] 
100.547: [GC (Allocation Failure) [PSYoungGen: 93978K->5120K(97792K)] 580907K->502289K(1041920K), 0.0014583 secs] [Times: user=0.00 sys=0.00, real=0.00 secs] 
101.307: [GC (Allocation Failure) [PSYoungGen: 95003K->6144K(97792K)] 694573K->610833K(1041920K), 0.0011127 secs] [Times: user=0.00 sys=0.00, real=0.00 secs] 
103.051: [GC (Allocation Failure) [PSYoungGen: 96029K->6144K(97792K)] 854318K->770577K(1041920K), 0.0018853 secs] [Times: user=0.00 sys=0.00, real=0.00 secs] 
104.907: [GC (Allocation Failure) [PSYoungGen: 79645K->5120K(97792K)] 844079K->790033K(1041920K), 0.0020221 secs] [Times: user=0.00 sys=0.00, real=0.00 secs] 
105.779: [Full GC (Ergonomics) [PSYoungGen: 94999K->0K(97792K)] [ParOldGen: 887313K->26129K(944128K)] 982312K->26129K(1041920K), [Metaspace: 2796K->2796K(1056768K)], 0.0047840 secs] [Times: user=0.00 sys=0.00, real=0.00 secs] 
107.742: [GC (Allocation Failure) [PSYoungGen: 74521K->5120K(97792K)] 254251K->184849K(1041920K), 0.0007353 secs] [Times: user=0.00 sys=0.00, real=0.00 secs] 
108.615: [GC (Allocation Failure) [PSYoungGen: 95003K->5120K(97792K)] 377133K->338449K(1041920K), 0.0045885 secs] [Times: user=0.00 sys=0.00, real=0.00 secs] 
110.362: [GC (Allocation Failure) [PSYoungGen: 95004K->5120K(97792K)] 581934K->502289K(1041920K), 0.0013384 secs] [Times: user=0.00 sys=0.00, real=0.00 secs] 
112.000: [GC (Allocation Failure) [PSYoungGen: 78621K->5120K(97792K)] 729391K->666129K(1041920K), 0.0015081 secs] [Times: user=0.00 sys=0.00, real=0.00 secs] 
112.875: [GC (Allocation Failure) [PSYoungGen: 95005K->6144K(97792K)] 858415K->774673K(1041920K), 0.0016403 secs] [Times: user=0.00 sys=0.00, real=0.00 secs] 
114.619: [Full GC (Ergonomics) [PSYoungGen: 96030K->0K(97792K)] [ParOldGen: 922129K->27648K(944128K)] 1018159K->27648K(1041920K), [Metaspace: 2796K->2796K(1056768K)], 0.0043800 secs] [Times: user=0.06 sys=0.00, real=0.00 secs] 
116.248: [GC (Allocation Failure) [PSYoungGen: 73502K->5120K(97792K)] 101150K->43008K(1041920K), 0.0016364 secs] [Times: user=0.00 sys=0.00, real=0.00 secs] 
117.119: [GC (Allocation Failure) [PSYoungGen: 94999K->5120K(97792K)] 235287K->176128K(1041920K), 0.0028458 secs] [Times: user=0.02 sys=0.00, real=0.00 secs] 
119.747: [GC (Allocation Failure) [PSYoungGen: 91930K->5120K(97792K)] 570138K->483328K(1041920K), 0.0013127 secs] [Times: user=0.00 sys=0.00, real=0.00 secs] 
121.489: [GC (Allocation Failure) [PSYoungGen: 95003K->6144K(97792K)] 726812K->643072K(1041920K), 0.0020724 secs] [Times: user=0.00 sys=0.00, real=0.00 secs] 
123.341: [GC (Allocation Failure) [PSYoungGen: 85788K->0K(97792K)] 876317K->811008K(1041920K), 0.0024642 secs] [Times: user=0.00 sys=0.00, real=0.00 secs] 
124.211: [Full GC (Ergonomics) [PSYoungGen: 89885K->0K(97792K)] [ParOldGen: 913408K->21009K(944128K)] 1003293K->21009K(1041920K), [Metaspace: 2796K->2796K(1056768K)], 0.0036986 secs] [Times: user=0.00 sys=0.00, real=0.00 secs] 
125.961: [GC (Allocation Failure) [PSYoungGen: 89886K->5120K(97792K)] 264495K->195089K(1041920K), 0.0017334 secs] [Times: user=0.00 sys=0.00, real=0.00 secs] 
127.596: [GC (Allocation Failure) [PSYoungGen: 93982K->5120K(97792K)] 283951K->205329K(1041920K), 0.0015241 secs] [Times: user=0.00 sys=0.00, real=0.00 secs] 
128.469: [GC (Allocation Failure) [PSYoungGen: 95000K->5120K(97792K)] 397610K->364049K(1041920K), 0.0052869 secs] [Times: user=0.00 sys=0.00, real=0.01 secs] 
130.978: [GC (Allocation Failure) [PSYoungGen: 91931K->2048K(97792K)] 706860K->616977K(1041920K), 0.0008864 secs] [Times: user=0.00 sys=0.00, real=0.00 secs] 
132.719: [GC (Allocation Failure) [PSYoungGen: 91932K->6144K(97792K)] 860461K->780817K(1041920K), 0.0015512 secs] [Times: user=0.00 sys=0.00, real=0.00 secs] 
134.692: [Full GC (Ergonomics) [PSYoungGen: 90909K->0K(97792K)] [ParOldGen: 928273K->11264K(944128K)] 1019182K->11264K(1041920K), [Metaspace: 2796K->2796K(1056768K)], 0.0042679 secs] [Times: user=0.00 sys=0.00, real=0.00 secs] 
135.563: [GC (Allocation Failure) [PSYoungGen: 89885K->5120K(97792K)] 203549K->123904K(1041920K), 0.0009935 secs] [Times: user=0.00 sys=0.00, real=0.00 secs] 
137.311: [GC (Allocation Failure) [PSYoungGen: 95006K->5120K(97792K)] 367390K->303104K(1041920K), 0.0025647 secs] [Times: user=0.00 sys=0.00, real=0.00 secs] 
138.950: [GC (Allocation Failure) [PSYoungGen: 88862K->5120K(97792K)] 438046K->364544K(1041920K), 0.0016059 secs] [Times: user=0.00 sys=0.00, real=0.00 secs] 
139.827: [GC (Allocation Failure) [PSYoungGen: 95006K->5120K(97792K)] 556830K->472064K(1041920K), 0.0016619 secs] [Times: user=0.00 sys=0.00, real=0.00 secs] 
142.231: [GC (Allocation Failure) [PSYoungGen: 96030K->1024K(97792K)] 716574K->621568K(1041920K), 0.0011560 secs] [Times: user=0.00 sys=0.00, real=0.00 secs] 
144.095: [GC (Allocation Failure) [PSYoungGen: 91934K->6144K(97792K)] 866079K->795648K(1041920K), 0.0029842 secs] [Times: user=0.00 sys=0.00, real=0.00 secs] 
146.061: [Full GC (Ergonomics) [PSYoungGen: 85790K->0K(97792K)] [ParOldGen: 943104K->11264K(944128K)] 1028895K->11264K(1041920K), [Metaspace: 2796K->2796K(1056768K)], 0.0033908 secs] [Times: user=0.00 sys=0.00, real=0.00 secs] 
146.936: [GC (Allocation Failure) [PSYoungGen: 89886K->5120K(97792K)] 203550K->144384K(1041920K), 0.0021974 secs] [Times: user=0.00 sys=0.00, real=0.00 secs] 
148.686: [GC (Allocation Failure) [PSYoungGen: 95006K->5120K(97792K)] 387870K->303104K(1041920K), 0.0016556 secs] [Times: user=0.00 sys=0.00, real=0.00 secs] 
150.322: [GC (Allocation Failure) [PSYoungGen: 83742K->5120K(97792K)] 535326K->466944K(1041920K), 0.0019801 secs] [Times: user=0.00 sys=0.00, real=0.00 secs] 
151.196: [GC (Allocation Failure) [PSYoungGen: 95006K->6144K(97792K)] 659230K->575488K(1041920K), 0.0019143 secs] [Times: user=0.00 sys=0.00, real=0.00 secs] 
152.939: [GC (Allocation Failure) [PSYoungGen: 96030K->2048K(97792K)] 818975K->735232K(1041920K), 0.0021427 secs] [Times: user=0.00 sys=0.00, real=0.00 secs] 
155.231: [GC (Allocation Failure) [PSYoungGen: 92958K->5120K(97792K)] 979743K->907264K(1041920K), 0.0024473 secs] [Times: user=0.00 sys=0.00, real=0.00 secs] 
155.233: [Full GC (Ergonomics) [PSYoungGen: 5120K->0K(97792K)] [ParOldGen: 902144K->21009K(944128K)] 907264K->21009K(1041920K), [Metaspace: 2796K->2796K(1056768K)], 0.0039247 secs] [Times: user=0.00 sys=0.00, real=0.00 secs] 
157.412: [GC (Allocation Failure) [PSYoungGen: 84766K->5120K(97792K)] 259376K->179729K(1041920K), 0.0007444 secs] [Times: user=0.00 sys=0.00, real=0.00 secs] 
158.282: [GC (Allocation Failure) [PSYoungGen: 95006K->5120K(97792K)] 372016K->333329K(1041920K), 0.0047012 secs] [Times: user=0.00 sys=0.00, real=0.00 secs] 
160.027: [GC (Allocation Failure) [PSYoungGen: 95006K->5120K(97792K)] 576816K->497169K(1041920K), 0.0014177 secs] [Times: user=0.00 sys=0.00, real=0.00 secs] 
161.667: [GC (Allocation Failure) [PSYoungGen: 78622K->5120K(97792K)] 724272K->661009K(1041920K), 0.0016584 secs] [Times: user=0.02 sys=0.00, real=0.00 secs] 
162.542: [GC (Allocation Failure) [PSYoungGen: 95006K->6144K(97792K)] 853296K->769553K(1041920K), 0.0014672 secs] [Times: user=0.00 sys=0.00, real=0.00 secs] 
164.289: [Full GC (Ergonomics) [PSYoungGen: 96030K->0K(97792K)] [ParOldGen: 917009K->27648K(944128K)] 1013040K->27648K(1041920K), [Metaspace: 2796K->2796K(1056768K)], 0.0041267 secs] [Times: user=0.00 sys=0.00, real=0.00 secs] 
165.927: [GC (Allocation Failure) [PSYoungGen: 73502K->5120K(97792K)] 101150K->43008K(1041920K), 0.0014753 secs] [Times: user=0.00 sys=0.00, real=0.00 secs] 
166.802: [GC (Allocation Failure) [PSYoungGen: 94999K->5120K(97792K)] 235288K->176128K(1041920K), 0.0028764 secs] [Times: user=0.00 sys=0.00, real=0.00 secs] 
169.416: [GC (Allocation Failure) [PSYoungGen: 91930K->5120K(97792K)] 570138K->483328K(1041920K), 0.0018303 secs] [Times: user=0.00 sys=0.00, real=0.00 secs] 
171.162: [GC (Allocation Failure) [PSYoungGen: 95004K->6144K(97792K)] 726812K->643072K(1041920K), 0.0020369 secs] [Times: user=0.00 sys=0.00, real=0.00 secs] 
173.012: [GC (Allocation Failure) [PSYoungGen: 85789K->0K(97792K)] 876317K->811008K(1041920K), 0.0021318 secs] [Times: user=0.00 sys=0.00, real=0.00 secs] 
173.885: [Full GC (Ergonomics) [PSYoungGen: 89885K->0K(97792K)] [ParOldGen: 913408K->21009K(944128K)] 1003293K->21009K(1041920K), [Metaspace: 2796K->2796K(1056768K)], 0.0040429 secs] [Times: user=0.00 sys=0.00, real=0.00 secs] 
175.636: [GC (Allocation Failure) [PSYoungGen: 89886K->5120K(97792K)] 264495K->195089K(1041920K), 0.0022031 secs] [Times: user=0.00 sys=0.00, real=0.00 secs] 
177.271: [GC (Allocation Failure) [PSYoungGen: 93982K->5120K(97792K)] 283951K->205329K(1041920K), 0.0015249 secs] [Times: user=0.00 sys=0.00, real=0.00 secs] 
178.145: [GC (Allocation Failure) [PSYoungGen: 95000K->5120K(97792K)] 397610K->364049K(1041920K), 0.0052757 secs] [Times: user=0.00 sys=0.00, real=0.01 secs] 
180.655: [GC (Allocation Failure) [PSYoungGen: 91931K->2048K(97792K)] 706860K->616977K(1041920K), 0.0011942 secs] [Times: user=0.00 sys=0.00, real=0.00 secs] 
182.400: [GC (Allocation Failure) [PSYoungGen: 91932K->6144K(97792K)] 860461K->780817K(1041920K), 0.0014311 secs] [Times: user=0.00 sys=0.00, real=0.00 secs] 
184.361: [Full GC (Ergonomics) [PSYoungGen: 90909K->0K(97792K)] [ParOldGen: 928273K->11264K(944128K)] 1019182K->11264K(1041920K), [Metaspace: 2796K->2796K(1056768K)], 0.0031517 secs] [Times: user=0.00 sys=0.00, real=0.00 secs] 
185.234: [GC (Allocation Failure) [PSYoungGen: 89885K->5120K(97792K)] 203549K->123904K(1041920K), 0.0012709 secs] [Times: user=0.00 sys=0.00, real=0.00 secs] 
186.981: [GC (Allocation Failure) [PSYoungGen: 95006K->5120K(97792K)] 367390K->308224K(1041920K), 0.0027514 secs] [Times: user=0.00 sys=0.00, real=0.00 secs] 
188.618: [GC (Allocation Failure) [PSYoungGen: 88862K->5120K(97792K)] 443166K->369664K(1041920K), 0.0018768 secs] [Times: user=0.00 sys=0.00, real=0.00 secs] 
189.488: [GC (Allocation Failure) [PSYoungGen: 95006K->5120K(97792K)] 561950K->477184K(1041920K), 0.0017209 secs] [Times: user=0.00 sys=0.00, real=0.00 secs] 
191.888: [GC (Allocation Failure) [PSYoungGen: 96030K->1056K(97792K)] 721694K->626720K(1041920K), 0.0014068 secs] [Times: user=0.00 sys=0.00, real=0.00 secs] 
193.743: [GC (Allocation Failure) [PSYoungGen: 91966K->6176K(97792K)] 871231K->800800K(1041920K), 0.0030068 secs] [Times: user=0.00 sys=0.00, real=0.00 secs] 
194.509: [GC (Allocation Failure) [PSYoungGen: 64318K->1056K(97792K)] 910143K->857120K(1041920K), 0.0020047 secs] [Times: user=0.00 sys=0.00, real=0.00 secs] 
194.511: [GC (Allocation Failure) [PSYoungGen: 1056K->1056K(97792K)] 857120K->857120K(1041920K), 0.0023395 secs] [Times: user=0.02 sys=0.00, real=0.00 secs] 
194.513: [Full GC (Allocation Failure) [PSYoungGen: 1056K->0K(97792K)] [ParOldGen: 856064K->78353K(944128K)] 857120K->78353K(1041920K), [Metaspace: 2796K->2796K(1056768K)], 0.0074015 secs] [Times: user=0.00 sys=0.00, real=0.01 secs] 
197.034: [GC (Allocation Failure) [PSYoungGen: 86814K->5120K(97792K)] 421168K->370193K(1041920K), 0.0026891 secs] [Times: user=0.00 sys=0.00, real=0.00 secs] 
197.798: [GC (Allocation Failure) [PSYoungGen: 95006K->5120K(97792K)] 562480K->528913K(1041920K), 0.0052810 secs] [Times: user=0.00 sys=0.00, real=0.01 secs] 
199.766: [GC (Allocation Failure) [PSYoungGen: 88862K->5120K(97792K)] 766256K->687633K(1041920K), 0.0015997 secs] [Times: user=0.00 sys=0.00, real=0.00 secs] 
201.301: [GC (Allocation Failure) [PSYoungGen: 89886K->6144K(97792K)] 926000K->857618K(1041920K), 0.0019436 secs] [Times: user=0.00 sys=0.00, real=0.00 secs] 
201.629: [GC (Allocation Failure) [PSYoungGen: 89886K->6144K(97792K)] 941360K->908818K(1041920K), 0.0047259 secs] [Times: user=0.00 sys=0.00, real=0.00 secs] 
201.634: [Full GC (Ergonomics) [PSYoungGen: 6144K->0K(97792K)] [ParOldGen: 902674K->62993K(944128K)] 908818K->62993K(1041920K), [Metaspace: 2796K->2796K(1056768K)], 0.0063928 secs] [Times: user=0.00 sys=0.00, real=0.01 secs] 
204.147: [GC (Allocation Failure) [PSYoungGen: 85784K->5120K(97792K)] 251178K->180753K(1041920K), 0.0013428 secs] [Times: user=0.00 sys=0.00, real=0.00 secs] 
204.911: [GC (Allocation Failure) [PSYoungGen: 95002K->5120K(97792K)] 373036K->298513K(1041920K), 0.0019221 secs] [Times: user=0.00 sys=0.00, real=0.00 secs] 
207.088: [GC (Allocation Failure) [PSYoungGen: 89884K->5120K(97792K)] 536878K->452113K(1041920K), 0.0008861 secs] [Times: user=0.00 sys=0.00, real=0.00 secs] 
207.956: [GC (Allocation Failure) [PSYoungGen: 95005K->5120K(97792K)] 644399K->605713K(1041920K), 0.0053827 secs] [Times: user=0.00 sys=0.00, real=0.01 secs] 
209.698: [GC (Allocation Failure) [PSYoungGen: 95005K->5120K(97792K)] 849199K->769554K(1041920K), 0.0013856 secs] [Times: user=0.05 sys=0.00, real=0.00 secs] 
211.330: [Full GC (Ergonomics) [PSYoungGen: 78622K->0K(97792K)] [ParOldGen: 918034K->16384K(944128K)] 996656K->16384K(1041920K), [Metaspace: 2796K->2796K(1056768K)], 0.0037639 secs] [Times: user=0.00 sys=0.00, real=0.00 secs] 
212.203: [GC (Allocation Failure) [PSYoungGen: 89886K->6144K(97792K)] 208670K->124928K(1041920K), 0.0013146 secs] [Times: user=0.00 sys=0.00, real=0.00 secs] 
213.948: [GC (Allocation Failure) [PSYoungGen: 96030K->6144K(97792K)] 368414K->293888K(1041920K), 0.0018099 secs] [Times: user=0.00 sys=0.00, real=0.00 secs] 
215.585: [GC (Allocation Failure) [PSYoungGen: 79646K->5120K(97792K)] 367390K->303104K(1041920K), 0.0015480 secs] [Times: user=0.00 sys=0.00, real=0.00 secs] 
216.455: [GC (Allocation Failure) [PSYoungGen: 94999K->5120K(97792K)] 495383K->436224K(1041920K), 0.0031149 secs] [Times: user=0.00 sys=0.00, real=0.00 secs] 
Heap
 PSYoungGen      total 97792K, used 86585K [0x00000000f9a00000, 0x0000000100000000, 0x0000000100000000)
  eden space 91136K, 89% used [0x00000000f9a00000,0x00000000fe98e5b8,0x00000000ff300000)
  from space 6656K, 76% used [0x00000000ff300000,0x00000000ff800010,0x00000000ff980000)
  to   space 6656K, 0% used [0x00000000ff980000,0x00000000ff980000,0x0000000100000000)
 ParOldGen       total 944128K, used 584704K [0x00000000c0000000, 0x00000000f9a00000, 0x00000000f9a00000)
  object space 944128K, 61% used [0x00000000c0000000,0x00000000e3b000e0,0x00000000f9a00000)
 Metaspace       used 2804K, capacity 4486K, committed 4864K, reserved 1056768K
  class space    used 297K, capacity 386K, committed 512K, reserved 1048576K
