Java HotSpot(TM) 64-Bit Server VM (25.411-b09) for windows-amd64 JRE (1.8.0_411-b09), built on Mar 13 2024 07:26:13 by "java_re" with MS VC++ 17.1 (VS2022)
Memory: 4k page, physical 33403376k(14581836k free), swap 37153868k(7584952k free)
CommandLine flags: -XX:InitialHeapSize=536870912 -XX:MaxHeapSize=536870912 -XX:NewRatio=2 -XX:ParallelGCThreads=6 -XX:+PrintGC -XX:+PrintGCDetails -XX:+PrintGCTimeStamps -XX:SurvivorRatio=3 -XX:-UseAdaptiveSizePolicy -XX:+UseCompressedClassPointers -XX:+UseCompressedOops -XX:-UseLargePagesIndividualAllocation -XX:+UseParallelGC 
1.262: [GC (Allocation Failure) [PSYoungGen: 76902K->26264K(139776K)] 76902K->26272K(489472K), 0.0070603 secs] [Times: user=0.00 sys=0.00, real=0.01 secs] 
2.509: [GC (Allocation Failure) [PSYoungGen: 121490K->22168K(139776K)] 223898K->124576K(489472K), 0.0047921 secs] [Times: user=0.00 sys=0.00, real=0.00 secs] 
3.524: [GC (Allocation Failure) [PSYoungGen: 123572K->18008K(139776K)] 328380K->222816K(489472K), 0.0013650 secs] [Times: user=0.00 sys=0.00, real=0.00 secs] 
5.598: [GC (Allocation Failure) [PSYoungGen: 117363K->31336K(139776K)] 322171K->241264K(489472K), 0.0047439 secs] [Times: user=0.00 sys=0.00, real=0.00 secs] 
6.832: [GC (Allocation Failure) [PSYoungGen: 127663K->26288K(139776K)] 439991K->338616K(489472K), 0.0020490 secs] [Times: user=0.00 sys=0.00, real=0.00 secs] 
7.160: [GC (Allocation Failure) --[PSYoungGen: 111346K->111346K(139776K)] 423674K->428802K(489472K), 0.0032444 secs] [Times: user=0.00 sys=0.00, real=0.00 secs] 
7.163: [Full GC (Ergonomics) [PSYoungGen: 111346K->0K(139776K)] [ParOldGen: 317456K->92688K(349696K)] 428802K->92688K(489472K), [Metaspace: 2759K->2759K(1056768K)], 0.0120170 secs] [Times: user=0.00 sys=0.00, real=0.01 secs] 
7.503: [GC (Allocation Failure) [PSYoungGen: 104492K->1024K(139776K)] 197181K->93712K(489472K), 0.0005290 secs] [Times: user=0.00 sys=0.00, real=0.00 secs] 
9.139: [GC (Allocation Failure) [PSYoungGen: 102464K->5120K(139776K)] 297553K->251408K(489472K), 0.0050532 secs] [Times: user=0.02 sys=0.00, real=0.01 secs] 
9.902: [GC (Allocation Failure) [PSYoungGen: 68647K->25600K(139776K)] 314935K->271889K(489472K), 0.0024516 secs] [Times: user=0.00 sys=0.00, real=0.00 secs] 
11.225: [Full GC (Ergonomics) [PSYoungGen: 130091K->0K(139776K)] [ParOldGen: 348688K->174608K(349696K)] 478780K->174608K(489472K), [Metaspace: 2761K->2761K(1056768K)], 0.0133826 secs] [Times: user=0.00 sys=0.00, real=0.01 secs] 
12.659: [GC (Allocation Failure) [PSYoungGen: 104960K->15424K(139776K)] 381968K->292440K(489472K), 0.0015440 secs] [Times: user=0.00 sys=0.00, real=0.00 secs] 
12.877: [GC (Allocation Failure) [PSYoungGen: 89199K->5216K(139776K)] 366216K->333440K(489472K), 0.0045361 secs] [Times: user=0.00 sys=0.00, real=0.00 secs] 
12.882: [Full GC (Ergonomics) [PSYoungGen: 5216K->0K(139776K)] [ParOldGen: 328224K->56849K(349696K)] 333440K->56849K(489472K), [Metaspace: 2763K->2763K(1056768K)], 0.0052351 secs] [Times: user=0.00 sys=0.00, real=0.01 secs] 
13.219: [GC (Allocation Failure) [PSYoungGen: 104486K->2048K(139776K)] 161335K->58897K(489472K), 0.0005101 secs] [Times: user=0.00 sys=0.00, real=0.00 secs] 
14.205: [GC (Allocation Failure) [PSYoungGen: 75804K->31744K(139776K)] 132653K->88593K(489472K), 0.0023417 secs] [Times: user=0.00 sys=0.00, real=0.00 secs] 
15.404: [GC (Allocation Failure) [PSYoungGen: 128072K->26624K(139776K)] 287321K->185873K(489472K), 0.0018752 secs] [Times: user=0.00 sys=0.00, real=0.00 secs] 
17.043: [GC (Allocation Failure) [PSYoungGen: 110633K->25600K(139776K)] 269882K->205329K(489472K), 0.0026050 secs] [Times: user=0.00 sys=0.00, real=0.00 secs] 
18.349: [GC (Allocation Failure) [PSYoungGen: 130093K->20480K(139776K)] 412222K->302609K(489472K), 0.0017070 secs] [Times: user=0.00 sys=0.00, real=0.00 secs] 
18.568: [GC (Allocation Failure) --[PSYoungGen: 94255K->94255K(139776K)] 376384K->427584K(489472K), 0.0049578 secs] [Times: user=0.00 sys=0.00, real=0.00 secs] 
18.573: [Full GC (Ergonomics) [PSYoungGen: 94255K->0K(139776K)] [ParOldGen: 333329K->82449K(349696K)] 427584K->82449K(489472K), [Metaspace: 2770K->2770K(1056768K)], 0.0070163 secs] [Times: user=0.00 sys=0.00, real=0.01 secs] 
18.911: [GC (Allocation Failure) [PSYoungGen: 104496K->1024K(139776K)] 186945K->83473K(489472K), 0.0005611 secs] [Times: user=0.00 sys=0.00, real=0.00 secs] 
20.873: [GC (Allocation Failure) [PSYoungGen: 102469K->10240K(139776K)] 287318K->195089K(489472K), 0.0009217 secs] [Times: user=0.00 sys=0.00, real=0.00 secs] 
21.855: [GC (Allocation Failure) [PSYoungGen: 114728K->11264K(139776K)] 401977K->298513K(489472K), 0.0010953 secs] [Times: user=0.00 sys=0.00, real=0.00 secs] 
22.722: [GC (Allocation Failure) [PSYoungGen: 79916K->31744K(139776K)] 367165K->318993K(489472K), 0.0025932 secs] [Times: user=0.00 sys=0.00, real=0.00 secs] 
22.831: [GC (Allocation Failure) [PSYoungGen: 85038K->11264K(139776K)] 372287K->349713K(489472K), 0.0048358 secs] [Times: user=0.00 sys=0.00, real=0.00 secs] 
22.836: [Full GC (Ergonomics) [PSYoungGen: 11264K->0K(139776K)] [ParOldGen: 338449K->165393K(349696K)] 349713K->165393K(489472K), [Metaspace: 2779K->2779K(1056768K)], 0.0117569 secs] [Times: user=0.00 sys=0.00, real=0.01 secs] 
23.723: [GC (Allocation Failure) [PSYoungGen: 104467K->1024K(139776K)] 269860K->166417K(489472K), 0.0008550 secs] [Times: user=0.00 sys=0.00, real=0.00 secs] 
24.707: [GC (Allocation Failure) [PSYoungGen: 105984K->20480K(139776K)] 373777K->288273K(489472K), 0.0017870 secs] [Times: user=0.00 sys=0.00, real=0.00 secs] 
25.579: [GC (Allocation Failure) [PSYoungGen: 89125K->30720K(139776K)] 356918K->313873K(489472K), 0.0033160 secs] [Times: user=0.00 sys=0.00, real=0.00 secs] 
25.689: [GC (Allocation Failure) [PSYoungGen: 84010K->10240K(139776K)] 367163K->344593K(489472K), 0.0045975 secs] [Times: user=0.00 sys=0.00, real=0.00 secs] 
25.693: [Full GC (Ergonomics) [PSYoungGen: 10240K->0K(139776K)] [ParOldGen: 334353K->77329K(349696K)] 344593K->77329K(489472K), [Metaspace: 2779K->2779K(1056768K)], 0.0064739 secs] [Times: user=0.00 sys=0.00, real=0.01 secs] 
26.033: [GC (Allocation Failure) [PSYoungGen: 104464K->1024K(139776K)] 181793K->78353K(489472K), 0.0003615 secs] [Times: user=0.00 sys=0.00, real=0.00 secs] 
28.111: [GC (Allocation Failure) [PSYoungGen: 100380K->10240K(139776K)] 177710K->87569K(489472K), 0.0009670 secs] [Times: user=0.00 sys=0.00, real=0.00 secs] 
28.983: [GC (Allocation Failure) [PSYoungGen: 112102K->10272K(139776K)] 291831K->241209K(489472K), 0.0050860 secs] [Times: user=0.01 sys=0.00, real=0.00 secs] 
29.856: [GC (Allocation Failure) [PSYoungGen: 78911K->30752K(139776K)] 309849K->261689K(489472K), 0.0024717 secs] [Times: user=0.00 sys=0.00, real=0.00 secs] 
31.387: [Full GC (Ergonomics) [PSYoungGen: 109638K->0K(139776K)] [ParOldGen: 333337K->6144K(349696K)] 442975K->6144K(489472K), [Metaspace: 2793K->2793K(1056768K)], 0.0023623 secs] [Times: user=0.00 sys=0.00, real=0.00 secs] 
31.716: [GC (Allocation Failure) [PSYoungGen: 104490K->2048K(139776K)] 110635K->8192K(489472K), 0.0004398 secs] [Times: user=0.00 sys=0.00, real=0.00 secs] 
32.698: [GC (Allocation Failure) [PSYoungGen: 75807K->26624K(139776K)] 81951K->32768K(489472K), 0.0022366 secs] [Times: user=0.00 sys=0.00, real=0.00 secs] 
34.009: [GC (Allocation Failure) [PSYoungGen: 131110K->27648K(139776K)] 239654K->136192K(489472K), 0.0018582 secs] [Times: user=0.00 sys=0.00, real=0.00 secs] 
35.432: [GC (Allocation Failure) [PSYoungGen: 127018K->20480K(139776K)] 337962K->231424K(489472K), 0.0015789 secs] [Times: user=0.00 sys=0.00, real=0.00 secs] 
36.635: [Full GC (Ergonomics) [PSYoungGen: 124973K->0K(139776K)] [ParOldGen: 313344K->21504K(349696K)] 438318K->21504K(489472K), [Metaspace: 2793K->2793K(1056768K)], 0.0033834 secs] [Times: user=0.00 sys=0.00, real=0.00 secs] 
37.620: [GC (Allocation Failure) [PSYoungGen: 104495K->25600K(139776K)] 228399K->149504K(489472K), 0.0023270 secs] [Times: user=0.00 sys=0.00, real=0.00 secs] 
38.383: [GC (Allocation Failure) [PSYoungGen: 89136K->25600K(139776K)] 213041K->169984K(489472K), 0.0029954 secs] [Times: user=0.00 sys=0.00, real=0.00 secs] 
39.696: [GC (Allocation Failure) [PSYoungGen: 119857K->15360K(139776K)] 264241K->159744K(489472K), 0.0015234 secs] [Times: user=0.00 sys=0.00, real=0.00 secs] 
40.785: [GC (Allocation Failure) [PSYoungGen: 116803K->15360K(139776K)] 363587K->262144K(489472K), 0.0012701 secs] [Times: user=0.00 sys=0.00, real=0.00 secs] 
41.769: [Full GC (Ergonomics) [PSYoungGen: 119847K->0K(139776K)] [ParOldGen: 349184K->119313K(349696K)] 469032K->119313K(489472K), [Metaspace: 2793K->2793K(1056768K)], 0.0095312 secs] [Times: user=0.00 sys=0.00, real=0.01 secs] 
44.080: [GC (Allocation Failure) [PSYoungGen: 99371K->31744K(139776K)] 218685K->151057K(489472K), 0.0024377 secs] [Times: user=0.00 sys=0.00, real=0.00 secs] 
45.389: [GC (Allocation Failure) [PSYoungGen: 136238K->26624K(139776K)] 357951K->258577K(489472K), 0.0022531 secs] [Times: user=0.00 sys=0.00, real=0.00 secs] 
46.807: [Full GC (Ergonomics) [PSYoungGen: 120879K->0K(139776K)] [ParOldGen: 334353K->11264K(349696K)] 455233K->11264K(489472K), [Metaspace: 2795K->2795K(1056768K)], 0.0028177 secs] [Times: user=0.00 sys=0.00, real=0.00 secs] 
48.007: [GC (Allocation Failure) [PSYoungGen: 104497K->30720K(139776K)] 218161K->144384K(489472K), 0.0025628 secs] [Times: user=0.00 sys=0.00, real=0.00 secs] 
48.987: [GC (Allocation Failure) [PSYoungGen: 135217K->30720K(139776K)] 351281K->297984K(489472K), 0.0059149 secs] [Times: user=0.00 sys=0.00, real=0.01 secs] 
49.750: [GC (Allocation Failure) [PSYoungGen: 94258K->30720K(139776K)] 361522K->318464K(489472K), 0.0035398 secs] [Times: user=0.00 sys=0.00, real=0.00 secs] 
49.753: [Full GC (Ergonomics) [PSYoungGen: 30720K->0K(139776K)] [ParOldGen: 287744K->102929K(349696K)] 318464K->102929K(489472K), [Metaspace: 2795K->2795K(1056768K)], 0.0079816 secs] [Times: user=0.00 sys=0.00, real=0.01 secs] 
51.077: [GC (Allocation Failure) [PSYoungGen: 89138K->15360K(139776K)] 294467K->220689K(489472K), 0.0014203 secs] [Times: user=0.00 sys=0.00, real=0.00 secs] 
52.273: [Full GC (Ergonomics) [PSYoungGen: 119858K->0K(139776K)] [ParOldGen: 307729K->12288K(349696K)] 427588K->12288K(489472K), [Metaspace: 2795K->2795K(1056768K)], 0.0025882 secs] [Times: user=0.00 sys=0.00, real=0.00 secs] 
53.256: [GC (Allocation Failure) [PSYoungGen: 104498K->6144K(139776K)] 219186K->120832K(489472K), 0.0008393 secs] [Times: user=0.00 sys=0.00, real=0.00 secs] 
55.434: [GC (Allocation Failure) [PSYoungGen: 110643K->30720K(139776K)] 225331K->150528K(489472K), 0.0026831 secs] [Times: user=0.00 sys=0.00, real=0.00 secs] 
56.745: [GC (Allocation Failure) [PSYoungGen: 135218K->25600K(139776K)] 357426K->247808K(489472K), 0.0019794 secs] [Times: user=0.00 sys=0.00, real=0.00 secs] 
58.162: [Full GC (Ergonomics) [PSYoungGen: 114738K->0K(139776K)] [ParOldGen: 324608K->6144K(349696K)] 439347K->6144K(489472K), [Metaspace: 2796K->2796K(1056768K)], 0.0022923 secs] [Times: user=0.00 sys=0.00, real=0.00 secs] 
59.368: [GC (Allocation Failure) [PSYoungGen: 104499K->10240K(139776K)] 213043K->169984K(489472K), 0.0048998 secs] [Times: user=0.00 sys=0.00, real=0.01 secs] 
60.348: [GC (Allocation Failure) [PSYoungGen: 114739K->10240K(139776K)] 376883K->272384K(489472K), 0.0010141 secs] [Times: user=0.00 sys=0.00, real=0.00 secs] 
61.111: [GC (Allocation Failure) [PSYoungGen: 73779K->30720K(139776K)] 335923K->292864K(489472K), 0.0026807 secs] [Times: user=0.00 sys=0.00, real=0.00 secs] 
61.219: [GC (Allocation Failure) [PSYoungGen: 84018K->10240K(139776K)] 346162K->323584K(489472K), 0.0049019 secs] [Times: user=0.00 sys=0.00, real=0.00 secs] 
61.224: [Full GC (Ergonomics) [PSYoungGen: 10240K->0K(139776K)] [ParOldGen: 313344K->215569K(349696K)] 323584K->215569K(489472K), [Metaspace: 2796K->2796K(1056768K)], 0.0154032 secs] [Times: user=0.00 sys=0.00, real=0.02 secs] 
62.006: [GC (Allocation Failure) [PSYoungGen: 104469K->1024K(139776K)] 320039K->216593K(489472K), 0.0006671 secs] [Times: user=0.00 sys=0.00, real=0.00 secs] 
62.986: [Full GC (Ergonomics) [PSYoungGen: 105489K->0K(139776K)] [ParOldGen: 317969K->7168K(349696K)] 423459K->7168K(489472K), [Metaspace: 2796K->2796K(1056768K)], 0.0022741 secs] [Times: user=0.00 sys=0.00, real=0.00 secs] 
63.968: [GC (Allocation Failure) [PSYoungGen: 73757K->30720K(139776K)] 80925K->37888K(489472K), 0.0022565 secs] [Times: user=0.00 sys=0.00, real=0.00 secs] 
65.170: [GC (Allocation Failure) [PSYoungGen: 127008K->25600K(139776K)] 236576K->135168K(489472K), 0.0018246 secs] [Times: user=0.00 sys=0.00, real=0.00 secs] 
66.805: [GC (Allocation Failure) [PSYoungGen: 109596K->25600K(139776K)] 219164K->155648K(489472K), 0.0026658 secs] [Times: user=0.00 sys=0.00, real=0.00 secs] 
68.007: [GC (Allocation Failure) [PSYoungGen: 121929K->20480K(139776K)] 354377K->273408K(489472K), 0.0033648 secs] [Times: user=0.00 sys=0.00, real=0.00 secs] 
68.335: [GC (Allocation Failure) --[PSYoungGen: 104489K->104489K(139776K)] 357417K->408617K(489472K), 0.0047837 secs] [Times: user=0.00 sys=0.00, real=0.01 secs] 
68.340: [Full GC (Ergonomics) [PSYoungGen: 104489K->0K(139776K)] [ParOldGen: 304128K->82449K(349696K)] 408617K->82449K(489472K), [Metaspace: 2796K->2796K(1056768K)], 0.0068379 secs] [Times: user=0.00 sys=0.00, real=0.01 secs] 
68.678: [GC (Allocation Failure) [PSYoungGen: 104492K->1024K(139776K)] 186942K->83473K(489472K), 0.0006707 secs] [Times: user=0.00 sys=0.00, real=0.00 secs] 
70.639: [GC (Allocation Failure) [PSYoungGen: 102465K->10240K(139776K)] 287314K->195089K(489472K), 0.0009646 secs] [Times: user=0.00 sys=0.00, real=0.00 secs] 
71.622: [GC (Allocation Failure) [PSYoungGen: 114727K->11264K(139776K)] 401976K->298513K(489472K), 0.0010933 secs] [Times: user=0.00 sys=0.00, real=0.00 secs] 
72.491: [GC (Allocation Failure) [PSYoungGen: 79915K->31744K(139776K)] 367164K->318993K(489472K), 0.0027441 secs] [Times: user=0.00 sys=0.00, real=0.00 secs] 
72.599: [GC (Allocation Failure) [PSYoungGen: 85037K->11264K(139776K)] 372287K->349713K(489472K), 0.0048436 secs] [Times: user=0.00 sys=0.00, real=0.01 secs] 
72.604: [Full GC (Ergonomics) [PSYoungGen: 11264K->0K(139776K)] [ParOldGen: 338449K->165393K(349696K)] 349713K->165393K(489472K), [Metaspace: 2796K->2796K(1056768K)], 0.0117880 secs] [Times: user=0.02 sys=0.00, real=0.01 secs] 
73.488: [GC (Allocation Failure) [PSYoungGen: 104466K->1024K(139776K)] 269860K->166417K(489472K), 0.0007287 secs] [Times: user=0.00 sys=0.00, real=0.00 secs] 
74.471: [GC (Allocation Failure) [PSYoungGen: 105984K->20480K(139776K)] 373777K->288273K(489472K), 0.0016227 secs] [Times: user=0.00 sys=0.00, real=0.00 secs] 
75.345: [GC (Allocation Failure) [PSYoungGen: 89125K->25600K(139776K)] 356919K->313873K(489472K), 0.0032402 secs] [Times: user=0.00 sys=0.00, real=0.00 secs] 
75.348: [Full GC (Ergonomics) [PSYoungGen: 25600K->0K(139776K)] [ParOldGen: 288273K->46609K(349696K)] 313873K->46609K(489472K), [Metaspace: 2796K->2796K(1056768K)], 0.0045471 secs] [Times: user=0.00 sys=0.00, real=0.00 secs] 
76.671: [GC (Allocation Failure) [PSYoungGen: 104490K->15360K(139776K)] 253499K->164369K(489472K), 0.0016136 secs] [Times: user=0.00 sys=0.00, real=0.00 secs] 
78.199: [GC (Allocation Failure) [PSYoungGen: 104493K->25600K(139776K)] 253502K->174609K(489472K), 0.0022799 secs] [Times: user=0.00 sys=0.00, real=0.00 secs] 
79.515: [GC (Allocation Failure) [PSYoungGen: 130095K->20480K(139776K)] 381504K->323089K(489472K), 0.0051853 secs] [Times: user=0.02 sys=0.00, real=0.00 secs] 
79.520: [Full GC (Ergonomics) [PSYoungGen: 20480K->0K(139776K)] [ParOldGen: 302609K->72209K(349696K)] 323089K->72209K(489472K), [Metaspace: 2796K->2796K(1056768K)], 0.0061517 secs] [Times: user=0.00 sys=0.00, real=0.01 secs] 
81.496: [GC (Allocation Failure) [PSYoungGen: 101424K->2048K(139776K)] 378434K->279057K(489472K), 0.0008681 secs] [Times: user=0.00 sys=0.00, real=0.00 secs] 
82.474: [GC (Allocation Failure) [PSYoungGen: 75825K->26624K(139776K)] 352835K->303633K(489472K), 0.0021920 secs] [Times: user=0.00 sys=0.00, real=0.00 secs] 
82.584: [GC (Allocation Failure) [PSYoungGen: 79921K->6144K(139776K)] 356931K->334353K(489472K), 0.0047145 secs] [Times: user=0.00 sys=0.00, real=0.00 secs] 
82.588: [Full GC (Ergonomics) [PSYoungGen: 6144K->0K(139776K)] [ParOldGen: 328209K->57873K(349696K)] 334353K->57873K(489472K), [Metaspace: 2796K->2796K(1056768K)], 0.0052409 secs] [Times: user=0.00 sys=0.00, real=0.01 secs] 
82.926: [GC (Allocation Failure) [PSYoungGen: 104469K->2048K(139776K)] 162342K->59921K(489472K), 0.0005970 secs] [Times: user=0.00 sys=0.00, real=0.00 secs] 
83.910: [GC (Allocation Failure) [PSYoungGen: 75807K->31744K(139776K)] 133681K->89617K(489472K), 0.0023685 secs] [Times: user=0.00 sys=0.00, real=0.00 secs] 
85.327: [GC (Allocation Failure) [PSYoungGen: 133155K->30720K(139776K)] 293429K->190993K(489472K), 0.0024705 secs] [Times: user=0.00 sys=0.00, real=0.00 secs] 
86.527: [GC (Allocation Failure) [PSYoungGen: 127035K->25600K(139776K)] 389708K->288273K(489472K), 0.0020201 secs] [Times: user=0.00 sys=0.00, real=0.00 secs] 
86.854: [GC (Allocation Failure) [PSYoungGen: 109605K->15360K(139776K)] 372278K->349713K(489472K), 0.0153210 secs] [Times: user=0.00 sys=0.00, real=0.01 secs] 
86.869: [Full GC (Ergonomics) [PSYoungGen: 15360K->0K(139776K)] [ParOldGen: 334353K->87569K(349696K)] 349713K->87569K(489472K), [Metaspace: 2796K->2796K(1056768K)], 0.0074167 secs] [Times: user=0.00 sys=0.00, real=0.01 secs] 
87.212: [GC (Allocation Failure) [PSYoungGen: 104490K->1024K(139776K)] 192059K->88593K(489472K), 0.0004315 secs] [Times: user=0.00 sys=0.00, real=0.00 secs] 
88.191: [GC (Allocation Failure) [PSYoungGen: 74782K->25600K(139776K)] 162352K->113169K(489472K), 0.0023342 secs] [Times: user=0.00 sys=0.00, real=0.00 secs] 
89.497: [GC (Allocation Failure) [PSYoungGen: 119845K->15360K(139776K)] 207415K->102929K(489472K), 0.0013644 secs] [Times: user=0.00 sys=0.00, real=0.00 secs] 
90.588: [GC (Allocation Failure) [PSYoungGen: 116788K->15360K(139776K)] 306757K->205329K(489472K), 0.0013561 secs] [Times: user=0.00 sys=0.00, real=0.00 secs] 
91.572: [Full GC (Ergonomics) [PSYoungGen: 120320K->0K(139776K)] [ParOldGen: 292369K->119313K(349696K)] 412689K->119313K(489472K), [Metaspace: 2796K->2796K(1056768K)], 0.0088893 secs] [Times: user=0.00 sys=0.00, real=0.01 secs] 
93.860: [GC (Allocation Failure) [PSYoungGen: 101457K->31744K(139776K)] 220770K->151057K(489472K), 0.0025752 secs] [Times: user=0.00 sys=0.00, real=0.00 secs] 
95.062: [GC (Allocation Failure) [PSYoungGen: 126968K->26624K(139776K)] 348681K->248337K(489472K), 0.0021093 secs] [Times: user=0.00 sys=0.00, real=0.00 secs] 
96.481: [Full GC (Ergonomics) [PSYoungGen: 122905K->0K(139776K)] [ParOldGen: 324113K->6144K(349696K)] 447018K->6144K(489472K), [Metaspace: 2796K->2796K(1056768K)], 0.0022316 secs] [Times: user=0.00 sys=0.00, real=0.00 secs] 
97.459: [GC (Allocation Failure) [PSYoungGen: 101428K->30720K(139776K)] 209972K->139264K(489472K), 0.0028769 secs] [Times: user=0.00 sys=0.00, real=0.00 secs] 
98.118: [GC (Allocation Failure) [PSYoungGen: 89123K->25600K(139776K)] 197667K->154624K(489472K), 0.0030535 secs] [Times: user=0.00 sys=0.00, real=0.00 secs] 
99.427: [GC (Allocation Failure) [PSYoungGen: 130088K->30720K(139776K)] 361512K->323584K(489472K), 0.0064102 secs] [Times: user=0.00 sys=0.00, real=0.01 secs] 
99.434: [Full GC (Ergonomics) [PSYoungGen: 30720K->0K(139776K)] [ParOldGen: 292864K->92689K(349696K)] 323584K->92689K(489472K), [Metaspace: 2796K->2796K(1056768K)], 0.0074152 secs] [Times: user=0.00 sys=0.00, real=0.01 secs] 
100.751: [GC (Allocation Failure) [PSYoungGen: 99372K->15360K(139776K)] 294461K->210449K(489472K), 0.0014695 secs] [Times: user=0.00 sys=0.00, real=0.00 secs] 
101.844: [Full GC (Ergonomics) [PSYoungGen: 119854K->0K(139776K)] [ParOldGen: 297489K->12288K(349696K)] 417344K->12288K(489472K), [Metaspace: 2796K->2796K(1056768K)], 0.0024700 secs] [Times: user=0.00 sys=0.00, real=0.00 secs] 
102.825: [GC (Allocation Failure) [PSYoungGen: 104496K->7168K(139776K)] 219184K->121856K(489472K), 0.0007455 secs] [Times: user=0.00 sys=0.00, real=0.00 secs] 
105.118: [GC (Allocation Failure) [PSYoungGen: 101425K->25600K(139776K)] 216113K->140288K(489472K), 0.0017966 secs] [Times: user=0.00 sys=0.00, real=0.00 secs] 
106.317: [GC (Allocation Failure) [PSYoungGen: 130097K->25600K(139776K)] 347185K->242688K(489472K), 0.0019043 secs] [Times: user=0.00 sys=0.00, real=0.00 secs] 
107.305: [Full GC (Ergonomics) [PSYoungGen: 130098K->0K(139776K)] [ParOldGen: 319488K->47104K(349696K)] 449586K->47104K(489472K), [Metaspace: 2796K->2796K(1056768K)], 0.0047285 secs] [Times: user=0.00 sys=0.00, real=0.00 secs] 
109.053: [GC (Allocation Failure) [PSYoungGen: 104498K->10240K(139776K)] 254002K->210944K(489472K), 0.0050283 secs] [Times: user=0.00 sys=0.00, real=0.01 secs] 
110.037: [Full GC (Ergonomics) [PSYoungGen: 114738K->0K(139776K)] [ParOldGen: 303104K->164369K(349696K)] 417843K->164369K(489472K), [Metaspace: 2796K->2796K(1056768K)], 0.0120722 secs] [Times: user=0.00 sys=0.00, real=0.01 secs] 
110.924: [GC (Allocation Failure) [PSYoungGen: 68659K->25600K(139776K)] 233028K->189969K(489472K), 0.0024035 secs] [Times: user=0.00 sys=0.00, real=0.00 secs] 
112.344: [GC (Allocation Failure) [PSYoungGen: 130098K->25600K(139776K)] 396868K->292369K(489472K), 0.0022644 secs] [Times: user=0.00 sys=0.00, real=0.00 secs] 
112.453: [GC (Allocation Failure) [PSYoungGen: 78898K->5120K(139776K)] 345668K->323089K(489472K), 0.0049051 secs] [Times: user=0.05 sys=0.00, real=0.00 secs] 
112.458: [Full GC (Ergonomics) [PSYoungGen: 5120K->0K(139776K)] [ParOldGen: 317969K->56849K(349696K)] 323089K->56849K(489472K), [Metaspace: 2796K->2796K(1056768K)], 0.0053276 secs] [Times: user=0.00 sys=0.00, real=0.01 secs] 
112.796: [GC (Allocation Failure) [PSYoungGen: 104484K->2048K(139776K)] 161333K->58897K(489472K), 0.0005998 secs] [Times: user=0.00 sys=0.00, real=0.00 secs] 
113.778: [GC (Allocation Failure) [PSYoungGen: 75802K->31744K(139776K)] 132652K->88593K(489472K), 0.0025240 secs] [Times: user=0.00 sys=0.00, real=0.00 secs] 
114.978: [GC (Allocation Failure) [PSYoungGen: 128070K->26624K(139776K)] 287319K->185873K(489472K), 0.0021293 secs] [Times: user=0.00 sys=0.00, real=0.00 secs] 
116.612: [GC (Allocation Failure) [PSYoungGen: 110632K->25600K(139776K)] 269882K->205329K(489472K), 0.0026615 secs] [Times: user=0.00 sys=0.00, real=0.00 secs] 
117.921: [Full GC (Ergonomics) [PSYoungGen: 130092K->0K(139776K)] [ParOldGen: 282129K->41489K(349696K)] 412221K->41489K(489472K), [Metaspace: 2796K->2796K(1056768K)], 0.0042114 secs] [Times: user=0.06 sys=0.00, real=0.00 secs] 
119.446: [GC (Allocation Failure) [PSYoungGen: 94254K->5120K(139776K)] 238144K->149009K(489472K), 0.0007736 secs] [Times: user=0.00 sys=0.00, real=0.00 secs] 
120.757: [GC (Allocation Failure) [PSYoungGen: 109616K->15360K(139776K)] 355905K->261649K(489472K), 0.0015034 secs] [Times: user=0.00 sys=0.00, real=0.00 secs] 
121.954: [Full GC (Ergonomics) [PSYoungGen: 119857K->0K(139776K)] [ParOldGen: 348689K->114193K(349696K)] 468546K->114193K(489472K), [Metaspace: 2796K->2796K(1056768K)], 0.0095041 secs] [Times: user=0.00 sys=0.00, real=0.01 secs] 
123.389: [GC (Allocation Failure) [PSYoungGen: 99378K->5120K(139776K)] 315971K->221713K(489472K), 0.0009964 secs] [Times: user=0.00 sys=0.00, real=0.00 secs] 
124.371: [Full GC (Ergonomics) [PSYoungGen: 109618K->0K(139776K)] [ParOldGen: 318993K->21504K(349696K)] 428611K->21504K(489472K), [Metaspace: 2796K->2796K(1056768K)], 0.0030439 secs] [Times: user=0.00 sys=0.00, real=0.00 secs] 
125.139: [GC (Allocation Failure) [PSYoungGen: 63538K->30720K(139776K)] 85042K->52224K(489472K), 0.0024334 secs] [Times: user=0.02 sys=0.00, real=0.00 secs] 
126.449: [GC (Allocation Failure) [PSYoungGen: 135218K->25600K(139776K)] 259122K->149504K(489472K), 0.0019536 secs] [Times: user=0.00 sys=0.00, real=0.00 secs] 
127.975: [GC (Allocation Failure) [PSYoungGen: 114738K->25600K(139776K)] 238642K->149504K(489472K), 0.0023933 secs] [Times: user=0.00 sys=0.00, real=0.00 secs] 
129.283: [GC (Allocation Failure) [PSYoungGen: 130098K->20480K(139776K)] 356402K->297984K(489472K), 0.0053515 secs] [Times: user=0.00 sys=0.00, real=0.01 secs] 
129.499: [GC (Allocation Failure) [PSYoungGen: 94258K->10240K(139776K)] 371762K->338944K(489472K), 0.0051905 secs] [Times: user=0.02 sys=0.00, real=0.00 secs] 
129.504: [Full GC (Ergonomics) [PSYoungGen: 10240K->0K(139776K)] [ParOldGen: 328704K->113169K(349696K)] 338944K->113169K(489472K), [Metaspace: 2796K->2796K(1056768K)], 0.0089972 secs] [Times: user=0.00 sys=0.00, real=0.01 secs] 
129.845: [GC (Allocation Failure) [PSYoungGen: 104498K->1024K(139776K)] 217667K->216593K(489472K), 0.0155245 secs] [Times: user=0.00 sys=0.00, real=0.02 secs] 
132.260: [Full GC (Ergonomics) [PSYoungGen: 102472K->0K(139776K)] [ParOldGen: 317969K->27648K(349696K)] 420441K->27648K(489472K), [Metaspace: 2796K->2796K(1056768K)], 0.0036284 secs] [Times: user=0.00 sys=0.00, real=0.00 secs] 
133.569: [GC (Allocation Failure) [PSYoungGen: 104489K->21504K(139776K)] 234537K->151552K(489472K), 0.0019441 secs] [Times: user=0.00 sys=0.00, real=0.00 secs] 
134.987: [GC (Allocation Failure) [PSYoungGen: 120876K->20480K(139776K)] 353324K->252928K(489472K), 0.0013843 secs] [Times: user=0.00 sys=0.00, real=0.00 secs] 
136.190: [Full GC (Ergonomics) [PSYoungGen: 124975K->0K(139776K)] [ParOldGen: 334848K->21504K(349696K)] 459823K->21504K(489472K), [Metaspace: 2796K->2796K(1056768K)], 0.0034788 secs] [Times: user=0.00 sys=0.00, real=0.00 secs] 
137.172: [GC (Allocation Failure) [PSYoungGen: 104496K->25600K(139776K)] 228400K->149504K(489472K), 0.0021324 secs] [Times: user=0.03 sys=0.00, real=0.00 secs] 
137.932: [GC (Allocation Failure) [PSYoungGen: 89137K->25600K(139776K)] 213041K->169984K(489472K), 0.0034404 secs] [Times: user=0.00 sys=0.00, real=0.00 secs] 
139.245: [GC (Allocation Failure) [PSYoungGen: 119857K->15360K(139776K)] 264241K->159744K(489472K), 0.0015063 secs] [Times: user=0.00 sys=0.00, real=0.00 secs] 
140.334: [GC (Allocation Failure) [PSYoungGen: 116803K->15360K(139776K)] 363587K->262144K(489472K), 0.0012703 secs] [Times: user=0.00 sys=0.00, real=0.00 secs] 
141.316: [Full GC (Ergonomics) [PSYoungGen: 119848K->0K(139776K)] [ParOldGen: 349184K->119313K(349696K)] 469032K->119313K(489472K), [Metaspace: 2796K->2796K(1056768K)], 0.0095252 secs] [Times: user=0.00 sys=0.00, real=0.01 secs] 
143.612: [GC (Allocation Failure) [PSYoungGen: 99372K->31744K(139776K)] 218685K->151057K(489472K), 0.0024524 secs] [Times: user=0.00 sys=0.00, real=0.00 secs] 
144.921: [GC (Allocation Failure) [PSYoungGen: 136238K->26624K(139776K)] 357951K->258577K(489472K), 0.0026786 secs] [Times: user=0.02 sys=0.00, real=0.00 secs] 
146.344: [Full GC (Ergonomics) [PSYoungGen: 120880K->0K(139776K)] [ParOldGen: 334353K->11264K(349696K)] 455233K->11264K(489472K), [Metaspace: 2796K->2796K(1056768K)], 0.0026401 secs] [Times: user=0.00 sys=0.00, real=0.00 secs] 
147.544: [GC (Allocation Failure) [PSYoungGen: 104497K->30720K(139776K)] 218161K->144384K(489472K), 0.0029074 secs] [Times: user=0.00 sys=0.00, real=0.00 secs] 
148.530: [GC (Allocation Failure) [PSYoungGen: 135217K->30720K(139776K)] 351281K->297984K(489472K), 0.0056620 secs] [Times: user=0.02 sys=0.00, real=0.01 secs] 
148.536: [Full GC (Ergonomics) [PSYoungGen: 30720K->0K(139776K)] [ParOldGen: 267264K->82449K(349696K)] 297984K->82449K(489472K), [Metaspace: 2796K->2796K(1056768K)], 0.0069848 secs] [Times: user=0.00 sys=0.00, real=0.01 secs] 
149.311: [GC (Allocation Failure) [PSYoungGen: 63538K->25600K(139776K)] 145987K->108049K(489472K), 0.0023140 secs] [Times: user=0.00 sys=0.00, real=0.00 secs] 
150.619: [GC (Allocation Failure) [PSYoungGen: 114714K->15360K(139776K)] 299563K->200209K(489472K), 0.0013328 secs] [Times: user=0.00 sys=0.00, real=0.00 secs] 
151.714: [Full GC (Ergonomics) [PSYoungGen: 116806K->0K(139776K)] [ParOldGen: 287249K->12288K(349696K)] 404055K->12288K(489472K), [Metaspace: 2796K->2796K(1056768K)], 0.0025041 secs] [Times: user=0.00 sys=0.00, real=0.00 secs] 
152.697: [GC (Allocation Failure) [PSYoungGen: 104488K->11264K(139776K)] 219176K->125952K(489472K), 0.0010323 secs] [Times: user=0.00 sys=0.00, real=0.00 secs] 
154.878: [GC (Allocation Failure) [PSYoungGen: 100396K->25600K(139776K)] 215084K->140288K(489472K), 0.0016364 secs] [Times: user=0.00 sys=0.00, real=0.00 secs] 
156.079: [GC (Allocation Failure) [PSYoungGen: 130094K->25600K(139776K)] 347182K->242688K(489472K), 0.0020696 secs] [Times: user=0.00 sys=0.00, real=0.00 secs] 
157.062: [Full GC (Ergonomics) [PSYoungGen: 130096K->0K(139776K)] [ParOldGen: 319488K->47104K(349696K)] 449584K->47104K(489472K), [Metaspace: 2796K->2796K(1056768K)], 0.0049158 secs] [Times: user=0.00 sys=0.00, real=0.01 secs] 
158.811: [GC (Allocation Failure) [PSYoungGen: 104497K->10240K(139776K)] 254001K->210944K(489472K), 0.0048667 secs] [Times: user=0.02 sys=0.00, real=0.00 secs] 
159.798: [Full GC (Ergonomics) [PSYoungGen: 114738K->0K(139776K)] [ParOldGen: 303104K->164369K(349696K)] 417842K->164369K(489472K), [Metaspace: 2796K->2796K(1056768K)], 0.0125439 secs] [Times: user=0.00 sys=0.00, real=0.01 secs] 
160.691: [GC (Allocation Failure) [PSYoungGen: 68658K->25600K(139776K)] 233027K->189969K(489472K), 0.0023284 secs] [Times: user=0.00 sys=0.00, real=0.00 secs] 
162.113: [GC (Allocation Failure) [PSYoungGen: 130098K->25600K(139776K)] 396867K->292369K(489472K), 0.0020663 secs] [Times: user=0.00 sys=0.00, real=0.00 secs] 
162.224: [GC (Allocation Failure) [PSYoungGen: 78898K->5120K(139776K)] 345667K->323089K(489472K), 0.0045504 secs] [Times: user=0.00 sys=0.00, real=0.01 secs] 
162.228: [Full GC (Ergonomics) [PSYoungGen: 5120K->0K(139776K)] [ParOldGen: 317969K->56849K(349696K)] 323089K->56849K(489472K), [Metaspace: 2796K->2796K(1056768K)], 0.0053656 secs] [Times: user=0.00 sys=0.00, real=0.00 secs] 
162.567: [GC (Allocation Failure) [PSYoungGen: 104484K->2048K(139776K)] 161333K->58897K(489472K), 0.0006013 secs] [Times: user=0.00 sys=0.00, real=0.00 secs] 
163.548: [GC (Allocation Failure) [PSYoungGen: 75802K->31744K(139776K)] 132652K->88593K(489472K), 0.0024741 secs] [Times: user=0.00 sys=0.00, real=0.00 secs] 
164.747: [GC (Allocation Failure) [PSYoungGen: 128070K->26624K(139776K)] 287319K->185873K(489472K), 0.0019541 secs] [Times: user=0.00 sys=0.00, real=0.00 secs] 
166.379: [GC (Allocation Failure) [PSYoungGen: 110632K->25600K(139776K)] 269882K->205329K(489472K), 0.0025637 secs] [Times: user=0.00 sys=0.00, real=0.00 secs] 
167.689: [Full GC (Ergonomics) [PSYoungGen: 130092K->0K(139776K)] [ParOldGen: 282129K->41489K(349696K)] 412221K->41489K(489472K), [Metaspace: 2796K->2796K(1056768K)], 0.0046704 secs] [Times: user=0.00 sys=0.00, real=0.00 secs] 
169.218: [GC (Allocation Failure) [PSYoungGen: 94254K->5120K(139776K)] 238144K->149009K(489472K), 0.0006653 secs] [Times: user=0.00 sys=0.00, real=0.00 secs] 
170.522: [GC (Allocation Failure) [PSYoungGen: 109616K->15360K(139776K)] 355905K->261649K(489472K), 0.0014219 secs] [Times: user=0.00 sys=0.00, real=0.00 secs] 
171.723: [Full GC (Ergonomics) [PSYoungGen: 119857K->0K(139776K)] [ParOldGen: 348689K->114193K(349696K)] 468546K->114193K(489472K), [Metaspace: 2796K->2796K(1056768K)], 0.0096986 secs] [Times: user=0.00 sys=0.00, real=0.01 secs] 
173.154: [GC (Allocation Failure) [PSYoungGen: 99378K->5120K(139776K)] 315971K->221713K(489472K), 0.0008867 secs] [Times: user=0.00 sys=0.00, real=0.00 secs] 
174.136: [Full GC (Ergonomics) [PSYoungGen: 109618K->0K(139776K)] [ParOldGen: 318993K->21504K(349696K)] 428611K->21504K(489472K), [Metaspace: 2796K->2796K(1056768K)], 0.0029077 secs] [Times: user=0.00 sys=0.00, real=0.00 secs] 
174.899: [GC (Allocation Failure) [PSYoungGen: 63538K->30720K(139776K)] 85042K->52224K(489472K), 0.0024142 secs] [Times: user=0.00 sys=0.00, real=0.00 secs] 
176.212: [GC (Allocation Failure) [PSYoungGen: 135218K->25600K(139776K)] 259122K->149504K(489472K), 0.0020010 secs] [Times: user=0.00 sys=0.00, real=0.00 secs] 
177.739: [GC (Allocation Failure) [PSYoungGen: 114738K->25600K(139776K)] 238642K->149504K(489472K), 0.0022398 secs] [Times: user=0.00 sys=0.00, real=0.00 secs] 
179.052: [GC (Allocation Failure) [PSYoungGen: 130098K->20480K(139776K)] 356402K->297984K(489472K), 0.0051960 secs] [Times: user=0.00 sys=0.00, real=0.01 secs] 
179.272: [GC (Allocation Failure) [PSYoungGen: 94258K->10240K(139776K)] 371762K->338944K(489472K), 0.0048808 secs] [Times: user=0.00 sys=0.00, real=0.00 secs] 
179.277: [Full GC (Ergonomics) [PSYoungGen: 10240K->0K(139776K)] [ParOldGen: 328704K->113169K(349696K)] 338944K->113169K(489472K), [Metaspace: 2796K->2796K(1056768K)], 0.0088503 secs] [Times: user=0.02 sys=0.00, real=0.01 secs] 
179.615: [GC (Allocation Failure) [PSYoungGen: 104498K->1024K(139776K)] 217667K->216593K(489472K), 0.0152806 secs] [Times: user=0.00 sys=0.00, real=0.02 secs] 
182.033: [Full GC (Ergonomics) [PSYoungGen: 102472K->0K(139776K)] [ParOldGen: 317969K->27648K(349696K)] 420441K->27648K(489472K), [Metaspace: 2796K->2796K(1056768K)], 0.0036109 secs] [Times: user=0.00 sys=0.00, real=0.00 secs] 
183.342: [GC (Allocation Failure) [PSYoungGen: 104489K->21504K(139776K)] 234537K->151552K(489472K), 0.0016044 secs] [Times: user=0.00 sys=0.00, real=0.00 secs] 
184.764: [GC (Allocation Failure) [PSYoungGen: 120876K->20480K(139776K)] 353324K->252928K(489472K), 0.0016698 secs] [Times: user=0.00 sys=0.00, real=0.00 secs] 
185.966: [Full GC (Ergonomics) [PSYoungGen: 124975K->0K(139776K)] [ParOldGen: 334848K->21504K(349696K)] 459823K->21504K(489472K), [Metaspace: 2796K->2796K(1056768K)], 0.0029534 secs] [Times: user=0.00 sys=0.00, real=0.00 secs] 
186.951: [GC (Allocation Failure) [PSYoungGen: 104496K->25600K(139776K)] 228400K->149504K(489472K), 0.0023193 secs] [Times: user=0.00 sys=0.00, real=0.00 secs] 
187.717: [GC (Allocation Failure) [PSYoungGen: 89137K->25600K(139776K)] 213041K->169984K(489472K), 0.0029314 secs] [Times: user=0.00 sys=0.00, real=0.00 secs] 
189.023: [GC (Allocation Failure) [PSYoungGen: 119857K->15360K(139776K)] 264241K->159744K(489472K), 0.0015971 secs] [Times: user=0.00 sys=0.00, real=0.00 secs] 
190.116: [GC (Allocation Failure) [PSYoungGen: 116803K->15360K(139776K)] 363587K->262144K(489472K), 0.0013671 secs] [Times: user=0.00 sys=0.00, real=0.00 secs] 
191.099: [Full GC (Ergonomics) [PSYoungGen: 119848K->0K(139776K)] [ParOldGen: 349184K->119313K(349696K)] 469032K->119313K(489472K), [Metaspace: 2796K->2796K(1056768K)], 0.0094413 secs] [Times: user=0.00 sys=0.00, real=0.01 secs] 
193.392: [GC (Allocation Failure) [PSYoungGen: 99372K->31744K(139776K)] 218685K->151057K(489472K), 0.0023459 secs] [Times: user=0.00 sys=0.00, real=0.00 secs] 
194.700: [GC (Allocation Failure) [PSYoungGen: 136238K->26688K(139776K)] 357951K->258641K(489472K), 0.0026282 secs] [Times: user=0.00 sys=0.00, real=0.00 secs] 
196.124: [Full GC (Ergonomics) [PSYoungGen: 120944K->0K(139776K)] [ParOldGen: 334353K->11264K(349696K)] 455297K->11264K(489472K), [Metaspace: 2796K->2796K(1056768K)], 0.0025279 secs] [Times: user=0.00 sys=0.00, real=0.00 secs] 
197.323: [GC (Allocation Failure) [PSYoungGen: 104497K->30720K(139776K)] 218161K->144384K(489472K), 0.0022851 secs] [Times: user=0.00 sys=0.00, real=0.00 secs] 
198.305: [GC (Allocation Failure) [PSYoungGen: 135217K->30720K(139776K)] 351282K->297984K(489472K), 0.0155428 secs] [Times: user=0.00 sys=0.00, real=0.02 secs] 
198.321: [Full GC (Ergonomics) [PSYoungGen: 30720K->0K(139776K)] [ParOldGen: 267264K->82449K(349696K)] 297984K->82449K(489472K), [Metaspace: 2796K->2796K(1056768K)], 0.0070767 secs] [Times: user=0.00 sys=0.00, real=0.01 secs] 
199.083: [GC (Allocation Failure) [PSYoungGen: 63538K->25600K(139776K)] 145988K->108049K(489472K), 0.0022264 secs] [Times: user=0.00 sys=0.00, real=0.00 secs] 
200.397: [GC (Allocation Failure) [PSYoungGen: 114714K->15360K(139776K)] 299564K->200209K(489472K), 0.0013738 secs] [Times: user=0.00 sys=0.00, real=0.00 secs] 
201.489: [Full GC (Ergonomics) [PSYoungGen: 116806K->0K(139776K)] [ParOldGen: 287249K->12288K(349696K)] 404056K->12288K(489472K), [Metaspace: 2796K->2796K(1056768K)], 0.0027739 secs] [Times: user=0.00 sys=0.00, real=0.00 secs] 
202.468: [GC (Allocation Failure) [PSYoungGen: 104488K->11264K(139776K)] 219176K->125952K(489472K), 0.0012024 secs] [Times: user=0.01 sys=0.00, real=0.00 secs] 
204.657: [GC (Allocation Failure) [PSYoungGen: 100396K->25600K(139776K)] 215084K->140288K(489472K), 0.0018096 secs] [Times: user=0.00 sys=0.00, real=0.00 secs] 
205.859: [GC (Allocation Failure) [PSYoungGen: 130094K->25600K(139776K)] 347182K->242688K(489472K), 0.0021673 secs] [Times: user=0.00 sys=0.00, real=0.00 secs] 
206.845: [Full GC (Ergonomics) [PSYoungGen: 130096K->0K(139776K)] [ParOldGen: 319488K->47104K(349696K)] 449584K->47104K(489472K), [Metaspace: 2796K->2796K(1056768K)], 0.0050715 secs] [Times: user=0.00 sys=0.00, real=0.01 secs] 
208.594: [GC (Allocation Failure) [PSYoungGen: 104497K->10240K(139776K)] 254001K->210944K(489472K), 0.0046753 secs] [Times: user=0.00 sys=0.00, real=0.00 secs] 
209.573: [Full GC (Ergonomics) [PSYoungGen: 114738K->0K(139776K)] [ParOldGen: 303104K->164369K(349696K)] 417842K->164369K(489472K), [Metaspace: 2796K->2796K(1056768K)], 0.0115948 secs] [Times: user=0.00 sys=0.00, real=0.01 secs] 
210.463: [GC (Allocation Failure) [PSYoungGen: 68658K->25600K(139776K)] 233028K->189969K(489472K), 0.0024179 secs] [Times: user=0.00 sys=0.00, real=0.00 secs] 
211.882: [GC (Allocation Failure) [PSYoungGen: 130098K->25600K(139776K)] 396868K->292369K(489472K), 0.0027262 secs] [Times: user=0.00 sys=0.00, real=0.00 secs] 
211.992: [GC (Allocation Failure) [PSYoungGen: 78898K->5120K(139776K)] 345668K->323089K(489472K), 0.0044546 secs] [Times: user=0.00 sys=0.00, real=0.00 secs] 
211.997: [Full GC (Ergonomics) [PSYoungGen: 5120K->0K(139776K)] [ParOldGen: 317969K->56849K(349696K)] 323089K->56849K(489472K), [Metaspace: 2796K->2796K(1056768K)], 0.0053320 secs] [Times: user=0.00 sys=0.00, real=0.00 secs] 
212.333: [GC (Allocation Failure) [PSYoungGen: 104484K->2048K(139776K)] 161333K->58897K(489472K), 0.0003801 secs] [Times: user=0.00 sys=0.00, real=0.00 secs] 
213.318: [GC (Allocation Failure) [PSYoungGen: 75802K->31744K(139776K)] 132652K->88593K(489472K), 0.0024562 secs] [Times: user=0.00 sys=0.00, real=0.00 secs] 
214.519: [GC (Allocation Failure) [PSYoungGen: 128070K->26624K(139776K)] 287319K->185873K(489472K), 0.0021097 secs] [Times: user=0.00 sys=0.00, real=0.00 secs] 
216.159: [GC (Allocation Failure) [PSYoungGen: 110632K->25600K(139776K)] 269882K->205329K(489472K), 0.0025361 secs] [Times: user=0.00 sys=0.00, real=0.00 secs] 
217.468: [Full GC (Ergonomics) [PSYoungGen: 130092K->0K(139776K)] [ParOldGen: 282129K->41984K(349696K)] 412222K->41984K(489472K), [Metaspace: 2796K->2796K(1056768K)], 0.0046161 secs] [Times: user=0.00 sys=0.00, real=0.00 secs] 
Heap
 PSYoungGen      total 139776K, used 96354K [0x00000000f5580000, 0x0000000100000000, 0x0000000100000000)
  eden space 104960K, 91% used [0x00000000f5580000,0x00000000fb3989a0,0x00000000fbc00000)
  from space 34816K, 0% used [0x00000000fde00000,0x00000000fde00000,0x0000000100000000)
  to   space 34816K, 0% used [0x00000000fbc00000,0x00000000fbc00000,0x00000000fde00000)
 ParOldGen       total 349696K, used 144384K [0x00000000e0000000, 0x00000000f5580000, 0x00000000f5580000)
  object space 349696K, 41% used [0x00000000e0000000,0x00000000e8d00050,0x00000000f5580000)
 Metaspace       used 2804K, capacity 4486K, committed 4864K, reserved 1056768K
  class space    used 297K, capacity 386K, committed 512K, reserved 1048576K
