Java HotSpot(TM) 64-Bit Server VM (25.411-b09) for windows-amd64 JRE (1.8.0_411-b09), built on Mar 13 2024 07:26:13 by "java_re" with MS VC++ 17.1 (VS2022)
Memory: 4k page, physical 33403376k(14659276k free), swap 36815128k(7401940k free)
CommandLine flags: -XX:InitialHeapSize=536870912 -XX:MaxHeapSize=536870912 -XX:NewRatio=6 -XX:ParallelGCThreads=6 -XX:+PrintGC -XX:+PrintGCDetails -XX:+PrintGCTimeStamps -XX:+UseCompressedClassPointers -XX:+UseCompressedOops -XX:-UseLargePagesIndividualAllocation -XX:+UseParallelGC 
1.179: [GC (Allocation Failure) [PSYoungGen: 55500K->5800K(65536K)] 55500K->16048K(515072K), 0.0050643 secs] [Times: user=0.00 sys=0.00, real=0.01 secs] 
2.431: [GC (Allocation Failure) [PSYoungGen: 59127K->6792K(65536K)] 222975K->180880K(515072K), 0.0030554 secs] [Times: user=0.00 sys=0.00, real=0.00 secs] 
3.468: [GC (Allocation Failure) [PSYoungGen: 60127K->7800K(65536K)] 387815K->335488K(515072K), 0.0011609 secs] [Times: user=0.00 sys=0.00, real=0.00 secs] 
5.106: [GC (Allocation Failure) [PSYoungGen: 60117K->5792K(65536K)] 387805K->338600K(515072K), 0.0022713 secs] [Times: user=0.00 sys=0.00, real=0.00 secs] 
5.775: [GC (Allocation Failure) [PSYoungGen: 58111K->5656K(65536K)] 442119K->399904K(515072K), 0.0127680 secs] [Times: user=0.00 sys=0.00, real=0.01 secs] 
5.788: [GC (Allocation Failure) [PSYoungGen: 5656K->5720K(66560K)] 399904K->399968K(516096K), 0.0008703 secs] [Times: user=0.00 sys=0.00, real=0.00 secs] 
5.789: [Full GC (Allocation Failure) [PSYoungGen: 5720K->0K(66560K)] [ParOldGen: 394248K->67088K(449536K)] 399968K->67088K(516096K), [Metaspace: 2753K->2753K(1056768K)], 0.0117495 secs] [Times: user=0.02 sys=0.00, real=0.01 secs] 
7.010: [GC (Allocation Failure) [PSYoungGen: 53386K->5120K(66560K)] 222875K->184848K(516096K), 0.0014647 secs] [Times: user=0.05 sys=0.00, real=0.00 secs] 
8.434: [GC (Allocation Failure) [PSYoungGen: 43732K->5152K(66560K)] 377061K->338488K(516096K), 0.0012403 secs] [Times: user=0.00 sys=0.00, real=0.00 secs] 
8.652: [GC (Allocation Failure) [PSYoungGen: 26797K->32K(58880K)] 411334K->384568K(508416K), 0.0009288 secs] [Times: user=0.00 sys=0.00, real=0.00 secs] 
8.653: [GC (Allocation Failure) [PSYoungGen: 32K->0K(64512K)] 384568K->384544K(514048K), 0.0012118 secs] [Times: user=0.00 sys=0.00, real=0.00 secs] 
8.654: [Full GC (Allocation Failure) [PSYoungGen: 0K->0K(64512K)] [ParOldGen: 384544K->51728K(449536K)] 384544K->51728K(514048K), [Metaspace: 2759K->2759K(1056768K)], 0.0187830 secs] [Times: user=0.06 sys=0.00, real=0.02 secs] 
9.876: [GC (Allocation Failure) [PSYoungGen: 53328K->5120K(65024K)] 207457K->169488K(514560K), 0.0045322 secs] [Times: user=0.02 sys=0.00, real=0.00 secs] 
11.090: [GC (Allocation Failure) [PSYoungGen: 58448K->5120K(65536K)] 376417K->333328K(515072K), 0.0013568 secs] [Times: user=0.00 sys=0.00, real=0.00 secs] 
11.528: [GC (Allocation Failure) [PSYoungGen: 47205K->0K(65536K)] 426614K->379408K(515072K), 0.0006837 secs] [Times: user=0.00 sys=0.00, real=0.00 secs] 
11.528: [GC (Allocation Failure) [PSYoungGen: 0K->0K(64512K)] 379408K->379408K(514048K), 0.0006175 secs] [Times: user=0.00 sys=0.00, real=0.00 secs] 
11.529: [Full GC (Allocation Failure) [PSYoungGen: 0K->0K(64512K)] [ParOldGen: 379408K->215568K(449536K)] 379408K->215568K(514048K), [Metaspace: 2761K->2761K(1056768K)], 0.0122481 secs] [Times: user=0.00 sys=0.00, real=0.01 secs] 
12.966: [GC (Allocation Failure) [PSYoungGen: 52664K->5152K(65024K)] 421833K->374328K(514560K), 0.0071578 secs] [Times: user=0.00 sys=0.00, real=0.01 secs] 
12.973: [GC (Allocation Failure) [PSYoungGen: 5152K->0K(65024K)] 374328K->374304K(514560K), 0.0012132 secs] [Times: user=0.00 sys=0.00, real=0.00 secs] 
12.975: [Full GC (Allocation Failure) [PSYoungGen: 0K->0K(65024K)] [ParOldGen: 374304K->56849K(449536K)] 374304K->56849K(514560K), [Metaspace: 2763K->2763K(1056768K)], 0.0054375 secs] [Times: user=0.02 sys=0.00, real=0.00 secs] 
14.185: [GC (Allocation Failure) [PSYoungGen: 53329K->1024K(65024K)] 212578K->180753K(514560K), 0.0016770 secs] [Times: user=0.00 sys=0.00, real=0.00 secs] 
15.393: [GC (Allocation Failure) [PSYoungGen: 54353K->5120K(65024K)] 387683K->344593K(514560K), 0.0012453 secs] [Times: user=0.01 sys=0.00, real=0.00 secs] 
16.817: [GC (Allocation Failure) [PSYoungGen: 57425K->5120K(65024K)] 396899K->349713K(514560K), 0.0018002 secs] [Times: user=0.00 sys=0.00, real=0.00 secs] 
17.251: [GC (Allocation Failure) [PSYoungGen: 47185K->0K(65024K)] 442978K->416273K(514560K), 0.0072911 secs] [Times: user=0.02 sys=0.00, real=0.01 secs] 
17.259: [Full GC (Ergonomics) [PSYoungGen: 0K->0K(65024K)] [ParOldGen: 416273K->77329K(449536K)] 416273K->77329K(514560K), [Metaspace: 2768K->2768K(1056768K)], 0.0063207 secs] [Times: user=0.02 sys=0.00, real=0.01 secs] 
18.471: [GC (Allocation Failure) [PSYoungGen: 53329K->5120K(65024K)] 233058K->195089K(514560K), 0.0014723 secs] [Times: user=0.02 sys=0.00, real=0.00 secs] 
20.119: [GC (Allocation Failure) [PSYoungGen: 48209K->0K(65024K)] 442979K->394769K(514560K), 0.0008530 secs] [Times: user=0.00 sys=0.00, real=0.00 secs] 
20.120: [GC (Allocation Failure) [PSYoungGen: 0K->0K(65024K)] 394769K->394769K(514560K), 0.0043478 secs] [Times: user=0.00 sys=0.00, real=0.00 secs] 
20.124: [Full GC (Allocation Failure) [PSYoungGen: 0K->0K(65024K)] [ParOldGen: 394769K->51729K(449536K)] 394769K->51729K(514560K), [Metaspace: 2770K->2770K(1056768K)], 0.0051614 secs] [Times: user=0.03 sys=0.00, real=0.01 secs] 
21.340: [GC (Allocation Failure) [PSYoungGen: 53329K->5120K(65024K)] 207459K->169489K(514560K), 0.0015479 secs] [Times: user=0.00 sys=0.00, real=0.00 secs] 
22.543: [GC (Allocation Failure) [PSYoungGen: 58450K->6144K(61952K)] 376419K->334353K(511488K), 0.0015981 secs] [Times: user=0.02 sys=0.00, real=0.00 secs] 
22.981: [GC (Allocation Failure) [PSYoungGen: 48209K->0K(64512K)] 427619K->380433K(514048K), 0.0010702 secs] [Times: user=0.00 sys=0.00, real=0.00 secs] 
22.982: [GC (Allocation Failure) [PSYoungGen: 0K->0K(64512K)] 380433K->380433K(514048K), 0.0022352 secs] [Times: user=0.00 sys=0.00, real=0.00 secs] 
22.985: [Full GC (Allocation Failure) [PSYoungGen: 0K->0K(64512K)] [ParOldGen: 380433K->165393K(449536K)] 380433K->165393K(514048K), [Metaspace: 2779K->2779K(1056768K)], 0.0137777 secs] [Times: user=0.08 sys=0.00, real=0.01 secs] 
24.746: [Full GC (Ergonomics) [PSYoungGen: 50237K->0K(64512K)] [ParOldGen: 421393K->12288K(449536K)] 471630K->12288K(514048K), [Metaspace: 2779K->2779K(1056768K)], 0.0033547 secs] [Times: user=0.00 sys=0.00, real=0.00 secs] 
25.620: [GC (Allocation Failure) [PSYoungGen: 52285K->5120K(64512K)] 64573K->37888K(514048K), 0.0017221 secs] [Times: user=0.00 sys=0.00, real=0.00 secs] 
26.814: [GC (Allocation Failure) [PSYoungGen: 58429K->5120K(64512K)] 244797K->201728K(514048K), 0.0016948 secs] [Times: user=0.00 sys=0.00, real=0.00 secs] 
27.905: [GC (Allocation Failure) [PSYoungGen: 57405K->5120K(64512K)] 254013K->201728K(514048K), 0.0100514 secs] [Times: user=0.00 sys=0.00, real=0.01 secs] 
28.467: [GC (Allocation Failure) [PSYoungGen: 42274K->32K(64512K)] 238882K->212008K(514048K), 0.0015630 secs] [Times: user=0.00 sys=0.00, real=0.00 secs] 
29.667: [GC (Allocation Failure) [PSYoungGen: 53327K->5120K(64512K)] 418903K->375824K(514048K), 0.0011102 secs] [Times: user=0.00 sys=0.00, real=0.00 secs] 
30.107: [Full GC (Ergonomics) [PSYoungGen: 47156K->0K(64512K)] [ParOldGen: 421904K->113169K(449536K)] 469060K->113169K(514048K), [Metaspace: 2794K->2794K(1056768K)], 0.0106703 secs] [Times: user=0.06 sys=0.00, real=0.01 secs] 
32.312: [GC (Allocation Failure) [PSYoungGen: 50231K->6144K(60928K)] 368201K->324113K(510464K), 0.0013526 secs] [Times: user=0.00 sys=0.00, real=0.00 secs] 
32.967: [GC (Allocation Failure) [PSYoungGen: 58425K->5120K(64000K)] 427595K->375313K(513536K), 0.0010102 secs] [Times: user=0.00 sys=0.00, real=0.00 secs] 
32.968: [GC (Allocation Failure) [PSYoungGen: 5120K->0K(64000K)] 375313K->375313K(513536K), 0.0007292 secs] [Times: user=0.00 sys=0.00, real=0.00 secs] 
32.969: [Full GC (Allocation Failure) [PSYoungGen: 0K->0K(64000K)] [ParOldGen: 375313K->57873K(449536K)] 375313K->57873K(513536K), [Metaspace: 2794K->2794K(1056768K)], 0.0056683 secs] [Times: user=0.02 sys=0.00, real=0.01 secs] 
34.080: [GC (Allocation Failure) [PSYoungGen: 43046K->10240K(60928K)] 203320K->181777K(510464K), 0.0019091 secs] [Times: user=0.00 sys=0.00, real=0.00 secs] 
35.513: [GC (Allocation Failure) [PSYoungGen: 59370K->10240K(60928K)] 384507K->335377K(510464K), 0.0013614 secs] [Times: user=0.00 sys=0.00, real=0.00 secs] 
35.842: [GC (Allocation Failure) [PSYoungGen: 41962K->10240K(58880K)] 418300K->386577K(508416K), 0.0012959 secs] [Times: user=0.00 sys=0.00, real=0.00 secs] 
35.843: [GC (Allocation Failure) [PSYoungGen: 10240K->0K(59904K)] 386577K->386577K(509440K), 0.0011421 secs] [Times: user=0.01 sys=0.00, real=0.00 secs] 
35.845: [Full GC (Allocation Failure) [PSYoungGen: 0K->0K(59904K)] [ParOldGen: 386577K->61969K(449536K)] 386577K->61969K(509440K), [Metaspace: 2794K->2794K(1056768K)], 0.0055959 secs] [Times: user=0.00 sys=0.00, real=0.01 secs] 
36.949: [GC (Allocation Failure) [PSYoungGen: 43908K->10240K(57856K)] 208278K->179729K(507392K), 0.0014644 secs] [Times: user=0.00 sys=0.00, real=0.00 secs] 
37.715: [GC (Allocation Failure) [PSYoungGen: 48987K->5120K(58880K)] 372077K->348689K(508416K), 0.0025093 secs] [Times: user=0.00 sys=0.00, real=0.00 secs] 
38.371: [GC (Allocation Failure) [PSYoungGen: 41820K->5120K(60416K)] 385389K->358929K(509952K), 0.0055995 secs] [Times: user=0.00 sys=0.00, real=0.01 secs] 
39.467: [GC (Allocation Failure) [PSYoungGen: 46983K->10240K(59904K)] 451993K->415249K(509440K), 0.0009917 secs] [Times: user=0.00 sys=0.00, real=0.00 secs] 
39.904: [GC (Allocation Failure) [PSYoungGen: 41866K->10240K(57856K)] 446875K->420369K(507392K), 0.0016396 secs] [Times: user=0.05 sys=0.00, real=0.00 secs] 
39.906: [Full GC (Ergonomics) [PSYoungGen: 10240K->0K(57856K)] [ParOldGen: 410129K->15889K(449536K)] 420369K->15889K(507392K), [Metaspace: 2794K->2794K(1056768K)], 0.0027235 secs] [Times: user=0.00 sys=0.00, real=0.00 secs] 
40.779: [GC (Allocation Failure) [PSYoungGen: 38736K->5120K(58880K)] 208226K->174609K(508416K), 0.0008837 secs] [Times: user=0.00 sys=0.00, real=0.00 secs] 
41.327: [GC (Allocation Failure) [PSYoungGen: 41812K->5120K(60416K)] 211302K->184849K(509952K), 0.0014786 secs] [Times: user=0.02 sys=0.00, real=0.00 secs] 
42.314: [GC (Allocation Failure) [PSYoungGen: 49026K->6144K(59904K)] 382356K->344593K(509440K), 0.0012005 secs] [Times: user=0.02 sys=0.00, real=0.00 secs] 
43.954: [GC (Allocation Failure) [PSYoungGen: 50055K->6144K(61952K)] 388504K->344593K(511488K), 0.0010246 secs] [Times: user=0.00 sys=0.00, real=0.00 secs] 
44.390: [GC (Allocation Failure) [PSYoungGen: 48054K->10240K(60928K)] 437703K->400913K(510464K), 0.0015857 secs] [Times: user=0.00 sys=0.00, real=0.00 secs] 
44.392: [GC (Allocation Failure) [PSYoungGen: 10240K->0K(59904K)] 400913K->400913K(509440K), 0.0013399 secs] [Times: user=0.00 sys=0.00, real=0.00 secs] 
44.393: [Full GC (Allocation Failure) [PSYoungGen: 0K->0K(59904K)] [ParOldGen: 400913K->62993K(449536K)] 400913K->62993K(509440K), [Metaspace: 2796K->2796K(1056768K)], 0.0109504 secs] [Times: user=0.00 sys=0.00, real=0.01 secs] 
45.498: [GC (Allocation Failure) [PSYoungGen: 43921K->5120K(60416K)] 209315K->180753K(509952K), 0.0014277 secs] [Times: user=0.00 sys=0.00, real=0.00 secs] 
46.923: [GC (Allocation Failure) [PSYoungGen: 49044K->5120K(61952K)] 378278K->334353K(511488K), 0.0009806 secs] [Times: user=0.00 sys=0.00, real=0.00 secs] 
47.251: [GC (Allocation Failure) [PSYoungGen: 36809K->0K(61440K)] 417242K->400913K(510976K), 0.0027890 secs] [Times: user=0.00 sys=0.00, real=0.00 secs] 
47.254: [GC (Allocation Failure) [PSYoungGen: 0K->0K(61440K)] 400913K->400913K(510976K), 0.0011105 secs] [Times: user=0.00 sys=0.00, real=0.00 secs] 
47.255: [Full GC (Allocation Failure) [PSYoungGen: 0K->0K(61440K)] [ParOldGen: 400913K->72209K(449536K)] 400913K->72209K(510976K), [Metaspace: 2796K->2796K(1056768K)], 0.0071240 secs] [Times: user=0.02 sys=0.00, real=0.01 secs] 
48.359: [GC (Allocation Failure) [PSYoungGen: 43968K->5120K(61440K)] 218577K->189969K(510976K), 0.0015196 secs] [Times: user=0.00 sys=0.00, real=0.00 secs] 
49.234: [GC (Allocation Failure) [PSYoungGen: 49089K->5120K(62976K)] 387538K->348689K(512512K), 0.0021613 secs] [Times: user=0.00 sys=0.00, real=0.00 secs] 
49.888: [GC (Allocation Failure) [PSYoungGen: 47082K->10240K(60928K)] 390652K->358929K(510464K), 0.0016370 secs] [Times: user=0.02 sys=0.00, real=0.00 secs] 
50.104: [GC (Allocation Failure) [PSYoungGen: 31714K->0K(61440K)] 431604K->399889K(510976K), 0.0008537 secs] [Times: user=0.00 sys=0.00, real=0.00 secs] 
50.105: [GC (Allocation Failure) [PSYoungGen: 0K->0K(61440K)] 399889K->399889K(510976K), 0.0008616 secs] [Times: user=0.00 sys=0.00, real=0.00 secs] 
50.106: [Full GC (Allocation Failure) [PSYoungGen: 0K->0K(61440K)] [ParOldGen: 399889K->133649K(449536K)] 399889K->133649K(510976K), [Metaspace: 2796K->2796K(1056768K)], 0.0103770 secs] [Times: user=0.00 sys=0.00, real=0.01 secs] 
51.324: [GC (Allocation Failure) [PSYoungGen: 36794K->5120K(61952K)] 272843K->251409K(511488K), 0.0015658 secs] [Times: user=0.00 sys=0.00, real=0.00 secs] 
52.307: [GC (Allocation Failure) [PSYoungGen: 49095K->6144K(61440K)] 448984K->411153K(510976K), 0.0010557 secs] [Times: user=0.00 sys=0.00, real=0.00 secs] 
52.745: [GC (Allocation Failure) [PSYoungGen: 37833K->10240K(59904K)] 442842K->421393K(509440K), 0.0061163 secs] [Times: user=0.02 sys=0.00, real=0.01 secs] 
52.854: [GC (Allocation Failure) [PSYoungGen: 31649K->0K(60928K)] 442803K->431633K(510464K), 0.0053660 secs] [Times: user=0.02 sys=0.02, real=0.01 secs] 
52.860: [Full GC (Ergonomics) [PSYoungGen: 0K->0K(60928K)] [ParOldGen: 431633K->32273K(449536K)] 431633K->32273K(510464K), [Metaspace: 2796K->2796K(1056768K)], 0.0049016 secs] [Times: user=0.00 sys=0.00, real=0.00 secs] 
54.735: [GC (Allocation Failure) [PSYoungGen: 44961K->1024K(60928K)] 230835K->186897K(510464K), 0.0149470 secs] [Times: user=0.01 sys=0.00, real=0.02 secs] 
55.514: [GC (Allocation Failure) [PSYoungGen: 42918K->10240K(57856K)] 228791K->201233K(507392K), 0.0013314 secs] [Times: user=0.00 sys=0.00, real=0.00 secs] 
56.384: [GC (Allocation Failure) [PSYoungGen: 54177K->10240K(57856K)] 398771K->365073K(507392K), 0.0019024 secs] [Times: user=0.00 sys=0.00, real=0.00 secs] 
57.037: [GC (Allocation Failure) [PSYoungGen: 52052K->10240K(53760K)] 406886K->370193K(503296K), 0.0024144 secs] [Times: user=0.00 sys=0.00, real=0.00 secs] 
57.258: [GC (Allocation Failure) [PSYoungGen: 31569K->0K(57856K)] 442722K->431633K(507392K), 0.0021480 secs] [Times: user=0.00 sys=0.00, real=0.00 secs] 
57.260: [Full GC (Ergonomics) [PSYoungGen: 0K->0K(57856K)] [ParOldGen: 431633K->92689K(449536K)] 431633K->92689K(507392K), [Metaspace: 2796K->2796K(1056768K)], 0.0077632 secs] [Times: user=0.03 sys=0.00, real=0.01 secs] 
59.022: [GC (Allocation Failure) [PSYoungGen: 40744K->1024K(57856K)] 389434K->349713K(507392K), 0.0007446 secs] [Times: user=0.00 sys=0.00, real=0.00 secs] 
59.677: [GC (Allocation Failure) [PSYoungGen: 32556K->10240K(56320K)] 381245K->358929K(505856K), 0.0012723 secs] [Times: user=0.00 sys=0.00, real=0.00 secs] 
60.115: [Full GC (Ergonomics) [PSYoungGen: 31507K->0K(56320K)] [ParOldGen: 420369K->108049K(449536K)] 451876K->108049K(505856K), [Metaspace: 2796K->2796K(1056768K)], 0.0143843 secs] [Times: user=0.03 sys=0.00, real=0.02 secs] 
61.115: [GC (Allocation Failure) [PSYoungGen: 33559K->10240K(50688K)] 244008K->220689K(500224K), 0.0010470 secs] [Times: user=0.00 sys=0.00, real=0.00 secs] 
62.538: [GC (Allocation Failure) [PSYoungGen: 42777K->10240K(55808K)] 427307K->394769K(505344K), 0.0033862 secs] [Times: user=0.00 sys=0.00, real=0.00 secs] 
62.868: [GC (Allocation Failure) [PSYoungGen: 31474K->0K(56320K)] 436484K->410129K(505856K), 0.0025809 secs] [Times: user=0.00 sys=0.00, real=0.00 secs] 
62.871: [GC (Allocation Failure) [PSYoungGen: 0K->0K(56832K)] 410129K->410129K(506368K), 0.0017897 secs] [Times: user=0.00 sys=0.00, real=0.00 secs] 
62.873: [Full GC (Allocation Failure) [PSYoungGen: 0K->0K(56832K)] [ParOldGen: 410129K->26129K(449536K)] 410129K->26129K(506368K), [Metaspace: 2796K->2796K(1056768K)], 0.0036267 secs] [Times: user=0.00 sys=0.00, real=0.00 secs] 
63.977: [GC (Allocation Failure) [PSYoungGen: 33544K->6144K(56832K)] 213273K->185873K(506368K), 0.0007717 secs] [Times: user=0.00 sys=0.00, real=0.00 secs] 
65.073: [GC (Allocation Failure) [PSYoungGen: 44809K->10240K(55808K)] 398618K->375313K(505344K), 0.0019539 secs] [Times: user=0.00 sys=0.00, real=0.00 secs] 
66.165: [GC (Allocation Failure) [PSYoungGen: 46857K->10240K(49664K)] 411930K->375313K(499200K), 0.0103305 secs] [Times: user=0.00 sys=0.00, real=0.01 secs] 
66.835: [GC (Allocation Failure) [PSYoungGen: 41732K->10240K(56320K)] 406805K->375313K(505856K), 0.0083927 secs] [Times: user=0.00 sys=0.00, real=0.01 secs] 
67.274: [Full GC (Ergonomics) [PSYoungGen: 31467K->0K(56320K)] [ParOldGen: 436753K->77329K(449536K)] 468220K->77329K(505856K), [Metaspace: 2796K->2796K(1056768K)], 0.0072096 secs] [Times: user=0.01 sys=0.00, real=0.01 secs] 
68.272: [GC (Allocation Failure) [PSYoungGen: 33519K->10240K(48640K)] 213248K->189969K(498176K), 0.0011808 secs] [Times: user=0.00 sys=0.00, real=0.00 secs] 
69.257: [GC (Allocation Failure) [PSYoungGen: 43761K->5120K(56832K)] 397570K->364049K(506368K), 0.0010793 secs] [Times: user=0.00 sys=0.00, real=0.00 secs] 
70.133: [GC (Allocation Failure) [PSYoungGen: 16114K->0K(55808K)] 426244K->410129K(505344K), 0.0013230 secs] [Times: user=0.00 sys=0.00, real=0.00 secs] 
70.134: [GC (Allocation Failure) [PSYoungGen: 0K->0K(56832K)] 410129K->410129K(506368K), 0.0007094 secs] [Times: user=0.00 sys=0.00, real=0.00 secs] 
70.135: [Full GC (Allocation Failure) [PSYoungGen: 0K->0K(56832K)] [ParOldGen: 410129K->51729K(449536K)] 410129K->51729K(506368K), [Metaspace: 2796K->2796K(1056768K)], 0.0048090 secs] [Times: user=0.00 sys=0.00, real=0.01 secs] 
71.133: [GC (Allocation Failure) [PSYoungGen: 33543K->10240K(49664K)] 187672K->164369K(499200K), 0.0010498 secs] [Times: user=0.02 sys=0.00, real=0.00 secs] 
72.229: [GC (Allocation Failure) [PSYoungGen: 48904K->6144K(57344K)] 377113K->339473K(506880K), 0.0011895 secs] [Times: user=0.00 sys=0.00, real=0.00 secs] 
72.994: [GC (Allocation Failure) [PSYoungGen: 42761K->5120K(56320K)] 447770K->411153K(505856K), 0.0092025 secs] [Times: user=0.00 sys=0.00, real=0.01 secs] 
73.004: [GC (Allocation Failure) [PSYoungGen: 5120K->0K(58368K)] 411153K->411153K(507904K), 0.0091883 secs] [Times: user=0.00 sys=0.00, real=0.01 secs] 
73.013: [Full GC (Allocation Failure) [PSYoungGen: 0K->0K(58368K)] [ParOldGen: 411153K->165393K(449536K)] 411153K->165393K(507904K), [Metaspace: 2796K->2796K(1056768K)], 0.0137925 secs] [Times: user=0.09 sys=0.00, real=0.01 secs] 
74.234: [GC (Allocation Failure) [PSYoungGen: 28486K->10240K(52736K)] 296280K->288273K(502272K), 0.0024399 secs] [Times: user=0.00 sys=0.00, real=0.00 secs] 
75.107: [Full GC (Ergonomics) [PSYoungGen: 48967K->0K(52736K)] [ParOldGen: 431633K->21009K(449536K)] 480600K->21009K(502272K), [Metaspace: 2796K->2796K(1056768K)], 0.0033079 secs] [Times: user=0.00 sys=0.00, real=0.00 secs] 
75.654: [GC (Allocation Failure) [PSYoungGen: 36679K->10240K(56832K)] 57688K->41489K(506368K), 0.0013200 secs] [Times: user=0.00 sys=0.00, real=0.00 secs] 
76.527: [GC (Allocation Failure) [PSYoungGen: 48920K->10240K(50688K)] 233769K->195089K(500224K), 0.0011577 secs] [Times: user=0.00 sys=0.00, real=0.00 secs] 
77.729: [GC (Allocation Failure) [PSYoungGen: 46874K->0K(56832K)] 252203K->205329K(506368K), 0.0006067 secs] [Times: user=0.00 sys=0.00, real=0.00 secs] 
78.384: [GC (Allocation Failure) [PSYoungGen: 36615K->15360K(54784K)] 241945K->220689K(504320K), 0.0015196 secs] [Times: user=0.00 sys=0.00, real=0.00 secs] 
79.147: [GC (Allocation Failure) [PSYoungGen: 54018K->5120K(55296K)] 412948K->369169K(504832K), 0.0010709 secs] [Times: user=0.00 sys=0.00, real=0.00 secs] 
79.698: [GC (Allocation Failure) [PSYoungGen: 31422K->10240K(54784K)] 395471K->374289K(504320K), 0.0011889 secs] [Times: user=0.00 sys=0.00, real=0.00 secs] 
80.133: [Full GC (Ergonomics) [PSYoungGen: 31417K->0K(54784K)] [ParOldGen: 435729K->113169K(449536K)] 467146K->113169K(504320K), [Metaspace: 2796K->2796K(1056768K)], 0.0193861 secs] [Times: user=0.08 sys=0.00, real=0.02 secs] 
81.901: [GC (Allocation Failure) [PSYoungGen: 30396K->2048K(55808K)] 348365K->320017K(505344K), 0.0008590 secs] [Times: user=0.00 sys=0.00, real=0.00 secs] 
82.561: [GC (Allocation Failure) [PSYoungGen: 33491K->10240K(55296K)] 351460K->329233K(504832K), 0.0010663 secs] [Times: user=0.00 sys=0.00, real=0.00 secs] 
83.000: [GC (Allocation Failure) [PSYoungGen: 31438K->0K(55808K)] 422112K->395793K(505344K), 0.0009134 secs] [Times: user=0.00 sys=0.00, real=0.00 secs] 
83.001: [GC (Allocation Failure) [PSYoungGen: 0K->0K(55808K)] 395793K->395793K(505344K), 0.0007725 secs] [Times: user=0.00 sys=0.00, real=0.00 secs] 
83.002: [Full GC (Allocation Failure) [PSYoungGen: 0K->0K(55808K)] [ParOldGen: 395793K->57873K(449536K)] 395793K->57873K(505344K), [Metaspace: 2796K->2796K(1056768K)], 0.0054212 secs] [Times: user=0.02 sys=0.00, real=0.01 secs] 
84.007: [GC (Allocation Failure) [PSYoungGen: 33499K->6144K(56832K)] 193773K->166417K(506368K), 0.0007650 secs] [Times: user=0.01 sys=0.00, real=0.00 secs] 
85.432: [GC (Allocation Failure) [PSYoungGen: 34546K->5120K(55808K)] 368899K->339473K(505344K), 0.0008938 secs] [Times: user=0.00 sys=0.00, real=0.00 secs] 
85.876: [GC (Allocation Failure) [PSYoungGen: 26355K->10240K(56832K)] 432388K->416273K(506368K), 0.0013720 secs] [Times: user=0.02 sys=0.00, real=0.00 secs] 
85.878: [GC (Allocation Failure) [PSYoungGen: 10240K->0K(57344K)] 416273K->416273K(506880K), 0.0012064 secs] [Times: user=0.00 sys=0.00, real=0.00 secs] 
85.879: [Full GC (Allocation Failure) [PSYoungGen: 0K->0K(57344K)] [ParOldGen: 416273K->61969K(449536K)] 416273K->61969K(506880K), [Metaspace: 2796K->2796K(1056768K)], 0.0060111 secs] [Times: user=0.00 sys=0.00, real=0.01 secs] 
86.879: [GC (Allocation Failure) [PSYoungGen: 33565K->10240K(56320K)] 197934K->174609K(505856K), 0.0009817 secs] [Times: user=0.02 sys=0.00, real=0.00 secs] 
87.973: [GC (Allocation Failure) [PSYoungGen: 48905K->10240K(49664K)] 387354K->353809K(499200K), 0.0016460 secs] [Times: user=0.00 sys=0.00, real=0.00 secs] 
89.282: [GC (Allocation Failure) [PSYoungGen: 46857K->0K(56320K)] 462107K->415249K(505856K), 0.0008592 secs] [Times: user=0.00 sys=0.00, real=0.00 secs] 
89.830: [GC (Allocation Failure) [PSYoungGen: 31477K->15360K(53760K)] 446726K->430609K(503296K), 0.0015681 secs] [Times: user=0.02 sys=0.00, real=0.00 secs] 
90.048: [GC (Allocation Failure) [PSYoungGen: 46831K->0K(54272K)] 462080K->440849K(503808K), 0.0158784 secs] [Times: user=0.03 sys=0.00, real=0.02 secs] 
90.063: [Full GC (Ergonomics) [PSYoungGen: 0K->0K(54272K)] [ParOldGen: 440849K->26129K(449536K)] 440849K->26129K(503808K), [Metaspace: 2796K->2796K(1056768K)], 0.0040306 secs] [Times: user=0.05 sys=0.00, real=0.00 secs] 
91.155: [GC (Allocation Failure) [PSYoungGen: 33434K->10240K(54272K)] 213163K->189969K(503808K), 0.0017242 secs] [Times: user=0.00 sys=0.00, real=0.00 secs] 
92.143: [GC (Allocation Failure) [PSYoungGen: 43677K->6144K(55808K)] 397487K->365073K(505344K), 0.0011545 secs] [Times: user=0.00 sys=0.02, real=0.00 secs] 
93.562: [GC (Allocation Failure) [PSYoungGen: 39614K->6144K(54272K)] 398543K->365073K(503808K), 0.0008565 secs] [Times: user=0.00 sys=0.00, real=0.00 secs] 
94.108: [GC (Allocation Failure) [PSYoungGen: 37562K->10240K(55808K)] 396492K->380433K(505344K), 0.0016142 secs] [Times: user=0.00 sys=0.00, real=0.00 secs] 
94.435: [Full GC (Ergonomics) [PSYoungGen: 41706K->0K(55808K)] [ParOldGen: 421393K->62993K(449536K)] 463099K->62993K(505344K), [Metaspace: 2796K->2796K(1056768K)], 0.0066310 secs] [Times: user=0.00 sys=0.00, real=0.01 secs] 
95.433: [GC (Allocation Failure) [PSYoungGen: 33518K->10240K(56320K)] 198911K->175633K(505856K), 0.0010987 secs] [Times: user=0.00 sys=0.00, real=0.00 secs] 
96.961: [GC (Allocation Failure) [PSYoungGen: 43761K->5120K(57344K)] 383234K->344593K(506880K), 0.0008495 secs] [Times: user=0.00 sys=0.00, real=0.00 secs] 
97.288: [GC (Allocation Failure) [PSYoungGen: 36615K->0K(56320K)] 427288K->411153K(505856K), 0.0023733 secs] [Times: user=0.00 sys=0.00, real=0.00 secs] 
97.290: [Full GC (Ergonomics) [PSYoungGen: 0K->0K(56320K)] [ParOldGen: 411153K->72209K(449536K)] 411153K->72209K(505856K), [Metaspace: 2796K->2796K(1056768K)], 0.0074077 secs] [Times: user=0.05 sys=0.00, real=0.01 secs] 
98.285: [GC (Allocation Failure) [PSYoungGen: 33544K->10240K(56832K)] 208153K->184849K(506368K), 0.0010466 secs] [Times: user=0.00 sys=0.00, real=0.00 secs] 
99.377: [GC (Allocation Failure) [PSYoungGen: 48905K->5120K(56832K)] 397594K->358929K(506368K), 0.0013312 secs] [Times: user=0.00 sys=0.00, real=0.00 secs] 
100.143: [Full GC (Ergonomics) [PSYoungGen: 41737K->0K(56832K)] [ParOldGen: 425489K->133649K(449536K)] 467226K->133649K(506368K), [Metaspace: 2796K->2796K(1056768K)], 0.0108744 secs] [Times: user=0.01 sys=0.00, real=0.01 secs] 
101.910: [GC (Allocation Failure) [PSYoungGen: 38665K->7168K(58368K)] 448795K->417297K(507904K), 0.0010590 secs] [Times: user=0.02 sys=0.00, real=0.00 secs] 
102.565: [GC (Allocation Failure) [PSYoungGen: 38706K->10240K(57344K)] 448836K->426513K(506880K), 0.0082974 secs] [Times: user=0.02 sys=0.00, real=0.01 secs] 
102.573: [Full GC (Ergonomics) [PSYoungGen: 10240K->0K(57344K)] [ParOldGen: 416273K->11793K(449536K)] 426513K->11793K(506880K), [Metaspace: 2796K->2796K(1056768K)], 0.0026580 secs] [Times: user=0.00 sys=0.00, real=0.00 secs] 
103.673: [GC (Allocation Failure) [PSYoungGen: 38699K->6144K(58880K)] 224573K->192017K(508416K), 0.0009067 secs] [Times: user=0.02 sys=0.00, real=0.00 secs] 
104.986: [GC (Allocation Failure) [PSYoungGen: 43842K->10240K(57856K)] 229716K->196113K(507392K), 0.0009738 secs] [Times: user=0.00 sys=0.00, real=0.00 secs] 
105.646: [GC (Allocation Failure) [PSYoungGen: 52030K->10240K(58368K)] 237903K->211473K(507904K), 0.0021280 secs] [Times: user=0.01 sys=0.00, real=0.00 secs] 
106.518: [GC (Allocation Failure) [PSYoungGen: 48955K->10240K(52224K)] 403789K->375313K(501760K), 0.0017851 secs] [Times: user=0.00 sys=0.00, real=0.00 secs] 
107.067: [GC (Allocation Failure) [PSYoungGen: 46901K->10240K(57856K)] 411975K->380433K(507392K), 0.0014565 secs] [Times: user=0.00 sys=0.00, real=0.00 secs] 
107.288: [Full GC (Ergonomics) [PSYoungGen: 31527K->0K(57856K)] [ParOldGen: 421393K->92689K(449536K)] 452921K->92689K(507392K), [Metaspace: 2796K->2796K(1056768K)], 0.0085126 secs] [Times: user=0.02 sys=0.00, real=0.01 secs] 
109.054: [GC (Allocation Failure) [PSYoungGen: 40747K->1024K(57856K)] 389437K->349713K(507392K), 0.0008241 secs] [Times: user=0.00 sys=0.00, real=0.00 secs] 
109.710: [GC (Allocation Failure) [PSYoungGen: 32558K->10240K(56832K)] 381247K->358929K(506368K), 0.0010544 secs] [Times: user=0.02 sys=0.00, real=0.00 secs] 
110.145: [Full GC (Ergonomics) [PSYoungGen: 31508K->0K(56832K)] [ParOldGen: 420369K->108049K(449536K)] 451878K->108049K(506368K), [Metaspace: 2796K->2796K(1056768K)], 0.0092816 secs] [Times: user=0.00 sys=0.01, real=0.01 secs] 
111.146: [GC (Allocation Failure) [PSYoungGen: 33560K->10240K(57344K)] 244009K->220689K(506880K), 0.0011172 secs] [Times: user=0.00 sys=0.00, real=0.00 secs] 
112.574: [GC (Allocation Failure) [PSYoungGen: 42778K->10240K(57344K)] 427307K->394769K(506880K), 0.0012426 secs] [Times: user=0.00 sys=0.00, real=0.00 secs] 
112.904: [GC (Allocation Failure) [PSYoungGen: 31515K->5120K(57344K)] 436525K->410129K(506880K), 0.0009906 secs] [Times: user=0.00 sys=0.00, real=0.00 secs] 
112.905: [GC (Allocation Failure) [PSYoungGen: 5120K->5120K(58368K)] 410129K->410129K(507904K), 0.0009178 secs] [Times: user=0.00 sys=0.00, real=0.00 secs] 
112.906: [Full GC (Allocation Failure) [PSYoungGen: 5120K->0K(58368K)] [ParOldGen: 405009K->26129K(449536K)] 410129K->26129K(507904K), [Metaspace: 2796K->2796K(1056768K)], 0.0063757 secs] [Times: user=0.00 sys=0.00, real=0.01 secs] 
113.996: [GC (Allocation Failure) [PSYoungGen: 33595K->6144K(57856K)] 213325K->185873K(507392K), 0.0007923 secs] [Times: user=0.00 sys=0.00, real=0.00 secs] 
114.217: [GC (Allocation Failure) [PSYoungGen: 27452K->11264K(57856K)] 207181K->201233K(507392K), 0.0019183 secs] [Times: user=0.00 sys=0.00, real=0.00 secs] 
115.095: [GC (Allocation Failure) [PSYoungGen: 49979K->10240K(58368K)] 393549K->365073K(507904K), 0.0019403 secs] [Times: user=0.00 sys=0.00, real=0.00 secs] 
116.298: [GC (Allocation Failure) [PSYoungGen: 52031K->5120K(58368K)] 406865K->359953K(507904K), 0.0009673 secs] [Times: user=0.00 sys=0.00, real=0.00 secs] 
116.955: [GC (Allocation Failure) [PSYoungGen: 41788K->15360K(57856K)] 396622K->370193K(507392K), 0.0017441 secs] [Times: user=0.00 sys=0.00, real=0.00 secs] 
117.282: [GC (Allocation Failure) [PSYoungGen: 46906K->0K(54784K)] 452939K->431633K(504320K), 0.0031368 secs] [Times: user=0.03 sys=0.00, real=0.00 secs] 
117.285: [Full GC (Ergonomics) [PSYoungGen: 0K->0K(54784K)] [ParOldGen: 431633K->77329K(449536K)] 431633K->77329K(504320K), [Metaspace: 2796K->2796K(1056768K)], 0.0073270 secs] [Times: user=0.00 sys=0.00, real=0.01 secs] 
118.288: [GC (Allocation Failure) [PSYoungGen: 33517K->10240K(56320K)] 213247K->189969K(505856K), 0.0010679 secs] [Times: user=0.00 sys=0.00, real=0.00 secs] 
119.270: [GC (Allocation Failure) [PSYoungGen: 43760K->5120K(56832K)] 397570K->364049K(506368K), 0.0013540 secs] [Times: user=0.00 sys=0.00, real=0.00 secs] 
120.146: [GC (Allocation Failure) [PSYoungGen: 16124K->0K(56320K)] 426254K->410129K(505856K), 0.0008175 secs] [Times: user=0.00 sys=0.00, real=0.00 secs] 
120.147: [GC (Allocation Failure) [PSYoungGen: 0K->0K(56320K)] 410129K->410129K(505856K), 0.0008116 secs] [Times: user=0.00 sys=0.00, real=0.00 secs] 
120.148: [Full GC (Allocation Failure) [PSYoungGen: 0K->0K(56320K)] [ParOldGen: 410129K->51729K(449536K)] 410129K->51729K(505856K), [Metaspace: 2796K->2796K(1056768K)], 0.0053257 secs] [Times: user=0.01 sys=0.00, real=0.01 secs] 
121.146: [GC (Allocation Failure) [PSYoungGen: 33522K->10240K(56320K)] 187651K->164369K(505856K), 0.0010491 secs] [Times: user=0.00 sys=0.00, real=0.00 secs] 
122.133: [GC (Allocation Failure) [PSYoungGen: 43763K->6144K(57344K)] 371973K->339473K(506880K), 0.0028782 secs] [Times: user=0.02 sys=0.00, real=0.00 secs] 
122.678: [GC (Allocation Failure) [PSYoungGen: 37640K->15360K(54784K)] 370970K->349713K(504320K), 0.0096455 secs] [Times: user=0.02 sys=0.00, real=0.01 secs] 
123.020: [GC (Allocation Failure) [PSYoungGen: 46850K->0K(54784K)] 432404K->390673K(504320K), 0.0009525 secs] [Times: user=0.00 sys=0.00, real=0.00 secs] 
123.021: [GC (Allocation Failure) [PSYoungGen: 0K->0K(54784K)] 390673K->390673K(504320K), 0.0006576 secs] [Times: user=0.00 sys=0.00, real=0.00 secs] 
123.022: [Full GC (Allocation Failure) [PSYoungGen: 0K->0K(54784K)] [ParOldGen: 390673K->165393K(449536K)] 390673K->165393K(504320K), [Metaspace: 2796K->2796K(1056768K)], 0.0131782 secs] [Times: user=0.00 sys=0.00, real=0.01 secs] 
124.791: [Full GC (Ergonomics) [PSYoungGen: 30387K->0K(54784K)] [ParOldGen: 441873K->12288K(449536K)] 472261K->12288K(504320K), [Metaspace: 2796K->2796K(1056768K)], 0.0029457 secs] [Times: user=0.02 sys=0.00, real=0.00 secs] 
125.448: [GC (Allocation Failure) [PSYoungGen: 31413K->10240K(54272K)] 43701K->22528K(503808K), 0.0010914 secs] [Times: user=0.02 sys=0.00, real=0.00 secs] 
126.428: [GC (Allocation Failure) [PSYoungGen: 43697K->10240K(54784K)] 230065K->211968K(504320K), 0.0024345 secs] [Times: user=0.00 sys=0.00, real=0.00 secs] 
126.977: [GC (Allocation Failure) [PSYoungGen: 41651K->10240K(54784K)] 243379K->217088K(504320K), 0.0015275 secs] [Times: user=0.00 sys=0.00, real=0.00 secs] 
127.741: [GC (Allocation Failure) [PSYoungGen: 41647K->0K(54784K)] 248496K->227328K(504320K), 0.0021958 secs] [Times: user=0.00 sys=0.00, real=0.00 secs] 
128.285: [GC (Allocation Failure) [PSYoungGen: 26285K->10240K(54784K)] 253613K->237568K(504320K), 0.0013581 secs] [Times: user=0.00 sys=0.00, real=0.00 secs] 
129.276: [GC (Allocation Failure) [PSYoungGen: 43691K->5120K(54784K)] 445099K->411648K(504320K), 0.0147463 secs] [Times: user=0.00 sys=0.00, real=0.02 secs] 
129.840: [GC (Allocation Failure) [PSYoungGen: 36527K->15360K(51712K)] 443055K->421888K(501248K), 0.0016623 secs] [Times: user=0.00 sys=0.00, real=0.00 secs] 
130.059: [GC (Allocation Failure) [PSYoungGen: 46725K->20480K(53760K)] 453253K->432128K(503296K), 0.0026231 secs] [Times: user=0.00 sys=0.00, real=0.00 secs] 
130.062: [GC (Allocation Failure) [PSYoungGen: 20480K->0K(46592K)] 432128K->432128K(496128K), 0.0021831 secs] [Times: user=0.00 sys=0.00, real=0.00 secs] 
130.064: [Full GC (Allocation Failure) [PSYoungGen: 0K->0K(46592K)] [ParOldGen: 432128K->82449K(449536K)] 432128K->82449K(496128K), [Metaspace: 2796K->2796K(1056768K)], 0.0073125 secs] [Times: user=0.00 sys=0.00, real=0.01 secs] 
130.953: [GC (Allocation Failure) [PSYoungGen: 23031K->5120K(50176K)] 259080K->241169K(499712K), 0.0007420 secs] [Times: user=0.00 sys=0.00, real=0.00 secs] 
132.269: [GC (Allocation Failure) [PSYoungGen: 28154K->6144K(52736K)] 366603K->344593K(502272K), 0.0009708 secs] [Times: user=0.01 sys=0.00, real=0.00 secs] 
132.706: [GC (Allocation Failure) [PSYoungGen: 32333K->15360K(45568K)] 370783K->354833K(495104K), 0.0017453 secs] [Times: user=0.00 sys=0.00, real=0.00 secs] 
133.050: [GC (Allocation Failure) [PSYoungGen: 26186K->0K(51200K)] 437339K->416273K(500736K), 0.0009917 secs] [Times: user=0.00 sys=0.00, real=0.00 secs] 
133.051: [Full GC (Ergonomics) [PSYoungGen: 0K->0K(51200K)] [ParOldGen: 416273K->57873K(449536K)] 416273K->57873K(500736K), [Metaspace: 2796K->2796K(1056768K)], 0.0052305 secs] [Times: user=0.00 sys=0.00, real=0.01 secs] 
133.824: [GC (Allocation Failure) [PSYoungGen: 23074K->6144K(51200K)] 183347K->166417K(500736K), 0.0008469 secs] [Times: user=0.00 sys=0.00, real=0.00 secs] 
134.152: [GC (Allocation Failure) [PSYoungGen: 27172K->20480K(47616K)] 187445K->181777K(497152K), 0.0014589 secs] [Times: user=0.00 sys=0.00, real=0.00 secs] 
135.468: [GC (Allocation Failure) [PSYoungGen: 38392K->5120K(50176K)] 373770K->340497K(499712K), 0.0010656 secs] [Times: user=0.00 sys=0.00, real=0.00 secs] 
135.902: [GC (Allocation Failure) [PSYoungGen: 26107K->10240K(51200K)] 433164K->417297K(500736K), 0.0013316 secs] [Times: user=0.00 sys=0.00, real=0.00 secs] 
135.903: [GC (Allocation Failure) [PSYoungGen: 10240K->0K(50176K)] 417297K->417297K(499712K), 0.0012464 secs] [Times: user=0.00 sys=0.00, real=0.00 secs] 
135.904: [Full GC (Allocation Failure) [PSYoungGen: 0K->0K(50176K)] [ParOldGen: 417297K->61969K(449536K)] 417297K->61969K(499712K), [Metaspace: 2796K->2796K(1056768K)], 0.0059973 secs] [Times: user=0.00 sys=0.00, real=0.01 secs] 
136.682: [GC (Allocation Failure) [PSYoungGen: 23057K->10240K(51712K)] 187426K->174609K(501248K), 0.0010003 secs] [Times: user=0.00 sys=0.00, real=0.00 secs] 
137.008: [GC (Allocation Failure) [PSYoungGen: 31281K->10240K(51200K)] 195650K->179729K(500736K), 0.0014316 secs] [Times: user=0.00 sys=0.00, real=0.00 secs] 
137.885: [GC (Allocation Failure) [PSYoungGen: 33324K->5120K(53248K)] 376894K->348689K(502784K), 0.0017402 secs] [Times: user=0.00 sys=0.00, real=0.00 secs] 
138.321: [GC (Allocation Failure) [PSYoungGen: 26209K->10240K(52224K)] 369779K->353809K(501760K), 0.0011406 secs] [Times: user=0.00 sys=0.00, real=0.00 secs] 
139.417: [GC (Allocation Failure) [PSYoungGen: 36445K->5120K(54784K)] 451694K->420369K(504320K), 0.0009487 secs] [Times: user=0.00 sys=0.00, real=0.00 secs] 
139.851: [GC (Allocation Failure) [PSYoungGen: 31389K->15360K(49664K)] 446638K->430609K(499200K), 0.0016233 secs] [Times: user=0.00 sys=0.00, real=0.00 secs] 
140.069: [GC (Allocation Failure) [PSYoungGen: 46745K->20480K(47616K)] 461995K->440849K(497152K), 0.0023076 secs] [Times: user=0.00 sys=0.00, real=0.00 secs] 
140.072: [Full GC (Ergonomics) [PSYoungGen: 20480K->0K(47616K)] [ParOldGen: 420369K->26129K(449536K)] 440849K->26129K(497152K), [Metaspace: 2796K->2796K(1056768K)], 0.0034590 secs] [Times: user=0.00 sys=0.00, real=0.00 secs] 
140.947: [GC (Allocation Failure) [PSYoungGen: 23031K->5120K(50176K)] 202760K->184849K(499712K), 0.0020130 secs] [Times: user=0.00 sys=0.00, real=0.00 secs] 
141.278: [GC (Allocation Failure) [PSYoungGen: 26106K->15360K(49664K)] 205835K->195089K(499200K), 0.0014513 secs] [Times: user=0.02 sys=0.00, real=0.00 secs] 
142.152: [GC (Allocation Failure) [PSYoungGen: 38392K->6144K(50176K)] 392201K->365073K(499712K), 0.0012242 secs] [Times: user=0.00 sys=0.00, real=0.00 secs] 
143.351: [GC (Allocation Failure) [PSYoungGen: 29178K->2048K(50688K)] 388108K->360977K(500224K), 0.0031146 secs] [Times: user=0.00 sys=0.00, real=0.00 secs] 
143.901: [GC (Allocation Failure) [PSYoungGen: 28172K->5120K(50688K)] 387102K->365073K(500224K), 0.0013133 secs] [Times: user=0.00 sys=0.00, real=0.00 secs] 
144.449: [Full GC (Ergonomics) [PSYoungGen: 31243K->0K(50688K)] [ParOldGen: 431633K->62993K(449536K)] 462877K->62993K(500224K), [Metaspace: 2796K->2796K(1056768K)], 0.0059184 secs] [Times: user=0.02 sys=0.00, real=0.01 secs] 
145.229: [GC (Allocation Failure) [PSYoungGen: 23054K->10240K(52224K)] 188448K->175633K(501760K), 0.0013398 secs] [Times: user=0.00 sys=0.00, real=0.00 secs] 
145.555: [GC (Allocation Failure) [PSYoungGen: 31299K->10240K(51712K)] 196693K->180753K(501248K), 0.0014828 secs] [Times: user=0.00 sys=0.00, real=0.00 secs] 
146.975: [GC (Allocation Failure) [PSYoungGen: 33343K->5120K(53760K)] 377937K->349713K(503296K), 0.0010793 secs] [Times: user=0.00 sys=0.00, real=0.00 secs] 
147.304: [GC (Allocation Failure) [PSYoungGen: 36479K->20480K(53248K)] 432272K->416273K(502784K), 0.0039652 secs] [Times: user=0.02 sys=0.00, real=0.00 secs] 
147.308: [GC (Allocation Failure) [PSYoungGen: 20480K->0K(47104K)] 416273K->416273K(496640K), 0.0028069 secs] [Times: user=0.03 sys=0.00, real=0.00 secs] 
147.311: [Full GC (Allocation Failure) [PSYoungGen: 0K->0K(47104K)] [ParOldGen: 416273K->72209K(449536K)] 416273K->72209K(496640K), [Metaspace: 2796K->2796K(1056768K)], 0.0068510 secs] [Times: user=0.02 sys=0.00, real=0.01 secs] 
148.084: [GC (Allocation Failure) [PSYoungGen: 23037K->10240K(50176K)] 197646K->184849K(499712K), 0.0010755 secs] [Times: user=0.00 sys=0.00, real=0.00 secs] 
148.411: [GC (Allocation Failure) [PSYoungGen: 31230K->10240K(52224K)] 205839K->189969K(501760K), 0.0016106 secs] [Times: user=0.01 sys=0.00, real=0.00 secs] 
149.398: [GC (Allocation Failure) [PSYoungGen: 38455K->5120K(51200K)] 392264K->358929K(500736K), 0.0008282 secs] [Times: user=0.00 sys=0.00, real=0.00 secs] 
149.834: [GC (Allocation Failure) [PSYoungGen: 31289K->15360K(50688K)] 385098K->369169K(500224K), 0.0016068 secs] [Times: user=0.00 sys=0.00, real=0.00 secs] 
150.164: [Full GC (Ergonomics) [PSYoungGen: 26166K->0K(50688K)] [ParOldGen: 425489K->133649K(449536K)] 451655K->133649K(500224K), [Metaspace: 2796K->2796K(1056768K)], 0.0115755 secs] [Times: user=0.08 sys=0.00, real=0.01 secs] 
151.278: [GC (Allocation Failure) [PSYoungGen: 26166K->15360K(44544K)] 262215K->251409K(494080K), 0.0016404 secs] [Times: user=0.00 sys=0.00, real=0.00 secs] 
152.268: [GC (Allocation Failure) [PSYoungGen: 43577K->6144K(51712K)] 453706K->421393K(501248K), 0.0011504 secs] [Times: user=0.00 sys=0.00, real=0.00 secs] 
152.704: [GC (Allocation Failure) [PSYoungGen: 32294K->15360K(50688K)] 447543K->431633K(500224K), 0.0036182 secs] [Times: user=0.00 sys=0.00, real=0.00 secs] 
152.919: [Full GC (Ergonomics) [PSYoungGen: 26147K->0K(50688K)] [ParOldGen: 436753K->32273K(449536K)] 462900K->32273K(500224K), [Metaspace: 2796K->2796K(1056768K)], 0.0045197 secs] [Times: user=0.02 sys=0.00, real=0.00 secs] 
153.800: [GC (Allocation Failure) [PSYoungGen: 23075K->6144K(51200K)] 208948K->192017K(500736K), 0.0007534 secs] [Times: user=0.00 sys=0.00, real=0.00 secs] 
154.786: [GC (Allocation Failure) [PSYoungGen: 28187K->1024K(50688K)] 214060K->186897K(500224K), 0.0009171 secs] [Times: user=0.00 sys=0.00, real=0.00 secs] 
155.334: [GC (Allocation Failure) [PSYoungGen: 27159K->10240K(52224K)] 213033K->196113K(501760K), 0.0013188 secs] [Times: user=0.00 sys=0.00, real=0.00 secs] 
156.207: [GC (Allocation Failure) [PSYoungGen: 38452K->11264K(51200K)] 398406K->376337K(500736K), 0.0015512 secs] [Times: user=0.00 sys=0.00, real=0.00 secs] 
156.758: [GC (Allocation Failure) [PSYoungGen: 37431K->10240K(53760K)] 402505K->385553K(503296K), 0.0018767 secs] [Times: user=0.00 sys=0.00, real=0.00 secs] 
157.304: [Full GC (Ergonomics) [PSYoungGen: 36465K->0K(53760K)] [ParOldGen: 446993K->92689K(449536K)] 483459K->92689K(503296K), [Metaspace: 2796K->2796K(1056768K)], 0.0085963 secs] [Times: user=0.00 sys=0.00, real=0.01 secs] 
159.305: [GC (Allocation Failure) [PSYoungGen: 30325K->5120K(52736K)] 399494K->374289K(502272K), 0.0011728 secs] [Times: user=0.00 sys=0.00, real=0.00 secs] 
159.856: [GC (Allocation Failure) [PSYoungGen: 36471K->15360K(51712K)] 405640K->384529K(501248K), 0.0015134 secs] [Times: user=0.00 sys=0.00, real=0.00 secs] 
160.184: [Full GC (Ergonomics) [PSYoungGen: 26207K->0K(51712K)] [ParOldGen: 440849K->108049K(449536K)] 467057K->108049K(501248K), [Metaspace: 2796K->2796K(1056768K)], 0.0089931 secs] [Times: user=0.02 sys=0.00, real=0.01 secs] 
161.078: [GC (Allocation Failure) [PSYoungGen: 28255K->10240K(52736K)] 238705K->220689K(502272K), 0.0011028 secs] [Times: user=0.00 sys=0.00, real=0.00 secs] 
162.397: [GC (Allocation Failure) [PSYoungGen: 37474K->1024K(52736K)] 422003K->385553K(502272K), 0.0074315 secs] [Times: user=0.00 sys=0.00, real=0.01 secs] 
162.947: [GC (Allocation Failure) [PSYoungGen: 32376K->5120K(53248K)] 437385K->410129K(502784K), 0.0008253 secs] [Times: user=0.00 sys=0.00, real=0.00 secs] 
162.948: [GC (Allocation Failure) [PSYoungGen: 5120K->0K(53760K)] 410129K->410129K(503296K), 0.0008830 secs] [Times: user=0.00 sys=0.00, real=0.00 secs] 
162.949: [Full GC (Allocation Failure) [PSYoungGen: 0K->0K(53760K)] [ParOldGen: 410129K->26129K(449536K)] 410129K->26129K(503296K), [Metaspace: 2796K->2796K(1056768K)], 0.0034383 secs] [Times: user=0.02 sys=0.00, real=0.00 secs] 
163.938: [GC (Allocation Failure) [PSYoungGen: 28301K->6144K(53760K)] 208030K->185873K(503296K), 0.0009185 secs] [Times: user=0.00 sys=0.00, real=0.00 secs] 
164.815: [GC (Allocation Failure) [PSYoungGen: 34446K->11264K(54784K)] 388255K->366097K(504320K), 0.0153401 secs] [Times: user=0.00 sys=0.00, real=0.02 secs] 
165.486: [GC (Allocation Failure) [PSYoungGen: 42679K->10240K(54784K)] 397513K->375313K(504320K), 0.0020722 secs] [Times: user=0.00 sys=0.00, real=0.00 secs] 
166.466: [GC (Allocation Failure) [PSYoungGen: 41650K->10240K(55296K)] 406723K->375313K(504832K), 0.0010429 secs] [Times: user=0.03 sys=0.00, real=0.00 secs] 
167.015: [GC (Allocation Failure) [PSYoungGen: 41657K->10240K(54784K)] 406730K->380433K(504320K), 0.0015474 secs] [Times: user=0.00 sys=0.00, real=0.00 secs] 
167.344: [Full GC (Ergonomics) [PSYoungGen: 41655K->0K(54784K)] [ParOldGen: 421393K->77329K(449536K)] 463048K->77329K(504320K), [Metaspace: 2796K->2796K(1056768K)], 0.0074613 secs] [Times: user=0.03 sys=0.00, real=0.01 secs] 
168.344: [GC (Allocation Failure) [PSYoungGen: 33467K->10240K(55808K)] 213196K->189969K(505344K), 0.0016414 secs] [Times: user=0.00 sys=0.00, real=0.00 secs] 
169.325: [GC (Allocation Failure) [PSYoungGen: 43740K->5120K(55808K)] 397549K->364049K(505344K), 0.0107580 secs] [Times: user=0.00 sys=0.00, real=0.01 secs] 
170.218: [GC (Allocation Failure) [PSYoungGen: 16094K->0K(55296K)] 426223K->410129K(504832K), 0.0007548 secs] [Times: user=0.00 sys=0.00, real=0.00 secs] 
170.218: [GC (Allocation Failure) [PSYoungGen: 0K->0K(55808K)] 410129K->410129K(505344K), 0.0007429 secs] [Times: user=0.00 sys=0.00, real=0.00 secs] 
170.219: [Full GC (Allocation Failure) [PSYoungGen: 0K->0K(55808K)] [ParOldGen: 410129K->51729K(449536K)] 410129K->51729K(505344K), [Metaspace: 2796K->2796K(1056768K)], 0.0053726 secs] [Times: user=0.00 sys=0.00, real=0.00 secs] 
171.220: [GC (Allocation Failure) [PSYoungGen: 33502K->10240K(55808K)] 187631K->164369K(505344K), 0.0010725 secs] [Times: user=0.02 sys=0.00, real=0.00 secs] 
172.206: [GC (Allocation Failure) [PSYoungGen: 43743K->6144K(55808K)] 371952K->339473K(505344K), 0.0010210 secs] [Times: user=0.00 sys=0.00, real=0.00 secs] 
172.755: [GC (Allocation Failure) [PSYoungGen: 37599K->15360K(52736K)] 370929K->349713K(502272K), 0.0015139 secs] [Times: user=0.00 sys=0.00, real=0.00 secs] 
173.083: [GC (Allocation Failure) [PSYoungGen: 46769K->0K(54784K)] 432323K->390673K(504320K), 0.0014969 secs] [Times: user=0.00 sys=0.00, real=0.00 secs] 
173.085: [GC (Allocation Failure) [PSYoungGen: 0K->0K(54784K)] 390673K->390673K(504320K), 0.0009319 secs] [Times: user=0.00 sys=0.00, real=0.00 secs] 
173.086: [Full GC (Allocation Failure) [PSYoungGen: 0K->0K(54784K)] [ParOldGen: 390673K->165393K(449536K)] 390673K->165393K(504320K), [Metaspace: 2796K->2796K(1056768K)], 0.0130387 secs] [Times: user=0.00 sys=0.00, real=0.01 secs] 
174.851: [Full GC (Ergonomics) [PSYoungGen: 30388K->0K(54784K)] [ParOldGen: 441873K->12288K(449536K)] 472261K->12288K(504320K), [Metaspace: 2796K->2796K(1056768K)], 0.0027695 secs] [Times: user=0.00 sys=0.00, real=0.00 secs] 
175.509: [GC (Allocation Failure) [PSYoungGen: 31413K->10240K(54784K)] 43701K->22528K(504320K), 0.0010988 secs] [Times: user=0.00 sys=0.00, real=0.00 secs] 
176.495: [GC (Allocation Failure) [PSYoungGen: 43697K->10240K(54784K)] 230065K->211968K(504320K), 0.0049564 secs] [Times: user=0.00 sys=0.00, real=0.00 secs] 
177.040: [GC (Allocation Failure) [PSYoungGen: 41651K->10240K(54784K)] 243379K->217088K(504320K), 0.0015238 secs] [Times: user=0.02 sys=0.00, real=0.00 secs] 
177.808: [GC (Allocation Failure) [PSYoungGen: 41648K->0K(54784K)] 248496K->227328K(504320K), 0.0035997 secs] [Times: user=0.00 sys=0.00, real=0.00 secs] 
178.356: [GC (Allocation Failure) [PSYoungGen: 26285K->10240K(54784K)] 253613K->237568K(504320K), 0.0009883 secs] [Times: user=0.00 sys=0.00, real=0.00 secs] 
179.346: [GC (Allocation Failure) [PSYoungGen: 43691K->5120K(55808K)] 445099K->411648K(505344K), 0.0012877 secs] [Times: user=0.00 sys=0.00, real=0.00 secs] 
179.893: [GC (Allocation Failure) [PSYoungGen: 36547K->15360K(51712K)] 443076K->421888K(501248K), 0.0017598 secs] [Times: user=0.00 sys=0.00, real=0.00 secs] 
180.114: [GC (Allocation Failure) [PSYoungGen: 46785K->20480K(46592K)] 453313K->432128K(496128K), 0.0034228 secs] [Times: user=0.00 sys=0.00, real=0.00 secs] 
180.118: [GC (Allocation Failure) [PSYoungGen: 20480K->0K(50176K)] 432128K->432128K(499712K), 0.0024305 secs] [Times: user=0.02 sys=0.00, real=0.00 secs] 
180.120: [Full GC (Allocation Failure) [PSYoungGen: 0K->0K(50176K)] [ParOldGen: 432128K->82449K(449536K)] 432128K->82449K(499712K), [Metaspace: 2796K->2796K(1056768K)], 0.0079031 secs] [Times: user=0.03 sys=0.00, real=0.01 secs] 
181.007: [GC (Allocation Failure) [PSYoungGen: 23030K->5120K(51200K)] 259080K->241169K(500736K), 0.0141870 secs] [Times: user=0.03 sys=0.00, real=0.01 secs] 
182.341: [GC (Allocation Failure) [PSYoungGen: 28174K->6144K(50176K)] 366623K->344593K(499712K), 0.0008810 secs] [Times: user=0.00 sys=0.00, real=0.00 secs] 
182.776: [GC (Allocation Failure) [PSYoungGen: 32272K->15360K(49664K)] 370721K->354833K(499200K), 0.0017761 secs] [Times: user=0.00 sys=0.00, real=0.00 secs] 
183.107: [GC (Allocation Failure) [PSYoungGen: 26146K->0K(51200K)] 437299K->416273K(500736K), 0.0009638 secs] [Times: user=0.00 sys=0.00, real=0.00 secs] 
183.108: [Full GC (Ergonomics) [PSYoungGen: 0K->0K(51200K)] [ParOldGen: 416273K->57873K(449536K)] 416273K->57873K(500736K), [Metaspace: 2796K->2796K(1056768K)], 0.0057602 secs] [Times: user=0.02 sys=0.00, real=0.01 secs] 
183.884: [GC (Allocation Failure) [PSYoungGen: 23074K->6144K(52736K)] 183347K->166417K(502272K), 0.0009817 secs] [Times: user=0.00 sys=0.00, real=0.00 secs] 
184.210: [GC (Allocation Failure) [PSYoungGen: 27203K->20480K(50176K)] 187476K->181777K(499712K), 0.0020378 secs] [Times: user=0.01 sys=0.00, real=0.00 secs] 
185.629: [GC (Allocation Failure) [PSYoungGen: 48703K->10240K(50176K)] 384080K->345617K(499712K), 0.0157739 secs] [Times: user=0.00 sys=0.00, real=0.02 secs] 
185.974: [GC (Allocation Failure) [PSYoungGen: 20987K->10240K(50176K)] 428044K->417297K(499712K), 0.0013778 secs] [Times: user=0.00 sys=0.00, real=0.00 secs] 
185.976: [GC (Allocation Failure) [PSYoungGen: 10240K->0K(51200K)] 417297K->417297K(500736K), 0.0011684 secs] [Times: user=0.00 sys=0.00, real=0.00 secs] 
185.977: [Full GC (Allocation Failure) [PSYoungGen: 0K->0K(51200K)] [ParOldGen: 417297K->61969K(449536K)] 417297K->61969K(500736K), [Metaspace: 2796K->2796K(1056768K)], 0.0295147 secs] [Times: user=0.03 sys=0.00, real=0.03 secs] 
186.771: [GC (Allocation Failure) [PSYoungGen: 23075K->10240K(51200K)] 187445K->174609K(500736K), 0.0010661 secs] [Times: user=0.00 sys=0.00, real=0.00 secs] 
187.101: [GC (Allocation Failure) [PSYoungGen: 31269K->10240K(52736K)] 195638K->179729K(502272K), 0.0062976 secs] [Times: user=0.00 sys=0.00, real=0.01 secs] 
188.082: [GC (Allocation Failure) [PSYoungGen: 38474K->10240K(51712K)] 382043K->353809K(501248K), 0.0153418 secs] [Times: user=0.02 sys=0.00, real=0.01 secs] 
188.537: [GC (Allocation Failure) [PSYoungGen: 36428K->10240K(53760K)] 379998K->358929K(503296K), 0.0015507 secs] [Times: user=0.00 sys=0.00, real=0.00 secs] 
189.412: [GC (Allocation Failure) [PSYoungGen: 41596K->0K(53248K)] 441486K->399889K(502784K), 0.0008451 secs] [Times: user=0.00 sys=0.00, real=0.00 secs] 
189.960: [GC (Allocation Failure) [PSYoungGen: 31359K->15360K(50688K)] 431249K->415249K(500224K), 0.0016642 secs] [Times: user=0.00 sys=0.00, real=0.00 secs] 
190.180: [GC (Allocation Failure) [PSYoungGen: 26186K->0K(52224K)] 446555K->425489K(501760K), 0.0010774 secs] [Times: user=0.00 sys=0.00, real=0.00 secs] 
190.181: [Full GC (Ergonomics) [PSYoungGen: 0K->0K(52224K)] [ParOldGen: 425489K->26129K(449536K)] 425489K->26129K(501760K), [Metaspace: 2796K->2796K(1056768K)], 0.0034618 secs] [Times: user=0.00 sys=0.00, real=0.00 secs] 
191.167: [GC (Allocation Failure) [PSYoungGen: 28234K->10240K(52736K)] 207963K->189969K(502272K), 0.0126449 secs] [Times: user=0.02 sys=0.00, real=0.01 secs] 
192.059: [GC (Allocation Failure) [PSYoungGen: 38487K->2080K(52224K)] 392296K->361009K(501760K), 0.0009410 secs] [Times: user=0.01 sys=0.00, real=0.00 secs] 
192.606: [GC (Allocation Failure) [PSYoungGen: 28281K->5120K(54272K)] 387210K->365081K(503808K), 0.0008924 secs] [Times: user=0.00 sys=0.00, real=0.00 secs] 
193.921: [GC (Allocation Failure) [PSYoungGen: 33415K->6144K(53248K)] 393377K->366105K(502784K), 0.0009304 secs] [Times: user=0.00 sys=0.00, real=0.00 secs] 
194.578: [Full GC (Ergonomics) [PSYoungGen: 37509K->0K(53248K)] [ParOldGen: 431641K->62993K(449536K)] 469150K->62993K(502784K), [Metaspace: 2796K->2796K(1056768K)], 0.0152529 secs] [Times: user=0.02 sys=0.00, real=0.02 secs] 
195.474: [GC (Allocation Failure) [PSYoungGen: 28296K->10304K(55296K)] 193690K->175697K(504832K), 0.0011253 secs] [Times: user=0.00 sys=0.00, real=0.00 secs] 
196.460: [GC (Allocation Failure) [PSYoungGen: 43784K->15360K(51712K)] 383257K->359961K(501248K), 0.0017310 secs] [Times: user=0.00 sys=0.00, real=0.00 secs] 
197.446: [GC (Allocation Failure) [PSYoungGen: 31433K->0K(53248K)] 447715K->416281K(502784K), 0.0011880 secs] [Times: user=0.00 sys=0.00, real=0.00 secs] 
197.448: [GC (Allocation Failure) [PSYoungGen: 0K->0K(53248K)] 416281K->416281K(502784K), 0.0007945 secs] [Times: user=0.00 sys=0.00, real=0.00 secs] 
197.448: [Full GC (Allocation Failure) [PSYoungGen: 0K->0K(53248K)] [ParOldGen: 416281K->72209K(449536K)] 416281K->72209K(502784K), [Metaspace: 2796K->2796K(1056768K)], 0.0067274 secs] [Times: user=0.00 sys=0.00, real=0.01 secs] 
198.329: [GC (Allocation Failure) [PSYoungGen: 28280K->10240K(53760K)] 202890K->184849K(503296K), 0.0010307 secs] [Times: user=0.00 sys=0.00, real=0.00 secs] 
199.202: [GC (Allocation Failure) [PSYoungGen: 38531K->1024K(53248K)] 387221K->354833K(502784K), 0.0010679 secs] [Times: user=0.00 sys=0.00, real=0.00 secs] 
199.858: [GC (Allocation Failure) [PSYoungGen: 32388K->10240K(53760K)] 386197K->364049K(503296K), 0.0010790 secs] [Times: user=0.00 sys=0.00, real=0.00 secs] 
200.295: [Full GC (Ergonomics) [PSYoungGen: 31369K->0K(53760K)] [ParOldGen: 425489K->133649K(449536K)] 456859K->133649K(503296K), [Metaspace: 2796K->2796K(1056768K)], 0.0095655 secs] [Times: user=0.00 sys=0.00, real=0.01 secs] 
201.407: [GC (Allocation Failure) [PSYoungGen: 26251K->15360K(48640K)] 262301K->251409K(498176K), 0.0015416 secs] [Times: user=0.00 sys=0.00, real=0.00 secs] 
201.957: [GC (Allocation Failure) [PSYoungGen: 47757K->2048K(52736K)] 437406K->396817K(502272K), 0.0010061 secs] [Times: user=0.00 sys=0.00, real=0.00 secs] 
202.618: [GC (Allocation Failure) [PSYoungGen: 29274K->5120K(52224K)] 424044K->400913K(501760K), 0.0009920 secs] [Times: user=0.00 sys=0.00, real=0.00 secs] 
203.056: [GC (Allocation Failure) [PSYoungGen: 31318K->5120K(54784K)] 447592K->421393K(504320K), 0.0008914 secs] [Times: user=0.00 sys=0.00, real=0.00 secs] 
203.057: [GC (Allocation Failure) [PSYoungGen: 5120K->0K(53760K)] 421393K->421393K(503296K), 0.0012189 secs] [Times: user=0.00 sys=0.00, real=0.00 secs] 
203.058: [Full GC (Allocation Failure) [PSYoungGen: 0K->0K(53760K)] [ParOldGen: 421393K->32273K(449536K)] 421393K->32273K(503296K), [Metaspace: 2796K->2796K(1056768K)], 0.0062713 secs] [Times: user=0.00 sys=0.00, real=0.01 secs] 
204.166: [GC (Allocation Failure) [PSYoungGen: 33439K->6144K(56320K)] 219313K->192017K(505856K), 0.0008183 secs] [Times: user=0.00 sys=0.00, real=0.00 secs] 
205.371: [GC (Allocation Failure) [PSYoungGen: 38612K->10240K(54784K)] 224486K->196113K(504320K), 0.0010124 secs] [Times: user=0.00 sys=0.00, real=0.00 secs] 
206.350: [GC (Allocation Failure) [PSYoungGen: 43727K->11264K(54784K)] 403681K->376337K(504320K), 0.0015824 secs] [Times: user=0.00 sys=0.00, real=0.00 secs] 
207.010: [GC (Allocation Failure) [PSYoungGen: 42696K->10240K(55296K)] 407770K->385553K(504832K), 0.0020708 secs] [Times: user=0.00 sys=0.00, real=0.00 secs] 
207.446: [Full GC (Ergonomics) [PSYoungGen: 31428K->0K(55296K)] [ParOldGen: 446993K->92689K(449536K)] 478422K->92689K(504832K), [Metaspace: 2796K->2796K(1056768K)], 0.0087151 secs] [Times: user=0.00 sys=0.00, real=0.01 secs] 
209.545: [GC (Allocation Failure) [PSYoungGen: 35527K->5120K(56320K)] 404697K->374289K(505856K), 0.0159401 secs] [Times: user=0.01 sys=0.00, real=0.02 secs] 
210.329: [Full GC (Ergonomics) [PSYoungGen: 41693K->0K(56320K)] [ParOldGen: 440849K->108049K(449536K)] 482543K->108049K(505856K), [Metaspace: 2796K->2796K(1056768K)], 0.0088486 secs] [Times: user=0.00 sys=0.00, real=0.01 secs] 
211.336: [GC (Allocation Failure) [PSYoungGen: 33502K->10240K(55296K)] 243952K->220689K(504832K), 0.0010629 secs] [Times: user=0.00 sys=0.00, real=0.00 secs] 
212.764: [GC (Allocation Failure) [PSYoungGen: 42719K->10240K(56320K)] 427249K->394769K(505856K), 0.0013689 secs] [Times: user=0.00 sys=0.00, real=0.00 secs] 
213.093: [GC (Allocation Failure) [PSYoungGen: 31476K->0K(38400K)] 436486K->410129K(487936K), 0.0009264 secs] [Times: user=0.00 sys=0.00, real=0.00 secs] 
213.094: [GC (Allocation Failure) [PSYoungGen: 0K->0K(55808K)] 410129K->410129K(505344K), 0.0007936 secs] [Times: user=0.00 sys=0.00, real=0.00 secs] 
213.094: [Full GC (Allocation Failure) [PSYoungGen: 0K->0K(55808K)] [ParOldGen: 410129K->26129K(449536K)] 410129K->26129K(505344K), [Metaspace: 2796K->2796K(1056768K)], 0.0034042 secs] [Times: user=0.00 sys=0.00, real=0.00 secs] 
214.185: [GC (Allocation Failure) [PSYoungGen: 33504K->6144K(55808K)] 213234K->185873K(505344K), 0.0007901 secs] [Times: user=0.00 sys=0.00, real=0.00 secs] 
215.167: [GC (Allocation Failure) [PSYoungGen: 39648K->10240K(56320K)] 393458K->375313K(505856K), 0.0019656 secs] [Times: user=0.02 sys=0.00, real=0.00 secs] 
215.717: [GC (Allocation Failure) [PSYoungGen: 41738K->10240K(49664K)] 406811K->380433K(499200K), 0.0018772 secs] [Times: user=0.00 sys=0.00, real=0.00 secs] 
216.918: [GC (Allocation Failure) [PSYoungGen: 46851K->10240K(56320K)] 417045K->380433K(505856K), 0.0009940 secs] [Times: user=0.02 sys=0.00, real=0.00 secs] 
217.470: [Full GC (Ergonomics) [PSYoungGen: 36587K->0K(56320K)] [ParOldGen: 441873K->77329K(449536K)] 478461K->77329K(505856K), [Metaspace: 2796K->2796K(1056768K)], 0.0076004 secs] [Times: user=0.00 sys=0.00, real=0.01 secs] 
218.474: [GC (Allocation Failure) [PSYoungGen: 33519K->10240K(56320K)] 213249K->189969K(505856K), 0.0009983 secs] [Times: user=0.00 sys=0.00, real=0.00 secs] 
219.460: [GC (Allocation Failure) [PSYoungGen: 43761K->5120K(56832K)] 397571K->364049K(506368K), 0.0010472 secs] [Times: user=0.00 sys=0.00, real=0.00 secs] 
Heap
 PSYoungGen      total 56832K, used 16893K [0x00000000fb700000, 0x0000000100000000, 0x0000000100000000)
  eden space 38400K, 30% used [0x00000000fb700000,0x00000000fc27f688,0x00000000fdc80000)
  from space 18432K, 27% used [0x00000000fee00000,0x00000000ff300010,0x0000000100000000)
  to   space 17920K, 0% used [0x00000000fdc80000,0x00000000fdc80000,0x00000000fee00000)
 ParOldGen       total 449536K, used 358929K [0x00000000e0000000, 0x00000000fb700000, 0x00000000fb700000)
  object space 449536K, 79% used [0x00000000e0000000,0x00000000f5e84760,0x00000000fb700000)
 Metaspace       used 2804K, capacity 4486K, committed 4864K, reserved 1056768K
  class space    used 297K, capacity 386K, committed 512K, reserved 1048576K
