Java HotSpot(TM) 64-Bit Server VM (25.411-b09) for windows-amd64 JRE (1.8.0_411-b09), built on Mar 13 2024 07:26:13 by "java_re" with MS VC++ 17.1 (VS2022)
Memory: 4k page, physical 33403376k(14383996k free), swap 36670664k(7374516k free)
CommandLine flags: -XX:InitialHeapSize=536870912 -XX:MaxHeapSize=536870912 -XX:NewRatio=9 -XX:ParallelGCThreads=6 -XX:+PrintGC -XX:+PrintGCDetails -XX:+PrintGCTimeStamps -XX:SurvivorRatio=10 -XX:-UseAdaptiveSizePolicy -XX:+UseCompressedClassPointers -XX:+UseCompressedOops -XX:-UseLargePagesIndividualAllocation -XX:+UseParallelGC 
0.934: [GC (Allocation Failure) [PSYoungGen: 34529K->784K(48128K)] 34529K->11032K(520192K), 0.0026176 secs] [Times: user=0.00 sys=0.00, real=0.00 secs] 
1.740: [GC (Allocation Failure) [PSYoungGen: 44650K->2752K(48128K)] 208498K->166600K(520192K), 0.0010757 secs] [Times: user=0.00 sys=0.00, real=0.00 secs] 
2.501: [GC (Allocation Failure) [PSYoungGen: 44578K->1672K(48128K)] 208426K->180888K(520192K), 0.0042255 secs] [Times: user=0.00 sys=0.00, real=0.00 secs] 
3.421: [GC (Allocation Failure) [PSYoungGen: 45545K->2720K(48128K)] 378361K->340656K(520192K), 0.0020250 secs] [Times: user=0.00 sys=0.00, real=0.00 secs] 
4.839: [GC (Allocation Failure) [PSYoungGen: 45574K->600K(48128K)] 383510K->348776K(520192K), 0.0027003 secs] [Times: user=0.00 sys=0.00, real=0.00 secs] 
5.496: [GC (Allocation Failure) [PSYoungGen: 42427K->568K(48128K)] 390604K->369224K(520192K), 0.0043122 secs] [Times: user=0.00 sys=0.02, real=0.00 secs] 
5.730: [GC (Allocation Failure) [PSYoungGen: 21914K->568K(48128K)] 441770K->420424K(520192K), 0.0013787 secs] [Times: user=0.00 sys=0.00, real=0.00 secs] 
5.731: [GC (Allocation Failure) [PSYoungGen: 568K->600K(48128K)] 420424K->420456K(520192K), 0.0010751 secs] [Times: user=0.00 sys=0.00, real=0.00 secs] 
5.733: [Full GC (Allocation Failure) [PSYoungGen: 600K->0K(48128K)] [ParOldGen: 419856K->67088K(472064K)] 420456K->67088K(520192K), [Metaspace: 2753K->2753K(1056768K)], 0.0109265 secs] [Times: user=0.00 sys=0.00, real=0.01 secs] 
6.841: [GC (Allocation Failure) [PSYoungGen: 43874K->0K(48128K)] 213362K->184848K(520192K), 0.0014563 secs] [Times: user=0.00 sys=0.00, real=0.00 secs] 
7.605: [GC (Allocation Failure) [PSYoungGen: 39199K->32K(48128K)] 377648K->364088K(520192K), 0.0025426 secs] [Times: user=0.00 sys=0.00, real=0.00 secs] 
8.588: [GC (Allocation Failure) [PSYoungGen: 31626K->32K(48128K)] 446883K->415288K(520192K), 0.0011019 secs] [Times: user=0.00 sys=0.00, real=0.00 secs] 
8.589: [GC (Allocation Failure) [PSYoungGen: 32K->32K(48128K)] 415288K->415288K(520192K), 0.0010982 secs] [Times: user=0.00 sys=0.00, real=0.00 secs] 
8.590: [Full GC (Allocation Failure) [PSYoungGen: 32K->0K(48128K)] [ParOldGen: 415256K->51728K(472064K)] 415288K->51728K(520192K), [Metaspace: 2759K->2759K(1056768K)], 0.0058308 secs] [Times: user=0.02 sys=0.00, real=0.01 secs] 
9.694: [GC (Allocation Failure) [PSYoungGen: 43884K->0K(48128K)] 198013K->169488K(520192K), 0.0013882 secs] [Times: user=0.00 sys=0.00, real=0.00 secs] 
10.570: [GC (Allocation Failure) [PSYoungGen: 43886K->0K(48128K)] 366975K->328208K(520192K), 0.0011334 secs] [Times: user=0.00 sys=0.00, real=0.00 secs] 
11.226: [GC (Allocation Failure) [PSYoungGen: 41839K->0K(48128K)] 370048K->343569K(520192K), 0.0014533 secs] [Times: user=0.00 sys=0.00, real=0.00 secs] 
11.441: [GC (Allocation Failure) [PSYoungGen: 21353K->0K(48128K)] 416122K->394769K(520192K), 0.0013734 secs] [Times: user=0.00 sys=0.00, real=0.00 secs] 
11.443: [GC (Allocation Failure) [PSYoungGen: 0K->0K(48128K)] 394769K->394769K(520192K), 0.0010457 secs] [Times: user=0.00 sys=0.00, real=0.00 secs] 
11.444: [Full GC (Allocation Failure) [PSYoungGen: 0K->0K(48128K)] [ParOldGen: 394769K->215568K(472064K)] 394769K->215568K(520192K), [Metaspace: 2761K->2761K(1056768K)], 0.0115919 secs] [Times: user=0.00 sys=0.00, real=0.01 secs] 
12.653: [GC (Allocation Failure) [PSYoungGen: 32903K->32K(48128K)] 350872K->333368K(520192K), 0.0017527 secs] [Times: user=0.00 sys=0.00, real=0.00 secs] 
12.871: [GC (Allocation Failure) [PSYoungGen: 21387K->64K(48128K)] 405924K->384601K(520192K), 0.0008630 secs] [Times: user=0.00 sys=0.00, real=0.00 secs] 
12.872: [GC (Allocation Failure) [PSYoungGen: 64K->96K(48128K)] 384601K->384633K(520192K), 0.0007211 secs] [Times: user=0.00 sys=0.00, real=0.00 secs] 
12.873: [Full GC (Allocation Failure) [PSYoungGen: 96K->0K(48128K)] [ParOldGen: 384537K->56849K(472064K)] 384633K->56849K(520192K), [Metaspace: 2763K->2763K(1056768K)], 0.0050625 secs] [Times: user=0.00 sys=0.00, real=0.01 secs] 
13.980: [GC (Allocation Failure) [PSYoungGen: 43883K->1024K(48128K)] 203133K->180753K(520192K), 0.0017254 secs] [Times: user=0.00 sys=0.00, real=0.00 secs] 
14.856: [GC (Allocation Failure) [PSYoungGen: 44909K->1024K(48128K)] 378238K->344593K(520192K), 0.0011327 secs] [Times: user=0.00 sys=0.00, real=0.00 secs] 
16.064: [GC (Allocation Failure) [PSYoungGen: 42862K->0K(48128K)] 386431K->353809K(520192K), 0.0012071 secs] [Times: user=0.00 sys=0.00, real=0.00 secs] 
16.830: [GC (Allocation Failure) [PSYoungGen: 41833K->0K(48128K)] 395642K->369169K(520192K), 0.0017131 secs] [Times: user=0.00 sys=0.00, real=0.00 secs] 
17.156: [GC (Allocation Failure) [PSYoungGen: 31589K->0K(48128K)] 451958K->440849K(520192K), 0.0067642 secs] [Times: user=0.00 sys=0.00, real=0.01 secs] 
17.163: [Full GC (Ergonomics) [PSYoungGen: 0K->0K(48128K)] [ParOldGen: 440849K->77329K(472064K)] 440849K->77329K(520192K), [Metaspace: 2768K->2768K(1056768K)], 0.0071886 secs] [Times: user=0.00 sys=0.00, real=0.01 secs] 
18.265: [GC (Allocation Failure) [PSYoungGen: 43881K->0K(48128K)] 223610K->195089K(520192K), 0.0012753 secs] [Times: user=0.00 sys=0.00, real=0.00 secs] 
19.137: [GC (Allocation Failure) [PSYoungGen: 43883K->0K(48128K)] 392573K->353809K(520192K), 0.0009946 secs] [Times: user=0.00 sys=0.00, real=0.00 secs] 
20.014: [GC (Allocation Failure) [PSYoungGen: 11117K->0K(48128K)] 416126K->405009K(520192K), 0.0008287 secs] [Times: user=0.00 sys=0.00, real=0.00 secs] 
20.015: [GC (Allocation Failure) [PSYoungGen: 0K->0K(48128K)] 405009K->405009K(520192K), 0.0008843 secs] [Times: user=0.02 sys=0.00, real=0.00 secs] 
20.016: [Full GC (Allocation Failure) [PSYoungGen: 0K->0K(48128K)] [ParOldGen: 405009K->51729K(472064K)] 405009K->51729K(520192K), [Metaspace: 2770K->2770K(1056768K)], 0.0050054 secs] [Times: user=0.00 sys=0.00, real=0.00 secs] 
21.120: [GC (Allocation Failure) [PSYoungGen: 43885K->0K(48128K)] 198014K->169489K(520192K), 0.0014307 secs] [Times: user=0.00 sys=0.00, real=0.00 secs] 
21.996: [GC (Allocation Failure) [PSYoungGen: 43886K->1024K(48128K)] 366975K->329233K(520192K), 0.0009521 secs] [Times: user=0.00 sys=0.00, real=0.00 secs] 
22.647: [GC (Allocation Failure) [PSYoungGen: 42863K->1024K(48128K)] 371072K->344593K(520192K), 0.0016055 secs] [Times: user=0.00 sys=0.00, real=0.00 secs] 
22.867: [GC (Allocation Failure) [PSYoungGen: 22377K->1024K(48128K)] 417146K->395793K(520192K), 0.0010233 secs] [Times: user=0.00 sys=0.00, real=0.00 secs] 
22.868: [GC (Allocation Failure) [PSYoungGen: 1024K->1024K(48128K)] 395793K->395793K(520192K), 0.0008848 secs] [Times: user=0.00 sys=0.00, real=0.00 secs] 
22.869: [Full GC (Allocation Failure) [PSYoungGen: 1024K->0K(48128K)] [ParOldGen: 394769K->165393K(472064K)] 395793K->165393K(520192K), [Metaspace: 2779K->2779K(1056768K)], 0.0122467 secs] [Times: user=0.00 sys=0.00, real=0.01 secs] 
24.083: [GC (Allocation Failure) [PSYoungGen: 28521K->0K(48128K)] 296314K->288273K(520192K), 0.0015581 secs] [Times: user=0.00 sys=0.00, real=0.00 secs] 
25.066: [Full GC (Ergonomics) [PSYoungGen: 43884K->0K(48128K)] [ParOldGen: 441873K->21009K(472064K)] 485757K->21009K(520192K), [Metaspace: 2779K->2779K(1056768K)], 0.0034698 secs] [Times: user=0.00 sys=0.00, real=0.00 secs] 
25.502: [GC (Allocation Failure) [PSYoungGen: 31597K->0K(48128K)] 52606K->41489K(520192K), 0.0014941 secs] [Times: user=0.00 sys=0.00, real=0.00 secs] 
26.481: [GC (Allocation Failure) [PSYoungGen: 43878K->0K(48128K)] 238967K->205329K(520192K), 0.0010907 secs] [Times: user=0.00 sys=0.00, real=0.00 secs] 
26.918: [GC (Allocation Failure) [PSYoungGen: 31593K->0K(48128K)] 236923K->215569K(520192K), 0.0012762 secs] [Times: user=0.00 sys=0.00, real=0.00 secs] 
28.008: [GC (Allocation Failure) [PSYoungGen: 41827K->0K(48128K)] 257397K->225809K(520192K), 0.0010751 secs] [Times: user=0.00 sys=0.00, real=0.00 secs] 
28.337: [GC (Allocation Failure) [PSYoungGen: 26652K->32K(48128K)] 252461K->236089K(520192K), 0.0013228 secs] [Times: user=0.00 sys=0.00, real=0.00 secs] 
29.320: [GC (Allocation Failure) [PSYoungGen: 43899K->32K(48128K)] 433556K->399929K(520192K), 0.0010837 secs] [Times: user=0.00 sys=0.00, real=0.00 secs] 
29.758: [GC (Allocation Failure) [PSYoungGen: 31618K->64K(48128K)] 431515K->410201K(520192K), 0.0012692 secs] [Times: user=0.00 sys=0.00, real=0.00 secs] 
29.976: [Full GC (Ergonomics) [PSYoungGen: 21407K->0K(48128K)] [ParOldGen: 461337K->113169K(472064K)] 482744K->113169K(520192K), [Metaspace: 2793K->2793K(1056768K)], 0.0096846 secs] [Times: user=0.00 sys=0.00, real=0.01 secs] 
31.956: [GC (Allocation Failure) [PSYoungGen: 40799K->1024K(48128K)] 358768K->324113K(520192K), 0.0009557 secs] [Times: user=0.00 sys=0.00, real=0.00 secs] 
32.608: [GC (Allocation Failure) [PSYoungGen: 42853K->1024K(48128K)] 365942K->339473K(520192K), 0.0015974 secs] [Times: user=0.00 sys=0.00, real=0.00 secs] 
32.828: [GC (Allocation Failure) [PSYoungGen: 22370K->1024K(48128K)] 412020K->390673K(520192K), 0.0009795 secs] [Times: user=0.00 sys=0.00, real=0.00 secs] 
32.829: [GC (Allocation Failure) [PSYoungGen: 1024K->1024K(48128K)] 390673K->390673K(520192K), 0.0006920 secs] [Times: user=0.00 sys=0.00, real=0.00 secs] 
32.830: [Full GC (Allocation Failure) [PSYoungGen: 1024K->0K(48128K)] [ParOldGen: 389649K->57873K(472064K)] 390673K->57873K(520192K), [Metaspace: 2793K->2793K(1056768K)], 0.0051729 secs] [Times: user=0.00 sys=0.00, real=0.01 secs] 
33.939: [GC (Allocation Failure) [PSYoungGen: 43874K->1024K(48128K)] 204148K->181777K(520192K), 0.0015161 secs] [Times: user=0.00 sys=0.00, real=0.00 secs] 
35.252: [GC (Allocation Failure) [PSYoungGen: 39783K->0K(48128K)] 374137K->339473K(520192K), 0.0008717 secs] [Times: user=0.00 sys=0.00, real=0.00 secs] 
35.689: [GC (Allocation Failure) [PSYoungGen: 41834K->0K(48128K)] 432508K->400913K(520192K), 0.0014221 secs] [Times: user=0.00 sys=0.00, real=0.00 secs] 
35.691: [GC (Allocation Failure) [PSYoungGen: 0K->0K(48128K)] 400913K->400913K(520192K), 0.0007200 secs] [Times: user=0.00 sys=0.00, real=0.00 secs] 
35.692: [Full GC (Allocation Failure) [PSYoungGen: 0K->0K(48128K)] [ParOldGen: 400913K->61969K(472064K)] 400913K->61969K(520192K), [Metaspace: 2793K->2793K(1056768K)], 0.0059053 secs] [Times: user=0.00 sys=0.00, real=0.01 secs] 
36.796: [GC (Allocation Failure) [PSYoungGen: 43884K->0K(48128K)] 208254K->179729K(520192K), 0.0017879 secs] [Times: user=0.00 sys=0.00, real=0.00 secs] 
37.670: [GC (Allocation Failure) [PSYoungGen: 43886K->0K(48128K)] 377215K->358929K(520192K), 0.0021503 secs] [Times: user=0.00 sys=0.00, real=0.00 secs] 
38.326: [GC (Allocation Failure) [PSYoungGen: 41839K->0K(48128K)] 400768K->374289K(520192K), 0.0015005 secs] [Times: user=0.00 sys=0.02, real=0.00 secs] 
39.530: [GC (Allocation Failure) [PSYoungGen: 41833K->0K(48128K)] 467322K->435729K(520192K), 0.0011704 secs] [Times: user=0.00 sys=0.00, real=0.00 secs] 
39.531: [Full GC (Ergonomics) [PSYoungGen: 0K->0K(48128K)] [ParOldGen: 435729K->10769K(472064K)] 435729K->10769K(520192K), [Metaspace: 2793K->2793K(1056768K)], 0.0024887 secs] [Times: user=0.00 sys=0.00, real=0.00 secs] 
40.294: [GC (Allocation Failure) [PSYoungGen: 43883K->1024K(48128K)] 208253K->165393K(520192K), 0.0006763 secs] [Times: user=0.00 sys=0.00, real=0.00 secs] 
41.056: [GC (Allocation Failure) [PSYoungGen: 42861K->0K(48128K)] 207230K->179729K(520192K), 0.0012658 secs] [Times: user=0.00 sys=0.00, real=0.00 secs] 
41.931: [GC (Allocation Failure) [PSYoungGen: 43880K->1024K(48128K)] 377209K->339473K(520192K), 0.0011012 secs] [Times: user=0.00 sys=0.00, real=0.00 secs] 
43.569: [GC (Allocation Failure) [PSYoungGen: 44907K->1024K(48128K)] 383356K->344593K(520192K), 0.0010262 secs] [Times: user=0.00 sys=0.00, real=0.00 secs] 
44.005: [GC (Allocation Failure) [PSYoungGen: 32615K->1024K(48128K)] 376184K->365073K(520192K), 0.0018088 secs] [Times: user=0.00 sys=0.00, real=0.00 secs] 
44.223: [GC (Allocation Failure) [PSYoungGen: 22369K->1024K(48128K)] 437619K->416273K(520192K), 0.0008425 secs] [Times: user=0.00 sys=0.00, real=0.00 secs] 
44.224: [GC (Allocation Failure) [PSYoungGen: 1024K->1024K(48128K)] 416273K->416273K(520192K), 0.0007983 secs] [Times: user=0.00 sys=0.00, real=0.00 secs] 
44.225: [Full GC (Allocation Failure) [PSYoungGen: 1024K->0K(48128K)] [ParOldGen: 415249K->62993K(472064K)] 416273K->62993K(520192K), [Metaspace: 2795K->2795K(1056768K)], 0.0057669 secs] [Times: user=0.00 sys=0.00, real=0.01 secs] 
45.331: [GC (Allocation Failure) [PSYoungGen: 43874K->0K(48128K)] 209267K->180753K(520192K), 0.0014434 secs] [Times: user=0.00 sys=0.00, real=0.00 secs] 
46.750: [GC (Allocation Failure) [PSYoungGen: 43879K->0K(48128K)] 378232K->339473K(520192K), 0.0008766 secs] [Times: user=0.00 sys=0.00, real=0.00 secs] 
47.075: [GC (Allocation Failure) [PSYoungGen: 31594K->0K(48128K)] 422267K->411153K(520192K), 0.0021834 secs] [Times: user=0.01 sys=0.00, real=0.00 secs] 
47.078: [GC (Allocation Failure) [PSYoungGen: 0K->0K(48128K)] 411153K->411153K(520192K), 0.0009881 secs] [Times: user=0.00 sys=0.00, real=0.00 secs] 
47.079: [Full GC (Allocation Failure) [PSYoungGen: 0K->0K(48128K)] [ParOldGen: 411153K->72209K(472064K)] 411153K->72209K(520192K), [Metaspace: 2795K->2795K(1056768K)], 0.0064595 secs] [Times: user=0.00 sys=0.00, real=0.01 secs] 
48.187: [GC (Allocation Failure) [PSYoungGen: 43884K->0K(48128K)] 218494K->189969K(520192K), 0.0015489 secs] [Times: user=0.00 sys=0.00, real=0.00 secs] 
49.063: [GC (Allocation Failure) [PSYoungGen: 43886K->0K(48128K)] 387455K->348689K(520192K), 0.0010273 secs] [Times: user=0.00 sys=0.00, real=0.00 secs] 
49.714: [GC (Allocation Failure) [PSYoungGen: 41839K->0K(48128K)] 390528K->364049K(520192K), 0.0013936 secs] [Times: user=0.00 sys=0.00, real=0.00 secs] 
49.933: [GC (Allocation Failure) [PSYoungGen: 21353K->0K(48128K)] 436602K->415249K(520192K), 0.0011350 secs] [Times: user=0.00 sys=0.00, real=0.00 secs] 
49.934: [GC (Allocation Failure) [PSYoungGen: 0K->0K(48128K)] 415249K->415249K(520192K), 0.0011707 secs] [Times: user=0.00 sys=0.00, real=0.00 secs] 
49.936: [Full GC (Allocation Failure) [PSYoungGen: 0K->0K(48128K)] [ParOldGen: 415249K->133649K(472064K)] 415249K->133649K(520192K), [Metaspace: 2795K->2795K(1056768K)], 0.0101959 secs] [Times: user=0.00 sys=0.00, real=0.01 secs] 
51.153: [GC (Allocation Failure) [PSYoungGen: 36713K->0K(48128K)] 272762K->251409K(520192K), 0.0015933 secs] [Times: user=0.00 sys=0.00, real=0.00 secs] 
52.134: [GC (Allocation Failure) [PSYoungGen: 43883K->1024K(48128K)] 448893K->411153K(520192K), 0.0011663 secs] [Times: user=0.00 sys=0.00, real=0.00 secs] 
52.570: [GC (Allocation Failure) [PSYoungGen: 32621K->1024K(48128K)] 442751K->426513K(520192K), 0.0018845 secs] [Times: user=0.00 sys=0.00, real=0.00 secs] 
52.572: [Full GC (Ergonomics) [PSYoungGen: 1024K->0K(48128K)] [ParOldGen: 425489K->22033K(472064K)] 426513K->22033K(520192K), [Metaspace: 2795K->2795K(1056768K)], 0.0034554 secs] [Times: user=0.00 sys=0.00, real=0.00 secs] 
53.549: [GC (Allocation Failure) [PSYoungGen: 43878K->1024K(48128K)] 219511K->181777K(520192K), 0.0007827 secs] [Times: user=0.00 sys=0.00, real=0.00 secs] 
54.971: [GC (Allocation Failure) [PSYoungGen: 43881K->0K(48128K)] 224635K->190993K(520192K), 0.0010477 secs] [Times: user=0.00 sys=0.00, real=0.00 secs] 
55.406: [GC (Allocation Failure) [PSYoungGen: 31589K->0K(48128K)] 222583K->211473K(520192K), 0.0014350 secs] [Times: user=0.00 sys=0.00, real=0.00 secs] 
56.391: [GC (Allocation Failure) [PSYoungGen: 43873K->0K(48128K)] 408946K->375313K(520192K), 0.0011052 secs] [Times: user=0.00 sys=0.00, real=0.00 secs] 
56.827: [GC (Allocation Failure) [PSYoungGen: 31590K->0K(48128K)] 406904K->385553K(520192K), 0.0013899 secs] [Times: user=0.02 sys=0.00, real=0.00 secs] 
57.045: [GC (Allocation Failure) [PSYoungGen: 21345K->0K(48128K)] 458099K->457233K(520192K), 0.0021801 secs] [Times: user=0.01 sys=0.00, real=0.00 secs] 
57.047: [Full GC (Ergonomics) [PSYoungGen: 0K->0K(48128K)] [ParOldGen: 457233K->92689K(472064K)] 457233K->92689K(520192K), [Metaspace: 2796K->2796K(1056768K)], 0.0075400 secs] [Times: user=0.00 sys=0.00, real=0.01 secs] 
58.809: [GC (Allocation Failure) [PSYoungGen: 40801K->1024K(48128K)] 389491K->349713K(520192K), 0.0007659 secs] [Times: user=0.00 sys=0.00, real=0.00 secs] 
59.573: [GC (Allocation Failure) [PSYoungGen: 42855K->0K(48128K)] 391544K->364049K(520192K), 0.0015400 secs] [Times: user=0.00 sys=0.00, real=0.00 secs] 
59.900: [GC (Allocation Failure) [PSYoungGen: 31587K->0K(48128K)] 446837K->415249K(520192K), 0.0007966 secs] [Times: user=0.00 sys=0.00, real=0.00 secs] 
59.901: [GC (Allocation Failure) [PSYoungGen: 0K->0K(48128K)] 415249K->415249K(520192K), 0.0010073 secs] [Times: user=0.00 sys=0.00, real=0.00 secs] 
59.902: [Full GC (Allocation Failure) [PSYoungGen: 0K->0K(48128K)] [ParOldGen: 415249K->108049K(472064K)] 415249K->108049K(520192K), [Metaspace: 2796K->2796K(1056768K)], 0.0085036 secs] [Times: user=0.00 sys=0.00, real=0.01 secs] 
61.008: [GC (Allocation Failure) [PSYoungGen: 43880K->0K(48128K)] 254329K->225809K(520192K), 0.0015302 secs] [Times: user=0.00 sys=0.00, real=0.00 secs] 
62.317: [GC (Allocation Failure) [PSYoungGen: 42859K->0K(48128K)] 422268K->389649K(520192K), 0.0009763 secs] [Times: user=0.00 sys=0.00, real=0.00 secs] 
62.753: [Full GC (Ergonomics) [PSYoungGen: 41837K->0K(48128K)] [ParOldGen: 440849K->56849K(472064K)] 482686K->56849K(520192K), [Metaspace: 2796K->2796K(1056768K)], 0.0055781 secs] [Times: user=0.00 sys=0.00, real=0.00 secs] 
63.845: [GC (Allocation Failure) [PSYoungGen: 43886K->1024K(48128K)] 203135K->180753K(520192K), 0.0017695 secs] [Times: user=0.00 sys=0.00, real=0.00 secs] 
64.719: [GC (Allocation Failure) [PSYoungGen: 44911K->1024K(48128K)] 378240K->344593K(520192K), 0.0011456 secs] [Times: user=0.00 sys=0.00, real=0.00 secs] 
65.917: [GC (Allocation Failure) [PSYoungGen: 42863K->0K(48128K)] 386433K->353809K(520192K), 0.0011840 secs] [Times: user=0.00 sys=0.00, real=0.00 secs] 
66.682: [GC (Allocation Failure) [PSYoungGen: 41833K->0K(48128K)] 395643K->369169K(520192K), 0.0013562 secs] [Times: user=0.00 sys=0.00, real=0.00 secs] 
67.008: [GC (Allocation Failure) [PSYoungGen: 31589K->0K(48128K)] 451959K->440849K(520192K), 0.0022067 secs] [Times: user=0.00 sys=0.00, real=0.00 secs] 
67.010: [Full GC (Ergonomics) [PSYoungGen: 0K->0K(48128K)] [ParOldGen: 440849K->77329K(472064K)] 440849K->77329K(520192K), [Metaspace: 2796K->2796K(1056768K)], 0.0069147 secs] [Times: user=0.00 sys=0.00, real=0.01 secs] 
68.115: [GC (Allocation Failure) [PSYoungGen: 43881K->0K(48128K)] 223611K->195089K(520192K), 0.0014249 secs] [Times: user=0.00 sys=0.00, real=0.00 secs] 
68.989: [GC (Allocation Failure) [PSYoungGen: 43884K->0K(48128K)] 392573K->353809K(520192K), 0.0009329 secs] [Times: user=0.00 sys=0.00, real=0.00 secs] 
69.865: [GC (Allocation Failure) [PSYoungGen: 11117K->0K(48128K)] 416127K->405009K(520192K), 0.0010919 secs] [Times: user=0.00 sys=0.00, real=0.00 secs] 
69.866: [GC (Allocation Failure) [PSYoungGen: 0K->0K(48128K)] 405009K->405009K(520192K), 0.0007429 secs] [Times: user=0.00 sys=0.00, real=0.00 secs] 
69.867: [Full GC (Allocation Failure) [PSYoungGen: 0K->0K(48128K)] [ParOldGen: 405009K->51729K(472064K)] 405009K->51729K(520192K), [Metaspace: 2796K->2796K(1056768K)], 0.0049227 secs] [Times: user=0.00 sys=0.00, real=0.00 secs] 
70.970: [GC (Allocation Failure) [PSYoungGen: 43885K->0K(48128K)] 198015K->169489K(520192K), 0.0015969 secs] [Times: user=0.00 sys=0.00, real=0.00 secs] 
71.846: [GC (Allocation Failure) [PSYoungGen: 43886K->1024K(48128K)] 366976K->329233K(520192K), 0.0009622 secs] [Times: user=0.00 sys=0.00, real=0.00 secs] 
72.499: [GC (Allocation Failure) [PSYoungGen: 42863K->1024K(48128K)] 371072K->344593K(520192K), 0.0017513 secs] [Times: user=0.00 sys=0.00, real=0.00 secs] 
72.717: [GC (Allocation Failure) [PSYoungGen: 22377K->1024K(48128K)] 417146K->395793K(520192K), 0.0009548 secs] [Times: user=0.00 sys=0.00, real=0.00 secs] 
72.718: [GC (Allocation Failure) [PSYoungGen: 1024K->1024K(48128K)] 395793K->395793K(520192K), 0.0007487 secs] [Times: user=0.00 sys=0.00, real=0.00 secs] 
72.719: [Full GC (Allocation Failure) [PSYoungGen: 1024K->0K(48128K)] [ParOldGen: 394769K->165393K(472064K)] 395793K->165393K(520192K), [Metaspace: 2796K->2796K(1056768K)], 0.0128264 secs] [Times: user=0.00 sys=0.00, real=0.01 secs] 
73.935: [GC (Allocation Failure) [PSYoungGen: 28521K->0K(48128K)] 296314K->288273K(520192K), 0.0018580 secs] [Times: user=0.00 sys=0.00, real=0.00 secs] 
74.917: [Full GC (Ergonomics) [PSYoungGen: 43884K->0K(48128K)] [ParOldGen: 441873K->21009K(472064K)] 485757K->21009K(520192K), [Metaspace: 2796K->2796K(1056768K)], 0.0030195 secs] [Times: user=0.00 sys=0.00, real=0.00 secs] 
75.355: [GC (Allocation Failure) [PSYoungGen: 31597K->0K(48128K)] 52606K->41489K(520192K), 0.0014026 secs] [Times: user=0.00 sys=0.00, real=0.00 secs] 
76.338: [GC (Allocation Failure) [PSYoungGen: 43878K->0K(48128K)] 238967K->205329K(520192K), 0.0010664 secs] [Times: user=0.00 sys=0.00, real=0.00 secs] 
76.774: [GC (Allocation Failure) [PSYoungGen: 31593K->0K(48128K)] 236923K->215569K(520192K), 0.0012135 secs] [Times: user=0.00 sys=0.00, real=0.00 secs] 
77.868: [GC (Allocation Failure) [PSYoungGen: 41827K->0K(48128K)] 257397K->225809K(520192K), 0.0011669 secs] [Times: user=0.00 sys=0.00, real=0.00 secs] 
78.197: [GC (Allocation Failure) [PSYoungGen: 26465K->0K(48128K)] 252275K->236049K(520192K), 0.0012260 secs] [Times: user=0.00 sys=0.00, real=0.00 secs] 
79.182: [GC (Allocation Failure) [PSYoungGen: 43869K->0K(48128K)] 433518K->399889K(520192K), 0.0008682 secs] [Times: user=0.00 sys=0.00, real=0.00 secs] 
79.618: [GC (Allocation Failure) [PSYoungGen: 31587K->0K(48128K)] 431477K->410129K(520192K), 0.0013538 secs] [Times: user=0.00 sys=0.00, real=0.00 secs] 
79.837: [Full GC (Ergonomics) [PSYoungGen: 21343K->0K(48128K)] [ParOldGen: 461329K->113169K(472064K)] 482673K->113169K(520192K), [Metaspace: 2796K->2796K(1056768K)], 0.0101270 secs] [Times: user=0.00 sys=0.00, real=0.01 secs] 
81.819: [GC (Allocation Failure) [PSYoungGen: 40800K->1024K(48128K)] 358769K->324113K(520192K), 0.0009063 secs] [Times: user=0.00 sys=0.00, real=0.00 secs] 
82.472: [GC (Allocation Failure) [PSYoungGen: 42853K->1024K(48128K)] 365943K->339473K(520192K), 0.0015685 secs] [Times: user=0.00 sys=0.00, real=0.00 secs] 
82.691: [GC (Allocation Failure) [PSYoungGen: 22371K->1024K(48128K)] 412020K->390673K(520192K), 0.0007245 secs] [Times: user=0.00 sys=0.00, real=0.00 secs] 
82.692: [GC (Allocation Failure) [PSYoungGen: 1024K->1024K(48128K)] 390673K->390673K(520192K), 0.0008485 secs] [Times: user=0.00 sys=0.00, real=0.00 secs] 
82.693: [Full GC (Allocation Failure) [PSYoungGen: 1024K->0K(48128K)] [ParOldGen: 389649K->57873K(472064K)] 390673K->57873K(520192K), [Metaspace: 2796K->2796K(1056768K)], 0.0053373 secs] [Times: user=0.00 sys=0.00, real=0.01 secs] 
83.799: [GC (Allocation Failure) [PSYoungGen: 43875K->1024K(48128K)] 204148K->181777K(520192K), 0.0014616 secs] [Times: user=0.00 sys=0.00, real=0.00 secs] 
85.109: [GC (Allocation Failure) [PSYoungGen: 39784K->0K(48128K)] 374137K->339473K(520192K), 0.0008684 secs] [Times: user=0.00 sys=0.00, real=0.00 secs] 
85.546: [GC (Allocation Failure) [PSYoungGen: 41835K->0K(48128K)] 432508K->400913K(520192K), 0.0014905 secs] [Times: user=0.00 sys=0.00, real=0.00 secs] 
85.548: [GC (Allocation Failure) [PSYoungGen: 0K->0K(48128K)] 400913K->400913K(520192K), 0.0007258 secs] [Times: user=0.00 sys=0.00, real=0.00 secs] 
85.549: [Full GC (Allocation Failure) [PSYoungGen: 0K->0K(48128K)] [ParOldGen: 400913K->61969K(472064K)] 400913K->61969K(520192K), [Metaspace: 2796K->2796K(1056768K)], 0.0058408 secs] [Times: user=0.00 sys=0.00, real=0.01 secs] 
86.659: [GC (Allocation Failure) [PSYoungGen: 43885K->0K(48128K)] 208254K->179729K(520192K), 0.0015264 secs] [Times: user=0.00 sys=0.00, real=0.00 secs] 
87.534: [GC (Allocation Failure) [PSYoungGen: 43886K->0K(48128K)] 377215K->358929K(520192K), 0.0022858 secs] [Times: user=0.00 sys=0.00, real=0.00 secs] 
88.190: [GC (Allocation Failure) [PSYoungGen: 41839K->0K(48128K)] 400768K->374289K(520192K), 0.0018173 secs] [Times: user=0.00 sys=0.00, real=0.00 secs] 
89.392: [GC (Allocation Failure) [PSYoungGen: 41833K->0K(48128K)] 467322K->435729K(520192K), 0.0013338 secs] [Times: user=0.00 sys=0.00, real=0.00 secs] 
89.394: [Full GC (Ergonomics) [PSYoungGen: 0K->0K(48128K)] [ParOldGen: 435729K->10769K(472064K)] 435729K->10769K(520192K), [Metaspace: 2796K->2796K(1056768K)], 0.0026002 secs] [Times: user=0.00 sys=0.00, real=0.00 secs] 
90.155: [GC (Allocation Failure) [PSYoungGen: 43883K->1024K(48128K)] 208253K->165393K(520192K), 0.0004627 secs] [Times: user=0.00 sys=0.00, real=0.00 secs] 
90.920: [GC (Allocation Failure) [PSYoungGen: 42861K->0K(48128K)] 207230K->179729K(520192K), 0.0013652 secs] [Times: user=0.02 sys=0.00, real=0.00 secs] 
91.790: [GC (Allocation Failure) [PSYoungGen: 43880K->1024K(48128K)] 377209K->339473K(520192K), 0.0007997 secs] [Times: user=0.00 sys=0.00, real=0.00 secs] 
93.432: [GC (Allocation Failure) [PSYoungGen: 44907K->1024K(48128K)] 383356K->344593K(520192K), 0.0010769 secs] [Times: user=0.00 sys=0.00, real=0.00 secs] 
93.868: [GC (Allocation Failure) [PSYoungGen: 32615K->1024K(48128K)] 376184K->365073K(520192K), 0.0017681 secs] [Times: user=0.00 sys=0.00, real=0.00 secs] 
94.086: [GC (Allocation Failure) [PSYoungGen: 22369K->1024K(48128K)] 437619K->416273K(520192K), 0.0009067 secs] [Times: user=0.00 sys=0.00, real=0.00 secs] 
94.087: [GC (Allocation Failure) [PSYoungGen: 1024K->1024K(48128K)] 416273K->416273K(520192K), 0.0008470 secs] [Times: user=0.00 sys=0.00, real=0.00 secs] 
94.088: [Full GC (Allocation Failure) [PSYoungGen: 1024K->0K(48128K)] [ParOldGen: 415249K->62993K(472064K)] 416273K->62993K(520192K), [Metaspace: 2796K->2796K(1056768K)], 0.0056390 secs] [Times: user=0.00 sys=0.00, real=0.00 secs] 
95.200: [GC (Allocation Failure) [PSYoungGen: 43874K->0K(48128K)] 209267K->180753K(520192K), 0.0015197 secs] [Times: user=0.00 sys=0.00, real=0.00 secs] 
96.620: [GC (Allocation Failure) [PSYoungGen: 43879K->0K(48128K)] 378232K->339473K(520192K), 0.0011457 secs] [Times: user=0.00 sys=0.00, real=0.00 secs] 
96.948: [GC (Allocation Failure) [PSYoungGen: 31594K->0K(48128K)] 422267K->411153K(520192K), 0.0020401 secs] [Times: user=0.00 sys=0.00, real=0.00 secs] 
96.950: [GC (Allocation Failure) [PSYoungGen: 0K->0K(48128K)] 411153K->411153K(520192K), 0.0007870 secs] [Times: user=0.00 sys=0.00, real=0.00 secs] 
96.951: [Full GC (Allocation Failure) [PSYoungGen: 0K->0K(48128K)] [ParOldGen: 411153K->72209K(472064K)] 411153K->72209K(520192K), [Metaspace: 2796K->2796K(1056768K)], 0.0062471 secs] [Times: user=0.00 sys=0.00, real=0.01 secs] 
98.052: [GC (Allocation Failure) [PSYoungGen: 43884K->0K(48128K)] 218494K->189969K(520192K), 0.0017140 secs] [Times: user=0.00 sys=0.00, real=0.00 secs] 
98.929: [GC (Allocation Failure) [PSYoungGen: 43886K->0K(48128K)] 387455K->348689K(520192K), 0.0010727 secs] [Times: user=0.00 sys=0.00, real=0.00 secs] 
99.582: [GC (Allocation Failure) [PSYoungGen: 41839K->0K(48128K)] 390528K->364049K(520192K), 0.0014308 secs] [Times: user=0.00 sys=0.00, real=0.00 secs] 
99.801: [GC (Allocation Failure) [PSYoungGen: 21353K->0K(48128K)] 436602K->415249K(520192K), 0.0009985 secs] [Times: user=0.00 sys=0.00, real=0.00 secs] 
99.802: [GC (Allocation Failure) [PSYoungGen: 0K->0K(48128K)] 415249K->415249K(520192K), 0.0008534 secs] [Times: user=0.00 sys=0.00, real=0.00 secs] 
99.803: [Full GC (Allocation Failure) [PSYoungGen: 0K->0K(48128K)] [ParOldGen: 415249K->133649K(472064K)] 415249K->133649K(520192K), [Metaspace: 2796K->2796K(1056768K)], 0.0101935 secs] [Times: user=0.00 sys=0.00, real=0.01 secs] 
101.016: [GC (Allocation Failure) [PSYoungGen: 36713K->0K(48128K)] 272762K->251409K(520192K), 0.0014442 secs] [Times: user=0.00 sys=0.00, real=0.00 secs] 
102.003: [GC (Allocation Failure) [PSYoungGen: 43883K->1024K(48128K)] 448893K->411153K(520192K), 0.0010045 secs] [Times: user=0.00 sys=0.00, real=0.00 secs] 
102.441: [GC (Allocation Failure) [PSYoungGen: 32621K->1024K(48128K)] 442751K->426513K(520192K), 0.0017723 secs] [Times: user=0.00 sys=0.00, real=0.00 secs] 
102.443: [Full GC (Ergonomics) [PSYoungGen: 1024K->0K(48128K)] [ParOldGen: 425489K->22033K(472064K)] 426513K->22033K(520192K), [Metaspace: 2796K->2796K(1056768K)], 0.0033463 secs] [Times: user=0.00 sys=0.00, real=0.00 secs] 
103.426: [GC (Allocation Failure) [PSYoungGen: 43878K->1024K(48128K)] 219511K->181777K(520192K), 0.0007878 secs] [Times: user=0.00 sys=0.00, real=0.00 secs] 
104.843: [GC (Allocation Failure) [PSYoungGen: 43881K->0K(48128K)] 224635K->190993K(520192K), 0.0012537 secs] [Times: user=0.00 sys=0.00, real=0.00 secs] 
105.280: [GC (Allocation Failure) [PSYoungGen: 31589K->0K(48128K)] 222583K->211473K(520192K), 0.0014118 secs] [Times: user=0.00 sys=0.00, real=0.00 secs] 
106.268: [GC (Allocation Failure) [PSYoungGen: 43873K->0K(48128K)] 408946K->375313K(520192K), 0.0011789 secs] [Times: user=0.00 sys=0.00, real=0.00 secs] 
106.707: [GC (Allocation Failure) [PSYoungGen: 31590K->0K(48128K)] 406904K->385553K(520192K), 0.0013837 secs] [Times: user=0.00 sys=0.00, real=0.00 secs] 
106.924: [GC (Allocation Failure) [PSYoungGen: 21345K->0K(48128K)] 458099K->457233K(520192K), 0.0021457 secs] [Times: user=0.00 sys=0.00, real=0.00 secs] 
106.927: [Full GC (Ergonomics) [PSYoungGen: 0K->0K(48128K)] [ParOldGen: 457233K->92689K(472064K)] 457233K->92689K(520192K), [Metaspace: 2796K->2796K(1056768K)], 0.0079662 secs] [Times: user=0.00 sys=0.00, real=0.01 secs] 
108.688: [GC (Allocation Failure) [PSYoungGen: 40801K->1024K(48128K)] 389491K->349713K(520192K), 0.0006636 secs] [Times: user=0.00 sys=0.00, real=0.00 secs] 
109.450: [GC (Allocation Failure) [PSYoungGen: 42855K->0K(48128K)] 391544K->364049K(520192K), 0.0015444 secs] [Times: user=0.00 sys=0.00, real=0.00 secs] 
109.779: [GC (Allocation Failure) [PSYoungGen: 31587K->0K(48128K)] 446837K->415249K(520192K), 0.0009908 secs] [Times: user=0.00 sys=0.00, real=0.00 secs] 
109.780: [GC (Allocation Failure) [PSYoungGen: 0K->0K(48128K)] 415249K->415249K(520192K), 0.0007735 secs] [Times: user=0.00 sys=0.00, real=0.00 secs] 
109.781: [Full GC (Allocation Failure) [PSYoungGen: 0K->0K(48128K)] [ParOldGen: 415249K->108049K(472064K)] 415249K->108049K(520192K), [Metaspace: 2796K->2796K(1056768K)], 0.0081973 secs] [Times: user=0.00 sys=0.00, real=0.01 secs] 
110.886: [GC (Allocation Failure) [PSYoungGen: 43880K->0K(48128K)] 254329K->225809K(520192K), 0.0014258 secs] [Times: user=0.00 sys=0.00, real=0.00 secs] 
112.199: [GC (Allocation Failure) [PSYoungGen: 42859K->0K(48128K)] 422268K->389649K(520192K), 0.0009891 secs] [Times: user=0.00 sys=0.00, real=0.00 secs] 
112.634: [Full GC (Ergonomics) [PSYoungGen: 41837K->0K(48128K)] [ParOldGen: 440849K->56849K(472064K)] 482686K->56849K(520192K), [Metaspace: 2796K->2796K(1056768K)], 0.0054035 secs] [Times: user=0.00 sys=0.00, real=0.00 secs] 
113.735: [GC (Allocation Failure) [PSYoungGen: 43886K->1024K(48128K)] 203135K->180753K(520192K), 0.0014227 secs] [Times: user=0.00 sys=0.00, real=0.00 secs] 
114.609: [GC (Allocation Failure) [PSYoungGen: 44911K->1024K(48128K)] 378240K->344593K(520192K), 0.0011856 secs] [Times: user=0.00 sys=0.00, real=0.00 secs] 
115.809: [GC (Allocation Failure) [PSYoungGen: 42863K->0K(48128K)] 386433K->353809K(520192K), 0.0012037 secs] [Times: user=0.00 sys=0.00, real=0.00 secs] 
116.571: [GC (Allocation Failure) [PSYoungGen: 41833K->0K(48128K)] 395643K->369169K(520192K), 0.0015780 secs] [Times: user=0.00 sys=0.00, real=0.00 secs] 
116.897: [GC (Allocation Failure) [PSYoungGen: 31589K->0K(48128K)] 451959K->440849K(520192K), 0.0022652 secs] [Times: user=0.00 sys=0.00, real=0.00 secs] 
116.900: [Full GC (Ergonomics) [PSYoungGen: 0K->0K(48128K)] [ParOldGen: 440849K->77329K(472064K)] 440849K->77329K(520192K), [Metaspace: 2796K->2796K(1056768K)], 0.0064924 secs] [Times: user=0.00 sys=0.00, real=0.01 secs] 
118.006: [GC (Allocation Failure) [PSYoungGen: 43881K->0K(48128K)] 223611K->195089K(520192K), 0.0013468 secs] [Times: user=0.00 sys=0.00, real=0.00 secs] 
118.884: [GC (Allocation Failure) [PSYoungGen: 43884K->0K(48128K)] 392573K->353809K(520192K), 0.0009621 secs] [Times: user=0.00 sys=0.00, real=0.00 secs] 
119.757: [GC (Allocation Failure) [PSYoungGen: 11117K->0K(48128K)] 416127K->405009K(520192K), 0.0008290 secs] [Times: user=0.00 sys=0.00, real=0.00 secs] 
119.758: [GC (Allocation Failure) [PSYoungGen: 0K->0K(48128K)] 405009K->405009K(520192K), 0.0008981 secs] [Times: user=0.00 sys=0.00, real=0.00 secs] 
119.759: [Full GC (Allocation Failure) [PSYoungGen: 0K->0K(48128K)] [ParOldGen: 405009K->51729K(472064K)] 405009K->51729K(520192K), [Metaspace: 2796K->2796K(1056768K)], 0.0051721 secs] [Times: user=0.00 sys=0.00, real=0.00 secs] 
120.863: [GC (Allocation Failure) [PSYoungGen: 43885K->0K(48128K)] 198015K->169489K(520192K), 0.0016406 secs] [Times: user=0.00 sys=0.00, real=0.00 secs] 
121.738: [GC (Allocation Failure) [PSYoungGen: 43886K->1024K(48128K)] 366976K->329233K(520192K), 0.0008077 secs] [Times: user=0.00 sys=0.00, real=0.00 secs] 
122.392: [GC (Allocation Failure) [PSYoungGen: 42863K->1024K(48128K)] 371072K->344593K(520192K), 0.0016080 secs] [Times: user=0.00 sys=0.00, real=0.00 secs] 
122.610: [GC (Allocation Failure) [PSYoungGen: 22377K->1024K(48128K)] 417146K->395793K(520192K), 0.0011358 secs] [Times: user=0.00 sys=0.00, real=0.00 secs] 
122.612: [GC (Allocation Failure) [PSYoungGen: 1024K->1024K(48128K)] 395793K->395793K(520192K), 0.0008746 secs] [Times: user=0.00 sys=0.00, real=0.00 secs] 
122.613: [Full GC (Allocation Failure) [PSYoungGen: 1024K->0K(48128K)] [ParOldGen: 394769K->165393K(472064K)] 395793K->165393K(520192K), [Metaspace: 2796K->2796K(1056768K)], 0.0121028 secs] [Times: user=0.02 sys=0.00, real=0.01 secs] 
123.830: [GC (Allocation Failure) [PSYoungGen: 28521K->0K(48128K)] 296314K->288273K(520192K), 0.0016801 secs] [Times: user=0.00 sys=0.00, real=0.00 secs] 
124.814: [Full GC (Ergonomics) [PSYoungGen: 43884K->0K(48128K)] [ParOldGen: 441873K->21009K(472064K)] 485757K->21009K(520192K), [Metaspace: 2796K->2796K(1056768K)], 0.0033690 secs] [Times: user=0.00 sys=0.00, real=0.00 secs] 
125.250: [GC (Allocation Failure) [PSYoungGen: 31597K->0K(48128K)] 52606K->41489K(520192K), 0.0013090 secs] [Times: user=0.00 sys=0.00, real=0.00 secs] 
126.233: [GC (Allocation Failure) [PSYoungGen: 43878K->0K(48128K)] 238967K->205329K(520192K), 0.0010110 secs] [Times: user=0.00 sys=0.00, real=0.00 secs] 
126.669: [GC (Allocation Failure) [PSYoungGen: 31593K->0K(48128K)] 236923K->215569K(520192K), 0.0012647 secs] [Times: user=0.00 sys=0.00, real=0.00 secs] 
127.761: [GC (Allocation Failure) [PSYoungGen: 41827K->0K(48128K)] 257397K->225809K(520192K), 0.0013095 secs] [Times: user=0.00 sys=0.00, real=0.00 secs] 
128.088: [GC (Allocation Failure) [PSYoungGen: 26465K->0K(48128K)] 252275K->236049K(520192K), 0.0012246 secs] [Times: user=0.00 sys=0.00, real=0.00 secs] 
129.074: [GC (Allocation Failure) [PSYoungGen: 43869K->0K(48128K)] 433518K->399889K(520192K), 0.0011245 secs] [Times: user=0.00 sys=0.00, real=0.00 secs] 
129.510: [GC (Allocation Failure) [PSYoungGen: 31587K->0K(48128K)] 431477K->410129K(520192K), 0.0013653 secs] [Times: user=0.00 sys=0.00, real=0.00 secs] 
129.727: [Full GC (Ergonomics) [PSYoungGen: 21343K->0K(48128K)] [ParOldGen: 461329K->113169K(472064K)] 482673K->113169K(520192K), [Metaspace: 2796K->2796K(1056768K)], 0.0084388 secs] [Times: user=0.00 sys=0.00, real=0.01 secs] 
131.706: [GC (Allocation Failure) [PSYoungGen: 40800K->1024K(48128K)] 358769K->324113K(520192K), 0.0008851 secs] [Times: user=0.00 sys=0.00, real=0.00 secs] 
132.361: [GC (Allocation Failure) [PSYoungGen: 42853K->1024K(48128K)] 365943K->339473K(520192K), 0.0016172 secs] [Times: user=0.00 sys=0.00, real=0.00 secs] 
132.579: [GC (Allocation Failure) [PSYoungGen: 22371K->1024K(48128K)] 412020K->390673K(520192K), 0.0007073 secs] [Times: user=0.00 sys=0.00, real=0.00 secs] 
132.580: [GC (Allocation Failure) [PSYoungGen: 1024K->1024K(48128K)] 390673K->390673K(520192K), 0.0006900 secs] [Times: user=0.00 sys=0.00, real=0.00 secs] 
132.581: [Full GC (Allocation Failure) [PSYoungGen: 1024K->0K(48128K)] [ParOldGen: 389649K->57873K(472064K)] 390673K->57873K(520192K), [Metaspace: 2796K->2796K(1056768K)], 0.0052781 secs] [Times: user=0.00 sys=0.00, real=0.01 secs] 
133.682: [GC (Allocation Failure) [PSYoungGen: 43875K->1024K(48128K)] 204148K->181777K(520192K), 0.0015194 secs] [Times: user=0.00 sys=0.00, real=0.00 secs] 
134.992: [GC (Allocation Failure) [PSYoungGen: 39784K->0K(48128K)] 374137K->339473K(520192K), 0.0009641 secs] [Times: user=0.00 sys=0.00, real=0.00 secs] 
135.429: [GC (Allocation Failure) [PSYoungGen: 41835K->0K(48128K)] 432508K->400913K(520192K), 0.0012773 secs] [Times: user=0.00 sys=0.00, real=0.00 secs] 
135.431: [GC (Allocation Failure) [PSYoungGen: 0K->0K(48128K)] 400913K->400913K(520192K), 0.0006796 secs] [Times: user=0.00 sys=0.00, real=0.00 secs] 
135.431: [Full GC (Allocation Failure) [PSYoungGen: 0K->0K(48128K)] [ParOldGen: 400913K->61969K(472064K)] 400913K->61969K(520192K), [Metaspace: 2796K->2796K(1056768K)], 0.0056072 secs] [Times: user=0.00 sys=0.00, real=0.01 secs] 
136.537: [GC (Allocation Failure) [PSYoungGen: 43885K->0K(48128K)] 208254K->179729K(520192K), 0.0014736 secs] [Times: user=0.00 sys=0.00, real=0.00 secs] 
137.410: [GC (Allocation Failure) [PSYoungGen: 43886K->0K(48128K)] 377215K->358929K(520192K), 0.0022753 secs] [Times: user=0.00 sys=0.00, real=0.00 secs] 
138.065: [GC (Allocation Failure) [PSYoungGen: 41839K->0K(48128K)] 400768K->374289K(520192K), 0.0014959 secs] [Times: user=0.00 sys=0.00, real=0.00 secs] 
139.266: [GC (Allocation Failure) [PSYoungGen: 41833K->0K(48128K)] 467322K->435729K(520192K), 0.0011708 secs] [Times: user=0.00 sys=0.00, real=0.00 secs] 
139.268: [Full GC (Ergonomics) [PSYoungGen: 0K->0K(48128K)] [ParOldGen: 435729K->10769K(472064K)] 435729K->10769K(520192K), [Metaspace: 2796K->2796K(1056768K)], 0.0026589 secs] [Times: user=0.00 sys=0.00, real=0.00 secs] 
140.032: [GC (Allocation Failure) [PSYoungGen: 43883K->1024K(48128K)] 208253K->165393K(520192K), 0.0007890 secs] [Times: user=0.00 sys=0.00, real=0.00 secs] 
140.796: [GC (Allocation Failure) [PSYoungGen: 42861K->0K(48128K)] 207230K->179729K(520192K), 0.0013774 secs] [Times: user=0.00 sys=0.00, real=0.00 secs] 
141.672: [GC (Allocation Failure) [PSYoungGen: 43880K->1024K(48128K)] 377209K->339473K(520192K), 0.0009469 secs] [Times: user=0.00 sys=0.00, real=0.00 secs] 
143.308: [GC (Allocation Failure) [PSYoungGen: 44907K->1024K(48128K)] 383356K->344593K(520192K), 0.0009319 secs] [Times: user=0.00 sys=0.00, real=0.00 secs] 
143.745: [GC (Allocation Failure) [PSYoungGen: 32615K->1024K(48128K)] 376184K->365073K(520192K), 0.0017748 secs] [Times: user=0.00 sys=0.00, real=0.00 secs] 
143.964: [GC (Allocation Failure) [PSYoungGen: 22369K->1024K(48128K)] 437619K->416273K(520192K), 0.0012574 secs] [Times: user=0.00 sys=0.00, real=0.00 secs] 
143.965: [GC (Allocation Failure) [PSYoungGen: 1024K->1024K(48128K)] 416273K->416273K(520192K), 0.0009101 secs] [Times: user=0.00 sys=0.00, real=0.00 secs] 
143.966: [Full GC (Allocation Failure) [PSYoungGen: 1024K->0K(48128K)] [ParOldGen: 415249K->62993K(472064K)] 416273K->62993K(520192K), [Metaspace: 2796K->2796K(1056768K)], 0.0057042 secs] [Times: user=0.00 sys=0.00, real=0.01 secs] 
145.072: [GC (Allocation Failure) [PSYoungGen: 43874K->0K(48128K)] 209267K->180753K(520192K), 0.0015542 secs] [Times: user=0.00 sys=0.00, real=0.00 secs] 
146.494: [GC (Allocation Failure) [PSYoungGen: 43879K->0K(48128K)] 378232K->339473K(520192K), 0.0010402 secs] [Times: user=0.00 sys=0.00, real=0.00 secs] 
146.822: [GC (Allocation Failure) [PSYoungGen: 31594K->0K(48128K)] 422267K->411153K(520192K), 0.0020271 secs] [Times: user=0.00 sys=0.00, real=0.00 secs] 
146.824: [GC (Allocation Failure) [PSYoungGen: 0K->0K(48128K)] 411153K->411153K(520192K), 0.0007465 secs] [Times: user=0.00 sys=0.00, real=0.00 secs] 
146.824: [Full GC (Allocation Failure) [PSYoungGen: 0K->0K(48128K)] [ParOldGen: 411153K->72209K(472064K)] 411153K->72209K(520192K), [Metaspace: 2796K->2796K(1056768K)], 0.0064740 secs] [Times: user=0.00 sys=0.00, real=0.01 secs] 
147.928: [GC (Allocation Failure) [PSYoungGen: 43884K->0K(48128K)] 218494K->189969K(520192K), 0.0013769 secs] [Times: user=0.00 sys=0.00, real=0.00 secs] 
148.801: [GC (Allocation Failure) [PSYoungGen: 43886K->0K(48128K)] 387455K->348689K(520192K), 0.0012541 secs] [Times: user=0.00 sys=0.00, real=0.00 secs] 
149.458: [GC (Allocation Failure) [PSYoungGen: 41839K->0K(48128K)] 390528K->364049K(520192K), 0.0015920 secs] [Times: user=0.00 sys=0.00, real=0.00 secs] 
149.675: [GC (Allocation Failure) [PSYoungGen: 21353K->0K(48128K)] 436602K->415249K(520192K), 0.0009728 secs] [Times: user=0.00 sys=0.00, real=0.00 secs] 
149.676: [GC (Allocation Failure) [PSYoungGen: 0K->0K(48128K)] 415249K->415249K(520192K), 0.0012806 secs] [Times: user=0.00 sys=0.00, real=0.00 secs] 
149.677: [Full GC (Allocation Failure) [PSYoungGen: 0K->0K(48128K)] [ParOldGen: 415249K->133649K(472064K)] 415249K->133649K(520192K), [Metaspace: 2796K->2796K(1056768K)], 0.0100206 secs] [Times: user=0.02 sys=0.00, real=0.01 secs] 
150.895: [GC (Allocation Failure) [PSYoungGen: 36713K->0K(48128K)] 272762K->251409K(520192K), 0.0015232 secs] [Times: user=0.00 sys=0.00, real=0.00 secs] 
151.876: [GC (Allocation Failure) [PSYoungGen: 43883K->1024K(48128K)] 448893K->411153K(520192K), 0.0009010 secs] [Times: user=0.00 sys=0.00, real=0.00 secs] 
152.311: [GC (Allocation Failure) [PSYoungGen: 32621K->1024K(48128K)] 442751K->426513K(520192K), 0.0017487 secs] [Times: user=0.00 sys=0.00, real=0.00 secs] 
152.313: [Full GC (Ergonomics) [PSYoungGen: 1024K->0K(48128K)] [ParOldGen: 425489K->22033K(472064K)] 426513K->22033K(520192K), [Metaspace: 2796K->2796K(1056768K)], 0.0034879 secs] [Times: user=0.00 sys=0.00, real=0.00 secs] 
153.293: [GC (Allocation Failure) [PSYoungGen: 43878K->1024K(48128K)] 219511K->181777K(520192K), 0.0008518 secs] [Times: user=0.00 sys=0.00, real=0.00 secs] 
154.713: [GC (Allocation Failure) [PSYoungGen: 43881K->0K(48128K)] 224635K->190993K(520192K), 0.0012407 secs] [Times: user=0.00 sys=0.00, real=0.00 secs] 
155.147: [GC (Allocation Failure) [PSYoungGen: 31589K->0K(48128K)] 222583K->211473K(520192K), 0.0013492 secs] [Times: user=0.00 sys=0.00, real=0.00 secs] 
156.130: [GC (Allocation Failure) [PSYoungGen: 43873K->0K(48128K)] 408946K->375313K(520192K), 0.0011299 secs] [Times: user=0.00 sys=0.00, real=0.00 secs] 
156.568: [GC (Allocation Failure) [PSYoungGen: 31590K->0K(48128K)] 406904K->385553K(520192K), 0.0013285 secs] [Times: user=0.00 sys=0.00, real=0.00 secs] 
156.783: [GC (Allocation Failure) [PSYoungGen: 21345K->0K(48128K)] 458099K->457233K(520192K), 0.0023344 secs] [Times: user=0.00 sys=0.00, real=0.00 secs] 
156.786: [Full GC (Ergonomics) [PSYoungGen: 0K->0K(48128K)] [ParOldGen: 457233K->92689K(472064K)] 457233K->92689K(520192K), [Metaspace: 2796K->2796K(1056768K)], 0.0077708 secs] [Times: user=0.00 sys=0.00, real=0.01 secs] 
158.546: [GC (Allocation Failure) [PSYoungGen: 40801K->1024K(48128K)] 389491K->349713K(520192K), 0.0007846 secs] [Times: user=0.00 sys=0.00, real=0.00 secs] 
159.312: [GC (Allocation Failure) [PSYoungGen: 42855K->0K(48128K)] 391544K->364049K(520192K), 0.0015945 secs] [Times: user=0.00 sys=0.00, real=0.00 secs] 
159.642: [GC (Allocation Failure) [PSYoungGen: 31587K->0K(48128K)] 446837K->415249K(520192K), 0.0009892 secs] [Times: user=0.00 sys=0.00, real=0.00 secs] 
159.643: [GC (Allocation Failure) [PSYoungGen: 0K->0K(48128K)] 415249K->415249K(520192K), 0.0008501 secs] [Times: user=0.00 sys=0.00, real=0.00 secs] 
159.643: [Full GC (Allocation Failure) [PSYoungGen: 0K->0K(48128K)] [ParOldGen: 415249K->108049K(472064K)] 415249K->108049K(520192K), [Metaspace: 2796K->2796K(1056768K)], 0.0086598 secs] [Times: user=0.00 sys=0.00, real=0.01 secs] 
160.750: [GC (Allocation Failure) [PSYoungGen: 43880K->0K(48128K)] 254329K->225809K(520192K), 0.0014232 secs] [Times: user=0.00 sys=0.00, real=0.00 secs] 
162.060: [GC (Allocation Failure) [PSYoungGen: 42859K->0K(48128K)] 422268K->389649K(520192K), 0.0010294 secs] [Times: user=0.00 sys=0.00, real=0.00 secs] 
162.496: [Full GC (Ergonomics) [PSYoungGen: 41837K->0K(48128K)] [ParOldGen: 440849K->56849K(472064K)] 482686K->56849K(520192K), [Metaspace: 2796K->2796K(1056768K)], 0.0054741 secs] [Times: user=0.00 sys=0.00, real=0.00 secs] 
163.591: [GC (Allocation Failure) [PSYoungGen: 43886K->1024K(48128K)] 203135K->180753K(520192K), 0.0015468 secs] [Times: user=0.00 sys=0.00, real=0.00 secs] 
164.468: [GC (Allocation Failure) [PSYoungGen: 44911K->1024K(48128K)] 378240K->344593K(520192K), 0.0011365 secs] [Times: user=0.00 sys=0.00, real=0.00 secs] 
165.668: [GC (Allocation Failure) [PSYoungGen: 42863K->0K(48128K)] 386433K->353809K(520192K), 0.0012317 secs] [Times: user=0.00 sys=0.00, real=0.00 secs] 
166.432: [GC (Allocation Failure) [PSYoungGen: 41833K->0K(48128K)] 395643K->369169K(520192K), 0.0015457 secs] [Times: user=0.00 sys=0.00, real=0.00 secs] 
166.759: [GC (Allocation Failure) [PSYoungGen: 31589K->0K(48128K)] 451959K->440849K(520192K), 0.0021680 secs] [Times: user=0.00 sys=0.00, real=0.00 secs] 
166.761: [Full GC (Ergonomics) [PSYoungGen: 0K->0K(48128K)] [ParOldGen: 440849K->77329K(472064K)] 440849K->77329K(520192K), [Metaspace: 2796K->2796K(1056768K)], 0.0066026 secs] [Times: user=0.00 sys=0.00, real=0.01 secs] 
167.865: [GC (Allocation Failure) [PSYoungGen: 43881K->0K(48128K)] 223611K->195089K(520192K), 0.0014526 secs] [Times: user=0.00 sys=0.00, real=0.00 secs] 
168.741: [GC (Allocation Failure) [PSYoungGen: 43884K->0K(48128K)] 392573K->353809K(520192K), 0.0007988 secs] [Times: user=0.00 sys=0.00, real=0.00 secs] 
169.614: [GC (Allocation Failure) [PSYoungGen: 11117K->0K(48128K)] 416127K->405009K(520192K), 0.0010011 secs] [Times: user=0.00 sys=0.00, real=0.00 secs] 
169.615: [GC (Allocation Failure) [PSYoungGen: 0K->0K(48128K)] 405009K->405009K(520192K), 0.0009953 secs] [Times: user=0.00 sys=0.00, real=0.00 secs] 
169.616: [Full GC (Allocation Failure) [PSYoungGen: 0K->0K(48128K)] [ParOldGen: 405009K->51729K(472064K)] 405009K->51729K(520192K), [Metaspace: 2796K->2796K(1056768K)], 0.0051566 secs] [Times: user=0.00 sys=0.00, real=0.01 secs] 
170.723: [GC (Allocation Failure) [PSYoungGen: 43885K->0K(48128K)] 198015K->169489K(520192K), 0.0014613 secs] [Times: user=0.00 sys=0.00, real=0.00 secs] 
171.596: [GC (Allocation Failure) [PSYoungGen: 43886K->1024K(48128K)] 366976K->329233K(520192K), 0.0009599 secs] [Times: user=0.00 sys=0.00, real=0.00 secs] 
172.254: [GC (Allocation Failure) [PSYoungGen: 42863K->1024K(48128K)] 371072K->344593K(520192K), 0.0015555 secs] [Times: user=0.00 sys=0.00, real=0.00 secs] 
172.471: [GC (Allocation Failure) [PSYoungGen: 22377K->1024K(48128K)] 417146K->395793K(520192K), 0.0009541 secs] [Times: user=0.00 sys=0.00, real=0.00 secs] 
172.472: [GC (Allocation Failure) [PSYoungGen: 1024K->1024K(48128K)] 395793K->395793K(520192K), 0.0008757 secs] [Times: user=0.00 sys=0.00, real=0.00 secs] 
172.473: [Full GC (Allocation Failure) [PSYoungGen: 1024K->0K(48128K)] [ParOldGen: 394769K->165393K(472064K)] 395793K->165393K(520192K), [Metaspace: 2796K->2796K(1056768K)], 0.0126516 secs] [Times: user=0.00 sys=0.00, real=0.01 secs] 
173.686: [GC (Allocation Failure) [PSYoungGen: 28521K->0K(48128K)] 296314K->288273K(520192K), 0.0019040 secs] [Times: user=0.00 sys=0.00, real=0.00 secs] 
174.670: [Full GC (Ergonomics) [PSYoungGen: 43884K->0K(48128K)] [ParOldGen: 441873K->21009K(472064K)] 485757K->21009K(520192K), [Metaspace: 2796K->2796K(1056768K)], 0.0031658 secs] [Times: user=0.00 sys=0.00, real=0.00 secs] 
175.105: [GC (Allocation Failure) [PSYoungGen: 31597K->0K(48128K)] 52606K->41489K(520192K), 0.0013315 secs] [Times: user=0.00 sys=0.00, real=0.00 secs] 
176.087: [GC (Allocation Failure) [PSYoungGen: 43878K->0K(48128K)] 238967K->205329K(520192K), 0.0009754 secs] [Times: user=0.00 sys=0.00, real=0.00 secs] 
176.523: [GC (Allocation Failure) [PSYoungGen: 31593K->0K(48128K)] 236923K->215569K(520192K), 0.0011962 secs] [Times: user=0.00 sys=0.00, real=0.00 secs] 
177.621: [GC (Allocation Failure) [PSYoungGen: 41827K->0K(48128K)] 257397K->225809K(520192K), 0.0011242 secs] [Times: user=0.00 sys=0.00, real=0.00 secs] 
177.950: [GC (Allocation Failure) [PSYoungGen: 26465K->0K(48128K)] 252275K->236049K(520192K), 0.0013760 secs] [Times: user=0.00 sys=0.00, real=0.00 secs] 
178.938: [GC (Allocation Failure) [PSYoungGen: 43869K->0K(48128K)] 433518K->399889K(520192K), 0.0008754 secs] [Times: user=0.00 sys=0.00, real=0.00 secs] 
179.377: [GC (Allocation Failure) [PSYoungGen: 31587K->0K(48128K)] 431477K->410129K(520192K), 0.0012392 secs] [Times: user=0.00 sys=0.00, real=0.00 secs] 
179.595: [Full GC (Ergonomics) [PSYoungGen: 21343K->0K(48128K)] [ParOldGen: 461329K->113169K(472064K)] 482673K->113169K(520192K), [Metaspace: 2796K->2796K(1056768K)], 0.0092470 secs] [Times: user=0.00 sys=0.00, real=0.01 secs] 
181.574: [GC (Allocation Failure) [PSYoungGen: 40800K->1024K(48128K)] 358769K->324113K(520192K), 0.0009991 secs] [Times: user=0.00 sys=0.00, real=0.00 secs] 
182.230: [GC (Allocation Failure) [PSYoungGen: 42853K->1024K(48128K)] 365943K->339473K(520192K), 0.0016114 secs] [Times: user=0.00 sys=0.00, real=0.00 secs] 
182.447: [GC (Allocation Failure) [PSYoungGen: 22371K->1024K(48128K)] 412020K->390673K(520192K), 0.0008937 secs] [Times: user=0.00 sys=0.00, real=0.00 secs] 
182.448: [GC (Allocation Failure) [PSYoungGen: 1024K->1024K(48128K)] 390673K->390673K(520192K), 0.0006334 secs] [Times: user=0.00 sys=0.00, real=0.00 secs] 
182.449: [Full GC (Allocation Failure) [PSYoungGen: 1024K->0K(48128K)] [ParOldGen: 389649K->57873K(472064K)] 390673K->57873K(520192K), [Metaspace: 2796K->2796K(1056768K)], 0.0052381 secs] [Times: user=0.02 sys=0.00, real=0.01 secs] 
183.555: [GC (Allocation Failure) [PSYoungGen: 43875K->1024K(48128K)] 204148K->181777K(520192K), 0.0013757 secs] [Times: user=0.00 sys=0.00, real=0.00 secs] 
184.864: [GC (Allocation Failure) [PSYoungGen: 39784K->0K(48128K)] 374137K->339473K(520192K), 0.0009873 secs] [Times: user=0.00 sys=0.00, real=0.00 secs] 
185.301: [GC (Allocation Failure) [PSYoungGen: 41835K->0K(48128K)] 432508K->400913K(520192K), 0.0013363 secs] [Times: user=0.00 sys=0.00, real=0.00 secs] 
185.302: [GC (Allocation Failure) [PSYoungGen: 0K->0K(48128K)] 400913K->400913K(520192K), 0.0007077 secs] [Times: user=0.00 sys=0.00, real=0.00 secs] 
185.303: [Full GC (Allocation Failure) [PSYoungGen: 0K->0K(48128K)] [ParOldGen: 400913K->61969K(472064K)] 400913K->61969K(520192K), [Metaspace: 2796K->2796K(1056768K)], 0.0054574 secs] [Times: user=0.00 sys=0.00, real=0.00 secs] 
186.406: [GC (Allocation Failure) [PSYoungGen: 43885K->0K(48128K)] 208254K->179729K(520192K), 0.0014492 secs] [Times: user=0.00 sys=0.00, real=0.00 secs] 
187.279: [GC (Allocation Failure) [PSYoungGen: 43886K->0K(48128K)] 377215K->358929K(520192K), 0.0023103 secs] [Times: user=0.00 sys=0.00, real=0.00 secs] 
187.933: [GC (Allocation Failure) [PSYoungGen: 41839K->0K(48128K)] 400768K->374289K(520192K), 0.0016605 secs] [Times: user=0.00 sys=0.00, real=0.00 secs] 
189.135: [GC (Allocation Failure) [PSYoungGen: 41833K->0K(48128K)] 467322K->435729K(520192K), 0.0010797 secs] [Times: user=0.00 sys=0.00, real=0.00 secs] 
189.136: [Full GC (Ergonomics) [PSYoungGen: 0K->0K(48128K)] [ParOldGen: 435729K->10769K(472064K)] 435729K->10769K(520192K), [Metaspace: 2796K->2796K(1056768K)], 0.0023514 secs] [Times: user=0.00 sys=0.00, real=0.00 secs] 
189.899: [GC (Allocation Failure) [PSYoungGen: 43883K->1024K(48128K)] 208253K->165393K(520192K), 0.0007210 secs] [Times: user=0.00 sys=0.00, real=0.00 secs] 
190.664: [GC (Allocation Failure) [PSYoungGen: 42861K->0K(48128K)] 207230K->179729K(520192K), 0.0014116 secs] [Times: user=0.00 sys=0.00, real=0.00 secs] 
191.542: [GC (Allocation Failure) [PSYoungGen: 43880K->1056K(48128K)] 377209K->339505K(520192K), 0.0008460 secs] [Times: user=0.00 sys=0.00, real=0.00 secs] 
193.177: [GC (Allocation Failure) [PSYoungGen: 44939K->1056K(48128K)] 383388K->344625K(520192K), 0.0008636 secs] [Times: user=0.00 sys=0.00, real=0.00 secs] 
193.611: [GC (Allocation Failure) [PSYoungGen: 32647K->1056K(48128K)] 376216K->365105K(520192K), 0.0016933 secs] [Times: user=0.00 sys=0.00, real=0.00 secs] 
193.830: [GC (Allocation Failure) [PSYoungGen: 22401K->1056K(48128K)] 437651K->416305K(520192K), 0.0009206 secs] [Times: user=0.00 sys=0.00, real=0.00 secs] 
193.831: [GC (Allocation Failure) [PSYoungGen: 1056K->1056K(48128K)] 416305K->416305K(520192K), 0.0010479 secs] [Times: user=0.00 sys=0.00, real=0.00 secs] 
193.832: [Full GC (Allocation Failure) [PSYoungGen: 1056K->0K(48128K)] [ParOldGen: 415249K->62993K(472064K)] 416305K->62993K(520192K), [Metaspace: 2796K->2796K(1056768K)], 0.0055139 secs] [Times: user=0.00 sys=0.00, real=0.00 secs] 
194.940: [GC (Allocation Failure) [PSYoungGen: 43874K->64K(48128K)] 209267K->180817K(520192K), 0.0014257 secs] [Times: user=0.00 sys=0.00, real=0.00 secs] 
196.359: [GC (Allocation Failure) [PSYoungGen: 43943K->32K(48128K)] 378296K->339505K(520192K), 0.0008258 secs] [Times: user=0.00 sys=0.00, real=0.00 secs] 
196.688: [GC (Allocation Failure) [PSYoungGen: 31626K->32K(48128K)] 422299K->411185K(520192K), 0.0020890 secs] [Times: user=0.00 sys=0.00, real=0.00 secs] 
196.690: [GC (Allocation Failure) [PSYoungGen: 32K->32K(48128K)] 411185K->411185K(520192K), 0.0007310 secs] [Times: user=0.00 sys=0.00, real=0.00 secs] 
196.691: [Full GC (Allocation Failure) [PSYoungGen: 32K->0K(48128K)] [ParOldGen: 411153K->72209K(472064K)] 411185K->72209K(520192K), [Metaspace: 2796K->2796K(1056768K)], 0.0060503 secs] [Times: user=0.00 sys=0.00, real=0.01 secs] 
197.793: [GC (Allocation Failure) [PSYoungGen: 43884K->0K(48128K)] 218494K->189969K(520192K), 0.0017780 secs] [Times: user=0.00 sys=0.00, real=0.00 secs] 
198.668: [GC (Allocation Failure) [PSYoungGen: 43886K->0K(48128K)] 387455K->348689K(520192K), 0.0009805 secs] [Times: user=0.00 sys=0.00, real=0.00 secs] 
199.322: [GC (Allocation Failure) [PSYoungGen: 41839K->0K(48128K)] 390528K->364049K(520192K), 0.0014965 secs] [Times: user=0.00 sys=0.00, real=0.00 secs] 
199.543: [GC (Allocation Failure) [PSYoungGen: 21353K->0K(48128K)] 436602K->415249K(520192K), 0.0011068 secs] [Times: user=0.00 sys=0.00, real=0.00 secs] 
199.544: [GC (Allocation Failure) [PSYoungGen: 0K->0K(48128K)] 415249K->415249K(520192K), 0.0008936 secs] [Times: user=0.00 sys=0.00, real=0.00 secs] 
199.545: [Full GC (Allocation Failure) [PSYoungGen: 0K->0K(48128K)] [ParOldGen: 415249K->133649K(472064K)] 415249K->133649K(520192K), [Metaspace: 2796K->2796K(1056768K)], 0.0101609 secs] [Times: user=0.00 sys=0.00, real=0.01 secs] 
200.764: [GC (Allocation Failure) [PSYoungGen: 36713K->0K(48128K)] 272762K->251409K(520192K), 0.0014264 secs] [Times: user=0.02 sys=0.00, real=0.00 secs] 
201.744: [GC (Allocation Failure) [PSYoungGen: 43883K->1024K(48128K)] 448893K->411153K(520192K), 0.0011109 secs] [Times: user=0.00 sys=0.00, real=0.00 secs] 
202.179: [GC (Allocation Failure) [PSYoungGen: 32621K->1024K(48128K)] 442751K->426513K(520192K), 0.0017414 secs] [Times: user=0.00 sys=0.00, real=0.00 secs] 
202.181: [Full GC (Ergonomics) [PSYoungGen: 1024K->0K(48128K)] [ParOldGen: 425489K->22033K(472064K)] 426513K->22033K(520192K), [Metaspace: 2796K->2796K(1056768K)], 0.0033059 secs] [Times: user=0.00 sys=0.00, real=0.00 secs] 
203.157: [GC (Allocation Failure) [PSYoungGen: 43878K->1024K(48128K)] 219511K->181777K(520192K), 0.0010825 secs] [Times: user=0.00 sys=0.00, real=0.00 secs] 
204.577: [GC (Allocation Failure) [PSYoungGen: 43881K->0K(48128K)] 224635K->190993K(520192K), 0.0009325 secs] [Times: user=0.02 sys=0.00, real=0.00 secs] 
205.014: [GC (Allocation Failure) [PSYoungGen: 31589K->0K(48128K)] 222583K->211473K(520192K), 0.0013516 secs] [Times: user=0.01 sys=0.00, real=0.00 secs] 
205.994: [GC (Allocation Failure) [PSYoungGen: 43873K->0K(48128K)] 408947K->375313K(520192K), 0.0010491 secs] [Times: user=0.00 sys=0.00, real=0.00 secs] 
206.430: [GC (Allocation Failure) [PSYoungGen: 31590K->0K(48128K)] 406904K->385553K(520192K), 0.0016095 secs] [Times: user=0.00 sys=0.00, real=0.00 secs] 
206.646: [GC (Allocation Failure) [PSYoungGen: 21345K->0K(48128K)] 458099K->457234K(520192K), 0.0022315 secs] [Times: user=0.00 sys=0.00, real=0.00 secs] 
206.648: [Full GC (Ergonomics) [PSYoungGen: 0K->0K(48128K)] [ParOldGen: 457234K->92689K(472064K)] 457234K->92689K(520192K), [Metaspace: 2796K->2796K(1056768K)], 0.0078930 secs] [Times: user=0.02 sys=0.00, real=0.01 secs] 
208.404: [GC (Allocation Failure) [PSYoungGen: 40801K->1024K(48128K)] 389491K->349713K(520192K), 0.0007989 secs] [Times: user=0.00 sys=0.00, real=0.00 secs] 
209.165: [GC (Allocation Failure) [PSYoungGen: 42855K->0K(48128K)] 391544K->364049K(520192K), 0.0016622 secs] [Times: user=0.00 sys=0.00, real=0.00 secs] 
209.493: [GC (Allocation Failure) [PSYoungGen: 31587K->0K(48128K)] 446837K->415249K(520192K), 0.0010808 secs] [Times: user=0.00 sys=0.00, real=0.00 secs] 
209.495: [GC (Allocation Failure) [PSYoungGen: 0K->0K(48128K)] 415249K->415249K(520192K), 0.0008157 secs] [Times: user=0.00 sys=0.00, real=0.00 secs] 
209.495: [Full GC (Allocation Failure) [PSYoungGen: 0K->0K(48128K)] [ParOldGen: 415249K->108049K(472064K)] 415249K->108049K(520192K), [Metaspace: 2796K->2796K(1056768K)], 0.0081943 secs] [Times: user=0.00 sys=0.00, real=0.01 secs] 
210.602: [GC (Allocation Failure) [PSYoungGen: 43880K->0K(48128K)] 254330K->225809K(520192K), 0.0014187 secs] [Times: user=0.00 sys=0.00, real=0.00 secs] 
211.912: [GC (Allocation Failure) [PSYoungGen: 42859K->0K(48128K)] 422269K->389649K(520192K), 0.0009546 secs] [Times: user=0.00 sys=0.00, real=0.00 secs] 
212.349: [Full GC (Ergonomics) [PSYoungGen: 41837K->0K(48128K)] [ParOldGen: 440849K->56849K(472064K)] 482687K->56849K(520192K), [Metaspace: 2796K->2796K(1056768K)], 0.0055055 secs] [Times: user=0.00 sys=0.00, real=0.01 secs] 
213.456: [GC (Allocation Failure) [PSYoungGen: 43886K->1024K(48128K)] 203136K->180753K(520192K), 0.0015329 secs] [Times: user=0.00 sys=0.00, real=0.00 secs] 
214.332: [GC (Allocation Failure) [PSYoungGen: 44911K->1024K(48128K)] 378241K->344593K(520192K), 0.0012963 secs] [Times: user=0.00 sys=0.00, real=0.00 secs] 
215.534: [GC (Allocation Failure) [PSYoungGen: 42863K->0K(48128K)] 386433K->353809K(520192K), 0.0014115 secs] [Times: user=0.00 sys=0.00, real=0.00 secs] 
216.301: [GC (Allocation Failure) [PSYoungGen: 41833K->0K(48128K)] 395643K->369169K(520192K), 0.0015625 secs] [Times: user=0.00 sys=0.00, real=0.00 secs] 
216.628: [GC (Allocation Failure) [PSYoungGen: 31589K->0K(48128K)] 451959K->440849K(520192K), 0.0021405 secs] [Times: user=0.00 sys=0.00, real=0.00 secs] 
216.631: [Full GC (Ergonomics) [PSYoungGen: 0K->0K(48128K)] [ParOldGen: 440849K->77329K(472064K)] 440849K->77329K(520192K), [Metaspace: 2796K->2796K(1056768K)], 0.0065852 secs] [Times: user=0.00 sys=0.00, real=0.01 secs] 
217.738: [GC (Allocation Failure) [PSYoungGen: 43881K->0K(48128K)] 223611K->195089K(520192K), 0.0015174 secs] [Times: user=0.00 sys=0.00, real=0.00 secs] 
218.613: [GC (Allocation Failure) [PSYoungGen: 43884K->0K(48128K)] 392573K->353809K(520192K), 0.0008997 secs] [Times: user=0.00 sys=0.00, real=0.00 secs] 
Heap
 PSYoungGen      total 48128K, used 11998K [0x00000000fcd00000, 0x0000000100000000, 0x0000000100000000)
  eden space 44032K, 27% used [0x00000000fcd00000,0x00000000fd8b7a98,0x00000000ff800000)
  from space 4096K, 0% used [0x00000000ff800000,0x00000000ff800000,0x00000000ffc00000)
  to   space 4096K, 0% used [0x00000000ffc00000,0x00000000ffc00000,0x0000000100000000)
 ParOldGen       total 472064K, used 353809K [0x00000000e0000000, 0x00000000fcd00000, 0x00000000fcd00000)
  object space 472064K, 74% used [0x00000000e0000000,0x00000000f5984770,0x00000000fcd00000)
 Metaspace       used 2804K, capacity 4486K, committed 4864K, reserved 1056768K
  class space    used 297K, capacity 386K, committed 512K, reserved 1048576K
