Java HotSpot(TM) 64-Bit Server VM (25.411-b09) for windows-amd64 JRE (1.8.0_411-b09), built on Mar 13 2024 07:26:13 by "java_re" with MS VC++ 17.1 (VS2022)
Memory: 4k page, physical 33403376k(13690376k free), swap 39632896k(6347604k free)
CommandLine flags: -XX:InitialHeapSize=1073741824 -XX:MaxHeapSize=1073741824 -XX:NewRatio=9 -XX:ParallelGCThreads=6 -XX:+PrintGC -XX:+PrintGCDetails -XX:+PrintGCTimeStamps -XX:SurvivorRatio=7 -XX:-UseAdaptiveSizePolicy -XX:+UseCompressedClassPointers -XX:+UseCompressedOops -XX:-UseLargePagesIndividualAllocation -XX:+UseParallelGC 
1.742: [GC (Allocation Failure) [PSYoungGen: 79053K->7848K(93184K)] 232653K->161456K(1037312K), 0.0026098 secs] [Times: user=0.00 sys=0.00, real=0.00 secs] 
3.313: [GC (Allocation Failure) [PSYoungGen: 87310K->7784K(93184K)] 394518K->325232K(1037312K), 0.0032543 secs] [Times: user=0.00 sys=0.00, real=0.00 secs] 
5.389: [GC (Allocation Failure) [PSYoungGen: 86222K->5720K(93184K)] 403670K->333408K(1037312K), 0.0044780 secs] [Times: user=0.00 sys=0.00, real=0.01 secs] 
6.851: [GC (Allocation Failure) [PSYoungGen: 80058K->10840K(93184K)] 561346K->512608K(1037312K), 0.0053035 secs] [Times: user=0.00 sys=0.00, real=0.00 secs] 
9.122: [GC (Allocation Failure) [PSYoungGen: 88047K->5720K(93184K)] 897015K->814696K(1037312K), 0.0015508 secs] [Times: user=0.00 sys=0.00, real=0.00 secs] 
10.120: [GC (Allocation Failure) [PSYoungGen: 73916K->5720K(93184K)] 934093K->865896K(1037312K), 0.0020756 secs] [Times: user=0.00 sys=0.00, real=0.00 secs] 
10.122: [GC (Allocation Failure) [PSYoungGen: 5720K->5720K(93184K)] 865896K->865896K(1037312K), 0.0014506 secs] [Times: user=0.00 sys=0.00, real=0.00 secs] 
10.123: [Full GC (Allocation Failure) [PSYoungGen: 5720K->0K(93184K)] [ParOldGen: 860176K->108048K(944128K)] 865896K->108048K(1037312K), [Metaspace: 2761K->2761K(1056768K)], 0.0171560 secs] [Times: user=0.00 sys=0.00, real=0.02 secs] 
12.419: [GC (Allocation Failure) [PSYoungGen: 80485K->5120K(93184K)] 444534K->369168K(1037312K), 0.0009145 secs] [Times: user=0.00 sys=0.00, real=0.00 secs] 
13.943: [GC (Allocation Failure) [PSYoungGen: 85114K->6176K(93184K)] 602763K->528953K(1037312K), 0.0012475 secs] [Times: user=0.00 sys=0.00, real=0.00 secs] 
15.364: [GC (Allocation Failure) [PSYoungGen: 80518K->10272K(93184K)] 756895K->697913K(1037312K), 0.0021129 secs] [Times: user=0.00 sys=0.00, real=0.00 secs] 
17.000: [GC (Allocation Failure) [PSYoungGen: 83590K->10304K(93184K)] 771231K->703065K(1037312K), 0.0023364 secs] [Times: user=0.00 sys=0.00, real=0.00 secs] 
17.653: [GC (Allocation Failure) [PSYoungGen: 89761K->5152K(93184K)] 884922K->820793K(1037312K), 0.0025253 secs] [Times: user=0.00 sys=0.00, real=0.00 secs] 
18.639: [GC (Allocation Failure) [PSYoungGen: 73347K->5184K(93184K)] 940188K->872025K(1037312K), 0.0013523 secs] [Times: user=0.00 sys=0.00, real=0.00 secs] 
18.641: [GC (Allocation Failure) [PSYoungGen: 5184K->5216K(93184K)] 872025K->872057K(1037312K), 0.0012320 secs] [Times: user=0.00 sys=0.00, real=0.00 secs] 
18.642: [Full GC (Allocation Failure) [PSYoungGen: 5216K->0K(93184K)] [ParOldGen: 866841K->82449K(944128K)] 872057K->82449K(1037312K), [Metaspace: 2770K->2770K(1056768K)], 0.0079437 secs] [Times: user=0.02 sys=0.00, real=0.01 secs] 
20.510: [GC (Allocation Failure) [PSYoungGen: 81508K->5120K(93184K)] 368757K->292369K(1037312K), 0.0008096 secs] [Times: user=0.00 sys=0.00, real=0.00 secs] 
22.037: [GC (Allocation Failure) [PSYoungGen: 84581K->6144K(93184K)] 525430K->452113K(1037312K), 0.0011630 secs] [Times: user=0.00 sys=0.00, real=0.00 secs] 
24.004: [GC (Allocation Failure) [PSYoungGen: 85605K->10240K(93184K)] 685175K->620049K(1037312K), 0.0015214 secs] [Times: user=0.00 sys=0.00, real=0.00 secs] 
25.420: [GC (Allocation Failure) [PSYoungGen: 84582K->10240K(93184K)] 847991K->778769K(1037312K), 0.0016229 secs] [Times: user=0.00 sys=0.00, real=0.00 secs] 
26.856: [Full GC (Ergonomics) [PSYoungGen: 84582K->0K(93184K)] [ParOldGen: 922129K->41489K(944128K)] 1006711K->41489K(1037312K), [Metaspace: 2780K->2780K(1056768K)], 0.0062095 secs] [Times: user=0.00 sys=0.00, real=0.01 secs] 
28.386: [GC (Allocation Failure) [PSYoungGen: 78784K->10272K(93184K)] 120273K->56881K(1037312K), 0.0017009 secs] [Times: user=0.00 sys=0.00, real=0.00 secs] 
29.039: [GC (Allocation Failure) [PSYoungGen: 89727K->5184K(93184K)] 238736K->205401K(1037312K), 0.0045487 secs] [Times: user=0.00 sys=0.00, real=0.00 secs] 
30.573: [GC (Allocation Failure) [PSYoungGen: 84641K->10336K(93184K)] 438459K->364161K(1037312K), 0.0015402 secs] [Times: user=0.00 sys=0.00, real=0.00 secs] 
32.646: [GC (Allocation Failure) [PSYoungGen: 79555K->6176K(93184K)] 535780K->472641K(1037312K), 0.0016947 secs] [Times: user=0.00 sys=0.00, real=0.00 secs] 
33.302: [GC (Allocation Failure) [PSYoungGen: 85636K->7232K(93184K)] 654501K->581217K(1037312K), 0.0020835 secs] [Times: user=0.00 sys=0.00, real=0.00 secs] 
35.274: [GC (Allocation Failure) [PSYoungGen: 81573K->5184K(93184K)] 809158K->732769K(1037312K), 0.0015873 secs] [Times: user=0.00 sys=0.00, real=0.00 secs] 
36.691: [GC (Allocation Failure) [PSYoungGen: 79525K->10272K(93184K)] 960711K->901697K(1037312K), 0.0019610 secs] [Times: user=0.00 sys=0.00, real=0.00 secs] 
37.127: [Full GC (Ergonomics) [PSYoungGen: 52869K->0K(93184K)] [ParOldGen: 942625K->87569K(944128K)] 995495K->87569K(1037312K), [Metaspace: 2793K->2793K(1056768K)], 0.0083662 secs] [Times: user=0.02 sys=0.00, real=0.01 secs] 
39.217: [GC (Allocation Failure) [PSYoungGen: 79462K->5120K(93184K)] 320631K->246289K(1037312K), 0.0008034 secs] [Times: user=0.00 sys=0.00, real=0.00 secs] 
40.748: [GC (Allocation Failure) [PSYoungGen: 84582K->10240K(93184K)] 479351K->405009K(1037312K), 0.0010784 secs] [Times: user=0.00 sys=0.00, real=0.00 secs] 
42.274: [GC (Allocation Failure) [PSYoungGen: 89702K->6144K(93184K)] 638071K->564753K(1037312K), 0.0014652 secs] [Times: user=0.00 sys=0.00, real=0.00 secs] 
44.567: [GC (Allocation Failure) [PSYoungGen: 87654K->10240K(93184K)] 799864K->724497K(1037312K), 0.0017488 secs] [Times: user=0.00 sys=0.00, real=0.00 secs] 
46.095: [GC (Allocation Failure) [PSYoungGen: 89702K->10240K(93184K)] 957560K->898577K(1037312K), 0.0024950 secs] [Times: user=0.00 sys=0.00, real=0.00 secs] 
47.074: [Full GC (Ergonomics) [PSYoungGen: 47718K->0K(93184K)] [ParOldGen: 939537K->72209K(944128K)] 987256K->72209K(1037312K), [Metaspace: 2795K->2795K(1056768K)], 0.0072439 secs] [Times: user=0.00 sys=0.00, real=0.01 secs] 
48.944: [GC (Allocation Failure) [PSYoungGen: 81510K->10240K(93184K)] 409719K->338449K(1037312K), 0.0015091 secs] [Times: user=0.00 sys=0.00, real=0.00 secs] 
50.802: [GC (Allocation Failure) [PSYoungGen: 88678K->10240K(93184K)] 570487K->492049K(1037312K), 0.0009892 secs] [Times: user=0.00 sys=0.00, real=0.00 secs] 
52.332: [GC (Allocation Failure) [PSYoungGen: 89702K->10240K(93184K)] 725112K->651793K(1037312K), 0.0018755 secs] [Times: user=0.00 sys=0.00, real=0.00 secs] 
53.746: [GC (Allocation Failure) [PSYoungGen: 84582K->6144K(93184K)] 879736K->806417K(1037312K), 0.0017574 secs] [Times: user=0.00 sys=0.00, real=0.00 secs] 
55.381: [GC (Allocation Failure) [PSYoungGen: 69222K->10240K(93184K)] 869496K->825873K(1037312K), 0.0020887 secs] [Times: user=0.00 sys=0.00, real=0.00 secs] 
56.038: [Full GC (Ergonomics) [PSYoungGen: 89696K->0K(93184K)] [ParOldGen: 918033K->21009K(944128K)] 1007730K->21009K(1037312K), [Metaspace: 2795K->2795K(1056768K)], 0.0040392 secs] [Times: user=0.00 sys=0.00, real=0.00 secs] 
57.562: [GC (Allocation Failure) [PSYoungGen: 79458K->10240K(93184K)] 254068K->205329K(1037312K), 0.0024359 secs] [Times: user=0.00 sys=0.00, real=0.00 secs] 
58.758: [GC (Allocation Failure) [PSYoungGen: 89700K->1024K(93184K)] 387189K->349713K(1037312K), 0.0047373 secs] [Times: user=0.00 sys=0.00, real=0.00 secs] 
60.290: [GC (Allocation Failure) [PSYoungGen: 80485K->10240K(93184K)] 582774K->512529K(1037312K), 0.0011140 secs] [Times: user=0.00 sys=0.00, real=0.00 secs] 
62.257: [GC (Allocation Failure) [PSYoungGen: 88677K->10240K(93184K)] 744567K->666129K(1037312K), 0.0010741 secs] [Times: user=0.00 sys=0.00, real=0.00 secs] 
63.674: [GC (Allocation Failure) [PSYoungGen: 84581K->6144K(93184K)] 894071K->820753K(1037312K), 0.0023128 secs] [Times: user=0.00 sys=0.00, real=0.00 secs] 
64.113: [GC (Allocation Failure) [PSYoungGen: 48742K->1024K(93184K)] 914551K->877073K(1037312K), 0.0018896 secs] [Times: user=0.00 sys=0.00, real=0.00 secs] 
64.114: [GC (Allocation Failure) [PSYoungGen: 1024K->1024K(93184K)] 877073K->877073K(1037312K), 0.0013185 secs] [Times: user=0.00 sys=0.00, real=0.00 secs] 
64.116: [Full GC (Allocation Failure) [PSYoungGen: 1024K->0K(93184K)] [ParOldGen: 876049K->68113K(944128K)] 877073K->68113K(1037312K), [Metaspace: 2796K->2796K(1056768K)], 0.0069873 secs] [Times: user=0.00 sys=0.00, real=0.01 secs] 
66.418: [GC (Allocation Failure) [PSYoungGen: 79462K->10240K(93184K)] 249975K->180753K(1037312K), 0.0013093 secs] [Times: user=0.00 sys=0.00, real=0.00 secs] 
67.946: [GC (Allocation Failure) [PSYoungGen: 89702K->10240K(93184K)] 413815K->359953K(1037312K), 0.0026913 secs] [Times: user=0.00 sys=0.00, real=0.00 secs] 
70.455: [GC (Allocation Failure) [PSYoungGen: 91750K->5120K(93184K)] 748664K->662033K(1037312K), 0.0012608 secs] [Times: user=0.00 sys=0.00, real=0.00 secs] 
71.979: [GC (Allocation Failure) [PSYoungGen: 84582K->10240K(93184K)] 895096K->821777K(1037312K), 0.0019096 secs] [Times: user=0.00 sys=0.00, real=0.00 secs] 
72.633: [GC (Allocation Failure) [PSYoungGen: 63078K->10240K(93184K)] 925816K->872977K(1037312K), 0.0016115 secs] [Times: user=0.00 sys=0.00, real=0.00 secs] 
72.635: [GC (Allocation Failure) [PSYoungGen: 10240K->10240K(93184K)] 872977K->872977K(1037312K), 0.0014245 secs] [Times: user=0.00 sys=0.00, real=0.00 secs] 
72.636: [Full GC (Allocation Failure) [PSYoungGen: 10240K->0K(93184K)] [ParOldGen: 862737K->165393K(944128K)] 872977K->165393K(1037312K), [Metaspace: 2796K->2796K(1056768K)], 0.0128971 secs] [Times: user=0.02 sys=0.00, real=0.01 secs] 
75.047: [GC (Allocation Failure) [PSYoungGen: 81510K->10240K(93184K)] 502904K->441873K(1037312K), 0.0017094 secs] [Times: user=0.00 sys=0.00, real=0.00 secs] 
76.467: [GC (Allocation Failure) [PSYoungGen: 84582K->10240K(93184K)] 669816K->610833K(1037312K), 0.0021264 secs] [Times: user=0.00 sys=0.00, real=0.00 secs] 
77.995: [GC (Allocation Failure) [PSYoungGen: 88678K->10240K(93184K)] 689272K->615953K(1037312K), 0.0016622 secs] [Times: user=0.00 sys=0.00, real=0.00 secs] 
79.419: [GC (Allocation Failure) [PSYoungGen: 84578K->5120K(93184K)] 843891K->774673K(1037312K), 0.0017423 secs] [Times: user=0.00 sys=0.00, real=0.00 secs] 
81.165: [Full GC (Ergonomics) [PSYoungGen: 64099K->0K(93184K)] [ParOldGen: 923153K->6144K(944128K)] 987253K->6144K(1037312K), [Metaspace: 2796K->2796K(1056768K)], 0.0028049 secs] [Times: user=0.00 sys=0.00, real=0.00 secs] 
83.020: [GC (Allocation Failure) [PSYoungGen: 81508K->7168K(93184K)] 343652K->274432K(1037312K), 0.0015613 secs] [Times: user=0.00 sys=0.00, real=0.00 secs] 
84.984: [GC (Allocation Failure) [PSYoungGen: 81509K->5120K(93184K)] 502373K->425984K(1037312K), 0.0016167 secs] [Times: user=0.00 sys=0.00, real=0.00 secs] 
86.402: [GC (Allocation Failure) [PSYoungGen: 79461K->10240K(93184K)] 653925K->594944K(1037312K), 0.0022636 secs] [Times: user=0.00 sys=0.00, real=0.00 secs] 
87.818: [GC (Allocation Failure) [PSYoungGen: 84582K->10240K(93184K)] 822886K->774144K(1037312K), 0.0039779 secs] [Times: user=0.00 sys=0.00, real=0.00 secs] 
89.345: [GC (Allocation Failure) [PSYoungGen: 83558K->10240K(93184K)] 898662K->830464K(1037312K), 0.0028237 secs] [Times: user=0.00 sys=0.00, real=0.00 secs] 
89.674: [GC (Allocation Failure) [PSYoungGen: 42598K->0K(93184K)] 914022K->871424K(1037312K), 0.0025611 secs] [Times: user=0.00 sys=0.00, real=0.00 secs] 
89.676: [GC (Allocation Failure) [PSYoungGen: 0K->0K(93184K)] 871424K->871424K(1037312K), 0.0025420 secs] [Times: user=0.01 sys=0.00, real=0.00 secs] 
89.679: [Full GC (Allocation Failure) [PSYoungGen: 0K->0K(93184K)] [ParOldGen: 871424K->56849K(944128K)] 871424K->56849K(1037312K), [Metaspace: 2796K->2796K(1056768K)], 0.0056912 secs] [Times: user=0.00 sys=0.00, real=0.01 secs] 
91.543: [GC (Allocation Failure) [PSYoungGen: 81510K->6144K(93184K)] 394359K->324113K(1037312K), 0.0011167 secs] [Times: user=0.00 sys=0.00, real=0.00 secs] 
93.725: [GC (Allocation Failure) [PSYoungGen: 85606K->10240K(93184K)] 403575K->339473K(1037312K), 0.0020727 secs] [Times: user=0.00 sys=0.00, real=0.00 secs] 
94.381: [GC (Allocation Failure) [PSYoungGen: 89698K->10240K(93184K)] 521331K->452113K(1037312K), 0.0016992 secs] [Times: user=0.00 sys=0.00, real=0.00 secs] 
96.454: [GC (Allocation Failure) [PSYoungGen: 89699K->5120K(93184K)] 685173K->600593K(1037312K), 0.0014393 secs] [Times: user=0.00 sys=0.00, real=0.00 secs] 
97.875: [GC (Allocation Failure) [PSYoungGen: 79460K->10240K(93184K)] 828534K->784913K(1037312K), 0.0039792 secs] [Times: user=0.00 sys=0.00, real=0.00 secs] 
99.295: [Full GC (Ergonomics) [PSYoungGen: 84581K->0K(93184K)] [ParOldGen: 928273K->92689K(944128K)] 1012854K->92689K(1037312K), [Metaspace: 2796K->2796K(1056768K)], 0.0081912 secs] [Times: user=0.00 sys=0.00, real=0.01 secs] 
100.834: [GC (Allocation Failure) [PSYoungGen: 68197K->10240K(93184K)] 314487K->261649K(1037312K), 0.0013819 secs] [Times: user=0.00 sys=0.00, real=0.00 secs] 
101.489: [GC (Allocation Failure) [PSYoungGen: 89701K->6144K(93184K)] 443511K->359953K(1037312K), 0.0008136 secs] [Times: user=0.00 sys=0.00, real=0.00 secs] 
103.013: [GC (Allocation Failure) [PSYoungGen: 85606K->7168K(93184K)] 593015K->519697K(1037312K), 0.0012694 secs] [Times: user=0.00 sys=0.00, real=0.00 secs] 
104.976: [GC (Allocation Failure) [PSYoungGen: 80486K->10240K(93184K)] 593015K->527889K(1037312K), 0.0017507 secs] [Times: user=0.00 sys=0.00, real=0.00 secs] 
106.393: [GC (Allocation Failure) [PSYoungGen: 84577K->5120K(93184K)] 755827K->696849K(1037312K), 0.0022168 secs] [Times: user=0.00 sys=0.00, real=0.00 secs] 
108.139: [GC (Allocation Failure) [PSYoungGen: 74339K->0K(93184K)] 970868K->896529K(1037312K), 0.0015801 secs] [Times: user=0.00 sys=0.00, real=0.00 secs] 
108.140: [GC (Allocation Failure) [PSYoungGen: 0K->0K(93184K)] 896529K->896529K(1037312K), 0.0022952 secs] [Times: user=0.00 sys=0.00, real=0.00 secs] 
108.143: [Full GC (Allocation Failure) [PSYoungGen: 0K->0K(93184K)] [ParOldGen: 896529K->51729K(944128K)] 896529K->51729K(1037312K), [Metaspace: 2796K->2796K(1056768K)], 0.0056302 secs] [Times: user=0.00 sys=0.00, real=0.01 secs] 
110.010: [GC (Allocation Failure) [PSYoungGen: 81508K->10240K(93184K)] 389237K->317969K(1037312K), 0.0010529 secs] [Times: user=0.00 sys=0.00, real=0.00 secs] 
111.972: [GC (Allocation Failure) [PSYoungGen: 88677K->10240K(93184K)] 550006K->471569K(1037312K), 0.0011311 secs] [Times: user=0.00 sys=0.00, real=0.00 secs] 
113.390: [GC (Allocation Failure) [PSYoungGen: 84581K->10240K(93184K)] 699511K->626193K(1037312K), 0.0014951 secs] [Times: user=0.00 sys=0.00, real=0.00 secs] 
114.809: [GC (Allocation Failure) [PSYoungGen: 84582K->10240K(93184K)] 854135K->795153K(1037312K), 0.0022826 secs] [Times: user=0.00 sys=0.00, real=0.00 secs] 
116.442: [GC (Allocation Failure) [PSYoungGen: 83558K->10240K(93184K)] 868471K->800273K(1037312K), 0.0015745 secs] [Times: user=0.00 sys=0.00, real=0.00 secs] 
117.095: [GC (Allocation Failure) [PSYoungGen: 89697K->5120K(93184K)] 982131K->918033K(1037312K), 0.0024149 secs] [Times: user=0.00 sys=0.00, real=0.00 secs] 
117.098: [Full GC (Ergonomics) [PSYoungGen: 5120K->0K(93184K)] [ParOldGen: 912913K->31249K(944128K)] 918033K->31249K(1037312K), [Metaspace: 2796K->2796K(1056768K)], 0.0046979 secs] [Times: user=0.02 sys=0.00, real=0.00 secs] 
118.623: [GC (Allocation Failure) [PSYoungGen: 79459K->10240K(93184K)] 264308K->195089K(1037312K), 0.0011213 secs] [Times: user=0.00 sys=0.00, real=0.00 secs] 
120.155: [GC (Allocation Failure) [PSYoungGen: 89700K->5120K(93184K)] 376949K->292369K(1037312K), 0.0008599 secs] [Times: user=0.00 sys=0.00, real=0.00 secs] 
121.683: [GC (Allocation Failure) [PSYoungGen: 84581K->10240K(93184K)] 525430K->452113K(1037312K), 0.0011958 secs] [Times: user=0.00 sys=0.00, real=0.00 secs] 
123.544: [GC (Allocation Failure) [PSYoungGen: 89701K->10240K(93184K)] 685175K->615953K(1037312K), 0.0017963 secs] [Times: user=0.00 sys=0.00, real=0.00 secs] 
124.201: [GC (Allocation Failure) [PSYoungGen: 89701K->10240K(93184K)] 797815K->728593K(1037312K), 0.0017539 secs] [Times: user=0.00 sys=0.00, real=0.00 secs] 
125.729: [GC (Allocation Failure) [PSYoungGen: 89702K->10240K(93184K)] 961655K->897553K(1037312K), 0.0021661 secs] [Times: user=0.00 sys=0.00, real=0.00 secs] 
127.368: [GC (Allocation Failure) [PSYoungGen: 88678K->10240K(93184K)] 975991K->897553K(1037312K), 0.0023482 secs] [Times: user=0.00 sys=0.00, real=0.00 secs] 
128.026: [Full GC (Ergonomics) [PSYoungGen: 63073K->0K(93184K)] [ParOldGen: 938513K->56849K(944128K)] 1001587K->56849K(1037312K), [Metaspace: 2796K->2796K(1056768K)], 0.0063128 secs] [Times: user=0.00 sys=0.00, real=0.01 secs] 
129.895: [GC (Allocation Failure) [PSYoungGen: 81507K->10240K(93184K)] 394357K->323089K(1037312K), 0.0013811 secs] [Times: user=0.00 sys=0.00, real=0.00 secs] 
132.078: [GC (Allocation Failure) [PSYoungGen: 84580K->6144K(93184K)] 499830K->431633K(1037312K), 0.0017597 secs] [Times: user=0.00 sys=0.00, real=0.00 secs] 
132.731: [GC (Allocation Failure) [PSYoungGen: 85605K->7168K(93184K)] 613494K->540177K(1037312K), 0.0013490 secs] [Times: user=0.00 sys=0.00, real=0.00 secs] 
134.697: [GC (Allocation Failure) [PSYoungGen: 81509K->5120K(93184K)] 768119K->691729K(1037312K), 0.0013610 secs] [Times: user=0.00 sys=0.00, real=0.00 secs] 
136.119: [GC (Allocation Failure) [PSYoungGen: 79462K->10240K(93184K)] 919671K->860689K(1037312K), 0.0018338 secs] [Times: user=0.00 sys=0.00, real=0.00 secs] 
136.556: [GC (Allocation Failure) [PSYoungGen: 52838K->5120K(93184K)] 954487K->927249K(1037312K), 0.0024775 secs] [Times: user=0.00 sys=0.00, real=0.00 secs] 
136.558: [Full GC (Ergonomics) [PSYoungGen: 5120K->0K(93184K)] [ParOldGen: 922129K->87569K(944128K)] 927249K->87569K(1037312K), [Metaspace: 2796K->2796K(1056768K)], 0.0081309 secs] [Times: user=0.00 sys=0.00, real=0.01 secs] 
138.644: [GC (Allocation Failure) [PSYoungGen: 79462K->5120K(93184K)] 320631K->246289K(1037312K), 0.0007440 secs] [Times: user=0.00 sys=0.00, real=0.00 secs] 
140.171: [GC (Allocation Failure) [PSYoungGen: 84582K->10240K(93184K)] 479351K->405009K(1037312K), 0.0009961 secs] [Times: user=0.00 sys=0.00, real=0.00 secs] 
141.697: [GC (Allocation Failure) [PSYoungGen: 89702K->6144K(93184K)] 638071K->564753K(1037312K), 0.0015261 secs] [Times: user=0.00 sys=0.00, real=0.00 secs] 
143.987: [GC (Allocation Failure) [PSYoungGen: 87654K->2048K(93184K)] 799864K->724497K(1037312K), 0.0016910 secs] [Times: user=0.00 sys=0.00, real=0.00 secs] 
145.516: [GC (Allocation Failure) [PSYoungGen: 81510K->6144K(93184K)] 957560K->897553K(1037312K), 0.0019456 secs] [Times: user=0.00 sys=0.00, real=0.00 secs] 
146.497: [Full GC (Ergonomics) [PSYoungGen: 43622K->0K(93184K)] [ParOldGen: 942609K->72209K(944128K)] 986232K->72209K(1037312K), [Metaspace: 2796K->2796K(1056768K)], 0.0068259 secs] [Times: user=0.00 sys=0.00, real=0.01 secs] 
148.368: [GC (Allocation Failure) [PSYoungGen: 81510K->10240K(93184K)] 409719K->338449K(1037312K), 0.0012651 secs] [Times: user=0.00 sys=0.00, real=0.00 secs] 
150.228: [GC (Allocation Failure) [PSYoungGen: 88678K->10240K(93184K)] 570488K->492049K(1037312K), 0.0011121 secs] [Times: user=0.00 sys=0.00, real=0.00 secs] 
151.753: [GC (Allocation Failure) [PSYoungGen: 89702K->10240K(93184K)] 725112K->651793K(1037312K), 0.0020284 secs] [Times: user=0.00 sys=0.00, real=0.00 secs] 
153.169: [GC (Allocation Failure) [PSYoungGen: 84582K->6144K(93184K)] 879736K->806417K(1037312K), 0.0022753 secs] [Times: user=0.00 sys=0.00, real=0.00 secs] 
154.801: [GC (Allocation Failure) [PSYoungGen: 69222K->10240K(93184K)] 869496K->825873K(1037312K), 0.0023602 secs] [Times: user=0.00 sys=0.00, real=0.00 secs] 
155.453: [Full GC (Ergonomics) [PSYoungGen: 89696K->0K(93184K)] [ParOldGen: 918033K->21504K(944128K)] 1007730K->21504K(1037312K), [Metaspace: 2796K->2796K(1056768K)], 0.0040291 secs] [Times: user=0.00 sys=0.00, real=0.00 secs] 
156.976: [GC (Allocation Failure) [PSYoungGen: 79458K->10240K(93184K)] 254563K->205824K(1037312K), 0.0035923 secs] [Times: user=0.00 sys=0.00, real=0.00 secs] 
158.177: [GC (Allocation Failure) [PSYoungGen: 89700K->1024K(93184K)] 387684K->350208K(1037312K), 0.0049214 secs] [Times: user=0.00 sys=0.00, real=0.01 secs] 
159.707: [GC (Allocation Failure) [PSYoungGen: 80485K->10240K(93184K)] 583269K->513024K(1037312K), 0.0013820 secs] [Times: user=0.00 sys=0.00, real=0.00 secs] 
161.672: [GC (Allocation Failure) [PSYoungGen: 88677K->10240K(93184K)] 745061K->666624K(1037312K), 0.0017151 secs] [Times: user=0.00 sys=0.00, real=0.00 secs] 
163.090: [GC (Allocation Failure) [PSYoungGen: 84581K->10240K(93184K)] 894566K->821248K(1037312K), 0.0026455 secs] [Times: user=0.00 sys=0.00, real=0.00 secs] 
163.526: [GC (Allocation Failure) [PSYoungGen: 52838K->10240K(93184K)] 915046K->877568K(1037312K), 0.0021895 secs] [Times: user=0.00 sys=0.00, real=0.00 secs] 
163.528: [GC (Allocation Failure) [PSYoungGen: 10240K->10240K(93184K)] 877568K->877568K(1037312K), 0.0022260 secs] [Times: user=0.00 sys=0.00, real=0.00 secs] 
163.530: [Full GC (Allocation Failure) [PSYoungGen: 10240K->0K(93184K)] [ParOldGen: 867328K->68113K(944128K)] 877568K->68113K(1037312K), [Metaspace: 2796K->2796K(1056768K)], 0.0066988 secs] [Times: user=0.00 sys=0.00, real=0.01 secs] 
165.833: [GC (Allocation Failure) [PSYoungGen: 79462K->10240K(93184K)] 249975K->180753K(1037312K), 0.0009224 secs] [Times: user=0.00 sys=0.00, real=0.00 secs] 
167.359: [GC (Allocation Failure) [PSYoungGen: 89702K->10240K(93184K)] 413815K->359953K(1037312K), 0.0029134 secs] [Times: user=0.00 sys=0.00, real=0.00 secs] 
169.874: [GC (Allocation Failure) [PSYoungGen: 91750K->5120K(93184K)] 748664K->662033K(1037312K), 0.0012922 secs] [Times: user=0.00 sys=0.00, real=0.00 secs] 
171.404: [GC (Allocation Failure) [PSYoungGen: 84582K->10240K(93184K)] 895096K->821777K(1037312K), 0.0015845 secs] [Times: user=0.00 sys=0.00, real=0.00 secs] 
172.059: [GC (Allocation Failure) [PSYoungGen: 63078K->10240K(93184K)] 925816K->872977K(1037312K), 0.0015003 secs] [Times: user=0.00 sys=0.00, real=0.00 secs] 
172.061: [GC (Allocation Failure) [PSYoungGen: 10240K->10240K(93184K)] 872977K->872977K(1037312K), 0.0015069 secs] [Times: user=0.00 sys=0.00, real=0.00 secs] 
172.063: [Full GC (Allocation Failure) [PSYoungGen: 10240K->0K(93184K)] [ParOldGen: 862737K->165393K(944128K)] 872977K->165393K(1037312K), [Metaspace: 2796K->2796K(1056768K)], 0.0135810 secs] [Times: user=0.02 sys=0.00, real=0.01 secs] 
174.474: [GC (Allocation Failure) [PSYoungGen: 81510K->10240K(93184K)] 502904K->441873K(1037312K), 0.0016297 secs] [Times: user=0.02 sys=0.00, real=0.00 secs] 
175.888: [GC (Allocation Failure) [PSYoungGen: 84582K->10240K(93184K)] 669816K->610833K(1037312K), 0.0024224 secs] [Times: user=0.00 sys=0.00, real=0.00 secs] 
177.418: [GC (Allocation Failure) [PSYoungGen: 88678K->10240K(93184K)] 689272K->615953K(1037312K), 0.0016953 secs] [Times: user=0.00 sys=0.00, real=0.00 secs] 
178.834: [GC (Allocation Failure) [PSYoungGen: 84578K->10240K(93184K)] 843891K->774673K(1037312K), 0.0016261 secs] [Times: user=0.00 sys=0.00, real=0.00 secs] 
180.584: [Full GC (Ergonomics) [PSYoungGen: 69219K->0K(93184K)] [ParOldGen: 918033K->6144K(944128K)] 987253K->6144K(1037312K), [Metaspace: 2796K->2796K(1056768K)], 0.0030806 secs] [Times: user=0.00 sys=0.00, real=0.00 secs] 
182.439: [GC (Allocation Failure) [PSYoungGen: 81508K->7168K(93184K)] 343652K->274432K(1037312K), 0.0012761 secs] [Times: user=0.00 sys=0.00, real=0.00 secs] 
184.406: [GC (Allocation Failure) [PSYoungGen: 81509K->5120K(93184K)] 502373K->425984K(1037312K), 0.0011561 secs] [Times: user=0.00 sys=0.00, real=0.00 secs] 
185.822: [GC (Allocation Failure) [PSYoungGen: 79461K->10240K(93184K)] 653925K->594944K(1037312K), 0.0022955 secs] [Times: user=0.00 sys=0.00, real=0.00 secs] 
187.243: [GC (Allocation Failure) [PSYoungGen: 84582K->10240K(93184K)] 822886K->774144K(1037312K), 0.0035362 secs] [Times: user=0.00 sys=0.00, real=0.00 secs] 
188.770: [GC (Allocation Failure) [PSYoungGen: 83558K->10240K(93184K)] 898662K->830464K(1037312K), 0.0023194 secs] [Times: user=0.02 sys=0.00, real=0.00 secs] 
189.097: [GC (Allocation Failure) [PSYoungGen: 42598K->0K(93184K)] 914022K->871424K(1037312K), 0.0017205 secs] [Times: user=0.00 sys=0.00, real=0.00 secs] 
189.099: [GC (Allocation Failure) [PSYoungGen: 0K->0K(93184K)] 871424K->871424K(1037312K), 0.0019191 secs] [Times: user=0.08 sys=0.00, real=0.00 secs] 
189.101: [Full GC (Allocation Failure) [PSYoungGen: 0K->0K(93184K)] [ParOldGen: 871424K->56849K(944128K)] 871424K->56849K(1037312K), [Metaspace: 2796K->2796K(1056768K)], 0.0058072 secs] [Times: user=0.00 sys=0.00, real=0.01 secs] 
190.967: [GC (Allocation Failure) [PSYoungGen: 81510K->6176K(93184K)] 394359K->324145K(1037312K), 0.0012090 secs] [Times: user=0.00 sys=0.00, real=0.00 secs] 
193.139: [GC (Allocation Failure) [PSYoungGen: 85638K->10272K(93184K)] 403607K->339505K(1037312K), 0.0017846 secs] [Times: user=0.00 sys=0.00, real=0.00 secs] 
193.794: [GC (Allocation Failure) [PSYoungGen: 89730K->10272K(93184K)] 521363K->452145K(1037312K), 0.0016502 secs] [Times: user=0.00 sys=0.00, real=0.00 secs] 
195.872: [GC (Allocation Failure) [PSYoungGen: 89731K->5152K(93184K)] 685205K->600625K(1037312K), 0.0013372 secs] [Times: user=0.00 sys=0.00, real=0.00 secs] 
197.294: [GC (Allocation Failure) [PSYoungGen: 79492K->10304K(93184K)] 828566K->784977K(1037312K), 0.0031237 secs] [Times: user=0.00 sys=0.00, real=0.00 secs] 
198.710: [Full GC (Ergonomics) [PSYoungGen: 84645K->0K(93184K)] [ParOldGen: 928273K->92689K(944128K)] 1012918K->92689K(1037312K), [Metaspace: 2796K->2796K(1056768K)], 0.0084548 secs] [Times: user=0.00 sys=0.00, real=0.01 secs] 
200.239: [GC (Allocation Failure) [PSYoungGen: 68197K->10240K(93184K)] 314487K->261649K(1037312K), 0.0015812 secs] [Times: user=0.02 sys=0.00, real=0.00 secs] 
200.895: [GC (Allocation Failure) [PSYoungGen: 89701K->6144K(93184K)] 443511K->359953K(1037312K), 0.0009076 secs] [Times: user=0.00 sys=0.00, real=0.00 secs] 
202.425: [GC (Allocation Failure) [PSYoungGen: 85606K->7168K(93184K)] 593016K->519697K(1037312K), 0.0015207 secs] [Times: user=0.00 sys=0.00, real=0.00 secs] 
204.389: [GC (Allocation Failure) [PSYoungGen: 80486K->10240K(93184K)] 593016K->527889K(1037312K), 0.0015544 secs] [Times: user=0.00 sys=0.00, real=0.00 secs] 
205.810: [GC (Allocation Failure) [PSYoungGen: 84577K->5120K(93184K)] 755827K->696850K(1037312K), 0.0024311 secs] [Times: user=0.00 sys=0.00, real=0.00 secs] 
207.556: [GC (Allocation Failure) [PSYoungGen: 74339K->0K(93184K)] 970869K->896530K(1037312K), 0.0026643 secs] [Times: user=0.00 sys=0.00, real=0.00 secs] 
207.559: [GC (Allocation Failure) [PSYoungGen: 0K->0K(93184K)] 896530K->896530K(1037312K), 0.0015616 secs] [Times: user=0.00 sys=0.00, real=0.00 secs] 
207.560: [Full GC (Allocation Failure) [PSYoungGen: 0K->0K(93184K)] [ParOldGen: 896530K->51729K(944128K)] 896530K->51729K(1037312K), [Metaspace: 2796K->2796K(1056768K)], 0.0058701 secs] [Times: user=0.00 sys=0.00, real=0.01 secs] 
209.430: [GC (Allocation Failure) [PSYoungGen: 81508K->10240K(93184K)] 389238K->317969K(1037312K), 0.0010437 secs] [Times: user=0.00 sys=0.00, real=0.00 secs] 
211.398: [GC (Allocation Failure) [PSYoungGen: 88677K->10240K(93184K)] 550007K->471569K(1037312K), 0.0010779 secs] [Times: user=0.00 sys=0.00, real=0.00 secs] 
212.811: [GC (Allocation Failure) [PSYoungGen: 84581K->6144K(93184K)] 699511K->626193K(1037312K), 0.0012557 secs] [Times: user=0.00 sys=0.00, real=0.00 secs] 
214.230: [GC (Allocation Failure) [PSYoungGen: 80486K->6144K(93184K)] 854135K->795153K(1037312K), 0.0020331 secs] [Times: user=0.00 sys=0.00, real=0.00 secs] 
215.867: [GC (Allocation Failure) [PSYoungGen: 79462K->10240K(93184K)] 868472K->804369K(1037312K), 0.0019844 secs] [Times: user=0.00 sys=0.00, real=0.00 secs] 
216.520: [GC (Allocation Failure) [PSYoungGen: 89697K->5120K(93184K)] 986227K->922129K(1037312K), 0.0023584 secs] [Times: user=0.02 sys=0.00, real=0.00 secs] 
216.522: [Full GC (Ergonomics) [PSYoungGen: 5120K->0K(93184K)] [ParOldGen: 917009K->31249K(944128K)] 922129K->31249K(1037312K), [Metaspace: 2796K->2796K(1056768K)], 0.0044362 secs] [Times: user=0.00 sys=0.00, real=0.00 secs] 
218.046: [GC (Allocation Failure) [PSYoungGen: 79459K->10240K(93184K)] 264309K->195089K(1037312K), 0.0009885 secs] [Times: user=0.00 sys=0.00, real=0.00 secs] 
Heap
 PSYoungGen      total 93184K, used 23755K [0x00000000f9a00000, 0x0000000100000000, 0x0000000100000000)
  eden space 81920K, 16% used [0x00000000f9a00000,0x00000000fa732c50,0x00000000fea00000)
  from space 11264K, 90% used [0x00000000fea00000,0x00000000ff400020,0x00000000ff500000)
  to   space 11264K, 0% used [0x00000000ff500000,0x00000000ff500000,0x0000000100000000)
 ParOldGen       total 944128K, used 184849K [0x00000000c0000000, 0x00000000f9a00000, 0x00000000f9a00000)
  object space 944128K, 19% used [0x00000000c0000000,0x00000000cb484730,0x00000000f9a00000)
 Metaspace       used 2804K, capacity 4486K, committed 4864K, reserved 1056768K
  class space    used 297K, capacity 386K, committed 512K, reserved 1048576K
