Java HotSpot(TM) 64-Bit Server VM (25.411-b09) for windows-amd64 JRE (1.8.0_411-b09), built on Mar 13 2024 07:26:13 by "java_re" with MS VC++ 17.1 (VS2022)
Memory: 4k page, physical 33403376k(12070528k free), swap 37262300k(5811336k free)
CommandLine flags: -XX:InitialHeapSize=536870912 -XX:MaxHeapSize=536870912 -XX:NewRatio=2 -XX:ParallelGCThreads=6 -XX:PretenureSizeThreshold=52428800 -XX:+PrintGC -XX:+PrintGCDetails -XX:+PrintGCTimeStamps -XX:SurvivorRatio=6 -XX:-UseAdaptiveSizePolicy -XX:+UseCompressedClassPointers -XX:+UseCompressedOops -XX:-UseLargePagesIndividualAllocation -XX:+UseParallelGC 
1.738: [GC (Allocation Failure) [PSYoungGen: 131215K->7832K(153088K)] 233615K->110240K(502784K), 0.0023902 secs] [Times: user=0.00 sys=0.00, real=0.00 secs] 
3.293: [GC (Allocation Failure) [PSYoungGen: 138464K->18072K(153088K)] 343272K->222880K(502784K), 0.0033729 secs] [Times: user=0.00 sys=0.00, real=0.00 secs] 
5.584: [GC (Allocation Failure) [PSYoungGen: 128224K->21144K(153088K)] 333032K->241312K(502784K), 0.0061373 secs] [Times: user=0.00 sys=0.00, real=0.01 secs] 
7.034: [Full GC (Ergonomics) [PSYoungGen: 147967K->0K(153088K)] [ParOldGen: 322568K->41488K(349696K)] 470535K->41488K(502784K), [Metaspace: 2759K->2759K(1056768K)], 0.0100634 secs] [Times: user=0.00 sys=0.00, real=0.01 secs] 
8.467: [GC (Allocation Failure) [PSYoungGen: 89668K->20480K(153088K)] 233557K->164368K(502784K), 0.0035099 secs] [Times: user=0.00 sys=0.00, real=0.00 secs] 
9.886: [GC (Allocation Failure) [PSYoungGen: 145989K->5120K(153088K)] 392278K->323088K(502784K), 0.0057293 secs] [Times: user=0.00 sys=0.00, real=0.01 secs] 
9.892: [Full GC (Ergonomics) [PSYoungGen: 5120K->0K(153088K)] [ParOldGen: 317968K->77328K(349696K)] 323088K->77328K(502784K), [Metaspace: 2761K->2761K(1056768K)], 0.0067234 secs] [Times: user=0.00 sys=0.00, real=0.01 secs] 
11.321: [GC (Allocation Failure) [PSYoungGen: 125510K->5120K(153088K)] 305239K->205328K(502784K), 0.0021248 secs] [Times: user=0.00 sys=0.00, real=0.00 secs] 
12.741: [Full GC (Ergonomics) [PSYoungGen: 111006K->0K(153088K)] [ParOldGen: 302608K->26129K(349696K)] 413615K->26129K(502784K), [Metaspace: 2763K->2763K(1056768K)], 0.0033216 secs] [Times: user=0.00 sys=0.00, real=0.00 secs] 
14.155: [GC (Allocation Failure) [PSYoungGen: 125511K->11264K(153088K)] 254040K->160273K(502784K), 0.0025537 secs] [Times: user=0.00 sys=0.00, real=0.00 secs] 
16.555: [GC (Allocation Failure) [PSYoungGen: 141895K->10240K(153088K)] 393304K->261649K(502784K), 0.0010019 secs] [Times: user=0.00 sys=0.00, real=0.00 secs] 
17.101: [GC (Allocation Failure) [PSYoungGen: 110151K->5120K(153088K)] 361560K->328209K(502784K), 0.0055535 secs] [Times: user=0.00 sys=0.00, real=0.00 secs] 
17.107: [Full GC (Ergonomics) [PSYoungGen: 5120K->0K(153088K)] [ParOldGen: 323089K->77329K(349696K)] 328209K->77329K(502784K), [Metaspace: 2768K->2768K(1056768K)], 0.0068688 secs] [Times: user=0.02 sys=0.00, real=0.01 secs] 
17.991: [GC (Allocation Failure) [PSYoungGen: 130626K->10240K(153088K)] 207955K->87569K(502784K), 0.0010583 secs] [Times: user=0.00 sys=0.00, real=0.00 secs] 
19.846: [GC (Allocation Failure) [PSYoungGen: 130609K->5120K(153088K)] 310338K->184849K(502784K), 0.0008158 secs] [Times: user=0.00 sys=0.00, real=0.00 secs] 
21.260: [Full GC (Ergonomics) [PSYoungGen: 130617K->0K(153088K)] [ParOldGen: 282129K->128529K(349696K)] 412746K->128529K(502784K), [Metaspace: 2779K->2779K(1056768K)], 0.0093740 secs] [Times: user=0.00 sys=0.00, real=0.01 secs] 
22.693: [GC (Allocation Failure) [PSYoungGen: 125502K->6144K(153088K)] 356431K->257553K(502784K), 0.0022343 secs] [Times: user=0.00 sys=0.00, real=0.00 secs] 
22.803: [GC (Allocation Failure) [PSYoungGen: 59969K->6144K(153088K)] 311378K->308753K(502784K), 0.0048139 secs] [Times: user=0.00 sys=0.00, real=0.00 secs] 
22.808: [Full GC (Ergonomics) [PSYoungGen: 6144K->0K(153088K)] [ParOldGen: 302609K->165393K(349696K)] 308753K->165393K(502784K), [Metaspace: 2779K->2779K(1056768K)], 0.0051710 secs] [Times: user=0.00 sys=0.00, real=0.01 secs] 
24.016: [GC (Allocation Failure) [PSYoungGen: 130625K->20480K(153088K)] 296018K->185873K(502784K), 0.0017386 secs] [Times: user=0.00 sys=0.00, real=0.00 secs] 
25.436: [GC (Allocation Failure) [PSYoungGen: 145969K->15360K(153088K)] 413762K->303633K(502784K), 0.0024410 secs] [Times: user=0.00 sys=0.00, real=0.00 secs] 
25.439: [Full GC (Ergonomics) [PSYoungGen: 15360K->0K(153088K)] [ParOldGen: 288273K->26129K(349696K)] 303633K->26129K(502784K), [Metaspace: 2779K->2779K(1056768K)], 0.0033150 secs] [Times: user=0.00 sys=0.00, real=0.00 secs] 
26.853: [GC (Allocation Failure) [PSYoungGen: 125497K->15360K(153088K)] 254026K->143889K(502784K), 0.0013864 secs] [Times: user=0.00 sys=0.00, real=0.00 secs] 
28.389: [GC (Allocation Failure) [PSYoungGen: 105578K->5152K(153088K)] 234107K->154169K(502784K), 0.0020469 secs] [Times: user=0.00 sys=0.00, real=0.00 secs] 
29.805: [GC (Allocation Failure) [PSYoungGen: 130646K->10272K(153088K)] 382063K->333369K(502784K), 0.0059577 secs] [Times: user=0.00 sys=0.00, real=0.00 secs] 
29.811: [Full GC (Ergonomics) [PSYoungGen: 10272K->0K(153088K)] [ParOldGen: 323097K->82449K(349696K)] 333369K->82449K(502784K), [Metaspace: 2793K->2793K(1056768K)], 0.0068683 secs] [Times: user=0.02 sys=0.00, real=0.01 secs] 
32.441: [Full GC (Ergonomics) [PSYoungGen: 122428K->0K(153088K)] [ParOldGen: 287249K->17408K(349696K)] 409677K->17408K(502784K), [Metaspace: 2793K->2793K(1056768K)], 0.0028673 secs] [Times: user=0.00 sys=0.00, real=0.00 secs] 
33.858: [GC (Allocation Failure) [PSYoungGen: 125504K->11264K(153088K)] 245312K->141312K(502784K), 0.0013797 secs] [Times: user=0.00 sys=0.00, real=0.00 secs] 
35.495: [GC (Allocation Failure) [PSYoungGen: 141890K->10240K(153088K)] 374339K->263168K(502784K), 0.0023903 secs] [Times: user=0.00 sys=0.00, real=0.00 secs] 
35.603: [GC (Allocation Failure) [PSYoungGen: 64068K->10240K(153088K)] 316996K->314368K(502784K), 0.0053248 secs] [Times: user=0.00 sys=0.00, real=0.01 secs] 
35.608: [Full GC (Ergonomics) [PSYoungGen: 10240K->0K(153088K)] [ParOldGen: 304128K->61969K(349696K)] 314368K->61969K(502784K), [Metaspace: 2793K->2793K(1056768K)], 0.0052688 secs] [Times: user=0.01 sys=0.00, real=0.00 secs] 
36.490: [GC (Allocation Failure) [PSYoungGen: 130628K->10240K(153088K)] 192597K->72209K(502784K), 0.0009702 secs] [Times: user=0.00 sys=0.00, real=0.00 secs] 
38.016: [GC (Allocation Failure) [PSYoungGen: 140851K->15360K(153088K)] 305220K->200209K(502784K), 0.0027554 secs] [Times: user=0.00 sys=0.00, real=0.00 secs] 
39.536: [GC (Allocation Failure) [PSYoungGen: 140858K->15360K(153088K)] 325707K->200209K(502784K), 0.0015921 secs] [Times: user=0.00 sys=0.00, real=0.00 secs] 
40.951: [Full GC (Ergonomics) [PSYoungGen: 140859K->0K(153088K)] [ParOldGen: 287249K->123409K(349696K)] 428108K->123409K(502784K), [Metaspace: 2793K->2793K(1056768K)], 0.0096930 secs] [Times: user=0.00 sys=0.00, real=0.01 secs] 
43.253: [GC (Allocation Failure) [PSYoungGen: 127551K->6144K(153088K)] 353360K->231953K(502784K), 0.0008295 secs] [Times: user=0.00 sys=0.00, real=0.00 secs] 
44.779: [Full GC (Ergonomics) [PSYoungGen: 136770K->0K(153088K)] [ParOldGen: 328209K->22528K(349696K)] 464979K->22528K(502784K), [Metaspace: 2795K->2795K(1056768K)], 0.0030418 secs] [Times: user=0.00 sys=0.00, real=0.00 secs] 
46.742: [GC (Allocation Failure) [PSYoungGen: 130628K->10240K(153088K)] 255556K->135168K(502784K), 0.0010620 secs] [Times: user=0.00 sys=0.00, real=0.00 secs] 
48.161: [GC (Allocation Failure) [PSYoungGen: 135749K->20480K(153088K)] 363077K->263168K(502784K), 0.0027751 secs] [Times: user=0.00 sys=0.00, real=0.00 secs] 
49.592: [Full GC (Ergonomics) [PSYoungGen: 145990K->0K(153088K)] [ParOldGen: 345088K->92689K(349696K)] 491078K->92689K(502784K), [Metaspace: 2795K->2795K(1056768K)], 0.0083060 secs] [Times: user=0.00 sys=0.00, real=0.01 secs] 
51.142: [GC (Allocation Failure) [PSYoungGen: 130630K->5120K(153088K)] 325720K->220689K(502784K), 0.0022588 secs] [Times: user=0.00 sys=0.00, real=0.00 secs] 
52.564: [Full GC (Ergonomics) [PSYoungGen: 130631K->0K(153088K)] [ParOldGen: 317969K->32768K(349696K)] 448600K->32768K(502784K), [Metaspace: 2795K->2795K(1056768K)], 0.0039541 secs] [Times: user=0.03 sys=0.00, real=0.00 secs] 
55.079: [GC (Allocation Failure) [PSYoungGen: 126535K->10240K(153088K)] 261703K->145408K(502784K), 0.0011193 secs] [Times: user=0.00 sys=0.00, real=0.00 secs] 
56.496: [GC (Allocation Failure) [PSYoungGen: 135751K->20480K(153088K)] 373319K->263168K(502784K), 0.0018922 secs] [Times: user=0.00 sys=0.00, real=0.00 secs] 
58.242: [Full GC (Ergonomics) [PSYoungGen: 151111K->0K(153088K)] [ParOldGen: 345088K->21504K(349696K)] 496199K->21504K(502784K), [Metaspace: 2796K->2796K(1056768K)], 0.0031758 secs] [Times: user=0.00 sys=0.00, real=0.00 secs] 
59.662: [GC (Allocation Failure) [PSYoungGen: 125511K->5120K(153088K)] 249415K->200704K(502784K), 0.0056714 secs] [Times: user=0.00 sys=0.00, real=0.01 secs] 
61.082: [Full GC (Ergonomics) [PSYoungGen: 130631K->0K(153088K)] [ParOldGen: 297984K->184849K(349696K)] 428615K->184849K(502784K), [Metaspace: 2796K->2796K(1056768K)], 0.0142994 secs] [Times: user=0.00 sys=0.00, real=0.01 secs] 
62.519: [Full GC (Ergonomics) [PSYoungGen: 105031K->0K(153088K)] [ParOldGen: 287249K->26624K(349696K)] 392281K->26624K(502784K), [Metaspace: 2796K->2796K(1056768K)], 0.0028837 secs] [Times: user=0.00 sys=0.00, real=0.00 secs] 
63.937: [GC (Allocation Failure) [PSYoungGen: 125511K->11264K(153088K)] 254535K->160768K(502784K), 0.0024349 secs] [Times: user=0.00 sys=0.00, real=0.00 secs] 
66.337: [GC (Allocation Failure) [PSYoungGen: 141895K->10240K(153088K)] 393799K->262144K(502784K), 0.0011098 secs] [Times: user=0.00 sys=0.00, real=0.00 secs] 
66.882: [GC (Allocation Failure) [PSYoungGen: 110151K->5120K(153088K)] 362055K->328704K(502784K), 0.0052579 secs] [Times: user=0.00 sys=0.00, real=0.00 secs] 
66.888: [Full GC (Ergonomics) [PSYoungGen: 5120K->0K(153088K)] [ParOldGen: 323584K->77329K(349696K)] 328704K->77329K(502784K), [Metaspace: 2796K->2796K(1056768K)], 0.0065831 secs] [Times: user=0.00 sys=0.00, real=0.01 secs] 
67.771: [GC (Allocation Failure) [PSYoungGen: 130626K->10240K(153088K)] 207955K->87569K(502784K), 0.0008445 secs] [Times: user=0.00 sys=0.00, real=0.00 secs] 
69.624: [GC (Allocation Failure) [PSYoungGen: 130609K->5120K(153088K)] 310339K->184849K(502784K), 0.0008166 secs] [Times: user=0.00 sys=0.00, real=0.00 secs] 
71.039: [Full GC (Ergonomics) [PSYoungGen: 130617K->0K(153088K)] [ParOldGen: 282129K->128529K(349696K)] 412746K->128529K(502784K), [Metaspace: 2796K->2796K(1056768K)], 0.0095187 secs] [Times: user=0.00 sys=0.00, real=0.01 secs] 
72.471: [GC (Allocation Failure) [PSYoungGen: 125502K->6144K(153088K)] 356431K->257553K(502784K), 0.0022137 secs] [Times: user=0.00 sys=0.00, real=0.00 secs] 
72.581: [GC (Allocation Failure) [PSYoungGen: 59969K->6144K(153088K)] 311379K->308753K(502784K), 0.0046793 secs] [Times: user=0.00 sys=0.00, real=0.00 secs] 
72.586: [Full GC (Ergonomics) [PSYoungGen: 6144K->0K(153088K)] [ParOldGen: 302609K->165393K(349696K)] 308753K->165393K(502784K), [Metaspace: 2796K->2796K(1056768K)], 0.0048699 secs] [Times: user=0.00 sys=0.00, real=0.00 secs] 
73.798: [GC (Allocation Failure) [PSYoungGen: 130625K->20480K(153088K)] 296019K->185873K(502784K), 0.0017940 secs] [Times: user=0.00 sys=0.00, real=0.00 secs] 
75.217: [Full GC (Ergonomics) [PSYoungGen: 145969K->0K(153088K)] [ParOldGen: 267793K->26624K(349696K)] 413762K->26624K(502784K), [Metaspace: 2796K->2796K(1056768K)], 0.0039036 secs] [Times: user=0.00 sys=0.00, real=0.00 secs] 
76.631: [GC (Allocation Failure) [PSYoungGen: 125497K->15360K(153088K)] 254521K->144384K(502784K), 0.0013587 secs] [Times: user=0.00 sys=0.00, real=0.00 secs] 
78.156: [GC (Allocation Failure) [PSYoungGen: 105022K->20480K(153088K)] 234046K->154624K(502784K), 0.0023400 secs] [Times: user=0.00 sys=0.00, real=0.00 secs] 
79.572: [GC (Allocation Failure) [PSYoungGen: 145979K->5120K(153088K)] 382523K->313344K(502784K), 0.0057769 secs] [Times: user=0.00 sys=0.00, real=0.01 secs] 
79.578: [Full GC (Ergonomics) [PSYoungGen: 5120K->0K(153088K)] [ParOldGen: 308224K->82449K(349696K)] 313344K->82449K(502784K), [Metaspace: 2796K->2796K(1056768K)], 0.0068976 secs] [Times: user=0.00 sys=0.00, real=0.01 secs] 
82.201: [Full GC (Ergonomics) [PSYoungGen: 122432K->0K(153088K)] [ParOldGen: 287249K->17408K(349696K)] 409681K->17408K(502784K), [Metaspace: 2796K->2796K(1056768K)], 0.0026066 secs] [Times: user=0.00 sys=0.00, real=0.00 secs] 
83.618: [GC (Allocation Failure) [PSYoungGen: 125506K->11264K(153088K)] 245314K->141312K(502784K), 0.0014794 secs] [Times: user=0.00 sys=0.00, real=0.00 secs] 
85.252: [GC (Allocation Failure) [PSYoungGen: 141892K->10240K(153088K)] 374340K->263168K(502784K), 0.0022508 secs] [Times: user=0.00 sys=0.00, real=0.00 secs] 
85.362: [GC (Allocation Failure) [PSYoungGen: 64069K->10240K(153088K)] 316997K->314368K(502784K), 0.0054070 secs] [Times: user=0.00 sys=0.00, real=0.00 secs] 
85.367: [Full GC (Ergonomics) [PSYoungGen: 10240K->0K(153088K)] [ParOldGen: 304128K->61969K(349696K)] 314368K->61969K(502784K), [Metaspace: 2796K->2796K(1056768K)], 0.0055268 secs] [Times: user=0.00 sys=0.00, real=0.01 secs] 
86.245: [GC (Allocation Failure) [PSYoungGen: 130629K->10240K(153088K)] 192598K->72209K(502784K), 0.0009739 secs] [Times: user=0.00 sys=0.00, real=0.00 secs] 
87.771: [GC (Allocation Failure) [PSYoungGen: 140851K->15360K(153088K)] 305221K->200209K(502784K), 0.0027701 secs] [Times: user=0.00 sys=0.00, real=0.00 secs] 
89.297: [GC (Allocation Failure) [PSYoungGen: 140858K->15360K(153088K)] 325708K->200209K(502784K), 0.0014462 secs] [Times: user=0.00 sys=0.00, real=0.00 secs] 
90.719: [Full GC (Ergonomics) [PSYoungGen: 140859K->0K(153088K)] [ParOldGen: 287249K->123409K(349696K)] 428108K->123409K(502784K), [Metaspace: 2796K->2796K(1056768K)], 0.0091178 secs] [Times: user=0.00 sys=0.00, real=0.01 secs] 
93.026: [GC (Allocation Failure) [PSYoungGen: 127551K->6144K(153088K)] 353361K->231953K(502784K), 0.0009433 secs] [Times: user=0.00 sys=0.00, real=0.00 secs] 
94.556: [Full GC (Ergonomics) [PSYoungGen: 136770K->0K(153088K)] [ParOldGen: 328209K->22528K(349696K)] 464979K->22528K(502784K), [Metaspace: 2796K->2796K(1056768K)], 0.0030349 secs] [Times: user=0.00 sys=0.00, real=0.00 secs] 
96.529: [GC (Allocation Failure) [PSYoungGen: 130628K->10240K(153088K)] 255556K->135168K(502784K), 0.0010615 secs] [Times: user=0.00 sys=0.00, real=0.00 secs] 
97.944: [GC (Allocation Failure) [PSYoungGen: 135749K->15360K(153088K)] 363077K->263168K(502784K), 0.0030817 secs] [Times: user=0.00 sys=0.00, real=0.00 secs] 
98.163: [GC (Allocation Failure) --[PSYoungGen: 89670K->89670K(153088K)] 337478K->388678K(502784K), 0.0051054 secs] [Times: user=0.00 sys=0.00, real=0.00 secs] 
98.169: [Full GC (Ergonomics) [PSYoungGen: 89670K->0K(153088K)] [ParOldGen: 299008K->77329K(349696K)] 388678K->77329K(502784K), [Metaspace: 2796K->2796K(1056768K)], 0.0066699 secs] [Times: user=0.00 sys=0.00, real=0.01 secs] 
99.052: [GC (Allocation Failure) [PSYoungGen: 130623K->10240K(153088K)] 207952K->87569K(502784K), 0.0009765 secs] [Times: user=0.00 sys=0.00, real=0.00 secs] 
100.689: [GC (Allocation Failure) [PSYoungGen: 135728K->15360K(153088K)] 315457K->195089K(502784K), 0.0016781 secs] [Times: user=0.02 sys=0.00, real=0.00 secs] 
102.106: [Full GC (Ergonomics) [PSYoungGen: 140856K->0K(153088K)] [ParOldGen: 282129K->22528K(349696K)] 422985K->22528K(502784K), [Metaspace: 2796K->2796K(1056768K)], 0.0034246 secs] [Times: user=0.00 sys=0.00, real=0.00 secs] 
104.178: [GC (Allocation Failure) [PSYoungGen: 126525K->1024K(153088K)] 251453K->125952K(502784K), 0.0003841 secs] [Times: user=0.00 sys=0.00, real=0.00 secs] 
105.708: [GC (Allocation Failure) [PSYoungGen: 131649K->20480K(153088K)] 358977K->247808K(502784K), 0.0022175 secs] [Times: user=0.00 sys=0.00, real=0.00 secs] 
107.237: [Full GC (Ergonomics) [PSYoungGen: 151107K->0K(153088K)] [ParOldGen: 329728K->47104K(349696K)] 480835K->47104K(502784K), [Metaspace: 2796K->2796K(1056768K)], 0.0049858 secs] [Times: user=0.00 sys=0.00, real=0.00 secs] 
109.314: [GC (Allocation Failure) [PSYoungGen: 130629K->15360K(153088K)] 280133K->216064K(502784K), 0.0052229 secs] [Times: user=0.00 sys=0.00, real=0.01 secs] 
110.735: [Full GC (Ergonomics) [PSYoungGen: 140870K->0K(153088K)] [ParOldGen: 303104K->174609K(349696K)] 443974K->174609K(502784K), [Metaspace: 2796K->2796K(1056768K)], 0.0137291 secs] [Times: user=0.02 sys=0.00, real=0.01 secs] 
112.274: [Full GC (Ergonomics) [PSYoungGen: 125510K->0K(153088K)] [ParOldGen: 277009K->26624K(349696K)] 402519K->26624K(502784K), [Metaspace: 2796K->2796K(1056768K)], 0.0034835 secs] [Times: user=0.00 sys=0.00, real=0.00 secs] 
113.686: [GC (Allocation Failure) [PSYoungGen: 125511K->11264K(153088K)] 254535K->160768K(502784K), 0.0026960 secs] [Times: user=0.00 sys=0.00, real=0.00 secs] 
116.086: [GC (Allocation Failure) [PSYoungGen: 141895K->10240K(153088K)] 393799K->262144K(502784K), 0.0010766 secs] [Times: user=0.00 sys=0.00, real=0.00 secs] 
116.633: [GC (Allocation Failure) [PSYoungGen: 110151K->5120K(153088K)] 362055K->328704K(502784K), 0.0058891 secs] [Times: user=0.00 sys=0.00, real=0.00 secs] 
116.639: [Full GC (Ergonomics) [PSYoungGen: 5120K->0K(153088K)] [ParOldGen: 323584K->77329K(349696K)] 328704K->77329K(502784K), [Metaspace: 2796K->2796K(1056768K)], 0.0064613 secs] [Times: user=0.00 sys=0.00, real=0.01 secs] 
117.518: [GC (Allocation Failure) [PSYoungGen: 130626K->10240K(153088K)] 207955K->87569K(502784K), 0.0010383 secs] [Times: user=0.00 sys=0.00, real=0.00 secs] 
119.381: [GC (Allocation Failure) [PSYoungGen: 130609K->5120K(153088K)] 310339K->184849K(502784K), 0.0007187 secs] [Times: user=0.00 sys=0.00, real=0.00 secs] 
120.796: [Full GC (Ergonomics) [PSYoungGen: 130617K->0K(153088K)] [ParOldGen: 282129K->128529K(349696K)] 412746K->128529K(502784K), [Metaspace: 2796K->2796K(1056768K)], 0.0095768 secs] [Times: user=0.00 sys=0.00, real=0.01 secs] 
122.232: [GC (Allocation Failure) [PSYoungGen: 125502K->6144K(153088K)] 356431K->257553K(502784K), 0.0022445 secs] [Times: user=0.00 sys=0.00, real=0.00 secs] 
122.342: [GC (Allocation Failure) [PSYoungGen: 59969K->6144K(153088K)] 311379K->308753K(502784K), 0.0056277 secs] [Times: user=0.01 sys=0.00, real=0.00 secs] 
122.347: [Full GC (Ergonomics) [PSYoungGen: 6144K->0K(153088K)] [ParOldGen: 302609K->165393K(349696K)] 308753K->165393K(502784K), [Metaspace: 2796K->2796K(1056768K)], 0.0055617 secs] [Times: user=0.00 sys=0.00, real=0.01 secs] 
123.558: [GC (Allocation Failure) [PSYoungGen: 130625K->20480K(153088K)] 296019K->185873K(502784K), 0.0023822 secs] [Times: user=0.00 sys=0.00, real=0.00 secs] 
124.978: [Full GC (Ergonomics) [PSYoungGen: 145969K->0K(153088K)] [ParOldGen: 267793K->26624K(349696K)] 413762K->26624K(502784K), [Metaspace: 2796K->2796K(1056768K)], 0.0038279 secs] [Times: user=0.00 sys=0.00, real=0.00 secs] 
126.396: [GC (Allocation Failure) [PSYoungGen: 125497K->15360K(153088K)] 254521K->144384K(502784K), 0.0013444 secs] [Times: user=0.00 sys=0.00, real=0.00 secs] 
127.930: [GC (Allocation Failure) [PSYoungGen: 105022K->5120K(153088K)] 234046K->154624K(502784K), 0.0023638 secs] [Times: user=0.00 sys=0.00, real=0.00 secs] 
129.347: [GC (Allocation Failure) [PSYoungGen: 130619K->10240K(153088K)] 382523K->333824K(502784K), 0.0059106 secs] [Times: user=0.00 sys=0.00, real=0.01 secs] 
129.353: [Full GC (Ergonomics) [PSYoungGen: 10240K->0K(153088K)] [ParOldGen: 323584K->82449K(349696K)] 333824K->82449K(502784K), [Metaspace: 2796K->2796K(1056768K)], 0.0065868 secs] [Times: user=0.00 sys=0.00, real=0.01 secs] 
131.986: [Full GC (Ergonomics) [PSYoungGen: 122432K->0K(153088K)] [ParOldGen: 287249K->17408K(349696K)] 409681K->17408K(502784K), [Metaspace: 2796K->2796K(1056768K)], 0.0028016 secs] [Times: user=0.00 sys=0.00, real=0.00 secs] 
133.413: [GC (Allocation Failure) [PSYoungGen: 125506K->11264K(153088K)] 245314K->141312K(502784K), 0.0013591 secs] [Times: user=0.00 sys=0.00, real=0.00 secs] 
135.048: [GC (Allocation Failure) [PSYoungGen: 141892K->10240K(153088K)] 374340K->263168K(502784K), 0.0025936 secs] [Times: user=0.02 sys=0.00, real=0.00 secs] 
135.158: [GC (Allocation Failure) [PSYoungGen: 64069K->10240K(153088K)] 316997K->314368K(502784K), 0.0051172 secs] [Times: user=0.03 sys=0.00, real=0.00 secs] 
135.164: [Full GC (Ergonomics) [PSYoungGen: 10240K->0K(153088K)] [ParOldGen: 304128K->61969K(349696K)] 314368K->61969K(502784K), [Metaspace: 2796K->2796K(1056768K)], 0.0056542 secs] [Times: user=0.00 sys=0.00, real=0.01 secs] 
136.044: [GC (Allocation Failure) [PSYoungGen: 130629K->10240K(153088K)] 192598K->72209K(502784K), 0.0009846 secs] [Times: user=0.00 sys=0.00, real=0.00 secs] 
137.570: [GC (Allocation Failure) [PSYoungGen: 140851K->15360K(153088K)] 305221K->200209K(502784K), 0.0028092 secs] [Times: user=0.00 sys=0.00, real=0.00 secs] 
139.094: [GC (Allocation Failure) [PSYoungGen: 140858K->15360K(153088K)] 325708K->200209K(502784K), 0.0013611 secs] [Times: user=0.00 sys=0.00, real=0.00 secs] 
140.511: [Full GC (Ergonomics) [PSYoungGen: 140859K->0K(153088K)] [ParOldGen: 287249K->123409K(349696K)] 428108K->123409K(502784K), [Metaspace: 2796K->2796K(1056768K)], 0.0094723 secs] [Times: user=0.00 sys=0.00, real=0.01 secs] 
142.817: [GC (Allocation Failure) [PSYoungGen: 127551K->6144K(153088K)] 353361K->231953K(502784K), 0.0007623 secs] [Times: user=0.00 sys=0.00, real=0.00 secs] 
144.349: [Full GC (Ergonomics) [PSYoungGen: 136770K->0K(153088K)] [ParOldGen: 328209K->22528K(349696K)] 464979K->22528K(502784K), [Metaspace: 2796K->2796K(1056768K)], 0.0033089 secs] [Times: user=0.00 sys=0.00, real=0.00 secs] 
146.322: [GC (Allocation Failure) [PSYoungGen: 130628K->10240K(153088K)] 255556K->135168K(502784K), 0.0012328 secs] [Times: user=0.00 sys=0.00, real=0.00 secs] 
147.739: [GC (Allocation Failure) [PSYoungGen: 135749K->15360K(153088K)] 363077K->263168K(502784K), 0.0026825 secs] [Times: user=0.00 sys=0.00, real=0.00 secs] 
147.959: [GC (Allocation Failure) --[PSYoungGen: 89670K->89670K(153088K)] 337478K->388678K(502784K), 0.0046642 secs] [Times: user=0.00 sys=0.00, real=0.00 secs] 
147.963: [Full GC (Ergonomics) [PSYoungGen: 89670K->0K(153088K)] [ParOldGen: 299008K->77329K(349696K)] 388678K->77329K(502784K), [Metaspace: 2796K->2796K(1056768K)], 0.0071332 secs] [Times: user=0.00 sys=0.00, real=0.01 secs] 
148.847: [GC (Allocation Failure) [PSYoungGen: 130623K->10240K(153088K)] 207952K->87569K(502784K), 0.0009458 secs] [Times: user=0.00 sys=0.00, real=0.00 secs] 
150.483: [GC (Allocation Failure) [PSYoungGen: 135728K->15360K(153088K)] 315457K->195089K(502784K), 0.0012873 secs] [Times: user=0.00 sys=0.00, real=0.00 secs] 
151.908: [Full GC (Ergonomics) [PSYoungGen: 140856K->0K(153088K)] [ParOldGen: 282129K->22528K(349696K)] 422985K->22528K(502784K), [Metaspace: 2796K->2796K(1056768K)], 0.0039297 secs] [Times: user=0.00 sys=0.00, real=0.00 secs] 
153.980: [GC (Allocation Failure) [PSYoungGen: 126525K->1024K(153088K)] 251453K->125952K(502784K), 0.0004174 secs] [Times: user=0.00 sys=0.00, real=0.00 secs] 
155.511: [GC (Allocation Failure) [PSYoungGen: 131649K->20480K(153088K)] 358977K->247808K(502784K), 0.0016873 secs] [Times: user=0.00 sys=0.00, real=0.00 secs] 
157.034: [Full GC (Ergonomics) [PSYoungGen: 151107K->0K(153088K)] [ParOldGen: 329728K->47104K(349696K)] 480835K->47104K(502784K), [Metaspace: 2796K->2796K(1056768K)], 0.0048865 secs] [Times: user=0.00 sys=0.00, real=0.01 secs] 
159.113: [GC (Allocation Failure) [PSYoungGen: 130629K->15360K(153088K)] 280133K->216064K(502784K), 0.0048357 secs] [Times: user=0.00 sys=0.00, real=0.00 secs] 
160.534: [Full GC (Ergonomics) [PSYoungGen: 140870K->0K(153088K)] [ParOldGen: 303104K->174609K(349696K)] 443974K->174609K(502784K), [Metaspace: 2796K->2796K(1056768K)], 0.0135225 secs] [Times: user=0.00 sys=0.00, real=0.01 secs] 
162.078: [Full GC (Ergonomics) [PSYoungGen: 125510K->0K(153088K)] [ParOldGen: 277009K->26129K(349696K)] 402519K->26129K(502784K), [Metaspace: 2796K->2796K(1056768K)], 0.0031356 secs] [Times: user=0.00 sys=0.00, real=0.00 secs] 
163.496: [GC (Allocation Failure) [PSYoungGen: 125511K->11264K(153088K)] 254040K->160273K(502784K), 0.0023960 secs] [Times: user=0.00 sys=0.00, real=0.00 secs] 
165.896: [GC (Allocation Failure) [PSYoungGen: 141895K->10240K(153088K)] 393304K->261649K(502784K), 0.0010850 secs] [Times: user=0.00 sys=0.00, real=0.00 secs] 
166.442: [GC (Allocation Failure) [PSYoungGen: 110151K->5120K(153088K)] 361560K->328209K(502784K), 0.0054969 secs] [Times: user=0.00 sys=0.00, real=0.01 secs] 
166.447: [Full GC (Ergonomics) [PSYoungGen: 5120K->0K(153088K)] [ParOldGen: 323089K->77329K(349696K)] 328209K->77329K(502784K), [Metaspace: 2796K->2796K(1056768K)], 0.0067413 secs] [Times: user=0.00 sys=0.00, real=0.01 secs] 
167.330: [GC (Allocation Failure) [PSYoungGen: 130626K->10240K(153088K)] 207955K->87569K(502784K), 0.0010163 secs] [Times: user=0.00 sys=0.00, real=0.00 secs] 
169.184: [GC (Allocation Failure) [PSYoungGen: 130609K->5120K(153088K)] 310339K->184849K(502784K), 0.0007194 secs] [Times: user=0.00 sys=0.00, real=0.00 secs] 
170.601: [Full GC (Ergonomics) [PSYoungGen: 130617K->0K(153088K)] [ParOldGen: 282129K->128529K(349696K)] 412746K->128529K(502784K), [Metaspace: 2796K->2796K(1056768K)], 0.0098319 secs] [Times: user=0.00 sys=0.00, real=0.01 secs] 
172.037: [GC (Allocation Failure) [PSYoungGen: 125502K->6144K(153088K)] 356431K->257553K(502784K), 0.0024481 secs] [Times: user=0.00 sys=0.00, real=0.00 secs] 
172.148: [GC (Allocation Failure) [PSYoungGen: 59969K->6144K(153088K)] 311379K->308753K(502784K), 0.0047591 secs] [Times: user=0.00 sys=0.00, real=0.00 secs] 
172.152: [Full GC (Ergonomics) [PSYoungGen: 6144K->0K(153088K)] [ParOldGen: 302609K->165393K(349696K)] 308753K->165393K(502784K), [Metaspace: 2796K->2796K(1056768K)], 0.0049217 secs] [Times: user=0.00 sys=0.00, real=0.01 secs] 
173.363: [GC (Allocation Failure) [PSYoungGen: 130625K->20480K(153088K)] 296019K->185873K(502784K), 0.0022284 secs] [Times: user=0.00 sys=0.00, real=0.00 secs] 
174.782: [Full GC (Ergonomics) [PSYoungGen: 145969K->0K(153088K)] [ParOldGen: 267793K->26624K(349696K)] 413762K->26624K(502784K), [Metaspace: 2796K->2796K(1056768K)], 0.0033982 secs] [Times: user=0.03 sys=0.00, real=0.00 secs] 
176.197: [GC (Allocation Failure) [PSYoungGen: 125497K->15360K(153088K)] 254521K->144384K(502784K), 0.0012685 secs] [Times: user=0.00 sys=0.00, real=0.00 secs] 
177.726: [GC (Allocation Failure) [PSYoungGen: 105022K->5120K(153088K)] 234046K->154624K(502784K), 0.0022394 secs] [Times: user=0.00 sys=0.00, real=0.00 secs] 
179.140: [GC (Allocation Failure) [PSYoungGen: 130619K->10240K(153088K)] 382523K->333824K(502784K), 0.0057441 secs] [Times: user=0.02 sys=0.00, real=0.00 secs] 
179.146: [Full GC (Ergonomics) [PSYoungGen: 10240K->0K(153088K)] [ParOldGen: 323584K->82449K(349696K)] 333824K->82449K(502784K), [Metaspace: 2796K->2796K(1056768K)], 0.0068779 secs] [Times: user=0.00 sys=0.00, real=0.01 secs] 
181.776: [Full GC (Ergonomics) [PSYoungGen: 122432K->0K(153088K)] [ParOldGen: 287249K->17408K(349696K)] 409681K->17408K(502784K), [Metaspace: 2796K->2796K(1056768K)], 0.0027926 secs] [Times: user=0.00 sys=0.00, real=0.00 secs] 
183.194: [GC (Allocation Failure) [PSYoungGen: 125506K->11264K(153088K)] 245314K->141312K(502784K), 0.0014389 secs] [Times: user=0.00 sys=0.00, real=0.00 secs] 
184.829: [GC (Allocation Failure) [PSYoungGen: 141892K->10240K(153088K)] 374340K->263168K(502784K), 0.0022935 secs] [Times: user=0.00 sys=0.00, real=0.00 secs] 
184.938: [GC (Allocation Failure) [PSYoungGen: 64069K->10240K(153088K)] 316997K->314368K(502784K), 0.0051967 secs] [Times: user=0.00 sys=0.02, real=0.01 secs] 
184.943: [Full GC (Ergonomics) [PSYoungGen: 10240K->0K(153088K)] [ParOldGen: 304128K->61969K(349696K)] 314368K->61969K(502784K), [Metaspace: 2796K->2796K(1056768K)], 0.0058984 secs] [Times: user=0.00 sys=0.00, real=0.00 secs] 
185.831: [GC (Allocation Failure) [PSYoungGen: 130629K->10240K(153088K)] 192598K->72209K(502784K), 0.0010461 secs] [Times: user=0.00 sys=0.00, real=0.00 secs] 
187.351: [GC (Allocation Failure) [PSYoungGen: 140851K->15360K(153088K)] 305221K->200209K(502784K), 0.0028482 secs] [Times: user=0.00 sys=0.00, real=0.00 secs] 
188.876: [GC (Allocation Failure) [PSYoungGen: 140858K->15360K(153088K)] 325708K->200209K(502784K), 0.0012284 secs] [Times: user=0.00 sys=0.00, real=0.00 secs] 
190.299: [Full GC (Ergonomics) [PSYoungGen: 140859K->0K(153088K)] [ParOldGen: 287249K->123409K(349696K)] 428108K->123409K(502784K), [Metaspace: 2796K->2796K(1056768K)], 0.0099539 secs] [Times: user=0.01 sys=0.00, real=0.01 secs] 
192.602: [GC (Allocation Failure) [PSYoungGen: 127551K->6176K(153088K)] 353361K->231985K(502784K), 0.0009334 secs] [Times: user=0.00 sys=0.00, real=0.00 secs] 
194.129: [Full GC (Ergonomics) [PSYoungGen: 136802K->0K(153088K)] [ParOldGen: 328209K->22528K(349696K)] 465011K->22528K(502784K), [Metaspace: 2796K->2796K(1056768K)], 0.0031882 secs] [Times: user=0.00 sys=0.00, real=0.00 secs] 
196.092: [GC (Allocation Failure) [PSYoungGen: 130628K->10240K(153088K)] 255556K->135168K(502784K), 0.0011418 secs] [Times: user=0.00 sys=0.00, real=0.00 secs] 
197.510: [GC (Allocation Failure) [PSYoungGen: 135749K->20480K(153088K)] 363078K->263168K(502784K), 0.0027114 secs] [Times: user=0.00 sys=0.00, real=0.00 secs] 
198.927: [Full GC (Ergonomics) [PSYoungGen: 145990K->0K(153088K)] [ParOldGen: 345088K->92689K(349696K)] 491078K->92689K(502784K), [Metaspace: 2796K->2796K(1056768K)], 0.0080051 secs] [Times: user=0.00 sys=0.00, real=0.01 secs] 
200.470: [GC (Allocation Failure) [PSYoungGen: 130630K->5120K(153088K)] 325720K->220689K(502784K), 0.0023809 secs] [Times: user=0.02 sys=0.00, real=0.00 secs] 
201.879: [Full GC (Ergonomics) [PSYoungGen: 130631K->0K(153088K)] [ParOldGen: 317969K->32768K(349696K)] 448601K->32768K(502784K), [Metaspace: 2796K->2796K(1056768K)], 0.0038279 secs] [Times: user=0.00 sys=0.00, real=0.00 secs] 
204.389: [GC (Allocation Failure) [PSYoungGen: 126535K->10240K(153088K)] 261703K->145408K(502784K), 0.0009184 secs] [Times: user=0.00 sys=0.00, real=0.00 secs] 
205.805: [GC (Allocation Failure) [PSYoungGen: 135751K->20480K(153088K)] 373319K->263168K(502784K), 0.0019112 secs] [Times: user=0.00 sys=0.00, real=0.00 secs] 
207.550: [Full GC (Ergonomics) [PSYoungGen: 151111K->0K(153088K)] [ParOldGen: 345088K->21504K(349696K)] 496199K->21504K(502784K), [Metaspace: 2796K->2796K(1056768K)], 0.0029111 secs] [Times: user=0.00 sys=0.00, real=0.00 secs] 
208.969: [GC (Allocation Failure) [PSYoungGen: 125511K->5120K(153088K)] 249415K->200704K(502784K), 0.0053057 secs] [Times: user=0.00 sys=0.00, real=0.01 secs] 
210.385: [Full GC (Ergonomics) [PSYoungGen: 130631K->0K(153088K)] [ParOldGen: 297984K->184849K(349696K)] 428615K->184849K(502784K), [Metaspace: 2796K->2796K(1056768K)], 0.0148769 secs] [Times: user=0.01 sys=0.00, real=0.01 secs] 
211.823: [Full GC (Ergonomics) [PSYoungGen: 105031K->0K(153088K)] [ParOldGen: 287249K->26624K(349696K)] 392281K->26624K(502784K), [Metaspace: 2796K->2796K(1056768K)], 0.0032493 secs] [Times: user=0.00 sys=0.00, real=0.00 secs] 
213.238: [GC (Allocation Failure) [PSYoungGen: 125511K->11264K(153088K)] 254535K->160768K(502784K), 0.0024681 secs] [Times: user=0.00 sys=0.00, real=0.00 secs] 
215.645: [GC (Allocation Failure) [PSYoungGen: 141895K->10240K(153088K)] 393799K->262144K(502784K), 0.0010896 secs] [Times: user=0.00 sys=0.00, real=0.00 secs] 
216.190: [GC (Allocation Failure) [PSYoungGen: 110151K->5120K(153088K)] 362055K->328704K(502784K), 0.0055209 secs] [Times: user=0.02 sys=0.00, real=0.01 secs] 
216.195: [Full GC (Ergonomics) [PSYoungGen: 5120K->0K(153088K)] [ParOldGen: 323584K->77329K(349696K)] 328704K->77329K(502784K), [Metaspace: 2796K->2796K(1056768K)], 0.0061228 secs] [Times: user=0.00 sys=0.00, real=0.01 secs] 
217.078: [GC (Allocation Failure) [PSYoungGen: 130626K->10240K(153088K)] 207956K->87569K(502784K), 0.0010772 secs] [Times: user=0.00 sys=0.00, real=0.00 secs] 
Heap
 PSYoungGen      total 153088K, used 133241K [0x00000000f5580000, 0x0000000100000000, 0x0000000100000000)
  eden space 131584K, 93% used [0x00000000f5580000,0x00000000fcd9e798,0x00000000fd600000)
  from space 21504K, 47% used [0x00000000fd600000,0x00000000fe000020,0x00000000feb00000)
  to   space 21504K, 0% used [0x00000000feb00000,0x00000000feb00000,0x0000000100000000)
 ParOldGen       total 349696K, used 179729K [0x00000000e0000000, 0x00000000f5580000, 0x00000000f5580000)
  object space 349696K, 51% used [0x00000000e0000000,0x00000000eaf846e8,0x00000000f5580000)
 Metaspace       used 2804K, capacity 4486K, committed 4864K, reserved 1056768K
  class space    used 297K, capacity 386K, committed 512K, reserved 1048576K
