Java HotSpot(TM) 64-Bit Server VM (25.411-b09) for windows-amd64 JRE (1.8.0_411-b09), built on Mar 13 2024 07:26:13 by "java_re" with MS VC++ 17.1 (VS2022)
Memory: 4k page, physical 33403376k(14288912k free), swap 36670664k(7368056k free)
CommandLine flags: -XX:InitialHeapSize=536870912 -XX:MaxHeapSize=536870912 -XX:NewRatio=8 -XX:ParallelGCThreads=6 -XX:+PrintGC -XX:+PrintGCDetails -XX:+PrintGCTimeStamps -XX:SurvivorRatio=8 -XX:-UseAdaptiveSizePolicy -XX:+UseCompressedClassPointers -XX:+UseCompressedOops -XX:-UseLargePagesIndividualAllocation -XX:+UseParallelGC 
1.043: [GC (Allocation Failure) [PSYoungGen: 44871K->5600K(52224K)] 44871K->15992K(518656K), 0.0041792 secs] [Times: user=0.00 sys=0.00, real=0.00 secs] 
1.963: [GC (Allocation Failure) [PSYoungGen: 49520K->1640K(52224K)] 213512K->175872K(518656K), 0.0025927 secs] [Times: user=0.00 sys=0.00, real=0.00 secs] 
2.617: [GC (Allocation Failure) [PSYoungGen: 43519K->5576K(52224K)] 217751K->191072K(518656K), 0.0038447 secs] [Times: user=0.00 sys=0.00, real=0.00 secs] 
3.647: [GC (Allocation Failure) [PSYoungGen: 49500K->1528K(52224K)] 388596K->350864K(518656K), 0.0026983 secs] [Times: user=0.00 sys=0.00, real=0.00 secs] 
5.071: [GC (Allocation Failure) [PSYoungGen: 44434K->5624K(52224K)] 393770K->360080K(518656K), 0.0020934 secs] [Times: user=0.00 sys=0.00, real=0.00 secs] 
5.509: [GC (Allocation Failure) [PSYoungGen: 37262K->5608K(52224K)] 391718K->380544K(518656K), 0.0050546 secs] [Times: user=0.02 sys=0.00, real=0.00 secs] 
5.742: [GC (Allocation Failure) [PSYoungGen: 27001K->5616K(52224K)] 453138K->431808K(518656K), 0.0009346 secs] [Times: user=0.00 sys=0.00, real=0.00 secs] 
5.743: [GC (Allocation Failure) [PSYoungGen: 5616K->5560K(52224K)] 431808K->431752K(518656K), 0.0008379 secs] [Times: user=0.00 sys=0.00, real=0.00 secs] 
5.744: [Full GC (Allocation Failure) [PSYoungGen: 5560K->0K(52224K)] [ParOldGen: 426192K->67088K(466432K)] 431752K->67088K(518656K), [Metaspace: 2753K->2753K(1056768K)], 0.0097164 secs] [Times: user=0.00 sys=0.00, real=0.01 secs] 
6.850: [GC (Allocation Failure) [PSYoungGen: 43921K->5120K(52224K)] 213410K->184848K(518656K), 0.0012984 secs] [Times: user=0.00 sys=0.00, real=0.00 secs] 
7.722: [GC (Allocation Failure) [PSYoungGen: 49514K->5152K(52224K)] 382843K->364088K(518656K), 0.0027263 secs] [Times: user=0.00 sys=0.00, real=0.00 secs] 
8.594: [GC (Allocation Failure) [PSYoungGen: 31676K->32K(52224K)] 441813K->410168K(518656K), 0.0009793 secs] [Times: user=0.00 sys=0.00, real=0.00 secs] 
8.595: [GC (Allocation Failure) [PSYoungGen: 32K->32K(52224K)] 410168K->410168K(518656K), 0.0008574 secs] [Times: user=0.00 sys=0.00, real=0.00 secs] 
8.596: [Full GC (Allocation Failure) [PSYoungGen: 32K->0K(52224K)] [ParOldGen: 410136K->51728K(466432K)] 410168K->51728K(518656K), [Metaspace: 2759K->2759K(1056768K)], 0.0050066 secs] [Times: user=0.00 sys=0.00, real=0.00 secs] 
9.700: [GC (Allocation Failure) [PSYoungGen: 43935K->5120K(52224K)] 198063K->169488K(518656K), 0.0013918 secs] [Times: user=0.02 sys=0.00, real=0.00 secs] 
10.571: [GC (Allocation Failure) [PSYoungGen: 49056K->5120K(52224K)] 367025K->328208K(518656K), 0.0010425 secs] [Times: user=0.00 sys=0.00, real=0.00 secs] 
11.229: [GC (Allocation Failure) [PSYoungGen: 47009K->5120K(52224K)] 370098K->338448K(518656K), 0.0013987 secs] [Times: user=0.00 sys=0.00, real=0.00 secs] 
11.446: [GC (Allocation Failure) [PSYoungGen: 26523K->5120K(52224K)] 411052K->389649K(518656K), 0.0008943 secs] [Times: user=0.00 sys=0.00, real=0.00 secs] 
11.447: [GC (Allocation Failure) [PSYoungGen: 5120K->5120K(52224K)] 389649K->389649K(518656K), 0.0009663 secs] [Times: user=0.00 sys=0.00, real=0.00 secs] 
11.448: [Full GC (Allocation Failure) [PSYoungGen: 5120K->0K(52224K)] [ParOldGen: 384528K->215568K(466432K)] 389649K->215568K(518656K), [Metaspace: 2761K->2761K(1056768K)], 0.0115638 secs] [Times: user=0.00 sys=0.00, real=0.01 secs] 
12.664: [GC (Allocation Failure) [PSYoungGen: 32970K->5152K(52224K)] 350939K->333368K(518656K), 0.0015087 secs] [Times: user=0.00 sys=0.00, real=0.00 secs] 
12.881: [GC (Allocation Failure) [PSYoungGen: 26558K->5184K(52224K)] 405975K->384601K(518656K), 0.0009249 secs] [Times: user=0.00 sys=0.00, real=0.00 secs] 
12.882: [GC (Allocation Failure) [PSYoungGen: 5184K->5152K(52224K)] 384601K->384569K(518656K), 0.0007740 secs] [Times: user=0.00 sys=0.00, real=0.00 secs] 
12.883: [Full GC (Allocation Failure) [PSYoungGen: 5152K->0K(52224K)] [ParOldGen: 379416K->56849K(466432K)] 384569K->56849K(518656K), [Metaspace: 2763K->2763K(1056768K)], 0.0053485 secs] [Times: user=0.00 sys=0.00, real=0.01 secs] 
13.988: [GC (Allocation Failure) [PSYoungGen: 43934K->1024K(52224K)] 203183K->180753K(518656K), 0.0014003 secs] [Times: user=0.00 sys=0.00, real=0.00 secs] 
14.861: [GC (Allocation Failure) [PSYoungGen: 44960K->5120K(52224K)] 378289K->344593K(518656K), 0.0010399 secs] [Times: user=0.00 sys=0.00, real=0.00 secs] 
16.067: [GC (Allocation Failure) [PSYoungGen: 47009K->0K(52224K)] 386482K->349713K(518656K), 0.0012253 secs] [Times: user=0.00 sys=0.00, real=0.00 secs] 
16.828: [GC (Allocation Failure) [PSYoungGen: 41883K->5120K(52224K)] 391596K->365073K(518656K), 0.0015189 secs] [Times: user=0.00 sys=0.00, real=0.00 secs] 
17.154: [GC (Allocation Failure) [PSYoungGen: 36759K->5120K(52224K)] 447912K->436753K(518656K), 0.0038650 secs] [Times: user=0.00 sys=0.00, real=0.00 secs] 
17.158: [Full GC (Ergonomics) [PSYoungGen: 5120K->0K(52224K)] [ParOldGen: 431633K->77329K(466432K)] 436753K->77329K(518656K), [Metaspace: 2768K->2768K(1056768K)], 0.0065893 secs] [Times: user=0.00 sys=0.00, real=0.01 secs] 
18.255: [GC (Allocation Failure) [PSYoungGen: 43931K->5120K(52224K)] 223660K->195089K(518656K), 0.0013627 secs] [Times: user=0.00 sys=0.00, real=0.00 secs] 
19.128: [GC (Allocation Failure) [PSYoungGen: 49054K->5120K(52224K)] 392623K->353809K(518656K), 0.0011213 secs] [Times: user=0.00 sys=0.00, real=0.00 secs] 
20.000: [GC (Allocation Failure) [PSYoungGen: 16288K->0K(52224K)] 416177K->399889K(518656K), 0.0008679 secs] [Times: user=0.00 sys=0.00, real=0.00 secs] 
20.001: [GC (Allocation Failure) [PSYoungGen: 0K->0K(52224K)] 399889K->399889K(518656K), 0.0008994 secs] [Times: user=0.00 sys=0.00, real=0.00 secs] 
20.002: [Full GC (Allocation Failure) [PSYoungGen: 0K->0K(52224K)] [ParOldGen: 399889K->51729K(466432K)] 399889K->51729K(518656K), [Metaspace: 2770K->2770K(1056768K)], 0.0046785 secs] [Times: user=0.00 sys=0.00, real=0.00 secs] 
21.104: [GC (Allocation Failure) [PSYoungGen: 43936K->5120K(52224K)] 198065K->169489K(518656K), 0.0014766 secs] [Times: user=0.00 sys=0.00, real=0.00 secs] 
21.977: [GC (Allocation Failure) [PSYoungGen: 49057K->5120K(52224K)] 367026K->329233K(518656K), 0.0014116 secs] [Times: user=0.00 sys=0.00, real=0.00 secs] 
22.633: [GC (Allocation Failure) [PSYoungGen: 47010K->5120K(52224K)] 371123K->339473K(518656K), 0.0016254 secs] [Times: user=0.00 sys=0.00, real=0.00 secs] 
22.849: [GC (Allocation Failure) [PSYoungGen: 26523K->5120K(52224K)] 412076K->390673K(518656K), 0.0007871 secs] [Times: user=0.00 sys=0.00, real=0.00 secs] 
22.850: [GC (Allocation Failure) [PSYoungGen: 5120K->5120K(52224K)] 390673K->390673K(518656K), 0.0008763 secs] [Times: user=0.00 sys=0.00, real=0.00 secs] 
22.851: [Full GC (Allocation Failure) [PSYoungGen: 5120K->0K(52224K)] [ParOldGen: 385553K->165393K(466432K)] 390673K->165393K(518656K), [Metaspace: 2779K->2779K(1056768K)], 0.0122349 secs] [Times: user=0.00 sys=0.00, real=0.01 secs] 
24.068: [GC (Allocation Failure) [PSYoungGen: 28571K->0K(52224K)] 296364K->288273K(518656K), 0.0017903 secs] [Times: user=0.00 sys=0.00, real=0.00 secs] 
25.049: [Full GC (Ergonomics) [PSYoungGen: 43934K->0K(52224K)] [ParOldGen: 441873K->21009K(466432K)] 485807K->21009K(518656K), [Metaspace: 2779K->2779K(1056768K)], 0.0037711 secs] [Times: user=0.00 sys=0.00, real=0.00 secs] 
25.486: [GC (Allocation Failure) [PSYoungGen: 31648K->0K(52224K)] 52657K->41489K(518656K), 0.0014640 secs] [Times: user=0.00 sys=0.00, real=0.00 secs] 
26.468: [GC (Allocation Failure) [PSYoungGen: 43928K->5120K(52224K)] 239017K->205329K(518656K), 0.0009606 secs] [Times: user=0.00 sys=0.00, real=0.00 secs] 
26.903: [GC (Allocation Failure) [PSYoungGen: 36764K->5120K(52224K)] 236973K->215569K(518656K), 0.0013816 secs] [Times: user=0.02 sys=0.00, real=0.00 secs] 
27.992: [GC (Allocation Failure) [PSYoungGen: 46997K->5120K(52224K)] 257446K->220689K(518656K), 0.0011647 secs] [Times: user=0.00 sys=0.00, real=0.00 secs] 
28.319: [GC (Allocation Failure) [PSYoungGen: 31832K->5152K(52224K)] 247401K->230969K(518656K), 0.0014472 secs] [Times: user=0.00 sys=0.00, real=0.00 secs] 
29.303: [GC (Allocation Failure) [PSYoungGen: 49067K->5152K(52224K)] 428484K->394809K(518656K), 0.0012348 secs] [Times: user=0.00 sys=0.00, real=0.00 secs] 
29.739: [GC (Allocation Failure) [PSYoungGen: 36788K->64K(52224K)] 426445K->399961K(518656K), 0.0014562 secs] [Times: user=0.00 sys=0.00, real=0.00 secs] 
29.958: [Full GC (Ergonomics) [PSYoungGen: 21456K->0K(52224K)] [ParOldGen: 451097K->113169K(466432K)] 472553K->113169K(518656K), [Metaspace: 2793K->2793K(1056768K)], 0.0091479 secs] [Times: user=0.02 sys=0.00, real=0.01 secs] 
32.045: [GC (Allocation Failure) [PSYoungGen: 45968K->5120K(52224K)] 363937K->324113K(518656K), 0.0010750 secs] [Times: user=0.00 sys=0.00, real=0.00 secs] 
32.589: [GC (Allocation Failure) [PSYoungGen: 41879K->5120K(52224K)] 360872K->334353K(518656K), 0.0014101 secs] [Times: user=0.00 sys=0.00, real=0.00 secs] 
32.809: [GC (Allocation Failure) [PSYoungGen: 26515K->5120K(52224K)] 406948K->385553K(518656K), 0.0009704 secs] [Times: user=0.00 sys=0.00, real=0.00 secs] 
32.810: [GC (Allocation Failure) [PSYoungGen: 5120K->5120K(52224K)] 385553K->385553K(518656K), 0.0007929 secs] [Times: user=0.00 sys=0.00, real=0.00 secs] 
32.810: [Full GC (Allocation Failure) [PSYoungGen: 5120K->0K(52224K)] [ParOldGen: 380433K->57873K(466432K)] 385553K->57873K(518656K), [Metaspace: 2793K->2793K(1056768K)], 0.0052179 secs] [Times: user=0.00 sys=0.00, real=0.00 secs] 
33.922: [GC (Allocation Failure) [PSYoungGen: 43923K->1024K(52224K)] 204196K->181777K(518656K), 0.0016530 secs] [Times: user=0.00 sys=0.00, real=0.00 secs] 
35.234: [GC (Allocation Failure) [PSYoungGen: 39833K->5120K(52224K)] 374186K->339473K(518656K), 0.0007996 secs] [Times: user=0.00 sys=0.00, real=0.00 secs] 
35.674: [GC (Allocation Failure) [PSYoungGen: 47004K->0K(52224K)] 432558K->395793K(518656K), 0.0016298 secs] [Times: user=0.00 sys=0.00, real=0.00 secs] 
35.676: [GC (Allocation Failure) [PSYoungGen: 0K->0K(52224K)] 395793K->395793K(518656K), 0.0011413 secs] [Times: user=0.00 sys=0.00, real=0.00 secs] 
35.677: [Full GC (Allocation Failure) [PSYoungGen: 0K->0K(52224K)] [ParOldGen: 395793K->61969K(466432K)] 395793K->61969K(518656K), [Metaspace: 2793K->2793K(1056768K)], 0.0056654 secs] [Times: user=0.00 sys=0.00, real=0.01 secs] 
36.780: [GC (Allocation Failure) [PSYoungGen: 43935K->5120K(52224K)] 208304K->179729K(518656K), 0.0015846 secs] [Times: user=0.00 sys=0.00, real=0.00 secs] 
37.652: [GC (Allocation Failure) [PSYoungGen: 49057K->5120K(52224K)] 377266K->358929K(518656K), 0.0024361 secs] [Times: user=0.00 sys=0.00, real=0.00 secs] 
38.306: [GC (Allocation Failure) [PSYoungGen: 47010K->5120K(52224K)] 400819K->369169K(518656K), 0.0013468 secs] [Times: user=0.00 sys=0.00, real=0.00 secs] 
39.506: [GC (Allocation Failure) [PSYoungGen: 47003K->5120K(52224K)] 462252K->425489K(518656K), 0.0012880 secs] [Times: user=0.00 sys=0.00, real=0.00 secs] 
39.833: [GC (Allocation Failure) [PSYoungGen: 47006K->0K(52224K)] 467375K->440849K(518656K), 0.0023292 secs] [Times: user=0.00 sys=0.00, real=0.00 secs] 
39.835: [Full GC (Ergonomics) [PSYoungGen: 0K->0K(52224K)] [ParOldGen: 440849K->26129K(466432K)] 440849K->26129K(518656K), [Metaspace: 2793K->2793K(1056768K)], 0.0036397 secs] [Times: user=0.00 sys=0.00, real=0.00 secs] 
41.033: [GC (Allocation Failure) [PSYoungGen: 43929K->5120K(52224K)] 223658K->195089K(518656K), 0.0015816 secs] [Times: user=0.00 sys=0.00, real=0.00 secs] 
41.903: [GC (Allocation Failure) [PSYoungGen: 49052K->5120K(52224K)] 392622K->354833K(518656K), 0.0010774 secs] [Times: user=0.00 sys=0.00, real=0.00 secs] 
43.541: [GC (Allocation Failure) [PSYoungGen: 49055K->5120K(52224K)] 398768K->355857K(518656K), 0.0009831 secs] [Times: user=0.00 sys=0.00, real=0.00 secs] 
43.979: [GC (Allocation Failure) [PSYoungGen: 36762K->0K(52224K)] 387499K->371217K(518656K), 0.0016463 secs] [Times: user=0.00 sys=0.00, real=0.00 secs] 
44.196: [GC (Allocation Failure) [PSYoungGen: 21396K->0K(52224K)] 443813K->422417K(518656K), 0.0011471 secs] [Times: user=0.00 sys=0.00, real=0.00 secs] 
44.197: [Full GC (Ergonomics) [PSYoungGen: 0K->0K(52224K)] [ParOldGen: 422417K->62993K(466432K)] 422417K->62993K(518656K), [Metaspace: 2795K->2795K(1056768K)], 0.0059880 secs] [Times: user=0.00 sys=0.00, real=0.01 secs] 
45.304: [GC (Allocation Failure) [PSYoungGen: 43924K->5120K(52224K)] 209317K->180753K(518656K), 0.0014406 secs] [Times: user=0.00 sys=0.00, real=0.00 secs] 
46.722: [GC (Allocation Failure) [PSYoungGen: 49049K->5120K(52224K)] 378283K->334353K(518656K), 0.0009013 secs] [Times: user=0.00 sys=0.00, real=0.00 secs] 
47.050: [GC (Allocation Failure) [PSYoungGen: 36765K->0K(52224K)] 417198K->400913K(518656K), 0.0021684 secs] [Times: user=0.00 sys=0.00, real=0.00 secs] 
47.053: [GC (Allocation Failure) [PSYoungGen: 0K->0K(52224K)] 400913K->400913K(518656K), 0.0011269 secs] [Times: user=0.00 sys=0.00, real=0.00 secs] 
47.054: [Full GC (Allocation Failure) [PSYoungGen: 0K->0K(52224K)] [ParOldGen: 400913K->72209K(466432K)] 400913K->72209K(518656K), [Metaspace: 2795K->2795K(1056768K)], 0.0058989 secs] [Times: user=0.00 sys=0.00, real=0.01 secs] 
48.162: [GC (Allocation Failure) [PSYoungGen: 43935K->5120K(52224K)] 218545K->189969K(518656K), 0.0015111 secs] [Times: user=0.00 sys=0.00, real=0.00 secs] 
49.033: [GC (Allocation Failure) [PSYoungGen: 49057K->5120K(52224K)] 387506K->348689K(518656K), 0.0009659 secs] [Times: user=0.00 sys=0.00, real=0.00 secs] 
49.691: [GC (Allocation Failure) [PSYoungGen: 47010K->5120K(52224K)] 390579K->358929K(518656K), 0.0013890 secs] [Times: user=0.00 sys=0.00, real=0.00 secs] 
49.912: [GC (Allocation Failure) [PSYoungGen: 26523K->5120K(52224K)] 431532K->410129K(518656K), 0.0012578 secs] [Times: user=0.00 sys=0.00, real=0.00 secs] 
49.913: [GC (Allocation Failure) [PSYoungGen: 5120K->5120K(52224K)] 410129K->410129K(518656K), 0.0011361 secs] [Times: user=0.00 sys=0.00, real=0.00 secs] 
49.915: [Full GC (Allocation Failure) [PSYoungGen: 5120K->0K(52224K)] [ParOldGen: 405009K->133649K(466432K)] 410129K->133649K(518656K), [Metaspace: 2795K->2795K(1056768K)], 0.0116055 secs] [Times: user=0.00 sys=0.00, real=0.01 secs] 
51.130: [GC (Allocation Failure) [PSYoungGen: 36763K->5120K(52224K)] 272812K->251409K(518656K), 0.0014523 secs] [Times: user=0.00 sys=0.00, real=0.00 secs] 
52.117: [GC (Allocation Failure) [PSYoungGen: 49054K->5120K(52224K)] 448943K->411153K(518656K), 0.0012371 secs] [Times: user=0.00 sys=0.00, real=0.00 secs] 
52.551: [GC (Allocation Failure) [PSYoungGen: 36768K->5120K(52224K)] 442801K->421393K(518656K), 0.0015910 secs] [Times: user=0.00 sys=0.00, real=0.00 secs] 
52.661: [GC (Allocation Failure) [PSYoungGen: 26520K->5120K(52224K)] 442793K->441873K(518656K), 0.0023157 secs] [Times: user=0.00 sys=0.00, real=0.00 secs] 
52.663: [Full GC (Ergonomics) [PSYoungGen: 5120K->0K(52224K)] [ParOldGen: 436753K->32273K(466432K)] 441873K->32273K(518656K), [Metaspace: 2795K->2795K(1056768K)], 0.0038901 secs] [Times: user=0.00 sys=0.00, real=0.00 secs] 
54.516: [GC (Allocation Failure) [PSYoungGen: 44952K->1024K(52224K)] 230825K->186897K(518656K), 0.0005051 secs] [Times: user=0.00 sys=0.00, real=0.00 secs] 
55.281: [GC (Allocation Failure) [PSYoungGen: 42908K->5120K(52224K)] 228781K->201233K(518656K), 0.0015299 secs] [Times: user=0.00 sys=0.00, real=0.00 secs] 
56.155: [GC (Allocation Failure) [PSYoungGen: 49047K->5120K(52224K)] 398761K->375313K(518656K), 0.0021671 secs] [Times: user=0.00 sys=0.00, real=0.00 secs] 
56.809: [GC (Allocation Failure) [PSYoungGen: 47004K->0K(52224K)] 417197K->380433K(518656K), 0.0014373 secs] [Times: user=0.00 sys=0.00, real=0.00 secs] 
57.028: [GC (Allocation Failure) [PSYoungGen: 21399K->0K(52224K)] 453033K->452113K(518656K), 0.0023400 secs] [Times: user=0.00 sys=0.00, real=0.00 secs] 
57.031: [Full GC (Ergonomics) [PSYoungGen: 0K->0K(52224K)] [ParOldGen: 452113K->92689K(466432K)] 452113K->92689K(518656K), [Metaspace: 2796K->2796K(1056768K)], 0.0078576 secs] [Times: user=0.00 sys=0.00, real=0.01 secs] 
58.893: [GC (Allocation Failure) [PSYoungGen: 45975K->5120K(52224K)] 394665K->353809K(518656K), 0.0009480 secs] [Times: user=0.00 sys=0.00, real=0.00 secs] 
59.548: [GC (Allocation Failure) [PSYoungGen: 41883K->5120K(52224K)] 390573K->364049K(518656K), 0.0016211 secs] [Times: user=0.00 sys=0.00, real=0.00 secs] 
59.877: [GC (Allocation Failure) [PSYoungGen: 36758K->5120K(52224K)] 446888K->415249K(518656K), 0.0009034 secs] [Times: user=0.00 sys=0.00, real=0.00 secs] 
59.878: [GC (Allocation Failure) [PSYoungGen: 5120K->5120K(52224K)] 415249K->415249K(518656K), 0.0008876 secs] [Times: user=0.00 sys=0.00, real=0.00 secs] 
59.879: [Full GC (Allocation Failure) [PSYoungGen: 5120K->0K(52224K)] [ParOldGen: 410129K->108049K(466432K)] 415249K->108049K(518656K), [Metaspace: 2796K->2796K(1056768K)], 0.0084250 secs] [Times: user=0.00 sys=0.00, real=0.01 secs] 
60.982: [GC (Allocation Failure) [PSYoungGen: 43931K->5120K(52224K)] 254380K->225809K(518656K), 0.0014811 secs] [Times: user=0.00 sys=0.00, real=0.00 secs] 
62.289: [GC (Allocation Failure) [PSYoungGen: 48030K->5120K(52224K)] 422319K->384529K(518656K), 0.0011622 secs] [Times: user=0.00 sys=0.00, real=0.00 secs] 
62.726: [Full GC (Ergonomics) [PSYoungGen: 47008K->0K(52224K)] [ParOldGen: 430609K->56849K(466432K)] 477617K->56849K(518656K), [Metaspace: 2796K->2796K(1056768K)], 0.0053572 secs] [Times: user=0.00 sys=0.00, real=0.00 secs] 
63.818: [GC (Allocation Failure) [PSYoungGen: 43937K->1024K(52224K)] 203186K->180753K(518656K), 0.0016729 secs] [Times: user=0.00 sys=0.00, real=0.00 secs] 
64.694: [GC (Allocation Failure) [PSYoungGen: 44962K->5120K(52224K)] 378291K->344593K(518656K), 0.0010644 secs] [Times: user=0.00 sys=0.00, real=0.00 secs] 
65.895: [GC (Allocation Failure) [PSYoungGen: 47010K->0K(52224K)] 386484K->349713K(518656K), 0.0012377 secs] [Times: user=0.00 sys=0.00, real=0.00 secs] 
66.657: [GC (Allocation Failure) [PSYoungGen: 41884K->5120K(52224K)] 391597K->365073K(518656K), 0.0016873 secs] [Times: user=0.00 sys=0.00, real=0.00 secs] 
66.984: [GC (Allocation Failure) [PSYoungGen: 36759K->5120K(52224K)] 447913K->436753K(518656K), 0.0025269 secs] [Times: user=0.00 sys=0.00, real=0.00 secs] 
66.986: [Full GC (Ergonomics) [PSYoungGen: 5120K->0K(52224K)] [ParOldGen: 431633K->77329K(466432K)] 436753K->77329K(518656K), [Metaspace: 2796K->2796K(1056768K)], 0.0062846 secs] [Times: user=0.00 sys=0.00, real=0.01 secs] 
68.091: [GC (Allocation Failure) [PSYoungGen: 43932K->5120K(52224K)] 223661K->195089K(518656K), 0.0014209 secs] [Times: user=0.00 sys=0.00, real=0.00 secs] 
68.962: [GC (Allocation Failure) [PSYoungGen: 49054K->5120K(52224K)] 392624K->353809K(518656K), 0.0010216 secs] [Times: user=0.00 sys=0.00, real=0.00 secs] 
69.833: [GC (Allocation Failure) [PSYoungGen: 16288K->0K(52224K)] 416177K->399889K(518656K), 0.0009315 secs] [Times: user=0.00 sys=0.00, real=0.00 secs] 
69.834: [GC (Allocation Failure) [PSYoungGen: 0K->0K(52224K)] 399889K->399889K(518656K), 0.0008126 secs] [Times: user=0.00 sys=0.00, real=0.00 secs] 
69.835: [Full GC (Allocation Failure) [PSYoungGen: 0K->0K(52224K)] [ParOldGen: 399889K->51729K(466432K)] 399889K->51729K(518656K), [Metaspace: 2796K->2796K(1056768K)], 0.0048469 secs] [Times: user=0.00 sys=0.00, real=0.00 secs] 
70.938: [GC (Allocation Failure) [PSYoungGen: 43936K->5120K(52224K)] 198065K->169489K(518656K), 0.0013543 secs] [Times: user=0.00 sys=0.00, real=0.00 secs] 
71.810: [GC (Allocation Failure) [PSYoungGen: 49057K->5120K(52224K)] 367027K->329233K(518656K), 0.0010790 secs] [Times: user=0.00 sys=0.00, real=0.00 secs] 
72.468: [GC (Allocation Failure) [PSYoungGen: 47010K->5120K(52224K)] 371123K->339473K(518656K), 0.0014975 secs] [Times: user=0.00 sys=0.00, real=0.00 secs] 
72.686: [GC (Allocation Failure) [PSYoungGen: 26523K->5120K(52224K)] 412077K->390673K(518656K), 0.0010379 secs] [Times: user=0.00 sys=0.00, real=0.00 secs] 
72.687: [GC (Allocation Failure) [PSYoungGen: 5120K->5120K(52224K)] 390673K->390673K(518656K), 0.0008167 secs] [Times: user=0.00 sys=0.00, real=0.00 secs] 
72.688: [Full GC (Allocation Failure) [PSYoungGen: 5120K->0K(52224K)] [ParOldGen: 385553K->165393K(466432K)] 390673K->165393K(518656K), [Metaspace: 2796K->2796K(1056768K)], 0.0126480 secs] [Times: user=0.00 sys=0.00, real=0.01 secs] 
73.901: [GC (Allocation Failure) [PSYoungGen: 28571K->0K(52224K)] 296365K->288273K(518656K), 0.0017445 secs] [Times: user=0.00 sys=0.00, real=0.00 secs] 
74.886: [Full GC (Ergonomics) [PSYoungGen: 43934K->0K(52224K)] [ParOldGen: 441873K->21009K(466432K)] 485808K->21009K(518656K), [Metaspace: 2796K->2796K(1056768K)], 0.0031503 secs] [Times: user=0.00 sys=0.00, real=0.00 secs] 
75.320: [GC (Allocation Failure) [PSYoungGen: 31648K->0K(52224K)] 52657K->41489K(518656K), 0.0013483 secs] [Times: user=0.00 sys=0.00, real=0.00 secs] 
76.302: [GC (Allocation Failure) [PSYoungGen: 43928K->5120K(52224K)] 239017K->205329K(518656K), 0.0010582 secs] [Times: user=0.00 sys=0.00, real=0.00 secs] 
76.735: [GC (Allocation Failure) [PSYoungGen: 36764K->0K(52224K)] 236973K->210449K(518656K), 0.0014015 secs] [Times: user=0.00 sys=0.00, real=0.00 secs] 
77.828: [GC (Allocation Failure) [PSYoungGen: 41877K->5120K(52224K)] 252326K->220689K(518656K), 0.0014104 secs] [Times: user=0.00 sys=0.00, real=0.00 secs] 
78.157: [GC (Allocation Failure) [PSYoungGen: 31635K->5120K(52224K)] 247204K->230929K(518656K), 0.0013281 secs] [Times: user=0.00 sys=0.00, real=0.00 secs] 
79.136: [GC (Allocation Failure) [PSYoungGen: 49038K->5120K(52224K)] 428447K->394769K(518656K), 0.0012541 secs] [Times: user=0.00 sys=0.00, real=0.00 secs] 
79.574: [GC (Allocation Failure) [PSYoungGen: 36757K->0K(52224K)] 426407K->399889K(518656K), 0.0014848 secs] [Times: user=0.00 sys=0.00, real=0.00 secs] 
79.793: [Full GC (Ergonomics) [PSYoungGen: 21393K->0K(52224K)] [ParOldGen: 451089K->113169K(466432K)] 472482K->113169K(518656K), [Metaspace: 2796K->2796K(1056768K)], 0.0088415 secs] [Times: user=0.03 sys=0.00, real=0.01 secs] 
81.883: [GC (Allocation Failure) [PSYoungGen: 45969K->5120K(52224K)] 363938K->324113K(518656K), 0.0008911 secs] [Times: user=0.00 sys=0.00, real=0.00 secs] 
82.428: [GC (Allocation Failure) [PSYoungGen: 41879K->5120K(52224K)] 360873K->334353K(518656K), 0.0016055 secs] [Times: user=0.00 sys=0.00, real=0.00 secs] 
82.645: [GC (Allocation Failure) [PSYoungGen: 26515K->5120K(52224K)] 406949K->385553K(518656K), 0.0009786 secs] [Times: user=0.00 sys=0.00, real=0.00 secs] 
82.646: [GC (Allocation Failure) [PSYoungGen: 5120K->5120K(52224K)] 385553K->385553K(518656K), 0.0008104 secs] [Times: user=0.00 sys=0.00, real=0.00 secs] 
82.647: [Full GC (Allocation Failure) [PSYoungGen: 5120K->0K(52224K)] [ParOldGen: 380433K->57873K(466432K)] 385553K->57873K(518656K), [Metaspace: 2796K->2796K(1056768K)], 0.0053538 secs] [Times: user=0.00 sys=0.00, real=0.01 secs] 
83.755: [GC (Allocation Failure) [PSYoungGen: 43923K->1024K(52224K)] 204197K->181777K(518656K), 0.0014961 secs] [Times: user=0.00 sys=0.00, real=0.00 secs] 
85.065: [GC (Allocation Failure) [PSYoungGen: 39833K->5120K(52224K)] 374186K->339473K(518656K), 0.0009086 secs] [Times: user=0.00 sys=0.00, real=0.00 secs] 
85.501: [GC (Allocation Failure) [PSYoungGen: 47005K->0K(52224K)] 432558K->395793K(518656K), 0.0014367 secs] [Times: user=0.00 sys=0.00, real=0.00 secs] 
85.503: [GC (Allocation Failure) [PSYoungGen: 0K->0K(52224K)] 395793K->395793K(518656K), 0.0008236 secs] [Times: user=0.00 sys=0.00, real=0.00 secs] 
85.504: [Full GC (Allocation Failure) [PSYoungGen: 0K->0K(52224K)] [ParOldGen: 395793K->61969K(466432K)] 395793K->61969K(518656K), [Metaspace: 2796K->2796K(1056768K)], 0.0060334 secs] [Times: user=0.00 sys=0.00, real=0.01 secs] 
86.609: [GC (Allocation Failure) [PSYoungGen: 43935K->5120K(52224K)] 208304K->179729K(518656K), 0.0014494 secs] [Times: user=0.00 sys=0.00, real=0.00 secs] 
87.482: [GC (Allocation Failure) [PSYoungGen: 49057K->5120K(52224K)] 377266K->358929K(518656K), 0.0027859 secs] [Times: user=0.00 sys=0.00, real=0.00 secs] 
88.135: [GC (Allocation Failure) [PSYoungGen: 47010K->5120K(52224K)] 400819K->369169K(518656K), 0.0015231 secs] [Times: user=0.00 sys=0.00, real=0.00 secs] 
89.337: [GC (Allocation Failure) [PSYoungGen: 47003K->5120K(52224K)] 462252K->425489K(518656K), 0.0011837 secs] [Times: user=0.00 sys=0.00, real=0.00 secs] 
89.663: [GC (Allocation Failure) [PSYoungGen: 47006K->0K(52224K)] 467375K->440849K(518656K), 0.0020330 secs] [Times: user=0.00 sys=0.00, real=0.00 secs] 
89.665: [Full GC (Ergonomics) [PSYoungGen: 0K->0K(52224K)] [ParOldGen: 440849K->26129K(466432K)] 440849K->26129K(518656K), [Metaspace: 2796K->2796K(1056768K)], 0.0037582 secs] [Times: user=0.00 sys=0.00, real=0.00 secs] 
90.869: [GC (Allocation Failure) [PSYoungGen: 43929K->5120K(52224K)] 223658K->195089K(518656K), 0.0014781 secs] [Times: user=0.00 sys=0.00, real=0.00 secs] 
91.746: [GC (Allocation Failure) [PSYoungGen: 49052K->5120K(52224K)] 392622K->354833K(518656K), 0.0012961 secs] [Times: user=0.00 sys=0.00, real=0.00 secs] 
93.384: [GC (Allocation Failure) [PSYoungGen: 49055K->5120K(52224K)] 398768K->355857K(518656K), 0.0009421 secs] [Times: user=0.00 sys=0.00, real=0.00 secs] 
93.821: [GC (Allocation Failure) [PSYoungGen: 36762K->0K(52224K)] 387499K->371217K(518656K), 0.0019417 secs] [Times: user=0.00 sys=0.00, real=0.00 secs] 
94.040: [GC (Allocation Failure) [PSYoungGen: 21396K->0K(52224K)] 443813K->422417K(518656K), 0.0008498 secs] [Times: user=0.00 sys=0.00, real=0.00 secs] 
94.041: [Full GC (Ergonomics) [PSYoungGen: 0K->0K(52224K)] [ParOldGen: 422417K->62993K(466432K)] 422417K->62993K(518656K), [Metaspace: 2796K->2796K(1056768K)], 0.0055607 secs] [Times: user=0.01 sys=0.00, real=0.01 secs] 
95.149: [GC (Allocation Failure) [PSYoungGen: 43924K->5120K(52224K)] 209317K->180753K(518656K), 0.0014752 secs] [Times: user=0.00 sys=0.00, real=0.00 secs] 
96.566: [GC (Allocation Failure) [PSYoungGen: 49049K->5120K(52224K)] 378283K->334353K(518656K), 0.0011503 secs] [Times: user=0.00 sys=0.00, real=0.00 secs] 
96.894: [GC (Allocation Failure) [PSYoungGen: 36765K->0K(52224K)] 417198K->400913K(518656K), 0.0021592 secs] [Times: user=0.00 sys=0.00, real=0.00 secs] 
96.897: [GC (Allocation Failure) [PSYoungGen: 0K->0K(52224K)] 400913K->400913K(518656K), 0.0009414 secs] [Times: user=0.00 sys=0.00, real=0.00 secs] 
96.898: [Full GC (Allocation Failure) [PSYoungGen: 0K->0K(52224K)] [ParOldGen: 400913K->72209K(466432K)] 400913K->72209K(518656K), [Metaspace: 2796K->2796K(1056768K)], 0.0060691 secs] [Times: user=0.00 sys=0.00, real=0.01 secs] 
98.000: [GC (Allocation Failure) [PSYoungGen: 43935K->5120K(52224K)] 218545K->189969K(518656K), 0.0014257 secs] [Times: user=0.00 sys=0.00, real=0.00 secs] 
98.875: [GC (Allocation Failure) [PSYoungGen: 49057K->5120K(52224K)] 387506K->348689K(518656K), 0.0011945 secs] [Times: user=0.00 sys=0.00, real=0.00 secs] 
99.530: [GC (Allocation Failure) [PSYoungGen: 47010K->5120K(52224K)] 390579K->358929K(518656K), 0.0016194 secs] [Times: user=0.00 sys=0.00, real=0.00 secs] 
99.747: [GC (Allocation Failure) [PSYoungGen: 26523K->5120K(52224K)] 431532K->410129K(518656K), 0.0010314 secs] [Times: user=0.00 sys=0.00, real=0.00 secs] 
99.748: [GC (Allocation Failure) [PSYoungGen: 5120K->5120K(52224K)] 410129K->410129K(518656K), 0.0011205 secs] [Times: user=0.00 sys=0.00, real=0.00 secs] 
99.749: [Full GC (Allocation Failure) [PSYoungGen: 5120K->0K(52224K)] [ParOldGen: 405009K->133649K(466432K)] 410129K->133649K(518656K), [Metaspace: 2796K->2796K(1056768K)], 0.0099062 secs] [Times: user=0.00 sys=0.00, real=0.01 secs] 
100.964: [GC (Allocation Failure) [PSYoungGen: 36763K->5120K(52224K)] 272812K->251409K(518656K), 0.0013460 secs] [Times: user=0.00 sys=0.00, real=0.00 secs] 
101.946: [GC (Allocation Failure) [PSYoungGen: 49054K->5120K(52224K)] 448943K->411153K(518656K), 0.0011314 secs] [Times: user=0.00 sys=0.00, real=0.00 secs] 
102.384: [GC (Allocation Failure) [PSYoungGen: 36768K->5120K(52224K)] 442801K->421393K(518656K), 0.0016618 secs] [Times: user=0.00 sys=0.00, real=0.00 secs] 
102.493: [GC (Allocation Failure) [PSYoungGen: 26520K->5120K(52224K)] 442793K->441873K(518656K), 0.0023716 secs] [Times: user=0.00 sys=0.00, real=0.00 secs] 
102.495: [Full GC (Ergonomics) [PSYoungGen: 5120K->0K(52224K)] [ParOldGen: 436753K->32273K(466432K)] 441873K->32273K(518656K), [Metaspace: 2796K->2796K(1056768K)], 0.0040273 secs] [Times: user=0.01 sys=0.00, real=0.00 secs] 
104.354: [GC (Allocation Failure) [PSYoungGen: 44952K->1024K(52224K)] 230825K->186897K(518656K), 0.0005965 secs] [Times: user=0.00 sys=0.00, real=0.00 secs] 
105.116: [GC (Allocation Failure) [PSYoungGen: 42908K->5120K(52224K)] 228781K->201233K(518656K), 0.0013914 secs] [Times: user=0.00 sys=0.00, real=0.00 secs] 
105.992: [GC (Allocation Failure) [PSYoungGen: 49047K->5120K(52224K)] 398761K->375313K(518656K), 0.0021152 secs] [Times: user=0.00 sys=0.00, real=0.00 secs] 
106.645: [GC (Allocation Failure) [PSYoungGen: 47004K->5120K(52224K)] 417197K->385553K(518656K), 0.0014386 secs] [Times: user=0.00 sys=0.00, real=0.00 secs] 
106.865: [GC (Allocation Failure) [PSYoungGen: 26519K->5120K(52224K)] 458153K->457233K(518656K), 0.0023507 secs] [Times: user=0.00 sys=0.00, real=0.00 secs] 
106.867: [Full GC (Ergonomics) [PSYoungGen: 5120K->0K(52224K)] [ParOldGen: 452113K->92689K(466432K)] 457233K->92689K(518656K), [Metaspace: 2796K->2796K(1056768K)], 0.0074787 secs] [Times: user=0.00 sys=0.00, real=0.01 secs] 
108.735: [GC (Allocation Failure) [PSYoungGen: 45975K->5120K(52224K)] 394665K->353809K(518656K), 0.0008669 secs] [Times: user=0.00 sys=0.00, real=0.00 secs] 
109.388: [GC (Allocation Failure) [PSYoungGen: 41883K->5120K(52224K)] 390573K->364049K(518656K), 0.0014327 secs] [Times: user=0.00 sys=0.00, real=0.00 secs] 
109.719: [GC (Allocation Failure) [PSYoungGen: 36758K->5120K(52224K)] 446888K->415249K(518656K), 0.0009491 secs] [Times: user=0.00 sys=0.00, real=0.00 secs] 
109.720: [GC (Allocation Failure) [PSYoungGen: 5120K->5120K(52224K)] 415249K->415249K(518656K), 0.0007383 secs] [Times: user=0.00 sys=0.00, real=0.00 secs] 
109.721: [Full GC (Allocation Failure) [PSYoungGen: 5120K->0K(52224K)] [ParOldGen: 410129K->108049K(466432K)] 415249K->108049K(518656K), [Metaspace: 2796K->2796K(1056768K)], 0.0081323 secs] [Times: user=0.00 sys=0.00, real=0.01 secs] 
110.825: [GC (Allocation Failure) [PSYoungGen: 43931K->5120K(52224K)] 254380K->225809K(518656K), 0.0014615 secs] [Times: user=0.02 sys=0.00, real=0.00 secs] 
112.132: [GC (Allocation Failure) [PSYoungGen: 48030K->5120K(52224K)] 422319K->384529K(518656K), 0.0008641 secs] [Times: user=0.00 sys=0.00, real=0.00 secs] 
112.571: [Full GC (Ergonomics) [PSYoungGen: 47008K->0K(52224K)] [ParOldGen: 430609K->56849K(466432K)] 477617K->56849K(518656K), [Metaspace: 2796K->2796K(1056768K)], 0.0055522 secs] [Times: user=0.00 sys=0.00, real=0.01 secs] 
113.678: [GC (Allocation Failure) [PSYoungGen: 43937K->1024K(52224K)] 203186K->180753K(518656K), 0.0012903 secs] [Times: user=0.00 sys=0.00, real=0.00 secs] 
114.550: [GC (Allocation Failure) [PSYoungGen: 44962K->5120K(52224K)] 378291K->344593K(518656K), 0.0011625 secs] [Times: user=0.00 sys=0.00, real=0.00 secs] 
115.750: [GC (Allocation Failure) [PSYoungGen: 47010K->0K(52224K)] 386484K->349713K(518656K), 0.0013935 secs] [Times: user=0.00 sys=0.00, real=0.00 secs] 
116.514: [GC (Allocation Failure) [PSYoungGen: 41884K->5120K(52224K)] 391597K->365073K(518656K), 0.0015041 secs] [Times: user=0.00 sys=0.00, real=0.00 secs] 
116.842: [GC (Allocation Failure) [PSYoungGen: 36759K->5120K(52224K)] 447913K->436753K(518656K), 0.0021704 secs] [Times: user=0.00 sys=0.00, real=0.00 secs] 
116.844: [Full GC (Ergonomics) [PSYoungGen: 5120K->0K(52224K)] [ParOldGen: 431633K->77329K(466432K)] 436753K->77329K(518656K), [Metaspace: 2796K->2796K(1056768K)], 0.0065612 secs] [Times: user=0.00 sys=0.00, real=0.01 secs] 
117.947: [GC (Allocation Failure) [PSYoungGen: 43932K->5120K(52224K)] 223661K->195089K(518656K), 0.0013851 secs] [Times: user=0.00 sys=0.00, real=0.00 secs] 
118.822: [GC (Allocation Failure) [PSYoungGen: 49054K->5120K(52224K)] 392624K->353809K(518656K), 0.0012500 secs] [Times: user=0.00 sys=0.00, real=0.00 secs] 
119.689: [GC (Allocation Failure) [PSYoungGen: 16288K->0K(52224K)] 416177K->399889K(518656K), 0.0009751 secs] [Times: user=0.00 sys=0.00, real=0.00 secs] 
119.690: [GC (Allocation Failure) [PSYoungGen: 0K->0K(52224K)] 399889K->399889K(518656K), 0.0006684 secs] [Times: user=0.00 sys=0.00, real=0.00 secs] 
119.691: [Full GC (Allocation Failure) [PSYoungGen: 0K->0K(52224K)] [ParOldGen: 399889K->51729K(466432K)] 399889K->51729K(518656K), [Metaspace: 2796K->2796K(1056768K)], 0.0051958 secs] [Times: user=0.00 sys=0.00, real=0.01 secs] 
120.796: [GC (Allocation Failure) [PSYoungGen: 43936K->5120K(52224K)] 198065K->169489K(518656K), 0.0015985 secs] [Times: user=0.00 sys=0.00, real=0.00 secs] 
121.671: [GC (Allocation Failure) [PSYoungGen: 49057K->5120K(52224K)] 367027K->329233K(518656K), 0.0011514 secs] [Times: user=0.00 sys=0.00, real=0.00 secs] 
122.325: [GC (Allocation Failure) [PSYoungGen: 47010K->5120K(52224K)] 371123K->339473K(518656K), 0.0013854 secs] [Times: user=0.00 sys=0.00, real=0.00 secs] 
122.541: [GC (Allocation Failure) [PSYoungGen: 26523K->5120K(52224K)] 412077K->390673K(518656K), 0.0008919 secs] [Times: user=0.00 sys=0.00, real=0.00 secs] 
122.542: [GC (Allocation Failure) [PSYoungGen: 5120K->5120K(52224K)] 390673K->390673K(518656K), 0.0007424 secs] [Times: user=0.00 sys=0.00, real=0.00 secs] 
122.543: [Full GC (Allocation Failure) [PSYoungGen: 5120K->0K(52224K)] [ParOldGen: 385553K->165393K(466432K)] 390673K->165393K(518656K), [Metaspace: 2796K->2796K(1056768K)], 0.0127029 secs] [Times: user=0.00 sys=0.00, real=0.01 secs] 
123.756: [GC (Allocation Failure) [PSYoungGen: 28571K->0K(52224K)] 296365K->288273K(518656K), 0.0018656 secs] [Times: user=0.00 sys=0.00, real=0.00 secs] 
124.740: [Full GC (Ergonomics) [PSYoungGen: 43934K->0K(52224K)] [ParOldGen: 441873K->21009K(466432K)] 485808K->21009K(518656K), [Metaspace: 2796K->2796K(1056768K)], 0.0036405 secs] [Times: user=0.00 sys=0.00, real=0.00 secs] 
125.176: [GC (Allocation Failure) [PSYoungGen: 31648K->0K(52224K)] 52657K->41489K(518656K), 0.0014099 secs] [Times: user=0.00 sys=0.00, real=0.00 secs] 
126.157: [GC (Allocation Failure) [PSYoungGen: 43928K->5120K(52224K)] 239017K->205329K(518656K), 0.0013668 secs] [Times: user=0.00 sys=0.00, real=0.00 secs] 
126.594: [GC (Allocation Failure) [PSYoungGen: 36764K->0K(52224K)] 236973K->210449K(518656K), 0.0012175 secs] [Times: user=0.00 sys=0.00, real=0.00 secs] 
127.687: [GC (Allocation Failure) [PSYoungGen: 41877K->5120K(52224K)] 252326K->220689K(518656K), 0.0011020 secs] [Times: user=0.00 sys=0.00, real=0.00 secs] 
128.017: [GC (Allocation Failure) [PSYoungGen: 31635K->5120K(52224K)] 247204K->230929K(518656K), 0.0013382 secs] [Times: user=0.00 sys=0.00, real=0.00 secs] 
129.001: [GC (Allocation Failure) [PSYoungGen: 49038K->5120K(52224K)] 428447K->394769K(518656K), 0.0013670 secs] [Times: user=0.00 sys=0.00, real=0.00 secs] 
129.438: [GC (Allocation Failure) [PSYoungGen: 36757K->0K(52224K)] 426407K->399889K(518656K), 0.0014315 secs] [Times: user=0.00 sys=0.00, real=0.00 secs] 
129.656: [Full GC (Ergonomics) [PSYoungGen: 21393K->0K(52224K)] [ParOldGen: 451089K->113169K(466432K)] 472482K->113169K(518656K), [Metaspace: 2796K->2796K(1056768K)], 0.0085843 secs] [Times: user=0.00 sys=0.00, real=0.01 secs] 
131.748: [GC (Allocation Failure) [PSYoungGen: 45969K->5120K(52224K)] 363938K->324113K(518656K), 0.0009889 secs] [Times: user=0.00 sys=0.00, real=0.00 secs] 
132.294: [GC (Allocation Failure) [PSYoungGen: 41879K->5120K(52224K)] 360873K->334353K(518656K), 0.0014901 secs] [Times: user=0.00 sys=0.00, real=0.00 secs] 
132.513: [GC (Allocation Failure) [PSYoungGen: 26515K->5120K(52224K)] 406949K->385553K(518656K), 0.0008074 secs] [Times: user=0.05 sys=0.00, real=0.00 secs] 
132.514: [GC (Allocation Failure) [PSYoungGen: 5120K->5120K(52224K)] 385553K->385553K(518656K), 0.0007843 secs] [Times: user=0.00 sys=0.00, real=0.00 secs] 
132.515: [Full GC (Allocation Failure) [PSYoungGen: 5120K->0K(52224K)] [ParOldGen: 380433K->57873K(466432K)] 385553K->57873K(518656K), [Metaspace: 2796K->2796K(1056768K)], 0.0053637 secs] [Times: user=0.00 sys=0.00, real=0.01 secs] 
133.615: [GC (Allocation Failure) [PSYoungGen: 43923K->1024K(52224K)] 204197K->181777K(518656K), 0.0015162 secs] [Times: user=0.00 sys=0.00, real=0.00 secs] 
134.929: [GC (Allocation Failure) [PSYoungGen: 39833K->5120K(52224K)] 374186K->339473K(518656K), 0.0009856 secs] [Times: user=0.00 sys=0.00, real=0.00 secs] 
135.366: [GC (Allocation Failure) [PSYoungGen: 47005K->0K(52224K)] 432558K->395793K(518656K), 0.0015381 secs] [Times: user=0.00 sys=0.00, real=0.00 secs] 
135.368: [GC (Allocation Failure) [PSYoungGen: 0K->0K(52224K)] 395793K->395793K(518656K), 0.0008230 secs] [Times: user=0.00 sys=0.00, real=0.00 secs] 
135.369: [Full GC (Allocation Failure) [PSYoungGen: 0K->0K(52224K)] [ParOldGen: 395793K->61969K(466432K)] 395793K->61969K(518656K), [Metaspace: 2796K->2796K(1056768K)], 0.0054514 secs] [Times: user=0.00 sys=0.00, real=0.01 secs] 
136.473: [GC (Allocation Failure) [PSYoungGen: 43935K->5120K(52224K)] 208304K->179729K(518656K), 0.0013699 secs] [Times: user=0.00 sys=0.00, real=0.00 secs] 
137.343: [GC (Allocation Failure) [PSYoungGen: 49057K->5120K(52224K)] 377266K->358929K(518656K), 0.0025531 secs] [Times: user=0.00 sys=0.00, real=0.00 secs] 
137.993: [GC (Allocation Failure) [PSYoungGen: 47010K->5120K(52224K)] 400819K->369169K(518656K), 0.0017637 secs] [Times: user=0.00 sys=0.00, real=0.00 secs] 
139.194: [GC (Allocation Failure) [PSYoungGen: 47003K->5120K(52224K)] 462252K->425489K(518656K), 0.0011189 secs] [Times: user=0.00 sys=0.00, real=0.00 secs] 
139.520: [GC (Allocation Failure) [PSYoungGen: 47006K->0K(52224K)] 467375K->440849K(518656K), 0.0020142 secs] [Times: user=0.00 sys=0.00, real=0.00 secs] 
139.523: [Full GC (Ergonomics) [PSYoungGen: 0K->0K(52224K)] [ParOldGen: 440849K->26129K(466432K)] 440849K->26129K(518656K), [Metaspace: 2796K->2796K(1056768K)], 0.0034008 secs] [Times: user=0.00 sys=0.00, real=0.00 secs] 
140.722: [GC (Allocation Failure) [PSYoungGen: 43929K->5120K(52224K)] 223658K->195089K(518656K), 0.0014033 secs] [Times: user=0.00 sys=0.00, real=0.00 secs] 
141.593: [GC (Allocation Failure) [PSYoungGen: 49052K->5120K(52224K)] 392622K->354833K(518656K), 0.0010661 secs] [Times: user=0.00 sys=0.00, real=0.00 secs] 
143.225: [GC (Allocation Failure) [PSYoungGen: 49055K->5120K(52224K)] 398768K->355857K(518656K), 0.0009800 secs] [Times: user=0.00 sys=0.00, real=0.00 secs] 
143.661: [GC (Allocation Failure) [PSYoungGen: 36762K->0K(52224K)] 387499K->371217K(518656K), 0.0015528 secs] [Times: user=0.00 sys=0.00, real=0.00 secs] 
143.878: [GC (Allocation Failure) [PSYoungGen: 21396K->0K(52224K)] 443813K->422417K(518656K), 0.0009933 secs] [Times: user=0.00 sys=0.00, real=0.00 secs] 
143.879: [Full GC (Ergonomics) [PSYoungGen: 0K->0K(52224K)] [ParOldGen: 422417K->62993K(466432K)] 422417K->62993K(518656K), [Metaspace: 2796K->2796K(1056768K)], 0.0060381 secs] [Times: user=0.00 sys=0.00, real=0.01 secs] 
144.987: [GC (Allocation Failure) [PSYoungGen: 43924K->5120K(52224K)] 209317K->180753K(518656K), 0.0017553 secs] [Times: user=0.00 sys=0.00, real=0.00 secs] 
146.409: [GC (Allocation Failure) [PSYoungGen: 49049K->5120K(52224K)] 378283K->334353K(518656K), 0.0008123 secs] [Times: user=0.00 sys=0.00, real=0.00 secs] 
146.736: [GC (Allocation Failure) [PSYoungGen: 36765K->0K(52224K)] 417198K->400913K(518656K), 0.0023744 secs] [Times: user=0.00 sys=0.00, real=0.00 secs] 
146.739: [GC (Allocation Failure) [PSYoungGen: 0K->0K(52224K)] 400913K->400913K(518656K), 0.0009780 secs] [Times: user=0.00 sys=0.00, real=0.00 secs] 
146.740: [Full GC (Allocation Failure) [PSYoungGen: 0K->0K(52224K)] [ParOldGen: 400913K->72209K(466432K)] 400913K->72209K(518656K), [Metaspace: 2796K->2796K(1056768K)], 0.0063162 secs] [Times: user=0.00 sys=0.00, real=0.01 secs] 
147.847: [GC (Allocation Failure) [PSYoungGen: 43935K->5120K(52224K)] 218545K->189969K(518656K), 0.0013907 secs] [Times: user=0.00 sys=0.00, real=0.00 secs] 
148.720: [GC (Allocation Failure) [PSYoungGen: 49057K->5120K(52224K)] 387506K->348689K(518656K), 0.0010363 secs] [Times: user=0.00 sys=0.00, real=0.00 secs] 
149.375: [GC (Allocation Failure) [PSYoungGen: 47010K->5120K(52224K)] 390579K->358929K(518656K), 0.0014822 secs] [Times: user=0.00 sys=0.00, real=0.00 secs] 
149.596: [GC (Allocation Failure) [PSYoungGen: 26523K->5120K(52224K)] 431532K->410129K(518656K), 0.0012123 secs] [Times: user=0.00 sys=0.00, real=0.00 secs] 
149.598: [GC (Allocation Failure) [PSYoungGen: 5120K->5120K(52224K)] 410129K->410129K(518656K), 0.0008246 secs] [Times: user=0.00 sys=0.00, real=0.00 secs] 
149.598: [Full GC (Allocation Failure) [PSYoungGen: 5120K->0K(52224K)] [ParOldGen: 405009K->133649K(466432K)] 410129K->133649K(518656K), [Metaspace: 2796K->2796K(1056768K)], 0.0101619 secs] [Times: user=0.00 sys=0.00, real=0.01 secs] 
150.806: [GC (Allocation Failure) [PSYoungGen: 36763K->5120K(52224K)] 272812K->251409K(518656K), 0.0015141 secs] [Times: user=0.00 sys=0.00, real=0.00 secs] 
151.787: [GC (Allocation Failure) [PSYoungGen: 49054K->5120K(52224K)] 448943K->411153K(518656K), 0.0012683 secs] [Times: user=0.00 sys=0.00, real=0.00 secs] 
152.225: [GC (Allocation Failure) [PSYoungGen: 36768K->5120K(52224K)] 442801K->421393K(518656K), 0.0015656 secs] [Times: user=0.00 sys=0.00, real=0.00 secs] 
152.334: [GC (Allocation Failure) [PSYoungGen: 26520K->5120K(52224K)] 442793K->441873K(518656K), 0.0024869 secs] [Times: user=0.00 sys=0.00, real=0.00 secs] 
152.337: [Full GC (Ergonomics) [PSYoungGen: 5120K->0K(52224K)] [ParOldGen: 436753K->32273K(466432K)] 441873K->32273K(518656K), [Metaspace: 2796K->2796K(1056768K)], 0.0038436 secs] [Times: user=0.00 sys=0.00, real=0.00 secs] 
154.193: [GC (Allocation Failure) [PSYoungGen: 44952K->1024K(52224K)] 230825K->186897K(518656K), 0.0007902 secs] [Times: user=0.00 sys=0.00, real=0.00 secs] 
154.955: [GC (Allocation Failure) [PSYoungGen: 42908K->5120K(52224K)] 228781K->201233K(518656K), 0.0012916 secs] [Times: user=0.00 sys=0.00, real=0.00 secs] 
155.830: [GC (Allocation Failure) [PSYoungGen: 49047K->5120K(52224K)] 398761K->375313K(518656K), 0.0019659 secs] [Times: user=0.00 sys=0.00, real=0.00 secs] 
156.485: [GC (Allocation Failure) [PSYoungGen: 47004K->0K(52224K)] 417197K->380433K(518656K), 0.0013973 secs] [Times: user=0.00 sys=0.00, real=0.00 secs] 
156.702: [GC (Allocation Failure) [PSYoungGen: 21399K->0K(52224K)] 453033K->452113K(518656K), 0.0021849 secs] [Times: user=0.00 sys=0.00, real=0.00 secs] 
156.705: [Full GC (Ergonomics) [PSYoungGen: 0K->0K(52224K)] [ParOldGen: 452113K->92689K(466432K)] 452113K->92689K(518656K), [Metaspace: 2796K->2796K(1056768K)], 0.0076439 secs] [Times: user=0.00 sys=0.00, real=0.01 secs] 
158.567: [GC (Allocation Failure) [PSYoungGen: 45975K->5120K(52224K)] 394665K->353809K(518656K), 0.0010493 secs] [Times: user=0.00 sys=0.00, real=0.00 secs] 
159.225: [GC (Allocation Failure) [PSYoungGen: 41883K->5120K(52224K)] 390573K->364049K(518656K), 0.0014424 secs] [Times: user=0.00 sys=0.00, real=0.00 secs] 
159.551: [GC (Allocation Failure) [PSYoungGen: 36758K->5120K(52224K)] 446888K->415249K(518656K), 0.0010490 secs] [Times: user=0.00 sys=0.00, real=0.00 secs] 
159.552: [GC (Allocation Failure) [PSYoungGen: 5120K->5120K(52224K)] 415249K->415249K(518656K), 0.0008448 secs] [Times: user=0.00 sys=0.00, real=0.00 secs] 
159.553: [Full GC (Allocation Failure) [PSYoungGen: 5120K->0K(52224K)] [ParOldGen: 410129K->108049K(466432K)] 415249K->108049K(518656K), [Metaspace: 2796K->2796K(1056768K)], 0.0082991 secs] [Times: user=0.00 sys=0.00, real=0.01 secs] 
160.656: [GC (Allocation Failure) [PSYoungGen: 43931K->5120K(52224K)] 254380K->225809K(518656K), 0.0016008 secs] [Times: user=0.00 sys=0.00, real=0.00 secs] 
161.973: [GC (Allocation Failure) [PSYoungGen: 48030K->5120K(52224K)] 422319K->384529K(518656K), 0.0009967 secs] [Times: user=0.00 sys=0.00, real=0.00 secs] 
162.410: [Full GC (Ergonomics) [PSYoungGen: 47008K->0K(52224K)] [ParOldGen: 430609K->56849K(466432K)] 477617K->56849K(518656K), [Metaspace: 2796K->2796K(1056768K)], 0.0058320 secs] [Times: user=0.00 sys=0.00, real=0.01 secs] 
163.515: [GC (Allocation Failure) [PSYoungGen: 43937K->1024K(52224K)] 203186K->180753K(518656K), 0.0014221 secs] [Times: user=0.00 sys=0.00, real=0.00 secs] 
164.397: [GC (Allocation Failure) [PSYoungGen: 44962K->5120K(52224K)] 378291K->344593K(518656K), 0.0012278 secs] [Times: user=0.00 sys=0.00, real=0.00 secs] 
165.599: [GC (Allocation Failure) [PSYoungGen: 47010K->0K(52224K)] 386484K->349713K(518656K), 0.0013193 secs] [Times: user=0.00 sys=0.00, real=0.00 secs] 
166.364: [GC (Allocation Failure) [PSYoungGen: 41884K->5120K(52224K)] 391597K->365073K(518656K), 0.0014373 secs] [Times: user=0.00 sys=0.00, real=0.00 secs] 
166.694: [GC (Allocation Failure) [PSYoungGen: 36759K->5120K(52224K)] 447913K->436753K(518656K), 0.0023037 secs] [Times: user=0.00 sys=0.00, real=0.00 secs] 
166.696: [Full GC (Ergonomics) [PSYoungGen: 5120K->0K(52224K)] [ParOldGen: 431633K->77329K(466432K)] 436753K->77329K(518656K), [Metaspace: 2796K->2796K(1056768K)], 0.0065532 secs] [Times: user=0.00 sys=0.00, real=0.01 secs] 
167.802: [GC (Allocation Failure) [PSYoungGen: 43932K->5120K(52224K)] 223661K->195089K(518656K), 0.0015325 secs] [Times: user=0.00 sys=0.00, real=0.00 secs] 
168.675: [GC (Allocation Failure) [PSYoungGen: 49054K->5120K(52224K)] 392624K->353809K(518656K), 0.0010988 secs] [Times: user=0.00 sys=0.00, real=0.00 secs] 
169.548: [GC (Allocation Failure) [PSYoungGen: 16288K->0K(52224K)] 416177K->399889K(518656K), 0.0009716 secs] [Times: user=0.00 sys=0.00, real=0.00 secs] 
169.549: [GC (Allocation Failure) [PSYoungGen: 0K->0K(52224K)] 399889K->399889K(518656K), 0.0007258 secs] [Times: user=0.00 sys=0.00, real=0.00 secs] 
169.550: [Full GC (Allocation Failure) [PSYoungGen: 0K->0K(52224K)] [ParOldGen: 399889K->51729K(466432K)] 399889K->51729K(518656K), [Metaspace: 2796K->2796K(1056768K)], 0.0047626 secs] [Times: user=0.00 sys=0.00, real=0.01 secs] 
170.652: [GC (Allocation Failure) [PSYoungGen: 43936K->5120K(52224K)] 198065K->169489K(518656K), 0.0014699 secs] [Times: user=0.00 sys=0.00, real=0.00 secs] 
171.525: [GC (Allocation Failure) [PSYoungGen: 49057K->1024K(52224K)] 367027K->329233K(518656K), 0.0011452 secs] [Times: user=0.00 sys=0.00, real=0.00 secs] 
172.177: [GC (Allocation Failure) [PSYoungGen: 42914K->5120K(52224K)] 371123K->344593K(518656K), 0.0016574 secs] [Times: user=0.00 sys=0.00, real=0.00 secs] 
172.395: [GC (Allocation Failure) [PSYoungGen: 26523K->5120K(52224K)] 417197K->395793K(518656K), 0.0008228 secs] [Times: user=0.00 sys=0.00, real=0.00 secs] 
172.396: [GC (Allocation Failure) [PSYoungGen: 5120K->5120K(52224K)] 395793K->395793K(518656K), 0.0010605 secs] [Times: user=0.00 sys=0.00, real=0.00 secs] 
172.397: [Full GC (Allocation Failure) [PSYoungGen: 5120K->0K(52224K)] [ParOldGen: 390673K->165393K(466432K)] 395793K->165393K(518656K), [Metaspace: 2796K->2796K(1056768K)], 0.0121252 secs] [Times: user=0.00 sys=0.00, real=0.01 secs] 
173.612: [GC (Allocation Failure) [PSYoungGen: 28571K->0K(52224K)] 296365K->288273K(518656K), 0.0015970 secs] [Times: user=0.00 sys=0.00, real=0.00 secs] 
174.595: [Full GC (Ergonomics) [PSYoungGen: 43934K->0K(52224K)] [ParOldGen: 441873K->21009K(466432K)] 485808K->21009K(518656K), [Metaspace: 2796K->2796K(1056768K)], 0.0033033 secs] [Times: user=0.00 sys=0.00, real=0.00 secs] 
175.033: [GC (Allocation Failure) [PSYoungGen: 31648K->0K(52224K)] 52657K->41489K(518656K), 0.0014332 secs] [Times: user=0.00 sys=0.00, real=0.00 secs] 
176.014: [GC (Allocation Failure) [PSYoungGen: 43928K->5120K(52224K)] 239017K->205329K(518656K), 0.0012274 secs] [Times: user=0.00 sys=0.00, real=0.00 secs] 
176.450: [GC (Allocation Failure) [PSYoungGen: 36764K->0K(52224K)] 236973K->210449K(518656K), 0.0013064 secs] [Times: user=0.01 sys=0.00, real=0.00 secs] 
177.542: [GC (Allocation Failure) [PSYoungGen: 41877K->5120K(52224K)] 252326K->220689K(518656K), 0.0009934 secs] [Times: user=0.00 sys=0.00, real=0.00 secs] 
177.872: [GC (Allocation Failure) [PSYoungGen: 31635K->5120K(52224K)] 247204K->230929K(518656K), 0.0015753 secs] [Times: user=0.00 sys=0.00, real=0.00 secs] 
178.851: [GC (Allocation Failure) [PSYoungGen: 49038K->5120K(52224K)] 428447K->394769K(518656K), 0.0014498 secs] [Times: user=0.00 sys=0.00, real=0.00 secs] 
179.290: [GC (Allocation Failure) [PSYoungGen: 36757K->0K(52224K)] 426407K->399889K(518656K), 0.0012423 secs] [Times: user=0.00 sys=0.00, real=0.00 secs] 
179.505: [Full GC (Ergonomics) [PSYoungGen: 21393K->0K(52224K)] [ParOldGen: 451089K->113169K(466432K)] 472482K->113169K(518656K), [Metaspace: 2796K->2796K(1056768K)], 0.0086637 secs] [Times: user=0.00 sys=0.00, real=0.01 secs] 
181.595: [GC (Allocation Failure) [PSYoungGen: 45969K->5120K(52224K)] 363938K->324113K(518656K), 0.0008398 secs] [Times: user=0.00 sys=0.00, real=0.00 secs] 
182.141: [GC (Allocation Failure) [PSYoungGen: 41879K->5120K(52224K)] 360873K->334353K(518656K), 0.0015237 secs] [Times: user=0.00 sys=0.00, real=0.00 secs] 
182.359: [GC (Allocation Failure) [PSYoungGen: 26515K->5120K(52224K)] 406949K->385553K(518656K), 0.0011298 secs] [Times: user=0.00 sys=0.00, real=0.00 secs] 
182.360: [GC (Allocation Failure) [PSYoungGen: 5120K->5120K(52224K)] 385553K->385553K(518656K), 0.0009026 secs] [Times: user=0.00 sys=0.00, real=0.00 secs] 
182.361: [Full GC (Allocation Failure) [PSYoungGen: 5120K->0K(52224K)] [ParOldGen: 380433K->57873K(466432K)] 385553K->57873K(518656K), [Metaspace: 2796K->2796K(1056768K)], 0.0051809 secs] [Times: user=0.00 sys=0.00, real=0.00 secs] 
183.468: [GC (Allocation Failure) [PSYoungGen: 43923K->1024K(52224K)] 204197K->181777K(518656K), 0.0013643 secs] [Times: user=0.00 sys=0.00, real=0.00 secs] 
184.777: [GC (Allocation Failure) [PSYoungGen: 39833K->5120K(52224K)] 374186K->339473K(518656K), 0.0013031 secs] [Times: user=0.00 sys=0.00, real=0.00 secs] 
185.215: [GC (Allocation Failure) [PSYoungGen: 47005K->0K(52224K)] 432558K->395793K(518656K), 0.0013683 secs] [Times: user=0.00 sys=0.00, real=0.00 secs] 
185.217: [GC (Allocation Failure) [PSYoungGen: 0K->0K(52224K)] 395793K->395793K(518656K), 0.0007756 secs] [Times: user=0.00 sys=0.00, real=0.00 secs] 
185.218: [Full GC (Allocation Failure) [PSYoungGen: 0K->0K(52224K)] [ParOldGen: 395793K->61969K(466432K)] 395793K->61969K(518656K), [Metaspace: 2796K->2796K(1056768K)], 0.0055039 secs] [Times: user=0.00 sys=0.00, real=0.01 secs] 
186.324: [GC (Allocation Failure) [PSYoungGen: 43935K->5120K(52224K)] 208304K->179729K(518656K), 0.0015031 secs] [Times: user=0.00 sys=0.00, real=0.00 secs] 
187.198: [GC (Allocation Failure) [PSYoungGen: 49057K->5120K(52224K)] 377266K->358929K(518656K), 0.0026008 secs] [Times: user=0.00 sys=0.00, real=0.00 secs] 
187.853: [GC (Allocation Failure) [PSYoungGen: 47010K->5120K(52224K)] 400819K->369169K(518656K), 0.0015616 secs] [Times: user=0.00 sys=0.00, real=0.00 secs] 
189.057: [GC (Allocation Failure) [PSYoungGen: 47003K->5120K(52224K)] 462252K->425489K(518656K), 0.0012229 secs] [Times: user=0.00 sys=0.00, real=0.00 secs] 
189.383: [GC (Allocation Failure) [PSYoungGen: 47006K->0K(52224K)] 467375K->440849K(518656K), 0.0020697 secs] [Times: user=0.00 sys=0.00, real=0.00 secs] 
189.385: [Full GC (Ergonomics) [PSYoungGen: 0K->0K(52224K)] [ParOldGen: 440849K->26129K(466432K)] 440849K->26129K(518656K), [Metaspace: 2796K->2796K(1056768K)], 0.0034865 secs] [Times: user=0.00 sys=0.00, real=0.00 secs] 
190.581: [GC (Allocation Failure) [PSYoungGen: 43929K->5120K(52224K)] 223658K->195089K(518656K), 0.0015801 secs] [Times: user=0.00 sys=0.00, real=0.00 secs] 
191.454: [GC (Allocation Failure) [PSYoungGen: 49052K->1056K(52224K)] 392622K->354865K(518656K), 0.0014191 secs] [Times: user=0.00 sys=0.00, real=0.00 secs] 
193.090: [GC (Allocation Failure) [PSYoungGen: 44991K->5152K(52224K)] 398800K->359985K(518656K), 0.0009815 secs] [Times: user=0.00 sys=0.00, real=0.00 secs] 
193.528: [GC (Allocation Failure) [PSYoungGen: 36794K->32K(52224K)] 391627K->375345K(518656K), 0.0017309 secs] [Times: user=0.00 sys=0.00, real=0.00 secs] 
193.746: [GC (Allocation Failure) [PSYoungGen: 21428K->32K(52224K)] 447941K->426545K(518656K), 0.0009808 secs] [Times: user=0.00 sys=0.00, real=0.00 secs] 
193.747: [Full GC (Ergonomics) [PSYoungGen: 32K->0K(52224K)] [ParOldGen: 426513K->62993K(466432K)] 426545K->62993K(518656K), [Metaspace: 2796K->2796K(1056768K)], 0.0056386 secs] [Times: user=0.00 sys=0.00, real=0.00 secs] 
194.857: [GC (Allocation Failure) [PSYoungGen: 43924K->5152K(52224K)] 209317K->180785K(518656K), 0.0013501 secs] [Times: user=0.00 sys=0.00, real=0.00 secs] 
196.283: [GC (Allocation Failure) [PSYoungGen: 49081K->5152K(52224K)] 378315K->334385K(518656K), 0.0009291 secs] [Times: user=0.00 sys=0.00, real=0.00 secs] 
196.610: [GC (Allocation Failure) [PSYoungGen: 36797K->32K(52224K)] 417230K->400945K(518656K), 0.0021982 secs] [Times: user=0.00 sys=0.00, real=0.00 secs] 
196.612: [GC (Allocation Failure) [PSYoungGen: 32K->32K(52224K)] 400945K->400945K(518656K), 0.0009052 secs] [Times: user=0.00 sys=0.00, real=0.00 secs] 
196.613: [Full GC (Allocation Failure) [PSYoungGen: 32K->0K(52224K)] [ParOldGen: 400913K->72209K(466432K)] 400945K->72209K(518656K), [Metaspace: 2796K->2796K(1056768K)], 0.0062269 secs] [Times: user=0.00 sys=0.00, real=0.01 secs] 
197.718: [GC (Allocation Failure) [PSYoungGen: 43935K->5120K(52224K)] 218545K->189969K(518656K), 0.0016892 secs] [Times: user=0.00 sys=0.00, real=0.00 secs] 
198.589: [GC (Allocation Failure) [PSYoungGen: 49057K->5120K(52224K)] 387506K->348689K(518656K), 0.0010993 secs] [Times: user=0.00 sys=0.00, real=0.00 secs] 
199.246: [GC (Allocation Failure) [PSYoungGen: 47010K->5120K(52224K)] 390579K->364049K(518656K), 0.0016837 secs] [Times: user=0.02 sys=0.00, real=0.00 secs] 
199.464: [GC (Allocation Failure) [PSYoungGen: 26523K->5120K(52224K)] 436653K->415249K(518656K), 0.0010978 secs] [Times: user=0.00 sys=0.00, real=0.00 secs] 
199.465: [GC (Allocation Failure) [PSYoungGen: 5120K->5120K(52224K)] 415249K->415249K(518656K), 0.0009511 secs] [Times: user=0.00 sys=0.00, real=0.00 secs] 
199.466: [Full GC (Allocation Failure) [PSYoungGen: 5120K->0K(52224K)] [ParOldGen: 410129K->133649K(466432K)] 415249K->133649K(518656K), [Metaspace: 2796K->2796K(1056768K)], 0.0104615 secs] [Times: user=0.00 sys=0.00, real=0.01 secs] 
200.679: [GC (Allocation Failure) [PSYoungGen: 36763K->5120K(52224K)] 272813K->251409K(518656K), 0.0015406 secs] [Times: user=0.00 sys=0.00, real=0.00 secs] 
201.662: [GC (Allocation Failure) [PSYoungGen: 49054K->5120K(52224K)] 448944K->411153K(518656K), 0.0012847 secs] [Times: user=0.00 sys=0.00, real=0.00 secs] 
202.100: [GC (Allocation Failure) [PSYoungGen: 36768K->5120K(52224K)] 442802K->421393K(518656K), 0.0015261 secs] [Times: user=0.00 sys=0.00, real=0.00 secs] 
202.208: [GC (Allocation Failure) [PSYoungGen: 26520K->5120K(52224K)] 442793K->441873K(518656K), 0.0023017 secs] [Times: user=0.00 sys=0.00, real=0.00 secs] 
202.211: [Full GC (Ergonomics) [PSYoungGen: 5120K->0K(52224K)] [ParOldGen: 436753K->32273K(466432K)] 441873K->32273K(518656K), [Metaspace: 2796K->2796K(1056768K)], 0.0037471 secs] [Times: user=0.00 sys=0.00, real=0.00 secs] 
204.063: [GC (Allocation Failure) [PSYoungGen: 44952K->1024K(52224K)] 230825K->186897K(518656K), 0.0006362 secs] [Times: user=0.00 sys=0.00, real=0.00 secs] 
204.830: [GC (Allocation Failure) [PSYoungGen: 42908K->5120K(52224K)] 228782K->201233K(518656K), 0.0015238 secs] [Times: user=0.00 sys=0.00, real=0.00 secs] 
205.705: [GC (Allocation Failure) [PSYoungGen: 49047K->5120K(52224K)] 398761K->375313K(518656K), 0.0020081 secs] [Times: user=0.00 sys=0.00, real=0.00 secs] 
206.362: [GC (Allocation Failure) [PSYoungGen: 47004K->0K(52224K)] 417197K->380433K(518656K), 0.0012770 secs] [Times: user=0.00 sys=0.00, real=0.00 secs] 
206.582: [GC (Allocation Failure) [PSYoungGen: 21399K->0K(52224K)] 453033K->452113K(518656K), 0.0022997 secs] [Times: user=0.00 sys=0.00, real=0.00 secs] 
206.585: [Full GC (Ergonomics) [PSYoungGen: 0K->0K(52224K)] [ParOldGen: 452113K->92689K(466432K)] 452113K->92689K(518656K), [Metaspace: 2796K->2796K(1056768K)], 0.0073999 secs] [Times: user=0.00 sys=0.00, real=0.01 secs] 
208.451: [GC (Allocation Failure) [PSYoungGen: 45975K->5120K(52224K)] 394665K->353809K(518656K), 0.0009969 secs] [Times: user=0.00 sys=0.00, real=0.00 secs] 
209.107: [GC (Allocation Failure) [PSYoungGen: 41883K->5120K(52224K)] 390573K->364049K(518656K), 0.0016514 secs] [Times: user=0.00 sys=0.00, real=0.00 secs] 
209.435: [GC (Allocation Failure) [PSYoungGen: 36758K->5120K(52224K)] 446888K->415249K(518656K), 0.0008643 secs] [Times: user=0.02 sys=0.00, real=0.00 secs] 
209.435: [GC (Allocation Failure) [PSYoungGen: 5120K->5120K(52224K)] 415249K->415249K(518656K), 0.0007354 secs] [Times: user=0.00 sys=0.00, real=0.00 secs] 
209.436: [Full GC (Allocation Failure) [PSYoungGen: 5120K->0K(52224K)] [ParOldGen: 410129K->108049K(466432K)] 415249K->108049K(518656K), [Metaspace: 2796K->2796K(1056768K)], 0.0081741 secs] [Times: user=0.00 sys=0.00, real=0.01 secs] 
210.539: [GC (Allocation Failure) [PSYoungGen: 43931K->5120K(52224K)] 254381K->225809K(518656K), 0.0014069 secs] [Times: user=0.00 sys=0.00, real=0.00 secs] 
211.848: [GC (Allocation Failure) [PSYoungGen: 48030K->5120K(52224K)] 422320K->384529K(518656K), 0.0010666 secs] [Times: user=0.00 sys=0.00, real=0.00 secs] 
212.286: [Full GC (Ergonomics) [PSYoungGen: 47008K->0K(52224K)] [ParOldGen: 430609K->56849K(466432K)] 477618K->56849K(518656K), [Metaspace: 2796K->2796K(1056768K)], 0.0056252 secs] [Times: user=0.00 sys=0.00, real=0.01 secs] 
213.381: [GC (Allocation Failure) [PSYoungGen: 43937K->1024K(52224K)] 203187K->180753K(518656K), 0.0014915 secs] [Times: user=0.00 sys=0.00, real=0.00 secs] 
214.256: [GC (Allocation Failure) [PSYoungGen: 44962K->5120K(52224K)] 378292K->344593K(518656K), 0.0011502 secs] [Times: user=0.00 sys=0.00, real=0.00 secs] 
215.457: [GC (Allocation Failure) [PSYoungGen: 47010K->0K(52224K)] 386484K->349713K(518656K), 0.0011895 secs] [Times: user=0.00 sys=0.00, real=0.00 secs] 
216.221: [GC (Allocation Failure) [PSYoungGen: 41884K->5120K(52224K)] 391597K->365073K(518656K), 0.0015760 secs] [Times: user=0.00 sys=0.00, real=0.00 secs] 
216.547: [GC (Allocation Failure) [PSYoungGen: 36759K->5120K(52224K)] 447913K->436753K(518656K), 0.0023818 secs] [Times: user=0.00 sys=0.00, real=0.00 secs] 
216.550: [Full GC (Ergonomics) [PSYoungGen: 5120K->0K(52224K)] [ParOldGen: 431633K->77329K(466432K)] 436753K->77329K(518656K), [Metaspace: 2796K->2796K(1056768K)], 0.0064508 secs] [Times: user=0.00 sys=0.00, real=0.01 secs] 
217.656: [GC (Allocation Failure) [PSYoungGen: 43932K->5120K(52224K)] 223661K->195089K(518656K), 0.0015172 secs] [Times: user=0.00 sys=0.00, real=0.00 secs] 
218.531: [GC (Allocation Failure) [PSYoungGen: 49054K->5120K(52224K)] 392624K->353809K(518656K), 0.0009558 secs] [Times: user=0.00 sys=0.00, real=0.00 secs] 
Heap
 PSYoungGen      total 52224K, used 17220K [0x00000000fc780000, 0x0000000100000000, 0x0000000100000000)
  eden space 46592K, 25% used [0x00000000fc780000,0x00000000fd3512d0,0x00000000ff500000)
  from space 5632K, 90% used [0x00000000ff500000,0x00000000ffa00010,0x00000000ffa80000)
  to   space 5632K, 0% used [0x00000000ffa80000,0x00000000ffa80000,0x0000000100000000)
 ParOldGen       total 466432K, used 348689K [0x00000000e0000000, 0x00000000fc780000, 0x00000000fc780000)
  object space 466432K, 74% used [0x00000000e0000000,0x00000000f5484760,0x00000000fc780000)
 Metaspace       used 2804K, capacity 4486K, committed 4864K, reserved 1056768K
  class space    used 297K, capacity 386K, committed 512K, reserved 1048576K
