Java HotSpot(TM) 64-Bit Server VM (25.411-b09) for windows-amd64 JRE (1.8.0_411-b09), built on Mar 13 2024 07:26:13 by "java_re" with MS VC++ 17.1 (VS2022)
Memory: 4k page, physical 33403376k(15194664k free), swap 35500528k(6405232k free)
CommandLine flags: -XX:InitialHeapSize=2147483648 -XX:MaxHeapSize=2147483648 -XX:ParallelGCThreads=4 -XX:+PrintGC -XX:+PrintGCDetails -XX:+PrintGCTimeStamps -XX:+UseCompressedClassPointers -XX:+UseCompressedOops -XX:-UseLargePagesIndividualAllocation -XX:+UseParallelGC 
4.852: [GC (Allocation Failure) [PSYoungGen: 520704K->10920K(611840K)] 520704K->10928K(2010112K), 0.0025950 secs] [Times: user=0.00 sys=0.00, real=0.00 secs] 
8.444: [GC (Allocation Failure) [PSYoungGen: 497581K->21104K(611840K)] 497589K->21120K(2010112K), 0.0157979 secs] [Times: user=0.02 sys=0.00, real=0.02 secs] 
11.407: [GC (Allocation Failure) [PSYoungGen: 527982K->62024K(611840K)] 527998K->215640K(2010112K), 0.0467874 secs] [Times: user=0.03 sys=0.00, real=0.05 secs] 
14.289: [GC (Allocation Failure) [PSYoungGen: 500724K->68168K(611840K)] 654340K->221792K(2010112K), 0.0155681 secs] [Times: user=0.02 sys=0.00, real=0.02 secs] 
18.555: [GC (Allocation Failure) [PSYoungGen: 575157K->82536K(594944K)] 728782K->287368K(1993216K), 0.0311797 secs] [Times: user=0.02 sys=0.00, real=0.03 secs] 
21.754: [GC (Allocation Failure) [PSYoungGen: 591356K->7768K(573952K)] 796188K->315000K(1972224K), 0.0321746 secs] [Times: user=0.00 sys=0.00, real=0.03 secs] 
25.506: [GC (Allocation Failure) [PSYoungGen: 488392K->35872K(590848K)] 795624K->343660K(1989120K), 0.0023298 secs] [Times: user=0.00 sys=0.00, real=0.00 secs] 
29.107: [GC (Allocation Failure) [PSYoungGen: 518559K->61472K(595456K)] 826347K->369276K(1993728K), 0.0055864 secs] [Times: user=0.00 sys=0.00, real=0.00 secs] 
32.822: [GC (Allocation Failure) [PSYoungGen: 532124K->57376K(596992K)] 839928K->365180K(1995264K), 0.0052117 secs] [Times: user=0.00 sys=0.00, real=0.01 secs] 
35.671: [GC (Allocation Failure) [PSYoungGen: 487081K->61440K(596992K)] 794885K->369252K(1995264K), 0.0047292 secs] [Times: user=0.00 sys=0.00, real=0.00 secs] 
39.609: [GC (Allocation Failure) [PSYoungGen: 547493K->15360K(597504K)] 855305K->323172K(1995776K), 0.0015270 secs] [Times: user=0.00 sys=0.00, real=0.00 secs] 
43.858: [GC (Allocation Failure) [PSYoungGen: 503467K->21504K(599552K)] 811279K->329316K(1997824K), 0.0014719 secs] [Times: user=0.00 sys=0.00, real=0.00 secs] 
46.907: [GC (Allocation Failure) [PSYoungGen: 476887K->40960K(597504K)] 784699K->348772K(1995776K), 0.0023964 secs] [Times: user=0.00 sys=0.00, real=0.00 secs] 
49.746: [GC (Allocation Failure) [PSYoungGen: 496345K->81920K(585728K)] 804157K->410212K(1984000K), 0.0078642 secs] [Times: user=0.00 sys=0.00, real=0.01 secs] 
52.707: [GC (Allocation Failure) [PSYoungGen: 573023K->62464K(555008K)] 901315K->390756K(1953280K), 0.0050735 secs] [Times: user=0.00 sys=0.00, real=0.00 secs] 
56.870: [GC (Allocation Failure) [PSYoungGen: 508513K->61440K(595456K)] 836805K->389732K(1993728K), 0.0035572 secs] [Times: user=0.00 sys=0.00, real=0.00 secs] 
59.818: [GC (Allocation Failure) [PSYoungGen: 532040K->102400K(582656K)] 860332K->435812K(1980928K), 0.0068926 secs] [Times: user=0.00 sys=0.00, real=0.01 secs] 
62.668: [GC (Allocation Failure) [PSYoungGen: 536931K->56320K(578048K)] 870344K->389732K(1976320K), 0.0048460 secs] [Times: user=0.00 sys=0.00, real=0.00 secs] 
66.804: [GC (Allocation Failure) [PSYoungGen: 511214K->46080K(586240K)] 844627K->379492K(1984512K), 0.0026567 secs] [Times: user=0.00 sys=0.00, real=0.00 secs] 
69.752: [GC (Allocation Failure) [PSYoungGen: 500971K->51200K(595968K)] 834383K->384612K(1994240K), 0.0050297 secs] [Times: user=0.00 sys=0.00, real=0.00 secs] 
72.589: [GC (Allocation Failure) [PSYoungGen: 506383K->62464K(590848K)] 839795K->498276K(1989120K), 0.0339242 secs] [Times: user=0.01 sys=0.00, real=0.03 secs] 
75.481: [GC (Allocation Failure) [PSYoungGen: 492049K->76800K(590336K)] 927861K->512612K(1988608K), 0.0064294 secs] [Times: user=0.00 sys=0.00, real=0.01 secs] 
79.637: [GC (Allocation Failure) [PSYoungGen: 547366K->81920K(571392K)] 983178K->517732K(1969664K), 0.0063545 secs] [Times: user=0.00 sys=0.00, real=0.01 secs] 
82.599: [GC (Allocation Failure) [PSYoungGen: 491047K->57344K(593920K)] 926859K->493156K(1992192K), 0.0047644 secs] [Times: user=0.00 sys=0.00, real=0.01 secs] 
85.461: [GC (Allocation Failure) [PSYoungGen: 486858K->61440K(589312K)] 922671K->497252K(1987584K), 0.0054032 secs] [Times: user=0.00 sys=0.00, real=0.01 secs] 
89.285: [GC (Allocation Failure) [PSYoungGen: 537035K->10240K(589312K)] 972848K->446052K(1987584K), 0.0013216 secs] [Times: user=0.00 sys=0.00, real=0.00 secs] 
93.430: [GC (Allocation Failure) [PSYoungGen: 493076K->6144K(494592K)] 928888K->441956K(1892864K), 0.0015885 secs] [Times: user=0.00 sys=0.00, real=0.00 secs] 
96.703: [GC (Allocation Failure) [PSYoungGen: 476692K->40960K(594944K)] 912504K->476772K(1993216K), 0.0023306 secs] [Times: user=0.00 sys=0.00, real=0.00 secs] 
99.548: [GC (Allocation Failure) [PSYoungGen: 496117K->81920K(568832K)] 931929K->538212K(1967104K), 0.0076512 secs] [Times: user=0.00 sys=0.00, real=0.01 secs] 
102.404: [GC (Allocation Failure) [PSYoungGen: 521717K->31744K(590336K)] 978009K->488036K(1988608K), 0.0025430 secs] [Times: user=0.00 sys=0.00, real=0.00 secs] 
106.550: [GC (Allocation Failure) [PSYoungGen: 508262K->30720K(587776K)] 964554K->487012K(1986048K), 0.0023022 secs] [Times: user=0.00 sys=0.00, real=0.00 secs] 
109.493: [GC (Allocation Failure) [PSYoungGen: 470361K->76800K(583680K)] 926653K->533092K(1981952K), 0.0056199 secs] [Times: user=0.02 sys=0.00, real=0.01 secs] 
112.333: [GC (Allocation Failure) [PSYoungGen: 511296K->25600K(588288K)] 967588K->481892K(1986560K), 0.0021344 secs] [Times: user=0.00 sys=0.00, real=0.00 secs] 
116.366: [GC (Allocation Failure) [PSYoungGen: 501060K->15360K(590336K)] 957352K->471652K(1988608K), 0.0013297 secs] [Times: user=0.00 sys=0.00, real=0.00 secs] 
119.425: [GC (Allocation Failure) [PSYoungGen: 449927K->5120K(589824K)] 906219K->461412K(1988096K), 0.0016340 secs] [Times: user=0.00 sys=0.00, real=0.00 secs] 
122.263: [GC (Allocation Failure) [PSYoungGen: 460170K->31744K(594944K)] 916463K->590436K(1993216K), 0.0468133 secs] [Times: user=0.00 sys=0.00, real=0.05 secs] 
125.262: [GC (Allocation Failure) [PSYoungGen: 512489K->76800K(563200K)] 1071181K->635492K(1961472K), 0.0066057 secs] [Times: user=0.00 sys=0.00, real=0.01 secs] 
129.418: [GC (Allocation Failure) [PSYoungGen: 547306K->81920K(573440K)] 1105998K->640612K(1971712K), 0.0061394 secs] [Times: user=0.00 sys=0.00, real=0.01 secs] 
132.361: [GC (Allocation Failure) [PSYoungGen: 494632K->57344K(580608K)] 1053325K->616036K(1978880K), 0.0046710 secs] [Times: user=0.00 sys=0.00, real=0.00 secs] 
135.199: [GC (Allocation Failure) [PSYoungGen: 487407K->61440K(585728K)] 1046100K->620132K(1984000K), 0.0053693 secs] [Times: user=0.00 sys=0.00, real=0.00 secs] 
138.924: [GC (Allocation Failure) [PSYoungGen: 531619K->10240K(583680K)] 1090312K->568932K(1981952K), 0.0015497 secs] [Times: user=0.00 sys=0.00, real=0.00 secs] 
142.736: [GC (Allocation Failure) [PSYoungGen: 477350K->6144K(585216K)] 1036042K->564836K(1983488K), 0.0016731 secs] [Times: user=0.00 sys=0.00, real=0.00 secs] 
146.333: [GC (Allocation Failure) [PSYoungGen: 476355K->10240K(585216K)] 1035048K->568932K(1983488K), 0.0016180 secs] [Times: user=0.00 sys=0.00, real=0.00 secs] 
149.170: [GC (Allocation Failure) [PSYoungGen: 465097K->92160K(562176K)] 1023789K->650852K(1960448K), 0.0063199 secs] [Times: user=0.00 sys=0.00, real=0.01 secs] 
152.016: [GC (Allocation Failure) [PSYoungGen: 531231K->21504K(574464K)] 1089923K->580196K(1972736K), 0.0017367 secs] [Times: user=0.00 sys=0.00, real=0.00 secs] 
155.405: [GC (Allocation Failure) [PSYoungGen: 467746K->16384K(582144K)] 1026439K->575076K(1980416K), 0.0015343 secs] [Times: user=0.00 sys=0.00, real=0.00 secs] 
159.010: [GC (Allocation Failure) [PSYoungGen: 477187K->66560K(578560K)] 1035879K->625252K(1976832K), 0.0056299 secs] [Times: user=0.00 sys=0.00, real=0.01 secs] 
161.954: [GC (Allocation Failure) [PSYoungGen: 510978K->15360K(583168K)] 1069670K->574052K(1981440K), 0.0015617 secs] [Times: user=0.00 sys=0.00, real=0.00 secs] 
165.331: [GC (Allocation Failure) [PSYoungGen: 474196K->10240K(579584K)] 1032888K->568932K(1977856K), 0.0016650 secs] [Times: user=0.00 sys=0.00, real=0.00 secs] 
168.273: [GC (Allocation Failure) [PSYoungGen: 471045K->87040K(563200K)] 1029737K->645732K(1961472K), 0.0059905 secs] [Times: user=0.02 sys=0.00, real=0.01 secs] 
171.762: [GC (Allocation Failure) [PSYoungGen: 527109K->123904K(564224K)] 1085801K->682596K(1962496K), 0.0157403 secs] [Times: user=0.00 sys=0.00, real=0.01 secs] 
174.613: [GC (Allocation Failure) [PSYoungGen: 553536K->25600K(541696K)] 1112228K->584292K(1939968K), 0.0021183 secs] [Times: user=0.00 sys=0.00, real=0.00 secs] 
177.769: [GC (Allocation Failure) [PSYoungGen: 402564K->107520K(516096K)] 961257K->666212K(1914368K), 0.0054998 secs] [Times: user=0.00 sys=0.00, real=0.00 secs] 
180.609: [GC (Allocation Failure) [PSYoungGen: 465875K->5120K(546816K)] 1024567K->563812K(1945088K), 0.0017741 secs] [Times: user=0.00 sys=0.00, real=0.00 secs] 
183.191: [GC (Allocation Failure) [PSYoungGen: 388766K->27648K(544768K)] 947458K->586340K(1943040K), 0.0023846 secs] [Times: user=0.00 sys=0.00, real=0.00 secs] 
185.346: [GC (Allocation Failure) [PSYoungGen: 416414K->20480K(559104K)] 975107K->579172K(1957376K), 0.0022470 secs] [Times: user=0.00 sys=0.00, real=0.00 secs] 
188.919: [GC (Allocation Failure) [PSYoungGen: 422978K->25600K(553472K)] 981671K->584292K(1951744K), 0.0022585 secs] [Times: user=0.00 sys=0.00, real=0.00 secs] 
191.316: [GC (Allocation Failure) [PSYoungGen: 437376K->113696K(530432K)] 996068K->677508K(1928704K), 0.0161875 secs] [Times: user=0.02 sys=0.00, real=0.02 secs] 
194.694: [GC (Allocation Failure) [PSYoungGen: 471814K->77856K(547840K)] 1035627K->641676K(1946112K), 0.0055465 secs] [Times: user=0.00 sys=0.00, real=0.01 secs] 
197.419: [GC (Allocation Failure) [PSYoungGen: 451329K->46080K(556544K)] 1015150K->609908K(1954816K), 0.0033664 secs] [Times: user=0.00 sys=0.00, real=0.00 secs] 
199.918: [GC (Allocation Failure) [PSYoungGen: 443284K->10240K(547840K)] 1007112K->574068K(1946112K), 0.0014459 secs] [Times: user=0.00 sys=0.00, real=0.00 secs] 
201.777: [GC (Allocation Failure) [PSYoungGen: 330647K->57344K(564224K)] 894475K->626292K(1962496K), 0.0051964 secs] [Times: user=0.00 sys=0.00, real=0.00 secs] 
205.728: [GC (Allocation Failure) [PSYoungGen: 472327K->30720K(558592K)] 1041275K->599668K(1956864K), 0.0026162 secs] [Times: user=0.02 sys=0.00, real=0.00 secs] 
208.565: [GC (Allocation Failure) [PSYoungGen: 449798K->66560K(570368K)] 1018746K->635508K(1968640K), 0.0052393 secs] [Times: user=0.00 sys=0.00, real=0.00 secs] 
211.411: [GC (Allocation Failure) [PSYoungGen: 500328K->15360K(569856K)] 1069276K->584308K(1968128K), 0.0014848 secs] [Times: user=0.00 sys=0.00, real=0.00 secs] 
214.030: [GC (Allocation Failure) [PSYoungGen: 455274K->21504K(577024K)] 1024223K->595572K(1975296K), 0.0028529 secs] [Times: user=0.00 sys=0.00, real=0.00 secs] 
217.411: [GC (Allocation Failure) [PSYoungGen: 399150K->112640K(553984K)] 973218K->707188K(1952256K), 0.0157079 secs] [Times: user=0.00 sys=0.00, real=0.02 secs] 
Heap
 PSYoungGen      total 553984K, used 248017K [0x00000000d5580000, 0x0000000100000000, 0x0000000100000000)
  eden space 440832K, 30% used [0x00000000d5580000,0x00000000dd9b45c0,0x00000000f0400000)
  from space 113152K, 99% used [0x00000000f0e00000,0x00000000f7c00040,0x00000000f7c80000)
  to   space 134656K, 0% used [0x00000000f7c80000,0x00000000f7c80000,0x0000000100000000)
 ParOldGen       total 1398272K, used 594548K [0x0000000080000000, 0x00000000d5580000, 0x00000000d5580000)
  object space 1398272K, 42% used [0x0000000080000000,0x00000000a449d140,0x00000000d5580000)
 Metaspace       used 2804K, capacity 4486K, committed 4864K, reserved 1056768K
  class space    used 297K, capacity 386K, committed 512K, reserved 1048576K
