Java HotSpot(TM) 64-Bit Server VM (25.411-b09) for windows-amd64 JRE (1.8.0_411-b09), built on Mar 13 2024 07:26:13 by "java_re" with MS VC++ 17.1 (VS2022)
Memory: 4k page, physical 33403376k(14070612k free), swap 36670664k(7105804k free)
CommandLine flags: -XX:InitialHeapSize=1073741824 -XX:MaxHeapSize=1073741824 -XX:NewRatio=1 -XX:ParallelGCThreads=6 -XX:+PrintGC -XX:+PrintGCDetails -XX:+PrintGCTimeStamps -XX:SurvivorRatio=13 -XX:-UseAdaptiveSizePolicy -XX:+UseCompressedClassPointers -XX:+UseCompressedOops -XX:-UseLargePagesIndividualAllocation -XX:+UseParallelGC 
2.847: [GC (Allocation Failure) [PSYoungGen: 362250K->11952K(489472K)] 362250K->63160K(1013760K), 0.0182112 secs] [Times: user=0.03 sys=0.00, real=0.02 secs] 
7.012: [GC (Allocation Failure) [PSYoungGen: 462612K->31336K(489472K)] 513820K->113272K(1013760K), 0.0154196 secs] [Times: user=0.00 sys=0.00, real=0.02 secs] 
9.867: [GC (Allocation Failure) [PSYoungGen: 450873K->26200K(489472K)] 532809K->159336K(1013760K), 0.0166143 secs] [Times: user=0.00 sys=0.00, real=0.02 secs] 
12.720: [GC (Allocation Failure) [PSYoungGen: 463086K->26272K(489472K)] 596222K->159416K(1013760K), 0.0023960 secs] [Times: user=0.00 sys=0.00, real=0.00 secs] 
16.324: [GC (Allocation Failure) [PSYoungGen: 476602K->10840K(489472K)] 609747K->143984K(1013760K), 0.0012085 secs] [Times: user=0.00 sys=0.00, real=0.00 secs] 
19.058: [GC (Allocation Failure) [PSYoungGen: 461202K->31352K(489472K)] 594346K->220824K(1013760K), 0.0178449 secs] [Times: user=0.02 sys=0.00, real=0.02 secs] 
22.567: [GC (Allocation Failure) [PSYoungGen: 476615K->22208K(489472K)] 666087K->314080K(1013760K), 0.0308927 secs] [Times: user=0.01 sys=0.01, real=0.03 secs] 
25.549: [GC (Allocation Failure) [PSYoungGen: 472604K->31384K(489472K)] 764476K->338616K(1013760K), 0.0047456 secs] [Times: user=0.00 sys=0.00, real=0.00 secs] 
28.822: [GC (Allocation Failure) [PSYoungGen: 483709K->6776K(489472K)] 790941K->365216K(1013760K), 0.0160013 secs] [Times: user=0.00 sys=0.00, real=0.02 secs] 
32.654: [GC (Allocation Failure) [PSYoungGen: 436692K->27312K(489472K)] 795132K->385760K(1013760K), 0.0026485 secs] [Times: user=0.00 sys=0.00, real=0.00 secs] 
35.483: [GC (Allocation Failure) [PSYoungGen: 457236K->31352K(489472K)] 815684K->389808K(1013760K), 0.0030011 secs] [Times: user=0.00 sys=0.00, real=0.00 secs] 
38.212: [GC (Allocation Failure) [PSYoungGen: 466401K->31384K(489472K)] 824858K->410320K(1013760K), 0.0154477 secs] [Times: user=0.00 sys=0.00, real=0.02 secs] 
41.279: [GC (Allocation Failure) --[PSYoungGen: 444933K->444933K(489472K)] 823869K->875069K(1013760K), 0.0169704 secs] [Times: user=0.00 sys=0.02, real=0.02 secs] 
41.296: [Full GC (Ergonomics) [PSYoungGen: 444933K->0K(489472K)] [ParOldGen: 430136K->164369K(524288K)] 875069K->164369K(1013760K), [Metaspace: 2793K->2793K(1056768K)], 0.0203775 secs] [Times: user=0.00 sys=0.00, real=0.02 secs] 
45.481: [GC (Allocation Failure) [PSYoungGen: 437103K->31744K(489472K)] 601472K->211473K(1013760K), 0.0035219 secs] [Times: user=0.00 sys=0.00, real=0.00 secs] 
48.324: [GC (Allocation Failure) [PSYoungGen: 456500K->25600K(489472K)] 636230K->225809K(1013760K), 0.0031480 secs] [Times: user=0.00 sys=0.00, real=0.00 secs] 
51.164: [GC (Allocation Failure) [PSYoungGen: 464714K->25600K(489472K)] 664924K->225809K(1013760K), 0.0023977 secs] [Times: user=0.00 sys=0.00, real=0.00 secs] 
54.979: [GC (Allocation Failure) [PSYoungGen: 477017K->10240K(489472K)] 677226K->210449K(1013760K), 0.0011226 secs] [Times: user=0.00 sys=0.00, real=0.00 secs] 
58.152: [GC (Allocation Failure) [PSYoungGen: 455515K->5120K(489472K)] 655725K->205329K(1013760K), 0.0012023 secs] [Times: user=0.00 sys=0.00, real=0.00 secs] 
60.887: [GC (Allocation Failure) [PSYoungGen: 450404K->20480K(489472K)] 650613K->374289K(1013760K), 0.0153809 secs] [Times: user=0.00 sys=0.00, real=0.01 secs] 
63.853: [GC (Allocation Failure) [PSYoungGen: 464745K->26624K(489472K)] 818555K->380433K(1013760K), 0.0019449 secs] [Times: user=0.01 sys=0.00, real=0.00 secs] 
67.134: [GC (Allocation Failure) [PSYoungGen: 481133K->26624K(489472K)] 834942K->380433K(1013760K), 0.0024243 secs] [Times: user=0.00 sys=0.00, real=0.00 secs] 
70.846: [GC (Allocation Failure) [PSYoungGen: 472943K->15360K(489472K)] 826753K->471569K(1013760K), 0.0160639 secs] [Times: user=0.00 sys=0.00, real=0.02 secs] 
70.862: [Full GC (Ergonomics) [PSYoungGen: 15360K->0K(489472K)] [ParOldGen: 456209K->118289K(524288K)] 471569K->118289K(1013760K), [Metaspace: 2796K->2796K(1056768K)], 0.0100534 secs] [Times: user=0.00 sys=0.00, real=0.01 secs] 
73.825: [GC (Allocation Failure) [PSYoungGen: 440177K->20480K(489472K)] 558466K->138769K(1013760K), 0.0017587 secs] [Times: user=0.00 sys=0.00, real=0.00 secs] 
76.556: [GC (Allocation Failure) [PSYoungGen: 465718K->30720K(489472K)] 584008K->159249K(1013760K), 0.0029979 secs] [Times: user=0.02 sys=0.00, real=0.00 secs] 
79.729: [GC (Allocation Failure) [PSYoungGen: 408396K->10240K(489472K)] 536925K->241169K(1013760K), 0.0156055 secs] [Times: user=0.00 sys=0.00, real=0.02 secs] 
82.586: [GC (Allocation Failure) [PSYoungGen: 368473K->6144K(489472K)] 599402K->288273K(1013760K), 0.0045673 secs] [Times: user=0.00 sys=0.00, real=0.00 secs] 
85.441: [GC (Allocation Failure) [PSYoungGen: 436056K->10240K(489472K)] 718185K->343569K(1013760K), 0.0047810 secs] [Times: user=0.00 sys=0.00, real=0.00 secs] 
88.192: [GC (Allocation Failure) [PSYoungGen: 414561K->30720K(489472K)] 747891K->394769K(1013760K), 0.0042254 secs] [Times: user=0.00 sys=0.00, real=0.00 secs] 
91.134: [GC (Allocation Failure) [PSYoungGen: 423783K->10240K(489472K)] 787833K->527889K(1013760K), 0.0305257 secs] [Times: user=0.02 sys=0.01, real=0.03 secs] 
91.164: [Full GC (Ergonomics) [PSYoungGen: 10240K->0K(489472K)] [ParOldGen: 517649K->164369K(524288K)] 527889K->164369K(1013760K), [Metaspace: 2796K->2796K(1056768K)], 0.0121292 secs] [Times: user=0.00 sys=0.00, real=0.01 secs] 
95.331: [GC (Allocation Failure) [PSYoungGen: 437099K->31744K(489472K)] 601468K->211473K(1013760K), 0.0034473 secs] [Times: user=0.00 sys=0.00, real=0.00 secs] 
98.168: [GC (Allocation Failure) [PSYoungGen: 456498K->25600K(489472K)] 636227K->225809K(1013760K), 0.0037452 secs] [Times: user=0.00 sys=0.00, real=0.00 secs] 
101.006: [GC (Allocation Failure) [PSYoungGen: 464713K->25600K(489472K)] 664922K->225809K(1013760K), 0.0023112 secs] [Times: user=0.00 sys=0.00, real=0.00 secs] 
104.822: [GC (Allocation Failure) [PSYoungGen: 477016K->10240K(489472K)] 677225K->210449K(1013760K), 0.0009995 secs] [Times: user=0.02 sys=0.00, real=0.00 secs] 
107.990: [GC (Allocation Failure) [PSYoungGen: 455515K->5120K(489472K)] 655724K->205329K(1013760K), 0.0008934 secs] [Times: user=0.00 sys=0.00, real=0.00 secs] 
110.724: [GC (Allocation Failure) [PSYoungGen: 450403K->20480K(489472K)] 650613K->374289K(1013760K), 0.0159107 secs] [Times: user=0.01 sys=0.00, real=0.02 secs] 
113.685: [GC (Allocation Failure) [PSYoungGen: 464745K->26624K(489472K)] 818554K->380433K(1013760K), 0.0020997 secs] [Times: user=0.00 sys=0.00, real=0.00 secs] 
116.970: [GC (Allocation Failure) [PSYoungGen: 481133K->26624K(489472K)] 834942K->380433K(1013760K), 0.0022381 secs] [Times: user=0.00 sys=0.00, real=0.00 secs] 
120.681: [GC (Allocation Failure) [PSYoungGen: 472943K->15360K(489472K)] 826753K->471569K(1013760K), 0.0156536 secs] [Times: user=0.02 sys=0.00, real=0.02 secs] 
120.697: [Full GC (Ergonomics) [PSYoungGen: 15360K->0K(489472K)] [ParOldGen: 456209K->118289K(524288K)] 471569K->118289K(1013760K), [Metaspace: 2796K->2796K(1056768K)], 0.0094341 secs] [Times: user=0.02 sys=0.00, real=0.01 secs] 
123.654: [GC (Allocation Failure) [PSYoungGen: 440176K->20480K(489472K)] 558466K->138769K(1013760K), 0.0015419 secs] [Times: user=0.00 sys=0.00, real=0.00 secs] 
126.392: [GC (Allocation Failure) [PSYoungGen: 465718K->30720K(489472K)] 584007K->159249K(1013760K), 0.0029030 secs] [Times: user=0.00 sys=0.00, real=0.00 secs] 
129.559: [GC (Allocation Failure) [PSYoungGen: 408396K->10240K(489472K)] 536925K->241169K(1013760K), 0.0159918 secs] [Times: user=0.00 sys=0.00, real=0.02 secs] 
132.419: [GC (Allocation Failure) [PSYoungGen: 368473K->6144K(489472K)] 599402K->288273K(1013760K), 0.0044710 secs] [Times: user=0.00 sys=0.00, real=0.01 secs] 
135.257: [GC (Allocation Failure) [PSYoungGen: 436056K->10240K(489472K)] 718185K->343569K(1013760K), 0.0047177 secs] [Times: user=0.01 sys=0.00, real=0.00 secs] 
137.996: [GC (Allocation Failure) [PSYoungGen: 414561K->20480K(489472K)] 747891K->394769K(1013760K), 0.0044153 secs] [Times: user=0.00 sys=0.00, real=0.00 secs] 
140.946: [GC (Allocation Failure) --[PSYoungGen: 413543K->413543K(489472K)] 787833K->839033K(1013760K), 0.0052013 secs] [Times: user=0.00 sys=0.00, real=0.00 secs] 
140.952: [Full GC (Ergonomics) [PSYoungGen: 413543K->0K(489472K)] [ParOldGen: 425489K->164369K(524288K)] 839033K->164369K(1013760K), [Metaspace: 2796K->2796K(1056768K)], 0.0144013 secs] [Times: user=0.01 sys=0.00, real=0.02 secs] 
145.112: [GC (Allocation Failure) [PSYoungGen: 437099K->26624K(489472K)] 601468K->211473K(1013760K), 0.0032680 secs] [Times: user=0.00 sys=0.00, real=0.00 secs] 
147.949: [GC (Allocation Failure) [PSYoungGen: 451378K->25600K(489472K)] 636227K->230929K(1013760K), 0.0030778 secs] [Times: user=0.00 sys=0.00, real=0.00 secs] 
150.793: [GC (Allocation Failure) [PSYoungGen: 464713K->25600K(489472K)] 670042K->230929K(1013760K), 0.0021077 secs] [Times: user=0.00 sys=0.00, real=0.00 secs] 
154.607: [GC (Allocation Failure) [PSYoungGen: 477016K->10240K(489472K)] 682345K->215569K(1013760K), 0.0013086 secs] [Times: user=0.00 sys=0.00, real=0.00 secs] 
157.774: [GC (Allocation Failure) [PSYoungGen: 455515K->5120K(489472K)] 660844K->210449K(1013760K), 0.0011538 secs] [Times: user=0.00 sys=0.00, real=0.00 secs] 
160.501: [GC (Allocation Failure) [PSYoungGen: 450403K->20480K(489472K)] 655733K->379409K(1013760K), 0.0152291 secs] [Times: user=0.00 sys=0.00, real=0.01 secs] 
163.457: [GC (Allocation Failure) [PSYoungGen: 464745K->26624K(489472K)] 823674K->385553K(1013760K), 0.0021654 secs] [Times: user=0.00 sys=0.00, real=0.00 secs] 
166.733: [GC (Allocation Failure) [PSYoungGen: 481133K->26624K(489472K)] 840062K->385553K(1013760K), 0.0023690 secs] [Times: user=0.00 sys=0.00, real=0.00 secs] 
170.449: [GC (Allocation Failure) [PSYoungGen: 472943K->15360K(489472K)] 831873K->476689K(1013760K), 0.0150266 secs] [Times: user=0.00 sys=0.00, real=0.02 secs] 
170.464: [Full GC (Ergonomics) [PSYoungGen: 15360K->0K(489472K)] [ParOldGen: 461329K->118289K(524288K)] 476689K->118289K(1013760K), [Metaspace: 2796K->2796K(1056768K)], 0.0088831 secs] [Times: user=0.00 sys=0.00, real=0.01 secs] 
173.421: [GC (Allocation Failure) [PSYoungGen: 440176K->20480K(489472K)] 558466K->138769K(1013760K), 0.0016783 secs] [Times: user=0.00 sys=0.00, real=0.00 secs] 
176.151: [GC (Allocation Failure) [PSYoungGen: 465718K->30720K(489472K)] 584007K->159249K(1013760K), 0.0028002 secs] [Times: user=0.00 sys=0.00, real=0.00 secs] 
179.311: [GC (Allocation Failure) [PSYoungGen: 408396K->10240K(489472K)] 536925K->241169K(1013760K), 0.0152558 secs] [Times: user=0.00 sys=0.00, real=0.01 secs] 
182.166: [GC (Allocation Failure) [PSYoungGen: 368473K->6144K(489472K)] 599402K->288273K(1013760K), 0.0047779 secs] [Times: user=0.00 sys=0.00, real=0.01 secs] 
185.008: [GC (Allocation Failure) [PSYoungGen: 436056K->10240K(489472K)] 718185K->343569K(1013760K), 0.0050059 secs] [Times: user=0.02 sys=0.00, real=0.00 secs] 
187.738: [GC (Allocation Failure) [PSYoungGen: 414561K->30720K(489472K)] 747891K->394769K(1013760K), 0.0042773 secs] [Times: user=0.00 sys=0.00, real=0.00 secs] 
190.684: [GC (Allocation Failure) [PSYoungGen: 423783K->10240K(489472K)] 787833K->527889K(1013760K), 0.0152031 secs] [Times: user=0.00 sys=0.00, real=0.02 secs] 
190.699: [Full GC (Ergonomics) [PSYoungGen: 10240K->0K(489472K)] [ParOldGen: 517649K->164369K(524288K)] 527889K->164369K(1013760K), [Metaspace: 2796K->2796K(1056768K)], 0.0132731 secs] [Times: user=0.00 sys=0.00, real=0.01 secs] 
194.851: [GC (Allocation Failure) [PSYoungGen: 437099K->31840K(489472K)] 601468K->211569K(1013760K), 0.0033865 secs] [Times: user=0.00 sys=0.00, real=0.00 secs] 
197.683: [GC (Allocation Failure) [PSYoungGen: 456594K->25696K(489472K)] 636323K->225905K(1013760K), 0.0032145 secs] [Times: user=0.00 sys=0.00, real=0.00 secs] 
200.521: [GC (Allocation Failure) [PSYoungGen: 464809K->25632K(489472K)] 665018K->225841K(1013760K), 0.0021985 secs] [Times: user=0.00 sys=0.00, real=0.00 secs] 
204.341: [GC (Allocation Failure) [PSYoungGen: 477048K->10272K(489472K)] 677257K->210481K(1013760K), 0.0011602 secs] [Times: user=0.00 sys=0.00, real=0.00 secs] 
207.504: [GC (Allocation Failure) [PSYoungGen: 455547K->5184K(489472K)] 655756K->205393K(1013760K), 0.0009150 secs] [Times: user=0.00 sys=0.00, real=0.00 secs] 
210.237: [GC (Allocation Failure) [PSYoungGen: 450467K->20544K(489472K)] 650677K->374353K(1013760K), 0.0153241 secs] [Times: user=0.02 sys=0.00, real=0.02 secs] 
210.252: [Full GC (Ergonomics) [PSYoungGen: 20544K->0K(489472K)] [ParOldGen: 353809K->174609K(524288K)] 374353K->174609K(1013760K), [Metaspace: 2796K->2796K(1056768K)], 0.0124683 secs] [Times: user=0.02 sys=0.00, real=0.01 secs] 
213.213: [GC (Allocation Failure) [PSYoungGen: 444265K->26624K(489472K)] 618875K->201233K(1013760K), 0.0018848 secs] [Times: user=0.02 sys=0.00, real=0.00 secs] 
216.488: [GC (Allocation Failure) [PSYoungGen: 481074K->26624K(489472K)] 655684K->201233K(1013760K), 0.0022382 secs] [Times: user=0.00 sys=0.00, real=0.00 secs] 
Heap
 PSYoungGen      total 489472K, used 286415K [0x00000000e0000000, 0x0000000100000000, 0x0000000100000000)
  eden space 454656K, 57% used [0x00000000e0000000,0x00000000efdb3ca8,0x00000000fbc00000)
  from space 34816K, 76% used [0x00000000fbc00000,0x00000000fd600030,0x00000000fde00000)
  to   space 34816K, 0% used [0x00000000fde00000,0x00000000fde00000,0x0000000100000000)
 ParOldGen       total 524288K, used 174609K [0x00000000c0000000, 0x00000000e0000000, 0x00000000e0000000)
  object space 524288K, 33% used [0x00000000c0000000,0x00000000caa84730,0x00000000e0000000)
 Metaspace       used 2804K, capacity 4486K, committed 4864K, reserved 1056768K
  class space    used 297K, capacity 386K, committed 512K, reserved 1048576K
