Java HotSpot(TM) 64-Bit Server VM (25.411-b09) for windows-amd64 JRE (1.8.0_411-b09), built on Mar 13 2024 07:26:13 by "java_re" with MS VC++ 17.1 (VS2022)
Memory: 4k page, physical 33403376k(14400116k free), swap 36670664k(7321016k free)
CommandLine flags: -XX:InitialHeapSize=536870912 -XX:MaxHeapSize=536870912 -XX:NewRatio=9 -XX:ParallelGCThreads=6 -XX:+PrintGC -XX:+PrintGCDetails -XX:+PrintGCTimeStamps -XX:SurvivorRatio=13 -XX:-UseAdaptiveSizePolicy -XX:+UseCompressedClassPointers -XX:+UseCompressedOops -XX:-UseLargePagesIndividualAllocation -XX:+UseParallelGC 
1.041: [GC (Allocation Failure) [PSYoungGen: 44851K->712K(49152K)] 44851K->16080K(521216K), 0.0040582 secs] [Times: user=0.00 sys=0.00, real=0.00 secs] 
1.956: [GC (Allocation Failure) [PSYoungGen: 44622K->1664K(49152K)] 213590K->175752K(521216K), 0.0021350 secs] [Times: user=0.00 sys=0.00, real=0.00 secs] 
2.611: [GC (Allocation Failure) [PSYoungGen: 43533K->1640K(49152K)] 217621K->191088K(521216K), 0.0043481 secs] [Times: user=0.02 sys=0.00, real=0.00 secs] 
3.640: [GC (Allocation Failure) [PSYoungGen: 45554K->2648K(49152K)] 388603K->350816K(521216K), 0.0023817 secs] [Times: user=0.00 sys=0.00, real=0.00 secs] 
5.056: [GC (Allocation Failure) [PSYoungGen: 45544K->664K(49152K)] 393712K->359072K(521216K), 0.0027663 secs] [Times: user=0.00 sys=0.00, real=0.00 secs] 
5.493: [GC (Allocation Failure) [PSYoungGen: 32292K->648K(49152K)] 390700K->379536K(521216K), 0.0041224 secs] [Times: user=0.00 sys=0.00, real=0.00 secs] 
5.727: [GC (Allocation Failure) [PSYoungGen: 22032K->568K(49152K)] 452120K->430656K(521216K), 0.0011860 secs] [Times: user=0.00 sys=0.00, real=0.00 secs] 
5.728: [GC (Allocation Failure) [PSYoungGen: 568K->568K(49152K)] 430656K->430656K(521216K), 0.0010018 secs] [Times: user=0.00 sys=0.00, real=0.00 secs] 
5.729: [Full GC (Allocation Failure) [PSYoungGen: 568K->0K(49152K)] [ParOldGen: 430088K->67088K(472064K)] 430656K->67088K(521216K), [Metaspace: 2753K->2753K(1056768K)], 0.0103360 secs] [Times: user=0.00 sys=0.00, real=0.01 secs] 
6.832: [GC (Allocation Failure) [PSYoungGen: 43912K->0K(49152K)] 213400K->184848K(521216K), 0.0014247 secs] [Times: user=0.00 sys=0.00, real=0.00 secs] 
7.706: [GC (Allocation Failure) [PSYoungGen: 44379K->32K(49152K)] 382827K->364088K(521216K), 0.0022649 secs] [Times: user=0.00 sys=0.00, real=0.00 secs] 
8.576: [GC (Allocation Failure) [PSYoungGen: 26546K->32K(49152K)] 441803K->415296K(521216K), 0.0009565 secs] [Times: user=0.00 sys=0.00, real=0.00 secs] 
8.577: [GC (Allocation Failure) [PSYoungGen: 32K->32K(49152K)] 415296K->415296K(521216K), 0.0010320 secs] [Times: user=0.00 sys=0.00, real=0.00 secs] 
8.578: [Full GC (Allocation Failure) [PSYoungGen: 32K->0K(49152K)] [ParOldGen: 415264K->51728K(472064K)] 415296K->51728K(521216K), [Metaspace: 2759K->2759K(1056768K)], 0.0053241 secs] [Times: user=0.00 sys=0.00, real=0.00 secs] 
9.681: [GC (Allocation Failure) [PSYoungGen: 43924K->0K(49152K)] 198053K->169488K(521216K), 0.0012666 secs] [Times: user=0.00 sys=0.00, real=0.00 secs] 
10.557: [GC (Allocation Failure) [PSYoungGen: 43926K->0K(49152K)] 367015K->328208K(521216K), 0.0010603 secs] [Times: user=0.00 sys=0.00, real=0.00 secs] 
11.214: [GC (Allocation Failure) [PSYoungGen: 41879K->0K(49152K)] 370088K->343569K(521216K), 0.0014961 secs] [Times: user=0.00 sys=0.00, real=0.00 secs] 
11.435: [GC (Allocation Failure) [PSYoungGen: 21393K->0K(49152K)] 416162K->394769K(521216K), 0.0010634 secs] [Times: user=0.00 sys=0.00, real=0.00 secs] 
11.437: [GC (Allocation Failure) [PSYoungGen: 0K->0K(49152K)] 394769K->394769K(521216K), 0.0010885 secs] [Times: user=0.00 sys=0.00, real=0.00 secs] 
11.438: [Full GC (Allocation Failure) [PSYoungGen: 0K->0K(49152K)] [ParOldGen: 394769K->215568K(472064K)] 394769K->215568K(521216K), [Metaspace: 2761K->2761K(1056768K)], 0.0116708 secs] [Times: user=0.01 sys=0.00, real=0.01 secs] 
12.655: [GC (Allocation Failure) [PSYoungGen: 32956K->32K(49152K)] 350925K->333368K(521216K), 0.0016301 secs] [Times: user=0.00 sys=0.00, real=0.00 secs] 
12.875: [GC (Allocation Failure) [PSYoungGen: 21428K->64K(49152K)] 405965K->384601K(521216K), 0.0011966 secs] [Times: user=0.00 sys=0.00, real=0.00 secs] 
12.876: [GC (Allocation Failure) [PSYoungGen: 64K->64K(49152K)] 384601K->384601K(521216K), 0.0008399 secs] [Times: user=0.00 sys=0.00, real=0.00 secs] 
12.877: [Full GC (Allocation Failure) [PSYoungGen: 64K->0K(49152K)] [ParOldGen: 384537K->56849K(472064K)] 384601K->56849K(521216K), [Metaspace: 2763K->2763K(1056768K)], 0.0049427 secs] [Times: user=0.09 sys=0.00, real=0.00 secs] 
13.982: [GC (Allocation Failure) [PSYoungGen: 43924K->1024K(49152K)] 203173K->180753K(521216K), 0.0012977 secs] [Times: user=0.00 sys=0.00, real=0.00 secs] 
14.856: [GC (Allocation Failure) [PSYoungGen: 44950K->1024K(49152K)] 378279K->344593K(521216K), 0.0013393 secs] [Times: user=0.00 sys=0.00, real=0.00 secs] 
16.054: [GC (Allocation Failure) [PSYoungGen: 42903K->0K(49152K)] 386472K->353809K(521216K), 0.0014788 secs] [Times: user=0.00 sys=0.00, real=0.00 secs] 
16.819: [GC (Allocation Failure) [PSYoungGen: 41873K->0K(49152K)] 395682K->369169K(521216K), 0.0014484 secs] [Times: user=0.00 sys=0.00, real=0.00 secs] 
17.146: [GC (Allocation Failure) [PSYoungGen: 31629K->0K(49152K)] 451998K->440849K(521216K), 0.0045376 secs] [Times: user=0.00 sys=0.00, real=0.01 secs] 
17.151: [Full GC (Ergonomics) [PSYoungGen: 0K->0K(49152K)] [ParOldGen: 440849K->77329K(472064K)] 440849K->77329K(521216K), [Metaspace: 2768K->2768K(1056768K)], 0.0062031 secs] [Times: user=0.00 sys=0.00, real=0.01 secs] 
18.257: [GC (Allocation Failure) [PSYoungGen: 43921K->0K(49152K)] 223650K->195089K(521216K), 0.0014007 secs] [Times: user=0.00 sys=0.00, real=0.00 secs] 
19.131: [GC (Allocation Failure) [PSYoungGen: 43924K->0K(49152K)] 392613K->353809K(521216K), 0.0010775 secs] [Times: user=0.00 sys=0.00, real=0.00 secs] 
20.002: [GC (Allocation Failure) [PSYoungGen: 11158K->0K(49152K)] 416167K->405009K(521216K), 0.0007461 secs] [Times: user=0.00 sys=0.00, real=0.00 secs] 
20.003: [GC (Allocation Failure) [PSYoungGen: 0K->0K(49152K)] 405009K->405009K(521216K), 0.0007775 secs] [Times: user=0.00 sys=0.00, real=0.00 secs] 
20.004: [Full GC (Allocation Failure) [PSYoungGen: 0K->0K(49152K)] [ParOldGen: 405009K->51729K(472064K)] 405009K->51729K(521216K), [Metaspace: 2770K->2770K(1056768K)], 0.0048881 secs] [Times: user=0.00 sys=0.00, real=0.01 secs] 
21.110: [GC (Allocation Failure) [PSYoungGen: 43926K->0K(49152K)] 198055K->169489K(521216K), 0.0015312 secs] [Times: user=0.00 sys=0.00, real=0.00 secs] 
21.988: [GC (Allocation Failure) [PSYoungGen: 43927K->1024K(49152K)] 367016K->329233K(521216K), 0.0008511 secs] [Times: user=0.00 sys=0.00, real=0.00 secs] 
22.643: [GC (Allocation Failure) [PSYoungGen: 42904K->1024K(49152K)] 371113K->344593K(521216K), 0.0016068 secs] [Times: user=0.00 sys=0.00, real=0.00 secs] 
22.863: [GC (Allocation Failure) [PSYoungGen: 22417K->1024K(49152K)] 417186K->395793K(521216K), 0.0008838 secs] [Times: user=0.00 sys=0.00, real=0.00 secs] 
22.864: [GC (Allocation Failure) [PSYoungGen: 1024K->1024K(49152K)] 395793K->395793K(521216K), 0.0009682 secs] [Times: user=0.00 sys=0.00, real=0.00 secs] 
22.865: [Full GC (Allocation Failure) [PSYoungGen: 1024K->0K(49152K)] [ParOldGen: 394769K->165393K(472064K)] 395793K->165393K(521216K), [Metaspace: 2779K->2779K(1056768K)], 0.0120573 secs] [Times: user=0.00 sys=0.00, real=0.01 secs] 
24.081: [GC (Allocation Failure) [PSYoungGen: 28561K->0K(49152K)] 296354K->288273K(521216K), 0.0015620 secs] [Times: user=0.02 sys=0.00, real=0.00 secs] 
25.062: [Full GC (Ergonomics) [PSYoungGen: 43924K->0K(49152K)] [ParOldGen: 441873K->21009K(472064K)] 485797K->21009K(521216K), [Metaspace: 2779K->2779K(1056768K)], 0.0039227 secs] [Times: user=0.00 sys=0.00, real=0.00 secs] 
25.502: [GC (Allocation Failure) [PSYoungGen: 31638K->0K(49152K)] 52647K->41489K(521216K), 0.0012078 secs] [Times: user=0.00 sys=0.00, real=0.00 secs] 
26.482: [GC (Allocation Failure) [PSYoungGen: 43918K->0K(49152K)] 239007K->205329K(521216K), 0.0009440 secs] [Times: user=0.00 sys=0.00, real=0.00 secs] 
26.920: [GC (Allocation Failure) [PSYoungGen: 31634K->0K(49152K)] 236963K->215569K(521216K), 0.0013466 secs] [Times: user=0.00 sys=0.00, real=0.00 secs] 
28.011: [GC (Allocation Failure) [PSYoungGen: 41867K->0K(49152K)] 257436K->225809K(521216K), 0.0010940 secs] [Times: user=0.00 sys=0.00, real=0.00 secs] 
28.339: [GC (Allocation Failure) [PSYoungGen: 26700K->32K(49152K)] 252509K->236089K(521216K), 0.0012854 secs] [Times: user=0.00 sys=0.00, real=0.00 secs] 
29.321: [GC (Allocation Failure) [PSYoungGen: 43937K->32K(49152K)] 433595K->399929K(521216K), 0.0008925 secs] [Times: user=0.00 sys=0.00, real=0.00 secs] 
29.761: [GC (Allocation Failure) [PSYoungGen: 31658K->64K(49152K)] 431555K->410201K(521216K), 0.0013626 secs] [Times: user=0.00 sys=0.00, real=0.00 secs] 
29.981: [Full GC (Ergonomics) [PSYoungGen: 21446K->0K(49152K)] [ParOldGen: 461337K->113169K(472064K)] 482783K->113169K(521216K), [Metaspace: 2793K->2793K(1056768K)], 0.0091459 secs] [Times: user=0.00 sys=0.00, real=0.01 secs] 
32.071: [GC (Allocation Failure) [PSYoungGen: 45958K->1024K(49152K)] 363927K->324113K(521216K), 0.0008591 secs] [Times: user=0.00 sys=0.00, real=0.00 secs] 
32.615: [GC (Allocation Failure) [PSYoungGen: 37773K->1024K(49152K)] 360862K->339473K(521216K), 0.0015142 secs] [Times: user=0.00 sys=0.00, real=0.00 secs] 
32.832: [GC (Allocation Failure) [PSYoungGen: 22409K->1024K(49152K)] 412059K->390673K(521216K), 0.0009094 secs] [Times: user=0.00 sys=0.00, real=0.00 secs] 
32.833: [GC (Allocation Failure) [PSYoungGen: 1024K->1024K(49152K)] 390673K->390673K(521216K), 0.0007263 secs] [Times: user=0.00 sys=0.00, real=0.00 secs] 
32.834: [Full GC (Allocation Failure) [PSYoungGen: 1024K->0K(49152K)] [ParOldGen: 389649K->57873K(472064K)] 390673K->57873K(521216K), [Metaspace: 2793K->2793K(1056768K)], 0.0053565 secs] [Times: user=0.00 sys=0.00, real=0.00 secs] 
33.940: [GC (Allocation Failure) [PSYoungGen: 43913K->1024K(49152K)] 204187K->181777K(521216K), 0.0014768 secs] [Times: user=0.00 sys=0.00, real=0.00 secs] 
35.250: [GC (Allocation Failure) [PSYoungGen: 39823K->0K(49152K)] 374176K->339473K(521216K), 0.0008886 secs] [Times: user=0.00 sys=0.00, real=0.00 secs] 
35.687: [GC (Allocation Failure) [PSYoungGen: 41874K->0K(49152K)] 432548K->400913K(521216K), 0.0011816 secs] [Times: user=0.00 sys=0.00, real=0.00 secs] 
35.689: [GC (Allocation Failure) [PSYoungGen: 0K->0K(49152K)] 400913K->400913K(521216K), 0.0008525 secs] [Times: user=0.00 sys=0.00, real=0.00 secs] 
35.690: [Full GC (Allocation Failure) [PSYoungGen: 0K->0K(49152K)] [ParOldGen: 400913K->61969K(472064K)] 400913K->61969K(521216K), [Metaspace: 2793K->2793K(1056768K)], 0.0053475 secs] [Times: user=0.00 sys=0.00, real=0.00 secs] 
36.793: [GC (Allocation Failure) [PSYoungGen: 43925K->0K(49152K)] 208294K->179729K(521216K), 0.0013967 secs] [Times: user=0.00 sys=0.00, real=0.00 secs] 
37.666: [GC (Allocation Failure) [PSYoungGen: 43926K->0K(49152K)] 377256K->358929K(521216K), 0.0021698 secs] [Times: user=0.00 sys=0.00, real=0.00 secs] 
38.324: [GC (Allocation Failure) [PSYoungGen: 41879K->0K(49152K)] 400809K->374289K(521216K), 0.0015961 secs] [Times: user=0.00 sys=0.00, real=0.00 secs] 
39.529: [GC (Allocation Failure) [PSYoungGen: 41873K->0K(49152K)] 467362K->435729K(521216K), 0.0012010 secs] [Times: user=0.00 sys=0.00, real=0.00 secs] 
39.530: [Full GC (Ergonomics) [PSYoungGen: 0K->0K(49152K)] [ParOldGen: 435729K->10769K(472064K)] 435729K->10769K(521216K), [Metaspace: 2793K->2793K(1056768K)], 0.0022627 secs] [Times: user=0.00 sys=0.00, real=0.00 secs] 
40.299: [GC (Allocation Failure) [PSYoungGen: 43924K->1024K(49152K)] 208293K->165393K(521216K), 0.0005840 secs] [Times: user=0.00 sys=0.00, real=0.00 secs] 
41.062: [GC (Allocation Failure) [PSYoungGen: 42902K->0K(49152K)] 207271K->179729K(521216K), 0.0016651 secs] [Times: user=0.00 sys=0.00, real=0.00 secs] 
41.935: [GC (Allocation Failure) [PSYoungGen: 43920K->1024K(49152K)] 377249K->339473K(521216K), 0.0009006 secs] [Times: user=0.00 sys=0.00, real=0.00 secs] 
43.569: [GC (Allocation Failure) [PSYoungGen: 44947K->1024K(49152K)] 383397K->344593K(521216K), 0.0008823 secs] [Times: user=0.00 sys=0.00, real=0.00 secs] 
44.003: [GC (Allocation Failure) [PSYoungGen: 32655K->1024K(49152K)] 376224K->365073K(521216K), 0.0018281 secs] [Times: user=0.02 sys=0.00, real=0.00 secs] 
44.222: [GC (Allocation Failure) [PSYoungGen: 22409K->1024K(49152K)] 437659K->416273K(521216K), 0.0010488 secs] [Times: user=0.00 sys=0.00, real=0.00 secs] 
44.223: [GC (Allocation Failure) [PSYoungGen: 1024K->1024K(49152K)] 416273K->416273K(521216K), 0.0008268 secs] [Times: user=0.00 sys=0.00, real=0.00 secs] 
44.224: [Full GC (Allocation Failure) [PSYoungGen: 1024K->0K(49152K)] [ParOldGen: 415249K->62993K(472064K)] 416273K->62993K(521216K), [Metaspace: 2795K->2795K(1056768K)], 0.0056178 secs] [Times: user=0.00 sys=0.00, real=0.01 secs] 
45.329: [GC (Allocation Failure) [PSYoungGen: 43913K->0K(49152K)] 209306K->180753K(521216K), 0.0013429 secs] [Times: user=0.00 sys=0.00, real=0.00 secs] 
46.749: [GC (Allocation Failure) [PSYoungGen: 43919K->0K(49152K)] 378272K->339473K(521216K), 0.0008116 secs] [Times: user=0.00 sys=0.00, real=0.00 secs] 
47.076: [GC (Allocation Failure) [PSYoungGen: 31634K->0K(49152K)] 422308K->411153K(521216K), 0.0024106 secs] [Times: user=0.00 sys=0.00, real=0.00 secs] 
47.079: [GC (Allocation Failure) [PSYoungGen: 0K->0K(49152K)] 411153K->411153K(521216K), 0.0006851 secs] [Times: user=0.00 sys=0.00, real=0.00 secs] 
47.080: [Full GC (Allocation Failure) [PSYoungGen: 0K->0K(49152K)] [ParOldGen: 411153K->72209K(472064K)] 411153K->72209K(521216K), [Metaspace: 2795K->2795K(1056768K)], 0.0065756 secs] [Times: user=0.02 sys=0.00, real=0.01 secs] 
48.180: [GC (Allocation Failure) [PSYoungGen: 43925K->0K(49152K)] 218534K->189969K(521216K), 0.0015162 secs] [Times: user=0.00 sys=0.00, real=0.00 secs] 
49.052: [GC (Allocation Failure) [PSYoungGen: 43926K->0K(49152K)] 387496K->348689K(521216K), 0.0014160 secs] [Times: user=0.00 sys=0.00, real=0.00 secs] 
49.708: [GC (Allocation Failure) [PSYoungGen: 41879K->0K(49152K)] 390569K->364049K(521216K), 0.0015364 secs] [Times: user=0.00 sys=0.00, real=0.00 secs] 
49.925: [GC (Allocation Failure) [PSYoungGen: 21393K->0K(49152K)] 436642K->415249K(521216K), 0.0011242 secs] [Times: user=0.02 sys=0.00, real=0.00 secs] 
49.926: [GC (Allocation Failure) [PSYoungGen: 0K->0K(49152K)] 415249K->415249K(521216K), 0.0009112 secs] [Times: user=0.00 sys=0.00, real=0.00 secs] 
49.927: [Full GC (Allocation Failure) [PSYoungGen: 0K->0K(49152K)] [ParOldGen: 415249K->133649K(472064K)] 415249K->133649K(521216K), [Metaspace: 2795K->2795K(1056768K)], 0.0101252 secs] [Times: user=0.00 sys=0.00, real=0.01 secs] 
51.144: [GC (Allocation Failure) [PSYoungGen: 36753K->0K(49152K)] 272802K->251409K(521216K), 0.0014950 secs] [Times: user=0.00 sys=0.00, real=0.00 secs] 
52.124: [GC (Allocation Failure) [PSYoungGen: 43924K->1024K(49152K)] 448933K->411153K(521216K), 0.0008822 secs] [Times: user=0.00 sys=0.00, real=0.00 secs] 
52.561: [GC (Allocation Failure) [PSYoungGen: 32662K->1024K(49152K)] 442791K->426513K(521216K), 0.0015715 secs] [Times: user=0.00 sys=0.00, real=0.00 secs] 
52.563: [Full GC (Ergonomics) [PSYoungGen: 1024K->0K(49152K)] [ParOldGen: 425489K->22033K(472064K)] 426513K->22033K(521216K), [Metaspace: 2795K->2795K(1056768K)], 0.0030562 secs] [Times: user=0.00 sys=0.00, real=0.00 secs] 
53.544: [GC (Allocation Failure) [PSYoungGen: 43918K->1024K(49152K)] 219551K->181777K(521216K), 0.0010539 secs] [Times: user=0.00 sys=0.00, real=0.00 secs] 
54.962: [GC (Allocation Failure) [PSYoungGen: 43922K->0K(49152K)] 224675K->190993K(521216K), 0.0010244 secs] [Times: user=0.00 sys=0.00, real=0.00 secs] 
55.398: [GC (Allocation Failure) [PSYoungGen: 31629K->0K(49152K)] 222623K->211473K(521216K), 0.0014123 secs] [Times: user=0.00 sys=0.00, real=0.00 secs] 
56.379: [GC (Allocation Failure) [PSYoungGen: 43912K->0K(49152K)] 408986K->375313K(521216K), 0.0010745 secs] [Times: user=0.00 sys=0.00, real=0.00 secs] 
56.814: [GC (Allocation Failure) [PSYoungGen: 31630K->0K(49152K)] 406944K->385553K(521216K), 0.0011730 secs] [Times: user=0.00 sys=0.00, real=0.00 secs] 
57.032: [GC (Allocation Failure) [PSYoungGen: 21385K->0K(49152K)] 458138K->457233K(521216K), 0.0023223 secs] [Times: user=0.00 sys=0.00, real=0.00 secs] 
57.035: [Full GC (Ergonomics) [PSYoungGen: 0K->0K(49152K)] [ParOldGen: 457233K->92689K(472064K)] 457233K->92689K(521216K), [Metaspace: 2796K->2796K(1056768K)], 0.0076655 secs] [Times: user=0.00 sys=0.00, real=0.01 secs] 
58.903: [GC (Allocation Failure) [PSYoungGen: 45961K->0K(49152K)] 394650K->353809K(521216K), 0.0008030 secs] [Times: user=0.00 sys=0.00, real=0.00 secs] 
59.560: [GC (Allocation Failure) [PSYoungGen: 36751K->0K(49152K)] 390560K->369169K(521216K), 0.0016992 secs] [Times: user=0.00 sys=0.00, real=0.00 secs] 
59.889: [GC (Allocation Failure) [PSYoungGen: 31626K->0K(49152K)] 451996K->420369K(521216K), 0.0009595 secs] [Times: user=0.00 sys=0.00, real=0.00 secs] 
59.890: [GC (Allocation Failure) [PSYoungGen: 0K->0K(49152K)] 420369K->420369K(521216K), 0.0009497 secs] [Times: user=0.00 sys=0.00, real=0.00 secs] 
59.891: [Full GC (Allocation Failure) [PSYoungGen: 0K->0K(49152K)] [ParOldGen: 420369K->108049K(472064K)] 420369K->108049K(521216K), [Metaspace: 2796K->2796K(1056768K)], 0.0084490 secs] [Times: user=0.02 sys=0.00, real=0.01 secs] 
60.998: [GC (Allocation Failure) [PSYoungGen: 43920K->0K(49152K)] 254369K->225809K(521216K), 0.0016834 secs] [Times: user=0.00 sys=0.00, real=0.00 secs] 
62.311: [GC (Allocation Failure) [PSYoungGen: 42899K->0K(49152K)] 422308K->389649K(521216K), 0.0009672 secs] [Times: user=0.00 sys=0.00, real=0.00 secs] 
62.749: [Full GC (Ergonomics) [PSYoungGen: 41877K->0K(49152K)] [ParOldGen: 440849K->56849K(472064K)] 482727K->56849K(521216K), [Metaspace: 2796K->2796K(1056768K)], 0.0057773 secs] [Times: user=0.00 sys=0.00, real=0.00 secs] 
63.858: [GC (Allocation Failure) [PSYoungGen: 43927K->1024K(49152K)] 203176K->180753K(521216K), 0.0016253 secs] [Times: user=0.00 sys=0.00, real=0.00 secs] 
64.737: [GC (Allocation Failure) [PSYoungGen: 44951K->1024K(49152K)] 378281K->344593K(521216K), 0.0011759 secs] [Times: user=0.00 sys=0.00, real=0.00 secs] 
65.938: [GC (Allocation Failure) [PSYoungGen: 42904K->0K(49152K)] 386474K->353809K(521216K), 0.0015313 secs] [Times: user=0.00 sys=0.00, real=0.00 secs] 
66.702: [GC (Allocation Failure) [PSYoungGen: 41873K->0K(49152K)] 395683K->369169K(521216K), 0.0016298 secs] [Times: user=0.00 sys=0.00, real=0.00 secs] 
67.031: [GC (Allocation Failure) [PSYoungGen: 31629K->0K(49152K)] 451999K->440849K(521216K), 0.0019284 secs] [Times: user=0.00 sys=0.00, real=0.00 secs] 
67.033: [Full GC (Ergonomics) [PSYoungGen: 0K->0K(49152K)] [ParOldGen: 440849K->77329K(472064K)] 440849K->77329K(521216K), [Metaspace: 2796K->2796K(1056768K)], 0.0063087 secs] [Times: user=0.00 sys=0.00, real=0.01 secs] 
68.138: [GC (Allocation Failure) [PSYoungGen: 43921K->0K(49152K)] 223651K->195089K(521216K), 0.0013836 secs] [Times: user=0.00 sys=0.00, real=0.00 secs] 
69.008: [GC (Allocation Failure) [PSYoungGen: 43924K->0K(49152K)] 392614K->353809K(521216K), 0.0010407 secs] [Times: user=0.00 sys=0.00, real=0.00 secs] 
69.879: [GC (Allocation Failure) [PSYoungGen: 11158K->0K(49152K)] 416167K->405009K(521216K), 0.0013088 secs] [Times: user=0.00 sys=0.00, real=0.00 secs] 
69.880: [GC (Allocation Failure) [PSYoungGen: 0K->0K(49152K)] 405009K->405009K(521216K), 0.0007515 secs] [Times: user=0.00 sys=0.00, real=0.00 secs] 
69.881: [Full GC (Allocation Failure) [PSYoungGen: 0K->0K(49152K)] [ParOldGen: 405009K->51729K(472064K)] 405009K->51729K(521216K), [Metaspace: 2796K->2796K(1056768K)], 0.0052819 secs] [Times: user=0.00 sys=0.00, real=0.01 secs] 
70.989: [GC (Allocation Failure) [PSYoungGen: 43926K->0K(49152K)] 198055K->169489K(521216K), 0.0014072 secs] [Times: user=0.00 sys=0.00, real=0.00 secs] 
71.862: [GC (Allocation Failure) [PSYoungGen: 43927K->1024K(49152K)] 367016K->329233K(521216K), 0.0010249 secs] [Times: user=0.00 sys=0.00, real=0.00 secs] 
72.516: [GC (Allocation Failure) [PSYoungGen: 42904K->1024K(49152K)] 371113K->344593K(521216K), 0.0015959 secs] [Times: user=0.00 sys=0.00, real=0.00 secs] 
72.732: [GC (Allocation Failure) [PSYoungGen: 22417K->1024K(49152K)] 417187K->395793K(521216K), 0.0010149 secs] [Times: user=0.00 sys=0.00, real=0.00 secs] 
72.733: [GC (Allocation Failure) [PSYoungGen: 1024K->1024K(49152K)] 395793K->395793K(521216K), 0.0008529 secs] [Times: user=0.00 sys=0.00, real=0.00 secs] 
72.734: [Full GC (Allocation Failure) [PSYoungGen: 1024K->0K(49152K)] [ParOldGen: 394769K->165393K(472064K)] 395793K->165393K(521216K), [Metaspace: 2796K->2796K(1056768K)], 0.0130135 secs] [Times: user=0.00 sys=0.00, real=0.01 secs] 
73.948: [GC (Allocation Failure) [PSYoungGen: 28561K->0K(49152K)] 296355K->288273K(521216K), 0.0017088 secs] [Times: user=0.00 sys=0.00, real=0.00 secs] 
74.928: [Full GC (Ergonomics) [PSYoungGen: 43924K->0K(49152K)] [ParOldGen: 441873K->21009K(472064K)] 485798K->21009K(521216K), [Metaspace: 2796K->2796K(1056768K)], 0.0029937 secs] [Times: user=0.00 sys=0.00, real=0.00 secs] 
75.366: [GC (Allocation Failure) [PSYoungGen: 31638K->0K(49152K)] 52647K->41489K(521216K), 0.0014317 secs] [Times: user=0.00 sys=0.00, real=0.00 secs] 
76.345: [GC (Allocation Failure) [PSYoungGen: 43918K->0K(49152K)] 239007K->205329K(521216K), 0.0010738 secs] [Times: user=0.00 sys=0.00, real=0.00 secs] 
76.782: [GC (Allocation Failure) [PSYoungGen: 31634K->0K(49152K)] 236963K->215569K(521216K), 0.0012379 secs] [Times: user=0.00 sys=0.00, real=0.00 secs] 
77.877: [GC (Allocation Failure) [PSYoungGen: 41867K->0K(49152K)] 257437K->225809K(521216K), 0.0010966 secs] [Times: user=0.00 sys=0.00, real=0.00 secs] 
78.205: [GC (Allocation Failure) [PSYoungGen: 26505K->0K(49152K)] 252314K->236049K(521216K), 0.0011744 secs] [Times: user=0.00 sys=0.00, real=0.00 secs] 
79.186: [GC (Allocation Failure) [PSYoungGen: 43908K->0K(49152K)] 433557K->399889K(521216K), 0.0009131 secs] [Times: user=0.00 sys=0.00, real=0.00 secs] 
79.619: [GC (Allocation Failure) [PSYoungGen: 31627K->0K(49152K)] 431517K->410129K(521216K), 0.0011914 secs] [Times: user=0.00 sys=0.00, real=0.00 secs] 
79.839: [Full GC (Ergonomics) [PSYoungGen: 21383K->0K(49152K)] [ParOldGen: 461329K->113169K(472064K)] 482712K->113169K(521216K), [Metaspace: 2796K->2796K(1056768K)], 0.0087881 secs] [Times: user=0.00 sys=0.00, real=0.01 secs] 
81.927: [GC (Allocation Failure) [PSYoungGen: 45959K->1024K(49152K)] 363928K->324113K(521216K), 0.0008726 secs] [Times: user=0.00 sys=0.00, real=0.00 secs] 
82.475: [GC (Allocation Failure) [PSYoungGen: 37773K->1024K(49152K)] 360863K->339473K(521216K), 0.0015159 secs] [Times: user=0.00 sys=0.00, real=0.00 secs] 
82.692: [GC (Allocation Failure) [PSYoungGen: 22409K->1024K(49152K)] 412059K->390673K(521216K), 0.0007137 secs] [Times: user=0.00 sys=0.00, real=0.00 secs] 
82.693: [GC (Allocation Failure) [PSYoungGen: 1024K->1024K(49152K)] 390673K->390673K(521216K), 0.0007842 secs] [Times: user=0.00 sys=0.00, real=0.00 secs] 
82.694: [Full GC (Allocation Failure) [PSYoungGen: 1024K->0K(49152K)] [ParOldGen: 389649K->57873K(472064K)] 390673K->57873K(521216K), [Metaspace: 2796K->2796K(1056768K)], 0.0053537 secs] [Times: user=0.00 sys=0.00, real=0.01 secs] 
83.799: [GC (Allocation Failure) [PSYoungGen: 43914K->1024K(49152K)] 204187K->181777K(521216K), 0.0015059 secs] [Times: user=0.00 sys=0.00, real=0.00 secs] 
85.111: [GC (Allocation Failure) [PSYoungGen: 39823K->0K(49152K)] 374176K->339473K(521216K), 0.0009511 secs] [Times: user=0.00 sys=0.00, real=0.00 secs] 
85.550: [GC (Allocation Failure) [PSYoungGen: 41875K->0K(49152K)] 432548K->400913K(521216K), 0.0013839 secs] [Times: user=0.00 sys=0.00, real=0.00 secs] 
85.552: [GC (Allocation Failure) [PSYoungGen: 0K->0K(49152K)] 400913K->400913K(521216K), 0.0008464 secs] [Times: user=0.00 sys=0.00, real=0.00 secs] 
85.552: [Full GC (Allocation Failure) [PSYoungGen: 0K->0K(49152K)] [ParOldGen: 400913K->61969K(472064K)] 400913K->61969K(521216K), [Metaspace: 2796K->2796K(1056768K)], 0.0055153 secs] [Times: user=0.00 sys=0.00, real=0.01 secs] 
86.655: [GC (Allocation Failure) [PSYoungGen: 43925K->0K(49152K)] 208294K->179729K(521216K), 0.0012947 secs] [Times: user=0.00 sys=0.00, real=0.00 secs] 
87.527: [GC (Allocation Failure) [PSYoungGen: 43926K->0K(49152K)] 377256K->358929K(521216K), 0.0021740 secs] [Times: user=0.00 sys=0.00, real=0.00 secs] 
88.181: [GC (Allocation Failure) [PSYoungGen: 41879K->0K(49152K)] 400809K->374289K(521216K), 0.0015045 secs] [Times: user=0.00 sys=0.00, real=0.00 secs] 
89.378: [GC (Allocation Failure) [PSYoungGen: 41873K->0K(49152K)] 467362K->435729K(521216K), 0.0013536 secs] [Times: user=0.02 sys=0.00, real=0.00 secs] 
89.380: [Full GC (Ergonomics) [PSYoungGen: 0K->0K(49152K)] [ParOldGen: 435729K->10769K(472064K)] 435729K->10769K(521216K), [Metaspace: 2796K->2796K(1056768K)], 0.0026271 secs] [Times: user=0.00 sys=0.00, real=0.00 secs] 
90.145: [GC (Allocation Failure) [PSYoungGen: 43924K->1024K(49152K)] 208293K->165393K(521216K), 0.0005319 secs] [Times: user=0.00 sys=0.00, real=0.00 secs] 
90.907: [GC (Allocation Failure) [PSYoungGen: 42902K->0K(49152K)] 207271K->179729K(521216K), 0.0013503 secs] [Times: user=0.00 sys=0.00, real=0.00 secs] 
91.780: [GC (Allocation Failure) [PSYoungGen: 43920K->1024K(49152K)] 377249K->339473K(521216K), 0.0010579 secs] [Times: user=0.00 sys=0.00, real=0.00 secs] 
93.416: [GC (Allocation Failure) [PSYoungGen: 44947K->1024K(49152K)] 383397K->344593K(521216K), 0.0010748 secs] [Times: user=0.00 sys=0.00, real=0.00 secs] 
93.851: [GC (Allocation Failure) [PSYoungGen: 32655K->1024K(49152K)] 376224K->365073K(521216K), 0.0018408 secs] [Times: user=0.00 sys=0.00, real=0.00 secs] 
94.068: [GC (Allocation Failure) [PSYoungGen: 22409K->1024K(49152K)] 437659K->416273K(521216K), 0.0010440 secs] [Times: user=0.00 sys=0.00, real=0.00 secs] 
94.069: [GC (Allocation Failure) [PSYoungGen: 1024K->1024K(49152K)] 416273K->416273K(521216K), 0.0009527 secs] [Times: user=0.00 sys=0.00, real=0.00 secs] 
94.070: [Full GC (Allocation Failure) [PSYoungGen: 1024K->0K(49152K)] [ParOldGen: 415249K->62993K(472064K)] 416273K->62993K(521216K), [Metaspace: 2796K->2796K(1056768K)], 0.0056284 secs] [Times: user=0.00 sys=0.00, real=0.01 secs] 
95.175: [GC (Allocation Failure) [PSYoungGen: 43913K->0K(49152K)] 209306K->180753K(521216K), 0.0016240 secs] [Times: user=0.00 sys=0.00, real=0.00 secs] 
96.595: [GC (Allocation Failure) [PSYoungGen: 43919K->0K(49152K)] 378272K->339473K(521216K), 0.0008001 secs] [Times: user=0.00 sys=0.00, real=0.00 secs] 
96.920: [GC (Allocation Failure) [PSYoungGen: 31634K->0K(49152K)] 422308K->411153K(521216K), 0.0022644 secs] [Times: user=0.00 sys=0.00, real=0.00 secs] 
96.923: [GC (Allocation Failure) [PSYoungGen: 0K->0K(49152K)] 411153K->411153K(521216K), 0.0007427 secs] [Times: user=0.00 sys=0.00, real=0.00 secs] 
96.924: [Full GC (Allocation Failure) [PSYoungGen: 0K->0K(49152K)] [ParOldGen: 411153K->72209K(472064K)] 411153K->72209K(521216K), [Metaspace: 2796K->2796K(1056768K)], 0.0060511 secs] [Times: user=0.00 sys=0.00, real=0.01 secs] 
98.029: [GC (Allocation Failure) [PSYoungGen: 43925K->0K(49152K)] 218534K->189969K(521216K), 0.0016847 secs] [Times: user=0.00 sys=0.00, real=0.00 secs] 
98.903: [GC (Allocation Failure) [PSYoungGen: 43926K->0K(49152K)] 387496K->348689K(521216K), 0.0013444 secs] [Times: user=0.00 sys=0.00, real=0.00 secs] 
99.558: [GC (Allocation Failure) [PSYoungGen: 41879K->0K(49152K)] 390569K->364049K(521216K), 0.0015680 secs] [Times: user=0.00 sys=0.00, real=0.00 secs] 
99.776: [GC (Allocation Failure) [PSYoungGen: 21393K->0K(49152K)] 436642K->415249K(521216K), 0.0008851 secs] [Times: user=0.00 sys=0.00, real=0.00 secs] 
99.777: [GC (Allocation Failure) [PSYoungGen: 0K->0K(49152K)] 415249K->415249K(521216K), 0.0009501 secs] [Times: user=0.00 sys=0.00, real=0.00 secs] 
99.778: [Full GC (Allocation Failure) [PSYoungGen: 0K->0K(49152K)] [ParOldGen: 415249K->133649K(472064K)] 415249K->133649K(521216K), [Metaspace: 2796K->2796K(1056768K)], 0.0108615 secs] [Times: user=0.02 sys=0.00, real=0.01 secs] 
100.990: [GC (Allocation Failure) [PSYoungGen: 36753K->0K(49152K)] 272802K->251409K(521216K), 0.0014870 secs] [Times: user=0.00 sys=0.00, real=0.00 secs] 
101.974: [GC (Allocation Failure) [PSYoungGen: 43924K->1024K(49152K)] 448933K->411153K(521216K), 0.0011906 secs] [Times: user=0.00 sys=0.00, real=0.00 secs] 
102.410: [GC (Allocation Failure) [PSYoungGen: 32662K->1024K(49152K)] 442791K->426513K(521216K), 0.0017851 secs] [Times: user=0.00 sys=0.00, real=0.00 secs] 
102.412: [Full GC (Ergonomics) [PSYoungGen: 1024K->0K(49152K)] [ParOldGen: 425489K->22033K(472064K)] 426513K->22033K(521216K), [Metaspace: 2796K->2796K(1056768K)], 0.0032481 secs] [Times: user=0.00 sys=0.00, real=0.00 secs] 
103.392: [GC (Allocation Failure) [PSYoungGen: 43918K->1024K(49152K)] 219551K->181777K(521216K), 0.0008347 secs] [Times: user=0.00 sys=0.00, real=0.00 secs] 
104.812: [GC (Allocation Failure) [PSYoungGen: 43922K->0K(49152K)] 224675K->190993K(521216K), 0.0012109 secs] [Times: user=0.00 sys=0.00, real=0.00 secs] 
105.250: [GC (Allocation Failure) [PSYoungGen: 31629K->0K(49152K)] 222623K->211473K(521216K), 0.0014457 secs] [Times: user=0.00 sys=0.00, real=0.00 secs] 
106.231: [GC (Allocation Failure) [PSYoungGen: 43912K->0K(49152K)] 408986K->375313K(521216K), 0.0011525 secs] [Times: user=0.00 sys=0.00, real=0.00 secs] 
106.670: [GC (Allocation Failure) [PSYoungGen: 31630K->0K(49152K)] 406944K->385553K(521216K), 0.0011747 secs] [Times: user=0.00 sys=0.00, real=0.00 secs] 
106.887: [GC (Allocation Failure) [PSYoungGen: 21385K->0K(49152K)] 458138K->457233K(521216K), 0.0020328 secs] [Times: user=0.00 sys=0.00, real=0.00 secs] 
106.889: [Full GC (Ergonomics) [PSYoungGen: 0K->0K(49152K)] [ParOldGen: 457233K->92689K(472064K)] 457233K->92689K(521216K), [Metaspace: 2796K->2796K(1056768K)], 0.0075545 secs] [Times: user=0.00 sys=0.00, real=0.01 secs] 
108.757: [GC (Allocation Failure) [PSYoungGen: 45961K->0K(49152K)] 394650K->353809K(521216K), 0.0012078 secs] [Times: user=0.00 sys=0.00, real=0.00 secs] 
109.413: [GC (Allocation Failure) [PSYoungGen: 36751K->0K(49152K)] 390560K->369169K(521216K), 0.0014486 secs] [Times: user=0.00 sys=0.00, real=0.00 secs] 
109.740: [GC (Allocation Failure) [PSYoungGen: 31626K->0K(49152K)] 451996K->420369K(521216K), 0.0009592 secs] [Times: user=0.00 sys=0.00, real=0.00 secs] 
109.741: [GC (Allocation Failure) [PSYoungGen: 0K->0K(49152K)] 420369K->420369K(521216K), 0.0011480 secs] [Times: user=0.00 sys=0.00, real=0.00 secs] 
109.742: [Full GC (Allocation Failure) [PSYoungGen: 0K->0K(49152K)] [ParOldGen: 420369K->108049K(472064K)] 420369K->108049K(521216K), [Metaspace: 2796K->2796K(1056768K)], 0.0091693 secs] [Times: user=0.00 sys=0.00, real=0.01 secs] 
110.849: [GC (Allocation Failure) [PSYoungGen: 43920K->0K(49152K)] 254369K->225809K(521216K), 0.0015138 secs] [Times: user=0.00 sys=0.00, real=0.00 secs] 
112.161: [GC (Allocation Failure) [PSYoungGen: 42899K->0K(49152K)] 422308K->389649K(521216K), 0.0010854 secs] [Times: user=0.00 sys=0.00, real=0.00 secs] 
112.598: [Full GC (Ergonomics) [PSYoungGen: 41877K->0K(49152K)] [ParOldGen: 440849K->56849K(472064K)] 482727K->56849K(521216K), [Metaspace: 2796K->2796K(1056768K)], 0.0053216 secs] [Times: user=0.00 sys=0.00, real=0.00 secs] 
113.708: [GC (Allocation Failure) [PSYoungGen: 43927K->1024K(49152K)] 203176K->180753K(521216K), 0.0013600 secs] [Times: user=0.00 sys=0.00, real=0.00 secs] 
114.581: [GC (Allocation Failure) [PSYoungGen: 44951K->1024K(49152K)] 378281K->344593K(521216K), 0.0011408 secs] [Times: user=0.00 sys=0.00, real=0.00 secs] 
115.777: [GC (Allocation Failure) [PSYoungGen: 42904K->0K(49152K)] 386474K->353809K(521216K), 0.0014341 secs] [Times: user=0.00 sys=0.00, real=0.00 secs] 
116.545: [GC (Allocation Failure) [PSYoungGen: 41873K->0K(49152K)] 395683K->369169K(521216K), 0.0014228 secs] [Times: user=0.00 sys=0.00, real=0.00 secs] 
116.872: [GC (Allocation Failure) [PSYoungGen: 31629K->0K(49152K)] 451999K->440849K(521216K), 0.0021662 secs] [Times: user=0.00 sys=0.00, real=0.00 secs] 
116.874: [Full GC (Ergonomics) [PSYoungGen: 0K->0K(49152K)] [ParOldGen: 440849K->77329K(472064K)] 440849K->77329K(521216K), [Metaspace: 2796K->2796K(1056768K)], 0.0066552 secs] [Times: user=0.00 sys=0.00, real=0.01 secs] 
117.977: [GC (Allocation Failure) [PSYoungGen: 43921K->0K(49152K)] 223651K->195089K(521216K), 0.0013807 secs] [Times: user=0.00 sys=0.00, real=0.00 secs] 
118.849: [GC (Allocation Failure) [PSYoungGen: 43924K->0K(49152K)] 392614K->353809K(521216K), 0.0009952 secs] [Times: user=0.00 sys=0.00, real=0.00 secs] 
119.724: [GC (Allocation Failure) [PSYoungGen: 11158K->0K(49152K)] 416167K->405009K(521216K), 0.0009225 secs] [Times: user=0.00 sys=0.00, real=0.00 secs] 
119.725: [GC (Allocation Failure) [PSYoungGen: 0K->0K(49152K)] 405009K->405009K(521216K), 0.0009422 secs] [Times: user=0.00 sys=0.00, real=0.00 secs] 
119.726: [Full GC (Allocation Failure) [PSYoungGen: 0K->0K(49152K)] [ParOldGen: 405009K->51729K(472064K)] 405009K->51729K(521216K), [Metaspace: 2796K->2796K(1056768K)], 0.0053445 secs] [Times: user=0.00 sys=0.00, real=0.00 secs] 
120.831: [GC (Allocation Failure) [PSYoungGen: 43926K->0K(49152K)] 198055K->169489K(521216K), 0.0014210 secs] [Times: user=0.00 sys=0.00, real=0.00 secs] 
121.707: [GC (Allocation Failure) [PSYoungGen: 43927K->1024K(49152K)] 367016K->329233K(521216K), 0.0008452 secs] [Times: user=0.00 sys=0.00, real=0.00 secs] 
122.362: [GC (Allocation Failure) [PSYoungGen: 42904K->1024K(49152K)] 371113K->344593K(521216K), 0.0015585 secs] [Times: user=0.00 sys=0.00, real=0.00 secs] 
122.579: [GC (Allocation Failure) [PSYoungGen: 22417K->1024K(49152K)] 417187K->395793K(521216K), 0.0008659 secs] [Times: user=0.00 sys=0.00, real=0.00 secs] 
122.580: [GC (Allocation Failure) [PSYoungGen: 1024K->1024K(49152K)] 395793K->395793K(521216K), 0.0008838 secs] [Times: user=0.00 sys=0.00, real=0.00 secs] 
122.580: [Full GC (Allocation Failure) [PSYoungGen: 1024K->0K(49152K)] [ParOldGen: 394769K->165393K(472064K)] 395793K->165393K(521216K), [Metaspace: 2796K->2796K(1056768K)], 0.0122146 secs] [Times: user=0.00 sys=0.00, real=0.01 secs] 
123.795: [GC (Allocation Failure) [PSYoungGen: 28561K->0K(49152K)] 296355K->288273K(521216K), 0.0017180 secs] [Times: user=0.00 sys=0.00, real=0.00 secs] 
124.779: [Full GC (Ergonomics) [PSYoungGen: 43924K->0K(49152K)] [ParOldGen: 441873K->21009K(472064K)] 485798K->21009K(521216K), [Metaspace: 2796K->2796K(1056768K)], 0.0030209 secs] [Times: user=0.00 sys=0.00, real=0.00 secs] 
125.215: [GC (Allocation Failure) [PSYoungGen: 31638K->0K(49152K)] 52647K->41489K(521216K), 0.0012866 secs] [Times: user=0.00 sys=0.00, real=0.00 secs] 
126.197: [GC (Allocation Failure) [PSYoungGen: 43918K->0K(49152K)] 239007K->205329K(521216K), 0.0012015 secs] [Times: user=0.00 sys=0.00, real=0.00 secs] 
126.635: [GC (Allocation Failure) [PSYoungGen: 31634K->0K(49152K)] 236963K->215569K(521216K), 0.0012587 secs] [Times: user=0.00 sys=0.00, real=0.00 secs] 
127.725: [GC (Allocation Failure) [PSYoungGen: 41867K->0K(49152K)] 257437K->225809K(521216K), 0.0011643 secs] [Times: user=0.00 sys=0.00, real=0.00 secs] 
128.052: [GC (Allocation Failure) [PSYoungGen: 26505K->0K(49152K)] 252314K->236049K(521216K), 0.0012734 secs] [Times: user=0.00 sys=0.00, real=0.00 secs] 
129.035: [GC (Allocation Failure) [PSYoungGen: 43908K->0K(49152K)] 433557K->399889K(521216K), 0.0010432 secs] [Times: user=0.00 sys=0.00, real=0.00 secs] 
129.469: [GC (Allocation Failure) [PSYoungGen: 31627K->0K(49152K)] 431517K->410129K(521216K), 0.0013799 secs] [Times: user=0.00 sys=0.00, real=0.00 secs] 
129.687: [Full GC (Ergonomics) [PSYoungGen: 21383K->0K(49152K)] [ParOldGen: 461329K->113169K(472064K)] 482712K->113169K(521216K), [Metaspace: 2796K->2796K(1056768K)], 0.0086551 secs] [Times: user=0.00 sys=0.00, real=0.01 secs] 
131.775: [GC (Allocation Failure) [PSYoungGen: 45959K->1024K(49152K)] 363928K->324113K(521216K), 0.0007789 secs] [Times: user=0.00 sys=0.00, real=0.00 secs] 
132.320: [GC (Allocation Failure) [PSYoungGen: 37773K->1024K(49152K)] 360863K->339473K(521216K), 0.0017574 secs] [Times: user=0.00 sys=0.00, real=0.00 secs] 
132.539: [GC (Allocation Failure) [PSYoungGen: 22409K->1024K(49152K)] 412059K->390673K(521216K), 0.0008135 secs] [Times: user=0.00 sys=0.00, real=0.00 secs] 
132.540: [GC (Allocation Failure) [PSYoungGen: 1024K->1024K(49152K)] 390673K->390673K(521216K), 0.0006080 secs] [Times: user=0.00 sys=0.00, real=0.00 secs] 
132.541: [Full GC (Allocation Failure) [PSYoungGen: 1024K->0K(49152K)] [ParOldGen: 389649K->57873K(472064K)] 390673K->57873K(521216K), [Metaspace: 2796K->2796K(1056768K)], 0.0051272 secs] [Times: user=0.00 sys=0.00, real=0.00 secs] 
133.643: [GC (Allocation Failure) [PSYoungGen: 43914K->1024K(49152K)] 204187K->181777K(521216K), 0.0014141 secs] [Times: user=0.00 sys=0.00, real=0.00 secs] 
134.953: [GC (Allocation Failure) [PSYoungGen: 39823K->0K(49152K)] 374176K->339473K(521216K), 0.0007573 secs] [Times: user=0.00 sys=0.00, real=0.00 secs] 
135.391: [GC (Allocation Failure) [PSYoungGen: 41875K->0K(49152K)] 432548K->400913K(521216K), 0.0013361 secs] [Times: user=0.00 sys=0.00, real=0.00 secs] 
135.392: [GC (Allocation Failure) [PSYoungGen: 0K->0K(49152K)] 400913K->400913K(521216K), 0.0008586 secs] [Times: user=0.00 sys=0.00, real=0.00 secs] 
135.393: [Full GC (Allocation Failure) [PSYoungGen: 0K->0K(49152K)] [ParOldGen: 400913K->61969K(472064K)] 400913K->61969K(521216K), [Metaspace: 2796K->2796K(1056768K)], 0.0059359 secs] [Times: user=0.00 sys=0.00, real=0.01 secs] 
136.498: [GC (Allocation Failure) [PSYoungGen: 43925K->0K(49152K)] 208294K->179729K(521216K), 0.0013798 secs] [Times: user=0.00 sys=0.00, real=0.00 secs] 
137.370: [GC (Allocation Failure) [PSYoungGen: 43926K->0K(49152K)] 377256K->358929K(521216K), 0.0026088 secs] [Times: user=0.00 sys=0.00, real=0.00 secs] 
138.025: [GC (Allocation Failure) [PSYoungGen: 41879K->0K(49152K)] 400809K->374289K(521216K), 0.0015102 secs] [Times: user=0.00 sys=0.00, real=0.00 secs] 
139.222: [GC (Allocation Failure) [PSYoungGen: 41873K->0K(49152K)] 467362K->435729K(521216K), 0.0010820 secs] [Times: user=0.01 sys=0.00, real=0.00 secs] 
139.223: [Full GC (Ergonomics) [PSYoungGen: 0K->0K(49152K)] [ParOldGen: 435729K->10769K(472064K)] 435729K->10769K(521216K), [Metaspace: 2796K->2796K(1056768K)], 0.0026121 secs] [Times: user=0.00 sys=0.00, real=0.00 secs] 
139.986: [GC (Allocation Failure) [PSYoungGen: 43924K->1024K(49152K)] 208293K->165393K(521216K), 0.0004592 secs] [Times: user=0.00 sys=0.00, real=0.00 secs] 
140.751: [GC (Allocation Failure) [PSYoungGen: 42902K->0K(49152K)] 207271K->179729K(521216K), 0.0013723 secs] [Times: user=0.00 sys=0.00, real=0.00 secs] 
141.621: [GC (Allocation Failure) [PSYoungGen: 43920K->1024K(49152K)] 377249K->339473K(521216K), 0.0008831 secs] [Times: user=0.00 sys=0.00, real=0.00 secs] 
143.255: [GC (Allocation Failure) [PSYoungGen: 44947K->1024K(49152K)] 383397K->344593K(521216K), 0.0011306 secs] [Times: user=0.00 sys=0.00, real=0.00 secs] 
143.693: [GC (Allocation Failure) [PSYoungGen: 32655K->1024K(49152K)] 376224K->365073K(521216K), 0.0016105 secs] [Times: user=0.00 sys=0.00, real=0.00 secs] 
143.910: [GC (Allocation Failure) [PSYoungGen: 22409K->1024K(49152K)] 437659K->416273K(521216K), 0.0011692 secs] [Times: user=0.00 sys=0.00, real=0.00 secs] 
143.912: [GC (Allocation Failure) [PSYoungGen: 1024K->1024K(49152K)] 416273K->416273K(521216K), 0.0007420 secs] [Times: user=0.00 sys=0.00, real=0.00 secs] 
143.912: [Full GC (Allocation Failure) [PSYoungGen: 1024K->0K(49152K)] [ParOldGen: 415249K->62993K(472064K)] 416273K->62993K(521216K), [Metaspace: 2796K->2796K(1056768K)], 0.0055949 secs] [Times: user=0.00 sys=0.00, real=0.00 secs] 
145.019: [GC (Allocation Failure) [PSYoungGen: 43913K->0K(49152K)] 209306K->180753K(521216K), 0.0013532 secs] [Times: user=0.02 sys=0.00, real=0.00 secs] 
146.438: [GC (Allocation Failure) [PSYoungGen: 43919K->0K(49152K)] 378272K->339473K(521216K), 0.0009105 secs] [Times: user=0.00 sys=0.00, real=0.00 secs] 
146.766: [GC (Allocation Failure) [PSYoungGen: 31634K->0K(49152K)] 422308K->411153K(521216K), 0.0021584 secs] [Times: user=0.00 sys=0.00, real=0.00 secs] 
146.768: [GC (Allocation Failure) [PSYoungGen: 0K->0K(49152K)] 411153K->411153K(521216K), 0.0007998 secs] [Times: user=0.00 sys=0.00, real=0.00 secs] 
146.769: [Full GC (Allocation Failure) [PSYoungGen: 0K->0K(49152K)] [ParOldGen: 411153K->72209K(472064K)] 411153K->72209K(521216K), [Metaspace: 2796K->2796K(1056768K)], 0.0063358 secs] [Times: user=0.00 sys=0.00, real=0.01 secs] 
147.874: [GC (Allocation Failure) [PSYoungGen: 43925K->0K(49152K)] 218534K->189969K(521216K), 0.0015494 secs] [Times: user=0.00 sys=0.00, real=0.00 secs] 
148.746: [GC (Allocation Failure) [PSYoungGen: 43926K->0K(49152K)] 387496K->348689K(521216K), 0.0013114 secs] [Times: user=0.00 sys=0.00, real=0.00 secs] 
149.400: [GC (Allocation Failure) [PSYoungGen: 41879K->0K(49152K)] 390569K->364049K(521216K), 0.0016079 secs] [Times: user=0.00 sys=0.00, real=0.00 secs] 
149.619: [GC (Allocation Failure) [PSYoungGen: 21393K->0K(49152K)] 436642K->415249K(521216K), 0.0011702 secs] [Times: user=0.00 sys=0.00, real=0.00 secs] 
149.621: [GC (Allocation Failure) [PSYoungGen: 0K->0K(49152K)] 415249K->415249K(521216K), 0.0009264 secs] [Times: user=0.00 sys=0.00, real=0.00 secs] 
149.622: [Full GC (Allocation Failure) [PSYoungGen: 0K->0K(49152K)] [ParOldGen: 415249K->133649K(472064K)] 415249K->133649K(521216K), [Metaspace: 2796K->2796K(1056768K)], 0.0097697 secs] [Times: user=0.00 sys=0.00, real=0.01 secs] 
150.842: [GC (Allocation Failure) [PSYoungGen: 36753K->0K(49152K)] 272802K->251409K(521216K), 0.0015599 secs] [Times: user=0.00 sys=0.00, real=0.00 secs] 
151.824: [GC (Allocation Failure) [PSYoungGen: 43924K->1024K(49152K)] 448933K->411153K(521216K), 0.0013706 secs] [Times: user=0.00 sys=0.00, real=0.00 secs] 
152.259: [GC (Allocation Failure) [PSYoungGen: 32662K->1024K(49152K)] 442791K->426513K(521216K), 0.0015252 secs] [Times: user=0.00 sys=0.00, real=0.00 secs] 
152.261: [Full GC (Ergonomics) [PSYoungGen: 1024K->0K(49152K)] [ParOldGen: 425489K->22033K(472064K)] 426513K->22033K(521216K), [Metaspace: 2796K->2796K(1056768K)], 0.0032373 secs] [Times: user=0.00 sys=0.00, real=0.00 secs] 
153.242: [GC (Allocation Failure) [PSYoungGen: 43918K->1024K(49152K)] 219551K->181777K(521216K), 0.0007376 secs] [Times: user=0.00 sys=0.00, real=0.00 secs] 
154.663: [GC (Allocation Failure) [PSYoungGen: 43922K->0K(49152K)] 224675K->190993K(521216K), 0.0012149 secs] [Times: user=0.00 sys=0.00, real=0.00 secs] 
155.100: [GC (Allocation Failure) [PSYoungGen: 31629K->0K(49152K)] 222623K->211473K(521216K), 0.0014834 secs] [Times: user=0.00 sys=0.00, real=0.00 secs] 
156.083: [GC (Allocation Failure) [PSYoungGen: 43912K->0K(49152K)] 408986K->375313K(521216K), 0.0012630 secs] [Times: user=0.00 sys=0.00, real=0.00 secs] 
156.519: [GC (Allocation Failure) [PSYoungGen: 31630K->0K(49152K)] 406944K->385553K(521216K), 0.0012430 secs] [Times: user=0.00 sys=0.00, real=0.00 secs] 
156.737: [GC (Allocation Failure) [PSYoungGen: 21385K->0K(49152K)] 458138K->457233K(521216K), 0.0022662 secs] [Times: user=0.00 sys=0.00, real=0.00 secs] 
156.739: [Full GC (Ergonomics) [PSYoungGen: 0K->0K(49152K)] [ParOldGen: 457233K->92689K(472064K)] 457233K->92689K(521216K), [Metaspace: 2796K->2796K(1056768K)], 0.0085167 secs] [Times: user=0.00 sys=0.00, real=0.01 secs] 
158.607: [GC (Allocation Failure) [PSYoungGen: 45961K->0K(49152K)] 394650K->353809K(521216K), 0.0010646 secs] [Times: user=0.00 sys=0.00, real=0.00 secs] 
159.262: [GC (Allocation Failure) [PSYoungGen: 36751K->0K(49152K)] 390560K->369169K(521216K), 0.0014617 secs] [Times: user=0.00 sys=0.00, real=0.00 secs] 
159.590: [GC (Allocation Failure) [PSYoungGen: 31626K->0K(49152K)] 451996K->420369K(521216K), 0.0008439 secs] [Times: user=0.00 sys=0.00, real=0.00 secs] 
159.591: [GC (Allocation Failure) [PSYoungGen: 0K->0K(49152K)] 420369K->420369K(521216K), 0.0009021 secs] [Times: user=0.00 sys=0.00, real=0.00 secs] 
159.592: [Full GC (Allocation Failure) [PSYoungGen: 0K->0K(49152K)] [ParOldGen: 420369K->108049K(472064K)] 420369K->108049K(521216K), [Metaspace: 2796K->2796K(1056768K)], 0.0086476 secs] [Times: user=0.00 sys=0.00, real=0.01 secs] 
160.693: [GC (Allocation Failure) [PSYoungGen: 43920K->0K(49152K)] 254369K->225809K(521216K), 0.0014028 secs] [Times: user=0.00 sys=0.00, real=0.00 secs] 
162.004: [GC (Allocation Failure) [PSYoungGen: 42899K->0K(49152K)] 422308K->389649K(521216K), 0.0008512 secs] [Times: user=0.00 sys=0.00, real=0.00 secs] 
162.440: [Full GC (Ergonomics) [PSYoungGen: 41877K->0K(49152K)] [ParOldGen: 440849K->56849K(472064K)] 482727K->56849K(521216K), [Metaspace: 2796K->2796K(1056768K)], 0.0055728 secs] [Times: user=0.00 sys=0.00, real=0.01 secs] 
163.544: [GC (Allocation Failure) [PSYoungGen: 43927K->1024K(49152K)] 203176K->180753K(521216K), 0.0019250 secs] [Times: user=0.00 sys=0.00, real=0.00 secs] 
164.417: [GC (Allocation Failure) [PSYoungGen: 44951K->1024K(49152K)] 378281K->344593K(521216K), 0.0010989 secs] [Times: user=0.00 sys=0.00, real=0.00 secs] 
165.618: [GC (Allocation Failure) [PSYoungGen: 42904K->0K(49152K)] 386474K->353809K(521216K), 0.0012755 secs] [Times: user=0.00 sys=0.00, real=0.00 secs] 
166.383: [GC (Allocation Failure) [PSYoungGen: 41873K->0K(49152K)] 395683K->369169K(521216K), 0.0016286 secs] [Times: user=0.00 sys=0.00, real=0.00 secs] 
166.711: [GC (Allocation Failure) [PSYoungGen: 31629K->0K(49152K)] 451999K->440849K(521216K), 0.0020388 secs] [Times: user=0.00 sys=0.00, real=0.00 secs] 
166.713: [Full GC (Ergonomics) [PSYoungGen: 0K->0K(49152K)] [ParOldGen: 440849K->77329K(472064K)] 440849K->77329K(521216K), [Metaspace: 2796K->2796K(1056768K)], 0.0060805 secs] [Times: user=0.00 sys=0.00, real=0.01 secs] 
167.817: [GC (Allocation Failure) [PSYoungGen: 43921K->0K(49152K)] 223651K->195089K(521216K), 0.0016450 secs] [Times: user=0.00 sys=0.00, real=0.00 secs] 
168.689: [GC (Allocation Failure) [PSYoungGen: 43924K->0K(49152K)] 392614K->353809K(521216K), 0.0009988 secs] [Times: user=0.00 sys=0.00, real=0.00 secs] 
169.561: [GC (Allocation Failure) [PSYoungGen: 11158K->0K(49152K)] 416167K->405009K(521216K), 0.0007665 secs] [Times: user=0.00 sys=0.00, real=0.00 secs] 
169.562: [GC (Allocation Failure) [PSYoungGen: 0K->0K(49152K)] 405009K->405009K(521216K), 0.0009177 secs] [Times: user=0.00 sys=0.00, real=0.00 secs] 
169.562: [Full GC (Allocation Failure) [PSYoungGen: 0K->0K(49152K)] [ParOldGen: 405009K->51729K(472064K)] 405009K->51729K(521216K), [Metaspace: 2796K->2796K(1056768K)], 0.0050846 secs] [Times: user=0.00 sys=0.00, real=0.00 secs] 
170.668: [GC (Allocation Failure) [PSYoungGen: 43926K->0K(49152K)] 198055K->169489K(521216K), 0.0018698 secs] [Times: user=0.00 sys=0.00, real=0.00 secs] 
171.542: [GC (Allocation Failure) [PSYoungGen: 43927K->1024K(49152K)] 367016K->329233K(521216K), 0.0007827 secs] [Times: user=0.00 sys=0.00, real=0.00 secs] 
172.201: [GC (Allocation Failure) [PSYoungGen: 42904K->1024K(49152K)] 371113K->344593K(521216K), 0.0014695 secs] [Times: user=0.00 sys=0.00, real=0.00 secs] 
172.421: [GC (Allocation Failure) [PSYoungGen: 22417K->1024K(49152K)] 417187K->395793K(521216K), 0.0011414 secs] [Times: user=0.00 sys=0.00, real=0.00 secs] 
172.423: [GC (Allocation Failure) [PSYoungGen: 1024K->1024K(49152K)] 395793K->395793K(521216K), 0.0008951 secs] [Times: user=0.00 sys=0.00, real=0.00 secs] 
172.424: [Full GC (Allocation Failure) [PSYoungGen: 1024K->0K(49152K)] [ParOldGen: 394769K->165393K(472064K)] 395793K->165393K(521216K), [Metaspace: 2796K->2796K(1056768K)], 0.0124284 secs] [Times: user=0.00 sys=0.00, real=0.01 secs] 
173.633: [GC (Allocation Failure) [PSYoungGen: 28561K->0K(49152K)] 296355K->288273K(521216K), 0.0017234 secs] [Times: user=0.00 sys=0.00, real=0.00 secs] 
174.618: [Full GC (Ergonomics) [PSYoungGen: 43924K->0K(49152K)] [ParOldGen: 441873K->21009K(472064K)] 485798K->21009K(521216K), [Metaspace: 2796K->2796K(1056768K)], 0.0033660 secs] [Times: user=0.00 sys=0.00, real=0.00 secs] 
175.056: [GC (Allocation Failure) [PSYoungGen: 31638K->0K(49152K)] 52647K->41489K(521216K), 0.0014705 secs] [Times: user=0.00 sys=0.00, real=0.00 secs] 
176.037: [GC (Allocation Failure) [PSYoungGen: 43918K->0K(49152K)] 239007K->205329K(521216K), 0.0010210 secs] [Times: user=0.00 sys=0.00, real=0.00 secs] 
176.474: [GC (Allocation Failure) [PSYoungGen: 31634K->0K(49152K)] 236963K->215569K(521216K), 0.0011699 secs] [Times: user=0.00 sys=0.00, real=0.00 secs] 
177.567: [GC (Allocation Failure) [PSYoungGen: 41867K->0K(49152K)] 257437K->225809K(521216K), 0.0013048 secs] [Times: user=0.00 sys=0.00, real=0.00 secs] 
177.894: [GC (Allocation Failure) [PSYoungGen: 26505K->0K(49152K)] 252314K->236049K(521216K), 0.0012484 secs] [Times: user=0.00 sys=0.00, real=0.00 secs] 
178.877: [GC (Allocation Failure) [PSYoungGen: 43908K->0K(49152K)] 433557K->399889K(521216K), 0.0011481 secs] [Times: user=0.00 sys=0.00, real=0.00 secs] 
179.313: [GC (Allocation Failure) [PSYoungGen: 31627K->0K(49152K)] 431517K->410129K(521216K), 0.0012098 secs] [Times: user=0.00 sys=0.00, real=0.00 secs] 
179.532: [Full GC (Ergonomics) [PSYoungGen: 21383K->0K(49152K)] [ParOldGen: 461329K->113169K(472064K)] 482712K->113169K(521216K), [Metaspace: 2796K->2796K(1056768K)], 0.0088242 secs] [Times: user=0.00 sys=0.00, real=0.01 secs] 
181.621: [GC (Allocation Failure) [PSYoungGen: 45959K->1024K(49152K)] 363928K->324113K(521216K), 0.0007842 secs] [Times: user=0.00 sys=0.00, real=0.00 secs] 
182.166: [GC (Allocation Failure) [PSYoungGen: 37773K->1024K(49152K)] 360863K->339473K(521216K), 0.0014326 secs] [Times: user=0.00 sys=0.00, real=0.00 secs] 
182.383: [GC (Allocation Failure) [PSYoungGen: 22409K->1024K(49152K)] 412059K->390673K(521216K), 0.0007012 secs] [Times: user=0.00 sys=0.00, real=0.00 secs] 
182.384: [GC (Allocation Failure) [PSYoungGen: 1024K->1024K(49152K)] 390673K->390673K(521216K), 0.0007319 secs] [Times: user=0.00 sys=0.00, real=0.00 secs] 
182.385: [Full GC (Allocation Failure) [PSYoungGen: 1024K->0K(49152K)] [ParOldGen: 389649K->57873K(472064K)] 390673K->57873K(521216K), [Metaspace: 2796K->2796K(1056768K)], 0.0051080 secs] [Times: user=0.00 sys=0.00, real=0.00 secs] 
183.490: [GC (Allocation Failure) [PSYoungGen: 43914K->1024K(49152K)] 204187K->181777K(521216K), 0.0014394 secs] [Times: user=0.00 sys=0.00, real=0.00 secs] 
184.799: [GC (Allocation Failure) [PSYoungGen: 39823K->0K(49152K)] 374176K->339473K(521216K), 0.0008636 secs] [Times: user=0.00 sys=0.00, real=0.00 secs] 
185.238: [GC (Allocation Failure) [PSYoungGen: 41875K->0K(49152K)] 432548K->400913K(521216K), 0.0014964 secs] [Times: user=0.00 sys=0.00, real=0.00 secs] 
185.239: [GC (Allocation Failure) [PSYoungGen: 0K->0K(49152K)] 400913K->400913K(521216K), 0.0007720 secs] [Times: user=0.00 sys=0.00, real=0.00 secs] 
185.240: [Full GC (Allocation Failure) [PSYoungGen: 0K->0K(49152K)] [ParOldGen: 400913K->61969K(472064K)] 400913K->61969K(521216K), [Metaspace: 2796K->2796K(1056768K)], 0.0057306 secs] [Times: user=0.00 sys=0.00, real=0.01 secs] 
186.344: [GC (Allocation Failure) [PSYoungGen: 43925K->0K(49152K)] 208294K->179729K(521216K), 0.0013842 secs] [Times: user=0.00 sys=0.00, real=0.00 secs] 
187.218: [GC (Allocation Failure) [PSYoungGen: 43926K->0K(49152K)] 377256K->358929K(521216K), 0.0023651 secs] [Times: user=0.00 sys=0.00, real=0.00 secs] 
187.869: [GC (Allocation Failure) [PSYoungGen: 41879K->0K(49152K)] 400809K->374289K(521216K), 0.0015136 secs] [Times: user=0.00 sys=0.00, real=0.00 secs] 
189.068: [GC (Allocation Failure) [PSYoungGen: 41873K->0K(49152K)] 467362K->435729K(521216K), 0.0011057 secs] [Times: user=0.00 sys=0.00, real=0.00 secs] 
189.069: [Full GC (Ergonomics) [PSYoungGen: 0K->0K(49152K)] [ParOldGen: 435729K->10769K(472064K)] 435729K->10769K(521216K), [Metaspace: 2796K->2796K(1056768K)], 0.0026283 secs] [Times: user=0.00 sys=0.00, real=0.00 secs] 
189.833: [GC (Allocation Failure) [PSYoungGen: 43924K->1024K(49152K)] 208293K->165393K(521216K), 0.0005279 secs] [Times: user=0.00 sys=0.00, real=0.00 secs] 
190.600: [GC (Allocation Failure) [PSYoungGen: 42902K->0K(49152K)] 207271K->179729K(521216K), 0.0015468 secs] [Times: user=0.00 sys=0.00, real=0.00 secs] 
191.474: [GC (Allocation Failure) [PSYoungGen: 43920K->1056K(49152K)] 377249K->339505K(521216K), 0.0008190 secs] [Times: user=0.00 sys=0.00, real=0.00 secs] 
193.113: [GC (Allocation Failure) [PSYoungGen: 44979K->1056K(49152K)] 383429K->344625K(521216K), 0.0009706 secs] [Times: user=0.00 sys=0.00, real=0.00 secs] 
193.550: [GC (Allocation Failure) [PSYoungGen: 32687K->1056K(49152K)] 376256K->365105K(521216K), 0.0017701 secs] [Times: user=0.00 sys=0.00, real=0.00 secs] 
193.768: [GC (Allocation Failure) [PSYoungGen: 22441K->1056K(49152K)] 437691K->416305K(521216K), 0.0009573 secs] [Times: user=0.00 sys=0.00, real=0.00 secs] 
193.769: [GC (Allocation Failure) [PSYoungGen: 1056K->1056K(49152K)] 416305K->416305K(521216K), 0.0008462 secs] [Times: user=0.00 sys=0.00, real=0.00 secs] 
193.770: [Full GC (Allocation Failure) [PSYoungGen: 1056K->0K(49152K)] [ParOldGen: 415249K->62993K(472064K)] 416305K->62993K(521216K), [Metaspace: 2796K->2796K(1056768K)], 0.0053971 secs] [Times: user=0.02 sys=0.00, real=0.01 secs] 
194.875: [GC (Allocation Failure) [PSYoungGen: 43913K->32K(49152K)] 209307K->180785K(521216K), 0.0016079 secs] [Times: user=0.00 sys=0.00, real=0.00 secs] 
196.293: [GC (Allocation Failure) [PSYoungGen: 43951K->32K(49152K)] 378304K->339505K(521216K), 0.0008269 secs] [Times: user=0.00 sys=0.00, real=0.00 secs] 
196.622: [GC (Allocation Failure) [PSYoungGen: 31666K->64K(49152K)] 422340K->411217K(521216K), 0.0021751 secs] [Times: user=0.00 sys=0.00, real=0.00 secs] 
196.624: [GC (Allocation Failure) [PSYoungGen: 64K->32K(49152K)] 411217K->411185K(521216K), 0.0008663 secs] [Times: user=0.00 sys=0.00, real=0.00 secs] 
196.625: [Full GC (Allocation Failure) [PSYoungGen: 32K->0K(49152K)] [ParOldGen: 411153K->72209K(472064K)] 411185K->72209K(521216K), [Metaspace: 2796K->2796K(1056768K)], 0.0062478 secs] [Times: user=0.00 sys=0.00, real=0.01 secs] 
197.726: [GC (Allocation Failure) [PSYoungGen: 43925K->0K(49152K)] 218535K->189969K(521216K), 0.0016194 secs] [Times: user=0.00 sys=0.00, real=0.00 secs] 
198.600: [GC (Allocation Failure) [PSYoungGen: 43926K->0K(49152K)] 387496K->348689K(521216K), 0.0009432 secs] [Times: user=0.00 sys=0.00, real=0.00 secs] 
199.254: [GC (Allocation Failure) [PSYoungGen: 41879K->0K(49152K)] 390569K->364049K(521216K), 0.0015295 secs] [Times: user=0.00 sys=0.00, real=0.00 secs] 
199.473: [GC (Allocation Failure) [PSYoungGen: 21393K->0K(49152K)] 436643K->415249K(521216K), 0.0009498 secs] [Times: user=0.00 sys=0.00, real=0.00 secs] 
199.474: [GC (Allocation Failure) [PSYoungGen: 0K->0K(49152K)] 415249K->415249K(521216K), 0.0008312 secs] [Times: user=0.00 sys=0.00, real=0.00 secs] 
199.475: [Full GC (Allocation Failure) [PSYoungGen: 0K->0K(49152K)] [ParOldGen: 415249K->133649K(472064K)] 415249K->133649K(521216K), [Metaspace: 2796K->2796K(1056768K)], 0.0099437 secs] [Times: user=0.00 sys=0.00, real=0.01 secs] 
200.691: [GC (Allocation Failure) [PSYoungGen: 36753K->0K(49152K)] 272803K->251409K(521216K), 0.0017049 secs] [Times: user=0.00 sys=0.00, real=0.00 secs] 
201.669: [GC (Allocation Failure) [PSYoungGen: 43924K->1024K(49152K)] 448934K->411153K(521216K), 0.0013769 secs] [Times: user=0.00 sys=0.00, real=0.00 secs] 
202.108: [GC (Allocation Failure) [PSYoungGen: 32662K->1024K(49152K)] 442792K->426513K(521216K), 0.0016152 secs] [Times: user=0.00 sys=0.00, real=0.00 secs] 
202.109: [Full GC (Ergonomics) [PSYoungGen: 1024K->0K(49152K)] [ParOldGen: 425489K->22033K(472064K)] 426513K->22033K(521216K), [Metaspace: 2796K->2796K(1056768K)], 0.0031389 secs] [Times: user=0.00 sys=0.00, real=0.00 secs] 
203.094: [GC (Allocation Failure) [PSYoungGen: 43918K->1024K(49152K)] 219551K->181777K(521216K), 0.0009483 secs] [Times: user=0.00 sys=0.00, real=0.00 secs] 
204.514: [GC (Allocation Failure) [PSYoungGen: 43922K->0K(49152K)] 224676K->190993K(521216K), 0.0009863 secs] [Times: user=0.00 sys=0.00, real=0.00 secs] 
204.951: [GC (Allocation Failure) [PSYoungGen: 31629K->0K(49152K)] 222623K->211473K(521216K), 0.0013683 secs] [Times: user=0.00 sys=0.00, real=0.00 secs] 
205.935: [GC (Allocation Failure) [PSYoungGen: 43912K->0K(49152K)] 408986K->375313K(521216K), 0.0012798 secs] [Times: user=0.00 sys=0.00, real=0.00 secs] 
206.371: [GC (Allocation Failure) [PSYoungGen: 31630K->0K(49152K)] 406944K->385553K(521216K), 0.0011905 secs] [Times: user=0.00 sys=0.00, real=0.00 secs] 
206.589: [GC (Allocation Failure) [PSYoungGen: 21385K->0K(49152K)] 458139K->457234K(521216K), 0.0020526 secs] [Times: user=0.00 sys=0.00, real=0.00 secs] 
206.591: [Full GC (Ergonomics) [PSYoungGen: 0K->0K(49152K)] [ParOldGen: 457234K->92689K(472064K)] 457234K->92689K(521216K), [Metaspace: 2796K->2796K(1056768K)], 0.0079426 secs] [Times: user=0.00 sys=0.00, real=0.01 secs] 
208.461: [GC (Allocation Failure) [PSYoungGen: 45961K->0K(49152K)] 394651K->353809K(521216K), 0.0012185 secs] [Times: user=0.00 sys=0.00, real=0.00 secs] 
209.118: [GC (Allocation Failure) [PSYoungGen: 36751K->0K(49152K)] 390560K->369169K(521216K), 0.0016270 secs] [Times: user=0.00 sys=0.00, real=0.00 secs] 
209.445: [GC (Allocation Failure) [PSYoungGen: 31626K->0K(49152K)] 451996K->420369K(521216K), 0.0007894 secs] [Times: user=0.00 sys=0.00, real=0.00 secs] 
209.445: [GC (Allocation Failure) [PSYoungGen: 0K->0K(49152K)] 420369K->420369K(521216K), 0.0010003 secs] [Times: user=0.00 sys=0.00, real=0.00 secs] 
209.446: [Full GC (Allocation Failure) [PSYoungGen: 0K->0K(49152K)] [ParOldGen: 420369K->108049K(472064K)] 420369K->108049K(521216K), [Metaspace: 2796K->2796K(1056768K)], 0.0084200 secs] [Times: user=0.00 sys=0.00, real=0.01 secs] 
210.550: [GC (Allocation Failure) [PSYoungGen: 43920K->0K(49152K)] 254369K->225809K(521216K), 0.0012957 secs] [Times: user=0.02 sys=0.00, real=0.00 secs] 
211.859: [GC (Allocation Failure) [PSYoungGen: 42899K->0K(49152K)] 422309K->389649K(521216K), 0.0010708 secs] [Times: user=0.00 sys=0.00, real=0.00 secs] 
212.297: [Full GC (Ergonomics) [PSYoungGen: 41877K->0K(49152K)] [ParOldGen: 440849K->56849K(472064K)] 482727K->56849K(521216K), [Metaspace: 2796K->2796K(1056768K)], 0.0056390 secs] [Times: user=0.00 sys=0.00, real=0.01 secs] 
213.401: [GC (Allocation Failure) [PSYoungGen: 43927K->1024K(49152K)] 203176K->180753K(521216K), 0.0014566 secs] [Times: user=0.00 sys=0.00, real=0.00 secs] 
214.275: [GC (Allocation Failure) [PSYoungGen: 44951K->1024K(49152K)] 378281K->344593K(521216K), 0.0012057 secs] [Times: user=0.00 sys=0.00, real=0.00 secs] 
215.478: [GC (Allocation Failure) [PSYoungGen: 42904K->0K(49152K)] 386474K->353809K(521216K), 0.0012586 secs] [Times: user=0.00 sys=0.00, real=0.00 secs] 
216.243: [GC (Allocation Failure) [PSYoungGen: 41873K->0K(49152K)] 395683K->369169K(521216K), 0.0016220 secs] [Times: user=0.00 sys=0.00, real=0.00 secs] 
216.569: [GC (Allocation Failure) [PSYoungGen: 31629K->0K(49152K)] 451999K->440849K(521216K), 0.0023322 secs] [Times: user=0.00 sys=0.00, real=0.00 secs] 
216.571: [Full GC (Ergonomics) [PSYoungGen: 0K->0K(49152K)] [ParOldGen: 440849K->77329K(472064K)] 440849K->77329K(521216K), [Metaspace: 2796K->2796K(1056768K)], 0.0063578 secs] [Times: user=0.00 sys=0.00, real=0.01 secs] 
217.676: [GC (Allocation Failure) [PSYoungGen: 43921K->0K(49152K)] 223651K->195089K(521216K), 0.0013734 secs] [Times: user=0.00 sys=0.00, real=0.00 secs] 
218.550: [GC (Allocation Failure) [PSYoungGen: 43924K->0K(49152K)] 392614K->353809K(521216K), 0.0009704 secs] [Times: user=0.00 sys=0.00, real=0.00 secs] 
Heap
 PSYoungGen      total 49152K, used 12080K [0x00000000fcd00000, 0x0000000100000000, 0x0000000100000000)
  eden space 46080K, 26% used [0x00000000fcd00000,0x00000000fd8cc118,0x00000000ffa00000)
  from space 3072K, 0% used [0x00000000ffa00000,0x00000000ffa00000,0x00000000ffd00000)
  to   space 3072K, 0% used [0x00000000ffd00000,0x00000000ffd00000,0x0000000100000000)
 ParOldGen       total 472064K, used 353809K [0x00000000e0000000, 0x00000000fcd00000, 0x00000000fcd00000)
  object space 472064K, 74% used [0x00000000e0000000,0x00000000f5984770,0x00000000fcd00000)
 Metaspace       used 2804K, capacity 4486K, committed 4864K, reserved 1056768K
  class space    used 297K, capacity 386K, committed 512K, reserved 1048576K
