Java HotSpot(TM) 64-Bit Server VM (25.411-b09) for windows-amd64 JRE (1.8.0_411-b09), built on Mar 13 2024 07:26:13 by "java_re" with MS VC++ 17.1 (VS2022)
Memory: 4k page, physical 33403376k(14445788k free), swap 39632896k(6427892k free)
CommandLine flags: -XX:InitialHeapSize=1073741824 -XX:MaxHeapSize=1073741824 -XX:NewRatio=9 -XX:ParallelGCThreads=6 -XX:+PrintGC -XX:+PrintGCDetails -XX:+PrintGCTimeStamps -XX:SurvivorRatio=10 -XX:-UseAdaptiveSizePolicy -XX:+UseCompressedClassPointers -XX:+UseCompressedOops -XX:-UseLargePagesIndividualAllocation -XX:+UseParallelGC 
1.866: [GC (Allocation Failure) [PSYoungGen: 84070K->6808K(95744K)] 237670K->165536K(1039872K), 0.0029939 secs] [Times: user=0.00 sys=0.00, real=0.00 secs] 
3.555: [GC (Allocation Failure) [PSYoungGen: 91493K->7784K(95744K)] 403821K->325232K(1039872K), 0.0028653 secs] [Times: user=0.00 sys=0.00, real=0.00 secs] 
5.524: [GC (Allocation Failure) [PSYoungGen: 86325K->5800K(95744K)] 403773K->343728K(1039872K), 0.0047739 secs] [Times: user=0.00 sys=0.00, real=0.01 secs] 
6.323: [GC (Allocation Failure) [PSYoungGen: 90479K->5720K(95744K)] 530807K->456288K(1039872K), 0.0028319 secs] [Times: user=0.00 sys=0.00, real=0.00 secs] 
8.444: [GC (Allocation Failure) [PSYoungGen: 86151K->5688K(95744K)] 690320K->609864K(1039872K), 0.0017059 secs] [Times: user=0.00 sys=0.00, real=0.00 secs] 
9.241: [GC (Allocation Failure) [PSYoungGen: 90370K->5688K(95744K)] 796946K->763472K(1039872K), 0.0171714 secs] [Times: user=0.00 sys=0.00, real=0.02 secs] 
10.937: [Full GC (Ergonomics) [PSYoungGen: 90371K->0K(95744K)] [ParOldGen: 911384K->164368K(944128K)] 1001755K->164368K(1039872K), [Metaspace: 2761K->2761K(1056768K)], 0.0211949 secs] [Times: user=0.00 sys=0.00, real=0.02 secs] 
12.814: [GC (Allocation Failure) [PSYoungGen: 84225K->5152K(95744K)] 402194K->333368K(1039872K), 0.0017393 secs] [Times: user=0.00 sys=0.00, real=0.00 secs] 
13.578: [GC (Allocation Failure) [PSYoungGen: 89836K->6176K(95744K)] 520453K->441913K(1039872K), 0.0014184 secs] [Times: user=0.00 sys=0.00, real=0.00 secs] 
15.218: [GC (Allocation Failure) [PSYoungGen: 90860K->6176K(95744K)] 680197K->615993K(1039872K), 0.0021049 secs] [Times: user=0.00 sys=0.00, real=0.00 secs] 
17.075: [GC (Allocation Failure) [PSYoungGen: 89836K->5152K(95744K)] 699653K->625209K(1039872K), 0.0020903 secs] [Times: user=0.00 sys=0.00, real=0.00 secs] 
17.841: [GC (Allocation Failure) [PSYoungGen: 89831K->5152K(95744K)] 812288K->753209K(1039872K), 0.0030288 secs] [Times: user=0.00 sys=0.00, real=0.00 secs] 
20.028: [Full GC (Ergonomics) [PSYoungGen: 89833K->0K(95744K)] [ParOldGen: 901657K->5649K(944128K)] 991490K->5649K(1039872K), [Metaspace: 2770K->2770K(1056768K)], 0.0045021 secs] [Times: user=0.00 sys=0.00, real=0.00 secs] 
21.115: [GC (Allocation Failure) [PSYoungGen: 84682K->5120K(95744K)] 192731K->118289K(1039872K), 0.0010899 secs] [Times: user=0.00 sys=0.00, real=0.00 secs] 
22.650: [GC (Allocation Failure) [PSYoungGen: 89803K->6144K(95744K)] 356572K->288273K(1039872K), 0.0019201 secs] [Times: user=0.00 sys=0.00, real=0.00 secs] 
23.854: [GC (Allocation Failure) [PSYoungGen: 90828K->1024K(95744K)] 475357K->385553K(1039872K), 0.0007610 secs] [Times: user=0.00 sys=0.00, real=0.00 secs] 
25.384: [GC (Allocation Failure) [PSYoungGen: 80588K->5120K(95744K)] 618717K->558609K(1039872K), 0.0017338 secs] [Times: user=0.00 sys=0.00, real=0.00 secs] 
26.917: [GC (Allocation Failure) [PSYoungGen: 89804K->5120K(95744K)] 796893K->732689K(1039872K), 0.0024349 secs] [Times: user=0.00 sys=0.00, real=0.00 secs] 
28.442: [GC (Allocation Failure) [PSYoungGen: 84028K->5152K(95744K)] 811597K->742969K(1039872K), 0.0019758 secs] [Times: user=0.00 sys=0.00, real=0.00 secs] 
29.204: [GC (Allocation Failure) [PSYoungGen: 89828K->5152K(95744K)] 930045K->901689K(1039872K), 0.0052240 secs] [Times: user=0.02 sys=0.00, real=0.01 secs] 
29.210: [Full GC (Ergonomics) [PSYoungGen: 5152K->0K(95744K)] [ParOldGen: 896537K->61969K(944128K)] 901689K->61969K(1039872K), [Metaspace: 2793K->2793K(1056768K)], 0.0064347 secs] [Times: user=0.00 sys=0.00, real=0.01 secs] 
30.860: [GC (Allocation Failure) [PSYoungGen: 84679K->5120K(95744K)] 300248K->225809K(1039872K), 0.0009868 secs] [Times: user=0.00 sys=0.00, real=0.00 secs] 
33.367: [GC (Allocation Failure) [PSYoungGen: 91849K->7168K(95744K)] 568538K->488977K(1039872K), 0.0015293 secs] [Times: user=0.00 sys=0.00, real=0.00 secs] 
35.436: [GC (Allocation Failure) [PSYoungGen: 91850K->0K(95744K)] 727260K->645649K(1039872K), 0.0015228 secs] [Times: user=0.00 sys=0.00, real=0.00 secs] 
36.094: [GC (Allocation Failure) [PSYoungGen: 84683K->1024K(95744K)] 832732K->759313K(1039872K), 0.0015531 secs] [Times: user=0.00 sys=0.00, real=0.00 secs] 
37.729: [Full GC (Ergonomics) [PSYoungGen: 85708K->0K(95744K)] [ParOldGen: 911889K->41489K(944128K)] 997597K->41489K(1039872K), [Metaspace: 2793K->2793K(1056768K)], 0.0051788 secs] [Times: user=0.00 sys=0.00, real=0.01 secs] 
39.585: [GC (Allocation Failure) [PSYoungGen: 83660K->5120K(95744K)] 176349K->102929K(1039872K), 0.0010101 secs] [Times: user=0.00 sys=0.00, real=0.00 secs] 
41.112: [GC (Allocation Failure) [PSYoungGen: 89804K->5120K(95744K)] 341214K->271889K(1039872K), 0.0016586 secs] [Times: user=0.00 sys=0.00, real=0.00 secs] 
41.768: [GC (Allocation Failure) [PSYoungGen: 89804K->7168K(95744K)] 458974K->376337K(1039872K), 0.0010264 secs] [Times: user=0.00 sys=0.00, real=0.00 secs] 
44.056: [GC (Allocation Failure) [PSYoungGen: 91852K->1024K(95744K)] 461022K->390673K(1039872K), 0.0016958 secs] [Times: user=0.00 sys=0.00, real=0.00 secs] 
44.820: [GC (Allocation Failure) [PSYoungGen: 85703K->6144K(95744K)] 577753K->503313K(1039872K), 0.0012518 secs] [Times: user=0.00 sys=0.00, real=0.00 secs] 
46.903: [GC (Allocation Failure) [PSYoungGen: 90825K->0K(95744K)] 741595K->661009K(1039872K), 0.0016708 secs] [Times: user=0.00 sys=0.00, real=0.00 secs] 
47.667: [GC (Allocation Failure) [PSYoungGen: 84682K->5120K(95744K)] 848092K->789009K(1039872K), 0.0026266 secs] [Times: user=0.00 sys=0.00, real=0.00 secs] 
49.318: [Full GC (Ergonomics) [PSYoungGen: 89803K->0K(95744K)] [ParOldGen: 937489K->82449K(944128K)] 1027293K->82449K(1039872K), [Metaspace: 2795K->2795K(1056768K)], 0.0085047 secs] [Times: user=0.00 sys=0.00, real=0.01 secs] 
51.069: [GC (Allocation Failure) [PSYoungGen: 78540K->5120K(95744K)] 314589K->251409K(1039872K), 0.0012888 secs] [Times: user=0.00 sys=0.00, real=0.00 secs] 
51.724: [GC (Allocation Failure) [PSYoungGen: 89804K->7168K(95744K)] 438493K->355857K(1039872K), 0.0008240 secs] [Times: user=0.00 sys=0.00, real=0.00 secs] 
53.362: [GC (Allocation Failure) [PSYoungGen: 91852K->7168K(95744K)] 594142K->519697K(1039872K), 0.0015696 secs] [Times: user=0.00 sys=0.00, real=0.00 secs] 
55.441: [GC (Allocation Failure) [PSYoungGen: 90828K->5120K(95744K)] 603358K->538129K(1039872K), 0.0016861 secs] [Times: user=0.00 sys=0.00, real=0.00 secs] 
56.208: [GC (Allocation Failure) [PSYoungGen: 89799K->5120K(95744K)] 725209K->650769K(1039872K), 0.0016271 secs] [Times: user=0.00 sys=0.00, real=0.00 secs] 
58.283: [GC (Allocation Failure) [PSYoungGen: 84681K->5120K(95744K)] 883931K->804369K(1039872K), 0.0015388 secs] [Times: user=0.00 sys=0.00, real=0.00 secs] 
59.047: [Full GC (Ergonomics) [PSYoungGen: 89802K->0K(95744K)] [ParOldGen: 901649K->57344K(944128K)] 991452K->57344K(1039872K), [Metaspace: 2796K->2796K(1056768K)], 0.0060156 secs] [Times: user=0.00 sys=0.00, real=0.01 secs] 
60.680: [GC (Allocation Failure) [PSYoungGen: 84683K->5120K(95744K)] 295627K->221184K(1039872K), 0.0010221 secs] [Times: user=0.00 sys=0.00, real=0.00 secs] 
62.538: [GC (Allocation Failure) [PSYoungGen: 88780K->5120K(95744K)] 458444K->385024K(1039872K), 0.0017419 secs] [Times: user=0.00 sys=0.00, real=0.00 secs] 
63.298: [GC (Allocation Failure) [PSYoungGen: 89804K->6144K(95744K)] 572108K->493568K(1039872K), 0.0015472 secs] [Times: user=0.00 sys=0.00, real=0.00 secs] 
64.935: [GC (Allocation Failure) [PSYoungGen: 90828K->6144K(95744K)] 731852K->662528K(1039872K), 0.0023516 secs] [Times: user=0.00 sys=0.00, real=0.00 secs] 
66.791: [GC (Allocation Failure) [PSYoungGen: 89804K->5120K(95744K)] 746188K->671744K(1039872K), 0.0019598 secs] [Times: user=0.00 sys=0.00, real=0.00 secs] 
67.555: [GC (Allocation Failure) [PSYoungGen: 89799K->5120K(95744K)] 858823K->799744K(1039872K), 0.0038976 secs] [Times: user=0.00 sys=0.00, real=0.00 secs] 
68.423: [GC (Allocation Failure) [PSYoungGen: 68297K->5120K(95744K)] 914121K->856064K(1039872K), 0.0017656 secs] [Times: user=0.00 sys=0.00, real=0.00 secs] 
68.424: [GC (Allocation Failure) [PSYoungGen: 5120K->5120K(95744K)] 856064K->856064K(1039872K), 0.0025441 secs] [Times: user=0.00 sys=0.00, real=0.00 secs] 
68.427: [Full GC (Allocation Failure) [PSYoungGen: 5120K->0K(95744K)] [ParOldGen: 850944K->82449K(944128K)] 856064K->82449K(1039872K), [Metaspace: 2796K->2796K(1056768K)], 0.0076169 secs] [Times: user=0.00 sys=0.00, real=0.01 secs] 
70.405: [GC (Allocation Failure) [PSYoungGen: 86730K->5120K(95744K)] 373980K->292369K(1039872K), 0.0007146 secs] [Times: user=0.00 sys=0.00, real=0.00 secs] 
72.045: [GC (Allocation Failure) [PSYoungGen: 89803K->6144K(95744K)] 530652K->452113K(1039872K), 0.0011511 secs] [Times: user=0.00 sys=0.00, real=0.00 secs] 
73.899: [GC (Allocation Failure) [PSYoungGen: 85708K->0K(95744K)] 685277K->620049K(1039872K), 0.0017587 secs] [Times: user=0.00 sys=0.00, real=0.00 secs] 
74.666: [GC (Allocation Failure) [PSYoungGen: 84684K->5120K(95744K)] 807133K->732689K(1039872K), 0.0015550 secs] [Times: user=0.00 sys=0.00, real=0.00 secs] 
76.309: [GC (Allocation Failure) [PSYoungGen: 89804K->5120K(95744K)] 970974K->906769K(1039872K), 0.0024605 secs] [Times: user=0.00 sys=0.00, real=0.00 secs] 
76.311: [Full GC (Ergonomics) [PSYoungGen: 5120K->0K(95744K)] [ParOldGen: 901649K->36369K(944128K)] 906769K->36369K(1039872K), [Metaspace: 2796K->2796K(1056768K)], 0.0044246 secs] [Times: user=0.00 sys=0.00, real=0.01 secs] 
77.948: [GC (Allocation Failure) [PSYoungGen: 78540K->5120K(95744K)] 114910K->46609K(1039872K), 0.0009710 secs] [Times: user=0.00 sys=0.00, real=0.00 secs] 
79.475: [GC (Allocation Failure) [PSYoungGen: 89791K->5120K(95744K)] 284880K->215569K(1039872K), 0.0018440 secs] [Times: user=0.00 sys=0.00, real=0.00 secs] 
80.131: [GC (Allocation Failure) [PSYoungGen: 89795K->6144K(95744K)] 402645K->318993K(1039872K), 0.0008089 secs] [Times: user=0.00 sys=0.00, real=0.00 secs] 
82.425: [GC (Allocation Failure) [PSYoungGen: 85703K->6144K(95744K)] 500952K->431633K(1039872K), 0.0015224 secs] [Times: user=0.00 sys=0.00, real=0.00 secs] 
83.186: [GC (Allocation Failure) [PSYoungGen: 90825K->7168K(95744K)] 618714K->540177K(1039872K), 0.0013886 secs] [Times: user=0.00 sys=0.00, real=0.00 secs] 
85.156: [GC (Allocation Failure) [PSYoungGen: 86730K->0K(95744K)] 773340K->696849K(1039872K), 0.0012598 secs] [Times: user=0.00 sys=0.00, real=0.00 secs] 
85.811: [GC (Allocation Failure) [PSYoungGen: 84683K->1024K(95744K)] 883932K->810513K(1039872K), 0.0015381 secs] [Times: user=0.00 sys=0.00, real=0.00 secs] 
86.898: [GC (Allocation Failure) [PSYoungGen: 74443K->5120K(95744K)] 935133K->886289K(1039872K), 0.0025346 secs] [Times: user=0.00 sys=0.00, real=0.00 secs] 
86.901: [GC (Allocation Failure) [PSYoungGen: 5120K->5120K(95744K)] 886289K->886289K(1039872K), 0.0015723 secs] [Times: user=0.00 sys=0.00, real=0.00 secs] 
86.903: [Full GC (Allocation Failure) [PSYoungGen: 5120K->0K(95744K)] [ParOldGen: 881169K->87569K(944128K)] 886289K->87569K(1039872K), [Metaspace: 2796K->2796K(1056768K)], 0.0087645 secs] [Times: user=0.00 sys=0.00, real=0.01 secs] 
89.096: [GC (Allocation Failure) [PSYoungGen: 84684K->5120K(95744K)] 325853K->251409K(1039872K), 0.0008395 secs] [Times: user=0.00 sys=0.00, real=0.00 secs] 
90.738: [GC (Allocation Failure) [PSYoungGen: 89804K->5120K(95744K)] 489694K->415249K(1039872K), 0.0016381 secs] [Times: user=0.01 sys=0.00, real=0.00 secs] 
93.142: [GC (Allocation Failure) [PSYoungGen: 91852K->6144K(95744K)] 655582K->569873K(1039872K), 0.0011270 secs] [Times: user=0.00 sys=0.00, real=0.00 secs] 
94.781: [GC (Allocation Failure) [PSYoungGen: 90828K->6144K(95744K)] 808158K->738833K(1039872K), 0.0019155 secs] [Times: user=0.00 sys=0.00, real=0.00 secs] 
96.635: [GC (Allocation Failure) [PSYoungGen: 80588K->0K(95744K)] 966878K->896529K(1039872K), 0.0015993 secs] [Times: user=0.00 sys=0.00, real=0.00 secs] 
96.856: [GC (Allocation Failure) --[PSYoungGen: 73420K->73420K(95744K)] 969950K->990430K(1039872K), 0.0021118 secs] [Times: user=0.00 sys=0.00, real=0.00 secs] 
96.859: [Full GC (Ergonomics) [PSYoungGen: 73420K->0K(95744K)] [ParOldGen: 917009K->72209K(944128K)] 990430K->72209K(1039872K), [Metaspace: 2796K->2796K(1056768K)], 0.0070858 secs] [Times: user=0.02 sys=0.00, real=0.01 secs] 
98.836: [GC (Allocation Failure) [PSYoungGen: 86727K->5120K(95744K)] 414936K->338449K(1039872K), 0.0010942 secs] [Times: user=0.00 sys=0.00, real=0.00 secs] 
100.696: [GC (Allocation Failure) [PSYoungGen: 83657K->5120K(95744K)] 570586K->497169K(1039872K), 0.0010797 secs] [Times: user=0.00 sys=0.00, real=0.00 secs] 
102.225: [GC (Allocation Failure) [PSYoungGen: 89802K->6144K(95744K)] 735451K->667153K(1039872K), 0.0019747 secs] [Times: user=0.00 sys=0.00, real=0.00 secs] 
102.881: [GC (Allocation Failure) [PSYoungGen: 90827K->7168K(95744K)] 854236K->770577K(1039872K), 0.0015322 secs] [Times: user=0.00 sys=0.00, real=0.00 secs] 
105.064: [GC (Allocation Failure) [PSYoungGen: 90828K->5120K(95744K)] 854237K->778769K(1039872K), 0.0016868 secs] [Times: user=0.00 sys=0.00, real=0.00 secs] 
105.716: [GC (Allocation Failure) [PSYoungGen: 89798K->6144K(95744K)] 965848K->892433K(1039872K), 0.0017436 secs] [Times: user=0.00 sys=0.00, real=0.00 secs] 
106.808: [Full GC (Ergonomics) [PSYoungGen: 79561K->0K(95744K)] [ParOldGen: 937489K->92689K(944128K)] 1017050K->92689K(1039872K), [Metaspace: 2796K->2796K(1056768K)], 0.0086398 secs] [Times: user=0.00 sys=0.00, real=0.01 secs] 
109.334: [GC (Allocation Failure) [PSYoungGen: 81610K->5120K(95744K)] 430299K->364049K(1039872K), 0.0016303 secs] [Times: user=0.00 sys=0.00, real=0.00 secs] 
109.988: [GC (Allocation Failure) [PSYoungGen: 89803K->6144K(95744K)] 551132K->467473K(1039872K), 0.0008870 secs] [Times: user=0.00 sys=0.00, real=0.00 secs] 
112.069: [GC (Allocation Failure) [PSYoungGen: 89803K->5120K(95744K)] 704733K->625169K(1039872K), 0.0016552 secs] [Times: user=0.00 sys=0.00, real=0.00 secs] 
113.597: [GC (Allocation Failure) [PSYoungGen: 89804K->1024K(95744K)] 863453K->795153K(1039872K), 0.0015212 secs] [Times: user=0.00 sys=0.00, real=0.00 secs] 
114.247: [GC (Allocation Failure) [PSYoungGen: 85708K->2048K(95744K)] 982238K->898577K(1039872K), 0.0017457 secs] [Times: user=0.00 sys=0.00, real=0.00 secs] 
116.325: [GC (Allocation Failure) [PSYoungGen: 85708K->5120K(95744K)] 982238K->906769K(1039872K), 0.0017277 secs] [Times: user=0.00 sys=0.00, real=0.00 secs] 
116.655: [GC (Allocation Failure) [PSYoungGen: 47815K->5120K(95744K)] 949465K->947729K(1039872K), 0.0039522 secs] [Times: user=0.00 sys=0.00, real=0.00 secs] 
116.659: [Full GC (Ergonomics) [PSYoungGen: 5120K->0K(95744K)] [ParOldGen: 942609K->26129K(944128K)] 947729K->26129K(1039872K), [Metaspace: 2796K->2796K(1056768K)], 0.0042650 secs] [Times: user=0.00 sys=0.00, real=0.00 secs] 
117.769: [GC (Allocation Failure) [PSYoungGen: 84679K->5120K(95744K)] 213208K->138769K(1039872K), 0.0009228 secs] [Times: user=0.00 sys=0.00, real=0.00 secs] 
120.390: [GC (Allocation Failure) [PSYoungGen: 91849K->5120K(95744K)] 532698K->445969K(1039872K), 0.0008805 secs] [Times: user=0.00 sys=0.00, real=0.00 secs] 
122.026: [GC (Allocation Failure) [PSYoungGen: 89802K->6144K(95744K)] 684252K->610833K(1039872K), 0.0015860 secs] [Times: user=0.00 sys=0.00, real=0.00 secs] 
123.668: [GC (Allocation Failure) [PSYoungGen: 75467K->0K(95744K)] 833757K->778769K(1039872K), 0.0018969 secs] [Times: user=0.00 sys=0.00, real=0.00 secs] 
124.431: [GC (Allocation Failure) [PSYoungGen: 84683K->5120K(95744K)] 965853K->891409K(1039872K), 0.0018905 secs] [Times: user=0.00 sys=0.00, real=0.00 secs] 
125.306: [Full GC (Ergonomics) [PSYoungGen: 68300K->0K(95744K)] [ParOldGen: 937489K->77329K(944128K)] 1005789K->77329K(1039872K), [Metaspace: 2796K->2796K(1056768K)], 0.0078028 secs] [Times: user=0.00 sys=0.00, real=0.01 secs] 
127.402: [GC (Allocation Failure) [PSYoungGen: 84684K->5120K(95744K)] 264413K->189969K(1039872K), 0.0010396 secs] [Times: user=0.00 sys=0.00, real=0.00 secs] 
129.036: [GC (Allocation Failure) [PSYoungGen: 89804K->5120K(95744K)] 428254K->348689K(1039872K), 0.0010200 secs] [Times: user=0.00 sys=0.00, real=0.00 secs] 
131.543: [GC (Allocation Failure) [PSYoungGen: 91852K->6144K(95744K)] 691422K->605713K(1039872K), 0.0013665 secs] [Times: user=0.00 sys=0.00, real=0.00 secs] 
133.185: [GC (Allocation Failure) [PSYoungGen: 90828K->7168K(95744K)] 843998K->765457K(1039872K), 0.0020476 secs] [Times: user=0.00 sys=0.00, real=0.00 secs] 
135.044: [Full GC (Ergonomics) [PSYoungGen: 86732K->0K(95744K)] [ParOldGen: 911889K->11264K(944128K)] 998622K->11264K(1039872K), [Metaspace: 2796K->2796K(1056768K)], 0.0031267 secs] [Times: user=0.00 sys=0.00, real=0.00 secs] 
135.810: [GC (Allocation Failure) [PSYoungGen: 84684K->5120K(95744K)] 198348K->123904K(1039872K), 0.0009441 secs] [Times: user=0.00 sys=0.00, real=0.00 secs] 
137.448: [GC (Allocation Failure) [PSYoungGen: 89804K->5120K(95744K)] 362189K->303104K(1039872K), 0.0025125 secs] [Times: user=0.00 sys=0.00, real=0.00 secs] 
139.195: [GC (Allocation Failure) [PSYoungGen: 88780K->5120K(95744K)] 437965K->364544K(1039872K), 0.0016495 secs] [Times: user=0.00 sys=0.00, real=0.00 secs] 
139.850: [GC (Allocation Failure) [PSYoungGen: 89804K->6144K(95744K)] 551629K->467968K(1039872K), 0.0011546 secs] [Times: user=0.00 sys=0.00, real=0.00 secs] 
141.483: [GC (Allocation Failure) [PSYoungGen: 90829K->6144K(95744K)] 706253K->631808K(1039872K), 0.0023023 secs] [Times: user=0.02 sys=0.00, real=0.00 secs] 
143.552: [GC (Allocation Failure) [PSYoungGen: 80589K->1024K(95744K)] 706253K->647168K(1039872K), 0.0023369 secs] [Times: user=0.00 sys=0.00, real=0.00 secs] 
144.317: [GC (Allocation Failure) [PSYoungGen: 85703K->6144K(95744K)] 834247K->759808K(1039872K), 0.0017508 secs] [Times: user=0.00 sys=0.00, real=0.00 secs] 
146.396: [Full GC (Ergonomics) [PSYoungGen: 90825K->0K(95744K)] [ParOldGen: 907264K->11264K(944128K)] 998089K->11264K(1039872K), [Metaspace: 2796K->2796K(1056768K)], 0.0038133 secs] [Times: user=0.00 sys=0.00, real=0.00 secs] 
147.158: [GC (Allocation Failure) [PSYoungGen: 84682K->5120K(95744K)] 198346K->139264K(1039872K), 0.0020601 secs] [Times: user=0.00 sys=0.00, real=0.00 secs] 
148.795: [GC (Allocation Failure) [PSYoungGen: 89803K->5120K(95744K)] 377547K->303104K(1039872K), 0.0012783 secs] [Times: user=0.00 sys=0.00, real=0.00 secs] 
150.541: [GC (Allocation Failure) [PSYoungGen: 83659K->5120K(95744K)] 535244K->466944K(1039872K), 0.0018650 secs] [Times: user=0.00 sys=0.00, real=0.00 secs] 
151.197: [GC (Allocation Failure) [PSYoungGen: 89804K->7168K(95744K)] 654028K->571392K(1039872K), 0.0014496 secs] [Times: user=0.00 sys=0.00, real=0.00 secs] 
152.838: [GC (Allocation Failure) [PSYoungGen: 91852K->7168K(95744K)] 809676K->735232K(1039872K), 0.0026954 secs] [Times: user=0.00 sys=0.00, real=0.00 secs] 
154.912: [GC (Allocation Failure) [PSYoungGen: 90828K->5120K(95744K)] 818892K->753664K(1039872K), 0.0024506 secs] [Times: user=0.00 sys=0.00, real=0.00 secs] 
155.679: [GC (Allocation Failure) [PSYoungGen: 89799K->5120K(95744K)] 940743K->866304K(1039872K), 0.0018272 secs] [Times: user=0.00 sys=0.00, real=0.00 secs] 
156.551: [Full GC (Ergonomics) [PSYoungGen: 68297K->0K(95744K)] [ParOldGen: 912384K->92689K(944128K)] 980681K->92689K(1039872K), [Metaspace: 2796K->2796K(1056768K)], 0.0092956 secs] [Times: user=0.00 sys=0.00, real=0.01 secs] 
159.082: [GC (Allocation Failure) [PSYoungGen: 81610K->5120K(95744K)] 430300K->364049K(1039872K), 0.0015980 secs] [Times: user=0.00 sys=0.00, real=0.00 secs] 
159.740: [GC (Allocation Failure) [PSYoungGen: 89803K->6144K(95744K)] 551132K->467473K(1039872K), 0.0008448 secs] [Times: user=0.00 sys=0.00, real=0.00 secs] 
161.812: [GC (Allocation Failure) [PSYoungGen: 89804K->5120K(95744K)] 704733K->625169K(1039872K), 0.0010231 secs] [Times: user=0.00 sys=0.00, real=0.00 secs] 
163.336: [GC (Allocation Failure) [PSYoungGen: 89804K->1024K(95744K)] 863453K->795153K(1039872K), 0.0017337 secs] [Times: user=0.00 sys=0.00, real=0.00 secs] 
163.990: [GC (Allocation Failure) [PSYoungGen: 85708K->2048K(95744K)] 982238K->898577K(1039872K), 0.0015278 secs] [Times: user=0.00 sys=0.00, real=0.00 secs] 
166.068: [GC (Allocation Failure) [PSYoungGen: 85708K->5120K(95744K)] 982238K->906769K(1039872K), 0.0016820 secs] [Times: user=0.00 sys=0.00, real=0.00 secs] 
166.070: [Full GC (Ergonomics) [PSYoungGen: 5120K->0K(95744K)] [ParOldGen: 901649K->11264K(944128K)] 906769K->11264K(1039872K), [Metaspace: 2796K->2796K(1056768K)], 0.0031135 secs] [Times: user=0.00 sys=0.00, real=0.00 secs] 
167.595: [GC (Allocation Failure) [PSYoungGen: 84679K->5120K(95744K)] 249543K->200704K(1039872K), 0.0026167 secs] [Times: user=0.00 sys=0.00, real=0.00 secs] 
168.248: [GC (Allocation Failure) [PSYoungGen: 89801K->6144K(95744K)] 387785K->355328K(1039872K), 0.0049020 secs] [Times: user=0.00 sys=0.00, real=0.00 secs] 
169.884: [GC (Allocation Failure) [PSYoungGen: 90826K->5120K(95744K)] 542410K->456704K(1039872K), 0.0011524 secs] [Times: user=0.00 sys=0.00, real=0.00 secs] 
171.520: [GC (Allocation Failure) [PSYoungGen: 89803K->6144K(95744K)] 694987K->616448K(1039872K), 0.0018819 secs] [Times: user=0.00 sys=0.00, real=0.00 secs] 
173.372: [GC (Allocation Failure) [PSYoungGen: 85708K->0K(95744K)] 849612K->784384K(1039872K), 0.0026012 secs] [Times: user=0.00 sys=0.00, real=0.00 secs] 
174.139: [Full GC (Ergonomics) [PSYoungGen: 84684K->0K(95744K)] [ParOldGen: 886784K->21009K(944128K)] 971468K->21009K(1039872K), [Metaspace: 2796K->2796K(1056768K)], 0.0037828 secs] [Times: user=0.00 sys=0.00, real=0.00 secs] 
175.786: [GC (Allocation Failure) [PSYoungGen: 84684K->5120K(95744K)] 259293K->195089K(1039872K), 0.0016484 secs] [Times: user=0.00 sys=0.00, real=0.00 secs] 
177.434: [GC (Allocation Failure) [PSYoungGen: 83660K->5120K(95744K)] 273630K->200209K(1039872K), 0.0009857 secs] [Times: user=0.00 sys=0.00, real=0.00 secs] 
178.963: [GC (Allocation Failure) [PSYoungGen: 89799K->5120K(95744K)] 438488K->369169K(1039872K), 0.0019727 secs] [Times: user=0.00 sys=0.00, real=0.00 secs] 
179.617: [GC (Allocation Failure) [PSYoungGen: 89801K->6144K(95744K)] 556250K->472593K(1039872K), 0.0009419 secs] [Times: user=0.00 sys=0.00, real=0.00 secs] 
181.911: [GC (Allocation Failure) [PSYoungGen: 85706K->6144K(95744K)] 654556K->585233K(1039872K), 0.0016651 secs] [Times: user=0.00 sys=0.00, real=0.00 secs] 
182.673: [GC (Allocation Failure) [PSYoungGen: 90827K->7168K(95744K)] 772316K->693777K(1039872K), 0.0016022 secs] [Times: user=0.00 sys=0.00, real=0.00 secs] 
184.636: [GC (Allocation Failure) [PSYoungGen: 86731K->0K(95744K)] 926941K->850449K(1039872K), 0.0015658 secs] [Times: user=0.00 sys=0.00, real=0.00 secs] 
184.964: [GC (Allocation Failure) [PSYoungGen: 83660K->0K(95744K)] 934109K->911889K(1039872K), 0.0050043 secs] [Times: user=0.00 sys=0.00, real=0.00 secs] 
184.969: [Full GC (Ergonomics) [PSYoungGen: 0K->0K(95744K)] [ParOldGen: 911889K->61969K(944128K)] 911889K->61969K(1039872K), [Metaspace: 2796K->2796K(1056768K)], 0.0069851 secs] [Times: user=0.01 sys=0.00, real=0.01 secs] 
186.942: [GC (Allocation Failure) [PSYoungGen: 86727K->5120K(95744K)] 404696K->348689K(1039872K), 0.0028373 secs] [Times: user=0.00 sys=0.00, real=0.00 secs] 
188.799: [GC (Allocation Failure) [PSYoungGen: 88777K->5120K(95744K)] 483546K->405009K(1039872K), 0.0012459 secs] [Times: user=0.00 sys=0.00, real=0.00 secs] 
190.327: [GC (Allocation Failure) [PSYoungGen: 89802K->5120K(95744K)] 643292K->573969K(1039872K), 0.0018734 secs] [Times: user=0.00 sys=0.00, real=0.00 secs] 
190.979: [GC (Allocation Failure) [PSYoungGen: 89803K->7200K(95744K)] 761052K->678449K(1039872K), 0.0014448 secs] [Times: user=0.00 sys=0.00, real=0.00 secs] 
193.269: [GC (Allocation Failure) [PSYoungGen: 91884K->1056K(95744K)] 763133K->692785K(1039872K), 0.0026032 secs] [Times: user=0.02 sys=0.00, real=0.00 secs] 
194.033: [GC (Allocation Failure) [PSYoungGen: 85735K->6176K(95744K)] 879864K->805425K(1039872K), 0.0018044 secs] [Times: user=0.00 sys=0.00, real=0.00 secs] 
194.907: [GC (Allocation Failure) [PSYoungGen: 69353K->6176K(95744K)] 919802K->866865K(1039872K), 0.0020651 secs] [Times: user=0.00 sys=0.00, real=0.00 secs] 
194.910: [GC (Allocation Failure) [PSYoungGen: 6176K->6176K(95744K)] 866865K->866865K(1039872K), 0.0014405 secs] [Times: user=0.00 sys=0.00, real=0.00 secs] 
194.911: [Full GC (Allocation Failure) [PSYoungGen: 6176K->0K(95744K)] [ParOldGen: 860689K->78353K(944128K)] 866865K->78353K(1039872K), [Metaspace: 2796K->2796K(1056768K)], 0.0076801 secs] [Times: user=0.00 sys=0.00, real=0.01 secs] 
197.441: [GC (Allocation Failure) [PSYoungGen: 86730K->5120K(95744K)] 421084K->370193K(1039872K), 0.0027096 secs] [Times: user=0.01 sys=0.00, real=0.00 secs] 
198.094: [GC (Allocation Failure) [PSYoungGen: 89803K->6144K(95744K)] 557277K->524817K(1039872K), 0.0048616 secs] [Times: user=0.00 sys=0.00, real=0.01 secs] 
200.058: [GC (Allocation Failure) [PSYoungGen: 89803K->5120K(95744K)] 762077K->682513K(1039872K), 0.0017380 secs] [Times: user=0.00 sys=0.00, real=0.00 secs] 
201.597: [GC (Allocation Failure) [PSYoungGen: 84684K->6144K(95744K)] 915678K->847378K(1039872K), 0.0016664 secs] [Times: user=0.02 sys=0.00, real=0.00 secs] 
202.036: [GC (Allocation Failure) [PSYoungGen: 48844K->6144K(95744K)] 941278K->898578K(1039872K), 0.0017903 secs] [Times: user=0.00 sys=0.00, real=0.00 secs] 
202.038: [Full GC (Ergonomics) [PSYoungGen: 6144K->0K(95744K)] [ParOldGen: 892434K->62993K(944128K)] 898578K->62993K(1039872K), [Metaspace: 2796K->2796K(1056768K)], 0.0065906 secs] [Times: user=0.00 sys=0.00, real=0.01 secs] 
204.564: [GC (Allocation Failure) [PSYoungGen: 85708K->5120K(95744K)] 251102K->180753K(1039872K), 0.0014453 secs] [Times: user=0.00 sys=0.00, real=0.00 secs] 
205.218: [GC (Allocation Failure) [PSYoungGen: 89804K->6144K(95744K)] 367838K->294417K(1039872K), 0.0015294 secs] [Times: user=0.00 sys=0.00, real=0.00 secs] 
206.856: [GC (Allocation Failure) [PSYoungGen: 90828K->5120K(95744K)] 532702K->477713K(1039872K), 0.0027739 secs] [Times: user=0.00 sys=0.00, real=0.00 secs] 
208.164: [GC (Allocation Failure) [PSYoungGen: 89804K->5120K(95744K)] 664798K->631313K(1039872K), 0.0049834 secs] [Times: user=0.00 sys=0.00, real=0.00 secs] 
209.804: [GC (Allocation Failure) [PSYoungGen: 89804K->5120K(95744K)] 869598K->790034K(1039872K), 0.0020669 secs] [Times: user=0.00 sys=0.00, real=0.00 secs] 
211.660: [Full GC (Ergonomics) [PSYoungGen: 83660K->0K(95744K)] [ParOldGen: 938514K->16384K(944128K)] 1022174K->16384K(1039872K), [Metaspace: 2796K->2796K(1056768K)], 0.0035262 secs] [Times: user=0.00 sys=0.00, real=0.00 secs] 
212.316: [GC (Allocation Failure) [PSYoungGen: 84684K->2048K(95744K)] 203468K->120832K(1039872K), 0.0003757 secs] [Times: user=0.00 sys=0.00, real=0.00 secs] 
213.963: [GC (Allocation Failure) [PSYoungGen: 86732K->6144K(95744K)] 359117K->293888K(1039872K), 0.0017013 secs] [Times: user=0.00 sys=0.00, real=0.00 secs] 
215.931: [GC (Allocation Failure) [PSYoungGen: 89805K->5120K(95744K)] 377549K->303104K(1039872K), 0.0016988 secs] [Times: user=0.00 sys=0.00, real=0.00 secs] 
216.586: [GC (Allocation Failure) [PSYoungGen: 89799K->6144K(95744K)] 490183K->427008K(1039872K), 0.0024625 secs] [Times: user=0.00 sys=0.00, real=0.00 secs] 
218.223: [GC (Allocation Failure) [PSYoungGen: 90825K->5120K(95744K)] 665289K->589824K(1039872K), 0.0018913 secs] [Times: user=0.00 sys=0.00, real=0.00 secs] 
Heap
 PSYoungGen      total 95744K, used 18839K [0x00000000f9a00000, 0x0000000100000000, 0x0000000100000000)
  eden space 87040K, 15% used [0x00000000f9a00000,0x00000000fa765f38,0x00000000fef00000)
  from space 8704K, 58% used [0x00000000ff780000,0x00000000ffc80010,0x0000000100000000)
  to   space 8704K, 0% used [0x00000000fef00000,0x00000000fef00000,0x00000000ff780000)
 ParOldGen       total 944128K, used 584704K [0x00000000c0000000, 0x00000000f9a00000, 0x00000000f9a00000)
  object space 944128K, 61% used [0x00000000c0000000,0x00000000e3b000e0,0x00000000f9a00000)
 Metaspace       used 2804K, capacity 4486K, committed 4864K, reserved 1056768K
  class space    used 297K, capacity 386K, committed 512K, reserved 1048576K
