Java HotSpot(TM) 64-Bit Server VM (25.411-b09) for windows-amd64 JRE (1.8.0_411-b09), built on Mar 13 2024 07:26:13 by "java_re" with MS VC++ 17.1 (VS2022)
Memory: 4k page, physical 33403376k(14395776k free), swap 37876016k(6506952k free)
CommandLine flags: -XX:InitialHeapSize=1073741824 -XX:MaxHeapSize=1073741824 -XX:NewRatio=9 -XX:ParallelGCThreads=6 -XX:+PrintGC -XX:+PrintGCDetails -XX:+PrintGCTimeStamps -XX:-UseAdaptiveSizePolicy -XX:+UseCompressedClassPointers -XX:+UseCompressedOops -XX:-UseLargePagesIndividualAllocation -XX:+UseParallelGC 
1.628: [GC (Allocation Failure) [PSYoungGen: 77906K->7832K(91648K)] 231506K->161440K(1035776K), 0.0025170 secs] [Times: user=0.00 sys=0.00, real=0.00 secs] 
3.200: [GC (Allocation Failure) [PSYoungGen: 83137K->8776K(91648K)] 390345K->321112K(1035776K), 0.0032815 secs] [Times: user=0.00 sys=0.00, real=0.00 secs] 
5.277: [GC (Allocation Failure) [PSYoungGen: 82033K->10808K(91648K)] 394369K->323144K(1035776K), 0.0018427 secs] [Times: user=0.00 sys=0.00, real=0.00 secs] 
6.741: [GC (Allocation Failure) [PSYoungGen: 85085K->10872K(91648K)] 551021K->492168K(1035776K), 0.0051525 secs] [Times: user=0.01 sys=0.00, real=0.00 secs] 
8.424: [GC (Allocation Failure) [PSYoungGen: 70579K->5688K(91648K)] 705475K->640592K(1035776K), 0.0017028 secs] [Times: user=0.00 sys=0.00, real=0.00 secs] 
9.000: [GC (Allocation Failure) [PSYoungGen: 79967K->1624K(91648K)] 817271K->790128K(1035776K), 0.0160111 secs] [Times: user=0.00 sys=0.00, real=0.02 secs] 
10.479: [Full GC (Ergonomics) [PSYoungGen: 75904K->0K(91648K)] [ParOldGen: 942104K->160272K(944128K)] 1018008K->160272K(1035776K), [Metaspace: 2761K->2761K(1056768K)], 0.0212273 secs] [Times: user=0.00 sys=0.00, real=0.02 secs] 
12.463: [GC (Allocation Failure) [PSYoungGen: 78376K->5120K(91648K)] 392249K->318992K(1035776K), 0.0009407 secs] [Times: user=0.00 sys=0.00, real=0.00 secs] 
13.884: [GC (Allocation Failure) [PSYoungGen: 79913K->11296K(91648K)] 547386K->478777K(1035776K), 0.0012861 secs] [Times: user=0.02 sys=0.00, real=0.00 secs] 
15.301: [GC (Allocation Failure) [PSYoungGen: 85576K->11296K(91648K)] 706657K->647737K(1035776K), 0.0023302 secs] [Times: user=0.00 sys=0.00, real=0.00 secs] 
17.048: [GC (Allocation Failure) [PSYoungGen: 89673K->5184K(91648K)] 726114K->651865K(1035776K), 0.0014953 secs] [Times: user=0.00 sys=0.00, real=0.00 secs] 
17.594: [GC (Allocation Failure) [PSYoungGen: 79461K->6176K(91648K)] 828542K->775737K(1035776K), 0.0026990 secs] [Times: user=0.00 sys=0.00, real=0.00 secs] 
19.009: [Full GC (Ergonomics) [PSYoungGen: 80454K->0K(91648K)] [ParOldGen: 923161K->83473K(944128K)] 1003615K->83473K(1035776K), [Metaspace: 2770K->2770K(1056768K)], 0.0081367 secs] [Times: user=0.00 sys=0.00, real=0.01 secs] 
20.434: [GC (Allocation Failure) [PSYoungGen: 74279K->1024K(91648K)] 260152K->186897K(1035776K), 0.0007132 secs] [Times: user=0.00 sys=0.00, real=0.00 secs] 
21.850: [GC (Allocation Failure) [PSYoungGen: 75304K->7168K(91648K)] 414777K->346641K(1035776K), 0.0009155 secs] [Times: user=0.00 sys=0.00, real=0.00 secs] 
23.818: [GC (Allocation Failure) [PSYoungGen: 81448K->1024K(91648K)] 574521K->494097K(1035776K), 0.0010163 secs] [Times: user=0.00 sys=0.00, real=0.00 secs] 
25.235: [GC (Allocation Failure) [PSYoungGen: 75304K->10240K(91648K)] 721977K->667153K(1035776K), 0.0018887 secs] [Times: user=0.00 sys=0.00, real=0.00 secs] 
26.655: [GC (Allocation Failure) [PSYoungGen: 84520K->10240K(91648K)] 895034K->841233K(1035776K), 0.0027783 secs] [Times: user=0.00 sys=0.00, real=0.00 secs] 
28.186: [GC (Allocation Failure) [PSYoungGen: 83496K->10240K(91648K)] 914490K->841233K(1035776K), 0.0015672 secs] [Times: user=0.00 sys=0.00, real=0.00 secs] 
28.623: [GC (Allocation Failure) [PSYoungGen: 53105K->5152K(91648K)] 935299K->887353K(1035776K), 0.0016429 secs] [Times: user=0.00 sys=0.00, real=0.00 secs] 
28.625: [GC (Allocation Failure) [PSYoungGen: 5152K->5152K(91648K)] 887353K->887353K(1035776K), 0.0016163 secs] [Times: user=0.00 sys=0.00, real=0.00 secs] 
28.626: [Full GC (Allocation Failure) [PSYoungGen: 5152K->0K(91648K)] [ParOldGen: 882201K->56849K(944128K)] 887353K->56849K(1035776K), [Metaspace: 2793K->2793K(1056768K)], 0.0062223 secs] [Times: user=0.00 sys=0.00, real=0.01 secs] 
30.384: [GC (Allocation Failure) [PSYoungGen: 76326K->6144K(91648K)] 389175K->318993K(1035776K), 0.0008036 secs] [Times: user=0.00 sys=0.00, real=0.00 secs] 
32.565: [GC (Allocation Failure) [PSYoungGen: 75303K->6144K(91648K)] 490552K->431633K(1035776K), 0.0015275 secs] [Times: user=0.00 sys=0.00, real=0.00 secs] 
33.981: [GC (Allocation Failure) [PSYoungGen: 80423K->12288K(91648K)] 659513K->606737K(1035776K), 0.0020582 secs] [Times: user=0.00 sys=0.00, real=0.00 secs] 
35.513: [GC (Allocation Failure) [PSYoungGen: 71208K->10240K(91648K)] 819257K->768529K(1035776K), 0.0015937 secs] [Times: user=0.00 sys=0.00, real=0.00 secs] 
36.061: [GC (Allocation Failure) [PSYoungGen: 84520K->11264K(91648K)] 945210K->871953K(1035776K), 0.0015960 secs] [Times: user=0.00 sys=0.00, real=0.00 secs] 
37.153: [Full GC (Ergonomics) [PSYoungGen: 84520K->0K(91648K)] [ParOldGen: 911889K->87569K(944128K)] 996410K->87569K(1035776K), [Metaspace: 2793K->2793K(1056768K)], 0.0079551 secs] [Times: user=0.00 sys=0.00, real=0.01 secs] 
39.132: [GC (Allocation Failure) [PSYoungGen: 74280K->0K(91648K)] 315450K->241169K(1035776K), 0.0007433 secs] [Times: user=0.00 sys=0.00, real=0.00 secs] 
40.551: [GC (Allocation Failure) [PSYoungGen: 74280K->10240K(91648K)] 469050K->405009K(1035776K), 0.0012799 secs] [Times: user=0.00 sys=0.00, real=0.00 secs] 
41.971: [GC (Allocation Failure) [PSYoungGen: 84521K->11264K(91648K)] 632890K->564753K(1035776K), 0.0015352 secs] [Times: user=0.00 sys=0.00, real=0.00 secs] 
44.048: [GC (Allocation Failure) [PSYoungGen: 85545K->11264K(91648K)] 639034K->574993K(1035776K), 0.0017903 secs] [Times: user=0.00 sys=0.00, real=0.00 secs] 
44.593: [GC (Allocation Failure) [PSYoungGen: 85540K->2048K(91648K)] 751670K->668177K(1035776K), 0.0013103 secs] [Times: user=0.00 sys=0.00, real=0.00 secs] 
46.012: [GC (Allocation Failure) [PSYoungGen: 76326K->7168K(91648K)] 896056K->837137K(1035776K), 0.0019214 secs] [Times: user=0.00 sys=0.00, real=0.00 secs] 
47.101: [GC (Allocation Failure) [PSYoungGen: 49703K->0K(91648K)] 930872K->901649K(1035776K), 0.0022427 secs] [Times: user=0.00 sys=0.00, real=0.00 secs] 
47.103: [Full GC (Ergonomics) [PSYoungGen: 0K->0K(91648K)] [ParOldGen: 901649K->72209K(944128K)] 901649K->72209K(1035776K), [Metaspace: 2795K->2795K(1056768K)], 0.0068401 secs] [Times: user=0.02 sys=0.00, real=0.01 secs] 
48.859: [GC (Allocation Failure) [PSYoungGen: 76328K->6144K(91648K)] 404537K->334353K(1035776K), 0.0009188 secs] [Times: user=0.00 sys=0.00, real=0.00 secs] 
50.719: [GC (Allocation Failure) [PSYoungGen: 84520K->5120K(91648K)] 566329K->486929K(1035776K), 0.0012390 secs] [Times: user=0.00 sys=0.00, real=0.00 secs] 
52.136: [GC (Allocation Failure) [PSYoungGen: 79400K->11264K(91648K)] 714810K->646673K(1035776K), 0.0016308 secs] [Times: user=0.00 sys=0.00, real=0.00 secs] 
53.554: [GC (Allocation Failure) [PSYoungGen: 85544K->12288K(91648K)] 874554K->806417K(1035776K), 0.0025122 secs] [Times: user=0.00 sys=0.00, real=0.00 secs] 
55.409: [GC (Allocation Failure) [PSYoungGen: 85544K->10240K(91648K)] 879674K->819729K(1035776K), 0.0025532 secs] [Times: user=0.00 sys=0.00, real=0.00 secs] 
55.953: [Full GC (Ergonomics) [PSYoungGen: 84516K->0K(91648K)] [ParOldGen: 911889K->16913K(944128K)] 996406K->16913K(1035776K), [Metaspace: 2795K->2795K(1056768K)], 0.0037155 secs] [Times: user=0.00 sys=0.00, real=0.00 secs] 
57.373: [GC (Allocation Failure) [PSYoungGen: 74278K->6144K(91648K)] 244791K->197137K(1035776K), 0.0022055 secs] [Times: user=0.00 sys=0.00, real=0.00 secs] 
59.447: [GC (Allocation Failure) [PSYoungGen: 75303K->10240K(91648K)] 419896K->354833K(1035776K), 0.0012070 secs] [Times: user=0.00 sys=0.00, real=0.00 secs] 
60.859: [GC (Allocation Failure) [PSYoungGen: 84519K->10240K(91648K)] 582713K->513553K(1035776K), 0.0012993 secs] [Times: user=0.00 sys=0.00, real=0.00 secs] 
62.501: [GC (Allocation Failure) [PSYoungGen: 83496K->5120K(91648K)] 740409K->672273K(1035776K), 0.0016132 secs] [Times: user=0.00 sys=0.00, real=0.00 secs] 
63.044: [GC (Allocation Failure) [PSYoungGen: 79400K->7168K(91648K)] 848954K->776721K(1035776K), 0.0012239 secs] [Times: user=0.00 sys=0.00, real=0.00 secs] 
64.464: [Full GC (Ergonomics) [PSYoungGen: 81448K->0K(91648K)] [ParOldGen: 923153K->18432K(944128K)] 1004602K->18432K(1035776K), [Metaspace: 2796K->2796K(1056768K)], 0.0036261 secs] [Times: user=0.00 sys=0.00, real=0.00 secs] 
66.432: [GC (Allocation Failure) [PSYoungGen: 78376K->10240K(91648K)] 96809K->28672K(1035776K), 0.0010045 secs] [Times: user=0.00 sys=0.00, real=0.00 secs] 
67.855: [GC (Allocation Failure) [PSYoungGen: 84517K->10240K(91648K)] 256549K->207872K(1035776K), 0.0027554 secs] [Times: user=0.00 sys=0.00, real=0.00 secs] 
70.253: [GC (Allocation Failure) [PSYoungGen: 86566K->5120K(91648K)] 591398K->509952K(1035776K), 0.0016437 secs] [Times: user=0.00 sys=0.00, real=0.00 secs] 
71.675: [GC (Allocation Failure) [PSYoungGen: 79399K->11264K(91648K)] 737831K->669696K(1035776K), 0.0017509 secs] [Times: user=0.00 sys=0.00, real=0.00 secs] 
73.635: [GC (Allocation Failure) [PSYoungGen: 85544K->5120K(91648K)] 897576K->817152K(1035776K), 0.0016580 secs] [Times: user=0.00 sys=0.00, real=0.00 secs] 
74.070: [GC (Allocation Failure) [PSYoungGen: 47656K->10240K(91648K)] 910888K->873472K(1035776K), 0.0019644 secs] [Times: user=0.00 sys=0.00, real=0.00 secs] 
74.072: [GC (Allocation Failure) [PSYoungGen: 10240K->10240K(91648K)] 873472K->873472K(1035776K), 0.0017447 secs] [Times: user=0.09 sys=0.00, real=0.00 secs] 
74.073: [Full GC (Allocation Failure) [PSYoungGen: 10240K->0K(91648K)] [ParOldGen: 863232K->61969K(944128K)] 873472K->61969K(1035776K), [Metaspace: 2796K->2796K(1056768K)], 0.0061394 secs] [Times: user=0.00 sys=0.00, real=0.01 secs] 
75.826: [GC (Allocation Failure) [PSYoungGen: 76328K->6144K(91648K)] 394298K->334353K(1035776K), 0.0014601 secs] [Times: user=0.00 sys=0.00, real=0.00 secs] 
77.462: [GC (Allocation Failure) [PSYoungGen: 84520K->5120K(91648K)] 412730K->333329K(1035776K), 0.0010133 secs] [Times: user=0.00 sys=0.00, real=0.00 secs] 
78.879: [GC (Allocation Failure) [PSYoungGen: 79397K->10240K(91648K)] 561206K->492049K(1035776K), 0.0010417 secs] [Times: user=0.00 sys=0.00, real=0.00 secs] 
80.296: [GC (Allocation Failure) [PSYoungGen: 84518K->10240K(91648K)] 719927K->650769K(1035776K), 0.0015940 secs] [Times: user=0.00 sys=0.00, real=0.00 secs] 
82.372: [GC (Allocation Failure) [PSYoungGen: 79399K->11264K(91648K)] 822328K->759313K(1035776K), 0.0019641 secs] [Times: user=0.00 sys=0.00, real=0.00 secs] 
82.916: [GC (Allocation Failure) [PSYoungGen: 85543K->3072K(91648K)] 935993K->853521K(1035776K), 0.0015073 secs] [Times: user=0.02 sys=0.00, real=0.00 secs] 
84.009: [GC (Allocation Failure) [PSYoungGen: 76328K->12288K(91648K)] 977977K->913937K(1035776K), 0.0014168 secs] [Times: user=0.02 sys=0.00, real=0.00 secs] 
84.010: [GC (Allocation Failure) [PSYoungGen: 12288K->12288K(91648K)] 913937K->913937K(1035776K), 0.0014790 secs] [Times: user=0.00 sys=0.00, real=0.00 secs] 
84.012: [Full GC (Allocation Failure) [PSYoungGen: 12288K->0K(91648K)] [ParOldGen: 901649K->69137K(944128K)] 913937K->69137K(1035776K), [Metaspace: 2796K->2796K(1056768K)], 0.0069771 secs] [Times: user=0.00 sys=0.00, real=0.01 secs] 
86.322: [GC (Allocation Failure) [PSYoungGen: 76328K->10240K(91648K)] 401466K->345617K(1035776K), 0.0019142 secs] [Times: user=0.00 sys=0.00, real=0.00 secs] 
87.740: [GC (Allocation Failure) [PSYoungGen: 84520K->10240K(91648K)] 573498K->529937K(1035776K), 0.0030030 secs] [Times: user=0.00 sys=0.00, real=0.00 secs] 
89.376: [GC (Allocation Failure) [PSYoungGen: 88616K->5120K(91648K)] 659514K->586257K(1035776K), 0.0015202 secs] [Times: user=0.00 sys=0.00, real=0.00 secs] 
90.796: [GC (Allocation Failure) [PSYoungGen: 79401K->10240K(91648K)] 814138K->755217K(1035776K), 0.0023516 secs] [Times: user=0.00 sys=0.00, real=0.00 secs] 
93.088: [GC (Allocation Failure) [PSYoungGen: 86569K->6144K(91648K)] 985146K->904721K(1035776K), 0.0016195 secs] [Times: user=0.00 sys=0.00, real=0.00 secs] 
93.853: [GC (Allocation Failure) [PSYoungGen: 69161K->11264K(91648K)] 967738K->930321K(1035776K), 0.0026887 secs] [Times: user=0.00 sys=0.00, real=0.00 secs] 
93.856: [Full GC (Ergonomics) [PSYoungGen: 11264K->0K(91648K)] [ParOldGen: 919057K->32273K(944128K)] 930321K->32273K(1035776K), [Metaspace: 2796K->2796K(1056768K)], 0.0047145 secs] [Times: user=0.00 sys=0.00, real=0.01 secs] 
94.720: [GC (Allocation Failure) [PSYoungGen: 74276K->10240K(91648K)] 208949K->144913K(1035776K), 0.0009431 secs] [Times: user=0.00 sys=0.00, real=0.00 secs] 
96.575: [GC (Allocation Failure) [PSYoungGen: 84518K->10240K(91648K)] 372791K->298513K(1035776K), 0.0013599 secs] [Times: user=0.00 sys=0.00, real=0.00 secs] 
97.121: [GC (Allocation Failure) [PSYoungGen: 84518K->1024K(91648K)] 475192K->412177K(1035776K), 0.0021114 secs] [Times: user=0.00 sys=0.00, real=0.00 secs] 
98.540: [GC (Allocation Failure) [PSYoungGen: 75303K->6144K(91648K)] 640057K->570897K(1035776K), 0.0012601 secs] [Times: user=0.08 sys=0.00, real=0.00 secs] 
100.395: [GC (Allocation Failure) [PSYoungGen: 84520K->5120K(91648K)] 802873K->723473K(1035776K), 0.0018935 secs] [Times: user=0.00 sys=0.00, real=0.00 secs] 
101.807: [GC (Allocation Failure) [PSYoungGen: 79400K->11264K(91648K)] 951354K->883217K(1035776K), 0.0016885 secs] [Times: user=0.00 sys=0.00, real=0.00 secs] 
102.461: [Full GC (Ergonomics) [PSYoungGen: 64040K->0K(91648K)] [ParOldGen: 923153K->62993K(944128K)] 987194K->62993K(1035776K), [Metaspace: 2796K->2796K(1056768K)], 0.0066608 secs] [Times: user=0.02 sys=0.00, real=0.01 secs] 
104.885: [GC (Allocation Failure) [PSYoungGen: 75304K->10240K(91648K)] 240698K->175633K(1035776K), 0.0012852 secs] [Times: user=0.00 sys=0.00, real=0.00 secs] 
106.299: [GC (Allocation Failure) [PSYoungGen: 84520K->10240K(91648K)] 403514K->344593K(1035776K), 0.0021590 secs] [Times: user=0.00 sys=0.00, real=0.00 secs] 
107.938: [GC (Allocation Failure) [PSYoungGen: 69161K->5120K(91648K)] 557114K->493073K(1035776K), 0.0012210 secs] [Times: user=0.00 sys=0.00, real=0.00 secs] 
108.482: [GC (Allocation Failure) [PSYoungGen: 79400K->1024K(91648K)] 669754K->642577K(1035776K), 0.0046881 secs] [Times: user=0.00 sys=0.00, real=0.00 secs] 
109.899: [GC (Allocation Failure) [PSYoungGen: 75305K->6144K(91648K)] 870458K->801297K(1035776K), 0.0018756 secs] [Times: user=0.02 sys=0.00, real=0.00 secs] 
110.993: [GC (Allocation Failure) [PSYoungGen: 79401K->10240K(91648K)] 925754K->856593K(1035776K), 0.0018457 secs] [Times: user=0.02 sys=0.00, real=0.00 secs] 
110.995: [GC (Allocation Failure) [PSYoungGen: 10240K->10240K(91648K)] 856593K->856593K(1035776K), 0.0018330 secs] [Times: user=0.00 sys=0.00, real=0.00 secs] 
110.997: [Full GC (Allocation Failure) [PSYoungGen: 10240K->0K(91648K)] [ParOldGen: 846353K->215569K(944128K)] 856593K->215569K(1035776K), [Metaspace: 2796K->2796K(1056768K)], 0.0159646 secs] [Times: user=0.00 sys=0.00, real=0.02 secs] 
113.189: [GC (Allocation Failure) [PSYoungGen: 75305K->11264K(91648K)] 546874K->482833K(1035776K), 0.0010649 secs] [Times: user=0.00 sys=0.00, real=0.00 secs] 
114.609: [GC (Allocation Failure) [PSYoungGen: 85545K->11264K(91648K)] 710714K->651793K(1035776K), 0.0021575 secs] [Times: user=0.00 sys=0.00, real=0.00 secs] 
116.356: [GC (Allocation Failure) [PSYoungGen: 84521K->5120K(91648K)] 725050K->655889K(1035776K), 0.0015515 secs] [Times: user=0.00 sys=0.00, real=0.00 secs] 
117.772: [GC (Allocation Failure) [PSYoungGen: 79397K->10240K(91648K)] 883766K->845329K(1035776K), 0.0035388 secs] [Times: user=0.00 sys=0.00, real=0.00 secs] 
118.100: [GC (Allocation Failure) [PSYoungGen: 42534K->0K(91648K)] 928823K->886289K(1035776K), 0.0014277 secs] [Times: user=0.00 sys=0.00, real=0.00 secs] 
118.101: [GC (Allocation Failure) [PSYoungGen: 0K->0K(91648K)] 886289K->886289K(1035776K), 0.0017045 secs] [Times: user=0.00 sys=0.00, real=0.00 secs] 
118.103: [Full GC (Allocation Failure) [PSYoungGen: 0K->0K(91648K)] [ParOldGen: 886289K->82449K(944128K)] 886289K->82449K(1035776K), [Metaspace: 2796K->2796K(1056768K)], 0.0079457 secs] [Times: user=0.00 sys=0.00, real=0.01 secs] 
119.857: [GC (Allocation Failure) [PSYoungGen: 76326K->1024K(91648K)] 363575K->288273K(1035776K), 0.0006690 secs] [Times: user=0.00 sys=0.00, real=0.00 secs] 
121.274: [GC (Allocation Failure) [PSYoungGen: 75303K->7168K(91648K)] 516152K->448017K(1035776K), 0.0009900 secs] [Times: user=0.00 sys=0.00, real=0.00 secs] 
123.242: [GC (Allocation Failure) [PSYoungGen: 81448K->1024K(91648K)] 675897K->595473K(1035776K), 0.0009875 secs] [Times: user=0.00 sys=0.00, real=0.00 secs] 
124.663: [GC (Allocation Failure) [PSYoungGen: 75304K->10240K(91648K)] 823353K->768529K(1035776K), 0.0018731 secs] [Times: user=0.00 sys=0.00, real=0.00 secs] 
126.081: [Full GC (Ergonomics) [PSYoungGen: 84520K->0K(91648K)] [ParOldGen: 911889K->36864K(944128K)] 996410K->36864K(1035776K), [Metaspace: 2796K->2796K(1056768K)], 0.0053958 secs] [Times: user=0.00 sys=0.00, real=0.01 secs] 
127.609: [GC (Allocation Failure) [PSYoungGen: 73256K->10240K(91648K)] 110120K->47104K(1035776K), 0.0011934 secs] [Times: user=0.00 sys=0.00, real=0.00 secs] 
129.026: [GC (Allocation Failure) [PSYoungGen: 84516K->10240K(91648K)] 274980K->205824K(1035776K), 0.0014300 secs] [Times: user=0.00 sys=0.00, real=0.00 secs] 
131.319: [GC (Allocation Failure) [PSYoungGen: 86566K->6144K(91648K)] 538150K->457728K(1035776K), 0.0014260 secs] [Times: user=0.00 sys=0.00, real=0.00 secs] 
132.735: [GC (Allocation Failure) [PSYoungGen: 80423K->12288K(91648K)] 685607K->617472K(1035776K), 0.0021054 secs] [Times: user=0.00 sys=0.00, real=0.00 secs] 
134.701: [GC (Allocation Failure) [PSYoungGen: 86567K->5120K(91648K)] 845352K->763904K(1035776K), 0.0025086 secs] [Times: user=0.00 sys=0.00, real=0.00 secs] 
136.125: [Full GC (Ergonomics) [PSYoungGen: 79400K->0K(91648K)] [ParOldGen: 912384K->21504K(944128K)] 991784K->21504K(1035776K), [Metaspace: 2796K->2796K(1056768K)], 0.0041278 secs] [Times: user=0.00 sys=0.00, real=0.00 secs] 
137.545: [GC (Allocation Failure) [PSYoungGen: 74280K->10240K(91648K)] 249384K->205824K(1035776K), 0.0024008 secs] [Times: user=0.00 sys=0.00, real=0.00 secs] 
139.072: [GC (Allocation Failure) [PSYoungGen: 83496K->5120K(91648K)] 330280K->262144K(1035776K), 0.0013215 secs] [Times: user=0.03 sys=0.00, real=0.00 secs] 
140.490: [GC (Allocation Failure) [PSYoungGen: 79400K->10240K(91648K)] 490025K->431104K(1035776K), 0.0019446 secs] [Times: user=0.00 sys=0.00, real=0.00 secs] 
142.784: [GC (Allocation Failure) [PSYoungGen: 86569K->6144K(91648K)] 661033K->580608K(1035776K), 0.0012556 secs] [Times: user=0.00 sys=0.00, real=0.00 secs] 
144.204: [GC (Allocation Failure) [PSYoungGen: 80425K->11264K(91648K)] 808489K->749568K(1035776K), 0.0026897 secs] [Times: user=0.00 sys=0.00, real=0.00 secs] 
146.166: [GC (Allocation Failure) [PSYoungGen: 85545K->5120K(91648K)] 977449K->897024K(1035776K), 0.0019507 secs] [Times: user=0.00 sys=0.00, real=0.00 secs] 
146.491: [Full GC (Ergonomics) [PSYoungGen: 37416K->0K(91648K)] [ParOldGen: 943104K->72209K(944128K)] 980521K->72209K(1035776K), [Metaspace: 2796K->2796K(1056768K)], 0.0073533 secs] [Times: user=0.00 sys=0.00, real=0.01 secs] 
148.255: [GC (Allocation Failure) [PSYoungGen: 76329K->6144K(91648K)] 404538K->334353K(1035776K), 0.0008709 secs] [Times: user=0.00 sys=0.00, real=0.00 secs] 
150.107: [GC (Allocation Failure) [PSYoungGen: 84521K->5120K(91648K)] 566330K->486929K(1035776K), 0.0014627 secs] [Times: user=0.00 sys=0.00, real=0.00 secs] 
151.521: [GC (Allocation Failure) [PSYoungGen: 79401K->11264K(91648K)] 714810K->646673K(1035776K), 0.0013312 secs] [Times: user=0.00 sys=0.00, real=0.00 secs] 
152.937: [GC (Allocation Failure) [PSYoungGen: 85545K->12288K(91648K)] 874554K->806417K(1035776K), 0.0026220 secs] [Times: user=0.00 sys=0.00, real=0.00 secs] 
154.793: [GC (Allocation Failure) [PSYoungGen: 85545K->10240K(91648K)] 879674K->819729K(1035776K), 0.0027677 secs] [Times: user=0.00 sys=0.00, real=0.00 secs] 
155.339: [Full GC (Ergonomics) [PSYoungGen: 84516K->0K(91648K)] [ParOldGen: 911889K->17408K(944128K)] 996406K->17408K(1035776K), [Metaspace: 2796K->2796K(1056768K)], 0.0038628 secs] [Times: user=0.00 sys=0.00, real=0.00 secs] 
156.755: [GC (Allocation Failure) [PSYoungGen: 74278K->6144K(91648K)] 245286K->197632K(1035776K), 0.0026814 secs] [Times: user=0.00 sys=0.00, real=0.00 secs] 
158.827: [GC (Allocation Failure) [PSYoungGen: 75303K->10240K(91648K)] 420391K->355328K(1035776K), 0.0014448 secs] [Times: user=0.00 sys=0.00, real=0.00 secs] 
160.250: [GC (Allocation Failure) [PSYoungGen: 84520K->10240K(91648K)] 583208K->514048K(1035776K), 0.0018618 secs] [Times: user=0.00 sys=0.00, real=0.00 secs] 
161.884: [GC (Allocation Failure) [PSYoungGen: 83496K->5120K(91648K)] 740904K->672768K(1035776K), 0.0020194 secs] [Times: user=0.02 sys=0.00, real=0.00 secs] 
162.430: [GC (Allocation Failure) [PSYoungGen: 79400K->7168K(91648K)] 849448K->777216K(1035776K), 0.0013756 secs] [Times: user=0.00 sys=0.00, real=0.00 secs] 
163.846: [Full GC (Ergonomics) [PSYoungGen: 81448K->0K(91648K)] [ParOldGen: 923648K->18432K(944128K)] 1005097K->18432K(1035776K), [Metaspace: 2796K->2796K(1056768K)], 0.0036201 secs] [Times: user=0.00 sys=0.00, real=0.00 secs] 
165.812: [GC (Allocation Failure) [PSYoungGen: 78376K->10240K(91648K)] 96809K->28672K(1035776K), 0.0011473 secs] [Times: user=0.00 sys=0.00, real=0.00 secs] 
167.231: [GC (Allocation Failure) [PSYoungGen: 84517K->10240K(91648K)] 256549K->207872K(1035776K), 0.0027564 secs] [Times: user=0.00 sys=0.00, real=0.00 secs] 
169.633: [GC (Allocation Failure) [PSYoungGen: 86566K->5120K(91648K)] 591398K->509952K(1035776K), 0.0012192 secs] [Times: user=0.00 sys=0.00, real=0.00 secs] 
171.049: [GC (Allocation Failure) [PSYoungGen: 79399K->11264K(91648K)] 737831K->669696K(1035776K), 0.0017282 secs] [Times: user=0.00 sys=0.00, real=0.00 secs] 
173.017: [GC (Allocation Failure) [PSYoungGen: 85544K->5120K(91648K)] 897576K->817152K(1035776K), 0.0024222 secs] [Times: user=0.00 sys=0.00, real=0.00 secs] 
173.453: [GC (Allocation Failure) [PSYoungGen: 47656K->10240K(91648K)] 910888K->873472K(1035776K), 0.0024773 secs] [Times: user=0.00 sys=0.00, real=0.00 secs] 
173.456: [GC (Allocation Failure) [PSYoungGen: 10240K->10240K(91648K)] 873472K->873472K(1035776K), 0.0024239 secs] [Times: user=0.00 sys=0.00, real=0.00 secs] 
173.458: [Full GC (Allocation Failure) [PSYoungGen: 10240K->0K(91648K)] [ParOldGen: 863232K->61969K(944128K)] 873472K->61969K(1035776K), [Metaspace: 2796K->2796K(1056768K)], 0.0060152 secs] [Times: user=0.02 sys=0.00, real=0.01 secs] 
175.215: [GC (Allocation Failure) [PSYoungGen: 76328K->6144K(91648K)] 394298K->334353K(1035776K), 0.0016356 secs] [Times: user=0.00 sys=0.00, real=0.00 secs] 
176.852: [GC (Allocation Failure) [PSYoungGen: 84520K->5120K(91648K)] 412730K->333329K(1035776K), 0.0010189 secs] [Times: user=0.00 sys=0.00, real=0.00 secs] 
178.273: [GC (Allocation Failure) [PSYoungGen: 79397K->10240K(91648K)] 561206K->492049K(1035776K), 0.0009596 secs] [Times: user=0.00 sys=0.00, real=0.00 secs] 
179.691: [GC (Allocation Failure) [PSYoungGen: 84518K->10240K(91648K)] 719927K->650769K(1035776K), 0.0015534 secs] [Times: user=0.00 sys=0.00, real=0.00 secs] 
181.763: [GC (Allocation Failure) [PSYoungGen: 79399K->11264K(91648K)] 822328K->759313K(1035776K), 0.0016414 secs] [Times: user=0.00 sys=0.00, real=0.00 secs] 
182.309: [GC (Allocation Failure) [PSYoungGen: 85543K->3072K(91648K)] 935993K->853521K(1035776K), 0.0014202 secs] [Times: user=0.00 sys=0.00, real=0.00 secs] 
183.398: [GC (Allocation Failure) [PSYoungGen: 76328K->12288K(91648K)] 977977K->913937K(1035776K), 0.0016154 secs] [Times: user=0.00 sys=0.00, real=0.00 secs] 
183.399: [GC (Allocation Failure) [PSYoungGen: 12288K->12288K(91648K)] 913937K->913937K(1035776K), 0.0024809 secs] [Times: user=0.00 sys=0.00, real=0.00 secs] 
183.402: [Full GC (Allocation Failure) [PSYoungGen: 12288K->0K(91648K)] [ParOldGen: 901649K->69137K(944128K)] 913937K->69137K(1035776K), [Metaspace: 2796K->2796K(1056768K)], 0.0071575 secs] [Times: user=0.00 sys=0.00, real=0.01 secs] 
185.702: [GC (Allocation Failure) [PSYoungGen: 76328K->10240K(91648K)] 401466K->345617K(1035776K), 0.0019779 secs] [Times: user=0.00 sys=0.00, real=0.00 secs] 
187.123: [GC (Allocation Failure) [PSYoungGen: 84520K->10240K(91648K)] 573498K->524817K(1035776K), 0.0028049 secs] [Times: user=0.00 sys=0.00, real=0.00 secs] 
188.760: [GC (Allocation Failure) [PSYoungGen: 88616K->5120K(91648K)] 654394K->581137K(1035776K), 0.0017664 secs] [Times: user=0.00 sys=0.00, real=0.00 secs] 
190.174: [GC (Allocation Failure) [PSYoungGen: 79401K->10240K(91648K)] 809018K->750097K(1035776K), 0.0021132 secs] [Times: user=0.00 sys=0.00, real=0.00 secs] 
192.465: [GC (Allocation Failure) [PSYoungGen: 86569K->6176K(91648K)] 980026K->899633K(1035776K), 0.0012569 secs] [Times: user=0.00 sys=0.00, real=0.00 secs] 
193.233: [GC (Allocation Failure) [PSYoungGen: 69193K->11296K(91648K)] 962650K->925233K(1035776K), 0.0028704 secs] [Times: user=0.00 sys=0.00, real=0.00 secs] 
193.236: [Full GC (Ergonomics) [PSYoungGen: 11296K->0K(91648K)] [ParOldGen: 913937K->32273K(944128K)] 925233K->32273K(1035776K), [Metaspace: 2796K->2796K(1056768K)], 0.0047843 secs] [Times: user=0.00 sys=0.00, real=0.01 secs] 
194.122: [GC (Allocation Failure) [PSYoungGen: 74276K->10272K(91648K)] 208949K->144945K(1035776K), 0.0010753 secs] [Times: user=0.00 sys=0.00, real=0.00 secs] 
195.975: [GC (Allocation Failure) [PSYoungGen: 84550K->10304K(91648K)] 372823K->298577K(1035776K), 0.0011640 secs] [Times: user=0.00 sys=0.00, real=0.00 secs] 
196.519: [GC (Allocation Failure) [PSYoungGen: 84582K->1088K(91648K)] 475256K->412241K(1035776K), 0.0022958 secs] [Times: user=0.00 sys=0.00, real=0.00 secs] 
197.936: [GC (Allocation Failure) [PSYoungGen: 75367K->6176K(91648K)] 640121K->570929K(1035776K), 0.0014946 secs] [Times: user=0.00 sys=0.00, real=0.00 secs] 
199.785: [GC (Allocation Failure) [PSYoungGen: 84552K->5152K(91648K)] 802905K->723505K(1035776K), 0.0019119 secs] [Times: user=0.00 sys=0.00, real=0.00 secs] 
201.203: [GC (Allocation Failure) [PSYoungGen: 79432K->11328K(91648K)] 951386K->883281K(1035776K), 0.0016992 secs] [Times: user=0.00 sys=0.00, real=0.00 secs] 
201.860: [Full GC (Ergonomics) [PSYoungGen: 64104K->0K(91648K)] [ParOldGen: 923153K->62993K(944128K)] 987258K->62993K(1035776K), [Metaspace: 2796K->2796K(1056768K)], 0.0065014 secs] [Times: user=0.00 sys=0.00, real=0.01 secs] 
204.260: [GC (Allocation Failure) [PSYoungGen: 75304K->10240K(91648K)] 240698K->175633K(1035776K), 0.0012401 secs] [Times: user=0.00 sys=0.00, real=0.00 secs] 
205.677: [GC (Allocation Failure) [PSYoungGen: 84520K->10240K(91648K)] 403514K->344593K(1035776K), 0.0019995 secs] [Times: user=0.00 sys=0.00, real=0.00 secs] 
207.315: [GC (Allocation Failure) [PSYoungGen: 69161K->5120K(91648K)] 557114K->493073K(1035776K), 0.0011342 secs] [Times: user=0.00 sys=0.00, real=0.00 secs] 
207.862: [GC (Allocation Failure) [PSYoungGen: 79400K->1024K(91648K)] 669754K->642577K(1035776K), 0.0045774 secs] [Times: user=0.00 sys=0.00, real=0.00 secs] 
209.280: [GC (Allocation Failure) [PSYoungGen: 75305K->6144K(91648K)] 870459K->801297K(1035776K), 0.0020729 secs] [Times: user=0.00 sys=0.00, real=0.00 secs] 
210.372: [GC (Allocation Failure) [PSYoungGen: 79401K->10240K(91648K)] 925755K->856594K(1035776K), 0.0025311 secs] [Times: user=0.00 sys=0.00, real=0.00 secs] 
210.375: [GC (Allocation Failure) [PSYoungGen: 10240K->10240K(91648K)] 856594K->856594K(1035776K), 0.0016186 secs] [Times: user=0.00 sys=0.00, real=0.00 secs] 
210.376: [Full GC (Allocation Failure) [PSYoungGen: 10240K->0K(91648K)] [ParOldGen: 846353K->215569K(944128K)] 856594K->215569K(1035776K), [Metaspace: 2796K->2796K(1056768K)], 0.0161511 secs] [Times: user=0.02 sys=0.00, real=0.02 secs] 
212.571: [GC (Allocation Failure) [PSYoungGen: 75305K->11264K(91648K)] 546874K->482833K(1035776K), 0.0010802 secs] [Times: user=0.00 sys=0.00, real=0.00 secs] 
213.988: [GC (Allocation Failure) [PSYoungGen: 85545K->11264K(91648K)] 710715K->651793K(1035776K), 0.0021743 secs] [Times: user=0.00 sys=0.00, real=0.00 secs] 
215.732: [GC (Allocation Failure) [PSYoungGen: 84521K->10240K(91648K)] 725051K->655889K(1035776K), 0.0015302 secs] [Times: user=0.00 sys=0.00, real=0.00 secs] 
217.152: [GC (Allocation Failure) [PSYoungGen: 84517K->10240K(91648K)] 883766K->835090K(1035776K), 0.0027943 secs] [Times: user=0.00 sys=0.00, real=0.00 secs] 
217.482: [GC (Allocation Failure) [PSYoungGen: 42534K->0K(91648K)] 918584K->876050K(1035776K), 0.0016196 secs] [Times: user=0.00 sys=0.00, real=0.00 secs] 
217.484: [GC (Allocation Failure) [PSYoungGen: 0K->0K(91648K)] 876050K->876050K(1035776K), 0.0013783 secs] [Times: user=0.00 sys=0.00, real=0.00 secs] 
217.485: [Full GC (Allocation Failure) [PSYoungGen: 0K->0K(91648K)] [ParOldGen: 876050K->82449K(944128K)] 876050K->82449K(1035776K), [Metaspace: 2796K->2796K(1056768K)], 0.0085585 secs] [Times: user=0.00 sys=0.00, real=0.01 secs] 
Heap
 PSYoungGen      total 91648K, used 24655K [0x00000000f9a00000, 0x0000000100000000, 0x0000000100000000)
  eden space 78848K, 31% used [0x00000000f9a00000,0x00000000fb213eb0,0x00000000fe700000)
  from space 12800K, 0% used [0x00000000ff380000,0x00000000ff380000,0x0000000100000000)
  to   space 12800K, 0% used [0x00000000fe700000,0x00000000fe700000,0x00000000ff380000)
 ParOldGen       total 944128K, used 184849K [0x00000000c0000000, 0x00000000f9a00000, 0x00000000f9a00000)
  object space 944128K, 19% used [0x00000000c0000000,0x00000000cb484730,0x00000000f9a00000)
 Metaspace       used 2804K, capacity 4486K, committed 4864K, reserved 1056768K
  class space    used 297K, capacity 386K, committed 512K, reserved 1048576K
