Java HotSpot(TM) 64-Bit Server VM (25.411-b09) for windows-amd64 JRE (1.8.0_411-b09), built on Mar 13 2024 07:26:13 by "java_re" with MS VC++ 17.1 (VS2022)
Memory: 4k page, physical 33403376k(11923352k free), swap 39505112k(8122496k free)
CommandLine flags: -XX:InitialHeapSize=2147483648 -XX:MaxHeapSize=2147483648 -XX:NewRatio=1 -XX:ParallelGCThreads=10 -XX:+PrintGC -XX:+PrintGCDetails -XX:+PrintGCTimeStamps -XX:SurvivorRatio=2 -XX:+UseCompressedClassPointers -XX:+UseCompressedOops -XX:-UseLargePagesIndividualAllocation -XX:+UseParallelGC 
4.858: [GC (Allocation Failure) [PSYoungGen: 520684K->11024K(786432K)] 520684K->11032K(1835008K), 0.0030674 secs] [Times: user=0.00 sys=0.00, real=0.00 secs] 
8.465: [GC (Allocation Failure) [PSYoungGen: 497651K->21144K(786432K)] 497659K->21160K(1835008K), 0.0075637 secs] [Times: user=0.00 sys=0.00, real=0.01 secs] 
11.418: [GC (Allocation Failure) [PSYoungGen: 528013K->215768K(786432K)] 528029K->215784K(1835008K), 0.0382979 secs] [Times: user=0.02 sys=0.03, real=0.04 secs] 
14.310: [GC (Allocation Failure) [PSYoungGen: 654455K->68368K(786432K)] 654471K->68392K(1835008K), 0.0157764 secs] [Times: user=0.02 sys=0.00, real=0.02 secs] 
18.581: [GC (Allocation Failure) [PSYoungGen: 575348K->133752K(786432K)] 575372K->133784K(1835008K), 0.0072334 secs] [Times: user=0.02 sys=0.00, real=0.01 secs] 
22.074: [GC (Allocation Failure) [PSYoungGen: 658040K->114392K(847872K)] 658072K->114424K(1896448K), 0.0329190 secs] [Times: user=0.00 sys=0.03, real=0.03 secs] 
26.028: [GC (Allocation Failure) [PSYoungGen: 755901K->26688K(843776K)] 755933K->27360K(1892352K), 0.0020994 secs] [Times: user=0.00 sys=0.00, real=0.00 secs] 
31.375: [GC (Allocation Failure) [PSYoungGen: 576684K->5152K(844288K)] 577356K->5832K(1892864K), 0.0008046 secs] [Times: user=0.00 sys=0.00, real=0.00 secs] 
35.508: [GC (Allocation Failure) [PSYoungGen: 610832K->30752K(846336K)] 611512K->31432K(1894912K), 0.0025498 secs] [Times: user=0.00 sys=0.00, real=0.00 secs] 
39.860: [GC (Allocation Failure) [PSYoungGen: 649775K->56320K(862720K)] 650455K->57016K(1911296K), 0.0044968 secs] [Times: user=0.00 sys=0.00, real=0.00 secs] 
45.428: [GC (Allocation Failure) [PSYoungGen: 720868K->47104K(852480K)] 721564K->47800K(1901056K), 0.0035662 secs] [Times: user=0.00 sys=0.00, real=0.00 secs] 
49.681: [GC (Allocation Failure) [PSYoungGen: 699374K->102400K(865792K)] 700070K->103096K(1914368K), 0.0083063 secs] [Times: user=0.00 sys=0.00, real=0.01 secs] 
55.249: [GC (Allocation Failure) [PSYoungGen: 788897K->25600K(868352K)] 789594K->26296K(1916928K), 0.0017961 secs] [Times: user=0.00 sys=0.00, real=0.00 secs] 
59.613: [GC (Allocation Failure) [PSYoungGen: 692643K->76800K(879104K)] 693339K->77496K(1927680K), 0.0057284 secs] [Times: user=0.00 sys=0.00, real=0.01 secs] 
63.862: [GC (Allocation Failure) [PSYoungGen: 737993K->36864K(871936K)] 738689K->37560K(1920512K), 0.0028463 secs] [Times: user=0.01 sys=0.00, real=0.00 secs] 
69.521: [GC (Allocation Failure) [PSYoungGen: 719565K->5120K(884224K)] 720261K->5816K(1932800K), 0.0009169 secs] [Times: user=0.00 sys=0.00, real=0.00 secs] 
73.890: [GC (Allocation Failure) [PSYoungGen: 714837K->61440K(884224K)] 715533K->62136K(1932800K), 0.0156159 secs] [Times: user=0.02 sys=0.00, real=0.02 secs] 
79.464: [GC (Allocation Failure) [PSYoungGen: 759813K->81920K(894464K)] 760509K->82616K(1943040K), 0.0058021 secs] [Times: user=0.00 sys=0.00, real=0.01 secs] 
83.936: [GC (Allocation Failure) [PSYoungGen: 820637K->119808K(838144K)] 821333K->120504K(1886720K), 0.0160333 secs] [Times: user=0.01 sys=0.00, real=0.01 secs] 
89.505: [GC (Allocation Failure) [PSYoungGen: 787443K->56320K(889856K)] 788139K->57016K(1938432K), 0.0046612 secs] [Times: user=0.02 sys=0.00, real=0.00 secs] 
95.197: [GC (Allocation Failure) [PSYoungGen: 775471K->77824K(881664K)] 776167K->78520K(1930240K), 0.0065917 secs] [Times: user=0.00 sys=0.00, real=0.01 secs] 
99.463: [GC (Allocation Failure) [PSYoungGen: 731263K->133120K(863232K)] 731959K->133816K(1911808K), 0.0189396 secs] [Times: user=0.00 sys=0.01, real=0.02 secs] 
105.162: [GC (Allocation Failure) [PSYoungGen: 840491K->66560K(879104K)] 841187K->67256K(1927680K), 0.0049374 secs] [Times: user=0.00 sys=0.00, real=0.01 secs] 
109.419: [GC (Allocation Failure) [PSYoungGen: 713539K->107520K(879104K)] 714235K->108216K(1927680K), 0.0068698 secs] [Times: user=0.00 sys=0.00, real=0.01 secs] 
113.695: [GC (Allocation Failure) [PSYoungGen: 769008K->67584K(883200K)] 769704K->68280K(1931776K), 0.0058815 secs] [Times: user=0.00 sys=0.00, real=0.01 secs] 
119.384: [GC (Allocation Failure) [PSYoungGen: 750582K->51200K(894976K)] 751278K->51896K(1943552K), 0.0046458 secs] [Times: user=0.00 sys=0.00, real=0.00 secs] 
123.652: [GC (Allocation Failure) [PSYoungGen: 707965K->61440K(890880K)] 708661K->62136K(1939456K), 0.0049080 secs] [Times: user=0.00 sys=0.00, real=0.01 secs] 
129.236: [GC (Allocation Failure) [PSYoungGen: 759165K->81920K(904704K)] 759861K->82616K(1953280K), 0.0060090 secs] [Times: user=0.00 sys=0.00, real=0.01 secs] 
134.705: [GC (Allocation Failure) [PSYoungGen: 838419K->10240K(901120K)] 839115K->10936K(1949696K), 0.0015745 secs] [Times: user=0.00 sys=0.00, real=0.00 secs] 
139.612: [GC (Allocation Failure) [PSYoungGen: 764693K->108544K(886784K)] 765389K->109240K(1935360K), 0.0158130 secs] [Times: user=0.02 sys=0.00, real=0.02 secs] 
146.175: [GC (Allocation Failure) [PSYoungGen: 844209K->10240K(750080K)] 844905K->10936K(1798656K), 0.0014351 secs] [Times: user=0.00 sys=0.00, real=0.00 secs] 
150.649: [GC (Allocation Failure) [PSYoungGen: 746932K->56320K(899584K)] 747628K->57016K(1948160K), 0.0047211 secs] [Times: user=0.00 sys=0.00, real=0.00 secs] 
156.333: [GC (Allocation Failure) [PSYoungGen: 780798K->92160K(891904K)] 781494K->92856K(1940480K), 0.0073892 secs] [Times: user=0.01 sys=0.00, real=0.01 secs] 
160.612: [GC (Allocation Failure) [PSYoungGen: 738815K->112640K(880128K)] 739511K->215736K(1928704K), 0.0355624 secs] [Times: user=0.03 sys=0.02, real=0.04 secs] 
166.316: [GC (Allocation Failure) [PSYoungGen: 828885K->76800K(888832K)] 931981K->179896K(1937408K), 0.0055163 secs] [Times: user=0.02 sys=0.00, real=0.01 secs] 
170.568: [GC (Allocation Failure) [PSYoungGen: 710088K->107520K(884736K)] 813184K->261816K(1933312K), 0.0311799 secs] [Times: user=0.00 sys=0.00, real=0.03 secs] 
174.850: [GC (Allocation Failure) [PSYoungGen: 766403K->76800K(890368K)] 920700K->231096K(1938944K), 0.0060282 secs] [Times: user=0.00 sys=0.00, real=0.01 secs] 
180.541: [GC (Allocation Failure) [PSYoungGen: 730582K->5120K(889344K)] 884878K->159416K(1937920K), 0.0010587 secs] [Times: user=0.00 sys=0.00, real=0.00 secs] 
184.760: [GC (Allocation Failure) [PSYoungGen: 661887K->61440K(893952K)] 816183K->215736K(1942528K), 0.0053430 secs] [Times: user=0.00 sys=0.00, real=0.01 secs] 
190.207: [GC (Allocation Failure) [PSYoungGen: 784791K->122880K(876544K)] 939087K->277176K(1925120K), 0.0158686 secs] [Times: user=0.02 sys=0.00, real=0.02 secs] 
195.997: [GC (Allocation Failure) [PSYoungGen: 837253K->40992K(888832K)] 991549K->195288K(1937408K), 0.0023942 secs] [Times: user=0.00 sys=0.00, real=0.00 secs] 
200.357: [GC (Allocation Failure) [PSYoungGen: 761234K->56320K(898048K)] 915530K->210632K(1946624K), 0.0060353 secs] [Times: user=0.00 sys=0.00, real=0.01 secs] 
206.042: [GC (Allocation Failure) [PSYoungGen: 780670K->92160K(891904K)] 934983K->246472K(1940480K), 0.0068212 secs] [Times: user=0.00 sys=0.00, real=0.00 secs] 
210.308: [GC (Allocation Failure) [PSYoungGen: 738725K->112640K(883200K)] 893037K->369352K(1931776K), 0.0354808 secs] [Times: user=0.02 sys=0.02, real=0.03 secs] 
216.003: [GC (Allocation Failure) [PSYoungGen: 824579K->76800K(890368K)] 1081291K->333512K(1938944K), 0.0059745 secs] [Times: user=0.02 sys=0.00, real=0.01 secs] 
220.279: [GC (Allocation Failure) [PSYoungGen: 707858K->56320K(902144K)] 964570K->415432K(1950720K), 0.0330179 secs] [Times: user=0.02 sys=0.02, real=0.03 secs] 
224.566: [GC (Allocation Failure) [PSYoungGen: 713376K->76800K(898048K)] 1072488K->435912K(1946624K), 0.0056612 secs] [Times: user=0.01 sys=0.00, real=0.01 secs] 
230.242: [GC (Allocation Failure) [PSYoungGen: 728739K->5120K(898048K)] 1087852K->364232K(1946624K), 0.0011642 secs] [Times: user=0.00 sys=0.00, real=0.00 secs] 
234.499: [GC (Allocation Failure) [PSYoungGen: 662304K->61440K(903168K)] 1021416K->420552K(1951744K), 0.0053217 secs] [Times: user=0.00 sys=0.00, real=0.00 secs] 
240.061: [GC (Allocation Failure) [PSYoungGen: 805665K->133120K(875008K)] 1164777K->492232K(1923584K), 0.0157761 secs] [Times: user=0.00 sys=0.00, real=0.02 secs] 
245.861: [GC (Allocation Failure) [PSYoungGen: 868724K->71680K(892416K)] 1227836K->430792K(1940992K), 0.0074582 secs] [Times: user=0.01 sys=0.00, real=0.01 secs] 
250.135: [GC (Allocation Failure) [PSYoungGen: 736631K->56320K(905216K)] 1095744K->415432K(1953792K), 0.0049751 secs] [Times: user=0.00 sys=0.00, real=0.00 secs] 
255.809: [GC (Allocation Failure) [PSYoungGen: 781085K->92160K(900608K)] 1140197K->451272K(1949184K), 0.0078531 secs] [Times: user=0.00 sys=0.00, real=0.01 secs] 
260.954: [GC (Allocation Failure) [PSYoungGen: 847644K->5120K(895488K)] 1206756K->364232K(1944064K), 0.0013483 secs] [Times: user=0.00 sys=0.00, real=0.00 secs] 
266.858: [GC (Allocation Failure) [PSYoungGen: 754346K->40960K(900096K)] 1113459K->400072K(1948672K), 0.0037236 secs] [Times: user=0.00 sys=0.00, real=0.00 secs] 
271.432: [GC (Allocation Failure) [PSYoungGen: 754347K->62464K(911872K)] 1113459K->523976K(1960448K), 0.0335750 secs] [Times: user=0.03 sys=0.00, real=0.03 secs] 
277.138: [GC (Allocation Failure) [PSYoungGen: 786408K->107648K(875520K)] 1247920K->569160K(1924096K), 0.0157967 secs] [Times: user=0.00 sys=0.00, real=0.02 secs] 
282.723: [GC (Allocation Failure) [PSYoungGen: 869477K->37888K(905216K)] 1330990K->499416K(1953792K), 0.0045456 secs] [Times: user=0.00 sys=0.00, real=0.00 secs] 
288.298: [GC (Allocation Failure) [PSYoungGen: 787265K->15360K(902656K)] 1248793K->476888K(1951232K), 0.0018199 secs] [Times: user=0.00 sys=0.00, real=0.00 secs] 
294.110: [GC (Allocation Failure) [PSYoungGen: 751425K->47136K(910848K)] 1212953K->508664K(1959424K), 0.0035607 secs] [Times: user=0.00 sys=0.00, real=0.00 secs] 
298.490: [GC (Allocation Failure) [PSYoungGen: 750586K->133120K(878080K)] 1212115K->594656K(1926656K), 0.0152590 secs] [Times: user=0.00 sys=0.00, real=0.02 secs] 
304.176: [GC (Allocation Failure) [PSYoungGen: 840215K->66560K(899584K)] 1301751K->528096K(1948160K), 0.0067063 secs] [Times: user=0.02 sys=0.00, real=0.01 secs] 
308.789: [GC (Allocation Failure) [PSYoungGen: 817833K->57344K(900096K)] 1279369K->621280K(1948672K), 0.0337824 secs] [Times: user=0.02 sys=0.00, real=0.03 secs] 
315.141: [GC (Allocation Failure) [PSYoungGen: 800426K->10240K(903680K)] 1364362K->574176K(1952256K), 0.0016811 secs] [Times: user=0.00 sys=0.00, real=0.00 secs] 
319.841: [GC (Allocation Failure) [PSYoungGen: 734071K->107520K(869888K)] 1298007K->722656K(1918464K), 0.0211557 secs] [Times: user=0.00 sys=0.00, real=0.02 secs] 
324.452: [GC (Allocation Failure) [PSYoungGen: 869237K->26624K(898048K)] 1484374K->641760K(1946624K), 0.0022763 secs] [Times: user=0.00 sys=0.00, real=0.00 secs] 
Heap
 PSYoungGen      total 898048K, used 389227K [0x00000000c0000000, 0x0000000100000000, 0x0000000100000000)
  eden space 745472K, 48% used [0x00000000c0000000,0x00000000d621aeb0,0x00000000ed800000)
  from space 152576K, 17% used [0x00000000f6b00000,0x00000000f8500040,0x0000000100000000)
  to   space 150528K, 0% used [0x00000000ed800000,0x00000000ed800000,0x00000000f6b00000)
 ParOldGen       total 1048576K, used 615136K [0x0000000080000000, 0x00000000c0000000, 0x00000000c0000000)
  object space 1048576K, 58% used [0x0000000080000000,0x00000000a58b80e0,0x00000000c0000000)
 Metaspace       used 2804K, capacity 4486K, committed 4864K, reserved 1056768K
  class space    used 297K, capacity 386K, committed 512K, reserved 1048576K
