Java HotSpot(TM) 64-Bit Server VM (25.411-b09) for windows-amd64 JRE (1.8.0_411-b09), built on Mar 13 2024 07:26:13 by "java_re" with MS VC++ 17.1 (VS2022)
Memory: 4k page, physical 33403376k(14643592k free), swap 35500528k(7037844k free)
CommandLine flags: -XX:InitialHeapSize=536870912 -XX:MaxHeapSize=536870912 -XX:ParallelGCThreads=6 -XX:+PrintGC -XX:+PrintGCDetails -XX:+PrintGCTimeStamps -XX:+UseCompressedClassPointers -XX:+UseCompressedOops -XX:-UseLargePagesIndividualAllocation -XX:+UseParallelGC 
1.767: [GC (Allocation Failure) [PSYoungGen: 131215K->7872K(153088K)] 233615K->110280K(502784K), 0.0023112 secs] [Times: user=0.00 sys=0.00, real=0.00 secs] 
3.327: [GC (Allocation Failure) [PSYoungGen: 138504K->18024K(153088K)] 343312K->222832K(502784K), 0.0032718 secs] [Times: user=0.00 sys=0.00, real=0.00 secs] 
5.627: [GC (Allocation Failure) [PSYoungGen: 128176K->21096K(153088K)] 332984K->241264K(502784K), 0.0059835 secs] [Times: user=0.02 sys=0.00, real=0.01 secs] 
7.080: [Full GC (Ergonomics) [PSYoungGen: 147919K->0K(153088K)] [ParOldGen: 322568K->41488K(349696K)] 470487K->41488K(502784K), [Metaspace: 2759K->2759K(1056768K)], 0.0112731 secs] [Times: user=0.00 sys=0.00, real=0.01 secs] 
8.514: [GC (Allocation Failure) [PSYoungGen: 89668K->20480K(153088K)] 233557K->164368K(502784K), 0.0030272 secs] [Times: user=0.00 sys=0.00, real=0.00 secs] 
9.931: [GC (Allocation Failure) [PSYoungGen: 145989K->20480K(149504K)] 392278K->323089K(499200K), 0.0055337 secs] [Times: user=0.00 sys=0.00, real=0.01 secs] 
9.936: [Full GC (Ergonomics) [PSYoungGen: 20480K->0K(149504K)] [ParOldGen: 302608K->77328K(349696K)] 323089K->77328K(499200K), [Metaspace: 2760K->2760K(1056768K)], 0.0068501 secs] [Times: user=0.00 sys=0.00, real=0.01 secs] 
11.367: [GC (Allocation Failure) [PSYoungGen: 125449K->20480K(140288K)] 305178K->205328K(489984K), 0.0022004 secs] [Times: user=0.00 sys=0.00, real=0.00 secs] 
12.788: [GC (Allocation Failure) [PSYoungGen: 126013K->25632K(141824K)] 413262K->312888K(491520K), 0.0024284 secs] [Times: user=0.00 sys=0.00, real=0.00 secs] 
12.898: [GC (Allocation Failure) [PSYoungGen: 79145K->5216K(141312K)] 366402K->343672K(491008K), 0.0152369 secs] [Times: user=0.00 sys=0.00, real=0.02 secs] 
12.913: [Full GC (Ergonomics) [PSYoungGen: 5216K->0K(141312K)] [ParOldGen: 338456K->56849K(349696K)] 343672K->56849K(491008K), [Metaspace: 2763K->2763K(1056768K)], 0.0050425 secs] [Times: user=0.00 sys=0.00, real=0.00 secs] 
13.350: [GC (Allocation Failure) [PSYoungGen: 109741K->6144K(117760K)] 166590K->62993K(467456K), 0.0006852 secs] [Times: user=0.00 sys=0.00, real=0.00 secs] 
14.223: [GC (Allocation Failure) [PSYoungGen: 74910K->31744K(134144K)] 131759K->88593K(483840K), 0.0025321 secs] [Times: user=0.00 sys=0.00, real=0.00 secs] 
15.425: [GC (Allocation Failure) [PSYoungGen: 126954K->26624K(129024K)] 286203K->185873K(478720K), 0.0020771 secs] [Times: user=0.00 sys=0.00, real=0.00 secs] 
17.835: [Full GC (Ergonomics) [PSYoungGen: 126958K->0K(129024K)] [ParOldGen: 312849K->31744K(349696K)] 439807K->31744K(478720K), [Metaspace: 2770K->2770K(1056768K)], 0.0039380 secs] [Times: user=0.00 sys=0.00, real=0.00 secs] 
20.670: [Full GC (Ergonomics) [PSYoungGen: 97265K->0K(129024K)] [ParOldGen: 338944K->108049K(349696K)] 436209K->108049K(478720K), [Metaspace: 2779K->2779K(1056768K)], 0.0098945 secs] [Times: user=0.02 sys=0.00, real=0.01 secs] 
22.530: [GC (Allocation Failure) [PSYoungGen: 100338K->21504K(137216K)] 361988K->283153K(486912K), 0.0018480 secs] [Times: user=0.00 sys=0.00, real=0.00 secs] 
22.861: [GC (Allocation Failure) [PSYoungGen: 105408K->0K(99840K)] 367057K->324113K(449536K), 0.0051127 secs] [Times: user=0.00 sys=0.00, real=0.01 secs] 
22.866: [Full GC (Ergonomics) [PSYoungGen: 0K->0K(99840K)] [ParOldGen: 324113K->165393K(349696K)] 324113K->165393K(449536K), [Metaspace: 2779K->2779K(1056768K)], 0.0056844 secs] [Times: user=0.00 sys=0.00, real=0.00 secs] 
24.299: [Full GC (Ergonomics) [PSYoungGen: 49081K->0K(99840K)] [ParOldGen: 318993K->61969K(349696K)] 368074K->61969K(449536K), [Metaspace: 2779K->2779K(1056768K)], 0.0061083 secs] [Times: user=0.06 sys=0.00, real=0.01 secs] 
26.497: [Full GC (Ergonomics) [PSYoungGen: 97209K->0K(99840K)] [ParOldGen: 317969K->36369K(349696K)] 415178K->36369K(449536K), [Metaspace: 2780K->2780K(1056768K)], 0.0039845 secs] [Times: user=0.00 sys=0.00, real=0.00 secs] 
28.244: [GC (Allocation Failure) [PSYoungGen: 89440K->15392K(137728K)] 125809K->51769K(487424K), 0.0013414 secs] [Times: user=0.00 sys=0.00, real=0.00 secs] 
29.121: [GC (Allocation Failure) [PSYoungGen: 110548K->5120K(136192K)] 249325K->200233K(485888K), 0.0052660 secs] [Times: user=0.00 sys=0.00, real=0.00 secs] 
31.414: [Full GC (Ergonomics) [PSYoungGen: 95161K->0K(136192K)] [ParOldGen: 348713K->6144K(349696K)] 443874K->6144K(485888K), [Metaspace: 2793K->2793K(1056768K)], 0.0024100 secs] [Times: user=0.00 sys=0.00, real=0.00 secs] 
33.602: [Full GC (Ergonomics) [PSYoungGen: 97212K->0K(136192K)] [ParOldGen: 262144K->13312K(349696K)] 359356K->13312K(485888K), [Metaspace: 2793K->2793K(1056768K)], 0.0025991 secs] [Times: user=0.00 sys=0.00, real=0.00 secs] 
35.457: [GC (Allocation Failure) [PSYoungGen: 79806K->20480K(138240K)] 246719K->187392K(487936K), 0.0015398 secs] [Times: user=0.00 sys=0.00, real=0.00 secs] 
36.549: [Full GC (Ergonomics) [PSYoungGen: 120809K->0K(138240K)] [ParOldGen: 269312K->21504K(349696K)] 390121K->21504K(487936K), [Metaspace: 2793K->2793K(1056768K)], 0.0030710 secs] [Times: user=0.00 sys=0.00, real=0.00 secs] 
37.425: [GC (Allocation Failure) [PSYoungGen: 100329K->21504K(137728K)] 224234K->145408K(487424K), 0.0020489 secs] [Times: user=0.00 sys=0.00, real=0.00 secs] 
39.494: [GC (Allocation Failure) [PSYoungGen: 115690K->10240K(139264K)] 290794K->185344K(488960K), 0.0009609 secs] [Times: user=0.00 sys=0.00, real=0.00 secs] 
40.364: [Full GC (Ergonomics) [PSYoungGen: 111635K->0K(139264K)] [ParOldGen: 277504K->113169K(349696K)] 389139K->113169K(488960K), [Metaspace: 2793K->2793K(1056768K)], 0.0090947 secs] [Times: user=0.00 sys=0.00, real=0.01 secs] 
41.255: [GC (Allocation Failure) [PSYoungGen: 68617K->25600K(127488K)] 181787K->138769K(477184K), 0.0027309 secs] [Times: user=0.00 sys=0.00, real=0.00 secs] 
43.328: [GC (Allocation Failure) [PSYoungGen: 122859K->6144K(137728K)] 338428K->221713K(487424K), 0.0008762 secs] [Times: user=0.00 sys=0.00, real=0.00 secs] 
44.198: [GC (Allocation Failure) [PSYoungGen: 69590K->10240K(137216K)] 336360K->278033K(486912K), 0.0014112 secs] [Times: user=0.00 sys=0.00, real=0.00 secs] 
44.200: [GC (Allocation Failure) [PSYoungGen: 10240K->0K(137728K)] 278033K->278033K(487424K), 0.0012401 secs] [Times: user=0.00 sys=0.00, real=0.00 secs] 
44.201: [Full GC (Allocation Failure) [PSYoungGen: 0K->0K(137728K)] [ParOldGen: 278033K->62993K(349696K)] 278033K->62993K(487424K), [Metaspace: 2795K->2795K(1056768K)], 0.0052124 secs] [Times: user=0.00 sys=0.00, real=0.01 secs] 
46.834: [Full GC (Ergonomics) [PSYoungGen: 97269K->0K(137728K)] [ParOldGen: 318993K->11264K(349696K)] 416263K->11264K(487424K), [Metaspace: 2795K->2795K(1056768K)], 0.0026748 secs] [Times: user=0.00 sys=0.00, real=0.00 secs] 
47.926: [GC (Allocation Failure) [PSYoungGen: 100341K->30720K(133120K)] 214005K->144384K(482816K), 0.0023308 secs] [Times: user=0.00 sys=0.00, real=0.00 secs] 
48.801: [GC (Allocation Failure) [PSYoungGen: 131061K->1024K(134144K)] 347125K->293888K(483840K), 0.0056520 secs] [Times: user=0.00 sys=0.00, real=0.00 secs] 
48.807: [Full GC (Ergonomics) [PSYoungGen: 1024K->0K(134144K)] [ParOldGen: 292864K->78353K(349696K)] 293888K->78353K(483840K), [Metaspace: 2795K->2795K(1056768K)], 0.0063465 secs] [Times: user=0.00 sys=0.00, real=0.01 secs] 
50.889: [GC (Allocation Failure) [PSYoungGen: 88914K->10240K(134144K)] 320867K->242193K(483840K), 0.0010027 secs] [Times: user=0.00 sys=0.00, real=0.00 secs] 
51.324: [GC (Allocation Failure) [PSYoungGen: 53073K->0K(136192K)] 336227K->288273K(485888K), 0.0007487 secs] [Times: user=0.00 sys=0.00, real=0.00 secs] 
51.325: [Full GC (Ergonomics) [PSYoungGen: 0K->0K(136192K)] [ParOldGen: 288273K->56849K(349696K)] 288273K->56849K(485888K), [Metaspace: 2795K->2795K(1056768K)], 0.0053341 secs] [Times: user=0.00 sys=0.00, real=0.01 secs] 
53.517: [Full GC (Ergonomics) [PSYoungGen: 97188K->0K(136192K)] [ParOldGen: 312849K->17937K(349696K)] 410037K->17937K(485888K), [Metaspace: 2795K->2795K(1056768K)], 0.0030407 secs] [Times: user=0.05 sys=0.00, real=0.00 secs] 
55.916: [GC (Allocation Failure) [PSYoungGen: 96164K->16384K(136192K)] 267701K->187921K(485888K), 0.0014572 secs] [Times: user=0.00 sys=0.00, real=0.00 secs] 
58.210: [Full GC (Ergonomics) [PSYoungGen: 106404K->0K(136192K)] [ParOldGen: 325137K->6144K(349696K)] 431541K->6144K(485888K), [Metaspace: 2796K->2796K(1056768K)], 0.0021575 secs] [Times: user=0.00 sys=0.00, real=0.00 secs] 
59.192: [GC (Allocation Failure) [PSYoungGen: 95139K->10240K(139264K)] 203683K->169984K(488960K), 0.0051779 secs] [Times: user=0.00 sys=0.00, real=0.00 secs] 
60.942: [Full GC (Ergonomics) [PSYoungGen: 105461K->0K(139264K)] [ParOldGen: 313344K->174609K(349696K)] 418806K->174609K(488960K), [Metaspace: 2796K->2796K(1056768K)], 0.0126942 secs] [Times: user=0.00 sys=0.00, real=0.01 secs] 
62.271: [Full GC (Ergonomics) [PSYoungGen: 94197K->0K(139264K)] [ParOldGen: 277009K->6144K(349696K)] 371207K->6144K(488960K), [Metaspace: 2796K->2796K(1056768K)], 0.0020777 secs] [Times: user=0.00 sys=0.00, real=0.00 secs] 
63.149: [GC (Allocation Failure) [PSYoungGen: 100341K->6144K(137216K)] 208885K->114688K(486912K), 0.0010192 secs] [Times: user=0.00 sys=0.00, real=0.00 secs] 
65.113: [GC (Allocation Failure) [PSYoungGen: 106486K->20480K(138240K)] 368630K->283648K(487936K), 0.0019025 secs] [Times: user=0.00 sys=0.00, real=0.00 secs] 
66.855: [GC (Allocation Failure) [PSYoungGen: 114718K->25600K(130048K)] 377887K->309248K(479744K), 0.0028301 secs] [Times: user=0.00 sys=0.00, real=0.00 secs] 
66.858: [Full GC (Ergonomics) [PSYoungGen: 25600K->0K(130048K)] [ParOldGen: 283648K->26624K(349696K)] 309248K->26624K(479744K), [Metaspace: 2796K->2796K(1056768K)], 0.0032531 secs] [Times: user=0.00 sys=0.00, real=0.00 secs] 
68.057: [GC (Allocation Failure) [PSYoungGen: 96301K->15360K(138752K)] 225325K->144384K(488448K), 0.0015112 secs] [Times: user=0.00 sys=0.00, real=0.00 secs] 
69.044: [GC (Allocation Failure) [PSYoungGen: 115676K->5120K(136704K)] 347100K->292864K(486400K), 0.0047069 secs] [Times: user=0.00 sys=0.00, real=0.00 secs] 
69.049: [Full GC (Ergonomics) [PSYoungGen: 5120K->0K(136704K)] [ParOldGen: 287744K->88064K(349696K)] 292864K->88064K(486400K), [Metaspace: 2796K->2796K(1056768K)], 0.0055272 secs] [Times: user=0.00 sys=0.00, real=0.01 secs] 
70.913: [GC (Allocation Failure) [PSYoungGen: 100318K->15360K(140800K)] 290782K->205824K(490496K), 0.0015004 secs] [Times: user=0.00 sys=0.00, real=0.00 secs] 
72.003: [Full GC (Ergonomics) [PSYoungGen: 119867K->0K(140800K)] [ParOldGen: 292864K->114193K(349696K)] 412731K->114193K(490496K), [Metaspace: 2796K->2796K(1056768K)], 0.0092060 secs] [Times: user=0.01 sys=0.00, real=0.01 secs] 
73.532: [GC (Allocation Failure) [PSYoungGen: 104508K->1024K(139264K)] 321101K->217617K(488960K), 0.0005489 secs] [Times: user=0.00 sys=0.00, real=0.00 secs] 
74.509: [Full GC (Ergonomics) [PSYoungGen: 105532K->0K(139264K)] [ParOldGen: 318993K->15889K(349696K)] 424526K->15889K(488960K), [Metaspace: 2796K->2796K(1056768K)], 0.0029654 secs] [Times: user=0.00 sys=0.00, real=0.00 secs] 
75.383: [GC (Allocation Failure) [PSYoungGen: 68668K->30720K(131584K)] 84558K->46609K(481280K), 0.0023568 secs] [Times: user=0.00 sys=0.00, real=0.00 secs] 
76.581: [GC (Allocation Failure) [PSYoungGen: 125859K->15360K(136192K)] 244148K->143889K(485888K), 0.0022946 secs] [Times: user=0.00 sys=0.00, real=0.00 secs] 
78.108: [GC (Allocation Failure) [PSYoungGen: 94115K->15360K(139776K)] 222644K->143889K(489472K), 0.0014852 secs] [Times: user=0.00 sys=0.00, real=0.00 secs] 
79.201: [GC (Allocation Failure) [PSYoungGen: 115713K->10240K(137728K)] 346642K->297489K(487424K), 0.0050228 secs] [Times: user=0.00 sys=0.00, real=0.00 secs] 
79.206: [Full GC (Ergonomics) [PSYoungGen: 10240K->0K(137728K)] [ParOldGen: 287249K->67089K(349696K)] 297489K->67089K(487424K), [Metaspace: 2796K->2796K(1056768K)], 0.0059105 secs] [Times: user=0.00 sys=0.00, real=0.01 secs] 
80.087: [GC (Allocation Failure) [PSYoungGen: 99332K->1024K(140800K)] 268821K->170513K(490496K), 0.0007920 secs] [Times: user=0.00 sys=0.00, real=0.00 secs] 
82.497: [Full GC (Ergonomics) [PSYoungGen: 100440K->0K(140800K)] [ParOldGen: 271889K->27648K(349696K)] 372329K->27648K(490496K), [Metaspace: 2796K->2796K(1056768K)], 0.0032867 secs] [Times: user=0.00 sys=0.00, real=0.00 secs] 
83.809: [GC (Allocation Failure) [PSYoungGen: 104537K->21504K(127488K)] 234585K->151552K(477184K), 0.0022922 secs] [Times: user=0.00 sys=0.00, real=0.00 secs] 
85.231: [GC (Allocation Failure) [PSYoungGen: 120891K->20480K(138752K)] 353340K->252928K(488448K), 0.0014792 secs] [Times: user=0.00 sys=0.00, real=0.00 secs] 
86.327: [Full GC (Ergonomics) [PSYoungGen: 121915K->0K(138752K)] [ParOldGen: 334848K->21504K(349696K)] 456763K->21504K(488448K), [Metaspace: 2796K->2796K(1056768K)], 0.0034208 secs] [Times: user=0.00 sys=0.00, real=0.00 secs] 
87.198: [GC (Allocation Failure) [PSYoungGen: 99358K->21504K(125952K)] 223262K->145408K(475648K), 0.0022243 secs] [Times: user=0.00 sys=0.00, real=0.00 secs] 
88.182: [GC (Allocation Failure) [PSYoungGen: 95262K->25600K(134656K)] 219166K->169984K(484352K), 0.0030350 secs] [Times: user=0.00 sys=0.00, real=0.00 secs] 
89.497: [GC (Allocation Failure) [PSYoungGen: 119716K->15360K(136704K)] 264100K->159744K(486400K), 0.0014088 secs] [Times: user=0.00 sys=0.00, real=0.00 secs] 
90.476: [GC (Allocation Failure) [PSYoungGen: 110493K->5120K(138752K)] 357277K->257024K(488448K), 0.0013106 secs] [Times: user=0.00 sys=0.00, real=0.00 secs] 
91.021: [GC (Allocation Failure) [PSYoungGen: 58359K->25600K(127488K)] 310264K->277504K(477184K), 0.0026504 secs] [Times: user=0.00 sys=0.00, real=0.00 secs] 
91.131: [GC (Allocation Failure) [PSYoungGen: 78802K->0K(135680K)] 330706K->308224K(485376K), 0.0049902 secs] [Times: user=0.00 sys=0.00, real=0.01 secs] 
91.136: [Full GC (Ergonomics) [PSYoungGen: 0K->0K(135680K)] [ParOldGen: 308224K->164369K(349696K)] 308224K->164369K(485376K), [Metaspace: 2796K->2796K(1056768K)], 0.0122530 secs] [Times: user=0.00 sys=0.00, real=0.01 secs] 
93.775: [GC (Allocation Failure) [PSYoungGen: 86906K->21504K(136192K)] 353675K->288273K(485888K), 0.0016657 secs] [Times: user=0.00 sys=0.00, real=0.00 secs] 
93.993: [GC (Allocation Failure) [PSYoungGen: 95112K->0K(135168K)] 361882K->329233K(484864K), 0.0050738 secs] [Times: user=0.00 sys=0.00, real=0.00 secs] 
93.998: [Full GC (Ergonomics) [PSYoungGen: 0K->0K(135168K)] [ParOldGen: 329233K->62993K(349696K)] 329233K->62993K(484864K), [Metaspace: 2796K->2796K(1056768K)], 0.0055550 secs] [Times: user=0.00 sys=0.00, real=0.01 secs] 
96.521: [Full GC (Ergonomics) [PSYoungGen: 86901K->0K(135168K)] [ParOldGen: 318993K->6144K(349696K)] 405895K->6144K(484864K), [Metaspace: 2796K->2796K(1056768K)], 0.0021982 secs] [Times: user=0.00 sys=0.00, real=0.00 secs] 
97.395: [GC (Allocation Failure) [PSYoungGen: 95102K->25600K(122880K)] 203646K->134144K(472576K), 0.0023267 secs] [Times: user=0.00 sys=0.00, real=0.00 secs] 
99.249: [GC (Allocation Failure) [PSYoungGen: 120708K->15360K(136192K)] 382852K->297984K(485888K), 0.0027416 secs] [Times: user=0.00 sys=0.00, real=0.00 secs] 
99.252: [Full GC (Ergonomics) [PSYoungGen: 15360K->0K(136192K)] [ParOldGen: 282624K->87569K(349696K)] 297984K->87569K(485888K), [Metaspace: 2796K->2796K(1056768K)], 0.0068293 secs] [Times: user=0.02 sys=0.00, real=0.01 secs] 
100.354: [GC (Allocation Failure) [PSYoungGen: 94057K->0K(133632K)] 284027K->189969K(483328K), 0.0005841 secs] [Times: user=0.00 sys=0.00, real=0.00 secs] 
102.101: [Full GC (Ergonomics) [PSYoungGen: 89964K->0K(133632K)] [ParOldGen: 343569K->12288K(349696K)] 433533K->12288K(483328K), [Metaspace: 2796K->2796K(1056768K)], 0.0026191 secs] [Times: user=0.00 sys=0.00, real=0.00 secs] 
102.867: [GC (Allocation Failure) [PSYoungGen: 95085K->2048K(136704K)] 209773K->116736K(486400K), 0.0005374 secs] [Times: user=0.00 sys=0.00, real=0.00 secs] 
105.166: [GC (Allocation Failure) [PSYoungGen: 96172K->25600K(122880K)] 210860K->140288K(472576K), 0.0017305 secs] [Times: user=0.00 sys=0.00, real=0.00 secs] 
106.146: [GC (Allocation Failure) [PSYoungGen: 120711K->10240K(136192K)] 337799K->242688K(485888K), 0.0022122 secs] [Times: user=0.00 sys=0.00, real=0.00 secs] 
106.802: [GC (Allocation Failure) [PSYoungGen: 63349K->20480K(134144K)] 346997K->309248K(483840K), 0.0023616 secs] [Times: user=0.00 sys=0.00, real=0.00 secs] 
106.805: [Full GC (Ergonomics) [PSYoungGen: 20480K->0K(134144K)] [ParOldGen: 288768K->92689K(349696K)] 309248K->92689K(483840K), [Metaspace: 2796K->2796K(1056768K)], 0.0077191 secs] [Times: user=0.00 sys=0.00, real=0.01 secs] 
108.557: [Full GC (Ergonomics) [PSYoungGen: 92023K->0K(134144K)] [ParOldGen: 297489K->53248K(349696K)] 389513K->53248K(483840K), [Metaspace: 2796K->2796K(1056768K)], 0.0049955 secs] [Times: user=0.00 sys=0.00, real=0.00 secs] 
110.419: [GC (Allocation Failure) [PSYoungGen: 95096K->10240K(137728K)] 301944K->217088K(487424K), 0.0011976 secs] [Times: user=0.00 sys=0.00, real=0.00 secs] 
111.074: [GC (Allocation Failure) [PSYoungGen: 63425K->5120K(136192K)] 321473K->268288K(485888K), 0.0013850 secs] [Times: user=0.00 sys=0.00, real=0.00 secs] 
111.075: [GC (Allocation Failure) [PSYoungGen: 5120K->0K(138752K)] 268288K->268288K(488448K), 0.0010666 secs] [Times: user=0.00 sys=0.00, real=0.00 secs] 
111.077: [Full GC (Allocation Failure) [PSYoungGen: 0K->0K(138752K)] [ParOldGen: 268288K->216064K(349696K)] 268288K->216064K(488448K), [Metaspace: 2796K->2796K(1056768K)], 0.0117720 secs] [Times: user=0.00 sys=0.00, real=0.01 secs] 
111.200: [GC (Allocation Failure) [PSYoungGen: 102912K->0K(138752K)] 318976K->318464K(488448K), 0.0157395 secs] [Times: user=0.00 sys=0.00, real=0.02 secs] 
111.216: [Full GC (Ergonomics) [PSYoungGen: 0K->0K(138752K)] [ParOldGen: 318464K->267264K(349696K)] 318464K->267264K(488448K), [Metaspace: 2796K->2796K(1056768K)], 0.0086453 secs] [Times: user=0.00 sys=0.00, real=0.01 secs] 
112.420: [GC (Allocation Failure) [PSYoungGen: 54278K->25600K(133120K)] 321542K->292864K(482816K), 0.0032325 secs] [Times: user=0.00 sys=0.00, real=0.00 secs] 
112.423: [Full GC (Ergonomics) [PSYoungGen: 25600K->0K(133120K)] [ParOldGen: 267264K->26624K(349696K)] 292864K->26624K(482816K), [Metaspace: 2796K->2796K(1056768K)], 0.0032300 secs] [Times: user=0.01 sys=0.00, real=0.00 secs] 
113.621: [GC (Allocation Failure) [PSYoungGen: 95111K->21504K(119808K)] 224135K->150528K(469504K), 0.0015744 secs] [Times: user=0.00 sys=0.00, real=0.00 secs] 
114.490: [GC (Allocation Failure) [PSYoungGen: 116625K->10240K(137216K)] 348049K->252928K(486912K), 0.0017777 secs] [Times: user=0.00 sys=0.00, real=0.00 secs] 
116.569: [GC (Allocation Failure) [PSYoungGen: 104344K->15360K(135168K)] 347032K->258048K(484864K), 0.0017674 secs] [Times: user=0.00 sys=0.00, real=0.00 secs] 
117.554: [Full GC (Ergonomics) [PSYoungGen: 110485K->0K(135168K)] [ParOldGen: 345088K->36864K(349696K)] 455573K->36864K(484864K), [Metaspace: 2796K->2796K(1056768K)], 0.0045973 secs] [Times: user=0.00 sys=0.00, real=0.00 secs] 
120.392: [Full GC (Ergonomics) [PSYoungGen: 97178K->0K(135168K)] [ParOldGen: 344064K->108049K(349696K)] 441242K->108049K(484864K), [Metaspace: 2796K->2796K(1056768K)], 0.0085956 secs] [Times: user=0.02 sys=0.00, real=0.01 secs] 
122.152: [GC (Allocation Failure) [PSYoungGen: 95133K->21504K(136704K)] 356783K->283153K(486400K), 0.0017648 secs] [Times: user=0.00 sys=0.00, real=0.00 secs] 
122.480: [GC (Allocation Failure) [PSYoungGen: 105437K->0K(137728K)] 367086K->324113K(487424K), 0.0051783 secs] [Times: user=0.00 sys=0.00, real=0.01 secs] 
122.485: [Full GC (Ergonomics) [PSYoungGen: 0K->0K(137728K)] [ParOldGen: 324113K->165393K(349696K)] 324113K->165393K(487424K), [Metaspace: 2796K->2796K(1056768K)], 0.0055443 secs] [Times: user=0.00 sys=0.00, real=0.00 secs] 
123.914: [Full GC (Ergonomics) [PSYoungGen: 100310K->0K(137728K)] [ParOldGen: 267793K->62464K(349696K)] 368103K->62464K(487424K), [Metaspace: 2796K->2796K(1056768K)], 0.0057468 secs] [Times: user=0.00 sys=0.00, real=0.01 secs] 
126.114: [Full GC (Ergonomics) [PSYoungGen: 97242K->0K(137728K)] [ParOldGen: 318464K->36864K(349696K)] 415706K->36864K(487424K), [Metaspace: 2796K->2796K(1056768K)], 0.0035134 secs] [Times: user=0.00 sys=0.00, real=0.00 secs] 
127.975: [GC (Allocation Failure) [PSYoungGen: 99292K->15360K(139264K)] 136156K->52224K(488960K), 0.0013145 secs] [Times: user=0.00 sys=0.00, real=0.00 secs] 
129.065: [GC (Allocation Failure) [PSYoungGen: 115702K->10240K(137728K)] 254966K->205824K(487424K), 0.0053062 secs] [Times: user=0.05 sys=0.00, real=0.00 secs] 
129.941: [Full GC (Ergonomics) [PSYoungGen: 110585K->0K(137728K)] [ParOldGen: 297984K->165393K(349696K)] 408569K->165393K(487424K), [Metaspace: 2796K->2796K(1056768K)], 0.0121969 secs] [Times: user=0.00 sys=0.00, real=0.01 secs] 
132.469: [Full GC (Ergonomics) [PSYoungGen: 100347K->0K(137728K)] [ParOldGen: 318993K->57873K(349696K)] 419341K->57873K(487424K), [Metaspace: 2796K->2796K(1056768K)], 0.0053164 secs] [Times: user=0.00 sys=0.00, real=0.01 secs] 
135.088: [Full GC (Ergonomics) [PSYoungGen: 102397K->0K(137728K)] [ParOldGen: 313873K->10769K(349696K)] 416270K->10769K(487424K), [Metaspace: 2796K->2796K(1056768K)], 0.0024637 secs] [Times: user=0.00 sys=0.00, real=0.00 secs] 
136.182: [GC (Allocation Failure) [PSYoungGen: 100350K->10240K(142848K)] 213519K->123409K(492544K), 0.0010842 secs] [Times: user=0.00 sys=0.00, real=0.00 secs] 
137.166: [GC (Allocation Failure) [PSYoungGen: 114819K->25600K(135168K)] 330389K->246289K(484864K), 0.0029561 secs] [Times: user=0.00 sys=0.00, real=0.00 secs] 
138.037: [GC (Allocation Failure) [PSYoungGen: 94340K->25600K(134656K)] 315029K->266769K(484352K), 0.0032413 secs] [Times: user=0.00 sys=0.00, real=0.00 secs] 
139.350: [GC (Allocation Failure) [PSYoungGen: 119755K->15360K(137216K)] 360924K->256529K(486912K), 0.0014921 secs] [Times: user=0.00 sys=0.00, real=0.00 secs] 
140.331: [Full GC (Ergonomics) [PSYoungGen: 110524K->0K(137216K)] [ParOldGen: 343569K->113169K(349696K)] 454094K->113169K(486912K), [Metaspace: 2796K->2796K(1056768K)], 0.0092583 secs] [Times: user=0.02 sys=0.00, real=0.01 secs] 
142.949: [Full GC (Ergonomics) [PSYoungGen: 97218K->0K(137216K)] [ParOldGen: 266769K->7168K(349696K)] 363988K->7168K(486912K), [Metaspace: 2796K->2796K(1056768K)], 0.0022751 secs] [Times: user=0.00 sys=0.00, real=0.00 secs] 
144.805: [GC (Allocation Failure) [PSYoungGen: 95174K->20480K(139264K)] 255942K->181248K(488960K), 0.0017086 secs] [Times: user=0.00 sys=0.00, real=0.00 secs] 
145.678: [GC (Allocation Failure) [PSYoungGen: 121908K->15360K(139264K)] 385076K->293888K(488960K), 0.0027500 secs] [Times: user=0.00 sys=0.00, real=0.00 secs] 
145.681: [Full GC (Ergonomics) [PSYoungGen: 15360K->0K(139264K)] [ParOldGen: 278528K->32768K(349696K)] 293888K->32768K(488960K), [Metaspace: 2796K->2796K(1056768K)], 0.0035631 secs] [Times: user=0.00 sys=0.00, real=0.00 secs] 
147.209: [GC (Allocation Failure) [PSYoungGen: 101431K->25600K(137216K)] 236599K->160768K(486912K), 0.0022642 secs] [Times: user=0.00 sys=0.00, real=0.00 secs] 
147.973: [GC (Allocation Failure) [PSYoungGen: 89116K->25600K(128512K)] 224285K->181248K(478208K), 0.0031330 secs] [Times: user=0.00 sys=0.00, real=0.00 secs] 
149.171: [GC (Allocation Failure) [PSYoungGen: 120830K->15360K(139264K)] 378879K->329728K(488960K), 0.0054653 secs] [Times: user=0.00 sys=0.00, real=0.01 secs] 
149.177: [Full GC (Ergonomics) [PSYoungGen: 15360K->0K(139264K)] [ParOldGen: 314368K->92689K(349696K)] 329728K->92689K(488960K), [Metaspace: 2796K->2796K(1056768K)], 0.0073187 secs] [Times: user=0.00 sys=0.00, real=0.01 secs] 
150.497: [GC (Allocation Failure) [PSYoungGen: 99327K->10240K(137728K)] 294416K->205329K(487424K), 0.0010117 secs] [Times: user=0.00 sys=0.00, real=0.00 secs] 
151.371: [Full GC (Ergonomics) [PSYoungGen: 110591K->0K(137728K)] [ParOldGen: 297489K->12288K(349696K)] 408081K->12288K(487424K), [Metaspace: 2796K->2796K(1056768K)], 0.0027254 secs] [Times: user=0.00 sys=0.00, real=0.00 secs] 
153.334: [GC (Allocation Failure) [PSYoungGen: 100351K->11264K(140800K)] 266239K->177152K(490496K), 0.0013032 secs] [Times: user=0.00 sys=0.00, real=0.00 secs] 
155.081: [GC (Allocation Failure) [PSYoungGen: 95303K->15360K(139776K)] 261191K->201728K(489472K), 0.0026286 secs] [Times: user=0.01 sys=0.00, real=0.00 secs] 
156.388: [Full GC (Ergonomics) [PSYoungGen: 119870K->0K(139776K)] [ParOldGen: 288768K->31744K(349696K)] 408638K->31744K(489472K), [Metaspace: 2796K->2796K(1056768K)], 0.0040448 secs] [Times: user=0.00 sys=0.00, real=0.00 secs] 
157.810: [GC (Allocation Failure) [PSYoungGen: 89153K->5120K(142336K)] 223297K->139264K(492032K), 0.0007923 secs] [Times: user=0.00 sys=0.00, real=0.00 secs] 
159.012: [GC (Allocation Failure) [PSYoungGen: 109717K->10240K(142336K)] 346261K->297984K(492032K), 0.0052518 secs] [Times: user=0.00 sys=0.00, real=0.00 secs] 
159.017: [Full GC (Ergonomics) [PSYoungGen: 10240K->0K(142336K)] [ParOldGen: 287744K->61969K(349696K)] 297984K->61969K(492032K), [Metaspace: 2796K->2796K(1056768K)], 0.0056922 secs] [Times: user=0.03 sys=0.00, real=0.01 secs] 
160.122: [GC (Allocation Failure) [PSYoungGen: 109718K->5120K(143360K)] 274088K->169489K(493056K), 0.0008756 secs] [Times: user=0.00 sys=0.00, real=0.00 secs] 
161.651: [Full GC (Ergonomics) [PSYoungGen: 114880K->0K(143360K)] [ParOldGen: 266769K->2048K(349696K)] 381650K->2048K(493056K), [Metaspace: 2796K->2796K(1056768K)], 0.0020049 secs] [Times: user=0.00 sys=0.00, real=0.00 secs] 
162.739: [GC (Allocation Failure) [PSYoungGen: 109761K->11264K(143360K)] 214209K->115712K(493056K), 0.0010961 secs] [Times: user=0.00 sys=0.00, real=0.00 secs] 
163.613: [GC (Allocation Failure) [PSYoungGen: 80065K->20480K(142848K)] 184513K->141312K(492544K), 0.0027827 secs] [Times: user=0.00 sys=0.00, real=0.00 secs] 
165.574: [GC (Allocation Failure) [PSYoungGen: 130260K->5120K(143872K)] 353492K->228352K(493568K), 0.0009297 secs] [Times: user=0.00 sys=0.00, real=0.00 secs] 
166.448: [GC (Allocation Failure) [PSYoungGen: 73941K->25600K(137728K)] 297173K->269312K(487424K), 0.0027424 secs] [Times: user=0.00 sys=0.00, real=0.00 secs] 
167.760: [Full GC (Ergonomics) [PSYoungGen: 130137K->0K(137728K)] [ParOldGen: 346112K->41489K(349696K)] 476249K->41489K(487424K), [Metaspace: 2796K->2796K(1056768K)], 0.0046399 secs] [Times: user=0.00 sys=0.00, real=0.01 secs] 
169.293: [GC (Allocation Failure) [PSYoungGen: 94298K->5120K(140800K)] 238187K->149009K(490496K), 0.0007868 secs] [Times: user=0.00 sys=0.00, real=0.00 secs] 
170.605: [GC (Allocation Failure) [PSYoungGen: 109658K->15360K(142336K)] 355948K->261649K(492032K), 0.0013793 secs] [Times: user=0.00 sys=0.00, real=0.00 secs] 
171.805: [Full GC (Ergonomics) [PSYoungGen: 119940K->0K(142336K)] [ParOldGen: 348689K->114193K(349696K)] 468629K->114193K(492032K), [Metaspace: 2796K->2796K(1056768K)], 0.0088963 secs] [Times: user=0.00 sys=0.00, real=0.01 secs] 
173.227: [GC (Allocation Failure) [PSYoungGen: 99460K->5120K(141312K)] 316053K->221713K(491008K), 0.0009611 secs] [Times: user=0.00 sys=0.00, real=0.00 secs] 
174.207: [Full GC (Ergonomics) [PSYoungGen: 109700K->0K(141312K)] [ParOldGen: 318993K->21504K(349696K)] 428694K->21504K(491008K), [Metaspace: 2796K->2796K(1056768K)], 0.0033286 secs] [Times: user=0.00 sys=0.00, real=0.00 secs] 
174.970: [GC (Allocation Failure) [PSYoungGen: 63620K->30720K(133632K)] 85125K->52224K(483328K), 0.0021608 secs] [Times: user=0.00 sys=0.00, real=0.00 secs] 
176.171: [GC (Allocation Failure) [PSYoungGen: 125940K->25600K(126464K)] 249844K->149504K(476160K), 0.0019946 secs] [Times: user=0.00 sys=0.00, real=0.00 secs] 
178.245: [GC (Allocation Failure) [PSYoungGen: 125910K->6144K(136704K)] 403414K->283648K(486400K), 0.0010132 secs] [Times: user=0.00 sys=0.00, real=0.00 secs] 
179.334: [Full GC (Ergonomics) [PSYoungGen: 79789K->0K(136704K)] [ParOldGen: 328704K->113169K(349696K)] 408493K->113169K(486400K), [Metaspace: 2796K->2796K(1056768K)], 0.0084823 secs] [Times: user=0.00 sys=0.00, real=0.01 secs] 
181.974: [Full GC (Ergonomics) [PSYoungGen: 81837K->0K(136704K)] [ParOldGen: 317969K->17408K(349696K)] 399807K->17408K(486400K), [Metaspace: 2796K->2796K(1056768K)], 0.0028156 secs] [Times: user=0.00 sys=0.00, real=0.00 secs] 
182.954: [GC (Allocation Failure) [PSYoungGen: 95149K->6144K(136192K)] 214957K->125952K(485888K), 0.0007356 secs] [Times: user=0.00 sys=0.00, real=0.00 secs] 
184.811: [GC (Allocation Failure) [PSYoungGen: 85934K->20480K(137728K)] 359342K->293888K(487424K), 0.0014502 secs] [Times: user=0.00 sys=0.00, real=0.00 secs] 
185.029: [GC (Allocation Failure) [PSYoungGen: 94177K->10240K(137728K)] 367585K->334848K(487424K), 0.0053976 secs] [Times: user=0.00 sys=0.00, real=0.00 secs] 
185.035: [Full GC (Ergonomics) [PSYoungGen: 10240K->0K(137728K)] [ParOldGen: 324608K->61969K(349696K)] 334848K->61969K(487424K), [Metaspace: 2796K->2796K(1056768K)], 0.0065574 secs] [Times: user=0.00 sys=0.02, real=0.01 secs] 
187.228: [Full GC (Ergonomics) [PSYoungGen: 97240K->0K(137728K)] [ParOldGen: 317969K->46609K(349696K)] 415209K->46609K(487424K), [Metaspace: 2796K->2796K(1056768K)], 0.0047825 secs] [Times: user=0.00 sys=0.00, real=0.00 secs] 
189.080: [GC (Allocation Failure) [PSYoungGen: 94171K->15360K(140800K)] 191980K->113169K(490496K), 0.0013850 secs] [Times: user=0.00 sys=0.00, real=0.00 secs] 
190.279: [GC (Allocation Failure) [PSYoungGen: 119855K->15360K(138752K)] 320064K->215569K(488448K), 0.0014750 secs] [Times: user=0.00 sys=0.00, real=0.00 secs] 
191.262: [Full GC (Ergonomics) [PSYoungGen: 119856K->0K(138752K)] [ParOldGen: 302609K->119313K(349696K)] 422466K->119313K(488448K), [Metaspace: 2796K->2796K(1056768K)], 0.0093453 secs] [Times: user=0.02 sys=0.00, real=0.01 secs] 
193.462: [GC (Allocation Failure) [PSYoungGen: 94257K->31744K(133120K)] 213571K->151057K(482816K), 0.0023711 secs] [Times: user=0.00 sys=0.00, real=0.00 secs] 
194.663: [GC (Allocation Failure) [PSYoungGen: 126944K->26656K(126464K)] 348657K->248369K(476160K), 0.0019533 secs] [Times: user=0.00 sys=0.00, real=0.00 secs] 
196.082: [Full GC (Ergonomics) [PSYoungGen: 121825K->0K(126464K)] [ParOldGen: 324113K->6144K(349696K)] 445939K->6144K(476160K), [Metaspace: 2796K->2796K(1056768K)], 0.0025205 secs] [Times: user=0.00 sys=0.00, real=0.00 secs] 
196.953: [GC (Allocation Failure) [PSYoungGen: 95170K->25600K(133632K)] 203714K->134144K(483328K), 0.0022297 secs] [Times: user=0.00 sys=0.00, real=0.00 secs] 
198.697: [GC (Allocation Failure) [PSYoungGen: 115558K->15360K(134656K)] 377702K->297984K(484352K), 0.0028243 secs] [Times: user=0.00 sys=0.00, real=0.00 secs] 
199.247: [Full GC (Ergonomics) [PSYoungGen: 63334K->0K(134656K)] [ParOldGen: 333824K->133649K(349696K)] 397158K->133649K(484352K), [Metaspace: 2796K->2796K(1056768K)], 0.0100499 secs] [Times: user=0.02 sys=0.00, real=0.01 secs] 
200.681: [GC (Allocation Failure) [PSYoungGen: 58214K->5120K(136192K)] 345464K->292369K(485888K), 0.0007804 secs] [Times: user=0.00 sys=0.00, real=0.00 secs] 
200.681: [GC (Allocation Failure) [PSYoungGen: 5120K->5120K(136192K)] 292369K->292369K(485888K), 0.0008140 secs] [Times: user=0.00 sys=0.00, real=0.00 secs] 
200.682: [Full GC (Allocation Failure) [PSYoungGen: 5120K->0K(136192K)] [ParOldGen: 287249K->56849K(349696K)] 292369K->56849K(485888K), [Metaspace: 2796K->2796K(1056768K)], 0.0052413 secs] [Times: user=0.00 sys=0.00, real=0.01 secs] 
202.885: [Full GC (Ergonomics) [PSYoungGen: 97187K->0K(136192K)] [ParOldGen: 312849K->17937K(349696K)] 410037K->17937K(485888K), [Metaspace: 2796K->2796K(1056768K)], 0.0030867 secs] [Times: user=0.00 sys=0.00, real=0.00 secs] 
205.289: [GC (Allocation Failure) [PSYoungGen: 96163K->16384K(138240K)] 267701K->187921K(487936K), 0.0015920 secs] [Times: user=0.00 sys=0.00, real=0.00 secs] 
207.584: [Full GC (Ergonomics) [PSYoungGen: 106455K->0K(138240K)] [ParOldGen: 325137K->5649K(349696K)] 431593K->5649K(487936K), [Metaspace: 2796K->2796K(1056768K)], 0.0022773 secs] [Times: user=0.00 sys=0.00, real=0.00 secs] 
208.681: [GC (Allocation Failure) [PSYoungGen: 100311K->10240K(136704K)] 208360K->169489K(486400K), 0.0052128 secs] [Times: user=0.00 sys=0.00, real=0.00 secs] 
209.559: [GC (Allocation Failure) [PSYoungGen: 110551K->1024K(138752K)] 372200K->267793K(488448K), 0.0008022 secs] [Times: user=0.00 sys=0.00, real=0.00 secs] 
210.541: [GC (Allocation Failure) [PSYoungGen: 74782K->25600K(130048K)] 341552K->292369K(479744K), 0.0023531 secs] [Times: user=0.00 sys=0.00, real=0.00 secs] 
210.651: [GC (Allocation Failure) [PSYoungGen: 78868K->0K(136704K)] 345638K->323089K(486400K), 0.0043751 secs] [Times: user=0.00 sys=0.00, real=0.00 secs] 
210.656: [Full GC (Ergonomics) [PSYoungGen: 0K->0K(136704K)] [ParOldGen: 323089K->215569K(349696K)] 323089K->215569K(486400K), [Metaspace: 2796K->2796K(1056768K)], 0.0154895 secs] [Times: user=0.00 sys=0.00, real=0.02 secs] 
211.982: [Full GC (Ergonomics) [PSYoungGen: 53143K->0K(136704K)] [ParOldGen: 317969K->26624K(349696K)] 371112K->26624K(486400K), [Metaspace: 2796K->2796K(1056768K)], 0.0033378 secs] [Times: user=0.00 sys=0.00, real=0.00 secs] 
213.184: [GC (Allocation Failure) [PSYoungGen: 95138K->21504K(120832K)] 224162K->150528K(470528K), 0.0015635 secs] [Times: user=0.00 sys=0.00, real=0.00 secs] 
214.051: [GC (Allocation Failure) [PSYoungGen: 116650K->10240K(137728K)] 348074K->252928K(487424K), 0.0017158 secs] [Times: user=0.00 sys=0.00, real=0.00 secs] 
216.128: [GC (Allocation Failure) [PSYoungGen: 104377K->15360K(136192K)] 347065K->258048K(485888K), 0.0016876 secs] [Times: user=0.00 sys=0.00, real=0.00 secs] 
217.114: [Full GC (Ergonomics) [PSYoungGen: 110517K->0K(136192K)] [ParOldGen: 345088K->36864K(349696K)] 455605K->36864K(485888K), [Metaspace: 2796K->2796K(1056768K)], 0.0041562 secs] [Times: user=0.00 sys=0.00, real=0.00 secs] 
Heap
 PSYoungGen      total 136192K, used 76669K [0x00000000f5580000, 0x0000000100000000, 0x0000000100000000)
  eden space 99328K, 77% used [0x00000000f5580000,0x00000000fa05f4c8,0x00000000fb680000)
  from space 36864K, 0% used [0x00000000fb680000,0x00000000fb680000,0x00000000fda80000)
  to   space 35328K, 0% used [0x00000000fdd80000,0x00000000fdd80000,0x0000000100000000)
 ParOldGen       total 349696K, used 190464K [0x00000000e0000000, 0x00000000f5580000, 0x00000000f5580000)
  object space 349696K, 54% used [0x00000000e0000000,0x00000000eba00060,0x00000000f5580000)
 Metaspace       used 2804K, capacity 4486K, committed 4864K, reserved 1056768K
  class space    used 297K, capacity 386K, committed 512K, reserved 1048576K
