Java HotSpot(TM) 64-Bit Server VM (25.411-b09) for windows-amd64 JRE (1.8.0_411-b09), built on Mar 13 2024 07:26:13 by "java_re" with MS VC++ 17.1 (VS2022)
Memory: 4k page, physical 33403376k(14163036k free), swap 36670664k(7294632k free)
CommandLine flags: -XX:InitialHeapSize=1073741824 -XX:MaxHeapSize=1073741824 -XX:NewRatio=1 -XX:ParallelGCThreads=6 -XX:+PrintGC -XX:+PrintGCDetails -XX:+PrintGCTimeStamps -XX:SurvivorRatio=4 -XX:-UseAdaptiveSizePolicy -XX:+UseCompressedClassPointers -XX:+UseCompressedOops -XX:-UseLargePagesIndividualAllocation -XX:+UseParallelGC 
2.737: [GC (Allocation Failure) [PSYoungGen: 310968K->32440K(437248K)] 310968K->32448K(961536K), 0.0163122 secs] [Times: user=0.00 sys=0.00, real=0.02 secs] 
5.698: [GC (Allocation Failure) [PSYoungGen: 356726K->67216K(437248K)] 356734K->67224K(961536K), 0.0169728 secs] [Times: user=0.02 sys=0.00, real=0.02 secs] 
7.681: [GC (Allocation Failure) [PSYoungGen: 415524K->46768K(437248K)] 415532K->46784K(961536K), 0.0041350 secs] [Times: user=0.00 sys=0.00, real=0.00 secs] 
9.974: [GC (Allocation Failure) [PSYoungGen: 355724K->56920K(437248K)] 355740K->108136K(961536K), 0.0162902 secs] [Times: user=0.02 sys=0.00, real=0.02 secs] 
12.393: [GC (Allocation Failure) [PSYoungGen: 401739K->10840K(437248K)] 452955K->62064K(961536K), 0.0010066 secs] [Times: user=0.00 sys=0.00, real=0.00 secs] 
14.245: [GC (Allocation Failure) [PSYoungGen: 337458K->68288K(437248K)] 388682K->119520K(961536K), 0.0050008 secs] [Times: user=0.00 sys=0.00, real=0.00 secs] 
17.078: [GC (Allocation Failure) [PSYoungGen: 351660K->77472K(437248K)] 402892K->128704K(961536K), 0.0152453 secs] [Times: user=0.00 sys=0.00, real=0.02 secs] 
19.169: [GC (Allocation Failure) [PSYoungGen: 427401K->82592K(437248K)] 478633K->138952K(961536K), 0.0066605 secs] [Times: user=0.00 sys=0.00, real=0.01 secs] 
21.351: [GC (Allocation Failure) [PSYoungGen: 371087K->57008K(437248K)] 427447K->215768K(961536K), 0.0322962 secs] [Times: user=0.00 sys=0.02, real=0.03 secs] 
23.896: [GC (Allocation Failure) [PSYoungGen: 406958K->21112K(437248K)] 565718K->179872K(961536K), 0.0014587 secs] [Times: user=0.00 sys=0.00, real=0.00 secs] 
25.642: [GC (Allocation Failure) [PSYoungGen: 335221K->77432K(437248K)] 493981K->236192K(961536K), 0.0066143 secs] [Times: user=0.00 sys=0.00, real=0.01 secs] 
28.491: [GC (Allocation Failure) [PSYoungGen: 377672K->57024K(437248K)] 536432K->266992K(961536K), 0.0162883 secs] [Times: user=0.00 sys=0.02, real=0.02 secs] 
30.579: [GC (Allocation Failure) [PSYoungGen: 406962K->67248K(437248K)] 616930K->379616K(961536K), 0.0318183 secs] [Times: user=0.00 sys=0.01, real=0.03 secs] 
33.229: [GC (Allocation Failure) [PSYoungGen: 415141K->12912K(437248K)] 727509K->325288K(961536K), 0.0014954 secs] [Times: user=0.00 sys=0.00, real=0.00 secs] 
35.630: [GC (Allocation Failure) [PSYoungGen: 333173K->62040K(437248K)] 645549K->374416K(961536K), 0.0047559 secs] [Times: user=0.00 sys=0.00, real=0.00 secs] 
37.701: [GC (Allocation Failure) [PSYoungGen: 412022K->46208K(437248K)] 724398K->359188K(961536K), 0.0034727 secs] [Times: user=0.00 sys=0.00, real=0.00 secs] 
40.657: [GC (Allocation Failure) [PSYoungGen: 392110K->10336K(437248K)] 705090K->425732K(961536K), 0.0314404 secs] [Times: user=0.03 sys=0.00, real=0.03 secs] 
40.688: [Full GC (Ergonomics) [PSYoungGen: 10336K->0K(437248K)] [ParOldGen: 415396K->113169K(524288K)] 425732K->113169K(961536K), [Metaspace: 2793K->2793K(1056768K)], 0.0125977 secs] [Times: user=0.02 sys=0.00, real=0.01 secs] 
44.088: [GC (Allocation Failure) [PSYoungGen: 312106K->31744K(437248K)] 425275K->144913K(961536K), 0.0026774 secs] [Times: user=0.00 sys=0.00, real=0.00 secs] 
45.615: [GC (Allocation Failure) [PSYoungGen: 315141K->77824K(437248K)] 428310K->190993K(961536K), 0.0056421 secs] [Times: user=0.01 sys=0.00, real=0.00 secs] 
48.147: [GC (Allocation Failure) [PSYoungGen: 422685K->35840K(437248K)] 535854K->149009K(961536K), 0.0026071 secs] [Times: user=0.00 sys=0.00, real=0.00 secs] 
49.901: [GC (Allocation Failure) [PSYoungGen: 349968K->81920K(437248K)] 463137K->246289K(961536K), 0.0160572 secs] [Times: user=0.00 sys=0.00, real=0.01 secs] 
52.323: [GC (Allocation Failure) [PSYoungGen: 427797K->16384K(437248K)] 592166K->180753K(961536K), 0.0012632 secs] [Times: user=0.00 sys=0.00, real=0.00 secs] 
55.486: [GC (Allocation Failure) [PSYoungGen: 330507K->35840K(437248K)] 494877K->200209K(961536K), 0.0028438 secs] [Times: user=0.00 sys=0.00, real=0.00 secs] 
57.014: [GC (Allocation Failure) [PSYoungGen: 319265K->71680K(437248K)] 483635K->256529K(961536K), 0.0152058 secs] [Times: user=0.00 sys=0.00, real=0.01 secs] 
59.648: [GC (Allocation Failure) [PSYoungGen: 421652K->66560K(437248K)] 606502K->251409K(961536K), 0.0049111 secs] [Times: user=0.00 sys=0.00, real=0.01 secs] 
61.282: [GC (Allocation Failure) [PSYoungGen: 370443K->61440K(437248K)] 555293K->399889K(961536K), 0.0151425 secs] [Times: user=0.02 sys=0.00, real=0.02 secs] 
63.701: [GC (Allocation Failure) [PSYoungGen: 403217K->11264K(437248K)] 741666K->349713K(961536K), 0.0013334 secs] [Times: user=0.00 sys=0.00, real=0.00 secs] 
66.870: [GC (Allocation Failure) [PSYoungGen: 335624K->46080K(437248K)] 674074K->384529K(961536K), 0.0026041 secs] [Times: user=0.00 sys=0.00, real=0.00 secs] 
68.399: [GC (Allocation Failure) [PSYoungGen: 329504K->81920K(437248K)] 667953K->471569K(961536K), 0.0163215 secs] [Times: user=0.00 sys=0.00, real=0.02 secs] 
71.034: [GC (Allocation Failure) [PSYoungGen: 416523K->15360K(437248K)] 806172K->507409K(961536K), 0.0311327 secs] [Times: user=0.02 sys=0.02, real=0.03 secs] 
71.065: [Full GC (Ergonomics) [PSYoungGen: 15360K->0K(437248K)] [ParOldGen: 492049K->118289K(524288K)] 507409K->118289K(961536K), [Metaspace: 2796K->2796K(1056768K)], 0.0094832 secs] [Times: user=0.00 sys=0.00, real=0.01 secs] 
72.719: [GC (Allocation Failure) [PSYoungGen: 303875K->57344K(437248K)] 422165K->175633K(961536K), 0.0047816 secs] [Times: user=0.00 sys=0.00, real=0.00 secs] 
75.235: [GC (Allocation Failure) [PSYoungGen: 407275K->25600K(437248K)] 525564K->143889K(961536K), 0.0019516 secs] [Times: user=0.00 sys=0.00, real=0.00 secs] 
78.288: [GC (Allocation Failure) [PSYoungGen: 355056K->25600K(437248K)] 473346K->143889K(961536K), 0.0021986 secs] [Times: user=0.00 sys=0.00, real=0.00 secs] 
79.822: [GC (Allocation Failure) [PSYoungGen: 308993K->61440K(437248K)] 427283K->230929K(961536K), 0.0152866 secs] [Times: user=0.00 sys=0.00, real=0.02 secs] 
82.564: [GC (Allocation Failure) [PSYoungGen: 370423K->26624K(437248K)] 539912K->196113K(961536K), 0.0025488 secs] [Times: user=0.00 sys=0.00, real=0.00 secs] 
84.092: [GC (Allocation Failure) [PSYoungGen: 310004K->68608K(437248K)] 479493K->238097K(961536K), 0.0050404 secs] [Times: user=0.00 sys=0.00, real=0.00 secs] 
86.609: [GC (Allocation Failure) [PSYoungGen: 418560K->25600K(437248K)] 588050K->195089K(961536K), 0.0018634 secs] [Times: user=0.00 sys=0.00, real=0.00 secs] 
89.451: [GC (Allocation Failure) [PSYoungGen: 370430K->15360K(437248K)] 539920K->184849K(961536K), 0.0015245 secs] [Times: user=0.00 sys=0.00, real=0.00 secs] 
91.199: [GC (Allocation Failure) [PSYoungGen: 329483K->61440K(437248K)] 498972K->333329K(961536K), 0.0154315 secs] [Times: user=0.00 sys=0.00, real=0.02 secs] 
94.051: [GC (Allocation Failure) [PSYoungGen: 324353K->62464K(437248K)] 596243K->334353K(961536K), 0.0047831 secs] [Times: user=0.02 sys=0.00, real=0.00 secs] 
96.560: [GC (Allocation Failure) [PSYoungGen: 407284K->5120K(437248K)] 679173K->277009K(961536K), 0.0008124 secs] [Times: user=0.00 sys=0.00, real=0.00 secs] 
98.312: [GC (Allocation Failure) [PSYoungGen: 319236K->76800K(437248K)] 591126K->399889K(961536K), 0.0158660 secs] [Times: user=0.00 sys=0.00, real=0.02 secs] 
100.730: [GC (Allocation Failure) [PSYoungGen: 426765K->10240K(437248K)] 749855K->333329K(961536K), 0.0011096 secs] [Times: user=0.00 sys=0.00, real=0.00 secs] 
102.586: [GC (Allocation Failure) [PSYoungGen: 334599K->62464K(437248K)] 657688K->385553K(961536K), 0.0058756 secs] [Times: user=0.00 sys=0.00, real=0.01 secs] 
105.442: [GC (Allocation Failure) [PSYoungGen: 335616K->66560K(437248K)] 658705K->389649K(961536K), 0.0049696 secs] [Times: user=0.00 sys=0.00, real=0.00 secs] 
108.063: [GC (Allocation Failure) [PSYoungGen: 416500K->5120K(437248K)] 739590K->328209K(961536K), 0.0009094 secs] [Times: user=0.00 sys=0.00, real=0.00 secs] 
109.692: [GC (Allocation Failure) [PSYoungGen: 308990K->56320K(437248K)] 632079K->430609K(961536K), 0.0160895 secs] [Times: user=0.01 sys=0.00, real=0.02 secs] 
112.114: [GC (Allocation Failure) [PSYoungGen: 401160K->10240K(437248K)] 775450K->384529K(961536K), 0.0009203 secs] [Times: user=0.00 sys=0.00, real=0.00 secs] 
113.966: [GC (Allocation Failure) [PSYoungGen: 334595K->67584K(437248K)] 708884K->441873K(961536K), 0.0054697 secs] [Times: user=0.00 sys=0.00, real=0.01 secs] 
116.820: [GC (Allocation Failure) [PSYoungGen: 350981K->76800K(437248K)] 725271K->451089K(961536K), 0.0052797 secs] [Times: user=0.00 sys=0.00, real=0.00 secs] 
118.903: [GC (Allocation Failure) [PSYoungGen: 426745K->81920K(437248K)] 801035K->461329K(961536K), 0.0063456 secs] [Times: user=0.00 sys=0.00, real=0.01 secs] 
121.090: [GC (Allocation Failure) [PSYoungGen: 370426K->56320K(437248K)] 749835K->538129K(961536K), 0.0153308 secs] [Times: user=0.00 sys=0.00, real=0.02 secs] 
121.106: [Full GC (Ergonomics) [PSYoungGen: 56320K->0K(437248K)] [ParOldGen: 481809K->159249K(524288K)] 538129K->159249K(961536K), [Metaspace: 2796K->2796K(1056768K)], 0.0120186 secs] [Times: user=0.00 sys=0.00, real=0.01 secs] 
123.635: [GC (Allocation Failure) [PSYoungGen: 349956K->20480K(437248K)] 509206K->179729K(961536K), 0.0015860 secs] [Times: user=0.00 sys=0.00, real=0.00 secs] 
125.383: [GC (Allocation Failure) [PSYoungGen: 334579K->76800K(437248K)] 493828K->236049K(961536K), 0.0056343 secs] [Times: user=0.00 sys=0.00, real=0.00 secs] 
128.240: [GC (Allocation Failure) [PSYoungGen: 375554K->56320K(437248K)] 534803K->266769K(961536K), 0.0052664 secs] [Times: user=0.02 sys=0.00, real=0.01 secs] 
130.336: [GC (Allocation Failure) [PSYoungGen: 406265K->15360K(437248K)] 616715K->328209K(961536K), 0.0152925 secs] [Times: user=0.00 sys=0.00, real=0.02 secs] 
132.972: [GC (Allocation Failure) [PSYoungGen: 363258K->12288K(437248K)] 676107K->325137K(961536K), 0.0012162 secs] [Times: user=0.00 sys=0.00, real=0.00 secs] 
135.375: [GC (Allocation Failure) [PSYoungGen: 332553K->61440K(437248K)] 645402K->374289K(961536K), 0.0045333 secs] [Times: user=0.00 sys=0.00, real=0.00 secs] 
137.452: [GC (Allocation Failure) [PSYoungGen: 411424K->46080K(437248K)] 724273K->358929K(961536K), 0.0033527 secs] [Times: user=0.00 sys=0.00, real=0.00 secs] 
140.397: [GC (Allocation Failure) [PSYoungGen: 391983K->10240K(437248K)] 704833K->425489K(961536K), 0.0161418 secs] [Times: user=0.00 sys=0.00, real=0.02 secs] 
140.414: [Full GC (Ergonomics) [PSYoungGen: 10240K->0K(437248K)] [ParOldGen: 415249K->113169K(524288K)] 425489K->113169K(961536K), [Metaspace: 2796K->2796K(1056768K)], 0.0092111 secs] [Times: user=0.00 sys=0.00, real=0.01 secs] 
143.816: [GC (Allocation Failure) [PSYoungGen: 312107K->31744K(437248K)] 425276K->144913K(961536K), 0.0024794 secs] [Times: user=0.00 sys=0.00, real=0.00 secs] 
145.348: [GC (Allocation Failure) [PSYoungGen: 315141K->77824K(437248K)] 428311K->190993K(961536K), 0.0054954 secs] [Times: user=0.00 sys=0.00, real=0.01 secs] 
147.871: [GC (Allocation Failure) [PSYoungGen: 422685K->35840K(437248K)] 535854K->149009K(961536K), 0.0025816 secs] [Times: user=0.00 sys=0.00, real=0.00 secs] 
149.616: [GC (Allocation Failure) [PSYoungGen: 349968K->81920K(437248K)] 463138K->246289K(961536K), 0.0153281 secs] [Times: user=0.00 sys=0.00, real=0.01 secs] 
152.042: [GC (Allocation Failure) [PSYoungGen: 427797K->16384K(437248K)] 592166K->180753K(961536K), 0.0015740 secs] [Times: user=0.00 sys=0.00, real=0.00 secs] 
155.207: [GC (Allocation Failure) [PSYoungGen: 330507K->35840K(437248K)] 494877K->200209K(961536K), 0.0027438 secs] [Times: user=0.00 sys=0.01, real=0.00 secs] 
156.736: [GC (Allocation Failure) [PSYoungGen: 319265K->71680K(437248K)] 483635K->256529K(961536K), 0.0159884 secs] [Times: user=0.00 sys=0.00, real=0.02 secs] 
159.367: [GC (Allocation Failure) [PSYoungGen: 421653K->66560K(437248K)] 606502K->251409K(961536K), 0.0053990 secs] [Times: user=0.00 sys=0.00, real=0.00 secs] 
161.006: [GC (Allocation Failure) [PSYoungGen: 370443K->61440K(437248K)] 555293K->399889K(961536K), 0.0155750 secs] [Times: user=0.00 sys=0.00, real=0.02 secs] 
163.428: [GC (Allocation Failure) [PSYoungGen: 403217K->11264K(437248K)] 741666K->349713K(961536K), 0.0013271 secs] [Times: user=0.08 sys=0.00, real=0.00 secs] 
166.594: [GC (Allocation Failure) [PSYoungGen: 335624K->46080K(437248K)] 674074K->384529K(961536K), 0.0026983 secs] [Times: user=0.00 sys=0.00, real=0.00 secs] 
168.135: [GC (Allocation Failure) [PSYoungGen: 329504K->81920K(437248K)] 667953K->471569K(961536K), 0.0065910 secs] [Times: user=0.00 sys=0.00, real=0.01 secs] 
168.141: [Full GC (Ergonomics) [PSYoungGen: 81920K->0K(437248K)] [ParOldGen: 389649K->82449K(524288K)] 471569K->82449K(961536K), [Metaspace: 2796K->2796K(1056768K)], 0.0069679 secs] [Times: user=0.00 sys=0.00, real=0.01 secs] 
170.770: [GC (Allocation Failure) [PSYoungGen: 334602K->15360K(437248K)] 417052K->200209K(961536K), 0.0155092 secs] [Times: user=0.02 sys=0.00, real=0.02 secs] 
172.418: [GC (Allocation Failure) [PSYoungGen: 319220K->62464K(437248K)] 504070K->247313K(961536K), 0.0048986 secs] [Times: user=0.00 sys=0.00, real=0.01 secs] 
174.928: [GC (Allocation Failure) [PSYoungGen: 412418K->25600K(437248K)] 597267K->210449K(961536K), 0.0018904 secs] [Times: user=0.00 sys=0.00, real=0.00 secs] 
177.986: [GC (Allocation Failure) [PSYoungGen: 355072K->25600K(437248K)] 539921K->210449K(961536K), 0.0021483 secs] [Times: user=0.00 sys=0.00, real=0.00 secs] 
179.514: [GC (Allocation Failure) [PSYoungGen: 309003K->61440K(437248K)] 493852K->297489K(961536K), 0.0153748 secs] [Times: user=0.01 sys=0.00, real=0.01 secs] 
182.260: [GC (Allocation Failure) [PSYoungGen: 370429K->26624K(437248K)] 606479K->262673K(961536K), 0.0021799 secs] [Times: user=0.00 sys=0.00, real=0.00 secs] 
183.790: [GC (Allocation Failure) [PSYoungGen: 310008K->68608K(437248K)] 546057K->304657K(961536K), 0.0049636 secs] [Times: user=0.00 sys=0.00, real=0.00 secs] 
186.301: [GC (Allocation Failure) [PSYoungGen: 418563K->25600K(437248K)] 654612K->261649K(961536K), 0.0018653 secs] [Times: user=0.00 sys=0.00, real=0.00 secs] 
189.139: [GC (Allocation Failure) [PSYoungGen: 370432K->15360K(437248K)] 606481K->251409K(961536K), 0.0013154 secs] [Times: user=0.00 sys=0.00, real=0.00 secs] 
190.885: [GC (Allocation Failure) [PSYoungGen: 329484K->61440K(437248K)] 565534K->399889K(961536K), 0.0156857 secs] [Times: user=0.00 sys=0.00, real=0.01 secs] 
193.732: [GC (Allocation Failure) [PSYoungGen: 324354K->62496K(437248K)] 662804K->400945K(961536K), 0.0052524 secs] [Times: user=0.00 sys=0.00, real=0.00 secs] 
196.250: [GC (Allocation Failure) [PSYoungGen: 407316K->5184K(437248K)] 745766K->343633K(961536K), 0.0011548 secs] [Times: user=0.00 sys=0.00, real=0.00 secs] 
197.993: [GC (Allocation Failure) [PSYoungGen: 319301K->76832K(437248K)] 657750K->466481K(961536K), 0.0064029 secs] [Times: user=0.00 sys=0.00, real=0.01 secs] 
198.000: [Full GC (Ergonomics) [PSYoungGen: 76832K->0K(437248K)] [ParOldGen: 389649K->77329K(524288K)] 466481K->77329K(961536K), [Metaspace: 2796K->2796K(1056768K)], 0.0069096 secs] [Times: user=0.00 sys=0.00, real=0.01 secs] 
200.413: [GC (Allocation Failure) [PSYoungGen: 349965K->10240K(437248K)] 427295K->87569K(961536K), 0.0008644 secs] [Times: user=0.00 sys=0.00, real=0.00 secs] 
202.269: [GC (Allocation Failure) [PSYoungGen: 334584K->62464K(437248K)] 411914K->139793K(961536K), 0.0053849 secs] [Times: user=0.00 sys=0.00, real=0.01 secs] 
205.125: [GC (Allocation Failure) [PSYoungGen: 335607K->66560K(437248K)] 412936K->143889K(961536K), 0.0049822 secs] [Times: user=0.00 sys=0.00, real=0.00 secs] 
207.759: [GC (Allocation Failure) [PSYoungGen: 416495K->5120K(437248K)] 493824K->82449K(961536K), 0.0007580 secs] [Times: user=0.00 sys=0.00, real=0.00 secs] 
209.398: [GC (Allocation Failure) [PSYoungGen: 308986K->56320K(437248K)] 386316K->184849K(961536K), 0.0162901 secs] [Times: user=0.00 sys=0.00, real=0.02 secs] 
211.817: [GC (Allocation Failure) [PSYoungGen: 401158K->10240K(437248K)] 529688K->138769K(961536K), 0.0008609 secs] [Times: user=0.00 sys=0.00, real=0.00 secs] 
213.669: [GC (Allocation Failure) [PSYoungGen: 334593K->67584K(437248K)] 463123K->196113K(961536K), 0.0052320 secs] [Times: user=0.00 sys=0.00, real=0.00 secs] 
216.507: [GC (Allocation Failure) [PSYoungGen: 350980K->76800K(437248K)] 479510K->205329K(961536K), 0.0053488 secs] [Times: user=0.00 sys=0.00, real=0.01 secs] 
218.598: [GC (Allocation Failure) [PSYoungGen: 426745K->35840K(437248K)] 555275K->215569K(961536K), 0.0160198 secs] [Times: user=0.00 sys=0.00, real=0.02 secs] 
Heap
 PSYoungGen      total 437248K, used 54870K [0x00000000e0000000, 0x0000000100000000, 0x0000000100000000)
  eden space 350208K, 5% used [0x00000000e0000000,0x00000000e1295938,0x00000000f5600000)
  from space 87040K, 41% used [0x00000000fab00000,0x00000000fce00040,0x0000000100000000)
  to   space 87040K, 0% used [0x00000000f5600000,0x00000000f5600000,0x00000000fab00000)
 ParOldGen       total 524288K, used 179729K [0x00000000c0000000, 0x00000000e0000000, 0x00000000e0000000)
  object space 524288K, 34% used [0x00000000c0000000,0x00000000caf84730,0x00000000e0000000)
 Metaspace       used 2804K, capacity 4486K, committed 4864K, reserved 1056768K
  class space    used 297K, capacity 386K, committed 512K, reserved 1048576K
