Java HotSpot(TM) 64-Bit Server VM (25.411-b09) for windows-amd64 JRE (1.8.0_411-b09), built on Mar 13 2024 07:26:13 by "java_re" with MS VC++ 17.1 (VS2022)
Memory: 4k page, physical 33403376k(14132252k free), swap 39632896k(6499592k free)
CommandLine flags: -XX:InitialHeapSize=1073741824 -XX:MaxHeapSize=1073741824 -XX:NewRatio=9 -XX:ParallelGCThreads=6 -XX:+PrintGC -XX:+PrintGCDetails -XX:+PrintGCTimeStamps -XX:SurvivorRatio=9 -XX:-UseAdaptiveSizePolicy -XX:+UseCompressedClassPointers -XX:+UseCompressedOops -XX:-UseLargePagesIndividualAllocation -XX:+UseParallelGC 
1.862: [GC (Allocation Failure) [PSYoungGen: 84336K->6808K(95232K)] 237936K->165536K(1039360K), 0.0028567 secs] [Times: user=0.00 sys=0.00, real=0.00 secs] 
3.555: [GC (Allocation Failure) [PSYoungGen: 91472K->7816K(95232K)] 403800K->325264K(1039360K), 0.0030300 secs] [Times: user=0.00 sys=0.00, real=0.00 secs] 
5.517: [GC (Allocation Failure) [PSYoungGen: 86336K->5768K(95232K)] 403784K->343696K(1039360K), 0.0046623 secs] [Times: user=0.00 sys=0.00, real=0.00 secs] 
6.316: [GC (Allocation Failure) [PSYoungGen: 90427K->5768K(95232K)] 530755K->456336K(1039360K), 0.0026814 secs] [Times: user=0.00 sys=0.00, real=0.00 secs] 
8.435: [GC (Allocation Failure) [PSYoungGen: 86169K->5672K(95232K)] 690337K->609848K(1039360K), 0.0020787 secs] [Times: user=0.02 sys=0.00, real=0.00 secs] 
9.237: [GC (Allocation Failure) [PSYoungGen: 90334K->5720K(95232K)] 796910K->763496K(1039360K), 0.0174191 secs] [Times: user=0.00 sys=0.00, real=0.02 secs] 
10.939: [Full GC (Ergonomics) [PSYoungGen: 90383K->0K(95232K)] [ParOldGen: 911376K->164368K(944128K)] 1001759K->164368K(1039360K), [Metaspace: 2761K->2761K(1056768K)], 0.0220216 secs] [Times: user=0.00 sys=0.00, real=0.02 secs] 
12.813: [GC (Allocation Failure) [PSYoungGen: 84198K->5184K(95232K)] 402167K->333400K(1039360K), 0.0016920 secs] [Times: user=0.00 sys=0.00, real=0.00 secs] 
13.576: [GC (Allocation Failure) [PSYoungGen: 89847K->6176K(95232K)] 520464K->441913K(1039360K), 0.0015355 secs] [Times: user=0.00 sys=0.00, real=0.00 secs] 
15.217: [GC (Allocation Failure) [PSYoungGen: 90840K->6176K(95232K)] 680177K->615993K(1039360K), 0.0021567 secs] [Times: user=0.02 sys=0.00, real=0.00 secs] 
17.074: [GC (Allocation Failure) [PSYoungGen: 89816K->5216K(95232K)] 699633K->625273K(1039360K), 0.0018068 secs] [Times: user=0.00 sys=0.00, real=0.00 secs] 
17.837: [GC (Allocation Failure) [PSYoungGen: 89875K->5152K(95232K)] 812332K->753209K(1039360K), 0.0025276 secs] [Times: user=0.00 sys=0.00, real=0.00 secs] 
20.016: [Full GC (Ergonomics) [PSYoungGen: 89813K->0K(95232K)] [ParOldGen: 901657K->5649K(944128K)] 991470K->5649K(1039360K), [Metaspace: 2770K->2770K(1056768K)], 0.0045855 secs] [Times: user=0.00 sys=0.00, real=0.00 secs] 
21.104: [GC (Allocation Failure) [PSYoungGen: 84662K->5120K(95232K)] 192711K->118289K(1039360K), 0.0008885 secs] [Times: user=0.00 sys=0.00, real=0.00 secs] 
22.631: [GC (Allocation Failure) [PSYoungGen: 89783K->6144K(95232K)] 356552K->288273K(1039360K), 0.0017070 secs] [Times: user=0.00 sys=0.00, real=0.00 secs] 
23.831: [GC (Allocation Failure) [PSYoungGen: 90807K->1024K(95232K)] 475336K->385553K(1039360K), 0.0007038 secs] [Times: user=0.00 sys=0.00, real=0.00 secs] 
25.360: [GC (Allocation Failure) [PSYoungGen: 80567K->5120K(95232K)] 618697K->558609K(1039360K), 0.0019651 secs] [Times: user=0.00 sys=0.00, real=0.00 secs] 
26.886: [GC (Allocation Failure) [PSYoungGen: 89784K->5120K(95232K)] 796873K->732689K(1039360K), 0.0019468 secs] [Times: user=0.00 sys=0.00, real=0.00 secs] 
28.412: [GC (Allocation Failure) [PSYoungGen: 84003K->5152K(95232K)] 811573K->742969K(1039360K), 0.0016456 secs] [Times: user=0.00 sys=0.00, real=0.00 secs] 
29.174: [GC (Allocation Failure) [PSYoungGen: 89808K->5184K(95232K)] 930025K->901721K(1039360K), 0.0052588 secs] [Times: user=0.00 sys=0.00, real=0.01 secs] 
29.180: [Full GC (Ergonomics) [PSYoungGen: 5184K->0K(95232K)] [ParOldGen: 896537K->61969K(944128K)] 901721K->61969K(1039360K), [Metaspace: 2793K->2793K(1056768K)], 0.0070082 secs] [Times: user=0.00 sys=0.00, real=0.01 secs] 
30.825: [GC (Allocation Failure) [PSYoungGen: 84659K->5120K(95232K)] 300228K->225809K(1039360K), 0.0009242 secs] [Times: user=0.00 sys=0.00, real=0.00 secs] 
33.233: [GC (Allocation Failure) [PSYoungGen: 86709K->8192K(95232K)] 563398K->484881K(1039360K), 0.0012813 secs] [Times: user=0.00 sys=0.00, real=0.00 secs] 
35.305: [GC (Allocation Failure) [PSYoungGen: 87734K->5120K(95232K)] 718023K->635409K(1039360K), 0.0011237 secs] [Times: user=0.00 sys=0.00, real=0.00 secs] 
36.834: [GC (Allocation Failure) [PSYoungGen: 89783K->5120K(95232K)] 873672K->809489K(1039360K), 0.0020470 secs] [Times: user=0.00 sys=0.00, real=0.00 secs] 
37.487: [Full GC (Ergonomics) [PSYoungGen: 89783K->0K(95232K)] [ParOldGen: 906769K->37393K(944128K)] 996553K->37393K(1039360K), [Metaspace: 2793K->2793K(1056768K)], 0.0045899 secs] [Times: user=0.00 sys=0.00, real=0.00 secs] 
39.343: [GC (Allocation Failure) [PSYoungGen: 83639K->5120K(95232K)] 172233K->98833K(1039360K), 0.0008712 secs] [Times: user=0.00 sys=0.00, real=0.00 secs] 
40.980: [GC (Allocation Failure) [PSYoungGen: 89784K->5120K(95232K)] 337097K->262673K(1039360K), 0.0012161 secs] [Times: user=0.00 sys=0.00, real=0.00 secs] 
43.275: [GC (Allocation Failure) [PSYoungGen: 86712K->6144K(95232K)] 497865K->417297K(1039360K), 0.0009475 secs] [Times: user=0.00 sys=0.00, real=0.00 secs] 
44.914: [GC (Allocation Failure) [PSYoungGen: 90808K->6144K(95232K)] 655561K->586257K(1039360K), 0.0025519 secs] [Times: user=0.00 sys=0.00, real=0.00 secs] 
46.884: [GC (Allocation Failure) [PSYoungGen: 85688K->0K(95232K)] 819401K->743953K(1039360K), 0.0018381 secs] [Times: user=0.00 sys=0.00, real=0.00 secs] 
47.646: [GC (Allocation Failure) [PSYoungGen: 84664K->5120K(95232K)] 931017K->871953K(1039360K), 0.0026078 secs] [Times: user=0.00 sys=0.00, real=0.00 secs] 
48.522: [Full GC (Ergonomics) [PSYoungGen: 68280K->0K(95232K)] [ParOldGen: 918033K->77329K(944128K)] 986314K->77329K(1039360K), [Metaspace: 2795K->2795K(1056768K)], 0.0073537 secs] [Times: user=0.00 sys=0.00, real=0.01 secs] 
50.838: [GC (Allocation Failure) [PSYoungGen: 84664K->5120K(95232K)] 417993K->343569K(1039360K), 0.0008117 secs] [Times: user=0.00 sys=0.00, real=0.00 secs] 
52.368: [GC (Allocation Failure) [PSYoungGen: 84664K->6144K(95232K)] 576713K->508433K(1039360K), 0.0016880 secs] [Times: user=0.00 sys=0.00, real=0.00 secs] 
54.550: [GC (Allocation Failure) [PSYoungGen: 91832K->1024K(95232K)] 747722K->656913K(1039360K), 0.0012218 secs] [Times: user=0.00 sys=0.00, real=0.00 secs] 
56.189: [GC (Allocation Failure) [PSYoungGen: 85688K->5120K(95232K)] 895178K->835089K(1039360K), 0.0021566 secs] [Times: user=0.00 sys=0.00, real=0.00 secs] 
57.064: [GC (Allocation Failure) [PSYoungGen: 68280K->5120K(95232K)] 949450K->906769K(1039360K), 0.0024971 secs] [Times: user=0.00 sys=0.00, real=0.00 secs] 
57.066: [Full GC (Ergonomics) [PSYoungGen: 5120K->0K(95232K)] [ParOldGen: 901649K->92689K(944128K)] 906769K->92689K(1039360K), [Metaspace: 2796K->2796K(1056768K)], 0.0082043 secs] [Times: user=0.00 sys=0.00, real=0.01 secs] 
59.590: [GC (Allocation Failure) [PSYoungGen: 81592K->5120K(95232K)] 430281K->364049K(1039360K), 0.0014433 secs] [Times: user=0.00 sys=0.00, real=0.00 secs] 
60.242: [GC (Allocation Failure) [PSYoungGen: 89784K->6144K(95232K)] 551113K->467473K(1039360K), 0.0008807 secs] [Times: user=0.00 sys=0.00, real=0.00 secs] 
62.320: [GC (Allocation Failure) [PSYoungGen: 89784K->5120K(95232K)] 704714K->625169K(1039360K), 0.0016650 secs] [Times: user=0.00 sys=0.00, real=0.00 secs] 
63.846: [GC (Allocation Failure) [PSYoungGen: 89784K->1024K(95232K)] 863434K->795153K(1039360K), 0.0015911 secs] [Times: user=0.00 sys=0.00, real=0.00 secs] 
64.500: [Full GC (Ergonomics) [PSYoungGen: 85688K->0K(95232K)] [ParOldGen: 896529K->17937K(944128K)] 982217K->17937K(1039360K), [Metaspace: 2796K->2796K(1056768K)], 0.0038443 secs] [Times: user=0.00 sys=0.00, real=0.00 secs] 
66.570: [GC (Allocation Failure) [PSYoungGen: 83640K->5120K(95232K)] 101577K->28177K(1039360K), 0.0009358 secs] [Times: user=0.00 sys=0.00, real=0.00 secs] 
68.096: [GC (Allocation Failure) [PSYoungGen: 89779K->5120K(95232K)] 266436K->212497K(1039360K), 0.0026407 secs] [Times: user=0.00 sys=0.00, real=0.00 secs] 
68.754: [GC (Allocation Failure) [PSYoungGen: 89781K->6144K(95232K)] 399558K->367121K(1039360K), 0.0049073 secs] [Times: user=0.00 sys=0.00, real=0.01 secs] 
70.394: [GC (Allocation Failure) [PSYoungGen: 90806K->5120K(95232K)] 554183K->468497K(1039360K), 0.0010148 secs] [Times: user=0.00 sys=0.00, real=0.00 secs] 
72.033: [GC (Allocation Failure) [PSYoungGen: 89783K->6144K(95232K)] 706760K->628241K(1039360K), 0.0012577 secs] [Times: user=0.00 sys=0.00, real=0.00 secs] 
73.888: [GC (Allocation Failure) [PSYoungGen: 85687K->0K(95232K)] 861385K->796177K(1039360K), 0.0019770 secs] [Times: user=0.02 sys=0.00, real=0.00 secs] 
74.648: [Full GC (Ergonomics) [PSYoungGen: 84663K->0K(95232K)] [ParOldGen: 898577K->21009K(944128K)] 983241K->21009K(1039360K), [Metaspace: 2796K->2796K(1056768K)], 0.0039274 secs] [Times: user=0.00 sys=0.00, real=0.00 secs] 
76.282: [GC (Allocation Failure) [PSYoungGen: 84664K->5120K(95232K)] 259273K->195089K(1039360K), 0.0017325 secs] [Times: user=0.00 sys=0.00, real=0.00 secs] 
77.919: [GC (Allocation Failure) [PSYoungGen: 83640K->5120K(95232K)] 273609K->200209K(1039360K), 0.0010204 secs] [Times: user=0.00 sys=0.00, real=0.00 secs] 
79.447: [GC (Allocation Failure) [PSYoungGen: 89779K->5120K(95232K)] 438468K->369169K(1039360K), 0.0022724 secs] [Times: user=0.00 sys=0.00, real=0.00 secs] 
80.106: [GC (Allocation Failure) [PSYoungGen: 89780K->6144K(95232K)] 556230K->472593K(1039360K), 0.0008414 secs] [Times: user=0.00 sys=0.00, real=0.00 secs] 
82.396: [GC (Allocation Failure) [PSYoungGen: 85686K->6144K(95232K)] 654535K->585233K(1039360K), 0.0015413 secs] [Times: user=0.00 sys=0.00, real=0.00 secs] 
83.159: [GC (Allocation Failure) [PSYoungGen: 90806K->7168K(95232K)] 772296K->693777K(1039360K), 0.0015607 secs] [Times: user=0.00 sys=0.00, real=0.00 secs] 
85.131: [GC (Allocation Failure) [PSYoungGen: 86711K->0K(95232K)] 926921K->850449K(1039360K), 0.0016220 secs] [Times: user=0.00 sys=0.00, real=0.00 secs] 
85.457: [GC (Allocation Failure) [PSYoungGen: 83639K->0K(95232K)] 934089K->911889K(1039360K), 0.0051029 secs] [Times: user=0.00 sys=0.00, real=0.01 secs] 
85.462: [Full GC (Ergonomics) [PSYoungGen: 0K->0K(95232K)] [ParOldGen: 911889K->61969K(944128K)] 911889K->61969K(1039360K), [Metaspace: 2796K->2796K(1056768K)], 0.0064649 secs] [Times: user=0.00 sys=0.00, real=0.01 secs] 
87.328: [GC (Allocation Failure) [PSYoungGen: 81587K->5120K(95232K)] 399556K->348689K(1039360K), 0.0024640 secs] [Times: user=0.00 sys=0.00, real=0.00 secs] 
89.181: [GC (Allocation Failure) [PSYoungGen: 88757K->5120K(95232K)] 483526K->405009K(1039360K), 0.0014799 secs] [Times: user=0.00 sys=0.00, real=0.00 secs] 
90.716: [GC (Allocation Failure) [PSYoungGen: 84662K->5120K(95232K)] 638151K->568849K(1039360K), 0.0014664 secs] [Times: user=0.00 sys=0.00, real=0.00 secs] 
93.008: [GC (Allocation Failure) [PSYoungGen: 86711K->6144K(95232K)] 804040K->723473K(1039360K), 0.0016665 secs] [Times: user=0.00 sys=0.00, real=0.00 secs] 
94.644: [GC (Allocation Failure) [PSYoungGen: 90807K->6144K(95232K)] 961737K->892433K(1039360K), 0.0021245 secs] [Times: user=0.00 sys=0.00, real=0.00 secs] 
94.646: [Full GC (Ergonomics) [PSYoungGen: 6144K->0K(95232K)] [ParOldGen: 886289K->22033K(944128K)] 892433K->22033K(1039360K), [Metaspace: 2796K->2796K(1056768K)], 0.0041965 secs] [Times: user=0.00 sys=0.00, real=0.00 secs] 
96.606: [GC (Allocation Failure) [PSYoungGen: 79543K->0K(95232K)] 255177K->185873K(1039360K), 0.0013202 secs] [Times: user=0.00 sys=0.00, real=0.00 secs] 
97.373: [GC (Allocation Failure) [PSYoungGen: 84663K->5120K(95232K)] 372937K->313873K(1039360K), 0.0022437 secs] [Times: user=0.01 sys=0.00, real=0.00 secs] 
99.011: [GC (Allocation Failure) [PSYoungGen: 89784K->5120K(95232K)] 552137K->477713K(1039360K), 0.0012082 secs] [Times: user=0.00 sys=0.00, real=0.00 secs] 
100.756: [GC (Allocation Failure) [PSYoungGen: 83640K->5120K(95232K)] 709833K->641553K(1039360K), 0.0016744 secs] [Times: user=0.00 sys=0.00, real=0.00 secs] 
101.409: [GC (Allocation Failure) [PSYoungGen: 89784K->7168K(95232K)] 828617K->746001K(1039360K), 0.0014292 secs] [Times: user=0.00 sys=0.00, real=0.00 secs] 
103.046: [Full GC (Ergonomics) [PSYoungGen: 91832K->0K(95232K)] [ParOldGen: 892433K->18432K(944128K)] 984266K->18432K(1039360K), [Metaspace: 2796K->2796K(1056768K)], 0.0035581 secs] [Times: user=0.00 sys=0.00, real=0.00 secs] 
105.121: [GC (Allocation Failure) [PSYoungGen: 83640K->5120K(95232K)] 102072K->44032K(1039360K), 0.0015178 secs] [Times: user=0.00 sys=0.00, real=0.00 secs] 
105.886: [GC (Allocation Failure) [PSYoungGen: 89779K->5120K(95232K)] 231091K->156672K(1039360K), 0.0011099 secs] [Times: user=0.00 sys=0.00, real=0.00 secs] 
107.960: [GC (Allocation Failure) [PSYoungGen: 84661K->5120K(95232K)] 389813K->310272K(1039360K), 0.0010430 secs] [Times: user=0.00 sys=0.00, real=0.00 secs] 
108.723: [GC (Allocation Failure) [PSYoungGen: 89782K->5120K(95232K)] 497334K->463872K(1039360K), 0.0046270 secs] [Times: user=0.00 sys=0.00, real=0.00 secs] 
110.364: [GC (Allocation Failure) [PSYoungGen: 89783K->5120K(95232K)] 702135K->622592K(1039360K), 0.0026642 secs] [Times: user=0.00 sys=0.00, real=0.00 secs] 
112.223: [GC (Allocation Failure) [PSYoungGen: 88759K->5120K(95232K)] 859831K->786432K(1039360K), 0.0020699 secs] [Times: user=0.00 sys=0.00, real=0.00 secs] 
112.987: [Full GC (Ergonomics) [PSYoungGen: 89783K->0K(95232K)] [ParOldGen: 883712K->12288K(944128K)] 973496K->12288K(1039360K), [Metaspace: 2796K->2796K(1056768K)], 0.0031060 secs] [Times: user=0.00 sys=0.00, real=0.00 secs] 
114.627: [GC (Allocation Failure) [PSYoungGen: 84664K->5120K(95232K)] 250552K->186368K(1039360K), 0.0015647 secs] [Times: user=0.00 sys=0.00, real=0.00 secs] 
116.485: [GC (Allocation Failure) [PSYoungGen: 88760K->5120K(95232K)] 270008K->196608K(1039360K), 0.0018433 secs] [Times: user=0.00 sys=0.00, real=0.00 secs] 
117.254: [GC (Allocation Failure) [PSYoungGen: 89779K->5120K(95232K)] 383667K->324608K(1039360K), 0.0028230 secs] [Times: user=0.00 sys=0.00, real=0.00 secs] 
119.764: [GC (Allocation Failure) [PSYoungGen: 90805K->1024K(95232K)] 717493K->627712K(1039360K), 0.0021619 secs] [Times: user=0.00 sys=0.00, real=0.00 secs] 
121.512: [GC (Allocation Failure) [PSYoungGen: 86710K->6144K(95232K)] 866998K->791552K(1039360K), 0.0019791 secs] [Times: user=0.00 sys=0.00, real=0.00 secs] 
123.478: [Full GC (Ergonomics) [PSYoungGen: 85687K->0K(95232K)] [ParOldGen: 939008K->11264K(944128K)] 1024695K->11264K(1039360K), [Metaspace: 2796K->2796K(1056768K)], 0.0032382 secs] [Times: user=0.00 sys=0.00, real=0.00 secs] 
124.138: [GC (Allocation Failure) [PSYoungGen: 84663K->1024K(95232K)] 198327K->114688K(1039360K), 0.0007071 secs] [Times: user=0.00 sys=0.00, real=0.00 secs] 
125.772: [GC (Allocation Failure) [PSYoungGen: 85687K->5120K(95232K)] 352951K->292864K(1039360K), 0.0019992 secs] [Times: user=0.00 sys=0.00, real=0.00 secs] 
127.525: [GC (Allocation Failure) [PSYoungGen: 88760K->5120K(95232K)] 376504K->297984K(1039360K), 0.0014646 secs] [Times: user=0.00 sys=0.00, real=0.00 secs] 
129.055: [GC (Allocation Failure) [PSYoungGen: 84659K->5120K(95232K)] 531123K->461824K(1039360K), 0.0014954 secs] [Times: user=0.00 sys=0.00, real=0.00 secs] 
131.463: [GC (Allocation Failure) [PSYoungGen: 86709K->6144K(95232K)] 799413K->718848K(1039360K), 0.0017437 secs] [Times: user=0.00 sys=0.00, real=0.00 secs] 
133.107: [GC (Allocation Failure) [PSYoungGen: 90806K->7168K(95232K)] 957110K->878592K(1039360K), 0.0032004 secs] [Times: user=0.02 sys=0.00, real=0.00 secs] 
133.761: [Full GC (Ergonomics) [PSYoungGen: 60087K->0K(95232K)] [ParOldGen: 922624K->69137K(944128K)] 982711K->69137K(1039360K), [Metaspace: 2796K->2796K(1056768K)], 0.0081993 secs] [Times: user=0.01 sys=0.00, real=0.01 secs] 
136.180: [GC (Allocation Failure) [PSYoungGen: 81591K->5120K(95232K)] 406729K->345617K(1039360K), 0.0017855 secs] [Times: user=0.00 sys=0.00, real=0.00 secs] 
137.708: [GC (Allocation Failure) [PSYoungGen: 89783K->5120K(95232K)] 583881K->529937K(1039360K), 0.0028630 secs] [Times: user=0.00 sys=0.00, real=0.00 secs] 
138.578: [GC (Allocation Failure) [PSYoungGen: 88759K->0K(95232K)] 613577K->576017K(1039360K), 0.0044228 secs] [Times: user=0.00 sys=0.00, real=0.00 secs] 
140.220: [GC (Allocation Failure) [PSYoungGen: 84659K->5120K(95232K)] 814276K->739857K(1039360K), 0.0015663 secs] [Times: user=0.00 sys=0.00, real=0.00 secs] 
142.515: [Full GC (Ergonomics) [PSYoungGen: 90805K->0K(95232K)] [ParOldGen: 888337K->2048K(944128K)] 979142K->2048K(1039360K), [Metaspace: 2796K->2796K(1056768K)], 0.0026521 secs] [Times: user=0.00 sys=0.00, real=0.00 secs] 
144.265: [GC (Allocation Failure) [PSYoungGen: 85686K->6144K(95232K)] 241334K->177152K(1039360K), 0.0021342 secs] [Times: user=0.00 sys=0.00, real=0.00 secs] 
146.354: [GC (Allocation Failure) [PSYoungGen: 90807K->0K(95232K)] 415415K->334848K(1039360K), 0.0015497 secs] [Times: user=0.00 sys=0.00, real=0.00 secs] 
147.120: [GC (Allocation Failure) [PSYoungGen: 84663K->5120K(95232K)] 521911K->462848K(1039360K), 0.0026041 secs] [Times: user=0.00 sys=0.00, real=0.00 secs] 
148.764: [GC (Allocation Failure) [PSYoungGen: 89783K->5120K(95232K)] 701112K->626688K(1039360K), 0.0019043 secs] [Times: user=0.00 sys=0.00, real=0.00 secs] 
150.517: [GC (Allocation Failure) [PSYoungGen: 83640K->5120K(95232K)] 858808K->790528K(1039360K), 0.0024279 secs] [Times: user=0.00 sys=0.00, real=0.00 secs] 
151.172: [Full GC (Ergonomics) [PSYoungGen: 89784K->0K(95232K)] [ParOldGen: 887808K->8192K(944128K)] 977592K->8192K(1039360K), [Metaspace: 2796K->2796K(1056768K)], 0.0029257 secs] [Times: user=0.00 sys=0.00, real=0.00 secs] 
152.813: [GC (Allocation Failure) [PSYoungGen: 84664K->6144K(95232K)] 246456K->173056K(1039360K), 0.0010324 secs] [Times: user=0.00 sys=0.00, real=0.00 secs] 
154.890: [GC (Allocation Failure) [PSYoungGen: 89784K->5120K(95232K)] 256696K->192512K(1039360K), 0.0017289 secs] [Times: user=0.00 sys=0.00, real=0.00 secs] 
155.657: [GC (Allocation Failure) [PSYoungGen: 89779K->5120K(95232K)] 379571K->305152K(1039360K), 0.0013675 secs] [Times: user=0.00 sys=0.00, real=0.00 secs] 
157.734: [GC (Allocation Failure) [PSYoungGen: 84661K->5120K(95232K)] 538293K->458752K(1039360K), 0.0015478 secs] [Times: user=0.00 sys=0.00, real=0.00 secs] 
158.495: [GC (Allocation Failure) [PSYoungGen: 89782K->5120K(95232K)] 645814K->612352K(1039360K), 0.0047518 secs] [Times: user=0.02 sys=0.00, real=0.00 secs] 
160.131: [GC (Allocation Failure) [PSYoungGen: 89783K->5120K(95232K)] 850615K->771072K(1039360K), 0.0021854 secs] [Times: user=0.00 sys=0.00, real=0.00 secs] 
161.988: [Full GC (Ergonomics) [PSYoungGen: 88759K->0K(95232K)] [ParOldGen: 919552K->16384K(944128K)] 1008311K->16384K(1039360K), [Metaspace: 2796K->2796K(1056768K)], 0.0035572 secs] [Times: user=0.00 sys=0.00, real=0.00 secs] 
162.754: [GC (Allocation Failure) [PSYoungGen: 84663K->6144K(95232K)] 203447K->124928K(1039360K), 0.0008711 secs] [Times: user=0.00 sys=0.00, real=0.00 secs] 
164.393: [GC (Allocation Failure) [PSYoungGen: 90808K->6144K(95232K)] 363192K->293888K(1039360K), 0.0017463 secs] [Times: user=0.00 sys=0.00, real=0.00 secs] 
166.252: [GC (Allocation Failure) [PSYoungGen: 89784K->5120K(95232K)] 377528K->303104K(1039360K), 0.0016357 secs] [Times: user=0.00 sys=0.00, real=0.00 secs] 
167.015: [GC (Allocation Failure) [PSYoungGen: 89779K->5120K(95232K)] 490163K->431104K(1039360K), 0.0025782 secs] [Times: user=0.02 sys=0.00, real=0.00 secs] 
169.520: [GC (Allocation Failure) [PSYoungGen: 90805K->1024K(95232K)] 823989K->734208K(1039360K), 0.0016900 secs] [Times: user=0.00 sys=0.00, real=0.00 secs] 
171.266: [Full GC (Ergonomics) [PSYoungGen: 86710K->0K(95232K)] [ParOldGen: 886784K->114193K(944128K)] 973494K->114193K(1039360K), [Metaspace: 2796K->2796K(1056768K)], 0.0099135 secs] [Times: user=0.00 sys=0.00, real=0.01 secs] 
173.248: [GC (Allocation Failure) [PSYoungGen: 79543K->0K(95232K)] 347336K->288273K(1039360K), 0.0017308 secs] [Times: user=0.00 sys=0.00, real=0.00 secs] 
173.904: [GC (Allocation Failure) [PSYoungGen: 84663K->1024K(95232K)] 475336K->391697K(1039360K), 0.0007684 secs] [Times: user=0.00 sys=0.00, real=0.00 secs] 
175.541: [GC (Allocation Failure) [PSYoungGen: 85687K->5120K(95232K)] 629961K->569873K(1039360K), 0.0022368 secs] [Times: user=0.00 sys=0.00, real=0.00 secs] 
177.288: [GC (Allocation Failure) [PSYoungGen: 88760K->5120K(95232K)] 653513K->574993K(1039360K), 0.0011481 secs] [Times: user=0.00 sys=0.00, real=0.00 secs] 
178.817: [GC (Allocation Failure) [PSYoungGen: 84659K->5120K(95232K)] 808132K->733713K(1039360K), 0.0018545 secs] [Times: user=0.00 sys=0.00, real=0.00 secs] 
180.672: [GC (Allocation Failure) [PSYoungGen: 74421K->5120K(95232K)] 956614K->887313K(1039360K), 0.0019990 secs] [Times: user=0.00 sys=0.00, real=0.00 secs] 
180.675: [GC (Allocation Failure) [PSYoungGen: 5120K->5120K(95232K)] 887313K->887313K(1039360K), 0.0012596 secs] [Times: user=0.00 sys=0.00, real=0.00 secs] 
180.676: [Full GC (Allocation Failure) [PSYoungGen: 5120K->0K(95232K)] [ParOldGen: 882193K->6144K(944128K)] 887313K->6144K(1039360K), [Metaspace: 2796K->2796K(1056768K)], 0.0027169 secs] [Times: user=0.00 sys=0.00, real=0.00 secs] 
182.536: [GC (Allocation Failure) [PSYoungGen: 81590K->7168K(95232K)] 343734K->274432K(1039360K), 0.0015048 secs] [Times: user=0.00 sys=0.00, real=0.00 secs] 
184.612: [GC (Allocation Failure) [PSYoungGen: 91831K->0K(95232K)] 512695K->431104K(1039360K), 0.0014142 secs] [Times: user=0.00 sys=0.00, real=0.00 secs] 
185.264: [GC (Allocation Failure) [PSYoungGen: 84663K->1024K(95232K)] 618167K->544768K(1039360K), 0.0016669 secs] [Times: user=0.03 sys=0.00, real=0.00 secs] 
186.903: [GC (Allocation Failure) [PSYoungGen: 85687K->5120K(95232K)] 783032K->728064K(1039360K), 0.0036300 secs] [Times: user=0.02 sys=0.00, real=0.00 secs] 
188.758: [GC (Allocation Failure) [PSYoungGen: 88760K->5120K(95232K)] 862904K->784384K(1039360K), 0.0024735 secs] [Times: user=0.00 sys=0.00, real=0.00 secs] 
190.287: [Full GC (Ergonomics) [PSYoungGen: 89784K->0K(95232K)] [ParOldGen: 932864K->123409K(944128K)] 1022648K->123409K(1039360K), [Metaspace: 2796K->2796K(1056768K)], 0.0119962 secs] [Times: user=0.00 sys=0.00, real=0.01 secs] 
190.958: [GC (Allocation Failure) [PSYoungGen: 84664K->2080K(95232K)] 310473K->227889K(1039360K), 0.0005711 secs] [Times: user=0.00 sys=0.00, real=0.00 secs] 
193.254: [GC (Allocation Failure) [PSYoungGen: 86744K->1056K(95232K)] 312553K->247345K(1039360K), 0.0017136 secs] [Times: user=0.00 sys=0.00, real=0.00 secs] 
194.021: [GC (Allocation Failure) [PSYoungGen: 85715K->6176K(95232K)] 434404K->359985K(1039360K), 0.0010957 secs] [Times: user=0.00 sys=0.00, real=0.00 secs] 
196.099: [GC (Allocation Failure) [PSYoungGen: 90837K->32K(95232K)] 598246K->517681K(1039360K), 0.0012825 secs] [Times: user=0.00 sys=0.00, real=0.00 secs] 
196.863: [GC (Allocation Failure) [PSYoungGen: 84694K->5184K(95232K)] 704743K->645713K(1039360K), 0.0028741 secs] [Times: user=0.00 sys=0.00, real=0.00 secs] 
198.499: [GC (Allocation Failure) [PSYoungGen: 89847K->5152K(95232K)] 883976K->809521K(1039360K), 0.0013921 secs] [Times: user=0.00 sys=0.00, real=0.00 secs] 
199.154: [GC (Allocation Failure) [PSYoungGen: 58071K->5152K(95232K)] 913641K->860721K(1039360K), 0.0015661 secs] [Times: user=0.00 sys=0.00, real=0.00 secs] 
199.156: [GC (Allocation Failure) [PSYoungGen: 5152K->5152K(95232K)] 860721K->860721K(1039360K), 0.0011851 secs] [Times: user=0.00 sys=0.00, real=0.00 secs] 
199.157: [Full GC (Allocation Failure) [PSYoungGen: 5152K->0K(95232K)] [ParOldGen: 855569K->133649K(944128K)] 860721K->133649K(1039360K), [Metaspace: 2796K->2796K(1056768K)], 0.0107391 secs] [Times: user=0.00 sys=0.00, real=0.01 secs] 
201.461: [GC (Allocation Failure) [PSYoungGen: 84663K->6144K(95232K)] 474313K->400913K(1039360K), 0.0011234 secs] [Times: user=0.00 sys=0.00, real=0.00 secs] 
202.992: [GC (Allocation Failure) [PSYoungGen: 85688K->7168K(95232K)] 634058K->560657K(1039360K), 0.0012373 secs] [Times: user=0.00 sys=0.00, real=0.00 secs] 
205.172: [GC (Allocation Failure) [PSYoungGen: 92856K->6144K(95232K)] 799946K->723473K(1039360K), 0.0016271 secs] [Times: user=0.00 sys=0.00, real=0.00 secs] 
206.812: [GC (Allocation Failure) [PSYoungGen: 90808K->5120K(95232K)] 961738K->906770K(1039360K), 0.0030107 secs] [Times: user=0.00 sys=0.00, real=0.00 secs] 
206.815: [Full GC (Ergonomics) [PSYoungGen: 5120K->0K(95232K)] [ParOldGen: 901650K->46609K(944128K)] 906770K->46609K(1039360K), [Metaspace: 2796K->2796K(1056768K)], 0.0053122 secs] [Times: user=0.00 sys=0.00, real=0.00 secs] 
208.120: [GC (Allocation Failure) [PSYoungGen: 84664K->5120K(95232K)] 233674K->205329K(1039360K), 0.0047071 secs] [Times: user=0.01 sys=0.00, real=0.00 secs] 
209.761: [GC (Allocation Failure) [PSYoungGen: 89784K->5120K(95232K)] 443594K->364049K(1039360K), 0.0013716 secs] [Times: user=0.00 sys=0.00, real=0.00 secs] 
211.615: [GC (Allocation Failure) [PSYoungGen: 83640K->5120K(95232K)] 596170K->527889K(1039360K), 0.0014951 secs] [Times: user=0.00 sys=0.00, real=0.00 secs] 
212.271: [GC (Allocation Failure) [PSYoungGen: 89784K->7168K(95232K)] 714954K->632337K(1039360K), 0.0010378 secs] [Times: user=0.00 sys=0.00, real=0.00 secs] 
213.905: [GC (Allocation Failure) [PSYoungGen: 91832K->6144K(95232K)] 870602K->805394K(1039360K), 0.0022746 secs] [Times: user=0.02 sys=0.00, real=0.00 secs] 
215.875: [GC (Allocation Failure) [PSYoungGen: 89784K->5120K(95232K)] 889034K->814610K(1039360K), 0.0015669 secs] [Times: user=0.00 sys=0.00, real=0.00 secs] 
216.529: [Full GC (Ergonomics) [PSYoungGen: 89779K->0K(95232K)] [ParOldGen: 911890K->27648K(944128K)] 1001669K->27648K(1039360K), [Metaspace: 2796K->2796K(1056768K)], 0.0045643 secs] [Times: user=0.00 sys=0.00, real=0.01 secs] 
218.165: [GC (Allocation Failure) [PSYoungGen: 84661K->5120K(95232K)] 265909K->191488K(1039360K), 0.0009660 secs] [Times: user=0.00 sys=0.00, real=0.00 secs] 
Heap
 PSYoungGen      total 95232K, used 18798K [0x00000000f9a00000, 0x0000000100000000, 0x0000000100000000)
  eden space 86016K, 15% used [0x00000000f9a00000,0x00000000fa75bbb0,0x00000000fee00000)
  from space 9216K, 55% used [0x00000000fee00000,0x00000000ff300010,0x00000000ff700000)
  to   space 9216K, 0% used [0x00000000ff700000,0x00000000ff700000,0x0000000100000000)
 ParOldGen       total 944128K, used 186368K [0x00000000c0000000, 0x00000000f9a00000, 0x00000000f9a00000)
  object space 944128K, 19% used [0x00000000c0000000,0x00000000cb600060,0x00000000f9a00000)
 Metaspace       used 2804K, capacity 4486K, committed 4864K, reserved 1056768K
  class space    used 297K, capacity 386K, committed 512K, reserved 1048576K
