Java HotSpot(TM) 64-Bit Server VM (25.411-b09) for windows-amd64 JRE (1.8.0_411-b09), built on Mar 13 2024 07:26:13 by "java_re" with MS VC++ 17.1 (VS2022)
Memory: 4k page, physical 33403376k(15171476k free), swap 38794768k(7538920k free)
CommandLine flags: -XX:InitialHeapSize=1073741824 -XX:MaxHeapSize=1073741824 -XX:NewRatio=7 -XX:ParallelGCThreads=6 -XX:+PrintGC -XX:+PrintGCDetails -XX:+PrintGCTimeStamps -XX:SurvivorRatio=11 -XX:-UseAdaptiveSizePolicy -XX:+UseCompressedClassPointers -XX:+UseCompressedOops -XX:-UseLargePagesIndividualAllocation -XX:+UseParallelGC 
1.261: [GC (Allocation Failure) [PSYoungGen: 77168K->5816K(121344K)] 77168K->26304K(1038848K), 0.0160230 secs] [Times: user=0.00 sys=0.00, real=0.02 secs] 
2.615: [GC (Allocation Failure) [PSYoungGen: 110384K->6848K(121344K)] 233272K->145096K(1038848K), 0.0042404 secs] [Times: user=0.00 sys=0.00, real=0.00 secs] 
3.849: [GC (Allocation Failure) [PSYoungGen: 111438K->7840K(121344K)] 352086K->253608K(1038848K), 0.0022281 secs] [Times: user=0.00 sys=0.00, real=0.00 secs] 
5.593: [GC (Allocation Failure) [PSYoungGen: 91965K->5720K(121344K)] 337733K->282208K(1038848K), 0.0158689 secs] [Times: user=0.00 sys=0.00, real=0.02 secs] 
6.945: [GC (Allocation Failure) [PSYoungGen: 110333K->5720K(121344K)] 489221K->399968K(1038848K), 0.0042336 secs] [Times: user=0.00 sys=0.00, real=0.00 secs] 
8.500: [GC (Allocation Failure) [PSYoungGen: 116576K->568K(121344K)] 613224K->517704K(1038848K), 0.0163523 secs] [Times: user=0.00 sys=0.00, real=0.02 secs] 
9.855: [GC (Allocation Failure) [PSYoungGen: 105192K->5704K(121344K)] 724728K->686680K(1038848K), 0.0188385 secs] [Times: user=0.00 sys=0.02, real=0.02 secs] 
11.098: [GC (Allocation Failure) [PSYoungGen: 110331K->5720K(121344K)] 893707K->799336K(1038848K), 0.0032273 secs] [Times: user=0.02 sys=0.00, real=0.00 secs] 
12.549: [Full GC (Ergonomics) [PSYoungGen: 110349K->0K(121344K)] [ParOldGen: 896016K->6159K(917504K)] 1006365K->6159K(1038848K), [Metaspace: 2761K->2761K(1056768K)], 0.0139714 secs] [Times: user=0.02 sys=0.00, real=0.01 secs] 
13.650: [GC (Allocation Failure) [PSYoungGen: 110475K->6176K(121344K)] 219035K->114743K(1038848K), 0.0011075 secs] [Times: user=0.00 sys=0.00, real=0.00 secs] 
14.743: [GC (Allocation Failure) [PSYoungGen: 115927K->2112K(121344K)] 326894K->223319K(1038848K), 0.0012627 secs] [Times: user=0.00 sys=0.00, real=0.00 secs] 
17.039: [GC (Allocation Failure) [PSYoungGen: 106743K->5184K(121344K)] 327951K->236631K(1038848K), 0.0016646 secs] [Times: user=0.00 sys=0.00, real=0.00 secs] 
18.241: [GC (Allocation Failure) [PSYoungGen: 109814K->5152K(121344K)] 443662K->369719K(1038848K), 0.0028539 secs] [Times: user=0.00 sys=0.00, real=0.00 secs] 
19.334: [GC (Allocation Failure) [PSYoungGen: 114903K->5152K(121344K)] 581871K->523319K(1038848K), 0.0049121 secs] [Times: user=0.00 sys=0.00, real=0.00 secs] 
21.299: [GC (Allocation Failure) [PSYoungGen: 114903K->5152K(121344K)] 735471K->635959K(1038848K), 0.0016906 secs] [Times: user=0.00 sys=0.00, real=0.00 secs] 
22.497: [GC (Allocation Failure) [PSYoungGen: 109783K->6176K(121344K)] 842991K->749623K(1038848K), 0.0019166 secs] [Times: user=0.00 sys=0.00, real=0.00 secs] 
24.025: [GC (Allocation Failure) [PSYoungGen: 115928K->32K(121344K)] 961776K->866359K(1038848K), 0.0018231 secs] [Times: user=0.00 sys=0.00, real=0.00 secs] 
24.027: [Full GC (Ergonomics) [PSYoungGen: 32K->0K(121344K)] [ParOldGen: 866327K->16399K(917504K)] 866359K->16399K(1038848K), [Metaspace: 2779K->2779K(1056768K)], 0.0030743 secs] [Times: user=0.00 sys=0.00, real=0.00 secs] 
25.224: [GC (Allocation Failure) [PSYoungGen: 109752K->5120K(121344K)] 228552K->129039K(1038848K), 0.0010780 secs] [Times: user=0.00 sys=0.00, real=0.00 secs] 
26.315: [GC (Allocation Failure) [PSYoungGen: 114872K->5120K(121344K)] 341192K->251920K(1038848K), 0.0018556 secs] [Times: user=0.00 sys=0.00, real=0.00 secs] 
28.388: [GC (Allocation Failure) [PSYoungGen: 115344K->5152K(121344K)] 362144K->262200K(1038848K), 0.0013683 secs] [Times: user=0.00 sys=0.00, real=0.00 secs] 
29.588: [GC (Allocation Failure) [PSYoungGen: 109779K->5152K(121344K)] 469227K->426040K(1038848K), 0.0053764 secs] [Times: user=0.00 sys=0.00, real=0.00 secs] 
30.679: [GC (Allocation Failure) [PSYoungGen: 114901K->5184K(121344K)] 638189K->528472K(1038848K), 0.0011114 secs] [Times: user=0.00 sys=0.00, real=0.00 secs] 
32.756: [GC (Allocation Failure) [PSYoungGen: 89334K->6176K(121344K)] 715022K->652344K(1038848K), 0.0024603 secs] [Times: user=0.00 sys=0.00, real=0.00 secs] 
34.066: [GC (Allocation Failure) [PSYoungGen: 110807K->7200K(121344K)] 859375K->776248K(1038848K), 0.0023010 secs] [Times: user=0.00 sys=0.00, real=0.00 secs] 
35.484: [Full GC (Ergonomics) [PSYoungGen: 106711K->0K(121344K)] [ParOldGen: 871448K->10769K(917504K)] 978159K->10769K(1038848K), [Metaspace: 2793K->2793K(1056768K)], 0.0050114 secs] [Times: user=0.00 sys=0.00, real=0.00 secs] 
36.684: [GC (Allocation Failure) [PSYoungGen: 104631K->5120K(121344K)] 217801K->123409K(1038848K), 0.0009558 secs] [Times: user=0.00 sys=0.00, real=0.00 secs] 
37.776: [GC (Allocation Failure) [PSYoungGen: 114872K->5120K(121344K)] 335561K->251409K(1038848K), 0.0024534 secs] [Times: user=0.00 sys=0.00, real=0.00 secs] 
39.084: [GC (Allocation Failure) [PSYoungGen: 114872K->0K(121344K)] 361161K->297489K(1038848K), 0.0046224 secs] [Times: user=0.00 sys=0.00, real=0.00 secs] 
39.843: [GC (Allocation Failure) [PSYoungGen: 63671K->5120K(121344K)] 361160K->323089K(1038848K), 0.0022193 secs] [Times: user=0.00 sys=0.00, real=0.00 secs] 
41.154: [GC (Allocation Failure) [PSYoungGen: 109724K->5120K(121344K)] 530093K->440849K(1038848K), 0.0017126 secs] [Times: user=0.00 sys=0.00, real=0.00 secs] 
43.118: [GC (Allocation Failure) [PSYoungGen: 111782K->2048K(121344K)] 649911K->540177K(1038848K), 0.0015171 secs] [Times: user=0.00 sys=0.00, real=0.00 secs] 
44.101: [GC (Allocation Failure) [PSYoungGen: 75948K->1024K(121344K)] 614078K->569873K(1038848K), 0.0026145 secs] [Times: user=0.00 sys=0.00, real=0.00 secs] 
45.408: [GC (Allocation Failure) [PSYoungGen: 105646K->6144K(121344K)] 776896K->697873K(1038848K), 0.0018708 secs] [Times: user=0.00 sys=0.00, real=0.00 secs] 
46.821: [GC (Allocation Failure) [PSYoungGen: 100530K->0K(121344K)] 894659K->804369K(1038848K), 0.0015657 secs] [Times: user=0.00 sys=0.00, real=0.00 secs] 
48.026: [Full GC (Ergonomics) [PSYoungGen: 104628K->0K(121344K)] [ParOldGen: 906769K->31744K(917504K)] 1011398K->31744K(1038848K), [Metaspace: 2795K->2795K(1056768K)], 0.0050242 secs] [Times: user=0.00 sys=0.00, real=0.00 secs] 
49.115: [GC (Allocation Failure) [PSYoungGen: 109749K->5120K(121344K)] 243894K->190464K(1038848K), 0.0043922 secs] [Times: user=0.00 sys=0.00, real=0.00 secs] 
50.535: [GC (Allocation Failure) [PSYoungGen: 114870K->0K(121344K)] 402615K->287744K(1038848K), 0.0007686 secs] [Times: user=0.00 sys=0.00, real=0.00 secs] 
51.621: [GC (Allocation Failure) [PSYoungGen: 109751K->7168K(121344K)] 499895K->397312K(1038848K), 0.0010767 secs] [Times: user=0.00 sys=0.00, real=0.00 secs] 
52.602: [GC (Allocation Failure) [PSYoungGen: 81079K->6144K(121344K)] 471224K->421888K(1038848K), 0.0027990 secs] [Times: user=0.00 sys=0.00, real=0.00 secs] 
54.782: [GC (Allocation Failure) [PSYoungGen: 116918K->5120K(121344K)] 635062K->528384K(1038848K), 0.0013948 secs] [Times: user=0.00 sys=0.00, real=0.00 secs] 
55.873: [GC (Allocation Failure) [PSYoungGen: 114870K->1024K(121344K)] 740535K->636928K(1038848K), 0.0022198 secs] [Times: user=0.00 sys=0.00, real=0.00 secs] 
56.856: [GC (Allocation Failure) [PSYoungGen: 74935K->5120K(121344K)] 710839K->681984K(1038848K), 0.0030901 secs] [Times: user=0.00 sys=0.00, real=0.00 secs] 
58.273: [GC (Allocation Failure) [PSYoungGen: 94389K->0K(121344K)] 873654K->799744K(1038848K), 0.0039666 secs] [Times: user=0.00 sys=0.00, real=0.00 secs] 
59.578: [Full GC (Ergonomics) [PSYoungGen: 104630K->0K(121344K)] [ParOldGen: 902144K->67584K(917504K)] 1006775K->67584K(1038848K), [Metaspace: 2796K->2796K(1056768K)], 0.0068843 secs] [Times: user=0.01 sys=0.00, real=0.01 secs] 
60.780: [GC (Allocation Failure) [PSYoungGen: 104631K->5120K(121344K)] 274615K->180224K(1038848K), 0.0010459 secs] [Times: user=0.00 sys=0.00, real=0.00 secs] 
62.193: [GC (Allocation Failure) [PSYoungGen: 109751K->5120K(121344K)] 387255K->287744K(1038848K), 0.0012052 secs] [Times: user=0.00 sys=0.00, real=0.00 secs] 
63.286: [GC (Allocation Failure) [PSYoungGen: 114871K->6144K(121344K)] 499896K->391168K(1038848K), 0.0016319 secs] [Times: user=0.02 sys=0.00, real=0.00 secs] 
64.376: [GC (Allocation Failure) [PSYoungGen: 115896K->2048K(121344K)] 603320K->499712K(1038848K), 0.0018321 secs] [Times: user=0.00 sys=0.00, real=0.00 secs] 
66.665: [GC (Allocation Failure) [PSYoungGen: 106680K->5120K(121344K)] 604344K->513024K(1038848K), 0.0018174 secs] [Times: user=0.00 sys=0.00, real=0.00 secs] 
67.866: [GC (Allocation Failure) [PSYoungGen: 109750K->5120K(121344K)] 720055K->646144K(1038848K), 0.0031416 secs] [Times: user=0.00 sys=0.00, real=0.00 secs] 
68.957: [GC (Allocation Failure) [PSYoungGen: 114871K->5120K(121344K)] 858295K->804864K(1038848K), 0.0057961 secs] [Times: user=0.00 sys=0.00, real=0.01 secs] 
70.921: [Full GC (Ergonomics) [PSYoungGen: 114871K->0K(121344K)] [ParOldGen: 902144K->118289K(917504K)] 1017016K->118289K(1038848K), [Metaspace: 2796K->2796K(1056768K)], 0.0097610 secs] [Times: user=0.02 sys=0.00, real=0.01 secs] 
72.138: [GC (Allocation Failure) [PSYoungGen: 104632K->6144K(121344K)] 325321K->231953K(1038848K), 0.0010385 secs] [Times: user=0.00 sys=0.00, real=0.00 secs] 
73.668: [GC (Allocation Failure) [PSYoungGen: 115896K->0K(121344K)] 444105K->348689K(1038848K), 0.0014111 secs] [Times: user=0.00 sys=0.00, real=0.00 secs] 
74.867: [GC (Allocation Failure) [PSYoungGen: 109752K->5120K(121344K)] 560841K->461329K(1038848K), 0.0011521 secs] [Times: user=0.00 sys=0.00, real=0.00 secs] 
75.960: [GC (Allocation Failure) [PSYoungGen: 114872K->5120K(121344K)] 673481K->579089K(1038848K), 0.0017538 secs] [Times: user=0.00 sys=0.00, real=0.00 secs] 
78.030: [GC (Allocation Failure) [PSYoungGen: 114872K->5120K(121344K)] 688842K->589329K(1038848K), 0.0015711 secs] [Times: user=0.00 sys=0.00, real=0.00 secs] 
79.232: [GC (Allocation Failure) [PSYoungGen: 109751K->5120K(121344K)] 796360K->753169K(1038848K), 0.0052806 secs] [Times: user=0.00 sys=0.00, real=0.01 secs] 
80.320: [Full GC (Ergonomics) [PSYoungGen: 114871K->0K(121344K)] [ParOldGen: 850449K->169489K(917504K)] 965321K->169489K(1038848K), [Metaspace: 2796K->2796K(1056768K)], 0.0128373 secs] [Times: user=0.00 sys=0.00, real=0.01 secs] 
82.410: [GC (Allocation Failure) [PSYoungGen: 84151K->6144K(121344K)] 356041K->298513K(1038848K), 0.0024226 secs] [Times: user=0.00 sys=0.00, real=0.00 secs] 
83.717: [GC (Allocation Failure) [PSYoungGen: 110776K->7168K(121344K)] 505545K->422417K(1038848K), 0.0021658 secs] [Times: user=0.00 sys=0.00, real=0.00 secs] 
85.136: [GC (Allocation Failure) [PSYoungGen: 106680K->0K(121344K)] 624329K->538129K(1038848K), 0.0017024 secs] [Times: user=0.00 sys=0.00, real=0.00 secs] 
86.336: [GC (Allocation Failure) [PSYoungGen: 104632K->5120K(121344K)] 745161K->650769K(1038848K), 0.0015106 secs] [Times: user=0.00 sys=0.00, real=0.00 secs] 
87.425: [GC (Allocation Failure) [PSYoungGen: 114872K->5120K(121344K)] 862921K->783889K(1038848K), 0.0031771 secs] [Times: user=0.02 sys=0.00, real=0.00 secs] 
88.732: [GC (Allocation Failure) [PSYoungGen: 114872K->0K(121344K)] 893641K->829969K(1038848K), 0.0047073 secs] [Times: user=0.00 sys=0.00, real=0.01 secs] 
89.497: [GC (Allocation Failure) [PSYoungGen: 63671K->5120K(121344K)] 893640K->855569K(1038848K), 0.0027961 secs] [Times: user=0.00 sys=0.00, real=0.00 secs] 
89.500: [Full GC (Ergonomics) [PSYoungGen: 5120K->0K(121344K)] [ParOldGen: 850449K->26129K(917504K)] 855569K->26129K(1038848K), [Metaspace: 2796K->2796K(1056768K)], 0.0040969 secs] [Times: user=0.00 sys=0.00, real=0.00 secs] 
90.807: [GC (Allocation Failure) [PSYoungGen: 104604K->5120K(121344K)] 233133K->143889K(1038848K), 0.0014807 secs] [Times: user=0.00 sys=0.00, real=0.00 secs] 
92.773: [GC (Allocation Failure) [PSYoungGen: 111782K->2048K(121344K)] 352951K->243217K(1038848K), 0.0007105 secs] [Times: user=0.00 sys=0.00, real=0.00 secs] 
93.756: [GC (Allocation Failure) [PSYoungGen: 75948K->1024K(121344K)] 317117K->272913K(1038848K), 0.0026025 secs] [Times: user=0.00 sys=0.00, real=0.00 secs] 
95.065: [GC (Allocation Failure) [PSYoungGen: 105647K->6144K(121344K)] 479936K->400913K(1038848K), 0.0017852 secs] [Times: user=0.00 sys=0.00, real=0.00 secs] 
96.479: [GC (Allocation Failure) [PSYoungGen: 100530K->0K(121344K)] 597699K->507409K(1038848K), 0.0018188 secs] [Times: user=0.00 sys=0.00, real=0.00 secs] 
97.678: [GC (Allocation Failure) [PSYoungGen: 104628K->5120K(121344K)] 714437K->640529K(1038848K), 0.0027008 secs] [Times: user=0.00 sys=0.00, real=0.00 secs] 
98.768: [GC (Allocation Failure) [PSYoungGen: 114869K->5120K(121344K)] 852679K->794129K(1038848K), 0.0049876 secs] [Times: user=0.00 sys=0.00, real=0.01 secs] 
100.189: [Full GC (Ergonomics) [PSYoungGen: 114870K->0K(121344K)] [ParOldGen: 891409K->102929K(917504K)] 1006280K->102929K(1038848K), [Metaspace: 2796K->2796K(1056768K)], 0.0094056 secs] [Times: user=0.01 sys=0.00, real=0.01 secs] 
101.280: [GC (Allocation Failure) [PSYoungGen: 109751K->7168K(121344K)] 315080K->212497K(1038848K), 0.0010505 secs] [Times: user=0.00 sys=0.00, real=0.00 secs] 
102.260: [GC (Allocation Failure) [PSYoungGen: 81079K->6144K(121344K)] 286409K->237073K(1038848K), 0.0025410 secs] [Times: user=0.00 sys=0.00, real=0.00 secs] 
104.446: [GC (Allocation Failure) [PSYoungGen: 116918K->5120K(121344K)] 450247K->343569K(1038848K), 0.0010224 secs] [Times: user=0.00 sys=0.00, real=0.00 secs] 
105.535: [GC (Allocation Failure) [PSYoungGen: 114870K->1024K(121344K)] 555720K->452113K(1038848K), 0.0014489 secs] [Times: user=0.00 sys=0.00, real=0.00 secs] 
106.516: [GC (Allocation Failure) [PSYoungGen: 74935K->5120K(121344K)] 526024K->497169K(1038848K), 0.0027988 secs] [Times: user=0.00 sys=0.00, real=0.00 secs] 
107.935: [GC (Allocation Failure) [PSYoungGen: 94389K->0K(121344K)] 688839K->614929K(1038848K), 0.0021909 secs] [Times: user=0.00 sys=0.00, real=0.00 secs] 
109.244: [GC (Allocation Failure) [PSYoungGen: 104630K->5120K(121344K)] 821960K->783889K(1038848K), 0.0050685 secs] [Times: user=0.00 sys=0.00, real=0.00 secs] 
110.443: [Full GC (Ergonomics) [PSYoungGen: 109751K->0K(121344K)] [ParOldGen: 881169K->169489K(917504K)] 990920K->169489K(1038848K), [Metaspace: 2796K->2796K(1056768K)], 0.0132278 secs] [Times: user=0.00 sys=0.00, real=0.01 secs] 
111.878: [GC (Allocation Failure) [PSYoungGen: 104631K->5120K(121344K)] 376521K->282129K(1038848K), 0.0010377 secs] [Times: user=0.00 sys=0.00, real=0.00 secs] 
112.967: [GC (Allocation Failure) [PSYoungGen: 114871K->6144K(121344K)] 494281K->390673K(1038848K), 0.0011237 secs] [Times: user=0.00 sys=0.00, real=0.00 secs] 
114.058: [GC (Allocation Failure) [PSYoungGen: 115896K->2048K(121344K)] 602825K->499217K(1038848K), 0.0014740 secs] [Times: user=0.00 sys=0.00, real=0.00 secs] 
116.346: [GC (Allocation Failure) [PSYoungGen: 106680K->5120K(121344K)] 603849K->512529K(1038848K), 0.0016698 secs] [Times: user=0.00 sys=0.00, real=0.00 secs] 
117.545: [GC (Allocation Failure) [PSYoungGen: 109750K->5120K(121344K)] 719560K->645649K(1038848K), 0.0030419 secs] [Times: user=0.00 sys=0.00, real=0.00 secs] 
118.637: [GC (Allocation Failure) [PSYoungGen: 114871K->5120K(121344K)] 857801K->799249K(1038848K), 0.0047939 secs] [Times: user=0.00 sys=0.00, real=0.01 secs] 
120.602: [Full GC (Ergonomics) [PSYoungGen: 114871K->0K(121344K)] [ParOldGen: 896529K->118289K(917504K)] 1011401K->118289K(1038848K), [Metaspace: 2796K->2796K(1056768K)], 0.0098858 secs] [Times: user=0.00 sys=0.00, real=0.01 secs] 
121.821: [GC (Allocation Failure) [PSYoungGen: 104632K->6144K(121344K)] 325321K->231953K(1038848K), 0.0009721 secs] [Times: user=0.00 sys=0.00, real=0.00 secs] 
123.341: [GC (Allocation Failure) [PSYoungGen: 115896K->0K(121344K)] 444105K->348689K(1038848K), 0.0015685 secs] [Times: user=0.00 sys=0.00, real=0.00 secs] 
124.540: [GC (Allocation Failure) [PSYoungGen: 109752K->5120K(121344K)] 560841K->461329K(1038848K), 0.0012577 secs] [Times: user=0.00 sys=0.00, real=0.00 secs] 
125.625: [GC (Allocation Failure) [PSYoungGen: 114872K->5120K(121344K)] 673481K->579089K(1038848K), 0.0018590 secs] [Times: user=0.00 sys=0.00, real=0.00 secs] 
127.698: [GC (Allocation Failure) [PSYoungGen: 114872K->5120K(121344K)] 688842K->589329K(1038848K), 0.0018035 secs] [Times: user=0.00 sys=0.00, real=0.00 secs] 
128.896: [GC (Allocation Failure) [PSYoungGen: 109751K->5120K(121344K)] 796360K->753169K(1038848K), 0.0052103 secs] [Times: user=0.00 sys=0.00, real=0.01 secs] 
129.989: [Full GC (Ergonomics) [PSYoungGen: 114871K->0K(121344K)] [ParOldGen: 850449K->169489K(917504K)] 965321K->169489K(1038848K), [Metaspace: 2796K->2796K(1056768K)], 0.0128620 secs] [Times: user=0.00 sys=0.00, real=0.01 secs] 
132.073: [GC (Allocation Failure) [PSYoungGen: 84151K->6144K(121344K)] 356041K->298513K(1038848K), 0.0024149 secs] [Times: user=0.00 sys=0.00, real=0.00 secs] 
133.382: [GC (Allocation Failure) [PSYoungGen: 110776K->7168K(121344K)] 505545K->422417K(1038848K), 0.0021197 secs] [Times: user=0.00 sys=0.00, real=0.00 secs] 
134.801: [GC (Allocation Failure) [PSYoungGen: 106680K->0K(121344K)] 624329K->538129K(1038848K), 0.0016516 secs] [Times: user=0.00 sys=0.00, real=0.00 secs] 
136.001: [GC (Allocation Failure) [PSYoungGen: 104632K->5120K(121344K)] 745161K->650769K(1038848K), 0.0015565 secs] [Times: user=0.00 sys=0.00, real=0.00 secs] 
137.091: [GC (Allocation Failure) [PSYoungGen: 114872K->5120K(121344K)] 862921K->778769K(1038848K), 0.0028064 secs] [Times: user=0.00 sys=0.00, real=0.00 secs] 
138.405: [GC (Allocation Failure) [PSYoungGen: 114872K->0K(121344K)] 888521K->824849K(1038848K), 0.0045507 secs] [Times: user=0.00 sys=0.00, real=0.00 secs] 
139.166: [GC (Allocation Failure) [PSYoungGen: 63671K->5120K(121344K)] 888520K->850449K(1038848K), 0.0024809 secs] [Times: user=0.00 sys=0.00, real=0.00 secs] 
139.275: [GC (Allocation Failure) [PSYoungGen: 58524K->5120K(121344K)] 903853K->901649K(1038848K), 0.0046702 secs] [Times: user=0.00 sys=0.00, real=0.00 secs] 
139.280: [Full GC (Ergonomics) [PSYoungGen: 5120K->0K(121344K)] [ParOldGen: 896529K->56849K(917504K)] 901649K->56849K(1038848K), [Metaspace: 2796K->2796K(1056768K)], 0.0059400 secs] [Times: user=0.00 sys=0.00, real=0.01 secs] 
139.728: [GC (Allocation Failure) [PSYoungGen: 109724K->5120K(121344K)] 166573K->164369K(1038848K), 0.0152427 secs] [Times: user=0.00 sys=0.00, real=0.02 secs] 
140.615: [GC (Allocation Failure) [PSYoungGen: 73878K->5120K(121344K)] 233127K->184849K(1038848K), 0.0021696 secs] [Times: user=0.00 sys=0.00, real=0.00 secs] 
142.907: [GC (Allocation Failure) [PSYoungGen: 111776K->6144K(121344K)] 393906K->288273K(1038848K), 0.0009680 secs] [Times: user=0.00 sys=0.00, real=0.00 secs] 
144.002: [GC (Allocation Failure) [PSYoungGen: 115880K->6144K(121344K)] 500410K->406033K(1038848K), 0.0018923 secs] [Times: user=0.00 sys=0.00, real=0.00 secs] 
144.874: [GC (Allocation Failure) [PSYoungGen: 74926K->6144K(121344K)] 474815K->436753K(1038848K), 0.0027288 secs] [Times: user=0.00 sys=0.00, real=0.00 secs] 
146.293: [GC (Allocation Failure) [PSYoungGen: 100527K->0K(121344K)] 633537K->573969K(1038848K), 0.0025641 secs] [Times: user=0.00 sys=0.00, real=0.00 secs] 
147.600: [GC (Allocation Failure) [PSYoungGen: 104626K->5120K(121344K)] 780996K->691729K(1038848K), 0.0017308 secs] [Times: user=0.00 sys=0.00, real=0.00 secs] 
148.803: [GC (Allocation Failure) [PSYoungGen: 109748K->5120K(121344K)] 898758K->855569K(1038848K), 0.0055306 secs] [Times: user=0.00 sys=0.00, real=0.00 secs] 
148.808: [Full GC (Ergonomics) [PSYoungGen: 5120K->0K(121344K)] [ParOldGen: 850449K->87569K(917504K)] 855569K->87569K(1038848K), [Metaspace: 2796K->2796K(1056768K)], 0.0074487 secs] [Times: user=0.00 sys=0.00, real=0.01 secs] 
150.240: [GC (Allocation Failure) [PSYoungGen: 109750K->5120K(121344K)] 299719K->200209K(1038848K), 0.0010478 secs] [Times: user=0.00 sys=0.00, real=0.00 secs] 
151.330: [GC (Allocation Failure) [PSYoungGen: 114870K->6144K(121344K)] 412360K->303633K(1038848K), 0.0011912 secs] [Times: user=0.00 sys=0.00, real=0.00 secs] 
152.420: [GC (Allocation Failure) [PSYoungGen: 115895K->8192K(121344K)] 515784K->408081K(1038848K), 0.0012061 secs] [Times: user=0.00 sys=0.00, real=0.00 secs] 
154.710: [GC (Allocation Failure) [PSYoungGen: 102583K->5120K(121344K)] 502473K->425489K(1038848K), 0.0019737 secs] [Times: user=0.00 sys=0.00, real=0.00 secs] 
155.911: [GC (Allocation Failure) [PSYoungGen: 109750K->5120K(121344K)] 632520K->538129K(1038848K), 0.0015983 secs] [Times: user=0.00 sys=0.00, real=0.00 secs] 
157.547: [GC (Allocation Failure) [PSYoungGen: 114871K->5120K(121344K)] 750280K->640529K(1038848K), 0.0012205 secs] [Times: user=0.00 sys=0.00, real=0.00 secs] 
158.747: [GC (Allocation Failure) [PSYoungGen: 109751K->5120K(121344K)] 847561K->799249K(1038848K), 0.0049346 secs] [Times: user=0.00 sys=0.00, real=0.00 secs] 
159.839: [Full GC (Ergonomics) [PSYoungGen: 114871K->0K(121344K)] [ParOldGen: 896529K->164369K(917504K)] 1011401K->164369K(1038848K), [Metaspace: 2796K->2796K(1056768K)], 0.0135405 secs] [Times: user=0.00 sys=0.00, real=0.01 secs] 
161.380: [GC (Allocation Failure) [PSYoungGen: 109752K->1024K(121344K)] 376521K->267793K(1038848K), 0.0007225 secs] [Times: user=0.00 sys=0.00, real=0.00 secs] 
162.470: [GC (Allocation Failure) [PSYoungGen: 110776K->6144K(121344K)] 479945K->380433K(1038848K), 0.0011907 secs] [Times: user=0.00 sys=0.00, real=0.00 secs] 
163.345: [GC (Allocation Failure) [PSYoungGen: 74936K->1024K(121344K)] 449225K->406033K(1038848K), 0.0025862 secs] [Times: user=0.00 sys=0.00, real=0.00 secs] 
165.303: [GC (Allocation Failure) [PSYoungGen: 110774K->5120K(121344K)] 618183K->512529K(1038848K), 0.0013305 secs] [Times: user=0.00 sys=0.00, real=0.00 secs] 
166.175: [GC (Allocation Failure) [PSYoungGen: 73911K->5120K(121344K)] 581320K->553489K(1038848K), 0.0026869 secs] [Times: user=0.00 sys=0.00, real=0.00 secs] 
167.483: [GC (Allocation Failure) [PSYoungGen: 109749K->5120K(121344K)] 760519K->671249K(1038848K), 0.0018520 secs] [Times: user=0.00 sys=0.00, real=0.00 secs] 
169.009: [GC (Allocation Failure) [PSYoungGen: 99510K->5120K(121344K)] 868040K->773649K(1038848K), 0.0021511 secs] [Times: user=0.00 sys=0.00, real=0.00 secs] 
170.320: [Full GC (Ergonomics) [PSYoungGen: 109751K->0K(121344K)] [ParOldGen: 870929K->118289K(917504K)] 980680K->118289K(1038848K), [Metaspace: 2796K->2796K(1056768K)], 0.0096157 secs] [Times: user=0.00 sys=0.00, real=0.01 secs] 
171.536: [GC (Allocation Failure) [PSYoungGen: 104631K->6144K(121344K)] 325321K->231953K(1038848K), 0.0010912 secs] [Times: user=0.00 sys=0.00, real=0.00 secs] 
173.065: [GC (Allocation Failure) [PSYoungGen: 115895K->0K(121344K)] 444105K->348689K(1038848K), 0.0014701 secs] [Times: user=0.00 sys=0.00, real=0.00 secs] 
174.266: [GC (Allocation Failure) [PSYoungGen: 109752K->5120K(121344K)] 560841K->461329K(1038848K), 0.0013483 secs] [Times: user=0.00 sys=0.00, real=0.00 secs] 
175.357: [GC (Allocation Failure) [PSYoungGen: 114872K->5120K(121344K)] 673481K->579089K(1038848K), 0.0016836 secs] [Times: user=0.00 sys=0.00, real=0.00 secs] 
177.431: [GC (Allocation Failure) [PSYoungGen: 114872K->5120K(121344K)] 688841K->589329K(1038848K), 0.0016218 secs] [Times: user=0.00 sys=0.00, real=0.00 secs] 
178.636: [GC (Allocation Failure) [PSYoungGen: 109751K->5120K(121344K)] 796360K->753169K(1038848K), 0.0053544 secs] [Times: user=0.00 sys=0.00, real=0.01 secs] 
179.727: [Full GC (Ergonomics) [PSYoungGen: 114871K->0K(121344K)] [ParOldGen: 850449K->169489K(917504K)] 965321K->169489K(1038848K), [Metaspace: 2796K->2796K(1056768K)], 0.0132215 secs] [Times: user=0.00 sys=0.00, real=0.01 secs] 
181.818: [GC (Allocation Failure) [PSYoungGen: 84151K->6144K(121344K)] 356041K->298513K(1038848K), 0.0021792 secs] [Times: user=0.00 sys=0.00, real=0.00 secs] 
183.127: [GC (Allocation Failure) [PSYoungGen: 110776K->7168K(121344K)] 505545K->422417K(1038848K), 0.0023707 secs] [Times: user=0.00 sys=0.00, real=0.00 secs] 
184.542: [GC (Allocation Failure) [PSYoungGen: 106680K->0K(121344K)] 624329K->538129K(1038848K), 0.0014815 secs] [Times: user=0.00 sys=0.00, real=0.00 secs] 
185.743: [GC (Allocation Failure) [PSYoungGen: 104632K->5120K(121344K)] 745161K->650769K(1038848K), 0.0013478 secs] [Times: user=0.00 sys=0.00, real=0.00 secs] 
186.833: [GC (Allocation Failure) [PSYoungGen: 114872K->5120K(121344K)] 862921K->778769K(1038848K), 0.0025222 secs] [Times: user=0.00 sys=0.00, real=0.00 secs] 
188.142: [GC (Allocation Failure) [PSYoungGen: 114872K->0K(121344K)] 888521K->824849K(1038848K), 0.0046226 secs] [Times: user=0.00 sys=0.00, real=0.00 secs] 
188.906: [GC (Allocation Failure) [PSYoungGen: 63671K->5120K(121344K)] 888520K->850449K(1038848K), 0.0024511 secs] [Times: user=0.00 sys=0.00, real=0.00 secs] 
189.016: [GC (Allocation Failure) [PSYoungGen: 58524K->5120K(121344K)] 903853K->901649K(1038848K), 0.0052297 secs] [Times: user=0.00 sys=0.00, real=0.00 secs] 
189.021: [Full GC (Ergonomics) [PSYoungGen: 5120K->0K(121344K)] [ParOldGen: 896529K->56849K(917504K)] 901649K->56849K(1038848K), [Metaspace: 2796K->2796K(1056768K)], 0.0060452 secs] [Times: user=0.00 sys=0.00, real=0.01 secs] 
189.468: [GC (Allocation Failure) [PSYoungGen: 109724K->5120K(121344K)] 166573K->164369K(1038848K), 0.0156059 secs] [Times: user=0.00 sys=0.00, real=0.02 secs] 
190.355: [GC (Allocation Failure) [PSYoungGen: 73878K->5120K(121344K)] 233127K->184849K(1038848K), 0.0022822 secs] [Times: user=0.00 sys=0.00, real=0.00 secs] 
192.647: [GC (Allocation Failure) [PSYoungGen: 111776K->6176K(121344K)] 393906K->288305K(1038848K), 0.0010619 secs] [Times: user=0.00 sys=0.00, real=0.00 secs] 
193.739: [GC (Allocation Failure) [PSYoungGen: 115912K->6176K(121344K)] 500442K->406065K(1038848K), 0.0017716 secs] [Times: user=0.02 sys=0.00, real=0.00 secs] 
194.611: [GC (Allocation Failure) [PSYoungGen: 74958K->6176K(121344K)] 474847K->436785K(1038848K), 0.0028453 secs] [Times: user=0.00 sys=0.00, real=0.00 secs] 
196.028: [GC (Allocation Failure) [PSYoungGen: 100559K->64K(121344K)] 633569K->574033K(1038848K), 0.0024100 secs] [Times: user=0.00 sys=0.00, real=0.00 secs] 
197.340: [GC (Allocation Failure) [PSYoungGen: 104690K->5184K(121344K)] 781060K->691793K(1038848K), 0.0016430 secs] [Times: user=0.00 sys=0.00, real=0.00 secs] 
198.540: [GC (Allocation Failure) [PSYoungGen: 109812K->5152K(121344K)] 898822K->855601K(1038848K), 0.0053853 secs] [Times: user=0.00 sys=0.00, real=0.01 secs] 
198.546: [Full GC (Ergonomics) [PSYoungGen: 5152K->0K(121344K)] [ParOldGen: 850449K->87569K(917504K)] 855601K->87569K(1038848K), [Metaspace: 2796K->2796K(1056768K)], 0.0077100 secs] [Times: user=0.00 sys=0.00, real=0.01 secs] 
199.971: [GC (Allocation Failure) [PSYoungGen: 109750K->5120K(121344K)] 299719K->200209K(1038848K), 0.0012156 secs] [Times: user=0.00 sys=0.00, real=0.00 secs] 
201.065: [GC (Allocation Failure) [PSYoungGen: 114870K->6144K(121344K)] 412360K->308753K(1038848K), 0.0012242 secs] [Times: user=0.00 sys=0.00, real=0.00 secs] 
202.156: [GC (Allocation Failure) [PSYoungGen: 115895K->8192K(121344K)] 520905K->418321K(1038848K), 0.0012413 secs] [Times: user=0.00 sys=0.00, real=0.00 secs] 
204.443: [GC (Allocation Failure) [PSYoungGen: 102583K->5120K(121344K)] 512713K->435729K(1038848K), 0.0017488 secs] [Times: user=0.00 sys=0.00, real=0.00 secs] 
205.638: [GC (Allocation Failure) [PSYoungGen: 109750K->5120K(121344K)] 642760K->548369K(1038848K), 0.0013737 secs] [Times: user=0.00 sys=0.00, real=0.00 secs] 
207.274: [GC (Allocation Failure) [PSYoungGen: 114871K->5120K(121344K)] 760521K->650770K(1038848K), 0.0014363 secs] [Times: user=0.00 sys=0.00, real=0.00 secs] 
208.481: [GC (Allocation Failure) [PSYoungGen: 109751K->5120K(121344K)] 857801K->809490K(1038848K), 0.0057503 secs] [Times: user=0.00 sys=0.00, real=0.00 secs] 
209.571: [Full GC (Ergonomics) [PSYoungGen: 114871K->0K(121344K)] [ParOldGen: 906770K->164369K(917504K)] 1021641K->164369K(1038848K), [Metaspace: 2796K->2796K(1056768K)], 0.0131788 secs] [Times: user=0.00 sys=0.00, real=0.01 secs] 
211.116: [GC (Allocation Failure) [PSYoungGen: 109752K->1024K(121344K)] 376521K->267793K(1038848K), 0.0006668 secs] [Times: user=0.00 sys=0.00, real=0.00 secs] 
212.206: [GC (Allocation Failure) [PSYoungGen: 110776K->6144K(121344K)] 479946K->380433K(1038848K), 0.0012532 secs] [Times: user=0.00 sys=0.00, real=0.00 secs] 
213.078: [GC (Allocation Failure) [PSYoungGen: 74936K->6144K(121344K)] 449226K->411153K(1038848K), 0.0028142 secs] [Times: user=0.00 sys=0.00, real=0.00 secs] 
215.043: [GC (Allocation Failure) [PSYoungGen: 115894K->5120K(121344K)] 623304K->512529K(1038848K), 0.0018117 secs] [Times: user=0.00 sys=0.00, real=0.00 secs] 
215.918: [GC (Allocation Failure) [PSYoungGen: 73911K->5120K(121344K)] 581320K->553489K(1038848K), 0.0028272 secs] [Times: user=0.00 sys=0.00, real=0.00 secs] 
217.229: [GC (Allocation Failure) [PSYoungGen: 109749K->5120K(121344K)] 760519K->671249K(1038848K), 0.0017006 secs] [Times: user=0.00 sys=0.00, real=0.00 secs] 
Heap
 PSYoungGen      total 121344K, used 101743K [0x00000000f8000000, 0x0000000100000000, 0x0000000100000000)
  eden space 111616K, 86% used [0x00000000f8000000,0x00000000fde5bcd8,0x00000000fed00000)
  from space 9728K, 52% used [0x00000000fed00000,0x00000000ff200010,0x00000000ff680000)
  to   space 9728K, 0% used [0x00000000ff680000,0x00000000ff680000,0x0000000100000000)
 ParOldGen       total 917504K, used 768529K [0x00000000c0000000, 0x00000000f8000000, 0x00000000f8000000)
  object space 917504K, 83% used [0x00000000c0000000,0x00000000eee847e0,0x00000000f8000000)
 Metaspace       used 2804K, capacity 4486K, committed 4864K, reserved 1056768K
  class space    used 297K, capacity 386K, committed 512K, reserved 1048576K
