Java HotSpot(TM) 64-Bit Server VM (25.411-b09) for windows-amd64 JRE (1.8.0_411-b09), built on Mar 13 2024 07:26:13 by "java_re" with MS VC++ 17.1 (VS2022)
Memory: 4k page, physical 33403376k(9160720k free), swap 46364108k(3530264k free)
CommandLine flags: -XX:InitialHeapSize=2147483648 -XX:MaxHeapSize=2147483648 -XX:NewRatio=10 -XX:ParallelGCThreads=10 -XX:+PrintGC -XX:+PrintGCDetails -XX:+PrintGCTimeStamps -XX:-UseAdaptiveSizePolicy -XX:+UseCompressedClassPointers -XX:+UseCompressedOops -XX:-UseLargePagesIndividualAllocation -XX:+UseParallelGC 
1.982: [GC (Allocation Failure) [PSYoungGen: 140902K->12016K(166912K)] 243302K->114424K(2073600K), 0.0029422 secs] [Times: user=0.00 sys=0.00, real=0.00 secs] 
3.752: [GC (Allocation Failure) [PSYoungGen: 153123K->18104K(166912K)] 357931K->222912K(2073600K), 0.0031714 secs] [Times: user=0.00 sys=0.00, real=0.00 secs] 
6.070: [GC (Allocation Failure) [PSYoungGen: 160235K->17080K(166912K)] 467443K->324288K(2073600K), 0.0031468 secs] [Times: user=0.02 sys=0.00, real=0.00 secs] 
8.387: [GC (Allocation Failure) [PSYoungGen: 159621K->5768K(166912K)] 569229K->415384K(2073600K), 0.0031604 secs] [Times: user=0.00 sys=0.00, real=0.00 secs] 
9.835: [GC (Allocation Failure) [PSYoungGen: 131515K->16056K(166912K)] 643531K->579272K(2073600K), 0.0189149 secs] [Times: user=0.03 sys=0.00, real=0.02 secs] 
11.296: [GC (Allocation Failure) [PSYoungGen: 141803K->21144K(166912K)] 807419K->686760K(2073600K), 0.0032657 secs] [Times: user=0.00 sys=0.00, real=0.00 secs] 
12.850: [GC (Allocation Failure) [PSYoungGen: 147823K->21144K(166912K)] 915839K->794288K(2073600K), 0.0045480 secs] [Times: user=0.00 sys=0.00, real=0.01 secs] 
14.296: [GC (Allocation Failure) [PSYoungGen: 146891K->22232K(166912K)] 1022435K->908016K(2073600K), 0.0059525 secs] [Times: user=0.02 sys=0.00, real=0.01 secs] 
16.832: [GC (Allocation Failure) [PSYoungGen: 158219K->10904K(166912K)] 1146403K->999088K(2073600K), 0.0060147 secs] [Times: user=0.00 sys=0.00, real=0.01 secs] 
18.386: [GC (Allocation Failure) [PSYoungGen: 146891K->21208K(166912K)] 1237475K->1132280K(2073600K), 0.0087416 secs] [Times: user=0.03 sys=0.00, real=0.01 secs] 
20.065: [GC (Allocation Failure) [PSYoungGen: 126475K->5720K(166912K)] 1339947K->1219192K(2073600K), 0.0069515 secs] [Times: user=0.00 sys=0.00, real=0.01 secs] 
21.527: [GC (Allocation Failure) [PSYoungGen: 131467K->21208K(166912K)] 1447339K->1342200K(2073600K), 0.0061066 secs] [Times: user=0.00 sys=0.00, real=0.01 secs] 
22.973: [GC (Allocation Failure) [PSYoungGen: 146955K->22216K(166912K)] 1570347K->1450728K(2073600K), 0.0075480 secs] [Times: user=0.02 sys=0.00, real=0.01 secs] 
24.434: [GC (Allocation Failure) [PSYoungGen: 122363K->21208K(166912K)] 1653275K->1562360K(2073600K), 0.0068385 secs] [Times: user=0.01 sys=0.00, real=0.01 secs] 
25.894: [GC (Allocation Failure) [PSYoungGen: 146955K->16024K(166912K)] 1790507K->1680056K(2073600K), 0.0092312 secs] [Times: user=0.00 sys=0.00, real=0.01 secs] 
28.227: [GC (Allocation Failure) [PSYoungGen: 157131K->10400K(166912K)] 1923563K->1777400K(2073600K), 0.0091158 secs] [Times: user=0.02 sys=0.00, real=0.01 secs] 
29.907: [Full GC (Ergonomics) [PSYoungGen: 146993K->0K(166912K)] [ParOldGen: 1869400K->67089K(1906688K)] 2016393K->67089K(2073600K), [Metaspace: 2793K->2793K(1056768K)], 0.0287187 secs] [Times: user=0.00 sys=0.01, real=0.03 secs] 
32.564: [GC (Allocation Failure) [PSYoungGen: 143155K->6144K(166912K)] 415044K->278033K(2073600K), 0.0013367 secs] [Times: user=0.00 sys=0.00, real=0.00 secs] 
34.197: [GC (Allocation Failure) [PSYoungGen: 142131K->12288K(166912K)] 516420K->386577K(2073600K), 0.0015481 secs] [Times: user=0.00 sys=0.00, real=0.00 secs] 
35.940: [GC (Allocation Failure) [PSYoungGen: 153395K->20480K(166912K)] 630084K->507409K(2073600K), 0.0032042 secs] [Times: user=0.00 sys=0.00, real=0.00 secs] 
37.355: [GC (Allocation Failure) [PSYoungGen: 146227K->20480K(166912K)] 735556K->635409K(2073600K), 0.0033647 secs] [Times: user=0.02 sys=0.00, real=0.00 secs] 
38.771: [GC (Allocation Failure) [PSYoungGen: 146227K->20480K(166912K)] 863556K->763409K(2073600K), 0.0041219 secs] [Times: user=0.00 sys=0.00, real=0.00 secs] 
40.186: [GC (Allocation Failure) [PSYoungGen: 135987K->5120K(166912K)] 878916K->768529K(2073600K), 0.0032675 secs] [Times: user=0.02 sys=0.00, real=0.00 secs] 
41.600: [GC (Allocation Failure) [PSYoungGen: 130860K->10240K(166912K)] 996669K->896529K(2073600K), 0.0039249 secs] [Times: user=0.00 sys=0.00, real=0.00 secs] 
44.321: [GC (Allocation Failure) [PSYoungGen: 148270K->21504K(166912K)] 1136960K->1010193K(2073600K), 0.0038311 secs] [Times: user=0.00 sys=0.00, real=0.00 secs] 
45.736: [GC (Allocation Failure) [PSYoungGen: 147248K->21504K(166912K)] 1238338K->1127953K(2073600K), 0.0060704 secs] [Times: user=0.00 sys=0.00, real=0.01 secs] 
47.260: [GC (Allocation Failure) [PSYoungGen: 137009K->20480K(166912K)] 1345859K->1249809K(2073600K), 0.0039602 secs] [Times: user=0.00 sys=0.00, real=0.00 secs] 
48.675: [GC (Allocation Failure) [PSYoungGen: 146226K->5120K(166912K)] 1477955K->1357329K(2073600K), 0.0071928 secs] [Times: user=0.00 sys=0.00, real=0.01 secs] 
50.106: [GC (Allocation Failure) [PSYoungGen: 130866K->20480K(166912K)] 1585476K->1536529K(2073600K), 0.0085984 secs] [Times: user=0.02 sys=0.00, real=0.01 secs] 
51.537: [GC (Allocation Failure) [PSYoungGen: 130866K->20480K(166912K)] 1749316K->1644049K(2073600K), 0.0076549 secs] [Times: user=0.00 sys=0.00, real=0.01 secs] 
52.969: [GC (Allocation Failure) [PSYoungGen: 146227K->6144K(166912K)] 1872196K->1752593K(2073600K), 0.0080857 secs] [Times: user=0.00 sys=0.00, real=0.01 secs] 
55.598: [Full GC (Ergonomics) [PSYoungGen: 143155K->0K(166912K)] [ParOldGen: 1848849K->16384K(1906688K)] 1992005K->16384K(2073600K), [Metaspace: 2795K->2795K(1056768K)], 0.0059460 secs] [Times: user=0.00 sys=0.00, real=0.01 secs] 
57.119: [GC (Allocation Failure) [PSYoungGen: 135987K->15360K(166912K)] 254771K->144384K(2073600K), 0.0020705 secs] [Times: user=0.00 sys=0.00, real=0.00 secs] 
58.643: [GC (Allocation Failure) [PSYoungGen: 125747K->20480K(166912K)] 357171K->251904K(2073600K), 0.0036519 secs] [Times: user=0.00 sys=0.00, real=0.00 secs] 
60.074: [GC (Allocation Failure) [PSYoungGen: 146227K->5120K(166912K)] 480051K->410624K(2073600K), 0.0076375 secs] [Times: user=0.02 sys=0.00, real=0.01 secs] 
61.504: [GC (Allocation Failure) [PSYoungGen: 130867K->20480K(166912K)] 638771K->538624K(2073600K), 0.0029233 secs] [Times: user=0.00 sys=0.00, real=0.00 secs] 
62.918: [GC (Allocation Failure) [PSYoungGen: 125747K->5120K(166912K)] 746291K->646144K(2073600K), 0.0032015 secs] [Times: user=0.00 sys=0.00, real=0.00 secs] 
64.333: [GC (Allocation Failure) [PSYoungGen: 130867K->16384K(166912K)] 874292K->780288K(2073600K), 0.0035902 secs] [Times: user=0.00 sys=0.00, real=0.00 secs] 
66.835: [GC (Allocation Failure) [PSYoungGen: 152371K->10240K(166912K)] 1018676K->876544K(2073600K), 0.0034174 secs] [Times: user=0.00 sys=0.00, real=0.00 secs] 
68.360: [GC (Allocation Failure) [PSYoungGen: 146227K->20480K(166912K)] 1114932K->1009664K(2073600K), 0.0037929 secs] [Times: user=0.00 sys=0.00, real=0.00 secs] 
69.994: [GC (Allocation Failure) [PSYoungGen: 125747K->5120K(166912K)] 1217332K->1096704K(2073600K), 0.0049214 secs] [Times: user=0.00 sys=0.00, real=0.00 secs] 
71.410: [GC (Allocation Failure) [PSYoungGen: 130867K->20480K(166912K)] 1324852K->1219584K(2073600K), 0.0059232 secs] [Times: user=0.00 sys=0.00, real=0.01 secs] 
72.823: [GC (Allocation Failure) [PSYoungGen: 146227K->21504K(166912K)] 1447732K->1328128K(2073600K), 0.0053290 secs] [Times: user=0.01 sys=0.00, real=0.01 secs] 
74.239: [GC (Allocation Failure) [PSYoungGen: 121651K->20480K(166912K)] 1530676K->1439744K(2073600K), 0.0062098 secs] [Times: user=0.00 sys=0.00, real=0.01 secs] 
75.669: [GC (Allocation Failure) [PSYoungGen: 146227K->20480K(166912K)] 1667892K->1557504K(2073600K), 0.0067929 secs] [Times: user=0.00 sys=0.00, real=0.01 secs] 
77.954: [GC (Allocation Failure) [PSYoungGen: 161587K->10240K(166912K)] 1801012K->1649664K(2073600K), 0.0068951 secs] [Times: user=0.00 sys=0.00, real=0.01 secs] 
79.585: [GC (Allocation Failure) [PSYoungGen: 146227K->15360K(166912K)] 1888052K->1808384K(2073600K), 0.0077438 secs] [Times: user=0.02 sys=0.00, real=0.01 secs] 
81.451: [Full GC (Ergonomics) [PSYoungGen: 135987K->0K(166912K)] [ParOldGen: 1895424K->5649K(1906688K)] 2031412K->5649K(2073600K), [Metaspace: 2796K->2796K(1056768K)], 0.0049651 secs] [Times: user=0.00 sys=0.01, real=0.01 secs] 
82.445: [GC (Allocation Failure) [PSYoungGen: 135987K->11264K(166912K)] 141636K->16913K(2073600K), 0.0009569 secs] [Times: user=0.00 sys=0.00, real=0.00 secs] 
83.969: [GC (Allocation Failure) [PSYoungGen: 147245K->17408K(166912K)] 255294K->135697K(2073600K), 0.0023085 secs] [Times: user=0.00 sys=0.00, real=0.00 secs] 
85.601: [GC (Allocation Failure) [PSYoungGen: 148271K->10240K(166912K)] 368960K->251409K(2073600K), 0.0027233 secs] [Times: user=0.00 sys=0.00, real=0.00 secs] 
87.015: [GC (Allocation Failure) [PSYoungGen: 135984K->20480K(166912K)] 479554K->399889K(2073600K), 0.0037284 secs] [Times: user=0.00 sys=0.00, real=0.00 secs] 
88.446: [GC (Allocation Failure) [PSYoungGen: 146225K->5120K(166912K)] 628035K->507409K(2073600K), 0.0040354 secs] [Times: user=0.00 sys=0.00, real=0.00 secs] 
89.862: [GC (Allocation Failure) [PSYoungGen: 120626K->20480K(166912K)] 622915K->527889K(2073600K), 0.0025569 secs] [Times: user=0.00 sys=0.00, real=0.00 secs] 
91.292: [GC (Allocation Failure) [PSYoungGen: 146219K->20480K(166912K)] 756029K->635409K(2073600K), 0.0026286 secs] [Times: user=0.00 sys=0.00, real=0.00 secs] 
94.012: [GC (Allocation Failure) [PSYoungGen: 158510K->21504K(166912K)] 875839K->738833K(2073600K), 0.0035724 secs] [Times: user=0.00 sys=0.00, real=0.00 secs] 
95.426: [GC (Allocation Failure) [PSYoungGen: 147248K->16384K(166912K)] 966977K->856593K(2073600K), 0.0040763 secs] [Times: user=0.00 sys=0.00, real=0.00 secs] 
96.951: [GC (Allocation Failure) [PSYoungGen: 131889K->20480K(166912K)] 1074498K->983569K(2073600K), 0.0045674 secs] [Times: user=0.02 sys=0.00, real=0.00 secs] 
98.367: [GC (Allocation Failure) [PSYoungGen: 146225K->20480K(166912K)] 1211715K->1111569K(2073600K), 0.0042248 secs] [Times: user=0.00 sys=0.00, real=0.00 secs] 
99.782: [GC (Allocation Failure) [PSYoungGen: 146226K->5120K(166912K)] 1339716K->1270289K(2073600K), 0.0066253 secs] [Times: user=0.00 sys=0.00, real=0.01 secs] 
101.196: [GC (Allocation Failure) [PSYoungGen: 115506K->5120K(166912K)] 1483076K->1393169K(2073600K), 0.0068990 secs] [Times: user=0.02 sys=0.00, real=0.01 secs] 
102.626: [GC (Allocation Failure) [PSYoungGen: 130866K->11264K(166912K)] 1621316K->1522193K(2073600K), 0.0071177 secs] [Times: user=0.00 sys=0.00, real=0.01 secs] 
105.255: [GC (Allocation Failure) [PSYoungGen: 148275K->15360K(166912K)] 1761605K->1628689K(2073600K), 0.0073284 secs] [Times: user=0.00 sys=0.00, real=0.01 secs] 
106.776: [GC (Allocation Failure) [PSYoungGen: 151347K->20480K(166912K)] 1867077K->1746449K(2073600K), 0.0078029 secs] [Times: user=0.02 sys=0.00, real=0.01 secs] 
108.300: [GC (Allocation Failure) [PSYoungGen: 130867K->20480K(166912K)] 1959237K->1848849K(2073600K), 0.0081538 secs] [Times: user=0.00 sys=0.00, real=0.01 secs] 
108.424: [GC (Allocation Failure) --[PSYoungGen: 74547K->74547K(166912K)] 1902917K->1954117K(2073600K), 0.0085129 secs] [Times: user=0.00 sys=0.00, real=0.01 secs] 
108.433: [Full GC (Ergonomics) [PSYoungGen: 74547K->0K(166912K)] [ParOldGen: 1879569K->52224K(1906688K)] 1954117K->52224K(2073600K), [Metaspace: 2796K->2796K(1056768K)], 0.0085943 secs] [Times: user=0.02 sys=0.00, real=0.01 secs] 
109.419: [GC (Allocation Failure) [PSYoungGen: 135987K->10240K(166912K)] 188211K->62464K(2073600K), 0.0009560 secs] [Times: user=0.00 sys=0.00, real=0.00 secs] 
110.943: [GC (Allocation Failure) [PSYoungGen: 146206K->20480K(166912K)] 300830K->175104K(2073600K), 0.0022051 secs] [Times: user=0.00 sys=0.00, real=0.00 secs] 
112.577: [GC (Allocation Failure) [PSYoungGen: 156453K->20480K(166912K)] 413477K->282624K(2073600K), 0.0025648 secs] [Times: user=0.00 sys=0.00, real=0.00 secs] 
113.992: [GC (Allocation Failure) [PSYoungGen: 146218K->21504K(166912K)] 510762K->396288K(2073600K), 0.0035012 secs] [Times: user=0.00 sys=0.00, real=0.00 secs] 
116.496: [GC (Allocation Failure) [PSYoungGen: 157485K->10240K(166912K)] 634669K->487424K(2073600K), 0.0027318 secs] [Times: user=0.00 sys=0.00, real=0.00 secs] 
118.021: [GC (Allocation Failure) [PSYoungGen: 146223K->20480K(166912K)] 725807K->620544K(2073600K), 0.0042930 secs] [Times: user=0.00 sys=0.00, real=0.00 secs] 
119.668: [GC (Allocation Failure) [PSYoungGen: 125744K->5120K(166912K)] 828209K->707584K(2073600K), 0.0039809 secs] [Times: user=0.01 sys=0.00, real=0.00 secs] 
121.083: [GC (Allocation Failure) [PSYoungGen: 130865K->20480K(166912K)] 935729K->830464K(2073600K), 0.0048578 secs] [Times: user=0.00 sys=0.00, real=0.00 secs] 
122.497: [GC (Allocation Failure) [PSYoungGen: 146226K->6144K(166912K)] 1058610K->939008K(2073600K), 0.0057046 secs] [Times: user=0.02 sys=0.00, real=0.01 secs] 
123.910: [GC (Allocation Failure) [PSYoungGen: 106290K->10240K(166912K)] 1141554K->1065984K(2073600K), 0.0064542 secs] [Times: user=0.00 sys=0.00, real=0.01 secs] 
125.325: [GC (Allocation Failure) [PSYoungGen: 135986K->20480K(166912K)] 1294131K->1204224K(2073600K), 0.0064303 secs] [Times: user=0.00 sys=0.00, real=0.01 secs] 
127.612: [GC (Allocation Failure) [PSYoungGen: 161587K->10240K(166912K)] 1447731K->1296384K(2073600K), 0.0060879 secs] [Times: user=0.00 sys=0.00, real=0.01 secs] 
129.245: [GC (Allocation Failure) [PSYoungGen: 146227K->15360K(166912K)] 1534771K->1455104K(2073600K), 0.0088866 secs] [Times: user=0.01 sys=0.00, real=0.01 secs] 
131.873: [GC (Allocation Failure) [PSYoungGen: 158515K->6144K(166912K)] 1803059K->1650688K(2073600K), 0.0084809 secs] [Times: user=0.03 sys=0.02, real=0.01 secs] 
133.521: [GC (Allocation Failure) [PSYoungGen: 142131K->12288K(166912K)] 1889075K->1759232K(2073600K), 0.0155482 secs] [Times: user=0.02 sys=0.00, real=0.01 secs] 
135.279: [Full GC (Ergonomics) [PSYoungGen: 153395K->0K(166912K)] [ParOldGen: 1849344K->31744K(1906688K)] 2002739K->31744K(2073600K), [Metaspace: 2796K->2796K(1056768K)], 0.0063716 secs] [Times: user=0.02 sys=0.00, real=0.01 secs] 
136.710: [GC (Allocation Failure) [PSYoungGen: 125747K->5120K(166912K)] 259891K->180224K(2073600K), 0.0029635 secs] [Times: user=0.00 sys=0.00, real=0.00 secs] 
138.124: [GC (Allocation Failure) [PSYoungGen: 130867K->10240K(166912K)] 408371K->308224K(2073600K), 0.0025633 secs] [Times: user=0.00 sys=0.00, real=0.00 secs] 
139.540: [GC (Allocation Failure) [PSYoungGen: 125747K->20480K(166912K)] 423731K->323584K(2073600K), 0.0024749 secs] [Times: user=0.00 sys=0.00, real=0.00 secs] 
140.955: [GC (Allocation Failure) [PSYoungGen: 146220K->5120K(166912K)] 551724K->431104K(2073600K), 0.0030342 secs] [Times: user=0.00 sys=0.00, real=0.00 secs] 
143.675: [GC (Allocation Failure) [PSYoungGen: 143150K->21504K(166912K)] 671535K->549888K(2073600K), 0.0022001 secs] [Times: user=0.00 sys=0.00, real=0.00 secs] 
145.090: [GC (Allocation Failure) [PSYoungGen: 147248K->21504K(166912K)] 778032K->667648K(2073600K), 0.0038333 secs] [Times: user=0.01 sys=0.00, real=0.00 secs] 
146.614: [GC (Allocation Failure) [PSYoungGen: 137009K->20480K(166912K)] 885553K->789504K(2073600K), 0.0041458 secs] [Times: user=0.00 sys=0.00, real=0.01 secs] 
148.045: [GC (Allocation Failure) [PSYoungGen: 146226K->5120K(166912K)] 1017650K->917504K(2073600K), 0.0052706 secs] [Times: user=0.00 sys=0.00, real=0.01 secs] 
149.461: [GC (Allocation Failure) [PSYoungGen: 130866K->10240K(166912K)] 1145650K->1096704K(2073600K), 0.0071892 secs] [Times: user=0.00 sys=0.00, real=0.01 secs] 
150.892: [GC (Allocation Failure) [PSYoungGen: 120626K->20480K(166912K)] 1309491K->1214464K(2073600K), 0.0074906 secs] [Times: user=0.00 sys=0.00, real=0.01 secs] 
152.322: [GC (Allocation Failure) [PSYoungGen: 146227K->21504K(166912K)] 1442611K->1323008K(2073600K), 0.0080634 secs] [Times: user=0.01 sys=0.00, real=0.01 secs] 
154.950: [GC (Allocation Failure) [PSYoungGen: 158515K->15360K(166912K)] 1562419K->1419264K(2073600K), 0.0156656 secs] [Times: user=0.02 sys=0.00, real=0.02 secs] 
156.488: [GC (Allocation Failure) [PSYoungGen: 151347K->20480K(166912K)] 1657651K->1537024K(2073600K), 0.0079589 secs] [Times: user=0.00 sys=0.00, real=0.01 secs] 
158.028: [GC (Allocation Failure) [PSYoungGen: 130867K->20480K(166912K)] 1749811K->1639424K(2073600K), 0.0094861 secs] [Times: user=0.03 sys=0.00, real=0.01 secs] 
159.459: [GC (Allocation Failure) [PSYoungGen: 146227K->20480K(166912K)] 1867571K->1798144K(2073600K), 0.0157077 secs] [Times: user=0.03 sys=0.00, real=0.02 secs] 
160.889: [Full GC (Ergonomics) [PSYoungGen: 146227K->0K(166912K)] [ParOldGen: 1880064K->184849K(1906688K)] 2026291K->184849K(2073600K), [Metaspace: 2796K->2796K(1056768K)], 0.0176432 secs] [Times: user=0.02 sys=0.00, real=0.02 secs] 
162.320: [GC (Allocation Failure) [PSYoungGen: 105267K->5120K(166912K)] 392516K->312849K(2073600K), 0.0031944 secs] [Times: user=0.00 sys=0.00, real=0.00 secs] 
163.735: [GC (Allocation Failure) [PSYoungGen: 130867K->16384K(166912K)] 540996K->446993K(2073600K), 0.0036497 secs] [Times: user=0.00 sys=0.00, real=0.00 secs] 
166.238: [GC (Allocation Failure) [PSYoungGen: 152371K->10240K(166912K)] 685380K->543249K(2073600K), 0.0022899 secs] [Times: user=0.00 sys=0.00, real=0.00 secs] 
167.760: [GC (Allocation Failure) [PSYoungGen: 146227K->20480K(166912K)] 781636K->676369K(2073600K), 0.0036312 secs] [Times: user=0.00 sys=0.00, real=0.00 secs] 
169.393: [GC (Allocation Failure) [PSYoungGen: 125747K->5120K(166912K)] 884036K->763409K(2073600K), 0.0026118 secs] [Times: user=0.00 sys=0.00, real=0.00 secs] 
170.810: [GC (Allocation Failure) [PSYoungGen: 130867K->20480K(166912K)] 991556K->886289K(2073600K), 0.0038871 secs] [Times: user=0.01 sys=0.00, real=0.00 secs] 
172.224: [GC (Allocation Failure) [PSYoungGen: 146227K->21504K(166912K)] 1114436K->994833K(2073600K), 0.0043142 secs] [Times: user=0.00 sys=0.00, real=0.00 secs] 
173.654: [GC (Allocation Failure) [PSYoungGen: 121651K->10240K(166912K)] 1197380K->1106449K(2073600K), 0.0040059 secs] [Times: user=0.02 sys=0.00, real=0.00 secs] 
175.069: [GC (Allocation Failure) [PSYoungGen: 135987K->15360K(166912K)] 1334597K->1244689K(2073600K), 0.0046267 secs] [Times: user=0.00 sys=0.00, real=0.00 secs] 
177.353: [GC (Allocation Failure) [PSYoungGen: 156467K->10240K(166912K)] 1488197K->1341969K(2073600K), 0.0053874 secs] [Times: user=0.00 sys=0.00, real=0.00 secs] 
178.986: [GC (Allocation Failure) [PSYoungGen: 146227K->15360K(166912K)] 1580357K->1500689K(2073600K), 0.0060457 secs] [Times: user=0.00 sys=0.00, real=0.01 secs] 
181.598: [GC (Allocation Failure) [PSYoungGen: 158515K->6144K(166912K)] 1848645K->1696273K(2073600K), 0.0073325 secs] [Times: user=0.00 sys=0.00, real=0.01 secs] 
183.231: [GC (Allocation Failure) [PSYoungGen: 142131K->12288K(166912K)] 1934661K->1804817K(2073600K), 0.0074120 secs] [Times: user=0.02 sys=0.00, real=0.01 secs] 
184.974: [Full GC (Ergonomics) [PSYoungGen: 153395K->0K(166912K)] [ParOldGen: 1894929K->31744K(1906688K)] 2048325K->31744K(2073600K), [Metaspace: 2796K->2796K(1056768K)], 0.0066267 secs] [Times: user=0.00 sys=0.00, real=0.01 secs] 
186.403: [GC (Allocation Failure) [PSYoungGen: 125747K->20480K(166912K)] 259891K->180224K(2073600K), 0.0030039 secs] [Times: user=0.02 sys=0.00, real=0.00 secs] 
187.819: [GC (Allocation Failure) [PSYoungGen: 146227K->5120K(166912K)] 408371K->287744K(2073600K), 0.0026461 secs] [Times: user=0.00 sys=0.00, real=0.00 secs] 
189.233: [GC (Allocation Failure) [PSYoungGen: 120627K->5120K(166912K)] 403251K->308224K(2073600K), 0.0028582 secs] [Times: user=0.01 sys=0.00, real=0.00 secs] 
190.649: [GC (Allocation Failure) [PSYoungGen: 130860K->20480K(166912K)] 536364K->436224K(2073600K), 0.0029586 secs] [Times: user=0.00 sys=0.00, real=0.00 secs] 
193.370: [GC (Allocation Failure) [PSYoungGen: 158510K->21536K(166912K)] 676655K->539680K(2073600K), 0.0030106 secs] [Times: user=0.02 sys=0.00, real=0.00 secs] 
194.784: [GC (Allocation Failure) [PSYoungGen: 147280K->21536K(166912K)] 767824K->657440K(2073600K), 0.0038822 secs] [Times: user=0.00 sys=0.00, real=0.00 secs] 
196.308: [GC (Allocation Failure) [PSYoungGen: 137041K->20512K(166912K)] 875345K->779296K(2073600K), 0.0050722 secs] [Times: user=0.00 sys=0.00, real=0.00 secs] 
197.723: [GC (Allocation Failure) [PSYoungGen: 146258K->5184K(166912K)] 1007442K->907328K(2073600K), 0.0052350 secs] [Times: user=0.00 sys=0.00, real=0.01 secs] 
199.135: [GC (Allocation Failure) [PSYoungGen: 130930K->10304K(166912K)] 1135474K->1086528K(2073600K), 0.0073820 secs] [Times: user=0.01 sys=0.00, real=0.01 secs] 
200.566: [GC (Allocation Failure) [PSYoungGen: 120690K->20512K(166912K)] 1299315K->1204256K(2073600K), 0.0075378 secs] [Times: user=0.03 sys=0.00, real=0.01 secs] 
201.997: [GC (Allocation Failure) [PSYoungGen: 146259K->6176K(166912K)] 1432403K->1312800K(2073600K), 0.0098324 secs] [Times: user=0.00 sys=0.00, real=0.01 secs] 
204.623: [GC (Allocation Failure) [PSYoungGen: 143187K->15392K(166912K)] 1552211K->1424416K(2073600K), 0.0072773 secs] [Times: user=0.00 sys=0.00, real=0.01 secs] 
206.146: [GC (Allocation Failure) [PSYoungGen: 151379K->20512K(166912K)] 1662803K->1542176K(2073600K), 0.0070305 secs] [Times: user=0.00 sys=0.00, real=0.01 secs] 
207.669: [GC (Allocation Failure) [PSYoungGen: 130899K->20576K(166912K)] 1754963K->1644640K(2073600K), 0.0088842 secs] [Times: user=0.02 sys=0.00, real=0.01 secs] 
209.100: [GC (Allocation Failure) [PSYoungGen: 146323K->5184K(166912K)] 1872787K->1803328K(2073600K), 0.0088061 secs] [Times: user=0.00 sys=0.00, real=0.01 secs] 
210.530: [Full GC (Ergonomics) [PSYoungGen: 130931K->0K(166912K)] [ParOldGen: 1900544K->184849K(1906688K)] 2031475K->184849K(2073600K), [Metaspace: 2796K->2796K(1056768K)], 0.0183944 secs] [Times: user=0.03 sys=0.00, real=0.02 secs] 
211.961: [GC (Allocation Failure) [PSYoungGen: 105267K->20480K(166912K)] 392517K->312849K(2073600K), 0.0024388 secs] [Times: user=0.00 sys=0.00, real=0.00 secs] 
213.375: [GC (Allocation Failure) [PSYoungGen: 146227K->11264K(166912K)] 540997K->426513K(2073600K), 0.0029530 secs] [Times: user=0.00 sys=0.00, real=0.00 secs] 
215.877: [GC (Allocation Failure) [PSYoungGen: 147251K->10240K(166912K)] 664901K->527889K(2073600K), 0.0019015 secs] [Times: user=0.00 sys=0.00, real=0.00 secs] 
217.402: [GC (Allocation Failure) [PSYoungGen: 146227K->20480K(166912K)] 766277K->661009K(2073600K), 0.0034216 secs] [Times: user=0.00 sys=0.00, real=0.00 secs] 
Heap
 PSYoungGen      total 166912K, used 128614K [0x00000000f4600000, 0x0000000100000000, 0x0000000100000000)
  eden space 143360K, 75% used [0x00000000f4600000,0x00000000faf99b78,0x00000000fd200000)
  from space 23552K, 86% used [0x00000000fe900000,0x00000000ffd00030,0x0000000100000000)
  to   space 23552K, 0% used [0x00000000fd200000,0x00000000fd200000,0x00000000fe900000)
 ParOldGen       total 1906688K, used 742929K [0x0000000080000000, 0x00000000f4600000, 0x00000000f4600000)
  object space 1906688K, 38% used [0x0000000080000000,0x00000000ad5847b0,0x00000000f4600000)
 Metaspace       used 2804K, capacity 4486K, committed 4864K, reserved 1056768K
  class space    used 297K, capacity 386K, committed 512K, reserved 1048576K
