Java HotSpot(TM) 64-Bit Server VM (25.411-b09) for windows-amd64 JRE (1.8.0_411-b09), built on Mar 13 2024 07:26:13 by "java_re" with MS VC++ 17.1 (VS2022)
Memory: 4k page, physical 33403376k(14893528k free), swap 36560744k(7109196k free)
CommandLine flags: -XX:InitialHeapSize=2147483648 -XX:MaxHeapSize=2147483648 -XX:ParallelGCThreads=10 -XX:+PrintGC -XX:+PrintGCDetails -XX:+PrintGCTimeStamps -XX:+UseCompressedClassPointers -XX:+UseCompressedOops -XX:-UseLargePagesIndividualAllocation -XX:+UseParallelGC 
4.855: [GC (Allocation Failure) [PSYoungGen: 520704K->10968K(611840K)] 520704K->10976K(2010112K), 0.0026738 secs] [Times: user=0.00 sys=0.00, real=0.00 secs] 
8.457: [GC (Allocation Failure) [PSYoungGen: 497629K->21232K(611840K)] 497637K->21248K(2010112K), 0.0157634 secs] [Times: user=0.02 sys=0.00, real=0.02 secs] 
11.424: [GC (Allocation Failure) [PSYoungGen: 528110K->62304K(611840K)] 528126K->215920K(2010112K), 0.0484311 secs] [Times: user=0.05 sys=0.02, real=0.05 secs] 
14.311: [GC (Allocation Failure) [PSYoungGen: 501004K->68304K(611840K)] 654620K->221928K(2010112K), 0.0162683 secs] [Times: user=0.00 sys=0.00, real=0.02 secs] 
18.566: [GC (Allocation Failure) [PSYoungGen: 575293K->82584K(594944K)] 728918K->287416K(1993216K), 0.0309897 secs] [Times: user=0.03 sys=0.00, real=0.03 secs] 
21.767: [GC (Allocation Failure) [PSYoungGen: 591404K->7904K(573952K)] 796236K->315136K(1972224K), 0.0337599 secs] [Times: user=0.06 sys=0.00, real=0.03 secs] 
25.513: [GC (Allocation Failure) [PSYoungGen: 488528K->35904K(590848K)] 795760K->343764K(1989120K), 0.0028950 secs] [Times: user=0.00 sys=0.00, real=0.00 secs] 
29.117: [GC (Allocation Failure) [PSYoungGen: 518591K->61472K(595456K)] 826451K->369364K(1993728K), 0.0058341 secs] [Times: user=0.00 sys=0.00, real=0.01 secs] 
32.820: [GC (Allocation Failure) [PSYoungGen: 532124K->57472K(596992K)] 840016K->365364K(1995264K), 0.0061671 secs] [Times: user=0.00 sys=0.00, real=0.01 secs] 
35.675: [GC (Allocation Failure) [PSYoungGen: 487177K->61440K(597504K)] 795069K->369364K(1995776K), 0.0047345 secs] [Times: user=0.00 sys=0.00, real=0.00 secs] 
39.606: [GC (Allocation Failure) [PSYoungGen: 547493K->15360K(597504K)] 855417K->323284K(1995776K), 0.0020675 secs] [Times: user=0.00 sys=0.00, real=0.00 secs] 
43.872: [GC (Allocation Failure) [PSYoungGen: 503467K->21504K(599040K)] 811391K->329428K(1997312K), 0.0019399 secs] [Times: user=0.00 sys=0.00, real=0.00 secs] 
46.921: [GC (Allocation Failure) [PSYoungGen: 476877K->40960K(597504K)] 784801K->348884K(1995776K), 0.0027492 secs] [Times: user=0.00 sys=0.00, real=0.00 secs] 
49.757: [GC (Allocation Failure) [PSYoungGen: 496335K->81920K(585728K)] 804259K->410324K(1984000K), 0.0152504 secs] [Times: user=0.02 sys=0.00, real=0.01 secs] 
52.721: [GC (Allocation Failure) [PSYoungGen: 573023K->62464K(555008K)] 901427K->390868K(1953280K), 0.0052399 secs] [Times: user=0.00 sys=0.00, real=0.00 secs] 
56.861: [GC (Allocation Failure) [PSYoungGen: 508513K->61440K(594944K)] 836917K->389844K(1993216K), 0.0035103 secs] [Times: user=0.00 sys=0.00, real=0.00 secs] 
59.812: [GC (Allocation Failure) [PSYoungGen: 532030K->102400K(582144K)] 860434K->435924K(1980416K), 0.0065955 secs] [Times: user=0.00 sys=0.00, real=0.01 secs] 
62.664: [GC (Allocation Failure) [PSYoungGen: 536921K->56320K(578560K)] 870445K->389844K(1976832K), 0.0047257 secs] [Times: user=0.00 sys=0.00, real=0.00 secs] 
66.809: [GC (Allocation Failure) [PSYoungGen: 511214K->46080K(586240K)] 844739K->379604K(1984512K), 0.0034960 secs] [Times: user=0.00 sys=0.00, real=0.00 secs] 
69.753: [GC (Allocation Failure) [PSYoungGen: 500971K->51200K(595968K)] 834496K->384724K(1994240K), 0.0049081 secs] [Times: user=0.00 sys=0.00, real=0.00 secs] 
72.597: [GC (Allocation Failure) [PSYoungGen: 506383K->102400K(579584K)] 839907K->498388K(1977856K), 0.0321571 secs] [Times: user=0.01 sys=0.00, real=0.03 secs] 
75.469: [GC (Allocation Failure) [PSYoungGen: 531760K->76800K(572416K)] 927748K->472788K(1970688K), 0.0056084 secs] [Times: user=0.00 sys=0.00, real=0.01 secs] 
79.506: [GC (Allocation Failure) [PSYoungGen: 530554K->71680K(581632K)] 926542K->467668K(1979904K), 0.0057761 secs] [Times: user=0.02 sys=0.00, real=0.01 secs] 
82.560: [GC (Allocation Failure) [PSYoungGen: 504886K->57344K(587776K)] 900875K->453332K(1986048K), 0.0047429 secs] [Times: user=0.00 sys=0.00, real=0.00 secs] 
85.406: [GC (Allocation Failure) [PSYoungGen: 495924K->61440K(582656K)] 891912K->457428K(1980928K), 0.0050266 secs] [Times: user=0.00 sys=0.00, real=0.01 secs] 
89.020: [GC (Allocation Failure) [PSYoungGen: 530640K->10240K(584192K)] 926628K->406228K(1982464K), 0.0020047 secs] [Times: user=0.00 sys=0.00, real=0.00 secs] 
93.060: [GC (Allocation Failure) [PSYoungGen: 487658K->6144K(484352K)] 883646K->402132K(1882624K), 0.0018911 secs] [Times: user=0.00 sys=0.00, real=0.00 secs] 
96.555: [GC (Allocation Failure) [PSYoungGen: 471310K->10240K(584192K)] 867299K->406228K(1982464K), 0.0026353 secs] [Times: user=0.00 sys=0.00, real=0.00 secs] 
99.395: [GC (Allocation Failure) [PSYoungGen: 469291K->92160K(552448K)] 865279K->488148K(1950720K), 0.0070268 secs] [Times: user=0.02 sys=0.00, real=0.01 secs] 
102.337: [GC (Allocation Failure) [PSYoungGen: 551849K->31744K(578560K)] 947837K->427732K(1976832K), 0.0034463 secs] [Times: user=0.00 sys=0.00, real=0.00 secs] 
106.161: [GC (Allocation Failure) [PSYoungGen: 483152K->25600K(574464K)] 879140K->421588K(1972736K), 0.0026504 secs] [Times: user=0.00 sys=0.00, real=0.00 secs] 
109.324: [GC (Allocation Failure) [PSYoungGen: 470866K->66560K(580608K)] 866854K->462548K(1978880K), 0.0052579 secs] [Times: user=0.00 sys=0.00, real=0.01 secs] 
112.274: [GC (Allocation Failure) [PSYoungGen: 521234K->25600K(581120K)] 917222K->421588K(1979392K), 0.0026415 secs] [Times: user=0.00 sys=0.00, real=0.00 secs] 
115.986: [GC (Allocation Failure) [PSYoungGen: 484397K->10240K(584704K)] 880385K->406228K(1982976K), 0.0025481 secs] [Times: user=0.00 sys=0.00, real=0.00 secs] 
119.372: [GC (Allocation Failure) [PSYoungGen: 469234K->5120K(584192K)] 865222K->401108K(1982464K), 0.0020997 secs] [Times: user=0.00 sys=0.00, real=0.00 secs] 
122.226: [GC (Allocation Failure) [PSYoungGen: 464096K->108544K(549376K)] 860085K->530132K(1947648K), 0.0162822 secs] [Times: user=0.00 sys=0.00, real=0.02 secs] 
125.082: [GC (Allocation Failure) [PSYoungGen: 538050K->46080K(567296K)] 959638K->467668K(1965568K), 0.0036018 secs] [Times: user=0.00 sys=0.00, real=0.00 secs] 
128.027: [GC (Allocation Failure) [PSYoungGen: 392667K->107520K(545792K)] 814256K->529108K(1944064K), 0.0063108 secs] [Times: user=0.00 sys=0.00, real=0.01 secs] 
130.880: [GC (Allocation Failure) [PSYoungGen: 465118K->5120K(560640K)] 886707K->426708K(1958912K), 0.0020048 secs] [Times: user=0.00 sys=0.00, real=0.00 secs] 
133.603: [GC (Allocation Failure) [PSYoungGen: 408800K->37888K(568832K)] 830388K->459476K(1967104K), 0.0029720 secs] [Times: user=0.00 sys=0.00, real=0.00 secs] 
136.435: [GC (Allocation Failure) [PSYoungGen: 467351K->56320K(561152K)] 888939K->477908K(1959424K), 0.0035965 secs] [Times: user=0.00 sys=0.00, real=0.00 secs] 
139.386: [GC (Allocation Failure) [PSYoungGen: 448924K->56320K(578048K)] 870513K->477908K(1976320K), 0.0047676 secs] [Times: user=0.00 sys=0.00, real=0.00 secs] 
143.539: [GC (Allocation Failure) [PSYoungGen: 493389K->31744K(573440K)] 914977K->453332K(1971712K), 0.0030877 secs] [Times: user=0.00 sys=0.00, real=0.00 secs] 
146.376: [GC (Allocation Failure) [PSYoungGen: 456517K->40960K(588288K)] 878105K->462548K(1986560K), 0.0024328 secs] [Times: user=0.00 sys=0.00, real=0.00 secs] 
149.221: [GC (Allocation Failure) [PSYoungGen: 495809K->81920K(553984K)] 917397K->523988K(1952256K), 0.0156933 secs] [Times: user=0.00 sys=0.02, real=0.02 secs] 
152.073: [GC (Allocation Failure) [PSYoungGen: 521408K->31744K(585216K)] 963476K->473812K(1983488K), 0.0030619 secs] [Times: user=0.00 sys=0.00, real=0.00 secs] 
155.997: [GC (Allocation Failure) [PSYoungGen: 491774K->25600K(581632K)] 933842K->467668K(1979904K), 0.0022679 secs] [Times: user=0.00 sys=0.00, real=0.00 secs] 
159.170: [GC (Allocation Failure) [PSYoungGen: 489690K->76800K(577536K)] 931759K->518868K(1975808K), 0.0062247 secs] [Times: user=0.00 sys=0.00, real=0.01 secs] 
162.006: [GC (Allocation Failure) [PSYoungGen: 511007K->25600K(582656K)] 953076K->467668K(1980928K), 0.0030457 secs] [Times: user=0.02 sys=0.00, real=0.00 secs] 
165.826: [GC (Allocation Failure) [PSYoungGen: 489592K->10240K(586240K)] 931660K->452308K(1984512K), 0.0022695 secs] [Times: user=0.00 sys=0.00, real=0.00 secs] 
169.106: [GC (Allocation Failure) [PSYoungGen: 459942K->5120K(585728K)] 902011K->447188K(1984000K), 0.0022589 secs] [Times: user=0.01 sys=0.00, real=0.00 secs] 
171.944: [GC (Allocation Failure) [PSYoungGen: 459970K->31744K(592896K)] 902038K->576212K(1991168K), 0.0332528 secs] [Times: user=0.09 sys=0.02, real=0.03 secs] 
174.921: [GC (Allocation Failure) [PSYoungGen: 512364K->76800K(558080K)] 1056832K->621268K(1956352K), 0.0078166 secs] [Times: user=0.00 sys=0.00, real=0.01 secs] 
179.082: [GC (Allocation Failure) [PSYoungGen: 547190K->81920K(569856K)] 1091658K->626388K(1968128K), 0.0056951 secs] [Times: user=0.02 sys=0.00, real=0.00 secs] 
182.025: [GC (Allocation Failure) [PSYoungGen: 491410K->57344K(577536K)] 1035878K->601812K(1975808K), 0.0054012 secs] [Times: user=0.00 sys=0.00, real=0.01 secs] 
184.882: [GC (Allocation Failure) [PSYoungGen: 487320K->61440K(582656K)] 1031788K->605908K(1980928K), 0.0049623 secs] [Times: user=0.00 sys=0.00, real=0.00 secs] 
188.394: [GC (Allocation Failure) [PSYoungGen: 525446K->5120K(581120K)] 1069915K->549588K(1979392K), 0.0020221 secs] [Times: user=0.00 sys=0.00, real=0.00 secs] 
191.339: [GC (Allocation Failure) [PSYoungGen: 469049K->113696K(545280K)] 1013517K->663284K(1943552K), 0.0153593 secs] [Times: user=0.00 sys=0.00, real=0.01 secs] 
194.844: [GC (Allocation Failure) [PSYoungGen: 476512K->77856K(506880K)] 1026100K->627452K(1905152K), 0.0054888 secs] [Times: user=0.00 sys=0.00, real=0.01 secs] 
197.694: [GC (Allocation Failure) [PSYoungGen: 502133K->128000K(524288K)] 1051729K->677604K(1922560K), 0.0157803 secs] [Times: user=0.02 sys=0.00, real=0.02 secs] 
200.442: [GC (Allocation Failure) [PSYoungGen: 514607K->25600K(543232K)] 1064211K->575204K(1941504K), 0.0026643 secs] [Times: user=0.00 sys=0.00, real=0.00 secs] 
202.303: [GC (Allocation Failure) [PSYoungGen: 409143K->8192K(547328K)] 958748K->562916K(1945600K), 0.0022299 secs] [Times: user=0.02 sys=0.00, real=0.00 secs] 
206.220: [GC (Allocation Failure) [PSYoungGen: 401096K->92160K(487424K)] 955821K->646884K(1885696K), 0.0064378 secs] [Times: user=0.00 sys=0.00, real=0.01 secs] 
208.966: [GC (Allocation Failure) [PSYoungGen: 460488K->76800K(545280K)] 1015213K->631524K(1943552K), 0.0060139 secs] [Times: user=0.00 sys=0.00, real=0.01 secs] 
211.363: [GC (Allocation Failure) [PSYoungGen: 464472K->5120K(542720K)] 1019196K->559844K(1940992K), 0.0015823 secs] [Times: user=0.00 sys=0.00, real=0.00 secs] 
213.326: [GC (Allocation Failure) [PSYoungGen: 330329K->67584K(550400K)] 885053K->622308K(1948672K), 0.0050732 secs] [Times: user=0.00 sys=0.00, real=0.00 secs] 
216.706: [GC (Allocation Failure) [PSYoungGen: 461564K->30720K(545792K)] 1016289K->585444K(1944064K), 0.0027091 secs] [Times: user=0.00 sys=0.00, real=0.00 secs] 
Heap
 PSYoungGen      total 545792K, used 276998K [0x00000000d5580000, 0x0000000100000000, 0x0000000100000000)
  eden space 397312K, 61% used [0x00000000d5580000,0x00000000e4601a50,0x00000000ed980000)
  from space 148480K, 20% used [0x00000000ed980000,0x00000000ef780030,0x00000000f6a80000)
  to   space 143360K, 0% used [0x00000000f7400000,0x00000000f7400000,0x0000000100000000)
 ParOldGen       total 1398272K, used 554724K [0x0000000080000000, 0x00000000d5580000, 0x00000000d5580000)
  object space 1398272K, 39% used [0x0000000080000000,0x00000000a1db9180,0x00000000d5580000)
 Metaspace       used 2804K, capacity 4486K, committed 4864K, reserved 1056768K
  class space    used 297K, capacity 386K, committed 512K, reserved 1048576K
