Java HotSpot(TM) 64-Bit Server VM (25.411-b09) for windows-amd64 JRE (1.8.0_411-b09), built on Mar 13 2024 07:26:13 by "java_re" with MS VC++ 17.1 (VS2022)
Memory: 4k page, physical 33403376k(14596512k free), swap 37153868k(7587576k free)
CommandLine flags: -XX:InitialHeapSize=536870912 -XX:MaxHeapSize=536870912 -XX:NewRatio=1 -XX:ParallelGCThreads=6 -XX:+PrintGC -XX:+PrintGCDetails -XX:+PrintGCTimeStamps -XX:SurvivorRatio=11 -XX:-UseAdaptiveSizePolicy -XX:+UseCompressedClassPointers -XX:+UseCompressedOops -XX:-UseLargePagesIndividualAllocation -XX:+UseParallelGC 
1.384: [GC (Allocation Failure) [PSYoungGen: 131768K->5784K(242176K)] 131768K->56992K(504320K), 0.0161533 secs] [Times: user=0.00 sys=0.00, real=0.02 secs] 
2.707: [GC (Allocation Failure) [PSYoungGen: 184158K->11920K(242176K)] 235366K->83608K(504320K), 0.0154752 secs] [Times: user=0.00 sys=0.00, real=0.02 secs] 
5.014: [GC (Allocation Failure) [PSYoungGen: 231293K->10872K(242176K)] 302981K->82560K(504320K), 0.0020001 secs] [Times: user=0.00 sys=0.00, real=0.00 secs] 
6.218: [GC (Allocation Failure) [PSYoungGen: 230268K->15960K(242176K)] 301956K->97888K(504320K), 0.0043777 secs] [Times: user=0.00 sys=0.00, real=0.00 secs] 
7.418: [GC (Allocation Failure) [PSYoungGen: 237600K->11968K(242176K)] 319528K->114384K(504320K), 0.0162706 secs] [Times: user=0.00 sys=0.00, real=0.02 secs] 
9.404: [GC (Allocation Failure) [PSYoungGen: 231377K->10944K(242176K)] 333793K->164560K(504320K), 0.0160764 secs] [Times: user=0.00 sys=0.00, real=0.02 secs] 
10.624: [GC (Allocation Failure) [PSYoungGen: 230363K->10856K(242176K)] 383979K->266872K(504320K), 0.0334023 secs] [Times: user=0.02 sys=0.02, real=0.03 secs] 
10.658: [Full GC (Ergonomics) [PSYoungGen: 10856K->0K(242176K)] [ParOldGen: 256016K->164368K(262144K)] 266872K->164368K(504320K), [Metaspace: 2761K->2761K(1056768K)], 0.0140630 secs] [Times: user=0.00 sys=0.00, real=0.01 secs] 
12.311: [GC (Allocation Failure) [PSYoungGen: 219425K->5120K(242176K)] 383794K->169488K(504320K), 0.0008439 secs] [Times: user=0.00 sys=0.00, real=0.00 secs] 
13.503: [GC (Allocation Failure) [PSYoungGen: 225979K->11296K(242176K)] 390348K->175672K(504320K), 0.0012084 secs] [Times: user=0.00 sys=0.00, real=0.00 secs] 
14.706: [GC (Allocation Failure) [PSYoungGen: 230701K->16416K(242176K)] 395078K->191033K(504320K), 0.0024335 secs] [Times: user=0.00 sys=0.00, real=0.00 secs] 
17.114: [GC (Allocation Failure) [PSYoungGen: 189752K->5152K(242176K)] 364369K->251448K(504320K), 0.0052236 secs] [Times: user=0.00 sys=0.00, real=0.00 secs] 
17.119: [Full GC (Ergonomics) [PSYoungGen: 5152K->0K(242176K)] [ParOldGen: 246296K->77329K(262144K)] 251448K->77329K(504320K), [Metaspace: 2768K->2768K(1056768K)], 0.0066422 secs] [Times: user=0.00 sys=0.00, real=0.01 secs] 
18.442: [GC (Allocation Failure) [PSYoungGen: 178459K->5120K(242176K)] 255788K->102929K(504320K), 0.0020529 secs] [Times: user=0.00 sys=0.00, real=0.00 secs] 
19.862: [GC (Allocation Failure) [PSYoungGen: 183564K->5120K(242176K)] 281373K->102929K(504320K), 0.0008716 secs] [Times: user=0.00 sys=0.00, real=0.00 secs] 
21.176: [GC (Allocation Failure) [PSYoungGen: 214292K->15360K(242176K)] 312101K->215569K(504320K), 0.0154516 secs] [Times: user=0.00 sys=0.00, real=0.01 secs] 
21.192: [Full GC (Ergonomics) [PSYoungGen: 15360K->0K(242176K)] [ParOldGen: 200209K->118289K(262144K)] 215569K->118289K(504320K), [Metaspace: 2779K->2779K(1056768K)], 0.0085179 secs] [Times: user=0.00 sys=0.00, real=0.01 secs] 
22.498: [GC (Allocation Failure) [PSYoungGen: 219420K->16384K(242176K)] 337709K->134673K(504320K), 0.0021191 secs] [Times: user=0.00 sys=0.00, real=0.00 secs] 
24.022: [GC (Allocation Failure) [PSYoungGen: 230675K->10240K(242176K)] 348964K->138769K(504320K), 0.0015929 secs] [Times: user=0.00 sys=0.00, real=0.00 secs] 
25.331: [GC (Allocation Failure) [PSYoungGen: 229660K->15360K(242176K)] 358189K->143889K(504320K), 0.0013366 secs] [Times: user=0.00 sys=0.00, real=0.00 secs] 
26.642: [GC (Allocation Failure) [PSYoungGen: 234786K->15360K(242176K)] 363315K->154129K(504320K), 0.0020249 secs] [Times: user=0.00 sys=0.00, real=0.00 secs] 
28.498: [GC (Allocation Failure) [PSYoungGen: 179408K->5152K(242176K)] 318178K->246329K(504320K), 0.0057766 secs] [Times: user=0.00 sys=0.00, real=0.01 secs] 
28.503: [Full GC (Ergonomics) [PSYoungGen: 5152K->0K(242176K)] [ParOldGen: 241177K->56849K(262144K)] 246329K->56849K(504320K), [Metaspace: 2793K->2793K(1056768K)], 0.0050953 secs] [Times: user=0.00 sys=0.00, real=0.00 secs] 
29.822: [GC (Allocation Failure) [PSYoungGen: 178457K->5120K(242176K)] 235307K->82449K(504320K), 0.0019759 secs] [Times: user=0.00 sys=0.00, real=0.00 secs] 
31.350: [GC (Allocation Failure) [PSYoungGen: 188682K->5120K(242176K)] 266012K->82449K(504320K), 0.0008409 secs] [Times: user=0.00 sys=0.00, real=0.00 secs] 
32.665: [GC (Allocation Failure) [PSYoungGen: 183571K->6144K(242176K)] 260901K->103953K(504320K), 0.0021618 secs] [Times: user=0.00 sys=0.00, real=0.00 secs] 
33.976: [GC (Allocation Failure) [PSYoungGen: 215321K->17408K(242176K)] 313130K->125457K(504320K), 0.0020165 secs] [Times: user=0.00 sys=0.00, real=0.00 secs] 
35.392: [GC (Allocation Failure) [PSYoungGen: 221471K->10240K(242176K)] 329520K->128529K(504320K), 0.0014898 secs] [Times: user=0.00 sys=0.00, real=0.00 secs] 
36.707: [GC (Allocation Failure) [PSYoungGen: 229666K->15360K(242176K)] 347956K->143889K(504320K), 0.0020384 secs] [Times: user=0.00 sys=0.00, real=0.00 secs] 
38.015: [GC (Allocation Failure) [PSYoungGen: 234790K->15360K(242176K)] 363319K->164369K(504320K), 0.0026841 secs] [Times: user=0.00 sys=0.00, real=0.00 secs] 
39.871: [GC (Allocation Failure) [PSYoungGen: 224552K->5120K(242176K)] 373562K->205329K(504320K), 0.0048859 secs] [Times: user=0.00 sys=0.00, real=0.00 secs] 
39.876: [Full GC (Ergonomics) [PSYoungGen: 5120K->0K(242176K)] [ParOldGen: 200209K->56849K(262144K)] 205329K->56849K(504320K), [Metaspace: 2793K->2793K(1056768K)], 0.0049008 secs] [Times: user=0.00 sys=0.00, real=0.01 secs] 
41.198: [GC (Allocation Failure) [PSYoungGen: 178473K->5120K(242176K)] 235322K->184849K(504320K), 0.0161508 secs] [Times: user=0.00 sys=0.00, real=0.02 secs] 
41.214: [Full GC (Ergonomics) [PSYoungGen: 5120K->0K(242176K)] [ParOldGen: 179729K->133649K(262144K)] 184849K->133649K(504320K), [Metaspace: 2793K->2793K(1056768K)], 0.0097885 secs] [Times: user=0.00 sys=0.00, real=0.01 secs] 
43.719: [GC (Allocation Failure) [PSYoungGen: 219412K->6144K(242176K)] 353062K->139793K(504320K), 0.0007822 secs] [Times: user=0.00 sys=0.00, real=0.00 secs] 
44.923: [GC (Allocation Failure) [PSYoungGen: 225550K->16384K(242176K)] 359200K->155153K(504320K), 0.0017463 secs] [Times: user=0.00 sys=0.00, real=0.00 secs] 
46.666: [GC (Allocation Failure) [PSYoungGen: 235816K->5120K(242176K)] 374585K->143889K(504320K), 0.0007391 secs] [Times: user=0.00 sys=0.00, real=0.00 secs] 
47.979: [GC (Allocation Failure) [PSYoungGen: 224553K->10240K(242176K)] 363323K->169489K(504320K), 0.0028375 secs] [Times: user=0.00 sys=0.00, real=0.00 secs] 
49.179: [GC (Allocation Failure) [PSYoungGen: 229674K->15360K(242176K)] 388924K->225809K(504320K), 0.0050346 secs] [Times: user=0.02 sys=0.00, real=0.00 secs] 
49.185: [Full GC (Ergonomics) [PSYoungGen: 15360K->0K(242176K)] [ParOldGen: 210449K->82449K(262144K)] 225809K->82449K(504320K), [Metaspace: 2795K->2795K(1056768K)], 0.0069886 secs] [Times: user=0.00 sys=0.00, real=0.01 secs] 
50.723: [GC (Allocation Failure) [PSYoungGen: 219435K->10240K(242176K)] 301884K->92689K(504320K), 0.0006894 secs] [Times: user=0.00 sys=0.00, real=0.00 secs] 
51.925: [GC (Allocation Failure) [PSYoungGen: 229661K->11264K(242176K)] 312110K->93713K(504320K), 0.0011208 secs] [Times: user=0.00 sys=0.00, real=0.00 secs] 
53.126: [GC (Allocation Failure) [PSYoungGen: 230676K->17408K(242176K)] 313125K->99857K(504320K), 0.0014761 secs] [Times: user=0.00 sys=0.00, real=0.00 secs] 
55.525: [GC (Allocation Failure) [PSYoungGen: 180509K->15360K(242176K)] 262958K->149009K(504320K), 0.0053140 secs] [Times: user=0.00 sys=0.00, real=0.00 secs] 
56.849: [GC (Allocation Failure) [PSYoungGen: 193821K->15360K(242176K)] 327470K->195089K(504320K), 0.0035059 secs] [Times: user=0.00 sys=0.00, real=0.00 secs] 
56.852: [Full GC (Ergonomics) [PSYoungGen: 15360K->0K(242176K)] [ParOldGen: 179729K->41489K(262144K)] 195089K->41489K(504320K), [Metaspace: 2796K->2796K(1056768K)], 0.0038919 secs] [Times: user=0.02 sys=0.00, real=0.00 secs] 
58.268: [GC (Allocation Failure) [PSYoungGen: 193813K->0K(242176K)] 235303K->61969K(504320K), 0.0020069 secs] [Times: user=0.00 sys=0.00, real=0.00 secs] 
59.575: [GC (Allocation Failure) [PSYoungGen: 209163K->15360K(242176K)] 271132K->128529K(504320K), 0.0049801 secs] [Times: user=0.00 sys=0.00, real=0.00 secs] 
60.887: [GC (Allocation Failure) [PSYoungGen: 234774K->10240K(242176K)] 347944K->236049K(504320K), 0.0153459 secs] [Times: user=0.00 sys=0.00, real=0.02 secs] 
60.903: [Full GC (Ergonomics) [PSYoungGen: 10240K->0K(242176K)] [ParOldGen: 225809K->174609K(262144K)] 236049K->174609K(504320K), [Metaspace: 2796K->2796K(1056768K)], 0.0126999 secs] [Times: user=0.00 sys=0.00, real=0.01 secs] 
62.448: [Full GC (Ergonomics) [PSYoungGen: 219422K->0K(242176K)] [ParOldGen: 174609K->16384K(262144K)] 394031K->16384K(504320K), [Metaspace: 2796K->2796K(1056768K)], 0.0048069 secs] [Times: user=0.00 sys=0.00, real=0.00 secs] 
63.751: [GC (Allocation Failure) [PSYoungGen: 219413K->11264K(242176K)] 235797K->37888K(504320K), 0.0014647 secs] [Times: user=0.00 sys=0.00, real=0.00 secs] 
65.057: [GC (Allocation Failure) [PSYoungGen: 230678K->11264K(242176K)] 257302K->37888K(504320K), 0.0010485 secs] [Times: user=0.00 sys=0.00, real=0.00 secs] 
66.919: [GC (Allocation Failure) [PSYoungGen: 159006K->5120K(242176K)] 185630K->103424K(504320K), 0.0057743 secs] [Times: user=0.00 sys=0.00, real=0.01 secs] 
68.243: [GC (Allocation Failure) [PSYoungGen: 183579K->10240K(242176K)] 281883K->129024K(504320K), 0.0025759 secs] [Times: user=0.00 sys=0.00, real=0.00 secs] 
69.663: [GC (Allocation Failure) [PSYoungGen: 188684K->5120K(242176K)] 307468K->123904K(504320K), 0.0008313 secs] [Times: user=0.00 sys=0.00, real=0.00 secs] 
70.973: [GC (Allocation Failure) [PSYoungGen: 214292K->15360K(242176K)] 333076K->236544K(504320K), 0.0155045 secs] [Times: user=0.00 sys=0.00, real=0.02 secs] 
70.989: [Full GC (Ergonomics) [PSYoungGen: 15360K->0K(242176K)] [ParOldGen: 221184K->118289K(262144K)] 236544K->118289K(504320K), [Metaspace: 2796K->2796K(1056768K)], 0.0091556 secs] [Times: user=0.00 sys=0.00, real=0.01 secs] 
72.315: [GC (Allocation Failure) [PSYoungGen: 219420K->16384K(242176K)] 337709K->134673K(504320K), 0.0015122 secs] [Times: user=0.00 sys=0.00, real=0.00 secs] 
73.842: [GC (Allocation Failure) [PSYoungGen: 230675K->10240K(242176K)] 348964K->138769K(504320K), 0.0017497 secs] [Times: user=0.00 sys=0.00, real=0.00 secs] 
75.153: [GC (Allocation Failure) [PSYoungGen: 229660K->15360K(242176K)] 358189K->143889K(504320K), 0.0015469 secs] [Times: user=0.00 sys=0.00, real=0.00 secs] 
76.461: [GC (Allocation Failure) [PSYoungGen: 234786K->15360K(242176K)] 363315K->154129K(504320K), 0.0020420 secs] [Times: user=0.00 sys=0.00, real=0.00 secs] 
78.318: [GC (Allocation Failure) [PSYoungGen: 178470K->5120K(242176K)] 317239K->246289K(504320K), 0.0050978 secs] [Times: user=0.00 sys=0.00, real=0.00 secs] 
78.323: [Full GC (Ergonomics) [PSYoungGen: 5120K->0K(242176K)] [ParOldGen: 241169K->56849K(262144K)] 246289K->56849K(504320K), [Metaspace: 2796K->2796K(1056768K)], 0.0049512 secs] [Times: user=0.00 sys=0.00, real=0.01 secs] 
79.652: [GC (Allocation Failure) [PSYoungGen: 178466K->5120K(242176K)] 235316K->82449K(504320K), 0.0020677 secs] [Times: user=0.00 sys=0.00, real=0.00 secs] 
81.189: [GC (Allocation Failure) [PSYoungGen: 188688K->5120K(242176K)] 266017K->82449K(504320K), 0.0006897 secs] [Times: user=0.00 sys=0.00, real=0.00 secs] 
82.502: [GC (Allocation Failure) [PSYoungGen: 183575K->6144K(242176K)] 260904K->103953K(504320K), 0.0023263 secs] [Times: user=0.00 sys=0.00, real=0.00 secs] 
83.808: [GC (Allocation Failure) [PSYoungGen: 215323K->17408K(242176K)] 313132K->125457K(504320K), 0.0020191 secs] [Times: user=0.00 sys=0.00, real=0.00 secs] 
85.227: [GC (Allocation Failure) [PSYoungGen: 221472K->10240K(242176K)] 329522K->128529K(504320K), 0.0014639 secs] [Times: user=0.00 sys=0.00, real=0.00 secs] 
86.536: [GC (Allocation Failure) [PSYoungGen: 229667K->15360K(242176K)] 347957K->133649K(504320K), 0.0017349 secs] [Times: user=0.00 sys=0.00, real=0.00 secs] 
87.846: [GC (Allocation Failure) [PSYoungGen: 234791K->15360K(242176K)] 353080K->154129K(504320K), 0.0027325 secs] [Times: user=0.00 sys=0.00, real=0.00 secs] 
89.692: [GC (Allocation Failure) [PSYoungGen: 224553K->5120K(242176K)] 363322K->195089K(504320K), 0.0046830 secs] [Times: user=0.00 sys=0.00, real=0.00 secs] 
89.696: [Full GC (Ergonomics) [PSYoungGen: 5120K->0K(242176K)] [ParOldGen: 189969K->56849K(262144K)] 195089K->56849K(504320K), [Metaspace: 2796K->2796K(1056768K)], 0.0047761 secs] [Times: user=0.00 sys=0.00, real=0.00 secs] 
91.017: [GC (Allocation Failure) [PSYoungGen: 178473K->5120K(242176K)] 235323K->184849K(504320K), 0.0151918 secs] [Times: user=0.00 sys=0.00, real=0.02 secs] 
91.033: [Full GC (Ergonomics) [PSYoungGen: 5120K->0K(242176K)] [ParOldGen: 179729K->133649K(262144K)] 184849K->133649K(504320K), [Metaspace: 2796K->2796K(1056768K)], 0.0098738 secs] [Times: user=0.00 sys=0.00, real=0.01 secs] 
93.552: [GC (Allocation Failure) [PSYoungGen: 219413K->6144K(242176K)] 353062K->139793K(504320K), 0.0008721 secs] [Times: user=0.00 sys=0.00, real=0.00 secs] 
94.754: [GC (Allocation Failure) [PSYoungGen: 225551K->16384K(242176K)] 359200K->155153K(504320K), 0.0017091 secs] [Times: user=0.00 sys=0.00, real=0.00 secs] 
96.500: [GC (Allocation Failure) [PSYoungGen: 235816K->5120K(242176K)] 374585K->143889K(504320K), 0.0010606 secs] [Times: user=0.00 sys=0.00, real=0.00 secs] 
97.813: [GC (Allocation Failure) [PSYoungGen: 224553K->10240K(242176K)] 363323K->169489K(504320K), 0.0024534 secs] [Times: user=0.00 sys=0.00, real=0.00 secs] 
97.816: [Full GC (Ergonomics) [PSYoungGen: 10240K->0K(242176K)] [ParOldGen: 159249K->31249K(262144K)] 169489K->31249K(504320K), [Metaspace: 2796K->2796K(1056768K)], 0.0035405 secs] [Times: user=0.00 sys=0.00, real=0.00 secs] 
99.013: [GC (Allocation Failure) [PSYoungGen: 219434K->10240K(242176K)] 250684K->92689K(504320K), 0.0046120 secs] [Times: user=0.00 sys=0.00, real=0.00 secs] 
100.542: [GC (Allocation Failure) [PSYoungGen: 229661K->10240K(242176K)] 312110K->92689K(504320K), 0.0009356 secs] [Times: user=0.00 sys=0.00, real=0.00 secs] 
101.744: [GC (Allocation Failure) [PSYoungGen: 229666K->11264K(242176K)] 312116K->93713K(504320K), 0.0011090 secs] [Times: user=0.00 sys=0.00, real=0.00 secs] 
102.944: [GC (Allocation Failure) [PSYoungGen: 230679K->17408K(242176K)] 313129K->99857K(504320K), 0.0015018 secs] [Times: user=0.00 sys=0.00, real=0.00 secs] 
105.342: [GC (Allocation Failure) [PSYoungGen: 180511K->15360K(242176K)] 262960K->149009K(504320K), 0.0050368 secs] [Times: user=0.00 sys=0.00, real=0.01 secs] 
106.647: [GC (Allocation Failure) [PSYoungGen: 193822K->15360K(242176K)] 327471K->195089K(504320K), 0.0034448 secs] [Times: user=0.00 sys=0.00, real=0.00 secs] 
106.651: [Full GC (Ergonomics) [PSYoungGen: 15360K->0K(242176K)] [ParOldGen: 179729K->41489K(262144K)] 195089K->41489K(504320K), [Metaspace: 2796K->2796K(1056768K)], 0.0042771 secs] [Times: user=0.00 sys=0.00, real=0.00 secs] 
108.083: [GC (Allocation Failure) [PSYoungGen: 193814K->0K(242176K)] 235304K->61969K(504320K), 0.0019868 secs] [Times: user=0.00 sys=0.00, real=0.00 secs] 
109.399: [GC (Allocation Failure) [PSYoungGen: 209164K->15360K(242176K)] 271133K->128529K(504320K), 0.0050403 secs] [Times: user=0.00 sys=0.00, real=0.00 secs] 
110.709: [GC (Allocation Failure) [PSYoungGen: 234775K->15360K(242176K)] 347944K->236049K(504320K), 0.0153288 secs] [Times: user=0.02 sys=0.00, real=0.01 secs] 
110.724: [Full GC (Ergonomics) [PSYoungGen: 15360K->0K(242176K)] [ParOldGen: 220689K->174609K(262144K)] 236049K->174609K(504320K), [Metaspace: 2796K->2796K(1056768K)], 0.0124577 secs] [Times: user=0.00 sys=0.00, real=0.01 secs] 
112.268: [Full GC (Ergonomics) [PSYoungGen: 219422K->0K(242176K)] [ParOldGen: 174609K->16384K(262144K)] 394032K->16384K(504320K), [Metaspace: 2796K->2796K(1056768K)], 0.0028809 secs] [Times: user=0.00 sys=0.00, real=0.00 secs] 
113.579: [GC (Allocation Failure) [PSYoungGen: 219413K->11264K(242176K)] 235797K->37888K(504320K), 0.0016012 secs] [Times: user=0.00 sys=0.00, real=0.00 secs] 
114.885: [GC (Allocation Failure) [PSYoungGen: 230678K->11264K(242176K)] 257302K->37888K(504320K), 0.0009235 secs] [Times: user=0.00 sys=0.00, real=0.00 secs] 
116.744: [GC (Allocation Failure) [PSYoungGen: 159006K->5120K(242176K)] 185630K->103424K(504320K), 0.0052327 secs] [Times: user=0.00 sys=0.00, real=0.00 secs] 
118.069: [GC (Allocation Failure) [PSYoungGen: 183579K->10240K(242176K)] 281883K->129024K(504320K), 0.0024665 secs] [Times: user=0.02 sys=0.00, real=0.00 secs] 
119.488: [GC (Allocation Failure) [PSYoungGen: 188684K->5120K(242176K)] 307468K->123904K(504320K), 0.0008794 secs] [Times: user=0.00 sys=0.00, real=0.00 secs] 
120.800: [GC (Allocation Failure) [PSYoungGen: 214292K->15360K(242176K)] 333076K->236544K(504320K), 0.0156629 secs] [Times: user=0.02 sys=0.00, real=0.02 secs] 
120.816: [Full GC (Ergonomics) [PSYoungGen: 15360K->0K(242176K)] [ParOldGen: 221184K->118289K(262144K)] 236544K->118289K(504320K), [Metaspace: 2796K->2796K(1056768K)], 0.0093412 secs] [Times: user=0.02 sys=0.00, real=0.01 secs] 
122.137: [GC (Allocation Failure) [PSYoungGen: 219420K->16384K(242176K)] 337709K->134673K(504320K), 0.0012937 secs] [Times: user=0.00 sys=0.00, real=0.00 secs] 
123.666: [GC (Allocation Failure) [PSYoungGen: 230675K->10240K(242176K)] 348964K->138769K(504320K), 0.0016243 secs] [Times: user=0.00 sys=0.00, real=0.00 secs] 
124.975: [GC (Allocation Failure) [PSYoungGen: 229660K->15360K(242176K)] 358189K->143889K(504320K), 0.0014616 secs] [Times: user=0.00 sys=0.00, real=0.00 secs] 
126.283: [GC (Allocation Failure) [PSYoungGen: 234786K->15360K(242176K)] 363315K->154129K(504320K), 0.0019807 secs] [Times: user=0.00 sys=0.00, real=0.00 secs] 
128.135: [GC (Allocation Failure) [PSYoungGen: 178470K->5120K(242176K)] 317239K->246289K(504320K), 0.0052031 secs] [Times: user=0.00 sys=0.00, real=0.01 secs] 
128.140: [Full GC (Ergonomics) [PSYoungGen: 5120K->0K(242176K)] [ParOldGen: 241169K->56849K(262144K)] 246289K->56849K(504320K), [Metaspace: 2796K->2796K(1056768K)], 0.0051423 secs] [Times: user=0.00 sys=0.00, real=0.00 secs] 
129.459: [GC (Allocation Failure) [PSYoungGen: 178466K->5120K(242176K)] 235316K->82449K(504320K), 0.0021454 secs] [Times: user=0.00 sys=0.00, real=0.00 secs] 
130.986: [GC (Allocation Failure) [PSYoungGen: 188688K->5120K(242176K)] 266017K->82449K(504320K), 0.0007753 secs] [Times: user=0.00 sys=0.00, real=0.00 secs] 
132.296: [GC (Allocation Failure) [PSYoungGen: 183575K->6144K(242176K)] 260904K->103953K(504320K), 0.0025149 secs] [Times: user=0.00 sys=0.00, real=0.00 secs] 
133.611: [GC (Allocation Failure) [PSYoungGen: 215323K->17408K(242176K)] 313132K->125457K(504320K), 0.0020572 secs] [Times: user=0.00 sys=0.00, real=0.00 secs] 
135.024: [GC (Allocation Failure) [PSYoungGen: 221472K->10240K(242176K)] 329522K->128529K(504320K), 0.0013066 secs] [Times: user=0.00 sys=0.00, real=0.00 secs] 
136.340: [GC (Allocation Failure) [PSYoungGen: 229667K->15360K(242176K)] 347957K->133649K(504320K), 0.0015702 secs] [Times: user=0.00 sys=0.00, real=0.00 secs] 
137.650: [GC (Allocation Failure) [PSYoungGen: 234791K->15360K(242176K)] 353080K->154129K(504320K), 0.0029207 secs] [Times: user=0.01 sys=0.00, real=0.00 secs] 
139.514: [GC (Allocation Failure) [PSYoungGen: 224553K->5120K(242176K)] 363322K->195089K(504320K), 0.0046734 secs] [Times: user=0.00 sys=0.00, real=0.01 secs] 
139.519: [Full GC (Ergonomics) [PSYoungGen: 5120K->0K(242176K)] [ParOldGen: 189969K->56849K(262144K)] 195089K->56849K(504320K), [Metaspace: 2796K->2796K(1056768K)], 0.0048789 secs] [Times: user=0.00 sys=0.00, real=0.00 secs] 
140.839: [GC (Allocation Failure) [PSYoungGen: 178473K->5120K(242176K)] 235323K->184849K(504320K), 0.0158302 secs] [Times: user=0.00 sys=0.00, real=0.02 secs] 
140.855: [Full GC (Ergonomics) [PSYoungGen: 5120K->0K(242176K)] [ParOldGen: 179729K->133649K(262144K)] 184849K->133649K(504320K), [Metaspace: 2796K->2796K(1056768K)], 0.0099665 secs] [Times: user=0.00 sys=0.00, real=0.01 secs] 
143.381: [GC (Allocation Failure) [PSYoungGen: 219413K->6144K(242176K)] 353062K->139793K(504320K), 0.0008099 secs] [Times: user=0.00 sys=0.00, real=0.00 secs] 
144.583: [GC (Allocation Failure) [PSYoungGen: 225551K->16384K(242176K)] 359200K->155153K(504320K), 0.0018394 secs] [Times: user=0.00 sys=0.00, real=0.00 secs] 
146.331: [GC (Allocation Failure) [PSYoungGen: 235816K->5120K(242176K)] 374585K->143889K(504320K), 0.0008481 secs] [Times: user=0.00 sys=0.00, real=0.00 secs] 
147.644: [GC (Allocation Failure) [PSYoungGen: 224553K->10240K(242176K)] 363323K->169489K(504320K), 0.0024802 secs] [Times: user=0.00 sys=0.00, real=0.00 secs] 
147.646: [Full GC (Ergonomics) [PSYoungGen: 10240K->0K(242176K)] [ParOldGen: 159249K->31249K(262144K)] 169489K->31249K(504320K), [Metaspace: 2796K->2796K(1056768K)], 0.0033222 secs] [Times: user=0.00 sys=0.00, real=0.00 secs] 
148.843: [GC (Allocation Failure) [PSYoungGen: 219434K->10240K(242176K)] 250684K->92689K(504320K), 0.0053187 secs] [Times: user=0.00 sys=0.00, real=0.01 secs] 
150.371: [GC (Allocation Failure) [PSYoungGen: 229661K->10240K(242176K)] 312110K->92689K(504320K), 0.0008015 secs] [Times: user=0.00 sys=0.00, real=0.00 secs] 
151.572: [GC (Allocation Failure) [PSYoungGen: 229666K->11264K(242176K)] 312116K->93713K(504320K), 0.0010397 secs] [Times: user=0.00 sys=0.00, real=0.00 secs] 
152.773: [GC (Allocation Failure) [PSYoungGen: 230679K->17408K(242176K)] 313129K->99857K(504320K), 0.0015579 secs] [Times: user=0.00 sys=0.00, real=0.00 secs] 
155.181: [GC (Allocation Failure) [PSYoungGen: 180511K->15360K(242176K)] 262960K->149009K(504320K), 0.0050267 secs] [Times: user=0.02 sys=0.00, real=0.01 secs] 
156.507: [GC (Allocation Failure) [PSYoungGen: 193822K->15360K(242176K)] 327471K->195089K(504320K), 0.0033367 secs] [Times: user=0.02 sys=0.00, real=0.00 secs] 
156.510: [Full GC (Ergonomics) [PSYoungGen: 15360K->0K(242176K)] [ParOldGen: 179729K->41489K(262144K)] 195089K->41489K(504320K), [Metaspace: 2796K->2796K(1056768K)], 0.0039361 secs] [Times: user=0.00 sys=0.00, real=0.00 secs] 
157.927: [GC (Allocation Failure) [PSYoungGen: 193814K->0K(242176K)] 235304K->61969K(504320K), 0.0020706 secs] [Times: user=0.00 sys=0.00, real=0.00 secs] 
159.239: [GC (Allocation Failure) [PSYoungGen: 209164K->15360K(242176K)] 271133K->128529K(504320K), 0.0050706 secs] [Times: user=0.00 sys=0.00, real=0.00 secs] 
160.549: [GC (Allocation Failure) [PSYoungGen: 234775K->15360K(242176K)] 347944K->236049K(504320K), 0.0153471 secs] [Times: user=0.00 sys=0.00, real=0.01 secs] 
160.564: [Full GC (Ergonomics) [PSYoungGen: 15360K->0K(242176K)] [ParOldGen: 220689K->174609K(262144K)] 236049K->174609K(504320K), [Metaspace: 2796K->2796K(1056768K)], 0.0125104 secs] [Times: user=0.02 sys=0.00, real=0.01 secs] 
162.109: [Full GC (Ergonomics) [PSYoungGen: 219422K->0K(242176K)] [ParOldGen: 174609K->16384K(262144K)] 394032K->16384K(504320K), [Metaspace: 2796K->2796K(1056768K)], 0.0030418 secs] [Times: user=0.00 sys=0.00, real=0.00 secs] 
163.417: [GC (Allocation Failure) [PSYoungGen: 219413K->11264K(242176K)] 235797K->37888K(504320K), 0.0016190 secs] [Times: user=0.00 sys=0.00, real=0.00 secs] 
164.725: [GC (Allocation Failure) [PSYoungGen: 230678K->16384K(242176K)] 257302K->48128K(504320K), 0.0017862 secs] [Times: user=0.00 sys=0.00, real=0.00 secs] 
166.585: [GC (Allocation Failure) [PSYoungGen: 164126K->5120K(242176K)] 195870K->108544K(504320K), 0.0055333 secs] [Times: user=0.00 sys=0.00, real=0.00 secs] 
167.900: [GC (Allocation Failure) [PSYoungGen: 183579K->10240K(242176K)] 287003K->134144K(504320K), 0.0024655 secs] [Times: user=0.00 sys=0.00, real=0.00 secs] 
169.315: [GC (Allocation Failure) [PSYoungGen: 188684K->5120K(242176K)] 312588K->129024K(504320K), 0.0008884 secs] [Times: user=0.00 sys=0.00, real=0.00 secs] 
170.622: [GC (Allocation Failure) [PSYoungGen: 214292K->15360K(242176K)] 338196K->241664K(504320K), 0.0163268 secs] [Times: user=0.00 sys=0.00, real=0.02 secs] 
170.638: [Full GC (Ergonomics) [PSYoungGen: 15360K->0K(242176K)] [ParOldGen: 226304K->118289K(262144K)] 241664K->118289K(504320K), [Metaspace: 2796K->2796K(1056768K)], 0.0093013 secs] [Times: user=0.00 sys=0.00, real=0.01 secs] 
171.965: [GC (Allocation Failure) [PSYoungGen: 219420K->16384K(242176K)] 337709K->134673K(504320K), 0.0014738 secs] [Times: user=0.00 sys=0.00, real=0.00 secs] 
173.492: [GC (Allocation Failure) [PSYoungGen: 230675K->10240K(242176K)] 348964K->138769K(504320K), 0.0015702 secs] [Times: user=0.00 sys=0.00, real=0.00 secs] 
174.800: [GC (Allocation Failure) [PSYoungGen: 229660K->15360K(242176K)] 358189K->143889K(504320K), 0.0013574 secs] [Times: user=0.00 sys=0.00, real=0.00 secs] 
176.114: [GC (Allocation Failure) [PSYoungGen: 234786K->15360K(242176K)] 363315K->154129K(504320K), 0.0022631 secs] [Times: user=0.00 sys=0.00, real=0.00 secs] 
177.967: [GC (Allocation Failure) [PSYoungGen: 178470K->5120K(242176K)] 317239K->246289K(504320K), 0.0052807 secs] [Times: user=0.00 sys=0.00, real=0.01 secs] 
177.972: [Full GC (Ergonomics) [PSYoungGen: 5120K->0K(242176K)] [ParOldGen: 241169K->56849K(262144K)] 246289K->56849K(504320K), [Metaspace: 2796K->2796K(1056768K)], 0.0052665 secs] [Times: user=0.00 sys=0.00, real=0.00 secs] 
179.294: [GC (Allocation Failure) [PSYoungGen: 178466K->5120K(242176K)] 235316K->82449K(504320K), 0.0024715 secs] [Times: user=0.00 sys=0.00, real=0.00 secs] 
180.823: [GC (Allocation Failure) [PSYoungGen: 188688K->5120K(242176K)] 266017K->82449K(504320K), 0.0009007 secs] [Times: user=0.00 sys=0.00, real=0.00 secs] 
182.131: [GC (Allocation Failure) [PSYoungGen: 183575K->6144K(242176K)] 260904K->103953K(504320K), 0.0022460 secs] [Times: user=0.00 sys=0.00, real=0.00 secs] 
183.442: [GC (Allocation Failure) [PSYoungGen: 215323K->17408K(242176K)] 313132K->125457K(504320K), 0.0019655 secs] [Times: user=0.00 sys=0.00, real=0.00 secs] 
184.859: [GC (Allocation Failure) [PSYoungGen: 221472K->10240K(242176K)] 329522K->128529K(504320K), 0.0014410 secs] [Times: user=0.00 sys=0.00, real=0.00 secs] 
186.172: [GC (Allocation Failure) [PSYoungGen: 229667K->15360K(242176K)] 347957K->133649K(504320K), 0.0015004 secs] [Times: user=0.00 sys=0.00, real=0.00 secs] 
187.481: [GC (Allocation Failure) [PSYoungGen: 234791K->15360K(242176K)] 353080K->154129K(504320K), 0.0029645 secs] [Times: user=0.00 sys=0.00, real=0.00 secs] 
189.336: [GC (Allocation Failure) [PSYoungGen: 224553K->5120K(242176K)] 363322K->195089K(504320K), 0.0047897 secs] [Times: user=0.00 sys=0.00, real=0.01 secs] 
189.341: [Full GC (Ergonomics) [PSYoungGen: 5120K->0K(242176K)] [ParOldGen: 189969K->56849K(262144K)] 195089K->56849K(504320K), [Metaspace: 2796K->2796K(1056768K)], 0.0048592 secs] [Times: user=0.00 sys=0.00, real=0.00 secs] 
190.659: [GC (Allocation Failure) [PSYoungGen: 178473K->5120K(242176K)] 235323K->184849K(504320K), 0.0153097 secs] [Times: user=0.02 sys=0.00, real=0.01 secs] 
190.675: [Full GC (Ergonomics) [PSYoungGen: 5120K->0K(242176K)] [ParOldGen: 179729K->133649K(262144K)] 184849K->133649K(504320K), [Metaspace: 2796K->2796K(1056768K)], 0.0096266 secs] [Times: user=0.01 sys=0.00, real=0.01 secs] 
193.200: [GC (Allocation Failure) [PSYoungGen: 219413K->6176K(242176K)] 353062K->139825K(504320K), 0.0008142 secs] [Times: user=0.00 sys=0.00, real=0.00 secs] 
194.401: [GC (Allocation Failure) [PSYoungGen: 225583K->11296K(242176K)] 359232K->155185K(504320K), 0.0019977 secs] [Times: user=0.00 sys=0.00, real=0.00 secs] 
196.148: [GC (Allocation Failure) [PSYoungGen: 230728K->5152K(242176K)] 374617K->149041K(504320K), 0.0008521 secs] [Times: user=0.00 sys=0.00, real=0.00 secs] 
197.452: [GC (Allocation Failure) [PSYoungGen: 224585K->10272K(242176K)] 368475K->174641K(504320K), 0.0024771 secs] [Times: user=0.00 sys=0.00, real=0.00 secs] 
197.454: [Full GC (Ergonomics) [PSYoungGen: 10272K->0K(242176K)] [ParOldGen: 164369K->31249K(262144K)] 174641K->31249K(504320K), [Metaspace: 2796K->2796K(1056768K)], 0.0035559 secs] [Times: user=0.00 sys=0.00, real=0.00 secs] 
198.652: [GC (Allocation Failure) [PSYoungGen: 219434K->10240K(242176K)] 250684K->92689K(504320K), 0.0052124 secs] [Times: user=0.00 sys=0.00, real=0.01 secs] 
200.183: [GC (Allocation Failure) [PSYoungGen: 229661K->10240K(242176K)] 312110K->92689K(504320K), 0.0009296 secs] [Times: user=0.00 sys=0.00, real=0.00 secs] 
201.385: [GC (Allocation Failure) [PSYoungGen: 229666K->11264K(242176K)] 312116K->93713K(504320K), 0.0012392 secs] [Times: user=0.00 sys=0.00, real=0.00 secs] 
202.586: [GC (Allocation Failure) [PSYoungGen: 230679K->17408K(242176K)] 313129K->99857K(504320K), 0.0014745 secs] [Times: user=0.00 sys=0.02, real=0.00 secs] 
204.988: [GC (Allocation Failure) [PSYoungGen: 180511K->15360K(242176K)] 262961K->149009K(504320K), 0.0048450 secs] [Times: user=0.00 sys=0.00, real=0.00 secs] 
206.312: [GC (Allocation Failure) [PSYoungGen: 193822K->15360K(242176K)] 327472K->195089K(504320K), 0.0037108 secs] [Times: user=0.00 sys=0.00, real=0.00 secs] 
206.316: [Full GC (Ergonomics) [PSYoungGen: 15360K->0K(242176K)] [ParOldGen: 179729K->41489K(262144K)] 195089K->41489K(504320K), [Metaspace: 2796K->2796K(1056768K)], 0.0039671 secs] [Times: user=0.00 sys=0.00, real=0.00 secs] 
207.749: [GC (Allocation Failure) [PSYoungGen: 193814K->0K(242176K)] 235304K->61969K(504320K), 0.0019380 secs] [Times: user=0.00 sys=0.00, real=0.00 secs] 
209.059: [GC (Allocation Failure) [PSYoungGen: 209164K->15360K(242176K)] 271133K->128529K(504320K), 0.0048167 secs] [Times: user=0.00 sys=0.00, real=0.00 secs] 
210.368: [GC (Allocation Failure) [PSYoungGen: 234775K->15360K(242176K)] 347944K->236049K(504320K), 0.0155575 secs] [Times: user=0.02 sys=0.02, real=0.02 secs] 
210.384: [Full GC (Ergonomics) [PSYoungGen: 15360K->0K(242176K)] [ParOldGen: 220689K->174609K(262144K)] 236049K->174609K(504320K), [Metaspace: 2796K->2796K(1056768K)], 0.0124283 secs] [Times: user=0.00 sys=0.00, real=0.01 secs] 
211.924: [Full GC (Ergonomics) [PSYoungGen: 219422K->0K(242176K)] [ParOldGen: 174609K->16384K(262144K)] 394032K->16384K(504320K), [Metaspace: 2796K->2796K(1056768K)], 0.0027472 secs] [Times: user=0.00 sys=0.00, real=0.00 secs] 
213.232: [GC (Allocation Failure) [PSYoungGen: 219413K->11264K(242176K)] 235797K->37888K(504320K), 0.0013985 secs] [Times: user=0.00 sys=0.00, real=0.00 secs] 
214.540: [GC (Allocation Failure) [PSYoungGen: 230678K->16384K(242176K)] 257302K->48128K(504320K), 0.0017090 secs] [Times: user=0.00 sys=0.00, real=0.00 secs] 
216.395: [GC (Allocation Failure) [PSYoungGen: 164126K->5120K(242176K)] 195870K->108544K(504320K), 0.0054710 secs] [Times: user=0.00 sys=0.00, real=0.01 secs] 
217.705: [GC (Allocation Failure) [PSYoungGen: 183579K->10240K(242176K)] 287003K->134144K(504320K), 0.0026799 secs] [Times: user=0.00 sys=0.00, real=0.00 secs] 
Heap
 PSYoungGen      total 242176K, used 193128K [0x00000000f0000000, 0x0000000100000000, 0x0000000100000000)
  eden space 222208K, 82% used [0x00000000f0000000,0x00000000fb29a258,0x00000000fd900000)
  from space 19968K, 51% used [0x00000000fec80000,0x00000000ff680020,0x0000000100000000)
  to   space 19968K, 0% used [0x00000000fd900000,0x00000000fd900000,0x00000000fec80000)
 ParOldGen       total 262144K, used 123904K [0x00000000e0000000, 0x00000000f0000000, 0x00000000f0000000)
  object space 262144K, 47% used [0x00000000e0000000,0x00000000e7900070,0x00000000f0000000)
 Metaspace       used 2804K, capacity 4486K, committed 4864K, reserved 1056768K
  class space    used 297K, capacity 386K, committed 512K, reserved 1048576K
