Java HotSpot(TM) 64-Bit Server VM (25.411-b09) for windows-amd64 JRE (1.8.0_411-b09), built on Mar 13 2024 07:26:13 by "java_re" with MS VC++ 17.1 (VS2022)
Memory: 4k page, physical 33403376k(14405796k free), swap 36670664k(7399484k free)
CommandLine flags: -XX:InitialHeapSize=536870912 -XX:MaxHeapSize=536870912 -XX:NewRatio=8 -XX:ParallelGCThreads=6 -XX:+PrintGC -XX:+PrintGCDetails -XX:+PrintGCTimeStamps -XX:SurvivorRatio=10 -XX:-UseAdaptiveSizePolicy -XX:+UseCompressedClassPointers -XX:+UseCompressedOops -XX:-UseLargePagesIndividualAllocation -XX:+UseParallelGC 
1.042: [GC (Allocation Failure) [PSYoungGen: 44953K->664K(53248K)] 44953K->16032K(519680K), 0.0042403 secs] [Times: user=0.00 sys=0.00, real=0.00 secs] 
1.964: [GC (Allocation Failure) [PSYoungGen: 44623K->1680K(53248K)] 213592K->175768K(519680K), 0.0021396 secs] [Times: user=0.00 sys=0.00, real=0.00 secs] 
2.622: [GC (Allocation Failure) [PSYoungGen: 43599K->1608K(53248K)] 217687K->191056K(519680K), 0.0040686 secs] [Times: user=0.00 sys=0.00, real=0.00 secs] 
3.648: [GC (Allocation Failure) [PSYoungGen: 45572K->2648K(53248K)] 388620K->350816K(519680K), 0.0024107 secs] [Times: user=0.00 sys=0.00, real=0.00 secs] 
5.178: [GC (Allocation Failure) [PSYoungGen: 50714K->600K(53248K)] 398882K->359008K(519680K), 0.0024782 secs] [Times: user=0.00 sys=0.00, real=0.00 secs] 
5.739: [GC (Allocation Failure) [PSYoungGen: 47639K->600K(53248K)] 457247K->420448K(519680K), 0.0042147 secs] [Times: user=0.00 sys=0.02, real=0.00 secs] 
5.743: [GC (Allocation Failure) [PSYoungGen: 600K->600K(53248K)] 420448K->420448K(519680K), 0.0009658 secs] [Times: user=0.00 sys=0.00, real=0.00 secs] 
5.744: [Full GC (Allocation Failure) [PSYoungGen: 600K->0K(53248K)] [ParOldGen: 419848K->67088K(466432K)] 420448K->67088K(519680K), [Metaspace: 2753K->2753K(1056768K)], 0.0103545 secs] [Times: user=0.00 sys=0.00, real=0.01 secs] 
6.848: [GC (Allocation Failure) [PSYoungGen: 43972K->0K(53248K)] 213460K->184848K(519680K), 0.0016497 secs] [Times: user=0.00 sys=0.00, real=0.00 secs] 
7.720: [GC (Allocation Failure) [PSYoungGen: 44461K->32K(53248K)] 382910K->364088K(519680K), 0.0022019 secs] [Times: user=0.00 sys=0.00, real=0.00 secs] 
8.594: [GC (Allocation Failure) [PSYoungGen: 26601K->32K(53248K)] 441858K->415288K(519680K), 0.0014787 secs] [Times: user=0.00 sys=0.00, real=0.00 secs] 
8.596: [GC (Allocation Failure) [PSYoungGen: 32K->32K(53248K)] 415288K->415288K(519680K), 0.0009859 secs] [Times: user=0.00 sys=0.00, real=0.00 secs] 
8.597: [Full GC (Allocation Failure) [PSYoungGen: 32K->0K(53248K)] [ParOldGen: 415256K->51728K(466432K)] 415288K->51728K(519680K), [Metaspace: 2759K->2759K(1056768K)], 0.0056175 secs] [Times: user=0.00 sys=0.00, real=0.01 secs] 
9.703: [GC (Allocation Failure) [PSYoungGen: 43978K->0K(53248K)] 198107K->169488K(519680K), 0.0015115 secs] [Times: user=0.00 sys=0.00, real=0.00 secs] 
10.577: [GC (Allocation Failure) [PSYoungGen: 43979K->0K(53248K)] 367068K->328208K(519680K), 0.0007760 secs] [Times: user=0.00 sys=0.00, real=0.00 secs] 
11.229: [GC (Allocation Failure) [PSYoungGen: 41931K->0K(53248K)] 370140K->343569K(519680K), 0.0013990 secs] [Times: user=0.00 sys=0.00, real=0.00 secs] 
11.447: [GC (Allocation Failure) [PSYoungGen: 21444K->0K(53248K)] 416213K->394769K(519680K), 0.0010827 secs] [Times: user=0.00 sys=0.00, real=0.00 secs] 
11.448: [GC (Allocation Failure) [PSYoungGen: 0K->0K(53248K)] 394769K->394769K(519680K), 0.0010523 secs] [Times: user=0.00 sys=0.00, real=0.00 secs] 
11.449: [Full GC (Allocation Failure) [PSYoungGen: 0K->0K(53248K)] [ParOldGen: 394769K->215568K(466432K)] 394769K->215568K(519680K), [Metaspace: 2761K->2761K(1056768K)], 0.0135046 secs] [Times: user=0.02 sys=0.00, real=0.02 secs] 
12.660: [GC (Allocation Failure) [PSYoungGen: 33024K->32K(53248K)] 350993K->333368K(519680K), 0.0014649 secs] [Times: user=0.00 sys=0.00, real=0.00 secs] 
12.878: [GC (Allocation Failure) [PSYoungGen: 21479K->32K(53248K)] 406016K->384569K(519680K), 0.0009354 secs] [Times: user=0.00 sys=0.00, real=0.00 secs] 
12.879: [GC (Allocation Failure) [PSYoungGen: 32K->32K(53248K)] 384569K->384569K(519680K), 0.0009285 secs] [Times: user=0.00 sys=0.00, real=0.00 secs] 
12.880: [Full GC (Allocation Failure) [PSYoungGen: 32K->0K(53248K)] [ParOldGen: 384537K->56849K(466432K)] 384569K->56849K(519680K), [Metaspace: 2763K->2763K(1056768K)], 0.0053414 secs] [Times: user=0.00 sys=0.00, real=0.01 secs] 
13.986: [GC (Allocation Failure) [PSYoungGen: 43975K->1024K(53248K)] 203224K->180753K(519680K), 0.0013939 secs] [Times: user=0.00 sys=0.00, real=0.00 secs] 
14.862: [GC (Allocation Failure) [PSYoungGen: 45001K->1024K(53248K)] 378330K->344593K(519680K), 0.0013358 secs] [Times: user=0.00 sys=0.00, real=0.00 secs] 
16.172: [GC (Allocation Failure) [PSYoungGen: 48074K->0K(53248K)] 391643K->348689K(519680K), 0.0010755 secs] [Times: user=0.00 sys=0.00, real=0.00 secs] 
16.942: [GC (Allocation Failure) [PSYoungGen: 47044K->0K(53248K)] 395733K->364049K(519680K), 0.0014493 secs] [Times: user=0.02 sys=0.00, real=0.00 secs] 
17.161: [GC (Allocation Failure) [PSYoungGen: 21440K->0K(53248K)] 436689K->435729K(519680K), 0.0056844 secs] [Times: user=0.01 sys=0.00, real=0.01 secs] 
17.167: [Full GC (Ergonomics) [PSYoungGen: 0K->0K(53248K)] [ParOldGen: 435729K->77329K(466432K)] 435729K->77329K(519680K), [Metaspace: 2768K->2768K(1056768K)], 0.0063890 secs] [Times: user=0.00 sys=0.00, real=0.01 secs] 
18.269: [GC (Allocation Failure) [PSYoungGen: 43968K->0K(53248K)] 223697K->195089K(519680K), 0.0015835 secs] [Times: user=0.00 sys=0.00, real=0.00 secs] 
19.146: [GC (Allocation Failure) [PSYoungGen: 43972K->0K(53248K)] 392662K->353809K(519680K), 0.0009799 secs] [Times: user=0.00 sys=0.00, real=0.00 secs] 
20.019: [GC (Allocation Failure) [PSYoungGen: 11207K->0K(53248K)] 416216K->405009K(519680K), 0.0008861 secs] [Times: user=0.00 sys=0.00, real=0.00 secs] 
20.020: [GC (Allocation Failure) [PSYoungGen: 0K->0K(53248K)] 405009K->405009K(519680K), 0.0008963 secs] [Times: user=0.00 sys=0.00, real=0.00 secs] 
20.020: [Full GC (Allocation Failure) [PSYoungGen: 0K->0K(53248K)] [ParOldGen: 405009K->51729K(466432K)] 405009K->51729K(519680K), [Metaspace: 2770K->2770K(1056768K)], 0.0050522 secs] [Times: user=0.02 sys=0.00, real=0.00 secs] 
21.126: [GC (Allocation Failure) [PSYoungGen: 43975K->0K(53248K)] 198104K->169489K(519680K), 0.0016063 secs] [Times: user=0.00 sys=0.00, real=0.00 secs] 
22.002: [GC (Allocation Failure) [PSYoungGen: 43977K->1024K(53248K)] 367066K->329233K(519680K), 0.0010754 secs] [Times: user=0.00 sys=0.00, real=0.00 secs] 
22.655: [GC (Allocation Failure) [PSYoungGen: 42954K->1024K(53248K)] 371163K->344593K(519680K), 0.0017685 secs] [Times: user=0.00 sys=0.00, real=0.00 secs] 
22.875: [GC (Allocation Failure) [PSYoungGen: 22467K->1024K(53248K)] 417236K->395793K(519680K), 0.0011465 secs] [Times: user=0.00 sys=0.00, real=0.00 secs] 
22.876: [GC (Allocation Failure) [PSYoungGen: 1024K->1024K(53248K)] 395793K->395793K(519680K), 0.0008279 secs] [Times: user=0.00 sys=0.00, real=0.00 secs] 
22.877: [Full GC (Allocation Failure) [PSYoungGen: 1024K->0K(53248K)] [ParOldGen: 394769K->165393K(466432K)] 395793K->165393K(519680K), [Metaspace: 2779K->2779K(1056768K)], 0.0137371 secs] [Times: user=0.00 sys=0.00, real=0.01 secs] 
24.089: [GC (Allocation Failure) [PSYoungGen: 28611K->0K(53248K)] 296404K->288273K(519680K), 0.0017558 secs] [Times: user=0.00 sys=0.00, real=0.00 secs] 
25.072: [Full GC (Ergonomics) [PSYoungGen: 43974K->0K(53248K)] [ParOldGen: 441873K->21009K(466432K)] 485848K->21009K(519680K), [Metaspace: 2779K->2779K(1056768K)], 0.0035880 secs] [Times: user=0.00 sys=0.00, real=0.00 secs] 
25.508: [GC (Allocation Failure) [PSYoungGen: 31688K->0K(53248K)] 52698K->41489K(519680K), 0.0012185 secs] [Times: user=0.00 sys=0.00, real=0.00 secs] 
26.490: [GC (Allocation Failure) [PSYoungGen: 43968K->0K(53248K)] 239057K->205329K(519680K), 0.0012042 secs] [Times: user=0.00 sys=0.00, real=0.00 secs] 
26.929: [GC (Allocation Failure) [PSYoungGen: 31684K->0K(53248K)] 237013K->215569K(519680K), 0.0014311 secs] [Times: user=0.00 sys=0.00, real=0.00 secs] 
28.131: [GC (Allocation Failure) [PSYoungGen: 47037K->0K(53248K)] 262606K->225809K(519680K), 0.0009914 secs] [Times: user=0.00 sys=0.00, real=0.00 secs] 
28.896: [GC (Allocation Failure) [PSYoungGen: 44169K->1056K(53248K)] 423578K->380473K(519680K), 0.0011455 secs] [Times: user=0.00 sys=0.00, real=0.00 secs] 
29.658: [GC (Allocation Failure) [PSYoungGen: 42977K->96K(53248K)] 422395K->394873K(519680K), 0.0017835 secs] [Times: user=0.00 sys=0.00, real=0.00 secs] 
29.987: [Full GC (Ergonomics) [PSYoungGen: 31773K->0K(53248K)] [ParOldGen: 445977K->113169K(466432K)] 477751K->113169K(519680K), [Metaspace: 2793K->2793K(1056768K)], 0.0087850 secs] [Times: user=0.00 sys=0.00, real=0.01 secs] 
32.078: [GC (Allocation Failure) [PSYoungGen: 46019K->1024K(53248K)] 363988K->324113K(519680K), 0.0008134 secs] [Times: user=0.00 sys=0.00, real=0.00 secs] 
32.621: [GC (Allocation Failure) [PSYoungGen: 37830K->1024K(53248K)] 360919K->339473K(519680K), 0.0015248 secs] [Times: user=0.00 sys=0.00, real=0.00 secs] 
32.839: [GC (Allocation Failure) [PSYoungGen: 22463K->1024K(53248K)] 412113K->390673K(519680K), 0.0007919 secs] [Times: user=0.00 sys=0.00, real=0.00 secs] 
32.840: [GC (Allocation Failure) [PSYoungGen: 1024K->1024K(53248K)] 390673K->390673K(519680K), 0.0008472 secs] [Times: user=0.00 sys=0.00, real=0.00 secs] 
32.841: [Full GC (Allocation Failure) [PSYoungGen: 1024K->0K(53248K)] [ParOldGen: 389649K->57873K(466432K)] 390673K->57873K(519680K), [Metaspace: 2793K->2793K(1056768K)], 0.0052152 secs] [Times: user=0.00 sys=0.00, real=0.01 secs] 
33.947: [GC (Allocation Failure) [PSYoungGen: 43967K->1024K(53248K)] 204241K->181777K(519680K), 0.0015000 secs] [Times: user=0.00 sys=0.00, real=0.00 secs] 
35.261: [GC (Allocation Failure) [PSYoungGen: 39876K->0K(53248K)] 374229K->339473K(519680K), 0.0008626 secs] [Times: user=0.00 sys=0.00, real=0.00 secs] 
35.698: [GC (Allocation Failure) [PSYoungGen: 41927K->0K(53248K)] 432600K->400913K(519680K), 0.0014050 secs] [Times: user=0.00 sys=0.00, real=0.00 secs] 
35.699: [GC (Allocation Failure) [PSYoungGen: 0K->0K(53248K)] 400913K->400913K(519680K), 0.0006925 secs] [Times: user=0.00 sys=0.00, real=0.00 secs] 
35.700: [Full GC (Allocation Failure) [PSYoungGen: 0K->0K(53248K)] [ParOldGen: 400913K->61969K(466432K)] 400913K->61969K(519680K), [Metaspace: 2793K->2793K(1056768K)], 0.0056402 secs] [Times: user=0.00 sys=0.00, real=0.00 secs] 
36.804: [GC (Allocation Failure) [PSYoungGen: 43977K->0K(53248K)] 208346K->179729K(519680K), 0.0014582 secs] [Times: user=0.00 sys=0.00, real=0.00 secs] 
37.673: [GC (Allocation Failure) [PSYoungGen: 43978K->0K(53248K)] 377308K->358929K(519680K), 0.0020137 secs] [Times: user=0.00 sys=0.00, real=0.00 secs] 
38.329: [GC (Allocation Failure) [PSYoungGen: 41931K->0K(53248K)] 400860K->374289K(519680K), 0.0014186 secs] [Times: user=0.00 sys=0.00, real=0.00 secs] 
39.536: [Full GC (Ergonomics) [PSYoungGen: 41924K->0K(53248K)] [ParOldGen: 425489K->11264K(466432K)] 467413K->11264K(519680K), [Metaspace: 2793K->2793K(1056768K)], 0.0026194 secs] [Times: user=0.00 sys=0.00, real=0.00 secs] 
40.297: [GC (Allocation Failure) [PSYoungGen: 43975K->1024K(53248K)] 208839K->165888K(519680K), 0.0005333 secs] [Times: user=0.00 sys=0.00, real=0.00 secs] 
41.064: [GC (Allocation Failure) [PSYoungGen: 42953K->0K(53248K)] 207817K->180224K(519680K), 0.0013660 secs] [Times: user=0.00 sys=0.00, real=0.00 secs] 
41.936: [GC (Allocation Failure) [PSYoungGen: 43970K->1024K(53248K)] 377794K->339968K(519680K), 0.0010723 secs] [Times: user=0.00 sys=0.00, real=0.00 secs] 
43.574: [GC (Allocation Failure) [PSYoungGen: 44998K->1024K(53248K)] 383942K->345088K(519680K), 0.0010572 secs] [Times: user=0.00 sys=0.00, real=0.00 secs] 
44.011: [GC (Allocation Failure) [PSYoungGen: 32705K->1024K(53248K)] 376769K->365568K(519680K), 0.0018236 secs] [Times: user=0.00 sys=0.00, real=0.00 secs] 
44.229: [GC (Allocation Failure) [PSYoungGen: 22458K->1024K(53248K)] 438203K->416768K(519680K), 0.0010324 secs] [Times: user=0.00 sys=0.00, real=0.00 secs] 
44.230: [GC (Allocation Failure) [PSYoungGen: 1024K->1024K(53248K)] 416768K->416768K(519680K), 0.0009760 secs] [Times: user=0.00 sys=0.00, real=0.00 secs] 
44.231: [Full GC (Allocation Failure) [PSYoungGen: 1024K->0K(53248K)] [ParOldGen: 415744K->62993K(466432K)] 416768K->62993K(519680K), [Metaspace: 2795K->2795K(1056768K)], 0.0056691 secs] [Times: user=0.00 sys=0.00, real=0.01 secs] 
45.334: [GC (Allocation Failure) [PSYoungGen: 43963K->0K(53248K)] 209356K->180753K(519680K), 0.0015352 secs] [Times: user=0.00 sys=0.00, real=0.00 secs] 
46.754: [GC (Allocation Failure) [PSYoungGen: 43969K->0K(53248K)] 378322K->339473K(519680K), 0.0007749 secs] [Times: user=0.00 sys=0.00, real=0.00 secs] 
47.083: [GC (Allocation Failure) [PSYoungGen: 31685K->0K(53248K)] 422358K->411153K(519680K), 0.0021018 secs] [Times: user=0.06 sys=0.00, real=0.00 secs] 
47.085: [GC (Allocation Failure) [PSYoungGen: 0K->0K(53248K)] 411153K->411153K(519680K), 0.0007091 secs] [Times: user=0.00 sys=0.00, real=0.00 secs] 
47.086: [Full GC (Allocation Failure) [PSYoungGen: 0K->0K(53248K)] [ParOldGen: 411153K->72209K(466432K)] 411153K->72209K(519680K), [Metaspace: 2795K->2795K(1056768K)], 0.0063682 secs] [Times: user=0.00 sys=0.00, real=0.01 secs] 
48.189: [GC (Allocation Failure) [PSYoungGen: 43976K->0K(53248K)] 218585K->189969K(519680K), 0.0014488 secs] [Times: user=0.00 sys=0.00, real=0.00 secs] 
49.063: [GC (Allocation Failure) [PSYoungGen: 43977K->0K(53248K)] 387547K->348689K(519680K), 0.0014503 secs] [Times: user=0.00 sys=0.00, real=0.00 secs] 
49.722: [GC (Allocation Failure) [PSYoungGen: 41930K->0K(53248K)] 390620K->364049K(519680K), 0.0016515 secs] [Times: user=0.00 sys=0.00, real=0.00 secs] 
49.942: [GC (Allocation Failure) [PSYoungGen: 21443K->0K(53248K)] 436693K->415249K(519680K), 0.0010026 secs] [Times: user=0.02 sys=0.00, real=0.00 secs] 
49.943: [GC (Allocation Failure) [PSYoungGen: 0K->0K(53248K)] 415249K->415249K(519680K), 0.0009869 secs] [Times: user=0.00 sys=0.00, real=0.00 secs] 
49.944: [Full GC (Allocation Failure) [PSYoungGen: 0K->0K(53248K)] [ParOldGen: 415249K->133649K(466432K)] 415249K->133649K(519680K), [Metaspace: 2795K->2795K(1056768K)], 0.0102535 secs] [Times: user=0.00 sys=0.00, real=0.01 secs] 
51.161: [GC (Allocation Failure) [PSYoungGen: 36803K->0K(53248K)] 272853K->251409K(519680K), 0.0014814 secs] [Times: user=0.00 sys=0.00, real=0.00 secs] 
52.144: [GC (Allocation Failure) [PSYoungGen: 43974K->1024K(53248K)] 448984K->411153K(519680K), 0.0008501 secs] [Times: user=0.00 sys=0.00, real=0.00 secs] 
52.580: [GC (Allocation Failure) [PSYoungGen: 32712K->1024K(53248K)] 442842K->426513K(519680K), 0.0016130 secs] [Times: user=0.00 sys=0.00, real=0.00 secs] 
52.581: [Full GC (Ergonomics) [PSYoungGen: 1024K->0K(53248K)] [ParOldGen: 425489K->22033K(466432K)] 426513K->22033K(519680K), [Metaspace: 2795K->2795K(1056768K)], 0.0032813 secs] [Times: user=0.00 sys=0.00, real=0.00 secs] 
53.558: [GC (Allocation Failure) [PSYoungGen: 43968K->1024K(53248K)] 219601K->181777K(519680K), 0.0007878 secs] [Times: user=0.00 sys=0.00, real=0.00 secs] 
55.092: [GC (Allocation Failure) [PSYoungGen: 49092K->0K(53248K)] 229846K->190993K(519680K), 0.0010176 secs] [Times: user=0.00 sys=0.00, real=0.00 secs] 
55.856: [GC (Allocation Failure) [PSYoungGen: 48064K->1024K(53248K)] 392658K->355857K(519680K), 0.0013767 secs] [Times: user=0.00 sys=0.00, real=0.00 secs] 
56.731: [GC (Allocation Failure) [PSYoungGen: 43972K->0K(53248K)] 398806K->370193K(519680K), 0.0015587 secs] [Times: user=0.00 sys=0.00, real=0.00 secs] 
57.058: [GC (Allocation Failure) [PSYoungGen: 31680K->0K(53248K)] 453073K->441873K(519680K), 0.0021600 secs] [Times: user=0.00 sys=0.00, real=0.00 secs] 
57.061: [Full GC (Ergonomics) [PSYoungGen: 0K->0K(53248K)] [ParOldGen: 441873K->92689K(466432K)] 441873K->92689K(519680K), [Metaspace: 2796K->2796K(1056768K)], 0.0073377 secs] [Times: user=0.02 sys=0.00, real=0.01 secs] 
58.932: [GC (Allocation Failure) [PSYoungGen: 46020K->0K(53248K)] 394710K->353809K(519680K), 0.0010582 secs] [Times: user=0.00 sys=0.00, real=0.00 secs] 
59.698: [GC (Allocation Failure) [PSYoungGen: 47047K->0K(53248K)] 400856K->369169K(519680K), 0.0015489 secs] [Times: user=0.00 sys=0.00, real=0.00 secs] 
59.917: [GC (Allocation Failure) [PSYoungGen: 21442K->0K(53248K)] 441811K->420369K(519680K), 0.0008103 secs] [Times: user=0.00 sys=0.00, real=0.00 secs] 
59.917: [Full GC (Ergonomics) [PSYoungGen: 0K->0K(53248K)] [ParOldGen: 420369K->108049K(466432K)] 420369K->108049K(519680K), [Metaspace: 2796K->2796K(1056768K)], 0.0087815 secs] [Times: user=0.00 sys=0.00, real=0.01 secs] 
61.024: [GC (Allocation Failure) [PSYoungGen: 43970K->0K(53248K)] 254419K->225809K(519680K), 0.0013854 secs] [Times: user=0.00 sys=0.00, real=0.00 secs] 
62.332: [GC (Allocation Failure) [PSYoungGen: 42950K->0K(53248K)] 422359K->389649K(519680K), 0.0008921 secs] [Times: user=0.00 sys=0.00, real=0.00 secs] 
62.766: [Full GC (Ergonomics) [PSYoungGen: 41928K->0K(53248K)] [ParOldGen: 440849K->56849K(466432K)] 482777K->56849K(519680K), [Metaspace: 2796K->2796K(1056768K)], 0.0057819 secs] [Times: user=0.00 sys=0.00, real=0.01 secs] 
63.874: [GC (Allocation Failure) [PSYoungGen: 43978K->1024K(53248K)] 203227K->180753K(519680K), 0.0015795 secs] [Times: user=0.00 sys=0.00, real=0.00 secs] 
64.747: [GC (Allocation Failure) [PSYoungGen: 45003K->1024K(53248K)] 378332K->344593K(519680K), 0.0012444 secs] [Times: user=0.00 sys=0.00, real=0.00 secs] 
66.060: [GC (Allocation Failure) [PSYoungGen: 48075K->0K(53248K)] 391645K->348689K(519680K), 0.0009899 secs] [Times: user=0.00 sys=0.00, real=0.00 secs] 
66.825: [GC (Allocation Failure) [PSYoungGen: 47045K->0K(53248K)] 395734K->364049K(519680K), 0.0014306 secs] [Times: user=0.00 sys=0.00, real=0.00 secs] 
67.044: [GC (Allocation Failure) [PSYoungGen: 21440K->0K(53248K)] 436690K->435729K(519680K), 0.0021462 secs] [Times: user=0.00 sys=0.00, real=0.00 secs] 
67.046: [Full GC (Ergonomics) [PSYoungGen: 0K->0K(53248K)] [ParOldGen: 435729K->77329K(466432K)] 435729K->77329K(519680K), [Metaspace: 2796K->2796K(1056768K)], 0.0066819 secs] [Times: user=0.00 sys=0.00, real=0.01 secs] 
68.150: [GC (Allocation Failure) [PSYoungGen: 43968K->0K(53248K)] 223698K->195089K(519680K), 0.0017662 secs] [Times: user=0.00 sys=0.00, real=0.00 secs] 
69.026: [GC (Allocation Failure) [PSYoungGen: 43973K->0K(53248K)] 392662K->353809K(519680K), 0.0008657 secs] [Times: user=0.00 sys=0.00, real=0.00 secs] 
69.899: [GC (Allocation Failure) [PSYoungGen: 11207K->0K(53248K)] 416217K->405009K(519680K), 0.0008776 secs] [Times: user=0.00 sys=0.00, real=0.00 secs] 
69.900: [GC (Allocation Failure) [PSYoungGen: 0K->0K(53248K)] 405009K->405009K(519680K), 0.0009992 secs] [Times: user=0.00 sys=0.00, real=0.00 secs] 
69.901: [Full GC (Allocation Failure) [PSYoungGen: 0K->0K(53248K)] [ParOldGen: 405009K->51729K(466432K)] 405009K->51729K(519680K), [Metaspace: 2796K->2796K(1056768K)], 0.0052979 secs] [Times: user=0.00 sys=0.00, real=0.01 secs] 
71.006: [GC (Allocation Failure) [PSYoungGen: 43975K->0K(53248K)] 198105K->169489K(519680K), 0.0014606 secs] [Times: user=0.00 sys=0.00, real=0.00 secs] 
71.881: [GC (Allocation Failure) [PSYoungGen: 43977K->1024K(53248K)] 367067K->329233K(519680K), 0.0009912 secs] [Times: user=0.00 sys=0.00, real=0.00 secs] 
72.536: [GC (Allocation Failure) [PSYoungGen: 42954K->1024K(53248K)] 371164K->344593K(519680K), 0.0016339 secs] [Times: user=0.05 sys=0.02, real=0.00 secs] 
72.750: [GC (Allocation Failure) [PSYoungGen: 22467K->1024K(53248K)] 417237K->395793K(519680K), 0.0010610 secs] [Times: user=0.00 sys=0.00, real=0.00 secs] 
72.751: [GC (Allocation Failure) [PSYoungGen: 1024K->1024K(53248K)] 395793K->395793K(519680K), 0.0007497 secs] [Times: user=0.00 sys=0.00, real=0.00 secs] 
72.752: [Full GC (Allocation Failure) [PSYoungGen: 1024K->0K(53248K)] [ParOldGen: 394769K->165393K(466432K)] 395793K->165393K(519680K), [Metaspace: 2796K->2796K(1056768K)], 0.0129057 secs] [Times: user=0.00 sys=0.00, real=0.01 secs] 
73.969: [GC (Allocation Failure) [PSYoungGen: 28611K->0K(53248K)] 296405K->288273K(519680K), 0.0015339 secs] [Times: user=0.00 sys=0.00, real=0.00 secs] 
74.950: [Full GC (Ergonomics) [PSYoungGen: 43974K->0K(53248K)] [ParOldGen: 441873K->21009K(466432K)] 485848K->21009K(519680K), [Metaspace: 2796K->2796K(1056768K)], 0.0031983 secs] [Times: user=0.00 sys=0.00, real=0.00 secs] 
75.387: [GC (Allocation Failure) [PSYoungGen: 31688K->0K(53248K)] 52698K->41489K(519680K), 0.0014111 secs] [Times: user=0.00 sys=0.00, real=0.00 secs] 
76.369: [GC (Allocation Failure) [PSYoungGen: 43968K->0K(53248K)] 239057K->205329K(519680K), 0.0010074 secs] [Times: user=0.00 sys=0.00, real=0.00 secs] 
76.806: [GC (Allocation Failure) [PSYoungGen: 31684K->0K(53248K)] 237013K->215569K(519680K), 0.0011357 secs] [Times: user=0.00 sys=0.00, real=0.00 secs] 
78.006: [GC (Allocation Failure) [PSYoungGen: 47037K->0K(53248K)] 262606K->225809K(519680K), 0.0011422 secs] [Times: user=0.00 sys=0.00, real=0.00 secs] 
78.770: [GC (Allocation Failure) [PSYoungGen: 43963K->1024K(53248K)] 423373K->380433K(519680K), 0.0008642 secs] [Times: user=0.00 sys=0.00, real=0.00 secs] 
79.534: [GC (Allocation Failure) [PSYoungGen: 42945K->0K(53248K)] 422355K->394769K(519680K), 0.0017954 secs] [Times: user=0.00 sys=0.00, real=0.00 secs] 
79.862: [Full GC (Ergonomics) [PSYoungGen: 31677K->0K(53248K)] [ParOldGen: 445969K->113169K(466432K)] 477647K->113169K(519680K), [Metaspace: 2796K->2796K(1056768K)], 0.0095712 secs] [Times: user=0.02 sys=0.00, real=0.01 secs] 
81.951: [GC (Allocation Failure) [PSYoungGen: 46019K->1024K(53248K)] 363988K->324113K(519680K), 0.0009994 secs] [Times: user=0.00 sys=0.00, real=0.00 secs] 
82.501: [GC (Allocation Failure) [PSYoungGen: 37830K->1024K(53248K)] 360919K->339473K(519680K), 0.0016099 secs] [Times: user=0.00 sys=0.00, real=0.00 secs] 
82.720: [GC (Allocation Failure) [PSYoungGen: 22463K->1024K(53248K)] 412113K->390673K(519680K), 0.0008308 secs] [Times: user=0.00 sys=0.00, real=0.00 secs] 
82.721: [GC (Allocation Failure) [PSYoungGen: 1024K->1024K(53248K)] 390673K->390673K(519680K), 0.0007353 secs] [Times: user=0.00 sys=0.00, real=0.00 secs] 
82.722: [Full GC (Allocation Failure) [PSYoungGen: 1024K->0K(53248K)] [ParOldGen: 389649K->57873K(466432K)] 390673K->57873K(519680K), [Metaspace: 2796K->2796K(1056768K)], 0.0054110 secs] [Times: user=0.00 sys=0.00, real=0.01 secs] 
83.828: [GC (Allocation Failure) [PSYoungGen: 43967K->1024K(53248K)] 204241K->181777K(519680K), 0.0014946 secs] [Times: user=0.00 sys=0.00, real=0.00 secs] 
85.139: [GC (Allocation Failure) [PSYoungGen: 39876K->0K(53248K)] 374229K->339473K(519680K), 0.0010846 secs] [Times: user=0.00 sys=0.00, real=0.00 secs] 
85.575: [GC (Allocation Failure) [PSYoungGen: 41927K->0K(53248K)] 432600K->400913K(519680K), 0.0014017 secs] [Times: user=0.00 sys=0.00, real=0.00 secs] 
85.577: [GC (Allocation Failure) [PSYoungGen: 0K->0K(53248K)] 400913K->400913K(519680K), 0.0008191 secs] [Times: user=0.00 sys=0.00, real=0.00 secs] 
85.578: [Full GC (Allocation Failure) [PSYoungGen: 0K->0K(53248K)] [ParOldGen: 400913K->61969K(466432K)] 400913K->61969K(519680K), [Metaspace: 2796K->2796K(1056768K)], 0.0056369 secs] [Times: user=0.00 sys=0.00, real=0.00 secs] 
86.685: [GC (Allocation Failure) [PSYoungGen: 43977K->0K(53248K)] 208346K->179729K(519680K), 0.0013747 secs] [Times: user=0.00 sys=0.00, real=0.00 secs] 
87.556: [GC (Allocation Failure) [PSYoungGen: 43978K->0K(53248K)] 377308K->358929K(519680K), 0.0023943 secs] [Times: user=0.00 sys=0.00, real=0.00 secs] 
88.215: [GC (Allocation Failure) [PSYoungGen: 41931K->0K(53248K)] 400860K->374289K(519680K), 0.0016824 secs] [Times: user=0.00 sys=0.00, real=0.00 secs] 
89.417: [Full GC (Ergonomics) [PSYoungGen: 41924K->0K(53248K)] [ParOldGen: 425489K->11264K(466432K)] 467413K->11264K(519680K), [Metaspace: 2796K->2796K(1056768K)], 0.0029789 secs] [Times: user=0.00 sys=0.00, real=0.00 secs] 
90.181: [GC (Allocation Failure) [PSYoungGen: 43975K->1024K(53248K)] 208839K->165888K(519680K), 0.0006753 secs] [Times: user=0.00 sys=0.00, real=0.00 secs] 
90.949: [GC (Allocation Failure) [PSYoungGen: 42953K->0K(53248K)] 207817K->180224K(519680K), 0.0014998 secs] [Times: user=0.00 sys=0.00, real=0.00 secs] 
91.824: [GC (Allocation Failure) [PSYoungGen: 43970K->1024K(53248K)] 377794K->339968K(519680K), 0.0012426 secs] [Times: user=0.00 sys=0.00, real=0.00 secs] 
93.463: [GC (Allocation Failure) [PSYoungGen: 44998K->1024K(53248K)] 383942K->345088K(519680K), 0.0017407 secs] [Times: user=0.00 sys=0.00, real=0.00 secs] 
93.900: [GC (Allocation Failure) [PSYoungGen: 32705K->1024K(53248K)] 376769K->365568K(519680K), 0.0018229 secs] [Times: user=0.00 sys=0.00, real=0.00 secs] 
94.118: [GC (Allocation Failure) [PSYoungGen: 22458K->1024K(53248K)] 438203K->416768K(519680K), 0.0012786 secs] [Times: user=0.00 sys=0.00, real=0.00 secs] 
94.119: [GC (Allocation Failure) [PSYoungGen: 1024K->1024K(53248K)] 416768K->416768K(519680K), 0.0014113 secs] [Times: user=0.00 sys=0.00, real=0.00 secs] 
94.120: [Full GC (Allocation Failure) [PSYoungGen: 1024K->0K(53248K)] [ParOldGen: 415744K->62993K(466432K)] 416768K->62993K(519680K), [Metaspace: 2796K->2796K(1056768K)], 0.0061849 secs] [Times: user=0.00 sys=0.00, real=0.01 secs] 
95.225: [GC (Allocation Failure) [PSYoungGen: 43963K->0K(53248K)] 209356K->180753K(519680K), 0.0015346 secs] [Times: user=0.00 sys=0.00, real=0.00 secs] 
96.649: [GC (Allocation Failure) [PSYoungGen: 43969K->0K(53248K)] 378322K->339473K(519680K), 0.0008987 secs] [Times: user=0.00 sys=0.00, real=0.00 secs] 
96.978: [GC (Allocation Failure) [PSYoungGen: 31685K->0K(53248K)] 422358K->411153K(519680K), 0.0022915 secs] [Times: user=0.00 sys=0.00, real=0.00 secs] 
96.980: [GC (Allocation Failure) [PSYoungGen: 0K->0K(53248K)] 411153K->411153K(519680K), 0.0007322 secs] [Times: user=0.00 sys=0.00, real=0.00 secs] 
96.981: [Full GC (Allocation Failure) [PSYoungGen: 0K->0K(53248K)] [ParOldGen: 411153K->72209K(466432K)] 411153K->72209K(519680K), [Metaspace: 2796K->2796K(1056768K)], 0.0062383 secs] [Times: user=0.00 sys=0.00, real=0.01 secs] 
98.087: [GC (Allocation Failure) [PSYoungGen: 43976K->0K(53248K)] 218585K->189969K(519680K), 0.0015399 secs] [Times: user=0.00 sys=0.00, real=0.00 secs] 
98.959: [GC (Allocation Failure) [PSYoungGen: 43977K->0K(53248K)] 387547K->348689K(519680K), 0.0009239 secs] [Times: user=0.00 sys=0.00, real=0.00 secs] 
99.613: [GC (Allocation Failure) [PSYoungGen: 41930K->0K(53248K)] 390620K->364049K(519680K), 0.0014436 secs] [Times: user=0.00 sys=0.00, real=0.00 secs] 
99.832: [GC (Allocation Failure) [PSYoungGen: 21443K->0K(53248K)] 436693K->415249K(519680K), 0.0010982 secs] [Times: user=0.00 sys=0.00, real=0.00 secs] 
99.833: [GC (Allocation Failure) [PSYoungGen: 0K->0K(53248K)] 415249K->415249K(519680K), 0.0008065 secs] [Times: user=0.00 sys=0.00, real=0.00 secs] 
99.834: [Full GC (Allocation Failure) [PSYoungGen: 0K->0K(53248K)] [ParOldGen: 415249K->133649K(466432K)] 415249K->133649K(519680K), [Metaspace: 2796K->2796K(1056768K)], 0.0099140 secs] [Times: user=0.00 sys=0.00, real=0.01 secs] 
101.047: [GC (Allocation Failure) [PSYoungGen: 36803K->0K(53248K)] 272853K->251409K(519680K), 0.0015532 secs] [Times: user=0.00 sys=0.00, real=0.00 secs] 
102.031: [GC (Allocation Failure) [PSYoungGen: 43974K->1024K(53248K)] 448984K->411153K(519680K), 0.0009110 secs] [Times: user=0.00 sys=0.00, real=0.00 secs] 
102.467: [GC (Allocation Failure) [PSYoungGen: 32712K->1024K(53248K)] 442842K->426513K(519680K), 0.0016282 secs] [Times: user=0.00 sys=0.00, real=0.00 secs] 
102.469: [Full GC (Ergonomics) [PSYoungGen: 1024K->0K(53248K)] [ParOldGen: 425489K->22033K(466432K)] 426513K->22033K(519680K), [Metaspace: 2796K->2796K(1056768K)], 0.0034792 secs] [Times: user=0.00 sys=0.00, real=0.00 secs] 
103.451: [GC (Allocation Failure) [PSYoungGen: 43968K->1024K(53248K)] 219601K->181777K(519680K), 0.0007938 secs] [Times: user=0.00 sys=0.00, real=0.00 secs] 
104.983: [GC (Allocation Failure) [PSYoungGen: 49092K->0K(53248K)] 229846K->190993K(519680K), 0.0011423 secs] [Times: user=0.00 sys=0.00, real=0.00 secs] 
105.751: [GC (Allocation Failure) [PSYoungGen: 48064K->1024K(53248K)] 392658K->355857K(519680K), 0.0014637 secs] [Times: user=0.00 sys=0.00, real=0.00 secs] 
106.621: [GC (Allocation Failure) [PSYoungGen: 43972K->0K(53248K)] 398806K->370193K(519680K), 0.0014955 secs] [Times: user=0.00 sys=0.00, real=0.00 secs] 
106.949: [GC (Allocation Failure) [PSYoungGen: 31680K->0K(53248K)] 453073K->441873K(519680K), 0.0021109 secs] [Times: user=0.00 sys=0.00, real=0.00 secs] 
106.951: [Full GC (Ergonomics) [PSYoungGen: 0K->0K(53248K)] [ParOldGen: 441873K->92689K(466432K)] 441873K->92689K(519680K), [Metaspace: 2796K->2796K(1056768K)], 0.0074309 secs] [Times: user=0.00 sys=0.00, real=0.01 secs] 
108.821: [GC (Allocation Failure) [PSYoungGen: 46020K->0K(53248K)] 394710K->353809K(519680K), 0.0010523 secs] [Times: user=0.00 sys=0.00, real=0.00 secs] 
109.584: [GC (Allocation Failure) [PSYoungGen: 47047K->0K(53248K)] 400856K->369169K(519680K), 0.0015784 secs] [Times: user=0.00 sys=0.00, real=0.00 secs] 
109.802: [GC (Allocation Failure) [PSYoungGen: 21442K->0K(53248K)] 441811K->420369K(519680K), 0.0007567 secs] [Times: user=0.00 sys=0.00, real=0.00 secs] 
109.802: [Full GC (Ergonomics) [PSYoungGen: 0K->0K(53248K)] [ParOldGen: 420369K->108049K(466432K)] 420369K->108049K(519680K), [Metaspace: 2796K->2796K(1056768K)], 0.0086100 secs] [Times: user=0.00 sys=0.00, real=0.01 secs] 
110.909: [GC (Allocation Failure) [PSYoungGen: 43970K->0K(53248K)] 254419K->225809K(519680K), 0.0015230 secs] [Times: user=0.00 sys=0.00, real=0.00 secs] 
112.217: [GC (Allocation Failure) [PSYoungGen: 42950K->0K(53248K)] 422359K->389649K(519680K), 0.0009305 secs] [Times: user=0.00 sys=0.00, real=0.00 secs] 
112.654: [Full GC (Ergonomics) [PSYoungGen: 41928K->0K(53248K)] [ParOldGen: 440849K->56849K(466432K)] 482777K->56849K(519680K), [Metaspace: 2796K->2796K(1056768K)], 0.0054347 secs] [Times: user=0.00 sys=0.00, real=0.00 secs] 
113.743: [GC (Allocation Failure) [PSYoungGen: 43978K->1024K(53248K)] 203227K->180753K(519680K), 0.0013548 secs] [Times: user=0.00 sys=0.00, real=0.00 secs] 
114.620: [GC (Allocation Failure) [PSYoungGen: 45003K->1024K(53248K)] 378332K->344593K(519680K), 0.0011705 secs] [Times: user=0.00 sys=0.00, real=0.00 secs] 
115.930: [GC (Allocation Failure) [PSYoungGen: 48075K->0K(53248K)] 391645K->348689K(519680K), 0.0008965 secs] [Times: user=0.00 sys=0.00, real=0.00 secs] 
116.695: [GC (Allocation Failure) [PSYoungGen: 47045K->0K(53248K)] 395734K->364049K(519680K), 0.0017313 secs] [Times: user=0.00 sys=0.00, real=0.00 secs] 
116.912: [GC (Allocation Failure) [PSYoungGen: 21440K->0K(53248K)] 436690K->435729K(519680K), 0.0019794 secs] [Times: user=0.00 sys=0.00, real=0.00 secs] 
116.914: [Full GC (Ergonomics) [PSYoungGen: 0K->0K(53248K)] [ParOldGen: 435729K->77329K(466432K)] 435729K->77329K(519680K), [Metaspace: 2796K->2796K(1056768K)], 0.0064885 secs] [Times: user=0.00 sys=0.00, real=0.01 secs] 
118.021: [GC (Allocation Failure) [PSYoungGen: 43968K->0K(53248K)] 223698K->195089K(519680K), 0.0013633 secs] [Times: user=0.00 sys=0.00, real=0.00 secs] 
118.896: [GC (Allocation Failure) [PSYoungGen: 43973K->0K(53248K)] 392662K->353809K(519680K), 0.0010775 secs] [Times: user=0.00 sys=0.00, real=0.00 secs] 
119.767: [GC (Allocation Failure) [PSYoungGen: 11207K->0K(53248K)] 416217K->405009K(519680K), 0.0008448 secs] [Times: user=0.00 sys=0.00, real=0.00 secs] 
119.768: [GC (Allocation Failure) [PSYoungGen: 0K->0K(53248K)] 405009K->405009K(519680K), 0.0008444 secs] [Times: user=0.00 sys=0.00, real=0.00 secs] 
119.769: [Full GC (Allocation Failure) [PSYoungGen: 0K->0K(53248K)] [ParOldGen: 405009K->51729K(466432K)] 405009K->51729K(519680K), [Metaspace: 2796K->2796K(1056768K)], 0.0050335 secs] [Times: user=0.01 sys=0.00, real=0.00 secs] 
120.876: [GC (Allocation Failure) [PSYoungGen: 43975K->0K(53248K)] 198105K->169489K(519680K), 0.0016509 secs] [Times: user=0.00 sys=0.00, real=0.00 secs] 
121.747: [GC (Allocation Failure) [PSYoungGen: 43977K->1024K(53248K)] 367067K->329233K(519680K), 0.0009428 secs] [Times: user=0.00 sys=0.00, real=0.00 secs] 
122.400: [GC (Allocation Failure) [PSYoungGen: 42954K->1024K(53248K)] 371164K->344593K(519680K), 0.0014969 secs] [Times: user=0.00 sys=0.00, real=0.00 secs] 
122.618: [GC (Allocation Failure) [PSYoungGen: 22467K->1024K(53248K)] 417237K->395793K(519680K), 0.0010053 secs] [Times: user=0.00 sys=0.00, real=0.00 secs] 
122.619: [GC (Allocation Failure) [PSYoungGen: 1024K->1024K(53248K)] 395793K->395793K(519680K), 0.0010762 secs] [Times: user=0.00 sys=0.00, real=0.00 secs] 
122.620: [Full GC (Allocation Failure) [PSYoungGen: 1024K->0K(53248K)] [ParOldGen: 394769K->165393K(466432K)] 395793K->165393K(519680K), [Metaspace: 2796K->2796K(1056768K)], 0.0119774 secs] [Times: user=0.02 sys=0.00, real=0.01 secs] 
123.833: [GC (Allocation Failure) [PSYoungGen: 28611K->0K(53248K)] 296405K->288273K(519680K), 0.0016533 secs] [Times: user=0.01 sys=0.00, real=0.00 secs] 
124.816: [Full GC (Ergonomics) [PSYoungGen: 43974K->0K(53248K)] [ParOldGen: 441873K->21009K(466432K)] 485848K->21009K(519680K), [Metaspace: 2796K->2796K(1056768K)], 0.0034840 secs] [Times: user=0.00 sys=0.00, real=0.00 secs] 
125.254: [GC (Allocation Failure) [PSYoungGen: 31688K->0K(53248K)] 52698K->41489K(519680K), 0.0014532 secs] [Times: user=0.00 sys=0.00, real=0.00 secs] 
126.234: [GC (Allocation Failure) [PSYoungGen: 43968K->0K(53248K)] 239057K->205329K(519680K), 0.0010696 secs] [Times: user=0.00 sys=0.00, real=0.00 secs] 
126.672: [GC (Allocation Failure) [PSYoungGen: 31684K->0K(53248K)] 237013K->215569K(519680K), 0.0012597 secs] [Times: user=0.00 sys=0.00, real=0.00 secs] 
127.874: [GC (Allocation Failure) [PSYoungGen: 47037K->0K(53248K)] 262606K->225809K(519680K), 0.0009647 secs] [Times: user=0.00 sys=0.00, real=0.00 secs] 
128.639: [GC (Allocation Failure) [PSYoungGen: 43963K->1024K(53248K)] 423373K->380433K(519680K), 0.0008014 secs] [Times: user=0.00 sys=0.00, real=0.00 secs] 
129.402: [GC (Allocation Failure) [PSYoungGen: 42945K->0K(53248K)] 422355K->394769K(519680K), 0.0013451 secs] [Times: user=0.00 sys=0.00, real=0.00 secs] 
129.731: [Full GC (Ergonomics) [PSYoungGen: 31677K->0K(53248K)] [ParOldGen: 445969K->113169K(466432K)] 477647K->113169K(519680K), [Metaspace: 2796K->2796K(1056768K)], 0.0088964 secs] [Times: user=0.00 sys=0.00, real=0.01 secs] 
131.816: [GC (Allocation Failure) [PSYoungGen: 46019K->1024K(53248K)] 363988K->324113K(519680K), 0.0010748 secs] [Times: user=0.00 sys=0.00, real=0.00 secs] 
132.365: [GC (Allocation Failure) [PSYoungGen: 37830K->1024K(53248K)] 360919K->339473K(519680K), 0.0016806 secs] [Times: user=0.00 sys=0.00, real=0.00 secs] 
132.583: [GC (Allocation Failure) [PSYoungGen: 22463K->1024K(53248K)] 412113K->390673K(519680K), 0.0010199 secs] [Times: user=0.00 sys=0.00, real=0.00 secs] 
132.584: [GC (Allocation Failure) [PSYoungGen: 1024K->1024K(53248K)] 390673K->390673K(519680K), 0.0007975 secs] [Times: user=0.00 sys=0.00, real=0.00 secs] 
132.585: [Full GC (Allocation Failure) [PSYoungGen: 1024K->0K(53248K)] [ParOldGen: 389649K->57873K(466432K)] 390673K->57873K(519680K), [Metaspace: 2796K->2796K(1056768K)], 0.0051401 secs] [Times: user=0.00 sys=0.00, real=0.00 secs] 
133.688: [GC (Allocation Failure) [PSYoungGen: 43967K->1024K(53248K)] 204241K->181777K(519680K), 0.0014442 secs] [Times: user=0.00 sys=0.00, real=0.00 secs] 
134.999: [GC (Allocation Failure) [PSYoungGen: 39876K->0K(53248K)] 374229K->339473K(519680K), 0.0009506 secs] [Times: user=0.00 sys=0.00, real=0.00 secs] 
135.437: [GC (Allocation Failure) [PSYoungGen: 41927K->0K(53248K)] 432600K->400913K(519680K), 0.0011221 secs] [Times: user=0.00 sys=0.00, real=0.00 secs] 
135.438: [GC (Allocation Failure) [PSYoungGen: 0K->0K(53248K)] 400913K->400913K(519680K), 0.0008610 secs] [Times: user=0.00 sys=0.00, real=0.00 secs] 
135.439: [Full GC (Allocation Failure) [PSYoungGen: 0K->0K(53248K)] [ParOldGen: 400913K->61969K(466432K)] 400913K->61969K(519680K), [Metaspace: 2796K->2796K(1056768K)], 0.0057176 secs] [Times: user=0.02 sys=0.00, real=0.01 secs] 
136.546: [GC (Allocation Failure) [PSYoungGen: 43977K->0K(53248K)] 208346K->179729K(519680K), 0.0014963 secs] [Times: user=0.00 sys=0.00, real=0.00 secs] 
137.417: [GC (Allocation Failure) [PSYoungGen: 43978K->0K(53248K)] 377308K->358929K(519680K), 0.0022472 secs] [Times: user=0.00 sys=0.00, real=0.00 secs] 
138.072: [GC (Allocation Failure) [PSYoungGen: 41931K->0K(53248K)] 400860K->374289K(519680K), 0.0014907 secs] [Times: user=0.00 sys=0.00, real=0.00 secs] 
139.272: [Full GC (Ergonomics) [PSYoungGen: 41924K->0K(53248K)] [ParOldGen: 425489K->11264K(466432K)] 467413K->11264K(519680K), [Metaspace: 2796K->2796K(1056768K)], 0.0024496 secs] [Times: user=0.00 sys=0.00, real=0.00 secs] 
140.035: [GC (Allocation Failure) [PSYoungGen: 43975K->1024K(53248K)] 208839K->165888K(519680K), 0.0005212 secs] [Times: user=0.00 sys=0.00, real=0.00 secs] 
140.793: [GC (Allocation Failure) [PSYoungGen: 42953K->0K(53248K)] 207817K->180224K(519680K), 0.0014654 secs] [Times: user=0.00 sys=0.00, real=0.00 secs] 
141.665: [GC (Allocation Failure) [PSYoungGen: 43970K->1024K(53248K)] 377794K->339968K(519680K), 0.0010590 secs] [Times: user=0.00 sys=0.00, real=0.00 secs] 
143.304: [GC (Allocation Failure) [PSYoungGen: 44998K->1024K(53248K)] 383942K->345088K(519680K), 0.0012183 secs] [Times: user=0.00 sys=0.00, real=0.00 secs] 
143.745: [GC (Allocation Failure) [PSYoungGen: 32705K->1024K(53248K)] 376769K->365568K(519680K), 0.0020946 secs] [Times: user=0.00 sys=0.00, real=0.00 secs] 
143.961: [GC (Allocation Failure) [PSYoungGen: 22458K->1024K(53248K)] 438203K->416768K(519680K), 0.0010907 secs] [Times: user=0.00 sys=0.00, real=0.00 secs] 
143.962: [GC (Allocation Failure) [PSYoungGen: 1024K->1024K(53248K)] 416768K->416768K(519680K), 0.0011003 secs] [Times: user=0.00 sys=0.00, real=0.00 secs] 
143.964: [Full GC (Allocation Failure) [PSYoungGen: 1024K->0K(53248K)] [ParOldGen: 415744K->62993K(466432K)] 416768K->62993K(519680K), [Metaspace: 2796K->2796K(1056768K)], 0.0056899 secs] [Times: user=0.00 sys=0.00, real=0.01 secs] 
145.072: [GC (Allocation Failure) [PSYoungGen: 43963K->0K(53248K)] 209356K->180753K(519680K), 0.0015316 secs] [Times: user=0.00 sys=0.00, real=0.00 secs] 
146.492: [GC (Allocation Failure) [PSYoungGen: 43969K->0K(53248K)] 378322K->339473K(519680K), 0.0010015 secs] [Times: user=0.00 sys=0.00, real=0.00 secs] 
146.819: [GC (Allocation Failure) [PSYoungGen: 31685K->0K(53248K)] 422358K->411153K(519680K), 0.0020278 secs] [Times: user=0.00 sys=0.00, real=0.00 secs] 
146.821: [GC (Allocation Failure) [PSYoungGen: 0K->0K(53248K)] 411153K->411153K(519680K), 0.0008203 secs] [Times: user=0.00 sys=0.00, real=0.00 secs] 
146.822: [Full GC (Allocation Failure) [PSYoungGen: 0K->0K(53248K)] [ParOldGen: 411153K->72209K(466432K)] 411153K->72209K(519680K), [Metaspace: 2796K->2796K(1056768K)], 0.0065282 secs] [Times: user=0.00 sys=0.00, real=0.01 secs] 
147.929: [GC (Allocation Failure) [PSYoungGen: 43976K->0K(53248K)] 218585K->189969K(519680K), 0.0015387 secs] [Times: user=0.00 sys=0.00, real=0.00 secs] 
148.799: [GC (Allocation Failure) [PSYoungGen: 43977K->0K(53248K)] 387547K->348689K(519680K), 0.0015121 secs] [Times: user=0.00 sys=0.00, real=0.00 secs] 
149.454: [GC (Allocation Failure) [PSYoungGen: 41930K->0K(53248K)] 390620K->364049K(519680K), 0.0015466 secs] [Times: user=0.00 sys=0.00, real=0.00 secs] 
149.673: [GC (Allocation Failure) [PSYoungGen: 21443K->0K(53248K)] 436693K->415249K(519680K), 0.0009658 secs] [Times: user=0.00 sys=0.00, real=0.00 secs] 
149.674: [GC (Allocation Failure) [PSYoungGen: 0K->0K(53248K)] 415249K->415249K(519680K), 0.0009465 secs] [Times: user=0.00 sys=0.00, real=0.00 secs] 
149.675: [Full GC (Allocation Failure) [PSYoungGen: 0K->0K(53248K)] [ParOldGen: 415249K->133649K(466432K)] 415249K->133649K(519680K), [Metaspace: 2796K->2796K(1056768K)], 0.0099307 secs] [Times: user=0.00 sys=0.00, real=0.01 secs] 
150.890: [GC (Allocation Failure) [PSYoungGen: 36803K->0K(53248K)] 272853K->251409K(519680K), 0.0013854 secs] [Times: user=0.00 sys=0.00, real=0.00 secs] 
151.870: [GC (Allocation Failure) [PSYoungGen: 43974K->1024K(53248K)] 448984K->411153K(519680K), 0.0008627 secs] [Times: user=0.00 sys=0.00, real=0.00 secs] 
152.310: [GC (Allocation Failure) [PSYoungGen: 32712K->1024K(53248K)] 442842K->426513K(519680K), 0.0015208 secs] [Times: user=0.00 sys=0.00, real=0.00 secs] 
152.312: [Full GC (Ergonomics) [PSYoungGen: 1024K->0K(53248K)] [ParOldGen: 425489K->22033K(466432K)] 426513K->22033K(519680K), [Metaspace: 2796K->2796K(1056768K)], 0.0031772 secs] [Times: user=0.00 sys=0.00, real=0.00 secs] 
153.289: [GC (Allocation Failure) [PSYoungGen: 43968K->1024K(53248K)] 219601K->181777K(519680K), 0.0008377 secs] [Times: user=0.00 sys=0.00, real=0.00 secs] 
154.818: [GC (Allocation Failure) [PSYoungGen: 49092K->0K(53248K)] 229846K->190993K(519680K), 0.0010494 secs] [Times: user=0.00 sys=0.00, real=0.00 secs] 
155.579: [GC (Allocation Failure) [PSYoungGen: 48064K->1024K(53248K)] 392658K->355857K(519680K), 0.0012304 secs] [Times: user=0.00 sys=0.00, real=0.00 secs] 
156.456: [GC (Allocation Failure) [PSYoungGen: 43972K->0K(53248K)] 398806K->370193K(519680K), 0.0015802 secs] [Times: user=0.00 sys=0.00, real=0.00 secs] 
156.785: [GC (Allocation Failure) [PSYoungGen: 31680K->0K(53248K)] 453073K->441873K(519680K), 0.0019708 secs] [Times: user=0.00 sys=0.00, real=0.00 secs] 
156.787: [Full GC (Ergonomics) [PSYoungGen: 0K->0K(53248K)] [ParOldGen: 441873K->92689K(466432K)] 441873K->92689K(519680K), [Metaspace: 2796K->2796K(1056768K)], 0.0076067 secs] [Times: user=0.00 sys=0.00, real=0.01 secs] 
158.654: [GC (Allocation Failure) [PSYoungGen: 46020K->0K(53248K)] 394710K->353809K(519680K), 0.0009395 secs] [Times: user=0.00 sys=0.00, real=0.00 secs] 
159.419: [GC (Allocation Failure) [PSYoungGen: 47047K->0K(53248K)] 400856K->369169K(519680K), 0.0013725 secs] [Times: user=0.00 sys=0.00, real=0.00 secs] 
159.636: [GC (Allocation Failure) [PSYoungGen: 21442K->0K(53248K)] 441811K->420369K(519680K), 0.0011764 secs] [Times: user=0.00 sys=0.00, real=0.00 secs] 
159.637: [Full GC (Ergonomics) [PSYoungGen: 0K->0K(53248K)] [ParOldGen: 420369K->108049K(466432K)] 420369K->108049K(519680K), [Metaspace: 2796K->2796K(1056768K)], 0.0088618 secs] [Times: user=0.00 sys=0.00, real=0.01 secs] 
160.742: [GC (Allocation Failure) [PSYoungGen: 43970K->0K(53248K)] 254419K->225809K(519680K), 0.0016590 secs] [Times: user=0.00 sys=0.00, real=0.00 secs] 
162.052: [GC (Allocation Failure) [PSYoungGen: 42950K->0K(53248K)] 422359K->389649K(519680K), 0.0011926 secs] [Times: user=0.00 sys=0.00, real=0.00 secs] 
162.487: [Full GC (Ergonomics) [PSYoungGen: 41928K->0K(53248K)] [ParOldGen: 440849K->56849K(466432K)] 482777K->56849K(519680K), [Metaspace: 2796K->2796K(1056768K)], 0.0054455 secs] [Times: user=0.02 sys=0.00, real=0.01 secs] 
163.595: [GC (Allocation Failure) [PSYoungGen: 43978K->1024K(53248K)] 203227K->180753K(519680K), 0.0015866 secs] [Times: user=0.00 sys=0.00, real=0.00 secs] 
164.472: [GC (Allocation Failure) [PSYoungGen: 45003K->1024K(53248K)] 378332K->344593K(519680K), 0.0011372 secs] [Times: user=0.00 sys=0.00, real=0.00 secs] 
165.778: [GC (Allocation Failure) [PSYoungGen: 48075K->0K(53248K)] 391645K->348689K(519680K), 0.0009348 secs] [Times: user=0.00 sys=0.00, real=0.00 secs] 
166.544: [GC (Allocation Failure) [PSYoungGen: 47045K->0K(53248K)] 395734K->364049K(519680K), 0.0013098 secs] [Times: user=0.00 sys=0.00, real=0.00 secs] 
166.763: [GC (Allocation Failure) [PSYoungGen: 21440K->0K(53248K)] 436690K->435729K(519680K), 0.0022675 secs] [Times: user=0.00 sys=0.00, real=0.00 secs] 
166.765: [Full GC (Ergonomics) [PSYoungGen: 0K->0K(53248K)] [ParOldGen: 435729K->77329K(466432K)] 435729K->77329K(519680K), [Metaspace: 2796K->2796K(1056768K)], 0.0064374 secs] [Times: user=0.02 sys=0.00, real=0.01 secs] 
167.870: [GC (Allocation Failure) [PSYoungGen: 43968K->0K(53248K)] 223698K->195089K(519680K), 0.0015596 secs] [Times: user=0.00 sys=0.00, real=0.00 secs] 
168.746: [GC (Allocation Failure) [PSYoungGen: 43973K->0K(53248K)] 392662K->353809K(519680K), 0.0011880 secs] [Times: user=0.00 sys=0.00, real=0.00 secs] 
169.619: [GC (Allocation Failure) [PSYoungGen: 11207K->0K(53248K)] 416217K->405009K(519680K), 0.0012029 secs] [Times: user=0.00 sys=0.00, real=0.00 secs] 
169.620: [GC (Allocation Failure) [PSYoungGen: 0K->0K(53248K)] 405009K->405009K(519680K), 0.0010909 secs] [Times: user=0.00 sys=0.00, real=0.00 secs] 
169.621: [Full GC (Allocation Failure) [PSYoungGen: 0K->0K(53248K)] [ParOldGen: 405009K->51729K(466432K)] 405009K->51729K(519680K), [Metaspace: 2796K->2796K(1056768K)], 0.0051868 secs] [Times: user=0.00 sys=0.00, real=0.00 secs] 
170.725: [GC (Allocation Failure) [PSYoungGen: 43975K->0K(53248K)] 198105K->169489K(519680K), 0.0015889 secs] [Times: user=0.00 sys=0.00, real=0.00 secs] 
171.594: [GC (Allocation Failure) [PSYoungGen: 43977K->1024K(53248K)] 367067K->329233K(519680K), 0.0008270 secs] [Times: user=0.00 sys=0.00, real=0.00 secs] 
172.248: [GC (Allocation Failure) [PSYoungGen: 42954K->1024K(53248K)] 371164K->344593K(519680K), 0.0013775 secs] [Times: user=0.00 sys=0.00, real=0.00 secs] 
172.469: [GC (Allocation Failure) [PSYoungGen: 22467K->1024K(53248K)] 417237K->395793K(519680K), 0.0008669 secs] [Times: user=0.00 sys=0.00, real=0.00 secs] 
172.470: [GC (Allocation Failure) [PSYoungGen: 1024K->1024K(53248K)] 395793K->395793K(519680K), 0.0007583 secs] [Times: user=0.00 sys=0.00, real=0.00 secs] 
172.471: [Full GC (Allocation Failure) [PSYoungGen: 1024K->0K(53248K)] [ParOldGen: 394769K->165393K(466432K)] 395793K->165393K(519680K), [Metaspace: 2796K->2796K(1056768K)], 0.0120987 secs] [Times: user=0.00 sys=0.00, real=0.01 secs] 
173.684: [GC (Allocation Failure) [PSYoungGen: 28611K->0K(53248K)] 296405K->288273K(519680K), 0.0017188 secs] [Times: user=0.00 sys=0.00, real=0.00 secs] 
174.667: [Full GC (Ergonomics) [PSYoungGen: 43974K->0K(53248K)] [ParOldGen: 441873K->21009K(466432K)] 485848K->21009K(519680K), [Metaspace: 2796K->2796K(1056768K)], 0.0033388 secs] [Times: user=0.00 sys=0.00, real=0.00 secs] 
175.107: [GC (Allocation Failure) [PSYoungGen: 31688K->0K(53248K)] 52698K->41489K(519680K), 0.0012970 secs] [Times: user=0.00 sys=0.00, real=0.00 secs] 
176.090: [GC (Allocation Failure) [PSYoungGen: 43968K->0K(53248K)] 239057K->205329K(519680K), 0.0011798 secs] [Times: user=0.00 sys=0.00, real=0.00 secs] 
176.526: [GC (Allocation Failure) [PSYoungGen: 31684K->0K(53248K)] 237013K->215569K(519680K), 0.0013687 secs] [Times: user=0.00 sys=0.00, real=0.00 secs] 
177.728: [GC (Allocation Failure) [PSYoungGen: 47037K->0K(53248K)] 262606K->225809K(519680K), 0.0013453 secs] [Times: user=0.00 sys=0.00, real=0.00 secs] 
178.490: [GC (Allocation Failure) [PSYoungGen: 43963K->1024K(53248K)] 423373K->380433K(519680K), 0.0009004 secs] [Times: user=0.00 sys=0.00, real=0.00 secs] 
179.248: [GC (Allocation Failure) [PSYoungGen: 42945K->0K(53248K)] 422355K->394769K(519680K), 0.0017137 secs] [Times: user=0.00 sys=0.00, real=0.00 secs] 
179.577: [Full GC (Ergonomics) [PSYoungGen: 31677K->0K(53248K)] [ParOldGen: 445969K->113169K(466432K)] 477647K->113169K(519680K), [Metaspace: 2796K->2796K(1056768K)], 0.0088154 secs] [Times: user=0.00 sys=0.00, real=0.01 secs] 
181.664: [GC (Allocation Failure) [PSYoungGen: 46019K->1024K(53248K)] 363988K->324113K(519680K), 0.0008474 secs] [Times: user=0.00 sys=0.00, real=0.00 secs] 
182.213: [GC (Allocation Failure) [PSYoungGen: 37830K->1024K(53248K)] 360919K->339473K(519680K), 0.0014701 secs] [Times: user=0.00 sys=0.00, real=0.00 secs] 
182.432: [GC (Allocation Failure) [PSYoungGen: 22463K->1024K(53248K)] 412113K->390673K(519680K), 0.0007710 secs] [Times: user=0.00 sys=0.00, real=0.00 secs] 
182.433: [GC (Allocation Failure) [PSYoungGen: 1024K->1024K(53248K)] 390673K->390673K(519680K), 0.0006068 secs] [Times: user=0.00 sys=0.00, real=0.00 secs] 
182.433: [Full GC (Allocation Failure) [PSYoungGen: 1024K->0K(53248K)] [ParOldGen: 389649K->57873K(466432K)] 390673K->57873K(519680K), [Metaspace: 2796K->2796K(1056768K)], 0.0052541 secs] [Times: user=0.00 sys=0.00, real=0.01 secs] 
183.541: [GC (Allocation Failure) [PSYoungGen: 43967K->1024K(53248K)] 204241K->181777K(519680K), 0.0013304 secs] [Times: user=0.00 sys=0.00, real=0.00 secs] 
184.848: [GC (Allocation Failure) [PSYoungGen: 39876K->0K(53248K)] 374229K->339473K(519680K), 0.0011890 secs] [Times: user=0.00 sys=0.00, real=0.00 secs] 
185.284: [GC (Allocation Failure) [PSYoungGen: 41927K->0K(53248K)] 432600K->400913K(519680K), 0.0013722 secs] [Times: user=0.00 sys=0.00, real=0.00 secs] 
185.285: [GC (Allocation Failure) [PSYoungGen: 0K->0K(53248K)] 400913K->400913K(519680K), 0.0007987 secs] [Times: user=0.00 sys=0.00, real=0.00 secs] 
185.286: [Full GC (Allocation Failure) [PSYoungGen: 0K->0K(53248K)] [ParOldGen: 400913K->61969K(466432K)] 400913K->61969K(519680K), [Metaspace: 2796K->2796K(1056768K)], 0.0055982 secs] [Times: user=0.00 sys=0.00, real=0.01 secs] 
186.390: [GC (Allocation Failure) [PSYoungGen: 43977K->0K(53248K)] 208346K->179729K(519680K), 0.0013784 secs] [Times: user=0.00 sys=0.00, real=0.00 secs] 
187.265: [GC (Allocation Failure) [PSYoungGen: 43978K->0K(53248K)] 377308K->358929K(519680K), 0.0022892 secs] [Times: user=0.00 sys=0.00, real=0.00 secs] 
187.919: [GC (Allocation Failure) [PSYoungGen: 41931K->0K(53248K)] 400860K->374289K(519680K), 0.0015387 secs] [Times: user=0.00 sys=0.00, real=0.00 secs] 
189.120: [Full GC (Ergonomics) [PSYoungGen: 41924K->0K(53248K)] [ParOldGen: 425489K->11264K(466432K)] 467413K->11264K(519680K), [Metaspace: 2796K->2796K(1056768K)], 0.0024610 secs] [Times: user=0.00 sys=0.00, real=0.00 secs] 
189.884: [GC (Allocation Failure) [PSYoungGen: 43975K->1024K(53248K)] 208839K->165888K(519680K), 0.0007238 secs] [Times: user=0.00 sys=0.00, real=0.00 secs] 
190.647: [GC (Allocation Failure) [PSYoungGen: 42953K->0K(53248K)] 207817K->180224K(519680K), 0.0018138 secs] [Times: user=0.00 sys=0.00, real=0.00 secs] 
191.520: [GC (Allocation Failure) [PSYoungGen: 43970K->1056K(53248K)] 377794K->340000K(519680K), 0.0011197 secs] [Times: user=0.00 sys=0.00, real=0.00 secs] 
193.154: [GC (Allocation Failure) [PSYoungGen: 45030K->1056K(53248K)] 383974K->345120K(519680K), 0.0010327 secs] [Times: user=0.00 sys=0.00, real=0.00 secs] 
193.590: [GC (Allocation Failure) [PSYoungGen: 32737K->1056K(53248K)] 376801K->365600K(519680K), 0.0017680 secs] [Times: user=0.00 sys=0.00, real=0.00 secs] 
193.810: [GC (Allocation Failure) [PSYoungGen: 22490K->1056K(53248K)] 438235K->416800K(519680K), 0.0013463 secs] [Times: user=0.00 sys=0.00, real=0.00 secs] 
193.811: [GC (Allocation Failure) [PSYoungGen: 1056K->1056K(53248K)] 416800K->416800K(519680K), 0.0013646 secs] [Times: user=0.00 sys=0.00, real=0.00 secs] 
193.812: [Full GC (Allocation Failure) [PSYoungGen: 1056K->0K(53248K)] [ParOldGen: 415744K->62993K(466432K)] 416800K->62993K(519680K), [Metaspace: 2796K->2796K(1056768K)], 0.0054100 secs] [Times: user=0.00 sys=0.00, real=0.00 secs] 
194.914: [GC (Allocation Failure) [PSYoungGen: 43963K->32K(53248K)] 209356K->180785K(519680K), 0.0014817 secs] [Times: user=0.00 sys=0.00, real=0.00 secs] 
196.333: [GC (Allocation Failure) [PSYoungGen: 44001K->32K(53248K)] 378354K->339505K(519680K), 0.0009894 secs] [Times: user=0.00 sys=0.00, real=0.00 secs] 
196.659: [GC (Allocation Failure) [PSYoungGen: 31717K->64K(53248K)] 422390K->411217K(519680K), 0.0022954 secs] [Times: user=0.00 sys=0.00, real=0.00 secs] 
196.661: [GC (Allocation Failure) [PSYoungGen: 64K->96K(53248K)] 411217K->411249K(519680K), 0.0006920 secs] [Times: user=0.00 sys=0.00, real=0.00 secs] 
196.662: [Full GC (Allocation Failure) [PSYoungGen: 96K->0K(53248K)] [ParOldGen: 411153K->72209K(466432K)] 411249K->72209K(519680K), [Metaspace: 2796K->2796K(1056768K)], 0.0063361 secs] [Times: user=0.00 sys=0.00, real=0.01 secs] 
197.770: [GC (Allocation Failure) [PSYoungGen: 43976K->0K(53248K)] 218585K->189969K(519680K), 0.0013194 secs] [Times: user=0.00 sys=0.00, real=0.00 secs] 
198.645: [GC (Allocation Failure) [PSYoungGen: 43977K->0K(53248K)] 387547K->348689K(519680K), 0.0008851 secs] [Times: user=0.00 sys=0.00, real=0.00 secs] 
199.300: [GC (Allocation Failure) [PSYoungGen: 41930K->0K(53248K)] 390620K->364049K(519680K), 0.0013981 secs] [Times: user=0.00 sys=0.00, real=0.00 secs] 
199.519: [GC (Allocation Failure) [PSYoungGen: 21443K->0K(53248K)] 436693K->415249K(519680K), 0.0011066 secs] [Times: user=0.00 sys=0.00, real=0.00 secs] 
199.520: [GC (Allocation Failure) [PSYoungGen: 0K->0K(53248K)] 415249K->415249K(519680K), 0.0009864 secs] [Times: user=0.00 sys=0.00, real=0.00 secs] 
199.521: [Full GC (Allocation Failure) [PSYoungGen: 0K->0K(53248K)] [ParOldGen: 415249K->133649K(466432K)] 415249K->133649K(519680K), [Metaspace: 2796K->2796K(1056768K)], 0.0099076 secs] [Times: user=0.00 sys=0.00, real=0.01 secs] 
200.736: [GC (Allocation Failure) [PSYoungGen: 36803K->0K(53248K)] 272853K->251409K(519680K), 0.0015693 secs] [Times: user=0.00 sys=0.00, real=0.00 secs] 
201.717: [GC (Allocation Failure) [PSYoungGen: 43974K->1024K(53248K)] 448984K->411153K(519680K), 0.0009198 secs] [Times: user=0.00 sys=0.00, real=0.00 secs] 
202.153: [GC (Allocation Failure) [PSYoungGen: 32712K->1024K(53248K)] 442842K->426513K(519680K), 0.0016805 secs] [Times: user=0.00 sys=0.00, real=0.00 secs] 
202.155: [Full GC (Ergonomics) [PSYoungGen: 1024K->0K(53248K)] [ParOldGen: 425489K->22033K(466432K)] 426513K->22033K(519680K), [Metaspace: 2796K->2796K(1056768K)], 0.0032151 secs] [Times: user=0.00 sys=0.00, real=0.00 secs] 
203.137: [GC (Allocation Failure) [PSYoungGen: 43968K->1024K(53248K)] 219601K->181777K(519680K), 0.0010958 secs] [Times: user=0.00 sys=0.00, real=0.00 secs] 
204.661: [GC (Allocation Failure) [PSYoungGen: 49092K->0K(53248K)] 229846K->190993K(519680K), 0.0010122 secs] [Times: user=0.00 sys=0.00, real=0.00 secs] 
205.425: [GC (Allocation Failure) [PSYoungGen: 48064K->1024K(53248K)] 392658K->355857K(519680K), 0.0012380 secs] [Times: user=0.00 sys=0.00, real=0.00 secs] 
206.299: [GC (Allocation Failure) [PSYoungGen: 43972K->0K(53248K)] 398806K->370193K(519680K), 0.0015655 secs] [Times: user=0.00 sys=0.00, real=0.00 secs] 
206.625: [GC (Allocation Failure) [PSYoungGen: 31680K->0K(53248K)] 453073K->441873K(519680K), 0.0020357 secs] [Times: user=0.00 sys=0.00, real=0.00 secs] 
206.627: [Full GC (Ergonomics) [PSYoungGen: 0K->0K(53248K)] [ParOldGen: 441873K->92689K(466432K)] 441873K->92689K(519680K), [Metaspace: 2796K->2796K(1056768K)], 0.0075382 secs] [Times: user=0.00 sys=0.00, real=0.01 secs] 
208.494: [GC (Allocation Failure) [PSYoungGen: 46020K->0K(53248K)] 394710K->353809K(519680K), 0.0007691 secs] [Times: user=0.00 sys=0.00, real=0.00 secs] 
209.258: [GC (Allocation Failure) [PSYoungGen: 47047K->0K(53248K)] 400857K->369169K(519680K), 0.0015014 secs] [Times: user=0.00 sys=0.00, real=0.00 secs] 
209.476: [GC (Allocation Failure) [PSYoungGen: 21442K->0K(53248K)] 441812K->420369K(519680K), 0.0009144 secs] [Times: user=0.00 sys=0.00, real=0.00 secs] 
209.477: [Full GC (Ergonomics) [PSYoungGen: 0K->0K(53248K)] [ParOldGen: 420369K->108049K(466432K)] 420369K->108049K(519680K), [Metaspace: 2796K->2796K(1056768K)], 0.0087326 secs] [Times: user=0.00 sys=0.00, real=0.01 secs] 
210.582: [GC (Allocation Failure) [PSYoungGen: 43970K->0K(53248K)] 254420K->225809K(519680K), 0.0016559 secs] [Times: user=0.00 sys=0.00, real=0.00 secs] 
211.894: [GC (Allocation Failure) [PSYoungGen: 42950K->0K(53248K)] 422359K->389649K(519680K), 0.0010645 secs] [Times: user=0.00 sys=0.00, real=0.00 secs] 
212.330: [Full GC (Ergonomics) [PSYoungGen: 41928K->0K(53248K)] [ParOldGen: 440849K->56849K(466432K)] 482778K->56849K(519680K), [Metaspace: 2796K->2796K(1056768K)], 0.0054088 secs] [Times: user=0.01 sys=0.00, real=0.01 secs] 
213.440: [GC (Allocation Failure) [PSYoungGen: 43978K->1024K(53248K)] 203227K->180753K(519680K), 0.0017512 secs] [Times: user=0.00 sys=0.00, real=0.00 secs] 
214.318: [GC (Allocation Failure) [PSYoungGen: 45003K->1024K(53248K)] 378332K->344593K(519680K), 0.0014306 secs] [Times: user=0.00 sys=0.00, real=0.00 secs] 
215.627: [GC (Allocation Failure) [PSYoungGen: 48075K->0K(53248K)] 391645K->348689K(519680K), 0.0008506 secs] [Times: user=0.00 sys=0.00, real=0.00 secs] 
216.391: [GC (Allocation Failure) [PSYoungGen: 47045K->0K(53248K)] 395734K->364049K(519680K), 0.0013877 secs] [Times: user=0.00 sys=0.00, real=0.00 secs] 
216.611: [GC (Allocation Failure) [PSYoungGen: 21440K->0K(53248K)] 436690K->435729K(519680K), 0.0023791 secs] [Times: user=0.00 sys=0.00, real=0.00 secs] 
216.614: [Full GC (Ergonomics) [PSYoungGen: 0K->0K(53248K)] [ParOldGen: 435729K->77329K(466432K)] 435729K->77329K(519680K), [Metaspace: 2796K->2796K(1056768K)], 0.0067327 secs] [Times: user=0.00 sys=0.00, real=0.01 secs] 
217.716: [GC (Allocation Failure) [PSYoungGen: 43968K->0K(53248K)] 223698K->195089K(519680K), 0.0014183 secs] [Times: user=0.00 sys=0.00, real=0.00 secs] 
218.590: [GC (Allocation Failure) [PSYoungGen: 43973K->0K(53248K)] 392662K->353809K(519680K), 0.0010905 secs] [Times: user=0.00 sys=0.00, real=0.00 secs] 
Heap
 PSYoungGen      total 53248K, used 12180K [0x00000000fc780000, 0x0000000100000000, 0x0000000100000000)
  eden space 48640K, 25% used [0x00000000fc780000,0x00000000fd3653a8,0x00000000ff700000)
  from space 4608K, 0% used [0x00000000ffb80000,0x00000000ffb80000,0x0000000100000000)
  to   space 4608K, 0% used [0x00000000ff700000,0x00000000ff700000,0x00000000ffb80000)
 ParOldGen       total 466432K, used 353809K [0x00000000e0000000, 0x00000000fc780000, 0x00000000fc780000)
  object space 466432K, 75% used [0x00000000e0000000,0x00000000f5984770,0x00000000fc780000)
 Metaspace       used 2804K, capacity 4486K, committed 4864K, reserved 1056768K
  class space    used 297K, capacity 386K, committed 512K, reserved 1048576K
