Java HotSpot(TM) 64-Bit Server VM (25.411-b09) for windows-amd64 JRE (1.8.0_411-b09), built on Mar 13 2024 07:26:13 by "java_re" with MS VC++ 17.1 (VS2022)
Memory: 4k page, physical 33403376k(14564428k free), swap 36560744k(7067356k free)
CommandLine flags: -XX:InitialHeapSize=2147483648 -XX:MaxHeapSize=2147483648 -XX:ParallelGCThreads=6 -XX:+PrintGC -XX:+PrintGCDetails -XX:+PrintGCTimeStamps -XX:+UseCompressedClassPointers -XX:+UseCompressedOops -XX:-UseLargePagesIndividualAllocation -XX:+UseParallelGC 
4.856: [GC (Allocation Failure) [PSYoungGen: 520704K->10904K(611840K)] 520704K->10912K(2010112K), 0.0028740 secs] [Times: user=0.00 sys=0.00, real=0.00 secs] 
8.454: [GC (Allocation Failure) [PSYoungGen: 497565K->21216K(611840K)] 497573K->21232K(2010112K), 0.0076619 secs] [Times: user=0.00 sys=0.00, real=0.01 secs] 
11.414: [GC (Allocation Failure) [PSYoungGen: 528094K->62088K(611840K)] 528110K->215704K(2010112K), 0.0465785 secs] [Times: user=0.05 sys=0.03, real=0.05 secs] 
14.301: [GC (Allocation Failure) [PSYoungGen: 500788K->68256K(611840K)] 654404K->221880K(2010112K), 0.0152002 secs] [Times: user=0.02 sys=0.00, real=0.02 secs] 
18.573: [GC (Allocation Failure) [PSYoungGen: 575245K->82576K(594944K)] 728870K->287408K(1993216K), 0.0180140 secs] [Times: user=0.01 sys=0.01, real=0.02 secs] 
21.749: [GC (Allocation Failure) [PSYoungGen: 591396K->7856K(573952K)] 796228K->315088K(1972224K), 0.0326807 secs] [Times: user=0.00 sys=0.00, real=0.03 secs] 
25.488: [GC (Allocation Failure) [PSYoungGen: 488480K->35872K(590848K)] 795712K->343724K(1989120K), 0.0024744 secs] [Times: user=0.00 sys=0.00, real=0.00 secs] 
29.098: [GC (Allocation Failure) [PSYoungGen: 518559K->61472K(595456K)] 826411K->369340K(1993728K), 0.0050879 secs] [Times: user=0.00 sys=0.00, real=0.01 secs] 
32.803: [GC (Allocation Failure) [PSYoungGen: 532124K->57376K(596992K)] 839992K->365244K(1995264K), 0.0053654 secs] [Times: user=0.01 sys=0.00, real=0.00 secs] 
35.656: [GC (Allocation Failure) [PSYoungGen: 487081K->61440K(597504K)] 794949K->369316K(1995776K), 0.0049035 secs] [Times: user=0.00 sys=0.00, real=0.00 secs] 
39.590: [GC (Allocation Failure) [PSYoungGen: 547493K->15360K(597504K)] 855369K->323236K(1995776K), 0.0016293 secs] [Times: user=0.00 sys=0.00, real=0.00 secs] 
43.849: [GC (Allocation Failure) [PSYoungGen: 503467K->21504K(599552K)] 811343K->329380K(1997824K), 0.0014056 secs] [Times: user=0.00 sys=0.00, real=0.00 secs] 
46.906: [GC (Allocation Failure) [PSYoungGen: 476887K->40960K(597504K)] 784763K->348836K(1995776K), 0.0022091 secs] [Times: user=0.00 sys=0.00, real=0.00 secs] 
49.750: [GC (Allocation Failure) [PSYoungGen: 496345K->81920K(585728K)] 804221K->410276K(1984000K), 0.0158902 secs] [Times: user=0.00 sys=0.00, real=0.02 secs] 
52.714: [GC (Allocation Failure) [PSYoungGen: 573023K->62464K(555008K)] 901379K->390820K(1953280K), 0.0052132 secs] [Times: user=0.00 sys=0.00, real=0.00 secs] 
56.874: [GC (Allocation Failure) [PSYoungGen: 508513K->61440K(594944K)] 836869K->389796K(1993216K), 0.0033385 secs] [Times: user=0.00 sys=0.00, real=0.00 secs] 
59.820: [GC (Allocation Failure) [PSYoungGen: 532030K->56320K(594944K)] 860386K->435876K(1993216K), 0.0160727 secs] [Times: user=0.00 sys=0.00, real=0.02 secs] 
62.681: [GC (Allocation Failure) [PSYoungGen: 491076K->56320K(600576K)] 870632K->435876K(1998848K), 0.0044903 secs] [Times: user=0.00 sys=0.00, real=0.00 secs] 
66.827: [GC (Allocation Failure) [PSYoungGen: 511734K->46080K(598016K)] 891290K->425636K(1996288K), 0.0027140 secs] [Times: user=0.00 sys=0.00, real=0.00 secs] 
69.777: [GC (Allocation Failure) [PSYoungGen: 501487K->51200K(608256K)] 881043K->430756K(2006528K), 0.0047589 secs] [Times: user=0.00 sys=0.00, real=0.00 secs] 
72.612: [GC (Allocation Failure) [PSYoungGen: 506897K->62464K(604672K)] 886453K->544420K(2002944K), 0.0323785 secs] [Times: user=0.02 sys=0.02, real=0.03 secs] 
75.481: [GC (Allocation Failure) [PSYoungGen: 492561K->76800K(596480K)] 974517K->558756K(1994752K), 0.0060924 secs] [Times: user=0.00 sys=0.00, real=0.01 secs] 
79.645: [GC (Allocation Failure) [PSYoungGen: 547683K->81920K(587776K)] 1029640K->563876K(1986048K), 0.0060734 secs] [Times: user=0.00 sys=0.00, real=0.01 secs] 
82.598: [GC (Allocation Failure) [PSYoungGen: 491365K->57344K(600576K)] 973321K->539300K(1998848K), 0.0050133 secs] [Times: user=0.00 sys=0.00, real=0.00 secs] 
85.435: [GC (Allocation Failure) [PSYoungGen: 487116K->61440K(595968K)] 969072K->543396K(1994240K), 0.0047503 secs] [Times: user=0.00 sys=0.00, real=0.01 secs] 
89.486: [GC (Allocation Failure) [PSYoungGen: 557774K->15360K(596480K)] 1039730K->497316K(1994752K), 0.0014619 secs] [Times: user=0.00 sys=0.00, real=0.00 secs] 
93.738: [GC (Allocation Failure) [PSYoungGen: 503555K->21504K(522240K)] 985511K->503460K(1920512K), 0.0025565 secs] [Times: user=0.00 sys=0.00, real=0.00 secs] 
96.792: [GC (Allocation Failure) [PSYoungGen: 517891K->71680K(592896K)] 999848K->553636K(1991168K), 0.0053451 secs] [Times: user=0.02 sys=0.00, real=0.00 secs] 
99.639: [GC (Allocation Failure) [PSYoungGen: 526965K->61440K(595968K)] 1008921K->615076K(1994240K), 0.0315795 secs] [Times: user=0.02 sys=0.00, real=0.03 secs] 
102.507: [GC (Allocation Failure) [PSYoungGen: 501366K->62464K(598528K)] 1055002K->616100K(1996800K), 0.0051901 secs] [Times: user=0.02 sys=0.00, real=0.00 secs] 
106.682: [GC (Allocation Failure) [PSYoungGen: 508616K->61440K(597504K)] 1062252K->615076K(1995776K), 0.0039432 secs] [Times: user=0.03 sys=0.00, real=0.00 secs] 
109.631: [GC (Allocation Failure) [PSYoungGen: 532152K->56320K(604160K)] 1085788K->661156K(2002432K), 0.0161115 secs] [Times: user=0.02 sys=0.00, real=0.02 secs] 
112.487: [GC (Allocation Failure) [PSYoungGen: 491371K->56320K(600576K)] 1096208K->661156K(1998848K), 0.0054432 secs] [Times: user=0.00 sys=0.00, real=0.00 secs] 
116.641: [GC (Allocation Failure) [PSYoungGen: 511853K->46080K(609792K)] 1116690K->650916K(2008064K), 0.0025430 secs] [Times: user=0.00 sys=0.00, real=0.00 secs] 
119.588: [GC (Allocation Failure) [PSYoungGen: 501862K->51200K(607744K)] 1106698K->656036K(2006016K), 0.0044725 secs] [Times: user=0.00 sys=0.00, real=0.00 secs] 
122.423: [GC (Allocation Failure) [PSYoungGen: 506984K->62464K(612864K)] 1111820K->769700K(2011136K), 0.0314718 secs] [Times: user=0.02 sys=0.00, real=0.03 secs] 
125.290: [GC (Allocation Failure) [PSYoungGen: 492813K->76800K(604160K)] 1200049K->784036K(2002432K), 0.0057489 secs] [Times: user=0.00 sys=0.00, real=0.00 secs] 
129.538: [GC (Allocation Failure) [PSYoungGen: 599308K->61440K(609280K)] 1306544K->819876K(2007552K), 0.0162777 secs] [Times: user=0.00 sys=0.00, real=0.02 secs] 
133.587: [GC (Allocation Failure) [PSYoungGen: 579584K->27648K(546304K)] 1338020K->786084K(1944576K), 0.0024455 secs] [Times: user=0.00 sys=0.00, real=0.00 secs] 
136.659: [GC (Allocation Failure) [PSYoungGen: 529470K->87040K(590848K)] 1287906K->845476K(1989120K), 0.0061554 secs] [Times: user=0.00 sys=0.00, real=0.01 secs] 
140.718: [GC (Allocation Failure) [PSYoungGen: 583386K->20480K(520192K)] 1341822K->881316K(1918464K), 0.0326994 secs] [Times: user=0.02 sys=0.00, real=0.03 secs] 
145.009: [GC (Allocation Failure) [PSYoungGen: 508642K->36864K(599040K)] 1369478K->897700K(1997312K), 0.0030574 secs] [Times: user=0.02 sys=0.00, real=0.00 secs] 
148.064: [GC (Allocation Failure) [PSYoungGen: 533182K->76800K(574464K)] 1394019K->988836K(1972736K), 0.0190601 secs] [Times: user=0.02 sys=0.00, real=0.02 secs] 
150.912: [GC (Allocation Failure) [PSYoungGen: 516802K->56320K(599040K)] 1428838K->968356K(1997312K), 0.0053032 secs] [Times: user=0.01 sys=0.00, real=0.00 secs] 
155.075: [GC (Allocation Failure) [PSYoungGen: 502417K->35840K(594432K)] 1414453K->947876K(1992704K), 0.0036730 secs] [Times: user=0.00 sys=0.00, real=0.00 secs] 
158.025: [GC (Allocation Failure) [PSYoungGen: 506498K->51200K(604160K)] 1418535K->1014436K(2002432K), 0.0176429 secs] [Times: user=0.00 sys=0.00, real=0.02 secs] 
160.877: [GC (Allocation Failure) [PSYoungGen: 506720K->61440K(600064K)] 1469956K->1178276K(1998336K), 0.0354046 secs] [Times: user=0.02 sys=0.01, real=0.04 secs] 
163.746: [GC (Allocation Failure) [PSYoungGen: 496483K->67584K(603136K)] 1613319K->1184420K(2001408K), 0.0057280 secs] [Times: user=0.00 sys=0.00, real=0.01 secs] 
168.009: [GC (Allocation Failure) [PSYoungGen: 574390K->81920K(591872K)] 1691226K->1249956K(1990144K), 0.0197741 secs] [Times: user=0.01 sys=0.00, real=0.02 secs] 
171.187: [GC (Allocation Failure) [PSYoungGen: 590768K->7168K(589824K)] 1758804K->1277604K(1988096K), 0.0495248 secs] [Times: user=0.02 sys=0.00, real=0.05 secs] 
171.237: [Full GC (Ergonomics) [PSYoungGen: 7168K->0K(589824K)] [ParOldGen: 1270436K->110097K(1398272K)] 1277604K->110097K(1988096K), [Metaspace: 2796K->2796K(1056768K)], 0.0278576 secs] [Times: user=0.02 sys=0.00, real=0.03 secs] 
174.979: [GC (Allocation Failure) [PSYoungGen: 480795K->35840K(593920K)] 590892K->145937K(1992192K), 0.0021101 secs] [Times: user=0.00 sys=0.00, real=0.00 secs] 
178.693: [GC (Allocation Failure) [PSYoungGen: 521694K->61440K(597504K)] 631791K->171537K(1995776K), 0.0158822 secs] [Times: user=0.00 sys=0.00, real=0.02 secs] 
182.308: [GC (Allocation Failure) [PSYoungGen: 526952K->57344K(595968K)] 637050K->167441K(1994240K), 0.0044089 secs] [Times: user=0.00 sys=0.00, real=0.00 secs] 
185.147: [GC (Allocation Failure) [PSYoungGen: 487033K->61440K(601600K)] 597130K->171537K(1999872K), 0.0045915 secs] [Times: user=0.00 sys=0.00, real=0.00 secs] 
189.185: [GC (Allocation Failure) [PSYoungGen: 557872K->15360K(519168K)] 667970K->125457K(1917440K), 0.0013291 secs] [Times: user=0.00 sys=0.00, real=0.00 secs] 
193.448: [GC (Allocation Failure) [PSYoungGen: 503606K->21536K(599552K)] 613704K->131633K(1997824K), 0.0017877 secs] [Times: user=0.00 sys=0.00, real=0.00 secs] 
196.503: [GC (Allocation Failure) [PSYoungGen: 517917K->71712K(572416K)] 628014K->181817K(1970688K), 0.0060014 secs] [Times: user=0.00 sys=0.00, real=0.01 secs] 
199.358: [GC (Allocation Failure) [PSYoungGen: 527136K->61440K(596480K)] 637241K->243233K(1994752K), 0.0163752 secs] [Times: user=0.00 sys=0.00, real=0.02 secs] 
202.205: [GC (Allocation Failure) [PSYoungGen: 501362K->62464K(595456K)] 683155K->244257K(1993728K), 0.0049116 secs] [Times: user=0.00 sys=0.00, real=0.00 secs] 
206.354: [GC (Allocation Failure) [PSYoungGen: 508532K->61440K(598528K)] 690325K->243233K(1996800K), 0.0036348 secs] [Times: user=0.02 sys=0.00, real=0.00 secs] 
209.298: [GC (Allocation Failure) [PSYoungGen: 532151K->56320K(597504K)] 713944K->289313K(1995776K), 0.0163092 secs] [Times: user=0.00 sys=0.00, real=0.02 secs] 
212.145: [GC (Allocation Failure) [PSYoungGen: 491197K->56320K(605184K)] 724190K->289313K(2003456K), 0.0047507 secs] [Times: user=0.00 sys=0.00, real=0.00 secs] 
216.414: [GC (Allocation Failure) [PSYoungGen: 563106K->76800K(585728K)] 796099K->309793K(1984000K), 0.0053312 secs] [Times: user=0.00 sys=0.00, real=0.01 secs] 
Heap
 PSYoungGen      total 585728K, used 440148K [0x00000000d5580000, 0x0000000100000000, 0x0000000100000000)
  eden space 508416K, 71% used [0x00000000d5580000,0x00000000eb855318,0x00000000f4600000)
  from space 77312K, 99% used [0x00000000f4600000,0x00000000f9100030,0x00000000f9180000)
  to   space 98304K, 0% used [0x00000000fa000000,0x00000000fa000000,0x0000000100000000)
 ParOldGen       total 1398272K, used 232993K [0x0000000080000000, 0x00000000d5580000, 0x00000000d5580000)
  object space 1398272K, 16% used [0x0000000080000000,0x000000008e3885b8,0x00000000d5580000)
 Metaspace       used 2804K, capacity 4486K, committed 4864K, reserved 1056768K
  class space    used 297K, capacity 386K, committed 512K, reserved 1048576K
