Java HotSpot(TM) 64-Bit Server VM (25.411-b09) for windows-amd64 JRE (1.8.0_411-b09), built on Mar 13 2024 07:26:13 by "java_re" with MS VC++ 17.1 (VS2022)
Memory: 4k page, physical 33403376k(14792348k free), swap 36815128k(7389032k free)
CommandLine flags: -XX:InitialHeapSize=536870912 -XX:MaxHeapSize=536870912 -XX:NewRatio=5 -XX:ParallelGCThreads=6 -XX:+PrintGC -XX:+PrintGCDetails -XX:+PrintGCTimeStamps -XX:+UseCompressedClassPointers -XX:+UseCompressedOops -XX:-UseLargePagesIndividualAllocation -XX:+UseParallelGC 
1.170: [GC (Allocation Failure) [PSYoungGen: 55869K->5816K(76288K)] 55869K->16064K(513536K), 0.0045151 secs] [Times: user=0.00 sys=0.00, real=0.00 secs] 
2.529: [GC (Allocation Failure) [PSYoungGen: 69560K->10736K(76288K)] 233408K->186008K(513536K), 0.0047096 secs] [Times: user=0.00 sys=0.02, real=0.00 secs] 
3.894: [GC (Allocation Failure) [PSYoungGen: 74491K->6616K(76288K)] 403363K->335488K(513536K), 0.0013429 secs] [Times: user=0.00 sys=0.00, real=0.00 secs] 
5.539: [GC (Allocation Failure) [PSYoungGen: 69354K->10680K(76288K)] 398226K->354912K(513536K), 0.0049188 secs] [Times: user=0.00 sys=0.00, real=0.00 secs] 
5.772: [GC (Allocation Failure) [PSYoungGen: 32460K->10664K(74752K)] 427892K->406096K(512000K), 0.0066059 secs] [Times: user=0.02 sys=0.00, real=0.01 secs] 
5.779: [GC (Allocation Failure) [PSYoungGen: 10664K->10680K(59904K)] 406096K->406112K(497152K), 0.0019831 secs] [Times: user=0.00 sys=0.00, real=0.00 secs] 
5.781: [Full GC (Allocation Failure) [PSYoungGen: 10680K->0K(59904K)] [ParOldGen: 395432K->67088K(437248K)] 406112K->67088K(497152K), [Metaspace: 2753K->2753K(1056768K)], 0.0106709 secs] [Times: user=0.05 sys=0.00, real=0.01 secs] 
6.881: [GC (Allocation Failure) [PSYoungGen: 43983K->15360K(65024K)] 213472K->184848K(502272K), 0.0019425 secs] [Times: user=0.02 sys=0.00, real=0.00 secs] 
7.753: [GC (Allocation Failure) [PSYoungGen: 59837K->10272K(67584K)] 382926K->353848K(504832K), 0.0026903 secs] [Times: user=0.02 sys=0.00, real=0.00 secs] 
8.629: [GC (Allocation Failure) [PSYoungGen: 36821K->32K(48128K)] 431598K->394808K(485376K), 0.0013623 secs] [Times: user=0.00 sys=0.00, real=0.00 secs] 
8.630: [GC (Allocation Failure) [PSYoungGen: 32K->0K(64512K)] 394808K->394784K(501760K), 0.0012071 secs] [Times: user=0.00 sys=0.00, real=0.00 secs] 
8.631: [Full GC (Allocation Failure) [PSYoungGen: 0K->0K(64512K)] [ParOldGen: 394784K->51728K(437248K)] 394784K->51728K(501760K), [Metaspace: 2759K->2759K(1056768K)], 0.0077181 secs] [Times: user=0.02 sys=0.00, real=0.01 secs] 
9.736: [GC (Allocation Failure) [PSYoungGen: 43886K->15360K(59904K)] 198015K->169488K(497152K), 0.0015228 secs] [Times: user=0.00 sys=0.00, real=0.00 secs] 
10.609: [GC (Allocation Failure) [PSYoungGen: 59247K->5120K(65024K)] 366976K->317968K(502272K), 0.0011934 secs] [Times: user=0.03 sys=0.00, real=0.00 secs] 
11.267: [GC (Allocation Failure) [PSYoungGen: 46929K->15360K(58368K)] 359778K->328208K(495616K), 0.0016502 secs] [Times: user=0.05 sys=0.00, real=0.00 secs] 
11.484: [GC (Allocation Failure) [PSYoungGen: 36683K->0K(62976K)] 400732K->369168K(500224K), 0.0009130 secs] [Times: user=0.02 sys=0.00, real=0.00 secs] 
11.485: [GC (Allocation Failure) [PSYoungGen: 0K->0K(63488K)] 369168K->369168K(500736K), 0.0007562 secs] [Times: user=0.00 sys=0.00, real=0.00 secs] 
11.486: [Full GC (Allocation Failure) [PSYoungGen: 0K->0K(63488K)] [ParOldGen: 369168K->215568K(437248K)] 369168K->215568K(500736K), [Metaspace: 2761K->2761K(1056768K)], 0.0132186 secs] [Times: user=0.05 sys=0.00, real=0.01 secs] 
12.919: [GC (Allocation Failure) [PSYoungGen: 32798K->5152K(64512K)] 422447K->394809K(501760K), 0.0008226 secs] [Times: user=0.00 sys=0.00, real=0.00 secs] 
12.920: [GC (Allocation Failure) [PSYoungGen: 5152K->0K(63488K)] 394809K->394785K(500736K), 0.0007338 secs] [Times: user=0.00 sys=0.00, real=0.00 secs] 
12.921: [Full GC (Allocation Failure) [PSYoungGen: 0K->0K(63488K)] [ParOldGen: 394785K->56849K(437248K)] 394785K->56849K(500736K), [Metaspace: 2763K->2763K(1056768K)], 0.0056360 secs] [Times: user=0.01 sys=0.00, real=0.01 secs] 
13.923: [GC (Allocation Failure) [PSYoungGen: 33584K->6144K(66048K)] 192833K->165393K(503296K), 0.0008407 secs] [Times: user=0.00 sys=0.00, real=0.00 secs] 
14.581: [GC (Allocation Failure) [PSYoungGen: 48996K->11264K(64512K)] 361845K->325137K(501760K), 0.0050725 secs] [Times: user=0.00 sys=0.00, real=0.01 secs] 
15.453: [GC (Allocation Failure) [PSYoungGen: 54117K->15360K(61952K)] 367990K->339473K(499200K), 0.0024918 secs] [Times: user=0.02 sys=0.00, real=0.00 secs] 
16.656: [GC (Allocation Failure) [PSYoungGen: 52012K->10240K(64000K)] 376126K->334353K(501248K), 0.0011229 secs] [Times: user=0.00 sys=0.00, real=0.00 secs] 
17.202: [GC (Allocation Failure) [PSYoungGen: 36648K->0K(65024K)] 432441K->400913K(502272K), 0.0025418 secs] [Times: user=0.00 sys=0.00, real=0.00 secs] 
17.205: [GC (Allocation Failure) [PSYoungGen: 0K->0K(65024K)] 400913K->400913K(502272K), 0.0015458 secs] [Times: user=0.02 sys=0.00, real=0.00 secs] 
17.206: [Full GC (Allocation Failure) [PSYoungGen: 0K->0K(65024K)] [ParOldGen: 400913K->77329K(437248K)] 400913K->77329K(502272K), [Metaspace: 2768K->2768K(1056768K)], 0.0074995 secs] [Times: user=0.00 sys=0.00, real=0.01 secs] 
18.202: [GC (Allocation Failure) [PSYoungGen: 33621K->10240K(65024K)] 213350K->189969K(502272K), 0.0011384 secs] [Times: user=0.00 sys=0.00, real=0.00 secs] 
18.858: [GC (Allocation Failure) [PSYoungGen: 53079K->1024K(65024K)] 386408K->339473K(502272K), 0.0009638 secs] [Times: user=0.00 sys=0.00, real=0.00 secs] 
20.061: [GC (Allocation Failure) [PSYoungGen: 23385K->0K(66048K)] 413034K->389649K(503296K), 0.0010363 secs] [Times: user=0.00 sys=0.00, real=0.00 secs] 
20.062: [GC (Allocation Failure) [PSYoungGen: 0K->0K(65536K)] 389649K->389649K(502784K), 0.0008431 secs] [Times: user=0.00 sys=0.00, real=0.00 secs] 
20.063: [Full GC (Allocation Failure) [PSYoungGen: 0K->0K(65536K)] [ParOldGen: 389649K->51729K(437248K)] 389649K->51729K(502784K), [Metaspace: 2770K->2770K(1056768K)], 0.0053687 secs] [Times: user=0.02 sys=0.00, real=0.01 secs] 
21.174: [GC (Allocation Failure) [PSYoungGen: 43897K->15360K(61440K)] 198026K->169489K(498688K), 0.0016229 secs] [Times: user=0.02 sys=0.00, real=0.00 secs] 
21.941: [GC (Allocation Failure) [PSYoungGen: 54066K->6144K(64000K)] 361795K->318993K(501248K), 0.0010619 secs] [Times: user=0.01 sys=0.00, real=0.00 secs] 
22.597: [GC (Allocation Failure) [PSYoungGen: 42802K->15360K(61952K)] 355651K->329233K(499200K), 0.0019303 secs] [Times: user=0.00 sys=0.00, real=0.00 secs] 
22.924: [GC (Allocation Failure) [PSYoungGen: 46892K->0K(64000K)] 411965K->370193K(501248K), 0.0009008 secs] [Times: user=0.02 sys=0.00, real=0.00 secs] 
22.925: [GC (Allocation Failure) [PSYoungGen: 0K->0K(65024K)] 370193K->370193K(502272K), 0.0008175 secs] [Times: user=0.00 sys=0.00, real=0.00 secs] 
22.926: [Full GC (Allocation Failure) [PSYoungGen: 0K->0K(65024K)] [ParOldGen: 370193K->165393K(437248K)] 370193K->165393K(502272K), [Metaspace: 2779K->2779K(1056768K)], 0.0127515 secs] [Times: user=0.03 sys=0.00, real=0.01 secs] 
24.141: [GC (Allocation Failure) [PSYoungGen: 28493K->20480K(63488K)] 296286K->288273K(500736K), 0.0017026 secs] [Times: user=0.00 sys=0.00, real=0.00 secs] 
25.030: [Full GC (Ergonomics) [PSYoungGen: 59215K->0K(63488K)] [ParOldGen: 421393K->21504K(437248K)] 480608K->21504K(500736K), [Metaspace: 2779K->2779K(1056768K)], 0.0038999 secs] [Times: user=0.00 sys=0.00, real=0.00 secs] 
25.579: [GC (Allocation Failure) [PSYoungGen: 36688K->20480K(53248K)] 58192K->41984K(490496K), 0.0013559 secs] [Times: user=0.00 sys=0.00, real=0.00 secs] 
26.237: [GC (Allocation Failure) [PSYoungGen: 48716K->5120K(58368K)] 223820K->190464K(495616K), 0.0015560 secs] [Times: user=0.03 sys=0.00, real=0.00 secs] 
26.785: [GC (Allocation Failure) [PSYoungGen: 31310K->10240K(60416K)] 216654K->195584K(497664K), 0.0010472 secs] [Times: user=0.00 sys=0.00, real=0.00 secs] 
27.876: [GC (Allocation Failure) [PSYoungGen: 41607K->10240K(59392K)] 247431K->216064K(496640K), 0.0009889 secs] [Times: user=0.00 sys=0.00, real=0.00 secs] 
28.312: [GC (Allocation Failure) [PSYoungGen: 36628K->10272K(62976K)] 242453K->221224K(500224K), 0.0015322 secs] [Times: user=0.00 sys=0.00, real=0.00 secs] 
28.968: [GC (Allocation Failure) [PSYoungGen: 43776K->1024K(61440K)] 408328K->365584K(498688K), 0.0009968 secs] [Times: user=0.00 sys=0.00, real=0.00 secs] 
29.625: [GC (Allocation Failure) [PSYoungGen: 32484K->10240K(63488K)] 397044K->374800K(500736K), 0.0045761 secs] [Times: user=0.00 sys=0.00, real=0.00 secs] 
30.065: [Full GC (Ergonomics) [PSYoungGen: 31496K->0K(63488K)] [ParOldGen: 436240K->113169K(437248K)] 467737K->113169K(500736K), [Metaspace: 2793K->2793K(1056768K)], 0.0098000 secs] [Times: user=0.00 sys=0.00, real=0.01 secs] 
31.946: [GC (Allocation Failure) [PSYoungGen: 35597K->6144K(62976K)] 353566K->324113K(500224K), 0.0008075 secs] [Times: user=0.00 sys=0.00, real=0.00 secs] 
32.607: [GC (Allocation Failure) [PSYoungGen: 42767K->15360K(61952K)] 360737K->334353K(499200K), 0.0025843 secs] [Times: user=0.00 sys=0.00, real=0.00 secs] 
32.935: [GC (Allocation Failure) [PSYoungGen: 46869K->0K(63488K)] 417063K->375313K(500736K), 0.0009998 secs] [Times: user=0.00 sys=0.00, real=0.00 secs] 
32.936: [GC (Allocation Failure) [PSYoungGen: 0K->0K(63488K)] 375313K->375313K(500736K), 0.0007215 secs] [Times: user=0.00 sys=0.00, real=0.00 secs] 
32.937: [Full GC (Allocation Failure) [PSYoungGen: 0K->0K(63488K)] [ParOldGen: 375313K->57873K(437248K)] 375313K->57873K(500736K), [Metaspace: 2793K->2793K(1056768K)], 0.0057263 secs] [Times: user=0.02 sys=0.00, real=0.01 secs] 
33.934: [GC (Allocation Failure) [PSYoungGen: 33560K->6144K(63488K)] 193834K->166417K(500736K), 0.0010863 secs] [Times: user=0.00 sys=0.00, real=0.00 secs] 
35.470: [GC (Allocation Failure) [PSYoungGen: 44826K->10240K(65536K)] 379180K->344593K(502784K), 0.0014577 secs] [Times: user=0.00 sys=0.00, real=0.00 secs] 
35.800: [GC (Allocation Failure) [PSYoungGen: 41827K->10240K(65024K)] 427381K->395793K(502272K), 0.0012311 secs] [Times: user=0.00 sys=0.00, real=0.00 secs] 
35.802: [GC (Allocation Failure) [PSYoungGen: 10240K->0K(65536K)] 395793K->395793K(502784K), 0.0011799 secs] [Times: user=0.00 sys=0.00, real=0.00 secs] 
35.803: [Full GC (Allocation Failure) [PSYoungGen: 0K->0K(65536K)] [ParOldGen: 395793K->61969K(437248K)] 395793K->61969K(502784K), [Metaspace: 2793K->2793K(1056768K)], 0.0067014 secs] [Times: user=0.00 sys=0.00, real=0.01 secs] 
36.912: [GC (Allocation Failure) [PSYoungGen: 43886K->15360K(59904K)] 208256K->179729K(497152K), 0.0013157 secs] [Times: user=0.00 sys=0.00, real=0.00 secs] 
37.789: [GC (Allocation Failure) [PSYoungGen: 59247K->5120K(65024K)] 377216K->348689K(502272K), 0.0026379 secs] [Times: user=0.02 sys=0.00, real=0.00 secs] 
38.445: [GC (Allocation Failure) [PSYoungGen: 46919K->15360K(57856K)] 390488K->358929K(495104K), 0.0087538 secs] [Times: user=0.01 sys=0.00, real=0.01 secs] 
39.663: [GC (Allocation Failure) [PSYoungGen: 57153K->10240K(64512K)] 451922K->405009K(501760K), 0.0010837 secs] [Times: user=0.00 sys=0.00, real=0.00 secs] 
39.992: [Full GC (Ergonomics) [PSYoungGen: 31535K->0K(64512K)] [ParOldGen: 415249K->26129K(437248K)] 446784K->26129K(501760K), [Metaspace: 2793K->2793K(1056768K)], 0.0033175 secs] [Times: user=0.02 sys=0.00, real=0.00 secs] 
41.087: [GC (Allocation Failure) [PSYoungGen: 33584K->10240K(63488K)] 213314K->189969K(500736K), 0.0010971 secs] [Times: user=0.00 sys=0.00, real=0.00 secs] 
42.186: [GC (Allocation Failure) [PSYoungGen: 48945K->6144K(66048K)] 402755K->365073K(503296K), 0.0119135 secs] [Times: user=0.00 sys=0.00, real=0.01 secs] 
43.846: [GC (Allocation Failure) [PSYoungGen: 50031K->6144K(65024K)] 408961K->365073K(502272K), 0.0011524 secs] [Times: user=0.02 sys=0.00, real=0.00 secs] 
44.176: [GC (Allocation Failure) [PSYoungGen: 32617K->10240K(67072K)] 391547K->380433K(504320K), 0.0024217 secs] [Times: user=0.00 sys=0.00, real=0.00 secs] 
44.396: [Full GC (Ergonomics) [PSYoungGen: 31646K->0K(67072K)] [ParOldGen: 421393K->62993K(437248K)] 453039K->62993K(504320K), [Metaspace: 2795K->2795K(1056768K)], 0.0066773 secs] [Times: user=0.00 sys=0.00, real=0.01 secs] 
45.505: [GC (Allocation Failure) [PSYoungGen: 43934K->15360K(62976K)] 209327K->180753K(500224K), 0.0150485 secs] [Times: user=0.03 sys=0.00, real=0.01 secs] 
46.939: [GC (Allocation Failure) [PSYoungGen: 59300K->5120K(66048K)] 378293K->324113K(503296K), 0.0011955 secs] [Times: user=0.00 sys=0.00, real=0.00 secs] 
47.267: [GC (Allocation Failure) [PSYoungGen: 36724K->20480K(65536K)] 406918K->390673K(502784K), 0.0021200 secs] [Times: user=0.02 sys=0.00, real=0.00 secs] 
47.269: [GC (Allocation Failure) [PSYoungGen: 20480K->0K(60416K)] 390673K->390673K(497664K), 0.0020083 secs] [Times: user=0.00 sys=0.00, real=0.00 secs] 
47.272: [Full GC (Allocation Failure) [PSYoungGen: 0K->0K(60416K)] [ParOldGen: 390673K->72209K(437248K)] 390673K->72209K(497664K), [Metaspace: 2795K->2795K(1056768K)], 0.0066707 secs] [Times: user=0.05 sys=0.00, real=0.01 secs] 
48.267: [GC (Allocation Failure) [PSYoungGen: 33542K->10240K(62976K)] 208152K->184849K(500224K), 0.0010219 secs] [Times: user=0.02 sys=0.00, real=0.00 secs] 
49.362: [GC (Allocation Failure) [PSYoungGen: 48904K->5120K(64512K)] 397593K->358929K(501760K), 0.0010409 secs] [Times: user=0.02 sys=0.00, real=0.00 secs] 
49.911: [GC (Allocation Failure) [PSYoungGen: 41787K->15360K(57344K)] 395597K->369169K(494592K), 0.0014626 secs] [Times: user=0.00 sys=0.00, real=0.00 secs] 
50.129: [Full GC (Ergonomics) [PSYoungGen: 36661K->0K(57344K)] [ParOldGen: 405009K->133649K(437248K)] 441671K->133649K(494592K), [Metaspace: 2795K->2795K(1056768K)], 0.0109919 secs] [Times: user=0.01 sys=0.00, real=0.01 secs] 
51.350: [GC (Allocation Failure) [PSYoungGen: 36664K->15360K(61440K)] 272714K->251409K(498688K), 0.0013178 secs] [Times: user=0.00 sys=0.00, real=0.00 secs] 
52.113: [GC (Allocation Failure) [PSYoungGen: 48882K->6144K(62464K)] 438532K->400913K(499712K), 0.0031611 secs] [Times: user=0.00 sys=0.00, real=0.00 secs] 
52.662: [GC (Allocation Failure) [PSYoungGen: 37619K->15360K(61440K)] 432389K->411153K(498688K), 0.0016311 secs] [Times: user=0.03 sys=0.00, real=0.00 secs] 
52.881: [GC (Allocation Failure) [PSYoungGen: 46830K->20480K(58880K)] 442623K->421393K(496128K), 0.0025502 secs] [Times: user=0.02 sys=0.00, real=0.00 secs] 
52.884: [GC (Allocation Failure) [PSYoungGen: 20480K->0K(59392K)] 421393K->421393K(496640K), 0.0021513 secs] [Times: user=0.00 sys=0.00, real=0.00 secs] 
52.886: [Full GC (Allocation Failure) [PSYoungGen: 0K->0K(59392K)] [ParOldGen: 421393K->32273K(437248K)] 421393K->32273K(496640K), [Metaspace: 2795K->2795K(1056768K)], 0.0042608 secs] [Times: user=0.00 sys=0.00, real=0.00 secs] 
53.892: [GC (Allocation Failure) [PSYoungGen: 28293K->6144K(59904K)] 214167K->192017K(497152K), 0.0007513 secs] [Times: user=0.00 sys=0.00, real=0.00 secs] 
55.097: [GC (Allocation Failure) [PSYoungGen: 38537K->10240K(62464K)] 224410K->196113K(499712K), 0.0014399 secs] [Times: user=0.02 sys=0.00, real=0.00 secs] 
55.539: [GC (Allocation Failure) [PSYoungGen: 36557K->10240K(60928K)] 222430K->201233K(498176K), 0.0016169 secs] [Times: user=0.02 sys=0.00, real=0.00 secs] 
56.194: [GC (Allocation Failure) [PSYoungGen: 43721K->11264K(64512K)] 388315K->355857K(501760K), 0.0012481 secs] [Times: user=0.00 sys=0.00, real=0.00 secs] 
56.851: [GC (Allocation Failure) [PSYoungGen: 42793K->10240K(63488K)] 387387K->365073K(500736K), 0.0020180 secs] [Times: user=0.00 sys=0.00, real=0.00 secs] 
57.287: [Full GC (Ergonomics) [PSYoungGen: 31525K->0K(63488K)] [ParOldGen: 426513K->92689K(437248K)] 458039K->92689K(500736K), [Metaspace: 2796K->2796K(1056768K)], 0.0078966 secs] [Times: user=0.03 sys=0.00, real=0.01 secs] 
59.051: [GC (Allocation Failure) [PSYoungGen: 40746K->1024K(64512K)] 389435K->349713K(501760K), 0.0006879 secs] [Times: user=0.00 sys=0.00, real=0.00 secs] 
59.820: [GC (Allocation Failure) [PSYoungGen: 42838K->15360K(58880K)] 391527K->364049K(496128K), 0.0015088 secs] [Times: user=0.00 sys=0.00, real=0.00 secs] 
60.147: [GC (Allocation Failure) [PSYoungGen: 46930K->0K(62976K)] 446819K->405009K(500224K), 0.0102113 secs] [Times: user=0.01 sys=0.00, real=0.01 secs] 
60.157: [Full GC (Ergonomics) [PSYoungGen: 0K->0K(62976K)] [ParOldGen: 405009K->108049K(437248K)] 405009K->108049K(500224K), [Metaspace: 2796K->2796K(1056768K)], 0.0095613 secs] [Times: user=0.05 sys=0.00, real=0.01 secs] 
61.148: [GC (Allocation Failure) [PSYoungGen: 33560K->10240K(63488K)] 244010K->220689K(500736K), 0.0010700 secs] [Times: user=0.02 sys=0.00, real=0.00 secs] 
62.576: [GC (Allocation Failure) [PSYoungGen: 42778K->10240K(65536K)] 427308K->394769K(502784K), 0.0009697 secs] [Times: user=0.00 sys=0.00, real=0.00 secs] 
63.015: [Full GC (Ergonomics) [PSYoungGen: 52057K->0K(65536K)] [ParOldGen: 435729K->56849K(437248K)] 487786K->56849K(502784K), [Metaspace: 2796K->2796K(1056768K)], 0.0055622 secs] [Times: user=0.00 sys=0.00, real=0.00 secs] 
64.015: [GC (Allocation Failure) [PSYoungGen: 33626K->6144K(64512K)] 192875K->165393K(501760K), 0.0008020 secs] [Times: user=0.00 sys=0.00, real=0.00 secs] 
64.669: [GC (Allocation Failure) [PSYoungGen: 48987K->11264K(66560K)] 361836K->325137K(503808K), 0.0015819 secs] [Times: user=0.00 sys=0.00, real=0.00 secs] 
65.546: [GC (Allocation Failure) [PSYoungGen: 54158K->15360K(61440K)] 368032K->339473K(498688K), 0.0022006 secs] [Times: user=0.02 sys=0.00, real=0.00 secs] 
66.858: [GC (Allocation Failure) [PSYoungGen: 57224K->10240K(66048K)] 381337K->334353K(503296K), 0.0012111 secs] [Times: user=0.00 sys=0.00, real=0.00 secs] 
67.294: [GC (Allocation Failure) [PSYoungGen: 52069K->20480K(64512K)] 427382K->400913K(501760K), 0.0026999 secs] [Times: user=0.01 sys=0.00, real=0.00 secs] 
67.297: [GC (Allocation Failure) [PSYoungGen: 20480K->0K(59904K)] 400913K->400913K(497152K), 0.0022724 secs] [Times: user=0.00 sys=0.00, real=0.00 secs] 
67.299: [Full GC (Allocation Failure) [PSYoungGen: 0K->0K(59904K)] [ParOldGen: 400913K->77329K(437248K)] 400913K->77329K(497152K), [Metaspace: 2796K->2796K(1056768K)], 0.0070135 secs] [Times: user=0.02 sys=0.00, real=0.01 secs] 
68.294: [GC (Allocation Failure) [PSYoungGen: 33519K->10240K(62464K)] 213249K->189969K(499712K), 0.0013352 secs] [Times: user=0.00 sys=0.00, real=0.00 secs] 
69.282: [GC (Allocation Failure) [PSYoungGen: 43761K->5120K(64512K)] 397571K->364049K(501760K), 0.0020996 secs] [Times: user=0.02 sys=0.00, real=0.00 secs] 
70.160: [GC (Allocation Failure) [PSYoungGen: 16186K->0K(64000K)] 426316K->410129K(501248K), 0.0011047 secs] [Times: user=0.02 sys=0.00, real=0.00 secs] 
70.161: [Full GC (Ergonomics) [PSYoungGen: 0K->0K(64000K)] [ParOldGen: 410129K->51729K(437248K)] 410129K->51729K(501248K), [Metaspace: 2796K->2796K(1056768K)], 0.0058422 secs] [Times: user=0.00 sys=0.00, real=0.01 secs] 
71.164: [GC (Allocation Failure) [PSYoungGen: 33594K->10240K(65024K)] 187724K->164369K(502272K), 0.0011336 secs] [Times: user=0.00 sys=0.00, real=0.00 secs] 
71.712: [GC (Allocation Failure) [PSYoungGen: 52037K->0K(64000K)] 359767K->312849K(501248K), 0.0020802 secs] [Times: user=0.00 sys=0.00, real=0.00 secs] 
72.594: [GC (Allocation Failure) [PSYoungGen: 33606K->11264K(65024K)] 346455K->324113K(502272K), 0.0014560 secs] [Times: user=0.03 sys=0.00, real=0.00 secs] 
73.033: [GC (Allocation Failure) [PSYoungGen: 53075K->0K(65024K)] 417125K->370193K(502272K), 0.0009700 secs] [Times: user=0.00 sys=0.00, real=0.00 secs] 
73.034: [GC (Allocation Failure) [PSYoungGen: 0K->0K(65024K)] 370193K->370193K(502272K), 0.0007979 secs] [Times: user=0.00 sys=0.00, real=0.00 secs] 
73.035: [Full GC (Allocation Failure) [PSYoungGen: 0K->0K(65024K)] [ParOldGen: 370193K->165393K(437248K)] 370193K->165393K(502272K), [Metaspace: 2796K->2796K(1056768K)], 0.0129440 secs] [Times: user=0.00 sys=0.00, real=0.01 secs] 
74.259: [GC (Allocation Failure) [PSYoungGen: 28502K->20480K(64000K)] 296296K->288273K(501248K), 0.0019222 secs] [Times: user=0.00 sys=0.00, real=0.00 secs] 
75.135: [Full GC (Ergonomics) [PSYoungGen: 59224K->0K(64000K)] [ParOldGen: 421393K->21504K(437248K)] 480618K->21504K(501248K), [Metaspace: 2796K->2796K(1056768K)], 0.0037297 secs] [Times: user=0.05 sys=0.00, real=0.00 secs] 
75.683: [GC (Allocation Failure) [PSYoungGen: 36697K->20480K(52736K)] 58202K->41984K(489984K), 0.0033756 secs] [Times: user=0.03 sys=0.00, real=0.00 secs] 
76.341: [GC (Allocation Failure) [PSYoungGen: 48716K->5120K(58368K)] 223820K->190464K(495616K), 0.0014477 secs] [Times: user=0.00 sys=0.00, real=0.00 secs] 
76.887: [GC (Allocation Failure) [PSYoungGen: 31310K->10240K(60928K)] 216654K->195584K(498176K), 0.0149815 secs] [Times: user=0.02 sys=0.00, real=0.02 secs] 
77.996: [GC (Allocation Failure) [PSYoungGen: 41627K->10240K(59904K)] 247451K->216064K(497152K), 0.0009201 secs] [Times: user=0.00 sys=0.00, real=0.00 secs] 
78.436: [GC (Allocation Failure) [PSYoungGen: 36510K->10240K(63488K)] 242334K->221184K(500736K), 0.0021332 secs] [Times: user=0.00 sys=0.00, real=0.00 secs] 
79.205: [GC (Allocation Failure) [PSYoungGen: 48895K->5120K(62464K)] 413439K->369664K(499712K), 0.0104798 secs] [Times: user=0.02 sys=0.00, real=0.01 secs] 
79.878: [GC (Allocation Failure) [PSYoungGen: 41731K->15360K(61952K)] 406275K->379904K(499200K), 0.0017971 secs] [Times: user=0.00 sys=0.00, real=0.00 secs] 
80.207: [Full GC (Ergonomics) [PSYoungGen: 46847K->0K(61952K)] [ParOldGen: 415744K->113169K(437248K)] 462592K->113169K(499200K), [Metaspace: 2796K->2796K(1056768K)], 0.0091997 secs] [Times: user=0.01 sys=0.00, real=0.01 secs] 
82.079: [GC (Allocation Failure) [PSYoungGen: 35587K->6144K(62976K)] 353557K->324113K(500224K), 0.0009954 secs] [Times: user=0.00 sys=0.00, real=0.00 secs] 
82.740: [GC (Allocation Failure) [PSYoungGen: 42758K->15360K(61952K)] 360727K->334353K(499200K), 0.0090145 secs] [Times: user=0.00 sys=0.00, real=0.01 secs] 
83.071: [GC (Allocation Failure) [PSYoungGen: 46849K->0K(62976K)] 417043K->375313K(500224K), 0.0008260 secs] [Times: user=0.00 sys=0.00, real=0.00 secs] 
83.072: [GC (Allocation Failure) [PSYoungGen: 0K->0K(62976K)] 375313K->375313K(500224K), 0.0008160 secs] [Times: user=0.00 sys=0.00, real=0.00 secs] 
83.073: [Full GC (Allocation Failure) [PSYoungGen: 0K->0K(62976K)] [ParOldGen: 375313K->57873K(437248K)] 375313K->57873K(500224K), [Metaspace: 2796K->2796K(1056768K)], 0.0071583 secs] [Times: user=0.00 sys=0.00, real=0.01 secs] 
84.076: [GC (Allocation Failure) [PSYoungGen: 33540K->6144K(62976K)] 193814K->166417K(500224K), 0.0010242 secs] [Times: user=0.00 sys=0.00, real=0.00 secs] 
85.609: [GC (Allocation Failure) [PSYoungGen: 44806K->10240K(64512K)] 379160K->344593K(501760K), 0.0020277 secs] [Times: user=0.00 sys=0.00, real=0.00 secs] 
85.938: [GC (Allocation Failure) [PSYoungGen: 41786K->10240K(64000K)] 427340K->395793K(501248K), 0.0012651 secs] [Times: user=0.00 sys=0.00, real=0.00 secs] 
85.939: [GC (Allocation Failure) [PSYoungGen: 10240K->0K(65024K)] 395793K->395793K(502272K), 0.0012356 secs] [Times: user=0.00 sys=0.00, real=0.00 secs] 
85.940: [Full GC (Allocation Failure) [PSYoungGen: 0K->0K(65024K)] [ParOldGen: 395793K->61969K(437248K)] 395793K->61969K(502272K), [Metaspace: 2796K->2796K(1056768K)], 0.0060148 secs] [Times: user=0.02 sys=0.00, real=0.01 secs] 
86.935: [GC (Allocation Failure) [PSYoungGen: 33626K->10240K(65024K)] 197995K->174609K(502272K), 0.0014568 secs] [Times: user=0.03 sys=0.00, real=0.00 secs] 
87.591: [GC (Allocation Failure) [PSYoungGen: 53083K->1024K(65536K)] 371052K->344593K(502784K), 0.0028417 secs] [Times: user=0.00 sys=0.00, real=0.00 secs] 
88.464: [GC (Allocation Failure) [PSYoungGen: 43888K->15360K(59904K)] 387457K->358929K(497152K), 0.0013126 secs] [Times: user=0.02 sys=0.00, real=0.00 secs] 
89.559: [GC (Allocation Failure) [PSYoungGen: 57193K->10240K(64512K)] 451963K->405009K(501760K), 0.0013593 secs] [Times: user=0.00 sys=0.00, real=0.00 secs] 
89.996: [GC (Allocation Failure) [PSYoungGen: 41785K->10240K(64000K)] 436554K->410129K(501248K), 0.0018109 secs] [Times: user=0.00 sys=0.00, real=0.00 secs] 
90.104: [GC (Allocation Failure) [PSYoungGen: 31539K->20480K(58880K)] 431428K->420369K(496128K), 0.0021632 secs] [Times: user=0.02 sys=0.00, real=0.00 secs] 
90.107: [GC (Allocation Failure) [PSYoungGen: 20480K->0K(61952K)] 420369K->420369K(499200K), 0.0020306 secs] [Times: user=0.00 sys=0.00, real=0.00 secs] 
90.109: [Full GC (Allocation Failure) [PSYoungGen: 0K->0K(61952K)] [ParOldGen: 420369K->26129K(437248K)] 420369K->26129K(499200K), [Metaspace: 2796K->2796K(1056768K)], 0.0034687 secs] [Times: user=0.01 sys=0.00, real=0.00 secs] 
91.218: [GC (Allocation Failure) [PSYoungGen: 33489K->10240K(62976K)] 213218K->189969K(500224K), 0.0010530 secs] [Times: user=0.02 sys=0.00, real=0.00 secs] 
92.199: [GC (Allocation Failure) [PSYoungGen: 43755K->6144K(61952K)] 397564K->365073K(499200K), 0.0012209 secs] [Times: user=0.02 sys=0.00, real=0.00 secs] 
93.624: [GC (Allocation Failure) [PSYoungGen: 39663K->6144K(65024K)] 398592K->365073K(502272K), 0.0018702 secs] [Times: user=0.00 sys=0.00, real=0.00 secs] 
94.284: [GC (Allocation Failure) [PSYoungGen: 47932K->20480K(62976K)] 406861K->380433K(500224K), 0.0018949 secs] [Times: user=0.00 sys=0.00, real=0.00 secs] 
94.504: [Full GC (Ergonomics) [PSYoungGen: 41786K->0K(62976K)] [ParOldGen: 411153K->62993K(437248K)] 452939K->62993K(500224K), [Metaspace: 2796K->2796K(1056768K)], 0.0061678 secs] [Times: user=0.00 sys=0.00, real=0.01 secs] 
95.491: [GC (Allocation Failure) [PSYoungGen: 33599K->10240K(62976K)] 198992K->175633K(500224K), 0.0010452 secs] [Times: user=0.01 sys=0.00, real=0.00 secs] 
97.021: [GC (Allocation Failure) [PSYoungGen: 43781K->5120K(62976K)] 383254K->344593K(500224K), 0.0015775 secs] [Times: user=0.00 sys=0.00, real=0.00 secs] 
97.348: [GC (Allocation Failure) [PSYoungGen: 36614K->20480K(57856K)] 427288K->411153K(495104K), 0.0020012 secs] [Times: user=0.00 sys=0.00, real=0.00 secs] 
97.351: [GC (Allocation Failure) [PSYoungGen: 20480K->0K(60928K)] 411153K->411153K(498176K), 0.0018278 secs] [Times: user=0.00 sys=0.00, real=0.00 secs] 
97.352: [Full GC (Allocation Failure) [PSYoungGen: 0K->0K(60928K)] [ParOldGen: 411153K->72209K(437248K)] 411153K->72209K(498176K), [Metaspace: 2796K->2796K(1056768K)], 0.0057395 secs] [Times: user=0.00 sys=0.00, real=0.01 secs] 
98.351: [GC (Allocation Failure) [PSYoungGen: 33462K->10240K(61952K)] 208071K->184849K(499200K), 0.0009799 secs] [Times: user=0.02 sys=0.00, real=0.00 secs] 
99.332: [GC (Allocation Failure) [PSYoungGen: 43723K->5120K(60928K)] 392413K->358929K(498176K), 0.0010609 secs] [Times: user=0.00 sys=0.00, real=0.00 secs] 
99.879: [GC (Allocation Failure) [PSYoungGen: 36556K->15360K(60928K)] 390365K->369169K(498176K), 0.0025249 secs] [Times: user=0.00 sys=0.00, real=0.00 secs] 
100.206: [Full GC (Ergonomics) [PSYoungGen: 46810K->0K(60928K)] [ParOldGen: 405009K->133649K(437248K)] 451820K->133649K(498176K), [Metaspace: 2796K->2796K(1056768K)], 0.0251448 secs] [Times: user=0.03 sys=0.00, real=0.02 secs] 
101.779: [Full GC (Ergonomics) [PSYoungGen: 36573K->0K(60928K)] [ParOldGen: 410129K->108049K(437248K)] 446702K->108049K(498176K), [Metaspace: 2796K->2796K(1056768K)], 0.0088797 secs] [Times: user=0.01 sys=0.00, real=0.01 secs] 
102.659: [GC (Allocation Failure) [PSYoungGen: 33502K->11264K(61952K)] 141552K->119313K(499200K), 0.0045660 secs] [Times: user=0.00 sys=0.00, real=0.01 secs] 
103.644: [GC (Allocation Failure) [PSYoungGen: 44762K->6144K(63488K)] 326891K->294417K(500736K), 0.0014356 secs] [Times: user=0.00 sys=0.00, real=0.00 secs] 
104.966: [GC (Allocation Failure) [PSYoungGen: 43791K->10240K(62976K)] 332064K->298513K(500224K), 0.0010104 secs] [Times: user=0.00 sys=0.00, real=0.00 secs] 
105.629: [GC (Allocation Failure) [PSYoungGen: 46859K->10240K(65536K)] 335132K->303633K(502784K), 0.0024188 secs] [Times: user=0.02 sys=0.00, real=0.00 secs] 
105.956: [GC (Allocation Failure) [PSYoungGen: 41807K->10240K(64512K)] 386400K->354833K(501760K), 0.0011260 secs] [Times: user=0.00 sys=0.00, real=0.00 secs] 
105.957: [GC (Allocation Failure) [PSYoungGen: 10240K->0K(65536K)] 354833K->354833K(502784K), 0.0010737 secs] [Times: user=0.00 sys=0.00, real=0.00 secs] 
105.958: [Full GC (Allocation Failure) [PSYoungGen: 0K->0K(65536K)] [ParOldGen: 354833K->67089K(437248K)] 354833K->67089K(502784K), [Metaspace: 2796K->2796K(1056768K)], 0.0101519 secs] [Times: user=0.01 sys=0.00, real=0.01 secs] 
107.060: [GC (Allocation Failure) [PSYoungGen: 43900K->15360K(60928K)] 213389K->184849K(498176K), 0.0015543 secs] [Times: user=0.00 sys=0.00, real=0.00 secs] 
107.933: [GC (Allocation Failure) [PSYoungGen: 59263K->5120K(65536K)] 382353K->353809K(502784K), 0.0025910 secs] [Times: user=0.02 sys=0.00, real=0.00 secs] 
108.811: [GC (Allocation Failure) [PSYoungGen: 31576K->0K(64512K)] 431466K->399889K(501760K), 0.0010099 secs] [Times: user=0.00 sys=0.00, real=0.00 secs] 
108.812: [Full GC (Ergonomics) [PSYoungGen: 0K->0K(64512K)] [ParOldGen: 399889K->51729K(437248K)] 399889K->51729K(501760K), [Metaspace: 2796K->2796K(1056768K)], 0.0046604 secs] [Times: user=0.00 sys=0.00, real=0.00 secs] 
109.798: [GC (Allocation Failure) [PSYoungGen: 33626K->10240K(65536K)] 187755K->164369K(502784K), 0.0009299 secs] [Times: user=0.00 sys=0.00, real=0.00 secs] 
110.453: [GC (Allocation Failure) [PSYoungGen: 53092K->1024K(65024K)] 360822K->313873K(502272K), 0.0009129 secs] [Times: user=0.00 sys=0.00, real=0.00 secs] 
111.327: [GC (Allocation Failure) [PSYoungGen: 43877K->15360K(62464K)] 356726K->328209K(499712K), 0.0014615 secs] [Times: user=0.00 sys=0.00, real=0.00 secs] 
111.656: [GC (Allocation Failure) [PSYoungGen: 46892K->0K(64000K)] 410942K->369169K(501248K), 0.0086259 secs] [Times: user=0.00 sys=0.00, real=0.01 secs] 
111.665: [GC (Allocation Failure) [PSYoungGen: 0K->0K(64512K)] 369169K->369169K(501760K), 0.0009287 secs] [Times: user=0.00 sys=0.00, real=0.00 secs] 
111.666: [Full GC (Allocation Failure) [PSYoungGen: 0K->0K(64512K)] [ParOldGen: 369169K->215569K(437248K)] 369169K->215569K(501760K), [Metaspace: 2796K->2796K(1056768K)], 0.0130711 secs] [Times: user=0.03 sys=0.00, real=0.01 secs] 
112.892: [GC (Allocation Failure) [PSYoungGen: 32569K->15360K(57344K)] 350538K->333329K(494592K), 0.0017052 secs] [Times: user=0.00 sys=0.00, real=0.00 secs] 
113.111: [GC (Allocation Failure) [PSYoungGen: 36666K->0K(62976K)] 405836K->374289K(500224K), 0.0008201 secs] [Times: user=0.00 sys=0.00, real=0.00 secs] 
113.111: [GC (Allocation Failure) [PSYoungGen: 0K->0K(62976K)] 374289K->374289K(500224K), 0.0007154 secs] [Times: user=0.00 sys=0.00, real=0.00 secs] 
113.112: [Full GC (Allocation Failure) [PSYoungGen: 0K->0K(62976K)] [ParOldGen: 374289K->56849K(437248K)] 374289K->56849K(500224K), [Metaspace: 2796K->2796K(1056768K)], 0.0055742 secs] [Times: user=0.01 sys=0.00, real=0.01 secs] 
114.109: [GC (Allocation Failure) [PSYoungGen: 33544K->6144K(65536K)] 192794K->165393K(502784K), 0.0008732 secs] [Times: user=0.03 sys=0.00, real=0.00 secs] 
114.657: [GC (Allocation Failure) [PSYoungGen: 47942K->10240K(63488K)] 360791K->324113K(500736K), 0.0013624 secs] [Times: user=0.00 sys=0.00, real=0.00 secs] 
115.530: [GC (Allocation Failure) [PSYoungGen: 43847K->10240K(65536K)] 357720K->334353K(502784K), 0.0018756 secs] [Times: user=0.00 sys=0.00, real=0.00 secs] 
116.724: [GC (Allocation Failure) [PSYoungGen: 52072K->10240K(65536K)] 376186K->334353K(502784K), 0.0009872 secs] [Times: user=0.00 sys=0.00, real=0.00 secs] 
117.162: [GC (Allocation Failure) [PSYoungGen: 41829K->10240K(66048K)] 365942K->339473K(503296K), 0.0014455 secs] [Times: user=0.02 sys=0.00, real=0.00 secs] 
117.380: [GC (Allocation Failure) [PSYoungGen: 31594K->20480K(65536K)] 412028K->400913K(502784K), 0.0020126 secs] [Times: user=0.02 sys=0.00, real=0.00 secs] 
117.382: [GC (Allocation Failure) [PSYoungGen: 20480K->0K(59392K)] 400913K->400913K(496640K), 0.0019637 secs] [Times: user=0.00 sys=0.00, real=0.00 secs] 
117.384: [Full GC (Allocation Failure) [PSYoungGen: 0K->0K(59392K)] [ParOldGen: 400913K->77329K(437248K)] 400913K->77329K(496640K), [Metaspace: 2796K->2796K(1056768K)], 0.0066519 secs] [Times: user=0.01 sys=0.00, real=0.01 secs] 
118.379: [GC (Allocation Failure) [PSYoungGen: 33512K->10240K(62464K)] 213241K->189969K(499712K), 0.0009813 secs] [Times: user=0.00 sys=0.00, real=0.00 secs] 
119.367: [GC (Allocation Failure) [PSYoungGen: 43756K->5120K(64512K)] 397566K->364049K(501760K), 0.0011411 secs] [Times: user=0.00 sys=0.00, real=0.00 secs] 
120.234: [GC (Allocation Failure) [PSYoungGen: 16172K->0K(63488K)] 426302K->410129K(500736K), 0.0009200 secs] [Times: user=0.00 sys=0.00, real=0.00 secs] 
120.235: [Full GC (Ergonomics) [PSYoungGen: 0K->0K(63488K)] [ParOldGen: 410129K->51729K(437248K)] 410129K->51729K(500736K), [Metaspace: 2796K->2796K(1056768K)], 0.0048896 secs] [Times: user=0.00 sys=0.00, real=0.00 secs] 
121.236: [GC (Allocation Failure) [PSYoungGen: 33581K->10240K(65024K)] 187710K->164369K(502272K), 0.0009685 secs] [Times: user=0.00 sys=0.00, real=0.00 secs] 
121.784: [GC (Allocation Failure) [PSYoungGen: 52045K->0K(64512K)] 359775K->312849K(501760K), 0.0007924 secs] [Times: user=0.00 sys=0.00, real=0.00 secs] 
122.664: [GC (Allocation Failure) [PSYoungGen: 33615K->11264K(65024K)] 346464K->324113K(502272K), 0.0016377 secs] [Times: user=0.00 sys=0.00, real=0.00 secs] 
123.104: [GC (Allocation Failure) [PSYoungGen: 53074K->0K(65024K)] 417124K->370193K(502272K), 0.0008772 secs] [Times: user=0.00 sys=0.00, real=0.00 secs] 
123.105: [GC (Allocation Failure) [PSYoungGen: 0K->0K(65536K)] 370193K->370193K(502784K), 0.0008267 secs] [Times: user=0.00 sys=0.00, real=0.00 secs] 
123.106: [Full GC (Allocation Failure) [PSYoungGen: 0K->0K(65536K)] [ParOldGen: 370193K->165393K(437248K)] 370193K->165393K(502784K), [Metaspace: 2796K->2796K(1056768K)], 0.0128955 secs] [Times: user=0.02 sys=0.00, real=0.01 secs] 
124.327: [GC (Allocation Failure) [PSYoungGen: 28512K->20480K(64512K)] 296305K->288273K(501760K), 0.0018348 secs] [Times: user=0.00 sys=0.00, real=0.00 secs] 
125.202: [Full GC (Ergonomics) [PSYoungGen: 59234K->0K(64512K)] [ParOldGen: 421393K->21504K(437248K)] 480627K->21504K(501760K), [Metaspace: 2796K->2796K(1056768K)], 0.0034253 secs] [Times: user=0.00 sys=0.00, real=0.00 secs] 
125.752: [GC (Allocation Failure) [PSYoungGen: 36707K->20480K(52224K)] 58211K->41984K(489472K), 0.0012759 secs] [Times: user=0.00 sys=0.00, real=0.00 secs] 
126.407: [GC (Allocation Failure) [PSYoungGen: 48715K->5120K(58368K)] 223820K->190464K(495616K), 0.0017229 secs] [Times: user=0.00 sys=0.00, real=0.00 secs] 
126.954: [GC (Allocation Failure) [PSYoungGen: 31310K->10240K(60928K)] 216654K->195584K(498176K), 0.0010390 secs] [Times: user=0.00 sys=0.00, real=0.00 secs] 
128.047: [GC (Allocation Failure) [PSYoungGen: 41627K->10240K(59904K)] 247451K->216064K(497152K), 0.0010520 secs] [Times: user=0.00 sys=0.00, real=0.00 secs] 
128.485: [GC (Allocation Failure) [PSYoungGen: 36510K->10240K(62976K)] 242334K->221184K(500224K), 0.0013957 secs] [Times: user=0.00 sys=0.00, real=0.00 secs] 
129.139: [GC (Allocation Failure) [PSYoungGen: 43755K->1024K(61952K)] 408299K->365568K(499200K), 0.0016517 secs] [Times: user=0.03 sys=0.00, real=0.00 secs] 
129.793: [GC (Allocation Failure) [PSYoungGen: 32494K->10240K(64000K)] 397039K->374784K(501248K), 0.0016908 secs] [Times: user=0.01 sys=0.00, real=0.00 secs] 
130.232: [Full GC (Ergonomics) [PSYoungGen: 31517K->0K(64000K)] [ParOldGen: 436224K->113169K(437248K)] 467741K->113169K(501248K), [Metaspace: 2796K->2796K(1056768K)], 0.0093680 secs] [Times: user=0.00 sys=0.00, real=0.01 secs] 
132.115: [GC (Allocation Failure) [PSYoungGen: 35617K->6144K(63488K)] 353587K->324113K(500736K), 0.0008495 secs] [Times: user=0.00 sys=0.00, real=0.00 secs] 
132.772: [GC (Allocation Failure) [PSYoungGen: 42788K->15360K(62976K)] 360757K->334353K(500224K), 0.0013783 secs] [Times: user=0.00 sys=0.00, real=0.00 secs] 
133.097: [GC (Allocation Failure) [PSYoungGen: 46889K->0K(41472K)] 417083K->375313K(478720K), 0.0009734 secs] [Times: user=0.00 sys=0.00, real=0.00 secs] 
133.098: [GC (Allocation Failure) [PSYoungGen: 0K->0K(64000K)] 375313K->375313K(501248K), 0.0008238 secs] [Times: user=0.00 sys=0.00, real=0.00 secs] 
133.099: [Full GC (Allocation Failure) [PSYoungGen: 0K->0K(64000K)] [ParOldGen: 375313K->57873K(437248K)] 375313K->57873K(501248K), [Metaspace: 2796K->2796K(1056768K)], 0.0059218 secs] [Times: user=0.00 sys=0.00, real=0.01 secs] 
134.102: [GC (Allocation Failure) [PSYoungGen: 33571K->6144K(63488K)] 193844K->166417K(500736K), 0.0017370 secs] [Times: user=0.00 sys=0.00, real=0.00 secs] 
135.635: [GC (Allocation Failure) [PSYoungGen: 44837K->10240K(65536K)] 379190K->344593K(502784K), 0.0013769 secs] [Times: user=0.00 sys=0.00, real=0.00 secs] 
135.965: [GC (Allocation Failure) [PSYoungGen: 41837K->10240K(65536K)] 427391K->395793K(502784K), 0.0014490 secs] [Times: user=0.00 sys=0.00, real=0.00 secs] 
135.966: [GC (Allocation Failure) [PSYoungGen: 10240K->0K(66048K)] 395793K->395793K(503296K), 0.0013862 secs] [Times: user=0.00 sys=0.00, real=0.00 secs] 
135.968: [Full GC (Allocation Failure) [PSYoungGen: 0K->0K(66048K)] [ParOldGen: 395793K->61969K(437248K)] 395793K->61969K(503296K), [Metaspace: 2796K->2796K(1056768K)], 0.0058255 secs] [Times: user=0.00 sys=0.00, real=0.01 secs] 
137.070: [GC (Allocation Failure) [PSYoungGen: 43907K->15360K(60928K)] 208276K->179729K(498176K), 0.0061228 secs] [Times: user=0.00 sys=0.00, real=0.01 secs] 
137.949: [GC (Allocation Failure) [PSYoungGen: 59268K->5120K(65024K)] 377237K->348689K(502272K), 0.0027025 secs] [Times: user=0.00 sys=0.00, real=0.00 secs] 
138.604: [GC (Allocation Failure) [PSYoungGen: 46919K->15360K(57856K)] 390488K->358929K(495104K), 0.0089622 secs] [Times: user=0.00 sys=0.00, real=0.01 secs] 
139.825: [GC (Allocation Failure) [PSYoungGen: 57153K->10240K(64512K)] 451922K->405009K(501760K), 0.0031209 secs] [Times: user=0.02 sys=0.00, real=0.00 secs] 
140.152: [Full GC (Ergonomics) [PSYoungGen: 31535K->0K(64512K)] [ParOldGen: 415249K->26129K(437248K)] 446784K->26129K(501760K), [Metaspace: 2796K->2796K(1056768K)], 0.0033508 secs] [Times: user=0.02 sys=0.00, real=0.00 secs] 
141.243: [GC (Allocation Failure) [PSYoungGen: 33584K->10240K(63488K)] 213314K->189969K(500736K), 0.0011166 secs] [Times: user=0.00 sys=0.00, real=0.00 secs] 
142.337: [GC (Allocation Failure) [PSYoungGen: 48945K->6144K(66048K)] 402755K->365073K(503296K), 0.0013462 secs] [Times: user=0.02 sys=0.00, real=0.00 secs] 
143.979: [GC (Allocation Failure) [PSYoungGen: 50031K->6144K(65024K)] 408961K->365073K(502272K), 0.0011390 secs] [Times: user=0.00 sys=0.00, real=0.00 secs] 
144.305: [GC (Allocation Failure) [PSYoungGen: 32617K->10240K(67072K)] 391547K->380433K(504320K), 0.0020802 secs] [Times: user=0.00 sys=0.00, real=0.00 secs] 
144.523: [Full GC (Ergonomics) [PSYoungGen: 31646K->0K(67072K)] [ParOldGen: 421393K->62993K(437248K)] 453039K->62993K(504320K), [Metaspace: 2796K->2796K(1056768K)], 0.0059253 secs] [Times: user=0.02 sys=0.00, real=0.01 secs] 
145.632: [GC (Allocation Failure) [PSYoungGen: 43934K->15360K(62976K)] 209327K->180753K(500224K), 0.0015292 secs] [Times: user=0.00 sys=0.00, real=0.00 secs] 
147.049: [GC (Allocation Failure) [PSYoungGen: 59300K->5120K(66560K)] 378293K->324113K(503808K), 0.0010578 secs] [Times: user=0.00 sys=0.00, real=0.00 secs] 
147.376: [GC (Allocation Failure) [PSYoungGen: 36745K->0K(66048K)] 406938K->390673K(503296K), 0.0022198 secs] [Times: user=0.02 sys=0.00, real=0.00 secs] 
147.378: [GC (Allocation Failure) [PSYoungGen: 0K->0K(66048K)] 390673K->390673K(503296K), 0.0009055 secs] [Times: user=0.00 sys=0.00, real=0.00 secs] 
147.379: [Full GC (Allocation Failure) [PSYoungGen: 0K->0K(66048K)] [ParOldGen: 390673K->72209K(437248K)] 390673K->72209K(503296K), [Metaspace: 2796K->2796K(1056768K)], 0.0068256 secs] [Times: user=0.00 sys=0.00, real=0.01 secs] 
148.485: [GC (Allocation Failure) [PSYoungGen: 43905K->15360K(60928K)] 218514K->189969K(498176K), 0.0014939 secs] [Times: user=0.00 sys=0.00, real=0.00 secs] 
149.361: [GC (Allocation Failure) [PSYoungGen: 59266K->5120K(65536K)] 387475K->338449K(502784K), 0.0011604 secs] [Times: user=0.00 sys=0.00, real=0.00 secs] 
150.021: [GC (Allocation Failure) [PSYoungGen: 46938K->15360K(58880K)] 380268K->348689K(496128K), 0.0014847 secs] [Times: user=0.00 sys=0.00, real=0.00 secs] 
150.239: [GC (Allocation Failure) [PSYoungGen: 36692K->0K(64000K)] 421222K->389649K(501248K), 0.0009585 secs] [Times: user=0.00 sys=0.00, real=0.00 secs] 
150.240: [GC (Allocation Failure) [PSYoungGen: 0K->0K(64000K)] 389649K->389649K(501248K), 0.0011234 secs] [Times: user=0.00 sys=0.00, real=0.00 secs] 
150.241: [Full GC (Allocation Failure) [PSYoungGen: 0K->0K(64000K)] [ParOldGen: 389649K->133649K(437248K)] 389649K->133649K(501248K), [Metaspace: 2796K->2796K(1056768K)], 0.0104715 secs] [Times: user=0.05 sys=0.00, real=0.01 secs] 
152.005: [Full GC (Ergonomics) [PSYoungGen: 38700K->0K(64000K)] [ParOldGen: 410129K->8192K(437248K)] 448829K->8192K(501248K), [Metaspace: 2796K->2796K(1056768K)], 0.0162523 secs] [Times: user=0.00 sys=0.00, real=0.01 secs] 
152.676: [GC (Allocation Failure) [PSYoungGen: 31534K->10240K(64512K)] 39726K->18432K(501760K), 0.0014393 secs] [Times: user=0.00 sys=0.00, real=0.00 secs] 
152.896: [GC (Allocation Failure) [PSYoungGen: 31539K->10240K(64000K)] 39731K->23552K(501248K), 0.0015392 secs] [Times: user=0.02 sys=0.00, real=0.00 secs] 
153.773: [GC (Allocation Failure) [PSYoungGen: 48939K->6144K(66048K)] 215851K->173056K(503296K), 0.0008329 secs] [Times: user=0.00 sys=0.00, real=0.00 secs] 
155.193: [GC (Allocation Failure) [PSYoungGen: 48996K->10240K(65024K)] 215908K->177152K(502272K), 0.0011502 secs] [Times: user=0.00 sys=0.00, real=0.00 secs] 
155.742: [GC (Allocation Failure) [PSYoungGen: 46946K->20480K(59904K)] 213858K->192512K(497152K), 0.0018157 secs] [Times: user=0.00 sys=0.00, real=0.00 secs] 
156.616: [GC (Allocation Failure) [PSYoungGen: 59131K->10240K(62976K)] 384763K->346112K(500224K), 0.0020435 secs] [Times: user=0.02 sys=0.00, real=0.00 secs] 
157.381: [Full GC (Ergonomics) [PSYoungGen: 46848K->0K(62976K)] [ParOldGen: 407552K->92689K(437248K)] 454401K->92689K(500224K), [Metaspace: 2796K->2796K(1056768K)], 0.0074467 secs] [Times: user=0.00 sys=0.00, real=0.01 secs] 
158.934: [GC (Allocation Failure) [PSYoungGen: 38660K->0K(62976K)] 387349K->348689K(500224K), 0.0007951 secs] [Times: user=0.00 sys=0.00, real=0.00 secs] 
159.813: [GC (Allocation Failure) [PSYoungGen: 33562K->10240K(63488K)] 382252K->358929K(500736K), 0.0012540 secs] [Times: user=0.02 sys=0.00, real=0.00 secs] 
160.254: [Full GC (Ergonomics) [PSYoungGen: 31509K->0K(63488K)] [ParOldGen: 420369K->108049K(437248K)] 451879K->108049K(500736K), [Metaspace: 2796K->2796K(1056768K)], 0.0094199 secs] [Times: user=0.00 sys=0.00, real=0.01 secs] 
161.255: [GC (Allocation Failure) [PSYoungGen: 33560K->10240K(65024K)] 244010K->220689K(502272K), 0.0010754 secs] [Times: user=0.00 sys=0.00, real=0.00 secs] 
161.804: [GC (Allocation Failure) [PSYoungGen: 52045K->0K(64512K)] 416095K->369169K(501760K), 0.0009087 secs] [Times: user=0.00 sys=0.00, real=0.00 secs] 
162.896: [GC (Allocation Failure) [PSYoungGen: 32591K->15360K(61952K)] 401760K->384529K(499200K), 0.0015071 secs] [Times: user=0.00 sys=0.00, real=0.00 secs] 
163.116: [Full GC (Ergonomics) [PSYoungGen: 36629K->0K(61952K)] [ParOldGen: 420369K->56849K(437248K)] 456999K->56849K(499200K), [Metaspace: 2796K->2796K(1056768K)], 0.0053472 secs] [Times: user=0.00 sys=0.02, real=0.01 secs] 
164.115: [GC (Allocation Failure) [PSYoungGen: 33561K->6144K(63488K)] 192810K->165393K(500736K), 0.0008032 secs] [Times: user=0.00 sys=0.00, real=0.00 secs] 
165.208: [GC (Allocation Failure) [PSYoungGen: 44827K->20480K(58368K)] 378156K->354833K(495616K), 0.0020058 secs] [Times: user=0.00 sys=0.00, real=0.00 secs] 
165.648: [GC (Allocation Failure) [PSYoungGen: 46794K->10240K(61440K)] 381148K->359953K(498688K), 0.0019556 secs] [Times: user=0.02 sys=0.00, real=0.00 secs] 
166.737: [GC (Allocation Failure) [PSYoungGen: 41668K->10240K(64000K)] 391382K->359953K(501248K), 0.0010388 secs] [Times: user=0.00 sys=0.00, real=0.00 secs] 
167.392: [Full GC (Ergonomics) [PSYoungGen: 41746K->0K(64000K)] [ParOldGen: 421393K->77329K(437248K)] 463140K->77329K(501248K), [Metaspace: 2796K->2796K(1056768K)], 0.0098155 secs] [Times: user=0.03 sys=0.00, real=0.01 secs] 
168.399: [GC (Allocation Failure) [PSYoungGen: 33558K->10240K(62976K)] 213288K->189969K(500224K), 0.0023790 secs] [Times: user=0.00 sys=0.00, real=0.00 secs] 
169.491: [GC (Allocation Failure) [PSYoungGen: 48921K->5120K(65536K)] 402731K->364049K(502784K), 0.0089121 secs] [Times: user=0.01 sys=0.00, real=0.01 secs] 
170.257: [GC (Allocation Failure) [PSYoungGen: 11106K->0K(65024K)] 421236K->410129K(502272K), 0.0008961 secs] [Times: user=0.00 sys=0.00, real=0.00 secs] 
170.258: [Full GC (Ergonomics) [PSYoungGen: 0K->0K(65024K)] [ParOldGen: 410129K->51729K(437248K)] 410129K->51729K(502272K), [Metaspace: 2796K->2796K(1056768K)], 0.0054167 secs] [Times: user=0.00 sys=0.00, real=0.00 secs] 
171.240: [GC (Allocation Failure) [PSYoungGen: 33634K->10240K(65536K)] 187764K->164369K(502784K), 0.0010853 secs] [Times: user=0.00 sys=0.00, real=0.00 secs] 
171.897: [GC (Allocation Failure) [PSYoungGen: 53092K->2048K(65024K)] 360821K->314897K(502272K), 0.0009254 secs] [Times: user=0.00 sys=0.00, real=0.00 secs] 
172.773: [GC (Allocation Failure) [PSYoungGen: 44901K->15360K(62976K)] 357750K->329233K(500224K), 0.0016588 secs] [Times: user=0.02 sys=0.00, real=0.00 secs] 
173.099: [GC (Allocation Failure) [PSYoungGen: 46912K->0K(64512K)] 411986K->370193K(501760K), 0.0008253 secs] [Times: user=0.00 sys=0.00, real=0.00 secs] 
173.100: [GC (Allocation Failure) [PSYoungGen: 0K->0K(64512K)] 370193K->370193K(501760K), 0.0008170 secs] [Times: user=0.00 sys=0.00, real=0.00 secs] 
173.101: [Full GC (Allocation Failure) [PSYoungGen: 0K->0K(64512K)] [ParOldGen: 370193K->165393K(437248K)] 370193K->165393K(501760K), [Metaspace: 2796K->2796K(1056768K)], 0.0130319 secs] [Times: user=0.02 sys=0.00, real=0.01 secs] 
174.322: [GC (Allocation Failure) [PSYoungGen: 28483K->20480K(62976K)] 296276K->288273K(500224K), 0.0016504 secs] [Times: user=0.02 sys=0.00, real=0.00 secs] 
175.198: [Full GC (Ergonomics) [PSYoungGen: 59204K->0K(62976K)] [ParOldGen: 421393K->21504K(437248K)] 480598K->21504K(500224K), [Metaspace: 2796K->2796K(1056768K)], 0.0031434 secs] [Times: user=0.02 sys=0.00, real=0.00 secs] 
175.751: [GC (Allocation Failure) [PSYoungGen: 36677K->20480K(53760K)] 58181K->41984K(491008K), 0.0014054 secs] [Times: user=0.00 sys=0.00, real=0.00 secs] 
176.407: [GC (Allocation Failure) [PSYoungGen: 48716K->5120K(58368K)] 223820K->190464K(495616K), 0.0014899 secs] [Times: user=0.02 sys=0.00, real=0.00 secs] 
176.953: [GC (Allocation Failure) [PSYoungGen: 31310K->10240K(60928K)] 216654K->195584K(498176K), 0.0011366 secs] [Times: user=0.00 sys=0.00, real=0.00 secs] 
178.045: [GC (Allocation Failure) [PSYoungGen: 41617K->10240K(59392K)] 247441K->216064K(496640K), 0.0154677 secs] [Times: user=0.01 sys=0.00, real=0.01 secs] 
178.497: [GC (Allocation Failure) [PSYoungGen: 36500K->10240K(63488K)] 242324K->221184K(500736K), 0.0017551 secs] [Times: user=0.00 sys=0.00, real=0.00 secs] 
179.154: [GC (Allocation Failure) [PSYoungGen: 43765K->1024K(61952K)] 408309K->365568K(499200K), 0.0009600 secs] [Times: user=0.00 sys=0.00, real=0.00 secs] 
179.808: [GC (Allocation Failure) [PSYoungGen: 32505K->10240K(64000K)] 397049K->374784K(501248K), 0.0012649 secs] [Times: user=0.00 sys=0.00, real=0.00 secs] 
180.247: [Full GC (Ergonomics) [PSYoungGen: 31517K->0K(64000K)] [ParOldGen: 436224K->113169K(437248K)] 467741K->113169K(501248K), [Metaspace: 2796K->2796K(1056768K)], 0.0104549 secs] [Times: user=0.03 sys=0.00, real=0.01 secs] 
182.120: [GC (Allocation Failure) [PSYoungGen: 35617K->6144K(63488K)] 353587K->324113K(500736K), 0.0007706 secs] [Times: user=0.00 sys=0.00, real=0.00 secs] 
182.777: [GC (Allocation Failure) [PSYoungGen: 42788K->15360K(62976K)] 360757K->334353K(500224K), 0.0024246 secs] [Times: user=0.00 sys=0.00, real=0.00 secs] 
183.107: [GC (Allocation Failure) [PSYoungGen: 46889K->0K(41472K)] 417083K->375313K(478720K), 0.0008333 secs] [Times: user=0.00 sys=0.00, real=0.00 secs] 
183.108: [GC (Allocation Failure) [PSYoungGen: 0K->0K(64000K)] 375313K->375313K(501248K), 0.0008872 secs] [Times: user=0.00 sys=0.00, real=0.00 secs] 
183.109: [Full GC (Allocation Failure) [PSYoungGen: 0K->0K(64000K)] [ParOldGen: 375313K->57873K(437248K)] 375313K->57873K(501248K), [Metaspace: 2796K->2796K(1056768K)], 0.0050859 secs] [Times: user=0.00 sys=0.00, real=0.01 secs] 
184.106: [GC (Allocation Failure) [PSYoungGen: 33571K->6144K(63488K)] 193844K->166417K(500736K), 0.0008693 secs] [Times: user=0.00 sys=0.00, real=0.00 secs] 
185.636: [GC (Allocation Failure) [PSYoungGen: 44837K->10240K(65536K)] 379190K->344593K(502784K), 0.0011566 secs] [Times: user=0.00 sys=0.00, real=0.00 secs] 
185.963: [GC (Allocation Failure) [PSYoungGen: 41827K->10240K(65024K)] 427381K->395793K(502272K), 0.0013231 secs] [Times: user=0.00 sys=0.00, real=0.00 secs] 
185.965: [GC (Allocation Failure) [PSYoungGen: 10240K->0K(66048K)] 395793K->395793K(503296K), 0.0022526 secs] [Times: user=0.00 sys=0.00, real=0.00 secs] 
185.967: [Full GC (Allocation Failure) [PSYoungGen: 0K->0K(66048K)] [ParOldGen: 395793K->61969K(437248K)] 395793K->61969K(503296K), [Metaspace: 2796K->2796K(1056768K)], 0.0064222 secs] [Times: user=0.00 sys=0.00, real=0.01 secs] 
187.073: [GC (Allocation Failure) [PSYoungGen: 43907K->15360K(60928K)] 208276K->179729K(498176K), 0.0014429 secs] [Times: user=0.00 sys=0.00, real=0.00 secs] 
187.947: [GC (Allocation Failure) [PSYoungGen: 59268K->20480K(57856K)] 377237K->348689K(495104K), 0.0027200 secs] [Times: user=0.00 sys=0.00, real=0.00 secs] 
188.497: [GC (Allocation Failure) [PSYoungGen: 51895K->15360K(50688K)] 380105K->364049K(487936K), 0.0031414 secs] [Times: user=0.00 sys=0.00, real=0.00 secs] 
189.376: [GC (Allocation Failure) [PSYoungGen: 46770K->0K(60416K)] 446660K->399889K(497664K), 0.0010491 secs] [Times: user=0.00 sys=0.00, real=0.00 secs] 
189.924: [GC (Allocation Failure) [PSYoungGen: 31392K->15360K(49664K)] 431281K->415249K(486912K), 0.0015626 secs] [Times: user=0.00 sys=0.00, real=0.00 secs] 
190.140: [GC (Allocation Failure) [PSYoungGen: 46748K->20480K(56832K)] 446637K->425489K(494080K), 0.0047729 secs] [Times: user=0.00 sys=0.00, real=0.00 secs] 
190.145: [Full GC (Ergonomics) [PSYoungGen: 20480K->0K(56832K)] [ParOldGen: 405009K->26129K(437248K)] 425489K->26129K(494080K), [Metaspace: 2796K->2796K(1056768K)], 0.0039408 secs] [Times: user=0.00 sys=0.00, real=0.00 secs] 
191.134: [GC (Allocation Failure) [PSYoungGen: 28233K->10240K(58368K)] 207962K->189969K(495616K), 0.0008193 secs] [Times: user=0.00 sys=0.00, real=0.00 secs] 
192.011: [GC (Allocation Failure) [PSYoungGen: 38476K->2080K(59392K)] 392285K->361009K(496640K), 0.0010066 secs] [Times: user=0.00 sys=0.00, real=0.00 secs] 
193.211: [GC (Allocation Failure) [PSYoungGen: 33431K->5120K(59392K)] 392360K->364057K(496640K), 0.0009186 secs] [Times: user=0.00 sys=0.00, real=0.00 secs] 
193.982: [GC (Allocation Failure) [PSYoungGen: 33396K->6144K(61440K)] 392333K->365081K(498688K), 0.0009289 secs] [Times: user=0.00 sys=0.00, real=0.00 secs] 
194.531: [Full GC (Ergonomics) [PSYoungGen: 32430K->0K(61440K)] [ParOldGen: 430617K->62993K(437248K)] 463047K->62993K(498688K), [Metaspace: 2796K->2796K(1056768K)], 0.0103503 secs] [Times: user=0.05 sys=0.02, real=0.01 secs] 
195.527: [GC (Allocation Failure) [PSYoungGen: 33457K->10304K(60416K)] 198851K->175697K(497664K), 0.0010345 secs] [Times: user=0.00 sys=0.00, real=0.00 secs] 
197.059: [GC (Allocation Failure) [PSYoungGen: 43764K->5120K(63488K)] 383237K->344601K(500736K), 0.0007936 secs] [Times: user=0.00 sys=0.00, real=0.00 secs] 
197.388: [GC (Allocation Failure) [PSYoungGen: 36625K->20480K(60416K)] 427306K->411161K(497664K), 0.0021668 secs] [Times: user=0.03 sys=0.00, real=0.00 secs] 
197.390: [GC (Allocation Failure) [PSYoungGen: 20480K->0K(60416K)] 411161K->411161K(497664K), 0.0020440 secs] [Times: user=0.00 sys=0.00, real=0.00 secs] 
197.392: [Full GC (Allocation Failure) [PSYoungGen: 0K->0K(60416K)] [ParOldGen: 411161K->72209K(437248K)] 411161K->72209K(497664K), [Metaspace: 2796K->2796K(1056768K)], 0.0067626 secs] [Times: user=0.00 sys=0.00, real=0.01 secs] 
198.384: [GC (Allocation Failure) [PSYoungGen: 33442K->10240K(60416K)] 208051K->184849K(497664K), 0.0009888 secs] [Times: user=0.00 sys=0.00, real=0.00 secs] 
199.374: [GC (Allocation Failure) [PSYoungGen: 43682K->5120K(62976K)] 392372K->358929K(500224K), 0.0019365 secs] [Times: user=0.02 sys=0.00, real=0.00 secs] 
199.923: [GC (Allocation Failure) [PSYoungGen: 36597K->15360K(61952K)] 390406K->369169K(499200K), 0.0014485 secs] [Times: user=0.00 sys=0.00, real=0.00 secs] 
200.250: [Full GC (Ergonomics) [PSYoungGen: 46830K->0K(61952K)] [ParOldGen: 405009K->133649K(437248K)] 451840K->133649K(499200K), [Metaspace: 2796K->2796K(1056768K)], 0.0106014 secs] [Times: user=0.01 sys=0.00, real=0.01 secs] 
201.906: [Full GC (Ergonomics) [PSYoungGen: 37617K->0K(61952K)] [ParOldGen: 410129K->7168K(437248K)] 447747K->7168K(499200K), [Metaspace: 2796K->2796K(1056768K)], 0.0021598 secs] [Times: user=0.00 sys=0.00, real=0.00 secs] 
202.671: [GC (Allocation Failure) [PSYoungGen: 32498K->10240K(62976K)] 39666K->17408K(500224K), 0.0042248 secs] [Times: user=0.00 sys=0.00, real=0.00 secs] 
203.657: [GC (Allocation Failure) [PSYoungGen: 43757K->6144K(61952K)] 225005K->192512K(499200K), 0.0050625 secs] [Times: user=0.02 sys=0.00, real=0.00 secs] 
204.976: [GC (Allocation Failure) [PSYoungGen: 43760K->10240K(65024K)] 230128K->196608K(502272K), 0.0010593 secs] [Times: user=0.00 sys=0.00, real=0.00 secs] 
205.635: [GC (Allocation Failure) [PSYoungGen: 46910K->10240K(64000K)] 233278K->201728K(501248K), 0.0014341 secs] [Times: user=0.00 sys=0.00, real=0.00 secs] 
206.402: [GC (Allocation Failure) [PSYoungGen: 48954K->15360K(63488K)] 394043K->360448K(500736K), 0.0018332 secs] [Times: user=0.05 sys=0.00, real=0.00 secs] 
207.062: [GC (Allocation Failure) [PSYoungGen: 52031K->15360K(57856K)] 397119K->370688K(495104K), 0.0021628 secs] [Times: user=0.00 sys=0.00, real=0.00 secs] 
207.392: [Full GC (Ergonomics) [PSYoungGen: 46907K->0K(57856K)] [ParOldGen: 406528K->92689K(437248K)] 453435K->92689K(495104K), [Metaspace: 2796K->2796K(1056768K)], 0.0086717 secs] [Times: user=0.05 sys=0.00, real=0.01 secs] 
209.162: [GC (Allocation Failure) [PSYoungGen: 40767K->1024K(62976K)] 389457K->349713K(500224K), 0.0007746 secs] [Times: user=0.00 sys=0.00, real=0.00 secs] 
209.819: [GC (Allocation Failure) [PSYoungGen: 32537K->10240K(63488K)] 381227K->358929K(500736K), 0.0010291 secs] [Times: user=0.00 sys=0.00, real=0.00 secs] 
210.256: [Full GC (Ergonomics) [PSYoungGen: 31508K->0K(63488K)] [ParOldGen: 420369K->108049K(437248K)] 451878K->108049K(500736K), [Metaspace: 2796K->2796K(1056768K)], 0.0099199 secs] [Times: user=0.02 sys=0.00, real=0.01 secs] 
211.264: [GC (Allocation Failure) [PSYoungGen: 33560K->10240K(65536K)] 244010K->220689K(502784K), 0.0010737 secs] [Times: user=0.02 sys=0.00, real=0.00 secs] 
212.472: [GC (Allocation Failure) [PSYoungGen: 53079K->1024K(64512K)] 417129K->365073K(501760K), 0.0006068 secs] [Times: user=0.00 sys=0.00, real=0.00 secs] 
212.909: [GC (Allocation Failure) [PSYoungGen: 32601K->15360K(62464K)] 396651K->379409K(499712K), 0.0070697 secs] [Times: user=0.00 sys=0.00, real=0.01 secs] 
213.125: [Full GC (Ergonomics) [PSYoungGen: 36649K->0K(62464K)] [ParOldGen: 415249K->56849K(437248K)] 451899K->56849K(499712K), [Metaspace: 2796K->2796K(1056768K)], 0.0062336 secs] [Times: user=0.02 sys=0.02, real=0.01 secs] 
214.128: [GC (Allocation Failure) [PSYoungGen: 33581K->6144K(64000K)] 192830K->165393K(501248K), 0.0008226 secs] [Times: user=0.01 sys=0.00, real=0.00 secs] 
215.223: [GC (Allocation Failure) [PSYoungGen: 44847K->20480K(58880K)] 378177K->354833K(496128K), 0.0027673 secs] [Times: user=0.00 sys=0.00, real=0.00 secs] 
216.319: [GC (Allocation Failure) [PSYoungGen: 57055K->10240K(61952K)] 391408K->344593K(499200K), 0.0013674 secs] [Times: user=0.00 sys=0.00, real=0.00 secs] 
216.979: [GC (Allocation Failure) [PSYoungGen: 41690K->10240K(64512K)] 376044K->344593K(501760K), 0.0011544 secs] [Times: user=0.00 sys=0.00, real=0.00 secs] 
217.416: [GC (Allocation Failure) [PSYoungGen: 31527K->0K(63488K)] 437561K->411153K(500736K), 0.0008279 secs] [Times: user=0.00 sys=0.00, real=0.00 secs] 
217.417: [Full GC (Ergonomics) [PSYoungGen: 0K->0K(63488K)] [ParOldGen: 411153K->77329K(437248K)] 411153K->77329K(500736K), [Metaspace: 2796K->2796K(1056768K)], 0.0070252 secs] [Times: user=0.03 sys=0.00, real=0.01 secs] 
218.418: [GC (Allocation Failure) [PSYoungGen: 33579K->10240K(65024K)] 213309K->189969K(502272K), 0.0011396 secs] [Times: user=0.00 sys=0.00, real=0.00 secs] 
218.962: [GC (Allocation Failure) [PSYoungGen: 52034K->0K(64000K)] 385364K->338449K(501248K), 0.0010906 secs] [Times: user=0.00 sys=0.00, real=0.00 secs] 
Heap
 PSYoungGen      total 64000K, used 24204K [0x00000000fab00000, 0x0000000100000000, 0x0000000100000000)
  eden space 41984K, 57% used [0x00000000fab00000,0x00000000fc2a3260,0x00000000fd400000)
  from space 22016K, 0% used [0x00000000fd400000,0x00000000fd400000,0x00000000fe980000)
  to   space 22016K, 0% used [0x00000000fea80000,0x00000000fea80000,0x0000000100000000)
 ParOldGen       total 437248K, used 338449K [0x00000000e0000000, 0x00000000fab00000, 0x00000000fab00000)
  object space 437248K, 77% used [0x00000000e0000000,0x00000000f4a84750,0x00000000fab00000)
 Metaspace       used 2804K, capacity 4486K, committed 4864K, reserved 1056768K
  class space    used 297K, capacity 386K, committed 512K, reserved 1048576K
