Java HotSpot(TM) 64-Bit Server VM (25.411-b09) for windows-amd64 JRE (1.8.0_411-b09), built on Mar 13 2024 07:26:13 by "java_re" with MS VC++ 17.1 (VS2022)
Memory: 4k page, physical 33403376k(14363492k free), swap 36670664k(7346148k free)
CommandLine flags: -XX:InitialHeapSize=536870912 -XX:MaxHeapSize=536870912 -XX:NewRatio=9 -XX:ParallelGCThreads=6 -XX:+PrintGC -XX:+PrintGCDetails -XX:+PrintGCTimeStamps -XX:SurvivorRatio=7 -XX:-UseAdaptiveSizePolicy -XX:+UseCompressedClassPointers -XX:+UseCompressedOops -XX:-UseLargePagesIndividualAllocation -XX:+UseParallelGC 
0.931: [GC (Allocation Failure) [PSYoungGen: 34406K->5616K(46592K)] 34406K->10880K(518656K), 0.0026973 secs] [Times: user=0.00 sys=0.00, real=0.00 secs] 
2.068: [GC (Allocation Failure) [PSYoungGen: 44303K->1528K(46592K)] 223648K->185992K(518656K), 0.0021913 secs] [Times: user=0.00 sys=0.00, real=0.00 secs] 
3.208: [GC (Allocation Failure) [PSYoungGen: 40222K->3576K(46592K)] 398766K->367240K(518656K), 0.0022135 secs] [Times: user=0.00 sys=0.00, real=0.00 secs] 
3.861: [GC (Allocation Failure) [PSYoungGen: 35107K->5624K(46592K)] 398771K->371336K(518656K), 0.0024213 secs] [Times: user=0.00 sys=0.00, real=0.00 secs] 
5.172: [GC (Allocation Failure) [PSYoungGen: 43294K->536K(46592K)] 409006K->376488K(518656K), 0.0024827 secs] [Times: user=0.00 sys=0.00, real=0.00 secs] 
5.734: [Full GC (Ergonomics) [PSYoungGen: 26941K->0K(46592K)] [ParOldGen: 447632K->67089K(472064K)] 474573K->67089K(518656K), [Metaspace: 2753K->2753K(1056768K)], 0.0102273 secs] [Times: user=0.00 sys=0.00, real=0.01 secs] 
6.731: [GC (Allocation Failure) [PSYoungGen: 33578K->5120K(46592K)] 203067K->179729K(518656K), 0.0009799 secs] [Times: user=0.00 sys=0.00, real=0.00 secs] 
8.587: [GC (Allocation Failure) [PSYoungGen: 44230K->32K(46592K)] 464600K->420409K(518656K), 0.0010218 secs] [Times: user=0.00 sys=0.00, real=0.00 secs] 
8.588: [GC (Allocation Failure) [PSYoungGen: 32K->32K(46592K)] 420409K->420409K(518656K), 0.0008552 secs] [Times: user=0.00 sys=0.00, real=0.00 secs] 
8.589: [Full GC (Allocation Failure) [PSYoungGen: 32K->0K(46592K)] [ParOldGen: 420377K->51728K(472064K)] 420409K->51728K(518656K), [Metaspace: 2759K->2759K(1056768K)], 0.0052721 secs] [Times: user=0.00 sys=0.00, real=0.00 secs] 
9.584: [GC (Allocation Failure) [PSYoungGen: 33583K->5120K(46592K)] 187712K->164368K(518656K), 0.0010253 secs] [Times: user=0.00 sys=0.00, real=0.00 secs] 
10.676: [GC (Allocation Failure) [PSYoungGen: 43824K->5120K(46592K)] 377153K->338448K(518656K), 0.0008434 secs] [Times: user=0.00 sys=0.00, real=0.00 secs] 
11.439: [GC (Allocation Failure) [PSYoungGen: 41777K->5120K(46592K)] 446786K->410129K(518656K), 0.0008219 secs] [Times: user=0.00 sys=0.00, real=0.00 secs] 
11.440: [GC (Allocation Failure) [PSYoungGen: 5120K->5120K(46592K)] 410129K->410129K(518656K), 0.0009673 secs] [Times: user=0.00 sys=0.00, real=0.00 secs] 
11.441: [Full GC (Allocation Failure) [PSYoungGen: 5120K->0K(46592K)] [ParOldGen: 405008K->215568K(472064K)] 410129K->215568K(518656K), [Metaspace: 2761K->2761K(1056768K)], 0.0116831 secs] [Times: user=0.02 sys=0.00, real=0.01 secs] 
12.870: [GC (Allocation Failure) [PSYoungGen: 32828K->5152K(46592K)] 422477K->394809K(518656K), 0.0008951 secs] [Times: user=0.00 sys=0.00, real=0.00 secs] 
12.871: [GC (Allocation Failure) [PSYoungGen: 5152K->5184K(46592K)] 394809K->394841K(518656K), 0.0008390 secs] [Times: user=0.00 sys=0.00, real=0.00 secs] 
12.872: [Full GC (Allocation Failure) [PSYoungGen: 5184K->0K(46592K)] [ParOldGen: 389656K->56849K(472064K)] 394841K->56849K(518656K), [Metaspace: 2763K->2763K(1056768K)], 0.0051561 secs] [Times: user=0.00 sys=0.00, real=0.00 secs] 
13.869: [GC (Allocation Failure) [PSYoungGen: 33586K->1024K(46592K)] 192835K->165393K(518656K), 0.0008266 secs] [Times: user=0.00 sys=0.00, real=0.00 secs] 
14.962: [GC (Allocation Failure) [PSYoungGen: 39730K->5120K(46592K)] 378180K->359953K(518656K), 0.0019093 secs] [Times: user=0.00 sys=0.00, real=0.00 secs] 
16.054: [GC (Allocation Failure) [PSYoungGen: 41779K->0K(46592K)] 396612K->365073K(518656K), 0.0013124 secs] [Times: user=0.00 sys=0.00, real=0.00 secs] 
16.709: [GC (Allocation Failure) [PSYoungGen: 31532K->5120K(46592K)] 396606K->375313K(518656K), 0.0010859 secs] [Times: user=0.00 sys=0.00, real=0.00 secs] 
17.144: [GC (Allocation Failure) [PSYoungGen: 26407K->0K(46592K)] 468280K->441873K(518656K), 0.0009553 secs] [Times: user=0.00 sys=0.00, real=0.00 secs] 
17.145: [Full GC (Ergonomics) [PSYoungGen: 0K->0K(46592K)] [ParOldGen: 441873K->77329K(472064K)] 441873K->77329K(518656K), [Metaspace: 2768K->2768K(1056768K)], 0.0068212 secs] [Times: user=0.00 sys=0.00, real=0.01 secs] 
18.140: [GC (Allocation Failure) [PSYoungGen: 33579K->5120K(46592K)] 213308K->189969K(518656K), 0.0011779 secs] [Times: user=0.00 sys=0.00, real=0.00 secs] 
19.233: [GC (Allocation Failure) [PSYoungGen: 43822K->5120K(46592K)] 402751K->369169K(518656K), 0.0011025 secs] [Times: user=0.00 sys=0.00, real=0.00 secs] 
19.996: [GC (Allocation Failure) [PSYoungGen: 11056K->0K(46592K)] 426305K->415249K(518656K), 0.0007764 secs] [Times: user=0.00 sys=0.00, real=0.00 secs] 
19.997: [GC (Allocation Failure) [PSYoungGen: 0K->0K(46592K)] 415249K->415249K(518656K), 0.0006888 secs] [Times: user=0.00 sys=0.00, real=0.00 secs] 
19.998: [Full GC (Allocation Failure) [PSYoungGen: 0K->0K(46592K)] [ParOldGen: 415249K->51729K(472064K)] 415249K->51729K(518656K), [Metaspace: 2770K->2770K(1056768K)], 0.0048881 secs] [Times: user=0.00 sys=0.00, real=0.00 secs] 
20.991: [GC (Allocation Failure) [PSYoungGen: 33584K->5120K(46592K)] 187713K->164369K(518656K), 0.0012203 secs] [Times: user=0.00 sys=0.00, real=0.00 secs] 
22.085: [GC (Allocation Failure) [PSYoungGen: 43825K->5120K(46592K)] 377154K->344593K(518656K), 0.0011608 secs] [Times: user=0.00 sys=0.00, real=0.00 secs] 
22.849: [GC (Allocation Failure) [PSYoungGen: 41778K->5120K(46592K)] 452931K->416273K(518656K), 0.0011079 secs] [Times: user=0.00 sys=0.00, real=0.00 secs] 
22.850: [GC (Allocation Failure) [PSYoungGen: 5120K->5120K(46592K)] 416273K->416273K(518656K), 0.0008844 secs] [Times: user=0.00 sys=0.00, real=0.00 secs] 
22.851: [Full GC (Allocation Failure) [PSYoungGen: 5120K->0K(46592K)] [ParOldGen: 411153K->165393K(472064K)] 416273K->165393K(518656K), [Metaspace: 2779K->2779K(1056768K)], 0.0118934 secs] [Times: user=0.00 sys=0.00, real=0.01 secs] 
24.826: [Full GC (Ergonomics) [PSYoungGen: 40754K->0K(46592K)] [ParOldGen: 441873K->21504K(472064K)] 482627K->21504K(518656K), [Metaspace: 2779K->2779K(1056768K)], 0.0031842 secs] [Times: user=0.00 sys=0.00, real=0.00 secs] 
25.372: [GC (Allocation Failure) [PSYoungGen: 31538K->0K(46592K)] 53042K->31744K(518656K), 0.0012107 secs] [Times: user=0.00 sys=0.00, real=0.00 secs] 
26.139: [GC (Allocation Failure) [PSYoungGen: 38699K->5120K(46592K)] 224043K->200704K(518656K), 0.0015068 secs] [Times: user=0.00 sys=0.00, real=0.00 secs] 
26.793: [GC (Allocation Failure) [PSYoungGen: 41774K->5120K(46592K)] 237358K->210944K(518656K), 0.0016912 secs] [Times: user=0.00 sys=0.00, real=0.00 secs] 
27.667: [GC (Allocation Failure) [PSYoungGen: 41769K->5120K(46592K)] 247593K->210944K(518656K), 0.0008475 secs] [Times: user=0.00 sys=0.00, real=0.00 secs] 
28.213: [GC (Allocation Failure) [PSYoungGen: 36819K->5152K(46592K)] 242643K->221224K(518656K), 0.0017055 secs] [Times: user=0.00 sys=0.00, real=0.00 secs] 
28.977: [GC (Allocation Failure) [PSYoungGen: 43842K->5152K(46592K)] 413514K->379944K(518656K), 0.0010050 secs] [Times: user=0.00 sys=0.00, real=0.00 secs] 
29.631: [GC (Allocation Failure) [PSYoungGen: 41800K->5184K(46592K)] 416592K->395336K(518656K), 0.0020271 secs] [Times: user=0.00 sys=0.00, real=0.00 secs] 
29.963: [Full GC (Ergonomics) [PSYoungGen: 36709K->0K(46592K)] [ParOldGen: 441352K->113169K(472064K)] 478062K->113169K(518656K), [Metaspace: 2793K->2793K(1056768K)], 0.0091736 secs] [Times: user=0.00 sys=0.00, real=0.01 secs] 
31.948: [GC (Allocation Failure) [PSYoungGen: 40746K->1024K(46592K)] 358716K->324113K(518656K), 0.0008627 secs] [Times: user=0.00 sys=0.00, real=0.00 secs] 
32.496: [GC (Allocation Failure) [PSYoungGen: 32557K->1024K(46592K)] 355647K->339473K(518656K), 0.0015482 secs] [Times: user=0.00 sys=0.00, real=0.00 secs] 
32.825: [GC (Allocation Failure) [PSYoungGen: 32552K->1024K(46592K)] 422201K->390673K(518656K), 0.0009929 secs] [Times: user=0.00 sys=0.00, real=0.00 secs] 
32.826: [GC (Allocation Failure) [PSYoungGen: 1024K->1024K(46592K)] 390673K->390673K(518656K), 0.0011147 secs] [Times: user=0.00 sys=0.00, real=0.00 secs] 
32.827: [Full GC (Allocation Failure) [PSYoungGen: 1024K->0K(46592K)] [ParOldGen: 389649K->57873K(472064K)] 390673K->57873K(518656K), [Metaspace: 2793K->2793K(1056768K)], 0.0052531 secs] [Times: user=0.00 sys=0.00, real=0.00 secs] 
33.822: [GC (Allocation Failure) [PSYoungGen: 33580K->5120K(46592K)] 193853K->166417K(518656K), 0.0007881 secs] [Times: user=0.00 sys=0.00, real=0.00 secs] 
35.349: [GC (Allocation Failure) [PSYoungGen: 43822K->0K(46592K)] 379200K->345617K(518656K), 0.0016227 secs] [Times: user=0.00 sys=0.00, real=0.00 secs] 
35.676: [GC (Allocation Failure) [PSYoungGen: 31536K->0K(46592K)] 428353K->407057K(518656K), 0.0011437 secs] [Times: user=0.00 sys=0.00, real=0.00 secs] 
35.677: [GC (Allocation Failure) [PSYoungGen: 0K->0K(46592K)] 407057K->407057K(518656K), 0.0008832 secs] [Times: user=0.00 sys=0.00, real=0.00 secs] 
35.678: [Full GC (Allocation Failure) [PSYoungGen: 0K->0K(46592K)] [ParOldGen: 407057K->61969K(472064K)] 407057K->61969K(518656K), [Metaspace: 2793K->2793K(1056768K)], 0.0054758 secs] [Times: user=0.00 sys=0.00, real=0.00 secs] 
36.675: [GC (Allocation Failure) [PSYoungGen: 33585K->5120K(46592K)] 197954K->174609K(518656K), 0.0013212 secs] [Times: user=0.00 sys=0.00, real=0.00 secs] 
37.764: [GC (Allocation Failure) [PSYoungGen: 43826K->5120K(46592K)] 387395K->353809K(518656K), 0.0010252 secs] [Times: user=0.00 sys=0.00, real=0.00 secs] 
39.069: [GC (Allocation Failure) [PSYoungGen: 41778K->0K(46592K)] 462147K->420369K(518656K), 0.0007479 secs] [Times: user=0.00 sys=0.00, real=0.00 secs] 
39.615: [GC (Allocation Failure) [PSYoungGen: 31538K->5120K(46592K)] 451908K->435729K(518656K), 0.0015673 secs] [Times: user=0.00 sys=0.00, real=0.00 secs] 
39.832: [GC (Allocation Failure) [PSYoungGen: 36651K->5120K(46592K)] 467260K->456209K(518656K), 0.0028318 secs] [Times: user=0.02 sys=0.00, real=0.00 secs] 
39.835: [Full GC (Ergonomics) [PSYoungGen: 5120K->0K(46592K)] [ParOldGen: 451089K->26129K(472064K)] 456209K->26129K(518656K), [Metaspace: 2793K->2793K(1056768K)], 0.0031750 secs] [Times: user=0.00 sys=0.00, real=0.00 secs] 
40.943: [GC (Allocation Failure) [PSYoungGen: 33574K->5120K(46592K)] 213304K->189969K(518656K), 0.0011853 secs] [Times: user=0.00 sys=0.00, real=0.00 secs] 
42.031: [GC (Allocation Failure) [PSYoungGen: 43819K->5120K(46592K)] 402748K->365073K(518656K), 0.0008509 secs] [Times: user=0.00 sys=0.00, real=0.00 secs] 
43.559: [GC (Allocation Failure) [PSYoungGen: 43822K->1024K(46592K)] 403775K->366097K(518656K), 0.0011313 secs] [Times: user=0.00 sys=0.00, real=0.00 secs] 
44.218: [GC (Allocation Failure) [PSYoungGen: 32553K->1024K(46592K)] 469307K->448017K(518656K), 0.0014646 secs] [Times: user=0.00 sys=0.00, real=0.00 secs] 
44.219: [Full GC (Ergonomics) [PSYoungGen: 1024K->0K(46592K)] [ParOldGen: 446993K->62993K(472064K)] 448017K->62993K(518656K), [Metaspace: 2795K->2795K(1056768K)], 0.0057710 secs] [Times: user=0.00 sys=0.00, real=0.01 secs] 
45.217: [GC (Allocation Failure) [PSYoungGen: 33581K->5120K(46592K)] 198974K->175633K(518656K), 0.0009594 secs] [Times: user=0.00 sys=0.00, real=0.00 secs] 
46.748: [GC (Allocation Failure) [PSYoungGen: 38703K->5120K(46592K)] 383296K->349713K(518656K), 0.0008885 secs] [Times: user=0.00 sys=0.00, real=0.00 secs] 
47.075: [GC (Allocation Failure) [PSYoungGen: 36656K->0K(46592K)] 432450K->416273K(518656K), 0.0020260 secs] [Times: user=0.00 sys=0.00, real=0.00 secs] 
47.077: [GC (Allocation Failure) [PSYoungGen: 0K->0K(46592K)] 416273K->416273K(518656K), 0.0009939 secs] [Times: user=0.00 sys=0.00, real=0.00 secs] 
47.078: [Full GC (Allocation Failure) [PSYoungGen: 0K->0K(46592K)] [ParOldGen: 416273K->72209K(472064K)] 416273K->72209K(518656K), [Metaspace: 2795K->2795K(1056768K)], 0.0060802 secs] [Times: user=0.00 sys=0.00, real=0.01 secs] 
48.077: [GC (Allocation Failure) [PSYoungGen: 33585K->5120K(46592K)] 208195K->184849K(518656K), 0.0010172 secs] [Times: user=0.00 sys=0.00, real=0.00 secs] 
49.168: [GC (Allocation Failure) [PSYoungGen: 43826K->5120K(46592K)] 397635K->364049K(518656K), 0.0011713 secs] [Times: user=0.00 sys=0.00, real=0.00 secs] 
49.934: [GC (Allocation Failure) [PSYoungGen: 41778K->5120K(46592K)] 472388K->435729K(518656K), 0.0010110 secs] [Times: user=0.00 sys=0.00, real=0.00 secs] 
49.935: [GC (Allocation Failure) [PSYoungGen: 5120K->5120K(46592K)] 435729K->435729K(518656K), 0.0012033 secs] [Times: user=0.00 sys=0.00, real=0.00 secs] 
49.936: [Full GC (Allocation Failure) [PSYoungGen: 5120K->0K(46592K)] [ParOldGen: 430609K->133649K(472064K)] 435729K->133649K(518656K), [Metaspace: 2795K->2795K(1056768K)], 0.0105753 secs] [Times: user=0.00 sys=0.00, real=0.01 secs] 
51.697: [GC (Allocation Failure) [PSYoungGen: 38706K->5120K(46592K)] 448836K->417297K(518656K), 0.0009464 secs] [Times: user=0.00 sys=0.00, real=0.00 secs] 
52.351: [GC (Allocation Failure) [PSYoungGen: 36659K->5120K(46592K)] 448836K->427537K(518656K), 0.0011812 secs] [Times: user=0.00 sys=0.00, real=0.00 secs] 
52.678: [GC (Allocation Failure) [PSYoungGen: 26411K->5120K(46592K)] 469309K->448017K(518656K), 0.0008496 secs] [Times: user=0.00 sys=0.00, real=0.00 secs] 
52.679: [Full GC (Ergonomics) [PSYoungGen: 5120K->0K(46592K)] [ParOldGen: 442897K->32273K(472064K)] 448017K->32273K(518656K), [Metaspace: 2795K->2795K(1056768K)], 0.0037977 secs] [Times: user=0.00 sys=0.00, real=0.00 secs] 
53.773: [GC (Allocation Failure) [PSYoungGen: 33582K->5120K(46592K)] 219455K->192017K(518656K), 0.0010994 secs] [Times: user=0.00 sys=0.00, real=0.00 secs] 
55.083: [GC (Allocation Failure) [PSYoungGen: 42800K->5120K(46592K)] 229697K->197137K(518656K), 0.0011001 secs] [Times: user=0.00 sys=0.00, real=0.00 secs] 
56.182: [GC (Allocation Failure) [PSYoungGen: 43819K->5120K(46592K)] 409916K->386577K(518656K), 0.0017884 secs] [Times: user=0.00 sys=0.00, real=0.00 secs] 
56.729: [GC (Allocation Failure) [PSYoungGen: 36653K->5120K(46592K)] 418111K->396817K(518656K), 0.0014826 secs] [Times: user=0.00 sys=0.00, real=0.00 secs] 
57.058: [Full GC (Ergonomics) [PSYoungGen: 36648K->0K(46592K)] [ParOldGen: 442897K->92689K(472064K)] 479545K->92689K(518656K), [Metaspace: 2796K->2796K(1056768K)], 0.0079314 secs] [Times: user=0.00 sys=0.00, real=0.01 secs] 
58.820: [GC (Allocation Failure) [PSYoungGen: 40748K->1024K(46592K)] 389437K->349713K(518656K), 0.0006831 secs] [Times: user=0.00 sys=0.00, real=0.00 secs] 
59.477: [GC (Allocation Failure) [PSYoungGen: 32558K->5120K(46592K)] 381248K->358929K(518656K), 0.0010613 secs] [Times: user=0.00 sys=0.00, real=0.00 secs] 
59.914: [GC (Allocation Failure) [PSYoungGen: 26408K->5120K(46592K)] 451898K->430609K(518656K), 0.0009199 secs] [Times: user=0.00 sys=0.00, real=0.00 secs] 
59.915: [GC (Allocation Failure) [PSYoungGen: 5120K->5120K(46592K)] 430609K->430609K(518656K), 0.0008491 secs] [Times: user=0.00 sys=0.00, real=0.00 secs] 
59.916: [Full GC (Allocation Failure) [PSYoungGen: 5120K->0K(46592K)] [ParOldGen: 425489K->108049K(472064K)] 430609K->108049K(518656K), [Metaspace: 2796K->2796K(1056768K)], 0.0086154 secs] [Times: user=0.00 sys=0.00, real=0.01 secs] 
60.909: [GC (Allocation Failure) [PSYoungGen: 33580K->5120K(46592K)] 244029K->220689K(518656K), 0.0009891 secs] [Times: user=0.00 sys=0.00, real=0.00 secs] 
62.328: [GC (Allocation Failure) [PSYoungGen: 37678K->5120K(46592K)] 427328K->399889K(518656K), 0.0008127 secs] [Times: user=0.00 sys=0.00, real=0.00 secs] 
62.766: [Full GC (Ergonomics) [PSYoungGen: 26416K->0K(46592K)] [ParOldGen: 466449K->56849K(472064K)] 492865K->56849K(518656K), [Metaspace: 2796K->2796K(1056768K)], 0.0056083 secs] [Times: user=0.00 sys=0.00, real=0.00 secs] 
63.748: [GC (Allocation Failure) [PSYoungGen: 33585K->1024K(46592K)] 192834K->165393K(518656K), 0.0008502 secs] [Times: user=0.00 sys=0.00, real=0.00 secs] 
64.840: [GC (Allocation Failure) [PSYoungGen: 39730K->1024K(46592K)] 378179K->359953K(518656K), 0.0018670 secs] [Times: user=0.00 sys=0.00, real=0.00 secs] 
65.930: [GC (Allocation Failure) [PSYoungGen: 37682K->0K(46592K)] 396611K->369169K(518656K), 0.0013341 secs] [Times: user=0.00 sys=0.00, real=0.00 secs] 
66.586: [GC (Allocation Failure) [PSYoungGen: 31532K->5120K(46592K)] 400701K->379409K(518656K), 0.0011507 secs] [Times: user=0.00 sys=0.00, real=0.00 secs] 
67.020: [Full GC (Ergonomics) [PSYoungGen: 26407K->0K(46592K)] [ParOldGen: 445969K->77329K(472064K)] 472376K->77329K(518656K), [Metaspace: 2796K->2796K(1056768K)], 0.0065473 secs] [Times: user=0.00 sys=0.00, real=0.01 secs] 
68.016: [GC (Allocation Failure) [PSYoungGen: 33579K->5120K(46592K)] 213309K->189969K(518656K), 0.0010033 secs] [Times: user=0.00 sys=0.00, real=0.00 secs] 
69.108: [GC (Allocation Failure) [PSYoungGen: 43822K->5120K(46592K)] 402751K->369169K(518656K), 0.0010803 secs] [Times: user=0.00 sys=0.00, real=0.00 secs] 
69.871: [GC (Allocation Failure) [PSYoungGen: 11055K->0K(46592K)] 426305K->415249K(518656K), 0.0008902 secs] [Times: user=0.00 sys=0.00, real=0.00 secs] 
69.872: [GC (Allocation Failure) [PSYoungGen: 0K->0K(46592K)] 415249K->415249K(518656K), 0.0007254 secs] [Times: user=0.00 sys=0.00, real=0.00 secs] 
69.873: [Full GC (Allocation Failure) [PSYoungGen: 0K->0K(46592K)] [ParOldGen: 415249K->51729K(472064K)] 415249K->51729K(518656K), [Metaspace: 2796K->2796K(1056768K)], 0.0047951 secs] [Times: user=0.00 sys=0.00, real=0.00 secs] 
70.869: [GC (Allocation Failure) [PSYoungGen: 33584K->5120K(46592K)] 187713K->164369K(518656K), 0.0009529 secs] [Times: user=0.00 sys=0.00, real=0.00 secs] 
71.961: [GC (Allocation Failure) [PSYoungGen: 43825K->5120K(46592K)] 377154K->344593K(518656K), 0.0011413 secs] [Times: user=0.00 sys=0.00, real=0.00 secs] 
72.726: [GC (Allocation Failure) [PSYoungGen: 41777K->5120K(46592K)] 452931K->421393K(518656K), 0.0011055 secs] [Times: user=0.00 sys=0.00, real=0.00 secs] 
72.727: [GC (Allocation Failure) [PSYoungGen: 5120K->5120K(46592K)] 421393K->421393K(518656K), 0.0007799 secs] [Times: user=0.00 sys=0.00, real=0.00 secs] 
72.728: [Full GC (Allocation Failure) [PSYoungGen: 5120K->0K(46592K)] [ParOldGen: 416273K->165393K(472064K)] 421393K->165393K(518656K), [Metaspace: 2796K->2796K(1056768K)], 0.0118596 secs] [Times: user=0.00 sys=0.00, real=0.01 secs] 
74.701: [Full GC (Ergonomics) [PSYoungGen: 40754K->0K(46592K)] [ParOldGen: 441873K->21504K(472064K)] 482627K->21504K(518656K), [Metaspace: 2796K->2796K(1056768K)], 0.0031854 secs] [Times: user=0.00 sys=0.00, real=0.00 secs] 
75.246: [GC (Allocation Failure) [PSYoungGen: 31538K->0K(46592K)] 53042K->31744K(518656K), 0.0012772 secs] [Times: user=0.00 sys=0.00, real=0.00 secs] 
76.007: [GC (Allocation Failure) [PSYoungGen: 38699K->5120K(46592K)] 224043K->200704K(518656K), 0.0015226 secs] [Times: user=0.00 sys=0.00, real=0.00 secs] 
76.663: [GC (Allocation Failure) [PSYoungGen: 41774K->5120K(46592K)] 237358K->210944K(518656K), 0.0017172 secs] [Times: user=0.00 sys=0.00, real=0.00 secs] 
77.532: [GC (Allocation Failure) [PSYoungGen: 41769K->5120K(46592K)] 247593K->210944K(518656K), 0.0008956 secs] [Times: user=0.00 sys=0.00, real=0.00 secs] 
78.077: [GC (Allocation Failure) [PSYoungGen: 36646K->5120K(46592K)] 242470K->221184K(518656K), 0.0015060 secs] [Times: user=0.00 sys=0.00, real=0.00 secs] 
78.841: [GC (Allocation Failure) [PSYoungGen: 43811K->5120K(46592K)] 413475K->379904K(518656K), 0.0012896 secs] [Times: user=0.00 sys=0.00, real=0.00 secs] 
79.495: [GC (Allocation Failure) [PSYoungGen: 41769K->5120K(46592K)] 416553K->395264K(518656K), 0.0019803 secs] [Times: user=0.00 sys=0.00, real=0.00 secs] 
79.824: [Full GC (Ergonomics) [PSYoungGen: 36646K->0K(46592K)] [ParOldGen: 441344K->113169K(472064K)] 477990K->113169K(518656K), [Metaspace: 2796K->2796K(1056768K)], 0.0088280 secs] [Times: user=0.00 sys=0.00, real=0.01 secs] 
81.807: [GC (Allocation Failure) [PSYoungGen: 40747K->1024K(46592K)] 358716K->324113K(518656K), 0.0008985 secs] [Times: user=0.00 sys=0.00, real=0.00 secs] 
82.353: [GC (Allocation Failure) [PSYoungGen: 32557K->1024K(46592K)] 355647K->339473K(518656K), 0.0015547 secs] [Times: user=0.00 sys=0.00, real=0.00 secs] 
82.680: [GC (Allocation Failure) [PSYoungGen: 32552K->1024K(46592K)] 422201K->390673K(518656K), 0.0009777 secs] [Times: user=0.00 sys=0.00, real=0.00 secs] 
82.681: [GC (Allocation Failure) [PSYoungGen: 1024K->1024K(46592K)] 390673K->390673K(518656K), 0.0008946 secs] [Times: user=0.00 sys=0.00, real=0.00 secs] 
82.682: [Full GC (Allocation Failure) [PSYoungGen: 1024K->0K(46592K)] [ParOldGen: 389649K->57873K(472064K)] 390673K->57873K(518656K), [Metaspace: 2796K->2796K(1056768K)], 0.0055182 secs] [Times: user=0.00 sys=0.00, real=0.01 secs] 
83.678: [GC (Allocation Failure) [PSYoungGen: 33580K->5120K(46592K)] 193853K->166417K(518656K), 0.0009378 secs] [Times: user=0.00 sys=0.00, real=0.00 secs] 
85.213: [GC (Allocation Failure) [PSYoungGen: 43822K->0K(46592K)] 379200K->345617K(518656K), 0.0012208 secs] [Times: user=0.00 sys=0.00, real=0.00 secs] 
85.539: [GC (Allocation Failure) [PSYoungGen: 31536K->0K(46592K)] 428353K->407057K(518656K), 0.0013128 secs] [Times: user=0.00 sys=0.00, real=0.00 secs] 
85.540: [GC (Allocation Failure) [PSYoungGen: 0K->0K(46592K)] 407057K->407057K(518656K), 0.0008470 secs] [Times: user=0.00 sys=0.00, real=0.00 secs] 
85.541: [Full GC (Allocation Failure) [PSYoungGen: 0K->0K(46592K)] [ParOldGen: 407057K->61969K(472064K)] 407057K->61969K(518656K), [Metaspace: 2796K->2796K(1056768K)], 0.0056602 secs] [Times: user=0.00 sys=0.00, real=0.01 secs] 
86.539: [GC (Allocation Failure) [PSYoungGen: 33585K->5120K(46592K)] 197954K->174609K(518656K), 0.0011192 secs] [Times: user=0.00 sys=0.00, real=0.00 secs] 
87.634: [GC (Allocation Failure) [PSYoungGen: 43826K->5120K(46592K)] 387395K->353809K(518656K), 0.0010178 secs] [Times: user=0.00 sys=0.00, real=0.00 secs] 
88.943: [GC (Allocation Failure) [PSYoungGen: 41778K->0K(46592K)] 462147K->420369K(518656K), 0.0008372 secs] [Times: user=0.00 sys=0.00, real=0.00 secs] 
89.489: [GC (Allocation Failure) [PSYoungGen: 31538K->5120K(46592K)] 451908K->435729K(518656K), 0.0014048 secs] [Times: user=0.00 sys=0.00, real=0.00 secs] 
89.709: [GC (Allocation Failure) [PSYoungGen: 36651K->5120K(46592K)] 467260K->456209K(518656K), 0.0024934 secs] [Times: user=0.00 sys=0.00, real=0.00 secs] 
89.712: [Full GC (Ergonomics) [PSYoungGen: 5120K->0K(46592K)] [ParOldGen: 451089K->26129K(472064K)] 456209K->26129K(518656K), [Metaspace: 2796K->2796K(1056768K)], 0.0031849 secs] [Times: user=0.00 sys=0.00, real=0.00 secs] 
90.802: [GC (Allocation Failure) [PSYoungGen: 33574K->5120K(46592K)] 213304K->189969K(518656K), 0.0013274 secs] [Times: user=0.00 sys=0.00, real=0.00 secs] 
91.896: [GC (Allocation Failure) [PSYoungGen: 43819K->5120K(46592K)] 402748K->370193K(518656K), 0.0011322 secs] [Times: user=0.00 sys=0.00, real=0.00 secs] 
93.425: [GC (Allocation Failure) [PSYoungGen: 43822K->1024K(46592K)] 408895K->371217K(518656K), 0.0008492 secs] [Times: user=0.00 sys=0.00, real=0.00 secs] 
94.081: [Full GC (Ergonomics) [PSYoungGen: 32553K->0K(46592K)] [ParOldGen: 441873K->62993K(472064K)] 474427K->62993K(518656K), [Metaspace: 2796K->2796K(1056768K)], 0.0055341 secs] [Times: user=0.00 sys=0.00, real=0.01 secs] 
95.080: [GC (Allocation Failure) [PSYoungGen: 33581K->5120K(46592K)] 198974K->175633K(518656K), 0.0009852 secs] [Times: user=0.00 sys=0.00, real=0.00 secs] 
96.616: [GC (Allocation Failure) [PSYoungGen: 38703K->5120K(46592K)] 383296K->349713K(518656K), 0.0008984 secs] [Times: user=0.00 sys=0.00, real=0.00 secs] 
96.946: [GC (Allocation Failure) [PSYoungGen: 36656K->0K(46592K)] 432450K->416273K(518656K), 0.0020195 secs] [Times: user=0.00 sys=0.00, real=0.00 secs] 
96.948: [GC (Allocation Failure) [PSYoungGen: 0K->0K(46592K)] 416273K->416273K(518656K), 0.0011069 secs] [Times: user=0.00 sys=0.00, real=0.00 secs] 
96.949: [Full GC (Allocation Failure) [PSYoungGen: 0K->0K(46592K)] [ParOldGen: 416273K->72209K(472064K)] 416273K->72209K(518656K), [Metaspace: 2796K->2796K(1056768K)], 0.0059834 secs] [Times: user=0.00 sys=0.00, real=0.01 secs] 
97.945: [GC (Allocation Failure) [PSYoungGen: 33585K->5120K(46592K)] 208195K->184849K(518656K), 0.0009841 secs] [Times: user=0.00 sys=0.00, real=0.00 secs] 
99.035: [GC (Allocation Failure) [PSYoungGen: 43826K->5120K(46592K)] 397635K->358929K(518656K), 0.0008742 secs] [Times: user=0.00 sys=0.00, real=0.00 secs] 
99.800: [GC (Allocation Failure) [PSYoungGen: 41778K->5120K(46592K)] 467268K->430609K(518656K), 0.0013465 secs] [Times: user=0.00 sys=0.00, real=0.00 secs] 
99.801: [GC (Allocation Failure) [PSYoungGen: 5120K->5120K(46592K)] 430609K->430609K(518656K), 0.0009818 secs] [Times: user=0.00 sys=0.00, real=0.00 secs] 
99.802: [Full GC (Allocation Failure) [PSYoungGen: 5120K->0K(46592K)] [ParOldGen: 425489K->133649K(472064K)] 430609K->133649K(518656K), [Metaspace: 2796K->2796K(1056768K)], 0.0099765 secs] [Times: user=0.01 sys=0.00, real=0.01 secs] 
101.561: [GC (Allocation Failure) [PSYoungGen: 38706K->5120K(46592K)] 448836K->417297K(518656K), 0.0009919 secs] [Times: user=0.00 sys=0.00, real=0.00 secs] 
102.218: [GC (Allocation Failure) [PSYoungGen: 36659K->5120K(46592K)] 448836K->427537K(518656K), 0.0012831 secs] [Times: user=0.00 sys=0.00, real=0.00 secs] 
102.547: [GC (Allocation Failure) [PSYoungGen: 26411K->0K(46592K)] 469309K->442897K(518656K), 0.0010748 secs] [Times: user=0.00 sys=0.00, real=0.00 secs] 
102.548: [Full GC (Ergonomics) [PSYoungGen: 0K->0K(46592K)] [ParOldGen: 442897K->32273K(472064K)] 442897K->32273K(518656K), [Metaspace: 2796K->2796K(1056768K)], 0.0040502 secs] [Times: user=0.00 sys=0.00, real=0.00 secs] 
103.638: [GC (Allocation Failure) [PSYoungGen: 33582K->5120K(46592K)] 219455K->192017K(518656K), 0.0008366 secs] [Times: user=0.00 sys=0.00, real=0.00 secs] 
104.954: [GC (Allocation Failure) [PSYoungGen: 42800K->5120K(46592K)] 229697K->197137K(518656K), 0.0009680 secs] [Times: user=0.00 sys=0.00, real=0.00 secs] 
106.043: [GC (Allocation Failure) [PSYoungGen: 43819K->5120K(46592K)] 409916K->391697K(518656K), 0.0020748 secs] [Times: user=0.00 sys=0.00, real=0.00 secs] 
106.591: [GC (Allocation Failure) [PSYoungGen: 36653K->5120K(46592K)] 423231K->401937K(518656K), 0.0014983 secs] [Times: user=0.00 sys=0.00, real=0.00 secs] 
106.920: [Full GC (Ergonomics) [PSYoungGen: 36648K->0K(46592K)] [ParOldGen: 448017K->92689K(472064K)] 484665K->92689K(518656K), [Metaspace: 2796K->2796K(1056768K)], 0.0080132 secs] [Times: user=0.02 sys=0.00, real=0.01 secs] 
108.679: [GC (Allocation Failure) [PSYoungGen: 40748K->1024K(46592K)] 389437K->349713K(518656K), 0.0008898 secs] [Times: user=0.00 sys=0.00, real=0.00 secs] 
109.334: [GC (Allocation Failure) [PSYoungGen: 32558K->5120K(46592K)] 381248K->358929K(518656K), 0.0010604 secs] [Times: user=0.00 sys=0.00, real=0.00 secs] 
109.771: [GC (Allocation Failure) [PSYoungGen: 26408K->5120K(46592K)] 451898K->430609K(518656K), 0.0008283 secs] [Times: user=0.00 sys=0.00, real=0.00 secs] 
109.772: [GC (Allocation Failure) [PSYoungGen: 5120K->5120K(46592K)] 430609K->430609K(518656K), 0.0009929 secs] [Times: user=0.00 sys=0.00, real=0.00 secs] 
109.773: [Full GC (Allocation Failure) [PSYoungGen: 5120K->0K(46592K)] [ParOldGen: 425489K->108049K(472064K)] 430609K->108049K(518656K), [Metaspace: 2796K->2796K(1056768K)], 0.0086721 secs] [Times: user=0.00 sys=0.00, real=0.01 secs] 
110.771: [GC (Allocation Failure) [PSYoungGen: 33580K->5120K(46592K)] 244029K->220689K(518656K), 0.0010702 secs] [Times: user=0.00 sys=0.00, real=0.00 secs] 
112.197: [GC (Allocation Failure) [PSYoungGen: 37678K->5120K(46592K)] 427328K->399889K(518656K), 0.0009533 secs] [Times: user=0.00 sys=0.00, real=0.00 secs] 
112.637: [Full GC (Ergonomics) [PSYoungGen: 26416K->0K(46592K)] [ParOldGen: 466449K->56849K(472064K)] 492865K->56849K(518656K), [Metaspace: 2796K->2796K(1056768K)], 0.0055838 secs] [Times: user=0.00 sys=0.00, real=0.01 secs] 
113.640: [GC (Allocation Failure) [PSYoungGen: 33585K->1024K(46592K)] 192834K->165393K(518656K), 0.0008541 secs] [Times: user=0.00 sys=0.00, real=0.00 secs] 
114.731: [GC (Allocation Failure) [PSYoungGen: 39730K->5120K(46592K)] 378179K->359953K(518656K), 0.0018624 secs] [Times: user=0.00 sys=0.00, real=0.00 secs] 
115.822: [GC (Allocation Failure) [PSYoungGen: 41778K->0K(46592K)] 396611K->365073K(518656K), 0.0013371 secs] [Times: user=0.00 sys=0.00, real=0.00 secs] 
116.476: [GC (Allocation Failure) [PSYoungGen: 31532K->5120K(46592K)] 396605K->375313K(518656K), 0.0009661 secs] [Times: user=0.00 sys=0.00, real=0.00 secs] 
116.913: [GC (Allocation Failure) [PSYoungGen: 26407K->5120K(46592K)] 468280K->446993K(518656K), 0.0009279 secs] [Times: user=0.00 sys=0.00, real=0.00 secs] 
116.914: [Full GC (Ergonomics) [PSYoungGen: 5120K->0K(46592K)] [ParOldGen: 441873K->77329K(472064K)] 446993K->77329K(518656K), [Metaspace: 2796K->2796K(1056768K)], 0.0062174 secs] [Times: user=0.00 sys=0.00, real=0.01 secs] 
117.909: [GC (Allocation Failure) [PSYoungGen: 33579K->5120K(46592K)] 213309K->189969K(518656K), 0.0008526 secs] [Times: user=0.00 sys=0.00, real=0.00 secs] 
119.002: [GC (Allocation Failure) [PSYoungGen: 43822K->5120K(46592K)] 402751K->364049K(518656K), 0.0008863 secs] [Times: user=0.00 sys=0.00, real=0.00 secs] 
119.763: [GC (Allocation Failure) [PSYoungGen: 11055K->0K(46592K)] 421185K->410129K(518656K), 0.0008935 secs] [Times: user=0.00 sys=0.00, real=0.00 secs] 
119.764: [GC (Allocation Failure) [PSYoungGen: 0K->0K(46592K)] 410129K->410129K(518656K), 0.0008749 secs] [Times: user=0.00 sys=0.00, real=0.00 secs] 
119.765: [Full GC (Allocation Failure) [PSYoungGen: 0K->0K(46592K)] [ParOldGen: 410129K->51729K(472064K)] 410129K->51729K(518656K), [Metaspace: 2796K->2796K(1056768K)], 0.0048060 secs] [Times: user=0.00 sys=0.00, real=0.01 secs] 
120.746: [GC (Allocation Failure) [PSYoungGen: 33584K->5120K(46592K)] 187713K->164369K(518656K), 0.0009994 secs] [Times: user=0.00 sys=0.00, real=0.00 secs] 
121.835: [GC (Allocation Failure) [PSYoungGen: 43825K->5120K(46592K)] 377154K->339473K(518656K), 0.0010343 secs] [Times: user=0.00 sys=0.00, real=0.00 secs] 
122.596: [GC (Allocation Failure) [PSYoungGen: 41777K->5120K(46592K)] 447811K->411153K(518656K), 0.0011242 secs] [Times: user=0.00 sys=0.00, real=0.00 secs] 
122.597: [GC (Allocation Failure) [PSYoungGen: 5120K->5120K(46592K)] 411153K->411153K(518656K), 0.0008459 secs] [Times: user=0.00 sys=0.00, real=0.00 secs] 
122.598: [Full GC (Allocation Failure) [PSYoungGen: 5120K->0K(46592K)] [ParOldGen: 406033K->165393K(472064K)] 411153K->165393K(518656K), [Metaspace: 2796K->2796K(1056768K)], 0.0132389 secs] [Times: user=0.00 sys=0.00, real=0.01 secs] 
124.575: [Full GC (Ergonomics) [PSYoungGen: 40754K->0K(46592K)] [ParOldGen: 441873K->21504K(472064K)] 482627K->21504K(518656K), [Metaspace: 2796K->2796K(1056768K)], 0.0031654 secs] [Times: user=0.00 sys=0.00, real=0.00 secs] 
125.123: [GC (Allocation Failure) [PSYoungGen: 31538K->0K(46592K)] 53042K->31744K(518656K), 0.0012698 secs] [Times: user=0.00 sys=0.00, real=0.00 secs] 
125.892: [GC (Allocation Failure) [PSYoungGen: 38699K->5120K(46592K)] 224043K->200704K(518656K), 0.0014896 secs] [Times: user=0.00 sys=0.00, real=0.00 secs] 
126.546: [GC (Allocation Failure) [PSYoungGen: 41774K->5120K(46592K)] 237358K->210944K(518656K), 0.0014074 secs] [Times: user=0.00 sys=0.00, real=0.00 secs] 
127.420: [GC (Allocation Failure) [PSYoungGen: 41769K->5120K(46592K)] 247593K->210944K(518656K), 0.0012174 secs] [Times: user=0.00 sys=0.00, real=0.00 secs] 
127.962: [GC (Allocation Failure) [PSYoungGen: 36646K->5120K(46592K)] 242470K->221184K(518656K), 0.0018518 secs] [Times: user=0.00 sys=0.00, real=0.00 secs] 
128.729: [GC (Allocation Failure) [PSYoungGen: 43811K->5120K(46592K)] 413475K->379904K(518656K), 0.0011805 secs] [Times: user=0.00 sys=0.00, real=0.00 secs] 
129.384: [GC (Allocation Failure) [PSYoungGen: 41769K->5120K(46592K)] 416553K->390144K(518656K), 0.0014527 secs] [Times: user=0.00 sys=0.00, real=0.00 secs] 
129.709: [Full GC (Ergonomics) [PSYoungGen: 36646K->0K(46592K)] [ParOldGen: 436224K->113169K(472064K)] 472870K->113169K(518656K), [Metaspace: 2796K->2796K(1056768K)], 0.0086942 secs] [Times: user=0.00 sys=0.00, real=0.01 secs] 
131.694: [GC (Allocation Failure) [PSYoungGen: 40747K->5120K(46592K)] 358716K->324113K(518656K), 0.0009869 secs] [Times: user=0.00 sys=0.00, real=0.00 secs] 
132.243: [GC (Allocation Failure) [PSYoungGen: 36653K->5120K(46592K)] 355647K->334353K(518656K), 0.0014673 secs] [Times: user=0.00 sys=0.00, real=0.00 secs] 
132.572: [GC (Allocation Failure) [PSYoungGen: 36648K->5120K(46592K)] 417081K->385553K(518656K), 0.0007927 secs] [Times: user=0.00 sys=0.00, real=0.00 secs] 
132.573: [GC (Allocation Failure) [PSYoungGen: 5120K->5120K(46592K)] 385553K->385553K(518656K), 0.0007856 secs] [Times: user=0.00 sys=0.00, real=0.00 secs] 
132.574: [Full GC (Allocation Failure) [PSYoungGen: 5120K->0K(46592K)] [ParOldGen: 380433K->57873K(472064K)] 385553K->57873K(518656K), [Metaspace: 2796K->2796K(1056768K)], 0.0049634 secs] [Times: user=0.00 sys=0.00, real=0.01 secs] 
133.570: [GC (Allocation Failure) [PSYoungGen: 33580K->5120K(46592K)] 193853K->166417K(518656K), 0.0007465 secs] [Times: user=0.00 sys=0.00, real=0.00 secs] 
135.101: [GC (Allocation Failure) [PSYoungGen: 43822K->0K(46592K)] 379200K->345617K(518656K), 0.0012931 secs] [Times: user=0.00 sys=0.00, real=0.00 secs] 
135.427: [GC (Allocation Failure) [PSYoungGen: 31536K->0K(46592K)] 428353K->407057K(518656K), 0.0014898 secs] [Times: user=0.05 sys=0.00, real=0.00 secs] 
135.428: [GC (Allocation Failure) [PSYoungGen: 0K->0K(46592K)] 407057K->407057K(518656K), 0.0008977 secs] [Times: user=0.00 sys=0.00, real=0.00 secs] 
135.429: [Full GC (Allocation Failure) [PSYoungGen: 0K->0K(46592K)] [ParOldGen: 407057K->61969K(472064K)] 407057K->61969K(518656K), [Metaspace: 2796K->2796K(1056768K)], 0.0057760 secs] [Times: user=0.00 sys=0.00, real=0.01 secs] 
136.428: [GC (Allocation Failure) [PSYoungGen: 33585K->5120K(46592K)] 197954K->174609K(518656K), 0.0009725 secs] [Times: user=0.00 sys=0.00, real=0.00 secs] 
137.520: [GC (Allocation Failure) [PSYoungGen: 43826K->5120K(46592K)] 387395K->358929K(518656K), 0.0013372 secs] [Times: user=0.00 sys=0.00, real=0.00 secs] 
138.831: [GC (Allocation Failure) [PSYoungGen: 41778K->0K(46592K)] 467267K->425489K(518656K), 0.0007678 secs] [Times: user=0.00 sys=0.00, real=0.00 secs] 
139.375: [GC (Allocation Failure) [PSYoungGen: 31538K->5120K(46592K)] 457028K->440849K(518656K), 0.0014115 secs] [Times: user=0.00 sys=0.00, real=0.00 secs] 
139.376: [Full GC (Ergonomics) [PSYoungGen: 5120K->0K(46592K)] [ParOldGen: 435729K->15889K(472064K)] 440849K->15889K(518656K), [Metaspace: 2796K->2796K(1056768K)], 0.0024855 secs] [Times: user=0.00 sys=0.00, real=0.00 secs] 
140.137: [GC (Allocation Failure) [PSYoungGen: 38699K->5120K(46592K)] 208188K->174609K(518656K), 0.0007617 secs] [Times: user=0.00 sys=0.00, real=0.00 secs] 
140.795: [GC (Allocation Failure) [PSYoungGen: 41774K->5120K(46592K)] 211263K->184849K(518656K), 0.0013507 secs] [Times: user=0.00 sys=0.00, real=0.00 secs] 
141.558: [GC (Allocation Failure) [PSYoungGen: 43817K->5120K(46592K)] 377147K->344593K(518656K), 0.0010254 secs] [Times: user=0.00 sys=0.00, real=0.00 secs] 
143.085: [GC (Allocation Failure) [PSYoungGen: 43821K->5120K(46592K)] 383294K->345617K(518656K), 0.0008606 secs] [Times: user=0.00 sys=0.00, real=0.00 secs] 
143.633: [GC (Allocation Failure) [PSYoungGen: 36649K->0K(46592K)] 377146K->360977K(518656K), 0.0016298 secs] [Times: user=0.00 sys=0.00, real=0.00 secs] 
143.958: [GC (Allocation Failure) [PSYoungGen: 31525K->0K(46592K)] 443702K->412177K(518656K), 0.0009747 secs] [Times: user=0.00 sys=0.00, real=0.00 secs] 
143.959: [GC (Allocation Failure) [PSYoungGen: 0K->0K(46592K)] 412177K->412177K(518656K), 0.0008331 secs] [Times: user=0.00 sys=0.00, real=0.00 secs] 
143.960: [Full GC (Allocation Failure) [PSYoungGen: 0K->0K(46592K)] [ParOldGen: 412177K->62993K(472064K)] 412177K->62993K(518656K), [Metaspace: 2796K->2796K(1056768K)], 0.0058328 secs] [Times: user=0.00 sys=0.00, real=0.00 secs] 
144.957: [GC (Allocation Failure) [PSYoungGen: 33578K->5120K(46592K)] 198971K->175633K(518656K), 0.0009966 secs] [Times: user=0.00 sys=0.00, real=0.00 secs] 
146.487: [GC (Allocation Failure) [PSYoungGen: 38701K->5120K(46592K)] 383294K->349713K(518656K), 0.0010577 secs] [Times: user=0.00 sys=0.00, real=0.00 secs] 
146.813: [GC (Allocation Failure) [PSYoungGen: 36655K->0K(46592K)] 432448K->416273K(518656K), 0.0020207 secs] [Times: user=0.00 sys=0.00, real=0.00 secs] 
146.815: [GC (Allocation Failure) [PSYoungGen: 0K->0K(46592K)] 416273K->416273K(518656K), 0.0009219 secs] [Times: user=0.00 sys=0.00, real=0.00 secs] 
146.816: [Full GC (Allocation Failure) [PSYoungGen: 0K->0K(46592K)] [ParOldGen: 416273K->72209K(472064K)] 416273K->72209K(518656K), [Metaspace: 2796K->2796K(1056768K)], 0.0058875 secs] [Times: user=0.00 sys=0.00, real=0.00 secs] 
147.813: [GC (Allocation Failure) [PSYoungGen: 33584K->5120K(46592K)] 208194K->184849K(518656K), 0.0010983 secs] [Times: user=0.00 sys=0.00, real=0.00 secs] 
148.905: [GC (Allocation Failure) [PSYoungGen: 43825K->5120K(46592K)] 397635K->358929K(518656K), 0.0009204 secs] [Times: user=0.00 sys=0.00, real=0.00 secs] 
149.666: [GC (Allocation Failure) [PSYoungGen: 41778K->5120K(46592K)] 467267K->430609K(518656K), 0.0013974 secs] [Times: user=0.00 sys=0.00, real=0.00 secs] 
149.667: [GC (Allocation Failure) [PSYoungGen: 5120K->5120K(46592K)] 430609K->430609K(518656K), 0.0009991 secs] [Times: user=0.00 sys=0.00, real=0.00 secs] 
149.668: [Full GC (Allocation Failure) [PSYoungGen: 5120K->0K(46592K)] [ParOldGen: 425489K->133649K(472064K)] 430609K->133649K(518656K), [Metaspace: 2796K->2796K(1056768K)], 0.0101257 secs] [Times: user=0.00 sys=0.00, real=0.01 secs] 
151.431: [GC (Allocation Failure) [PSYoungGen: 38706K->5120K(46592K)] 448836K->417297K(518656K), 0.0012593 secs] [Times: user=0.00 sys=0.00, real=0.00 secs] 
152.088: [GC (Allocation Failure) [PSYoungGen: 36658K->5120K(46592K)] 448836K->427537K(518656K), 0.0015767 secs] [Times: user=0.00 sys=0.00, real=0.00 secs] 
152.416: [GC (Allocation Failure) [PSYoungGen: 26411K->5120K(46592K)] 469309K->448017K(518656K), 0.0008478 secs] [Times: user=0.00 sys=0.00, real=0.00 secs] 
152.417: [Full GC (Ergonomics) [PSYoungGen: 5120K->0K(46592K)] [ParOldGen: 442897K->32273K(472064K)] 448017K->32273K(518656K), [Metaspace: 2796K->2796K(1056768K)], 0.0035439 secs] [Times: user=0.00 sys=0.00, real=0.00 secs] 
153.509: [GC (Allocation Failure) [PSYoungGen: 33582K->5120K(46592K)] 219455K->192017K(518656K), 0.0009110 secs] [Times: user=0.00 sys=0.00, real=0.00 secs] 
154.817: [GC (Allocation Failure) [PSYoungGen: 42800K->5120K(46592K)] 229697K->197137K(518656K), 0.0010656 secs] [Times: user=0.00 sys=0.00, real=0.00 secs] 
155.909: [GC (Allocation Failure) [PSYoungGen: 43819K->5120K(46592K)] 409916K->391697K(518656K), 0.0018614 secs] [Times: user=0.00 sys=0.00, real=0.00 secs] 
156.453: [GC (Allocation Failure) [PSYoungGen: 36653K->5120K(46592K)] 423231K->401937K(518656K), 0.0014581 secs] [Times: user=0.00 sys=0.00, real=0.00 secs] 
156.781: [Full GC (Ergonomics) [PSYoungGen: 36648K->0K(46592K)] [ParOldGen: 448017K->92689K(472064K)] 484665K->92689K(518656K), [Metaspace: 2796K->2796K(1056768K)], 0.0079050 secs] [Times: user=0.01 sys=0.00, real=0.01 secs] 
158.542: [GC (Allocation Failure) [PSYoungGen: 40748K->1024K(46592K)] 389437K->349713K(518656K), 0.0006958 secs] [Times: user=0.00 sys=0.00, real=0.00 secs] 
159.196: [GC (Allocation Failure) [PSYoungGen: 32558K->5120K(46592K)] 381248K->358929K(518656K), 0.0010699 secs] [Times: user=0.00 sys=0.00, real=0.00 secs] 
159.633: [GC (Allocation Failure) [PSYoungGen: 26408K->5120K(46592K)] 451898K->430609K(518656K), 0.0008941 secs] [Times: user=0.00 sys=0.00, real=0.00 secs] 
159.634: [GC (Allocation Failure) [PSYoungGen: 5120K->5120K(46592K)] 430609K->430609K(518656K), 0.0008042 secs] [Times: user=0.00 sys=0.00, real=0.00 secs] 
159.635: [Full GC (Allocation Failure) [PSYoungGen: 5120K->0K(46592K)] [ParOldGen: 425489K->108049K(472064K)] 430609K->108049K(518656K), [Metaspace: 2796K->2796K(1056768K)], 0.0086426 secs] [Times: user=0.00 sys=0.00, real=0.01 secs] 
160.627: [GC (Allocation Failure) [PSYoungGen: 33580K->5120K(46592K)] 244029K->220689K(518656K), 0.0010441 secs] [Times: user=0.00 sys=0.00, real=0.00 secs] 
162.053: [GC (Allocation Failure) [PSYoungGen: 37678K->5120K(46592K)] 427328K->399889K(518656K), 0.0010743 secs] [Times: user=0.00 sys=0.00, real=0.00 secs] 
162.490: [Full GC (Ergonomics) [PSYoungGen: 26416K->0K(46592K)] [ParOldGen: 466449K->56849K(472064K)] 492865K->56849K(518656K), [Metaspace: 2796K->2796K(1056768K)], 0.0056170 secs] [Times: user=0.00 sys=0.00, real=0.01 secs] 
163.473: [GC (Allocation Failure) [PSYoungGen: 33585K->1024K(46592K)] 192834K->165393K(518656K), 0.0010423 secs] [Times: user=0.00 sys=0.00, real=0.00 secs] 
164.562: [GC (Allocation Failure) [PSYoungGen: 39730K->5120K(46592K)] 378179K->359953K(518656K), 0.0018236 secs] [Times: user=0.00 sys=0.00, real=0.00 secs] 
165.655: [GC (Allocation Failure) [PSYoungGen: 41778K->0K(46592K)] 396611K->365073K(518656K), 0.0013126 secs] [Times: user=0.00 sys=0.00, real=0.00 secs] 
166.308: [GC (Allocation Failure) [PSYoungGen: 31532K->5120K(46592K)] 396605K->375313K(518656K), 0.0010596 secs] [Times: user=0.00 sys=0.00, real=0.00 secs] 
166.743: [GC (Allocation Failure) [PSYoungGen: 26407K->5120K(46592K)] 468280K->446993K(518656K), 0.0010056 secs] [Times: user=0.00 sys=0.00, real=0.00 secs] 
166.744: [Full GC (Ergonomics) [PSYoungGen: 5120K->0K(46592K)] [ParOldGen: 441873K->77329K(472064K)] 446993K->77329K(518656K), [Metaspace: 2796K->2796K(1056768K)], 0.0063486 secs] [Times: user=0.00 sys=0.00, real=0.01 secs] 
167.742: [GC (Allocation Failure) [PSYoungGen: 33579K->5120K(46592K)] 213309K->189969K(518656K), 0.0010158 secs] [Times: user=0.00 sys=0.00, real=0.00 secs] 
168.837: [GC (Allocation Failure) [PSYoungGen: 43822K->5120K(46592K)] 402751K->364049K(518656K), 0.0009271 secs] [Times: user=0.00 sys=0.00, real=0.00 secs] 
169.602: [GC (Allocation Failure) [PSYoungGen: 11055K->0K(46592K)] 421185K->410129K(518656K), 0.0010724 secs] [Times: user=0.00 sys=0.00, real=0.00 secs] 
169.603: [GC (Allocation Failure) [PSYoungGen: 0K->0K(46592K)] 410129K->410129K(518656K), 0.0008092 secs] [Times: user=0.00 sys=0.00, real=0.00 secs] 
169.604: [Full GC (Allocation Failure) [PSYoungGen: 0K->0K(46592K)] [ParOldGen: 410129K->51729K(472064K)] 410129K->51729K(518656K), [Metaspace: 2796K->2796K(1056768K)], 0.0049385 secs] [Times: user=0.00 sys=0.00, real=0.01 secs] 
170.599: [GC (Allocation Failure) [PSYoungGen: 33584K->5120K(46592K)] 187713K->164369K(518656K), 0.0010843 secs] [Times: user=0.00 sys=0.00, real=0.00 secs] 
171.688: [GC (Allocation Failure) [PSYoungGen: 43825K->5120K(46592K)] 377154K->344593K(518656K), 0.0011892 secs] [Times: user=0.00 sys=0.00, real=0.00 secs] 
172.452: [GC (Allocation Failure) [PSYoungGen: 41777K->5120K(46592K)] 452931K->421393K(518656K), 0.0011724 secs] [Times: user=0.00 sys=0.00, real=0.00 secs] 
172.453: [GC (Allocation Failure) [PSYoungGen: 5120K->5120K(46592K)] 421393K->421393K(518656K), 0.0008910 secs] [Times: user=0.00 sys=0.00, real=0.00 secs] 
172.454: [Full GC (Allocation Failure) [PSYoungGen: 5120K->0K(46592K)] [ParOldGen: 416273K->165393K(472064K)] 421393K->165393K(518656K), [Metaspace: 2796K->2796K(1056768K)], 0.0118147 secs] [Times: user=0.00 sys=0.00, real=0.01 secs] 
174.434: [Full GC (Ergonomics) [PSYoungGen: 40754K->0K(46592K)] [ParOldGen: 441873K->21504K(472064K)] 482627K->21504K(518656K), [Metaspace: 2796K->2796K(1056768K)], 0.0031414 secs] [Times: user=0.00 sys=0.00, real=0.00 secs] 
174.982: [GC (Allocation Failure) [PSYoungGen: 31538K->0K(46592K)] 53042K->31744K(518656K), 0.0012289 secs] [Times: user=0.00 sys=0.00, real=0.00 secs] 
175.746: [GC (Allocation Failure) [PSYoungGen: 38699K->5120K(46592K)] 224043K->200704K(518656K), 0.0014592 secs] [Times: user=0.00 sys=0.00, real=0.00 secs] 
176.400: [GC (Allocation Failure) [PSYoungGen: 41774K->5120K(46592K)] 237358K->210944K(518656K), 0.0016494 secs] [Times: user=0.00 sys=0.00, real=0.00 secs] 
177.269: [GC (Allocation Failure) [PSYoungGen: 41769K->5120K(46592K)] 247593K->210944K(518656K), 0.0008357 secs] [Times: user=0.00 sys=0.00, real=0.00 secs] 
177.817: [GC (Allocation Failure) [PSYoungGen: 36646K->5120K(46592K)] 242470K->221184K(518656K), 0.0016828 secs] [Times: user=0.03 sys=0.00, real=0.00 secs] 
178.581: [GC (Allocation Failure) [PSYoungGen: 43811K->5120K(46592K)] 413475K->379904K(518656K), 0.0012195 secs] [Times: user=0.00 sys=0.00, real=0.00 secs] 
179.239: [GC (Allocation Failure) [PSYoungGen: 41769K->5120K(46592K)] 416553K->395264K(518656K), 0.0019782 secs] [Times: user=0.02 sys=0.00, real=0.00 secs] 
179.566: [Full GC (Ergonomics) [PSYoungGen: 36646K->0K(46592K)] [ParOldGen: 441344K->113169K(472064K)] 477990K->113169K(518656K), [Metaspace: 2796K->2796K(1056768K)], 0.0089340 secs] [Times: user=0.03 sys=0.00, real=0.01 secs] 
181.551: [GC (Allocation Failure) [PSYoungGen: 40747K->5120K(46592K)] 358716K->324113K(518656K), 0.0007745 secs] [Times: user=0.00 sys=0.00, real=0.00 secs] 
182.098: [GC (Allocation Failure) [PSYoungGen: 36653K->5120K(46592K)] 355647K->334353K(518656K), 0.0015282 secs] [Times: user=0.00 sys=0.00, real=0.00 secs] 
182.425: [GC (Allocation Failure) [PSYoungGen: 36648K->5120K(46592K)] 417081K->385553K(518656K), 0.0009968 secs] [Times: user=0.00 sys=0.00, real=0.00 secs] 
182.426: [GC (Allocation Failure) [PSYoungGen: 5120K->5120K(46592K)] 385553K->385553K(518656K), 0.0007214 secs] [Times: user=0.00 sys=0.00, real=0.00 secs] 
182.427: [Full GC (Allocation Failure) [PSYoungGen: 5120K->0K(46592K)] [ParOldGen: 380433K->57873K(472064K)] 385553K->57873K(518656K), [Metaspace: 2796K->2796K(1056768K)], 0.0053389 secs] [Times: user=0.01 sys=0.00, real=0.01 secs] 
183.425: [GC (Allocation Failure) [PSYoungGen: 33580K->1024K(46592K)] 193853K->166417K(518656K), 0.0010174 secs] [Times: user=0.00 sys=0.00, real=0.00 secs] 
184.953: [GC (Allocation Failure) [PSYoungGen: 39726K->0K(46592K)] 379200K->349713K(518656K), 0.0011882 secs] [Times: user=0.00 sys=0.00, real=0.00 secs] 
185.283: [GC (Allocation Failure) [PSYoungGen: 31536K->0K(46592K)] 432449K->411153K(518656K), 0.0013715 secs] [Times: user=0.00 sys=0.00, real=0.00 secs] 
185.284: [GC (Allocation Failure) [PSYoungGen: 0K->0K(46592K)] 411153K->411153K(518656K), 0.0007533 secs] [Times: user=0.00 sys=0.00, real=0.00 secs] 
185.285: [Full GC (Allocation Failure) [PSYoungGen: 0K->0K(46592K)] [ParOldGen: 411153K->61969K(472064K)] 411153K->61969K(518656K), [Metaspace: 2796K->2796K(1056768K)], 0.0057503 secs] [Times: user=0.05 sys=0.00, real=0.01 secs] 
186.281: [GC (Allocation Failure) [PSYoungGen: 33585K->5120K(46592K)] 197954K->174609K(518656K), 0.0010438 secs] [Times: user=0.00 sys=0.00, real=0.00 secs] 
187.374: [GC (Allocation Failure) [PSYoungGen: 43826K->5120K(46592K)] 387395K->358929K(518656K), 0.0012081 secs] [Times: user=0.00 sys=0.00, real=0.00 secs] 
188.681: [GC (Allocation Failure) [PSYoungGen: 41778K->0K(46592K)] 467267K->425489K(518656K), 0.0011232 secs] [Times: user=0.00 sys=0.00, real=0.00 secs] 
189.232: [GC (Allocation Failure) [PSYoungGen: 31538K->5120K(46592K)] 457028K->440849K(518656K), 0.0015941 secs] [Times: user=0.00 sys=0.00, real=0.00 secs] 
189.234: [Full GC (Ergonomics) [PSYoungGen: 5120K->0K(46592K)] [ParOldGen: 435729K->15889K(472064K)] 440849K->15889K(518656K), [Metaspace: 2796K->2796K(1056768K)], 0.0027577 secs] [Times: user=0.00 sys=0.00, real=0.00 secs] 
189.993: [GC (Allocation Failure) [PSYoungGen: 38699K->5120K(46592K)] 208188K->174609K(518656K), 0.0008707 secs] [Times: user=0.00 sys=0.00, real=0.00 secs] 
190.647: [GC (Allocation Failure) [PSYoungGen: 41774K->5120K(46592K)] 211263K->184849K(518656K), 0.0016071 secs] [Times: user=0.00 sys=0.00, real=0.00 secs] 
191.410: [GC (Allocation Failure) [PSYoungGen: 43817K->5152K(46592K)] 377147K->344625K(518656K), 0.0010429 secs] [Times: user=0.00 sys=0.00, real=0.00 secs] 
192.941: [GC (Allocation Failure) [PSYoungGen: 43853K->5152K(46592K)] 383326K->345649K(518656K), 0.0008540 secs] [Times: user=0.00 sys=0.00, real=0.00 secs] 
193.487: [GC (Allocation Failure) [PSYoungGen: 36681K->32K(46592K)] 377178K->361009K(518656K), 0.0016243 secs] [Times: user=0.00 sys=0.00, real=0.00 secs] 
193.815: [GC (Allocation Failure) [PSYoungGen: 31557K->32K(46592K)] 443734K->412209K(518656K), 0.0009290 secs] [Times: user=0.00 sys=0.00, real=0.00 secs] 
193.816: [GC (Allocation Failure) [PSYoungGen: 32K->32K(46592K)] 412209K->412209K(518656K), 0.0007692 secs] [Times: user=0.00 sys=0.00, real=0.00 secs] 
193.817: [Full GC (Allocation Failure) [PSYoungGen: 32K->0K(46592K)] [ParOldGen: 412177K->62993K(472064K)] 412209K->62993K(518656K), [Metaspace: 2796K->2796K(1056768K)], 0.0061741 secs] [Times: user=0.02 sys=0.00, real=0.01 secs] 
194.812: [GC (Allocation Failure) [PSYoungGen: 33578K->5152K(46592K)] 198971K->175665K(518656K), 0.0009682 secs] [Times: user=0.00 sys=0.00, real=0.00 secs] 
196.338: [GC (Allocation Failure) [PSYoungGen: 38733K->5184K(46592K)] 383326K->349777K(518656K), 0.0010565 secs] [Times: user=0.00 sys=0.00, real=0.00 secs] 
196.665: [GC (Allocation Failure) [PSYoungGen: 36719K->64K(46592K)] 432512K->416337K(518656K), 0.0020951 secs] [Times: user=0.00 sys=0.00, real=0.00 secs] 
196.667: [GC (Allocation Failure) [PSYoungGen: 64K->64K(46592K)] 416337K->416337K(518656K), 0.0008326 secs] [Times: user=0.00 sys=0.00, real=0.00 secs] 
196.668: [Full GC (Allocation Failure) [PSYoungGen: 64K->0K(46592K)] [ParOldGen: 416273K->72209K(472064K)] 416337K->72209K(518656K), [Metaspace: 2796K->2796K(1056768K)], 0.0061535 secs] [Times: user=0.00 sys=0.00, real=0.01 secs] 
197.665: [GC (Allocation Failure) [PSYoungGen: 33584K->5120K(46592K)] 208194K->184849K(518656K), 0.0010518 secs] [Times: user=0.00 sys=0.00, real=0.00 secs] 
198.755: [GC (Allocation Failure) [PSYoungGen: 43825K->5120K(46592K)] 397635K->358929K(518656K), 0.0008608 secs] [Times: user=0.00 sys=0.00, real=0.00 secs] 
199.525: [GC (Allocation Failure) [PSYoungGen: 41778K->5120K(46592K)] 467268K->430609K(518656K), 0.0009873 secs] [Times: user=0.00 sys=0.00, real=0.00 secs] 
199.526: [GC (Allocation Failure) [PSYoungGen: 5120K->5120K(46592K)] 430609K->430609K(518656K), 0.0010239 secs] [Times: user=0.00 sys=0.00, real=0.00 secs] 
199.527: [Full GC (Allocation Failure) [PSYoungGen: 5120K->0K(46592K)] [ParOldGen: 425489K->133649K(472064K)] 430609K->133649K(518656K), [Metaspace: 2796K->2796K(1056768K)], 0.0102482 secs] [Times: user=0.00 sys=0.00, real=0.01 secs] 
201.284: [GC (Allocation Failure) [PSYoungGen: 38706K->5120K(46592K)] 448836K->417297K(518656K), 0.0010639 secs] [Times: user=0.00 sys=0.00, real=0.00 secs] 
201.938: [GC (Allocation Failure) [PSYoungGen: 36658K->5120K(46592K)] 448836K->427537K(518656K), 0.0015543 secs] [Times: user=0.00 sys=0.00, real=0.00 secs] 
202.267: [GC (Allocation Failure) [PSYoungGen: 26411K->5120K(46592K)] 469309K->448017K(518656K), 0.0008901 secs] [Times: user=0.00 sys=0.00, real=0.00 secs] 
202.268: [Full GC (Ergonomics) [PSYoungGen: 5120K->0K(46592K)] [ParOldGen: 442897K->32273K(472064K)] 448017K->32273K(518656K), [Metaspace: 2796K->2796K(1056768K)], 0.0038580 secs] [Times: user=0.02 sys=0.00, real=0.00 secs] 
203.356: [GC (Allocation Failure) [PSYoungGen: 33582K->5120K(46592K)] 219456K->192017K(518656K), 0.0008799 secs] [Times: user=0.00 sys=0.00, real=0.00 secs] 
204.666: [GC (Allocation Failure) [PSYoungGen: 42800K->5120K(46592K)] 229697K->197137K(518656K), 0.0010678 secs] [Times: user=0.00 sys=0.00, real=0.00 secs] 
205.760: [GC (Allocation Failure) [PSYoungGen: 43819K->5120K(46592K)] 409916K->386577K(518656K), 0.0017114 secs] [Times: user=0.00 sys=0.00, real=0.00 secs] 
206.305: [GC (Allocation Failure) [PSYoungGen: 36653K->0K(46592K)] 418111K->391697K(518656K), 0.0012720 secs] [Times: user=0.00 sys=0.00, real=0.00 secs] 
206.633: [Full GC (Ergonomics) [PSYoungGen: 31528K->0K(46592K)] [ParOldGen: 442897K->92689K(472064K)] 474426K->92689K(518656K), [Metaspace: 2796K->2796K(1056768K)], 0.0079619 secs] [Times: user=0.00 sys=0.00, real=0.01 secs] 
208.397: [GC (Allocation Failure) [PSYoungGen: 40748K->1024K(46592K)] 389438K->349713K(518656K), 0.0005829 secs] [Times: user=0.00 sys=0.00, real=0.00 secs] 
209.051: [GC (Allocation Failure) [PSYoungGen: 32558K->5120K(46592K)] 381248K->358929K(518656K), 0.0011106 secs] [Times: user=0.00 sys=0.00, real=0.00 secs] 
209.489: [GC (Allocation Failure) [PSYoungGen: 26408K->5120K(46592K)] 451898K->430609K(518656K), 0.0010308 secs] [Times: user=0.00 sys=0.00, real=0.00 secs] 
209.490: [GC (Allocation Failure) [PSYoungGen: 5120K->5120K(46592K)] 430609K->430609K(518656K), 0.0011621 secs] [Times: user=0.00 sys=0.00, real=0.00 secs] 
209.492: [Full GC (Allocation Failure) [PSYoungGen: 5120K->0K(46592K)] [ParOldGen: 425489K->108049K(472064K)] 430609K->108049K(518656K), [Metaspace: 2796K->2796K(1056768K)], 0.0109669 secs] [Times: user=0.00 sys=0.00, real=0.01 secs] 
210.487: [GC (Allocation Failure) [PSYoungGen: 33580K->5120K(46592K)] 244030K->220689K(518656K), 0.0009495 secs] [Times: user=0.00 sys=0.00, real=0.00 secs] 
211.908: [GC (Allocation Failure) [PSYoungGen: 37678K->5120K(46592K)] 427328K->399889K(518656K), 0.0011335 secs] [Times: user=0.00 sys=0.00, real=0.00 secs] 
212.347: [Full GC (Ergonomics) [PSYoungGen: 26416K->0K(46592K)] [ParOldGen: 466449K->56849K(472064K)] 492866K->56849K(518656K), [Metaspace: 2796K->2796K(1056768K)], 0.0053880 secs] [Times: user=0.00 sys=0.00, real=0.01 secs] 
213.328: [GC (Allocation Failure) [PSYoungGen: 33585K->1024K(46592K)] 192835K->165393K(518656K), 0.0009594 secs] [Times: user=0.00 sys=0.00, real=0.00 secs] 
214.417: [GC (Allocation Failure) [PSYoungGen: 39730K->1024K(46592K)] 378179K->359953K(518656K), 0.0018445 secs] [Times: user=0.00 sys=0.00, real=0.00 secs] 
215.507: [GC (Allocation Failure) [PSYoungGen: 37682K->0K(46592K)] 396612K->369169K(518656K), 0.0012755 secs] [Times: user=0.00 sys=0.00, real=0.00 secs] 
216.160: [GC (Allocation Failure) [PSYoungGen: 31532K->5120K(46592K)] 400702K->379409K(518656K), 0.0011304 secs] [Times: user=0.00 sys=0.00, real=0.00 secs] 
216.597: [Full GC (Ergonomics) [PSYoungGen: 26407K->0K(46592K)] [ParOldGen: 445969K->77329K(472064K)] 472377K->77329K(518656K), [Metaspace: 2796K->2796K(1056768K)], 0.0070876 secs] [Times: user=0.02 sys=0.00, real=0.01 secs] 
217.591: [GC (Allocation Failure) [PSYoungGen: 33579K->5120K(46592K)] 213309K->189969K(518656K), 0.0010146 secs] [Times: user=0.00 sys=0.00, real=0.00 secs] 
218.683: [GC (Allocation Failure) [PSYoungGen: 43822K->5120K(46592K)] 402752K->369169K(518656K), 0.0010169 secs] [Times: user=0.00 sys=0.00, real=0.00 secs] 
Heap
 PSYoungGen      total 46592K, used 11875K [0x00000000fcd00000, 0x0000000100000000, 0x0000000100000000)
  eden space 40960K, 16% used [0x00000000fcd00000,0x00000000fd398e20,0x00000000ff500000)
  from space 5632K, 90% used [0x00000000ffa80000,0x00000000fff80010,0x0000000100000000)
  to   space 5632K, 0% used [0x00000000ff500000,0x00000000ff500000,0x00000000ffa80000)
 ParOldGen       total 472064K, used 364049K [0x00000000e0000000, 0x00000000fcd00000, 0x00000000fcd00000)
  object space 472064K, 77% used [0x00000000e0000000,0x00000000f6384770,0x00000000fcd00000)
 Metaspace       used 2804K, capacity 4486K, committed 4864K, reserved 1056768K
  class space    used 297K, capacity 386K, committed 512K, reserved 1048576K
