Java HotSpot(TM) 64-Bit Server VM (25.411-b09) for windows-amd64 JRE (1.8.0_411-b09), built on Mar 13 2024 07:26:13 by "java_re" with MS VC++ 17.1 (VS2022)
Memory: 4k page, physical 33403376k(14988696k free), swap 38563536k(7857788k free)
CommandLine flags: -XX:InitialHeapSize=1073741824 -XX:MaxHeapSize=1073741824 -XX:NewRatio=9 -XX:ParallelGCThreads=6 -XX:+PrintGC -XX:+PrintGCDetails -XX:+PrintGCTimeStamps -XX:SurvivorRatio=3 -XX:-UseAdaptiveSizePolicy -XX:+UseCompressedClassPointers -XX:+UseCompressedOops -XX:-UseLargePagesIndividualAllocation -XX:+UseParallelGC 
1.159: [GC (Allocation Failure) [PSYoungGen: 55787K->16080K(83968K)] 55787K->16088K(1028096K), 0.0042779 secs] [Times: user=0.00 sys=0.00, real=0.00 secs] 
2.404: [GC (Allocation Failure) [PSYoungGen: 69545K->17072K(83968K)] 223153K->170688K(1028096K), 0.0029127 secs] [Times: user=0.00 sys=0.00, real=0.00 secs] 
3.540: [GC (Allocation Failure) [PSYoungGen: 75667K->18024K(83968K)] 382883K->325240K(1028096K), 0.0020657 secs] [Times: user=0.00 sys=0.00, real=0.00 secs] 
5.282: [GC (Allocation Failure) [PSYoungGen: 75601K->10912K(83968K)] 382817K->318128K(1028096K), 0.0011430 secs] [Times: user=0.00 sys=0.00, real=0.00 secs] 
6.421: [GC (Allocation Failure) [PSYoungGen: 69516K->16064K(83968K)] 530332K->487120K(1028096K), 0.0042793 secs] [Times: user=0.08 sys=0.00, real=0.00 secs] 
7.557: [GC (Allocation Failure) [PSYoungGen: 75306K->11864K(83968K)] 699962K->657008K(1028096K), 0.0156472 secs] [Times: user=0.00 sys=0.00, real=0.02 secs] 
9.474: [GC (Allocation Failure) [PSYoungGen: 70473K->10808K(83968K)] 869218K->809552K(1028096K), 0.0022490 secs] [Times: user=0.00 sys=0.00, real=0.00 secs] 
10.147: [GC (Allocation Failure) [PSYoungGen: 63275K->5672K(83968K)] 913219K->855616K(1028096K), 0.0018011 secs] [Times: user=0.00 sys=0.00, real=0.00 secs] 
10.149: [GC (Allocation Failure) [PSYoungGen: 5672K->5688K(83968K)] 855616K->855632K(1028096K), 0.0015877 secs] [Times: user=0.00 sys=0.00, real=0.00 secs] 
10.151: [Full GC (Allocation Failure) [PSYoungGen: 5688K->0K(83968K)] [ParOldGen: 849944K->108048K(944128K)] 855632K->108048K(1028096K), [Metaspace: 2761K->2761K(1056768K)], 0.0172651 secs] [Times: user=0.00 sys=0.00, real=0.02 secs] 
11.364: [GC (Allocation Failure) [PSYoungGen: 53492K->15360K(83968K)] 263941K->225808K(1028096K), 0.0015037 secs] [Times: user=0.00 sys=0.00, real=0.00 secs] 
12.780: [GC (Allocation Failure) [PSYoungGen: 68241K->15392K(83968K)] 432290K->379448K(1028096K), 0.0016756 secs] [Times: user=0.00 sys=0.00, real=0.00 secs] 
13.982: [GC (Allocation Failure) [PSYoungGen: 68885K->11296K(83968K)] 586542K->528953K(1028096K), 0.0012151 secs] [Times: user=0.00 sys=0.00, real=0.00 secs] 
15.073: [GC (Allocation Failure) [PSYoungGen: 69909K->16416K(83968K)] 741166K->697913K(1028096K), 0.0024589 secs] [Times: user=0.00 sys=0.00, real=0.00 secs] 
16.707: [GC (Allocation Failure) [PSYoungGen: 79125K->10336K(83968K)] 760622K->691833K(1028096K), 0.0020362 secs] [Times: user=0.00 sys=0.00, real=0.00 secs] 
17.800: [GC (Allocation Failure) [PSYoungGen: 68948K->10272K(83968K)] 904045K->865849K(1028096K), 0.0040924 secs] [Times: user=0.00 sys=0.00, real=0.00 secs] 
18.688: [Full GC (Ergonomics) [PSYoungGen: 72980K->0K(83968K)] [ParOldGen: 906777K->82449K(944128K)] 979757K->82449K(1028096K), [Metaspace: 2770K->2770K(1056768K)], 0.0093790 secs] [Times: user=0.00 sys=0.00, real=0.01 secs] 
21.109: [GC (Allocation Failure) [PSYoungGen: 55541K->10240K(83968K)] 393990K->348689K(1028096K), 0.0011330 secs] [Times: user=0.00 sys=0.00, real=0.00 secs] 
22.199: [GC (Allocation Failure) [PSYoungGen: 68853K->11264K(83968K)] 560902K->503313K(1028096K), 0.0011033 secs] [Times: user=0.00 sys=0.00, real=0.00 secs] 
23.837: [GC (Allocation Failure) [PSYoungGen: 69877K->1024K(83968K)] 715526K->646673K(1028096K), 0.0011746 secs] [Times: user=0.00 sys=0.00, real=0.00 secs] 
24.931: [GC (Allocation Failure) [PSYoungGen: 59637K->10240K(83968K)] 858886K->819729K(1028096K), 0.0019222 secs] [Times: user=0.00 sys=0.00, real=0.00 secs] 
25.803: [GC (Allocation Failure) [PSYoungGen: 72949K->15360K(83968K)] 933639K->876049K(1028096K), 0.0019998 secs] [Times: user=0.00 sys=0.00, real=0.00 secs] 
25.805: [GC (Allocation Failure) [PSYoungGen: 15360K->15360K(83968K)] 876049K->876049K(1028096K), 0.0017181 secs] [Times: user=0.00 sys=0.00, real=0.00 secs] 
25.807: [Full GC (Allocation Failure) [PSYoungGen: 15360K->0K(83968K)] [ParOldGen: 860689K->77329K(944128K)] 876049K->77329K(1028096K), [Metaspace: 2779K->2779K(1056768K)], 0.0073425 secs] [Times: user=0.02 sys=0.00, real=0.01 secs] 
27.021: [GC (Allocation Failure) [PSYoungGen: 53493K->15360K(83968K)] 233223K->195089K(1028096K), 0.0015215 secs] [Times: user=0.00 sys=0.00, real=0.00 secs] 
28.334: [GC (Allocation Failure) [PSYoungGen: 73218K->15424K(83968K)] 252947K->195161K(1028096K), 0.0013544 secs] [Times: user=0.00 sys=0.00, real=0.00 secs] 
29.534: [GC (Allocation Failure) [PSYoungGen: 74033K->15424K(83968K)] 407371K->348769K(1028096K), 0.0016870 secs] [Times: user=0.00 sys=0.00, real=0.00 secs] 
30.626: [GC (Allocation Failure) [PSYoungGen: 74035K->15456K(83968K)] 560980K->502401K(1028096K), 0.0018309 secs] [Times: user=0.00 sys=0.00, real=0.00 secs] 
32.595: [GC (Allocation Failure) [PSYoungGen: 74068K->16480K(83968K)] 663413K->605825K(1028096K), 0.0023521 secs] [Times: user=0.00 sys=0.00, real=0.00 secs] 
33.796: [GC (Allocation Failure) [PSYoungGen: 75092K->12320K(83968K)] 818038K->755265K(1028096K), 0.0015690 secs] [Times: user=0.00 sys=0.00, real=0.00 secs] 
35.325: [GC (Allocation Failure) [PSYoungGen: 65813K->5184K(83968K)] 962358K->901729K(1028096K), 0.0021784 secs] [Times: user=0.00 sys=0.00, real=0.00 secs] 
35.651: [GC (Allocation Failure) [PSYoungGen: 47413K->10304K(83968K)] 943958K->927329K(1028096K), 0.0051212 secs] [Times: user=0.02 sys=0.00, real=0.00 secs] 
35.657: [Full GC (Ergonomics) [PSYoungGen: 10304K->0K(83968K)] [ParOldGen: 917025K->31249K(944128K)] 927329K->31249K(1028096K), [Metaspace: 2793K->2793K(1056768K)], 0.0044050 secs] [Times: user=0.00 sys=0.00, real=0.00 secs] 
36.212: [GC (Allocation Failure) [PSYoungGen: 58610K->5120K(83968K)] 192260K->138769K(1028096K), 0.0007548 secs] [Times: user=0.00 sys=0.00, real=0.00 secs] 
36.979: [GC (Allocation Failure) [PSYoungGen: 52468K->15360K(83968K)] 186117K->149009K(1028096K), 0.0014168 secs] [Times: user=0.00 sys=0.00, real=0.00 secs] 
38.187: [GC (Allocation Failure) [PSYoungGen: 68850K->15360K(83968K)] 356099K->323089K(1028096K), 0.0027511 secs] [Times: user=0.02 sys=0.00, real=0.00 secs] 
39.612: [GC (Allocation Failure) [PSYoungGen: 78067K->10240K(83968K)] 436997K->369169K(1028096K), 0.0012738 secs] [Times: user=0.00 sys=0.00, real=0.00 secs] 
40.703: [GC (Allocation Failure) [PSYoungGen: 68852K->10240K(83968K)] 581381K->522769K(1028096K), 0.0013028 secs] [Times: user=0.00 sys=0.00, real=0.00 secs] 
41.793: [GC (Allocation Failure) [PSYoungGen: 68852K->12288K(83968K)] 734982K->678417K(1028096K), 0.0018824 secs] [Times: user=0.00 sys=0.00, real=0.00 secs] 
43.758: [GC (Allocation Failure) [PSYoungGen: 70901K->6144K(83968K)] 737030K->672273K(1028096K), 0.0016536 secs] [Times: user=0.00 sys=0.00, real=0.00 secs] 
44.857: [GC (Allocation Failure) [PSYoungGen: 64755K->11264K(83968K)] 884485K->841233K(1028096K), 0.0020315 secs] [Times: user=0.00 sys=0.00, real=0.00 secs] 
45.732: [GC (Allocation Failure) [PSYoungGen: 73972K->16384K(83968K)] 955142K->897553K(1028096K), 0.0019426 secs] [Times: user=0.00 sys=0.00, real=0.00 secs] 
45.734: [GC (Allocation Failure) [PSYoungGen: 16384K->16384K(83968K)] 897553K->897553K(1028096K), 0.0017157 secs] [Times: user=0.02 sys=0.00, real=0.00 secs] 
45.736: [Full GC (Allocation Failure) [PSYoungGen: 16384K->0K(83968K)] [ParOldGen: 881169K->78353K(944128K)] 897553K->78353K(1028096K), [Metaspace: 2795K->2795K(1056768K)], 0.0074507 secs] [Times: user=0.00 sys=0.00, real=0.01 secs] 
47.820: [GC (Allocation Failure) [PSYoungGen: 60660K->10240K(83968K)] 395014K->365073K(1028096K), 0.0025186 secs] [Times: user=0.00 sys=0.00, real=0.00 secs] 
48.908: [GC (Allocation Failure) [PSYoungGen: 68853K->6144K(83968K)] 577286K->514577K(1028096K), 0.0010344 secs] [Times: user=0.00 sys=0.00, real=0.00 secs] 
49.781: [GC (Allocation Failure) [PSYoungGen: 58613K->15360K(83968K)] 567047K->528913K(1028096K), 0.0019743 secs] [Times: user=0.02 sys=0.00, real=0.00 secs] 
51.206: [GC (Allocation Failure) [PSYoungGen: 72947K->15360K(83968K)] 740101K->682513K(1028096K), 0.0018072 secs] [Times: user=0.00 sys=0.00, real=0.00 secs] 
52.407: [GC (Allocation Failure) [PSYoungGen: 68852K->16384K(83968K)] 889605K->837137K(1028096K), 0.0020376 secs] [Times: user=0.00 sys=0.00, real=0.00 secs] 
52.845: [GC (Allocation Failure) [PSYoungGen: 58612K->11264K(83968K)] 930566K->883217K(1028096K), 0.0017419 secs] [Times: user=0.00 sys=0.00, real=0.00 secs] 
52.847: [GC (Allocation Failure) [PSYoungGen: 11264K->11264K(83968K)] 883217K->883217K(1028096K), 0.0012688 secs] [Times: user=0.00 sys=0.00, real=0.00 secs] 
52.848: [Full GC (Allocation Failure) [PSYoungGen: 11264K->0K(83968K)] [ParOldGen: 871953K->62993K(944128K)] 883217K->62993K(1028096K), [Metaspace: 2795K->2795K(1056768K)], 0.0064165 secs] [Times: user=0.00 sys=0.00, real=0.01 secs] 
54.935: [GC (Allocation Failure) [PSYoungGen: 59637K->10240K(83968K)] 225030K->175633K(1028096K), 0.0012911 secs] [Times: user=0.00 sys=0.00, real=0.00 secs] 
56.026: [GC (Allocation Failure) [PSYoungGen: 68853K->16384K(83968K)] 387846K->335377K(1028096K), 0.0016070 secs] [Times: user=0.00 sys=0.00, real=0.00 secs] 
56.899: [GC (Allocation Failure) [PSYoungGen: 68853K->10240K(83968K)] 387847K->349713K(1028096K), 0.0021994 secs] [Times: user=0.00 sys=0.00, real=0.00 secs] 
58.869: [GC (Allocation Failure) [PSYoungGen: 70899K->1024K(83968K)] 717573K->647697K(1028096K), 0.0013537 secs] [Times: user=0.00 sys=0.00, real=0.00 secs] 
59.741: [GC (Allocation Failure) [PSYoungGen: 53492K->15360K(83968K)] 700165K->662033K(1028096K), 0.0017107 secs] [Times: user=0.00 sys=0.00, real=0.00 secs] 
60.942: [GC (Allocation Failure) [PSYoungGen: 68850K->15360K(83968K)] 869124K->815633K(1028096K), 0.0014960 secs] [Times: user=0.00 sys=0.00, real=0.00 secs] 
61.381: [GC (Allocation Failure) [PSYoungGen: 57587K->10240K(83968K)] 909061K->861713K(1028096K), 0.0015187 secs] [Times: user=0.00 sys=0.00, real=0.00 secs] 
61.382: [GC (Allocation Failure) [PSYoungGen: 10240K->10240K(83968K)] 861713K->861713K(1028096K), 0.0015556 secs] [Times: user=0.00 sys=0.00, real=0.00 secs] 
61.384: [Full GC (Allocation Failure) [PSYoungGen: 10240K->0K(83968K)] [ParOldGen: 851473K->215569K(944128K)] 861713K->215569K(1028096K), [Metaspace: 2796K->2796K(1056768K)], 0.0165229 secs] [Times: user=0.00 sys=0.00, real=0.02 secs] 
63.248: [GC (Allocation Failure) [PSYoungGen: 59636K->11264K(83968K)] 531206K->482833K(1028096K), 0.0011136 secs] [Times: user=0.00 sys=0.00, real=0.00 secs] 
64.008: [GC (Allocation Failure) [PSYoungGen: 58613K->16384K(83968K)] 530182K->498193K(1028096K), 0.0020634 secs] [Times: user=0.00 sys=0.00, real=0.00 secs] 
65.210: [GC (Allocation Failure) [PSYoungGen: 69875K->16384K(83968K)] 705284K->662033K(1028096K), 0.0021580 secs] [Times: user=0.00 sys=0.00, real=0.00 secs] 
66.733: [GC (Allocation Failure) [PSYoungGen: 79092K->15360K(83968K)] 724741K->661009K(1028096K), 0.0015273 secs] [Times: user=0.00 sys=0.00, real=0.00 secs] 
67.933: [GC (Allocation Failure) [PSYoungGen: 73971K->15360K(83968K)] 873220K->835089K(1028096K), 0.0030061 secs] [Times: user=0.00 sys=0.00, real=0.00 secs] 
68.478: [GC (Allocation Failure) [PSYoungGen: 62708K->10240K(83968K)] 933637K->881169K(1028096K), 0.0019309 secs] [Times: user=0.00 sys=0.00, real=0.00 secs] 
68.480: [GC (Allocation Failure) [PSYoungGen: 10240K->10240K(83968K)] 881169K->881169K(1028096K), 0.0012049 secs] [Times: user=0.00 sys=0.00, real=0.00 secs] 
68.482: [Full GC (Allocation Failure) [PSYoungGen: 10240K->0K(83968K)] [ParOldGen: 870929K->82449K(944128K)] 881169K->82449K(1028096K), [Metaspace: 2796K->2796K(1056768K)], 0.0073784 secs] [Times: user=0.00 sys=0.00, real=0.01 secs] 
70.895: [GC (Allocation Failure) [PSYoungGen: 55540K->10240K(83968K)] 393990K->348689K(1028096K), 0.0012580 secs] [Times: user=0.00 sys=0.00, real=0.00 secs] 
71.984: [GC (Allocation Failure) [PSYoungGen: 68853K->11264K(83968K)] 560902K->503313K(1028096K), 0.0012228 secs] [Times: user=0.00 sys=0.00, real=0.00 secs] 
73.621: [GC (Allocation Failure) [PSYoungGen: 69877K->1024K(83968K)] 715526K->646673K(1028096K), 0.0012339 secs] [Times: user=0.00 sys=0.00, real=0.00 secs] 
74.708: [GC (Allocation Failure) [PSYoungGen: 59637K->15360K(83968K)] 858887K->819729K(1028096K), 0.0019204 secs] [Times: user=0.00 sys=0.00, real=0.00 secs] 
75.583: [GC (Allocation Failure) [PSYoungGen: 78069K->15360K(83968K)] 933639K->881169K(1028096K), 0.0021804 secs] [Times: user=0.00 sys=0.00, real=0.00 secs] 
75.585: [GC (Allocation Failure) [PSYoungGen: 15360K->15360K(83968K)] 881169K->881169K(1028096K), 0.0014526 secs] [Times: user=0.00 sys=0.00, real=0.00 secs] 
75.587: [Full GC (Allocation Failure) [PSYoungGen: 15360K->0K(83968K)] [ParOldGen: 865809K->77329K(944128K)] 881169K->77329K(1028096K), [Metaspace: 2796K->2796K(1056768K)], 0.0074224 secs] [Times: user=0.00 sys=0.00, real=0.01 secs] 
76.799: [GC (Allocation Failure) [PSYoungGen: 53493K->15360K(83968K)] 233223K->195089K(1028096K), 0.0014643 secs] [Times: user=0.00 sys=0.00, real=0.00 secs] 
78.112: [GC (Allocation Failure) [PSYoungGen: 72949K->15360K(83968K)] 252679K->195089K(1028096K), 0.0018231 secs] [Times: user=0.00 sys=0.00, real=0.00 secs] 
79.312: [GC (Allocation Failure) [PSYoungGen: 73971K->15360K(83968K)] 407301K->348689K(1028096K), 0.0013708 secs] [Times: user=0.01 sys=0.00, real=0.00 secs] 
80.405: [GC (Allocation Failure) [PSYoungGen: 73972K->15360K(83968K)] 560902K->502289K(1028096K), 0.0013364 secs] [Times: user=0.02 sys=0.00, real=0.00 secs] 
82.368: [GC (Allocation Failure) [PSYoungGen: 73973K->16384K(83968K)] 663302K->605713K(1028096K), 0.0019084 secs] [Times: user=0.00 sys=0.00, real=0.00 secs] 
83.568: [GC (Allocation Failure) [PSYoungGen: 74997K->12288K(83968K)] 817926K->755217K(1028096K), 0.0015923 secs] [Times: user=0.00 sys=0.00, real=0.00 secs] 
85.098: [GC (Allocation Failure) [PSYoungGen: 65781K->5120K(83968K)] 962311K->901649K(1028096K), 0.0016484 secs] [Times: user=0.01 sys=0.00, real=0.00 secs] 
85.424: [GC (Allocation Failure) [PSYoungGen: 47349K->10240K(83968K)] 943879K->927249K(1028096K), 0.0026329 secs] [Times: user=0.00 sys=0.00, real=0.00 secs] 
85.426: [Full GC (Ergonomics) [PSYoungGen: 10240K->0K(83968K)] [ParOldGen: 917009K->31249K(944128K)] 927249K->31249K(1028096K), [Metaspace: 2796K->2796K(1056768K)], 0.0044191 secs] [Times: user=0.00 sys=0.00, real=0.01 secs] 
85.969: [GC (Allocation Failure) [PSYoungGen: 58611K->5120K(83968K)] 192260K->138769K(1028096K), 0.0009376 secs] [Times: user=0.00 sys=0.00, real=0.00 secs] 
86.735: [GC (Allocation Failure) [PSYoungGen: 52468K->15360K(83968K)] 186117K->149009K(1028096K), 0.0014573 secs] [Times: user=0.00 sys=0.00, real=0.00 secs] 
87.938: [GC (Allocation Failure) [PSYoungGen: 68850K->15360K(83968K)] 356099K->323089K(1028096K), 0.0029409 secs] [Times: user=0.00 sys=0.00, real=0.00 secs] 
89.360: [GC (Allocation Failure) [PSYoungGen: 78067K->10240K(83968K)] 436997K->369169K(1028096K), 0.0011492 secs] [Times: user=0.00 sys=0.00, real=0.00 secs] 
90.452: [GC (Allocation Failure) [PSYoungGen: 68852K->10240K(83968K)] 581381K->522769K(1028096K), 0.0012783 secs] [Times: user=0.02 sys=0.00, real=0.00 secs] 
91.547: [GC (Allocation Failure) [PSYoungGen: 68852K->12288K(83968K)] 734982K->678417K(1028096K), 0.0015774 secs] [Times: user=0.03 sys=0.00, real=0.00 secs] 
93.510: [GC (Allocation Failure) [PSYoungGen: 70901K->6144K(83968K)] 737030K->672273K(1028096K), 0.0015211 secs] [Times: user=0.00 sys=0.00, real=0.00 secs] 
94.600: [GC (Allocation Failure) [PSYoungGen: 64755K->16384K(83968K)] 884485K->841233K(1028096K), 0.0020409 secs] [Times: user=0.00 sys=0.00, real=0.00 secs] 
95.471: [GC (Allocation Failure) [PSYoungGen: 79092K->16384K(83968K)] 955142K->902673K(1028096K), 0.0022645 secs] [Times: user=0.00 sys=0.00, real=0.00 secs] 
95.473: [GC (Allocation Failure) [PSYoungGen: 16384K->16384K(83968K)] 902673K->902673K(1028096K), 0.0015620 secs] [Times: user=0.00 sys=0.00, real=0.00 secs] 
95.474: [Full GC (Allocation Failure) [PSYoungGen: 16384K->0K(83968K)] [ParOldGen: 886289K->78353K(944128K)] 902673K->78353K(1028096K), [Metaspace: 2796K->2796K(1056768K)], 0.0075085 secs] [Times: user=0.00 sys=0.00, real=0.01 secs] 
97.560: [GC (Allocation Failure) [PSYoungGen: 60660K->10240K(83968K)] 395014K->365073K(1028096K), 0.0025535 secs] [Times: user=0.00 sys=0.00, real=0.00 secs] 
98.651: [GC (Allocation Failure) [PSYoungGen: 68853K->6144K(83968K)] 577286K->514577K(1028096K), 0.0011123 secs] [Times: user=0.00 sys=0.00, real=0.00 secs] 
99.524: [GC (Allocation Failure) [PSYoungGen: 58613K->15360K(83968K)] 567047K->528913K(1028096K), 0.0019103 secs] [Times: user=0.00 sys=0.00, real=0.00 secs] 
100.944: [GC (Allocation Failure) [PSYoungGen: 72947K->15360K(83968K)] 740101K->682513K(1028096K), 0.0018372 secs] [Times: user=0.00 sys=0.00, real=0.00 secs] 
102.147: [GC (Allocation Failure) [PSYoungGen: 68852K->16384K(83968K)] 889605K->837137K(1028096K), 0.0015896 secs] [Times: user=0.00 sys=0.00, real=0.00 secs] 
102.585: [GC (Allocation Failure) [PSYoungGen: 58612K->11264K(83968K)] 930566K->883217K(1028096K), 0.0014220 secs] [Times: user=0.00 sys=0.00, real=0.00 secs] 
102.587: [GC (Allocation Failure) [PSYoungGen: 11264K->11264K(83968K)] 883217K->883217K(1028096K), 0.0015803 secs] [Times: user=0.00 sys=0.00, real=0.00 secs] 
102.589: [Full GC (Allocation Failure) [PSYoungGen: 11264K->0K(83968K)] [ParOldGen: 871953K->62993K(944128K)] 883217K->62993K(1028096K), [Metaspace: 2796K->2796K(1056768K)], 0.0062442 secs] [Times: user=0.00 sys=0.00, real=0.01 secs] 
104.670: [GC (Allocation Failure) [PSYoungGen: 59637K->10240K(83968K)] 225030K->175633K(1028096K), 0.0011276 secs] [Times: user=0.00 sys=0.00, real=0.00 secs] 
105.756: [GC (Allocation Failure) [PSYoungGen: 68853K->16384K(83968K)] 387846K->335377K(1028096K), 0.0016032 secs] [Times: user=0.00 sys=0.00, real=0.00 secs] 
106.632: [GC (Allocation Failure) [PSYoungGen: 68853K->15360K(83968K)] 387847K->349713K(1028096K), 0.0026856 secs] [Times: user=0.00 sys=0.00, real=0.00 secs] 
108.595: [GC (Allocation Failure) [PSYoungGen: 76019K->1024K(83968K)] 717573K->642577K(1028096K), 0.0013882 secs] [Times: user=0.00 sys=0.00, real=0.00 secs] 
109.466: [GC (Allocation Failure) [PSYoungGen: 53492K->15360K(83968K)] 695045K->656913K(1028096K), 0.0018249 secs] [Times: user=0.00 sys=0.00, real=0.00 secs] 
110.665: [GC (Allocation Failure) [PSYoungGen: 68850K->15360K(83968K)] 864004K->810513K(1028096K), 0.0020160 secs] [Times: user=0.00 sys=0.00, real=0.00 secs] 
111.102: [GC (Allocation Failure) [PSYoungGen: 57587K->10240K(83968K)] 903941K->856593K(1028096K), 0.0025670 secs] [Times: user=0.00 sys=0.00, real=0.00 secs] 
111.104: [GC (Allocation Failure) [PSYoungGen: 10240K->10240K(83968K)] 856593K->856593K(1028096K), 0.0017912 secs] [Times: user=0.00 sys=0.00, real=0.00 secs] 
111.106: [Full GC (Allocation Failure) [PSYoungGen: 10240K->0K(83968K)] [ParOldGen: 846353K->215569K(944128K)] 856593K->215569K(1028096K), [Metaspace: 2796K->2796K(1056768K)], 0.0162907 secs] [Times: user=0.00 sys=0.00, real=0.02 secs] 
112.970: [GC (Allocation Failure) [PSYoungGen: 59636K->11264K(83968K)] 531206K->482833K(1028096K), 0.0012889 secs] [Times: user=0.00 sys=0.00, real=0.00 secs] 
113.735: [GC (Allocation Failure) [PSYoungGen: 58613K->16384K(83968K)] 530182K->498193K(1028096K), 0.0021663 secs] [Times: user=0.00 sys=0.00, real=0.00 secs] 
114.936: [GC (Allocation Failure) [PSYoungGen: 69875K->16384K(83968K)] 705284K->662033K(1028096K), 0.0024310 secs] [Times: user=0.02 sys=0.00, real=0.00 secs] 
116.468: [GC (Allocation Failure) [PSYoungGen: 79092K->15360K(83968K)] 724741K->661009K(1028096K), 0.0016167 secs] [Times: user=0.00 sys=0.00, real=0.00 secs] 
117.671: [GC (Allocation Failure) [PSYoungGen: 73971K->15360K(83968K)] 873220K->835089K(1028096K), 0.0034101 secs] [Times: user=0.00 sys=0.00, real=0.00 secs] 
118.215: [GC (Allocation Failure) [PSYoungGen: 62708K->10240K(83968K)] 933637K->881169K(1028096K), 0.0012453 secs] [Times: user=0.00 sys=0.00, real=0.00 secs] 
118.216: [GC (Allocation Failure) [PSYoungGen: 10240K->10240K(83968K)] 881169K->881169K(1028096K), 0.0013980 secs] [Times: user=0.00 sys=0.00, real=0.00 secs] 
118.218: [Full GC (Allocation Failure) [PSYoungGen: 10240K->0K(83968K)] [ParOldGen: 870929K->82449K(944128K)] 881169K->82449K(1028096K), [Metaspace: 2796K->2796K(1056768K)], 0.0076221 secs] [Times: user=0.00 sys=0.00, real=0.01 secs] 
120.630: [GC (Allocation Failure) [PSYoungGen: 55540K->10240K(83968K)] 393990K->348689K(1028096K), 0.0013995 secs] [Times: user=0.00 sys=0.00, real=0.00 secs] 
121.720: [GC (Allocation Failure) [PSYoungGen: 68853K->11264K(83968K)] 560902K->503313K(1028096K), 0.0012114 secs] [Times: user=0.00 sys=0.00, real=0.00 secs] 
123.365: [GC (Allocation Failure) [PSYoungGen: 69877K->1024K(83968K)] 715526K->646673K(1028096K), 0.0014401 secs] [Times: user=0.00 sys=0.00, real=0.00 secs] 
124.459: [GC (Allocation Failure) [PSYoungGen: 59637K->15360K(83968K)] 858887K->819729K(1028096K), 0.0019495 secs] [Times: user=0.00 sys=0.00, real=0.00 secs] 
125.334: [GC (Allocation Failure) [PSYoungGen: 78069K->10240K(83968K)] 933639K->876049K(1028096K), 0.0024108 secs] [Times: user=0.00 sys=0.00, real=0.00 secs] 
125.336: [GC (Allocation Failure) [PSYoungGen: 10240K->10240K(83968K)] 876049K->876049K(1028096K), 0.0014311 secs] [Times: user=0.00 sys=0.00, real=0.00 secs] 
125.337: [Full GC (Allocation Failure) [PSYoungGen: 10240K->0K(83968K)] [ParOldGen: 865809K->77329K(944128K)] 876049K->77329K(1028096K), [Metaspace: 2796K->2796K(1056768K)], 0.0072017 secs] [Times: user=0.00 sys=0.00, real=0.01 secs] 
126.546: [GC (Allocation Failure) [PSYoungGen: 53493K->15360K(83968K)] 233223K->195089K(1028096K), 0.0015994 secs] [Times: user=0.00 sys=0.00, real=0.00 secs] 
127.852: [GC (Allocation Failure) [PSYoungGen: 72949K->15360K(83968K)] 252679K->195089K(1028096K), 0.0015149 secs] [Times: user=0.00 sys=0.00, real=0.00 secs] 
129.055: [GC (Allocation Failure) [PSYoungGen: 73971K->15360K(83968K)] 407301K->348689K(1028096K), 0.0012538 secs] [Times: user=0.00 sys=0.00, real=0.00 secs] 
130.148: [GC (Allocation Failure) [PSYoungGen: 73972K->15360K(83968K)] 560902K->502289K(1028096K), 0.0015122 secs] [Times: user=0.00 sys=0.00, real=0.00 secs] 
132.109: [GC (Allocation Failure) [PSYoungGen: 73973K->16384K(83968K)] 663302K->605713K(1028096K), 0.0016259 secs] [Times: user=0.00 sys=0.00, real=0.00 secs] 
133.312: [GC (Allocation Failure) [PSYoungGen: 74997K->12288K(83968K)] 817926K->755217K(1028096K), 0.0013544 secs] [Times: user=0.00 sys=0.00, real=0.00 secs] 
134.839: [GC (Allocation Failure) [PSYoungGen: 65781K->5120K(83968K)] 962311K->901649K(1028096K), 0.0019197 secs] [Times: user=0.00 sys=0.00, real=0.00 secs] 
135.172: [GC (Allocation Failure) [PSYoungGen: 47349K->10240K(83968K)] 943879K->927249K(1028096K), 0.0025982 secs] [Times: user=0.00 sys=0.00, real=0.00 secs] 
135.174: [Full GC (Ergonomics) [PSYoungGen: 10240K->0K(83968K)] [ParOldGen: 917009K->31249K(944128K)] 927249K->31249K(1028096K), [Metaspace: 2796K->2796K(1056768K)], 0.0044527 secs] [Times: user=0.00 sys=0.00, real=0.01 secs] 
135.716: [GC (Allocation Failure) [PSYoungGen: 58611K->5120K(83968K)] 192260K->138769K(1028096K), 0.0008812 secs] [Times: user=0.00 sys=0.00, real=0.00 secs] 
136.480: [GC (Allocation Failure) [PSYoungGen: 52468K->15360K(83968K)] 186117K->149009K(1028096K), 0.0014952 secs] [Times: user=0.00 sys=0.00, real=0.00 secs] 
137.681: [GC (Allocation Failure) [PSYoungGen: 68850K->15360K(83968K)] 356099K->323089K(1028096K), 0.0030756 secs] [Times: user=0.00 sys=0.00, real=0.00 secs] 
139.098: [GC (Allocation Failure) [PSYoungGen: 78067K->10240K(83968K)] 436997K->369169K(1028096K), 0.0011070 secs] [Times: user=0.00 sys=0.00, real=0.00 secs] 
140.191: [GC (Allocation Failure) [PSYoungGen: 68852K->10240K(83968K)] 581381K->522769K(1028096K), 0.0012341 secs] [Times: user=0.00 sys=0.00, real=0.00 secs] 
141.284: [GC (Allocation Failure) [PSYoungGen: 68852K->12288K(83968K)] 734982K->678417K(1028096K), 0.0013474 secs] [Times: user=0.00 sys=0.00, real=0.00 secs] 
143.247: [GC (Allocation Failure) [PSYoungGen: 70901K->6144K(83968K)] 737030K->672273K(1028096K), 0.0012174 secs] [Times: user=0.00 sys=0.00, real=0.00 secs] 
144.342: [GC (Allocation Failure) [PSYoungGen: 64755K->11264K(83968K)] 884485K->841233K(1028096K), 0.0021447 secs] [Times: user=0.01 sys=0.00, real=0.00 secs] 
145.219: [GC (Allocation Failure) [PSYoungGen: 73972K->16384K(83968K)] 955142K->897553K(1028096K), 0.0016054 secs] [Times: user=0.00 sys=0.00, real=0.00 secs] 
145.221: [GC (Allocation Failure) [PSYoungGen: 16384K->16384K(83968K)] 897553K->897553K(1028096K), 0.0016246 secs] [Times: user=0.00 sys=0.00, real=0.00 secs] 
145.222: [Full GC (Allocation Failure) [PSYoungGen: 16384K->0K(83968K)] [ParOldGen: 881169K->78353K(944128K)] 897553K->78353K(1028096K), [Metaspace: 2796K->2796K(1056768K)], 0.0073453 secs] [Times: user=0.00 sys=0.00, real=0.01 secs] 
147.302: [GC (Allocation Failure) [PSYoungGen: 60660K->10240K(83968K)] 395014K->365073K(1028096K), 0.0026679 secs] [Times: user=0.00 sys=0.00, real=0.00 secs] 
148.399: [GC (Allocation Failure) [PSYoungGen: 68853K->6144K(83968K)] 577286K->514577K(1028096K), 0.0011124 secs] [Times: user=0.00 sys=0.00, real=0.00 secs] 
149.268: [GC (Allocation Failure) [PSYoungGen: 58613K->10240K(83968K)] 567047K->528913K(1028096K), 0.0019457 secs] [Times: user=0.00 sys=0.00, real=0.00 secs] 
150.688: [GC (Allocation Failure) [PSYoungGen: 67827K->15360K(83968K)] 740101K->687633K(1028096K), 0.0016202 secs] [Times: user=0.00 sys=0.00, real=0.00 secs] 
151.889: [GC (Allocation Failure) [PSYoungGen: 68852K->16384K(83968K)] 894725K->842257K(1028096K), 0.0016974 secs] [Times: user=0.00 sys=0.00, real=0.00 secs] 
152.326: [GC (Allocation Failure) [PSYoungGen: 58612K->11264K(83968K)] 935686K->888337K(1028096K), 0.0020068 secs] [Times: user=0.00 sys=0.00, real=0.00 secs] 
152.328: [GC (Allocation Failure) [PSYoungGen: 11264K->11264K(83968K)] 888337K->888337K(1028096K), 0.0014611 secs] [Times: user=0.02 sys=0.00, real=0.00 secs] 
152.329: [Full GC (Allocation Failure) [PSYoungGen: 11264K->0K(83968K)] [ParOldGen: 877073K->62993K(944128K)] 888337K->62993K(1028096K), [Metaspace: 2796K->2796K(1056768K)], 0.0064990 secs] [Times: user=0.00 sys=0.00, real=0.01 secs] 
154.412: [GC (Allocation Failure) [PSYoungGen: 59637K->10240K(83968K)] 225030K->175633K(1028096K), 0.0010145 secs] [Times: user=0.00 sys=0.00, real=0.00 secs] 
155.504: [GC (Allocation Failure) [PSYoungGen: 68853K->16384K(83968K)] 387846K->335377K(1028096K), 0.0015068 secs] [Times: user=0.00 sys=0.00, real=0.00 secs] 
156.374: [GC (Allocation Failure) [PSYoungGen: 68853K->15360K(83968K)] 387847K->349713K(1028096K), 0.0026397 secs] [Times: user=0.02 sys=0.00, real=0.00 secs] 
158.341: [GC (Allocation Failure) [PSYoungGen: 76019K->1024K(83968K)] 717573K->642577K(1028096K), 0.0017024 secs] [Times: user=0.00 sys=0.00, real=0.00 secs] 
159.213: [GC (Allocation Failure) [PSYoungGen: 53492K->15360K(83968K)] 695045K->656913K(1028096K), 0.0017814 secs] [Times: user=0.00 sys=0.00, real=0.00 secs] 
160.414: [GC (Allocation Failure) [PSYoungGen: 68850K->15360K(83968K)] 864004K->810513K(1028096K), 0.0023708 secs] [Times: user=0.00 sys=0.00, real=0.00 secs] 
160.849: [GC (Allocation Failure) [PSYoungGen: 57587K->10240K(83968K)] 903941K->856593K(1028096K), 0.0025532 secs] [Times: user=0.00 sys=0.00, real=0.00 secs] 
160.851: [GC (Allocation Failure) [PSYoungGen: 10240K->10240K(83968K)] 856593K->856593K(1028096K), 0.0019650 secs] [Times: user=0.00 sys=0.00, real=0.00 secs] 
160.853: [Full GC (Allocation Failure) [PSYoungGen: 10240K->0K(83968K)] [ParOldGen: 846353K->215569K(944128K)] 856593K->215569K(1028096K), [Metaspace: 2796K->2796K(1056768K)], 0.0161577 secs] [Times: user=0.02 sys=0.00, real=0.02 secs] 
162.730: [GC (Allocation Failure) [PSYoungGen: 59636K->11264K(83968K)] 531206K->482833K(1028096K), 0.0011898 secs] [Times: user=0.00 sys=0.00, real=0.00 secs] 
163.496: [GC (Allocation Failure) [PSYoungGen: 58613K->16384K(83968K)] 530182K->498193K(1028096K), 0.0019699 secs] [Times: user=0.00 sys=0.00, real=0.00 secs] 
164.695: [GC (Allocation Failure) [PSYoungGen: 69875K->16384K(83968K)] 705284K->662033K(1028096K), 0.0021646 secs] [Times: user=0.00 sys=0.00, real=0.00 secs] 
166.221: [GC (Allocation Failure) [PSYoungGen: 79092K->15360K(83968K)] 724741K->661009K(1028096K), 0.0015774 secs] [Times: user=0.00 sys=0.00, real=0.00 secs] 
167.425: [GC (Allocation Failure) [PSYoungGen: 73971K->15360K(83968K)] 873220K->835089K(1028096K), 0.0032325 secs] [Times: user=0.00 sys=0.00, real=0.00 secs] 
167.972: [GC (Allocation Failure) [PSYoungGen: 62708K->10240K(83968K)] 933637K->881169K(1028096K), 0.0014199 secs] [Times: user=0.00 sys=0.00, real=0.00 secs] 
167.973: [GC (Allocation Failure) [PSYoungGen: 10240K->10240K(83968K)] 881169K->881169K(1028096K), 0.0013409 secs] [Times: user=0.00 sys=0.00, real=0.00 secs] 
167.974: [Full GC (Allocation Failure) [PSYoungGen: 10240K->0K(83968K)] [ParOldGen: 870929K->82449K(944128K)] 881169K->82449K(1028096K), [Metaspace: 2796K->2796K(1056768K)], 0.0076274 secs] [Times: user=0.00 sys=0.00, real=0.01 secs] 
170.390: [GC (Allocation Failure) [PSYoungGen: 55540K->10240K(83968K)] 393990K->348689K(1028096K), 0.0011818 secs] [Times: user=0.05 sys=0.00, real=0.00 secs] 
171.486: [GC (Allocation Failure) [PSYoungGen: 68853K->11264K(83968K)] 560902K->503313K(1028096K), 0.0012077 secs] [Times: user=0.00 sys=0.00, real=0.00 secs] 
173.122: [GC (Allocation Failure) [PSYoungGen: 69877K->1024K(83968K)] 715526K->646673K(1028096K), 0.0012171 secs] [Times: user=0.00 sys=0.00, real=0.00 secs] 
174.214: [GC (Allocation Failure) [PSYoungGen: 59637K->15360K(83968K)] 858887K->819729K(1028096K), 0.0019705 secs] [Times: user=0.00 sys=0.00, real=0.00 secs] 
175.084: [GC (Allocation Failure) [PSYoungGen: 78069K->15360K(83968K)] 933639K->881169K(1028096K), 0.0021906 secs] [Times: user=0.00 sys=0.00, real=0.00 secs] 
175.086: [GC (Allocation Failure) [PSYoungGen: 15360K->15360K(83968K)] 881169K->881169K(1028096K), 0.0013996 secs] [Times: user=0.00 sys=0.00, real=0.00 secs] 
175.088: [Full GC (Allocation Failure) [PSYoungGen: 15360K->0K(83968K)] [ParOldGen: 865809K->77329K(944128K)] 881169K->77329K(1028096K), [Metaspace: 2796K->2796K(1056768K)], 0.0070497 secs] [Times: user=0.00 sys=0.00, real=0.01 secs] 
176.303: [GC (Allocation Failure) [PSYoungGen: 53493K->15360K(83968K)] 233223K->195089K(1028096K), 0.0015625 secs] [Times: user=0.00 sys=0.00, real=0.00 secs] 
177.614: [GC (Allocation Failure) [PSYoungGen: 72949K->15360K(83968K)] 252679K->195089K(1028096K), 0.0015854 secs] [Times: user=0.00 sys=0.00, real=0.00 secs] 
178.820: [GC (Allocation Failure) [PSYoungGen: 73971K->15360K(83968K)] 407301K->348689K(1028096K), 0.0013028 secs] [Times: user=0.00 sys=0.00, real=0.00 secs] 
179.909: [GC (Allocation Failure) [PSYoungGen: 73972K->15360K(83968K)] 560902K->502289K(1028096K), 0.0013371 secs] [Times: user=0.00 sys=0.00, real=0.00 secs] 
181.877: [GC (Allocation Failure) [PSYoungGen: 73973K->16384K(83968K)] 663302K->605713K(1028096K), 0.0017051 secs] [Times: user=0.00 sys=0.00, real=0.00 secs] 
183.079: [GC (Allocation Failure) [PSYoungGen: 74997K->12288K(83968K)] 817926K->755217K(1028096K), 0.0012520 secs] [Times: user=0.00 sys=0.00, real=0.00 secs] 
184.606: [GC (Allocation Failure) [PSYoungGen: 65781K->5120K(83968K)] 962311K->901649K(1028096K), 0.0021801 secs] [Times: user=0.00 sys=0.00, real=0.00 secs] 
184.932: [GC (Allocation Failure) [PSYoungGen: 47349K->10240K(83968K)] 943879K->927249K(1028096K), 0.0025331 secs] [Times: user=0.00 sys=0.00, real=0.00 secs] 
184.935: [Full GC (Ergonomics) [PSYoungGen: 10240K->0K(83968K)] [ParOldGen: 917009K->31249K(944128K)] 927249K->31249K(1028096K), [Metaspace: 2796K->2796K(1056768K)], 0.0044808 secs] [Times: user=0.00 sys=0.00, real=0.00 secs] 
185.479: [GC (Allocation Failure) [PSYoungGen: 58611K->5120K(83968K)] 192260K->138769K(1028096K), 0.0009692 secs] [Times: user=0.00 sys=0.00, real=0.00 secs] 
186.246: [GC (Allocation Failure) [PSYoungGen: 52468K->15360K(83968K)] 186117K->149009K(1028096K), 0.0014652 secs] [Times: user=0.00 sys=0.00, real=0.00 secs] 
187.443: [GC (Allocation Failure) [PSYoungGen: 68850K->15360K(83968K)] 356099K->323089K(1028096K), 0.0029615 secs] [Times: user=0.00 sys=0.00, real=0.00 secs] 
188.862: [GC (Allocation Failure) [PSYoungGen: 78067K->10240K(83968K)] 436997K->369169K(1028096K), 0.0011815 secs] [Times: user=0.00 sys=0.00, real=0.00 secs] 
189.959: [GC (Allocation Failure) [PSYoungGen: 68852K->10240K(83968K)] 581381K->522769K(1028096K), 0.0010974 secs] [Times: user=0.00 sys=0.00, real=0.00 secs] 
191.051: [GC (Allocation Failure) [PSYoungGen: 68852K->12320K(83968K)] 734982K->678449K(1028096K), 0.0013490 secs] [Times: user=0.00 sys=0.00, real=0.00 secs] 
193.014: [GC (Allocation Failure) [PSYoungGen: 70933K->6176K(83968K)] 737062K->672305K(1028096K), 0.0015129 secs] [Times: user=0.00 sys=0.00, real=0.00 secs] 
194.104: [GC (Allocation Failure) [PSYoungGen: 64787K->11296K(83968K)] 884517K->841265K(1028096K), 0.0019327 secs] [Times: user=0.00 sys=0.00, real=0.00 secs] 
194.976: [GC (Allocation Failure) [PSYoungGen: 74004K->16416K(83968K)] 955174K->897585K(1028096K), 0.0018610 secs] [Times: user=0.00 sys=0.00, real=0.00 secs] 
194.978: [GC (Allocation Failure) [PSYoungGen: 16416K->16448K(83968K)] 897585K->897617K(1028096K), 0.0016414 secs] [Times: user=0.00 sys=0.00, real=0.00 secs] 
194.979: [Full GC (Allocation Failure) [PSYoungGen: 16448K->0K(83968K)] [ParOldGen: 881169K->78353K(944128K)] 897617K->78353K(1028096K), [Metaspace: 2796K->2796K(1056768K)], 0.0073199 secs] [Times: user=0.00 sys=0.00, real=0.01 secs] 
197.063: [GC (Allocation Failure) [PSYoungGen: 60660K->10240K(83968K)] 395014K->365073K(1028096K), 0.0026368 secs] [Times: user=0.00 sys=0.00, real=0.00 secs] 
198.156: [GC (Allocation Failure) [PSYoungGen: 68853K->6144K(83968K)] 577287K->514577K(1028096K), 0.0010476 secs] [Times: user=0.00 sys=0.00, real=0.00 secs] 
199.026: [GC (Allocation Failure) [PSYoungGen: 58613K->15360K(83968K)] 567047K->528913K(1028096K), 0.0018089 secs] [Times: user=0.00 sys=0.00, real=0.00 secs] 
200.445: [GC (Allocation Failure) [PSYoungGen: 72947K->15360K(83968K)] 740101K->682513K(1028096K), 0.0016988 secs] [Times: user=0.00 sys=0.00, real=0.00 secs] 
201.639: [GC (Allocation Failure) [PSYoungGen: 68852K->16384K(83968K)] 889606K->837138K(1028096K), 0.0019874 secs] [Times: user=0.00 sys=0.00, real=0.00 secs] 
202.073: [GC (Allocation Failure) [PSYoungGen: 58612K->11264K(83968K)] 930566K->883218K(1028096K), 0.0015644 secs] [Times: user=0.00 sys=0.00, real=0.00 secs] 
202.075: [GC (Allocation Failure) [PSYoungGen: 11264K->11264K(83968K)] 883218K->883218K(1028096K), 0.0011990 secs] [Times: user=0.00 sys=0.00, real=0.00 secs] 
202.076: [Full GC (Allocation Failure) [PSYoungGen: 11264K->0K(83968K)] [ParOldGen: 871953K->62993K(944128K)] 883218K->62993K(1028096K), [Metaspace: 2796K->2796K(1056768K)], 0.0062318 secs] [Times: user=0.02 sys=0.00, real=0.00 secs] 
204.166: [GC (Allocation Failure) [PSYoungGen: 59637K->10240K(83968K)] 225031K->175633K(1028096K), 0.0010234 secs] [Times: user=0.00 sys=0.00, real=0.00 secs] 
205.256: [GC (Allocation Failure) [PSYoungGen: 68853K->16384K(83968K)] 387847K->335377K(1028096K), 0.0015229 secs] [Times: user=0.00 sys=0.00, real=0.00 secs] 
206.124: [GC (Allocation Failure) [PSYoungGen: 68853K->15360K(83968K)] 387847K->349713K(1028096K), 0.0023365 secs] [Times: user=0.02 sys=0.00, real=0.00 secs] 
208.093: [GC (Allocation Failure) [PSYoungGen: 76019K->1024K(83968K)] 717573K->642577K(1028096K), 0.0018189 secs] [Times: user=0.02 sys=0.00, real=0.00 secs] 
208.966: [GC (Allocation Failure) [PSYoungGen: 53492K->15360K(83968K)] 695046K->656913K(1028096K), 0.0017537 secs] [Times: user=0.00 sys=0.00, real=0.00 secs] 
210.166: [GC (Allocation Failure) [PSYoungGen: 68850K->15360K(83968K)] 864004K->810514K(1028096K), 0.0017507 secs] [Times: user=0.00 sys=0.00, real=0.00 secs] 
210.602: [GC (Allocation Failure) [PSYoungGen: 57587K->10240K(83968K)] 903941K->856594K(1028096K), 0.0019838 secs] [Times: user=0.00 sys=0.00, real=0.00 secs] 
210.604: [GC (Allocation Failure) [PSYoungGen: 10240K->10240K(83968K)] 856594K->856594K(1028096K), 0.0018177 secs] [Times: user=0.00 sys=0.00, real=0.00 secs] 
210.606: [Full GC (Allocation Failure) [PSYoungGen: 10240K->0K(83968K)] [ParOldGen: 846353K->215569K(944128K)] 856594K->215569K(1028096K), [Metaspace: 2796K->2796K(1056768K)], 0.0164859 secs] [Times: user=0.02 sys=0.00, real=0.02 secs] 
212.471: [GC (Allocation Failure) [PSYoungGen: 59636K->11264K(83968K)] 531206K->482833K(1028096K), 0.0013006 secs] [Times: user=0.00 sys=0.00, real=0.00 secs] 
213.236: [GC (Allocation Failure) [PSYoungGen: 58613K->16384K(83968K)] 530182K->498193K(1028096K), 0.0022801 secs] [Times: user=0.00 sys=0.00, real=0.00 secs] 
214.438: [GC (Allocation Failure) [PSYoungGen: 69875K->16384K(83968K)] 705285K->662033K(1028096K), 0.0023841 secs] [Times: user=0.00 sys=0.00, real=0.00 secs] 
215.967: [GC (Allocation Failure) [PSYoungGen: 79092K->15360K(83968K)] 724742K->661009K(1028096K), 0.0016354 secs] [Times: user=0.00 sys=0.02, real=0.00 secs] 
217.169: [GC (Allocation Failure) [PSYoungGen: 73971K->15360K(83968K)] 873220K->835090K(1028096K), 0.0032473 secs] [Times: user=0.00 sys=0.00, real=0.00 secs] 
217.716: [GC (Allocation Failure) [PSYoungGen: 62708K->10240K(83968K)] 933637K->881170K(1028096K), 0.0017773 secs] [Times: user=0.00 sys=0.00, real=0.00 secs] 
217.718: [GC (Allocation Failure) [PSYoungGen: 10240K->10240K(83968K)] 881170K->881170K(1028096K), 0.0016650 secs] [Times: user=0.00 sys=0.00, real=0.00 secs] 
217.720: [Full GC (Allocation Failure) [PSYoungGen: 10240K->0K(83968K)] [ParOldGen: 870929K->82449K(944128K)] 881170K->82449K(1028096K), [Metaspace: 2796K->2796K(1056768K)], 0.0074124 secs] [Times: user=0.00 sys=0.00, real=0.01 secs] 
Heap
 PSYoungGen      total 83968K, used 24042K [0x00000000f9a00000, 0x0000000100000000, 0x0000000100000000)
  eden space 63488K, 37% used [0x00000000f9a00000,0x00000000fb17ab00,0x00000000fd800000)
  from space 20480K, 0% used [0x00000000fd800000,0x00000000fd800000,0x00000000fec00000)
  to   space 20480K, 0% used [0x00000000fec00000,0x00000000fec00000,0x0000000100000000)
 ParOldGen       total 944128K, used 184849K [0x00000000c0000000, 0x00000000f9a00000, 0x00000000f9a00000)
  object space 944128K, 19% used [0x00000000c0000000,0x00000000cb484730,0x00000000f9a00000)
 Metaspace       used 2804K, capacity 4486K, committed 4864K, reserved 1056768K
  class space    used 297K, capacity 386K, committed 512K, reserved 1048576K
