Java HotSpot(TM) 64-Bit Server VM (25.411-b09) for windows-amd64 JRE (1.8.0_411-b09), built on Mar 13 2024 07:26:13 by "java_re" with MS VC++ 17.1 (VS2022)
Memory: 4k page, physical 33403376k(14337632k free), swap 36670664k(7370860k free)
CommandLine flags: -XX:InitialHeapSize=536870912 -XX:MaxHeapSize=536870912 -XX:NewRatio=9 -XX:ParallelGCThreads=6 -XX:+PrintGC -XX:+PrintGCDetails -XX:+PrintGCTimeStamps -XX:SurvivorRatio=11 -XX:-UseAdaptiveSizePolicy -XX:+UseCompressedClassPointers -XX:+UseCompressedOops -XX:-UseLargePagesIndividualAllocation -XX:+UseParallelGC 
1.038: [GC (Allocation Failure) [PSYoungGen: 44810K->752K(48640K)] 44810K->16120K(520704K), 0.0043096 secs] [Times: user=0.00 sys=0.00, real=0.01 secs] 
1.959: [GC (Allocation Failure) [PSYoungGen: 44643K->1744K(48640K)] 213611K->175832K(520704K), 0.0021599 secs] [Times: user=0.00 sys=0.00, real=0.00 secs] 
2.618: [GC (Allocation Failure) [PSYoungGen: 43593K->1712K(48640K)] 217681K->191160K(520704K), 0.0045036 secs] [Times: user=0.00 sys=0.00, real=0.00 secs] 
3.649: [GC (Allocation Failure) [PSYoungGen: 45607K->2648K(48640K)] 388655K->350816K(520704K), 0.0021669 secs] [Times: user=0.00 sys=0.00, real=0.00 secs] 
5.068: [GC (Allocation Failure) [PSYoungGen: 45524K->608K(48640K)] 393692K->359016K(520704K), 0.0025951 secs] [Times: user=0.00 sys=0.00, real=0.00 secs] 
5.504: [GC (Allocation Failure) [PSYoungGen: 32216K->600K(48640K)] 390624K->379488K(520704K), 0.0044776 secs] [Times: user=0.00 sys=0.00, real=0.00 secs] 
5.737: [GC (Allocation Failure) [PSYoungGen: 21964K->600K(48640K)] 452052K->430688K(520704K), 0.0008909 secs] [Times: user=0.00 sys=0.00, real=0.00 secs] 
5.738: [GC (Allocation Failure) [PSYoungGen: 600K->616K(48640K)] 430688K->430704K(520704K), 0.0006843 secs] [Times: user=0.02 sys=0.00, real=0.00 secs] 
5.739: [Full GC (Allocation Failure) [PSYoungGen: 616K->0K(48640K)] [ParOldGen: 430088K->67088K(472064K)] 430704K->67088K(520704K), [Metaspace: 2753K->2753K(1056768K)], 0.0107654 secs] [Times: user=0.00 sys=0.00, real=0.01 secs] 
6.843: [GC (Allocation Failure) [PSYoungGen: 43892K->0K(48640K)] 213381K->184848K(520704K), 0.0014479 secs] [Times: user=0.00 sys=0.00, real=0.00 secs] 
7.715: [GC (Allocation Failure) [PSYoungGen: 44348K->32K(48640K)] 382797K->364088K(520704K), 0.0022575 secs] [Times: user=0.00 sys=0.00, real=0.00 secs] 
8.591: [GC (Allocation Failure) [PSYoungGen: 26526K->32K(48640K)] 441783K->415288K(520704K), 0.0012784 secs] [Times: user=0.00 sys=0.00, real=0.00 secs] 
8.592: [GC (Allocation Failure) [PSYoungGen: 32K->32K(48640K)] 415288K->415288K(520704K), 0.0011432 secs] [Times: user=0.00 sys=0.00, real=0.00 secs] 
8.593: [Full GC (Allocation Failure) [PSYoungGen: 32K->0K(48640K)] [ParOldGen: 415256K->51728K(472064K)] 415288K->51728K(520704K), [Metaspace: 2759K->2759K(1056768K)], 0.0051914 secs] [Times: user=0.00 sys=0.00, real=0.01 secs] 
9.697: [GC (Allocation Failure) [PSYoungGen: 43904K->0K(48640K)] 198033K->169488K(520704K), 0.0013330 secs] [Times: user=0.00 sys=0.00, real=0.00 secs] 
10.572: [GC (Allocation Failure) [PSYoungGen: 43906K->0K(48640K)] 366995K->328208K(520704K), 0.0009018 secs] [Times: user=0.00 sys=0.00, real=0.00 secs] 
11.224: [GC (Allocation Failure) [PSYoungGen: 41859K->0K(48640K)] 370068K->343569K(520704K), 0.0015408 secs] [Times: user=0.00 sys=0.00, real=0.00 secs] 
11.444: [GC (Allocation Failure) [PSYoungGen: 21373K->0K(48640K)] 416142K->394769K(520704K), 0.0008622 secs] [Times: user=0.00 sys=0.00, real=0.00 secs] 
11.445: [GC (Allocation Failure) [PSYoungGen: 0K->0K(48640K)] 394769K->394769K(520704K), 0.0008146 secs] [Times: user=0.00 sys=0.00, real=0.00 secs] 
11.446: [Full GC (Allocation Failure) [PSYoungGen: 0K->0K(48640K)] [ParOldGen: 394769K->215568K(472064K)] 394769K->215568K(520704K), [Metaspace: 2761K->2761K(1056768K)], 0.0116687 secs] [Times: user=0.00 sys=0.00, real=0.01 secs] 
12.656: [GC (Allocation Failure) [PSYoungGen: 32930K->32K(48640K)] 350899K->333368K(520704K), 0.0014856 secs] [Times: user=0.00 sys=0.00, real=0.00 secs] 
12.875: [GC (Allocation Failure) [PSYoungGen: 21407K->96K(48640K)] 405944K->384633K(520704K), 0.0009672 secs] [Times: user=0.00 sys=0.00, real=0.00 secs] 
12.876: [GC (Allocation Failure) [PSYoungGen: 96K->96K(48640K)] 384633K->384633K(520704K), 0.0009550 secs] [Times: user=0.00 sys=0.00, real=0.00 secs] 
12.877: [Full GC (Allocation Failure) [PSYoungGen: 96K->0K(48640K)] [ParOldGen: 384537K->56849K(472064K)] 384633K->56849K(520704K), [Metaspace: 2763K->2763K(1056768K)], 0.0049728 secs] [Times: user=0.00 sys=0.00, real=0.01 secs] 
13.966: [GC (Allocation Failure) [PSYoungGen: 43904K->1024K(48640K)] 203153K->180753K(520704K), 0.0015173 secs] [Times: user=0.00 sys=0.00, real=0.00 secs] 
14.839: [GC (Allocation Failure) [PSYoungGen: 44929K->1024K(48640K)] 378259K->344593K(520704K), 0.0011654 secs] [Times: user=0.00 sys=0.00, real=0.00 secs] 
16.043: [GC (Allocation Failure) [PSYoungGen: 42883K->0K(48640K)] 386452K->353809K(520704K), 0.0012153 secs] [Times: user=0.00 sys=0.00, real=0.00 secs] 
16.807: [GC (Allocation Failure) [PSYoungGen: 41853K->0K(48640K)] 395662K->369169K(520704K), 0.0014738 secs] [Times: user=0.00 sys=0.00, real=0.00 secs] 
17.134: [GC (Allocation Failure) [PSYoungGen: 31609K->0K(48640K)] 451978K->440849K(520704K), 0.0046606 secs] [Times: user=0.00 sys=0.00, real=0.00 secs] 
17.139: [Full GC (Ergonomics) [PSYoungGen: 0K->0K(48640K)] [ParOldGen: 440849K->77329K(472064K)] 440849K->77329K(520704K), [Metaspace: 2768K->2768K(1056768K)], 0.0065337 secs] [Times: user=0.00 sys=0.00, real=0.01 secs] 
18.240: [GC (Allocation Failure) [PSYoungGen: 43901K->0K(48640K)] 223630K->195089K(520704K), 0.0014117 secs] [Times: user=0.00 sys=0.00, real=0.00 secs] 
19.114: [GC (Allocation Failure) [PSYoungGen: 43904K->0K(48640K)] 392593K->353809K(520704K), 0.0010973 secs] [Times: user=0.00 sys=0.00, real=0.00 secs] 
19.990: [GC (Allocation Failure) [PSYoungGen: 11137K->0K(48640K)] 416147K->405009K(520704K), 0.0007927 secs] [Times: user=0.00 sys=0.00, real=0.00 secs] 
19.991: [GC (Allocation Failure) [PSYoungGen: 0K->0K(48640K)] 405009K->405009K(520704K), 0.0007086 secs] [Times: user=0.00 sys=0.00, real=0.00 secs] 
19.991: [Full GC (Allocation Failure) [PSYoungGen: 0K->0K(48640K)] [ParOldGen: 405009K->51729K(472064K)] 405009K->51729K(520704K), [Metaspace: 2770K->2770K(1056768K)], 0.0052598 secs] [Times: user=0.00 sys=0.00, real=0.01 secs] 
21.094: [GC (Allocation Failure) [PSYoungGen: 43906K->0K(48640K)] 198035K->169489K(520704K), 0.0014727 secs] [Times: user=0.00 sys=0.00, real=0.00 secs] 
21.965: [GC (Allocation Failure) [PSYoungGen: 43907K->1024K(48640K)] 366996K->329233K(520704K), 0.0009240 secs] [Times: user=0.00 sys=0.00, real=0.00 secs] 
22.619: [GC (Allocation Failure) [PSYoungGen: 42883K->1024K(48640K)] 371093K->344593K(520704K), 0.0014957 secs] [Times: user=0.00 sys=0.00, real=0.00 secs] 
22.837: [GC (Allocation Failure) [PSYoungGen: 22397K->1024K(48640K)] 417166K->395793K(520704K), 0.0009739 secs] [Times: user=0.00 sys=0.00, real=0.00 secs] 
22.838: [GC (Allocation Failure) [PSYoungGen: 1024K->1024K(48640K)] 395793K->395793K(520704K), 0.0008750 secs] [Times: user=0.00 sys=0.00, real=0.00 secs] 
22.839: [Full GC (Allocation Failure) [PSYoungGen: 1024K->0K(48640K)] [ParOldGen: 394769K->165393K(472064K)] 395793K->165393K(520704K), [Metaspace: 2779K->2779K(1056768K)], 0.0121785 secs] [Times: user=0.00 sys=0.00, real=0.01 secs] 
24.052: [GC (Allocation Failure) [PSYoungGen: 28541K->0K(48640K)] 296334K->288273K(520704K), 0.0018246 secs] [Times: user=0.00 sys=0.00, real=0.00 secs] 
25.033: [Full GC (Ergonomics) [PSYoungGen: 43904K->0K(48640K)] [ParOldGen: 441873K->21009K(472064K)] 485777K->21009K(520704K), [Metaspace: 2779K->2779K(1056768K)], 0.0033252 secs] [Times: user=0.00 sys=0.00, real=0.00 secs] 
25.470: [GC (Allocation Failure) [PSYoungGen: 31618K->0K(48640K)] 52627K->41489K(520704K), 0.0014310 secs] [Times: user=0.00 sys=0.00, real=0.00 secs] 
26.453: [GC (Allocation Failure) [PSYoungGen: 43898K->0K(48640K)] 238987K->205329K(520704K), 0.0009549 secs] [Times: user=0.00 sys=0.00, real=0.00 secs] 
26.891: [GC (Allocation Failure) [PSYoungGen: 31614K->0K(48640K)] 236943K->215569K(520704K), 0.0013573 secs] [Times: user=0.00 sys=0.00, real=0.00 secs] 
27.977: [GC (Allocation Failure) [PSYoungGen: 41847K->0K(48640K)] 257416K->225809K(520704K), 0.0009709 secs] [Times: user=0.00 sys=0.00, real=0.00 secs] 
28.307: [GC (Allocation Failure) [PSYoungGen: 26676K->32K(48640K)] 252485K->236089K(520704K), 0.0012292 secs] [Times: user=0.00 sys=0.00, real=0.00 secs] 
29.289: [GC (Allocation Failure) [PSYoungGen: 43918K->32K(48640K)] 433575K->399929K(520704K), 0.0009302 secs] [Times: user=0.00 sys=0.00, real=0.00 secs] 
29.726: [GC (Allocation Failure) [PSYoungGen: 31638K->32K(48640K)] 431535K->410169K(520704K), 0.0013603 secs] [Times: user=0.00 sys=0.00, real=0.00 secs] 
29.944: [Full GC (Ergonomics) [PSYoungGen: 21394K->0K(48640K)] [ParOldGen: 461337K->113169K(472064K)] 482732K->113169K(520704K), [Metaspace: 2793K->2793K(1056768K)], 0.0093230 secs] [Times: user=0.00 sys=0.00, real=0.01 secs] 
31.925: [GC (Allocation Failure) [PSYoungGen: 40818K->1024K(48640K)] 358788K->324113K(520704K), 0.0009237 secs] [Times: user=0.00 sys=0.00, real=0.00 secs] 
32.581: [GC (Allocation Failure) [PSYoungGen: 42873K->1024K(48640K)] 365962K->339473K(520704K), 0.0017138 secs] [Times: user=0.00 sys=0.00, real=0.00 secs] 
32.799: [GC (Allocation Failure) [PSYoungGen: 22390K->1024K(48640K)] 412040K->390673K(520704K), 0.0008416 secs] [Times: user=0.00 sys=0.00, real=0.00 secs] 
32.800: [GC (Allocation Failure) [PSYoungGen: 1024K->1024K(48640K)] 390673K->390673K(520704K), 0.0008970 secs] [Times: user=0.00 sys=0.00, real=0.00 secs] 
32.801: [Full GC (Allocation Failure) [PSYoungGen: 1024K->0K(48640K)] [ParOldGen: 389649K->57873K(472064K)] 390673K->57873K(520704K), [Metaspace: 2793K->2793K(1056768K)], 0.0055614 secs] [Times: user=0.00 sys=0.00, real=0.01 secs] 
33.903: [GC (Allocation Failure) [PSYoungGen: 43894K->1024K(48640K)] 204168K->181777K(520704K), 0.0015089 secs] [Times: user=0.00 sys=0.00, real=0.00 secs] 
35.212: [GC (Allocation Failure) [PSYoungGen: 39803K->0K(48640K)] 374157K->339473K(520704K), 0.0010820 secs] [Times: user=0.00 sys=0.00, real=0.00 secs] 
35.648: [GC (Allocation Failure) [PSYoungGen: 41855K->0K(48640K)] 432528K->400913K(520704K), 0.0012316 secs] [Times: user=0.00 sys=0.00, real=0.00 secs] 
35.649: [GC (Allocation Failure) [PSYoungGen: 0K->0K(48640K)] 400913K->400913K(520704K), 0.0006304 secs] [Times: user=0.00 sys=0.00, real=0.00 secs] 
35.650: [Full GC (Allocation Failure) [PSYoungGen: 0K->0K(48640K)] [ParOldGen: 400913K->61969K(472064K)] 400913K->61969K(520704K), [Metaspace: 2793K->2793K(1056768K)], 0.0053938 secs] [Times: user=0.00 sys=0.00, real=0.01 secs] 
36.752: [GC (Allocation Failure) [PSYoungGen: 43905K->0K(48640K)] 208274K->179729K(520704K), 0.0013480 secs] [Times: user=0.00 sys=0.00, real=0.00 secs] 
37.624: [GC (Allocation Failure) [PSYoungGen: 43906K->0K(48640K)] 377236K->358929K(520704K), 0.0022730 secs] [Times: user=0.00 sys=0.00, real=0.00 secs] 
38.280: [GC (Allocation Failure) [PSYoungGen: 41859K->0K(48640K)] 400789K->374289K(520704K), 0.0016086 secs] [Times: user=0.00 sys=0.00, real=0.00 secs] 
39.478: [GC (Allocation Failure) [PSYoungGen: 41853K->0K(48640K)] 467342K->435729K(520704K), 0.0011439 secs] [Times: user=0.00 sys=0.00, real=0.00 secs] 
39.479: [Full GC (Ergonomics) [PSYoungGen: 0K->0K(48640K)] [ParOldGen: 435729K->10769K(472064K)] 435729K->10769K(520704K), [Metaspace: 2793K->2793K(1056768K)], 0.0024786 secs] [Times: user=0.00 sys=0.00, real=0.00 secs] 
40.245: [GC (Allocation Failure) [PSYoungGen: 43904K->1024K(48640K)] 208273K->165393K(520704K), 0.0004575 secs] [Times: user=0.00 sys=0.00, real=0.00 secs] 
41.012: [GC (Allocation Failure) [PSYoungGen: 42881K->0K(48640K)] 207251K->179729K(520704K), 0.0016475 secs] [Times: user=0.00 sys=0.00, real=0.00 secs] 
41.883: [GC (Allocation Failure) [PSYoungGen: 43900K->1024K(48640K)] 377229K->339473K(520704K), 0.0008914 secs] [Times: user=0.00 sys=0.00, real=0.00 secs] 
43.523: [GC (Allocation Failure) [PSYoungGen: 44927K->1024K(48640K)] 383376K->344593K(520704K), 0.0008442 secs] [Times: user=0.00 sys=0.00, real=0.00 secs] 
43.958: [GC (Allocation Failure) [PSYoungGen: 32635K->1024K(48640K)] 376204K->365073K(520704K), 0.0017165 secs] [Times: user=0.00 sys=0.00, real=0.00 secs] 
44.176: [GC (Allocation Failure) [PSYoungGen: 22389K->1024K(48640K)] 437639K->416273K(520704K), 0.0012824 secs] [Times: user=0.00 sys=0.00, real=0.00 secs] 
44.177: [GC (Allocation Failure) [PSYoungGen: 1024K->1024K(48640K)] 416273K->416273K(520704K), 0.0007330 secs] [Times: user=0.00 sys=0.00, real=0.00 secs] 
44.178: [Full GC (Allocation Failure) [PSYoungGen: 1024K->0K(48640K)] [ParOldGen: 415249K->62993K(472064K)] 416273K->62993K(520704K), [Metaspace: 2795K->2795K(1056768K)], 0.0053811 secs] [Times: user=0.00 sys=0.00, real=0.00 secs] 
45.286: [GC (Allocation Failure) [PSYoungGen: 43893K->0K(48640K)] 209287K->180753K(520704K), 0.0013367 secs] [Times: user=0.00 sys=0.00, real=0.00 secs] 
46.700: [GC (Allocation Failure) [PSYoungGen: 43899K->0K(48640K)] 378252K->339473K(520704K), 0.0009128 secs] [Times: user=0.00 sys=0.00, real=0.00 secs] 
47.026: [GC (Allocation Failure) [PSYoungGen: 31614K->0K(48640K)] 422288K->411153K(520704K), 0.0020102 secs] [Times: user=0.00 sys=0.00, real=0.00 secs] 
47.029: [GC (Allocation Failure) [PSYoungGen: 0K->0K(48640K)] 411153K->411153K(520704K), 0.0007675 secs] [Times: user=0.00 sys=0.00, real=0.00 secs] 
47.029: [Full GC (Allocation Failure) [PSYoungGen: 0K->0K(48640K)] [ParOldGen: 411153K->72209K(472064K)] 411153K->72209K(520704K), [Metaspace: 2795K->2795K(1056768K)], 0.0063451 secs] [Times: user=0.00 sys=0.00, real=0.01 secs] 
48.135: [GC (Allocation Failure) [PSYoungGen: 43905K->0K(48640K)] 218514K->189969K(520704K), 0.0015511 secs] [Times: user=0.00 sys=0.00, real=0.00 secs] 
49.008: [GC (Allocation Failure) [PSYoungGen: 43906K->0K(48640K)] 387475K->348689K(520704K), 0.0010837 secs] [Times: user=0.00 sys=0.00, real=0.00 secs] 
49.663: [GC (Allocation Failure) [PSYoungGen: 41859K->0K(48640K)] 390548K->364049K(520704K), 0.0014118 secs] [Times: user=0.00 sys=0.00, real=0.00 secs] 
49.882: [GC (Allocation Failure) [PSYoungGen: 21373K->0K(48640K)] 436622K->415249K(520704K), 0.0010216 secs] [Times: user=0.00 sys=0.00, real=0.00 secs] 
49.883: [GC (Allocation Failure) [PSYoungGen: 0K->0K(48640K)] 415249K->415249K(520704K), 0.0009589 secs] [Times: user=0.00 sys=0.00, real=0.00 secs] 
49.884: [Full GC (Allocation Failure) [PSYoungGen: 0K->0K(48640K)] [ParOldGen: 415249K->133649K(472064K)] 415249K->133649K(520704K), [Metaspace: 2795K->2795K(1056768K)], 0.0099698 secs] [Times: user=0.00 sys=0.00, real=0.01 secs] 
51.097: [GC (Allocation Failure) [PSYoungGen: 36733K->0K(48640K)] 272782K->251409K(520704K), 0.0015930 secs] [Times: user=0.00 sys=0.02, real=0.00 secs] 
52.077: [GC (Allocation Failure) [PSYoungGen: 43904K->1024K(48640K)] 448913K->411153K(520704K), 0.0008836 secs] [Times: user=0.00 sys=0.00, real=0.00 secs] 
52.516: [GC (Allocation Failure) [PSYoungGen: 32641K->1024K(48640K)] 442771K->426513K(520704K), 0.0016569 secs] [Times: user=0.00 sys=0.00, real=0.00 secs] 
52.518: [Full GC (Ergonomics) [PSYoungGen: 1024K->0K(48640K)] [ParOldGen: 425489K->22033K(472064K)] 426513K->22033K(520704K), [Metaspace: 2795K->2795K(1056768K)], 0.0030365 secs] [Times: user=0.08 sys=0.00, real=0.00 secs] 
53.498: [GC (Allocation Failure) [PSYoungGen: 43898K->1024K(48640K)] 219531K->181777K(520704K), 0.0010847 secs] [Times: user=0.00 sys=0.00, real=0.00 secs] 
54.917: [GC (Allocation Failure) [PSYoungGen: 43902K->0K(48640K)] 224655K->190993K(520704K), 0.0009673 secs] [Times: user=0.00 sys=0.00, real=0.00 secs] 
55.353: [GC (Allocation Failure) [PSYoungGen: 31609K->0K(48640K)] 222603K->211473K(520704K), 0.0014481 secs] [Times: user=0.00 sys=0.00, real=0.00 secs] 
56.334: [GC (Allocation Failure) [PSYoungGen: 43893K->0K(48640K)] 408966K->375313K(520704K), 0.0012517 secs] [Times: user=0.00 sys=0.00, real=0.00 secs] 
56.772: [GC (Allocation Failure) [PSYoungGen: 31610K->0K(48640K)] 406924K->385553K(520704K), 0.0012349 secs] [Times: user=0.00 sys=0.00, real=0.00 secs] 
56.989: [GC (Allocation Failure) [PSYoungGen: 21365K->0K(48640K)] 458119K->457233K(520704K), 0.0022483 secs] [Times: user=0.00 sys=0.00, real=0.00 secs] 
56.992: [Full GC (Ergonomics) [PSYoungGen: 0K->0K(48640K)] [ParOldGen: 457233K->92689K(472064K)] 457233K->92689K(520704K), [Metaspace: 2796K->2796K(1056768K)], 0.0075523 secs] [Times: user=0.00 sys=0.00, real=0.01 secs] 
58.754: [GC (Allocation Failure) [PSYoungGen: 40821K->1024K(48640K)] 389511K->349713K(520704K), 0.0007134 secs] [Times: user=0.00 sys=0.00, real=0.00 secs] 
59.517: [GC (Allocation Failure) [PSYoungGen: 42875K->0K(48640K)] 391564K->364049K(520704K), 0.0016461 secs] [Times: user=0.00 sys=0.00, real=0.00 secs] 
59.848: [GC (Allocation Failure) [PSYoungGen: 31607K->0K(48640K)] 446857K->415249K(520704K), 0.0011647 secs] [Times: user=0.00 sys=0.00, real=0.00 secs] 
59.849: [GC (Allocation Failure) [PSYoungGen: 0K->0K(48640K)] 415249K->415249K(520704K), 0.0008690 secs] [Times: user=0.00 sys=0.00, real=0.00 secs] 
59.850: [Full GC (Allocation Failure) [PSYoungGen: 0K->0K(48640K)] [ParOldGen: 415249K->108049K(472064K)] 415249K->108049K(520704K), [Metaspace: 2796K->2796K(1056768K)], 0.0085068 secs] [Times: user=0.00 sys=0.00, real=0.01 secs] 
60.952: [GC (Allocation Failure) [PSYoungGen: 43900K->0K(48640K)] 254350K->225809K(520704K), 0.0016298 secs] [Times: user=0.00 sys=0.00, real=0.00 secs] 
62.262: [GC (Allocation Failure) [PSYoungGen: 42879K->0K(48640K)] 422289K->389649K(520704K), 0.0010003 secs] [Times: user=0.00 sys=0.00, real=0.00 secs] 
62.700: [Full GC (Ergonomics) [PSYoungGen: 41857K->0K(48640K)] [ParOldGen: 440849K->56849K(472064K)] 482707K->56849K(520704K), [Metaspace: 2796K->2796K(1056768K)], 0.0055645 secs] [Times: user=0.00 sys=0.00, real=0.00 secs] 
63.791: [GC (Allocation Failure) [PSYoungGen: 43906K->1024K(48640K)] 203156K->180753K(520704K), 0.0017988 secs] [Times: user=0.00 sys=0.00, real=0.00 secs] 
64.661: [GC (Allocation Failure) [PSYoungGen: 44931K->1024K(48640K)] 378261K->344593K(520704K), 0.0011542 secs] [Times: user=0.00 sys=0.00, real=0.00 secs] 
65.863: [GC (Allocation Failure) [PSYoungGen: 42884K->0K(48640K)] 386453K->353809K(520704K), 0.0010913 secs] [Times: user=0.00 sys=0.00, real=0.00 secs] 
66.628: [GC (Allocation Failure) [PSYoungGen: 41853K->0K(48640K)] 395663K->369169K(520704K), 0.0016103 secs] [Times: user=0.00 sys=0.00, real=0.00 secs] 
66.954: [GC (Allocation Failure) [PSYoungGen: 31609K->0K(48640K)] 451979K->440849K(520704K), 0.0021469 secs] [Times: user=0.00 sys=0.00, real=0.00 secs] 
66.957: [Full GC (Ergonomics) [PSYoungGen: 0K->0K(48640K)] [ParOldGen: 440849K->77329K(472064K)] 440849K->77329K(520704K), [Metaspace: 2796K->2796K(1056768K)], 0.0065819 secs] [Times: user=0.00 sys=0.00, real=0.01 secs] 
68.061: [GC (Allocation Failure) [PSYoungGen: 43901K->0K(48640K)] 223631K->195089K(520704K), 0.0014447 secs] [Times: user=0.00 sys=0.00, real=0.00 secs] 
68.934: [GC (Allocation Failure) [PSYoungGen: 43904K->0K(48640K)] 392593K->353809K(520704K), 0.0008191 secs] [Times: user=0.00 sys=0.00, real=0.00 secs] 
69.811: [GC (Allocation Failure) [PSYoungGen: 11137K->0K(48640K)] 416147K->405009K(520704K), 0.0008940 secs] [Times: user=0.00 sys=0.00, real=0.00 secs] 
69.812: [GC (Allocation Failure) [PSYoungGen: 0K->0K(48640K)] 405009K->405009K(520704K), 0.0007745 secs] [Times: user=0.00 sys=0.00, real=0.00 secs] 
69.813: [Full GC (Allocation Failure) [PSYoungGen: 0K->0K(48640K)] [ParOldGen: 405009K->51729K(472064K)] 405009K->51729K(520704K), [Metaspace: 2796K->2796K(1056768K)], 0.0051805 secs] [Times: user=0.00 sys=0.00, real=0.00 secs] 
70.912: [GC (Allocation Failure) [PSYoungGen: 43906K->0K(48640K)] 198035K->169489K(520704K), 0.0014862 secs] [Times: user=0.00 sys=0.00, real=0.00 secs] 
71.787: [GC (Allocation Failure) [PSYoungGen: 43907K->1024K(48640K)] 366996K->329233K(520704K), 0.0008239 secs] [Times: user=0.00 sys=0.00, real=0.00 secs] 
72.442: [GC (Allocation Failure) [PSYoungGen: 42883K->1024K(48640K)] 371093K->344593K(520704K), 0.0016151 secs] [Times: user=0.00 sys=0.00, real=0.00 secs] 
72.661: [GC (Allocation Failure) [PSYoungGen: 22397K->1024K(48640K)] 417167K->395793K(520704K), 0.0008254 secs] [Times: user=0.00 sys=0.00, real=0.00 secs] 
72.662: [GC (Allocation Failure) [PSYoungGen: 1024K->1024K(48640K)] 395793K->395793K(520704K), 0.0010159 secs] [Times: user=0.00 sys=0.00, real=0.00 secs] 
72.663: [Full GC (Allocation Failure) [PSYoungGen: 1024K->0K(48640K)] [ParOldGen: 394769K->165393K(472064K)] 395793K->165393K(520704K), [Metaspace: 2796K->2796K(1056768K)], 0.0121645 secs] [Times: user=0.00 sys=0.00, real=0.01 secs] 
73.875: [GC (Allocation Failure) [PSYoungGen: 28541K->0K(48640K)] 296334K->288273K(520704K), 0.0014456 secs] [Times: user=0.00 sys=0.00, real=0.00 secs] 
74.861: [Full GC (Ergonomics) [PSYoungGen: 43904K->0K(48640K)] [ParOldGen: 441873K->21009K(472064K)] 485777K->21009K(520704K), [Metaspace: 2796K->2796K(1056768K)], 0.0030132 secs] [Times: user=0.00 sys=0.00, real=0.00 secs] 
75.303: [GC (Allocation Failure) [PSYoungGen: 31617K->0K(48640K)] 52627K->41489K(520704K), 0.0016660 secs] [Times: user=0.00 sys=0.00, real=0.00 secs] 
76.283: [GC (Allocation Failure) [PSYoungGen: 43898K->0K(48640K)] 238987K->205329K(520704K), 0.0011268 secs] [Times: user=0.00 sys=0.00, real=0.00 secs] 
76.721: [GC (Allocation Failure) [PSYoungGen: 31614K->0K(48640K)] 236943K->215569K(520704K), 0.0013324 secs] [Times: user=0.00 sys=0.00, real=0.00 secs] 
77.810: [GC (Allocation Failure) [PSYoungGen: 41847K->0K(48640K)] 257417K->225809K(520704K), 0.0014201 secs] [Times: user=0.00 sys=0.00, real=0.00 secs] 
78.139: [GC (Allocation Failure) [PSYoungGen: 26485K->0K(48640K)] 252295K->236049K(520704K), 0.0014073 secs] [Times: user=0.00 sys=0.00, real=0.00 secs] 
79.123: [GC (Allocation Failure) [PSYoungGen: 43888K->0K(48640K)] 433538K->399889K(520704K), 0.0009991 secs] [Times: user=0.00 sys=0.00, real=0.00 secs] 
79.559: [GC (Allocation Failure) [PSYoungGen: 31607K->0K(48640K)] 431497K->410129K(520704K), 0.0012016 secs] [Times: user=0.00 sys=0.00, real=0.00 secs] 
79.778: [Full GC (Ergonomics) [PSYoungGen: 21363K->0K(48640K)] [ParOldGen: 461329K->113169K(472064K)] 482693K->113169K(520704K), [Metaspace: 2796K->2796K(1056768K)], 0.0089208 secs] [Times: user=0.02 sys=0.00, real=0.01 secs] 
81.757: [GC (Allocation Failure) [PSYoungGen: 40819K->1024K(48640K)] 358789K->324113K(520704K), 0.0008841 secs] [Times: user=0.00 sys=0.00, real=0.00 secs] 
82.411: [GC (Allocation Failure) [PSYoungGen: 42873K->1024K(48640K)] 365963K->339473K(520704K), 0.0015180 secs] [Times: user=0.00 sys=0.00, real=0.00 secs] 
82.629: [GC (Allocation Failure) [PSYoungGen: 22391K->1024K(48640K)] 412040K->390673K(520704K), 0.0008922 secs] [Times: user=0.00 sys=0.00, real=0.00 secs] 
82.630: [GC (Allocation Failure) [PSYoungGen: 1024K->1024K(48640K)] 390673K->390673K(520704K), 0.0007358 secs] [Times: user=0.00 sys=0.00, real=0.00 secs] 
82.631: [Full GC (Allocation Failure) [PSYoungGen: 1024K->0K(48640K)] [ParOldGen: 389649K->57873K(472064K)] 390673K->57873K(520704K), [Metaspace: 2796K->2796K(1056768K)], 0.0053249 secs] [Times: user=0.00 sys=0.00, real=0.00 secs] 
83.735: [GC (Allocation Failure) [PSYoungGen: 43895K->1024K(48640K)] 204168K->181777K(520704K), 0.0013919 secs] [Times: user=0.00 sys=0.00, real=0.00 secs] 
85.042: [GC (Allocation Failure) [PSYoungGen: 39804K->0K(48640K)] 374157K->339473K(520704K), 0.0010224 secs] [Times: user=0.00 sys=0.00, real=0.00 secs] 
85.478: [GC (Allocation Failure) [PSYoungGen: 41855K->0K(48640K)] 432528K->400913K(520704K), 0.0012625 secs] [Times: user=0.00 sys=0.00, real=0.00 secs] 
85.479: [GC (Allocation Failure) [PSYoungGen: 0K->0K(48640K)] 400913K->400913K(520704K), 0.0007029 secs] [Times: user=0.00 sys=0.00, real=0.00 secs] 
85.480: [Full GC (Allocation Failure) [PSYoungGen: 0K->0K(48640K)] [ParOldGen: 400913K->61969K(472064K)] 400913K->61969K(520704K), [Metaspace: 2796K->2796K(1056768K)], 0.0055868 secs] [Times: user=0.00 sys=0.00, real=0.01 secs] 
86.584: [GC (Allocation Failure) [PSYoungGen: 43905K->0K(48640K)] 208274K->179729K(520704K), 0.0015072 secs] [Times: user=0.00 sys=0.00, real=0.00 secs] 
87.457: [GC (Allocation Failure) [PSYoungGen: 43906K->0K(48640K)] 377236K->358929K(520704K), 0.0023333 secs] [Times: user=0.00 sys=0.00, real=0.00 secs] 
88.112: [GC (Allocation Failure) [PSYoungGen: 41859K->0K(48640K)] 400789K->374289K(520704K), 0.0014926 secs] [Times: user=0.02 sys=0.00, real=0.00 secs] 
89.314: [GC (Allocation Failure) [PSYoungGen: 41853K->0K(48640K)] 467342K->435729K(520704K), 0.0012023 secs] [Times: user=0.00 sys=0.00, real=0.00 secs] 
89.315: [Full GC (Ergonomics) [PSYoungGen: 0K->0K(48640K)] [ParOldGen: 435729K->10769K(472064K)] 435729K->10769K(520704K), [Metaspace: 2796K->2796K(1056768K)], 0.0026042 secs] [Times: user=0.01 sys=0.00, real=0.00 secs] 
90.075: [GC (Allocation Failure) [PSYoungGen: 43904K->1024K(48640K)] 208273K->165393K(520704K), 0.0004866 secs] [Times: user=0.00 sys=0.00, real=0.00 secs] 
90.839: [GC (Allocation Failure) [PSYoungGen: 42881K->0K(48640K)] 207251K->179729K(520704K), 0.0013880 secs] [Times: user=0.00 sys=0.00, real=0.00 secs] 
91.710: [GC (Allocation Failure) [PSYoungGen: 43900K->1024K(48640K)] 377229K->339473K(520704K), 0.0009545 secs] [Times: user=0.00 sys=0.00, real=0.00 secs] 
93.350: [GC (Allocation Failure) [PSYoungGen: 44927K->1024K(48640K)] 383376K->344593K(520704K), 0.0010174 secs] [Times: user=0.00 sys=0.00, real=0.00 secs] 
93.787: [GC (Allocation Failure) [PSYoungGen: 32635K->1024K(48640K)] 376204K->365073K(520704K), 0.0018361 secs] [Times: user=0.00 sys=0.00, real=0.00 secs] 
94.003: [GC (Allocation Failure) [PSYoungGen: 22389K->1024K(48640K)] 437639K->416273K(520704K), 0.0007928 secs] [Times: user=0.00 sys=0.00, real=0.00 secs] 
94.004: [GC (Allocation Failure) [PSYoungGen: 1024K->1024K(48640K)] 416273K->416273K(520704K), 0.0008255 secs] [Times: user=0.00 sys=0.00, real=0.00 secs] 
94.005: [Full GC (Allocation Failure) [PSYoungGen: 1024K->0K(48640K)] [ParOldGen: 415249K->62993K(472064K)] 416273K->62993K(520704K), [Metaspace: 2796K->2796K(1056768K)], 0.0054686 secs] [Times: user=0.00 sys=0.00, real=0.01 secs] 
95.111: [GC (Allocation Failure) [PSYoungGen: 43893K->0K(48640K)] 209287K->180753K(520704K), 0.0015637 secs] [Times: user=0.00 sys=0.00, real=0.00 secs] 
96.534: [GC (Allocation Failure) [PSYoungGen: 43899K->0K(48640K)] 378252K->339473K(520704K), 0.0008124 secs] [Times: user=0.00 sys=0.00, real=0.00 secs] 
96.863: [GC (Allocation Failure) [PSYoungGen: 31614K->0K(48640K)] 422288K->411153K(520704K), 0.0023303 secs] [Times: user=0.00 sys=0.00, real=0.00 secs] 
96.866: [GC (Allocation Failure) [PSYoungGen: 0K->0K(48640K)] 411153K->411153K(520704K), 0.0009748 secs] [Times: user=0.00 sys=0.00, real=0.00 secs] 
96.867: [Full GC (Allocation Failure) [PSYoungGen: 0K->0K(48640K)] [ParOldGen: 411153K->72209K(472064K)] 411153K->72209K(520704K), [Metaspace: 2796K->2796K(1056768K)], 0.0064528 secs] [Times: user=0.00 sys=0.00, real=0.01 secs] 
97.968: [GC (Allocation Failure) [PSYoungGen: 43905K->0K(48640K)] 218514K->189969K(520704K), 0.0013853 secs] [Times: user=0.00 sys=0.00, real=0.00 secs] 
98.844: [GC (Allocation Failure) [PSYoungGen: 43906K->0K(48640K)] 387475K->348689K(520704K), 0.0010531 secs] [Times: user=0.00 sys=0.00, real=0.00 secs] 
99.498: [GC (Allocation Failure) [PSYoungGen: 41859K->0K(48640K)] 390548K->364049K(520704K), 0.0015183 secs] [Times: user=0.00 sys=0.00, real=0.00 secs] 
99.718: [GC (Allocation Failure) [PSYoungGen: 21373K->0K(48640K)] 436622K->415249K(520704K), 0.0010214 secs] [Times: user=0.00 sys=0.00, real=0.00 secs] 
99.719: [GC (Allocation Failure) [PSYoungGen: 0K->0K(48640K)] 415249K->415249K(520704K), 0.0008137 secs] [Times: user=0.00 sys=0.00, real=0.00 secs] 
99.720: [Full GC (Allocation Failure) [PSYoungGen: 0K->0K(48640K)] [ParOldGen: 415249K->133649K(472064K)] 415249K->133649K(520704K), [Metaspace: 2796K->2796K(1056768K)], 0.0100602 secs] [Times: user=0.00 sys=0.00, real=0.01 secs] 
100.929: [GC (Allocation Failure) [PSYoungGen: 36733K->0K(48640K)] 272782K->251409K(520704K), 0.0015590 secs] [Times: user=0.00 sys=0.00, real=0.00 secs] 
101.909: [GC (Allocation Failure) [PSYoungGen: 43904K->1024K(48640K)] 448913K->411153K(520704K), 0.0009699 secs] [Times: user=0.00 sys=0.00, real=0.00 secs] 
102.345: [GC (Allocation Failure) [PSYoungGen: 32641K->1024K(48640K)] 442771K->426513K(520704K), 0.0014176 secs] [Times: user=0.00 sys=0.00, real=0.00 secs] 
102.347: [Full GC (Ergonomics) [PSYoungGen: 1024K->0K(48640K)] [ParOldGen: 425489K->22033K(472064K)] 426513K->22033K(520704K), [Metaspace: 2796K->2796K(1056768K)], 0.0029906 secs] [Times: user=0.02 sys=0.00, real=0.00 secs] 
103.329: [GC (Allocation Failure) [PSYoungGen: 43898K->1024K(48640K)] 219531K->181777K(520704K), 0.0008123 secs] [Times: user=0.00 sys=0.00, real=0.00 secs] 
104.748: [GC (Allocation Failure) [PSYoungGen: 43902K->0K(48640K)] 224655K->190993K(520704K), 0.0009673 secs] [Times: user=0.00 sys=0.00, real=0.00 secs] 
105.188: [GC (Allocation Failure) [PSYoungGen: 31609K->0K(48640K)] 222603K->211473K(520704K), 0.0014039 secs] [Times: user=0.00 sys=0.00, real=0.00 secs] 
106.169: [GC (Allocation Failure) [PSYoungGen: 43893K->0K(48640K)] 408966K->375313K(520704K), 0.0010506 secs] [Times: user=0.00 sys=0.00, real=0.00 secs] 
106.607: [GC (Allocation Failure) [PSYoungGen: 31610K->0K(48640K)] 406924K->385553K(520704K), 0.0012730 secs] [Times: user=0.00 sys=0.00, real=0.00 secs] 
106.826: [GC (Allocation Failure) [PSYoungGen: 21365K->0K(48640K)] 458119K->457233K(520704K), 0.0019603 secs] [Times: user=0.00 sys=0.00, real=0.00 secs] 
106.828: [Full GC (Ergonomics) [PSYoungGen: 0K->0K(48640K)] [ParOldGen: 457233K->92689K(472064K)] 457233K->92689K(520704K), [Metaspace: 2796K->2796K(1056768K)], 0.0077367 secs] [Times: user=0.00 sys=0.00, real=0.01 secs] 
108.588: [GC (Allocation Failure) [PSYoungGen: 40821K->1024K(48640K)] 389511K->349713K(520704K), 0.0006269 secs] [Times: user=0.00 sys=0.00, real=0.00 secs] 
109.349: [GC (Allocation Failure) [PSYoungGen: 42875K->0K(48640K)] 391564K->364049K(520704K), 0.0016554 secs] [Times: user=0.00 sys=0.00, real=0.00 secs] 
109.678: [GC (Allocation Failure) [PSYoungGen: 31607K->0K(48640K)] 446857K->415249K(520704K), 0.0008637 secs] [Times: user=0.00 sys=0.00, real=0.00 secs] 
109.679: [GC (Allocation Failure) [PSYoungGen: 0K->0K(48640K)] 415249K->415249K(520704K), 0.0008744 secs] [Times: user=0.00 sys=0.00, real=0.00 secs] 
109.679: [Full GC (Allocation Failure) [PSYoungGen: 0K->0K(48640K)] [ParOldGen: 415249K->108049K(472064K)] 415249K->108049K(520704K), [Metaspace: 2796K->2796K(1056768K)], 0.0081411 secs] [Times: user=0.00 sys=0.00, real=0.01 secs] 
110.785: [GC (Allocation Failure) [PSYoungGen: 43900K->0K(48640K)] 254350K->225809K(520704K), 0.0015970 secs] [Times: user=0.00 sys=0.00, real=0.00 secs] 
112.097: [GC (Allocation Failure) [PSYoungGen: 42879K->0K(48640K)] 422289K->389649K(520704K), 0.0011018 secs] [Times: user=0.00 sys=0.00, real=0.00 secs] 
112.536: [Full GC (Ergonomics) [PSYoungGen: 41857K->0K(48640K)] [ParOldGen: 440849K->56849K(472064K)] 482707K->56849K(520704K), [Metaspace: 2796K->2796K(1056768K)], 0.0057181 secs] [Times: user=0.00 sys=0.00, real=0.00 secs] 
113.642: [GC (Allocation Failure) [PSYoungGen: 43906K->1024K(48640K)] 203156K->180753K(520704K), 0.0013782 secs] [Times: user=0.00 sys=0.00, real=0.00 secs] 
114.513: [GC (Allocation Failure) [PSYoungGen: 44931K->1024K(48640K)] 378261K->344593K(520704K), 0.0012713 secs] [Times: user=0.00 sys=0.00, real=0.00 secs] 
115.716: [GC (Allocation Failure) [PSYoungGen: 42884K->0K(48640K)] 386453K->353809K(520704K), 0.0012410 secs] [Times: user=0.00 sys=0.00, real=0.00 secs] 
116.479: [GC (Allocation Failure) [PSYoungGen: 41853K->0K(48640K)] 395663K->369169K(520704K), 0.0015993 secs] [Times: user=0.00 sys=0.00, real=0.00 secs] 
116.808: [GC (Allocation Failure) [PSYoungGen: 31609K->0K(48640K)] 451979K->440849K(520704K), 0.0021457 secs] [Times: user=0.00 sys=0.00, real=0.00 secs] 
116.810: [Full GC (Ergonomics) [PSYoungGen: 0K->0K(48640K)] [ParOldGen: 440849K->77329K(472064K)] 440849K->77329K(520704K), [Metaspace: 2796K->2796K(1056768K)], 0.0064332 secs] [Times: user=0.00 sys=0.00, real=0.01 secs] 
117.914: [GC (Allocation Failure) [PSYoungGen: 43901K->0K(48640K)] 223631K->195089K(520704K), 0.0018651 secs] [Times: user=0.00 sys=0.00, real=0.00 secs] 
118.790: [GC (Allocation Failure) [PSYoungGen: 43904K->0K(48640K)] 392593K->353809K(520704K), 0.0010953 secs] [Times: user=0.00 sys=0.00, real=0.00 secs] 
119.660: [GC (Allocation Failure) [PSYoungGen: 11137K->0K(48640K)] 416147K->405009K(520704K), 0.0010014 secs] [Times: user=0.00 sys=0.00, real=0.00 secs] 
119.661: [GC (Allocation Failure) [PSYoungGen: 0K->0K(48640K)] 405009K->405009K(520704K), 0.0007468 secs] [Times: user=0.00 sys=0.00, real=0.00 secs] 
119.662: [Full GC (Allocation Failure) [PSYoungGen: 0K->0K(48640K)] [ParOldGen: 405009K->51729K(472064K)] 405009K->51729K(520704K), [Metaspace: 2796K->2796K(1056768K)], 0.0052752 secs] [Times: user=0.00 sys=0.00, real=0.01 secs] 
120.766: [GC (Allocation Failure) [PSYoungGen: 43906K->0K(48640K)] 198035K->169489K(520704K), 0.0012591 secs] [Times: user=0.00 sys=0.00, real=0.00 secs] 
121.637: [GC (Allocation Failure) [PSYoungGen: 43907K->1024K(48640K)] 366996K->329233K(520704K), 0.0008582 secs] [Times: user=0.00 sys=0.00, real=0.00 secs] 
122.293: [GC (Allocation Failure) [PSYoungGen: 42883K->1024K(48640K)] 371093K->344593K(520704K), 0.0014095 secs] [Times: user=0.00 sys=0.00, real=0.00 secs] 
122.512: [GC (Allocation Failure) [PSYoungGen: 22397K->1024K(48640K)] 417167K->395793K(520704K), 0.0008608 secs] [Times: user=0.00 sys=0.00, real=0.00 secs] 
122.513: [GC (Allocation Failure) [PSYoungGen: 1024K->1024K(48640K)] 395793K->395793K(520704K), 0.0009618 secs] [Times: user=0.00 sys=0.00, real=0.00 secs] 
122.514: [Full GC (Allocation Failure) [PSYoungGen: 1024K->0K(48640K)] [ParOldGen: 394769K->165393K(472064K)] 395793K->165393K(520704K), [Metaspace: 2796K->2796K(1056768K)], 0.0125323 secs] [Times: user=0.00 sys=0.00, real=0.01 secs] 
123.726: [GC (Allocation Failure) [PSYoungGen: 28541K->0K(48640K)] 296334K->288273K(520704K), 0.0018608 secs] [Times: user=0.00 sys=0.00, real=0.00 secs] 
124.707: [Full GC (Ergonomics) [PSYoungGen: 43904K->0K(48640K)] [ParOldGen: 441873K->21009K(472064K)] 485777K->21009K(520704K), [Metaspace: 2796K->2796K(1056768K)], 0.0033557 secs] [Times: user=0.00 sys=0.00, real=0.00 secs] 
125.143: [GC (Allocation Failure) [PSYoungGen: 31617K->0K(48640K)] 52627K->41489K(520704K), 0.0014777 secs] [Times: user=0.00 sys=0.00, real=0.00 secs] 
126.125: [GC (Allocation Failure) [PSYoungGen: 43898K->0K(48640K)] 238987K->205329K(520704K), 0.0011198 secs] [Times: user=0.00 sys=0.00, real=0.00 secs] 
126.565: [GC (Allocation Failure) [PSYoungGen: 31614K->0K(48640K)] 236943K->215569K(520704K), 0.0012386 secs] [Times: user=0.00 sys=0.00, real=0.00 secs] 
127.660: [GC (Allocation Failure) [PSYoungGen: 41847K->0K(48640K)] 257417K->225809K(520704K), 0.0010884 secs] [Times: user=0.00 sys=0.00, real=0.00 secs] 
127.986: [GC (Allocation Failure) [PSYoungGen: 26485K->0K(48640K)] 252295K->236049K(520704K), 0.0013185 secs] [Times: user=0.00 sys=0.00, real=0.00 secs] 
128.969: [GC (Allocation Failure) [PSYoungGen: 43888K->0K(48640K)] 433538K->399889K(520704K), 0.0010492 secs] [Times: user=0.00 sys=0.00, real=0.00 secs] 
129.407: [GC (Allocation Failure) [PSYoungGen: 31607K->0K(48640K)] 431497K->410129K(520704K), 0.0013963 secs] [Times: user=0.00 sys=0.00, real=0.00 secs] 
129.627: [Full GC (Ergonomics) [PSYoungGen: 21363K->0K(48640K)] [ParOldGen: 461329K->113169K(472064K)] 482693K->113169K(520704K), [Metaspace: 2796K->2796K(1056768K)], 0.0089613 secs] [Times: user=0.02 sys=0.00, real=0.01 secs] 
131.605: [GC (Allocation Failure) [PSYoungGen: 40819K->1024K(48640K)] 358789K->324113K(520704K), 0.0010862 secs] [Times: user=0.00 sys=0.00, real=0.00 secs] 
132.262: [GC (Allocation Failure) [PSYoungGen: 42873K->1024K(48640K)] 365963K->339473K(520704K), 0.0015968 secs] [Times: user=0.00 sys=0.00, real=0.00 secs] 
132.480: [GC (Allocation Failure) [PSYoungGen: 22391K->1024K(48640K)] 412040K->390673K(520704K), 0.0009827 secs] [Times: user=0.00 sys=0.00, real=0.00 secs] 
132.481: [GC (Allocation Failure) [PSYoungGen: 1024K->1024K(48640K)] 390673K->390673K(520704K), 0.0009321 secs] [Times: user=0.00 sys=0.00, real=0.00 secs] 
132.482: [Full GC (Allocation Failure) [PSYoungGen: 1024K->0K(48640K)] [ParOldGen: 389649K->57873K(472064K)] 390673K->57873K(520704K), [Metaspace: 2796K->2796K(1056768K)], 0.0051537 secs] [Times: user=0.00 sys=0.00, real=0.01 secs] 
133.589: [GC (Allocation Failure) [PSYoungGen: 43895K->1024K(48640K)] 204168K->181777K(520704K), 0.0014533 secs] [Times: user=0.00 sys=0.00, real=0.00 secs] 
134.900: [GC (Allocation Failure) [PSYoungGen: 39804K->0K(48640K)] 374157K->339473K(520704K), 0.0009076 secs] [Times: user=0.00 sys=0.00, real=0.00 secs] 
135.337: [GC (Allocation Failure) [PSYoungGen: 41855K->0K(48640K)] 432528K->400913K(520704K), 0.0012797 secs] [Times: user=0.00 sys=0.00, real=0.00 secs] 
135.339: [GC (Allocation Failure) [PSYoungGen: 0K->0K(48640K)] 400913K->400913K(520704K), 0.0008579 secs] [Times: user=0.00 sys=0.00, real=0.00 secs] 
135.340: [Full GC (Allocation Failure) [PSYoungGen: 0K->0K(48640K)] [ParOldGen: 400913K->61969K(472064K)] 400913K->61969K(520704K), [Metaspace: 2796K->2796K(1056768K)], 0.0055474 secs] [Times: user=0.00 sys=0.00, real=0.01 secs] 
136.442: [GC (Allocation Failure) [PSYoungGen: 43905K->0K(48640K)] 208274K->179729K(520704K), 0.0014863 secs] [Times: user=0.00 sys=0.00, real=0.00 secs] 
137.319: [GC (Allocation Failure) [PSYoungGen: 43906K->0K(48640K)] 377236K->358929K(520704K), 0.0023399 secs] [Times: user=0.00 sys=0.00, real=0.00 secs] 
137.973: [GC (Allocation Failure) [PSYoungGen: 41859K->0K(48640K)] 400789K->374289K(520704K), 0.0014318 secs] [Times: user=0.00 sys=0.00, real=0.00 secs] 
139.179: [GC (Allocation Failure) [PSYoungGen: 41853K->0K(48640K)] 467342K->435729K(520704K), 0.0011099 secs] [Times: user=0.00 sys=0.00, real=0.00 secs] 
139.180: [Full GC (Ergonomics) [PSYoungGen: 0K->0K(48640K)] [ParOldGen: 435729K->10769K(472064K)] 435729K->10769K(520704K), [Metaspace: 2796K->2796K(1056768K)], 0.0023297 secs] [Times: user=0.00 sys=0.00, real=0.00 secs] 
139.941: [GC (Allocation Failure) [PSYoungGen: 43904K->1024K(48640K)] 208273K->165393K(520704K), 0.0005288 secs] [Times: user=0.00 sys=0.00, real=0.00 secs] 
140.705: [GC (Allocation Failure) [PSYoungGen: 42881K->0K(48640K)] 207251K->179729K(520704K), 0.0013698 secs] [Times: user=0.00 sys=0.00, real=0.00 secs] 
141.575: [GC (Allocation Failure) [PSYoungGen: 43900K->1024K(48640K)] 377229K->339473K(520704K), 0.0007571 secs] [Times: user=0.00 sys=0.00, real=0.00 secs] 
143.213: [GC (Allocation Failure) [PSYoungGen: 44927K->1024K(48640K)] 383376K->344593K(520704K), 0.0008794 secs] [Times: user=0.00 sys=0.00, real=0.00 secs] 
143.650: [GC (Allocation Failure) [PSYoungGen: 32635K->1024K(48640K)] 376204K->365073K(520704K), 0.0018038 secs] [Times: user=0.00 sys=0.00, real=0.00 secs] 
143.869: [GC (Allocation Failure) [PSYoungGen: 22389K->1024K(48640K)] 437639K->416273K(520704K), 0.0009166 secs] [Times: user=0.00 sys=0.00, real=0.00 secs] 
143.870: [GC (Allocation Failure) [PSYoungGen: 1024K->1024K(48640K)] 416273K->416273K(520704K), 0.0011557 secs] [Times: user=0.00 sys=0.00, real=0.00 secs] 
143.871: [Full GC (Allocation Failure) [PSYoungGen: 1024K->0K(48640K)] [ParOldGen: 415249K->62993K(472064K)] 416273K->62993K(520704K), [Metaspace: 2796K->2796K(1056768K)], 0.0065389 secs] [Times: user=0.00 sys=0.00, real=0.01 secs] 
144.978: [GC (Allocation Failure) [PSYoungGen: 43893K->0K(48640K)] 209287K->180753K(520704K), 0.0015025 secs] [Times: user=0.00 sys=0.00, real=0.00 secs] 
146.397: [GC (Allocation Failure) [PSYoungGen: 43899K->0K(48640K)] 378252K->339473K(520704K), 0.0007156 secs] [Times: user=0.00 sys=0.00, real=0.00 secs] 
146.725: [GC (Allocation Failure) [PSYoungGen: 31614K->0K(48640K)] 422288K->411153K(520704K), 0.0021380 secs] [Times: user=0.00 sys=0.00, real=0.00 secs] 
146.728: [GC (Allocation Failure) [PSYoungGen: 0K->0K(48640K)] 411153K->411153K(520704K), 0.0010890 secs] [Times: user=0.00 sys=0.00, real=0.00 secs] 
146.729: [Full GC (Allocation Failure) [PSYoungGen: 0K->0K(48640K)] [ParOldGen: 411153K->72209K(472064K)] 411153K->72209K(520704K), [Metaspace: 2796K->2796K(1056768K)], 0.0062755 secs] [Times: user=0.00 sys=0.00, real=0.01 secs] 
147.832: [GC (Allocation Failure) [PSYoungGen: 43905K->0K(48640K)] 218514K->189969K(520704K), 0.0016723 secs] [Times: user=0.00 sys=0.00, real=0.00 secs] 
148.707: [GC (Allocation Failure) [PSYoungGen: 43906K->0K(48640K)] 387475K->348689K(520704K), 0.0008787 secs] [Times: user=0.00 sys=0.00, real=0.00 secs] 
149.365: [GC (Allocation Failure) [PSYoungGen: 41859K->0K(48640K)] 390548K->364049K(520704K), 0.0015751 secs] [Times: user=0.00 sys=0.00, real=0.00 secs] 
149.583: [GC (Allocation Failure) [PSYoungGen: 21373K->0K(48640K)] 436622K->415249K(520704K), 0.0011851 secs] [Times: user=0.00 sys=0.00, real=0.00 secs] 
149.585: [GC (Allocation Failure) [PSYoungGen: 0K->0K(48640K)] 415249K->415249K(520704K), 0.0008235 secs] [Times: user=0.00 sys=0.00, real=0.00 secs] 
149.586: [Full GC (Allocation Failure) [PSYoungGen: 0K->0K(48640K)] [ParOldGen: 415249K->133649K(472064K)] 415249K->133649K(520704K), [Metaspace: 2796K->2796K(1056768K)], 0.0099856 secs] [Times: user=0.00 sys=0.00, real=0.01 secs] 
150.801: [GC (Allocation Failure) [PSYoungGen: 36733K->0K(48640K)] 272782K->251409K(520704K), 0.0015263 secs] [Times: user=0.00 sys=0.00, real=0.00 secs] 
151.784: [GC (Allocation Failure) [PSYoungGen: 43904K->1024K(48640K)] 448913K->411153K(520704K), 0.0011273 secs] [Times: user=0.00 sys=0.00, real=0.00 secs] 
152.221: [GC (Allocation Failure) [PSYoungGen: 32641K->1024K(48640K)] 442771K->426513K(520704K), 0.0016479 secs] [Times: user=0.00 sys=0.00, real=0.00 secs] 
152.223: [Full GC (Ergonomics) [PSYoungGen: 1024K->0K(48640K)] [ParOldGen: 425489K->22033K(472064K)] 426513K->22033K(520704K), [Metaspace: 2796K->2796K(1056768K)], 0.0028833 secs] [Times: user=0.00 sys=0.00, real=0.00 secs] 
153.204: [GC (Allocation Failure) [PSYoungGen: 43898K->1024K(48640K)] 219531K->181777K(520704K), 0.0008360 secs] [Times: user=0.00 sys=0.00, real=0.00 secs] 
154.620: [GC (Allocation Failure) [PSYoungGen: 43902K->0K(48640K)] 224655K->190993K(520704K), 0.0010424 secs] [Times: user=0.00 sys=0.00, real=0.00 secs] 
155.054: [GC (Allocation Failure) [PSYoungGen: 31609K->0K(48640K)] 222603K->211473K(520704K), 0.0012984 secs] [Times: user=0.00 sys=0.00, real=0.00 secs] 
156.037: [GC (Allocation Failure) [PSYoungGen: 43893K->0K(48640K)] 408966K->375313K(520704K), 0.0011092 secs] [Times: user=0.00 sys=0.00, real=0.00 secs] 
156.473: [GC (Allocation Failure) [PSYoungGen: 31610K->0K(48640K)] 406924K->385553K(520704K), 0.0014360 secs] [Times: user=0.00 sys=0.00, real=0.00 secs] 
156.692: [GC (Allocation Failure) [PSYoungGen: 21365K->0K(48640K)] 458119K->457233K(520704K), 0.0021782 secs] [Times: user=0.00 sys=0.00, real=0.00 secs] 
156.695: [Full GC (Ergonomics) [PSYoungGen: 0K->0K(48640K)] [ParOldGen: 457233K->92689K(472064K)] 457233K->92689K(520704K), [Metaspace: 2796K->2796K(1056768K)], 0.0077369 secs] [Times: user=0.00 sys=0.00, real=0.01 secs] 
158.452: [GC (Allocation Failure) [PSYoungGen: 40821K->1024K(48640K)] 389511K->349713K(520704K), 0.0007120 secs] [Times: user=0.00 sys=0.00, real=0.00 secs] 
159.215: [GC (Allocation Failure) [PSYoungGen: 42875K->0K(48640K)] 391564K->364049K(520704K), 0.0016687 secs] [Times: user=0.00 sys=0.00, real=0.00 secs] 
159.543: [GC (Allocation Failure) [PSYoungGen: 31607K->0K(48640K)] 446857K->415249K(520704K), 0.0009926 secs] [Times: user=0.00 sys=0.00, real=0.00 secs] 
159.544: [GC (Allocation Failure) [PSYoungGen: 0K->0K(48640K)] 415249K->415249K(520704K), 0.0009069 secs] [Times: user=0.00 sys=0.00, real=0.00 secs] 
159.544: [Full GC (Allocation Failure) [PSYoungGen: 0K->0K(48640K)] [ParOldGen: 415249K->108049K(472064K)] 415249K->108049K(520704K), [Metaspace: 2796K->2796K(1056768K)], 0.0084434 secs] [Times: user=0.00 sys=0.00, real=0.01 secs] 
160.647: [GC (Allocation Failure) [PSYoungGen: 43900K->0K(48640K)] 254350K->225809K(520704K), 0.0015709 secs] [Times: user=0.00 sys=0.00, real=0.00 secs] 
161.959: [GC (Allocation Failure) [PSYoungGen: 42879K->0K(48640K)] 422289K->389649K(520704K), 0.0010305 secs] [Times: user=0.00 sys=0.00, real=0.00 secs] 
162.397: [Full GC (Ergonomics) [PSYoungGen: 41857K->0K(48640K)] [ParOldGen: 440849K->56849K(472064K)] 482707K->56849K(520704K), [Metaspace: 2796K->2796K(1056768K)], 0.0054682 secs] [Times: user=0.00 sys=0.00, real=0.00 secs] 
163.497: [GC (Allocation Failure) [PSYoungGen: 43906K->1024K(48640K)] 203156K->180753K(520704K), 0.0015276 secs] [Times: user=0.00 sys=0.00, real=0.00 secs] 
164.366: [GC (Allocation Failure) [PSYoungGen: 44931K->1024K(48640K)] 378261K->344593K(520704K), 0.0014597 secs] [Times: user=0.00 sys=0.00, real=0.00 secs] 
165.569: [GC (Allocation Failure) [PSYoungGen: 42884K->0K(48640K)] 386453K->353809K(520704K), 0.0013490 secs] [Times: user=0.00 sys=0.00, real=0.00 secs] 
166.333: [GC (Allocation Failure) [PSYoungGen: 41853K->0K(48640K)] 395663K->369169K(520704K), 0.0016162 secs] [Times: user=0.00 sys=0.00, real=0.00 secs] 
166.662: [GC (Allocation Failure) [PSYoungGen: 31609K->0K(48640K)] 451979K->440849K(520704K), 0.0023908 secs] [Times: user=0.00 sys=0.00, real=0.00 secs] 
166.665: [Full GC (Ergonomics) [PSYoungGen: 0K->0K(48640K)] [ParOldGen: 440849K->77329K(472064K)] 440849K->77329K(520704K), [Metaspace: 2796K->2796K(1056768K)], 0.0065121 secs] [Times: user=0.00 sys=0.00, real=0.01 secs] 
167.768: [GC (Allocation Failure) [PSYoungGen: 43901K->0K(48640K)] 223631K->195089K(520704K), 0.0013505 secs] [Times: user=0.00 sys=0.00, real=0.00 secs] 
168.642: [GC (Allocation Failure) [PSYoungGen: 43904K->0K(48640K)] 392593K->353809K(520704K), 0.0008382 secs] [Times: user=0.00 sys=0.00, real=0.00 secs] 
169.518: [GC (Allocation Failure) [PSYoungGen: 11137K->0K(48640K)] 416147K->405009K(520704K), 0.0008594 secs] [Times: user=0.00 sys=0.00, real=0.00 secs] 
169.518: [GC (Allocation Failure) [PSYoungGen: 0K->0K(48640K)] 405009K->405009K(520704K), 0.0009955 secs] [Times: user=0.00 sys=0.00, real=0.00 secs] 
169.519: [Full GC (Allocation Failure) [PSYoungGen: 0K->0K(48640K)] [ParOldGen: 405009K->51729K(472064K)] 405009K->51729K(520704K), [Metaspace: 2796K->2796K(1056768K)], 0.0050740 secs] [Times: user=0.01 sys=0.00, real=0.00 secs] 
170.624: [GC (Allocation Failure) [PSYoungGen: 43906K->0K(48640K)] 198035K->169489K(520704K), 0.0015781 secs] [Times: user=0.00 sys=0.00, real=0.00 secs] 
171.495: [GC (Allocation Failure) [PSYoungGen: 43907K->1024K(48640K)] 366996K->329233K(520704K), 0.0008684 secs] [Times: user=0.00 sys=0.00, real=0.00 secs] 
172.155: [GC (Allocation Failure) [PSYoungGen: 42883K->1024K(48640K)] 371093K->344593K(520704K), 0.0017579 secs] [Times: user=0.00 sys=0.00, real=0.00 secs] 
172.374: [GC (Allocation Failure) [PSYoungGen: 22397K->1024K(48640K)] 417167K->395793K(520704K), 0.0010920 secs] [Times: user=0.00 sys=0.00, real=0.00 secs] 
172.375: [GC (Allocation Failure) [PSYoungGen: 1024K->1024K(48640K)] 395793K->395793K(520704K), 0.0009185 secs] [Times: user=0.00 sys=0.00, real=0.00 secs] 
172.376: [Full GC (Allocation Failure) [PSYoungGen: 1024K->0K(48640K)] [ParOldGen: 394769K->165393K(472064K)] 395793K->165393K(520704K), [Metaspace: 2796K->2796K(1056768K)], 0.0122436 secs] [Times: user=0.00 sys=0.00, real=0.01 secs] 
173.590: [GC (Allocation Failure) [PSYoungGen: 28541K->0K(48640K)] 296334K->288273K(520704K), 0.0016206 secs] [Times: user=0.00 sys=0.00, real=0.00 secs] 
174.570: [Full GC (Ergonomics) [PSYoungGen: 43904K->0K(48640K)] [ParOldGen: 441873K->21009K(472064K)] 485777K->21009K(520704K), [Metaspace: 2796K->2796K(1056768K)], 0.0032447 secs] [Times: user=0.00 sys=0.00, real=0.00 secs] 
175.007: [GC (Allocation Failure) [PSYoungGen: 31617K->0K(48640K)] 52627K->41489K(520704K), 0.0013973 secs] [Times: user=0.00 sys=0.00, real=0.00 secs] 
175.997: [GC (Allocation Failure) [PSYoungGen: 43898K->0K(48640K)] 238987K->205329K(520704K), 0.0009675 secs] [Times: user=0.00 sys=0.00, real=0.00 secs] 
176.432: [GC (Allocation Failure) [PSYoungGen: 31614K->0K(48640K)] 236943K->215569K(520704K), 0.0012580 secs] [Times: user=0.00 sys=0.00, real=0.00 secs] 
177.522: [GC (Allocation Failure) [PSYoungGen: 41847K->0K(48640K)] 257417K->225809K(520704K), 0.0010921 secs] [Times: user=0.00 sys=0.00, real=0.00 secs] 
177.849: [GC (Allocation Failure) [PSYoungGen: 26485K->0K(48640K)] 252295K->236049K(520704K), 0.0011981 secs] [Times: user=0.00 sys=0.00, real=0.00 secs] 
178.834: [GC (Allocation Failure) [PSYoungGen: 43888K->0K(48640K)] 433538K->399889K(520704K), 0.0010788 secs] [Times: user=0.00 sys=0.00, real=0.00 secs] 
179.269: [GC (Allocation Failure) [PSYoungGen: 31607K->0K(48640K)] 431497K->410129K(520704K), 0.0013285 secs] [Times: user=0.00 sys=0.00, real=0.00 secs] 
179.490: [Full GC (Ergonomics) [PSYoungGen: 21363K->0K(48640K)] [ParOldGen: 461329K->113169K(472064K)] 482693K->113169K(520704K), [Metaspace: 2796K->2796K(1056768K)], 0.0088025 secs] [Times: user=0.00 sys=0.00, real=0.01 secs] 
181.467: [GC (Allocation Failure) [PSYoungGen: 40819K->1024K(48640K)] 358789K->324113K(520704K), 0.0008885 secs] [Times: user=0.00 sys=0.00, real=0.00 secs] 
182.123: [GC (Allocation Failure) [PSYoungGen: 42873K->1024K(48640K)] 365963K->339473K(520704K), 0.0016485 secs] [Times: user=0.00 sys=0.00, real=0.00 secs] 
182.341: [GC (Allocation Failure) [PSYoungGen: 22391K->1024K(48640K)] 412040K->390673K(520704K), 0.0007290 secs] [Times: user=0.00 sys=0.00, real=0.00 secs] 
182.342: [GC (Allocation Failure) [PSYoungGen: 1024K->1024K(48640K)] 390673K->390673K(520704K), 0.0009537 secs] [Times: user=0.00 sys=0.00, real=0.00 secs] 
182.343: [Full GC (Allocation Failure) [PSYoungGen: 1024K->0K(48640K)] [ParOldGen: 389649K->57873K(472064K)] 390673K->57873K(520704K), [Metaspace: 2796K->2796K(1056768K)], 0.0053703 secs] [Times: user=0.00 sys=0.00, real=0.01 secs] 
183.449: [GC (Allocation Failure) [PSYoungGen: 43895K->1024K(48640K)] 204168K->181777K(520704K), 0.0014879 secs] [Times: user=0.00 sys=0.00, real=0.00 secs] 
184.755: [GC (Allocation Failure) [PSYoungGen: 39804K->0K(48640K)] 374157K->339473K(520704K), 0.0009646 secs] [Times: user=0.00 sys=0.00, real=0.00 secs] 
185.192: [GC (Allocation Failure) [PSYoungGen: 41855K->0K(48640K)] 432528K->400913K(520704K), 0.0011874 secs] [Times: user=0.00 sys=0.00, real=0.00 secs] 
185.194: [GC (Allocation Failure) [PSYoungGen: 0K->0K(48640K)] 400913K->400913K(520704K), 0.0007432 secs] [Times: user=0.00 sys=0.00, real=0.00 secs] 
185.194: [Full GC (Allocation Failure) [PSYoungGen: 0K->0K(48640K)] [ParOldGen: 400913K->61969K(472064K)] 400913K->61969K(520704K), [Metaspace: 2796K->2796K(1056768K)], 0.0056341 secs] [Times: user=0.00 sys=0.00, real=0.01 secs] 
186.305: [GC (Allocation Failure) [PSYoungGen: 43905K->0K(48640K)] 208274K->179729K(520704K), 0.0014451 secs] [Times: user=0.00 sys=0.00, real=0.00 secs] 
187.182: [GC (Allocation Failure) [PSYoungGen: 43906K->0K(48640K)] 377236K->358929K(520704K), 0.0023248 secs] [Times: user=0.00 sys=0.00, real=0.00 secs] 
187.836: [GC (Allocation Failure) [PSYoungGen: 41859K->0K(48640K)] 400789K->374289K(520704K), 0.0015680 secs] [Times: user=0.00 sys=0.00, real=0.00 secs] 
189.039: [GC (Allocation Failure) [PSYoungGen: 41853K->0K(48640K)] 467342K->435729K(520704K), 0.0012635 secs] [Times: user=0.00 sys=0.00, real=0.00 secs] 
189.040: [Full GC (Ergonomics) [PSYoungGen: 0K->0K(48640K)] [ParOldGen: 435729K->10769K(472064K)] 435729K->10769K(520704K), [Metaspace: 2796K->2796K(1056768K)], 0.0022621 secs] [Times: user=0.00 sys=0.00, real=0.00 secs] 
189.803: [GC (Allocation Failure) [PSYoungGen: 43904K->1024K(48640K)] 208273K->165393K(520704K), 0.0005767 secs] [Times: user=0.00 sys=0.00, real=0.00 secs] 
190.564: [GC (Allocation Failure) [PSYoungGen: 42881K->0K(48640K)] 207251K->179729K(520704K), 0.0015890 secs] [Times: user=0.00 sys=0.00, real=0.00 secs] 
191.438: [GC (Allocation Failure) [PSYoungGen: 43900K->1056K(48640K)] 377229K->339505K(520704K), 0.0009224 secs] [Times: user=0.00 sys=0.00, real=0.00 secs] 
193.076: [GC (Allocation Failure) [PSYoungGen: 44959K->1056K(48640K)] 383408K->344625K(520704K), 0.0008978 secs] [Times: user=0.00 sys=0.00, real=0.00 secs] 
193.512: [GC (Allocation Failure) [PSYoungGen: 32667K->1056K(48640K)] 376236K->365105K(520704K), 0.0017943 secs] [Times: user=0.00 sys=0.00, real=0.00 secs] 
193.731: [GC (Allocation Failure) [PSYoungGen: 22421K->1056K(48640K)] 437671K->416305K(520704K), 0.0009077 secs] [Times: user=0.00 sys=0.00, real=0.00 secs] 
193.732: [GC (Allocation Failure) [PSYoungGen: 1056K->1056K(48640K)] 416305K->416305K(520704K), 0.0008367 secs] [Times: user=0.00 sys=0.00, real=0.00 secs] 
193.733: [Full GC (Allocation Failure) [PSYoungGen: 1056K->0K(48640K)] [ParOldGen: 415249K->62993K(472064K)] 416305K->62993K(520704K), [Metaspace: 2796K->2796K(1056768K)], 0.0055815 secs] [Times: user=0.00 sys=0.00, real=0.00 secs] 
194.838: [GC (Allocation Failure) [PSYoungGen: 43893K->32K(48640K)] 209287K->180785K(520704K), 0.0012978 secs] [Times: user=0.00 sys=0.00, real=0.00 secs] 
196.258: [GC (Allocation Failure) [PSYoungGen: 43931K->32K(48640K)] 378284K->339505K(520704K), 0.0010710 secs] [Times: user=0.00 sys=0.00, real=0.00 secs] 
196.585: [GC (Allocation Failure) [PSYoungGen: 31646K->32K(48640K)] 422320K->411185K(520704K), 0.0022267 secs] [Times: user=0.00 sys=0.00, real=0.00 secs] 
196.587: [GC (Allocation Failure) [PSYoungGen: 32K->32K(48640K)] 411185K->411185K(520704K), 0.0008102 secs] [Times: user=0.00 sys=0.00, real=0.00 secs] 
196.588: [Full GC (Allocation Failure) [PSYoungGen: 32K->0K(48640K)] [ParOldGen: 411153K->72209K(472064K)] 411185K->72209K(520704K), [Metaspace: 2796K->2796K(1056768K)], 0.0065869 secs] [Times: user=0.00 sys=0.00, real=0.01 secs] 
197.691: [GC (Allocation Failure) [PSYoungGen: 43905K->0K(48640K)] 218514K->189969K(520704K), 0.0015198 secs] [Times: user=0.02 sys=0.00, real=0.00 secs] 
198.565: [GC (Allocation Failure) [PSYoungGen: 43906K->0K(48640K)] 387476K->348689K(520704K), 0.0009733 secs] [Times: user=0.00 sys=0.00, real=0.00 secs] 
199.220: [GC (Allocation Failure) [PSYoungGen: 41859K->0K(48640K)] 390549K->364049K(520704K), 0.0018434 secs] [Times: user=0.00 sys=0.00, real=0.00 secs] 
199.436: [GC (Allocation Failure) [PSYoungGen: 21373K->0K(48640K)] 436623K->415249K(520704K), 0.0014495 secs] [Times: user=0.00 sys=0.00, real=0.00 secs] 
199.438: [GC (Allocation Failure) [PSYoungGen: 0K->0K(48640K)] 415249K->415249K(520704K), 0.0008476 secs] [Times: user=0.00 sys=0.00, real=0.00 secs] 
199.439: [Full GC (Allocation Failure) [PSYoungGen: 0K->0K(48640K)] [ParOldGen: 415249K->133649K(472064K)] 415249K->133649K(520704K), [Metaspace: 2796K->2796K(1056768K)], 0.0099356 secs] [Times: user=0.00 sys=0.00, real=0.01 secs] 
200.654: [GC (Allocation Failure) [PSYoungGen: 36733K->0K(48640K)] 272783K->251409K(520704K), 0.0015114 secs] [Times: user=0.00 sys=0.00, real=0.00 secs] 
201.634: [GC (Allocation Failure) [PSYoungGen: 43904K->1024K(48640K)] 448913K->411153K(520704K), 0.0013207 secs] [Times: user=0.00 sys=0.00, real=0.00 secs] 
202.069: [GC (Allocation Failure) [PSYoungGen: 32641K->1024K(48640K)] 442771K->426513K(520704K), 0.0016509 secs] [Times: user=0.00 sys=0.00, real=0.00 secs] 
202.070: [Full GC (Ergonomics) [PSYoungGen: 1024K->0K(48640K)] [ParOldGen: 425489K->22033K(472064K)] 426513K->22033K(520704K), [Metaspace: 2796K->2796K(1056768K)], 0.0034335 secs] [Times: user=0.00 sys=0.00, real=0.00 secs] 
203.051: [GC (Allocation Failure) [PSYoungGen: 43898K->1024K(48640K)] 219531K->181777K(520704K), 0.0009176 secs] [Times: user=0.00 sys=0.00, real=0.00 secs] 
204.472: [GC (Allocation Failure) [PSYoungGen: 43902K->0K(48640K)] 224655K->190993K(520704K), 0.0011128 secs] [Times: user=0.00 sys=0.00, real=0.00 secs] 
204.908: [GC (Allocation Failure) [PSYoungGen: 31609K->0K(48640K)] 222603K->211473K(520704K), 0.0014896 secs] [Times: user=0.00 sys=0.00, real=0.00 secs] 
205.889: [GC (Allocation Failure) [PSYoungGen: 43893K->0K(48640K)] 408967K->375313K(520704K), 0.0011785 secs] [Times: user=0.00 sys=0.00, real=0.00 secs] 
206.327: [GC (Allocation Failure) [PSYoungGen: 31610K->0K(48640K)] 406924K->385553K(520704K), 0.0016138 secs] [Times: user=0.00 sys=0.00, real=0.00 secs] 
206.544: [GC (Allocation Failure) [PSYoungGen: 21365K->0K(48640K)] 458119K->457234K(520704K), 0.0023871 secs] [Times: user=0.00 sys=0.00, real=0.00 secs] 
206.546: [Full GC (Ergonomics) [PSYoungGen: 0K->0K(48640K)] [ParOldGen: 457234K->92689K(472064K)] 457234K->92689K(520704K), [Metaspace: 2796K->2796K(1056768K)], 0.0079557 secs] [Times: user=0.02 sys=0.00, real=0.01 secs] 
208.304: [GC (Allocation Failure) [PSYoungGen: 40821K->1024K(48640K)] 389511K->349713K(520704K), 0.0006425 secs] [Times: user=0.00 sys=0.00, real=0.00 secs] 
209.068: [GC (Allocation Failure) [PSYoungGen: 42875K->0K(48640K)] 391564K->364049K(520704K), 0.0014167 secs] [Times: user=0.00 sys=0.00, real=0.00 secs] 
209.398: [GC (Allocation Failure) [PSYoungGen: 31607K->0K(48640K)] 446857K->415249K(520704K), 0.0007477 secs] [Times: user=0.00 sys=0.00, real=0.00 secs] 
209.399: [GC (Allocation Failure) [PSYoungGen: 0K->0K(48640K)] 415249K->415249K(520704K), 0.0009013 secs] [Times: user=0.00 sys=0.00, real=0.00 secs] 
209.400: [Full GC (Allocation Failure) [PSYoungGen: 0K->0K(48640K)] [ParOldGen: 415249K->108049K(472064K)] 415249K->108049K(520704K), [Metaspace: 2796K->2796K(1056768K)], 0.0084956 secs] [Times: user=0.00 sys=0.00, real=0.01 secs] 
210.505: [GC (Allocation Failure) [PSYoungGen: 43900K->0K(48640K)] 254350K->225809K(520704K), 0.0017520 secs] [Times: user=0.00 sys=0.00, real=0.00 secs] 
211.818: [GC (Allocation Failure) [PSYoungGen: 42879K->0K(48640K)] 422289K->389649K(520704K), 0.0011691 secs] [Times: user=0.00 sys=0.00, real=0.00 secs] 
212.256: [Full GC (Ergonomics) [PSYoungGen: 41857K->0K(48640K)] [ParOldGen: 440849K->56849K(472064K)] 482707K->56849K(520704K), [Metaspace: 2796K->2796K(1056768K)], 0.0058562 secs] [Times: user=0.00 sys=0.00, real=0.00 secs] 
213.363: [GC (Allocation Failure) [PSYoungGen: 43906K->1024K(48640K)] 203156K->180753K(520704K), 0.0015915 secs] [Times: user=0.00 sys=0.00, real=0.00 secs] 
214.237: [GC (Allocation Failure) [PSYoungGen: 44931K->1024K(48640K)] 378261K->344593K(520704K), 0.0012403 secs] [Times: user=0.00 sys=0.00, real=0.00 secs] 
215.434: [GC (Allocation Failure) [PSYoungGen: 42884K->0K(48640K)] 386454K->353809K(520704K), 0.0016728 secs] [Times: user=0.00 sys=0.00, real=0.00 secs] 
216.198: [GC (Allocation Failure) [PSYoungGen: 41853K->0K(48640K)] 395663K->369169K(520704K), 0.0015142 secs] [Times: user=0.00 sys=0.00, real=0.00 secs] 
216.526: [GC (Allocation Failure) [PSYoungGen: 31609K->0K(48640K)] 451979K->440849K(520704K), 0.0021251 secs] [Times: user=0.00 sys=0.00, real=0.00 secs] 
216.529: [Full GC (Ergonomics) [PSYoungGen: 0K->0K(48640K)] [ParOldGen: 440849K->77329K(472064K)] 440849K->77329K(520704K), [Metaspace: 2796K->2796K(1056768K)], 0.0064568 secs] [Times: user=0.00 sys=0.00, real=0.01 secs] 
217.631: [GC (Allocation Failure) [PSYoungGen: 43901K->0K(48640K)] 223631K->195089K(520704K), 0.0013213 secs] [Times: user=0.00 sys=0.00, real=0.00 secs] 
218.506: [GC (Allocation Failure) [PSYoungGen: 43904K->0K(48640K)] 392594K->353809K(520704K), 0.0011253 secs] [Times: user=0.00 sys=0.00, real=0.00 secs] 
Heap
 PSYoungGen      total 48640K, used 12039K [0x00000000fcd00000, 0x0000000100000000, 0x0000000100000000)
  eden space 45056K, 26% used [0x00000000fcd00000,0x00000000fd8c1de0,0x00000000ff900000)
  from space 3584K, 0% used [0x00000000ff900000,0x00000000ff900000,0x00000000ffc80000)
  to   space 3584K, 0% used [0x00000000ffc80000,0x00000000ffc80000,0x0000000100000000)
 ParOldGen       total 472064K, used 353809K [0x00000000e0000000, 0x00000000fcd00000, 0x00000000fcd00000)
  object space 472064K, 74% used [0x00000000e0000000,0x00000000f5984770,0x00000000fcd00000)
 Metaspace       used 2804K, capacity 4486K, committed 4864K, reserved 1056768K
  class space    used 297K, capacity 386K, committed 512K, reserved 1048576K
