Java HotSpot(TM) 64-Bit Server VM (25.411-b09) for windows-amd64 JRE (1.8.0_411-b09), built on Mar 13 2024 07:26:13 by "java_re" with MS VC++ 17.1 (VS2022)
Memory: 4k page, physical 33403376k(14327928k free), swap 36670664k(7210208k free)
CommandLine flags: -XX:InitialHeapSize=536870912 -XX:MaxHeapSize=536870912 -XX:NewRatio=7 -XX:ParallelGCThreads=6 -XX:+PrintGC -XX:+PrintGCDetails -XX:+PrintGCTimeStamps -XX:SurvivorRatio=13 -XX:-UseAdaptiveSizePolicy -XX:+UseCompressedClassPointers -XX:+UseCompressedOops -XX:-UseLargePagesIndividualAllocation -XX:+UseParallelGC 
1.148: [GC (Allocation Failure) [PSYoungGen: 55541K->768K(61440K)] 55541K->16136K(520192K), 0.0042888 secs] [Times: user=0.00 sys=0.00, real=0.00 secs] 
2.393: [GC (Allocation Failure) [PSYoungGen: 54115K->1680K(61440K)] 223083K->180896K(520192K), 0.0026252 secs] [Times: user=0.00 sys=0.00, real=0.00 secs] 
3.424: [GC (Allocation Failure) [PSYoungGen: 55035K->2720K(61440K)] 387851K->340656K(520192K), 0.0021407 secs] [Times: user=0.00 sys=0.00, real=0.00 secs] 
5.069: [GC (Allocation Failure) [PSYoungGen: 55057K->600K(61440K)] 392993K->348776K(520192K), 0.0023444 secs] [Times: user=0.00 sys=0.00, real=0.00 secs] 
5.737: [GC (Allocation Failure) [PSYoungGen: 52939K->624K(61440K)] 452315K->410240K(520192K), 0.0035194 secs] [Times: user=0.00 sys=0.00, real=0.00 secs] 
5.741: [GC (Allocation Failure) [PSYoungGen: 624K->568K(61440K)] 410240K->410184K(520192K), 0.0009710 secs] [Times: user=0.00 sys=0.00, real=0.00 secs] 
5.742: [Full GC (Allocation Failure) [PSYoungGen: 568K->0K(61440K)] [ParOldGen: 409616K->67088K(458752K)] 410184K->67088K(520192K), [Metaspace: 2753K->2753K(1056768K)], 0.0116128 secs] [Times: user=0.00 sys=0.00, real=0.01 secs] 
6.955: [GC (Allocation Failure) [PSYoungGen: 53366K->0K(61440K)] 222855K->184848K(520192K), 0.0015261 secs] [Times: user=0.00 sys=0.00, real=0.00 secs] 
8.372: [GC (Allocation Failure) [PSYoungGen: 38581K->32K(61440K)] 377030K->343600K(520192K), 0.0008500 secs] [Times: user=0.00 sys=0.00, real=0.00 secs] 
8.590: [GC (Allocation Failure) [PSYoungGen: 21656K->32K(61440K)] 416425K->394808K(520192K), 0.0007273 secs] [Times: user=0.00 sys=0.00, real=0.00 secs] 
8.591: [GC (Allocation Failure) [PSYoungGen: 32K->32K(61440K)] 394808K->394816K(520192K), 0.0013257 secs] [Times: user=0.00 sys=0.00, real=0.00 secs] 
8.592: [Full GC (Allocation Failure) [PSYoungGen: 32K->0K(61440K)] [ParOldGen: 394784K->51728K(458752K)] 394816K->51728K(520192K), [Metaspace: 2759K->2759K(1056768K)], 0.0053980 secs] [Times: user=0.00 sys=0.00, real=0.01 secs] 
9.808: [GC (Allocation Failure) [PSYoungGen: 53369K->0K(61440K)] 207497K->169488K(520192K), 0.0015581 secs] [Times: user=0.00 sys=0.00, real=0.00 secs] 
11.011: [GC (Allocation Failure) [PSYoungGen: 53369K->0K(61440K)] 376458K->333328K(520192K), 0.0012738 secs] [Times: user=0.00 sys=0.00, real=0.00 secs] 
11.448: [GC (Allocation Failure) [PSYoungGen: 42106K->0K(61440K)] 426635K->384529K(520192K), 0.0013680 secs] [Times: user=0.00 sys=0.00, real=0.00 secs] 
11.449: [GC (Allocation Failure) [PSYoungGen: 0K->0K(61440K)] 384529K->384529K(520192K), 0.0006926 secs] [Times: user=0.00 sys=0.00, real=0.00 secs] 
11.450: [Full GC (Allocation Failure) [PSYoungGen: 0K->0K(61440K)] [ParOldGen: 384529K->215568K(458752K)] 384529K->215568K(520192K), [Metaspace: 2761K->2761K(1056768K)], 0.0115519 secs] [Times: user=0.02 sys=0.00, real=0.01 secs] 
12.885: [GC (Allocation Failure) [PSYoungGen: 52719K->32K(61440K)] 421888K->374328K(520192K), 0.0008277 secs] [Times: user=0.00 sys=0.00, real=0.00 secs] 
12.886: [GC (Allocation Failure) [PSYoungGen: 32K->64K(61440K)] 374328K->374360K(520192K), 0.0009250 secs] [Times: user=0.00 sys=0.00, real=0.00 secs] 
12.887: [Full GC (Allocation Failure) [PSYoungGen: 64K->0K(61440K)] [ParOldGen: 374296K->56849K(458752K)] 374360K->56849K(520192K), [Metaspace: 2763K->2763K(1056768K)], 0.0052932 secs] [Times: user=0.00 sys=0.00, real=0.01 secs] 
14.107: [GC (Allocation Failure) [PSYoungGen: 53370K->1024K(61440K)] 212619K->180753K(520192K), 0.0016276 secs] [Times: user=0.00 sys=0.00, real=0.00 secs] 
15.309: [GC (Allocation Failure) [PSYoungGen: 54394K->1024K(61440K)] 387724K->344593K(520192K), 0.0011332 secs] [Times: user=0.00 sys=0.00, real=0.00 secs] 
16.728: [GC (Allocation Failure) [PSYoungGen: 53370K->0K(61440K)] 396940K->353809K(520192K), 0.0012007 secs] [Times: user=0.00 sys=0.00, real=0.00 secs] 
17.167: [GC (Allocation Failure) [PSYoungGen: 42105K->0K(61440K)] 447115K->425489K(520192K), 0.0153212 secs] [Times: user=0.00 sys=0.00, real=0.02 secs] 
17.182: [Full GC (Ergonomics) [PSYoungGen: 0K->0K(61440K)] [ParOldGen: 425489K->77329K(458752K)] 425489K->77329K(520192K), [Metaspace: 2768K->2768K(1056768K)], 0.0068544 secs] [Times: user=0.00 sys=0.00, real=0.01 secs] 
18.404: [GC (Allocation Failure) [PSYoungGen: 53370K->0K(61440K)] 233099K->195089K(520192K), 0.0014810 secs] [Times: user=0.00 sys=0.00, real=0.00 secs] 
20.042: [GC (Allocation Failure) [PSYoungGen: 43130K->0K(61440K)] 443019K->399889K(520192K), 0.0010158 secs] [Times: user=0.00 sys=0.00, real=0.00 secs] 
20.043: [GC (Allocation Failure) [PSYoungGen: 0K->0K(61440K)] 399889K->399889K(520192K), 0.0008883 secs] [Times: user=0.00 sys=0.00, real=0.00 secs] 
20.044: [Full GC (Allocation Failure) [PSYoungGen: 0K->0K(61440K)] [ParOldGen: 399889K->51729K(458752K)] 399889K->51729K(520192K), [Metaspace: 2770K->2770K(1056768K)], 0.0048492 secs] [Times: user=0.02 sys=0.00, real=0.00 secs] 
21.257: [GC (Allocation Failure) [PSYoungGen: 53370K->0K(61440K)] 207499K->169489K(520192K), 0.0014765 secs] [Times: user=0.00 sys=0.00, real=0.00 secs] 
22.455: [GC (Allocation Failure) [PSYoungGen: 53370K->1024K(61440K)] 376460K->334353K(520192K), 0.0010373 secs] [Times: user=0.00 sys=0.00, real=0.00 secs] 
22.892: [GC (Allocation Failure) [PSYoungGen: 43130K->1024K(61440K)] 427660K->385553K(520192K), 0.0010606 secs] [Times: user=0.00 sys=0.00, real=0.00 secs] 
22.893: [GC (Allocation Failure) [PSYoungGen: 1024K->1024K(61440K)] 385553K->385553K(520192K), 0.0007909 secs] [Times: user=0.02 sys=0.00, real=0.00 secs] 
22.893: [Full GC (Allocation Failure) [PSYoungGen: 1024K->0K(61440K)] [ParOldGen: 384529K->165393K(458752K)] 385553K->165393K(520192K), [Metaspace: 2779K->2779K(1056768K)], 0.0120522 secs] [Times: user=0.00 sys=0.00, real=0.01 secs] 
24.763: [Full GC (Ergonomics) [PSYoungGen: 55418K->0K(61440K)] [ParOldGen: 421393K->16384K(458752K)] 476812K->16384K(520192K), [Metaspace: 2779K->2779K(1056768K)], 0.0033964 secs] [Times: user=0.00 sys=0.00, real=0.00 secs] 
25.525: [GC (Allocation Failure) [PSYoungGen: 47227K->0K(61440K)] 63611K->36864K(520192K), 0.0014657 secs] [Times: user=0.00 sys=0.00, real=0.00 secs] 
26.729: [GC (Allocation Failure) [PSYoungGen: 53370K->0K(61440K)] 243834K->200704K(520192K), 0.0009594 secs] [Times: user=0.00 sys=0.00, real=0.00 secs] 
27.820: [GC (Allocation Failure) [PSYoungGen: 52346K->0K(61440K)] 253050K->210944K(520192K), 0.0009627 secs] [Times: user=0.00 sys=0.00, real=0.00 secs] 
28.366: [GC (Allocation Failure) [PSYoungGen: 37227K->32K(61440K)] 248172K->221224K(520192K), 0.0014174 secs] [Times: user=0.00 sys=0.00, real=0.00 secs] 
29.567: [GC (Allocation Failure) [PSYoungGen: 53387K->32K(61440K)] 428179K->385064K(520192K), 0.0012999 secs] [Times: user=0.00 sys=0.00, real=0.00 secs] 
30.004: [Full GC (Ergonomics) [PSYoungGen: 42128K->0K(61440K)] [ParOldGen: 436232K->113169K(458752K)] 478360K->113169K(520192K), [Metaspace: 2793K->2793K(1056768K)], 0.0089229 secs] [Times: user=0.00 sys=0.00, real=0.01 secs] 
32.313: [GC (Allocation Failure) [PSYoungGen: 55412K->1024K(61440K)] 373381K->324113K(520192K), 0.0009399 secs] [Times: user=0.00 sys=0.00, real=0.00 secs] 
32.863: [GC (Allocation Failure) [PSYoungGen: 48246K->1024K(61440K)] 422536K->380433K(520192K), 0.0009277 secs] [Times: user=0.00 sys=0.00, real=0.00 secs] 
32.864: [GC (Allocation Failure) [PSYoungGen: 1024K->1024K(61440K)] 380433K->380433K(520192K), 0.0008136 secs] [Times: user=0.00 sys=0.00, real=0.00 secs] 
32.864: [Full GC (Allocation Failure) [PSYoungGen: 1024K->0K(61440K)] [ParOldGen: 379409K->57873K(458752K)] 380433K->57873K(520192K), [Metaspace: 2793K->2793K(1056768K)], 0.0053893 secs] [Times: user=0.00 sys=0.00, real=0.00 secs] 
34.078: [GC (Allocation Failure) [PSYoungGen: 53368K->1024K(61440K)] 213641K->181777K(520192K), 0.0015095 secs] [Times: user=0.00 sys=0.00, real=0.00 secs] 
35.498: [GC (Allocation Failure) [PSYoungGen: 49273K->0K(61440K)] 383626K->354833K(520192K), 0.0016827 secs] [Times: user=0.00 sys=0.00, real=0.00 secs] 
35.716: [GC (Allocation Failure) [PSYoungGen: 21625K->0K(61440K)] 427659K->406033K(520192K), 0.0007809 secs] [Times: user=0.00 sys=0.00, real=0.00 secs] 
35.717: [GC (Allocation Failure) [PSYoungGen: 0K->0K(61440K)] 406033K->406033K(520192K), 0.0006803 secs] [Times: user=0.00 sys=0.00, real=0.00 secs] 
35.717: [Full GC (Allocation Failure) [PSYoungGen: 0K->0K(61440K)] [ParOldGen: 406033K->61969K(458752K)] 406033K->61969K(520192K), [Metaspace: 2793K->2793K(1056768K)], 0.0054134 secs] [Times: user=0.00 sys=0.00, real=0.01 secs] 
36.933: [GC (Allocation Failure) [PSYoungGen: 53369K->0K(61440K)] 217739K->179729K(520192K), 0.0014109 secs] [Times: user=0.00 sys=0.00, real=0.00 secs] 
38.131: [GC (Allocation Failure) [PSYoungGen: 53370K->0K(61440K)] 386699K->364049K(520192K), 0.0025500 secs] [Times: user=0.00 sys=0.00, real=0.00 secs] 
39.333: [Full GC (Ergonomics) [PSYoungGen: 52346K->0K(61440K)] [ParOldGen: 415249K->6144K(458752K)] 467595K->6144K(520192K), [Metaspace: 2793K->2793K(1056768K)], 0.0021414 secs] [Times: user=0.00 sys=0.00, real=0.00 secs] 
40.312: [GC (Allocation Failure) [PSYoungGen: 53370K->1024K(61440K)] 213114K->160768K(520192K), 0.0006119 secs] [Times: user=0.00 sys=0.00, real=0.00 secs] 
41.188: [GC (Allocation Failure) [PSYoungGen: 53370K->0K(61440K)] 213114K->175104K(520192K), 0.0016802 secs] [Times: user=0.00 sys=0.00, real=0.00 secs] 
43.150: [GC (Allocation Failure) [PSYoungGen: 55417K->2048K(61440K)] 384122K->330752K(520192K), 0.0011289 secs] [Times: user=0.00 sys=0.00, real=0.00 secs] 
44.020: [GC (Allocation Failure) [PSYoungGen: 54394K->1024K(61440K)] 383098K->350208K(520192K), 0.0018962 secs] [Times: user=0.00 sys=0.00, real=0.00 secs] 
44.237: [GC (Allocation Failure) [PSYoungGen: 22649K->1024K(61440K)] 423033K->401408K(520192K), 0.0017829 secs] [Times: user=0.00 sys=0.00, real=0.00 secs] 
44.239: [GC (Allocation Failure) [PSYoungGen: 1024K->1024K(61440K)] 401408K->401408K(520192K), 0.0011764 secs] [Times: user=0.00 sys=0.00, real=0.00 secs] 
44.240: [Full GC (Allocation Failure) [PSYoungGen: 1024K->0K(61440K)] [ParOldGen: 400384K->62993K(458752K)] 401408K->62993K(520192K), [Metaspace: 2795K->2795K(1056768K)], 0.0053521 secs] [Times: user=0.00 sys=0.00, real=0.01 secs] 
45.457: [GC (Allocation Failure) [PSYoungGen: 53369K->0K(61440K)] 218763K->190993K(520192K), 0.0020928 secs] [Times: user=0.00 sys=0.00, real=0.00 secs] 
46.878: [GC (Allocation Failure) [PSYoungGen: 43130K->0K(61440K)] 387723K->354833K(520192K), 0.0012080 secs] [Times: user=0.00 sys=0.00, real=0.00 secs] 
47.097: [GC (Allocation Failure) [PSYoungGen: 21626K->0K(61440K)] 427659K->426513K(520192K), 0.0020021 secs] [Times: user=0.00 sys=0.00, real=0.00 secs] 
47.099: [Full GC (Ergonomics) [PSYoungGen: 0K->0K(61440K)] [ParOldGen: 426513K->72209K(458752K)] 426513K->72209K(520192K), [Metaspace: 2795K->2795K(1056768K)], 0.0060930 secs] [Times: user=0.00 sys=0.00, real=0.01 secs] 
48.317: [GC (Allocation Failure) [PSYoungGen: 53370K->0K(61440K)] 227979K->189969K(520192K), 0.0014635 secs] [Times: user=0.00 sys=0.00, real=0.00 secs] 
49.525: [GC (Allocation Failure) [PSYoungGen: 53370K->0K(61440K)] 396940K->353809K(520192K), 0.0011413 secs] [Times: user=0.00 sys=0.00, real=0.00 secs] 
49.961: [GC (Allocation Failure) [PSYoungGen: 42106K->0K(61440K)] 447116K->405009K(520192K), 0.0009597 secs] [Times: user=0.00 sys=0.00, real=0.00 secs] 
49.962: [GC (Allocation Failure) [PSYoungGen: 0K->0K(61440K)] 405009K->405009K(520192K), 0.0007670 secs] [Times: user=0.00 sys=0.00, real=0.00 secs] 
49.963: [Full GC (Allocation Failure) [PSYoungGen: 0K->0K(61440K)] [ParOldGen: 405009K->133649K(458752K)] 405009K->133649K(520192K), [Metaspace: 2795K->2795K(1056768K)], 0.0098266 secs] [Times: user=0.00 sys=0.00, real=0.01 secs] 
51.176: [GC (Allocation Failure) [PSYoungGen: 36986K->0K(61440K)] 273036K->251409K(520192K), 0.0013845 secs] [Times: user=0.00 sys=0.00, real=0.00 secs] 
52.378: [GC (Allocation Failure) [PSYoungGen: 53370K->1024K(61440K)] 458380K->416273K(520192K), 0.0013057 secs] [Times: user=0.00 sys=0.00, real=0.00 secs] 
52.379: [Full GC (Ergonomics) [PSYoungGen: 1024K->0K(61440K)] [ParOldGen: 415249K->11793K(458752K)] 416273K->11793K(520192K), [Metaspace: 2795K->2795K(1056768K)], 0.0023311 secs] [Times: user=0.00 sys=0.00, real=0.00 secs] 
53.361: [GC (Allocation Failure) [PSYoungGen: 53370K->1024K(61440K)] 218764K->171537K(520192K), 0.0007492 secs] [Times: user=0.00 sys=0.00, real=0.00 secs] 
54.999: [GC (Allocation Failure) [PSYoungGen: 53370K->0K(61440K)] 223884K->180753K(520192K), 0.0008932 secs] [Times: user=0.00 sys=0.00, real=0.00 secs] 
55.978: [GC (Allocation Failure) [PSYoungGen: 53370K->1024K(61440K)] 387723K->345617K(520192K), 0.0013100 secs] [Times: user=0.00 sys=0.00, real=0.00 secs] 
56.851: [GC (Allocation Failure) [PSYoungGen: 53370K->0K(61440K)] 397963K->359953K(520192K), 0.0014184 secs] [Times: user=0.00 sys=0.00, real=0.00 secs] 
57.070: [GC (Allocation Failure) [PSYoungGen: 21625K->0K(61440K)] 432779K->431633K(520192K), 0.0021368 secs] [Times: user=0.00 sys=0.00, real=0.00 secs] 
57.072: [Full GC (Ergonomics) [PSYoungGen: 0K->0K(61440K)] [ParOldGen: 431633K->92689K(458752K)] 431633K->92689K(520192K), [Metaspace: 2796K->2796K(1056768K)], 0.0077232 secs] [Times: user=0.00 sys=0.00, real=0.01 secs] 
59.165: [GC (Allocation Failure) [PSYoungGen: 55417K->0K(61440K)] 404107K->353809K(520192K), 0.0011193 secs] [Times: user=0.00 sys=0.00, real=0.00 secs] 
59.711: [GC (Allocation Failure) [PSYoungGen: 36986K->0K(61440K)] 390795K->369169K(520192K), 0.0015240 secs] [Times: user=0.00 sys=0.00, real=0.00 secs] 
59.929: [GC (Allocation Failure) [PSYoungGen: 21625K->0K(61440K)] 441994K->420369K(520192K), 0.0008078 secs] [Times: user=0.00 sys=0.00, real=0.00 secs] 
59.930: [Full GC (Ergonomics) [PSYoungGen: 0K->0K(61440K)] [ParOldGen: 420369K->108049K(458752K)] 420369K->108049K(520192K), [Metaspace: 2796K->2796K(1056768K)], 0.0085245 secs] [Times: user=0.00 sys=0.00, real=0.01 secs] 
61.144: [GC (Allocation Failure) [PSYoungGen: 53369K->0K(61440K)] 263818K->225809K(520192K), 0.0014703 secs] [Times: user=0.00 sys=0.00, real=0.00 secs] 
62.565: [GC (Allocation Failure) [PSYoungGen: 52345K->0K(61440K)] 431755K->394769K(520192K), 0.0014723 secs] [Times: user=0.00 sys=0.00, real=0.00 secs] 
62.781: [Full GC (Ergonomics) [PSYoungGen: 21626K->0K(61440K)] [ParOldGen: 445969K->56849K(458752K)] 467595K->56849K(520192K), [Metaspace: 2796K->2796K(1056768K)], 0.0058208 secs] [Times: user=0.00 sys=0.00, real=0.01 secs] 
63.995: [GC (Allocation Failure) [PSYoungGen: 53370K->1024K(61440K)] 212619K->180753K(520192K), 0.0016512 secs] [Times: user=0.00 sys=0.00, real=0.00 secs] 
65.197: [GC (Allocation Failure) [PSYoungGen: 54394K->1024K(61440K)] 387723K->344593K(520192K), 0.0010746 secs] [Times: user=0.00 sys=0.00, real=0.00 secs] 
66.611: [GC (Allocation Failure) [PSYoungGen: 53370K->0K(61440K)] 396940K->353809K(520192K), 0.0011751 secs] [Times: user=0.00 sys=0.00, real=0.00 secs] 
67.048: [GC (Allocation Failure) [PSYoungGen: 42105K->0K(61440K)] 447115K->425489K(520192K), 0.0020843 secs] [Times: user=0.02 sys=0.00, real=0.00 secs] 
67.050: [Full GC (Ergonomics) [PSYoungGen: 0K->0K(61440K)] [ParOldGen: 425489K->77329K(458752K)] 425489K->77329K(520192K), [Metaspace: 2796K->2796K(1056768K)], 0.0066230 secs] [Times: user=0.00 sys=0.00, real=0.01 secs] 
68.263: [GC (Allocation Failure) [PSYoungGen: 53370K->0K(61440K)] 233099K->195089K(520192K), 0.0013902 secs] [Times: user=0.00 sys=0.00, real=0.00 secs] 
69.904: [GC (Allocation Failure) [PSYoungGen: 43130K->0K(61440K)] 443019K->399889K(520192K), 0.0013884 secs] [Times: user=0.00 sys=0.00, real=0.00 secs] 
69.905: [GC (Allocation Failure) [PSYoungGen: 0K->0K(61440K)] 399889K->399889K(520192K), 0.0007286 secs] [Times: user=0.00 sys=0.00, real=0.00 secs] 
69.906: [Full GC (Allocation Failure) [PSYoungGen: 0K->0K(61440K)] [ParOldGen: 399889K->51729K(458752K)] 399889K->51729K(520192K), [Metaspace: 2796K->2796K(1056768K)], 0.0049971 secs] [Times: user=0.00 sys=0.00, real=0.01 secs] 
71.125: [GC (Allocation Failure) [PSYoungGen: 53370K->0K(61440K)] 207500K->169489K(520192K), 0.0014152 secs] [Times: user=0.00 sys=0.00, real=0.00 secs] 
72.327: [GC (Allocation Failure) [PSYoungGen: 53370K->1024K(61440K)] 376460K->334353K(520192K), 0.0010889 secs] [Times: user=0.00 sys=0.00, real=0.00 secs] 
72.763: [GC (Allocation Failure) [PSYoungGen: 43130K->1024K(61440K)] 427660K->385553K(520192K), 0.0007547 secs] [Times: user=0.00 sys=0.00, real=0.00 secs] 
72.764: [GC (Allocation Failure) [PSYoungGen: 1024K->1024K(61440K)] 385553K->385553K(520192K), 0.0007040 secs] [Times: user=0.00 sys=0.00, real=0.00 secs] 
72.764: [Full GC (Allocation Failure) [PSYoungGen: 1024K->0K(61440K)] [ParOldGen: 384529K->165393K(458752K)] 385553K->165393K(520192K), [Metaspace: 2796K->2796K(1056768K)], 0.0120955 secs] [Times: user=0.00 sys=0.00, real=0.01 secs] 
74.636: [Full GC (Ergonomics) [PSYoungGen: 55418K->0K(61440K)] [ParOldGen: 421393K->16384K(458752K)] 476812K->16384K(520192K), [Metaspace: 2796K->2796K(1056768K)], 0.0030876 secs] [Times: user=0.00 sys=0.00, real=0.00 secs] 
75.401: [GC (Allocation Failure) [PSYoungGen: 47226K->0K(61440K)] 63610K->36864K(520192K), 0.0013475 secs] [Times: user=0.00 sys=0.00, real=0.00 secs] 
76.600: [GC (Allocation Failure) [PSYoungGen: 53369K->0K(61440K)] 243834K->200704K(520192K), 0.0010407 secs] [Times: user=0.00 sys=0.00, real=0.00 secs] 
77.691: [GC (Allocation Failure) [PSYoungGen: 52346K->0K(61440K)] 253050K->210944K(520192K), 0.0011443 secs] [Times: user=0.00 sys=0.00, real=0.00 secs] 
78.241: [GC (Allocation Failure) [PSYoungGen: 36985K->0K(61440K)] 247929K->221184K(520192K), 0.0013128 secs] [Times: user=0.00 sys=0.00, real=0.00 secs] 
79.442: [GC (Allocation Failure) [PSYoungGen: 53357K->0K(61440K)] 428141K->385024K(520192K), 0.0012965 secs] [Times: user=0.00 sys=0.00, real=0.00 secs] 
79.878: [Full GC (Ergonomics) [PSYoungGen: 42098K->0K(61440K)] [ParOldGen: 436224K->113169K(458752K)] 478322K->113169K(520192K), [Metaspace: 2796K->2796K(1056768K)], 0.0093201 secs] [Times: user=0.00 sys=0.00, real=0.01 secs] 
82.182: [GC (Allocation Failure) [PSYoungGen: 55413K->1024K(61440K)] 373382K->324113K(520192K), 0.0009840 secs] [Times: user=0.00 sys=0.00, real=0.00 secs] 
82.730: [GC (Allocation Failure) [PSYoungGen: 48247K->1024K(61440K)] 422536K->380433K(520192K), 0.0009796 secs] [Times: user=0.00 sys=0.00, real=0.00 secs] 
82.731: [GC (Allocation Failure) [PSYoungGen: 1024K->1024K(61440K)] 380433K->380433K(520192K), 0.0007389 secs] [Times: user=0.00 sys=0.00, real=0.00 secs] 
82.732: [Full GC (Allocation Failure) [PSYoungGen: 1024K->0K(61440K)] [ParOldGen: 379409K->57873K(458752K)] 380433K->57873K(520192K), [Metaspace: 2796K->2796K(1056768K)], 0.0051267 secs] [Times: user=0.00 sys=0.00, real=0.01 secs] 
83.945: [GC (Allocation Failure) [PSYoungGen: 53368K->1024K(61440K)] 213642K->181777K(520192K), 0.0017378 secs] [Times: user=0.00 sys=0.00, real=0.00 secs] 
85.365: [GC (Allocation Failure) [PSYoungGen: 49273K->0K(61440K)] 383626K->354833K(520192K), 0.0015137 secs] [Times: user=0.00 sys=0.00, real=0.00 secs] 
85.583: [GC (Allocation Failure) [PSYoungGen: 21625K->0K(61440K)] 427659K->406033K(520192K), 0.0007772 secs] [Times: user=0.00 sys=0.00, real=0.00 secs] 
85.584: [GC (Allocation Failure) [PSYoungGen: 0K->0K(61440K)] 406033K->406033K(520192K), 0.0007088 secs] [Times: user=0.00 sys=0.00, real=0.00 secs] 
85.584: [Full GC (Allocation Failure) [PSYoungGen: 0K->0K(61440K)] [ParOldGen: 406033K->61969K(458752K)] 406033K->61969K(520192K), [Metaspace: 2796K->2796K(1056768K)], 0.0056510 secs] [Times: user=0.00 sys=0.00, real=0.00 secs] 
86.799: [GC (Allocation Failure) [PSYoungGen: 53370K->0K(61440K)] 217739K->179729K(520192K), 0.0015395 secs] [Times: user=0.00 sys=0.00, real=0.00 secs] 
88.001: [GC (Allocation Failure) [PSYoungGen: 53370K->0K(61440K)] 386699K->364049K(520192K), 0.0025292 secs] [Times: user=0.00 sys=0.00, real=0.00 secs] 
89.202: [Full GC (Ergonomics) [PSYoungGen: 52346K->0K(61440K)] [ParOldGen: 415249K->6144K(458752K)] 467596K->6144K(520192K), [Metaspace: 2796K->2796K(1056768K)], 0.0023815 secs] [Times: user=0.00 sys=0.00, real=0.00 secs] 
90.185: [GC (Allocation Failure) [PSYoungGen: 53370K->1024K(61440K)] 213114K->160768K(520192K), 0.0005178 secs] [Times: user=0.00 sys=0.00, real=0.00 secs] 
91.059: [GC (Allocation Failure) [PSYoungGen: 53370K->0K(61440K)] 213114K->175104K(520192K), 0.0013599 secs] [Times: user=0.00 sys=0.00, real=0.00 secs] 
93.025: [GC (Allocation Failure) [PSYoungGen: 55418K->2048K(61440K)] 384122K->330752K(520192K), 0.0010961 secs] [Times: user=0.00 sys=0.00, real=0.00 secs] 
93.898: [GC (Allocation Failure) [PSYoungGen: 54394K->1024K(61440K)] 383098K->350208K(520192K), 0.0017679 secs] [Times: user=0.00 sys=0.00, real=0.00 secs] 
94.115: [GC (Allocation Failure) [PSYoungGen: 22649K->1024K(61440K)] 423033K->401408K(520192K), 0.0018105 secs] [Times: user=0.00 sys=0.00, real=0.00 secs] 
94.117: [GC (Allocation Failure) [PSYoungGen: 1024K->1024K(61440K)] 401408K->401408K(520192K), 0.0011041 secs] [Times: user=0.00 sys=0.00, real=0.00 secs] 
94.118: [Full GC (Allocation Failure) [PSYoungGen: 1024K->0K(61440K)] [ParOldGen: 400384K->62993K(458752K)] 401408K->62993K(520192K), [Metaspace: 2796K->2796K(1056768K)], 0.0055204 secs] [Times: user=0.00 sys=0.00, real=0.01 secs] 
95.328: [GC (Allocation Failure) [PSYoungGen: 53369K->0K(61440K)] 218763K->190993K(520192K), 0.0017543 secs] [Times: user=0.00 sys=0.00, real=0.00 secs] 
96.750: [GC (Allocation Failure) [PSYoungGen: 43130K->0K(61440K)] 387723K->354833K(520192K), 0.0012113 secs] [Times: user=0.00 sys=0.00, real=0.00 secs] 
96.967: [GC (Allocation Failure) [PSYoungGen: 21626K->0K(61440K)] 427659K->426513K(520192K), 0.0022007 secs] [Times: user=0.00 sys=0.00, real=0.00 secs] 
96.969: [Full GC (Ergonomics) [PSYoungGen: 0K->0K(61440K)] [ParOldGen: 426513K->72209K(458752K)] 426513K->72209K(520192K), [Metaspace: 2796K->2796K(1056768K)], 0.0063338 secs] [Times: user=0.05 sys=0.00, real=0.01 secs] 
98.182: [GC (Allocation Failure) [PSYoungGen: 53370K->0K(61440K)] 227979K->189969K(520192K), 0.0015291 secs] [Times: user=0.00 sys=0.00, real=0.00 secs] 
99.381: [GC (Allocation Failure) [PSYoungGen: 53370K->0K(61440K)] 396940K->353809K(520192K), 0.0010764 secs] [Times: user=0.00 sys=0.00, real=0.00 secs] 
99.819: [GC (Allocation Failure) [PSYoungGen: 42106K->0K(61440K)] 447116K->405009K(520192K), 0.0010056 secs] [Times: user=0.00 sys=0.00, real=0.00 secs] 
99.820: [GC (Allocation Failure) [PSYoungGen: 0K->0K(61440K)] 405009K->405009K(520192K), 0.0008159 secs] [Times: user=0.00 sys=0.00, real=0.00 secs] 
99.821: [Full GC (Allocation Failure) [PSYoungGen: 0K->0K(61440K)] [ParOldGen: 405009K->133649K(458752K)] 405009K->133649K(520192K), [Metaspace: 2796K->2796K(1056768K)], 0.0105015 secs] [Times: user=0.00 sys=0.00, real=0.01 secs] 
101.037: [GC (Allocation Failure) [PSYoungGen: 36986K->0K(61440K)] 273036K->251409K(520192K), 0.0013918 secs] [Times: user=0.00 sys=0.00, real=0.00 secs] 
102.237: [GC (Allocation Failure) [PSYoungGen: 53370K->1024K(61440K)] 458380K->416273K(520192K), 0.0011668 secs] [Times: user=0.00 sys=0.00, real=0.00 secs] 
102.238: [Full GC (Ergonomics) [PSYoungGen: 1024K->0K(61440K)] [ParOldGen: 415249K->11793K(458752K)] 416273K->11793K(520192K), [Metaspace: 2796K->2796K(1056768K)], 0.0024839 secs] [Times: user=0.00 sys=0.00, real=0.00 secs] 
103.215: [GC (Allocation Failure) [PSYoungGen: 53370K->1024K(61440K)] 218764K->171537K(520192K), 0.0008088 secs] [Times: user=0.00 sys=0.00, real=0.00 secs] 
104.854: [GC (Allocation Failure) [PSYoungGen: 53370K->0K(61440K)] 223884K->180753K(520192K), 0.0012166 secs] [Times: user=0.00 sys=0.00, real=0.00 secs] 
105.837: [GC (Allocation Failure) [PSYoungGen: 53370K->1024K(61440K)] 387723K->345617K(520192K), 0.0012781 secs] [Times: user=0.00 sys=0.00, real=0.00 secs] 
106.709: [GC (Allocation Failure) [PSYoungGen: 53370K->0K(61440K)] 397963K->359953K(520192K), 0.0015377 secs] [Times: user=0.00 sys=0.00, real=0.00 secs] 
106.928: [GC (Allocation Failure) [PSYoungGen: 21625K->0K(61440K)] 432779K->431633K(520192K), 0.0020453 secs] [Times: user=0.00 sys=0.00, real=0.00 secs] 
106.930: [Full GC (Ergonomics) [PSYoungGen: 0K->0K(61440K)] [ParOldGen: 431633K->92689K(458752K)] 431633K->92689K(520192K), [Metaspace: 2796K->2796K(1056768K)], 0.0076266 secs] [Times: user=0.00 sys=0.00, real=0.01 secs] 
109.017: [GC (Allocation Failure) [PSYoungGen: 55417K->0K(61440K)] 404107K->353809K(520192K), 0.0008597 secs] [Times: user=0.00 sys=0.00, real=0.00 secs] 
109.564: [GC (Allocation Failure) [PSYoungGen: 36986K->0K(61440K)] 390795K->369169K(520192K), 0.0014447 secs] [Times: user=0.00 sys=0.00, real=0.00 secs] 
109.783: [GC (Allocation Failure) [PSYoungGen: 21625K->0K(61440K)] 441994K->420369K(520192K), 0.0008695 secs] [Times: user=0.00 sys=0.00, real=0.00 secs] 
109.784: [Full GC (Ergonomics) [PSYoungGen: 0K->0K(61440K)] [ParOldGen: 420369K->108049K(458752K)] 420369K->108049K(520192K), [Metaspace: 2796K->2796K(1056768K)], 0.0087076 secs] [Times: user=0.00 sys=0.00, real=0.01 secs] 
110.999: [GC (Allocation Failure) [PSYoungGen: 53369K->0K(61440K)] 263818K->225809K(520192K), 0.0014001 secs] [Times: user=0.00 sys=0.00, real=0.00 secs] 
112.418: [GC (Allocation Failure) [PSYoungGen: 52345K->0K(61440K)] 431755K->394769K(520192K), 0.0016540 secs] [Times: user=0.00 sys=0.00, real=0.00 secs] 
112.637: [Full GC (Ergonomics) [PSYoungGen: 21626K->0K(61440K)] [ParOldGen: 445969K->56849K(458752K)] 467595K->56849K(520192K), [Metaspace: 2796K->2796K(1056768K)], 0.0053314 secs] [Times: user=0.00 sys=0.00, real=0.00 secs] 
113.851: [GC (Allocation Failure) [PSYoungGen: 53370K->1024K(61440K)] 212619K->180753K(520192K), 0.0016341 secs] [Times: user=0.00 sys=0.00, real=0.00 secs] 
115.053: [GC (Allocation Failure) [PSYoungGen: 54394K->1024K(61440K)] 387723K->344593K(520192K), 0.0010948 secs] [Times: user=0.00 sys=0.00, real=0.00 secs] 
116.471: [GC (Allocation Failure) [PSYoungGen: 53370K->0K(61440K)] 396940K->353809K(520192K), 0.0011213 secs] [Times: user=0.00 sys=0.00, real=0.00 secs] 
116.908: [GC (Allocation Failure) [PSYoungGen: 42105K->0K(61440K)] 447115K->425489K(520192K), 0.0021392 secs] [Times: user=0.02 sys=0.00, real=0.00 secs] 
116.910: [Full GC (Ergonomics) [PSYoungGen: 0K->0K(61440K)] [ParOldGen: 425489K->77329K(458752K)] 425489K->77329K(520192K), [Metaspace: 2796K->2796K(1056768K)], 0.0064844 secs] [Times: user=0.00 sys=0.00, real=0.01 secs] 
118.125: [GC (Allocation Failure) [PSYoungGen: 53370K->0K(61440K)] 233099K->195089K(520192K), 0.0015114 secs] [Times: user=0.00 sys=0.00, real=0.00 secs] 
119.755: [GC (Allocation Failure) [PSYoungGen: 43130K->0K(61440K)] 443019K->399889K(520192K), 0.0012944 secs] [Times: user=0.00 sys=0.00, real=0.00 secs] 
119.757: [GC (Allocation Failure) [PSYoungGen: 0K->0K(61440K)] 399889K->399889K(520192K), 0.0006870 secs] [Times: user=0.00 sys=0.00, real=0.00 secs] 
119.757: [Full GC (Allocation Failure) [PSYoungGen: 0K->0K(61440K)] [ParOldGen: 399889K->51729K(458752K)] 399889K->51729K(520192K), [Metaspace: 2796K->2796K(1056768K)], 0.0047588 secs] [Times: user=0.00 sys=0.00, real=0.01 secs] 
120.970: [GC (Allocation Failure) [PSYoungGen: 53370K->0K(61440K)] 207500K->169489K(520192K), 0.0014975 secs] [Times: user=0.00 sys=0.00, real=0.00 secs] 
122.174: [GC (Allocation Failure) [PSYoungGen: 53370K->1024K(61440K)] 376460K->334353K(520192K), 0.0010592 secs] [Times: user=0.00 sys=0.00, real=0.00 secs] 
122.609: [GC (Allocation Failure) [PSYoungGen: 43130K->1024K(61440K)] 427660K->385553K(520192K), 0.0008142 secs] [Times: user=0.00 sys=0.00, real=0.00 secs] 
122.610: [GC (Allocation Failure) [PSYoungGen: 1024K->1024K(61440K)] 385553K->385553K(520192K), 0.0008107 secs] [Times: user=0.00 sys=0.00, real=0.00 secs] 
122.611: [Full GC (Allocation Failure) [PSYoungGen: 1024K->0K(61440K)] [ParOldGen: 384529K->165393K(458752K)] 385553K->165393K(520192K), [Metaspace: 2796K->2796K(1056768K)], 0.0120736 secs] [Times: user=0.02 sys=0.00, real=0.01 secs] 
124.481: [Full GC (Ergonomics) [PSYoungGen: 55418K->0K(61440K)] [ParOldGen: 421393K->16384K(458752K)] 476812K->16384K(520192K), [Metaspace: 2796K->2796K(1056768K)], 0.0029040 secs] [Times: user=0.00 sys=0.00, real=0.00 secs] 
125.243: [GC (Allocation Failure) [PSYoungGen: 47226K->0K(61440K)] 63610K->36864K(520192K), 0.0015576 secs] [Times: user=0.00 sys=0.00, real=0.00 secs] 
126.448: [GC (Allocation Failure) [PSYoungGen: 53369K->0K(61440K)] 243834K->200704K(520192K), 0.0010498 secs] [Times: user=0.00 sys=0.00, real=0.00 secs] 
127.540: [GC (Allocation Failure) [PSYoungGen: 52346K->0K(61440K)] 253050K->210944K(520192K), 0.0011059 secs] [Times: user=0.00 sys=0.00, real=0.00 secs] 
128.083: [GC (Allocation Failure) [PSYoungGen: 36985K->0K(61440K)] 247929K->221184K(520192K), 0.0014062 secs] [Times: user=0.00 sys=0.00, real=0.00 secs] 
129.286: [GC (Allocation Failure) [PSYoungGen: 53357K->0K(61440K)] 428141K->385024K(520192K), 0.0012007 secs] [Times: user=0.00 sys=0.00, real=0.00 secs] 
129.721: [Full GC (Ergonomics) [PSYoungGen: 42098K->0K(61440K)] [ParOldGen: 436224K->113169K(458752K)] 478322K->113169K(520192K), [Metaspace: 2796K->2796K(1056768K)], 0.0089462 secs] [Times: user=0.00 sys=0.00, real=0.01 secs] 
132.032: [GC (Allocation Failure) [PSYoungGen: 55413K->1024K(61440K)] 373382K->324113K(520192K), 0.0007836 secs] [Times: user=0.00 sys=0.00, real=0.00 secs] 
132.576: [GC (Allocation Failure) [PSYoungGen: 48247K->1024K(61440K)] 422536K->380433K(520192K), 0.0009254 secs] [Times: user=0.00 sys=0.00, real=0.00 secs] 
132.577: [GC (Allocation Failure) [PSYoungGen: 1024K->1024K(61440K)] 380433K->380433K(520192K), 0.0007665 secs] [Times: user=0.00 sys=0.00, real=0.00 secs] 
132.578: [Full GC (Allocation Failure) [PSYoungGen: 1024K->0K(61440K)] [ParOldGen: 379409K->57873K(458752K)] 380433K->57873K(520192K), [Metaspace: 2796K->2796K(1056768K)], 0.0053511 secs] [Times: user=0.02 sys=0.00, real=0.01 secs] 
133.795: [GC (Allocation Failure) [PSYoungGen: 53368K->1024K(61440K)] 213642K->181777K(520192K), 0.0017209 secs] [Times: user=0.00 sys=0.00, real=0.00 secs] 
135.219: [GC (Allocation Failure) [PSYoungGen: 49273K->0K(61440K)] 383626K->354833K(520192K), 0.0014563 secs] [Times: user=0.00 sys=0.00, real=0.00 secs] 
135.435: [GC (Allocation Failure) [PSYoungGen: 21625K->0K(61440K)] 427659K->406033K(520192K), 0.0010095 secs] [Times: user=0.00 sys=0.00, real=0.00 secs] 
135.436: [GC (Allocation Failure) [PSYoungGen: 0K->0K(61440K)] 406033K->406033K(520192K), 0.0011853 secs] [Times: user=0.00 sys=0.00, real=0.00 secs] 
135.437: [Full GC (Allocation Failure) [PSYoungGen: 0K->0K(61440K)] [ParOldGen: 406033K->61969K(458752K)] 406033K->61969K(520192K), [Metaspace: 2796K->2796K(1056768K)], 0.0055550 secs] [Times: user=0.00 sys=0.00, real=0.01 secs] 
136.651: [GC (Allocation Failure) [PSYoungGen: 53370K->0K(61440K)] 217739K->179729K(520192K), 0.0015334 secs] [Times: user=0.00 sys=0.00, real=0.00 secs] 
137.850: [GC (Allocation Failure) [PSYoungGen: 53370K->0K(61440K)] 386699K->364049K(520192K), 0.0025760 secs] [Times: user=0.00 sys=0.00, real=0.00 secs] 
139.054: [Full GC (Ergonomics) [PSYoungGen: 52346K->0K(61440K)] [ParOldGen: 415249K->6144K(458752K)] 467596K->6144K(520192K), [Metaspace: 2796K->2796K(1056768K)], 0.0024952 secs] [Times: user=0.00 sys=0.00, real=0.00 secs] 
140.037: [GC (Allocation Failure) [PSYoungGen: 53370K->1024K(61440K)] 213114K->160768K(520192K), 0.0005197 secs] [Times: user=0.00 sys=0.00, real=0.00 secs] 
140.910: [GC (Allocation Failure) [PSYoungGen: 53370K->0K(61440K)] 213114K->175104K(520192K), 0.0014691 secs] [Times: user=0.00 sys=0.00, real=0.00 secs] 
142.875: [GC (Allocation Failure) [PSYoungGen: 55418K->2048K(61440K)] 384122K->330752K(520192K), 0.0010908 secs] [Times: user=0.00 sys=0.00, real=0.00 secs] 
143.745: [GC (Allocation Failure) [PSYoungGen: 54394K->1024K(61440K)] 383098K->350208K(520192K), 0.0016959 secs] [Times: user=0.00 sys=0.00, real=0.00 secs] 
143.964: [GC (Allocation Failure) [PSYoungGen: 22649K->1024K(61440K)] 423033K->401408K(520192K), 0.0015315 secs] [Times: user=0.00 sys=0.00, real=0.00 secs] 
143.965: [GC (Allocation Failure) [PSYoungGen: 1024K->1024K(61440K)] 401408K->401408K(520192K), 0.0013708 secs] [Times: user=0.00 sys=0.00, real=0.00 secs] 
143.967: [Full GC (Allocation Failure) [PSYoungGen: 1024K->0K(61440K)] [ParOldGen: 400384K->62993K(458752K)] 401408K->62993K(520192K), [Metaspace: 2796K->2796K(1056768K)], 0.0057154 secs] [Times: user=0.02 sys=0.00, real=0.01 secs] 
145.178: [GC (Allocation Failure) [PSYoungGen: 53369K->0K(61440K)] 218763K->190993K(520192K), 0.0015473 secs] [Times: user=0.00 sys=0.00, real=0.00 secs] 
146.598: [GC (Allocation Failure) [PSYoungGen: 43130K->0K(61440K)] 387723K->354833K(520192K), 0.0014425 secs] [Times: user=0.00 sys=0.00, real=0.00 secs] 
146.818: [GC (Allocation Failure) [PSYoungGen: 21626K->0K(61440K)] 427659K->426513K(520192K), 0.0021185 secs] [Times: user=0.00 sys=0.00, real=0.00 secs] 
146.820: [Full GC (Ergonomics) [PSYoungGen: 0K->0K(61440K)] [ParOldGen: 426513K->72209K(458752K)] 426513K->72209K(520192K), [Metaspace: 2796K->2796K(1056768K)], 0.0064183 secs] [Times: user=0.00 sys=0.00, real=0.01 secs] 
148.033: [GC (Allocation Failure) [PSYoungGen: 53370K->0K(61440K)] 227979K->189969K(520192K), 0.0013508 secs] [Times: user=0.00 sys=0.00, real=0.00 secs] 
149.234: [GC (Allocation Failure) [PSYoungGen: 53370K->0K(61440K)] 396940K->353809K(520192K), 0.0011314 secs] [Times: user=0.00 sys=0.00, real=0.00 secs] 
149.670: [GC (Allocation Failure) [PSYoungGen: 42106K->0K(61440K)] 447116K->405009K(520192K), 0.0012732 secs] [Times: user=0.00 sys=0.00, real=0.00 secs] 
149.671: [GC (Allocation Failure) [PSYoungGen: 0K->0K(61440K)] 405009K->405009K(520192K), 0.0008494 secs] [Times: user=0.00 sys=0.00, real=0.00 secs] 
149.672: [Full GC (Allocation Failure) [PSYoungGen: 0K->0K(61440K)] [ParOldGen: 405009K->133649K(458752K)] 405009K->133649K(520192K), [Metaspace: 2796K->2796K(1056768K)], 0.0100129 secs] [Times: user=0.00 sys=0.00, real=0.01 secs] 
150.887: [GC (Allocation Failure) [PSYoungGen: 36986K->0K(61440K)] 273036K->251409K(520192K), 0.0015118 secs] [Times: user=0.00 sys=0.00, real=0.00 secs] 
152.090: [GC (Allocation Failure) [PSYoungGen: 53370K->1024K(61440K)] 458380K->416273K(520192K), 0.0010502 secs] [Times: user=0.00 sys=0.00, real=0.00 secs] 
152.091: [Full GC (Ergonomics) [PSYoungGen: 1024K->0K(61440K)] [ParOldGen: 415249K->11793K(458752K)] 416273K->11793K(520192K), [Metaspace: 2796K->2796K(1056768K)], 0.0026784 secs] [Times: user=0.00 sys=0.00, real=0.00 secs] 
153.068: [GC (Allocation Failure) [PSYoungGen: 53370K->1024K(61440K)] 218764K->171537K(520192K), 0.0008195 secs] [Times: user=0.00 sys=0.00, real=0.00 secs] 
154.705: [GC (Allocation Failure) [PSYoungGen: 53370K->0K(61440K)] 223884K->180753K(520192K), 0.0009592 secs] [Times: user=0.00 sys=0.00, real=0.00 secs] 
155.685: [GC (Allocation Failure) [PSYoungGen: 53370K->1024K(61440K)] 387723K->345617K(520192K), 0.0012865 secs] [Times: user=0.00 sys=0.00, real=0.00 secs] 
156.558: [GC (Allocation Failure) [PSYoungGen: 53370K->0K(61440K)] 397963K->359953K(520192K), 0.0015869 secs] [Times: user=0.00 sys=0.00, real=0.00 secs] 
156.777: [GC (Allocation Failure) [PSYoungGen: 21625K->0K(61440K)] 432779K->431633K(520192K), 0.0021721 secs] [Times: user=0.00 sys=0.00, real=0.00 secs] 
156.779: [Full GC (Ergonomics) [PSYoungGen: 0K->0K(61440K)] [ParOldGen: 431633K->92689K(458752K)] 431633K->92689K(520192K), [Metaspace: 2796K->2796K(1056768K)], 0.0075408 secs] [Times: user=0.01 sys=0.00, real=0.01 secs] 
158.865: [GC (Allocation Failure) [PSYoungGen: 55417K->0K(61440K)] 404107K->353809K(520192K), 0.0007981 secs] [Times: user=0.00 sys=0.00, real=0.00 secs] 
159.410: [GC (Allocation Failure) [PSYoungGen: 36986K->0K(61440K)] 390795K->369169K(520192K), 0.0014965 secs] [Times: user=0.00 sys=0.00, real=0.00 secs] 
159.629: [GC (Allocation Failure) [PSYoungGen: 21625K->0K(61440K)] 441994K->420369K(520192K), 0.0009146 secs] [Times: user=0.00 sys=0.00, real=0.00 secs] 
159.630: [Full GC (Ergonomics) [PSYoungGen: 0K->0K(61440K)] [ParOldGen: 420369K->108049K(458752K)] 420369K->108049K(520192K), [Metaspace: 2796K->2796K(1056768K)], 0.0086563 secs] [Times: user=0.00 sys=0.00, real=0.01 secs] 
160.844: [GC (Allocation Failure) [PSYoungGen: 53369K->0K(61440K)] 263818K->225809K(520192K), 0.0013734 secs] [Times: user=0.00 sys=0.00, real=0.00 secs] 
162.261: [GC (Allocation Failure) [PSYoungGen: 52345K->0K(61440K)] 431755K->394769K(520192K), 0.0014298 secs] [Times: user=0.00 sys=0.00, real=0.00 secs] 
162.479: [Full GC (Ergonomics) [PSYoungGen: 21626K->0K(61440K)] [ParOldGen: 445969K->56849K(458752K)] 467595K->56849K(520192K), [Metaspace: 2796K->2796K(1056768K)], 0.0057171 secs] [Times: user=0.00 sys=0.00, real=0.01 secs] 
163.699: [GC (Allocation Failure) [PSYoungGen: 53370K->1024K(61440K)] 212619K->180753K(520192K), 0.0015674 secs] [Times: user=0.00 sys=0.00, real=0.00 secs] 
164.909: [GC (Allocation Failure) [PSYoungGen: 54394K->1024K(61440K)] 387723K->344593K(520192K), 0.0012363 secs] [Times: user=0.00 sys=0.00, real=0.00 secs] 
166.328: [GC (Allocation Failure) [PSYoungGen: 53370K->0K(61440K)] 396940K->353809K(520192K), 0.0010327 secs] [Times: user=0.00 sys=0.00, real=0.00 secs] 
166.765: [GC (Allocation Failure) [PSYoungGen: 42105K->0K(61440K)] 447115K->425489K(520192K), 0.0020593 secs] [Times: user=0.00 sys=0.00, real=0.00 secs] 
166.767: [Full GC (Ergonomics) [PSYoungGen: 0K->0K(61440K)] [ParOldGen: 425489K->77329K(458752K)] 425489K->77329K(520192K), [Metaspace: 2796K->2796K(1056768K)], 0.0067605 secs] [Times: user=0.00 sys=0.00, real=0.01 secs] 
167.982: [GC (Allocation Failure) [PSYoungGen: 53370K->0K(61440K)] 233099K->195089K(520192K), 0.0014046 secs] [Times: user=0.00 sys=0.00, real=0.00 secs] 
169.620: [GC (Allocation Failure) [PSYoungGen: 43130K->0K(61440K)] 443019K->399889K(520192K), 0.0007918 secs] [Times: user=0.00 sys=0.00, real=0.00 secs] 
169.621: [GC (Allocation Failure) [PSYoungGen: 0K->0K(61440K)] 399889K->399889K(520192K), 0.0007128 secs] [Times: user=0.00 sys=0.00, real=0.00 secs] 
169.622: [Full GC (Allocation Failure) [PSYoungGen: 0K->0K(61440K)] [ParOldGen: 399889K->51729K(458752K)] 399889K->51729K(520192K), [Metaspace: 2796K->2796K(1056768K)], 0.0047264 secs] [Times: user=0.00 sys=0.00, real=0.01 secs] 
170.835: [GC (Allocation Failure) [PSYoungGen: 53370K->0K(61440K)] 207500K->169489K(520192K), 0.0015346 secs] [Times: user=0.00 sys=0.00, real=0.00 secs] 
172.037: [GC (Allocation Failure) [PSYoungGen: 53370K->1024K(61440K)] 376460K->334353K(520192K), 0.0011762 secs] [Times: user=0.00 sys=0.00, real=0.00 secs] 
172.474: [GC (Allocation Failure) [PSYoungGen: 43130K->1024K(61440K)] 427660K->385553K(520192K), 0.0009703 secs] [Times: user=0.00 sys=0.00, real=0.00 secs] 
172.475: [GC (Allocation Failure) [PSYoungGen: 1024K->1024K(61440K)] 385553K->385553K(520192K), 0.0008044 secs] [Times: user=0.00 sys=0.00, real=0.00 secs] 
172.476: [Full GC (Allocation Failure) [PSYoungGen: 1024K->0K(61440K)] [ParOldGen: 384529K->165393K(458752K)] 385553K->165393K(520192K), [Metaspace: 2796K->2796K(1056768K)], 0.0122127 secs] [Times: user=0.00 sys=0.00, real=0.01 secs] 
174.344: [Full GC (Ergonomics) [PSYoungGen: 55418K->0K(61440K)] [ParOldGen: 421393K->16384K(458752K)] 476812K->16384K(520192K), [Metaspace: 2796K->2796K(1056768K)], 0.0026916 secs] [Times: user=0.00 sys=0.00, real=0.00 secs] 
175.108: [GC (Allocation Failure) [PSYoungGen: 47226K->0K(61440K)] 63610K->36864K(520192K), 0.0012583 secs] [Times: user=0.00 sys=0.00, real=0.00 secs] 
176.312: [GC (Allocation Failure) [PSYoungGen: 53369K->0K(61440K)] 243834K->200704K(520192K), 0.0010196 secs] [Times: user=0.00 sys=0.00, real=0.00 secs] 
177.402: [GC (Allocation Failure) [PSYoungGen: 52346K->0K(61440K)] 253050K->210944K(520192K), 0.0010519 secs] [Times: user=0.00 sys=0.00, real=0.00 secs] 
177.948: [GC (Allocation Failure) [PSYoungGen: 36985K->0K(61440K)] 247929K->221184K(520192K), 0.0014599 secs] [Times: user=0.00 sys=0.00, real=0.00 secs] 
179.146: [GC (Allocation Failure) [PSYoungGen: 53357K->0K(61440K)] 428141K->385024K(520192K), 0.0013199 secs] [Times: user=0.00 sys=0.00, real=0.00 secs] 
179.582: [Full GC (Ergonomics) [PSYoungGen: 42098K->0K(61440K)] [ParOldGen: 436224K->113169K(458752K)] 478322K->113169K(520192K), [Metaspace: 2796K->2796K(1056768K)], 0.0090985 secs] [Times: user=0.00 sys=0.00, real=0.01 secs] 
181.892: [GC (Allocation Failure) [PSYoungGen: 55413K->1024K(61440K)] 373382K->324113K(520192K), 0.0009689 secs] [Times: user=0.00 sys=0.00, real=0.00 secs] 
182.435: [GC (Allocation Failure) [PSYoungGen: 48247K->1024K(61440K)] 422536K->380433K(520192K), 0.0011769 secs] [Times: user=0.00 sys=0.00, real=0.00 secs] 
182.437: [GC (Allocation Failure) [PSYoungGen: 1024K->1024K(61440K)] 380433K->380433K(520192K), 0.0010395 secs] [Times: user=0.00 sys=0.00, real=0.00 secs] 
182.438: [Full GC (Allocation Failure) [PSYoungGen: 1024K->0K(61440K)] [ParOldGen: 379409K->57873K(458752K)] 380433K->57873K(520192K), [Metaspace: 2796K->2796K(1056768K)], 0.0051329 secs] [Times: user=0.00 sys=0.00, real=0.01 secs] 
183.654: [GC (Allocation Failure) [PSYoungGen: 53368K->1024K(61440K)] 213642K->181777K(520192K), 0.0016884 secs] [Times: user=0.00 sys=0.00, real=0.00 secs] 
185.071: [GC (Allocation Failure) [PSYoungGen: 49273K->0K(61440K)] 383626K->354833K(520192K), 0.0014178 secs] [Times: user=0.00 sys=0.00, real=0.00 secs] 
185.288: [GC (Allocation Failure) [PSYoungGen: 21625K->0K(61440K)] 427659K->406033K(520192K), 0.0012028 secs] [Times: user=0.00 sys=0.00, real=0.00 secs] 
185.289: [GC (Allocation Failure) [PSYoungGen: 0K->0K(61440K)] 406033K->406033K(520192K), 0.0008564 secs] [Times: user=0.00 sys=0.00, real=0.00 secs] 
185.290: [Full GC (Allocation Failure) [PSYoungGen: 0K->0K(61440K)] [ParOldGen: 406033K->61969K(458752K)] 406033K->61969K(520192K), [Metaspace: 2796K->2796K(1056768K)], 0.0057576 secs] [Times: user=0.00 sys=0.00, real=0.01 secs] 
186.504: [GC (Allocation Failure) [PSYoungGen: 53370K->0K(61440K)] 217739K->179729K(520192K), 0.0015574 secs] [Times: user=0.00 sys=0.00, real=0.00 secs] 
187.707: [GC (Allocation Failure) [PSYoungGen: 53370K->0K(61440K)] 386699K->364049K(520192K), 0.0026466 secs] [Times: user=0.00 sys=0.00, real=0.00 secs] 
188.906: [Full GC (Ergonomics) [PSYoungGen: 52346K->0K(61440K)] [ParOldGen: 415249K->6144K(458752K)] 467596K->6144K(520192K), [Metaspace: 2796K->2796K(1056768K)], 0.0026225 secs] [Times: user=0.00 sys=0.00, real=0.00 secs] 
189.886: [GC (Allocation Failure) [PSYoungGen: 53370K->1024K(61440K)] 213114K->160768K(520192K), 0.0004647 secs] [Times: user=0.00 sys=0.00, real=0.00 secs] 
190.759: [GC (Allocation Failure) [PSYoungGen: 53370K->0K(61440K)] 213114K->175104K(520192K), 0.0013339 secs] [Times: user=0.00 sys=0.00, real=0.00 secs] 
192.725: [GC (Allocation Failure) [PSYoungGen: 55418K->2080K(61440K)] 384122K->330784K(520192K), 0.0012438 secs] [Times: user=0.00 sys=0.00, real=0.00 secs] 
193.601: [GC (Allocation Failure) [PSYoungGen: 54426K->1056K(61440K)] 383130K->350240K(520192K), 0.0018818 secs] [Times: user=0.00 sys=0.00, real=0.00 secs] 
193.820: [GC (Allocation Failure) [PSYoungGen: 22681K->1056K(61440K)] 423065K->401440K(520192K), 0.0017529 secs] [Times: user=0.00 sys=0.00, real=0.00 secs] 
193.822: [GC (Allocation Failure) [PSYoungGen: 1056K->1056K(61440K)] 401440K->401440K(520192K), 0.0016049 secs] [Times: user=0.00 sys=0.00, real=0.00 secs] 
193.823: [Full GC (Allocation Failure) [PSYoungGen: 1056K->0K(61440K)] [ParOldGen: 400384K->62993K(458752K)] 401440K->62993K(520192K), [Metaspace: 2796K->2796K(1056768K)], 0.0059699 secs] [Times: user=0.00 sys=0.00, real=0.01 secs] 
195.039: [GC (Allocation Failure) [PSYoungGen: 53369K->64K(61440K)] 218763K->191057K(520192K), 0.0020153 secs] [Times: user=0.00 sys=0.00, real=0.00 secs] 
196.455: [GC (Allocation Failure) [PSYoungGen: 43194K->32K(61440K)] 387787K->354865K(520192K), 0.0013263 secs] [Times: user=0.00 sys=0.00, real=0.00 secs] 
196.674: [GC (Allocation Failure) [PSYoungGen: 21658K->64K(61440K)] 427691K->426577K(520192K), 0.0020952 secs] [Times: user=0.00 sys=0.00, real=0.00 secs] 
196.676: [Full GC (Ergonomics) [PSYoungGen: 64K->0K(61440K)] [ParOldGen: 426513K->72209K(458752K)] 426577K->72209K(520192K), [Metaspace: 2796K->2796K(1056768K)], 0.0062459 secs] [Times: user=0.00 sys=0.00, real=0.01 secs] 
197.891: [GC (Allocation Failure) [PSYoungGen: 53370K->0K(61440K)] 227980K->189969K(520192K), 0.0015985 secs] [Times: user=0.00 sys=0.00, real=0.00 secs] 
199.099: [GC (Allocation Failure) [PSYoungGen: 53370K->0K(61440K)] 396940K->353809K(520192K), 0.0011542 secs] [Times: user=0.00 sys=0.00, real=0.00 secs] 
199.536: [GC (Allocation Failure) [PSYoungGen: 42106K->0K(61440K)] 447116K->405009K(520192K), 0.0014318 secs] [Times: user=0.00 sys=0.00, real=0.00 secs] 
199.538: [GC (Allocation Failure) [PSYoungGen: 0K->0K(61440K)] 405009K->405009K(520192K), 0.0008361 secs] [Times: user=0.00 sys=0.00, real=0.00 secs] 
199.538: [Full GC (Allocation Failure) [PSYoungGen: 0K->0K(61440K)] [ParOldGen: 405009K->133649K(458752K)] 405009K->133649K(520192K), [Metaspace: 2796K->2796K(1056768K)], 0.0099081 secs] [Times: user=0.00 sys=0.00, real=0.01 secs] 
200.748: [GC (Allocation Failure) [PSYoungGen: 36986K->0K(61440K)] 273036K->251409K(520192K), 0.0015123 secs] [Times: user=0.00 sys=0.00, real=0.00 secs] 
201.945: [GC (Allocation Failure) [PSYoungGen: 53370K->1024K(61440K)] 458380K->416273K(520192K), 0.0010391 secs] [Times: user=0.00 sys=0.00, real=0.00 secs] 
201.946: [Full GC (Ergonomics) [PSYoungGen: 1024K->0K(61440K)] [ParOldGen: 415249K->11793K(458752K)] 416273K->11793K(520192K), [Metaspace: 2796K->2796K(1056768K)], 0.0028169 secs] [Times: user=0.00 sys=0.00, real=0.00 secs] 
202.928: [GC (Allocation Failure) [PSYoungGen: 53370K->1024K(61440K)] 218764K->171537K(520192K), 0.0010048 secs] [Times: user=0.00 sys=0.00, real=0.00 secs] 
204.564: [GC (Allocation Failure) [PSYoungGen: 53370K->0K(61440K)] 223884K->180753K(520192K), 0.0012571 secs] [Times: user=0.00 sys=0.00, real=0.00 secs] 
205.547: [GC (Allocation Failure) [PSYoungGen: 53370K->1024K(61440K)] 387723K->345617K(520192K), 0.0013853 secs] [Times: user=0.00 sys=0.00, real=0.00 secs] 
206.419: [GC (Allocation Failure) [PSYoungGen: 53370K->0K(61440K)] 397964K->359953K(520192K), 0.0015677 secs] [Times: user=0.00 sys=0.00, real=0.00 secs] 
206.639: [GC (Allocation Failure) [PSYoungGen: 21625K->0K(61440K)] 432779K->431633K(520192K), 0.0022752 secs] [Times: user=0.00 sys=0.00, real=0.00 secs] 
206.641: [Full GC (Ergonomics) [PSYoungGen: 0K->0K(61440K)] [ParOldGen: 431633K->92689K(458752K)] 431633K->92689K(520192K), [Metaspace: 2796K->2796K(1056768K)], 0.0074798 secs] [Times: user=0.02 sys=0.00, real=0.01 secs] 
208.724: [GC (Allocation Failure) [PSYoungGen: 55417K->0K(61440K)] 404107K->353809K(520192K), 0.0007679 secs] [Times: user=0.00 sys=0.00, real=0.00 secs] 
209.273: [GC (Allocation Failure) [PSYoungGen: 36986K->0K(61440K)] 390795K->369169K(520192K), 0.0015234 secs] [Times: user=0.00 sys=0.00, real=0.00 secs] 
209.491: [GC (Allocation Failure) [PSYoungGen: 21625K->0K(61440K)] 441995K->420369K(520192K), 0.0007965 secs] [Times: user=0.00 sys=0.00, real=0.00 secs] 
209.492: [Full GC (Ergonomics) [PSYoungGen: 0K->0K(61440K)] [ParOldGen: 420369K->108049K(458752K)] 420369K->108049K(520192K), [Metaspace: 2796K->2796K(1056768K)], 0.0088728 secs] [Times: user=0.00 sys=0.00, real=0.01 secs] 
210.707: [GC (Allocation Failure) [PSYoungGen: 53369K->0K(61440K)] 263819K->225809K(520192K), 0.0014165 secs] [Times: user=0.00 sys=0.00, real=0.00 secs] 
212.127: [GC (Allocation Failure) [PSYoungGen: 52345K->0K(61440K)] 431755K->394769K(520192K), 0.0017726 secs] [Times: user=0.00 sys=0.00, real=0.00 secs] 
212.344: [Full GC (Ergonomics) [PSYoungGen: 21626K->0K(61440K)] [ParOldGen: 445969K->56849K(458752K)] 467596K->56849K(520192K), [Metaspace: 2796K->2796K(1056768K)], 0.0057135 secs] [Times: user=0.00 sys=0.00, real=0.01 secs] 
213.555: [GC (Allocation Failure) [PSYoungGen: 53370K->1024K(61440K)] 212620K->180753K(520192K), 0.0017161 secs] [Times: user=0.00 sys=0.00, real=0.00 secs] 
214.755: [GC (Allocation Failure) [PSYoungGen: 54394K->1024K(61440K)] 387724K->344593K(520192K), 0.0011791 secs] [Times: user=0.00 sys=0.00, real=0.00 secs] 
216.173: [GC (Allocation Failure) [PSYoungGen: 53370K->0K(61440K)] 396940K->353809K(520192K), 0.0010560 secs] [Times: user=0.00 sys=0.00, real=0.00 secs] 
216.608: [GC (Allocation Failure) [PSYoungGen: 42105K->0K(61440K)] 447115K->425489K(520192K), 0.0021844 secs] [Times: user=0.00 sys=0.00, real=0.00 secs] 
216.610: [Full GC (Ergonomics) [PSYoungGen: 0K->0K(61440K)] [ParOldGen: 425489K->77329K(458752K)] 425489K->77329K(520192K), [Metaspace: 2796K->2796K(1056768K)], 0.0065514 secs] [Times: user=0.00 sys=0.00, real=0.01 secs] 
217.822: [GC (Allocation Failure) [PSYoungGen: 53370K->0K(61440K)] 233100K->195089K(520192K), 0.0015090 secs] [Times: user=0.00 sys=0.00, real=0.00 secs] 
Heap
 PSYoungGen      total 61440K, used 44277K [0x00000000fc000000, 0x0000000100000000, 0x0000000100000000)
  eden space 57344K, 77% used [0x00000000fc000000,0x00000000feb3d6f8,0x00000000ff800000)
  from space 4096K, 0% used [0x00000000ff800000,0x00000000ff800000,0x00000000ffc00000)
  to   space 4096K, 0% used [0x00000000ffc00000,0x00000000ffc00000,0x0000000100000000)
 ParOldGen       total 458752K, used 348689K [0x00000000e0000000, 0x00000000fc000000, 0x00000000fc000000)
  object space 458752K, 76% used [0x00000000e0000000,0x00000000f5484760,0x00000000fc000000)
 Metaspace       used 2804K, capacity 4486K, committed 4864K, reserved 1056768K
  class space    used 297K, capacity 386K, committed 512K, reserved 1048576K
