Java HotSpot(TM) 64-Bit Server VM (25.411-b09) for windows-amd64 JRE (1.8.0_411-b09), built on Mar 13 2024 07:26:13 by "java_re" with MS VC++ 17.1 (VS2022)
Memory: 4k page, physical 33403376k(14699944k free), swap 37153868k(7570668k free)
CommandLine flags: -XX:InitialHeapSize=536870912 -XX:MaxHeapSize=536870912 -XX:NewRatio=1 -XX:ParallelGCThreads=6 -XX:+PrintGC -XX:+PrintGCDetails -XX:+PrintGCTimeStamps -XX:SurvivorRatio=12 -XX:-UseAdaptiveSizePolicy -XX:+UseCompressedClassPointers -XX:+UseCompressedOops -XX:-UseLargePagesIndividualAllocation -XX:+UseParallelGC 
1.389: [GC (Allocation Failure) [PSYoungGen: 131891K->5840K(243712K)] 131891K->57048K(505856K), 0.0171533 secs] [Times: user=0.02 sys=0.00, real=0.02 secs] 
2.714: [GC (Allocation Failure) [PSYoungGen: 184272K->11896K(243712K)] 235480K->83584K(505856K), 0.0160033 secs] [Times: user=0.00 sys=0.00, real=0.02 secs] 
5.132: [GC (Allocation Failure) [PSYoungGen: 236447K->10888K(243712K)] 308136K->82576K(505856K), 0.0018083 secs] [Times: user=0.00 sys=0.00, real=0.00 secs] 
6.440: [GC (Allocation Failure) [PSYoungGen: 235463K->16024K(243712K)] 307151K->97952K(505856K), 0.0042108 secs] [Times: user=0.00 sys=0.00, real=0.00 secs] 
7.641: [GC (Allocation Failure) [PSYoungGen: 237754K->16024K(243712K)] 319682K->118440K(505856K), 0.0159656 secs] [Times: user=0.02 sys=0.00, real=0.02 secs] 
9.620: [GC (Allocation Failure) [PSYoungGen: 240612K->16032K(243712K)] 343028K->169648K(505856K), 0.0156870 secs] [Times: user=0.00 sys=0.00, real=0.02 secs] 
10.949: [GC (Allocation Failure) [PSYoungGen: 235510K->16032K(243712K)] 389127K->272048K(505856K), 0.0320607 secs] [Times: user=0.00 sys=0.02, real=0.03 secs] 
10.981: [Full GC (Ergonomics) [PSYoungGen: 16032K->0K(243712K)] [ParOldGen: 256016K->169488K(262144K)] 272048K->169488K(505856K), [Metaspace: 2761K->2761K(1056768K)], 0.0149845 secs] [Times: user=0.02 sys=0.00, real=0.02 secs] 
12.528: [GC (Allocation Failure) [PSYoungGen: 219485K->15360K(243712K)] 388974K->184848K(505856K), 0.0015836 secs] [Times: user=0.00 sys=0.00, real=0.00 secs] 
13.834: [GC (Allocation Failure) [PSYoungGen: 236298K->11296K(243712K)] 405787K->180792K(505856K), 0.0011384 secs] [Times: user=0.00 sys=0.00, real=0.00 secs] 
15.143: [GC (Allocation Failure) [PSYoungGen: 235880K->16416K(243712K)] 405377K->196153K(505856K), 0.0020939 secs] [Times: user=0.00 sys=0.00, real=0.00 secs] 
17.116: [GC (Allocation Failure) [PSYoungGen: 169332K->5152K(243712K)] 349069K->256569K(505856K), 0.0055593 secs] [Times: user=0.00 sys=0.00, real=0.01 secs] 
17.121: [Full GC (Ergonomics) [PSYoungGen: 5152K->0K(243712K)] [ParOldGen: 251416K->77329K(262144K)] 256569K->77329K(505856K), [Metaspace: 2768K->2768K(1056768K)], 0.0067892 secs] [Times: user=0.00 sys=0.00, real=0.01 secs] 
18.441: [GC (Allocation Failure) [PSYoungGen: 178516K->5120K(243712K)] 255845K->102929K(505856K), 0.0023764 secs] [Times: user=0.00 sys=0.00, real=0.00 secs] 
19.857: [GC (Allocation Failure) [PSYoungGen: 183621K->5120K(243712K)] 281430K->102929K(505856K), 0.0009137 secs] [Times: user=0.00 sys=0.00, real=0.00 secs] 
21.166: [GC (Allocation Failure) [PSYoungGen: 214350K->15360K(243712K)] 312159K->215569K(505856K), 0.0158746 secs] [Times: user=0.00 sys=0.00, real=0.02 secs] 
21.182: [Full GC (Ergonomics) [PSYoungGen: 15360K->0K(243712K)] [ParOldGen: 200209K->118289K(262144K)] 215569K->118289K(505856K), [Metaspace: 2779K->2779K(1056768K)], 0.0086016 secs] [Times: user=0.00 sys=0.00, real=0.01 secs] 
22.507: [GC (Allocation Failure) [PSYoungGen: 219478K->16384K(243712K)] 337767K->134673K(505856K), 0.0015046 secs] [Times: user=0.00 sys=0.00, real=0.00 secs] 
24.034: [GC (Allocation Failure) [PSYoungGen: 230734K->10240K(243712K)] 349023K->138769K(505856K), 0.0016312 secs] [Times: user=0.00 sys=0.00, real=0.00 secs] 
25.341: [GC (Allocation Failure) [PSYoungGen: 229719K->15360K(243712K)] 358248K->143889K(505856K), 0.0013705 secs] [Times: user=0.00 sys=0.00, real=0.00 secs] 
26.653: [GC (Allocation Failure) [PSYoungGen: 234845K->15360K(243712K)] 363374K->154129K(505856K), 0.0021514 secs] [Times: user=0.00 sys=0.00, real=0.00 secs] 
28.511: [GC (Allocation Failure) [PSYoungGen: 179481K->5184K(243712K)] 318250K->246361K(505856K), 0.0051781 secs] [Times: user=0.00 sys=0.00, real=0.01 secs] 
28.516: [Full GC (Ergonomics) [PSYoungGen: 5184K->0K(243712K)] [ParOldGen: 241177K->56849K(262144K)] 246361K->56849K(505856K), [Metaspace: 2793K->2793K(1056768K)], 0.0050469 secs] [Times: user=0.00 sys=0.00, real=0.00 secs] 
29.834: [GC (Allocation Failure) [PSYoungGen: 178516K->5120K(243712K)] 235366K->82449K(505856K), 0.0021682 secs] [Times: user=0.02 sys=0.00, real=0.00 secs] 
31.362: [GC (Allocation Failure) [PSYoungGen: 188741K->5120K(243712K)] 266071K->82449K(505856K), 0.0007445 secs] [Times: user=0.00 sys=0.00, real=0.00 secs] 
32.671: [GC (Allocation Failure) [PSYoungGen: 183630K->6144K(243712K)] 260960K->103953K(505856K), 0.0022833 secs] [Times: user=0.00 sys=0.00, real=0.00 secs] 
33.981: [GC (Allocation Failure) [PSYoungGen: 215380K->17408K(243712K)] 313189K->125457K(505856K), 0.0022664 secs] [Times: user=0.00 sys=0.00, real=0.00 secs] 
35.505: [GC (Allocation Failure) [PSYoungGen: 242010K->10240K(243712K)] 350059K->138769K(505856K), 0.0025178 secs] [Times: user=0.00 sys=0.00, real=0.00 secs] 
36.818: [GC (Allocation Failure) [PSYoungGen: 219487K->15360K(243712K)] 348017K->154129K(505856K), 0.0018691 secs] [Times: user=0.01 sys=0.00, real=0.00 secs] 
38.127: [GC (Allocation Failure) [PSYoungGen: 234850K->15360K(243712K)] 373619K->179729K(505856K), 0.0029253 secs] [Times: user=0.00 sys=0.00, real=0.00 secs] 
39.872: [GC (Allocation Failure) [PSYoungGen: 214372K->5120K(243712K)] 378741K->220689K(505856K), 0.0051010 secs] [Times: user=0.00 sys=0.00, real=0.00 secs] 
39.877: [Full GC (Ergonomics) [PSYoungGen: 5120K->0K(243712K)] [ParOldGen: 215569K->56849K(262144K)] 220689K->56849K(505856K), [Metaspace: 2793K->2793K(1056768K)], 0.0051952 secs] [Times: user=0.00 sys=0.00, real=0.01 secs] 
41.197: [GC (Allocation Failure) [PSYoungGen: 178532K->5120K(243712K)] 235381K->184849K(505856K), 0.0159500 secs] [Times: user=0.00 sys=0.00, real=0.02 secs] 
41.213: [Full GC (Ergonomics) [PSYoungGen: 5120K->0K(243712K)] [ParOldGen: 179729K->133649K(262144K)] 184849K->133649K(505856K), [Metaspace: 2793K->2793K(1056768K)], 0.0102819 secs] [Times: user=0.00 sys=0.00, real=0.01 secs] 
43.748: [GC (Allocation Failure) [PSYoungGen: 219471K->6144K(243712K)] 353120K->139793K(505856K), 0.0009517 secs] [Times: user=0.00 sys=0.00, real=0.00 secs] 
45.057: [GC (Allocation Failure) [PSYoungGen: 230729K->16384K(243712K)] 364379K->155153K(505856K), 0.0015912 secs] [Times: user=0.00 sys=0.00, real=0.00 secs] 
46.803: [GC (Allocation Failure) [PSYoungGen: 240995K->10240K(243712K)] 379764K->149009K(505856K), 0.0012594 secs] [Times: user=0.00 sys=0.00, real=0.00 secs] 
48.119: [GC (Allocation Failure) [PSYoungGen: 229733K->15360K(243712K)] 368503K->174609K(505856K), 0.0027904 secs] [Times: user=0.00 sys=0.00, real=0.00 secs] 
49.430: [GC (Allocation Failure) [PSYoungGen: 234854K->15360K(243712K)] 394104K->225809K(505856K), 0.0052602 secs] [Times: user=0.00 sys=0.00, real=0.00 secs] 
49.435: [Full GC (Ergonomics) [PSYoungGen: 15360K->0K(243712K)] [ParOldGen: 210449K->87569K(262144K)] 225809K->87569K(505856K), [Metaspace: 2795K->2795K(1056768K)], 0.0070704 secs] [Times: user=0.00 sys=0.00, real=0.01 secs] 
50.973: [GC (Allocation Failure) [PSYoungGen: 224615K->15360K(243712K)] 312184K->102929K(505856K), 0.0013304 secs] [Times: user=0.00 sys=0.00, real=0.00 secs] 
52.283: [GC (Allocation Failure) [PSYoungGen: 234841K->16384K(243712K)] 322411K->103953K(505856K), 0.0014252 secs] [Times: user=0.00 sys=0.00, real=0.00 secs] 
53.599: [GC (Allocation Failure) [PSYoungGen: 240976K->17408K(243712K)] 328545K->104977K(505856K), 0.0016444 secs] [Times: user=0.00 sys=0.00, real=0.00 secs] 
55.565: [GC (Allocation Failure) [PSYoungGen: 160089K->15360K(243712K)] 247658K->154129K(505856K), 0.0053126 secs] [Times: user=0.02 sys=0.00, real=0.00 secs] 
56.889: [GC (Allocation Failure) [PSYoungGen: 193877K->15360K(243712K)] 332646K->200209K(505856K), 0.0033976 secs] [Times: user=0.00 sys=0.00, real=0.00 secs] 
56.892: [Full GC (Ergonomics) [PSYoungGen: 15360K->0K(243712K)] [ParOldGen: 184849K->41489K(262144K)] 200209K->41489K(505856K), [Metaspace: 2796K->2796K(1056768K)], 0.0040729 secs] [Times: user=0.00 sys=0.00, real=0.00 secs] 
58.309: [GC (Allocation Failure) [PSYoungGen: 193871K->0K(243712K)] 235360K->61969K(505856K), 0.0020805 secs] [Times: user=0.00 sys=0.00, real=0.00 secs] 
59.618: [GC (Allocation Failure) [PSYoungGen: 209221K->15360K(243712K)] 271190K->128529K(505856K), 0.0049292 secs] [Times: user=0.00 sys=0.00, real=0.00 secs] 
60.921: [GC (Allocation Failure) [PSYoungGen: 234833K->15360K(243712K)] 348002K->236049K(505856K), 0.0158396 secs] [Times: user=0.02 sys=0.00, real=0.02 secs] 
60.937: [Full GC (Ergonomics) [PSYoungGen: 15360K->0K(243712K)] [ParOldGen: 220689K->174609K(262144K)] 236049K->174609K(505856K), [Metaspace: 2796K->2796K(1056768K)], 0.0125421 secs] [Times: user=0.00 sys=0.00, real=0.01 secs] 
62.481: [Full GC (Ergonomics) [PSYoungGen: 219481K->0K(243712K)] [ParOldGen: 174609K->16384K(262144K)] 394090K->16384K(505856K), [Metaspace: 2796K->2796K(1056768K)], 0.0045834 secs] [Times: user=0.00 sys=0.00, real=0.00 secs] 
63.788: [GC (Allocation Failure) [PSYoungGen: 219471K->11264K(243712K)] 235856K->37888K(505856K), 0.0015284 secs] [Times: user=0.00 sys=0.00, real=0.00 secs] 
65.094: [GC (Allocation Failure) [PSYoungGen: 230737K->11264K(243712K)] 257361K->48128K(505856K), 0.0016274 secs] [Times: user=0.00 sys=0.00, real=0.00 secs] 
66.951: [GC (Allocation Failure) [PSYoungGen: 159065K->5120K(243712K)] 195929K->113664K(505856K), 0.0052339 secs] [Times: user=0.00 sys=0.00, real=0.01 secs] 
68.260: [GC (Allocation Failure) [PSYoungGen: 183638K->10240K(243712K)] 292182K->139264K(505856K), 0.0025671 secs] [Times: user=0.00 sys=0.00, real=0.00 secs] 
69.681: [GC (Allocation Failure) [PSYoungGen: 188742K->5120K(243712K)] 317767K->134144K(505856K), 0.0009878 secs] [Times: user=0.00 sys=0.00, real=0.00 secs] 
70.998: [GC (Allocation Failure) [PSYoungGen: 214351K->15360K(243712K)] 343375K->246784K(505856K), 0.0151895 secs] [Times: user=0.00 sys=0.00, real=0.02 secs] 
71.013: [Full GC (Ergonomics) [PSYoungGen: 15360K->0K(243712K)] [ParOldGen: 231424K->118289K(262144K)] 246784K->118289K(505856K), [Metaspace: 2796K->2796K(1056768K)], 0.0092131 secs] [Times: user=0.02 sys=0.00, real=0.01 secs] 
72.340: [GC (Allocation Failure) [PSYoungGen: 219479K->16384K(243712K)] 337768K->134673K(505856K), 0.0015887 secs] [Times: user=0.00 sys=0.00, real=0.00 secs] 
73.866: [GC (Allocation Failure) [PSYoungGen: 230734K->10240K(243712K)] 349023K->138769K(505856K), 0.0015263 secs] [Times: user=0.00 sys=0.00, real=0.00 secs] 
75.172: [GC (Allocation Failure) [PSYoungGen: 229719K->15360K(243712K)] 358248K->154129K(505856K), 0.0019236 secs] [Times: user=0.00 sys=0.00, real=0.00 secs] 
76.482: [GC (Allocation Failure) [PSYoungGen: 234845K->15360K(243712K)] 373614K->164369K(505856K), 0.0019527 secs] [Times: user=0.00 sys=0.00, real=0.00 secs] 
78.338: [GC (Allocation Failure) [PSYoungGen: 178529K->5120K(243712K)] 327538K->256529K(505856K), 0.0051461 secs] [Times: user=0.00 sys=0.00, real=0.01 secs] 
78.343: [Full GC (Ergonomics) [PSYoungGen: 5120K->0K(243712K)] [ParOldGen: 251409K->56849K(262144K)] 256529K->56849K(505856K), [Metaspace: 2796K->2796K(1056768K)], 0.0050315 secs] [Times: user=0.00 sys=0.00, real=0.00 secs] 
79.661: [GC (Allocation Failure) [PSYoungGen: 178525K->5120K(243712K)] 235375K->82449K(505856K), 0.0020195 secs] [Times: user=0.00 sys=0.00, real=0.00 secs] 
81.191: [GC (Allocation Failure) [PSYoungGen: 188747K->5120K(243712K)] 266076K->82449K(505856K), 0.0009420 secs] [Times: user=0.00 sys=0.00, real=0.00 secs] 
82.501: [GC (Allocation Failure) [PSYoungGen: 183634K->6144K(243712K)] 260963K->103953K(505856K), 0.0026038 secs] [Times: user=0.00 sys=0.00, real=0.00 secs] 
83.809: [GC (Allocation Failure) [PSYoungGen: 215382K->17408K(243712K)] 313191K->125457K(505856K), 0.0020390 secs] [Times: user=0.00 sys=0.00, real=0.00 secs] 
85.336: [GC (Allocation Failure) [PSYoungGen: 242012K->10240K(243712K)] 350061K->138769K(505856K), 0.0022211 secs] [Times: user=0.00 sys=0.00, real=0.00 secs] 
86.644: [GC (Allocation Failure) [PSYoungGen: 219488K->15360K(243712K)] 348018K->154129K(505856K), 0.0018968 secs] [Times: user=0.00 sys=0.00, real=0.00 secs] 
87.958: [GC (Allocation Failure) [PSYoungGen: 234850K->15360K(243712K)] 373620K->189969K(505856K), 0.0034573 secs] [Times: user=0.00 sys=0.00, real=0.00 secs] 
87.961: [Full GC (Ergonomics) [PSYoungGen: 15360K->0K(243712K)] [ParOldGen: 174609K->51729K(262144K)] 189969K->51729K(505856K), [Metaspace: 2796K->2796K(1056768K)], 0.0048356 secs] [Times: user=0.00 sys=0.00, real=0.01 secs] 
89.718: [GC (Allocation Failure) [PSYoungGen: 199012K->5120K(243712K)] 250742K->108049K(505856K), 0.0047372 secs] [Times: user=0.00 sys=0.00, real=0.01 secs] 
91.029: [GC (Allocation Failure) [PSYoungGen: 183636K->10240K(243712K)] 286565K->236049K(505856K), 0.0162799 secs] [Times: user=0.02 sys=0.00, real=0.02 secs] 
91.045: [Full GC (Ergonomics) [PSYoungGen: 10240K->0K(243712K)] [ParOldGen: 225809K->133649K(262144K)] 236049K->133649K(505856K), [Metaspace: 2796K->2796K(1056768K)], 0.0114554 secs] [Times: user=0.01 sys=0.00, real=0.01 secs] 
93.572: [GC (Allocation Failure) [PSYoungGen: 219461K->6144K(243712K)] 353110K->139793K(505856K), 0.0008321 secs] [Times: user=0.00 sys=0.00, real=0.00 secs] 
94.880: [GC (Allocation Failure) [PSYoungGen: 230723K->16384K(243712K)] 364372K->155153K(505856K), 0.0019509 secs] [Times: user=0.02 sys=0.00, real=0.00 secs] 
96.628: [GC (Allocation Failure) [PSYoungGen: 240991K->10240K(243712K)] 379760K->149009K(505856K), 0.0011840 secs] [Times: user=0.00 sys=0.00, real=0.00 secs] 
97.939: [GC (Allocation Failure) [PSYoungGen: 229730K->15360K(243712K)] 368500K->174609K(505856K), 0.0026950 secs] [Times: user=0.00 sys=0.00, real=0.00 secs] 
97.942: [Full GC (Ergonomics) [PSYoungGen: 15360K->0K(243712K)] [ParOldGen: 159249K->36369K(262144K)] 174609K->36369K(505856K), [Metaspace: 2796K->2796K(1056768K)], 0.0036691 secs] [Times: user=0.01 sys=0.00, real=0.00 secs] 
99.247: [GC (Allocation Failure) [PSYoungGen: 219492K->10240K(243712K)] 255862K->97809K(505856K), 0.0052174 secs] [Times: user=0.00 sys=0.00, real=0.01 secs] 
100.776: [GC (Allocation Failure) [PSYoungGen: 234839K->15360K(243712K)] 322408K->102929K(505856K), 0.0014293 secs] [Times: user=0.00 sys=0.00, real=0.00 secs] 
102.086: [GC (Allocation Failure) [PSYoungGen: 234845K->16384K(243712K)] 322415K->103953K(505856K), 0.0012734 secs] [Times: user=0.00 sys=0.00, real=0.00 secs] 
103.397: [GC (Allocation Failure) [PSYoungGen: 240978K->17408K(243712K)] 328548K->104977K(505856K), 0.0012954 secs] [Times: user=0.00 sys=0.00, real=0.00 secs] 
105.358: [GC (Allocation Failure) [PSYoungGen: 160091K->15360K(243712K)] 247660K->154129K(505856K), 0.0049733 secs] [Times: user=0.00 sys=0.00, real=0.00 secs] 
106.666: [GC (Allocation Failure) [PSYoungGen: 193878K->15360K(243712K)] 332647K->200209K(505856K), 0.0033695 secs] [Times: user=0.00 sys=0.00, real=0.00 secs] 
106.669: [Full GC (Ergonomics) [PSYoungGen: 15360K->0K(243712K)] [ParOldGen: 184849K->41489K(262144K)] 200209K->41489K(505856K), [Metaspace: 2796K->2796K(1056768K)], 0.0043484 secs] [Times: user=0.00 sys=0.00, real=0.00 secs] 
108.087: [GC (Allocation Failure) [PSYoungGen: 193871K->0K(243712K)] 235361K->61969K(505856K), 0.0022400 secs] [Times: user=0.00 sys=0.00, real=0.00 secs] 
109.398: [GC (Allocation Failure) [PSYoungGen: 209221K->15360K(243712K)] 271191K->128529K(505856K), 0.0049901 secs] [Times: user=0.00 sys=0.00, real=0.00 secs] 
110.715: [GC (Allocation Failure) [PSYoungGen: 234833K->15360K(243712K)] 348002K->236049K(505856K), 0.0157794 secs] [Times: user=0.00 sys=0.00, real=0.02 secs] 
110.731: [Full GC (Ergonomics) [PSYoungGen: 15360K->0K(243712K)] [ParOldGen: 220689K->174609K(262144K)] 236049K->174609K(505856K), [Metaspace: 2796K->2796K(1056768K)], 0.0127108 secs] [Times: user=0.00 sys=0.00, real=0.01 secs] 
112.283: [Full GC (Ergonomics) [PSYoungGen: 219481K->0K(243712K)] [ParOldGen: 174609K->16384K(262144K)] 394090K->16384K(505856K), [Metaspace: 2796K->2796K(1056768K)], 0.0026643 secs] [Times: user=0.00 sys=0.00, real=0.00 secs] 
113.594: [GC (Allocation Failure) [PSYoungGen: 219472K->11264K(243712K)] 235856K->37888K(505856K), 0.0013629 secs] [Times: user=0.00 sys=0.00, real=0.00 secs] 
114.902: [GC (Allocation Failure) [PSYoungGen: 230737K->11264K(243712K)] 257361K->48128K(505856K), 0.0017355 secs] [Times: user=0.00 sys=0.00, real=0.00 secs] 
116.755: [GC (Allocation Failure) [PSYoungGen: 159065K->5120K(243712K)] 195929K->113664K(505856K), 0.0054607 secs] [Times: user=0.02 sys=0.00, real=0.01 secs] 
118.082: [GC (Allocation Failure) [PSYoungGen: 183638K->10240K(243712K)] 292182K->139264K(505856K), 0.0026483 secs] [Times: user=0.00 sys=0.00, real=0.00 secs] 
119.500: [GC (Allocation Failure) [PSYoungGen: 188742K->5120K(243712K)] 317767K->134144K(505856K), 0.0008080 secs] [Times: user=0.00 sys=0.00, real=0.00 secs] 
120.812: [GC (Allocation Failure) [PSYoungGen: 214351K->15360K(243712K)] 343375K->246784K(505856K), 0.0161122 secs] [Times: user=0.02 sys=0.00, real=0.02 secs] 
120.828: [Full GC (Ergonomics) [PSYoungGen: 15360K->0K(243712K)] [ParOldGen: 231424K->118289K(262144K)] 246784K->118289K(505856K), [Metaspace: 2796K->2796K(1056768K)], 0.0093288 secs] [Times: user=0.00 sys=0.00, real=0.01 secs] 
122.152: [GC (Allocation Failure) [PSYoungGen: 219479K->16384K(243712K)] 337768K->134673K(505856K), 0.0017145 secs] [Times: user=0.00 sys=0.00, real=0.00 secs] 
123.687: [GC (Allocation Failure) [PSYoungGen: 230734K->10240K(243712K)] 349024K->138769K(505856K), 0.0016235 secs] [Times: user=0.00 sys=0.00, real=0.00 secs] 
124.996: [GC (Allocation Failure) [PSYoungGen: 229719K->15360K(243712K)] 358248K->154129K(505856K), 0.0019444 secs] [Times: user=0.00 sys=0.00, real=0.00 secs] 
126.308: [GC (Allocation Failure) [PSYoungGen: 234845K->15360K(243712K)] 373614K->164369K(505856K), 0.0018265 secs] [Times: user=0.00 sys=0.00, real=0.00 secs] 
128.162: [GC (Allocation Failure) [PSYoungGen: 178529K->5120K(243712K)] 327538K->256529K(505856K), 0.0052662 secs] [Times: user=0.01 sys=0.00, real=0.00 secs] 
128.167: [Full GC (Ergonomics) [PSYoungGen: 5120K->0K(243712K)] [ParOldGen: 251409K->56849K(262144K)] 256529K->56849K(505856K), [Metaspace: 2796K->2796K(1056768K)], 0.0051092 secs] [Times: user=0.00 sys=0.00, real=0.01 secs] 
129.491: [GC (Allocation Failure) [PSYoungGen: 178525K->5120K(243712K)] 235375K->82449K(505856K), 0.0022634 secs] [Times: user=0.00 sys=0.00, real=0.00 secs] 
131.019: [GC (Allocation Failure) [PSYoungGen: 188747K->5120K(243712K)] 266076K->82449K(505856K), 0.0010122 secs] [Times: user=0.00 sys=0.00, real=0.00 secs] 
132.328: [GC (Allocation Failure) [PSYoungGen: 183634K->6144K(243712K)] 260963K->103953K(505856K), 0.0024597 secs] [Times: user=0.00 sys=0.00, real=0.00 secs] 
133.640: [GC (Allocation Failure) [PSYoungGen: 215382K->17408K(243712K)] 313191K->125457K(505856K), 0.0020396 secs] [Times: user=0.00 sys=0.00, real=0.00 secs] 
135.167: [GC (Allocation Failure) [PSYoungGen: 242012K->10240K(243712K)] 350061K->138769K(505856K), 0.0024491 secs] [Times: user=0.00 sys=0.00, real=0.00 secs] 
136.476: [GC (Allocation Failure) [PSYoungGen: 219488K->15360K(243712K)] 348018K->154129K(505856K), 0.0019260 secs] [Times: user=0.00 sys=0.00, real=0.00 secs] 
137.786: [GC (Allocation Failure) [PSYoungGen: 234850K->15360K(243712K)] 373620K->189969K(505856K), 0.0034253 secs] [Times: user=0.00 sys=0.00, real=0.00 secs] 
137.789: [Full GC (Ergonomics) [PSYoungGen: 15360K->0K(243712K)] [ParOldGen: 174609K->51729K(262144K)] 189969K->51729K(505856K), [Metaspace: 2796K->2796K(1056768K)], 0.0047137 secs] [Times: user=0.00 sys=0.00, real=0.00 secs] 
139.545: [GC (Allocation Failure) [PSYoungGen: 199012K->5120K(243712K)] 250742K->108049K(505856K), 0.0048006 secs] [Times: user=0.00 sys=0.00, real=0.00 secs] 
140.854: [GC (Allocation Failure) [PSYoungGen: 183636K->10240K(243712K)] 286565K->236049K(505856K), 0.0167635 secs] [Times: user=0.00 sys=0.00, real=0.02 secs] 
140.871: [Full GC (Ergonomics) [PSYoungGen: 10240K->0K(243712K)] [ParOldGen: 225809K->133649K(262144K)] 236049K->133649K(505856K), [Metaspace: 2796K->2796K(1056768K)], 0.0100884 secs] [Times: user=0.00 sys=0.00, real=0.01 secs] 
143.395: [GC (Allocation Failure) [PSYoungGen: 219461K->6144K(243712K)] 353110K->139793K(505856K), 0.0010094 secs] [Times: user=0.00 sys=0.00, real=0.00 secs] 
144.702: [GC (Allocation Failure) [PSYoungGen: 230723K->11264K(243712K)] 364372K->155153K(505856K), 0.0016860 secs] [Times: user=0.00 sys=0.00, real=0.00 secs] 
146.447: [GC (Allocation Failure) [PSYoungGen: 235871K->10240K(243712K)] 379760K->154129K(505856K), 0.0013991 secs] [Times: user=0.00 sys=0.00, real=0.00 secs] 
147.759: [GC (Allocation Failure) [PSYoungGen: 229730K->15360K(243712K)] 373620K->179729K(505856K), 0.0027560 secs] [Times: user=0.00 sys=0.00, real=0.00 secs] 
147.762: [Full GC (Ergonomics) [PSYoungGen: 15360K->0K(243712K)] [ParOldGen: 164369K->36369K(262144K)] 179729K->36369K(505856K), [Metaspace: 2796K->2796K(1056768K)], 0.0038233 secs] [Times: user=0.00 sys=0.00, real=0.00 secs] 
149.069: [GC (Allocation Failure) [PSYoungGen: 219492K->10240K(243712K)] 255862K->97809K(505856K), 0.0049041 secs] [Times: user=0.00 sys=0.00, real=0.01 secs] 
150.596: [GC (Allocation Failure) [PSYoungGen: 234839K->15360K(243712K)] 322408K->102929K(505856K), 0.0017420 secs] [Times: user=0.00 sys=0.00, real=0.00 secs] 
151.904: [GC (Allocation Failure) [PSYoungGen: 234845K->16384K(243712K)] 322415K->103953K(505856K), 0.0011663 secs] [Times: user=0.00 sys=0.00, real=0.00 secs] 
153.212: [GC (Allocation Failure) [PSYoungGen: 240978K->17408K(243712K)] 328548K->104977K(505856K), 0.0014491 secs] [Times: user=0.00 sys=0.00, real=0.00 secs] 
155.175: [GC (Allocation Failure) [PSYoungGen: 160091K->15360K(243712K)] 247660K->154129K(505856K), 0.0048947 secs] [Times: user=0.00 sys=0.00, real=0.01 secs] 
156.497: [GC (Allocation Failure) [PSYoungGen: 193878K->15360K(243712K)] 332647K->200209K(505856K), 0.0034248 secs] [Times: user=0.00 sys=0.00, real=0.00 secs] 
156.501: [Full GC (Ergonomics) [PSYoungGen: 15360K->0K(243712K)] [ParOldGen: 184849K->41489K(262144K)] 200209K->41489K(505856K), [Metaspace: 2796K->2796K(1056768K)], 0.0039015 secs] [Times: user=0.00 sys=0.00, real=0.00 secs] 
157.931: [GC (Allocation Failure) [PSYoungGen: 193871K->0K(243712K)] 235361K->61969K(505856K), 0.0021360 secs] [Times: user=0.00 sys=0.00, real=0.00 secs] 
159.248: [GC (Allocation Failure) [PSYoungGen: 209221K->15360K(243712K)] 271191K->128529K(505856K), 0.0049181 secs] [Times: user=0.00 sys=0.00, real=0.01 secs] 
160.557: [GC (Allocation Failure) [PSYoungGen: 234833K->15360K(243712K)] 348002K->236049K(505856K), 0.0153623 secs] [Times: user=0.00 sys=0.00, real=0.01 secs] 
160.573: [Full GC (Ergonomics) [PSYoungGen: 15360K->0K(243712K)] [ParOldGen: 220689K->174609K(262144K)] 236049K->174609K(505856K), [Metaspace: 2796K->2796K(1056768K)], 0.0130761 secs] [Times: user=0.00 sys=0.00, real=0.01 secs] 
162.116: [Full GC (Ergonomics) [PSYoungGen: 219481K->0K(243712K)] [ParOldGen: 174609K->16384K(262144K)] 394090K->16384K(505856K), [Metaspace: 2796K->2796K(1056768K)], 0.0028688 secs] [Times: user=0.00 sys=0.00, real=0.00 secs] 
163.422: [GC (Allocation Failure) [PSYoungGen: 219472K->11264K(243712K)] 235856K->37888K(505856K), 0.0013572 secs] [Times: user=0.00 sys=0.00, real=0.00 secs] 
164.730: [GC (Allocation Failure) [PSYoungGen: 230737K->11264K(243712K)] 257361K->37888K(505856K), 0.0012970 secs] [Times: user=0.00 sys=0.00, real=0.00 secs] 
166.584: [GC (Allocation Failure) [PSYoungGen: 159065K->5120K(243712K)] 185689K->103424K(505856K), 0.0058949 secs] [Times: user=0.00 sys=0.00, real=0.00 secs] 
167.892: [GC (Allocation Failure) [PSYoungGen: 183638K->10240K(243712K)] 281942K->129024K(505856K), 0.0024173 secs] [Times: user=0.00 sys=0.00, real=0.00 secs] 
169.312: [GC (Allocation Failure) [PSYoungGen: 188742K->5120K(243712K)] 307527K->123904K(505856K), 0.0007944 secs] [Times: user=0.00 sys=0.00, real=0.00 secs] 
170.623: [GC (Allocation Failure) [PSYoungGen: 214351K->15360K(243712K)] 333135K->236544K(505856K), 0.0159547 secs] [Times: user=0.02 sys=0.00, real=0.02 secs] 
170.639: [Full GC (Ergonomics) [PSYoungGen: 15360K->0K(243712K)] [ParOldGen: 221184K->118289K(262144K)] 236544K->118289K(505856K), [Metaspace: 2796K->2796K(1056768K)], 0.0089899 secs] [Times: user=0.02 sys=0.00, real=0.01 secs] 
171.962: [GC (Allocation Failure) [PSYoungGen: 219479K->16384K(243712K)] 337768K->134673K(505856K), 0.0015240 secs] [Times: user=0.00 sys=0.00, real=0.00 secs] 
173.491: [GC (Allocation Failure) [PSYoungGen: 230734K->10240K(243712K)] 349024K->138769K(505856K), 0.0018270 secs] [Times: user=0.00 sys=0.00, real=0.00 secs] 
174.801: [GC (Allocation Failure) [PSYoungGen: 229719K->15360K(243712K)] 358248K->154129K(505856K), 0.0020093 secs] [Times: user=0.00 sys=0.00, real=0.00 secs] 
176.110: [GC (Allocation Failure) [PSYoungGen: 234845K->15360K(243712K)] 373614K->164369K(505856K), 0.0019230 secs] [Times: user=0.00 sys=0.00, real=0.00 secs] 
177.972: [GC (Allocation Failure) [PSYoungGen: 178529K->5120K(243712K)] 327538K->256529K(505856K), 0.0050554 secs] [Times: user=0.00 sys=0.00, real=0.00 secs] 
177.977: [Full GC (Ergonomics) [PSYoungGen: 5120K->0K(243712K)] [ParOldGen: 251409K->56849K(262144K)] 256529K->56849K(505856K), [Metaspace: 2796K->2796K(1056768K)], 0.0052671 secs] [Times: user=0.00 sys=0.00, real=0.01 secs] 
179.297: [GC (Allocation Failure) [PSYoungGen: 178525K->5120K(243712K)] 235375K->82449K(505856K), 0.0020951 secs] [Times: user=0.00 sys=0.00, real=0.00 secs] 
180.823: [GC (Allocation Failure) [PSYoungGen: 188747K->5120K(243712K)] 266076K->82449K(505856K), 0.0008958 secs] [Times: user=0.00 sys=0.00, real=0.00 secs] 
182.134: [GC (Allocation Failure) [PSYoungGen: 183634K->6144K(243712K)] 260963K->103953K(505856K), 0.0022010 secs] [Times: user=0.00 sys=0.00, real=0.00 secs] 
183.446: [GC (Allocation Failure) [PSYoungGen: 215382K->17408K(243712K)] 313191K->125457K(505856K), 0.0021313 secs] [Times: user=0.00 sys=0.00, real=0.00 secs] 
184.975: [GC (Allocation Failure) [PSYoungGen: 242012K->10240K(243712K)] 350061K->138769K(505856K), 0.0023838 secs] [Times: user=0.00 sys=0.00, real=0.00 secs] 
186.289: [GC (Allocation Failure) [PSYoungGen: 219488K->15360K(243712K)] 348018K->154129K(505856K), 0.0021343 secs] [Times: user=0.00 sys=0.00, real=0.00 secs] 
187.594: [GC (Allocation Failure) [PSYoungGen: 234850K->15360K(243712K)] 373620K->179729K(505856K), 0.0032994 secs] [Times: user=0.00 sys=0.00, real=0.00 secs] 
189.339: [GC (Allocation Failure) [PSYoungGen: 214372K->5120K(243712K)] 378742K->220689K(505856K), 0.0051403 secs] [Times: user=0.00 sys=0.00, real=0.01 secs] 
189.344: [Full GC (Ergonomics) [PSYoungGen: 5120K->0K(243712K)] [ParOldGen: 215569K->56849K(262144K)] 220689K->56849K(505856K), [Metaspace: 2796K->2796K(1056768K)], 0.0051033 secs] [Times: user=0.00 sys=0.00, real=0.00 secs] 
190.667: [GC (Allocation Failure) [PSYoungGen: 178532K->5120K(243712K)] 235381K->184849K(505856K), 0.0157735 secs] [Times: user=0.00 sys=0.00, real=0.02 secs] 
190.683: [Full GC (Ergonomics) [PSYoungGen: 5120K->0K(243712K)] [ParOldGen: 179729K->133649K(262144K)] 184849K->133649K(505856K), [Metaspace: 2796K->2796K(1056768K)], 0.0101913 secs] [Times: user=0.00 sys=0.00, real=0.01 secs] 
193.210: [GC (Allocation Failure) [PSYoungGen: 219471K->6176K(243712K)] 353121K->139825K(505856K), 0.0010207 secs] [Times: user=0.00 sys=0.00, real=0.00 secs] 
194.529: [GC (Allocation Failure) [PSYoungGen: 230761K->16448K(243712K)] 364411K->155217K(505856K), 0.0018383 secs] [Times: user=0.00 sys=0.00, real=0.00 secs] 
196.276: [GC (Allocation Failure) [PSYoungGen: 241059K->10304K(243712K)] 379828K->149073K(505856K), 0.0013060 secs] [Times: user=0.00 sys=0.00, real=0.00 secs] 
197.584: [GC (Allocation Failure) [PSYoungGen: 229797K->15424K(243712K)] 368567K->174673K(505856K), 0.0028352 secs] [Times: user=0.00 sys=0.00, real=0.00 secs] 
197.587: [Full GC (Ergonomics) [PSYoungGen: 15424K->0K(243712K)] [ParOldGen: 159249K->36369K(262144K)] 174673K->36369K(505856K), [Metaspace: 2796K->2796K(1056768K)], 0.0042705 secs] [Times: user=0.00 sys=0.00, real=0.00 secs] 
198.895: [GC (Allocation Failure) [PSYoungGen: 219494K->10240K(243712K)] 255864K->97809K(505856K), 0.0049516 secs] [Times: user=0.01 sys=0.00, real=0.01 secs] 
200.420: [GC (Allocation Failure) [PSYoungGen: 234840K->15360K(243712K)] 322410K->102929K(505856K), 0.0013157 secs] [Times: user=0.00 sys=0.00, real=0.00 secs] 
201.726: [GC (Allocation Failure) [PSYoungGen: 234846K->16384K(243712K)] 322416K->103953K(505856K), 0.0011476 secs] [Times: user=0.00 sys=0.00, real=0.00 secs] 
203.041: [GC (Allocation Failure) [PSYoungGen: 240979K->17408K(243712K)] 328549K->104977K(505856K), 0.0015184 secs] [Times: user=0.00 sys=0.00, real=0.00 secs] 
205.007: [GC (Allocation Failure) [PSYoungGen: 160091K->15360K(243712K)] 247661K->154129K(505856K), 0.0051885 secs] [Times: user=0.00 sys=0.00, real=0.01 secs] 
206.316: [GC (Allocation Failure) [PSYoungGen: 193878K->15360K(243712K)] 332648K->200209K(505856K), 0.0036454 secs] [Times: user=0.02 sys=0.00, real=0.00 secs] 
206.320: [Full GC (Ergonomics) [PSYoungGen: 15360K->0K(243712K)] [ParOldGen: 184849K->41489K(262144K)] 200209K->41489K(505856K), [Metaspace: 2796K->2796K(1056768K)], 0.0043795 secs] [Times: user=0.00 sys=0.00, real=0.01 secs] 
207.751: [GC (Allocation Failure) [PSYoungGen: 193872K->0K(243712K)] 235361K->61969K(505856K), 0.0020646 secs] [Times: user=0.00 sys=0.00, real=0.00 secs] 
209.060: [GC (Allocation Failure) [PSYoungGen: 209221K->15360K(243712K)] 271191K->128529K(505856K), 0.0047889 secs] [Times: user=0.00 sys=0.00, real=0.01 secs] 
210.367: [GC (Allocation Failure) [PSYoungGen: 234833K->15360K(243712K)] 348003K->236049K(505856K), 0.0157647 secs] [Times: user=0.00 sys=0.00, real=0.02 secs] 
210.383: [Full GC (Ergonomics) [PSYoungGen: 15360K->0K(243712K)] [ParOldGen: 220689K->174609K(262144K)] 236049K->174609K(505856K), [Metaspace: 2796K->2796K(1056768K)], 0.0124493 secs] [Times: user=0.00 sys=0.00, real=0.01 secs] 
211.928: [Full GC (Ergonomics) [PSYoungGen: 219481K->0K(243712K)] [ParOldGen: 174609K->16384K(262144K)] 394091K->16384K(505856K), [Metaspace: 2796K->2796K(1056768K)], 0.0030766 secs] [Times: user=0.00 sys=0.00, real=0.00 secs] 
213.236: [GC (Allocation Failure) [PSYoungGen: 219472K->11264K(243712K)] 235856K->37888K(505856K), 0.0015619 secs] [Times: user=0.00 sys=0.00, real=0.00 secs] 
214.542: [GC (Allocation Failure) [PSYoungGen: 230737K->11264K(243712K)] 257361K->37888K(505856K), 0.0012854 secs] [Times: user=0.00 sys=0.00, real=0.00 secs] 
216.396: [GC (Allocation Failure) [PSYoungGen: 159065K->5120K(243712K)] 185689K->103424K(505856K), 0.0051268 secs] [Times: user=0.00 sys=0.00, real=0.00 secs] 
217.701: [GC (Allocation Failure) [PSYoungGen: 183638K->10240K(243712K)] 281942K->129024K(505856K), 0.0025415 secs] [Times: user=0.00 sys=0.00, real=0.00 secs] 
Heap
 PSYoungGen      total 243712K, used 193248K [0x00000000f0000000, 0x0000000100000000, 0x0000000100000000)
  eden space 225280K, 81% used [0x00000000f0000000,0x00000000fb2b8378,0x00000000fdc00000)
  from space 18432K, 55% used [0x00000000fee00000,0x00000000ff800020,0x0000000100000000)
  to   space 18432K, 0% used [0x00000000fdc00000,0x00000000fdc00000,0x00000000fee00000)
 ParOldGen       total 262144K, used 118784K [0x00000000e0000000, 0x00000000f0000000, 0x00000000f0000000)
  object space 262144K, 45% used [0x00000000e0000000,0x00000000e7400060,0x00000000f0000000)
 Metaspace       used 2804K, capacity 4486K, committed 4864K, reserved 1056768K
  class space    used 297K, capacity 386K, committed 512K, reserved 1048576K
