Java HotSpot(TM) 64-Bit Server VM (25.411-b09) for windows-amd64 JRE (1.8.0_411-b09), built on Mar 13 2024 07:26:13 by "java_re" with MS VC++ 17.1 (VS2022)
Memory: 4k page, physical 33403376k(14526204k free), swap 36670664k(7453500k free)
CommandLine flags: -XX:InitialHeapSize=536870912 -XX:MaxHeapSize=536870912 -XX:NewRatio=7 -XX:ParallelGCThreads=6 -XX:+PrintGC -XX:+PrintGCDetails -XX:+PrintGCTimeStamps -XX:SurvivorRatio=11 -XX:-UseAdaptiveSizePolicy -XX:+UseCompressedClassPointers -XX:+UseCompressedOops -XX:-UseLargePagesIndividualAllocation -XX:+UseParallelGC 
1.152: [GC (Allocation Failure) [PSYoungGen: 55500K->696K(60928K)] 55500K->16064K(519680K), 0.0039532 secs] [Times: user=0.00 sys=0.00, real=0.00 secs] 
2.403: [GC (Allocation Failure) [PSYoungGen: 54023K->1680K(60928K)] 222991K->180888K(519680K), 0.0024949 secs] [Times: user=0.00 sys=0.00, real=0.00 secs] 
3.432: [GC (Allocation Failure) [PSYoungGen: 55015K->2680K(60928K)] 387823K->340608K(519680K), 0.0021774 secs] [Times: user=0.00 sys=0.00, real=0.00 secs] 
5.071: [GC (Allocation Failure) [PSYoungGen: 54997K->600K(60928K)] 392925K->348768K(519680K), 0.0027281 secs] [Times: user=0.00 sys=0.00, real=0.00 secs] 
5.742: [GC (Allocation Failure) [PSYoungGen: 52919K->568K(60928K)] 452287K->410176K(519680K), 0.0038998 secs] [Times: user=0.00 sys=0.00, real=0.00 secs] 
5.746: [GC (Allocation Failure) [PSYoungGen: 568K->600K(60928K)] 410176K->410208K(519680K), 0.0009569 secs] [Times: user=0.00 sys=0.00, real=0.00 secs] 
5.747: [Full GC (Allocation Failure) [PSYoungGen: 600K->0K(60928K)] [ParOldGen: 409608K->67088K(458752K)] 410208K->67088K(519680K), [Metaspace: 2753K->2753K(1056768K)], 0.0109034 secs] [Times: user=0.00 sys=0.00, real=0.01 secs] 
6.959: [GC (Allocation Failure) [PSYoungGen: 53346K->0K(60928K)] 222834K->184848K(519680K), 0.0014804 secs] [Times: user=0.00 sys=0.00, real=0.00 secs] 
8.377: [GC (Allocation Failure) [PSYoungGen: 38550K->32K(60928K)] 376999K->343608K(519680K), 0.0009922 secs] [Times: user=0.00 sys=0.00, real=0.00 secs] 
8.598: [GC (Allocation Failure) [PSYoungGen: 21636K->32K(60928K)] 416413K->394816K(519680K), 0.0012604 secs] [Times: user=0.00 sys=0.00, real=0.00 secs] 
8.600: [GC (Allocation Failure) [PSYoungGen: 32K->32K(60928K)] 394816K->394816K(519680K), 0.0011689 secs] [Times: user=0.00 sys=0.00, real=0.00 secs] 
8.601: [Full GC (Allocation Failure) [PSYoungGen: 32K->0K(60928K)] [ParOldGen: 394784K->51728K(458752K)] 394816K->51728K(519680K), [Metaspace: 2759K->2759K(1056768K)], 0.0057188 secs] [Times: user=0.00 sys=0.00, real=0.01 secs] 
9.814: [GC (Allocation Failure) [PSYoungGen: 53348K->0K(60928K)] 207477K->169488K(519680K), 0.0013595 secs] [Times: user=0.02 sys=0.00, real=0.00 secs] 
11.015: [GC (Allocation Failure) [PSYoungGen: 53349K->0K(60928K)] 376438K->333328K(519680K), 0.0012052 secs] [Times: user=0.00 sys=0.00, real=0.00 secs] 
11.451: [GC (Allocation Failure) [PSYoungGen: 42085K->0K(60928K)] 426614K->384529K(519680K), 0.0010904 secs] [Times: user=0.00 sys=0.00, real=0.00 secs] 
11.452: [GC (Allocation Failure) [PSYoungGen: 0K->0K(60928K)] 384529K->384529K(519680K), 0.0009382 secs] [Times: user=0.00 sys=0.00, real=0.00 secs] 
11.453: [Full GC (Allocation Failure) [PSYoungGen: 0K->0K(60928K)] [ParOldGen: 384529K->215568K(458752K)] 384529K->215568K(519680K), [Metaspace: 2761K->2761K(1056768K)], 0.0114077 secs] [Times: user=0.00 sys=0.00, real=0.01 secs] 
12.882: [GC (Allocation Failure) [PSYoungGen: 52692K->32K(60928K)] 421861K->374328K(519680K), 0.0007792 secs] [Times: user=0.00 sys=0.00, real=0.00 secs] 
12.883: [GC (Allocation Failure) [PSYoungGen: 32K->32K(60928K)] 374328K->374336K(519680K), 0.0006150 secs] [Times: user=0.00 sys=0.00, real=0.00 secs] 
12.884: [Full GC (Allocation Failure) [PSYoungGen: 32K->0K(60928K)] [ParOldGen: 374304K->56849K(458752K)] 374336K->56849K(519680K), [Metaspace: 2763K->2763K(1056768K)], 0.0051219 secs] [Times: user=0.00 sys=0.00, real=0.00 secs] 
14.098: [GC (Allocation Failure) [PSYoungGen: 53350K->1024K(60928K)] 212599K->180753K(519680K), 0.0020864 secs] [Times: user=0.00 sys=0.00, real=0.00 secs] 
15.299: [GC (Allocation Failure) [PSYoungGen: 54374K->1024K(60928K)] 387703K->344593K(519680K), 0.0010677 secs] [Times: user=0.00 sys=0.00, real=0.00 secs] 
16.717: [GC (Allocation Failure) [PSYoungGen: 53350K->0K(60928K)] 396919K->353809K(519680K), 0.0012075 secs] [Times: user=0.00 sys=0.00, real=0.00 secs] 
17.154: [GC (Allocation Failure) [PSYoungGen: 42085K->0K(60928K)] 447094K->425489K(519680K), 0.0054672 secs] [Times: user=0.02 sys=0.00, real=0.00 secs] 
17.159: [Full GC (Ergonomics) [PSYoungGen: 0K->0K(60928K)] [ParOldGen: 425489K->77329K(458752K)] 425489K->77329K(519680K), [Metaspace: 2768K->2768K(1056768K)], 0.0066365 secs] [Times: user=0.00 sys=0.00, real=0.01 secs] 
18.374: [GC (Allocation Failure) [PSYoungGen: 53350K->0K(60928K)] 233079K->195089K(519680K), 0.0017683 secs] [Times: user=0.00 sys=0.00, real=0.00 secs] 
20.010: [GC (Allocation Failure) [PSYoungGen: 43110K->0K(60928K)] 442999K->399889K(519680K), 0.0008475 secs] [Times: user=0.00 sys=0.00, real=0.00 secs] 
20.011: [GC (Allocation Failure) [PSYoungGen: 0K->0K(60928K)] 399889K->399889K(519680K), 0.0008719 secs] [Times: user=0.00 sys=0.00, real=0.00 secs] 
20.012: [Full GC (Allocation Failure) [PSYoungGen: 0K->0K(60928K)] [ParOldGen: 399889K->51729K(458752K)] 399889K->51729K(519680K), [Metaspace: 2770K->2770K(1056768K)], 0.0047825 secs] [Times: user=0.00 sys=0.00, real=0.00 secs] 
21.228: [GC (Allocation Failure) [PSYoungGen: 53350K->0K(60928K)] 207479K->169489K(519680K), 0.0014226 secs] [Times: user=0.00 sys=0.00, real=0.00 secs] 
22.430: [GC (Allocation Failure) [PSYoungGen: 53350K->1024K(60928K)] 376439K->334353K(519680K), 0.0011446 secs] [Times: user=0.00 sys=0.00, real=0.00 secs] 
22.869: [GC (Allocation Failure) [PSYoungGen: 43110K->1024K(60928K)] 427639K->385553K(519680K), 0.0009072 secs] [Times: user=0.00 sys=0.00, real=0.00 secs] 
22.870: [GC (Allocation Failure) [PSYoungGen: 1024K->1024K(60928K)] 385553K->385553K(519680K), 0.0007359 secs] [Times: user=0.00 sys=0.00, real=0.00 secs] 
22.870: [Full GC (Allocation Failure) [PSYoungGen: 1024K->0K(60928K)] [ParOldGen: 384529K->165393K(458752K)] 385553K->165393K(519680K), [Metaspace: 2779K->2779K(1056768K)], 0.0118032 secs] [Times: user=0.00 sys=0.00, real=0.01 secs] 
24.737: [Full GC (Ergonomics) [PSYoungGen: 55398K->0K(60928K)] [ParOldGen: 421393K->16384K(458752K)] 476791K->16384K(519680K), [Metaspace: 2779K->2779K(1056768K)], 0.0034927 secs] [Times: user=0.00 sys=0.00, real=0.00 secs] 
25.502: [GC (Allocation Failure) [PSYoungGen: 47206K->0K(60928K)] 63590K->36864K(519680K), 0.0014091 secs] [Times: user=0.00 sys=0.00, real=0.00 secs] 
26.703: [GC (Allocation Failure) [PSYoungGen: 53349K->0K(60928K)] 243813K->200704K(519680K), 0.0012476 secs] [Times: user=0.00 sys=0.00, real=0.00 secs] 
27.793: [GC (Allocation Failure) [PSYoungGen: 52326K->0K(60928K)] 253030K->210944K(519680K), 0.0010333 secs] [Times: user=0.00 sys=0.00, real=0.00 secs] 
28.336: [GC (Allocation Failure) [PSYoungGen: 37203K->32K(60928K)] 248147K->221224K(519680K), 0.0015390 secs] [Times: user=0.00 sys=0.00, real=0.00 secs] 
29.533: [GC (Allocation Failure) [PSYoungGen: 53367K->32K(60928K)] 428159K->385072K(519680K), 0.0011890 secs] [Times: user=0.00 sys=0.00, real=0.00 secs] 
29.970: [Full GC (Ergonomics) [PSYoungGen: 42108K->0K(60928K)] [ParOldGen: 436240K->113169K(458752K)] 478348K->113169K(519680K), [Metaspace: 2793K->2793K(1056768K)], 0.0095103 secs] [Times: user=0.02 sys=0.00, real=0.01 secs] 
32.276: [GC (Allocation Failure) [PSYoungGen: 55392K->1024K(60928K)] 373361K->324113K(519680K), 0.0008141 secs] [Times: user=0.00 sys=0.00, real=0.00 secs] 
32.828: [GC (Allocation Failure) [PSYoungGen: 48226K->1024K(60928K)] 422515K->380433K(519680K), 0.0009408 secs] [Times: user=0.00 sys=0.00, real=0.00 secs] 
32.829: [GC (Allocation Failure) [PSYoungGen: 1024K->1024K(60928K)] 380433K->380433K(519680K), 0.0006885 secs] [Times: user=0.00 sys=0.00, real=0.00 secs] 
32.830: [Full GC (Allocation Failure) [PSYoungGen: 1024K->0K(60928K)] [ParOldGen: 379409K->57873K(458752K)] 380433K->57873K(519680K), [Metaspace: 2793K->2793K(1056768K)], 0.0052641 secs] [Times: user=0.01 sys=0.00, real=0.01 secs] 
34.044: [GC (Allocation Failure) [PSYoungGen: 53347K->1024K(60928K)] 213621K->181777K(519680K), 0.0016195 secs] [Times: user=0.00 sys=0.00, real=0.00 secs] 
35.465: [GC (Allocation Failure) [PSYoungGen: 49252K->0K(60928K)] 383606K->354833K(519680K), 0.0013862 secs] [Times: user=0.00 sys=0.00, real=0.00 secs] 
35.683: [GC (Allocation Failure) [PSYoungGen: 21605K->0K(60928K)] 427638K->406033K(519680K), 0.0009697 secs] [Times: user=0.00 sys=0.00, real=0.00 secs] 
35.684: [GC (Allocation Failure) [PSYoungGen: 0K->0K(60928K)] 406033K->406033K(519680K), 0.0007079 secs] [Times: user=0.00 sys=0.00, real=0.00 secs] 
35.685: [Full GC (Allocation Failure) [PSYoungGen: 0K->0K(60928K)] [ParOldGen: 406033K->61969K(458752K)] 406033K->61969K(519680K), [Metaspace: 2793K->2793K(1056768K)], 0.0054903 secs] [Times: user=0.00 sys=0.00, real=0.01 secs] 
36.898: [GC (Allocation Failure) [PSYoungGen: 53349K->0K(60928K)] 217718K->179729K(519680K), 0.0012652 secs] [Times: user=0.00 sys=0.00, real=0.00 secs] 
38.100: [GC (Allocation Failure) [PSYoungGen: 53349K->0K(60928K)] 386679K->364049K(519680K), 0.0025396 secs] [Times: user=0.00 sys=0.00, real=0.00 secs] 
39.301: [Full GC (Ergonomics) [PSYoungGen: 52325K->0K(60928K)] [ParOldGen: 415249K->6144K(458752K)] 467575K->6144K(519680K), [Metaspace: 2793K->2793K(1056768K)], 0.0025206 secs] [Times: user=0.00 sys=0.00, real=0.00 secs] 
40.288: [GC (Allocation Failure) [PSYoungGen: 53350K->1024K(60928K)] 213094K->160768K(519680K), 0.0005149 secs] [Times: user=0.00 sys=0.00, real=0.00 secs] 
41.161: [GC (Allocation Failure) [PSYoungGen: 53350K->0K(60928K)] 213094K->175104K(519680K), 0.0014483 secs] [Times: user=0.00 sys=0.00, real=0.00 secs] 
43.128: [GC (Allocation Failure) [PSYoungGen: 55397K->2048K(60928K)] 384101K->330752K(519680K), 0.0010591 secs] [Times: user=0.00 sys=0.00, real=0.00 secs] 
44.001: [GC (Allocation Failure) [PSYoungGen: 54373K->1024K(60928K)] 383078K->350208K(519680K), 0.0018607 secs] [Times: user=0.02 sys=0.00, real=0.00 secs] 
44.219: [GC (Allocation Failure) [PSYoungGen: 22629K->1024K(60928K)] 423013K->401408K(519680K), 0.0016679 secs] [Times: user=0.00 sys=0.00, real=0.00 secs] 
44.220: [GC (Allocation Failure) [PSYoungGen: 1024K->1024K(60928K)] 401408K->401408K(519680K), 0.0011715 secs] [Times: user=0.00 sys=0.00, real=0.00 secs] 
44.222: [Full GC (Allocation Failure) [PSYoungGen: 1024K->0K(60928K)] [ParOldGen: 400384K->62993K(458752K)] 401408K->62993K(519680K), [Metaspace: 2795K->2795K(1056768K)], 0.0054706 secs] [Times: user=0.00 sys=0.00, real=0.01 secs] 
45.434: [GC (Allocation Failure) [PSYoungGen: 53349K->0K(60928K)] 218742K->190993K(519680K), 0.0017799 secs] [Times: user=0.00 sys=0.00, real=0.00 secs] 
46.853: [GC (Allocation Failure) [PSYoungGen: 43109K->0K(60928K)] 387703K->354833K(519680K), 0.0012190 secs] [Times: user=0.00 sys=0.00, real=0.00 secs] 
47.073: [GC (Allocation Failure) [PSYoungGen: 21605K->0K(60928K)] 427639K->426513K(519680K), 0.0021470 secs] [Times: user=0.00 sys=0.00, real=0.00 secs] 
47.075: [Full GC (Ergonomics) [PSYoungGen: 0K->0K(60928K)] [ParOldGen: 426513K->72209K(458752K)] 426513K->72209K(519680K), [Metaspace: 2795K->2795K(1056768K)], 0.0062527 secs] [Times: user=0.02 sys=0.00, real=0.01 secs] 
48.288: [GC (Allocation Failure) [PSYoungGen: 53350K->0K(60928K)] 227959K->189969K(519680K), 0.0014424 secs] [Times: user=0.00 sys=0.00, real=0.00 secs] 
49.490: [GC (Allocation Failure) [PSYoungGen: 53350K->0K(60928K)] 396919K->353809K(519680K), 0.0014386 secs] [Times: user=0.00 sys=0.00, real=0.00 secs] 
49.926: [GC (Allocation Failure) [PSYoungGen: 42086K->0K(60928K)] 447095K->405009K(519680K), 0.0012110 secs] [Times: user=0.00 sys=0.00, real=0.00 secs] 
49.927: [GC (Allocation Failure) [PSYoungGen: 0K->0K(60928K)] 405009K->405009K(519680K), 0.0008040 secs] [Times: user=0.00 sys=0.00, real=0.00 secs] 
49.928: [Full GC (Allocation Failure) [PSYoungGen: 0K->0K(60928K)] [ParOldGen: 405009K->133649K(458752K)] 405009K->133649K(519680K), [Metaspace: 2795K->2795K(1056768K)], 0.0098931 secs] [Times: user=0.00 sys=0.00, real=0.01 secs] 
51.140: [GC (Allocation Failure) [PSYoungGen: 36966K->0K(60928K)] 273015K->251409K(519680K), 0.0015120 secs] [Times: user=0.00 sys=0.00, real=0.00 secs] 
52.340: [GC (Allocation Failure) [PSYoungGen: 53350K->1024K(60928K)] 458359K->416273K(519680K), 0.0009472 secs] [Times: user=0.00 sys=0.00, real=0.00 secs] 
52.341: [Full GC (Ergonomics) [PSYoungGen: 1024K->0K(60928K)] [ParOldGen: 415249K->11793K(458752K)] 416273K->11793K(519680K), [Metaspace: 2795K->2795K(1056768K)], 0.0025098 secs] [Times: user=0.00 sys=0.00, real=0.00 secs] 
53.325: [GC (Allocation Failure) [PSYoungGen: 53350K->1024K(60928K)] 218743K->171537K(519680K), 0.0007089 secs] [Times: user=0.00 sys=0.00, real=0.00 secs] 
54.962: [GC (Allocation Failure) [PSYoungGen: 53350K->0K(60928K)] 223863K->180753K(519680K), 0.0009712 secs] [Times: user=0.00 sys=0.00, real=0.00 secs] 
55.945: [GC (Allocation Failure) [PSYoungGen: 53349K->1024K(60928K)] 387703K->345617K(519680K), 0.0014402 secs] [Times: user=0.00 sys=0.00, real=0.00 secs] 
56.820: [GC (Allocation Failure) [PSYoungGen: 53350K->0K(60928K)] 397943K->359953K(519680K), 0.0014948 secs] [Times: user=0.00 sys=0.00, real=0.00 secs] 
57.036: [GC (Allocation Failure) [PSYoungGen: 21605K->0K(60928K)] 432758K->431633K(519680K), 0.0022103 secs] [Times: user=0.00 sys=0.00, real=0.00 secs] 
57.038: [Full GC (Ergonomics) [PSYoungGen: 0K->0K(60928K)] [ParOldGen: 431633K->92689K(458752K)] 431633K->92689K(519680K), [Metaspace: 2796K->2796K(1056768K)], 0.0075810 secs] [Times: user=0.00 sys=0.00, real=0.01 secs] 
59.126: [GC (Allocation Failure) [PSYoungGen: 55397K->0K(60928K)] 404086K->353809K(519680K), 0.0007286 secs] [Times: user=0.00 sys=0.00, real=0.00 secs] 
59.672: [GC (Allocation Failure) [PSYoungGen: 36965K->0K(60928K)] 390775K->369169K(519680K), 0.0016057 secs] [Times: user=0.00 sys=0.00, real=0.00 secs] 
59.890: [GC (Allocation Failure) [PSYoungGen: 21604K->0K(60928K)] 441974K->420369K(519680K), 0.0013269 secs] [Times: user=0.00 sys=0.00, real=0.00 secs] 
59.892: [Full GC (Ergonomics) [PSYoungGen: 0K->0K(60928K)] [ParOldGen: 420369K->108049K(458752K)] 420369K->108049K(519680K), [Metaspace: 2796K->2796K(1056768K)], 0.0086984 secs] [Times: user=0.00 sys=0.00, real=0.01 secs] 
61.108: [GC (Allocation Failure) [PSYoungGen: 53349K->0K(60928K)] 263798K->225809K(519680K), 0.0014809 secs] [Times: user=0.00 sys=0.00, real=0.00 secs] 
62.523: [GC (Allocation Failure) [PSYoungGen: 52325K->0K(60928K)] 431734K->394769K(519680K), 0.0014696 secs] [Times: user=0.00 sys=0.00, real=0.00 secs] 
62.742: [Full GC (Ergonomics) [PSYoungGen: 21605K->0K(60928K)] [ParOldGen: 445969K->56849K(458752K)] 467575K->56849K(519680K), [Metaspace: 2796K->2796K(1056768K)], 0.0053012 secs] [Times: user=0.00 sys=0.00, real=0.00 secs] 
63.944: [GC (Allocation Failure) [PSYoungGen: 53349K->1024K(60928K)] 212599K->180753K(519680K), 0.0016967 secs] [Times: user=0.00 sys=0.00, real=0.00 secs] 
65.146: [GC (Allocation Failure) [PSYoungGen: 54374K->1024K(60928K)] 387703K->344593K(519680K), 0.0010178 secs] [Times: user=0.00 sys=0.00, real=0.00 secs] 
66.568: [GC (Allocation Failure) [PSYoungGen: 53350K->0K(60928K)] 396919K->353809K(519680K), 0.0010167 secs] [Times: user=0.00 sys=0.00, real=0.00 secs] 
67.007: [GC (Allocation Failure) [PSYoungGen: 42085K->0K(60928K)] 447095K->425489K(519680K), 0.0019140 secs] [Times: user=0.00 sys=0.00, real=0.00 secs] 
67.009: [Full GC (Ergonomics) [PSYoungGen: 0K->0K(60928K)] [ParOldGen: 425489K->77329K(458752K)] 425489K->77329K(519680K), [Metaspace: 2796K->2796K(1056768K)], 0.0066874 secs] [Times: user=0.00 sys=0.00, real=0.01 secs] 
68.222: [GC (Allocation Failure) [PSYoungGen: 53349K->0K(60928K)] 233079K->195089K(519680K), 0.0016099 secs] [Times: user=0.00 sys=0.00, real=0.00 secs] 
69.862: [GC (Allocation Failure) [PSYoungGen: 43110K->0K(60928K)] 442999K->399889K(519680K), 0.0011807 secs] [Times: user=0.00 sys=0.00, real=0.00 secs] 
69.863: [GC (Allocation Failure) [PSYoungGen: 0K->0K(60928K)] 399889K->399889K(519680K), 0.0010935 secs] [Times: user=0.00 sys=0.00, real=0.00 secs] 
69.864: [Full GC (Allocation Failure) [PSYoungGen: 0K->0K(60928K)] [ParOldGen: 399889K->51729K(458752K)] 399889K->51729K(519680K), [Metaspace: 2796K->2796K(1056768K)], 0.0048170 secs] [Times: user=0.00 sys=0.00, real=0.00 secs] 
71.076: [GC (Allocation Failure) [PSYoungGen: 53350K->0K(60928K)] 207479K->169489K(519680K), 0.0015720 secs] [Times: user=0.00 sys=0.00, real=0.00 secs] 
72.279: [GC (Allocation Failure) [PSYoungGen: 53350K->1024K(60928K)] 376439K->334353K(519680K), 0.0012553 secs] [Times: user=0.00 sys=0.00, real=0.00 secs] 
72.716: [GC (Allocation Failure) [PSYoungGen: 43110K->1024K(60928K)] 427639K->385553K(519680K), 0.0011859 secs] [Times: user=0.00 sys=0.00, real=0.00 secs] 
72.718: [GC (Allocation Failure) [PSYoungGen: 1024K->1024K(60928K)] 385553K->385553K(519680K), 0.0008843 secs] [Times: user=0.00 sys=0.00, real=0.00 secs] 
72.718: [Full GC (Allocation Failure) [PSYoungGen: 1024K->0K(60928K)] [ParOldGen: 384529K->165393K(458752K)] 385553K->165393K(519680K), [Metaspace: 2796K->2796K(1056768K)], 0.0129387 secs] [Times: user=0.00 sys=0.00, real=0.01 secs] 
74.588: [Full GC (Ergonomics) [PSYoungGen: 55398K->0K(60928K)] [ParOldGen: 421393K->16384K(458752K)] 476791K->16384K(519680K), [Metaspace: 2796K->2796K(1056768K)], 0.0028072 secs] [Times: user=0.00 sys=0.00, real=0.00 secs] 
75.351: [GC (Allocation Failure) [PSYoungGen: 47206K->0K(60928K)] 63590K->36864K(519680K), 0.0013544 secs] [Times: user=0.00 sys=0.00, real=0.00 secs] 
76.554: [GC (Allocation Failure) [PSYoungGen: 53349K->0K(60928K)] 243813K->200704K(519680K), 0.0012810 secs] [Times: user=0.00 sys=0.00, real=0.00 secs] 
77.645: [GC (Allocation Failure) [PSYoungGen: 52325K->0K(60928K)] 253030K->210944K(519680K), 0.0009556 secs] [Times: user=0.00 sys=0.00, real=0.00 secs] 
78.190: [GC (Allocation Failure) [PSYoungGen: 36965K->0K(60928K)] 247909K->221184K(519680K), 0.0012406 secs] [Times: user=0.00 sys=0.00, real=0.00 secs] 
79.392: [GC (Allocation Failure) [PSYoungGen: 53337K->0K(60928K)] 428122K->385024K(519680K), 0.0016098 secs] [Times: user=0.00 sys=0.00, real=0.00 secs] 
79.828: [Full GC (Ergonomics) [PSYoungGen: 42078K->0K(60928K)] [ParOldGen: 436224K->113169K(458752K)] 478302K->113169K(519680K), [Metaspace: 2796K->2796K(1056768K)], 0.0089824 secs] [Times: user=0.00 sys=0.00, real=0.01 secs] 
82.135: [GC (Allocation Failure) [PSYoungGen: 55393K->1024K(60928K)] 373362K->324113K(519680K), 0.0008935 secs] [Times: user=0.00 sys=0.00, real=0.00 secs] 
82.681: [GC (Allocation Failure) [PSYoungGen: 48227K->1024K(60928K)] 422516K->380433K(519680K), 0.0009299 secs] [Times: user=0.00 sys=0.00, real=0.00 secs] 
82.682: [GC (Allocation Failure) [PSYoungGen: 1024K->1024K(60928K)] 380433K->380433K(519680K), 0.0008482 secs] [Times: user=0.00 sys=0.00, real=0.00 secs] 
82.683: [Full GC (Allocation Failure) [PSYoungGen: 1024K->0K(60928K)] [ParOldGen: 379409K->57873K(458752K)] 380433K->57873K(519680K), [Metaspace: 2796K->2796K(1056768K)], 0.0052102 secs] [Times: user=0.00 sys=0.00, real=0.01 secs] 
83.898: [GC (Allocation Failure) [PSYoungGen: 53348K->1024K(60928K)] 213621K->181777K(519680K), 0.0017960 secs] [Times: user=0.00 sys=0.00, real=0.00 secs] 
85.320: [GC (Allocation Failure) [PSYoungGen: 49253K->0K(60928K)] 383606K->354833K(519680K), 0.0013360 secs] [Times: user=0.00 sys=0.00, real=0.00 secs] 
85.538: [GC (Allocation Failure) [PSYoungGen: 21605K->0K(60928K)] 427638K->406033K(519680K), 0.0008418 secs] [Times: user=0.00 sys=0.00, real=0.00 secs] 
85.539: [GC (Allocation Failure) [PSYoungGen: 0K->0K(60928K)] 406033K->406033K(519680K), 0.0007513 secs] [Times: user=0.00 sys=0.00, real=0.00 secs] 
85.540: [Full GC (Allocation Failure) [PSYoungGen: 0K->0K(60928K)] [ParOldGen: 406033K->61969K(458752K)] 406033K->61969K(519680K), [Metaspace: 2796K->2796K(1056768K)], 0.0054866 secs] [Times: user=0.00 sys=0.00, real=0.01 secs] 
86.755: [GC (Allocation Failure) [PSYoungGen: 53349K->0K(60928K)] 217718K->179729K(519680K), 0.0014195 secs] [Times: user=0.00 sys=0.00, real=0.00 secs] 
87.960: [GC (Allocation Failure) [PSYoungGen: 53349K->0K(60928K)] 386679K->364049K(519680K), 0.0025848 secs] [Times: user=0.00 sys=0.00, real=0.00 secs] 
89.158: [Full GC (Ergonomics) [PSYoungGen: 52326K->0K(60928K)] [ParOldGen: 415249K->6144K(458752K)] 467575K->6144K(519680K), [Metaspace: 2796K->2796K(1056768K)], 0.0022571 secs] [Times: user=0.02 sys=0.00, real=0.00 secs] 
90.139: [GC (Allocation Failure) [PSYoungGen: 53350K->1024K(60928K)] 213094K->160768K(519680K), 0.0006180 secs] [Times: user=0.00 sys=0.00, real=0.00 secs] 
91.015: [GC (Allocation Failure) [PSYoungGen: 53350K->0K(60928K)] 213094K->175104K(519680K), 0.0017908 secs] [Times: user=0.00 sys=0.00, real=0.00 secs] 
92.979: [GC (Allocation Failure) [PSYoungGen: 55397K->2048K(60928K)] 384101K->330752K(519680K), 0.0012219 secs] [Times: user=0.00 sys=0.00, real=0.00 secs] 
93.855: [GC (Allocation Failure) [PSYoungGen: 54374K->1024K(60928K)] 383078K->350208K(519680K), 0.0019245 secs] [Times: user=0.00 sys=0.00, real=0.00 secs] 
94.073: [GC (Allocation Failure) [PSYoungGen: 22629K->1024K(60928K)] 423013K->401408K(519680K), 0.0020287 secs] [Times: user=0.00 sys=0.00, real=0.00 secs] 
94.075: [GC (Allocation Failure) [PSYoungGen: 1024K->1024K(60928K)] 401408K->401408K(519680K), 0.0011278 secs] [Times: user=0.00 sys=0.00, real=0.00 secs] 
94.076: [Full GC (Allocation Failure) [PSYoungGen: 1024K->0K(60928K)] [ParOldGen: 400384K->62993K(458752K)] 401408K->62993K(519680K), [Metaspace: 2796K->2796K(1056768K)], 0.0056753 secs] [Times: user=0.00 sys=0.00, real=0.01 secs] 
95.292: [GC (Allocation Failure) [PSYoungGen: 53349K->0K(60928K)] 218742K->190993K(519680K), 0.0016414 secs] [Times: user=0.00 sys=0.00, real=0.00 secs] 
96.708: [GC (Allocation Failure) [PSYoungGen: 43109K->0K(60928K)] 387703K->354833K(519680K), 0.0012648 secs] [Times: user=0.00 sys=0.00, real=0.00 secs] 
96.927: [GC (Allocation Failure) [PSYoungGen: 21605K->0K(60928K)] 427639K->426513K(519680K), 0.0019718 secs] [Times: user=0.00 sys=0.00, real=0.00 secs] 
96.929: [Full GC (Ergonomics) [PSYoungGen: 0K->0K(60928K)] [ParOldGen: 426513K->72209K(458752K)] 426513K->72209K(519680K), [Metaspace: 2796K->2796K(1056768K)], 0.0063208 secs] [Times: user=0.00 sys=0.00, real=0.01 secs] 
98.146: [GC (Allocation Failure) [PSYoungGen: 53350K->0K(60928K)] 227959K->189969K(519680K), 0.0014549 secs] [Times: user=0.00 sys=0.00, real=0.00 secs] 
99.346: [GC (Allocation Failure) [PSYoungGen: 53350K->0K(60928K)] 396919K->353809K(519680K), 0.0010685 secs] [Times: user=0.02 sys=0.00, real=0.00 secs] 
99.782: [GC (Allocation Failure) [PSYoungGen: 42086K->0K(60928K)] 447095K->405009K(519680K), 0.0011457 secs] [Times: user=0.00 sys=0.00, real=0.00 secs] 
99.784: [GC (Allocation Failure) [PSYoungGen: 0K->0K(60928K)] 405009K->405009K(519680K), 0.0010409 secs] [Times: user=0.00 sys=0.00, real=0.00 secs] 
99.785: [Full GC (Allocation Failure) [PSYoungGen: 0K->0K(60928K)] [ParOldGen: 405009K->133649K(458752K)] 405009K->133649K(519680K), [Metaspace: 2796K->2796K(1056768K)], 0.0100616 secs] [Times: user=0.00 sys=0.00, real=0.01 secs] 
101.000: [GC (Allocation Failure) [PSYoungGen: 36966K->0K(60928K)] 273015K->251409K(519680K), 0.0015926 secs] [Times: user=0.00 sys=0.00, real=0.00 secs] 
102.194: [GC (Allocation Failure) [PSYoungGen: 53350K->1024K(60928K)] 458359K->416273K(519680K), 0.0011018 secs] [Times: user=0.00 sys=0.00, real=0.00 secs] 
102.196: [Full GC (Ergonomics) [PSYoungGen: 1024K->0K(60928K)] [ParOldGen: 415249K->11793K(458752K)] 416273K->11793K(519680K), [Metaspace: 2796K->2796K(1056768K)], 0.0025842 secs] [Times: user=0.00 sys=0.00, real=0.00 secs] 
103.179: [GC (Allocation Failure) [PSYoungGen: 53350K->1024K(60928K)] 218743K->171537K(519680K), 0.0008552 secs] [Times: user=0.00 sys=0.00, real=0.00 secs] 
104.814: [GC (Allocation Failure) [PSYoungGen: 53350K->0K(60928K)] 223863K->180753K(519680K), 0.0008491 secs] [Times: user=0.00 sys=0.00, real=0.00 secs] 
105.797: [GC (Allocation Failure) [PSYoungGen: 53349K->1024K(60928K)] 387703K->345617K(519680K), 0.0013489 secs] [Times: user=0.00 sys=0.00, real=0.00 secs] 
106.669: [GC (Allocation Failure) [PSYoungGen: 53350K->0K(60928K)] 397943K->359953K(519680K), 0.0016998 secs] [Times: user=0.00 sys=0.00, real=0.00 secs] 
106.887: [GC (Allocation Failure) [PSYoungGen: 21605K->0K(60928K)] 432758K->431633K(519680K), 0.0022611 secs] [Times: user=0.00 sys=0.00, real=0.00 secs] 
106.889: [Full GC (Ergonomics) [PSYoungGen: 0K->0K(60928K)] [ParOldGen: 431633K->92689K(458752K)] 431633K->92689K(519680K), [Metaspace: 2796K->2796K(1056768K)], 0.0074334 secs] [Times: user=0.00 sys=0.00, real=0.01 secs] 
108.981: [GC (Allocation Failure) [PSYoungGen: 55397K->0K(60928K)] 404086K->353809K(519680K), 0.0009743 secs] [Times: user=0.00 sys=0.00, real=0.00 secs] 
109.525: [GC (Allocation Failure) [PSYoungGen: 36965K->0K(60928K)] 390775K->369169K(519680K), 0.0015132 secs] [Times: user=0.00 sys=0.00, real=0.00 secs] 
109.742: [GC (Allocation Failure) [PSYoungGen: 21604K->0K(60928K)] 441974K->420369K(519680K), 0.0007635 secs] [Times: user=0.00 sys=0.00, real=0.00 secs] 
109.742: [Full GC (Ergonomics) [PSYoungGen: 0K->0K(60928K)] [ParOldGen: 420369K->108049K(458752K)] 420369K->108049K(519680K), [Metaspace: 2796K->2796K(1056768K)], 0.0083796 secs] [Times: user=0.00 sys=0.00, real=0.01 secs] 
110.958: [GC (Allocation Failure) [PSYoungGen: 53349K->0K(60928K)] 263798K->225809K(519680K), 0.0013854 secs] [Times: user=0.00 sys=0.00, real=0.00 secs] 
112.380: [GC (Allocation Failure) [PSYoungGen: 52325K->0K(60928K)] 431734K->394769K(519680K), 0.0014809 secs] [Times: user=0.00 sys=0.00, real=0.00 secs] 
112.599: [Full GC (Ergonomics) [PSYoungGen: 21605K->0K(60928K)] [ParOldGen: 445969K->56849K(458752K)] 467575K->56849K(519680K), [Metaspace: 2796K->2796K(1056768K)], 0.0053017 secs] [Times: user=0.00 sys=0.00, real=0.00 secs] 
113.816: [GC (Allocation Failure) [PSYoungGen: 53349K->1024K(60928K)] 212599K->180753K(519680K), 0.0018301 secs] [Times: user=0.00 sys=0.00, real=0.00 secs] 
115.015: [GC (Allocation Failure) [PSYoungGen: 54374K->1024K(60928K)] 387703K->344593K(519680K), 0.0010528 secs] [Times: user=0.00 sys=0.00, real=0.00 secs] 
116.434: [GC (Allocation Failure) [PSYoungGen: 53350K->0K(60928K)] 396919K->353809K(519680K), 0.0012511 secs] [Times: user=0.00 sys=0.00, real=0.00 secs] 
116.871: [GC (Allocation Failure) [PSYoungGen: 42085K->0K(60928K)] 447095K->425489K(519680K), 0.0020033 secs] [Times: user=0.00 sys=0.00, real=0.00 secs] 
116.873: [Full GC (Ergonomics) [PSYoungGen: 0K->0K(60928K)] [ParOldGen: 425489K->77329K(458752K)] 425489K->77329K(519680K), [Metaspace: 2796K->2796K(1056768K)], 0.0066208 secs] [Times: user=0.00 sys=0.00, real=0.01 secs] 
118.087: [GC (Allocation Failure) [PSYoungGen: 53349K->0K(60928K)] 233079K->195089K(519680K), 0.0014760 secs] [Times: user=0.00 sys=0.00, real=0.00 secs] 
119.720: [GC (Allocation Failure) [PSYoungGen: 43110K->0K(60928K)] 442999K->399889K(519680K), 0.0008139 secs] [Times: user=0.00 sys=0.00, real=0.00 secs] 
119.721: [GC (Allocation Failure) [PSYoungGen: 0K->0K(60928K)] 399889K->399889K(519680K), 0.0008557 secs] [Times: user=0.00 sys=0.00, real=0.00 secs] 
119.721: [Full GC (Allocation Failure) [PSYoungGen: 0K->0K(60928K)] [ParOldGen: 399889K->51729K(458752K)] 399889K->51729K(519680K), [Metaspace: 2796K->2796K(1056768K)], 0.0049728 secs] [Times: user=0.00 sys=0.00, real=0.01 secs] 
120.934: [GC (Allocation Failure) [PSYoungGen: 53350K->0K(60928K)] 207479K->169489K(519680K), 0.0013532 secs] [Times: user=0.00 sys=0.00, real=0.00 secs] 
122.134: [GC (Allocation Failure) [PSYoungGen: 53350K->1024K(60928K)] 376439K->334353K(519680K), 0.0009296 secs] [Times: user=0.00 sys=0.00, real=0.00 secs] 
122.572: [GC (Allocation Failure) [PSYoungGen: 43110K->1024K(60928K)] 427639K->385553K(519680K), 0.0010224 secs] [Times: user=0.00 sys=0.00, real=0.00 secs] 
122.573: [GC (Allocation Failure) [PSYoungGen: 1024K->1024K(60928K)] 385553K->385553K(519680K), 0.0006977 secs] [Times: user=0.00 sys=0.00, real=0.00 secs] 
122.574: [Full GC (Allocation Failure) [PSYoungGen: 1024K->0K(60928K)] [ParOldGen: 384529K->165393K(458752K)] 385553K->165393K(519680K), [Metaspace: 2796K->2796K(1056768K)], 0.0121916 secs] [Times: user=0.01 sys=0.00, real=0.01 secs] 
124.441: [Full GC (Ergonomics) [PSYoungGen: 55398K->0K(60928K)] [ParOldGen: 421393K->16384K(458752K)] 476791K->16384K(519680K), [Metaspace: 2796K->2796K(1056768K)], 0.0028672 secs] [Times: user=0.00 sys=0.00, real=0.00 secs] 
125.206: [GC (Allocation Failure) [PSYoungGen: 47206K->0K(60928K)] 63590K->36864K(519680K), 0.0012068 secs] [Times: user=0.00 sys=0.00, real=0.00 secs] 
126.409: [GC (Allocation Failure) [PSYoungGen: 53349K->0K(60928K)] 243813K->200704K(519680K), 0.0011781 secs] [Times: user=0.00 sys=0.00, real=0.00 secs] 
127.496: [GC (Allocation Failure) [PSYoungGen: 52325K->0K(60928K)] 253030K->210944K(519680K), 0.0009756 secs] [Times: user=0.00 sys=0.00, real=0.00 secs] 
128.042: [GC (Allocation Failure) [PSYoungGen: 36965K->0K(60928K)] 247909K->221184K(519680K), 0.0013746 secs] [Times: user=0.00 sys=0.00, real=0.00 secs] 
129.244: [GC (Allocation Failure) [PSYoungGen: 53337K->0K(60928K)] 428122K->385024K(519680K), 0.0016727 secs] [Times: user=0.00 sys=0.00, real=0.00 secs] 
129.680: [Full GC (Ergonomics) [PSYoungGen: 42078K->0K(60928K)] [ParOldGen: 436224K->113169K(458752K)] 478302K->113169K(519680K), [Metaspace: 2796K->2796K(1056768K)], 0.0088316 secs] [Times: user=0.00 sys=0.00, real=0.01 secs] 
131.993: [GC (Allocation Failure) [PSYoungGen: 55393K->1024K(60928K)] 373362K->324113K(519680K), 0.0008869 secs] [Times: user=0.00 sys=0.00, real=0.00 secs] 
132.537: [GC (Allocation Failure) [PSYoungGen: 48227K->1024K(60928K)] 422516K->380433K(519680K), 0.0010308 secs] [Times: user=0.00 sys=0.00, real=0.00 secs] 
132.539: [GC (Allocation Failure) [PSYoungGen: 1024K->1024K(60928K)] 380433K->380433K(519680K), 0.0007125 secs] [Times: user=0.00 sys=0.00, real=0.00 secs] 
132.539: [Full GC (Allocation Failure) [PSYoungGen: 1024K->0K(60928K)] [ParOldGen: 379409K->57873K(458752K)] 380433K->57873K(519680K), [Metaspace: 2796K->2796K(1056768K)], 0.0049473 secs] [Times: user=0.00 sys=0.00, real=0.00 secs] 
133.741: [GC (Allocation Failure) [PSYoungGen: 53348K->1024K(60928K)] 213621K->181777K(519680K), 0.0022646 secs] [Times: user=0.00 sys=0.00, real=0.00 secs] 
135.164: [GC (Allocation Failure) [PSYoungGen: 49253K->0K(60928K)] 383606K->354833K(519680K), 0.0017450 secs] [Times: user=0.00 sys=0.00, real=0.00 secs] 
135.382: [GC (Allocation Failure) [PSYoungGen: 21605K->0K(60928K)] 427638K->406033K(519680K), 0.0008455 secs] [Times: user=0.00 sys=0.00, real=0.00 secs] 
135.383: [GC (Allocation Failure) [PSYoungGen: 0K->0K(60928K)] 406033K->406033K(519680K), 0.0008571 secs] [Times: user=0.00 sys=0.00, real=0.00 secs] 
135.384: [Full GC (Allocation Failure) [PSYoungGen: 0K->0K(60928K)] [ParOldGen: 406033K->61969K(458752K)] 406033K->61969K(519680K), [Metaspace: 2796K->2796K(1056768K)], 0.0054645 secs] [Times: user=0.00 sys=0.00, real=0.00 secs] 
136.596: [GC (Allocation Failure) [PSYoungGen: 53349K->0K(60928K)] 217718K->179729K(519680K), 0.0015669 secs] [Times: user=0.00 sys=0.00, real=0.00 secs] 
137.793: [GC (Allocation Failure) [PSYoungGen: 53349K->0K(60928K)] 386679K->364049K(519680K), 0.0025092 secs] [Times: user=0.00 sys=0.00, real=0.00 secs] 
138.991: [Full GC (Ergonomics) [PSYoungGen: 52326K->0K(60928K)] [ParOldGen: 415249K->6144K(458752K)] 467575K->6144K(519680K), [Metaspace: 2796K->2796K(1056768K)], 0.0023043 secs] [Times: user=0.00 sys=0.00, real=0.00 secs] 
139.971: [GC (Allocation Failure) [PSYoungGen: 53350K->1024K(60928K)] 213094K->160768K(519680K), 0.0004937 secs] [Times: user=0.00 sys=0.00, real=0.00 secs] 
140.844: [GC (Allocation Failure) [PSYoungGen: 53350K->0K(60928K)] 213094K->175104K(519680K), 0.0017030 secs] [Times: user=0.00 sys=0.00, real=0.00 secs] 
142.811: [GC (Allocation Failure) [PSYoungGen: 55397K->2048K(60928K)] 384101K->330752K(519680K), 0.0008438 secs] [Times: user=0.00 sys=0.00, real=0.00 secs] 
143.688: [GC (Allocation Failure) [PSYoungGen: 54374K->1024K(60928K)] 383078K->350208K(519680K), 0.0021890 secs] [Times: user=0.00 sys=0.00, real=0.00 secs] 
143.904: [GC (Allocation Failure) [PSYoungGen: 22629K->1024K(60928K)] 423013K->401408K(519680K), 0.0013404 secs] [Times: user=0.00 sys=0.00, real=0.00 secs] 
143.906: [GC (Allocation Failure) [PSYoungGen: 1024K->1024K(60928K)] 401408K->401408K(519680K), 0.0018655 secs] [Times: user=0.00 sys=0.00, real=0.00 secs] 
143.908: [Full GC (Allocation Failure) [PSYoungGen: 1024K->0K(60928K)] [ParOldGen: 400384K->62993K(458752K)] 401408K->62993K(519680K), [Metaspace: 2796K->2796K(1056768K)], 0.0055880 secs] [Times: user=0.03 sys=0.00, real=0.01 secs] 
145.126: [GC (Allocation Failure) [PSYoungGen: 53349K->0K(60928K)] 218742K->190993K(519680K), 0.0016658 secs] [Times: user=0.00 sys=0.00, real=0.00 secs] 
146.554: [GC (Allocation Failure) [PSYoungGen: 43109K->0K(60928K)] 387703K->354833K(519680K), 0.0012894 secs] [Times: user=0.00 sys=0.00, real=0.00 secs] 
146.776: [GC (Allocation Failure) [PSYoungGen: 21605K->0K(60928K)] 427639K->426513K(519680K), 0.0021093 secs] [Times: user=0.00 sys=0.00, real=0.00 secs] 
146.778: [Full GC (Ergonomics) [PSYoungGen: 0K->0K(60928K)] [ParOldGen: 426513K->72209K(458752K)] 426513K->72209K(519680K), [Metaspace: 2796K->2796K(1056768K)], 0.0063878 secs] [Times: user=0.00 sys=0.00, real=0.01 secs] 
147.992: [GC (Allocation Failure) [PSYoungGen: 53350K->0K(60928K)] 227959K->189969K(519680K), 0.0014141 secs] [Times: user=0.00 sys=0.00, real=0.00 secs] 
149.188: [GC (Allocation Failure) [PSYoungGen: 53350K->0K(60928K)] 396919K->353809K(519680K), 0.0011875 secs] [Times: user=0.00 sys=0.00, real=0.00 secs] 
149.628: [GC (Allocation Failure) [PSYoungGen: 42086K->0K(60928K)] 447095K->405009K(519680K), 0.0012829 secs] [Times: user=0.00 sys=0.00, real=0.00 secs] 
149.629: [GC (Allocation Failure) [PSYoungGen: 0K->0K(60928K)] 405009K->405009K(519680K), 0.0010030 secs] [Times: user=0.00 sys=0.00, real=0.00 secs] 
149.630: [Full GC (Allocation Failure) [PSYoungGen: 0K->0K(60928K)] [ParOldGen: 405009K->133649K(458752K)] 405009K->133649K(519680K), [Metaspace: 2796K->2796K(1056768K)], 0.0097606 secs] [Times: user=0.00 sys=0.00, real=0.01 secs] 
150.840: [GC (Allocation Failure) [PSYoungGen: 36966K->0K(60928K)] 273015K->251409K(519680K), 0.0014410 secs] [Times: user=0.00 sys=0.00, real=0.00 secs] 
152.040: [GC (Allocation Failure) [PSYoungGen: 53350K->1024K(60928K)] 458359K->416273K(519680K), 0.0012935 secs] [Times: user=0.00 sys=0.00, real=0.00 secs] 
152.042: [Full GC (Ergonomics) [PSYoungGen: 1024K->0K(60928K)] [ParOldGen: 415249K->11793K(458752K)] 416273K->11793K(519680K), [Metaspace: 2796K->2796K(1056768K)], 0.0026633 secs] [Times: user=0.00 sys=0.00, real=0.00 secs] 
153.021: [GC (Allocation Failure) [PSYoungGen: 53350K->1024K(60928K)] 218743K->171537K(519680K), 0.0008254 secs] [Times: user=0.00 sys=0.00, real=0.00 secs] 
154.659: [GC (Allocation Failure) [PSYoungGen: 53350K->0K(60928K)] 223863K->180753K(519680K), 0.0010155 secs] [Times: user=0.00 sys=0.00, real=0.00 secs] 
155.639: [GC (Allocation Failure) [PSYoungGen: 53349K->1024K(60928K)] 387703K->345617K(519680K), 0.0012095 secs] [Times: user=0.00 sys=0.00, real=0.00 secs] 
156.516: [GC (Allocation Failure) [PSYoungGen: 53350K->0K(60928K)] 397943K->359953K(519680K), 0.0013943 secs] [Times: user=0.00 sys=0.00, real=0.00 secs] 
156.732: [GC (Allocation Failure) [PSYoungGen: 21605K->0K(60928K)] 432758K->431633K(519680K), 0.0019476 secs] [Times: user=0.00 sys=0.00, real=0.00 secs] 
156.734: [Full GC (Ergonomics) [PSYoungGen: 0K->0K(60928K)] [ParOldGen: 431633K->92689K(458752K)] 431633K->92689K(519680K), [Metaspace: 2796K->2796K(1056768K)], 0.0077657 secs] [Times: user=0.00 sys=0.00, real=0.01 secs] 
158.818: [GC (Allocation Failure) [PSYoungGen: 55397K->0K(60928K)] 404086K->353809K(519680K), 0.0008595 secs] [Times: user=0.00 sys=0.00, real=0.00 secs] 
159.364: [GC (Allocation Failure) [PSYoungGen: 36965K->0K(60928K)] 390775K->369169K(519680K), 0.0014528 secs] [Times: user=0.00 sys=0.00, real=0.00 secs] 
159.582: [GC (Allocation Failure) [PSYoungGen: 21604K->0K(60928K)] 441974K->420369K(519680K), 0.0008593 secs] [Times: user=0.00 sys=0.00, real=0.00 secs] 
159.583: [Full GC (Ergonomics) [PSYoungGen: 0K->0K(60928K)] [ParOldGen: 420369K->108049K(458752K)] 420369K->108049K(519680K), [Metaspace: 2796K->2796K(1056768K)], 0.0089217 secs] [Times: user=0.00 sys=0.00, real=0.01 secs] 
160.801: [GC (Allocation Failure) [PSYoungGen: 53349K->0K(60928K)] 263798K->225809K(519680K), 0.0015265 secs] [Times: user=0.00 sys=0.00, real=0.00 secs] 
162.227: [GC (Allocation Failure) [PSYoungGen: 52325K->0K(60928K)] 431734K->394769K(519680K), 0.0014284 secs] [Times: user=0.00 sys=0.00, real=0.00 secs] 
162.446: [Full GC (Ergonomics) [PSYoungGen: 21605K->0K(60928K)] [ParOldGen: 445969K->56849K(458752K)] 467575K->56849K(519680K), [Metaspace: 2796K->2796K(1056768K)], 0.0054010 secs] [Times: user=0.00 sys=0.00, real=0.00 secs] 
163.646: [GC (Allocation Failure) [PSYoungGen: 53349K->1024K(60928K)] 212599K->180753K(519680K), 0.0019116 secs] [Times: user=0.00 sys=0.00, real=0.00 secs] 
164.846: [GC (Allocation Failure) [PSYoungGen: 54374K->1024K(60928K)] 387703K->344593K(519680K), 0.0011239 secs] [Times: user=0.00 sys=0.00, real=0.00 secs] 
166.266: [GC (Allocation Failure) [PSYoungGen: 53350K->0K(60928K)] 396919K->353809K(519680K), 0.0010989 secs] [Times: user=0.00 sys=0.00, real=0.00 secs] 
166.705: [GC (Allocation Failure) [PSYoungGen: 42085K->0K(60928K)] 447095K->425489K(519680K), 0.0021768 secs] [Times: user=0.00 sys=0.00, real=0.00 secs] 
166.707: [Full GC (Ergonomics) [PSYoungGen: 0K->0K(60928K)] [ParOldGen: 425489K->77329K(458752K)] 425489K->77329K(519680K), [Metaspace: 2796K->2796K(1056768K)], 0.0066694 secs] [Times: user=0.00 sys=0.00, real=0.01 secs] 
167.925: [GC (Allocation Failure) [PSYoungGen: 53349K->0K(60928K)] 233079K->195089K(519680K), 0.0015677 secs] [Times: user=0.00 sys=0.00, real=0.00 secs] 
169.565: [GC (Allocation Failure) [PSYoungGen: 43110K->0K(60928K)] 442999K->399889K(519680K), 0.0009686 secs] [Times: user=0.06 sys=0.00, real=0.00 secs] 
169.566: [GC (Allocation Failure) [PSYoungGen: 0K->0K(60928K)] 399889K->399889K(519680K), 0.0007831 secs] [Times: user=0.00 sys=0.00, real=0.00 secs] 
169.566: [Full GC (Allocation Failure) [PSYoungGen: 0K->0K(60928K)] [ParOldGen: 399889K->51729K(458752K)] 399889K->51729K(519680K), [Metaspace: 2796K->2796K(1056768K)], 0.0048098 secs] [Times: user=0.00 sys=0.00, real=0.01 secs] 
170.782: [GC (Allocation Failure) [PSYoungGen: 53350K->0K(60928K)] 207479K->169489K(519680K), 0.0014381 secs] [Times: user=0.00 sys=0.00, real=0.00 secs] 
171.984: [GC (Allocation Failure) [PSYoungGen: 53350K->1024K(60928K)] 376439K->334353K(519680K), 0.0010107 secs] [Times: user=0.00 sys=0.00, real=0.00 secs] 
172.422: [GC (Allocation Failure) [PSYoungGen: 43110K->1024K(60928K)] 427639K->385553K(519680K), 0.0011088 secs] [Times: user=0.00 sys=0.00, real=0.00 secs] 
172.423: [GC (Allocation Failure) [PSYoungGen: 1024K->1024K(60928K)] 385553K->385553K(519680K), 0.0009526 secs] [Times: user=0.00 sys=0.00, real=0.00 secs] 
172.424: [Full GC (Allocation Failure) [PSYoungGen: 1024K->0K(60928K)] [ParOldGen: 384529K->165393K(458752K)] 385553K->165393K(519680K), [Metaspace: 2796K->2796K(1056768K)], 0.0119925 secs] [Times: user=0.02 sys=0.00, real=0.01 secs] 
174.292: [Full GC (Ergonomics) [PSYoungGen: 55398K->0K(60928K)] [ParOldGen: 421393K->16384K(458752K)] 476791K->16384K(519680K), [Metaspace: 2796K->2796K(1056768K)], 0.0028493 secs] [Times: user=0.00 sys=0.00, real=0.00 secs] 
175.059: [GC (Allocation Failure) [PSYoungGen: 47206K->0K(60928K)] 63590K->36864K(519680K), 0.0014647 secs] [Times: user=0.00 sys=0.00, real=0.00 secs] 
176.264: [GC (Allocation Failure) [PSYoungGen: 53349K->0K(60928K)] 243813K->200704K(519680K), 0.0010465 secs] [Times: user=0.00 sys=0.00, real=0.00 secs] 
177.354: [GC (Allocation Failure) [PSYoungGen: 52325K->0K(60928K)] 253030K->210944K(519680K), 0.0012949 secs] [Times: user=0.00 sys=0.00, real=0.00 secs] 
177.900: [GC (Allocation Failure) [PSYoungGen: 36965K->0K(60928K)] 247909K->221184K(519680K), 0.0013065 secs] [Times: user=0.00 sys=0.00, real=0.00 secs] 
179.099: [GC (Allocation Failure) [PSYoungGen: 53337K->0K(60928K)] 428122K->385024K(519680K), 0.0013661 secs] [Times: user=0.00 sys=0.00, real=0.00 secs] 
179.533: [Full GC (Ergonomics) [PSYoungGen: 42078K->0K(60928K)] [ParOldGen: 436224K->113169K(458752K)] 478302K->113169K(519680K), [Metaspace: 2796K->2796K(1056768K)], 0.0098910 secs] [Times: user=0.02 sys=0.00, real=0.01 secs] 
181.847: [GC (Allocation Failure) [PSYoungGen: 55393K->1024K(60928K)] 373362K->324113K(519680K), 0.0008834 secs] [Times: user=0.00 sys=0.00, real=0.00 secs] 
182.393: [GC (Allocation Failure) [PSYoungGen: 48227K->1024K(60928K)] 422516K->380433K(519680K), 0.0010772 secs] [Times: user=0.08 sys=0.00, real=0.00 secs] 
182.394: [GC (Allocation Failure) [PSYoungGen: 1024K->1024K(60928K)] 380433K->380433K(519680K), 0.0006679 secs] [Times: user=0.00 sys=0.00, real=0.00 secs] 
182.395: [Full GC (Allocation Failure) [PSYoungGen: 1024K->0K(60928K)] [ParOldGen: 379409K->57873K(458752K)] 380433K->57873K(519680K), [Metaspace: 2796K->2796K(1056768K)], 0.0053732 secs] [Times: user=0.00 sys=0.00, real=0.00 secs] 
183.609: [GC (Allocation Failure) [PSYoungGen: 53348K->1024K(60928K)] 213621K->181777K(519680K), 0.0016817 secs] [Times: user=0.00 sys=0.00, real=0.00 secs] 
185.029: [GC (Allocation Failure) [PSYoungGen: 49253K->0K(60928K)] 383606K->354833K(519680K), 0.0016280 secs] [Times: user=0.00 sys=0.00, real=0.00 secs] 
185.248: [GC (Allocation Failure) [PSYoungGen: 21605K->0K(60928K)] 427638K->406033K(519680K), 0.0007698 secs] [Times: user=0.00 sys=0.00, real=0.00 secs] 
185.248: [GC (Allocation Failure) [PSYoungGen: 0K->0K(60928K)] 406033K->406033K(519680K), 0.0006892 secs] [Times: user=0.00 sys=0.00, real=0.00 secs] 
185.249: [Full GC (Allocation Failure) [PSYoungGen: 0K->0K(60928K)] [ParOldGen: 406033K->61969K(458752K)] 406033K->61969K(519680K), [Metaspace: 2796K->2796K(1056768K)], 0.0052850 secs] [Times: user=0.00 sys=0.00, real=0.01 secs] 
186.465: [GC (Allocation Failure) [PSYoungGen: 53349K->0K(60928K)] 217718K->179729K(519680K), 0.0015162 secs] [Times: user=0.00 sys=0.00, real=0.00 secs] 
187.670: [GC (Allocation Failure) [PSYoungGen: 53349K->0K(60928K)] 386679K->364049K(519680K), 0.0026170 secs] [Times: user=0.00 sys=0.00, real=0.00 secs] 
188.877: [Full GC (Ergonomics) [PSYoungGen: 52326K->0K(60928K)] [ParOldGen: 415249K->6144K(458752K)] 467575K->6144K(519680K), [Metaspace: 2796K->2796K(1056768K)], 0.0024682 secs] [Times: user=0.00 sys=0.00, real=0.00 secs] 
189.867: [GC (Allocation Failure) [PSYoungGen: 53350K->1024K(60928K)] 213094K->160768K(519680K), 0.0005354 secs] [Times: user=0.00 sys=0.00, real=0.00 secs] 
190.740: [GC (Allocation Failure) [PSYoungGen: 53350K->0K(60928K)] 213094K->175104K(519680K), 0.0015193 secs] [Times: user=0.00 sys=0.00, real=0.00 secs] 
192.702: [GC (Allocation Failure) [PSYoungGen: 55397K->2080K(60928K)] 384101K->330784K(519680K), 0.0012710 secs] [Times: user=0.00 sys=0.00, real=0.00 secs] 
193.577: [GC (Allocation Failure) [PSYoungGen: 54406K->1056K(60928K)] 383110K->350240K(519680K), 0.0017668 secs] [Times: user=0.00 sys=0.00, real=0.00 secs] 
193.795: [GC (Allocation Failure) [PSYoungGen: 22661K->1056K(60928K)] 423045K->401440K(519680K), 0.0011932 secs] [Times: user=0.00 sys=0.00, real=0.00 secs] 
193.796: [GC (Allocation Failure) [PSYoungGen: 1056K->1056K(60928K)] 401440K->401440K(519680K), 0.0012813 secs] [Times: user=0.00 sys=0.00, real=0.00 secs] 
193.797: [Full GC (Allocation Failure) [PSYoungGen: 1056K->0K(60928K)] [ParOldGen: 400384K->62993K(458752K)] 401440K->62993K(519680K), [Metaspace: 2796K->2796K(1056768K)], 0.0060390 secs] [Times: user=0.00 sys=0.00, real=0.01 secs] 
195.011: [GC (Allocation Failure) [PSYoungGen: 53349K->64K(60928K)] 218742K->191057K(519680K), 0.0015066 secs] [Times: user=0.00 sys=0.00, real=0.00 secs] 
196.437: [GC (Allocation Failure) [PSYoungGen: 43173K->32K(60928K)] 387767K->354865K(519680K), 0.0013863 secs] [Times: user=0.00 sys=0.00, real=0.00 secs] 
196.655: [GC (Allocation Failure) [PSYoungGen: 21637K->32K(60928K)] 427671K->426545K(519680K), 0.0023389 secs] [Times: user=0.00 sys=0.00, real=0.00 secs] 
196.657: [Full GC (Ergonomics) [PSYoungGen: 32K->0K(60928K)] [ParOldGen: 426513K->72209K(458752K)] 426545K->72209K(519680K), [Metaspace: 2796K->2796K(1056768K)], 0.0064439 secs] [Times: user=0.00 sys=0.00, real=0.01 secs] 
197.872: [GC (Allocation Failure) [PSYoungGen: 53350K->0K(60928K)] 227959K->189969K(519680K), 0.0013841 secs] [Times: user=0.00 sys=0.00, real=0.00 secs] 
199.072: [GC (Allocation Failure) [PSYoungGen: 53350K->0K(60928K)] 396920K->353809K(519680K), 0.0011000 secs] [Times: user=0.00 sys=0.00, real=0.00 secs] 
199.509: [GC (Allocation Failure) [PSYoungGen: 42086K->0K(60928K)] 447096K->405009K(519680K), 0.0009382 secs] [Times: user=0.00 sys=0.00, real=0.00 secs] 
199.510: [GC (Allocation Failure) [PSYoungGen: 0K->0K(60928K)] 405009K->405009K(519680K), 0.0007998 secs] [Times: user=0.00 sys=0.00, real=0.00 secs] 
199.510: [Full GC (Allocation Failure) [PSYoungGen: 0K->0K(60928K)] [ParOldGen: 405009K->133649K(458752K)] 405009K->133649K(519680K), [Metaspace: 2796K->2796K(1056768K)], 0.0096271 secs] [Times: user=0.00 sys=0.00, real=0.01 secs] 
200.724: [GC (Allocation Failure) [PSYoungGen: 36966K->0K(60928K)] 273016K->251409K(519680K), 0.0015794 secs] [Times: user=0.00 sys=0.00, real=0.00 secs] 
201.926: [GC (Allocation Failure) [PSYoungGen: 53350K->1024K(60928K)] 458360K->416273K(519680K), 0.0010831 secs] [Times: user=0.00 sys=0.00, real=0.00 secs] 
201.927: [Full GC (Ergonomics) [PSYoungGen: 1024K->0K(60928K)] [ParOldGen: 415249K->11793K(458752K)] 416273K->11793K(519680K), [Metaspace: 2796K->2796K(1056768K)], 0.0023836 secs] [Times: user=0.00 sys=0.00, real=0.00 secs] 
202.909: [GC (Allocation Failure) [PSYoungGen: 53350K->1024K(60928K)] 218744K->171537K(519680K), 0.0007823 secs] [Times: user=0.00 sys=0.00, real=0.00 secs] 
204.546: [GC (Allocation Failure) [PSYoungGen: 53350K->0K(60928K)] 223864K->180753K(519680K), 0.0009022 secs] [Times: user=0.00 sys=0.00, real=0.00 secs] 
205.528: [GC (Allocation Failure) [PSYoungGen: 53349K->1024K(60928K)] 387703K->345617K(519680K), 0.0013422 secs] [Times: user=0.00 sys=0.00, real=0.00 secs] 
206.401: [GC (Allocation Failure) [PSYoungGen: 53350K->0K(60928K)] 397943K->359953K(519680K), 0.0014953 secs] [Times: user=0.00 sys=0.00, real=0.00 secs] 
206.619: [GC (Allocation Failure) [PSYoungGen: 21605K->0K(60928K)] 432759K->431633K(519680K), 0.0021494 secs] [Times: user=0.00 sys=0.00, real=0.00 secs] 
206.621: [Full GC (Ergonomics) [PSYoungGen: 0K->0K(60928K)] [ParOldGen: 431633K->92689K(458752K)] 431633K->92689K(519680K), [Metaspace: 2796K->2796K(1056768K)], 0.0077525 secs] [Times: user=0.00 sys=0.00, real=0.01 secs] 
208.706: [GC (Allocation Failure) [PSYoungGen: 55397K->0K(60928K)] 404087K->353809K(519680K), 0.0011832 secs] [Times: user=0.00 sys=0.00, real=0.00 secs] 
209.256: [GC (Allocation Failure) [PSYoungGen: 36965K->0K(60928K)] 390775K->369169K(519680K), 0.0014570 secs] [Times: user=0.00 sys=0.00, real=0.00 secs] 
209.473: [GC (Allocation Failure) [PSYoungGen: 21604K->0K(60928K)] 441974K->420369K(519680K), 0.0010858 secs] [Times: user=0.00 sys=0.00, real=0.00 secs] 
209.475: [Full GC (Ergonomics) [PSYoungGen: 0K->0K(60928K)] [ParOldGen: 420369K->108049K(458752K)] 420369K->108049K(519680K), [Metaspace: 2796K->2796K(1056768K)], 0.0086230 secs] [Times: user=0.00 sys=0.00, real=0.01 secs] 
210.698: [GC (Allocation Failure) [PSYoungGen: 53349K->0K(60928K)] 263798K->225809K(519680K), 0.0015236 secs] [Times: user=0.00 sys=0.00, real=0.00 secs] 
212.112: [GC (Allocation Failure) [PSYoungGen: 52325K->0K(60928K)] 431735K->394769K(519680K), 0.0014758 secs] [Times: user=0.00 sys=0.00, real=0.00 secs] 
212.330: [Full GC (Ergonomics) [PSYoungGen: 21605K->0K(60928K)] [ParOldGen: 445969K->56849K(458752K)] 467575K->56849K(519680K), [Metaspace: 2796K->2796K(1056768K)], 0.0055319 secs] [Times: user=0.00 sys=0.00, real=0.01 secs] 
213.548: [GC (Allocation Failure) [PSYoungGen: 53349K->1024K(60928K)] 212599K->180753K(519680K), 0.0019668 secs] [Times: user=0.02 sys=0.00, real=0.00 secs] 
214.747: [GC (Allocation Failure) [PSYoungGen: 54374K->1024K(60928K)] 387703K->344593K(519680K), 0.0010195 secs] [Times: user=0.00 sys=0.00, real=0.00 secs] 
216.163: [GC (Allocation Failure) [PSYoungGen: 53350K->0K(60928K)] 396920K->353809K(519680K), 0.0011278 secs] [Times: user=0.00 sys=0.00, real=0.00 secs] 
216.599: [GC (Allocation Failure) [PSYoungGen: 42085K->0K(60928K)] 447095K->425489K(519680K), 0.0021668 secs] [Times: user=0.00 sys=0.00, real=0.00 secs] 
216.601: [Full GC (Ergonomics) [PSYoungGen: 0K->0K(60928K)] [ParOldGen: 425489K->77329K(458752K)] 425489K->77329K(519680K), [Metaspace: 2796K->2796K(1056768K)], 0.0068075 secs] [Times: user=0.00 sys=0.00, real=0.01 secs] 
217.814: [GC (Allocation Failure) [PSYoungGen: 53349K->0K(60928K)] 233079K->195089K(519680K), 0.0013801 secs] [Times: user=0.00 sys=0.00, real=0.00 secs] 
Heap
 PSYoungGen      total 60928K, used 44236K [0x00000000fc000000, 0x0000000100000000, 0x0000000100000000)
  eden space 56320K, 78% used [0x00000000fc000000,0x00000000feb33380,0x00000000ff700000)
  from space 4608K, 0% used [0x00000000ff700000,0x00000000ff700000,0x00000000ffb80000)
  to   space 4608K, 0% used [0x00000000ffb80000,0x00000000ffb80000,0x0000000100000000)
 ParOldGen       total 458752K, used 348689K [0x00000000e0000000, 0x00000000fc000000, 0x00000000fc000000)
  object space 458752K, 76% used [0x00000000e0000000,0x00000000f5484760,0x00000000fc000000)
 Metaspace       used 2804K, capacity 4486K, committed 4864K, reserved 1056768K
  class space    used 297K, capacity 386K, committed 512K, reserved 1048576K
