Java HotSpot(TM) 64-Bit Server VM (25.411-b09) for windows-amd64 JRE (1.8.0_411-b09), built on Mar 13 2024 07:26:13 by "java_re" with MS VC++ 17.1 (VS2022)
Memory: 4k page, physical 33403376k(14272568k free), swap 36670664k(7365644k free)
CommandLine flags: -XX:InitialHeapSize=536870912 -XX:MaxHeapSize=536870912 -XX:NewRatio=9 -XX:ParallelGCThreads=6 -XX:+PrintGC -XX:+PrintGCDetails -XX:+PrintGCTimeStamps -XX:SurvivorRatio=4 -XX:-UseAdaptiveSizePolicy -XX:+UseCompressedClassPointers -XX:+UseCompressedOops -XX:-UseLargePagesIndividualAllocation -XX:+UseParallelGC 
0.823: [GC (Allocation Failure) [PSYoungGen: 29737K->5784K(43520K)] 29737K->10912K(515584K), 0.0026704 secs] [Times: user=0.00 sys=0.00, real=0.00 secs] 
1.852: [GC (Allocation Failure) [PSYoungGen: 39232K->6816K(43520K)] 218440K->191144K(515584K), 0.0025510 secs] [Times: user=0.00 sys=0.00, real=0.00 secs] 
2.397: [GC (Allocation Failure) [PSYoungGen: 33101K->6816K(43520K)] 217430K->196272K(515584K), 0.0024874 secs] [Times: user=0.00 sys=0.00, real=0.00 secs] 
3.426: [GC (Allocation Failure) [PSYoungGen: 40267K->7800K(43520K)] 403803K->376456K(515584K), 0.0026269 secs] [Times: user=0.00 sys=0.00, real=0.00 secs] 
4.627: [GC (Allocation Failure) [PSYoungGen: 40232K->1664K(43520K)] 408888K->370320K(515584K), 0.0009791 secs] [Times: user=0.00 sys=0.00, real=0.00 secs] 
5.283: [GC (Allocation Failure) [PSYoungGen: 33069K->5728K(43520K)] 401726K->379504K(515584K), 0.0023941 secs] [Times: user=0.00 sys=0.00, real=0.00 secs] 
5.737: [Full GC (Ergonomics) [PSYoungGen: 26892K->0K(43520K)] [ParOldGen: 445456K->67088K(472064K)] 472348K->67088K(515584K), [Metaspace: 2753K->2753K(1056768K)], 0.0108075 secs] [Times: user=0.00 sys=0.00, real=0.01 secs] 
6.737: [GC (Allocation Failure) [PSYoungGen: 33456K->5120K(43520K)] 202945K->179728K(515584K), 0.0012359 secs] [Times: user=0.00 sys=0.00, real=0.00 secs] 
7.720: [GC (Allocation Failure) [PSYoungGen: 38927K->5152K(43520K)] 387616K->358968K(515584K), 0.0010929 secs] [Times: user=0.00 sys=0.00, real=0.00 secs] 
8.598: [GC (Allocation Failure) [PSYoungGen: 31445K->32K(43520K)] 436462K->405056K(515584K), 0.0009472 secs] [Times: user=0.00 sys=0.00, real=0.00 secs] 
8.599: [GC (Allocation Failure) [PSYoungGen: 32K->32K(43520K)] 405056K->405056K(515584K), 0.0008850 secs] [Times: user=0.00 sys=0.00, real=0.00 secs] 
8.599: [Full GC (Allocation Failure) [PSYoungGen: 32K->0K(43520K)] [ParOldGen: 405024K->51728K(472064K)] 405056K->51728K(515584K), [Metaspace: 2759K->2759K(1056768K)], 0.0054265 secs] [Times: user=0.00 sys=0.00, real=0.00 secs] 
9.597: [GC (Allocation Failure) [PSYoungGen: 33462K->5120K(43520K)] 187591K->164368K(515584K), 0.0009741 secs] [Times: user=0.00 sys=0.00, real=0.00 secs] 
10.579: [GC (Allocation Failure) [PSYoungGen: 38583K->5120K(43520K)] 371912K->343568K(515584K), 0.0010430 secs] [Times: user=0.00 sys=0.00, real=0.00 secs] 
11.128: [GC (Allocation Failure) [PSYoungGen: 36535K->5120K(43520K)] 374984K->353809K(515584K), 0.0016069 secs] [Times: user=0.00 sys=0.00, real=0.00 secs] 
11.453: [GC (Allocation Failure) [PSYoungGen: 36530K->5120K(43520K)] 436419K->405009K(515584K), 0.0008683 secs] [Times: user=0.00 sys=0.00, real=0.00 secs] 
11.454: [GC (Allocation Failure) [PSYoungGen: 5120K->5120K(43520K)] 405009K->405009K(515584K), 0.0008159 secs] [Times: user=0.00 sys=0.00, real=0.00 secs] 
11.455: [Full GC (Allocation Failure) [PSYoungGen: 5120K->0K(43520K)] [ParOldGen: 399889K->215568K(472064K)] 405009K->215568K(515584K), [Metaspace: 2761K->2761K(1056768K)], 0.0120361 secs] [Times: user=0.00 sys=0.00, real=0.01 secs] 
12.888: [GC (Allocation Failure) [PSYoungGen: 32662K->5152K(43520K)] 422311K->394809K(515584K), 0.0007003 secs] [Times: user=0.00 sys=0.00, real=0.00 secs] 
12.889: [GC (Allocation Failure) [PSYoungGen: 5152K->5216K(43520K)] 394809K->394873K(515584K), 0.0007085 secs] [Times: user=0.00 sys=0.00, real=0.00 secs] 
12.889: [Full GC (Allocation Failure) [PSYoungGen: 5216K->0K(43520K)] [ParOldGen: 389656K->56849K(472064K)] 394873K->56849K(515584K), [Metaspace: 2763K->2763K(1056768K)], 0.0046791 secs] [Times: user=0.00 sys=0.00, real=0.00 secs] 
13.870: [GC (Allocation Failure) [PSYoungGen: 33461K->6144K(43520K)] 192711K->165393K(515584K), 0.0008182 secs] [Times: user=0.00 sys=0.00, real=0.00 secs] 
14.856: [GC (Allocation Failure) [PSYoungGen: 39606K->6144K(43520K)] 372936K->354833K(515584K), 0.0018519 secs] [Times: user=0.00 sys=0.00, real=0.00 secs] 
15.405: [GC (Allocation Failure) [PSYoungGen: 37559K->1024K(43520K)] 386248K->359953K(515584K), 0.0012564 secs] [Times: user=0.00 sys=0.00, real=0.00 secs] 
16.495: [GC (Allocation Failure) [PSYoungGen: 32434K->5120K(43520K)] 391363K->369169K(515584K), 0.0011108 secs] [Times: user=0.00 sys=0.00, real=0.00 secs] 
17.148: [GC (Allocation Failure) [PSYoungGen: 36527K->5120K(43520K)] 472256K->440849K(515584K), 0.0008565 secs] [Times: user=0.00 sys=0.00, real=0.00 secs] 
17.149: [GC (Allocation Failure) [PSYoungGen: 5120K->5120K(43520K)] 440849K->440849K(515584K), 0.0008282 secs] [Times: user=0.00 sys=0.00, real=0.00 secs] 
17.150: [Full GC (Allocation Failure) [PSYoungGen: 5120K->0K(43520K)] [ParOldGen: 435729K->77329K(472064K)] 440849K->77329K(515584K), [Metaspace: 2768K->2768K(1056768K)], 0.0065136 secs] [Times: user=0.00 sys=0.00, real=0.01 secs] 
18.148: [GC (Allocation Failure) [PSYoungGen: 33458K->5120K(43520K)] 213187K->189969K(515584K), 0.0010683 secs] [Times: user=0.00 sys=0.00, real=0.00 secs] 
19.128: [GC (Allocation Failure) [PSYoungGen: 38580K->5120K(43520K)] 397509K->369169K(515584K), 0.0010029 secs] [Times: user=0.00 sys=0.00, real=0.00 secs] 
20.003: [GC (Allocation Failure) [PSYoungGen: 16053K->0K(43520K)] 431303K->415249K(515584K), 0.0007407 secs] [Times: user=0.00 sys=0.00, real=0.00 secs] 
20.003: [GC (Allocation Failure) [PSYoungGen: 0K->0K(43520K)] 415249K->415249K(515584K), 0.0006621 secs] [Times: user=0.00 sys=0.00, real=0.00 secs] 
20.004: [Full GC (Allocation Failure) [PSYoungGen: 0K->0K(43520K)] [ParOldGen: 415249K->51729K(472064K)] 415249K->51729K(515584K), [Metaspace: 2770K->2770K(1056768K)], 0.0049661 secs] [Times: user=0.00 sys=0.00, real=0.01 secs] 
21.000: [GC (Allocation Failure) [PSYoungGen: 33461K->5120K(43520K)] 187591K->164369K(515584K), 0.0009870 secs] [Times: user=0.00 sys=0.00, real=0.00 secs] 
21.983: [GC (Allocation Failure) [PSYoungGen: 38582K->6144K(43520K)] 371912K->344593K(515584K), 0.0010828 secs] [Times: user=0.00 sys=0.00, real=0.00 secs] 
22.530: [GC (Allocation Failure) [PSYoungGen: 37559K->6144K(43520K)] 376008K->354833K(515584K), 0.0015545 secs] [Times: user=0.00 sys=0.00, real=0.00 secs] 
22.859: [GC (Allocation Failure) [PSYoungGen: 37554K->6144K(43520K)] 437443K->406033K(515584K), 0.0008596 secs] [Times: user=0.00 sys=0.00, real=0.00 secs] 
22.860: [GC (Allocation Failure) [PSYoungGen: 6144K->6144K(43520K)] 406033K->406033K(515584K), 0.0008885 secs] [Times: user=0.00 sys=0.00, real=0.00 secs] 
22.861: [Full GC (Allocation Failure) [PSYoungGen: 6144K->0K(43520K)] [ParOldGen: 399889K->165393K(472064K)] 406033K->165393K(515584K), [Metaspace: 2779K->2779K(1056768K)], 0.0142994 secs] [Times: user=0.02 sys=0.00, real=0.01 secs] 
24.617: [Full GC (Ergonomics) [PSYoungGen: 30388K->0K(43520K)] [ParOldGen: 441873K->12288K(472064K)] 472261K->12288K(515584K), [Metaspace: 2779K->2779K(1056768K)], 0.0025327 secs] [Times: user=0.00 sys=0.00, real=0.00 secs] 
25.272: [GC (Allocation Failure) [PSYoungGen: 31413K->5120K(43520K)] 43701K->22528K(515584K), 0.0011273 secs] [Times: user=0.00 sys=0.00, real=0.00 secs] 
26.257: [GC (Allocation Failure) [PSYoungGen: 38577K->5120K(43520K)] 230065K->217088K(515584K), 0.0020100 secs] [Times: user=0.00 sys=0.00, real=0.00 secs] 
26.806: [GC (Allocation Failure) [PSYoungGen: 36531K->5120K(43520K)] 248500K->227328K(515584K), 0.0016357 secs] [Times: user=0.00 sys=0.00, real=0.00 secs] 
27.570: [GC (Allocation Failure) [PSYoungGen: 36528K->0K(43520K)] 258736K->242688K(515584K), 0.0019138 secs] [Times: user=0.00 sys=0.00, real=0.00 secs] 
28.115: [GC (Allocation Failure) [PSYoungGen: 26285K->5120K(43520K)] 268973K->252928K(515584K), 0.0010599 secs] [Times: user=0.00 sys=0.00, real=0.00 secs] 
29.094: [GC (Allocation Failure) [PSYoungGen: 38718K->5152K(43520K)] 460606K->432168K(515584K), 0.0021246 secs] [Times: user=0.00 sys=0.00, real=0.00 secs] 
29.642: [GC (Allocation Failure) [PSYoungGen: 36559K->5184K(43520K)] 463576K->442440K(515584K), 0.0017138 secs] [Times: user=0.00 sys=0.00, real=0.00 secs] 
29.643: [Full GC (Ergonomics) [PSYoungGen: 5184K->0K(43520K)] [ParOldGen: 437256K->72209K(472064K)] 442440K->72209K(515584K), [Metaspace: 2793K->2793K(1056768K)], 0.0063769 secs] [Times: user=0.00 sys=0.00, real=0.01 secs] 
30.299: [GC (Allocation Failure) [PSYoungGen: 33453K->1024K(43520K)] 259262K->226833K(515584K), 0.0006836 secs] [Times: user=0.00 sys=0.00, real=0.00 secs] 
31.828: [GC (Allocation Failure) [PSYoungGen: 34481K->6144K(43520K)] 362690K->334353K(515584K), 0.0009604 secs] [Times: user=0.00 sys=0.00, real=0.00 secs] 
32.374: [GC (Allocation Failure) [PSYoungGen: 32435K->6144K(43520K)] 360645K->339473K(515584K), 0.0011078 secs] [Times: user=0.02 sys=0.00, real=0.00 secs] 
32.810: [GC (Allocation Failure) [PSYoungGen: 27311K->1024K(43520K)] 432320K->406033K(515584K), 0.0008859 secs] [Times: user=0.00 sys=0.00, real=0.00 secs] 
32.811: [GC (Allocation Failure) [PSYoungGen: 1024K->1024K(43520K)] 406033K->406033K(515584K), 0.0008402 secs] [Times: user=0.00 sys=0.00, real=0.00 secs] 
32.812: [Full GC (Allocation Failure) [PSYoungGen: 1024K->0K(43520K)] [ParOldGen: 405009K->57873K(472064K)] 406033K->57873K(515584K), [Metaspace: 2793K->2793K(1056768K)], 0.0051744 secs] [Times: user=0.00 sys=0.00, real=0.01 secs] 
33.807: [GC (Allocation Failure) [PSYoungGen: 33458K->6144K(43520K)] 193731K->166417K(515584K), 0.0007599 secs] [Times: user=0.00 sys=0.00, real=0.00 secs] 
35.226: [GC (Allocation Failure) [PSYoungGen: 34484K->5120K(43520K)] 368837K->339473K(515584K), 0.0007602 secs] [Times: user=0.00 sys=0.00, real=0.00 secs] 
35.663: [GC (Allocation Failure) [PSYoungGen: 26293K->0K(43520K)] 432327K->416273K(515584K), 0.0013026 secs] [Times: user=0.00 sys=0.00, real=0.00 secs] 
35.665: [GC (Allocation Failure) [PSYoungGen: 0K->0K(43520K)] 416273K->416273K(515584K), 0.0009188 secs] [Times: user=0.00 sys=0.00, real=0.00 secs] 
35.666: [Full GC (Allocation Failure) [PSYoungGen: 0K->0K(43520K)] [ParOldGen: 416273K->61969K(472064K)] 416273K->61969K(515584K), [Metaspace: 2793K->2793K(1056768K)], 0.0053960 secs] [Times: user=0.00 sys=0.00, real=0.00 secs] 
36.661: [GC (Allocation Failure) [PSYoungGen: 33462K->5120K(43520K)] 197832K->174609K(515584K), 0.0010645 secs] [Times: user=0.00 sys=0.00, real=0.00 secs] 
37.643: [GC (Allocation Failure) [PSYoungGen: 38583K->5120K(43520K)] 382152K->353809K(515584K), 0.0009981 secs] [Times: user=0.00 sys=0.00, real=0.00 secs] 
38.189: [GC (Allocation Failure) [PSYoungGen: 36535K->5120K(43520K)] 385225K->369169K(515584K), 0.0018332 secs] [Times: user=0.00 sys=0.00, real=0.00 secs] 
39.062: [GC (Allocation Failure) [PSYoungGen: 36530K->0K(43520K)] 451780K->415249K(515584K), 0.0011165 secs] [Times: user=0.00 sys=0.00, real=0.00 secs] 
39.610: [GC (Allocation Failure) [PSYoungGen: 31412K->5120K(43520K)] 446662K->430609K(515584K), 0.0017475 secs] [Times: user=0.00 sys=0.00, real=0.00 secs] 
39.829: [GC (Allocation Failure) [PSYoungGen: 36528K->5120K(43520K)] 462018K->451089K(515584K), 0.0025265 secs] [Times: user=0.00 sys=0.00, real=0.00 secs] 
39.831: [Full GC (Ergonomics) [PSYoungGen: 5120K->0K(43520K)] [ParOldGen: 445969K->26129K(472064K)] 451089K->26129K(515584K), [Metaspace: 2793K->2793K(1056768K)], 0.0035196 secs] [Times: user=0.00 sys=0.00, real=0.00 secs] 
40.919: [GC (Allocation Failure) [PSYoungGen: 33454K->5120K(43520K)] 213183K->189969K(515584K), 0.0010950 secs] [Times: user=0.00 sys=0.00, real=0.00 secs] 
41.899: [GC (Allocation Failure) [PSYoungGen: 38577K->6144K(43520K)] 397507K->365073K(515584K), 0.0011651 secs] [Times: user=0.00 sys=0.00, real=0.00 secs] 
43.318: [GC (Allocation Failure) [PSYoungGen: 39604K->6144K(43520K)] 398533K->365073K(515584K), 0.0009520 secs] [Times: user=0.00 sys=0.00, real=0.00 secs] 
43.863: [GC (Allocation Failure) [PSYoungGen: 37552K->1024K(43520K)] 396482K->380433K(515584K), 0.0015498 secs] [Times: user=0.00 sys=0.00, real=0.00 secs] 
44.191: [GC (Allocation Failure) [PSYoungGen: 32429K->1024K(43520K)] 463039K->431633K(515584K), 0.0013213 secs] [Times: user=0.00 sys=0.00, real=0.00 secs] 
44.192: [Full GC (Ergonomics) [PSYoungGen: 1024K->0K(43520K)] [ParOldGen: 430609K->62993K(472064K)] 431633K->62993K(515584K), [Metaspace: 2795K->2795K(1056768K)], 0.0059067 secs] [Times: user=0.00 sys=0.00, real=0.00 secs] 
45.187: [GC (Allocation Failure) [PSYoungGen: 33457K->5120K(43520K)] 198851K->175633K(515584K), 0.0010099 secs] [Times: user=0.00 sys=0.00, real=0.00 secs] 
46.715: [GC (Allocation Failure) [PSYoungGen: 38580K->5120K(43520K)] 383173K->349713K(515584K), 0.0008252 secs] [Times: user=0.00 sys=0.00, real=0.00 secs] 
47.044: [GC (Allocation Failure) [PSYoungGen: 36533K->0K(43520K)] 432326K->416273K(515584K), 0.0019861 secs] [Times: user=0.00 sys=0.00, real=0.00 secs] 
47.046: [GC (Allocation Failure) [PSYoungGen: 0K->0K(43520K)] 416273K->416273K(515584K), 0.0009506 secs] [Times: user=0.02 sys=0.00, real=0.00 secs] 
47.047: [Full GC (Allocation Failure) [PSYoungGen: 0K->0K(43520K)] [ParOldGen: 416273K->72209K(472064K)] 416273K->72209K(515584K), [Metaspace: 2795K->2795K(1056768K)], 0.0064430 secs] [Times: user=0.00 sys=0.00, real=0.01 secs] 
48.041: [GC (Allocation Failure) [PSYoungGen: 33462K->5120K(43520K)] 208071K->184849K(515584K), 0.0012073 secs] [Times: user=0.00 sys=0.00, real=0.00 secs] 
49.022: [GC (Allocation Failure) [PSYoungGen: 38583K->5120K(43520K)] 392392K->364049K(515584K), 0.0010100 secs] [Times: user=0.00 sys=0.00, real=0.00 secs] 
49.568: [GC (Allocation Failure) [PSYoungGen: 36535K->5120K(43520K)] 395465K->374289K(515584K), 0.0014635 secs] [Times: user=0.00 sys=0.00, real=0.00 secs] 
49.895: [GC (Allocation Failure) [PSYoungGen: 36530K->5120K(43520K)] 456899K->425489K(515584K), 0.0009636 secs] [Times: user=0.00 sys=0.00, real=0.00 secs] 
49.896: [GC (Allocation Failure) [PSYoungGen: 5120K->5120K(43520K)] 425489K->425489K(515584K), 0.0011699 secs] [Times: user=0.00 sys=0.00, real=0.00 secs] 
49.897: [Full GC (Allocation Failure) [PSYoungGen: 5120K->0K(43520K)] [ParOldGen: 420369K->133649K(472064K)] 425489K->133649K(515584K), [Metaspace: 2795K->2795K(1056768K)], 0.0099124 secs] [Times: user=0.02 sys=0.00, real=0.01 secs] 
51.007: [GC (Allocation Failure) [PSYoungGen: 26292K->5120K(43520K)] 262341K->251409K(515584K), 0.0014811 secs] [Times: user=0.00 sys=0.00, real=0.00 secs] 
51.666: [GC (Allocation Failure) [PSYoungGen: 38581K->7168K(43520K)] 438471K->407057K(515584K), 0.0012131 secs] [Times: user=0.00 sys=0.00, real=0.00 secs] 
52.320: [GC (Allocation Failure) [PSYoungGen: 38582K->6144K(43520K)] 438472K->416273K(515584K), 0.0014378 secs] [Times: user=0.00 sys=0.00, real=0.00 secs] 
52.648: [GC (Allocation Failure) [PSYoungGen: 27313K->6144K(43520K)] 457923K->436753K(515584K), 0.0009694 secs] [Times: user=0.00 sys=0.00, real=0.00 secs] 
52.649: [GC (Allocation Failure) [PSYoungGen: 6144K->6144K(43520K)] 436753K->436753K(515584K), 0.0012457 secs] [Times: user=0.00 sys=0.00, real=0.00 secs] 
52.651: [Full GC (Allocation Failure) [PSYoungGen: 6144K->0K(43520K)] [ParOldGen: 430609K->32273K(472064K)] 436753K->32273K(515584K), [Metaspace: 2795K->2795K(1056768K)], 0.0037587 secs] [Times: user=0.00 sys=0.00, real=0.00 secs] 
53.739: [GC (Allocation Failure) [PSYoungGen: 33460K->6144K(43520K)] 219333K->192017K(515584K), 0.0008442 secs] [Times: user=0.00 sys=0.00, real=0.00 secs] 
54.941: [GC (Allocation Failure) [PSYoungGen: 38581K->5120K(43520K)] 224455K->196113K(515584K), 0.0009417 secs] [Times: user=0.00 sys=0.00, real=0.00 secs] 
55.922: [GC (Allocation Failure) [PSYoungGen: 38577K->6144K(43520K)] 403650K->381457K(515584K), 0.0016064 secs] [Times: user=0.00 sys=0.00, real=0.00 secs] 
56.577: [GC (Allocation Failure) [PSYoungGen: 37555K->5120K(43520K)] 412869K->390673K(515584K), 0.0014752 secs] [Times: user=0.00 sys=0.00, real=0.00 secs] 
57.013: [Full GC (Ergonomics) [PSYoungGen: 26288K->0K(43520K)] [ParOldGen: 457233K->92689K(472064K)] 483521K->92689K(515584K), [Metaspace: 2796K->2796K(1056768K)], 0.0075812 secs] [Times: user=0.01 sys=0.00, real=0.01 secs] 
58.997: [GC (Allocation Failure) [PSYoungGen: 30387K->5120K(43520K)] 399556K->374289K(515584K), 0.0007910 secs] [Times: user=0.00 sys=0.00, real=0.00 secs] 
59.540: [GC (Allocation Failure) [PSYoungGen: 36532K->5120K(43520K)] 405702K->384529K(515584K), 0.0015422 secs] [Times: user=0.00 sys=0.00, real=0.00 secs] 
59.869: [GC (Allocation Failure) [PSYoungGen: 36528K->5120K(43520K)] 467138K->435729K(515584K), 0.0010578 secs] [Times: user=0.00 sys=0.00, real=0.00 secs] 
59.870: [GC (Allocation Failure) [PSYoungGen: 5120K->5120K(43520K)] 435729K->435729K(515584K), 0.0008859 secs] [Times: user=0.00 sys=0.00, real=0.00 secs] 
59.871: [Full GC (Allocation Failure) [PSYoungGen: 5120K->0K(43520K)] [ParOldGen: 430609K->108049K(472064K)] 435729K->108049K(515584K), [Metaspace: 2796K->2796K(1056768K)], 0.0082696 secs] [Times: user=0.00 sys=0.00, real=0.01 secs] 
60.867: [GC (Allocation Failure) [PSYoungGen: 33459K->5120K(43520K)] 243908K->220689K(515584K), 0.0010560 secs] [Times: user=0.00 sys=0.00, real=0.00 secs] 
62.287: [GC (Allocation Failure) [PSYoungGen: 37557K->5120K(43520K)] 427206K->399889K(515584K), 0.0007951 secs] [Times: user=0.00 sys=0.00, real=0.00 secs] 
62.723: [Full GC (Ergonomics) [PSYoungGen: 26294K->0K(43520K)] [ParOldGen: 466449K->56849K(472064K)] 492743K->56849K(515584K), [Metaspace: 2796K->2796K(1056768K)], 0.0055412 secs] [Times: user=0.00 sys=0.00, real=0.01 secs] 
63.719: [GC (Allocation Failure) [PSYoungGen: 33463K->6144K(43520K)] 192712K->165393K(515584K), 0.0008222 secs] [Times: user=0.00 sys=0.00, real=0.00 secs] 
64.699: [GC (Allocation Failure) [PSYoungGen: 39607K->6144K(43520K)] 372936K->354833K(515584K), 0.0018725 secs] [Times: user=0.00 sys=0.00, real=0.00 secs] 
65.244: [GC (Allocation Failure) [PSYoungGen: 37559K->1024K(43520K)] 386249K->359953K(515584K), 0.0013754 secs] [Times: user=0.00 sys=0.00, real=0.00 secs] 
66.337: [GC (Allocation Failure) [PSYoungGen: 32434K->5120K(43520K)] 391364K->369169K(515584K), 0.0011189 secs] [Times: user=0.00 sys=0.00, real=0.00 secs] 
66.992: [Full GC (Ergonomics) [PSYoungGen: 36527K->0K(43520K)] [ParOldGen: 435729K->77329K(472064K)] 472256K->77329K(515584K), [Metaspace: 2796K->2796K(1056768K)], 0.0076671 secs] [Times: user=0.00 sys=0.00, real=0.01 secs] 
67.988: [GC (Allocation Failure) [PSYoungGen: 33458K->5120K(43520K)] 213187K->189969K(515584K), 0.0010343 secs] [Times: user=0.00 sys=0.00, real=0.00 secs] 
68.970: [GC (Allocation Failure) [PSYoungGen: 38580K->5120K(43520K)] 397510K->364049K(515584K), 0.0009503 secs] [Times: user=0.00 sys=0.00, real=0.00 secs] 
69.845: [GC (Allocation Failure) [PSYoungGen: 16053K->0K(43520K)] 426183K->410129K(515584K), 0.0009509 secs] [Times: user=0.00 sys=0.00, real=0.00 secs] 
69.846: [GC (Allocation Failure) [PSYoungGen: 0K->0K(43520K)] 410129K->410129K(515584K), 0.0007435 secs] [Times: user=0.00 sys=0.00, real=0.00 secs] 
69.846: [Full GC (Allocation Failure) [PSYoungGen: 0K->0K(43520K)] [ParOldGen: 410129K->51729K(472064K)] 410129K->51729K(515584K), [Metaspace: 2796K->2796K(1056768K)], 0.0047968 secs] [Times: user=0.00 sys=0.00, real=0.00 secs] 
70.843: [GC (Allocation Failure) [PSYoungGen: 33461K->5120K(43520K)] 187591K->164369K(515584K), 0.0009660 secs] [Times: user=0.00 sys=0.00, real=0.00 secs] 
71.824: [GC (Allocation Failure) [PSYoungGen: 38582K->6144K(43520K)] 371912K->344593K(515584K), 0.0013429 secs] [Times: user=0.00 sys=0.00, real=0.00 secs] 
72.370: [GC (Allocation Failure) [PSYoungGen: 37559K->6144K(43520K)] 376008K->359953K(515584K), 0.0018116 secs] [Times: user=0.00 sys=0.00, real=0.00 secs] 
72.701: [GC (Allocation Failure) [PSYoungGen: 37554K->6144K(43520K)] 442563K->411153K(515584K), 0.0008439 secs] [Times: user=0.00 sys=0.00, real=0.00 secs] 
72.702: [GC (Allocation Failure) [PSYoungGen: 6144K->6144K(43520K)] 411153K->411153K(515584K), 0.0008170 secs] [Times: user=0.00 sys=0.00, real=0.00 secs] 
72.702: [Full GC (Allocation Failure) [PSYoungGen: 6144K->0K(43520K)] [ParOldGen: 405009K->165393K(472064K)] 411153K->165393K(515584K), [Metaspace: 2796K->2796K(1056768K)], 0.0121814 secs] [Times: user=0.00 sys=0.00, real=0.01 secs] 
74.458: [Full GC (Ergonomics) [PSYoungGen: 30388K->0K(43520K)] [ParOldGen: 441873K->12288K(472064K)] 472261K->12288K(515584K), [Metaspace: 2796K->2796K(1056768K)], 0.0027126 secs] [Times: user=0.00 sys=0.00, real=0.00 secs] 
75.114: [GC (Allocation Failure) [PSYoungGen: 31413K->5120K(43520K)] 43701K->22528K(515584K), 0.0008636 secs] [Times: user=0.00 sys=0.00, real=0.00 secs] 
76.095: [GC (Allocation Failure) [PSYoungGen: 38577K->5120K(43520K)] 230065K->211968K(515584K), 0.0017597 secs] [Times: user=0.00 sys=0.00, real=0.00 secs] 
76.643: [GC (Allocation Failure) [PSYoungGen: 36531K->0K(43520K)] 243379K->217088K(515584K), 0.0013645 secs] [Times: user=0.00 sys=0.00, real=0.00 secs] 
77.405: [GC (Allocation Failure) [PSYoungGen: 31408K->0K(43520K)] 248496K->237568K(515584K), 0.0020370 secs] [Times: user=0.00 sys=0.00, real=0.00 secs] 
77.950: [GC (Allocation Failure) [PSYoungGen: 26285K->5120K(43520K)] 263853K->247808K(515584K), 0.0012956 secs] [Times: user=0.00 sys=0.00, real=0.00 secs] 
78.932: [GC (Allocation Failure) [PSYoungGen: 38571K->5120K(43520K)] 455339K->421888K(515584K), 0.0012080 secs] [Times: user=0.00 sys=0.00, real=0.00 secs] 
79.481: [GC (Allocation Failure) [PSYoungGen: 36527K->5120K(43520K)] 453295K->432128K(515584K), 0.0016995 secs] [Times: user=0.00 sys=0.00, real=0.00 secs] 
79.700: [GC (Allocation Failure) [PSYoungGen: 36525K->5120K(43520K)] 463533K->452608K(515584K), 0.0025651 secs] [Times: user=0.00 sys=0.00, real=0.00 secs] 
79.702: [Full GC (Ergonomics) [PSYoungGen: 5120K->0K(43520K)] [ParOldGen: 447488K->82449K(472064K)] 452608K->82449K(515584K), [Metaspace: 2796K->2796K(1056768K)], 0.0073917 secs] [Times: user=0.00 sys=0.00, real=0.01 secs] 
81.568: [GC (Allocation Failure) [PSYoungGen: 30380K->2048K(43520K)] 368829K->340497K(515584K), 0.0007262 secs] [Times: user=0.00 sys=0.00, real=0.00 secs] 
82.221: [GC (Allocation Failure) [PSYoungGen: 33456K->6144K(43520K)] 371905K->349713K(515584K), 0.0012107 secs] [Times: user=0.00 sys=0.00, real=0.00 secs] 
82.658: [GC (Allocation Failure) [PSYoungGen: 27309K->1024K(43520K)] 442559K->416273K(515584K), 0.0010277 secs] [Times: user=0.00 sys=0.00, real=0.00 secs] 
82.659: [GC (Allocation Failure) [PSYoungGen: 1024K->1024K(43520K)] 416273K->416273K(515584K), 0.0006461 secs] [Times: user=0.00 sys=0.00, real=0.00 secs] 
82.660: [Full GC (Allocation Failure) [PSYoungGen: 1024K->0K(43520K)] [ParOldGen: 415249K->57873K(472064K)] 416273K->57873K(515584K), [Metaspace: 2796K->2796K(1056768K)], 0.0052657 secs] [Times: user=0.00 sys=0.00, real=0.01 secs] 
83.657: [GC (Allocation Failure) [PSYoungGen: 33457K->6144K(43520K)] 193730K->166417K(515584K), 0.0008751 secs] [Times: user=0.00 sys=0.00, real=0.00 secs] 
85.076: [GC (Allocation Failure) [PSYoungGen: 34483K->5120K(43520K)] 368837K->339473K(515584K), 0.0007692 secs] [Times: user=0.00 sys=0.00, real=0.00 secs] 
85.517: [GC (Allocation Failure) [PSYoungGen: 26293K->0K(43520K)] 432326K->416273K(515584K), 0.0013153 secs] [Times: user=0.00 sys=0.00, real=0.00 secs] 
85.518: [GC (Allocation Failure) [PSYoungGen: 0K->0K(43520K)] 416273K->416273K(515584K), 0.0008378 secs] [Times: user=0.00 sys=0.00, real=0.00 secs] 
85.519: [Full GC (Allocation Failure) [PSYoungGen: 0K->0K(43520K)] [ParOldGen: 416273K->61969K(472064K)] 416273K->61969K(515584K), [Metaspace: 2796K->2796K(1056768K)], 0.0052696 secs] [Times: user=0.00 sys=0.00, real=0.01 secs] 
86.515: [GC (Allocation Failure) [PSYoungGen: 33462K->5120K(43520K)] 197831K->174609K(515584K), 0.0009842 secs] [Times: user=0.00 sys=0.00, real=0.00 secs] 
87.498: [GC (Allocation Failure) [PSYoungGen: 38583K->5120K(43520K)] 382152K->353809K(515584K), 0.0012975 secs] [Times: user=0.00 sys=0.00, real=0.00 secs] 
88.042: [GC (Allocation Failure) [PSYoungGen: 36535K->5120K(43520K)] 385225K->369169K(515584K), 0.0016138 secs] [Times: user=0.00 sys=0.00, real=0.00 secs] 
88.919: [GC (Allocation Failure) [PSYoungGen: 36530K->0K(43520K)] 451779K->415249K(515584K), 0.0008919 secs] [Times: user=0.00 sys=0.00, real=0.00 secs] 
89.464: [GC (Allocation Failure) [PSYoungGen: 31412K->5120K(43520K)] 446662K->430609K(515584K), 0.0019440 secs] [Times: user=0.00 sys=0.00, real=0.00 secs] 
89.682: [GC (Allocation Failure) [PSYoungGen: 36528K->5120K(43520K)] 462018K->451089K(515584K), 0.0024418 secs] [Times: user=0.00 sys=0.00, real=0.00 secs] 
89.684: [Full GC (Ergonomics) [PSYoungGen: 5120K->0K(43520K)] [ParOldGen: 445969K->26129K(472064K)] 451089K->26129K(515584K), [Metaspace: 2796K->2796K(1056768K)], 0.0035795 secs] [Times: user=0.01 sys=0.00, real=0.00 secs] 
90.775: [GC (Allocation Failure) [PSYoungGen: 33454K->5120K(43520K)] 213183K->189969K(515584K), 0.0011451 secs] [Times: user=0.00 sys=0.00, real=0.00 secs] 
91.757: [GC (Allocation Failure) [PSYoungGen: 38577K->6144K(43520K)] 397507K->365073K(515584K), 0.0008224 secs] [Times: user=0.00 sys=0.00, real=0.00 secs] 
93.179: [GC (Allocation Failure) [PSYoungGen: 39604K->6144K(43520K)] 398533K->365073K(515584K), 0.0009849 secs] [Times: user=0.00 sys=0.00, real=0.00 secs] 
93.727: [GC (Allocation Failure) [PSYoungGen: 37552K->1024K(43520K)] 396482K->380433K(515584K), 0.0014035 secs] [Times: user=0.00 sys=0.00, real=0.00 secs] 
94.054: [GC (Allocation Failure) [PSYoungGen: 32429K->1024K(43520K)] 463039K->431633K(515584K), 0.0010207 secs] [Times: user=0.00 sys=0.00, real=0.00 secs] 
94.055: [Full GC (Ergonomics) [PSYoungGen: 1024K->0K(43520K)] [ParOldGen: 430609K->62993K(472064K)] 431633K->62993K(515584K), [Metaspace: 2796K->2796K(1056768K)], 0.0060958 secs] [Times: user=0.00 sys=0.00, real=0.01 secs] 
95.051: [GC (Allocation Failure) [PSYoungGen: 33457K->5120K(43520K)] 198851K->175633K(515584K), 0.0010141 secs] [Times: user=0.00 sys=0.00, real=0.00 secs] 
96.580: [GC (Allocation Failure) [PSYoungGen: 38580K->5120K(43520K)] 383173K->349713K(515584K), 0.0009201 secs] [Times: user=0.00 sys=0.00, real=0.00 secs] 
96.908: [GC (Allocation Failure) [PSYoungGen: 36533K->0K(43520K)] 432326K->416273K(515584K), 0.0020503 secs] [Times: user=0.00 sys=0.00, real=0.00 secs] 
96.910: [GC (Allocation Failure) [PSYoungGen: 0K->0K(43520K)] 416273K->416273K(515584K), 0.0009107 secs] [Times: user=0.00 sys=0.00, real=0.00 secs] 
96.911: [Full GC (Allocation Failure) [PSYoungGen: 0K->0K(43520K)] [ParOldGen: 416273K->72209K(472064K)] 416273K->72209K(515584K), [Metaspace: 2796K->2796K(1056768K)], 0.0058922 secs] [Times: user=0.00 sys=0.00, real=0.01 secs] 
97.909: [GC (Allocation Failure) [PSYoungGen: 33462K->5120K(43520K)] 208071K->184849K(515584K), 0.0009318 secs] [Times: user=0.00 sys=0.00, real=0.00 secs] 
98.891: [GC (Allocation Failure) [PSYoungGen: 38583K->5120K(43520K)] 392392K->364049K(515584K), 0.0012501 secs] [Times: user=0.00 sys=0.00, real=0.00 secs] 
99.437: [GC (Allocation Failure) [PSYoungGen: 36535K->5120K(43520K)] 395465K->374289K(515584K), 0.0015636 secs] [Times: user=0.00 sys=0.00, real=0.00 secs] 
99.764: [GC (Allocation Failure) [PSYoungGen: 36530K->5120K(43520K)] 456899K->425489K(515584K), 0.0008567 secs] [Times: user=0.00 sys=0.00, real=0.00 secs] 
99.764: [GC (Allocation Failure) [PSYoungGen: 5120K->5120K(43520K)] 425489K->425489K(515584K), 0.0011529 secs] [Times: user=0.00 sys=0.00, real=0.00 secs] 
99.766: [Full GC (Allocation Failure) [PSYoungGen: 5120K->0K(43520K)] [ParOldGen: 420369K->133649K(472064K)] 425489K->133649K(515584K), [Metaspace: 2796K->2796K(1056768K)], 0.0110399 secs] [Times: user=0.00 sys=0.00, real=0.01 secs] 
100.874: [GC (Allocation Failure) [PSYoungGen: 26292K->5120K(43520K)] 262341K->251409K(515584K), 0.0015141 secs] [Times: user=0.00 sys=0.00, real=0.00 secs] 
101.533: [GC (Allocation Failure) [PSYoungGen: 38581K->7168K(43520K)] 438471K->407057K(515584K), 0.0013557 secs] [Times: user=0.00 sys=0.00, real=0.00 secs] 
102.192: [GC (Allocation Failure) [PSYoungGen: 38582K->6144K(43520K)] 438472K->416273K(515584K), 0.0015557 secs] [Times: user=0.00 sys=0.00, real=0.00 secs] 
102.518: [GC (Allocation Failure) [PSYoungGen: 27313K->1024K(43520K)] 457923K->431633K(515584K), 0.0013412 secs] [Times: user=0.00 sys=0.00, real=0.00 secs] 
102.520: [GC (Allocation Failure) [PSYoungGen: 1024K->1024K(43520K)] 431633K->431633K(515584K), 0.0009184 secs] [Times: user=0.00 sys=0.00, real=0.00 secs] 
102.521: [Full GC (Allocation Failure) [PSYoungGen: 1024K->0K(43520K)] [ParOldGen: 430609K->32273K(472064K)] 431633K->32273K(515584K), [Metaspace: 2796K->2796K(1056768K)], 0.0038893 secs] [Times: user=0.00 sys=0.00, real=0.00 secs] 
103.607: [GC (Allocation Failure) [PSYoungGen: 33460K->6144K(43520K)] 219333K->192017K(515584K), 0.0009344 secs] [Times: user=0.00 sys=0.00, real=0.00 secs] 
104.807: [GC (Allocation Failure) [PSYoungGen: 38581K->5120K(43520K)] 224455K->196113K(515584K), 0.0009098 secs] [Times: user=0.00 sys=0.00, real=0.00 secs] 
105.790: [GC (Allocation Failure) [PSYoungGen: 38577K->1024K(43520K)] 403650K->376337K(515584K), 0.0014236 secs] [Times: user=0.00 sys=0.00, real=0.00 secs] 
106.445: [GC (Allocation Failure) [PSYoungGen: 32435K->5120K(43520K)] 407749K->385553K(515584K), 0.0013219 secs] [Times: user=0.00 sys=0.00, real=0.00 secs] 
106.881: [Full GC (Ergonomics) [PSYoungGen: 26288K->0K(43520K)] [ParOldGen: 452113K->92689K(472064K)] 478401K->92689K(515584K), [Metaspace: 2796K->2796K(1056768K)], 0.0082709 secs] [Times: user=0.00 sys=0.00, real=0.01 secs] 
108.862: [GC (Allocation Failure) [PSYoungGen: 30387K->5120K(43520K)] 399556K->374289K(515584K), 0.0008310 secs] [Times: user=0.00 sys=0.00, real=0.00 secs] 
109.406: [GC (Allocation Failure) [PSYoungGen: 36532K->5120K(43520K)] 405702K->384529K(515584K), 0.0014290 secs] [Times: user=0.00 sys=0.00, real=0.00 secs] 
109.733: [GC (Allocation Failure) [PSYoungGen: 36528K->5120K(43520K)] 467138K->435729K(515584K), 0.0009369 secs] [Times: user=0.00 sys=0.00, real=0.00 secs] 
109.734: [GC (Allocation Failure) [PSYoungGen: 5120K->5120K(43520K)] 435729K->435729K(515584K), 0.0007483 secs] [Times: user=0.00 sys=0.00, real=0.00 secs] 
109.735: [Full GC (Allocation Failure) [PSYoungGen: 5120K->0K(43520K)] [ParOldGen: 430609K->108049K(472064K)] 435729K->108049K(515584K), [Metaspace: 2796K->2796K(1056768K)], 0.0085952 secs] [Times: user=0.00 sys=0.00, real=0.01 secs] 
110.732: [GC (Allocation Failure) [PSYoungGen: 33459K->5120K(43520K)] 243908K->220689K(515584K), 0.0010319 secs] [Times: user=0.00 sys=0.00, real=0.00 secs] 
112.146: [GC (Allocation Failure) [PSYoungGen: 37557K->5120K(43520K)] 427206K->399889K(515584K), 0.0012408 secs] [Times: user=0.00 sys=0.00, real=0.00 secs] 
112.583: [Full GC (Ergonomics) [PSYoungGen: 26294K->0K(43520K)] [ParOldGen: 466449K->56849K(472064K)] 492743K->56849K(515584K), [Metaspace: 2796K->2796K(1056768K)], 0.0054175 secs] [Times: user=0.00 sys=0.00, real=0.00 secs] 
113.566: [GC (Allocation Failure) [PSYoungGen: 33463K->6144K(43520K)] 192712K->165393K(515584K), 0.0007662 secs] [Times: user=0.00 sys=0.00, real=0.00 secs] 
114.548: [GC (Allocation Failure) [PSYoungGen: 39607K->6144K(43520K)] 372936K->354833K(515584K), 0.0018746 secs] [Times: user=0.00 sys=0.00, real=0.00 secs] 
115.089: [GC (Allocation Failure) [PSYoungGen: 37559K->1024K(43520K)] 386249K->359953K(515584K), 0.0014158 secs] [Times: user=0.00 sys=0.00, real=0.00 secs] 
116.184: [GC (Allocation Failure) [PSYoungGen: 32434K->5120K(43520K)] 391364K->369169K(515584K), 0.0012204 secs] [Times: user=0.00 sys=0.00, real=0.00 secs] 
116.837: [GC (Allocation Failure) [PSYoungGen: 36527K->0K(43520K)] 472256K->435729K(515584K), 0.0008409 secs] [Times: user=0.00 sys=0.00, real=0.00 secs] 
116.838: [GC (Allocation Failure) [PSYoungGen: 0K->0K(43520K)] 435729K->435729K(515584K), 0.0006521 secs] [Times: user=0.00 sys=0.00, real=0.00 secs] 
116.839: [Full GC (Allocation Failure) [PSYoungGen: 0K->0K(43520K)] [ParOldGen: 435729K->77329K(472064K)] 435729K->77329K(515584K), [Metaspace: 2796K->2796K(1056768K)], 0.0065513 secs] [Times: user=0.00 sys=0.00, real=0.01 secs] 
117.839: [GC (Allocation Failure) [PSYoungGen: 33458K->5120K(43520K)] 213187K->189969K(515584K), 0.0009684 secs] [Times: user=0.00 sys=0.00, real=0.00 secs] 
118.822: [GC (Allocation Failure) [PSYoungGen: 38580K->5120K(43520K)] 397510K->364049K(515584K), 0.0009143 secs] [Times: user=0.00 sys=0.00, real=0.00 secs] 
119.700: [GC (Allocation Failure) [PSYoungGen: 16053K->0K(43520K)] 426183K->410129K(515584K), 0.0010527 secs] [Times: user=0.00 sys=0.00, real=0.00 secs] 
119.702: [GC (Allocation Failure) [PSYoungGen: 0K->0K(43520K)] 410129K->410129K(515584K), 0.0009101 secs] [Times: user=0.02 sys=0.00, real=0.00 secs] 
119.703: [Full GC (Allocation Failure) [PSYoungGen: 0K->0K(43520K)] [ParOldGen: 410129K->51729K(472064K)] 410129K->51729K(515584K), [Metaspace: 2796K->2796K(1056768K)], 0.0048967 secs] [Times: user=0.00 sys=0.00, real=0.00 secs] 
120.700: [GC (Allocation Failure) [PSYoungGen: 33461K->5120K(43520K)] 187591K->164369K(515584K), 0.0010993 secs] [Times: user=0.00 sys=0.00, real=0.00 secs] 
121.688: [GC (Allocation Failure) [PSYoungGen: 38582K->6144K(43520K)] 371912K->339473K(515584K), 0.0009820 secs] [Times: user=0.00 sys=0.00, real=0.00 secs] 
122.235: [GC (Allocation Failure) [PSYoungGen: 37559K->6144K(43520K)] 370888K->349713K(515584K), 0.0015868 secs] [Times: user=0.00 sys=0.00, real=0.00 secs] 
122.564: [GC (Allocation Failure) [PSYoungGen: 37554K->6144K(43520K)] 432323K->400913K(515584K), 0.0009530 secs] [Times: user=0.00 sys=0.00, real=0.00 secs] 
122.565: [GC (Allocation Failure) [PSYoungGen: 6144K->6144K(43520K)] 400913K->400913K(515584K), 0.0009564 secs] [Times: user=0.00 sys=0.00, real=0.00 secs] 
122.566: [Full GC (Allocation Failure) [PSYoungGen: 6144K->0K(43520K)] [ParOldGen: 394769K->165393K(472064K)] 400913K->165393K(515584K), [Metaspace: 2796K->2796K(1056768K)], 0.0121603 secs] [Times: user=0.00 sys=0.00, real=0.01 secs] 
124.329: [Full GC (Ergonomics) [PSYoungGen: 30388K->0K(43520K)] [ParOldGen: 441873K->12288K(472064K)] 472261K->12288K(515584K), [Metaspace: 2796K->2796K(1056768K)], 0.0024584 secs] [Times: user=0.00 sys=0.00, real=0.00 secs] 
124.985: [GC (Allocation Failure) [PSYoungGen: 31413K->5120K(43520K)] 43701K->22528K(515584K), 0.0009998 secs] [Times: user=0.00 sys=0.00, real=0.00 secs] 
125.965: [GC (Allocation Failure) [PSYoungGen: 38577K->5120K(43520K)] 230065K->217088K(515584K), 0.0019614 secs] [Times: user=0.00 sys=0.00, real=0.00 secs] 
126.512: [GC (Allocation Failure) [PSYoungGen: 36531K->5120K(43520K)] 248500K->227328K(515584K), 0.0015740 secs] [Times: user=0.00 sys=0.00, real=0.00 secs] 
127.277: [GC (Allocation Failure) [PSYoungGen: 36528K->0K(43520K)] 258736K->242688K(515584K), 0.0023113 secs] [Times: user=0.00 sys=0.00, real=0.00 secs] 
127.822: [GC (Allocation Failure) [PSYoungGen: 26285K->5120K(43520K)] 268973K->252928K(515584K), 0.0011280 secs] [Times: user=0.00 sys=0.00, real=0.00 secs] 
128.805: [GC (Allocation Failure) [PSYoungGen: 38571K->5120K(43520K)] 460459K->432128K(515584K), 0.0017439 secs] [Times: user=0.00 sys=0.00, real=0.00 secs] 
129.348: [GC (Allocation Failure) [PSYoungGen: 36527K->5120K(43520K)] 463536K->447488K(515584K), 0.0018566 secs] [Times: user=0.00 sys=0.00, real=0.00 secs] 
129.350: [Full GC (Ergonomics) [PSYoungGen: 5120K->0K(43520K)] [ParOldGen: 442368K->72209K(472064K)] 447488K->72209K(515584K), [Metaspace: 2796K->2796K(1056768K)], 0.0062729 secs] [Times: user=0.00 sys=0.00, real=0.01 secs] 
130.006: [GC (Allocation Failure) [PSYoungGen: 33453K->1024K(43520K)] 259262K->226833K(515584K), 0.0005084 secs] [Times: user=0.00 sys=0.00, real=0.00 secs] 
131.531: [GC (Allocation Failure) [PSYoungGen: 34481K->6144K(43520K)] 362690K->334353K(515584K), 0.0009072 secs] [Times: user=0.00 sys=0.00, real=0.00 secs] 
132.077: [GC (Allocation Failure) [PSYoungGen: 32435K->6144K(43520K)] 360645K->339473K(515584K), 0.0010614 secs] [Times: user=0.00 sys=0.00, real=0.00 secs] 
132.512: [GC (Allocation Failure) [PSYoungGen: 27311K->6144K(43520K)] 432320K->411153K(515584K), 0.0009093 secs] [Times: user=0.00 sys=0.00, real=0.00 secs] 
132.513: [GC (Allocation Failure) [PSYoungGen: 6144K->6144K(43520K)] 411153K->411153K(515584K), 0.0009961 secs] [Times: user=0.00 sys=0.00, real=0.00 secs] 
132.514: [Full GC (Allocation Failure) [PSYoungGen: 6144K->0K(43520K)] [ParOldGen: 405009K->57873K(472064K)] 411153K->57873K(515584K), [Metaspace: 2796K->2796K(1056768K)], 0.0057982 secs] [Times: user=0.00 sys=0.00, real=0.00 secs] 
133.513: [GC (Allocation Failure) [PSYoungGen: 33458K->6144K(43520K)] 193731K->166417K(515584K), 0.0009615 secs] [Times: user=0.00 sys=0.00, real=0.00 secs] 
134.930: [GC (Allocation Failure) [PSYoungGen: 34484K->5120K(43520K)] 368837K->339473K(515584K), 0.0007814 secs] [Times: user=0.00 sys=0.00, real=0.00 secs] 
135.365: [GC (Allocation Failure) [PSYoungGen: 26293K->0K(43520K)] 432327K->416273K(515584K), 0.0011962 secs] [Times: user=0.00 sys=0.00, real=0.00 secs] 
135.366: [GC (Allocation Failure) [PSYoungGen: 0K->0K(43520K)] 416273K->416273K(515584K), 0.0010275 secs] [Times: user=0.00 sys=0.00, real=0.00 secs] 
135.368: [Full GC (Allocation Failure) [PSYoungGen: 0K->0K(43520K)] [ParOldGen: 416273K->61969K(472064K)] 416273K->61969K(515584K), [Metaspace: 2796K->2796K(1056768K)], 0.0053918 secs] [Times: user=0.00 sys=0.00, real=0.01 secs] 
136.367: [GC (Allocation Failure) [PSYoungGen: 33462K->5120K(43520K)] 197832K->174609K(515584K), 0.0010386 secs] [Times: user=0.00 sys=0.00, real=0.00 secs] 
137.346: [GC (Allocation Failure) [PSYoungGen: 38583K->5120K(43520K)] 382152K->353809K(515584K), 0.0010136 secs] [Times: user=0.00 sys=0.00, real=0.00 secs] 
137.892: [GC (Allocation Failure) [PSYoungGen: 36535K->5120K(43520K)] 385225K->364049K(515584K), 0.0016074 secs] [Times: user=0.00 sys=0.00, real=0.00 secs] 
138.764: [GC (Allocation Failure) [PSYoungGen: 36530K->0K(43520K)] 446660K->410129K(515584K), 0.0008003 secs] [Times: user=0.00 sys=0.00, real=0.00 secs] 
139.312: [GC (Allocation Failure) [PSYoungGen: 31412K->5120K(43520K)] 441542K->425489K(515584K), 0.0014926 secs] [Times: user=0.00 sys=0.00, real=0.00 secs] 
139.640: [Full GC (Ergonomics) [PSYoungGen: 36528K->0K(43520K)] [ParOldGen: 471569K->56849K(472064K)] 508098K->56849K(515584K), [Metaspace: 2796K->2796K(1056768K)], 0.0052577 secs] [Times: user=0.00 sys=0.00, real=0.00 secs] 
140.623: [GC (Allocation Failure) [PSYoungGen: 33459K->5120K(43520K)] 192708K->169489K(515584K), 0.0011038 secs] [Times: user=0.00 sys=0.00, real=0.00 secs] 
141.607: [GC (Allocation Failure) [PSYoungGen: 38581K->6144K(43520K)] 377030K->349713K(515584K), 0.0010821 secs] [Times: user=0.00 sys=0.00, real=0.00 secs] 
143.021: [GC (Allocation Failure) [PSYoungGen: 39606K->6144K(43520K)] 383175K->349713K(515584K), 0.0009244 secs] [Times: user=0.00 sys=0.00, real=0.00 secs] 
143.567: [GC (Allocation Failure) [PSYoungGen: 37554K->1024K(43520K)] 381123K->365073K(515584K), 0.0013347 secs] [Times: user=0.00 sys=0.00, real=0.00 secs] 
143.894: [GC (Allocation Failure) [PSYoungGen: 32430K->1024K(43520K)] 447680K->416273K(515584K), 0.0011075 secs] [Times: user=0.00 sys=0.00, real=0.00 secs] 
143.895: [GC (Allocation Failure) [PSYoungGen: 1024K->1024K(43520K)] 416273K->416273K(515584K), 0.0006861 secs] [Times: user=0.00 sys=0.00, real=0.00 secs] 
143.896: [Full GC (Allocation Failure) [PSYoungGen: 1024K->0K(43520K)] [ParOldGen: 415249K->62993K(472064K)] 416273K->62993K(515584K), [Metaspace: 2796K->2796K(1056768K)], 0.0055513 secs] [Times: user=0.00 sys=0.00, real=0.00 secs] 
144.880: [GC (Allocation Failure) [PSYoungGen: 33458K->5120K(43520K)] 198851K->175633K(515584K), 0.0011628 secs] [Times: user=0.00 sys=0.00, real=0.00 secs] 
146.407: [GC (Allocation Failure) [PSYoungGen: 38580K->5120K(43520K)] 383173K->349713K(515584K), 0.0011582 secs] [Times: user=0.00 sys=0.00, real=0.00 secs] 
146.735: [GC (Allocation Failure) [PSYoungGen: 36533K->0K(43520K)] 432327K->416273K(515584K), 0.0020397 secs] [Times: user=0.00 sys=0.00, real=0.00 secs] 
146.737: [GC (Allocation Failure) [PSYoungGen: 0K->0K(43520K)] 416273K->416273K(515584K), 0.0008332 secs] [Times: user=0.00 sys=0.00, real=0.00 secs] 
146.738: [Full GC (Allocation Failure) [PSYoungGen: 0K->0K(43520K)] [ParOldGen: 416273K->72209K(472064K)] 416273K->72209K(515584K), [Metaspace: 2796K->2796K(1056768K)], 0.0061173 secs] [Times: user=0.00 sys=0.00, real=0.01 secs] 
147.732: [GC (Allocation Failure) [PSYoungGen: 33462K->5120K(43520K)] 208072K->184849K(515584K), 0.0009798 secs] [Times: user=0.00 sys=0.00, real=0.00 secs] 
148.713: [GC (Allocation Failure) [PSYoungGen: 38583K->5120K(43520K)] 392392K->358929K(515584K), 0.0008422 secs] [Times: user=0.00 sys=0.00, real=0.00 secs] 
149.258: [GC (Allocation Failure) [PSYoungGen: 36535K->5120K(43520K)] 390345K->369169K(515584K), 0.0014621 secs] [Times: user=0.00 sys=0.00, real=0.00 secs] 
149.588: [GC (Allocation Failure) [PSYoungGen: 36530K->5120K(43520K)] 451779K->420369K(515584K), 0.0011568 secs] [Times: user=0.00 sys=0.00, real=0.00 secs] 
149.589: [GC (Allocation Failure) [PSYoungGen: 5120K->5120K(43520K)] 420369K->420369K(515584K), 0.0008937 secs] [Times: user=0.00 sys=0.00, real=0.00 secs] 
149.590: [Full GC (Allocation Failure) [PSYoungGen: 5120K->0K(43520K)] [ParOldGen: 415249K->133649K(472064K)] 420369K->133649K(515584K), [Metaspace: 2796K->2796K(1056768K)], 0.0100408 secs] [Times: user=0.02 sys=0.00, real=0.01 secs] 
150.694: [GC (Allocation Failure) [PSYoungGen: 26292K->5120K(43520K)] 262342K->251409K(515584K), 0.0015363 secs] [Times: user=0.00 sys=0.00, real=0.00 secs] 
151.349: [GC (Allocation Failure) [PSYoungGen: 38581K->7168K(43520K)] 438471K->407057K(515584K), 0.0010631 secs] [Times: user=0.00 sys=0.00, real=0.00 secs] 
152.004: [GC (Allocation Failure) [PSYoungGen: 38582K->6144K(43520K)] 438472K->416273K(515584K), 0.0012875 secs] [Times: user=0.00 sys=0.00, real=0.00 secs] 
152.331: [GC (Allocation Failure) [PSYoungGen: 27313K->1024K(43520K)] 457923K->431633K(515584K), 0.0009698 secs] [Times: user=0.00 sys=0.00, real=0.00 secs] 
152.332: [GC (Allocation Failure) [PSYoungGen: 1024K->1024K(43520K)] 431633K->431633K(515584K), 0.0009126 secs] [Times: user=0.00 sys=0.00, real=0.00 secs] 
152.333: [Full GC (Allocation Failure) [PSYoungGen: 1024K->0K(43520K)] [ParOldGen: 430609K->32273K(472064K)] 431633K->32273K(515584K), [Metaspace: 2796K->2796K(1056768K)], 0.0036665 secs] [Times: user=0.00 sys=0.00, real=0.00 secs] 
153.419: [GC (Allocation Failure) [PSYoungGen: 33460K->6144K(43520K)] 219333K->192017K(515584K), 0.0008351 secs] [Times: user=0.00 sys=0.00, real=0.00 secs] 
154.620: [GC (Allocation Failure) [PSYoungGen: 38581K->5120K(43520K)] 224455K->196113K(515584K), 0.0010203 secs] [Times: user=0.00 sys=0.00, real=0.00 secs] 
155.602: [GC (Allocation Failure) [PSYoungGen: 38577K->6144K(43520K)] 403650K->381457K(515584K), 0.0017251 secs] [Times: user=0.00 sys=0.00, real=0.00 secs] 
156.257: [GC (Allocation Failure) [PSYoungGen: 37555K->5120K(43520K)] 412869K->390673K(515584K), 0.0013754 secs] [Times: user=0.00 sys=0.00, real=0.00 secs] 
156.693: [Full GC (Ergonomics) [PSYoungGen: 26288K->0K(43520K)] [ParOldGen: 457233K->92689K(472064K)] 483521K->92689K(515584K), [Metaspace: 2796K->2796K(1056768K)], 0.0073197 secs] [Times: user=0.00 sys=0.00, real=0.01 secs] 
158.670: [GC (Allocation Failure) [PSYoungGen: 30387K->5120K(43520K)] 399556K->374289K(515584K), 0.0009184 secs] [Times: user=0.00 sys=0.00, real=0.00 secs] 
159.220: [GC (Allocation Failure) [PSYoungGen: 36532K->5120K(43520K)] 405702K->384529K(515584K), 0.0015444 secs] [Times: user=0.00 sys=0.00, real=0.00 secs] 
159.546: [GC (Allocation Failure) [PSYoungGen: 36528K->5120K(43520K)] 467138K->435729K(515584K), 0.0008627 secs] [Times: user=0.01 sys=0.00, real=0.00 secs] 
159.547: [GC (Allocation Failure) [PSYoungGen: 5120K->5120K(43520K)] 435729K->435729K(515584K), 0.0010792 secs] [Times: user=0.00 sys=0.00, real=0.00 secs] 
159.548: [Full GC (Allocation Failure) [PSYoungGen: 5120K->0K(43520K)] [ParOldGen: 430609K->108049K(472064K)] 435729K->108049K(515584K), [Metaspace: 2796K->2796K(1056768K)], 0.0084214 secs] [Times: user=0.00 sys=0.00, real=0.01 secs] 
160.546: [GC (Allocation Failure) [PSYoungGen: 33459K->5120K(43520K)] 243908K->220689K(515584K), 0.0009557 secs] [Times: user=0.00 sys=0.00, real=0.00 secs] 
161.971: [GC (Allocation Failure) [PSYoungGen: 37557K->5120K(43520K)] 427206K->399889K(515584K), 0.0011556 secs] [Times: user=0.00 sys=0.00, real=0.00 secs] 
162.405: [Full GC (Ergonomics) [PSYoungGen: 26294K->0K(43520K)] [ParOldGen: 466449K->56849K(472064K)] 492743K->56849K(515584K), [Metaspace: 2796K->2796K(1056768K)], 0.0056862 secs] [Times: user=0.00 sys=0.00, real=0.01 secs] 
163.389: [GC (Allocation Failure) [PSYoungGen: 33463K->6144K(43520K)] 192712K->165393K(515584K), 0.0007516 secs] [Times: user=0.00 sys=0.00, real=0.00 secs] 
164.368: [GC (Allocation Failure) [PSYoungGen: 39607K->6144K(43520K)] 372936K->354833K(515584K), 0.0017139 secs] [Times: user=0.00 sys=0.00, real=0.00 secs] 
164.915: [GC (Allocation Failure) [PSYoungGen: 37559K->1024K(43520K)] 386249K->359953K(515584K), 0.0014139 secs] [Times: user=0.00 sys=0.00, real=0.00 secs] 
166.006: [GC (Allocation Failure) [PSYoungGen: 32434K->5120K(43520K)] 391364K->369169K(515584K), 0.0011885 secs] [Times: user=0.00 sys=0.00, real=0.00 secs] 
166.662: [Full GC (Ergonomics) [PSYoungGen: 36527K->0K(43520K)] [ParOldGen: 435729K->77329K(472064K)] 472256K->77329K(515584K), [Metaspace: 2796K->2796K(1056768K)], 0.0068292 secs] [Times: user=0.00 sys=0.00, real=0.01 secs] 
167.660: [GC (Allocation Failure) [PSYoungGen: 33458K->5120K(43520K)] 213187K->189969K(515584K), 0.0012197 secs] [Times: user=0.00 sys=0.00, real=0.00 secs] 
168.646: [GC (Allocation Failure) [PSYoungGen: 38580K->5120K(43520K)] 397510K->369169K(515584K), 0.0010929 secs] [Times: user=0.00 sys=0.00, real=0.00 secs] 
169.521: [GC (Allocation Failure) [PSYoungGen: 16053K->0K(43520K)] 431303K->415249K(515584K), 0.0011098 secs] [Times: user=0.00 sys=0.00, real=0.00 secs] 
169.522: [GC (Allocation Failure) [PSYoungGen: 0K->0K(43520K)] 415249K->415249K(515584K), 0.0007511 secs] [Times: user=0.00 sys=0.00, real=0.00 secs] 
169.523: [Full GC (Allocation Failure) [PSYoungGen: 0K->0K(43520K)] [ParOldGen: 415249K->51729K(472064K)] 415249K->51729K(515584K), [Metaspace: 2796K->2796K(1056768K)], 0.0051707 secs] [Times: user=0.00 sys=0.00, real=0.00 secs] 
170.519: [GC (Allocation Failure) [PSYoungGen: 33461K->5120K(43520K)] 187591K->164369K(515584K), 0.0011212 secs] [Times: user=0.00 sys=0.00, real=0.00 secs] 
171.502: [GC (Allocation Failure) [PSYoungGen: 38582K->6144K(43520K)] 371912K->344593K(515584K), 0.0013064 secs] [Times: user=0.00 sys=0.00, real=0.00 secs] 
172.046: [GC (Allocation Failure) [PSYoungGen: 37559K->6144K(43520K)] 376008K->359953K(515584K), 0.0018259 secs] [Times: user=0.00 sys=0.00, real=0.00 secs] 
172.374: [GC (Allocation Failure) [PSYoungGen: 37554K->6144K(43520K)] 442563K->411153K(515584K), 0.0008361 secs] [Times: user=0.00 sys=0.00, real=0.00 secs] 
172.375: [GC (Allocation Failure) [PSYoungGen: 6144K->6144K(43520K)] 411153K->411153K(515584K), 0.0009953 secs] [Times: user=0.00 sys=0.00, real=0.00 secs] 
172.376: [Full GC (Allocation Failure) [PSYoungGen: 6144K->0K(43520K)] [ParOldGen: 405009K->165393K(472064K)] 411153K->165393K(515584K), [Metaspace: 2796K->2796K(1056768K)], 0.0119363 secs] [Times: user=0.00 sys=0.00, real=0.01 secs] 
174.136: [Full GC (Ergonomics) [PSYoungGen: 30388K->0K(43520K)] [ParOldGen: 441873K->12288K(472064K)] 472261K->12288K(515584K), [Metaspace: 2796K->2796K(1056768K)], 0.0028271 secs] [Times: user=0.00 sys=0.00, real=0.00 secs] 
174.792: [GC (Allocation Failure) [PSYoungGen: 31413K->5120K(43520K)] 43701K->22528K(515584K), 0.0010366 secs] [Times: user=0.00 sys=0.00, real=0.00 secs] 
175.776: [GC (Allocation Failure) [PSYoungGen: 38577K->5120K(43520K)] 230065K->211968K(515584K), 0.0018681 secs] [Times: user=0.00 sys=0.00, real=0.00 secs] 
176.322: [GC (Allocation Failure) [PSYoungGen: 36531K->5120K(43520K)] 243379K->222208K(515584K), 0.0017728 secs] [Times: user=0.00 sys=0.00, real=0.00 secs] 
177.084: [GC (Allocation Failure) [PSYoungGen: 36528K->0K(43520K)] 253616K->237568K(515584K), 0.0022908 secs] [Times: user=0.00 sys=0.00, real=0.00 secs] 
177.629: [GC (Allocation Failure) [PSYoungGen: 26285K->5120K(43520K)] 263853K->247808K(515584K), 0.0012442 secs] [Times: user=0.00 sys=0.00, real=0.00 secs] 
178.610: [GC (Allocation Failure) [PSYoungGen: 38571K->5120K(43520K)] 455339K->427008K(515584K), 0.0012809 secs] [Times: user=0.00 sys=0.00, real=0.00 secs] 
179.154: [GC (Allocation Failure) [PSYoungGen: 36527K->5120K(43520K)] 458416K->442368K(515584K), 0.0018984 secs] [Times: user=0.00 sys=0.00, real=0.00 secs] 
179.156: [Full GC (Ergonomics) [PSYoungGen: 5120K->0K(43520K)] [ParOldGen: 437248K->72209K(472064K)] 442368K->72209K(515584K), [Metaspace: 2796K->2796K(1056768K)], 0.0063381 secs] [Times: user=0.00 sys=0.00, real=0.01 secs] 
179.821: [GC (Allocation Failure) [PSYoungGen: 33453K->1024K(43520K)] 259262K->226833K(515584K), 0.0007088 secs] [Times: user=0.00 sys=0.00, real=0.00 secs] 
181.350: [GC (Allocation Failure) [PSYoungGen: 34481K->6144K(43520K)] 362690K->334353K(515584K), 0.0011411 secs] [Times: user=0.00 sys=0.00, real=0.00 secs] 
181.901: [GC (Allocation Failure) [PSYoungGen: 32435K->6144K(43520K)] 360645K->339473K(515584K), 0.0010699 secs] [Times: user=0.00 sys=0.00, real=0.00 secs] 
182.337: [GC (Allocation Failure) [PSYoungGen: 27311K->6144K(43520K)] 432320K->411153K(515584K), 0.0009595 secs] [Times: user=0.00 sys=0.00, real=0.00 secs] 
182.338: [GC (Allocation Failure) [PSYoungGen: 6144K->6144K(43520K)] 411153K->411153K(515584K), 0.0009225 secs] [Times: user=0.00 sys=0.00, real=0.00 secs] 
182.339: [Full GC (Allocation Failure) [PSYoungGen: 6144K->0K(43520K)] [ParOldGen: 405009K->57873K(472064K)] 411153K->57873K(515584K), [Metaspace: 2796K->2796K(1056768K)], 0.0057066 secs] [Times: user=0.00 sys=0.00, real=0.01 secs] 
183.328: [GC (Allocation Failure) [PSYoungGen: 33458K->6144K(43520K)] 193731K->166417K(515584K), 0.0009844 secs] [Times: user=0.00 sys=0.00, real=0.00 secs] 
184.750: [GC (Allocation Failure) [PSYoungGen: 34484K->5120K(43520K)] 368837K->339473K(515584K), 0.0007618 secs] [Times: user=0.00 sys=0.00, real=0.00 secs] 
185.188: [GC (Allocation Failure) [PSYoungGen: 26293K->0K(43520K)] 432327K->416273K(515584K), 0.0011104 secs] [Times: user=0.00 sys=0.00, real=0.00 secs] 
185.189: [GC (Allocation Failure) [PSYoungGen: 0K->0K(43520K)] 416273K->416273K(515584K), 0.0010088 secs] [Times: user=0.00 sys=0.00, real=0.00 secs] 
185.190: [Full GC (Allocation Failure) [PSYoungGen: 0K->0K(43520K)] [ParOldGen: 416273K->61969K(472064K)] 416273K->61969K(515584K), [Metaspace: 2796K->2796K(1056768K)], 0.0056125 secs] [Times: user=0.00 sys=0.00, real=0.01 secs] 
186.187: [GC (Allocation Failure) [PSYoungGen: 33462K->5120K(43520K)] 197832K->174609K(515584K), 0.0010312 secs] [Times: user=0.00 sys=0.00, real=0.00 secs] 
187.168: [GC (Allocation Failure) [PSYoungGen: 38583K->5120K(43520K)] 382152K->353809K(515584K), 0.0010361 secs] [Times: user=0.00 sys=0.00, real=0.00 secs] 
187.711: [GC (Allocation Failure) [PSYoungGen: 36535K->5120K(43520K)] 385225K->364049K(515584K), 0.0015262 secs] [Times: user=0.00 sys=0.00, real=0.00 secs] 
188.585: [GC (Allocation Failure) [PSYoungGen: 36530K->0K(43520K)] 446660K->410129K(515584K), 0.0009760 secs] [Times: user=0.00 sys=0.00, real=0.00 secs] 
189.129: [GC (Allocation Failure) [PSYoungGen: 31412K->5120K(43520K)] 441542K->425489K(515584K), 0.0016146 secs] [Times: user=0.00 sys=0.00, real=0.00 secs] 
189.458: [Full GC (Ergonomics) [PSYoungGen: 36528K->0K(43520K)] [ParOldGen: 471569K->56849K(472064K)] 508098K->56849K(515584K), [Metaspace: 2796K->2796K(1056768K)], 0.0056636 secs] [Times: user=0.00 sys=0.00, real=0.00 secs] 
190.441: [GC (Allocation Failure) [PSYoungGen: 33459K->5120K(43520K)] 192708K->169489K(515584K), 0.0012111 secs] [Times: user=0.00 sys=0.00, real=0.00 secs] 
191.419: [GC (Allocation Failure) [PSYoungGen: 38581K->6176K(43520K)] 377030K->344625K(515584K), 0.0011101 secs] [Times: user=0.00 sys=0.00, real=0.00 secs] 
192.841: [GC (Allocation Failure) [PSYoungGen: 39638K->6176K(43520K)] 378087K->344625K(515584K), 0.0008778 secs] [Times: user=0.00 sys=0.00, real=0.00 secs] 
193.387: [GC (Allocation Failure) [PSYoungGen: 37586K->1056K(43520K)] 376035K->359985K(515584K), 0.0014445 secs] [Times: user=0.00 sys=0.00, real=0.00 secs] 
193.713: [GC (Allocation Failure) [PSYoungGen: 32462K->1056K(43520K)] 442592K->411185K(515584K), 0.0009434 secs] [Times: user=0.00 sys=0.00, real=0.00 secs] 
193.714: [GC (Allocation Failure) [PSYoungGen: 1056K->1056K(43520K)] 411185K->411185K(515584K), 0.0008119 secs] [Times: user=0.00 sys=0.00, real=0.00 secs] 
193.715: [Full GC (Allocation Failure) [PSYoungGen: 1056K->0K(43520K)] [ParOldGen: 410129K->62993K(472064K)] 411185K->62993K(515584K), [Metaspace: 2796K->2796K(1056768K)], 0.0055427 secs] [Times: user=0.00 sys=0.00, real=0.00 secs] 
194.711: [GC (Allocation Failure) [PSYoungGen: 33458K->5184K(43520K)] 198851K->175697K(515584K), 0.0010183 secs] [Times: user=0.00 sys=0.00, real=0.00 secs] 
196.239: [GC (Allocation Failure) [PSYoungGen: 38644K->5184K(43520K)] 383237K->349777K(515584K), 0.0010912 secs] [Times: user=0.00 sys=0.00, real=0.00 secs] 
196.565: [GC (Allocation Failure) [PSYoungGen: 36597K->32K(43520K)] 432391K->416305K(515584K), 0.0020122 secs] [Times: user=0.00 sys=0.00, real=0.00 secs] 
196.567: [GC (Allocation Failure) [PSYoungGen: 32K->32K(43520K)] 416305K->416305K(515584K), 0.0008239 secs] [Times: user=0.00 sys=0.00, real=0.00 secs] 
196.567: [Full GC (Allocation Failure) [PSYoungGen: 32K->0K(43520K)] [ParOldGen: 416273K->72209K(472064K)] 416305K->72209K(515584K), [Metaspace: 2796K->2796K(1056768K)], 0.0063212 secs] [Times: user=0.00 sys=0.00, real=0.01 secs] 
197.564: [GC (Allocation Failure) [PSYoungGen: 33462K->5120K(43520K)] 208072K->184849K(515584K), 0.0010315 secs] [Times: user=0.00 sys=0.00, real=0.00 secs] 
198.550: [GC (Allocation Failure) [PSYoungGen: 38583K->5120K(43520K)] 392393K->364049K(515584K), 0.0011303 secs] [Times: user=0.00 sys=0.00, real=0.00 secs] 
199.095: [GC (Allocation Failure) [PSYoungGen: 36535K->5120K(43520K)] 395465K->379409K(515584K), 0.0017632 secs] [Times: user=0.00 sys=0.00, real=0.00 secs] 
199.424: [GC (Allocation Failure) [PSYoungGen: 36530K->5120K(43520K)] 462020K->430609K(515584K), 0.0012106 secs] [Times: user=0.00 sys=0.00, real=0.00 secs] 
199.425: [GC (Allocation Failure) [PSYoungGen: 5120K->5120K(43520K)] 430609K->430609K(515584K), 0.0009700 secs] [Times: user=0.00 sys=0.00, real=0.00 secs] 
199.426: [Full GC (Allocation Failure) [PSYoungGen: 5120K->0K(43520K)] [ParOldGen: 425489K->133649K(472064K)] 430609K->133649K(515584K), [Metaspace: 2796K->2796K(1056768K)], 0.0098321 secs] [Times: user=0.00 sys=0.00, real=0.01 secs] 
200.532: [GC (Allocation Failure) [PSYoungGen: 26292K->5120K(43520K)] 262342K->251409K(515584K), 0.0018149 secs] [Times: user=0.00 sys=0.00, real=0.00 secs] 
201.191: [GC (Allocation Failure) [PSYoungGen: 38581K->7168K(43520K)] 438471K->407057K(515584K), 0.0013331 secs] [Times: user=0.00 sys=0.00, real=0.00 secs] 
201.843: [GC (Allocation Failure) [PSYoungGen: 38582K->6144K(43520K)] 438472K->416273K(515584K), 0.0011991 secs] [Times: user=0.00 sys=0.00, real=0.00 secs] 
202.171: [GC (Allocation Failure) [PSYoungGen: 27313K->1024K(43520K)] 457923K->431633K(515584K), 0.0013347 secs] [Times: user=0.02 sys=0.00, real=0.00 secs] 
202.172: [GC (Allocation Failure) [PSYoungGen: 1024K->1024K(43520K)] 431633K->431633K(515584K), 0.0008489 secs] [Times: user=0.00 sys=0.00, real=0.00 secs] 
202.173: [Full GC (Allocation Failure) [PSYoungGen: 1024K->0K(43520K)] [ParOldGen: 430609K->32273K(472064K)] 431633K->32273K(515584K), [Metaspace: 2796K->2796K(1056768K)], 0.0038999 secs] [Times: user=0.00 sys=0.00, real=0.00 secs] 
203.261: [GC (Allocation Failure) [PSYoungGen: 33460K->6144K(43520K)] 219334K->192017K(515584K), 0.0008745 secs] [Times: user=0.00 sys=0.00, real=0.00 secs] 
204.455: [GC (Allocation Failure) [PSYoungGen: 38581K->5120K(43520K)] 224455K->196113K(515584K), 0.0010903 secs] [Times: user=0.00 sys=0.00, real=0.00 secs] 
205.443: [GC (Allocation Failure) [PSYoungGen: 38577K->6144K(43520K)] 403651K->381457K(515584K), 0.0016697 secs] [Times: user=0.00 sys=0.00, real=0.00 secs] 
206.100: [GC (Allocation Failure) [PSYoungGen: 37555K->5120K(43520K)] 412869K->390673K(515584K), 0.0015587 secs] [Times: user=0.00 sys=0.00, real=0.00 secs] 
206.539: [Full GC (Ergonomics) [PSYoungGen: 26288K->0K(43520K)] [ParOldGen: 457233K->92689K(472064K)] 483522K->92689K(515584K), [Metaspace: 2796K->2796K(1056768K)], 0.0077439 secs] [Times: user=0.00 sys=0.00, real=0.01 secs] 
208.519: [GC (Allocation Failure) [PSYoungGen: 30387K->5120K(43520K)] 399556K->374289K(515584K), 0.0008858 secs] [Times: user=0.00 sys=0.00, real=0.00 secs] 
209.063: [GC (Allocation Failure) [PSYoungGen: 36532K->5120K(43520K)] 405702K->384529K(515584K), 0.0015039 secs] [Times: user=0.00 sys=0.00, real=0.00 secs] 
209.391: [GC (Allocation Failure) [PSYoungGen: 36528K->5120K(43520K)] 467138K->435729K(515584K), 0.0008186 secs] [Times: user=0.00 sys=0.00, real=0.00 secs] 
209.392: [GC (Allocation Failure) [PSYoungGen: 5120K->5120K(43520K)] 435729K->435729K(515584K), 0.0008481 secs] [Times: user=0.00 sys=0.00, real=0.00 secs] 
209.393: [Full GC (Allocation Failure) [PSYoungGen: 5120K->0K(43520K)] [ParOldGen: 430609K->108049K(472064K)] 435729K->108049K(515584K), [Metaspace: 2796K->2796K(1056768K)], 0.0084122 secs] [Times: user=0.00 sys=0.00, real=0.01 secs] 
210.390: [GC (Allocation Failure) [PSYoungGen: 33459K->5120K(43520K)] 243909K->220689K(515584K), 0.0009973 secs] [Times: user=0.00 sys=0.00, real=0.00 secs] 
211.813: [GC (Allocation Failure) [PSYoungGen: 37557K->5120K(43520K)] 427207K->399889K(515584K), 0.0010553 secs] [Times: user=0.00 sys=0.00, real=0.00 secs] 
212.250: [Full GC (Ergonomics) [PSYoungGen: 26294K->0K(43520K)] [ParOldGen: 466449K->56849K(472064K)] 492744K->56849K(515584K), [Metaspace: 2796K->2796K(1056768K)], 0.0054732 secs] [Times: user=0.00 sys=0.00, real=0.01 secs] 
213.242: [GC (Allocation Failure) [PSYoungGen: 33463K->6144K(43520K)] 192712K->165393K(515584K), 0.0007685 secs] [Times: user=0.00 sys=0.00, real=0.00 secs] 
214.227: [GC (Allocation Failure) [PSYoungGen: 39607K->6144K(43520K)] 372937K->354833K(515584K), 0.0020104 secs] [Times: user=0.00 sys=0.00, real=0.00 secs] 
214.771: [GC (Allocation Failure) [PSYoungGen: 37559K->1024K(43520K)] 386249K->359953K(515584K), 0.0013595 secs] [Times: user=0.00 sys=0.00, real=0.00 secs] 
215.864: [GC (Allocation Failure) [PSYoungGen: 32434K->5120K(43520K)] 391364K->369169K(515584K), 0.0012392 secs] [Times: user=0.00 sys=0.00, real=0.00 secs] 
216.521: [Full GC (Ergonomics) [PSYoungGen: 36527K->0K(43520K)] [ParOldGen: 435729K->77329K(472064K)] 472257K->77329K(515584K), [Metaspace: 2796K->2796K(1056768K)], 0.0066213 secs] [Times: user=0.00 sys=0.00, real=0.01 secs] 
217.517: [GC (Allocation Failure) [PSYoungGen: 33458K->5120K(43520K)] 213188K->189969K(515584K), 0.0010271 secs] [Times: user=0.00 sys=0.00, real=0.00 secs] 
218.500: [GC (Allocation Failure) [PSYoungGen: 38580K->5120K(43520K)] 397510K->364049K(515584K), 0.0010222 secs] [Times: user=0.00 sys=0.00, real=0.00 secs] 
Heap
 PSYoungGen      total 43520K, used 16750K [0x00000000fcd00000, 0x0000000100000000, 0x0000000100000000)
  eden space 34816K, 33% used [0x00000000fcd00000,0x00000000fd85ba28,0x00000000fef00000)
  from space 8704K, 58% used [0x00000000fef00000,0x00000000ff400010,0x00000000ff780000)
  to   space 8704K, 0% used [0x00000000ff780000,0x00000000ff780000,0x0000000100000000)
 ParOldGen       total 472064K, used 358929K [0x00000000e0000000, 0x00000000fcd00000, 0x00000000fcd00000)
  object space 472064K, 76% used [0x00000000e0000000,0x00000000f5e84760,0x00000000fcd00000)
 Metaspace       used 2804K, capacity 4486K, committed 4864K, reserved 1056768K
  class space    used 297K, capacity 386K, committed 512K, reserved 1048576K
