Java HotSpot(TM) 64-Bit Server VM (25.411-b09) for windows-amd64 JRE (1.8.0_411-b09), built on Mar 13 2024 07:26:13 by "java_re" with MS VC++ 17.1 (VS2022)
Memory: 4k page, physical 33403376k(11501240k free), swap 39360748k(7727004k free)
CommandLine flags: -XX:InitialHeapSize=2147483648 -XX:MaxHeapSize=2147483648 -XX:NewRatio=1 -XX:ParallelGCThreads=10 -XX:+PrintGC -XX:+PrintGCDetails -XX:+PrintGCTimeStamps -XX:SurvivorRatio=3 -XX:+UseCompressedClassPointers -XX:+UseCompressedOops -XX:-UseLargePagesIndividualAllocation -XX:+UseParallelGC 
5.612: [GC (Allocation Failure) [PSYoungGen: 584295K->36680K(839168K)] 584295K->36688K(1887744K), 0.0153183 secs] [Times: user=0.00 sys=0.00, real=0.01 secs] 
9.663: [GC (Allocation Failure) [PSYoungGen: 660592K->67360K(839168K)] 660600K->67376K(1887744K), 0.0174906 secs] [Times: user=0.02 sys=0.02, real=0.02 secs] 
13.273: [GC (Allocation Failure) [PSYoungGen: 697120K->12064K(839168K)] 697136K->12088K(1887744K), 0.0009698 secs] [Times: user=0.00 sys=0.00, real=0.00 secs] 
18.506: [GC (Allocation Failure) [PSYoungGen: 638143K->133832K(839168K)] 638167K->133864K(1887744K), 0.0165378 secs] [Times: user=0.01 sys=0.00, real=0.02 secs] 
22.663: [GC (Allocation Failure) [PSYoungGen: 715925K->134872K(839168K)] 715957K->134904K(1887744K), 0.0319919 secs] [Times: user=0.01 sys=0.00, real=0.03 secs] 
26.727: [GC (Allocation Failure) [PSYoungGen: 761724K->41680K(876544K)] 761756K->41712K(1925120K), 0.0034776 secs] [Times: user=0.00 sys=0.00, real=0.00 secs] 
32.619: [GC (Allocation Failure) [PSYoungGen: 727130K->26720K(868864K)] 727162K->27376K(1917440K), 0.0025239 secs] [Times: user=0.00 sys=0.00, real=0.00 secs] 
36.874: [GC (Allocation Failure) [PSYoungGen: 683622K->56352K(891392K)] 684278K->57016K(1939968K), 0.0032422 secs] [Times: user=0.00 sys=0.00, real=0.00 secs] 
41.233: [GC (Allocation Failure) [PSYoungGen: 679059K->61504K(880640K)] 679723K->164568K(1929216K), 0.0348535 secs] [Times: user=0.02 sys=0.00, real=0.03 secs] 
46.937: [GC (Allocation Failure) [PSYoungGen: 754852K->71680K(906240K)] 857916K->174752K(1954816K), 0.0049484 secs] [Times: user=0.00 sys=0.00, real=0.00 secs] 
51.204: [GC (Allocation Failure) [PSYoungGen: 736996K->56320K(901120K)] 840068K->159392K(1949696K), 0.0162086 secs] [Times: user=0.00 sys=0.00, real=0.02 secs] 
56.882: [GC (Allocation Failure) [PSYoungGen: 781024K->92160K(905728K)] 884096K->195232K(1954304K), 0.0090021 secs] [Times: user=0.00 sys=0.00, real=0.01 secs] 
62.143: [GC (Allocation Failure) [PSYoungGen: 852959K->10240K(780800K)] 956032K->113312K(1829376K), 0.0012479 secs] [Times: user=0.00 sys=0.00, real=0.00 secs] 
68.035: [GC (Allocation Failure) [PSYoungGen: 764914K->40960K(911872K)] 867987K->144032K(1960448K), 0.0029767 secs] [Times: user=0.00 sys=0.00, real=0.00 secs] 
72.513: [GC (Allocation Failure) [PSYoungGen: 744457K->62464K(907264K)] 847529K->267936K(1955840K), 0.0360873 secs] [Times: user=0.03 sys=0.02, real=0.04 secs] 
78.242: [GC (Allocation Failure) [PSYoungGen: 790607K->107520K(896512K)] 996079K->312992K(1945088K), 0.0152455 secs] [Times: user=0.00 sys=0.00, real=0.02 secs] 
83.807: [GC (Allocation Failure) [PSYoungGen: 869229K->37888K(907264K)] 1074701K->243360K(1955840K), 0.0033199 secs] [Times: user=0.00 sys=0.00, real=0.00 secs] 
89.364: [GC (Allocation Failure) [PSYoungGen: 787346K->15360K(909824K)] 992818K->220832K(1958400K), 0.0014935 secs] [Times: user=0.00 sys=0.00, real=0.00 secs] 
95.146: [GC (Allocation Failure) [PSYoungGen: 753755K->47104K(910336K)] 959227K->252576K(1958912K), 0.0035122 secs] [Times: user=0.00 sys=0.00, real=0.00 secs] 
99.502: [GC (Allocation Failure) [PSYoungGen: 750595K->128000K(878080K)] 956067K->338592K(1926656K), 0.0161685 secs] [Times: user=0.02 sys=0.00, real=0.02 secs] 
105.194: [GC (Allocation Failure) [PSYoungGen: 835104K->66560K(897536K)] 1045697K->277152K(1946112K), 0.0060666 secs] [Times: user=0.00 sys=0.00, real=0.00 secs] 
109.452: [GC (Allocation Failure) [PSYoungGen: 713262K->107520K(888832K)] 923854K->318112K(1937408K), 0.0064383 secs] [Times: user=0.00 sys=0.00, real=0.01 secs] 
113.703: [GC (Allocation Failure) [PSYoungGen: 768546K->67584K(897024K)] 979138K->278176K(1945600K), 0.0054068 secs] [Times: user=0.00 sys=0.00, real=0.01 secs] 
119.385: [GC (Allocation Failure) [PSYoungGen: 750119K->51200K(909824K)] 960711K->261792K(1958400K), 0.0047823 secs] [Times: user=0.01 sys=0.00, real=0.00 secs] 
123.972: [GC (Allocation Failure) [PSYoungGen: 813006K->11264K(905216K)] 1023598K->221856K(1953792K), 0.0016530 secs] [Times: user=0.00 sys=0.00, real=0.00 secs] 
129.963: [GC (Allocation Failure) [PSYoungGen: 776142K->66560K(913408K)] 986735K->379552K(1961984K), 0.0349985 secs] [Times: user=0.03 sys=0.02, real=0.03 secs] 
135.006: [GC (Allocation Failure) [PSYoungGen: 748763K->61440K(907776K)] 1061755K->374432K(1956352K), 0.0056054 secs] [Times: user=0.00 sys=0.00, real=0.00 secs] 
140.577: [GC (Allocation Failure) [PSYoungGen: 805877K->112640K(895488K)] 1118869K->446112K(1944064K), 0.0156269 secs] [Times: user=0.00 sys=0.00, real=0.02 secs] 
146.366: [GC (Allocation Failure) [PSYoungGen: 848793K->71680K(908288K)] 1182265K->405152K(1956864K), 0.0057056 secs] [Times: user=0.00 sys=0.00, real=0.01 secs] 
150.729: [GC (Allocation Failure) [PSYoungGen: 839606K->107520K(897536K)] 1173078K->440992K(1946112K), 0.0156925 secs] [Times: user=0.02 sys=0.00, real=0.01 secs] 
157.599: [GC (Allocation Failure) [PSYoungGen: 870244K->20480K(783872K)] 1203716K->353952K(1832448K), 0.0028471 secs] [Times: user=0.03 sys=0.00, real=0.00 secs] 
161.951: [GC (Allocation Failure) [PSYoungGen: 733040K->56320K(910336K)] 1066513K->389792K(1958912K), 0.0048036 secs] [Times: user=0.00 sys=0.00, real=0.00 secs] 
167.602: [GC (Allocation Failure) [PSYoungGen: 790454K->133120K(878592K)] 1123926K->466592K(1927168K), 0.0070748 secs] [Times: user=0.01 sys=0.00, real=0.01 secs] 
172.843: [GC (Allocation Failure) [PSYoungGen: 874008K->5120K(879104K)] 1207480K->338592K(1927680K), 0.0015551 secs] [Times: user=0.00 sys=0.00, real=0.00 secs] 
177.954: [GC (Allocation Failure) [PSYoungGen: 730602K->61440K(889344K)] 1064074K->394912K(1937920K), 0.0059873 secs] [Times: user=0.00 sys=0.00, real=0.01 secs] 
183.189: [GC (Allocation Failure) [PSYoungGen: 766379K->68608K(905216K)] 1099851K->402080K(1953792K), 0.0058473 secs] [Times: user=0.00 sys=0.00, real=0.01 secs] 
188.751: [GC (Allocation Failure) [PSYoungGen: 787136K->25600K(898048K)] 1120608K->359072K(1946624K), 0.0024781 secs] [Times: user=0.00 sys=0.00, real=0.00 secs] 
194.413: [GC (Allocation Failure) [PSYoungGen: 741075K->47136K(911872K)] 1074547K->380608K(1960448K), 0.0034791 secs] [Times: user=0.00 sys=0.00, real=0.00 secs] 
198.777: [GC (Allocation Failure) [PSYoungGen: 750626K->133120K(882176K)] 1084098K->466600K(1930752K), 0.0156308 secs] [Times: user=0.00 sys=0.00, real=0.02 secs] 
204.455: [GC (Allocation Failure) [PSYoungGen: 840289K->66560K(900096K)] 1173770K->400040K(1948672K), 0.0055863 secs] [Times: user=0.00 sys=0.00, real=0.01 secs] 
209.054: [GC (Allocation Failure) [PSYoungGen: 817889K->57344K(901632K)] 1151369K->493224K(1950208K), 0.0341655 secs] [Times: user=0.03 sys=0.00, real=0.03 secs] 
215.520: [GC (Allocation Failure) [PSYoungGen: 810723K->15360K(905728K)] 1246603K->451240K(1954304K), 0.0017417 secs] [Times: user=0.00 sys=0.00, real=0.00 secs] 
220.093: [GC (Allocation Failure) [PSYoungGen: 729009K->56320K(906752K)] 1164889K->594600K(1955328K), 0.0352058 secs] [Times: user=0.02 sys=0.01, real=0.04 secs] 
224.706: [GC (Allocation Failure) [PSYoungGen: 818096K->26624K(915456K)] 1356377K->564904K(1964032K), 0.0022948 secs] [Times: user=0.00 sys=0.00, real=0.00 secs] 
231.337: [GC (Allocation Failure) [PSYoungGen: 756349K->26624K(913920K)] 1294629K->564904K(1962496K), 0.0026986 secs] [Times: user=0.00 sys=0.00, real=0.00 secs] 
235.686: [GC (Allocation Failure) [PSYoungGen: 739885K->87040K(908800K)] 1278165K->625320K(1957376K), 0.0064929 secs] [Times: user=0.00 sys=0.00, real=0.01 secs] 
242.568: [GC (Allocation Failure) [PSYoungGen: 846172K->21504K(913408K)] 1384452K->559784K(1961984K), 0.0018814 secs] [Times: user=0.00 sys=0.00, real=0.00 secs] 
247.044: [GC (Allocation Failure) [PSYoungGen: 749892K->128000K(876032K)] 1288172K->666280K(1924608K), 0.0070467 secs] [Times: user=0.02 sys=0.00, real=0.01 secs] 
251.308: [GC (Allocation Failure) [PSYoungGen: 793004K->62464K(895488K)] 1331284K->600744K(1944064K), 0.0052553 secs] [Times: user=0.01 sys=0.00, real=0.00 secs] 
256.990: [GC (Allocation Failure) [PSYoungGen: 751049K->102400K(889856K)] 1289330K->640680K(1938432K), 0.0160221 secs] [Times: user=0.00 sys=0.00, real=0.02 secs] 
261.259: [GC (Allocation Failure) [PSYoungGen: 763414K->56320K(897024K)] 1301695K->594600K(1945600K), 0.0056768 secs] [Times: user=0.00 sys=0.00, real=0.01 secs] 
266.934: [GC (Allocation Failure) [PSYoungGen: 790048K->133120K(869376K)] 1328328K->671400K(1917952K), 0.0157234 secs] [Times: user=0.00 sys=0.00, real=0.01 secs] 
271.200: [GC (Allocation Failure) [PSYoungGen: 766235K->159744K(866304K)] 1304515K->703144K(1914880K), 0.0155454 secs] [Times: user=0.01 sys=0.00, real=0.02 secs] 
276.775: [GC (Allocation Failure) [PSYoungGen: 834289K->25728K(843264K)] 1377689K->569128K(1891840K), 0.0037784 secs] [Times: user=0.00 sys=0.00, real=0.00 secs] 
281.129: [GC (Allocation Failure) [PSYoungGen: 661884K->57344K(864256K)] 1205284K->600760K(1912832K), 0.0045570 secs] [Times: user=0.00 sys=0.00, real=0.00 secs] 
285.380: [GC (Allocation Failure) [PSYoungGen: 713975K->87040K(877568K)] 1257391K->630456K(1926144K), 0.0067005 secs] [Times: user=0.00 sys=0.00, real=0.01 secs] 
290.503: [GC (Allocation Failure) [PSYoungGen: 785073K->118784K(820736K)] 1328489K->662200K(1869312K), 0.0161025 secs] [Times: user=0.00 sys=0.00, real=0.02 secs] 
296.396: [GC (Allocation Failure) [PSYoungGen: 818870K->35872K(873472K)] 1362286K->579288K(1922048K), 0.0031280 secs] [Times: user=0.00 sys=0.00, real=0.00 secs] 
300.751: [GC (Allocation Failure) [PSYoungGen: 711273K->21504K(870912K)] 1254689K->564928K(1919488K), 0.0022547 secs] [Times: user=0.00 sys=0.00, real=0.00 secs] 
306.410: [GC (Allocation Failure) [PSYoungGen: 710219K->5120K(873472K)] 1253644K->548544K(1922048K), 0.0024248 secs] [Times: user=0.00 sys=0.00, real=0.00 secs] 
310.774: [GC (Allocation Failure) [PSYoungGen: 686741K->25600K(873984K)] 1230165K->569024K(1922560K), 0.0025282 secs] [Times: user=0.00 sys=0.00, real=0.00 secs] 
316.110: [GC (Allocation Failure) [PSYoungGen: 718486K->35840K(885760K)] 1261910K->579264K(1934336K), 0.0029397 secs] [Times: user=0.00 sys=0.00, real=0.00 secs] 
320.688: [GC (Allocation Failure) [PSYoungGen: 708573K->134144K(831488K)] 1251998K->677568K(1880064K), 0.0158942 secs] [Times: user=0.00 sys=0.00, real=0.02 secs] 
326.159: [GC (Allocation Failure) [PSYoungGen: 829025K->15392K(870912K)] 1372449K->558816K(1919488K), 0.0029821 secs] [Times: user=0.00 sys=0.00, real=0.00 secs] 
Heap
 PSYoungGen      total 870912K, used 268265K [0x00000000c0000000, 0x0000000100000000, 0x0000000100000000)
  eden space 690176K, 36% used [0x00000000c0000000,0x00000000cf6f2498,0x00000000ea200000)
  from space 180736K, 8% used [0x00000000f4f80000,0x00000000f5e88020,0x0000000100000000)
  to   space 177664K, 0% used [0x00000000ea200000,0x00000000ea200000,0x00000000f4f80000)
 ParOldGen       total 1048576K, used 543424K [0x0000000080000000, 0x00000000c0000000, 0x00000000c0000000)
  object space 1048576K, 51% used [0x0000000080000000,0x00000000a12b00f0,0x00000000c0000000)
 Metaspace       used 2804K, capacity 4486K, committed 4864K, reserved 1056768K
  class space    used 297K, capacity 386K, committed 512K, reserved 1048576K
