Java HotSpot(TM) 64-Bit Server VM (25.411-b09) for windows-amd64 JRE (1.8.0_411-b09), built on Mar 13 2024 07:26:13 by "java_re" with MS VC++ 17.1 (VS2022)
Memory: 4k page, physical 33403376k(14404980k free), swap 36670664k(7369180k free)
CommandLine flags: -XX:InitialHeapSize=536870912 -XX:MaxHeapSize=536870912 -XX:NewRatio=9 -XX:ParallelGCThreads=6 -XX:+PrintGC -XX:+PrintGCDetails -XX:+PrintGCTimeStamps -XX:SurvivorRatio=9 -XX:-UseAdaptiveSizePolicy -XX:+UseCompressedClassPointers -XX:+UseCompressedOops -XX:-UseLargePagesIndividualAllocation -XX:+UseParallelGC 
0.931: [GC (Allocation Failure) [PSYoungGen: 34488K->736K(47616K)] 34488K->10984K(519680K), 0.0029151 secs] [Times: user=0.00 sys=0.00, real=0.00 secs] 
1.631: [GC (Allocation Failure) [PSYoungGen: 43558K->2720K(47616K)] 207406K->166568K(519680K), 0.0011114 secs] [Times: user=0.00 sys=0.00, real=0.00 secs] 
2.504: [GC (Allocation Failure) [PSYoungGen: 45550K->1680K(47616K)] 209398K->180888K(519680K), 0.0046008 secs] [Times: user=0.00 sys=0.00, real=0.01 secs] 
3.316: [GC (Allocation Failure) [PSYoungGen: 40413K->2720K(47616K)] 373221K->340648K(519680K), 0.0023048 secs] [Times: user=0.00 sys=0.00, real=0.00 secs] 
4.739: [GC (Allocation Failure) [PSYoungGen: 45554K->584K(47616K)] 383482K->348752K(519680K), 0.0025473 secs] [Times: user=0.00 sys=0.00, real=0.00 secs] 
5.393: [GC (Allocation Failure) [PSYoungGen: 37272K->616K(47616K)] 385440K->359024K(519680K), 0.0040063 secs] [Times: user=0.00 sys=0.00, real=0.00 secs] 
5.736: [GC (Allocation Failure) [PSYoungGen: 32181K->640K(47616K)] 441789K->420488K(519680K), 0.0034919 secs] [Times: user=0.00 sys=0.00, real=0.00 secs] 
5.739: [GC (Allocation Failure) [PSYoungGen: 640K->584K(47616K)] 420488K->420432K(519680K), 0.0011030 secs] [Times: user=0.00 sys=0.00, real=0.00 secs] 
5.741: [Full GC (Allocation Failure) [PSYoungGen: 584K->0K(47616K)] [ParOldGen: 419848K->67088K(472064K)] 420432K->67088K(519680K), [Metaspace: 2753K->2753K(1056768K)], 0.0105925 secs] [Times: user=0.00 sys=0.00, real=0.01 secs] 
6.740: [GC (Allocation Failure) [PSYoungGen: 33618K->0K(47616K)] 203107K->179728K(519680K), 0.0010241 secs] [Times: user=0.00 sys=0.00, real=0.00 secs] 
7.288: [GC (Allocation Failure) [PSYoungGen: 42244K->32K(47616K)] 375572K->353848K(519680K), 0.0019946 secs] [Times: user=0.00 sys=0.00, real=0.00 secs] 
8.598: [GC (Allocation Failure) [PSYoungGen: 38776K->32K(47616K)] 443793K->405048K(519680K), 0.0011129 secs] [Times: user=0.00 sys=0.00, real=0.00 secs] 
8.599: [GC (Allocation Failure) [PSYoungGen: 32K->32K(47616K)] 405048K->405048K(519680K), 0.0010978 secs] [Times: user=0.00 sys=0.00, real=0.00 secs] 
8.600: [Full GC (Allocation Failure) [PSYoungGen: 32K->0K(47616K)] [ParOldGen: 405016K->51728K(472064K)] 405048K->51728K(519680K), [Metaspace: 2759K->2759K(1056768K)], 0.0054241 secs] [Times: user=0.00 sys=0.00, real=0.01 secs] 
9.600: [GC (Allocation Failure) [PSYoungGen: 33625K->0K(47616K)] 187754K->164368K(519680K), 0.0012489 secs] [Times: user=0.00 sys=0.00, real=0.00 secs] 
10.258: [GC (Allocation Failure) [PSYoungGen: 42842K->1024K(47616K)] 360811K->318992K(519680K), 0.0008992 secs] [Times: user=0.00 sys=0.00, real=0.00 secs] 
11.129: [GC (Allocation Failure) [PSYoungGen: 43867K->0K(47616K)] 361836K->333328K(519680K), 0.0014006 secs] [Times: user=0.00 sys=0.00, real=0.00 secs] 
11.454: [GC (Allocation Failure) [PSYoungGen: 31573K->0K(47616K)] 416102K->384529K(519680K), 0.0007039 secs] [Times: user=0.00 sys=0.00, real=0.00 secs] 
11.455: [GC (Allocation Failure) [PSYoungGen: 0K->0K(47616K)] 384529K->384529K(519680K), 0.0007206 secs] [Times: user=0.00 sys=0.00, real=0.00 secs] 
11.456: [Full GC (Allocation Failure) [PSYoungGen: 0K->0K(47616K)] [ParOldGen: 384529K->215568K(472064K)] 384529K->215568K(519680K), [Metaspace: 2761K->2761K(1056768K)], 0.0116280 secs] [Times: user=0.00 sys=0.00, real=0.01 secs] 
12.670: [GC (Allocation Failure) [PSYoungGen: 32879K->32K(47616K)] 350848K->333368K(519680K), 0.0015153 secs] [Times: user=0.00 sys=0.00, real=0.00 secs] 
12.888: [GC (Allocation Failure) [PSYoungGen: 21369K->96K(47616K)] 405906K->384633K(519680K), 0.0011364 secs] [Times: user=0.00 sys=0.00, real=0.00 secs] 
12.890: [GC (Allocation Failure) [PSYoungGen: 96K->96K(47616K)] 384633K->384633K(519680K), 0.0008268 secs] [Times: user=0.00 sys=0.00, real=0.00 secs] 
12.890: [Full GC (Allocation Failure) [PSYoungGen: 96K->0K(47616K)] [ParOldGen: 384537K->56849K(472064K)] 384633K->56849K(519680K), [Metaspace: 2763K->2763K(1056768K)], 0.0047852 secs] [Times: user=0.00 sys=0.00, real=0.01 secs] 
13.884: [GC (Allocation Failure) [PSYoungGen: 33625K->1024K(47616K)] 192874K->165393K(519680K), 0.0007108 secs] [Times: user=0.00 sys=0.00, real=0.00 secs] 
14.536: [GC (Allocation Failure) [PSYoungGen: 43866K->2048K(47616K)] 361835K->330257K(519680K), 0.0014625 secs] [Times: user=0.00 sys=0.00, real=0.00 secs] 
15.412: [GC (Allocation Failure) [PSYoungGen: 44891K->1024K(47616K)] 373100K->344593K(519680K), 0.0015842 secs] [Times: user=0.00 sys=0.00, real=0.00 secs] 
16.719: [GC (Allocation Failure) [PSYoungGen: 42837K->0K(47616K)] 386406K->353809K(519680K), 0.0012386 secs] [Times: user=0.00 sys=0.00, real=0.00 secs] 
17.157: [GC (Allocation Failure) [PSYoungGen: 41809K->0K(47616K)] 446818K->425489K(519680K), 0.0033816 secs] [Times: user=0.00 sys=0.00, real=0.00 secs] 
17.160: [GC (Allocation Failure) [PSYoungGen: 0K->0K(47616K)] 425489K->425489K(519680K), 0.0008269 secs] [Times: user=0.00 sys=0.00, real=0.00 secs] 
17.161: [Full GC (Allocation Failure) [PSYoungGen: 0K->0K(47616K)] [ParOldGen: 425489K->77329K(472064K)] 425489K->77329K(519680K), [Metaspace: 2768K->2768K(1056768K)], 0.0066366 secs] [Times: user=0.00 sys=0.00, real=0.01 secs] 
18.160: [GC (Allocation Failure) [PSYoungGen: 33621K->0K(47616K)] 213350K->189969K(519680K), 0.0011148 secs] [Times: user=0.00 sys=0.00, real=0.00 secs] 
18.814: [GC (Allocation Failure) [PSYoungGen: 42839K->1024K(47616K)] 386409K->344593K(519680K), 0.0010124 secs] [Times: user=0.00 sys=0.00, real=0.00 secs] 
20.015: [GC (Allocation Failure) [PSYoungGen: 23385K->0K(47616K)] 418154K->394769K(519680K), 0.0008246 secs] [Times: user=0.00 sys=0.00, real=0.00 secs] 
20.016: [GC (Allocation Failure) [PSYoungGen: 0K->0K(47616K)] 394769K->394769K(519680K), 0.0007353 secs] [Times: user=0.00 sys=0.00, real=0.00 secs] 
20.017: [Full GC (Allocation Failure) [PSYoungGen: 0K->0K(47616K)] [ParOldGen: 394769K->51729K(472064K)] 394769K->51729K(519680K), [Metaspace: 2770K->2770K(1056768K)], 0.0052551 secs] [Times: user=0.00 sys=0.00, real=0.01 secs] 
21.012: [GC (Allocation Failure) [PSYoungGen: 33626K->0K(47616K)] 187755K->164369K(519680K), 0.0010104 secs] [Times: user=0.00 sys=0.00, real=0.00 secs] 
21.667: [GC (Allocation Failure) [PSYoungGen: 42843K->2048K(47616K)] 360812K->320017K(519680K), 0.0008995 secs] [Times: user=0.00 sys=0.00, real=0.00 secs] 
22.543: [GC (Allocation Failure) [PSYoungGen: 44891K->1024K(47616K)] 362860K->334353K(519680K), 0.0016236 secs] [Times: user=0.00 sys=0.00, real=0.00 secs] 
22.873: [GC (Allocation Failure) [PSYoungGen: 32597K->1024K(47616K)] 417126K->385553K(519680K), 0.0009722 secs] [Times: user=0.00 sys=0.00, real=0.00 secs] 
22.874: [GC (Allocation Failure) [PSYoungGen: 1024K->1024K(47616K)] 385553K->385553K(519680K), 0.0007900 secs] [Times: user=0.00 sys=0.00, real=0.00 secs] 
22.875: [Full GC (Allocation Failure) [PSYoungGen: 1024K->0K(47616K)] [ParOldGen: 384529K->165393K(472064K)] 385553K->165393K(519680K), [Metaspace: 2779K->2779K(1056768K)], 0.0122250 secs] [Times: user=0.00 sys=0.00, real=0.01 secs] 
24.088: [GC (Allocation Failure) [PSYoungGen: 28504K->0K(47616K)] 296297K->288273K(519680K), 0.0018515 secs] [Times: user=0.00 sys=0.00, real=0.00 secs] 
24.977: [Full GC (Ergonomics) [PSYoungGen: 38745K->0K(47616K)] [ParOldGen: 441873K->21009K(472064K)] 480618K->21009K(519680K), [Metaspace: 2779K->2779K(1056768K)], 0.0034672 secs] [Times: user=0.00 sys=0.00, real=0.00 secs] 
25.524: [GC (Allocation Failure) [PSYoungGen: 36698K->0K(47616K)] 57707K->41489K(519680K), 0.0014373 secs] [Times: user=0.00 sys=0.00, real=0.00 secs] 
26.397: [GC (Allocation Failure) [PSYoungGen: 38740K->0K(47616K)] 233829K->205329K(519680K), 0.0009589 secs] [Times: user=0.00 sys=0.00, real=0.00 secs] 
26.943: [GC (Allocation Failure) [PSYoungGen: 36694K->0K(47616K)] 242024K->215569K(519680K), 0.0013840 secs] [Times: user=0.00 sys=0.00, real=0.00 secs] 
28.039: [GC (Allocation Failure) [PSYoungGen: 41809K->0K(47616K)] 257379K->225809K(519680K), 0.0010896 secs] [Times: user=0.00 sys=0.00, real=0.00 secs] 
28.367: [GC (Allocation Failure) [PSYoungGen: 26447K->0K(47616K)] 252256K->236049K(519680K), 0.0012194 secs] [Times: user=0.00 sys=0.00, real=0.00 secs] 
29.238: [GC (Allocation Failure) [PSYoungGen: 38730K->0K(47616K)] 428379K->394769K(519680K), 0.0008678 secs] [Times: user=0.00 sys=0.00, real=0.00 secs] 
29.781: [GC (Allocation Failure) [PSYoungGen: 36688K->0K(47616K)] 431457K->410129K(519680K), 0.0017183 secs] [Times: user=0.00 sys=0.00, real=0.00 secs] 
30.002: [Full GC (Ergonomics) [PSYoungGen: 21325K->0K(47616K)] [ParOldGen: 461329K->113169K(472064K)] 482655K->113169K(519680K), [Metaspace: 2793K->2793K(1056768K)], 0.0085392 secs] [Times: user=0.00 sys=0.00, real=0.01 secs] 
31.985: [GC (Allocation Failure) [PSYoungGen: 40781K->1024K(47616K)] 358750K->324113K(519680K), 0.0009365 secs] [Times: user=0.00 sys=0.00, real=0.00 secs] 
32.638: [GC (Allocation Failure) [PSYoungGen: 42834K->1024K(47616K)] 365924K->339473K(519680K), 0.0016482 secs] [Times: user=0.02 sys=0.00, real=0.00 secs] 
32.855: [GC (Allocation Failure) [PSYoungGen: 22351K->1024K(47616K)] 412001K->390673K(519680K), 0.0006993 secs] [Times: user=0.00 sys=0.00, real=0.00 secs] 
32.856: [GC (Allocation Failure) [PSYoungGen: 1024K->1024K(47616K)] 390673K->390673K(519680K), 0.0006491 secs] [Times: user=0.00 sys=0.00, real=0.00 secs] 
32.857: [Full GC (Allocation Failure) [PSYoungGen: 1024K->0K(47616K)] [ParOldGen: 389649K->57873K(472064K)] 390673K->57873K(519680K), [Metaspace: 2793K->2793K(1056768K)], 0.0051931 secs] [Times: user=0.00 sys=0.00, real=0.01 secs] 
33.854: [GC (Allocation Failure) [PSYoungGen: 33616K->1024K(47616K)] 193889K->166417K(519680K), 0.0010077 secs] [Times: user=0.00 sys=0.00, real=0.00 secs] 
34.509: [GC (Allocation Failure) [PSYoungGen: 43860K->2048K(47616K)] 362853K->331281K(519680K), 0.0015144 secs] [Times: user=0.00 sys=0.00, real=0.00 secs] 
35.497: [GC (Allocation Failure) [PSYoungGen: 29527K->0K(47616K)] 358760K->349713K(519680K), 0.0015093 secs] [Times: user=0.00 sys=0.00, real=0.00 secs] 
35.714: [GC (Allocation Failure) [PSYoungGen: 21327K->0K(47616K)] 422240K->400913K(519680K), 0.0011343 secs] [Times: user=0.00 sys=0.00, real=0.00 secs] 
35.716: [GC (Allocation Failure) [PSYoungGen: 0K->0K(47616K)] 400913K->400913K(519680K), 0.0008327 secs] [Times: user=0.00 sys=0.00, real=0.00 secs] 
35.716: [Full GC (Allocation Failure) [PSYoungGen: 0K->0K(47616K)] [ParOldGen: 400913K->61969K(472064K)] 400913K->61969K(519680K), [Metaspace: 2793K->2793K(1056768K)], 0.0056956 secs] [Times: user=0.00 sys=0.00, real=0.01 secs] 
36.719: [GC (Allocation Failure) [PSYoungGen: 33615K->0K(47616K)] 197984K->174609K(519680K), 0.0008854 secs] [Times: user=0.00 sys=0.00, real=0.00 secs] 
37.375: [GC (Allocation Failure) [PSYoungGen: 42835K->1024K(47616K)] 371045K->349713K(519680K), 0.0021419 secs] [Times: user=0.00 sys=0.00, real=0.00 secs] 
38.245: [GC (Allocation Failure) [PSYoungGen: 43862K->0K(47616K)] 392552K->364049K(519680K), 0.0014661 secs] [Times: user=0.00 sys=0.00, real=0.00 secs] 
39.341: [GC (Allocation Failure) [PSYoungGen: 41810K->0K(47616K)] 457059K->425489K(519680K), 0.0010194 secs] [Times: user=0.03 sys=0.00, real=0.00 secs] 
39.778: [GC (Allocation Failure) [PSYoungGen: 31574K->0K(47616K)] 457063K->435729K(519680K), 0.0012668 secs] [Times: user=0.00 sys=0.00, real=0.00 secs] 
39.780: [Full GC (Ergonomics) [PSYoungGen: 0K->0K(47616K)] [ParOldGen: 435729K->15889K(472064K)] 435729K->15889K(519680K), [Metaspace: 2793K->2793K(1056768K)], 0.0027761 secs] [Times: user=0.00 sys=0.00, real=0.00 secs] 
40.651: [GC (Allocation Failure) [PSYoungGen: 38736K->0K(47616K)] 208225K->174609K(519680K), 0.0007390 secs] [Times: user=0.00 sys=0.00, real=0.00 secs] 
41.196: [GC (Allocation Failure) [PSYoungGen: 36692K->0K(47616K)] 211301K->189969K(519680K), 0.0016083 secs] [Times: user=0.00 sys=0.00, real=0.00 secs] 
42.066: [GC (Allocation Failure) [PSYoungGen: 38736K->1024K(47616K)] 382305K->349713K(519680K), 0.0009634 secs] [Times: user=0.00 sys=0.00, real=0.00 secs] 
43.598: [GC (Allocation Failure) [PSYoungGen: 39946K->1056K(47616K)] 388635K->354873K(519680K), 0.0010229 secs] [Times: user=0.00 sys=0.00, real=0.00 secs] 
44.034: [GC (Allocation Failure) [PSYoungGen: 32623K->1056K(47616K)] 386440K->375353K(519680K), 0.0018966 secs] [Times: user=0.00 sys=0.00, real=0.00 secs] 
44.251: [GC (Allocation Failure) [PSYoungGen: 22379K->1088K(47616K)] 447876K->426585K(519680K), 0.0008604 secs] [Times: user=0.00 sys=0.00, real=0.00 secs] 
44.252: [GC (Allocation Failure) [PSYoungGen: 1088K->1088K(47616K)] 426585K->426585K(519680K), 0.0010913 secs] [Times: user=0.00 sys=0.00, real=0.00 secs] 
44.253: [Full GC (Allocation Failure) [PSYoungGen: 1088K->0K(47616K)] [ParOldGen: 425497K->62993K(472064K)] 426585K->62993K(519680K), [Metaspace: 2795K->2795K(1056768K)], 0.0056692 secs] [Times: user=0.00 sys=0.00, real=0.00 secs] 
45.252: [GC (Allocation Failure) [PSYoungGen: 33611K->0K(47616K)] 199005K->175633K(519680K), 0.0009980 secs] [Times: user=0.00 sys=0.00, real=0.00 secs] 
45.905: [GC (Allocation Failure) [PSYoungGen: 42833K->1024K(47616K)] 372066K->340497K(519680K), 0.0012808 secs] [Times: user=0.00 sys=0.00, real=0.00 secs] 
47.109: [GC (Allocation Failure) [PSYoungGen: 43861K->0K(47616K)] 434534K->411153K(519680K), 0.0020379 secs] [Times: user=0.00 sys=0.00, real=0.00 secs] 
47.111: [GC (Allocation Failure) [PSYoungGen: 0K->0K(47616K)] 411153K->411153K(519680K), 0.0009841 secs] [Times: user=0.00 sys=0.00, real=0.00 secs] 
47.112: [Full GC (Allocation Failure) [PSYoungGen: 0K->0K(47616K)] [ParOldGen: 411153K->72209K(472064K)] 411153K->72209K(519680K), [Metaspace: 2795K->2795K(1056768K)], 0.0065361 secs] [Times: user=0.00 sys=0.00, real=0.01 secs] 
48.108: [GC (Allocation Failure) [PSYoungGen: 33623K->0K(47616K)] 208233K->184849K(519680K), 0.0010063 secs] [Times: user=0.00 sys=0.00, real=0.00 secs] 
48.766: [GC (Allocation Failure) [PSYoungGen: 42841K->1024K(47616K)] 381290K->339473K(519680K), 0.0011774 secs] [Times: user=0.00 sys=0.00, real=0.00 secs] 
49.638: [GC (Allocation Failure) [PSYoungGen: 43866K->0K(47616K)] 382315K->353809K(519680K), 0.0014938 secs] [Times: user=0.00 sys=0.00, real=0.00 secs] 
49.965: [GC (Allocation Failure) [PSYoungGen: 31572K->0K(47616K)] 436582K->405009K(519680K), 0.0010357 secs] [Times: user=0.00 sys=0.00, real=0.00 secs] 
49.966: [GC (Allocation Failure) [PSYoungGen: 0K->0K(47616K)] 405009K->405009K(519680K), 0.0010478 secs] [Times: user=0.00 sys=0.00, real=0.00 secs] 
49.967: [Full GC (Allocation Failure) [PSYoungGen: 0K->0K(47616K)] [ParOldGen: 405009K->133649K(472064K)] 405009K->133649K(519680K), [Metaspace: 2795K->2795K(1056768K)], 0.0108538 secs] [Times: user=0.00 sys=0.00, real=0.01 secs] 
51.181: [GC (Allocation Failure) [PSYoungGen: 36695K->0K(47616K)] 272744K->251409K(519680K), 0.0015471 secs] [Times: user=0.00 sys=0.00, real=0.00 secs] 
52.055: [GC (Allocation Failure) [PSYoungGen: 38745K->1024K(47616K)] 443754K->411153K(519680K), 0.0013392 secs] [Times: user=0.00 sys=0.00, real=0.00 secs] 
52.600: [GC (Allocation Failure) [PSYoungGen: 37722K->1024K(47616K)] 447851K->426513K(519680K), 0.0017614 secs] [Times: user=0.00 sys=0.00, real=0.00 secs] 
52.710: [GC (Allocation Failure) [PSYoungGen: 22355K->1024K(47616K)] 447845K->446993K(519680K), 0.0020726 secs] [Times: user=0.00 sys=0.00, real=0.00 secs] 
52.712: [Full GC (Ergonomics) [PSYoungGen: 1024K->0K(47616K)] [ParOldGen: 445969K->32273K(472064K)] 446993K->32273K(519680K), [Metaspace: 2795K->2795K(1056768K)], 0.0036572 secs] [Times: user=0.00 sys=0.00, real=0.00 secs] 
53.801: [GC (Allocation Failure) [PSYoungGen: 33619K->1024K(47616K)] 219493K->192017K(519680K), 0.0008598 secs] [Times: user=0.00 sys=0.00, real=0.00 secs] 
55.222: [GC (Allocation Failure) [PSYoungGen: 43862K->0K(47616K)] 234856K->201233K(519680K), 0.0011363 secs] [Times: user=0.00 sys=0.00, real=0.00 secs] 
55.878: [GC (Allocation Failure) [PSYoungGen: 42834K->1024K(47616K)] 397668K->366097K(519680K), 0.0013508 secs] [Times: user=0.00 sys=0.00, real=0.00 secs] 
56.751: [GC (Allocation Failure) [PSYoungGen: 43862K->0K(47616K)] 408935K->380433K(519680K), 0.0014885 secs] [Times: user=0.00 sys=0.00, real=0.00 secs] 
57.080: [GC (Allocation Failure) [PSYoungGen: 31570K->0K(47616K)] 463203K->452113K(519680K), 0.0020756 secs] [Times: user=0.00 sys=0.00, real=0.00 secs] 
57.082: [Full GC (Ergonomics) [PSYoungGen: 0K->0K(47616K)] [ParOldGen: 452113K->92689K(472064K)] 452113K->92689K(519680K), [Metaspace: 2796K->2796K(1056768K)], 0.0072727 secs] [Times: user=0.00 sys=0.00, real=0.01 secs] 
58.843: [GC (Allocation Failure) [PSYoungGen: 40789K->1024K(47616K)] 389479K->349713K(519680K), 0.0008516 secs] [Times: user=0.00 sys=0.00, real=0.00 secs] 
59.608: [GC (Allocation Failure) [PSYoungGen: 42840K->0K(47616K)] 391529K->364049K(519680K), 0.0014345 secs] [Times: user=0.00 sys=0.00, real=0.00 secs] 
59.936: [GC (Allocation Failure) [PSYoungGen: 31571K->0K(47616K)] 446820K->415249K(519680K), 0.0010997 secs] [Times: user=0.00 sys=0.00, real=0.00 secs] 
59.937: [GC (Allocation Failure) [PSYoungGen: 0K->0K(47616K)] 415249K->415249K(519680K), 0.0008857 secs] [Times: user=0.00 sys=0.00, real=0.00 secs] 
59.938: [Full GC (Allocation Failure) [PSYoungGen: 0K->0K(47616K)] [ParOldGen: 415249K->108049K(472064K)] 415249K->108049K(519680K), [Metaspace: 2796K->2796K(1056768K)], 0.0081637 secs] [Times: user=0.00 sys=0.00, real=0.01 secs] 
60.931: [GC (Allocation Failure) [PSYoungGen: 33622K->0K(47616K)] 244071K->220689K(519680K), 0.0008945 secs] [Times: user=0.00 sys=0.00, real=0.00 secs] 
62.130: [GC (Allocation Failure) [PSYoungGen: 42840K->1024K(47616K)] 417129K->375313K(519680K), 0.0006617 secs] [Times: user=0.00 sys=0.00, real=0.00 secs] 
62.567: [GC (Allocation Failure) [PSYoungGen: 32601K->0K(47616K)] 406891K->389649K(519680K), 0.0015775 secs] [Times: user=0.00 sys=0.00, real=0.00 secs] 
62.786: [GC (Allocation Failure) [PSYoungGen: 21330K->0K(47616K)] 462179K->440849K(519680K), 0.0010520 secs] [Times: user=0.00 sys=0.00, real=0.00 secs] 
62.787: [Full GC (Ergonomics) [PSYoungGen: 0K->0K(47616K)] [ParOldGen: 440849K->56849K(472064K)] 440849K->56849K(519680K), [Metaspace: 2796K->2796K(1056768K)], 0.0055065 secs] [Times: user=0.00 sys=0.00, real=0.01 secs] 
63.781: [GC (Allocation Failure) [PSYoungGen: 33618K->1024K(47616K)] 192867K->165393K(519680K), 0.0008704 secs] [Times: user=0.00 sys=0.00, real=0.00 secs] 
64.436: [GC (Allocation Failure) [PSYoungGen: 43861K->2048K(47616K)] 361831K->330257K(519680K), 0.0013334 secs] [Times: user=0.00 sys=0.00, real=0.00 secs] 
65.308: [GC (Allocation Failure) [PSYoungGen: 44888K->1024K(47616K)] 373097K->344593K(519680K), 0.0013956 secs] [Times: user=0.00 sys=0.00, real=0.00 secs] 
66.618: [GC (Allocation Failure) [PSYoungGen: 42835K->0K(47616K)] 386405K->353809K(519680K), 0.0011443 secs] [Times: user=0.00 sys=0.00, real=0.00 secs] 
67.054: [GC (Allocation Failure) [PSYoungGen: 41808K->0K(47616K)] 446817K->425489K(519680K), 0.0021427 secs] [Times: user=0.00 sys=0.00, real=0.00 secs] 
67.056: [GC (Allocation Failure) [PSYoungGen: 0K->0K(47616K)] 425489K->425489K(519680K), 0.0007238 secs] [Times: user=0.00 sys=0.00, real=0.00 secs] 
67.057: [Full GC (Allocation Failure) [PSYoungGen: 0K->0K(47616K)] [ParOldGen: 425489K->77329K(472064K)] 425489K->77329K(519680K), [Metaspace: 2796K->2796K(1056768K)], 0.0063851 secs] [Times: user=0.00 sys=0.00, real=0.01 secs] 
68.058: [GC (Allocation Failure) [PSYoungGen: 33620K->0K(47616K)] 213350K->189969K(519680K), 0.0011215 secs] [Times: user=0.00 sys=0.00, real=0.00 secs] 
68.716: [GC (Allocation Failure) [PSYoungGen: 42839K->1024K(47616K)] 386408K->344593K(519680K), 0.0007092 secs] [Times: user=0.00 sys=0.00, real=0.00 secs] 
69.917: [GC (Allocation Failure) [PSYoungGen: 23385K->0K(47616K)] 418154K->394769K(519680K), 0.0008441 secs] [Times: user=0.00 sys=0.00, real=0.00 secs] 
69.918: [GC (Allocation Failure) [PSYoungGen: 0K->0K(47616K)] 394769K->394769K(519680K), 0.0009313 secs] [Times: user=0.00 sys=0.00, real=0.00 secs] 
69.919: [Full GC (Allocation Failure) [PSYoungGen: 0K->0K(47616K)] [ParOldGen: 394769K->51729K(472064K)] 394769K->51729K(519680K), [Metaspace: 2796K->2796K(1056768K)], 0.0046931 secs] [Times: user=0.00 sys=0.00, real=0.00 secs] 
70.915: [GC (Allocation Failure) [PSYoungGen: 33626K->0K(47616K)] 187755K->164369K(519680K), 0.0009192 secs] [Times: user=0.00 sys=0.00, real=0.00 secs] 
71.570: [GC (Allocation Failure) [PSYoungGen: 42842K->2048K(47616K)] 360812K->320017K(519680K), 0.0007406 secs] [Times: user=0.00 sys=0.00, real=0.00 secs] 
72.443: [GC (Allocation Failure) [PSYoungGen: 44891K->1024K(47616K)] 362860K->334353K(519680K), 0.0018369 secs] [Times: user=0.00 sys=0.00, real=0.00 secs] 
72.771: [GC (Allocation Failure) [PSYoungGen: 32597K->1024K(47616K)] 417127K->385553K(519680K), 0.0009017 secs] [Times: user=0.00 sys=0.00, real=0.00 secs] 
72.772: [GC (Allocation Failure) [PSYoungGen: 1024K->1024K(47616K)] 385553K->385553K(519680K), 0.0010521 secs] [Times: user=0.00 sys=0.00, real=0.00 secs] 
72.773: [Full GC (Allocation Failure) [PSYoungGen: 1024K->0K(47616K)] [ParOldGen: 384529K->165393K(472064K)] 385553K->165393K(519680K), [Metaspace: 2796K->2796K(1056768K)], 0.0129211 secs] [Times: user=0.02 sys=0.00, real=0.01 secs] 
73.988: [GC (Allocation Failure) [PSYoungGen: 28503K->0K(47616K)] 296297K->288273K(519680K), 0.0016137 secs] [Times: user=0.00 sys=0.00, real=0.00 secs] 
74.862: [Full GC (Ergonomics) [PSYoungGen: 38745K->0K(47616K)] [ParOldGen: 441873K->21009K(472064K)] 480618K->21009K(519680K), [Metaspace: 2796K->2796K(1056768K)], 0.0030468 secs] [Times: user=0.00 sys=0.00, real=0.00 secs] 
75.406: [GC (Allocation Failure) [PSYoungGen: 36698K->0K(47616K)] 57707K->41489K(519680K), 0.0013402 secs] [Times: user=0.00 sys=0.00, real=0.00 secs] 
76.275: [GC (Allocation Failure) [PSYoungGen: 38740K->0K(47616K)] 233829K->205329K(519680K), 0.0012964 secs] [Times: user=0.00 sys=0.00, real=0.00 secs] 
76.823: [GC (Allocation Failure) [PSYoungGen: 36694K->0K(47616K)] 242024K->215569K(519680K), 0.0016274 secs] [Times: user=0.00 sys=0.00, real=0.00 secs] 
77.915: [GC (Allocation Failure) [PSYoungGen: 41809K->0K(47616K)] 257379K->225809K(519680K), 0.0012014 secs] [Times: user=0.00 sys=0.00, real=0.00 secs] 
78.243: [GC (Allocation Failure) [PSYoungGen: 26447K->0K(47616K)] 252256K->236049K(519680K), 0.0012687 secs] [Times: user=0.00 sys=0.00, real=0.00 secs] 
79.116: [GC (Allocation Failure) [PSYoungGen: 38730K->0K(47616K)] 428379K->394769K(519680K), 0.0010003 secs] [Times: user=0.00 sys=0.00, real=0.00 secs] 
79.660: [GC (Allocation Failure) [PSYoungGen: 36688K->0K(47616K)] 431458K->410129K(519680K), 0.0018950 secs] [Times: user=0.00 sys=0.00, real=0.00 secs] 
79.880: [Full GC (Ergonomics) [PSYoungGen: 21325K->0K(47616K)] [ParOldGen: 461329K->113169K(472064K)] 482655K->113169K(519680K), [Metaspace: 2796K->2796K(1056768K)], 0.0087303 secs] [Times: user=0.00 sys=0.00, real=0.01 secs] 
81.862: [GC (Allocation Failure) [PSYoungGen: 40781K->1024K(47616K)] 358751K->324113K(519680K), 0.0008304 secs] [Times: user=0.00 sys=0.00, real=0.00 secs] 
82.513: [GC (Allocation Failure) [PSYoungGen: 42834K->1024K(47616K)] 365924K->339473K(519680K), 0.0017838 secs] [Times: user=0.09 sys=0.00, real=0.00 secs] 
82.732: [GC (Allocation Failure) [PSYoungGen: 22351K->1024K(47616K)] 412001K->390673K(519680K), 0.0008048 secs] [Times: user=0.00 sys=0.00, real=0.00 secs] 
82.733: [GC (Allocation Failure) [PSYoungGen: 1024K->1024K(47616K)] 390673K->390673K(519680K), 0.0007358 secs] [Times: user=0.00 sys=0.00, real=0.00 secs] 
82.734: [Full GC (Allocation Failure) [PSYoungGen: 1024K->0K(47616K)] [ParOldGen: 389649K->57873K(472064K)] 390673K->57873K(519680K), [Metaspace: 2796K->2796K(1056768K)], 0.0051954 secs] [Times: user=0.00 sys=0.00, real=0.00 secs] 
83.727: [GC (Allocation Failure) [PSYoungGen: 33616K->1024K(47616K)] 193889K->166417K(519680K), 0.0009913 secs] [Times: user=0.00 sys=0.00, real=0.00 secs] 
84.380: [GC (Allocation Failure) [PSYoungGen: 43860K->2048K(47616K)] 362853K->331281K(519680K), 0.0013154 secs] [Times: user=0.00 sys=0.00, real=0.00 secs] 
85.364: [GC (Allocation Failure) [PSYoungGen: 29527K->0K(47616K)] 358760K->349713K(519680K), 0.0013352 secs] [Times: user=0.00 sys=0.00, real=0.00 secs] 
85.583: [GC (Allocation Failure) [PSYoungGen: 21327K->0K(47616K)] 422240K->400913K(519680K), 0.0008060 secs] [Times: user=0.00 sys=0.00, real=0.00 secs] 
85.584: [GC (Allocation Failure) [PSYoungGen: 0K->0K(47616K)] 400913K->400913K(519680K), 0.0009536 secs] [Times: user=0.00 sys=0.00, real=0.00 secs] 
85.585: [Full GC (Allocation Failure) [PSYoungGen: 0K->0K(47616K)] [ParOldGen: 400913K->61969K(472064K)] 400913K->61969K(519680K), [Metaspace: 2796K->2796K(1056768K)], 0.0057320 secs] [Times: user=0.00 sys=0.00, real=0.00 secs] 
86.580: [GC (Allocation Failure) [PSYoungGen: 33615K->0K(47616K)] 197984K->174609K(519680K), 0.0011767 secs] [Times: user=0.00 sys=0.00, real=0.00 secs] 
87.232: [GC (Allocation Failure) [PSYoungGen: 42835K->1024K(47616K)] 371045K->349713K(519680K), 0.0020997 secs] [Times: user=0.09 sys=0.00, real=0.00 secs] 
88.107: [GC (Allocation Failure) [PSYoungGen: 43862K->0K(47616K)] 392552K->364049K(519680K), 0.0015618 secs] [Times: user=0.01 sys=0.00, real=0.00 secs] 
89.199: [GC (Allocation Failure) [PSYoungGen: 41810K->0K(47616K)] 457060K->425489K(519680K), 0.0010797 secs] [Times: user=0.00 sys=0.00, real=0.00 secs] 
89.635: [GC (Allocation Failure) [PSYoungGen: 31574K->0K(47616K)] 457063K->435729K(519680K), 0.0013188 secs] [Times: user=0.00 sys=0.00, real=0.00 secs] 
89.636: [Full GC (Ergonomics) [PSYoungGen: 0K->0K(47616K)] [ParOldGen: 435729K->15889K(472064K)] 435729K->15889K(519680K), [Metaspace: 2796K->2796K(1056768K)], 0.0027090 secs] [Times: user=0.00 sys=0.00, real=0.00 secs] 
90.509: [GC (Allocation Failure) [PSYoungGen: 38736K->0K(47616K)] 208225K->174609K(519680K), 0.0007880 secs] [Times: user=0.00 sys=0.00, real=0.00 secs] 
91.054: [GC (Allocation Failure) [PSYoungGen: 36692K->0K(47616K)] 211301K->189969K(519680K), 0.0015056 secs] [Times: user=0.00 sys=0.00, real=0.00 secs] 
91.926: [GC (Allocation Failure) [PSYoungGen: 38736K->1024K(47616K)] 382305K->349713K(519680K), 0.0010598 secs] [Times: user=0.00 sys=0.00, real=0.00 secs] 
93.453: [GC (Allocation Failure) [PSYoungGen: 39764K->1024K(47616K)] 388453K->354833K(519680K), 0.0009815 secs] [Times: user=0.00 sys=0.00, real=0.00 secs] 
93.891: [GC (Allocation Failure) [PSYoungGen: 32592K->1024K(47616K)] 386402K->375313K(519680K), 0.0017118 secs] [Times: user=0.00 sys=0.00, real=0.00 secs] 
94.110: [GC (Allocation Failure) [PSYoungGen: 22348K->1024K(47616K)] 447838K->426513K(519680K), 0.0008332 secs] [Times: user=0.00 sys=0.00, real=0.00 secs] 
94.111: [GC (Allocation Failure) [PSYoungGen: 1024K->1024K(47616K)] 426513K->426513K(519680K), 0.0009312 secs] [Times: user=0.00 sys=0.00, real=0.00 secs] 
94.112: [Full GC (Allocation Failure) [PSYoungGen: 1024K->0K(47616K)] [ParOldGen: 425489K->62993K(472064K)] 426513K->62993K(519680K), [Metaspace: 2796K->2796K(1056768K)], 0.0058513 secs] [Times: user=0.00 sys=0.00, real=0.01 secs] 
95.110: [GC (Allocation Failure) [PSYoungGen: 33612K->0K(47616K)] 199006K->175633K(519680K), 0.0010256 secs] [Times: user=0.00 sys=0.00, real=0.00 secs] 
95.768: [GC (Allocation Failure) [PSYoungGen: 42834K->1024K(47616K)] 372067K->340497K(519680K), 0.0013134 secs] [Times: user=0.00 sys=0.00, real=0.00 secs] 
96.971: [GC (Allocation Failure) [PSYoungGen: 43861K->0K(47616K)] 434535K->411153K(519680K), 0.0023005 secs] [Times: user=0.00 sys=0.00, real=0.00 secs] 
96.974: [GC (Allocation Failure) [PSYoungGen: 0K->0K(47616K)] 411153K->411153K(519680K), 0.0007477 secs] [Times: user=0.00 sys=0.00, real=0.00 secs] 
96.974: [Full GC (Allocation Failure) [PSYoungGen: 0K->0K(47616K)] [ParOldGen: 411153K->72209K(472064K)] 411153K->72209K(519680K), [Metaspace: 2796K->2796K(1056768K)], 0.0064850 secs] [Times: user=0.00 sys=0.00, real=0.01 secs] 
97.973: [GC (Allocation Failure) [PSYoungGen: 33623K->0K(47616K)] 208233K->184849K(519680K), 0.0011283 secs] [Times: user=0.00 sys=0.00, real=0.00 secs] 
98.631: [GC (Allocation Failure) [PSYoungGen: 42841K->1024K(47616K)] 381290K->339473K(519680K), 0.0010592 secs] [Times: user=0.00 sys=0.00, real=0.00 secs] 
99.503: [GC (Allocation Failure) [PSYoungGen: 43866K->0K(47616K)] 382315K->353809K(519680K), 0.0014837 secs] [Times: user=0.00 sys=0.00, real=0.00 secs] 
99.831: [GC (Allocation Failure) [PSYoungGen: 31572K->0K(47616K)] 436582K->405009K(519680K), 0.0011334 secs] [Times: user=0.00 sys=0.00, real=0.00 secs] 
99.833: [GC (Allocation Failure) [PSYoungGen: 0K->0K(47616K)] 405009K->405009K(519680K), 0.0010195 secs] [Times: user=0.00 sys=0.00, real=0.00 secs] 
99.834: [Full GC (Allocation Failure) [PSYoungGen: 0K->0K(47616K)] [ParOldGen: 405009K->133649K(472064K)] 405009K->133649K(519680K), [Metaspace: 2796K->2796K(1056768K)], 0.0098883 secs] [Times: user=0.02 sys=0.00, real=0.01 secs] 
101.045: [GC (Allocation Failure) [PSYoungGen: 36695K->0K(47616K)] 272744K->251409K(519680K), 0.0015754 secs] [Times: user=0.00 sys=0.00, real=0.00 secs] 
101.920: [GC (Allocation Failure) [PSYoungGen: 38745K->1024K(47616K)] 443754K->411153K(519680K), 0.0010267 secs] [Times: user=0.01 sys=0.00, real=0.00 secs] 
102.467: [GC (Allocation Failure) [PSYoungGen: 37722K->1024K(47616K)] 447851K->426513K(519680K), 0.0014544 secs] [Times: user=0.00 sys=0.00, real=0.00 secs] 
102.576: [GC (Allocation Failure) [PSYoungGen: 22355K->1024K(47616K)] 447845K->446993K(519680K), 0.0020269 secs] [Times: user=0.00 sys=0.00, real=0.00 secs] 
102.578: [Full GC (Ergonomics) [PSYoungGen: 1024K->0K(47616K)] [ParOldGen: 445969K->32273K(472064K)] 446993K->32273K(519680K), [Metaspace: 2796K->2796K(1056768K)], 0.0035570 secs] [Times: user=0.00 sys=0.00, real=0.00 secs] 
103.668: [GC (Allocation Failure) [PSYoungGen: 33619K->1024K(47616K)] 219493K->192017K(519680K), 0.0007927 secs] [Times: user=0.00 sys=0.00, real=0.00 secs] 
105.086: [GC (Allocation Failure) [PSYoungGen: 43862K->0K(47616K)] 234856K->201233K(519680K), 0.0011590 secs] [Times: user=0.00 sys=0.00, real=0.00 secs] 
105.741: [GC (Allocation Failure) [PSYoungGen: 42834K->1024K(47616K)] 397668K->366097K(519680K), 0.0013122 secs] [Times: user=0.00 sys=0.00, real=0.00 secs] 
106.615: [GC (Allocation Failure) [PSYoungGen: 43862K->0K(47616K)] 408935K->380433K(519680K), 0.0016468 secs] [Times: user=0.00 sys=0.00, real=0.00 secs] 
106.942: [GC (Allocation Failure) [PSYoungGen: 31570K->0K(47616K)] 463203K->452113K(519680K), 0.0020423 secs] [Times: user=0.00 sys=0.00, real=0.00 secs] 
106.944: [Full GC (Ergonomics) [PSYoungGen: 0K->0K(47616K)] [ParOldGen: 452113K->92689K(472064K)] 452113K->92689K(519680K), [Metaspace: 2796K->2796K(1056768K)], 0.0075365 secs] [Times: user=0.00 sys=0.00, real=0.01 secs] 
108.707: [GC (Allocation Failure) [PSYoungGen: 40789K->1024K(47616K)] 389479K->349713K(519680K), 0.0010532 secs] [Times: user=0.00 sys=0.00, real=0.00 secs] 
109.473: [GC (Allocation Failure) [PSYoungGen: 42840K->0K(47616K)] 391529K->364049K(519680K), 0.0014325 secs] [Times: user=0.00 sys=0.00, real=0.00 secs] 
109.801: [GC (Allocation Failure) [PSYoungGen: 31571K->0K(47616K)] 446820K->415249K(519680K), 0.0009864 secs] [Times: user=0.00 sys=0.00, real=0.00 secs] 
109.802: [GC (Allocation Failure) [PSYoungGen: 0K->0K(47616K)] 415249K->415249K(519680K), 0.0008985 secs] [Times: user=0.00 sys=0.00, real=0.00 secs] 
109.803: [Full GC (Allocation Failure) [PSYoungGen: 0K->0K(47616K)] [ParOldGen: 415249K->108049K(472064K)] 415249K->108049K(519680K), [Metaspace: 2796K->2796K(1056768K)], 0.0084410 secs] [Times: user=0.00 sys=0.00, real=0.01 secs] 
110.799: [GC (Allocation Failure) [PSYoungGen: 33622K->0K(47616K)] 244071K->220689K(519680K), 0.0009777 secs] [Times: user=0.00 sys=0.00, real=0.00 secs] 
111.997: [GC (Allocation Failure) [PSYoungGen: 42840K->1024K(47616K)] 417129K->375313K(519680K), 0.0008827 secs] [Times: user=0.00 sys=0.00, real=0.00 secs] 
112.433: [GC (Allocation Failure) [PSYoungGen: 32601K->0K(47616K)] 406891K->389649K(519680K), 0.0016272 secs] [Times: user=0.00 sys=0.00, real=0.00 secs] 
112.650: [GC (Allocation Failure) [PSYoungGen: 21330K->0K(47616K)] 462179K->440849K(519680K), 0.0009514 secs] [Times: user=0.00 sys=0.00, real=0.00 secs] 
112.651: [Full GC (Ergonomics) [PSYoungGen: 0K->0K(47616K)] [ParOldGen: 440849K->56849K(472064K)] 440849K->56849K(519680K), [Metaspace: 2796K->2796K(1056768K)], 0.0057423 secs] [Times: user=0.00 sys=0.00, real=0.00 secs] 
113.636: [GC (Allocation Failure) [PSYoungGen: 33618K->1024K(47616K)] 192867K->165393K(519680K), 0.0008479 secs] [Times: user=0.00 sys=0.00, real=0.00 secs] 
114.295: [GC (Allocation Failure) [PSYoungGen: 43861K->2048K(47616K)] 361831K->330257K(519680K), 0.0012976 secs] [Times: user=0.00 sys=0.00, real=0.00 secs] 
115.172: [GC (Allocation Failure) [PSYoungGen: 44888K->1024K(47616K)] 373097K->344593K(519680K), 0.0015318 secs] [Times: user=0.00 sys=0.00, real=0.00 secs] 
116.482: [GC (Allocation Failure) [PSYoungGen: 42835K->0K(47616K)] 386405K->353809K(519680K), 0.0011056 secs] [Times: user=0.05 sys=0.00, real=0.00 secs] 
116.919: [GC (Allocation Failure) [PSYoungGen: 41808K->0K(47616K)] 446817K->425489K(519680K), 0.0022324 secs] [Times: user=0.00 sys=0.00, real=0.00 secs] 
116.922: [GC (Allocation Failure) [PSYoungGen: 0K->0K(47616K)] 425489K->425489K(519680K), 0.0007848 secs] [Times: user=0.00 sys=0.00, real=0.00 secs] 
116.922: [Full GC (Allocation Failure) [PSYoungGen: 0K->0K(47616K)] [ParOldGen: 425489K->77329K(472064K)] 425489K->77329K(519680K), [Metaspace: 2796K->2796K(1056768K)], 0.0067153 secs] [Times: user=0.00 sys=0.00, real=0.01 secs] 
117.926: [GC (Allocation Failure) [PSYoungGen: 33620K->0K(47616K)] 213350K->189969K(519680K), 0.0010901 secs] [Times: user=0.00 sys=0.00, real=0.00 secs] 
118.578: [GC (Allocation Failure) [PSYoungGen: 42839K->1024K(47616K)] 386408K->344593K(519680K), 0.0009053 secs] [Times: user=0.00 sys=0.00, real=0.00 secs] 
119.783: [GC (Allocation Failure) [PSYoungGen: 23385K->0K(47616K)] 418154K->394769K(519680K), 0.0012242 secs] [Times: user=0.00 sys=0.00, real=0.00 secs] 
119.785: [GC (Allocation Failure) [PSYoungGen: 0K->0K(47616K)] 394769K->394769K(519680K), 0.0008494 secs] [Times: user=0.00 sys=0.00, real=0.00 secs] 
119.785: [Full GC (Allocation Failure) [PSYoungGen: 0K->0K(47616K)] [ParOldGen: 394769K->51729K(472064K)] 394769K->51729K(519680K), [Metaspace: 2796K->2796K(1056768K)], 0.0048162 secs] [Times: user=0.00 sys=0.00, real=0.00 secs] 
120.770: [GC (Allocation Failure) [PSYoungGen: 33626K->0K(47616K)] 187755K->164369K(519680K), 0.0010407 secs] [Times: user=0.00 sys=0.00, real=0.00 secs] 
121.423: [GC (Allocation Failure) [PSYoungGen: 42842K->2048K(47616K)] 360812K->320017K(519680K), 0.0009220 secs] [Times: user=0.00 sys=0.00, real=0.00 secs] 
122.295: [GC (Allocation Failure) [PSYoungGen: 44891K->1024K(47616K)] 362860K->334353K(519680K), 0.0015341 secs] [Times: user=0.05 sys=0.00, real=0.00 secs] 
122.622: [GC (Allocation Failure) [PSYoungGen: 32597K->1024K(47616K)] 417127K->385553K(519680K), 0.0008496 secs] [Times: user=0.00 sys=0.00, real=0.00 secs] 
122.623: [GC (Allocation Failure) [PSYoungGen: 1024K->1024K(47616K)] 385553K->385553K(519680K), 0.0007834 secs] [Times: user=0.00 sys=0.00, real=0.00 secs] 
122.624: [Full GC (Allocation Failure) [PSYoungGen: 1024K->0K(47616K)] [ParOldGen: 384529K->165393K(472064K)] 385553K->165393K(519680K), [Metaspace: 2796K->2796K(1056768K)], 0.0122960 secs] [Times: user=0.00 sys=0.00, real=0.01 secs] 
123.844: [GC (Allocation Failure) [PSYoungGen: 28503K->0K(47616K)] 296297K->288273K(519680K), 0.0016273 secs] [Times: user=0.00 sys=0.00, real=0.00 secs] 
124.719: [Full GC (Ergonomics) [PSYoungGen: 38745K->0K(47616K)] [ParOldGen: 441873K->21009K(472064K)] 480618K->21009K(519680K), [Metaspace: 2796K->2796K(1056768K)], 0.0031511 secs] [Times: user=0.00 sys=0.00, real=0.00 secs] 
125.265: [GC (Allocation Failure) [PSYoungGen: 36698K->0K(47616K)] 57707K->41489K(519680K), 0.0014499 secs] [Times: user=0.00 sys=0.00, real=0.00 secs] 
126.138: [GC (Allocation Failure) [PSYoungGen: 38740K->0K(47616K)] 233829K->205329K(519680K), 0.0009188 secs] [Times: user=0.00 sys=0.00, real=0.00 secs] 
126.683: [GC (Allocation Failure) [PSYoungGen: 36694K->0K(47616K)] 242024K->215569K(519680K), 0.0012300 secs] [Times: user=0.00 sys=0.00, real=0.00 secs] 
127.779: [GC (Allocation Failure) [PSYoungGen: 41809K->0K(47616K)] 257379K->225809K(519680K), 0.0012531 secs] [Times: user=0.00 sys=0.00, real=0.00 secs] 
128.107: [GC (Allocation Failure) [PSYoungGen: 26447K->0K(47616K)] 252256K->236049K(519680K), 0.0013742 secs] [Times: user=0.00 sys=0.00, real=0.00 secs] 
128.984: [GC (Allocation Failure) [PSYoungGen: 38730K->0K(47616K)] 428379K->394769K(519680K), 0.0011311 secs] [Times: user=0.00 sys=0.00, real=0.00 secs] 
129.528: [GC (Allocation Failure) [PSYoungGen: 36688K->0K(47616K)] 431458K->410129K(519680K), 0.0015083 secs] [Times: user=0.00 sys=0.00, real=0.00 secs] 
129.746: [Full GC (Ergonomics) [PSYoungGen: 21325K->0K(47616K)] [ParOldGen: 461329K->113169K(472064K)] 482655K->113169K(519680K), [Metaspace: 2796K->2796K(1056768K)], 0.0089834 secs] [Times: user=0.00 sys=0.00, real=0.01 secs] 
131.731: [GC (Allocation Failure) [PSYoungGen: 40781K->1024K(47616K)] 358751K->324113K(519680K), 0.0009485 secs] [Times: user=0.02 sys=0.00, real=0.00 secs] 
132.387: [GC (Allocation Failure) [PSYoungGen: 42834K->1024K(47616K)] 365924K->339473K(519680K), 0.0016623 secs] [Times: user=0.00 sys=0.00, real=0.00 secs] 
132.606: [GC (Allocation Failure) [PSYoungGen: 22351K->1024K(47616K)] 412001K->390673K(519680K), 0.0008017 secs] [Times: user=0.00 sys=0.00, real=0.00 secs] 
132.607: [GC (Allocation Failure) [PSYoungGen: 1024K->1024K(47616K)] 390673K->390673K(519680K), 0.0007518 secs] [Times: user=0.02 sys=0.00, real=0.00 secs] 
132.608: [Full GC (Allocation Failure) [PSYoungGen: 1024K->0K(47616K)] [ParOldGen: 389649K->57873K(472064K)] 390673K->57873K(519680K), [Metaspace: 2796K->2796K(1056768K)], 0.0053144 secs] [Times: user=0.00 sys=0.00, real=0.00 secs] 
133.610: [GC (Allocation Failure) [PSYoungGen: 33616K->1024K(47616K)] 193889K->166417K(519680K), 0.0008731 secs] [Times: user=0.00 sys=0.00, real=0.00 secs] 
134.265: [GC (Allocation Failure) [PSYoungGen: 43860K->2048K(47616K)] 362853K->331281K(519680K), 0.0012878 secs] [Times: user=0.00 sys=0.00, real=0.00 secs] 
135.248: [GC (Allocation Failure) [PSYoungGen: 29527K->0K(47616K)] 358760K->349713K(519680K), 0.0015247 secs] [Times: user=0.02 sys=0.00, real=0.00 secs] 
135.466: [GC (Allocation Failure) [PSYoungGen: 21327K->0K(47616K)] 422240K->400913K(519680K), 0.0009405 secs] [Times: user=0.05 sys=0.00, real=0.00 secs] 
135.467: [GC (Allocation Failure) [PSYoungGen: 0K->0K(47616K)] 400913K->400913K(519680K), 0.0007678 secs] [Times: user=0.00 sys=0.00, real=0.00 secs] 
135.468: [Full GC (Allocation Failure) [PSYoungGen: 0K->0K(47616K)] [ParOldGen: 400913K->61969K(472064K)] 400913K->61969K(519680K), [Metaspace: 2796K->2796K(1056768K)], 0.0054293 secs] [Times: user=0.00 sys=0.00, real=0.01 secs] 
136.464: [GC (Allocation Failure) [PSYoungGen: 33615K->0K(47616K)] 197984K->174609K(519680K), 0.0009922 secs] [Times: user=0.00 sys=0.00, real=0.00 secs] 
137.123: [GC (Allocation Failure) [PSYoungGen: 42835K->1024K(47616K)] 371045K->349713K(519680K), 0.0023052 secs] [Times: user=0.09 sys=0.00, real=0.00 secs] 
137.995: [GC (Allocation Failure) [PSYoungGen: 43862K->0K(47616K)] 392552K->364049K(519680K), 0.0016168 secs] [Times: user=0.00 sys=0.00, real=0.00 secs] 
139.088: [GC (Allocation Failure) [PSYoungGen: 41810K->0K(47616K)] 457060K->425489K(519680K), 0.0009564 secs] [Times: user=0.00 sys=0.00, real=0.00 secs] 
139.524: [GC (Allocation Failure) [PSYoungGen: 31574K->0K(47616K)] 457063K->435729K(519680K), 0.0013093 secs] [Times: user=0.00 sys=0.00, real=0.00 secs] 
139.526: [Full GC (Ergonomics) [PSYoungGen: 0K->0K(47616K)] [ParOldGen: 435729K->15889K(472064K)] 435729K->15889K(519680K), [Metaspace: 2796K->2796K(1056768K)], 0.0025083 secs] [Times: user=0.00 sys=0.00, real=0.00 secs] 
140.396: [GC (Allocation Failure) [PSYoungGen: 38736K->0K(47616K)] 208225K->174609K(519680K), 0.0007423 secs] [Times: user=0.00 sys=0.00, real=0.00 secs] 
140.944: [GC (Allocation Failure) [PSYoungGen: 36692K->0K(47616K)] 211301K->189969K(519680K), 0.0015510 secs] [Times: user=0.00 sys=0.00, real=0.00 secs] 
141.819: [GC (Allocation Failure) [PSYoungGen: 38736K->1024K(47616K)] 382305K->349713K(519680K), 0.0009246 secs] [Times: user=0.00 sys=0.00, real=0.00 secs] 
143.350: [GC (Allocation Failure) [PSYoungGen: 39764K->1024K(47616K)] 388453K->354833K(519680K), 0.0008945 secs] [Times: user=0.00 sys=0.00, real=0.00 secs] 
143.789: [GC (Allocation Failure) [PSYoungGen: 32592K->1024K(47616K)] 386402K->375313K(519680K), 0.0016846 secs] [Times: user=0.00 sys=0.00, real=0.00 secs] 
144.008: [GC (Allocation Failure) [PSYoungGen: 22348K->1024K(47616K)] 447838K->426513K(519680K), 0.0009441 secs] [Times: user=0.00 sys=0.00, real=0.00 secs] 
144.009: [GC (Allocation Failure) [PSYoungGen: 1024K->1024K(47616K)] 426513K->426513K(519680K), 0.0009847 secs] [Times: user=0.00 sys=0.00, real=0.00 secs] 
144.010: [Full GC (Allocation Failure) [PSYoungGen: 1024K->0K(47616K)] [ParOldGen: 425489K->62993K(472064K)] 426513K->62993K(519680K), [Metaspace: 2796K->2796K(1056768K)], 0.0057087 secs] [Times: user=0.00 sys=0.00, real=0.00 secs] 
145.006: [GC (Allocation Failure) [PSYoungGen: 33612K->0K(47616K)] 199006K->175633K(519680K), 0.0011486 secs] [Times: user=0.00 sys=0.00, real=0.00 secs] 
145.661: [GC (Allocation Failure) [PSYoungGen: 42834K->1024K(47616K)] 372067K->340497K(519680K), 0.0012405 secs] [Times: user=0.00 sys=0.00, real=0.00 secs] 
146.863: [GC (Allocation Failure) [PSYoungGen: 43861K->0K(47616K)] 434535K->411153K(519680K), 0.0019453 secs] [Times: user=0.00 sys=0.00, real=0.00 secs] 
146.865: [GC (Allocation Failure) [PSYoungGen: 0K->0K(47616K)] 411153K->411153K(519680K), 0.0008296 secs] [Times: user=0.00 sys=0.00, real=0.00 secs] 
146.865: [Full GC (Allocation Failure) [PSYoungGen: 0K->0K(47616K)] [ParOldGen: 411153K->72209K(472064K)] 411153K->72209K(519680K), [Metaspace: 2796K->2796K(1056768K)], 0.0065071 secs] [Times: user=0.00 sys=0.00, real=0.01 secs] 
147.861: [GC (Allocation Failure) [PSYoungGen: 33623K->0K(47616K)] 208233K->184849K(519680K), 0.0009980 secs] [Times: user=0.00 sys=0.00, real=0.00 secs] 
148.516: [GC (Allocation Failure) [PSYoungGen: 42841K->1024K(47616K)] 381290K->339473K(519680K), 0.0008881 secs] [Times: user=0.00 sys=0.00, real=0.00 secs] 
149.390: [GC (Allocation Failure) [PSYoungGen: 43866K->0K(47616K)] 382315K->353809K(519680K), 0.0013865 secs] [Times: user=0.00 sys=0.00, real=0.00 secs] 
149.717: [GC (Allocation Failure) [PSYoungGen: 31572K->0K(47616K)] 436582K->405009K(519680K), 0.0010147 secs] [Times: user=0.01 sys=0.00, real=0.00 secs] 
149.718: [GC (Allocation Failure) [PSYoungGen: 0K->0K(47616K)] 405009K->405009K(519680K), 0.0008010 secs] [Times: user=0.00 sys=0.00, real=0.00 secs] 
149.718: [Full GC (Allocation Failure) [PSYoungGen: 0K->0K(47616K)] [ParOldGen: 405009K->133649K(472064K)] 405009K->133649K(519680K), [Metaspace: 2796K->2796K(1056768K)], 0.0100180 secs] [Times: user=0.00 sys=0.00, real=0.01 secs] 
150.933: [GC (Allocation Failure) [PSYoungGen: 36695K->0K(47616K)] 272744K->251409K(519680K), 0.0014049 secs] [Times: user=0.00 sys=0.00, real=0.00 secs] 
151.806: [GC (Allocation Failure) [PSYoungGen: 38745K->1024K(47616K)] 443754K->411153K(519680K), 0.0008544 secs] [Times: user=0.00 sys=0.00, real=0.00 secs] 
152.353: [GC (Allocation Failure) [PSYoungGen: 37722K->1024K(47616K)] 447851K->426513K(519680K), 0.0018413 secs] [Times: user=0.00 sys=0.00, real=0.00 secs] 
152.463: [GC (Allocation Failure) [PSYoungGen: 22355K->1024K(47616K)] 447845K->446993K(519680K), 0.0021601 secs] [Times: user=0.00 sys=0.00, real=0.00 secs] 
152.465: [Full GC (Ergonomics) [PSYoungGen: 1024K->0K(47616K)] [ParOldGen: 445969K->32273K(472064K)] 446993K->32273K(519680K), [Metaspace: 2796K->2796K(1056768K)], 0.0037277 secs] [Times: user=0.02 sys=0.00, real=0.00 secs] 
153.554: [GC (Allocation Failure) [PSYoungGen: 33619K->1024K(47616K)] 219493K->192017K(519680K), 0.0008464 secs] [Times: user=0.00 sys=0.00, real=0.00 secs] 
154.974: [GC (Allocation Failure) [PSYoungGen: 43862K->0K(47616K)] 234856K->201233K(519680K), 0.0010444 secs] [Times: user=0.00 sys=0.00, real=0.00 secs] 
155.630: [GC (Allocation Failure) [PSYoungGen: 42834K->1024K(47616K)] 397668K->366097K(519680K), 0.0014443 secs] [Times: user=0.00 sys=0.00, real=0.00 secs] 
156.503: [GC (Allocation Failure) [PSYoungGen: 43862K->0K(47616K)] 408935K->380433K(519680K), 0.0017114 secs] [Times: user=0.00 sys=0.00, real=0.00 secs] 
156.832: [GC (Allocation Failure) [PSYoungGen: 31570K->0K(47616K)] 463203K->452113K(519680K), 0.0021122 secs] [Times: user=0.00 sys=0.00, real=0.00 secs] 
156.834: [Full GC (Ergonomics) [PSYoungGen: 0K->0K(47616K)] [ParOldGen: 452113K->92689K(472064K)] 452113K->92689K(519680K), [Metaspace: 2796K->2796K(1056768K)], 0.0074133 secs] [Times: user=0.00 sys=0.00, real=0.01 secs] 
158.594: [GC (Allocation Failure) [PSYoungGen: 40789K->1024K(47616K)] 389479K->349713K(519680K), 0.0007877 secs] [Times: user=0.00 sys=0.00, real=0.00 secs] 
159.359: [GC (Allocation Failure) [PSYoungGen: 42840K->0K(47616K)] 391529K->364049K(519680K), 0.0014074 secs] [Times: user=0.00 sys=0.00, real=0.00 secs] 
159.686: [GC (Allocation Failure) [PSYoungGen: 31571K->0K(47616K)] 446820K->415249K(519680K), 0.0010678 secs] [Times: user=0.00 sys=0.00, real=0.00 secs] 
159.687: [GC (Allocation Failure) [PSYoungGen: 0K->0K(47616K)] 415249K->415249K(519680K), 0.0008777 secs] [Times: user=0.00 sys=0.00, real=0.00 secs] 
159.688: [Full GC (Allocation Failure) [PSYoungGen: 0K->0K(47616K)] [ParOldGen: 415249K->108049K(472064K)] 415249K->108049K(519680K), [Metaspace: 2796K->2796K(1056768K)], 0.0084175 secs] [Times: user=0.00 sys=0.00, real=0.01 secs] 
160.682: [GC (Allocation Failure) [PSYoungGen: 33622K->0K(47616K)] 244071K->220689K(519680K), 0.0010931 secs] [Times: user=0.00 sys=0.00, real=0.00 secs] 
161.887: [GC (Allocation Failure) [PSYoungGen: 42840K->1024K(47616K)] 417129K->375313K(519680K), 0.0008356 secs] [Times: user=0.00 sys=0.00, real=0.00 secs] 
162.325: [GC (Allocation Failure) [PSYoungGen: 32601K->0K(47616K)] 406891K->389649K(519680K), 0.0016789 secs] [Times: user=0.00 sys=0.00, real=0.00 secs] 
162.544: [GC (Allocation Failure) [PSYoungGen: 21330K->0K(47616K)] 462179K->440849K(519680K), 0.0009669 secs] [Times: user=0.00 sys=0.00, real=0.00 secs] 
162.545: [Full GC (Ergonomics) [PSYoungGen: 0K->0K(47616K)] [ParOldGen: 440849K->56849K(472064K)] 440849K->56849K(519680K), [Metaspace: 2796K->2796K(1056768K)], 0.0052661 secs] [Times: user=0.00 sys=0.00, real=0.01 secs] 
163.545: [GC (Allocation Failure) [PSYoungGen: 33618K->1024K(47616K)] 192867K->165393K(519680K), 0.0008358 secs] [Times: user=0.00 sys=0.00, real=0.00 secs] 
164.199: [GC (Allocation Failure) [PSYoungGen: 43861K->2048K(47616K)] 361831K->330257K(519680K), 0.0014162 secs] [Times: user=0.00 sys=0.00, real=0.00 secs] 
165.070: [GC (Allocation Failure) [PSYoungGen: 44888K->1024K(47616K)] 373097K->344593K(519680K), 0.0015920 secs] [Times: user=0.00 sys=0.00, real=0.00 secs] 
166.383: [GC (Allocation Failure) [PSYoungGen: 42835K->0K(47616K)] 386405K->353809K(519680K), 0.0016364 secs] [Times: user=0.00 sys=0.00, real=0.00 secs] 
166.822: [GC (Allocation Failure) [PSYoungGen: 41808K->0K(47616K)] 446817K->425489K(519680K), 0.0021574 secs] [Times: user=0.00 sys=0.00, real=0.00 secs] 
166.824: [GC (Allocation Failure) [PSYoungGen: 0K->0K(47616K)] 425489K->425489K(519680K), 0.0008624 secs] [Times: user=0.00 sys=0.00, real=0.00 secs] 
166.825: [Full GC (Allocation Failure) [PSYoungGen: 0K->0K(47616K)] [ParOldGen: 425489K->77329K(472064K)] 425489K->77329K(519680K), [Metaspace: 2796K->2796K(1056768K)], 0.0068618 secs] [Times: user=0.01 sys=0.00, real=0.01 secs] 
167.821: [GC (Allocation Failure) [PSYoungGen: 33620K->0K(47616K)] 213350K->189969K(519680K), 0.0011955 secs] [Times: user=0.00 sys=0.00, real=0.00 secs] 
168.476: [GC (Allocation Failure) [PSYoungGen: 42839K->1024K(47616K)] 386408K->344593K(519680K), 0.0007333 secs] [Times: user=0.00 sys=0.00, real=0.00 secs] 
169.677: [GC (Allocation Failure) [PSYoungGen: 23385K->0K(47616K)] 418154K->394769K(519680K), 0.0008143 secs] [Times: user=0.00 sys=0.00, real=0.00 secs] 
169.678: [GC (Allocation Failure) [PSYoungGen: 0K->0K(47616K)] 394769K->394769K(519680K), 0.0010210 secs] [Times: user=0.00 sys=0.00, real=0.00 secs] 
169.679: [Full GC (Allocation Failure) [PSYoungGen: 0K->0K(47616K)] [ParOldGen: 394769K->51729K(472064K)] 394769K->51729K(519680K), [Metaspace: 2796K->2796K(1056768K)], 0.0048810 secs] [Times: user=0.00 sys=0.00, real=0.01 secs] 
170.675: [GC (Allocation Failure) [PSYoungGen: 33626K->0K(47616K)] 187755K->164369K(519680K), 0.0009118 secs] [Times: user=0.00 sys=0.00, real=0.00 secs] 
171.329: [GC (Allocation Failure) [PSYoungGen: 42842K->2048K(47616K)] 360812K->320017K(519680K), 0.0007194 secs] [Times: user=0.00 sys=0.00, real=0.00 secs] 
172.201: [GC (Allocation Failure) [PSYoungGen: 44891K->1024K(47616K)] 362860K->334353K(519680K), 0.0015257 secs] [Times: user=0.00 sys=0.00, real=0.00 secs] 
172.528: [GC (Allocation Failure) [PSYoungGen: 32597K->1024K(47616K)] 417127K->385553K(519680K), 0.0007317 secs] [Times: user=0.00 sys=0.00, real=0.00 secs] 
172.529: [GC (Allocation Failure) [PSYoungGen: 1024K->1024K(47616K)] 385553K->385553K(519680K), 0.0006340 secs] [Times: user=0.00 sys=0.00, real=0.00 secs] 
172.530: [Full GC (Allocation Failure) [PSYoungGen: 1024K->0K(47616K)] [ParOldGen: 384529K->165393K(472064K)] 385553K->165393K(519680K), [Metaspace: 2796K->2796K(1056768K)], 0.0119061 secs] [Times: user=0.00 sys=0.00, real=0.01 secs] 
173.745: [GC (Allocation Failure) [PSYoungGen: 28503K->0K(47616K)] 296297K->288273K(519680K), 0.0015886 secs] [Times: user=0.00 sys=0.00, real=0.00 secs] 
174.622: [Full GC (Ergonomics) [PSYoungGen: 38745K->0K(47616K)] [ParOldGen: 441873K->21009K(472064K)] 480618K->21009K(519680K), [Metaspace: 2796K->2796K(1056768K)], 0.0030250 secs] [Times: user=0.00 sys=0.00, real=0.00 secs] 
175.167: [GC (Allocation Failure) [PSYoungGen: 36698K->0K(47616K)] 57707K->41489K(519680K), 0.0012936 secs] [Times: user=0.00 sys=0.00, real=0.00 secs] 
176.040: [GC (Allocation Failure) [PSYoungGen: 38740K->0K(47616K)] 233829K->205329K(519680K), 0.0010867 secs] [Times: user=0.00 sys=0.00, real=0.00 secs] 
176.587: [GC (Allocation Failure) [PSYoungGen: 36694K->0K(47616K)] 242024K->215569K(519680K), 0.0014695 secs] [Times: user=0.00 sys=0.00, real=0.00 secs] 
177.680: [GC (Allocation Failure) [PSYoungGen: 41809K->0K(47616K)] 257379K->225809K(519680K), 0.0009843 secs] [Times: user=0.00 sys=0.00, real=0.00 secs] 
178.007: [GC (Allocation Failure) [PSYoungGen: 26447K->0K(47616K)] 252256K->236049K(519680K), 0.0012790 secs] [Times: user=0.00 sys=0.00, real=0.00 secs] 
178.884: [GC (Allocation Failure) [PSYoungGen: 38730K->0K(47616K)] 428379K->394769K(519680K), 0.0009341 secs] [Times: user=0.00 sys=0.00, real=0.00 secs] 
179.430: [GC (Allocation Failure) [PSYoungGen: 36688K->0K(47616K)] 431458K->410129K(519680K), 0.0014998 secs] [Times: user=0.00 sys=0.00, real=0.00 secs] 
179.650: [Full GC (Ergonomics) [PSYoungGen: 21325K->0K(47616K)] [ParOldGen: 461329K->113169K(472064K)] 482655K->113169K(519680K), [Metaspace: 2796K->2796K(1056768K)], 0.0086327 secs] [Times: user=0.00 sys=0.00, real=0.01 secs] 
181.631: [GC (Allocation Failure) [PSYoungGen: 40781K->1024K(47616K)] 358751K->324113K(519680K), 0.0009478 secs] [Times: user=0.00 sys=0.00, real=0.00 secs] 
182.286: [GC (Allocation Failure) [PSYoungGen: 42834K->1024K(47616K)] 365924K->339473K(519680K), 0.0016570 secs] [Times: user=0.00 sys=0.00, real=0.00 secs] 
182.505: [GC (Allocation Failure) [PSYoungGen: 22351K->1024K(47616K)] 412001K->390673K(519680K), 0.0010012 secs] [Times: user=0.00 sys=0.00, real=0.00 secs] 
182.506: [GC (Allocation Failure) [PSYoungGen: 1024K->1024K(47616K)] 390673K->390673K(519680K), 0.0006745 secs] [Times: user=0.00 sys=0.00, real=0.00 secs] 
182.507: [Full GC (Allocation Failure) [PSYoungGen: 1024K->0K(47616K)] [ParOldGen: 389649K->57873K(472064K)] 390673K->57873K(519680K), [Metaspace: 2796K->2796K(1056768K)], 0.0052430 secs] [Times: user=0.00 sys=0.00, real=0.00 secs] 
183.503: [GC (Allocation Failure) [PSYoungGen: 33616K->1024K(47616K)] 193889K->166417K(519680K), 0.0007913 secs] [Times: user=0.00 sys=0.00, real=0.00 secs] 
184.159: [GC (Allocation Failure) [PSYoungGen: 43860K->2048K(47616K)] 362853K->331281K(519680K), 0.0015356 secs] [Times: user=0.00 sys=0.00, real=0.00 secs] 
185.142: [GC (Allocation Failure) [PSYoungGen: 29527K->0K(47616K)] 358760K->349713K(519680K), 0.0015883 secs] [Times: user=0.00 sys=0.00, real=0.00 secs] 
185.361: [GC (Allocation Failure) [PSYoungGen: 21327K->0K(47616K)] 422240K->400913K(519680K), 0.0009018 secs] [Times: user=0.00 sys=0.00, real=0.00 secs] 
185.362: [GC (Allocation Failure) [PSYoungGen: 0K->0K(47616K)] 400913K->400913K(519680K), 0.0008331 secs] [Times: user=0.00 sys=0.00, real=0.00 secs] 
185.363: [Full GC (Allocation Failure) [PSYoungGen: 0K->0K(47616K)] [ParOldGen: 400913K->61969K(472064K)] 400913K->61969K(519680K), [Metaspace: 2796K->2796K(1056768K)], 0.0057157 secs] [Times: user=0.00 sys=0.00, real=0.01 secs] 
186.365: [GC (Allocation Failure) [PSYoungGen: 33615K->0K(47616K)] 197984K->174609K(519680K), 0.0010250 secs] [Times: user=0.00 sys=0.00, real=0.00 secs] 
187.020: [GC (Allocation Failure) [PSYoungGen: 42835K->1024K(47616K)] 371045K->349713K(519680K), 0.0021414 secs] [Times: user=0.00 sys=0.00, real=0.00 secs] 
187.895: [GC (Allocation Failure) [PSYoungGen: 43862K->0K(47616K)] 392552K->364049K(519680K), 0.0014757 secs] [Times: user=0.00 sys=0.00, real=0.00 secs] 
188.989: [GC (Allocation Failure) [PSYoungGen: 41810K->0K(47616K)] 457060K->425489K(519680K), 0.0011402 secs] [Times: user=0.00 sys=0.00, real=0.00 secs] 
189.426: [GC (Allocation Failure) [PSYoungGen: 31574K->0K(47616K)] 457063K->435729K(519680K), 0.0013291 secs] [Times: user=0.00 sys=0.00, real=0.00 secs] 
189.428: [Full GC (Ergonomics) [PSYoungGen: 0K->0K(47616K)] [ParOldGen: 435729K->15889K(472064K)] 435729K->15889K(519680K), [Metaspace: 2796K->2796K(1056768K)], 0.0028382 secs] [Times: user=0.00 sys=0.00, real=0.00 secs] 
190.300: [GC (Allocation Failure) [PSYoungGen: 38736K->0K(47616K)] 208225K->174609K(519680K), 0.0008152 secs] [Times: user=0.00 sys=0.00, real=0.00 secs] 
190.850: [GC (Allocation Failure) [PSYoungGen: 36692K->0K(47616K)] 211301K->189969K(519680K), 0.0015360 secs] [Times: user=0.00 sys=0.00, real=0.00 secs] 
191.720: [GC (Allocation Failure) [PSYoungGen: 38736K->1056K(47616K)] 382305K->349745K(519680K), 0.0009324 secs] [Times: user=0.00 sys=0.00, real=0.00 secs] 
193.250: [GC (Allocation Failure) [PSYoungGen: 39796K->1056K(47616K)] 388485K->354865K(519680K), 0.0011855 secs] [Times: user=0.00 sys=0.00, real=0.00 secs] 
193.687: [GC (Allocation Failure) [PSYoungGen: 32624K->1056K(47616K)] 386434K->375345K(519680K), 0.0018751 secs] [Times: user=0.00 sys=0.00, real=0.00 secs] 
193.907: [GC (Allocation Failure) [PSYoungGen: 22380K->1056K(47616K)] 447870K->426545K(519680K), 0.0008333 secs] [Times: user=0.00 sys=0.00, real=0.00 secs] 
193.908: [GC (Allocation Failure) [PSYoungGen: 1056K->1056K(47616K)] 426545K->426545K(519680K), 0.0009157 secs] [Times: user=0.00 sys=0.00, real=0.00 secs] 
193.909: [Full GC (Allocation Failure) [PSYoungGen: 1056K->0K(47616K)] [ParOldGen: 425489K->62993K(472064K)] 426545K->62993K(519680K), [Metaspace: 2796K->2796K(1056768K)], 0.0055613 secs] [Times: user=0.00 sys=0.00, real=0.01 secs] 
194.905: [GC (Allocation Failure) [PSYoungGen: 33612K->64K(47616K)] 199006K->175697K(519680K), 0.0010574 secs] [Times: user=0.00 sys=0.00, real=0.00 secs] 
195.559: [GC (Allocation Failure) [PSYoungGen: 42898K->1088K(47616K)] 372131K->340561K(519680K), 0.0012837 secs] [Times: user=0.00 sys=0.00, real=0.00 secs] 
196.757: [GC (Allocation Failure) [PSYoungGen: 43925K->32K(47616K)] 434599K->411185K(519680K), 0.0019712 secs] [Times: user=0.00 sys=0.00, real=0.00 secs] 
196.759: [GC (Allocation Failure) [PSYoungGen: 32K->32K(47616K)] 411185K->411185K(519680K), 0.0009993 secs] [Times: user=0.00 sys=0.00, real=0.00 secs] 
196.760: [Full GC (Allocation Failure) [PSYoungGen: 32K->0K(47616K)] [ParOldGen: 411153K->72209K(472064K)] 411185K->72209K(519680K), [Metaspace: 2796K->2796K(1056768K)], 0.0062397 secs] [Times: user=0.02 sys=0.00, real=0.01 secs] 
197.761: [GC (Allocation Failure) [PSYoungGen: 33623K->0K(47616K)] 208233K->184849K(519680K), 0.0009827 secs] [Times: user=0.00 sys=0.00, real=0.00 secs] 
198.417: [GC (Allocation Failure) [PSYoungGen: 42841K->1024K(47616K)] 381291K->339473K(519680K), 0.0009884 secs] [Times: user=0.00 sys=0.00, real=0.00 secs] 
199.294: [GC (Allocation Failure) [PSYoungGen: 43866K->0K(47616K)] 382316K->353809K(519680K), 0.0015027 secs] [Times: user=0.00 sys=0.00, real=0.00 secs] 
199.620: [GC (Allocation Failure) [PSYoungGen: 31572K->0K(47616K)] 436582K->405009K(519680K), 0.0009679 secs] [Times: user=0.00 sys=0.00, real=0.00 secs] 
199.621: [GC (Allocation Failure) [PSYoungGen: 0K->0K(47616K)] 405009K->405009K(519680K), 0.0007953 secs] [Times: user=0.00 sys=0.00, real=0.00 secs] 
199.622: [Full GC (Allocation Failure) [PSYoungGen: 0K->0K(47616K)] [ParOldGen: 405009K->133649K(472064K)] 405009K->133649K(519680K), [Metaspace: 2796K->2796K(1056768K)], 0.0099844 secs] [Times: user=0.00 sys=0.00, real=0.01 secs] 
200.838: [GC (Allocation Failure) [PSYoungGen: 36695K->0K(47616K)] 272745K->251409K(519680K), 0.0015849 secs] [Times: user=0.00 sys=0.00, real=0.00 secs] 
201.712: [GC (Allocation Failure) [PSYoungGen: 38745K->1024K(47616K)] 443755K->411153K(519680K), 0.0011702 secs] [Times: user=0.00 sys=0.00, real=0.00 secs] 
202.259: [GC (Allocation Failure) [PSYoungGen: 37722K->1024K(47616K)] 447852K->426513K(519680K), 0.0014966 secs] [Times: user=0.00 sys=0.00, real=0.00 secs] 
202.367: [GC (Allocation Failure) [PSYoungGen: 22355K->1024K(47616K)] 447845K->446993K(519680K), 0.0021602 secs] [Times: user=0.00 sys=0.00, real=0.00 secs] 
202.370: [Full GC (Ergonomics) [PSYoungGen: 1024K->0K(47616K)] [ParOldGen: 445969K->32273K(472064K)] 446993K->32273K(519680K), [Metaspace: 2796K->2796K(1056768K)], 0.0037040 secs] [Times: user=0.00 sys=0.00, real=0.00 secs] 
203.459: [GC (Allocation Failure) [PSYoungGen: 33619K->1024K(47616K)] 219493K->192017K(519680K), 0.0010211 secs] [Times: user=0.00 sys=0.00, real=0.00 secs] 
204.882: [GC (Allocation Failure) [PSYoungGen: 43862K->0K(47616K)] 234856K->201233K(519680K), 0.0011548 secs] [Times: user=0.00 sys=0.00, real=0.00 secs] 
205.535: [GC (Allocation Failure) [PSYoungGen: 42834K->1024K(47616K)] 397668K->366097K(519680K), 0.0014859 secs] [Times: user=0.00 sys=0.00, real=0.00 secs] 
206.409: [GC (Allocation Failure) [PSYoungGen: 43862K->0K(47616K)] 408936K->380433K(519680K), 0.0015119 secs] [Times: user=0.00 sys=0.00, real=0.00 secs] 
206.735: [GC (Allocation Failure) [PSYoungGen: 31570K->0K(47616K)] 463204K->452113K(519680K), 0.0020298 secs] [Times: user=0.00 sys=0.00, real=0.00 secs] 
206.737: [Full GC (Ergonomics) [PSYoungGen: 0K->0K(47616K)] [ParOldGen: 452113K->92689K(472064K)] 452113K->92689K(519680K), [Metaspace: 2796K->2796K(1056768K)], 0.0074564 secs] [Times: user=0.00 sys=0.00, real=0.01 secs] 
208.501: [GC (Allocation Failure) [PSYoungGen: 40789K->1024K(47616K)] 389479K->349713K(519680K), 0.0008017 secs] [Times: user=0.00 sys=0.00, real=0.00 secs] 
209.263: [GC (Allocation Failure) [PSYoungGen: 42840K->0K(47616K)] 391529K->364049K(519680K), 0.0013829 secs] [Times: user=0.00 sys=0.00, real=0.00 secs] 
209.593: [GC (Allocation Failure) [PSYoungGen: 31571K->0K(47616K)] 446821K->415249K(519680K), 0.0007802 secs] [Times: user=0.00 sys=0.00, real=0.00 secs] 
209.594: [GC (Allocation Failure) [PSYoungGen: 0K->0K(47616K)] 415249K->415249K(519680K), 0.0013621 secs] [Times: user=0.00 sys=0.00, real=0.00 secs] 
209.596: [Full GC (Allocation Failure) [PSYoungGen: 0K->0K(47616K)] [ParOldGen: 415249K->108049K(472064K)] 415249K->108049K(519680K), [Metaspace: 2796K->2796K(1056768K)], 0.0090184 secs] [Times: user=0.00 sys=0.00, real=0.01 secs] 
210.597: [GC (Allocation Failure) [PSYoungGen: 33622K->0K(47616K)] 244072K->220689K(519680K), 0.0010715 secs] [Times: user=0.00 sys=0.00, real=0.00 secs] 
211.793: [GC (Allocation Failure) [PSYoungGen: 42840K->1024K(47616K)] 417130K->375313K(519680K), 0.0009712 secs] [Times: user=0.00 sys=0.00, real=0.00 secs] 
212.230: [GC (Allocation Failure) [PSYoungGen: 32601K->0K(47616K)] 406891K->389649K(519680K), 0.0013364 secs] [Times: user=0.00 sys=0.00, real=0.00 secs] 
212.449: [GC (Allocation Failure) [PSYoungGen: 21330K->0K(47616K)] 462180K->440849K(519680K), 0.0010709 secs] [Times: user=0.00 sys=0.00, real=0.00 secs] 
212.450: [Full GC (Ergonomics) [PSYoungGen: 0K->0K(47616K)] [ParOldGen: 440849K->56849K(472064K)] 440849K->56849K(519680K), [Metaspace: 2796K->2796K(1056768K)], 0.0053726 secs] [Times: user=0.02 sys=0.00, real=0.01 secs] 
213.437: [GC (Allocation Failure) [PSYoungGen: 33618K->1024K(47616K)] 192868K->165393K(519680K), 0.0010273 secs] [Times: user=0.00 sys=0.00, real=0.00 secs] 
214.096: [GC (Allocation Failure) [PSYoungGen: 43861K->2048K(47616K)] 361831K->330257K(519680K), 0.0013023 secs] [Times: user=0.00 sys=0.00, real=0.00 secs] 
214.969: [GC (Allocation Failure) [PSYoungGen: 44888K->1024K(47616K)] 373098K->344593K(519680K), 0.0015859 secs] [Times: user=0.00 sys=0.00, real=0.00 secs] 
216.279: [GC (Allocation Failure) [PSYoungGen: 42835K->0K(47616K)] 386405K->353809K(519680K), 0.0012352 secs] [Times: user=0.03 sys=0.00, real=0.00 secs] 
216.713: [GC (Allocation Failure) [PSYoungGen: 41808K->0K(47616K)] 446818K->425489K(519680K), 0.0020497 secs] [Times: user=0.00 sys=0.00, real=0.00 secs] 
216.715: [GC (Allocation Failure) [PSYoungGen: 0K->0K(47616K)] 425489K->425489K(519680K), 0.0007335 secs] [Times: user=0.00 sys=0.00, real=0.00 secs] 
216.715: [Full GC (Allocation Failure) [PSYoungGen: 0K->0K(47616K)] [ParOldGen: 425489K->77329K(472064K)] 425489K->77329K(519680K), [Metaspace: 2796K->2796K(1056768K)], 0.0067155 secs] [Times: user=0.00 sys=0.00, real=0.01 secs] 
217.711: [GC (Allocation Failure) [PSYoungGen: 33620K->0K(47616K)] 213350K->189969K(519680K), 0.0009024 secs] [Times: user=0.00 sys=0.00, real=0.00 secs] 
218.365: [GC (Allocation Failure) [PSYoungGen: 42839K->1024K(47616K)] 386409K->344593K(519680K), 0.0008731 secs] [Times: user=0.00 sys=0.00, real=0.00 secs] 
Heap
 PSYoungGen      total 47616K, used 24245K [0x00000000fcd00000, 0x0000000100000000, 0x0000000100000000)
  eden space 43008K, 53% used [0x00000000fcd00000,0x00000000fe3ad620,0x00000000ff700000)
  from space 4608K, 22% used [0x00000000ffb80000,0x00000000ffc80010,0x0000000100000000)
  to   space 4608K, 0% used [0x00000000ff700000,0x00000000ff700000,0x00000000ffb80000)
 ParOldGen       total 472064K, used 343569K [0x00000000e0000000, 0x00000000fcd00000, 0x00000000fcd00000)
  object space 472064K, 72% used [0x00000000e0000000,0x00000000f4f84760,0x00000000fcd00000)
 Metaspace       used 2804K, capacity 4486K, committed 4864K, reserved 1056768K
  class space    used 297K, capacity 386K, committed 512K, reserved 1048576K
