Java HotSpot(TM) 64-Bit Server VM (25.411-b09) for windows-amd64 JRE (1.8.0_411-b09), built on Mar 13 2024 07:26:13 by "java_re" with MS VC++ 17.1 (VS2022)
Memory: 4k page, physical 33403376k(11657232k free), swap 40595968k(6861888k free)
CommandLine flags: -XX:InitialHeapSize=2147483648 -XX:MaxHeapSize=2147483648 -XX:NewRatio=8 -XX:ParallelGCThreads=3 -XX:+PrintGC -XX:+PrintGCDetails -XX:+PrintGCTimeStamps -XX:-UseAdaptiveSizePolicy -XX:+UseCompressedClassPointers -XX:+UseCompressedOops -XX:-UseLargePagesIndividualAllocation -XX:+UseParallelGC 
2.519: [GC (Allocation Failure) [PSYoungGen: 172912K->22120K(204288K)] 275312K->124528K(2068480K), 0.0047791 secs] [Times: user=0.00 sys=0.02, real=0.00 secs] 
5.390: [GC (Allocation Failure) [PSYoungGen: 189472K->15944K(204288K)] 394280K->220752K(2068480K), 0.0039989 secs] [Times: user=0.00 sys=0.00, real=0.00 secs] 
7.057: [GC (Allocation Failure) [PSYoungGen: 174812K->26168K(204288K)] 482020K->369224K(2068480K), 0.0092666 secs] [Times: user=0.00 sys=0.00, real=0.01 secs] 
8.383: [GC (Allocation Failure) [PSYoungGen: 198640K->5688K(204288K)] 541696K->348744K(2068480K), 0.0014052 secs] [Times: user=0.00 sys=0.00, real=0.00 secs] 
9.970: [GC (Allocation Failure) [PSYoungGen: 152550K->26168K(204288K)] 598006K->522824K(2068480K), 0.0169423 secs] [Times: user=0.00 sys=0.01, real=0.02 secs] 
10.746: [GC (Allocation Failure) [PSYoungGen: 198633K->10808K(204288K)] 695289K->609864K(2068480K), 0.0315316 secs] [Times: user=0.00 sys=0.02, real=0.03 secs] 
12.879: [GC (Allocation Failure) [PSYoungGen: 174167K->26136K(204288K)] 875623K->727592K(2068480K), 0.0033253 secs] [Times: user=0.00 sys=0.00, real=0.00 secs] 
13.642: [GC (Allocation Failure) [PSYoungGen: 198598K->11800K(204288K)] 900055K->713256K(2068480K), 0.0021033 secs] [Times: user=0.00 sys=0.00, real=0.00 secs] 
16.405: [GC (Allocation Failure) [PSYoungGen: 184248K->10776K(204288K)] 988105K->814640K(2068480K), 0.0020648 secs] [Times: user=0.00 sys=0.00, real=0.00 secs] 
18.506: [GC (Allocation Failure) [PSYoungGen: 178113K->26168K(204288K)] 1084377K->947792K(2068480K), 0.0069384 secs] [Times: user=0.00 sys=0.00, real=0.01 secs] 
21.090: [GC (Allocation Failure) [PSYoungGen: 199654K->10824K(204288K)] 1326078K->1137248K(2068480K), 0.0025325 secs] [Times: user=0.00 sys=0.00, real=0.00 secs] 
22.973: [GC (Allocation Failure) [PSYoungGen: 183290K->27192K(204288K)] 1412114K->1261136K(2068480K), 0.0046907 secs] [Times: user=0.00 sys=0.00, real=0.00 secs] 
24.172: [GC (Allocation Failure) [PSYoungGen: 199660K->10776K(204288K)] 1433604K->1244720K(2068480K), 0.0042176 secs] [Times: user=0.00 sys=0.00, real=0.00 secs] 
25.843: [GC (Allocation Failure) [PSYoungGen: 167875K->26168K(204288K)] 1504219K->1382992K(2068480K), 0.0154718 secs] [Times: user=0.00 sys=0.00, real=0.02 secs] 
26.618: [GC (Allocation Failure) [PSYoungGen: 198632K->26168K(204288K)] 1555456K->1393232K(2068480K), 0.0065739 secs] [Times: user=0.00 sys=0.00, real=0.01 secs] 
28.690: [GC (Allocation Failure) [PSYoungGen: 153286K->25632K(204288K)] 1520351K->1393240K(2068480K), 0.0043367 secs] [Times: user=0.00 sys=0.00, real=0.00 secs] 
29.456: [GC (Allocation Failure) [PSYoungGen: 198072K->10272K(204288K)] 1565681K->1429088K(2068480K), 0.0511341 secs] [Times: user=0.02 sys=0.03, real=0.05 secs] 
32.884: [GC (Allocation Failure) [PSYoungGen: 178603K->6176K(204288K)] 1802219K->1629800K(2068480K), 0.0036617 secs] [Times: user=0.00 sys=0.00, real=0.00 secs] 
34.775: [GC (Allocation Failure) [PSYoungGen: 173499K->27680K(204288K)] 1899523K->1763944K(2068480K), 0.0312197 secs] [Times: user=0.01 sys=0.02, real=0.03 secs] 
36.005: [GC (Allocation Failure) [PSYoungGen: 200133K->10272K(204288K)] 1936397K->1746536K(2068480K), 0.0046384 secs] [Times: user=0.00 sys=0.00, real=0.00 secs] 
37.738: [Full GC (Ergonomics) [PSYoungGen: 167361K->0K(204288K)] [ParOldGen: 1838664K->36369K(1864192K)] 2006026K->36369K(2068480K), [Metaspace: 2793K->2793K(1056768K)], 0.0399480 secs] [Times: user=0.02 sys=0.03, real=0.04 secs] 
38.545: [GC (Allocation Failure) [PSYoungGen: 172457K->10240K(204288K)] 208827K->46609K(2068480K), 0.0008351 secs] [Times: user=0.00 sys=0.00, real=0.00 secs] 
40.618: [GC (Allocation Failure) [PSYoungGen: 182692K->25600K(204288K)] 219062K->61969K(2068480K), 0.0029312 secs] [Times: user=0.00 sys=0.00, real=0.00 secs] 
41.379: [GC (Allocation Failure) [PSYoungGen: 198049K->10240K(204288K)] 234418K->149009K(2068480K), 0.0156123 secs] [Times: user=0.00 sys=0.00, real=0.01 secs] 
44.572: [GC (Allocation Failure) [PSYoungGen: 183696K->6144K(204288K)] 424866K->247313K(2068480K), 0.0007882 secs] [Times: user=0.00 sys=0.00, real=0.00 secs] 
46.317: [GC (Allocation Failure) [PSYoungGen: 173470K->26624K(204288K)] 517040K->390673K(2068480K), 0.0032087 secs] [Times: user=0.00 sys=0.00, real=0.00 secs] 
47.514: [GC (Allocation Failure) [PSYoungGen: 193959K->5120K(204288K)] 558009K->369169K(2068480K), 0.0010366 secs] [Times: user=0.00 sys=0.00, real=0.00 secs] 
49.152: [GC (Allocation Failure) [PSYoungGen: 162210K->25600K(204288K)] 628660K->512529K(2068480K), 0.0033600 secs] [Times: user=0.00 sys=0.00, real=0.00 secs] 
49.916: [GC (Allocation Failure) [PSYoungGen: 198058K->10240K(204288K)] 684987K->548369K(2068480K), 0.0052356 secs] [Times: user=0.00 sys=0.00, real=0.00 secs] 
51.992: [GC (Allocation Failure) [PSYoungGen: 177573K->25600K(204288K)] 818102K->666129K(2068480K), 0.0027390 secs] [Times: user=0.00 sys=0.00, real=0.00 secs] 
52.759: [GC (Allocation Failure) [PSYoungGen: 198059K->11264K(204288K)] 838589K->651793K(2068480K), 0.0019840 secs] [Times: user=0.00 sys=0.00, real=0.00 secs] 
55.709: [GC (Allocation Failure) [PSYoungGen: 183703K->10240K(204288K)] 926633K->753169K(2068480K), 0.0016193 secs] [Times: user=0.00 sys=0.00, real=0.00 secs] 
57.563: [GC (Allocation Failure) [PSYoungGen: 167331K->20480K(204288K)] 1012660K->876049K(2068480K), 0.0034988 secs] [Times: user=0.00 sys=0.00, real=0.00 secs] 
59.745: [GC (Allocation Failure) [PSYoungGen: 193962K->5120K(204288K)] 1254332K->1116689K(2068480K), 0.0055331 secs] [Times: user=0.00 sys=0.00, real=0.00 secs] 
61.811: [GC (Allocation Failure) [PSYoungGen: 172463K->20480K(204288K)] 1386433K->1234449K(2068480K), 0.0028261 secs] [Times: user=0.00 sys=0.00, real=0.00 secs] 
63.339: [GC (Allocation Failure) [PSYoungGen: 146866K->25600K(204288K)] 1463236K->1341969K(2068480K), 0.0033701 secs] [Times: user=0.00 sys=0.00, real=0.00 secs] 
64.100: [GC (Allocation Failure) [PSYoungGen: 198068K->11264K(204288K)] 1514438K->1327633K(2068480K), 0.0022171 secs] [Times: user=0.00 sys=0.00, real=0.00 secs] 
66.830: [GC (Allocation Failure) [PSYoungGen: 183716K->10240K(204288K)] 1602486K->1429009K(2068480K), 0.0021002 secs] [Times: user=0.00 sys=0.00, real=0.00 secs] 
68.905: [GC (Allocation Failure) [PSYoungGen: 177579K->20480K(204288K)] 1698749K->1562129K(2068480K), 0.0050765 secs] [Times: user=0.00 sys=0.00, real=0.00 secs] 
71.418: [GC (Allocation Failure) [PSYoungGen: 193968K->5120K(204288K)] 1940417K->1751569K(2068480K), 0.0023368 secs] [Times: user=0.00 sys=0.00, real=0.00 secs] 
73.278: [Full GC (Ergonomics) [PSYoungGen: 177587K->0K(204288K)] [ParOldGen: 1848849K->134673K(1864192K)] 2026436K->134673K(2068480K), [Metaspace: 2796K->2796K(1056768K)], 0.0122857 secs] [Times: user=0.02 sys=0.00, real=0.01 secs] 
74.489: [GC (Allocation Failure) [PSYoungGen: 172468K->20480K(204288K)] 307142K->155153K(2068480K), 0.0013962 secs] [Times: user=0.00 sys=0.00, real=0.00 secs] 
76.122: [GC (Allocation Failure) [PSYoungGen: 177579K->25600K(204288K)] 414653K->283153K(2068480K), 0.0032664 secs] [Times: user=0.00 sys=0.00, real=0.00 secs] 
76.884: [GC (Allocation Failure) [PSYoungGen: 198064K->15360K(204288K)] 455617K->272913K(2068480K), 0.0013375 secs] [Times: user=0.00 sys=0.00, real=0.00 secs] 
78.951: [GC (Allocation Failure) [PSYoungGen: 141736K->25600K(204288K)] 399290K->283153K(2068480K), 0.0024181 secs] [Times: user=0.00 sys=0.00, real=0.00 secs] 
79.710: [GC (Allocation Failure) [PSYoungGen: 198048K->10240K(204288K)] 455601K->318993K(2068480K), 0.0153343 secs] [Times: user=0.00 sys=0.00, real=0.02 secs] 
82.911: [GC (Allocation Failure) [PSYoungGen: 178576K->11264K(204288K)] 692129K->524817K(2068480K), 0.0012234 secs] [Times: user=0.00 sys=0.00, real=0.00 secs] 
84.653: [GC (Allocation Failure) [PSYoungGen: 178590K->27648K(204288K)] 794543K->653841K(2068480K), 0.0032644 secs] [Times: user=0.00 sys=0.00, real=0.00 secs] 
85.850: [GC (Allocation Failure) [PSYoungGen: 200103K->10240K(204288K)] 826296K->636433K(2068480K), 0.0018451 secs] [Times: user=0.00 sys=0.00, real=0.00 secs] 
87.481: [GC (Allocation Failure) [PSYoungGen: 167331K->15360K(204288K)] 895924K->784913K(2068480K), 0.0041029 secs] [Times: user=0.00 sys=0.00, real=0.00 secs] 
88.245: [GC (Allocation Failure) [PSYoungGen: 187818K->20480K(204288K)] 957372K->790033K(2068480K), 0.0022548 secs] [Times: user=0.00 sys=0.00, real=0.00 secs] 
90.315: [GC (Allocation Failure) [PSYoungGen: 192933K->25600K(204288K)] 962486K->795153K(2068480K), 0.0030595 secs] [Times: user=0.02 sys=0.00, real=0.00 secs] 
91.074: [GC (Allocation Failure) [PSYoungGen: 198049K->10240K(204288K)] 967603K->882193K(2068480K), 0.0153293 secs] [Times: user=0.00 sys=0.00, real=0.01 secs] 
94.251: [GC (Allocation Failure) [PSYoungGen: 183696K->6144K(204288K)] 1158050K->980497K(2068480K), 0.0016913 secs] [Times: user=0.00 sys=0.00, real=0.00 secs] 
95.998: [GC (Allocation Failure) [PSYoungGen: 173470K->26624K(204288K)] 1250224K->1123857K(2068480K), 0.0045398 secs] [Times: user=0.00 sys=0.00, real=0.00 secs] 
97.192: [GC (Allocation Failure) [PSYoungGen: 193959K->5120K(204288K)] 1291193K->1102353K(2068480K), 0.0017355 secs] [Times: user=0.00 sys=0.00, real=0.00 secs] 
98.822: [GC (Allocation Failure) [PSYoungGen: 162211K->25600K(204288K)] 1361844K->1245713K(2068480K), 0.0040258 secs] [Times: user=0.00 sys=0.00, real=0.00 secs] 
99.585: [GC (Allocation Failure) [PSYoungGen: 198058K->25600K(204288K)] 1418172K->1302033K(2068480K), 0.0073755 secs] [Times: user=0.00 sys=0.00, real=0.01 secs] 
101.671: [GC (Allocation Failure) [PSYoungGen: 192933K->25600K(204288K)] 1571766K->1404433K(2068480K), 0.0032696 secs] [Times: user=0.00 sys=0.00, real=0.00 secs] 
102.438: [GC (Allocation Failure) [PSYoungGen: 198059K->11264K(204288K)] 1576893K->1390097K(2068480K), 0.0023486 secs] [Times: user=0.00 sys=0.00, real=0.00 secs] 
105.383: [GC (Allocation Failure) [PSYoungGen: 183703K->10240K(204288K)] 1664937K->1491473K(2068480K), 0.0022792 secs] [Times: user=0.00 sys=0.00, real=0.00 secs] 
107.239: [GC (Allocation Failure) [PSYoungGen: 167331K->20480K(204288K)] 1750964K->1614353K(2068480K), 0.0042933 secs] [Times: user=0.00 sys=0.00, real=0.00 secs] 
109.417: [Full GC (Ergonomics) [PSYoungGen: 193962K->0K(204288K)] [ParOldGen: 1798673K->56849K(1864192K)] 1992636K->56849K(2068480K), [Metaspace: 2796K->2796K(1056768K)], 0.0078295 secs] [Times: user=0.00 sys=0.00, real=0.01 secs] 
111.505: [GC (Allocation Failure) [PSYoungGen: 167343K->20480K(204288K)] 326592K->179729K(2068480K), 0.0017463 secs] [Times: user=0.00 sys=0.00, real=0.00 secs] 
113.033: [GC (Allocation Failure) [PSYoungGen: 146866K->25600K(204288K)] 408515K->287249K(2068480K), 0.0022585 secs] [Times: user=0.00 sys=0.00, real=0.00 secs] 
113.798: [GC (Allocation Failure) [PSYoungGen: 198068K->11264K(204288K)] 459717K->272913K(2068480K), 0.0011205 secs] [Times: user=0.00 sys=0.00, real=0.00 secs] 
116.524: [GC (Allocation Failure) [PSYoungGen: 183716K->10240K(204288K)] 547765K->374289K(2068480K), 0.0011087 secs] [Times: user=0.00 sys=0.00, real=0.00 secs] 
118.599: [GC (Allocation Failure) [PSYoungGen: 177579K->20480K(204288K)] 644028K->507409K(2068480K), 0.0038058 secs] [Times: user=0.00 sys=0.00, real=0.00 secs] 
121.141: [GC (Allocation Failure) [PSYoungGen: 193968K->10240K(204288K)] 885697K->701969K(2068480K), 0.0012438 secs] [Times: user=0.00 sys=0.00, real=0.00 secs] 
122.996: [GC (Allocation Failure) [PSYoungGen: 182707K->11264K(204288K)] 976836K->825873K(2068480K), 0.0030906 secs] [Times: user=0.00 sys=0.00, real=0.00 secs] 
124.196: [GC (Allocation Failure) [PSYoungGen: 183732K->20480K(204288K)] 998342K->835089K(2068480K), 0.0019295 secs] [Times: user=0.00 sys=0.00, real=0.00 secs] 
125.830: [GC (Allocation Failure) [PSYoungGen: 177579K->25600K(204288K)] 1094589K->963089K(2068480K), 0.0038498 secs] [Times: user=0.00 sys=0.00, real=0.00 secs] 
126.590: [GC (Allocation Failure) [PSYoungGen: 198064K->25600K(204288K)] 1135553K->973329K(2068480K), 0.0032956 secs] [Times: user=0.00 sys=0.00, real=0.00 secs] 
128.659: [GC (Allocation Failure) [PSYoungGen: 151976K->25600K(204288K)] 1099706K->973329K(2068480K), 0.0035135 secs] [Times: user=0.00 sys=0.00, real=0.00 secs] 
129.421: [GC (Allocation Failure) [PSYoungGen: 198048K->10240K(204288K)] 1145777K->1009169K(2068480K), 0.0057444 secs] [Times: user=0.00 sys=0.00, real=0.01 secs] 
132.582: [GC (Allocation Failure) [PSYoungGen: 178576K->11264K(204288K)] 1382305K->1214993K(2068480K), 0.0020501 secs] [Times: user=0.00 sys=0.00, real=0.00 secs] 
134.326: [GC (Allocation Failure) [PSYoungGen: 178590K->27648K(204288K)] 1484719K->1344017K(2068480K), 0.0043244 secs] [Times: user=0.00 sys=0.00, real=0.00 secs] 
135.524: [GC (Allocation Failure) [PSYoungGen: 200103K->10240K(204288K)] 1516472K->1326609K(2068480K), 0.0024337 secs] [Times: user=0.00 sys=0.00, real=0.00 secs] 
137.165: [GC (Allocation Failure) [PSYoungGen: 167331K->25600K(204288K)] 1586100K->1454609K(2068480K), 0.0041245 secs] [Times: user=0.00 sys=0.00, real=0.00 secs] 
137.930: [GC (Allocation Failure) [PSYoungGen: 198058K->10240K(204288K)] 1627068K->1459729K(2068480K), 0.0038976 secs] [Times: user=0.00 sys=0.00, real=0.00 secs] 
140.008: [GC (Allocation Failure) [PSYoungGen: 182693K->25600K(204288K)] 1632182K->1475089K(2068480K), 0.0036261 secs] [Times: user=0.00 sys=0.00, real=0.00 secs] 
140.770: [GC (Allocation Failure) [PSYoungGen: 198049K->10240K(204288K)] 1647539K->1562129K(2068480K), 0.0155075 secs] [Times: user=0.00 sys=0.00, real=0.02 secs] 
143.951: [GC (Allocation Failure) [PSYoungGen: 183696K->6144K(204288K)] 1837986K->1660433K(2068480K), 0.0023060 secs] [Times: user=0.00 sys=0.00, real=0.00 secs] 
145.696: [GC (Allocation Failure) [PSYoungGen: 173470K->26624K(204288K)] 1930160K->1803793K(2068480K), 0.0053839 secs] [Times: user=0.00 sys=0.00, real=0.01 secs] 
146.895: [GC (Allocation Failure) [PSYoungGen: 193959K->5120K(204288K)] 1971129K->1782289K(2068480K), 0.0025576 secs] [Times: user=0.00 sys=0.00, real=0.00 secs] 
147.221: [GC (Allocation Failure) [PSYoungGen: 90530K->20480K(204288K)] 1867700K->1848849K(2068480K), 0.0083706 secs] [Times: user=0.00 sys=0.00, real=0.01 secs] 
147.230: [Full GC (Ergonomics) [PSYoungGen: 20480K->0K(204288K)] [ParOldGen: 1828369K->72209K(1864192K)] 1848849K->72209K(2068480K), [Metaspace: 2796K->2796K(1056768K)], 0.0091356 secs] [Times: user=0.00 sys=0.00, real=0.01 secs] 
148.439: [GC (Allocation Failure) [PSYoungGen: 157090K->15360K(204288K)] 229300K->87569K(2068480K), 0.0016607 secs] [Times: user=0.00 sys=0.00, real=0.00 secs] 
149.965: [GC (Allocation Failure) [PSYoungGen: 162191K->25600K(204288K)] 336800K->256529K(2068480K), 0.0057203 secs] [Times: user=0.00 sys=0.00, real=0.00 secs] 
151.058: [GC (Allocation Failure) [PSYoungGen: 198045K->10240K(204288K)] 428974K->241169K(2068480K), 0.0014982 secs] [Times: user=0.00 sys=0.00, real=0.00 secs] 
152.801: [GC (Allocation Failure) [PSYoungGen: 177564K->26624K(204288K)] 510894K->365073K(2068480K), 0.0028166 secs] [Times: user=0.00 sys=0.00, real=0.00 secs] 
153.564: [GC (Allocation Failure) [PSYoungGen: 199078K->12288K(204288K)] 537527K->350737K(2068480K), 0.0014559 secs] [Times: user=0.00 sys=0.00, real=0.00 secs] 
156.511: [GC (Allocation Failure) [PSYoungGen: 184738K->25600K(204288K)] 625588K->466449K(2068480K), 0.0020790 secs] [Times: user=0.00 sys=0.00, real=0.00 secs] 
158.475: [GC (Allocation Failure) [PSYoungGen: 167338K->20480K(204288K)] 710587K->563729K(2068480K), 0.0023199 secs] [Times: user=0.00 sys=0.00, real=0.00 secs] 
159.236: [GC (Allocation Failure) [PSYoungGen: 192943K->5120K(204288K)] 736192K->599569K(2068480K), 0.0048962 secs] [Times: user=0.01 sys=0.00, real=0.00 secs] 
161.193: [GC (Allocation Failure) [PSYoungGen: 167336K->20480K(204288K)] 864185K->717329K(2068480K), 0.0021197 secs] [Times: user=0.00 sys=0.00, real=0.00 secs] 
162.720: [GC (Allocation Failure) [PSYoungGen: 146861K->25600K(204288K)] 946111K->824849K(2068480K), 0.0027506 secs] [Times: user=0.00 sys=0.00, real=0.00 secs] 
163.480: [GC (Allocation Failure) [PSYoungGen: 198065K->11264K(204288K)] 997315K->810513K(2068480K), 0.0017506 secs] [Times: user=0.00 sys=0.00, real=0.00 secs] 
166.196: [GC (Allocation Failure) [PSYoungGen: 183714K->10240K(204288K)] 1085364K->911889K(2068480K), 0.0016493 secs] [Times: user=0.00 sys=0.00, real=0.00 secs] 
168.283: [GC (Allocation Failure) [PSYoungGen: 177578K->20480K(204288K)] 1181627K->1045009K(2068480K), 0.0046166 secs] [Times: user=0.00 sys=0.00, real=0.00 secs] 
170.789: [GC (Allocation Failure) [PSYoungGen: 193967K->5120K(204288K)] 1423296K->1234449K(2068480K), 0.0017834 secs] [Times: user=0.00 sys=0.00, real=0.00 secs] 
172.639: [GC (Allocation Failure) [PSYoungGen: 177586K->11264K(204288K)] 1509316K->1363473K(2068480K), 0.0035205 secs] [Times: user=0.00 sys=0.00, real=0.00 secs] 
173.838: [GC (Allocation Failure) [PSYoungGen: 183732K->20480K(204288K)] 1535942K->1372689K(2068480K), 0.0031349 secs] [Times: user=0.00 sys=0.00, real=0.00 secs] 
175.475: [GC (Allocation Failure) [PSYoungGen: 177579K->25600K(204288K)] 1632189K->1500689K(2068480K), 0.0046417 secs] [Times: user=0.00 sys=0.00, real=0.00 secs] 
176.232: [GC (Allocation Failure) [PSYoungGen: 198064K->25600K(204288K)] 1673153K->1510929K(2068480K), 0.0047148 secs] [Times: user=0.00 sys=0.00, real=0.00 secs] 
178.305: [GC (Allocation Failure) [PSYoungGen: 151976K->25600K(204288K)] 1637306K->1510929K(2068480K), 0.0037708 secs] [Times: user=0.00 sys=0.00, real=0.00 secs] 
179.068: [GC (Allocation Failure) [PSYoungGen: 198048K->10240K(204288K)] 1683377K->1546769K(2068480K), 0.0062300 secs] [Times: user=0.00 sys=0.00, real=0.01 secs] 
182.235: [GC (Allocation Failure) [PSYoungGen: 178576K->6144K(204288K)] 1919905K->1747473K(2068480K), 0.0040060 secs] [Times: user=0.00 sys=0.00, real=0.00 secs] 
183.978: [Full GC (Ergonomics) [PSYoungGen: 173470K->0K(204288K)] [ParOldGen: 1843729K->38912K(1864192K)] 2017199K->38912K(2068480K), [Metaspace: 2796K->2796K(1056768K)], 0.0063835 secs] [Times: user=0.00 sys=0.00, real=0.01 secs] 
185.180: [GC (Allocation Failure) [PSYoungGen: 172455K->10240K(204288K)] 211367K->49152K(2068480K), 0.0011592 secs] [Times: user=0.00 sys=0.00, real=0.00 secs] 
186.809: [GC (Allocation Failure) [PSYoungGen: 167331K->15360K(204288K)] 308643K->197632K(2068480K), 0.0038397 secs] [Times: user=0.00 sys=0.00, real=0.00 secs] 
187.576: [GC (Allocation Failure) [PSYoungGen: 187818K->20480K(204288K)] 370090K->202752K(2068480K), 0.0017676 secs] [Times: user=0.00 sys=0.00, real=0.00 secs] 
189.644: [GC (Allocation Failure) [PSYoungGen: 192933K->25600K(204288K)] 375205K->207872K(2068480K), 0.0022967 secs] [Times: user=0.00 sys=0.00, real=0.00 secs] 
190.410: [GC (Allocation Failure) [PSYoungGen: 198049K->10240K(204288K)] 380321K->294912K(2068480K), 0.0156047 secs] [Times: user=0.00 sys=0.00, real=0.02 secs] 
193.583: [GC (Allocation Failure) [PSYoungGen: 183696K->6176K(204288K)] 570769K->393248K(2068480K), 0.0012930 secs] [Times: user=0.00 sys=0.00, real=0.00 secs] 
195.323: [GC (Allocation Failure) [PSYoungGen: 173502K->26688K(204288K)] 662974K->536640K(2068480K), 0.0036188 secs] [Times: user=0.00 sys=0.00, real=0.00 secs] 
196.524: [GC (Allocation Failure) [PSYoungGen: 194023K->5152K(204288K)] 703975K->515104K(2068480K), 0.0015481 secs] [Times: user=0.00 sys=0.00, real=0.00 secs] 
198.158: [GC (Allocation Failure) [PSYoungGen: 162243K->25664K(204288K)] 774595K->658496K(2068480K), 0.0039317 secs] [Times: user=0.00 sys=0.00, real=0.00 secs] 
198.920: [GC (Allocation Failure) [PSYoungGen: 198122K->10272K(204288K)] 830954K->694304K(2068480K), 0.0061024 secs] [Times: user=0.00 sys=0.00, real=0.01 secs] 
200.991: [GC (Allocation Failure) [PSYoungGen: 177605K->25664K(204288K)] 964037K->812096K(2068480K), 0.0035011 secs] [Times: user=0.00 sys=0.00, real=0.00 secs] 
201.754: [GC (Allocation Failure) [PSYoungGen: 198123K->11328K(204288K)] 984556K->797760K(2068480K), 0.0023218 secs] [Times: user=0.00 sys=0.00, real=0.00 secs] 
204.702: [GC (Allocation Failure) [PSYoungGen: 183767K->10272K(204288K)] 1072599K->899104K(2068480K), 0.0026433 secs] [Times: user=0.00 sys=0.00, real=0.00 secs] 
206.548: [GC (Allocation Failure) [PSYoungGen: 167363K->25664K(204288K)] 1158595K->1022016K(2068480K), 0.0037998 secs] [Times: user=0.00 sys=0.00, real=0.00 secs] 
208.745: [GC (Allocation Failure) [PSYoungGen: 199146K->5184K(204288K)] 1400298K->1257536K(2068480K), 0.0099257 secs] [Times: user=0.02 sys=0.00, real=0.01 secs] 
210.831: [GC (Allocation Failure) [PSYoungGen: 172527K->20544K(204288K)] 1527279K->1375296K(2068480K), 0.0042015 secs] [Times: user=0.00 sys=0.00, real=0.01 secs] 
212.359: [GC (Allocation Failure) [PSYoungGen: 146930K->25632K(204288K)] 1604082K->1482784K(2068480K), 0.0049463 secs] [Times: user=0.00 sys=0.00, real=0.00 secs] 
213.123: [GC (Allocation Failure) [PSYoungGen: 198100K->11328K(204288K)] 1655252K->1468480K(2068480K), 0.0038358 secs] [Times: user=0.00 sys=0.00, real=0.00 secs] 
215.850: [GC (Allocation Failure) [PSYoungGen: 183780K->10272K(204288K)] 1743332K->1569824K(2068480K), 0.0039683 secs] [Times: user=0.00 sys=0.00, real=0.00 secs] 
217.921: [GC (Allocation Failure) [PSYoungGen: 177611K->20544K(204288K)] 1839563K->1702976K(2068480K), 0.0061314 secs] [Times: user=0.00 sys=0.00, real=0.01 secs] 
Heap
 PSYoungGen      total 204288K, used 119720K [0x00000000f1c80000, 0x0000000100000000, 0x0000000100000000)
  eden space 175616K, 56% used [0x00000000f1c80000,0x00000000f7d5a248,0x00000000fc800000)
  from space 28672K, 71% used [0x00000000fe400000,0x00000000ff810030,0x0000000100000000)
  to   space 28672K, 0% used [0x00000000fc800000,0x00000000fc800000,0x00000000fe400000)
 ParOldGen       total 1864192K, used 1784832K [0x0000000080000000, 0x00000000f1c80000, 0x00000000f1c80000)
  object space 1864192K, 95% used [0x0000000080000000,0x00000000ecf001c0,0x00000000f1c80000)
 Metaspace       used 2804K, capacity 4486K, committed 4864K, reserved 1056768K
  class space    used 297K, capacity 386K, committed 512K, reserved 1048576K
