Java HotSpot(TM) 64-Bit Server VM (25.411-b09) for windows-amd64 JRE (1.8.0_411-b09), built on Mar 13 2024 07:26:13 by "java_re" with MS VC++ 17.1 (VS2022)
Memory: 4k page, physical 33403376k(14424076k free), swap 37876016k(5939604k free)
CommandLine flags: -XX:InitialHeapSize=1073741824 -XX:MaxHeapSize=1073741824 -XX:NewRatio=5 -XX:ParallelGCThreads=6 -XX:+PrintGC -XX:+PrintGCDetails -XX:+PrintGCTimeStamps -XX:-UseAdaptiveSizePolicy -XX:+UseCompressedClassPointers -XX:+UseCompressedOops -XX:-UseLargePagesIndividualAllocation -XX:+UseParallelGC 
1.737: [GC (Allocation Failure) [PSYoungGen: 131215K->7872K(153088K)] 233615K->110280K(1027072K), 0.0025078 secs] [Times: user=0.00 sys=0.00, real=0.00 secs] 
3.302: [GC (Allocation Failure) [PSYoungGen: 138504K->18008K(153088K)] 343312K->222824K(1027072K), 0.0033363 secs] [Times: user=0.00 sys=0.00, real=0.00 secs] 
5.593: [GC (Allocation Failure) [PSYoungGen: 128160K->15992K(153088K)] 332976K->241288K(1027072K), 0.0160393 secs] [Times: user=0.00 sys=0.00, real=0.02 secs] 
7.057: [GC (Allocation Failure) [PSYoungGen: 142815K->21048K(153088K)] 470511K->389712K(1027072K), 0.0153808 secs] [Times: user=0.00 sys=0.00, real=0.02 secs] 
8.519: [GC (Allocation Failure) [PSYoungGen: 110716K->21112K(153088K)] 581780K->492184K(1027072K), 0.0037744 secs] [Times: user=0.00 sys=0.00, real=0.00 secs] 
9.974: [GC (Allocation Failure) [PSYoungGen: 146621K->21128K(153088K)] 720094K->650920K(1027072K), 0.0178346 secs] [Times: user=0.03 sys=0.00, real=0.02 secs] 
11.442: [GC (Allocation Failure) [PSYoungGen: 146638K->21144K(153088K)] 878830K->758456K(1027072K), 0.0025666 secs] [Times: user=0.00 sys=0.00, real=0.00 secs] 
12.892: [Full GC (Ergonomics) [PSYoungGen: 127030K->0K(153088K)] [ParOldGen: 839712K->26129K(873984K)] 966742K->26129K(1027072K), [Metaspace: 2763K->2763K(1056768K)], 0.0148715 secs] [Times: user=0.00 sys=0.00, real=0.02 secs] 
14.322: [GC (Allocation Failure) [PSYoungGen: 125511K->20480K(153088K)] 254040K->160273K(1027072K), 0.0026087 secs] [Times: user=0.00 sys=0.00, real=0.00 secs] 
16.723: [GC (Allocation Failure) [PSYoungGen: 151111K->10240K(153088K)] 393304K->252433K(1027072K), 0.0014295 secs] [Times: user=0.00 sys=0.00, real=0.00 secs] 
18.250: [GC (Allocation Failure) [PSYoungGen: 140871K->15360K(153088K)] 485464K->380433K(1027072K), 0.0029132 secs] [Times: user=0.00 sys=0.00, real=0.00 secs] 
19.998: [GC (Allocation Failure) [PSYoungGen: 130631K->5120K(153088K)] 598104K->472593K(1027072K), 0.0017847 secs] [Times: user=0.00 sys=0.00, real=0.00 secs] 
21.411: [GC (Allocation Failure) [PSYoungGen: 130631K->5120K(153088K)] 700505K->595473K(1027072K), 0.0022666 secs] [Times: user=0.00 sys=0.00, real=0.00 secs] 
22.829: [GC (Allocation Failure) [PSYoungGen: 130631K->11264K(153088K)] 823385K->724497K(1027072K), 0.0027026 secs] [Times: user=0.00 sys=0.00, real=0.00 secs] 
24.243: [Full GC (Ergonomics) [PSYoungGen: 111175K->0K(153088K)] [ParOldGen: 815633K->31249K(873984K)] 926809K->31249K(1027072K), [Metaspace: 2779K->2779K(1056768K)], 0.0053985 secs] [Times: user=0.02 sys=0.00, real=0.00 secs] 
25.665: [GC (Allocation Failure) [PSYoungGen: 125511K->15360K(153088K)] 259160K->169489K(1027072K), 0.0026499 secs] [Times: user=0.00 sys=0.00, real=0.00 secs] 
27.733: [GC (Allocation Failure) [PSYoungGen: 145991K->5120K(153088K)] 402521K->261649K(1027072K), 0.0009029 secs] [Times: user=0.00 sys=0.00, real=0.00 secs] 
29.259: [GC (Allocation Failure) [PSYoungGen: 136307K->10272K(153088K)] 495237K->420409K(1027072K), 0.0050192 secs] [Times: user=0.00 sys=0.00, real=0.00 secs] 
30.784: [GC (Allocation Failure) [PSYoungGen: 140903K->15424K(153088K)] 653441K->527961K(1027072K), 0.0016265 secs] [Times: user=0.00 sys=0.00, real=0.00 secs] 
32.201: [GC (Allocation Failure) [PSYoungGen: 146055K->6208K(153088K)] 658593K->518745K(1027072K), 0.0011832 secs] [Times: user=0.00 sys=0.00, real=0.00 secs] 
33.726: [GC (Allocation Failure) [PSYoungGen: 136835K->12352K(153088K)] 751773K->627289K(1027072K), 0.0015817 secs] [Times: user=0.00 sys=0.00, real=0.00 secs] 
35.471: [GC (Allocation Failure) [PSYoungGen: 137861K->20512K(153088K)] 855198K->737849K(1027072K), 0.0016160 secs] [Times: user=0.00 sys=0.00, real=0.00 secs] 
36.893: [Full GC (Ergonomics) [PSYoungGen: 146022K->0K(153088K)] [ParOldGen: 819737K->26129K(873984K)] 965759K->26129K(1027072K), [Metaspace: 2793K->2793K(1056768K)], 0.0043429 secs] [Times: user=0.00 sys=0.00, real=0.00 secs] 
38.312: [GC (Allocation Failure) [PSYoungGen: 125510K->20480K(153088K)] 254040K->164369K(1027072K), 0.0026664 secs] [Times: user=0.00 sys=0.00, real=0.00 secs] 
39.731: [GC (Allocation Failure) [PSYoungGen: 135751K->15360K(153088K)] 279640K->159249K(1027072K), 0.0015630 secs] [Times: user=0.00 sys=0.00, real=0.00 secs] 
41.146: [GC (Allocation Failure) [PSYoungGen: 140866K->20480K(153088K)] 387156K->266769K(1027072K), 0.0018256 secs] [Times: user=0.00 sys=0.00, real=0.00 secs] 
43.544: [GC (Allocation Failure) [PSYoungGen: 148036K->6144K(153088K)] 496726K->354833K(1027072K), 0.0009181 secs] [Times: user=0.00 sys=0.00, real=0.00 secs] 
45.074: [GC (Allocation Failure) [PSYoungGen: 136773K->11264K(153088K)] 587863K->472593K(1027072K), 0.0020698 secs] [Times: user=0.00 sys=0.00, real=0.00 secs] 
46.820: [GC (Allocation Failure) [PSYoungGen: 131654K->10240K(153088K)] 695383K->573969K(1027072K), 0.0013381 secs] [Times: user=0.00 sys=0.00, real=0.00 secs] 
48.238: [GC (Allocation Failure) [PSYoungGen: 135750K->15360K(153088K)] 801880K->701969K(1027072K), 0.0028573 secs] [Times: user=0.00 sys=0.00, real=0.00 secs] 
49.655: [GC (Allocation Failure) [PSYoungGen: 140871K->20480K(153088K)] 929880K->860689K(1027072K), 0.0058575 secs] [Times: user=0.00 sys=0.00, real=0.00 secs] 
49.661: [Full GC (Ergonomics) [PSYoungGen: 20480K->0K(153088K)] [ParOldGen: 840209K->92689K(873984K)] 860689K->92689K(1027072K), [Metaspace: 2795K->2795K(1056768K)], 0.0091381 secs] [Times: user=0.00 sys=0.00, real=0.01 secs] 
51.195: [GC (Allocation Failure) [PSYoungGen: 130631K->5120K(153088K)] 325720K->220689K(1027072K), 0.0023777 secs] [Times: user=0.00 sys=0.00, real=0.00 secs] 
52.611: [GC (Allocation Failure) [PSYoungGen: 130631K->20480K(153088K)] 448601K->349713K(1027072K), 0.0029069 secs] [Times: user=0.00 sys=0.00, real=0.00 secs] 
55.119: [GC (Allocation Failure) [PSYoungGen: 147015K->10240K(153088K)] 578649K->441873K(1027072K), 0.0012122 secs] [Times: user=0.00 sys=0.00, real=0.00 secs] 
56.534: [GC (Allocation Failure) [PSYoungGen: 135751K->15360K(153088K)] 669785K->559633K(1027072K), 0.0023083 secs] [Times: user=0.00 sys=0.00, real=0.00 secs] 
58.280: [GC (Allocation Failure) [PSYoungGen: 145991K->20480K(153088K)] 792665K->667153K(1027072K), 0.0022579 secs] [Times: user=0.00 sys=0.00, real=0.00 secs] 
59.695: [GC (Allocation Failure) [PSYoungGen: 145991K->5120K(153088K)] 895065K->825873K(1027072K), 0.0055952 secs] [Times: user=0.02 sys=0.00, real=0.01 secs] 
59.701: [Full GC (Ergonomics) [PSYoungGen: 5120K->0K(153088K)] [ParOldGen: 820753K->77329K(873984K)] 825873K->77329K(1027072K), [Metaspace: 2796K->2796K(1056768K)], 0.0073086 secs] [Times: user=0.00 sys=0.00, real=0.01 secs] 
61.132: [GC (Allocation Failure) [PSYoungGen: 125511K->5120K(153088K)] 305241K->205329K(1027072K), 0.0024625 secs] [Times: user=0.00 sys=0.00, real=0.00 secs] 
62.543: [GC (Allocation Failure) [PSYoungGen: 110151K->20480K(153088K)] 412761K->328209K(1027072K), 0.0022704 secs] [Times: user=0.01 sys=0.00, real=0.00 secs] 
63.963: [GC (Allocation Failure) [PSYoungGen: 145991K->11264K(153088K)] 556121K->441873K(1027072K), 0.0026079 secs] [Times: user=0.00 sys=0.00, real=0.00 secs] 
66.359: [GC (Allocation Failure) [PSYoungGen: 141895K->10240K(153088K)] 674905K->543249K(1027072K), 0.0011824 secs] [Times: user=0.00 sys=0.00, real=0.00 secs] 
67.885: [GC (Allocation Failure) [PSYoungGen: 140871K->15360K(153088K)] 776281K->671249K(1027072K), 0.0029179 secs] [Times: user=0.00 sys=0.00, real=0.00 secs] 
69.630: [GC (Allocation Failure) [PSYoungGen: 130631K->5120K(153088K)] 888921K->763409K(1027072K), 0.0020578 secs] [Times: user=0.00 sys=0.00, real=0.00 secs] 
71.046: [Full GC (Ergonomics) [PSYoungGen: 130631K->0K(153088K)] [ParOldGen: 860689K->128529K(873984K)] 991321K->128529K(1027072K), [Metaspace: 2796K->2796K(1056768K)], 0.0114441 secs] [Times: user=0.00 sys=0.00, real=0.01 secs] 
72.476: [GC (Allocation Failure) [PSYoungGen: 125511K->6144K(153088K)] 356441K->257553K(1027072K), 0.0022086 secs] [Times: user=0.00 sys=0.00, real=0.00 secs] 
73.893: [GC (Allocation Failure) [PSYoungGen: 106055K->20480K(153088K)] 459865K->384529K(1027072K), 0.0024268 secs] [Times: user=0.00 sys=0.00, real=0.00 secs] 
75.309: [GC (Allocation Failure) [PSYoungGen: 145991K->15360K(153088K)] 612441K->502289K(1027072K), 0.0029718 secs] [Times: user=0.00 sys=0.00, real=0.00 secs] 
77.378: [GC (Allocation Failure) [PSYoungGen: 145991K->5120K(153088K)] 735321K->594449K(1027072K), 0.0011004 secs] [Times: user=0.00 sys=0.00, real=0.00 secs] 
78.906: [GC (Allocation Failure) [PSYoungGen: 135751K->10240K(153088K)] 827481K->753169K(1027072K), 0.0051171 secs] [Times: user=0.00 sys=0.00, real=0.01 secs] 
80.435: [Full GC (Ergonomics) [PSYoungGen: 140871K->0K(153088K)] [ParOldGen: 845329K->169489K(873984K)] 986201K->169489K(1027072K), [Metaspace: 2796K->2796K(1056768K)], 0.0132142 secs] [Times: user=0.00 sys=0.00, real=0.01 secs] 
81.862: [GC (Allocation Failure) [PSYoungGen: 130631K->6144K(153088K)] 300121K->175633K(1027072K), 0.0008032 secs] [Times: user=0.00 sys=0.00, real=0.00 secs] 
83.392: [GC (Allocation Failure) [PSYoungGen: 136771K->12288K(153088K)] 408661K->284177K(1027072K), 0.0010669 secs] [Times: user=0.00 sys=0.00, real=0.00 secs] 
85.133: [GC (Allocation Failure) [PSYoungGen: 137797K->20480K(153088K)] 512086K->394769K(1027072K), 0.0014279 secs] [Times: user=0.00 sys=0.00, real=0.00 secs] 
86.553: [GC (Allocation Failure) [PSYoungGen: 145990K->15360K(153088K)] 622679K->502289K(1027072K), 0.0019867 secs] [Times: user=0.00 sys=0.00, real=0.00 secs] 
87.967: [GC (Allocation Failure) [PSYoungGen: 140870K->20480K(153088K)] 730200K->630289K(1027072K), 0.0031067 secs] [Times: user=0.00 sys=0.00, real=0.00 secs] 
89.383: [GC (Allocation Failure) [PSYoungGen: 135751K->15360K(153088K)] 745560K->625169K(1027072K), 0.0016182 secs] [Times: user=0.00 sys=0.00, real=0.00 secs] 
90.803: [GC (Allocation Failure) [PSYoungGen: 140866K->20480K(153088K)] 853076K->732689K(1027072K), 0.0018006 secs] [Times: user=0.00 sys=0.00, real=0.00 secs] 
93.202: [GC (Allocation Failure) [PSYoungGen: 148036K->6144K(153088K)] 962646K->820753K(1027072K), 0.0015154 secs] [Times: user=0.00 sys=0.00, real=0.00 secs] 
93.862: [GC (Allocation Failure) [PSYoungGen: 111173K->11264K(153088K)] 925783K->877073K(1027072K), 0.0068921 secs] [Times: user=0.00 sys=0.00, real=0.01 secs] 
93.869: [Full GC (Ergonomics) [PSYoungGen: 11264K->0K(153088K)] [ParOldGen: 865809K->62993K(873984K)] 877073K->62993K(1027072K), [Metaspace: 2796K->2796K(1056768K)], 0.0064441 secs] [Times: user=0.00 sys=0.00, real=0.01 secs] 
94.750: [GC (Allocation Failure) [PSYoungGen: 130625K->10240K(153088K)] 193618K->73233K(1027072K), 0.0009314 secs] [Times: user=0.00 sys=0.00, real=0.00 secs] 
96.498: [GC (Allocation Failure) [PSYoungGen: 130609K->10240K(153088K)] 296002K->175633K(1027072K), 0.0013088 secs] [Times: user=0.00 sys=0.00, real=0.00 secs] 
97.914: [GC (Allocation Failure) [PSYoungGen: 135737K->15360K(153088K)] 403530K->303633K(1027072K), 0.0031129 secs] [Times: user=0.00 sys=0.00, real=0.00 secs] 
99.327: [GC (Allocation Failure) [PSYoungGen: 140862K->20480K(153088K)] 531535K->462353K(1027072K), 0.0052786 secs] [Times: user=0.00 sys=0.00, real=0.00 secs] 
100.854: [GC (Allocation Failure) [PSYoungGen: 151105K->5120K(153088K)] 695379K->569873K(1027072K), 0.0025351 secs] [Times: user=0.00 sys=0.00, real=0.00 secs] 
102.273: [GC (Allocation Failure) [PSYoungGen: 130627K->20480K(153088K)] 797781K->698897K(1027072K), 0.0029308 secs] [Times: user=0.00 sys=0.00, real=0.00 secs] 
104.786: [GC (Allocation Failure) [PSYoungGen: 147013K->10240K(153088K)] 927830K->791057K(1027072K), 0.0013813 secs] [Times: user=0.00 sys=0.00, real=0.00 secs] 
105.221: [GC (Allocation Failure) [PSYoungGen: 105030K->15360K(153088K)] 885847K->847377K(1027072K), 0.0055825 secs] [Times: user=0.00 sys=0.00, real=0.01 secs] 
105.227: [Full GC (Ergonomics) [PSYoungGen: 15360K->0K(153088K)] [ParOldGen: 832017K->67089K(873984K)] 847377K->67089K(1027072K), [Metaspace: 2796K->2796K(1056768K)], 0.0066595 secs] [Times: user=0.00 sys=0.00, real=0.01 secs] 
106.107: [GC (Allocation Failure) [PSYoungGen: 130625K->10240K(153088K)] 197714K->77329K(1027072K), 0.0011235 secs] [Times: user=0.00 sys=0.00, real=0.00 secs] 
107.846: [GC (Allocation Failure) [PSYoungGen: 125488K->5120K(153088K)] 294978K->174609K(1027072K), 0.0008533 secs] [Times: user=0.00 sys=0.00, real=0.00 secs] 
109.264: [GC (Allocation Failure) [PSYoungGen: 130617K->15360K(153088K)] 402506K->338449K(1027072K), 0.0054886 secs] [Times: user=0.00 sys=0.00, real=0.01 secs] 
110.682: [GC (Allocation Failure) [PSYoungGen: 140862K->20480K(153088K)] 566351K->445969K(1027072K), 0.0017880 secs] [Times: user=0.00 sys=0.00, real=0.00 secs] 
112.209: [GC (Allocation Failure) [PSYoungGen: 145985K->20480K(153088K)] 673875K->553489K(1027072K), 0.0025267 secs] [Times: user=0.00 sys=0.00, real=0.00 secs] 
113.629: [GC (Allocation Failure) [PSYoungGen: 145987K->11264K(153088K)] 781397K->667153K(1027072K), 0.0030578 secs] [Times: user=0.00 sys=0.00, real=0.00 secs] 
116.035: [GC (Allocation Failure) [PSYoungGen: 141893K->10240K(153088K)] 900182K->768529K(1027072K), 0.0012190 secs] [Times: user=0.00 sys=0.00, real=0.00 secs] 
117.555: [Full GC (Ergonomics) [PSYoungGen: 140870K->0K(153088K)] [ParOldGen: 860689K->36864K(873984K)] 1001559K->36864K(1027072K), [Metaspace: 2796K->2796K(1056768K)], 0.0050636 secs] [Times: user=0.00 sys=0.00, real=0.00 secs] 
119.301: [GC (Allocation Failure) [PSYoungGen: 115270K->5120K(153088K)] 254534K->144384K(1027072K), 0.0009710 secs] [Times: user=0.00 sys=0.00, real=0.00 secs] 
120.722: [GC (Allocation Failure) [PSYoungGen: 130631K->20480K(153088K)] 372295K->267264K(1027072K), 0.0025764 secs] [Times: user=0.00 sys=0.00, real=0.00 secs] 
122.137: [GC (Allocation Failure) [PSYoungGen: 145991K->20480K(153088K)] 495175K->375808K(1027072K), 0.0026483 secs] [Times: user=0.00 sys=0.00, real=0.00 secs] 
123.557: [GC (Allocation Failure) [PSYoungGen: 120391K->10240K(153088K)] 578119K->488448K(1027072K), 0.0026746 secs] [Times: user=0.00 sys=0.00, real=0.00 secs] 
124.976: [GC (Allocation Failure) [PSYoungGen: 135751K->15360K(153088K)] 716359K->626688K(1027072K), 0.0046088 secs] [Times: user=0.00 sys=0.00, real=0.01 secs] 
127.051: [GC (Allocation Failure) [PSYoungGen: 145991K->5120K(153088K)] 859720K->718848K(1027072K), 0.0018238 secs] [Times: user=0.00 sys=0.00, real=0.00 secs] 
128.578: [Full GC (Ergonomics) [PSYoungGen: 135751K->0K(153088K)] [ParOldGen: 816128K->62464K(873984K)] 951880K->62464K(1027072K), [Metaspace: 2796K->2796K(1056768K)], 0.0063044 secs] [Times: user=0.00 sys=0.00, real=0.01 secs] 
130.108: [GC (Allocation Failure) [PSYoungGen: 130631K->10240K(153088K)] 295495K->175104K(1027072K), 0.0011413 secs] [Times: user=0.00 sys=0.00, real=0.00 secs] 
131.528: [GC (Allocation Failure) [PSYoungGen: 140871K->6144K(153088K)] 305735K->171008K(1027072K), 0.0011224 secs] [Times: user=0.00 sys=0.00, real=0.00 secs] 
133.058: [GC (Allocation Failure) [PSYoungGen: 136771K->12288K(153088K)] 404035K->279552K(1027072K), 0.0013795 secs] [Times: user=0.00 sys=0.00, real=0.00 secs] 
134.803: [GC (Allocation Failure) [PSYoungGen: 137797K->20480K(153088K)] 507461K->390144K(1027072K), 0.0015984 secs] [Times: user=0.00 sys=0.00, real=0.00 secs] 
136.216: [GC (Allocation Failure) [PSYoungGen: 145990K->20480K(153088K)] 618054K->497664K(1027072K), 0.0021266 secs] [Times: user=0.00 sys=0.00, real=0.00 secs] 
137.631: [GC (Allocation Failure) [PSYoungGen: 145990K->20480K(153088K)] 725574K->625664K(1027072K), 0.0037142 secs] [Times: user=0.00 sys=0.00, real=0.00 secs] 
139.047: [GC (Allocation Failure) [PSYoungGen: 135751K->15360K(153088K)] 740935K->620544K(1027072K), 0.0025105 secs] [Times: user=0.00 sys=0.00, real=0.00 secs] 
140.461: [GC (Allocation Failure) [PSYoungGen: 140866K->20480K(153088K)] 848450K->728064K(1027072K), 0.0023242 secs] [Times: user=0.00 sys=0.00, real=0.00 secs] 
142.862: [GC (Allocation Failure) [PSYoungGen: 148036K->6144K(153088K)] 958020K->816128K(1027072K), 0.0018537 secs] [Times: user=0.00 sys=0.00, real=0.00 secs] 
143.517: [GC (Allocation Failure) [PSYoungGen: 111173K->11264K(153088K)] 921157K->872448K(1027072K), 0.0062991 secs] [Times: user=0.00 sys=0.00, real=0.01 secs] 
143.524: [Full GC (Ergonomics) [PSYoungGen: 11264K->0K(153088K)] [ParOldGen: 861184K->62993K(873984K)] 872448K->62993K(1027072K), [Metaspace: 2796K->2796K(1056768K)], 0.0068286 secs] [Times: user=0.00 sys=0.00, real=0.01 secs] 
144.409: [GC (Allocation Failure) [PSYoungGen: 130625K->10240K(153088K)] 193618K->73233K(1027072K), 0.0011674 secs] [Times: user=0.00 sys=0.00, real=0.00 secs] 
146.156: [GC (Allocation Failure) [PSYoungGen: 130609K->10240K(153088K)] 296002K->175633K(1027072K), 0.0013223 secs] [Times: user=0.00 sys=0.00, real=0.00 secs] 
147.575: [GC (Allocation Failure) [PSYoungGen: 135737K->15360K(153088K)] 403530K->303633K(1027072K), 0.0031220 secs] [Times: user=0.00 sys=0.00, real=0.00 secs] 
148.994: [GC (Allocation Failure) [PSYoungGen: 140862K->20480K(153088K)] 531535K->462353K(1027072K), 0.0054265 secs] [Times: user=0.00 sys=0.00, real=0.01 secs] 
150.514: [GC (Allocation Failure) [PSYoungGen: 151105K->5120K(153088K)] 695379K->569873K(1027072K), 0.0025699 secs] [Times: user=0.00 sys=0.00, real=0.00 secs] 
151.933: [GC (Allocation Failure) [PSYoungGen: 130627K->11264K(153088K)] 797781K->698897K(1027072K), 0.0029838 secs] [Times: user=0.02 sys=0.00, real=0.00 secs] 
154.442: [GC (Allocation Failure) [PSYoungGen: 137797K->10240K(153088K)] 927830K->800273K(1027072K), 0.0020475 secs] [Times: user=0.00 sys=0.00, real=0.00 secs] 
154.876: [GC (Allocation Failure) [PSYoungGen: 105030K->15360K(153088K)] 895063K->856593K(1027072K), 0.0054021 secs] [Times: user=0.00 sys=0.00, real=0.01 secs] 
154.881: [Full GC (Ergonomics) [PSYoungGen: 15360K->0K(153088K)] [ParOldGen: 841233K->67089K(873984K)] 856593K->67089K(1027072K), [Metaspace: 2796K->2796K(1056768K)], 0.0067277 secs] [Times: user=0.00 sys=0.00, real=0.01 secs] 
155.767: [GC (Allocation Failure) [PSYoungGen: 130625K->10240K(153088K)] 197714K->77329K(1027072K), 0.0009472 secs] [Times: user=0.00 sys=0.00, real=0.00 secs] 
157.512: [GC (Allocation Failure) [PSYoungGen: 125488K->5120K(153088K)] 294978K->174609K(1027072K), 0.0007389 secs] [Times: user=0.00 sys=0.00, real=0.00 secs] 
158.929: [GC (Allocation Failure) [PSYoungGen: 130617K->15360K(153088K)] 402506K->338449K(1027072K), 0.0052571 secs] [Times: user=0.01 sys=0.00, real=0.01 secs] 
160.348: [GC (Allocation Failure) [PSYoungGen: 140862K->20480K(153088K)] 566351K->445969K(1027072K), 0.0017643 secs] [Times: user=0.00 sys=0.00, real=0.00 secs] 
161.882: [GC (Allocation Failure) [PSYoungGen: 145985K->20480K(153088K)] 673875K->553489K(1027072K), 0.0022936 secs] [Times: user=0.00 sys=0.00, real=0.00 secs] 
163.299: [GC (Allocation Failure) [PSYoungGen: 145987K->20480K(153088K)] 781397K->667153K(1027072K), 0.0027211 secs] [Times: user=0.00 sys=0.00, real=0.00 secs] 
165.711: [GC (Allocation Failure) [PSYoungGen: 151109K->10240K(153088K)] 900182K->759313K(1027072K), 0.0014689 secs] [Times: user=0.00 sys=0.00, real=0.00 secs] 
167.236: [Full GC (Ergonomics) [PSYoungGen: 140870K->0K(153088K)] [ParOldGen: 851473K->36864K(873984K)] 992343K->36864K(1027072K), [Metaspace: 2796K->2796K(1056768K)], 0.0048915 secs] [Times: user=0.00 sys=0.00, real=0.00 secs] 
168.974: [GC (Allocation Failure) [PSYoungGen: 115270K->5120K(153088K)] 254534K->144384K(1027072K), 0.0007223 secs] [Times: user=0.00 sys=0.00, real=0.00 secs] 
170.389: [GC (Allocation Failure) [PSYoungGen: 130631K->5120K(153088K)] 372295K->267264K(1027072K), 0.0022746 secs] [Times: user=0.00 sys=0.00, real=0.00 secs] 
171.814: [GC (Allocation Failure) [PSYoungGen: 130631K->11264K(153088K)] 495175K->396288K(1027072K), 0.0031077 secs] [Times: user=0.00 sys=0.00, real=0.00 secs] 
173.231: [GC (Allocation Failure) [PSYoungGen: 111175K->10240K(153088K)] 598599K->518144K(1027072K), 0.0028233 secs] [Times: user=0.00 sys=0.00, real=0.00 secs] 
174.648: [GC (Allocation Failure) [PSYoungGen: 135751K->15360K(153088K)] 746055K->656384K(1027072K), 0.0039429 secs] [Times: user=0.00 sys=0.00, real=0.00 secs] 
176.723: [GC (Allocation Failure) [PSYoungGen: 145991K->5120K(153088K)] 889415K->748544K(1027072K), 0.0022312 secs] [Times: user=0.00 sys=0.00, real=0.00 secs] 
178.248: [Full GC (Ergonomics) [PSYoungGen: 135751K->0K(153088K)] [ParOldGen: 845824K->62464K(873984K)] 981576K->62464K(1027072K), [Metaspace: 2796K->2796K(1056768K)], 0.0065845 secs] [Times: user=0.00 sys=0.00, real=0.01 secs] 
179.776: [GC (Allocation Failure) [PSYoungGen: 130631K->10240K(153088K)] 295495K->175104K(1027072K), 0.0012606 secs] [Times: user=0.00 sys=0.00, real=0.00 secs] 
181.197: [GC (Allocation Failure) [PSYoungGen: 140871K->6144K(153088K)] 305735K->171008K(1027072K), 0.0009840 secs] [Times: user=0.00 sys=0.00, real=0.00 secs] 
182.721: [GC (Allocation Failure) [PSYoungGen: 136771K->12288K(153088K)] 404035K->279552K(1027072K), 0.0013942 secs] [Times: user=0.00 sys=0.00, real=0.00 secs] 
184.462: [GC (Allocation Failure) [PSYoungGen: 137797K->20480K(153088K)] 507461K->390144K(1027072K), 0.0017769 secs] [Times: user=0.00 sys=0.00, real=0.00 secs] 
185.877: [GC (Allocation Failure) [PSYoungGen: 145990K->15360K(153088K)] 618054K->497664K(1027072K), 0.0024338 secs] [Times: user=0.00 sys=0.00, real=0.00 secs] 
187.292: [GC (Allocation Failure) [PSYoungGen: 140870K->20480K(153088K)] 725574K->635904K(1027072K), 0.0042067 secs] [Times: user=0.00 sys=0.00, real=0.00 secs] 
188.708: [GC (Allocation Failure) [PSYoungGen: 135751K->15360K(153088K)] 751175K->630784K(1027072K), 0.0021069 secs] [Times: user=0.00 sys=0.00, real=0.00 secs] 
190.126: [GC (Allocation Failure) [PSYoungGen: 140866K->20480K(153088K)] 858690K->738304K(1027072K), 0.0030058 secs] [Times: user=0.00 sys=0.00, real=0.00 secs] 
192.525: [Full GC (Ergonomics) [PSYoungGen: 148036K->0K(153088K)] [ParOldGen: 820224K->7168K(873984K)] 968260K->7168K(1027072K), [Metaspace: 2796K->2796K(1056768K)], 0.0030418 secs] [Times: user=0.00 sys=0.00, real=0.00 secs] 
194.052: [GC (Allocation Failure) [PSYoungGen: 130629K->20512K(153088K)] 240197K->130080K(1027072K), 0.0018048 secs] [Times: user=0.00 sys=0.00, real=0.00 secs] 
195.798: [GC (Allocation Failure) [PSYoungGen: 140902K->10272K(153088K)] 352870K->222240K(1027072K), 0.0013574 secs] [Times: user=0.00 sys=0.00, real=0.00 secs] 
197.215: [GC (Allocation Failure) [PSYoungGen: 135782K->15424K(153088K)] 450151K->350272K(1027072K), 0.0033621 secs] [Times: user=0.01 sys=0.00, real=0.00 secs] 
198.625: [GC (Allocation Failure) [PSYoungGen: 140935K->20512K(153088K)] 578183K->508960K(1027072K), 0.0055814 secs] [Times: user=0.00 sys=0.00, real=0.00 secs] 
200.152: [GC (Allocation Failure) [PSYoungGen: 151143K->20512K(153088K)] 741991K->616480K(1027072K), 0.0029907 secs] [Times: user=0.00 sys=0.00, real=0.00 secs] 
201.572: [GC (Allocation Failure) [PSYoungGen: 146023K->6176K(153088K)] 844391K->725024K(1027072K), 0.0028955 secs] [Times: user=0.00 sys=0.00, real=0.00 secs] 
204.080: [Full GC (Ergonomics) [PSYoungGen: 132711K->0K(153088K)] [ParOldGen: 821248K->11264K(873984K)] 953960K->11264K(1027072K), [Metaspace: 2796K->2796K(1056768K)], 0.0033919 secs] [Times: user=0.00 sys=0.00, real=0.00 secs] 
205.492: [GC (Allocation Failure) [PSYoungGen: 125511K->20480K(153088K)] 239176K->134144K(1027072K), 0.0017646 secs] [Times: user=0.00 sys=0.00, real=0.00 secs] 
207.241: [GC (Allocation Failure) [PSYoungGen: 151111K->20480K(153088K)] 367176K->236544K(1027072K), 0.0026504 secs] [Times: user=0.00 sys=0.00, real=0.00 secs] 
208.652: [GC (Allocation Failure) [PSYoungGen: 145991K->20480K(153088K)] 464456K->395264K(1027072K), 0.0055655 secs] [Times: user=0.00 sys=0.00, real=0.01 secs] 
210.067: [GC (Allocation Failure) [PSYoungGen: 145991K->5120K(153088K)] 623176K->502784K(1027072K), 0.0026412 secs] [Times: user=0.00 sys=0.00, real=0.00 secs] 
211.481: [GC (Allocation Failure) [PSYoungGen: 110151K->20480K(153088K)] 710216K->625664K(1027072K), 0.0027608 secs] [Times: user=0.00 sys=0.00, real=0.00 secs] 
212.901: [GC (Allocation Failure) [PSYoungGen: 145991K->11264K(153088K)] 853576K->739328K(1027072K), 0.0032243 secs] [Times: user=0.02 sys=0.00, real=0.00 secs] 
215.305: [Full GC (Ergonomics) [PSYoungGen: 141895K->0K(153088K)] [ParOldGen: 830464K->11264K(873984K)] 972360K->11264K(1027072K), [Metaspace: 2796K->2796K(1056768K)], 0.0035062 secs] [Times: user=0.00 sys=0.00, real=0.00 secs] 
216.833: [GC (Allocation Failure) [PSYoungGen: 130631K->10240K(153088K)] 244296K->144384K(1027072K), 0.0026855 secs] [Times: user=0.00 sys=0.00, real=0.00 secs] 
Heap
 PSYoungGen      total 153088K, used 128143K [0x00000000f5580000, 0x0000000100000000, 0x0000000100000000)
  eden space 131584K, 89% used [0x00000000f5580000,0x00000000fc8a3f60,0x00000000fd600000)
  from space 21504K, 47% used [0x00000000fd600000,0x00000000fe000020,0x00000000feb00000)
  to   space 21504K, 0% used [0x00000000feb00000,0x00000000feb00000,0x0000000100000000)
 ParOldGen       total 873984K, used 236544K [0x00000000c0000000, 0x00000000f5580000, 0x00000000f5580000)
  object space 873984K, 27% used [0x00000000c0000000,0x00000000ce7001e8,0x00000000f5580000)
 Metaspace       used 2804K, capacity 4486K, committed 4864K, reserved 1056768K
  class space    used 297K, capacity 386K, committed 512K, reserved 1048576K
