Java HotSpot(TM) 64-Bit Server VM (25.411-b09) for windows-amd64 JRE (1.8.0_411-b09), built on Mar 13 2024 07:26:13 by "java_re" with MS VC++ 17.1 (VS2022)
Memory: 4k page, physical 33403376k(15112188k free), swap 38794768k(7676728k free)
CommandLine flags: -XX:InitialHeapSize=1073741824 -XX:MaxHeapSize=1073741824 -XX:NewRatio=8 -XX:ParallelGCThreads=6 -XX:+PrintGC -XX:+PrintGCDetails -XX:+PrintGCTimeStamps -XX:SurvivorRatio=2 -XX:-UseAdaptiveSizePolicy -XX:+UseCompressedClassPointers -XX:+UseCompressedOops -XX:-UseLargePagesIndividualAllocation -XX:+UseParallelGC 
1.153: [GC (Allocation Failure) [PSYoungGen: 55603K->16024K(87552K)] 55603K->16032K(1019904K), 0.0044167 secs] [Times: user=0.00 sys=0.00, real=0.01 secs] 
2.401: [GC (Allocation Failure) [PSYoungGen: 69400K->17032K(87552K)] 223009K->170640K(1019904K), 0.0032029 secs] [Times: user=0.00 sys=0.00, real=0.00 secs] 
3.537: [GC (Allocation Failure) [PSYoungGen: 75537K->18024K(87552K)] 382745K->325232K(1019904K), 0.0019201 secs] [Times: user=0.00 sys=0.00, real=0.00 secs] 
5.281: [GC (Allocation Failure) [PSYoungGen: 75511K->10856K(87552K)] 382719K->318064K(1019904K), 0.0012138 secs] [Times: user=0.00 sys=0.00, real=0.00 secs] 
6.416: [GC (Allocation Failure) [PSYoungGen: 69370K->26248K(87552K)] 530178K->487056K(1019904K), 0.0039805 secs] [Times: user=0.00 sys=0.00, real=0.00 secs] 
7.443: [GC (Allocation Failure) [PSYoungGen: 84329K->27264K(87552K)] 698737K->657040K(1019904K), 0.0051893 secs] [Times: user=0.00 sys=0.00, real=0.01 secs] 
9.345: [GC (Allocation Failure) [PSYoungGen: 81686K->5792K(87552K)] 865062K->789168K(1019904K), 0.0014604 secs] [Times: user=0.00 sys=0.00, real=0.00 secs] 
10.124: [GC (Allocation Failure) [PSYoungGen: 63287K->5792K(87552K)] 897863K->840368K(1019904K), 0.0016165 secs] [Times: user=0.00 sys=0.00, real=0.00 secs] 
10.126: [GC (Allocation Failure) [PSYoungGen: 5792K->5720K(87552K)] 840368K->840296K(1019904K), 0.0017140 secs] [Times: user=0.00 sys=0.00, real=0.00 secs] 
10.128: [Full GC (Allocation Failure) [PSYoungGen: 5720K->0K(87552K)] [ParOldGen: 834576K->108048K(932352K)] 840296K->108048K(1019904K), [Metaspace: 2761K->2761K(1056768K)], 0.0171593 secs] [Times: user=0.00 sys=0.00, real=0.02 secs] 
11.341: [GC (Allocation Failure) [PSYoungGen: 53400K->15360K(87552K)] 263849K->225808K(1019904K), 0.0015283 secs] [Times: user=0.00 sys=0.00, real=0.00 secs] 
12.758: [GC (Allocation Failure) [PSYoungGen: 68119K->15392K(87552K)] 432168K->379448K(1019904K), 0.0015329 secs] [Times: user=0.00 sys=0.00, real=0.00 secs] 
13.956: [GC (Allocation Failure) [PSYoungGen: 68793K->11328K(87552K)] 586450K->528985K(1019904K), 0.0015684 secs] [Times: user=0.00 sys=0.00, real=0.00 secs] 
15.046: [GC (Allocation Failure) [PSYoungGen: 69849K->26656K(87552K)] 741106K->697913K(1019904K), 0.0024545 secs] [Times: user=0.00 sys=0.00, real=0.00 secs] 
16.574: [GC (Allocation Failure) [PSYoungGen: 84153K->10304K(87552K)] 755410K->681561K(1019904K), 0.0018391 secs] [Times: user=0.00 sys=0.00, real=0.00 secs] 
17.667: [GC (Allocation Failure) [PSYoungGen: 68824K->25632K(87552K)] 893681K->855609K(1019904K), 0.0027063 secs] [Times: user=0.00 sys=0.00, real=0.00 secs] 
18.428: [GC (Allocation Failure) [PSYoungGen: 72889K->25632K(87552K)] 902866K->870969K(1019904K), 0.0048239 secs] [Times: user=0.00 sys=0.00, real=0.00 secs] 
18.661: [GC (Allocation Failure) [PSYoungGen: 47287K->25632K(87552K)] 943825K->922169K(1019904K), 0.0024096 secs] [Times: user=0.02 sys=0.00, real=0.00 secs] 
18.663: [GC (Allocation Failure) [PSYoungGen: 25632K->25664K(87552K)] 922169K->922201K(1019904K), 0.0024418 secs] [Times: user=0.00 sys=0.00, real=0.00 secs] 
18.666: [Full GC (Allocation Failure) [PSYoungGen: 25664K->0K(87552K)] [ParOldGen: 896537K->82449K(932352K)] 922201K->82449K(1019904K), [Metaspace: 2770K->2770K(1056768K)], 0.0083284 secs] [Times: user=0.00 sys=0.00, real=0.01 secs] 
21.083: [GC (Allocation Failure) [PSYoungGen: 55448K->10240K(87552K)] 393897K->348689K(1019904K), 0.0010531 secs] [Times: user=0.00 sys=0.00, real=0.00 secs] 
22.173: [GC (Allocation Failure) [PSYoungGen: 68760K->11264K(87552K)] 560809K->503313K(1019904K), 0.0013913 secs] [Times: user=0.00 sys=0.00, real=0.00 secs] 
23.809: [GC (Allocation Failure) [PSYoungGen: 69785K->1024K(87552K)] 715434K->646673K(1019904K), 0.0015629 secs] [Times: user=0.00 sys=0.00, real=0.00 secs] 
24.905: [GC (Allocation Failure) [PSYoungGen: 59545K->20480K(87552K)] 858794K->819729K(1019904K), 0.0019759 secs] [Times: user=0.00 sys=0.00, real=0.00 secs] 
25.563: [GC (Allocation Failure) [PSYoungGen: 62617K->25600K(87552K)] 861866K->835089K(1019904K), 0.0026220 secs] [Times: user=0.00 sys=0.00, real=0.00 secs] 
25.781: [GC (Allocation Failure) [PSYoungGen: 47256K->25600K(87552K)] 907945K->886289K(1019904K), 0.0024203 secs] [Times: user=0.00 sys=0.00, real=0.00 secs] 
25.783: [GC (Allocation Failure) [PSYoungGen: 25600K->25600K(87552K)] 886289K->886289K(1019904K), 0.0020774 secs] [Times: user=0.00 sys=0.00, real=0.00 secs] 
25.786: [Full GC (Allocation Failure) [PSYoungGen: 25600K->0K(87552K)] [ParOldGen: 860689K->77329K(932352K)] 886289K->77329K(1019904K), [Metaspace: 2779K->2779K(1056768K)], 0.0072229 secs] [Times: user=0.02 sys=0.00, real=0.01 secs] 
26.995: [GC (Allocation Failure) [PSYoungGen: 53400K->15360K(87552K)] 233129K->195089K(1019904K), 0.0016421 secs] [Times: user=0.00 sys=0.00, real=0.00 secs] 
28.304: [GC (Allocation Failure) [PSYoungGen: 73105K->15424K(87552K)] 252834K->195161K(1019904K), 0.0014747 secs] [Times: user=0.00 sys=0.00, real=0.00 secs] 
29.506: [GC (Allocation Failure) [PSYoungGen: 73942K->15424K(87552K)] 407279K->348769K(1019904K), 0.0014810 secs] [Times: user=0.00 sys=0.00, real=0.00 secs] 
30.597: [GC (Allocation Failure) [PSYoungGen: 73943K->15392K(87552K)] 560888K->502337K(1019904K), 0.0016707 secs] [Times: user=0.00 sys=0.00, real=0.00 secs] 
32.561: [GC (Allocation Failure) [PSYoungGen: 73912K->16448K(87552K)] 663257K->605793K(1019904K), 0.0016800 secs] [Times: user=0.00 sys=0.00, real=0.00 secs] 
33.763: [GC (Allocation Failure) [PSYoungGen: 74968K->12352K(87552K)] 817914K->755297K(1019904K), 0.0017945 secs] [Times: user=0.00 sys=0.00, real=0.00 secs] 
35.289: [GC (Allocation Failure) [PSYoungGen: 65753K->5152K(87552K)] 962298K->901697K(1019904K), 0.0018124 secs] [Times: user=0.00 sys=0.00, real=0.00 secs] 
35.617: [GC (Allocation Failure) [PSYoungGen: 47289K->20512K(87552K)] 943834K->927297K(1019904K), 0.0051395 secs] [Times: user=0.00 sys=0.00, real=0.01 secs] 
35.622: [Full GC (Ergonomics) [PSYoungGen: 20512K->0K(87552K)] [ParOldGen: 906785K->31249K(932352K)] 927297K->31249K(1019904K), [Metaspace: 2793K->2793K(1056768K)], 0.0045745 secs] [Times: user=0.00 sys=0.00, real=0.00 secs] 
36.179: [GC (Allocation Failure) [PSYoungGen: 58519K->5120K(87552K)] 192169K->138769K(1019904K), 0.0009286 secs] [Times: user=0.00 sys=0.00, real=0.00 secs] 
36.942: [GC (Allocation Failure) [PSYoungGen: 52376K->15360K(87552K)] 186025K->149009K(1019904K), 0.0013910 secs] [Times: user=0.00 sys=0.00, real=0.00 secs] 
38.143: [GC (Allocation Failure) [PSYoungGen: 68759K->15360K(87552K)] 356009K->323089K(1019904K), 0.0027456 secs] [Times: user=0.00 sys=0.00, real=0.00 secs] 
39.452: [GC (Allocation Failure) [PSYoungGen: 72856K->10240K(87552K)] 431785K->369169K(1019904K), 0.0011314 secs] [Times: user=0.00 sys=0.00, real=0.00 secs] 
40.545: [GC (Allocation Failure) [PSYoungGen: 68760K->10240K(87552K)] 581290K->522769K(1019904K), 0.0011104 secs] [Times: user=0.00 sys=0.00, real=0.00 secs] 
41.199: [GC (Allocation Failure) [PSYoungGen: 52377K->20480K(87552K)] 564906K->533009K(1019904K), 0.0019450 secs] [Times: user=0.00 sys=0.00, real=0.00 secs] 
43.165: [GC (Allocation Failure) [PSYoungGen: 75927K->2048K(87552K)] 742057K->668177K(1019904K), 0.0015378 secs] [Times: user=0.00 sys=0.00, real=0.00 secs] 
44.037: [GC (Allocation Failure) [PSYoungGen: 54424K->21504K(87552K)] 720554K->687633K(1019904K), 0.0019816 secs] [Times: user=0.00 sys=0.00, real=0.00 secs] 
45.239: [GC (Allocation Failure) [PSYoungGen: 74903K->21504K(87552K)] 894633K->841233K(1019904K), 0.0023181 secs] [Times: user=0.02 sys=0.00, real=0.00 secs] 
45.679: [GC (Allocation Failure) [PSYoungGen: 63640K->26624K(87552K)] 934570K->897553K(1019904K), 0.0022737 secs] [Times: user=0.00 sys=0.00, real=0.00 secs] 
45.681: [GC (Allocation Failure) [PSYoungGen: 26624K->26624K(87552K)] 897553K->897553K(1019904K), 0.0022502 secs] [Times: user=0.00 sys=0.00, real=0.00 secs] 
45.683: [Full GC (Allocation Failure) [PSYoungGen: 26624K->0K(87552K)] [ParOldGen: 870929K->78353K(932352K)] 897553K->78353K(1019904K), [Metaspace: 2795K->2795K(1056768K)], 0.0076783 secs] [Times: user=0.00 sys=0.00, real=0.01 secs] 
47.656: [GC (Allocation Failure) [PSYoungGen: 55448K->25600K(87552K)] 389802K->359953K(1019904K), 0.0023466 secs] [Times: user=0.00 sys=0.00, real=0.00 secs] 
48.312: [GC (Allocation Failure) [PSYoungGen: 67737K->15360K(87552K)] 402090K->370193K(1019904K), 0.0028967 secs] [Times: user=0.00 sys=0.00, real=0.00 secs] 
49.511: [GC (Allocation Failure) [PSYoungGen: 68759K->15360K(87552K)] 577193K->523793K(1019904K), 0.0014373 secs] [Times: user=0.00 sys=0.00, real=0.00 secs] 
50.930: [GC (Allocation Failure) [PSYoungGen: 72856K->10240K(87552K)] 734890K->672273K(1019904K), 0.0012818 secs] [Times: user=0.00 sys=0.00, real=0.00 secs] 
52.023: [GC (Allocation Failure) [PSYoungGen: 68760K->11264K(87552K)] 884394K->826897K(1019904K), 0.0013142 secs] [Times: user=0.00 sys=0.00, real=0.00 secs] 
52.789: [GC (Allocation Failure) [PSYoungGen: 68761K->11264K(87552K)] 935594K->878097K(1019904K), 0.0015487 secs] [Times: user=0.00 sys=0.00, real=0.00 secs] 
52.791: [GC (Allocation Failure) [PSYoungGen: 11264K->11264K(87552K)] 878097K->878097K(1019904K), 0.0020320 secs] [Times: user=0.00 sys=0.00, real=0.00 secs] 
52.793: [Full GC (Allocation Failure) [PSYoungGen: 11264K->0K(87552K)] [ParOldGen: 866833K->62993K(932352K)] 878097K->62993K(1019904K), [Metaspace: 2795K->2795K(1056768K)], 0.0061824 secs] [Times: user=0.00 sys=0.00, real=0.01 secs] 
54.771: [GC (Allocation Failure) [PSYoungGen: 54425K->10240K(87552K)] 219818K->175633K(1019904K), 0.0010335 secs] [Times: user=0.00 sys=0.00, real=0.00 secs] 
55.425: [GC (Allocation Failure) [PSYoungGen: 52377K->25600K(87552K)] 217770K->190993K(1019904K), 0.0017064 secs] [Times: user=0.00 sys=0.00, real=0.00 secs] 
56.623: [GC (Allocation Failure) [PSYoungGen: 79000K->25600K(87552K)] 397993K->344593K(1019904K), 0.0019436 secs] [Times: user=0.00 sys=0.00, real=0.00 secs] 
58.255: [GC (Allocation Failure) [PSYoungGen: 84120K->5120K(87552K)] 556714K->477713K(1019904K), 0.0009319 secs] [Times: user=0.00 sys=0.00, real=0.00 secs] 
59.451: [GC (Allocation Failure) [PSYoungGen: 58521K->10240K(87552K)] 684714K->636433K(1019904K), 0.0017667 secs] [Times: user=0.00 sys=0.00, real=0.00 secs] 
60.543: [GC (Allocation Failure) [PSYoungGen: 68761K->10240K(87552K)] 848554K->790033K(1019904K), 0.0014803 secs] [Times: user=0.00 sys=0.00, real=0.00 secs] 
61.306: [GC (Allocation Failure) [PSYoungGen: 67737K->10240K(87552K)] 898730K->841233K(1019904K), 0.0022848 secs] [Times: user=0.00 sys=0.00, real=0.00 secs] 
61.308: [GC (Allocation Failure) [PSYoungGen: 10240K->10240K(87552K)] 841233K->841233K(1019904K), 0.0017908 secs] [Times: user=0.00 sys=0.00, real=0.00 secs] 
61.310: [Full GC (Allocation Failure) [PSYoungGen: 10240K->0K(87552K)] [ParOldGen: 830993K->215569K(932352K)] 841233K->215569K(1019904K), [Metaspace: 2796K->2796K(1056768K)], 0.0161134 secs] [Times: user=0.02 sys=0.00, real=0.02 secs] 
63.082: [GC (Allocation Failure) [PSYoungGen: 54425K->7168K(87552K)] 525994K->478737K(1019904K), 0.0009238 secs] [Times: user=0.00 sys=0.00, real=0.00 secs] 
63.958: [GC (Allocation Failure) [PSYoungGen: 59545K->26624K(87552K)] 531115K->498193K(1019904K), 0.0022865 secs] [Times: user=0.01 sys=0.00, real=0.00 secs] 
65.158: [GC (Allocation Failure) [PSYoungGen: 80024K->26624K(87552K)] 705194K->651793K(1019904K), 0.0022363 secs] [Times: user=0.00 sys=0.00, real=0.00 secs] 
66.576: [GC (Allocation Failure) [PSYoungGen: 79001K->10240K(87552K)] 704170K->635409K(1019904K), 0.0010922 secs] [Times: user=0.00 sys=0.00, real=0.00 secs] 
67.666: [GC (Allocation Failure) [PSYoungGen: 68760K->25600K(87552K)] 847529K->814609K(1019904K), 0.0028621 secs] [Times: user=0.00 sys=0.00, real=0.00 secs] 
68.428: [GC (Allocation Failure) [PSYoungGen: 83096K->25600K(87552K)] 923306K->865809K(1019904K), 0.0023741 secs] [Times: user=0.00 sys=0.00, real=0.00 secs] 
68.430: [GC (Allocation Failure) [PSYoungGen: 25600K->25600K(87552K)] 865809K->865809K(1019904K), 0.0021642 secs] [Times: user=0.00 sys=0.00, real=0.00 secs] 
68.432: [Full GC (Allocation Failure) [PSYoungGen: 25600K->0K(87552K)] [ParOldGen: 840209K->82449K(932352K)] 865809K->82449K(1019904K), [Metaspace: 2796K->2796K(1056768K)], 0.0074734 secs] [Times: user=0.00 sys=0.00, real=0.01 secs] 
70.845: [GC (Allocation Failure) [PSYoungGen: 55449K->10240K(87552K)] 393898K->348689K(1019904K), 0.0013267 secs] [Times: user=0.00 sys=0.00, real=0.00 secs] 
71.936: [GC (Allocation Failure) [PSYoungGen: 68761K->11264K(87552K)] 560810K->503313K(1019904K), 0.0013555 secs] [Times: user=0.00 sys=0.00, real=0.00 secs] 
73.574: [GC (Allocation Failure) [PSYoungGen: 69785K->1024K(87552K)] 715434K->646673K(1019904K), 0.0013513 secs] [Times: user=0.00 sys=0.00, real=0.00 secs] 
74.663: [GC (Allocation Failure) [PSYoungGen: 59545K->20480K(87552K)] 858795K->819729K(1019904K), 0.0020204 secs] [Times: user=0.00 sys=0.00, real=0.00 secs] 
75.314: [GC (Allocation Failure) [PSYoungGen: 62617K->25600K(87552K)] 861867K->835089K(1019904K), 0.0026865 secs] [Times: user=0.00 sys=0.00, real=0.00 secs] 
75.533: [GC (Allocation Failure) [PSYoungGen: 47256K->15360K(87552K)] 907945K->876049K(1019904K), 0.0018911 secs] [Times: user=0.00 sys=0.00, real=0.00 secs] 
75.535: [GC (Allocation Failure) [PSYoungGen: 15360K->15360K(87552K)] 876049K->876049K(1019904K), 0.0021903 secs] [Times: user=0.00 sys=0.00, real=0.00 secs] 
75.537: [Full GC (Allocation Failure) [PSYoungGen: 15360K->0K(87552K)] [ParOldGen: 860689K->77329K(932352K)] 876049K->77329K(1019904K), [Metaspace: 2796K->2796K(1056768K)], 0.0079146 secs] [Times: user=0.00 sys=0.00, real=0.01 secs] 
76.747: [GC (Allocation Failure) [PSYoungGen: 53400K->15360K(87552K)] 233129K->195089K(1019904K), 0.0014819 secs] [Times: user=0.00 sys=0.00, real=0.00 secs] 
78.057: [GC (Allocation Failure) [PSYoungGen: 72856K->15360K(87552K)] 252586K->195089K(1019904K), 0.0014073 secs] [Times: user=0.00 sys=0.00, real=0.00 secs] 
79.257: [GC (Allocation Failure) [PSYoungGen: 73880K->15360K(87552K)] 407209K->348689K(1019904K), 0.0013704 secs] [Times: user=0.00 sys=0.00, real=0.00 secs] 
80.347: [GC (Allocation Failure) [PSYoungGen: 73880K->15360K(87552K)] 560810K->502289K(1019904K), 0.0013761 secs] [Times: user=0.00 sys=0.00, real=0.00 secs] 
82.309: [GC (Allocation Failure) [PSYoungGen: 73881K->16384K(87552K)] 663210K->605713K(1019904K), 0.0015619 secs] [Times: user=0.00 sys=0.00, real=0.00 secs] 
83.506: [GC (Allocation Failure) [PSYoungGen: 74905K->12288K(87552K)] 817834K->755217K(1019904K), 0.0015869 secs] [Times: user=0.00 sys=0.00, real=0.00 secs] 
85.038: [GC (Allocation Failure) [PSYoungGen: 65689K->5120K(87552K)] 962218K->901649K(1019904K), 0.0018901 secs] [Times: user=0.00 sys=0.00, real=0.00 secs] 
85.365: [GC (Allocation Failure) [PSYoungGen: 47257K->20480K(87552K)] 943787K->927249K(1019904K), 0.0030350 secs] [Times: user=0.00 sys=0.00, real=0.00 secs] 
85.368: [Full GC (Ergonomics) [PSYoungGen: 20480K->0K(87552K)] [ParOldGen: 906769K->31249K(932352K)] 927249K->31249K(1019904K), [Metaspace: 2796K->2796K(1056768K)], 0.0046425 secs] [Times: user=0.00 sys=0.00, real=0.00 secs] 
85.913: [GC (Allocation Failure) [PSYoungGen: 58520K->5120K(87552K)] 192169K->138769K(1019904K), 0.0008718 secs] [Times: user=0.00 sys=0.00, real=0.00 secs] 
86.675: [GC (Allocation Failure) [PSYoungGen: 52376K->15360K(87552K)] 186026K->149009K(1019904K), 0.0014234 secs] [Times: user=0.00 sys=0.00, real=0.00 secs] 
87.875: [GC (Allocation Failure) [PSYoungGen: 68759K->15360K(87552K)] 356009K->323089K(1019904K), 0.0029767 secs] [Times: user=0.00 sys=0.00, real=0.00 secs] 
89.188: [GC (Allocation Failure) [PSYoungGen: 72856K->10240K(87552K)] 431785K->369169K(1019904K), 0.0013659 secs] [Times: user=0.00 sys=0.00, real=0.00 secs] 
90.280: [GC (Allocation Failure) [PSYoungGen: 68760K->10240K(87552K)] 581290K->522769K(1019904K), 0.0015567 secs] [Times: user=0.00 sys=0.00, real=0.00 secs] 
90.936: [GC (Allocation Failure) [PSYoungGen: 52377K->20480K(87552K)] 564906K->533009K(1019904K), 0.0016897 secs] [Times: user=0.00 sys=0.00, real=0.00 secs] 
92.903: [GC (Allocation Failure) [PSYoungGen: 75927K->2048K(87552K)] 742057K->668177K(1019904K), 0.0016955 secs] [Times: user=0.00 sys=0.00, real=0.00 secs] 
93.775: [GC (Allocation Failure) [PSYoungGen: 54424K->21504K(87552K)] 720554K->687633K(1019904K), 0.0018673 secs] [Times: user=0.00 sys=0.00, real=0.00 secs] 
94.978: [GC (Allocation Failure) [PSYoungGen: 74903K->21504K(87552K)] 894633K->841233K(1019904K), 0.0020073 secs] [Times: user=0.00 sys=0.00, real=0.00 secs] 
95.415: [GC (Allocation Failure) [PSYoungGen: 63640K->26624K(87552K)] 934570K->897553K(1019904K), 0.0022657 secs] [Times: user=0.00 sys=0.00, real=0.00 secs] 
95.418: [GC (Allocation Failure) [PSYoungGen: 26624K->26624K(87552K)] 897553K->897553K(1019904K), 0.0021287 secs] [Times: user=0.00 sys=0.00, real=0.00 secs] 
95.420: [Full GC (Allocation Failure) [PSYoungGen: 26624K->0K(87552K)] [ParOldGen: 870929K->78353K(932352K)] 897553K->78353K(1019904K), [Metaspace: 2796K->2796K(1056768K)], 0.0074097 secs] [Times: user=0.00 sys=0.00, real=0.01 secs] 
97.396: [GC (Allocation Failure) [PSYoungGen: 55448K->25600K(87552K)] 389802K->359953K(1019904K), 0.0021999 secs] [Times: user=0.01 sys=0.00, real=0.00 secs] 
98.054: [GC (Allocation Failure) [PSYoungGen: 67737K->25600K(87552K)] 402090K->370193K(1019904K), 0.0027993 secs] [Times: user=0.00 sys=0.00, real=0.00 secs] 
99.258: [GC (Allocation Failure) [PSYoungGen: 78999K->15360K(87552K)] 577193K->534033K(1019904K), 0.0027986 secs] [Times: user=0.00 sys=0.00, real=0.00 secs] 
100.674: [GC (Allocation Failure) [PSYoungGen: 72856K->10240K(87552K)] 745130K->682513K(1019904K), 0.0014080 secs] [Times: user=0.00 sys=0.00, real=0.00 secs] 
101.763: [GC (Allocation Failure) [PSYoungGen: 68760K->11264K(87552K)] 894634K->837137K(1019904K), 0.0015331 secs] [Times: user=0.00 sys=0.00, real=0.00 secs] 
102.526: [GC (Allocation Failure) [PSYoungGen: 68761K->11264K(87552K)] 945834K->888337K(1019904K), 0.0016446 secs] [Times: user=0.00 sys=0.00, real=0.00 secs] 
102.528: [GC (Allocation Failure) [PSYoungGen: 11264K->11264K(87552K)] 888337K->888337K(1019904K), 0.0015209 secs] [Times: user=0.00 sys=0.00, real=0.00 secs] 
102.529: [Full GC (Allocation Failure) [PSYoungGen: 11264K->0K(87552K)] [ParOldGen: 877073K->62993K(932352K)] 888337K->62993K(1019904K), [Metaspace: 2796K->2796K(1056768K)], 0.0063296 secs] [Times: user=0.00 sys=0.00, real=0.01 secs] 
104.513: [GC (Allocation Failure) [PSYoungGen: 54425K->10240K(87552K)] 219818K->175633K(1019904K), 0.0011722 secs] [Times: user=0.00 sys=0.00, real=0.00 secs] 
105.167: [GC (Allocation Failure) [PSYoungGen: 52377K->25600K(87552K)] 217770K->190993K(1019904K), 0.0016652 secs] [Times: user=0.00 sys=0.00, real=0.00 secs] 
106.370: [GC (Allocation Failure) [PSYoungGen: 79000K->25600K(87552K)] 397993K->344593K(1019904K), 0.0019591 secs] [Times: user=0.00 sys=0.00, real=0.00 secs] 
108.005: [GC (Allocation Failure) [PSYoungGen: 84120K->5120K(87552K)] 556714K->477713K(1019904K), 0.0013480 secs] [Times: user=0.00 sys=0.00, real=0.00 secs] 
109.206: [GC (Allocation Failure) [PSYoungGen: 58521K->10240K(87552K)] 684714K->636433K(1019904K), 0.0015653 secs] [Times: user=0.00 sys=0.00, real=0.00 secs] 
110.298: [GC (Allocation Failure) [PSYoungGen: 68761K->10240K(87552K)] 848554K->790033K(1019904K), 0.0021870 secs] [Times: user=0.00 sys=0.00, real=0.00 secs] 
111.062: [GC (Allocation Failure) [PSYoungGen: 67737K->10240K(87552K)] 898730K->841233K(1019904K), 0.0015825 secs] [Times: user=0.00 sys=0.00, real=0.00 secs] 
111.063: [GC (Allocation Failure) [PSYoungGen: 10240K->10240K(87552K)] 841233K->841233K(1019904K), 0.0016844 secs] [Times: user=0.00 sys=0.00, real=0.00 secs] 
111.065: [Full GC (Allocation Failure) [PSYoungGen: 10240K->0K(87552K)] [ParOldGen: 830993K->215569K(932352K)] 841233K->215569K(1019904K), [Metaspace: 2796K->2796K(1056768K)], 0.0160270 secs] [Times: user=0.00 sys=0.00, real=0.02 secs] 
112.822: [GC (Allocation Failure) [PSYoungGen: 54425K->7168K(87552K)] 525994K->478737K(1019904K), 0.0009561 secs] [Times: user=0.00 sys=0.00, real=0.00 secs] 
113.690: [GC (Allocation Failure) [PSYoungGen: 59545K->26624K(87552K)] 531115K->498193K(1019904K), 0.0021725 secs] [Times: user=0.00 sys=0.00, real=0.00 secs] 
114.888: [GC (Allocation Failure) [PSYoungGen: 80024K->26624K(87552K)] 705194K->651793K(1019904K), 0.0021628 secs] [Times: user=0.00 sys=0.00, real=0.00 secs] 
116.311: [GC (Allocation Failure) [PSYoungGen: 79001K->10240K(87552K)] 704170K->635409K(1019904K), 0.0012523 secs] [Times: user=0.00 sys=0.00, real=0.00 secs] 
117.396: [GC (Allocation Failure) [PSYoungGen: 68760K->15360K(87552K)] 847529K->814609K(1019904K), 0.0028960 secs] [Times: user=0.02 sys=0.00, real=0.00 secs] 
118.159: [GC (Allocation Failure) [PSYoungGen: 72856K->10240K(87552K)] 923306K->860689K(1019904K), 0.0018847 secs] [Times: user=0.00 sys=0.00, real=0.00 secs] 
118.161: [GC (Allocation Failure) [PSYoungGen: 10240K->10240K(87552K)] 860689K->860689K(1019904K), 0.0012799 secs] [Times: user=0.02 sys=0.00, real=0.00 secs] 
118.162: [Full GC (Allocation Failure) [PSYoungGen: 10240K->0K(87552K)] [ParOldGen: 850449K->82449K(932352K)] 860689K->82449K(1019904K), [Metaspace: 2796K->2796K(1056768K)], 0.0074387 secs] [Times: user=0.00 sys=0.00, real=0.01 secs] 
120.572: [GC (Allocation Failure) [PSYoungGen: 55449K->10240K(87552K)] 393898K->348689K(1019904K), 0.0011903 secs] [Times: user=0.00 sys=0.00, real=0.00 secs] 
121.661: [GC (Allocation Failure) [PSYoungGen: 68761K->11264K(87552K)] 560810K->503313K(1019904K), 0.0013889 secs] [Times: user=0.02 sys=0.00, real=0.00 secs] 
123.294: [GC (Allocation Failure) [PSYoungGen: 69785K->1024K(87552K)] 715434K->646673K(1019904K), 0.0015121 secs] [Times: user=0.00 sys=0.00, real=0.00 secs] 
124.388: [GC (Allocation Failure) [PSYoungGen: 59545K->20480K(87552K)] 858795K->819729K(1019904K), 0.0019166 secs] [Times: user=0.00 sys=0.00, real=0.00 secs] 
125.043: [GC (Allocation Failure) [PSYoungGen: 62617K->25600K(87552K)] 861867K->835089K(1019904K), 0.0025629 secs] [Times: user=0.00 sys=0.00, real=0.00 secs] 
125.261: [GC (Allocation Failure) [PSYoungGen: 47256K->15360K(87552K)] 907945K->876049K(1019904K), 0.0016683 secs] [Times: user=0.00 sys=0.00, real=0.00 secs] 
125.263: [GC (Allocation Failure) [PSYoungGen: 15360K->15360K(87552K)] 876049K->876049K(1019904K), 0.0014605 secs] [Times: user=0.00 sys=0.00, real=0.00 secs] 
125.264: [Full GC (Allocation Failure) [PSYoungGen: 15360K->0K(87552K)] [ParOldGen: 860689K->77329K(932352K)] 876049K->77329K(1019904K), [Metaspace: 2796K->2796K(1056768K)], 0.0073218 secs] [Times: user=0.00 sys=0.00, real=0.01 secs] 
126.477: [GC (Allocation Failure) [PSYoungGen: 53400K->15360K(87552K)] 233129K->195089K(1019904K), 0.0014489 secs] [Times: user=0.00 sys=0.00, real=0.00 secs] 
127.787: [GC (Allocation Failure) [PSYoungGen: 72856K->15360K(87552K)] 252586K->195089K(1019904K), 0.0015221 secs] [Times: user=0.02 sys=0.00, real=0.00 secs] 
128.988: [GC (Allocation Failure) [PSYoungGen: 73880K->15360K(87552K)] 407209K->348689K(1019904K), 0.0013453 secs] [Times: user=0.00 sys=0.00, real=0.00 secs] 
130.084: [GC (Allocation Failure) [PSYoungGen: 73880K->15360K(87552K)] 560810K->502289K(1019904K), 0.0014000 secs] [Times: user=0.00 sys=0.00, real=0.00 secs] 
132.043: [GC (Allocation Failure) [PSYoungGen: 73881K->16384K(87552K)] 663210K->605713K(1019904K), 0.0015688 secs] [Times: user=0.00 sys=0.00, real=0.00 secs] 
133.245: [GC (Allocation Failure) [PSYoungGen: 74905K->12288K(87552K)] 817834K->755217K(1019904K), 0.0020351 secs] [Times: user=0.00 sys=0.00, real=0.00 secs] 
134.776: [GC (Allocation Failure) [PSYoungGen: 65689K->5120K(87552K)] 962218K->901649K(1019904K), 0.0014689 secs] [Times: user=0.00 sys=0.00, real=0.00 secs] 
135.106: [GC (Allocation Failure) [PSYoungGen: 47257K->10240K(87552K)] 943787K->927249K(1019904K), 0.0049170 secs] [Times: user=0.00 sys=0.00, real=0.00 secs] 
135.111: [Full GC (Ergonomics) [PSYoungGen: 10240K->0K(87552K)] [ParOldGen: 917009K->31249K(932352K)] 927249K->31249K(1019904K), [Metaspace: 2796K->2796K(1056768K)], 0.0043656 secs] [Times: user=0.00 sys=0.00, real=0.01 secs] 
135.670: [GC (Allocation Failure) [PSYoungGen: 58520K->5120K(87552K)] 192169K->138769K(1019904K), 0.0008427 secs] [Times: user=0.00 sys=0.00, real=0.00 secs] 
136.434: [GC (Allocation Failure) [PSYoungGen: 52376K->15360K(87552K)] 186026K->149009K(1019904K), 0.0013848 secs] [Times: user=0.00 sys=0.00, real=0.00 secs] 
137.636: [GC (Allocation Failure) [PSYoungGen: 68759K->15360K(87552K)] 356009K->323089K(1019904K), 0.0028743 secs] [Times: user=0.00 sys=0.00, real=0.00 secs] 
138.945: [GC (Allocation Failure) [PSYoungGen: 72856K->10240K(87552K)] 431785K->369169K(1019904K), 0.0011705 secs] [Times: user=0.00 sys=0.00, real=0.00 secs] 
140.040: [GC (Allocation Failure) [PSYoungGen: 68760K->10240K(87552K)] 581290K->522769K(1019904K), 0.0012579 secs] [Times: user=0.00 sys=0.00, real=0.00 secs] 
140.695: [GC (Allocation Failure) [PSYoungGen: 52377K->20480K(87552K)] 564906K->533009K(1019904K), 0.0018502 secs] [Times: user=0.00 sys=0.00, real=0.00 secs] 
142.657: [GC (Allocation Failure) [PSYoungGen: 75927K->2048K(87552K)] 742057K->668177K(1019904K), 0.0012268 secs] [Times: user=0.00 sys=0.00, real=0.00 secs] 
143.531: [GC (Allocation Failure) [PSYoungGen: 54424K->21504K(87552K)] 720554K->687633K(1019904K), 0.0018036 secs] [Times: user=0.00 sys=0.00, real=0.00 secs] 
144.732: [GC (Allocation Failure) [PSYoungGen: 74903K->21504K(87552K)] 894633K->841233K(1019904K), 0.0023745 secs] [Times: user=0.00 sys=0.00, real=0.00 secs] 
145.167: [GC (Allocation Failure) [PSYoungGen: 63640K->26624K(87552K)] 934570K->897553K(1019904K), 0.0023399 secs] [Times: user=0.00 sys=0.00, real=0.00 secs] 
145.170: [GC (Allocation Failure) [PSYoungGen: 26624K->26624K(87552K)] 897553K->897553K(1019904K), 0.0019271 secs] [Times: user=0.00 sys=0.00, real=0.00 secs] 
145.172: [Full GC (Allocation Failure) [PSYoungGen: 26624K->0K(87552K)] [ParOldGen: 870929K->78353K(932352K)] 897553K->78353K(1019904K), [Metaspace: 2796K->2796K(1056768K)], 0.0074790 secs] [Times: user=0.00 sys=0.00, real=0.01 secs] 
147.149: [GC (Allocation Failure) [PSYoungGen: 55448K->25600K(87552K)] 389802K->359953K(1019904K), 0.0025907 secs] [Times: user=0.00 sys=0.00, real=0.00 secs] 
147.804: [GC (Allocation Failure) [PSYoungGen: 67737K->15360K(87552K)] 402090K->370193K(1019904K), 0.0029833 secs] [Times: user=0.00 sys=0.00, real=0.00 secs] 
149.005: [GC (Allocation Failure) [PSYoungGen: 68759K->15360K(87552K)] 577193K->523793K(1019904K), 0.0015101 secs] [Times: user=0.00 sys=0.00, real=0.00 secs] 
150.422: [GC (Allocation Failure) [PSYoungGen: 72856K->10240K(87552K)] 734890K->672273K(1019904K), 0.0012625 secs] [Times: user=0.00 sys=0.00, real=0.00 secs] 
151.514: [GC (Allocation Failure) [PSYoungGen: 68760K->11264K(87552K)] 884394K->826897K(1019904K), 0.0017123 secs] [Times: user=0.00 sys=0.00, real=0.00 secs] 
152.275: [GC (Allocation Failure) [PSYoungGen: 68761K->11264K(87552K)] 935594K->878097K(1019904K), 0.0013946 secs] [Times: user=0.00 sys=0.00, real=0.00 secs] 
152.277: [GC (Allocation Failure) [PSYoungGen: 11264K->11264K(87552K)] 878097K->878097K(1019904K), 0.0013037 secs] [Times: user=0.00 sys=0.00, real=0.00 secs] 
152.278: [Full GC (Allocation Failure) [PSYoungGen: 11264K->0K(87552K)] [ParOldGen: 866833K->62993K(932352K)] 878097K->62993K(1019904K), [Metaspace: 2796K->2796K(1056768K)], 0.0061970 secs] [Times: user=0.00 sys=0.00, real=0.01 secs] 
154.261: [GC (Allocation Failure) [PSYoungGen: 54425K->10240K(87552K)] 219818K->175633K(1019904K), 0.0009705 secs] [Times: user=0.00 sys=0.00, real=0.00 secs] 
154.911: [GC (Allocation Failure) [PSYoungGen: 52377K->25600K(87552K)] 217770K->190993K(1019904K), 0.0016284 secs] [Times: user=0.00 sys=0.00, real=0.00 secs] 
156.111: [GC (Allocation Failure) [PSYoungGen: 79000K->25600K(87552K)] 397993K->344593K(1019904K), 0.0020378 secs] [Times: user=0.00 sys=0.00, real=0.00 secs] 
157.751: [GC (Allocation Failure) [PSYoungGen: 84120K->5120K(87552K)] 556714K->477713K(1019904K), 0.0012351 secs] [Times: user=0.00 sys=0.00, real=0.00 secs] 
158.952: [GC (Allocation Failure) [PSYoungGen: 58521K->10240K(87552K)] 684714K->636433K(1019904K), 0.0018644 secs] [Times: user=0.00 sys=0.00, real=0.00 secs] 
160.043: [GC (Allocation Failure) [PSYoungGen: 68761K->10240K(87552K)] 848554K->790033K(1019904K), 0.0017076 secs] [Times: user=0.00 sys=0.00, real=0.00 secs] 
160.805: [GC (Allocation Failure) [PSYoungGen: 67737K->10240K(87552K)] 898730K->841233K(1019904K), 0.0023728 secs] [Times: user=0.00 sys=0.00, real=0.00 secs] 
160.808: [GC (Allocation Failure) [PSYoungGen: 10240K->10240K(87552K)] 841233K->841233K(1019904K), 0.0022028 secs] [Times: user=0.00 sys=0.00, real=0.00 secs] 
160.810: [Full GC (Allocation Failure) [PSYoungGen: 10240K->0K(87552K)] [ParOldGen: 830993K->215569K(932352K)] 841233K->215569K(1019904K), [Metaspace: 2796K->2796K(1056768K)], 0.0159568 secs] [Times: user=0.00 sys=0.00, real=0.02 secs] 
162.582: [GC (Allocation Failure) [PSYoungGen: 54425K->7168K(87552K)] 525994K->478737K(1019904K), 0.0011571 secs] [Times: user=0.00 sys=0.00, real=0.00 secs] 
163.454: [GC (Allocation Failure) [PSYoungGen: 59545K->26624K(87552K)] 531115K->498193K(1019904K), 0.0022017 secs] [Times: user=0.00 sys=0.00, real=0.00 secs] 
164.655: [GC (Allocation Failure) [PSYoungGen: 80024K->26624K(87552K)] 705194K->651793K(1019904K), 0.0023699 secs] [Times: user=0.00 sys=0.00, real=0.00 secs] 
166.076: [GC (Allocation Failure) [PSYoungGen: 79001K->10240K(87552K)] 704170K->635409K(1019904K), 0.0015422 secs] [Times: user=0.00 sys=0.00, real=0.00 secs] 
167.167: [GC (Allocation Failure) [PSYoungGen: 68760K->15360K(87552K)] 847529K->814609K(1019904K), 0.0029965 secs] [Times: user=0.00 sys=0.00, real=0.00 secs] 
167.938: [GC (Allocation Failure) [PSYoungGen: 72856K->10240K(87552K)] 923306K->860689K(1019904K), 0.0018907 secs] [Times: user=0.00 sys=0.00, real=0.00 secs] 
167.940: [GC (Allocation Failure) [PSYoungGen: 10240K->10240K(87552K)] 860689K->860689K(1019904K), 0.0013795 secs] [Times: user=0.00 sys=0.00, real=0.00 secs] 
167.941: [Full GC (Allocation Failure) [PSYoungGen: 10240K->0K(87552K)] [ParOldGen: 850449K->82449K(932352K)] 860689K->82449K(1019904K), [Metaspace: 2796K->2796K(1056768K)], 0.0076281 secs] [Times: user=0.00 sys=0.00, real=0.01 secs] 
170.356: [GC (Allocation Failure) [PSYoungGen: 55449K->10240K(87552K)] 393898K->348689K(1019904K), 0.0011064 secs] [Times: user=0.00 sys=0.00, real=0.00 secs] 
171.449: [GC (Allocation Failure) [PSYoungGen: 68761K->11264K(87552K)] 560810K->503313K(1019904K), 0.0014373 secs] [Times: user=0.00 sys=0.00, real=0.00 secs] 
173.084: [GC (Allocation Failure) [PSYoungGen: 69785K->1024K(87552K)] 715434K->646673K(1019904K), 0.0017414 secs] [Times: user=0.00 sys=0.00, real=0.00 secs] 
174.176: [GC (Allocation Failure) [PSYoungGen: 59545K->20480K(87552K)] 858795K->819729K(1019904K), 0.0018281 secs] [Times: user=0.00 sys=0.00, real=0.00 secs] 
174.834: [GC (Allocation Failure) [PSYoungGen: 62617K->25600K(87552K)] 861867K->835089K(1019904K), 0.0026588 secs] [Times: user=0.00 sys=0.00, real=0.00 secs] 
175.053: [GC (Allocation Failure) [PSYoungGen: 47256K->15360K(87552K)] 907945K->876049K(1019904K), 0.0019458 secs] [Times: user=0.00 sys=0.00, real=0.00 secs] 
175.055: [GC (Allocation Failure) [PSYoungGen: 15360K->15360K(87552K)] 876049K->876049K(1019904K), 0.0015152 secs] [Times: user=0.00 sys=0.00, real=0.00 secs] 
175.057: [Full GC (Allocation Failure) [PSYoungGen: 15360K->0K(87552K)] [ParOldGen: 860689K->77329K(932352K)] 876049K->77329K(1019904K), [Metaspace: 2796K->2796K(1056768K)], 0.0074066 secs] [Times: user=0.00 sys=0.00, real=0.01 secs] 
176.263: [GC (Allocation Failure) [PSYoungGen: 53400K->15360K(87552K)] 233129K->195089K(1019904K), 0.0013442 secs] [Times: user=0.00 sys=0.00, real=0.00 secs] 
177.568: [GC (Allocation Failure) [PSYoungGen: 72856K->15360K(87552K)] 252586K->195089K(1019904K), 0.0013899 secs] [Times: user=0.09 sys=0.00, real=0.00 secs] 
178.767: [GC (Allocation Failure) [PSYoungGen: 73880K->15360K(87552K)] 407209K->348689K(1019904K), 0.0014720 secs] [Times: user=0.00 sys=0.00, real=0.00 secs] 
179.854: [GC (Allocation Failure) [PSYoungGen: 73880K->15360K(87552K)] 560810K->502289K(1019904K), 0.0016040 secs] [Times: user=0.00 sys=0.00, real=0.00 secs] 
181.818: [GC (Allocation Failure) [PSYoungGen: 73881K->16384K(87552K)] 663210K->605713K(1019904K), 0.0018505 secs] [Times: user=0.00 sys=0.00, real=0.00 secs] 
183.017: [GC (Allocation Failure) [PSYoungGen: 74905K->12288K(87552K)] 817834K->755217K(1019904K), 0.0019706 secs] [Times: user=0.00 sys=0.00, real=0.00 secs] 
184.540: [GC (Allocation Failure) [PSYoungGen: 65689K->5120K(87552K)] 962218K->901649K(1019904K), 0.0014913 secs] [Times: user=0.00 sys=0.00, real=0.00 secs] 
184.868: [GC (Allocation Failure) [PSYoungGen: 47257K->20480K(87552K)] 943787K->927249K(1019904K), 0.0027171 secs] [Times: user=0.00 sys=0.00, real=0.00 secs] 
184.871: [Full GC (Ergonomics) [PSYoungGen: 20480K->0K(87552K)] [ParOldGen: 906769K->31249K(932352K)] 927249K->31249K(1019904K), [Metaspace: 2796K->2796K(1056768K)], 0.0043984 secs] [Times: user=0.00 sys=0.00, real=0.01 secs] 
185.413: [GC (Allocation Failure) [PSYoungGen: 58520K->5120K(87552K)] 192169K->138769K(1019904K), 0.0008136 secs] [Times: user=0.00 sys=0.00, real=0.00 secs] 
186.174: [GC (Allocation Failure) [PSYoungGen: 52376K->15360K(87552K)] 186026K->149009K(1019904K), 0.0013994 secs] [Times: user=0.00 sys=0.00, real=0.00 secs] 
187.372: [GC (Allocation Failure) [PSYoungGen: 68759K->15360K(87552K)] 356009K->323089K(1019904K), 0.0027626 secs] [Times: user=0.00 sys=0.00, real=0.00 secs] 
188.683: [GC (Allocation Failure) [PSYoungGen: 72856K->10240K(87552K)] 431785K->369169K(1019904K), 0.0010344 secs] [Times: user=0.00 sys=0.00, real=0.00 secs] 
189.771: [GC (Allocation Failure) [PSYoungGen: 68760K->10240K(87552K)] 581290K->522769K(1019904K), 0.0011003 secs] [Times: user=0.00 sys=0.00, real=0.00 secs] 
190.427: [GC (Allocation Failure) [PSYoungGen: 52377K->20480K(87552K)] 564906K->533009K(1019904K), 0.0018148 secs] [Times: user=0.02 sys=0.00, real=0.00 secs] 
192.386: [GC (Allocation Failure) [PSYoungGen: 75927K->2080K(87552K)] 742057K->668209K(1019904K), 0.0016726 secs] [Times: user=0.00 sys=0.00, real=0.00 secs] 
193.261: [GC (Allocation Failure) [PSYoungGen: 54456K->21536K(87552K)] 720586K->687665K(1019904K), 0.0018287 secs] [Times: user=0.00 sys=0.00, real=0.00 secs] 
194.462: [GC (Allocation Failure) [PSYoungGen: 74935K->21536K(87552K)] 894665K->841265K(1019904K), 0.0021730 secs] [Times: user=0.00 sys=0.00, real=0.00 secs] 
194.897: [GC (Allocation Failure) [PSYoungGen: 63672K->26656K(87552K)] 934602K->897585K(1019904K), 0.0021925 secs] [Times: user=0.00 sys=0.00, real=0.00 secs] 
194.899: [GC (Allocation Failure) [PSYoungGen: 26656K->26656K(87552K)] 897585K->897585K(1019904K), 0.0018640 secs] [Times: user=0.00 sys=0.00, real=0.00 secs] 
194.901: [Full GC (Allocation Failure) [PSYoungGen: 26656K->0K(87552K)] [ParOldGen: 870929K->78353K(932352K)] 897585K->78353K(1019904K), [Metaspace: 2796K->2796K(1056768K)], 0.0075360 secs] [Times: user=0.00 sys=0.00, real=0.01 secs] 
196.877: [GC (Allocation Failure) [PSYoungGen: 55448K->25600K(87552K)] 389802K->359953K(1019904K), 0.0022942 secs] [Times: user=0.00 sys=0.00, real=0.00 secs] 
197.531: [GC (Allocation Failure) [PSYoungGen: 67737K->15360K(87552K)] 402091K->370193K(1019904K), 0.0029439 secs] [Times: user=0.00 sys=0.00, real=0.00 secs] 
198.727: [GC (Allocation Failure) [PSYoungGen: 68759K->15360K(87552K)] 577193K->523793K(1019904K), 0.0015660 secs] [Times: user=0.00 sys=0.00, real=0.00 secs] 
200.147: [GC (Allocation Failure) [PSYoungGen: 72856K->10240K(87552K)] 734890K->672273K(1019904K), 0.0014574 secs] [Times: user=0.00 sys=0.00, real=0.00 secs] 
201.238: [GC (Allocation Failure) [PSYoungGen: 68760K->11264K(87552K)] 884394K->826898K(1019904K), 0.0014736 secs] [Times: user=0.00 sys=0.00, real=0.00 secs] 
202.000: [GC (Allocation Failure) [PSYoungGen: 68761K->11264K(87552K)] 935595K->878098K(1019904K), 0.0015581 secs] [Times: user=0.00 sys=0.00, real=0.00 secs] 
202.002: [GC (Allocation Failure) [PSYoungGen: 11264K->11264K(87552K)] 878098K->878098K(1019904K), 0.0016210 secs] [Times: user=0.00 sys=0.00, real=0.00 secs] 
202.003: [Full GC (Allocation Failure) [PSYoungGen: 11264K->0K(87552K)] [ParOldGen: 866833K->62993K(932352K)] 878098K->62993K(1019904K), [Metaspace: 2796K->2796K(1056768K)], 0.0063526 secs] [Times: user=0.00 sys=0.00, real=0.01 secs] 
203.981: [GC (Allocation Failure) [PSYoungGen: 54425K->10240K(87552K)] 219819K->175633K(1019904K), 0.0009744 secs] [Times: user=0.00 sys=0.00, real=0.00 secs] 
204.637: [GC (Allocation Failure) [PSYoungGen: 52377K->25600K(87552K)] 217771K->190993K(1019904K), 0.0017036 secs] [Times: user=0.00 sys=0.00, real=0.00 secs] 
205.835: [GC (Allocation Failure) [PSYoungGen: 79000K->25600K(87552K)] 397994K->344593K(1019904K), 0.0020014 secs] [Times: user=0.00 sys=0.00, real=0.00 secs] 
207.474: [GC (Allocation Failure) [PSYoungGen: 84120K->5120K(87552K)] 556714K->477713K(1019904K), 0.0010050 secs] [Times: user=0.00 sys=0.00, real=0.00 secs] 
208.674: [GC (Allocation Failure) [PSYoungGen: 58521K->10240K(87552K)] 684714K->636433K(1019904K), 0.0015643 secs] [Times: user=0.00 sys=0.00, real=0.00 secs] 
209.766: [GC (Allocation Failure) [PSYoungGen: 68761K->10240K(87552K)] 848555K->790033K(1019904K), 0.0018158 secs] [Times: user=0.00 sys=0.00, real=0.00 secs] 
210.529: [GC (Allocation Failure) [PSYoungGen: 67737K->10240K(87552K)] 898731K->841233K(1019904K), 0.0021402 secs] [Times: user=0.00 sys=0.00, real=0.00 secs] 
210.532: [GC (Allocation Failure) [PSYoungGen: 10240K->10240K(87552K)] 841233K->841233K(1019904K), 0.0017169 secs] [Times: user=0.00 sys=0.00, real=0.00 secs] 
210.533: [Full GC (Allocation Failure) [PSYoungGen: 10240K->0K(87552K)] [ParOldGen: 830993K->215569K(932352K)] 841233K->215569K(1019904K), [Metaspace: 2796K->2796K(1056768K)], 0.0161801 secs] [Times: user=0.02 sys=0.00, real=0.02 secs] 
212.292: [GC (Allocation Failure) [PSYoungGen: 54425K->7168K(87552K)] 525995K->478737K(1019904K), 0.0009175 secs] [Times: user=0.00 sys=0.00, real=0.00 secs] 
213.163: [GC (Allocation Failure) [PSYoungGen: 59545K->26624K(87552K)] 531115K->498193K(1019904K), 0.0019952 secs] [Times: user=0.00 sys=0.00, real=0.00 secs] 
214.362: [GC (Allocation Failure) [PSYoungGen: 80024K->26624K(87552K)] 705194K->651793K(1019904K), 0.0020931 secs] [Times: user=0.00 sys=0.00, real=0.00 secs] 
215.779: [GC (Allocation Failure) [PSYoungGen: 79001K->10240K(87552K)] 704170K->635409K(1019904K), 0.0013403 secs] [Times: user=0.00 sys=0.00, real=0.00 secs] 
216.866: [GC (Allocation Failure) [PSYoungGen: 68760K->15360K(87552K)] 847529K->814609K(1019904K), 0.0030326 secs] [Times: user=0.00 sys=0.00, real=0.00 secs] 
217.630: [GC (Allocation Failure) [PSYoungGen: 72856K->10240K(87552K)] 923306K->860689K(1019904K), 0.0016140 secs] [Times: user=0.00 sys=0.00, real=0.00 secs] 
217.632: [GC (Allocation Failure) [PSYoungGen: 10240K->10240K(87552K)] 860689K->860689K(1019904K), 0.0014425 secs] [Times: user=0.00 sys=0.00, real=0.00 secs] 
217.633: [Full GC (Allocation Failure) [PSYoungGen: 10240K->0K(87552K)] [ParOldGen: 850449K->82449K(932352K)] 860689K->82449K(1019904K), [Metaspace: 2796K->2796K(1056768K)], 0.0073872 secs] [Times: user=0.00 sys=0.00, real=0.01 secs] 
Heap
 PSYoungGen      total 87552K, used 23858K [0x00000000f8e80000, 0x0000000100000000, 0x0000000100000000)
  eden space 58880K, 40% used [0x00000000f8e80000,0x00000000fa5ccbb0,0x00000000fc800000)
  from space 28672K, 0% used [0x00000000fe400000,0x00000000fe400000,0x0000000100000000)
  to   space 28672K, 0% used [0x00000000fc800000,0x00000000fc800000,0x00000000fe400000)
 ParOldGen       total 932352K, used 184849K [0x00000000c0000000, 0x00000000f8e80000, 0x00000000f8e80000)
  object space 932352K, 19% used [0x00000000c0000000,0x00000000cb484730,0x00000000f8e80000)
 Metaspace       used 2804K, capacity 4486K, committed 4864K, reserved 1056768K
  class space    used 297K, capacity 386K, committed 512K, reserved 1048576K
