Java HotSpot(TM) 64-Bit Server VM (25.411-b09) for windows-amd64 JRE (1.8.0_411-b09), built on Mar 13 2024 07:26:13 by "java_re" with MS VC++ 17.1 (VS2022)
Memory: 4k page, physical 33403376k(13979124k free), swap 40595968k(6969480k free)
CommandLine flags: -XX:InitialHeapSize=2147483648 -XX:MaxHeapSize=2147483648 -XX:NewRatio=4 -XX:ParallelGCThreads=10 -XX:+PrintGC -XX:+PrintGCDetails -XX:+PrintGCTimeStamps -XX:-UseAdaptiveSizePolicy -XX:+UseCompressedClassPointers -XX:+UseCompressedOops -XX:-UseLargePagesIndividualAllocation -XX:+UseParallelGC 
2.728: [GC (Allocation Failure) [PSYoungGen: 309555K->32512K(367104K)] 309555K->32520K(2044928K), 0.0081471 secs] [Times: user=0.00 sys=0.00, real=0.01 secs] 
5.585: [GC (Allocation Failure) [PSYoungGen: 304921K->36640K(367104K)] 304929K->36648K(2044928K), 0.0163149 secs] [Times: user=0.00 sys=0.00, real=0.02 secs] 
7.128: [GC (Allocation Failure) [PSYoungGen: 322472K->41696K(367104K)] 322480K->92912K(2044928K), 0.0184237 secs] [Times: user=0.02 sys=0.03, real=0.02 secs] 
9.217: [GC (Allocation Failure) [PSYoungGen: 355084K->51896K(367104K)] 406300K->108232K(2044928K), 0.0156920 secs] [Times: user=0.02 sys=0.00, real=0.02 secs] 
11.305: [GC (Allocation Failure) [PSYoungGen: 336674K->31488K(367104K)] 393011K->241424K(2044928K), 0.0358320 secs] [Times: user=0.03 sys=0.02, real=0.03 secs] 
12.865: [GC (Allocation Failure) [PSYoungGen: 296830K->51952K(367104K)] 506766K->267016K(2044928K), 0.0050738 secs] [Times: user=0.00 sys=0.00, real=0.00 secs] 
14.288: [GC (Allocation Failure) [PSYoungGen: 283411K->51936K(367104K)] 498475K->278272K(2044928K), 0.0080129 secs] [Times: user=0.00 sys=0.00, real=0.01 secs] 
17.143: [GC (Allocation Failure) [PSYoungGen: 334626K->51968K(367104K)] 560962K->303904K(2044928K), 0.0082633 secs] [Times: user=0.02 sys=0.00, real=0.01 secs] 
18.575: [GC (Allocation Failure) [PSYoungGen: 283456K->51952K(367104K)] 535392K->360216K(2044928K), 0.0183280 secs] [Times: user=0.00 sys=0.01, real=0.02 secs] 
20.989: [GC (Allocation Failure) [PSYoungGen: 365352K->10960K(367104K)] 673616K->421624K(2044928K), 0.0337103 secs] [Times: user=0.01 sys=0.00, real=0.03 secs] 
22.760: [GC (Allocation Failure) [PSYoungGen: 283405K->32544K(367104K)] 694069K->443208K(2044928K), 0.0028249 secs] [Times: user=0.00 sys=0.00, real=0.00 secs] 
24.286: [GC (Allocation Failure) [PSYoungGen: 289644K->51936K(367104K)] 700308K->472840K(2044928K), 0.0050848 secs] [Times: user=0.00 sys=0.00, real=0.00 secs] 
25.702: [GC (Allocation Failure) [PSYoungGen: 283428K->16048K(367104K)] 704332K->488152K(2044928K), 0.0181631 secs] [Times: user=0.00 sys=0.02, real=0.02 secs] 
28.551: [GC (Allocation Failure) [PSYoungGen: 315421K->51952K(367104K)] 787525K->580384K(2044928K), 0.0172462 secs] [Times: user=0.00 sys=0.00, real=0.02 secs] 
29.984: [GC (Allocation Failure) [PSYoungGen: 283427K->5792K(367104K)] 811859K->636632K(2044928K), 0.0208341 secs] [Times: user=0.05 sys=0.00, real=0.02 secs] 
32.741: [GC (Allocation Failure) [PSYoungGen: 314064K->26784K(367104K)] 944904K->658256K(2044928K), 0.0029214 secs] [Times: user=0.00 sys=0.00, real=0.00 secs] 
34.270: [GC (Allocation Failure) [PSYoungGen: 309463K->51328K(367104K)] 940935K->700216K(2044928K), 0.0065848 secs] [Times: user=0.00 sys=0.00, real=0.01 secs] 
36.144: [GC (Allocation Failure) [PSYoungGen: 364745K->15488K(367104K)] 1013633K->664384K(2044928K), 0.0025925 secs] [Times: user=0.02 sys=0.00, real=0.00 secs] 
38.434: [GC (Allocation Failure) [PSYoungGen: 310544K->41088K(367104K)] 959441K->710464K(2044928K), 0.0152871 secs] [Times: user=0.02 sys=0.00, real=0.02 secs] 
41.072: [GC (Allocation Failure) [PSYoungGen: 351513K->20640K(367104K)] 1020890K->792416K(2044928K), 0.0344050 secs] [Times: user=0.02 sys=0.01, real=0.03 secs] 
44.160: [GC (Allocation Failure) [PSYoungGen: 313599K->31872K(367104K)] 1085376K->803664K(2044928K), 0.0038790 secs] [Times: user=0.00 sys=0.00, real=0.00 secs] 
45.696: [GC (Allocation Failure) [PSYoungGen: 314611K->51328K(367104K)] 1086403K->849744K(2044928K), 0.0071220 secs] [Times: user=0.00 sys=0.00, real=0.01 secs] 
47.679: [GC (Allocation Failure) [PSYoungGen: 364783K->25728K(367104K)] 1163200K->824144K(2044928K), 0.0039313 secs] [Times: user=0.00 sys=0.00, real=0.00 secs] 
49.860: [GC (Allocation Failure) [PSYoungGen: 315714K->51296K(367104K)] 1114130K->900912K(2044928K), 0.0192975 secs] [Times: user=0.02 sys=0.00, real=0.02 secs] 
51.405: [GC (Allocation Failure) [PSYoungGen: 313532K->51296K(367104K)] 1163148K->906032K(2044928K), 0.0065086 secs] [Times: user=0.00 sys=0.00, real=0.01 secs] 
52.837: [GC (Allocation Failure) [PSYoungGen: 282833K->51328K(367104K)] 1137569K->912208K(2044928K), 0.0061861 secs] [Times: user=0.00 sys=0.00, real=0.01 secs] 
55.687: [GC (Allocation Failure) [PSYoungGen: 323828K->15488K(367104K)] 1184709K->927568K(2044928K), 0.0190495 secs] [Times: user=0.02 sys=0.02, real=0.02 secs] 
57.121: [GC (Allocation Failure) [PSYoungGen: 247007K->41088K(367104K)] 1159088K->1004368K(2044928K), 0.0191527 secs] [Times: user=0.03 sys=0.00, real=0.02 secs] 
59.212: [GC (Allocation Failure) [PSYoungGen: 354517K->5120K(367104K)] 1317798K->1019616K(2044928K), 0.0173322 secs] [Times: user=0.02 sys=0.00, real=0.02 secs] 
61.298: [GC (Allocation Failure) [PSYoungGen: 289952K->30720K(367104K)] 1304449K->1147616K(2044928K), 0.0348537 secs] [Times: user=0.03 sys=0.03, real=0.04 secs] 
62.858: [GC (Allocation Failure) [PSYoungGen: 294049K->51200K(367104K)] 1410946K->1173216K(2044928K), 0.0061236 secs] [Times: user=0.02 sys=0.00, real=0.01 secs] 
64.291: [GC (Allocation Failure) [PSYoungGen: 282686K->51200K(367104K)] 1404703K->1184480K(2044928K), 0.0063633 secs] [Times: user=0.00 sys=0.00, real=0.01 secs] 
67.144: [GC (Allocation Failure) [PSYoungGen: 333908K->51200K(367104K)] 1467188K->1210080K(2044928K), 0.0157073 secs] [Times: user=0.00 sys=0.00, real=0.02 secs] 
68.579: [GC (Allocation Failure) [PSYoungGen: 282699K->51200K(367104K)] 1441580K->1266400K(2044928K), 0.0309171 secs] [Times: user=0.01 sys=0.00, real=0.03 secs] 
71.013: [GC (Allocation Failure) [PSYoungGen: 364607K->10240K(367104K)] 1579808K->1327840K(2044928K), 0.0348229 secs] [Times: user=0.03 sys=0.02, real=0.03 secs] 
72.792: [GC (Allocation Failure) [PSYoungGen: 282689K->31744K(367104K)] 1600290K->1349344K(2044928K), 0.0042281 secs] [Times: user=0.00 sys=0.00, real=0.00 secs] 
74.320: [GC (Allocation Failure) [PSYoungGen: 288847K->51200K(367104K)] 1606448K->1379040K(2044928K), 0.0070793 secs] [Times: user=0.00 sys=0.00, real=0.01 secs] 
75.741: [GC (Allocation Failure) [PSYoungGen: 282693K->51200K(367104K)] 1610534K->1394400K(2044928K), 0.0070508 secs] [Times: user=0.00 sys=0.00, real=0.01 secs] 
78.598: [GC (Allocation Failure) [PSYoungGen: 349243K->51200K(367104K)] 1692444K->1450720K(2044928K), 0.0197701 secs] [Times: user=0.00 sys=0.02, real=0.02 secs] 
80.031: [GC (Allocation Failure) [PSYoungGen: 282685K->51200K(367104K)] 1682206K->1507040K(2044928K), 0.0198174 secs] [Times: user=0.03 sys=0.00, real=0.02 secs] 
82.785: [GC (Allocation Failure) [PSYoungGen: 359478K->26624K(367104K)] 1815319K->1482464K(2044928K), 0.0042157 secs] [Times: user=0.00 sys=0.00, real=0.00 secs] 
84.312: [GC (Allocation Failure) [PSYoungGen: 309307K->51200K(367104K)] 1765148K->1524448K(2044928K), 0.0068950 secs] [Times: user=0.02 sys=0.00, real=0.01 secs] 
86.184: [GC (Allocation Failure) [PSYoungGen: 364620K->15360K(367104K)] 1837869K->1488609K(2044928K), 0.0031875 secs] [Times: user=0.00 sys=0.00, real=0.00 secs] 
88.479: [GC (Allocation Failure) [PSYoungGen: 310420K->40960K(367104K)] 1783669K->1534689K(2044928K), 0.0152384 secs] [Times: user=0.01 sys=0.00, real=0.01 secs] 
91.122: [GC (Allocation Failure) [PSYoungGen: 351387K->20480K(367104K)] 1845116K->1616609K(2044928K), 0.0340807 secs] [Times: user=0.02 sys=0.00, real=0.03 secs] 
91.156: [Full GC (Ergonomics) [PSYoungGen: 20480K->0K(367104K)] [ParOldGen: 1596129K->123409K(1677824K)] 1616609K->123409K(2044928K), [Metaspace: 2796K->2796K(1056768K)], 0.0261420 secs] [Times: user=0.01 sys=0.01, real=0.03 secs] 
94.248: [GC (Allocation Failure) [PSYoungGen: 292960K->31744K(367104K)] 416369K->155153K(2044928K), 0.0025780 secs] [Times: user=0.00 sys=0.00, real=0.00 secs] 
95.776: [GC (Allocation Failure) [PSYoungGen: 314437K->26624K(367104K)] 437846K->201233K(2044928K), 0.0056273 secs] [Times: user=0.00 sys=0.00, real=0.01 secs] 
97.757: [GC (Allocation Failure) [PSYoungGen: 340050K->25600K(367104K)] 514659K->200209K(2044928K), 0.0025859 secs] [Times: user=0.00 sys=0.00, real=0.00 secs] 
99.936: [GC (Allocation Failure) [PSYoungGen: 315548K->51200K(367104K)] 490157K->277009K(2044928K), 0.0069613 secs] [Times: user=0.02 sys=0.00, real=0.01 secs] 
101.466: [GC (Allocation Failure) [PSYoungGen: 313424K->51200K(367104K)] 539233K->282129K(2044928K), 0.0050608 secs] [Times: user=0.00 sys=0.00, real=0.00 secs] 
102.884: [GC (Allocation Failure) [PSYoungGen: 282729K->51200K(367104K)] 513658K->288273K(2044928K), 0.0043425 secs] [Times: user=0.00 sys=0.00, real=0.00 secs] 
105.729: [GC (Allocation Failure) [PSYoungGen: 323695K->51200K(367104K)] 560769K->303633K(2044928K), 0.0071564 secs] [Times: user=0.00 sys=0.00, real=0.01 secs] 
107.160: [GC (Allocation Failure) [PSYoungGen: 282716K->51200K(367104K)] 535149K->329233K(2044928K), 0.0056406 secs] [Times: user=0.00 sys=0.00, real=0.01 secs] 
109.233: [GC (Allocation Failure) [PSYoungGen: 364627K->5120K(367104K)] 642661K->334353K(2044928K), 0.0049864 secs] [Times: user=0.00 sys=0.00, real=0.00 secs] 
111.306: [GC (Allocation Failure) [PSYoungGen: 289949K->30720K(367104K)] 619183K->462353K(2044928K), 0.0153443 secs] [Times: user=0.00 sys=0.00, real=0.01 secs] 
112.848: [GC (Allocation Failure) [PSYoungGen: 294048K->51200K(367104K)] 725681K->487953K(2044928K), 0.0047614 secs] [Times: user=0.00 sys=0.00, real=0.00 secs] 
114.264: [GC (Allocation Failure) [PSYoungGen: 282685K->11264K(367104K)] 719439K->499217K(2044928K), 0.0053245 secs] [Times: user=0.00 sys=0.00, real=0.01 secs] 
117.103: [GC (Allocation Failure) [PSYoungGen: 293971K->51200K(367104K)] 781925K->564753K(2044928K), 0.0059228 secs] [Times: user=0.00 sys=0.00, real=0.01 secs] 
118.534: [GC (Allocation Failure) [PSYoungGen: 282699K->51200K(367104K)] 796253K->621073K(2044928K), 0.0052942 secs] [Times: user=0.02 sys=0.00, real=0.01 secs] 
120.932: [GC (Allocation Failure) [PSYoungGen: 364607K->10240K(367104K)] 934481K->682513K(2044928K), 0.0154474 secs] [Times: user=0.00 sys=0.00, real=0.02 secs] 
122.699: [GC (Allocation Failure) [PSYoungGen: 282689K->31744K(367104K)] 954963K->704017K(2044928K), 0.0025389 secs] [Times: user=0.00 sys=0.00, real=0.00 secs] 
124.230: [GC (Allocation Failure) [PSYoungGen: 288847K->51200K(367104K)] 961121K->733713K(2044928K), 0.0050861 secs] [Times: user=0.00 sys=0.00, real=0.00 secs] 
125.650: [GC (Allocation Failure) [PSYoungGen: 282693K->51200K(367104K)] 965207K->749073K(2044928K), 0.0057285 secs] [Times: user=0.00 sys=0.00, real=0.01 secs] 
128.499: [GC (Allocation Failure) [PSYoungGen: 349243K->51200K(367104K)] 1047117K->805393K(2044928K), 0.0062369 secs] [Times: user=0.01 sys=0.00, real=0.00 secs] 
129.928: [GC (Allocation Failure) [PSYoungGen: 282685K->5120K(367104K)] 1036879K->810513K(2044928K), 0.0051571 secs] [Times: user=0.00 sys=0.00, real=0.01 secs] 
132.667: [GC (Allocation Failure) [PSYoungGen: 313398K->26624K(367104K)] 1118792K->832017K(2044928K), 0.0027579 secs] [Times: user=0.00 sys=0.00, real=0.00 secs] 
134.181: [GC (Allocation Failure) [PSYoungGen: 309307K->51200K(367104K)] 1114701K->874001K(2044928K), 0.0056069 secs] [Times: user=0.00 sys=0.00, real=0.01 secs] 
136.059: [GC (Allocation Failure) [PSYoungGen: 364620K->15360K(367104K)] 1187422K->838161K(2044928K), 0.0023440 secs] [Times: user=0.00 sys=0.00, real=0.00 secs] 
138.351: [GC (Allocation Failure) [PSYoungGen: 310420K->40960K(367104K)] 1133221K->884241K(2044928K), 0.0044127 secs] [Times: user=0.00 sys=0.00, real=0.00 secs] 
140.964: [GC (Allocation Failure) [PSYoungGen: 351387K->20480K(367104K)] 1194669K->966161K(2044928K), 0.0104337 secs] [Times: user=0.02 sys=0.00, real=0.01 secs] 
144.038: [GC (Allocation Failure) [PSYoungGen: 313440K->31744K(367104K)] 1259122K->977425K(2044928K), 0.0029575 secs] [Times: user=0.00 sys=0.00, real=0.00 secs] 
145.562: [GC (Allocation Failure) [PSYoungGen: 314483K->26624K(367104K)] 1260165K->1023505K(2044928K), 0.0065844 secs] [Times: user=0.01 sys=0.00, real=0.01 secs] 
147.530: [GC (Allocation Failure) [PSYoungGen: 340080K->25600K(367104K)] 1336962K->1022481K(2044928K), 0.0025013 secs] [Times: user=0.00 sys=0.00, real=0.00 secs] 
149.709: [GC (Allocation Failure) [PSYoungGen: 315586K->51200K(367104K)] 1312468K->1099281K(2044928K), 0.0070280 secs] [Times: user=0.00 sys=0.00, real=0.01 secs] 
151.239: [GC (Allocation Failure) [PSYoungGen: 313436K->5120K(367104K)] 1361518K->1104401K(2044928K), 0.0049735 secs] [Times: user=0.00 sys=0.00, real=0.00 secs] 
152.672: [GC (Allocation Failure) [PSYoungGen: 236657K->51200K(367104K)] 1335938K->1161745K(2044928K), 0.0053567 secs] [Times: user=0.02 sys=0.00, real=0.01 secs] 
155.514: [GC (Allocation Failure) [PSYoungGen: 323700K->15360K(367104K)] 1434246K->1177105K(2044928K), 0.0052727 secs] [Times: user=0.02 sys=0.00, real=0.01 secs] 
156.931: [GC (Allocation Failure) [PSYoungGen: 246879K->51200K(367104K)] 1408625K->1253906K(2044928K), 0.0070000 secs] [Times: user=0.00 sys=0.00, real=0.01 secs] 
159.026: [GC (Allocation Failure) [PSYoungGen: 364629K->5120K(367104K)] 1567335K->1259026K(2044928K), 0.0054885 secs] [Times: user=0.00 sys=0.00, real=0.01 secs] 
161.090: [GC (Allocation Failure) [PSYoungGen: 289952K->30720K(367104K)] 1543858K->1387026K(2044928K), 0.0157707 secs] [Times: user=0.02 sys=0.00, real=0.02 secs] 
162.617: [GC (Allocation Failure) [PSYoungGen: 294049K->5120K(367104K)] 1650356K->1412626K(2044928K), 0.0051124 secs] [Times: user=0.00 sys=0.00, real=0.01 secs] 
164.035: [GC (Allocation Failure) [PSYoungGen: 236606K->51200K(367104K)] 1644112K->1475090K(2044928K), 0.0055404 secs] [Times: user=0.00 sys=0.00, real=0.00 secs] 
166.858: [GC (Allocation Failure) [PSYoungGen: 333908K->51200K(367104K)] 1757798K->1500690K(2044928K), 0.0063701 secs] [Times: user=0.02 sys=0.00, real=0.01 secs] 
168.286: [GC (Allocation Failure) [PSYoungGen: 282699K->51200K(367104K)] 1732190K->1557010K(2044928K), 0.0064761 secs] [Times: user=0.00 sys=0.00, real=0.01 secs] 
170.677: [GC (Allocation Failure) [PSYoungGen: 364607K->10240K(367104K)] 1870417K->1618450K(2044928K), 0.0154137 secs] [Times: user=0.00 sys=0.00, real=0.01 secs] 
170.693: [Full GC (Ergonomics) [PSYoungGen: 10240K->0K(367104K)] [ParOldGen: 1608210K->113169K(1677824K)] 1618450K->113169K(2044928K), [Metaspace: 2796K->2796K(1056768K)], 0.0141754 secs] [Times: user=0.00 sys=0.00, real=0.01 secs] 
172.442: [GC (Allocation Failure) [PSYoungGen: 272449K->26624K(367104K)] 385619K->139793K(2044928K), 0.0028044 secs] [Times: user=0.00 sys=0.00, real=0.00 secs] 
173.961: [GC (Allocation Failure) [PSYoungGen: 283694K->51200K(367104K)] 396863K->174609K(2044928K), 0.0048282 secs] [Times: user=0.00 sys=0.00, real=0.00 secs] 
175.382: [GC (Allocation Failure) [PSYoungGen: 282672K->51200K(367104K)] 406081K->189969K(2044928K), 0.0057226 secs] [Times: user=0.00 sys=0.00, real=0.00 secs] 
178.240: [GC (Allocation Failure) [PSYoungGen: 349230K->51200K(367104K)] 487999K->246289K(2044928K), 0.0106559 secs] [Times: user=0.05 sys=0.00, real=0.01 secs] 
179.672: [GC (Allocation Failure) [PSYoungGen: 282677K->5120K(367104K)] 477766K->302609K(2044928K), 0.0151543 secs] [Times: user=0.00 sys=0.02, real=0.02 secs] 
182.399: [GC (Allocation Failure) [PSYoungGen: 313393K->26624K(367104K)] 610882K->324113K(2044928K), 0.0025593 secs] [Times: user=0.00 sys=0.00, real=0.00 secs] 
183.924: [GC (Allocation Failure) [PSYoungGen: 309304K->51200K(367104K)] 606793K->366097K(2044928K), 0.0051744 secs] [Times: user=0.02 sys=0.00, real=0.00 secs] 
185.786: [GC (Allocation Failure) [PSYoungGen: 364617K->15360K(367104K)] 679515K->330257K(2044928K), 0.0017055 secs] [Times: user=0.00 sys=0.00, real=0.00 secs] 
188.063: [GC (Allocation Failure) [PSYoungGen: 310417K->40960K(367104K)] 625314K->376337K(2044928K), 0.0056623 secs] [Times: user=0.00 sys=0.01, real=0.01 secs] 
190.674: [GC (Allocation Failure) [PSYoungGen: 351386K->20480K(367104K)] 686763K->458257K(2044928K), 0.0171189 secs] [Times: user=0.03 sys=0.00, real=0.02 secs] 
193.744: [GC (Allocation Failure) [PSYoungGen: 313439K->31776K(367104K)] 751217K->469553K(2044928K), 0.0028471 secs] [Times: user=0.00 sys=0.00, real=0.00 secs] 
195.266: [GC (Allocation Failure) [PSYoungGen: 314515K->26688K(367104K)] 752292K->515665K(2044928K), 0.0084811 secs] [Times: user=0.02 sys=0.00, real=0.01 secs] 
197.237: [GC (Allocation Failure) [PSYoungGen: 340144K->25664K(367104K)] 829121K->514641K(2044928K), 0.0022801 secs] [Times: user=0.01 sys=0.00, real=0.00 secs] 
199.416: [GC (Allocation Failure) [PSYoungGen: 315650K->51296K(367104K)] 804627K->591473K(2044928K), 0.0074001 secs] [Times: user=0.00 sys=0.00, real=0.01 secs] 
200.948: [GC (Allocation Failure) [PSYoungGen: 313532K->51232K(367104K)] 853709K->596529K(2044928K), 0.0048957 secs] [Times: user=0.00 sys=0.00, real=0.00 secs] 
202.361: [GC (Allocation Failure) [PSYoungGen: 282769K->51264K(367104K)] 828066K->602705K(2044928K), 0.0060402 secs] [Times: user=0.01 sys=0.00, real=0.01 secs] 
205.205: [GC (Allocation Failure) [PSYoungGen: 323764K->51232K(367104K)] 875206K->618033K(2044928K), 0.0062834 secs] [Times: user=0.00 sys=0.00, real=0.01 secs] 
206.643: [GC (Allocation Failure) [PSYoungGen: 282751K->51264K(367104K)] 849553K->643665K(2044928K), 0.0064629 secs] [Times: user=0.02 sys=0.00, real=0.01 secs] 
208.724: [GC (Allocation Failure) [PSYoungGen: 364693K->51264K(367104K)] 957095K->648785K(2044928K), 0.0047309 secs] [Times: user=0.00 sys=0.00, real=0.00 secs] 
210.786: [GC (Allocation Failure) [PSYoungGen: 336096K->30752K(367104K)] 933618K->781873K(2044928K), 0.0163743 secs] [Times: user=0.00 sys=0.00, real=0.02 secs] 
212.320: [GC (Allocation Failure) [PSYoungGen: 294081K->51264K(367104K)] 1045203K->807505K(2044928K), 0.0058129 secs] [Times: user=0.00 sys=0.00, real=0.01 secs] 
213.736: [GC (Allocation Failure) [PSYoungGen: 282750K->11328K(367104K)] 1038992K->818769K(2044928K), 0.0057240 secs] [Times: user=0.02 sys=0.00, real=0.00 secs] 
216.568: [GC (Allocation Failure) [PSYoungGen: 294036K->25664K(367104K)] 1101477K->884305K(2044928K), 0.0060439 secs] [Times: user=0.00 sys=0.00, real=0.01 secs] 
218.004: [GC (Allocation Failure) [PSYoungGen: 257163K->51360K(367104K)] 1115805K->991921K(2044928K), 0.0078272 secs] [Times: user=0.00 sys=0.00, real=0.01 secs] 
Heap
 PSYoungGen      total 367104K, used 186745K [0x00000000e6680000, 0x0000000100000000, 0x0000000100000000)
  eden space 314880K, 42% used [0x00000000e6680000,0x00000000eeab65a8,0x00000000f9a00000)
  from space 52224K, 98% used [0x00000000f9a00000,0x00000000fcc28010,0x00000000fcd00000)
  to   space 52224K, 0% used [0x00000000fcd00000,0x00000000fcd00000,0x0000000100000000)
 ParOldGen       total 1677824K, used 940561K [0x0000000080000000, 0x00000000e6680000, 0x00000000e6680000)
  object space 1677824K, 56% used [0x0000000080000000,0x00000000b9684778,0x00000000e6680000)
 Metaspace       used 2804K, capacity 4486K, committed 4864K, reserved 1056768K
  class space    used 297K, capacity 386K, committed 512K, reserved 1048576K
