Java HotSpot(TM) 64-Bit Server VM (25.411-b09) for windows-amd64 JRE (1.8.0_411-b09), built on Mar 13 2024 07:26:13 by "java_re" with MS VC++ 17.1 (VS2022)
Memory: 4k page, physical 33403376k(12241772k free), swap 37262300k(5981044k free)
CommandLine flags: -XX:InitialHeapSize=536870912 -XX:MaxHeapSize=536870912 -XX:NewRatio=2 -XX:ParallelGCThreads=6 -XX:PretenureSizeThreshold=52428800 -XX:+PrintGC -XX:+PrintGCDetails -XX:+PrintGCTimeStamps -XX:SurvivorRatio=5 -XX:-UseAdaptiveSizePolicy -XX:+UseCompressedClassPointers -XX:+UseCompressedOops -XX:-UseLargePagesIndividualAllocation -XX:+UseParallelGC 
1.273: [GC (Allocation Failure) [PSYoungGen: 77721K->21112K(150016K)] 77721K->26240K(499712K), 0.0160669 secs] [Times: user=0.00 sys=0.00, real=0.02 secs] 
2.739: [GC (Allocation Failure) [PSYoungGen: 146420K->6784K(150016K)] 253948K->134800K(499712K), 0.0156922 secs] [Times: user=0.00 sys=0.00, real=0.02 secs] 
5.189: [GC (Allocation Failure) [PSYoungGen: 128024K->10808K(150016K)] 358440K->241224K(499712K), 0.0009903 secs] [Times: user=0.00 sys=0.00, real=0.00 secs] 
6.642: [Full GC (Ergonomics) [PSYoungGen: 136162K->0K(150016K)] [ParOldGen: 332816K->26639K(349696K)] 468979K->26639K(499712K), [Metaspace: 2753K->2753K(1056768K)], 0.0104934 secs] [Times: user=0.00 sys=0.00, real=0.01 secs] 
8.403: [GC (Allocation Failure) [PSYoungGen: 116381K->5152K(150016K)] 245420K->134199K(499712K), 0.0008136 secs] [Times: user=0.00 sys=0.00, real=0.00 secs] 
9.822: [GC (Allocation Failure) [PSYoungGen: 130526K->15392K(150016K)] 361974K->298039K(499712K), 0.0052660 secs] [Times: user=0.02 sys=0.00, real=0.00 secs] 
10.042: [GC (Allocation Failure) [PSYoungGen: 89571K->5152K(150016K)] 372219K->338999K(499712K), 0.0054914 secs] [Times: user=0.02 sys=0.00, real=0.00 secs] 
10.047: [Full GC (Ergonomics) [PSYoungGen: 5152K->0K(150016K)] [ParOldGen: 333847K->108048K(349696K)] 338999K->108048K(499712K), [Metaspace: 2761K->2761K(1056768K)], 0.0089525 secs] [Times: user=0.00 sys=0.00, real=0.01 secs] 
10.821: [GC (Allocation Failure) [PSYoungGen: 125377K->5120K(150016K)] 233426K->215568K(499712K), 0.0161261 secs] [Times: user=0.00 sys=0.00, real=0.02 secs] 
12.583: [Full GC (Ergonomics) [PSYoungGen: 130484K->0K(150016K)] [ParOldGen: 312848K->15888K(349696K)] 443333K->15888K(499712K), [Metaspace: 2762K->2762K(1056768K)], 0.0029417 secs] [Times: user=0.00 sys=0.00, real=0.00 secs] 
13.891: [GC (Allocation Failure) [PSYoungGen: 115948K->6176K(150016K)] 234237K->124472K(499712K), 0.0006426 secs] [Times: user=0.00 sys=0.00, real=0.00 secs] 
15.304: [GC (Allocation Failure) [PSYoungGen: 131554K->21536K(150016K)] 352251K->242232K(499712K), 0.0016861 secs] [Times: user=0.00 sys=0.00, real=0.00 secs] 
17.056: [GC (Allocation Failure) [PSYoungGen: 116198K->20544K(150016K)] 336895K->266840K(499712K), 0.0058386 secs] [Times: user=0.00 sys=0.00, real=0.00 secs] 
18.476: [Full GC (Ergonomics) [PSYoungGen: 145924K->0K(150016K)] [ParOldGen: 348696K->51729K(349696K)] 494621K->51729K(499712K), [Metaspace: 2770K->2770K(1056768K)], 0.0055202 secs] [Times: user=0.01 sys=0.00, real=0.00 secs] 
20.115: [Full GC (Ergonomics) [PSYoungGen: 125383K->0K(150016K)] [ParOldGen: 256529K->102929K(349696K)] 381912K->102929K(499712K), [Metaspace: 2770K->2770K(1056768K)], 0.0085717 secs] [Times: user=0.00 sys=0.00, real=0.01 secs] 
21.311: [GC (Allocation Failure) [PSYoungGen: 75209K->20480K(150016K)] 178138K->128529K(499712K), 0.0020572 secs] [Times: user=0.00 sys=0.00, real=0.00 secs] 
22.729: [GC (Allocation Failure) [PSYoungGen: 145861K->21504K(150016K)] 356310K->237073K(499712K), 0.0022478 secs] [Times: user=0.02 sys=0.00, real=0.00 secs] 
24.150: [Full GC (Ergonomics) [PSYoungGen: 121288K->0K(150016K)] [ParOldGen: 317969K->31744K(349696K)] 439257K->31744K(499712K), [Metaspace: 2782K->2782K(1056768K)], 0.0036769 secs] [Times: user=0.00 sys=0.00, real=0.00 secs] 
25.568: [GC (Allocation Failure) [PSYoungGen: 125385K->20480K(150016K)] 259529K->169984K(499712K), 0.0028607 secs] [Times: user=0.00 sys=0.00, real=0.00 secs] 
27.530: [GC (Allocation Failure) [PSYoungGen: 145866K->20480K(150016K)] 397771K->272384K(499712K), 0.0020951 secs] [Times: user=0.00 sys=0.00, real=0.00 secs] 
28.521: [GC (Allocation Failure) --[PSYoungGen: 141277K->141277K(150016K)] 393181K->444389K(499712K), 0.0046208 secs] [Times: user=0.00 sys=0.00, real=0.00 secs] 
28.526: [Full GC (Ergonomics) [PSYoungGen: 141277K->0K(150016K)] [ParOldGen: 303112K->57344K(349696K)] 444389K->57344K(499712K), [Metaspace: 2793K->2793K(1056768K)], 0.0056020 secs] [Times: user=0.00 sys=0.00, real=0.01 secs] 
29.304: [GC (Allocation Failure) [PSYoungGen: 125380K->10240K(150016K)] 182725K->67584K(499712K), 0.0006995 secs] [Times: user=0.00 sys=0.00, real=0.00 secs] 
30.725: [GC (Allocation Failure) [PSYoungGen: 135606K->10240K(150016K)] 295350K->169984K(499712K), 0.0010315 secs] [Times: user=0.00 sys=0.00, real=0.00 secs] 
32.037: [GC (Allocation Failure) [PSYoungGen: 135614K->6144K(150016K)] 295358K->165888K(499712K), 0.0007498 secs] [Times: user=0.00 sys=0.00, real=0.00 secs] 
33.462: [GC (Allocation Failure) [PSYoungGen: 131520K->12288K(150016K)] 393664K->274432K(499712K), 0.0011498 secs] [Times: user=0.00 sys=0.00, real=0.00 secs] 
34.221: [GC (Allocation Failure) [PSYoungGen: 122308K->17408K(150016K)] 384453K->330752K(499712K), 0.0056019 secs] [Times: user=0.00 sys=0.00, real=0.01 secs] 
34.227: [Full GC (Ergonomics) [PSYoungGen: 17408K->0K(150016K)] [ParOldGen: 313344K->69137K(349696K)] 330752K->69137K(499712K), [Metaspace: 2793K->2793K(1056768K)], 0.0060754 secs] [Times: user=0.00 sys=0.00, real=0.01 secs] 
35.326: [GC (Allocation Failure) [PSYoungGen: 120259K->10240K(150016K)] 189397K->79377K(499712K), 0.0010915 secs] [Times: user=0.00 sys=0.00, real=0.00 secs] 
36.745: [GC (Allocation Failure) [PSYoungGen: 135604K->20480K(150016K)] 307142K->197137K(499712K), 0.0018059 secs] [Times: user=0.00 sys=0.00, real=0.00 secs] 
38.162: [Full GC (Ergonomics) [PSYoungGen: 145853K->0K(150016K)] [ParOldGen: 279057K->51729K(349696K)] 424910K->51729K(499712K), [Metaspace: 2793K->2793K(1056768K)], 0.0049441 secs] [Times: user=0.00 sys=0.00, real=0.01 secs] 
39.688: [GC (Allocation Failure) [PSYoungGen: 125378K->15360K(150016K)] 177108K->67089K(499712K), 0.0014084 secs] [Times: user=0.00 sys=0.00, real=0.00 secs] 
41.109: [GC (Allocation Failure) [PSYoungGen: 140739K->20480K(150016K)] 294868K->174609K(499712K), 0.0016454 secs] [Times: user=0.00 sys=0.00, real=0.00 secs] 
43.403: [GC (Allocation Failure) [PSYoungGen: 142790K->6144K(150016K)] 399320K->262673K(499712K), 0.0007263 secs] [Times: user=0.00 sys=0.00, real=0.00 secs] 
44.167: [GC (Allocation Failure) [PSYoungGen: 116168K->11264K(150016K)] 372698K->318993K(499712K), 0.0052956 secs] [Times: user=0.01 sys=0.00, real=0.00 secs] 
44.173: [Full GC (Ergonomics) [PSYoungGen: 11264K->0K(150016K)] [ParOldGen: 307729K->62993K(349696K)] 318993K->62993K(499712K), [Metaspace: 2795K->2795K(1056768K)], 0.0053174 secs] [Times: user=0.00 sys=0.00, real=0.01 secs] 
44.944: [GC (Allocation Failure) [PSYoungGen: 125382K->10240K(150016K)] 188375K->73233K(499712K), 0.0010117 secs] [Times: user=0.00 sys=0.00, real=0.00 secs] 
46.797: [GC (Allocation Failure) [PSYoungGen: 135607K->10240K(150016K)] 301000K->175633K(499712K), 0.0012151 secs] [Times: user=0.00 sys=0.00, real=0.00 secs] 
48.215: [GC (Allocation Failure) [PSYoungGen: 135614K->20480K(150016K)] 403408K->303633K(499712K), 0.0027788 secs] [Times: user=0.00 sys=0.00, real=0.00 secs] 
48.218: [Full GC (Ergonomics) [PSYoungGen: 20480K->0K(150016K)] [ParOldGen: 283153K->36369K(349696K)] 303633K->36369K(499712K), [Metaspace: 2795K->2795K(1056768K)], 0.0040329 secs] [Times: user=0.00 sys=0.00, real=0.00 secs] 
49.642: [GC (Allocation Failure) [PSYoungGen: 125379K->15360K(150016K)] 264149K->205329K(499712K), 0.0065771 secs] [Times: user=0.00 sys=0.00, real=0.01 secs] 
51.057: [Full GC (Ergonomics) [PSYoungGen: 125383K->0K(150016K)] [ParOldGen: 292369K->16384K(349696K)] 417752K->16384K(499712K), [Metaspace: 2795K->2795K(1056768K)], 0.0025878 secs] [Times: user=0.03 sys=0.00, real=0.00 secs] 
52.477: [GC (Allocation Failure) [PSYoungGen: 125385K->16384K(150016K)] 244169K->135168K(499712K), 0.0013402 secs] [Times: user=0.00 sys=0.00, real=0.00 secs] 
54.549: [GC (Allocation Failure) [PSYoungGen: 137674K->10240K(150016K)] 358858K->231424K(499712K), 0.0010588 secs] [Times: user=0.00 sys=0.00, real=0.00 secs] 
55.966: [Full GC (Ergonomics) [PSYoungGen: 135627K->0K(150016K)] [ParOldGen: 323584K->21504K(349696K)] 459211K->21504K(499712K), [Metaspace: 2795K->2795K(1056768K)], 0.0029944 secs] [Times: user=0.00 sys=0.00, real=0.00 secs] 
57.386: [GC (Allocation Failure) [PSYoungGen: 125387K->20480K(150016K)] 249291K->154624K(499712K), 0.0025517 secs] [Times: user=0.00 sys=0.00, real=0.00 secs] 
59.462: [GC (Allocation Failure) [PSYoungGen: 145868K->15360K(150016K)] 382412K->303104K(499712K), 0.0049151 secs] [Times: user=0.00 sys=0.00, real=0.01 secs] 
59.467: [Full GC (Ergonomics) [PSYoungGen: 15360K->0K(150016K)] [ParOldGen: 287744K->67089K(349696K)] 303104K->67089K(499712K), [Metaspace: 2796K->2796K(1056768K)], 0.0060357 secs] [Times: user=0.00 sys=0.00, real=0.01 secs] 
60.897: [GC (Allocation Failure) [PSYoungGen: 125388K->15360K(150016K)] 294877K->184849K(499712K), 0.0013949 secs] [Times: user=0.00 sys=0.00, real=0.00 secs] 
62.425: [Full GC (Ergonomics) [PSYoungGen: 130508K->0K(150016K)] [ParOldGen: 271889K->16384K(349696K)] 402397K->16384K(499712K), [Metaspace: 2796K->2796K(1056768K)], 0.0026380 secs] [Times: user=0.00 sys=0.00, real=0.00 secs] 
63.846: [GC (Allocation Failure) [PSYoungGen: 125388K->21504K(150016K)] 244172K->140288K(499712K), 0.0015151 secs] [Times: user=0.00 sys=0.00, real=0.00 secs] 
65.816: [GC (Allocation Failure) [PSYoungGen: 146892K->10240K(150016K)] 368076K->231424K(499712K), 0.0012528 secs] [Times: user=0.00 sys=0.00, real=0.00 secs] 
67.235: [Full GC (Ergonomics) [PSYoungGen: 135628K->0K(150016K)] [ParOldGen: 323584K->27648K(349696K)] 459212K->27648K(499712K), [Metaspace: 2796K->2796K(1056768K)], 0.0033900 secs] [Times: user=0.00 sys=0.00, real=0.00 secs] 
68.660: [GC (Allocation Failure) [PSYoungGen: 125388K->6144K(150016K)] 255436K->187392K(499712K), 0.0051871 secs] [Times: user=0.00 sys=0.00, real=0.01 secs] 
70.953: [Full GC (Ergonomics) [PSYoungGen: 131533K->0K(150016K)] [ParOldGen: 283648K->118289K(349696K)] 415181K->118289K(499712K), [Metaspace: 2796K->2796K(1056768K)], 0.0091247 secs] [Times: user=0.00 sys=0.00, real=0.01 secs] 
72.389: [GC (Allocation Failure) [PSYoungGen: 125388K->16384K(150016K)] 346078K->237073K(499712K), 0.0013738 secs] [Times: user=0.00 sys=0.00, real=0.00 secs] 
73.915: [Full GC (Ergonomics) [PSYoungGen: 136652K->0K(150016K)] [ParOldGen: 323089K->31744K(349696K)] 459742K->31744K(499712K), [Metaspace: 2796K->2796K(1056768K)], 0.0038742 secs] [Times: user=0.02 sys=0.00, real=0.00 secs] 
75.336: [GC (Allocation Failure) [PSYoungGen: 125388K->20480K(150016K)] 259532K->169984K(499712K), 0.0025736 secs] [Times: user=0.00 sys=0.00, real=0.00 secs] 
77.301: [GC (Allocation Failure) [PSYoungGen: 145868K->20480K(150016K)] 397773K->272384K(499712K), 0.0019011 secs] [Times: user=0.00 sys=0.00, real=0.00 secs] 
78.285: [GC (Allocation Failure) --[PSYoungGen: 140748K->140748K(150016K)] 392653K->443853K(499712K), 0.0044876 secs] [Times: user=0.00 sys=0.00, real=0.01 secs] 
78.290: [Full GC (Ergonomics) [PSYoungGen: 140748K->0K(150016K)] [ParOldGen: 303104K->57344K(349696K)] 443853K->57344K(499712K), [Metaspace: 2796K->2796K(1056768K)], 0.0051436 secs] [Times: user=0.02 sys=0.00, real=0.00 secs] 
79.060: [GC (Allocation Failure) [PSYoungGen: 125385K->10240K(150016K)] 182729K->67584K(499712K), 0.0009794 secs] [Times: user=0.00 sys=0.00, real=0.00 secs] 
80.479: [GC (Allocation Failure) [PSYoungGen: 135609K->10240K(150016K)] 295353K->169984K(499712K), 0.0010556 secs] [Times: user=0.00 sys=0.00, real=0.00 secs] 
81.789: [GC (Allocation Failure) [PSYoungGen: 135616K->6144K(150016K)] 295360K->165888K(499712K), 0.0010633 secs] [Times: user=0.00 sys=0.00, real=0.00 secs] 
83.208: [GC (Allocation Failure) [PSYoungGen: 131521K->12288K(150016K)] 393665K->274432K(499712K), 0.0013395 secs] [Times: user=0.00 sys=0.00, real=0.00 secs] 
83.972: [GC (Allocation Failure) [PSYoungGen: 122309K->17408K(150016K)] 384453K->330752K(499712K), 0.0053905 secs] [Times: user=0.00 sys=0.00, real=0.01 secs] 
83.977: [Full GC (Ergonomics) [PSYoungGen: 17408K->0K(150016K)] [ParOldGen: 313344K->69137K(349696K)] 330752K->69137K(499712K), [Metaspace: 2796K->2796K(1056768K)], 0.0059074 secs] [Times: user=0.00 sys=0.00, real=0.00 secs] 
85.071: [GC (Allocation Failure) [PSYoungGen: 120260K->10240K(150016K)] 189397K->79377K(499712K), 0.0011494 secs] [Times: user=0.00 sys=0.00, real=0.00 secs] 
86.489: [GC (Allocation Failure) [PSYoungGen: 135605K->15360K(150016K)] 307142K->197137K(499712K), 0.0019038 secs] [Times: user=0.00 sys=0.00, real=0.00 secs] 
87.908: [Full GC (Ergonomics) [PSYoungGen: 140733K->0K(150016K)] [ParOldGen: 284177K->51729K(349696K)] 424910K->51729K(499712K), [Metaspace: 2796K->2796K(1056768K)], 0.0048689 secs] [Times: user=0.00 sys=0.00, real=0.00 secs] 
89.437: [GC (Allocation Failure) [PSYoungGen: 125378K->15360K(150016K)] 177108K->67089K(499712K), 0.0013961 secs] [Times: user=0.00 sys=0.00, real=0.00 secs] 
90.855: [GC (Allocation Failure) [PSYoungGen: 140739K->20480K(150016K)] 294868K->174609K(499712K), 0.0019990 secs] [Times: user=0.00 sys=0.00, real=0.00 secs] 
93.141: [GC (Allocation Failure) [PSYoungGen: 142790K->6144K(150016K)] 399320K->262673K(499712K), 0.0010333 secs] [Times: user=0.00 sys=0.00, real=0.00 secs] 
93.905: [GC (Allocation Failure) [PSYoungGen: 116168K->11264K(150016K)] 372698K->318993K(499712K), 0.0052269 secs] [Times: user=0.00 sys=0.00, real=0.00 secs] 
93.911: [Full GC (Ergonomics) [PSYoungGen: 11264K->0K(150016K)] [ParOldGen: 307729K->62993K(349696K)] 318993K->62993K(499712K), [Metaspace: 2796K->2796K(1056768K)], 0.0057307 secs] [Times: user=0.00 sys=0.00, real=0.01 secs] 
94.683: [GC (Allocation Failure) [PSYoungGen: 125382K->10240K(150016K)] 188375K->73233K(499712K), 0.0009001 secs] [Times: user=0.00 sys=0.00, real=0.00 secs] 
96.539: [GC (Allocation Failure) [PSYoungGen: 135607K->10240K(150016K)] 301000K->175633K(499712K), 0.0011388 secs] [Times: user=0.00 sys=0.00, real=0.00 secs] 
97.957: [GC (Allocation Failure) [PSYoungGen: 135614K->15360K(150016K)] 403408K->303633K(499712K), 0.0025673 secs] [Times: user=0.00 sys=0.00, real=0.00 secs] 
97.960: [Full GC (Ergonomics) [PSYoungGen: 15360K->0K(150016K)] [ParOldGen: 288273K->36369K(349696K)] 303633K->36369K(499712K), [Metaspace: 2796K->2796K(1056768K)], 0.0036932 secs] [Times: user=0.00 sys=0.00, real=0.00 secs] 
99.378: [GC (Allocation Failure) [PSYoungGen: 125379K->15360K(150016K)] 264149K->205329K(499712K), 0.0050736 secs] [Times: user=0.00 sys=0.00, real=0.00 secs] 
100.795: [Full GC (Ergonomics) [PSYoungGen: 125383K->0K(150016K)] [ParOldGen: 292369K->15889K(349696K)] 417752K->15889K(499712K), [Metaspace: 2796K->2796K(1056768K)], 0.0028444 secs] [Times: user=0.00 sys=0.00, real=0.00 secs] 
102.215: [GC (Allocation Failure) [PSYoungGen: 125385K->16384K(150016K)] 243674K->134673K(499712K), 0.0018191 secs] [Times: user=0.00 sys=0.00, real=0.00 secs] 
104.287: [GC (Allocation Failure) [PSYoungGen: 137674K->10240K(150016K)] 358363K->230929K(499712K), 0.0007821 secs] [Times: user=0.00 sys=0.00, real=0.00 secs] 
105.704: [Full GC (Ergonomics) [PSYoungGen: 135627K->0K(150016K)] [ParOldGen: 323089K->21504K(349696K)] 458716K->21504K(499712K), [Metaspace: 2796K->2796K(1056768K)], 0.0032837 secs] [Times: user=0.00 sys=0.00, real=0.00 secs] 
107.120: [GC (Allocation Failure) [PSYoungGen: 125387K->20480K(150016K)] 249291K->154624K(499712K), 0.0027555 secs] [Times: user=0.02 sys=0.00, real=0.00 secs] 
109.184: [GC (Allocation Failure) [PSYoungGen: 145868K->15360K(150016K)] 382412K->303104K(499712K), 0.0048656 secs] [Times: user=0.00 sys=0.00, real=0.00 secs] 
109.189: [Full GC (Ergonomics) [PSYoungGen: 15360K->0K(150016K)] [ParOldGen: 287744K->67089K(349696K)] 303104K->67089K(499712K), [Metaspace: 2796K->2796K(1056768K)], 0.0063163 secs] [Times: user=0.00 sys=0.00, real=0.01 secs] 
110.615: [GC (Allocation Failure) [PSYoungGen: 125388K->15360K(150016K)] 294877K->184849K(499712K), 0.0015545 secs] [Times: user=0.00 sys=0.00, real=0.00 secs] 
112.143: [GC (Allocation Failure) [PSYoungGen: 130508K->15360K(150016K)] 402397K->287249K(499712K), 0.0012929 secs] [Times: user=0.00 sys=0.00, real=0.00 secs] 
112.361: [GC (Allocation Failure) [PSYoungGen: 89548K->5120K(150016K)] 361438K->328209K(499712K), 0.0054247 secs] [Times: user=0.00 sys=0.00, real=0.00 secs] 
112.367: [Full GC (Ergonomics) [PSYoungGen: 5120K->0K(150016K)] [ParOldGen: 323089K->56849K(349696K)] 328209K->56849K(499712K), [Metaspace: 2796K->2796K(1056768K)], 0.0052426 secs] [Times: user=0.00 sys=0.00, real=0.01 secs] 
113.142: [GC (Allocation Failure) [PSYoungGen: 125371K->6144K(150016K)] 182220K->62993K(499712K), 0.0006333 secs] [Times: user=0.00 sys=0.00, real=0.00 secs] 
114.559: [GC (Allocation Failure) [PSYoungGen: 131504K->21504K(150016K)] 290753K->180753K(499712K), 0.0016588 secs] [Times: user=0.00 sys=0.00, real=0.00 secs] 
116.525: [GC (Allocation Failure) [PSYoungGen: 126394K->20480K(150016K)] 285643K->205329K(499712K), 0.0026881 secs] [Times: user=0.01 sys=0.00, real=0.00 secs] 
117.944: [Full GC (Ergonomics) [PSYoungGen: 145853K->0K(150016K)] [ParOldGen: 287249K->51729K(349696K)] 433102K->51729K(499712K), [Metaspace: 2796K->2796K(1056768K)], 0.0053486 secs] [Times: user=0.00 sys=0.00, real=0.00 secs] 
119.579: [GC (Allocation Failure) [PSYoungGen: 125378K->0K(150016K)] 381907K->256529K(499712K), 0.0005129 secs] [Times: user=0.00 sys=0.00, real=0.00 secs] 
120.781: [GC (Allocation Failure) [PSYoungGen: 75206K->5120K(150016K)] 331735K->282129K(499712K), 0.0023036 secs] [Times: user=0.00 sys=0.00, real=0.00 secs] 
120.891: [GC (Allocation Failure) [PSYoungGen: 58819K->5120K(150016K)] 335828K->333329K(499712K), 0.0053418 secs] [Times: user=0.00 sys=0.00, real=0.00 secs] 
120.896: [Full GC (Ergonomics) [PSYoungGen: 5120K->0K(150016K)] [ParOldGen: 328209K->159249K(349696K)] 333329K->159249K(499712K), [Metaspace: 2796K->2796K(1056768K)], 0.0131522 secs] [Times: user=0.00 sys=0.00, real=0.01 secs] 
121.669: [GC (Allocation Failure) [PSYoungGen: 125379K->6144K(150016K)] 284628K->165393K(499712K), 0.0007776 secs] [Times: user=0.00 sys=0.00, real=0.00 secs] 
123.412: [GC (Allocation Failure) [PSYoungGen: 126389K->20480K(150016K)] 388038K->282129K(499712K), 0.0013424 secs] [Times: user=0.00 sys=0.00, real=0.00 secs] 
123.738: [GC (Allocation Failure) [PSYoungGen: 104893K->10240K(150016K)] 366542K->323089K(499712K), 0.0062000 secs] [Times: user=0.00 sys=0.00, real=0.01 secs] 
123.745: [Full GC (Ergonomics) [PSYoungGen: 10240K->0K(150016K)] [ParOldGen: 312849K->61969K(349696K)] 323089K->61969K(499712K), [Metaspace: 2796K->2796K(1056768K)], 0.0063243 secs] [Times: user=0.00 sys=0.00, real=0.01 secs] 
124.516: [GC (Allocation Failure) [PSYoungGen: 125374K->10240K(150016K)] 187343K->72209K(499712K), 0.0009991 secs] [Times: user=0.00 sys=0.00, real=0.00 secs] 
125.931: [GC (Allocation Failure) [PSYoungGen: 135602K->20480K(150016K)] 299971K->189969K(499712K), 0.0019419 secs] [Times: user=0.00 sys=0.00, real=0.00 secs] 
127.899: [GC (Allocation Failure) [PSYoungGen: 140731K->5120K(150016K)] 310220K->195089K(499712K), 0.0020476 secs] [Times: user=0.00 sys=0.00, real=0.00 secs] 
129.318: [Full GC (Ergonomics) [PSYoungGen: 130494K->0K(150016K)] [ParOldGen: 292369K->82944K(349696K)] 422863K->82944K(499712K), [Metaspace: 2796K->2796K(1056768K)], 0.0068441 secs] [Times: user=0.00 sys=0.00, real=0.01 secs] 
131.937: [Full GC (Ergonomics) [PSYoungGen: 122307K->0K(150016K)] [ParOldGen: 287744K->17408K(349696K)] 410051K->17408K(499712K), [Metaspace: 2796K->2796K(1056768K)], 0.0027381 secs] [Times: user=0.00 sys=0.00, real=0.00 secs] 
133.352: [GC (Allocation Failure) [PSYoungGen: 125382K->21504K(150016K)] 245190K->141312K(499712K), 0.0014093 secs] [Times: user=0.00 sys=0.00, real=0.00 secs] 
134.880: [GC (Allocation Failure) [PSYoungGen: 131528K->20480K(150016K)] 353737K->242688K(499712K), 0.0015529 secs] [Times: user=0.00 sys=0.00, real=0.00 secs] 
136.294: [Full GC (Ergonomics) [PSYoungGen: 145866K->0K(150016K)] [ParOldGen: 324608K->26624K(349696K)] 470474K->26624K(499712K), [Metaspace: 2796K->2796K(1056768K)], 0.0039404 secs] [Times: user=0.00 sys=0.00, real=0.00 secs] 
137.712: [GC (Allocation Failure) [PSYoungGen: 125387K->15360K(150016K)] 254411K->164864K(499712K), 0.0025405 secs] [Times: user=0.00 sys=0.00, real=0.00 secs] 
139.132: [GC (Allocation Failure) [PSYoungGen: 130507K->15360K(150016K)] 280011K->164864K(499712K), 0.0014348 secs] [Times: user=0.00 sys=0.00, real=0.00 secs] 
140.547: [GC (Allocation Failure) [PSYoungGen: 140744K->20480K(150016K)] 392648K->272384K(499712K), 0.0017010 secs] [Times: user=0.00 sys=0.00, real=0.00 secs] 
140.766: [GC (Allocation Failure) [PSYoungGen: 94666K->10240K(150016K)] 346570K->313344K(499712K), 0.0054279 secs] [Times: user=0.00 sys=0.00, real=0.01 secs] 
140.772: [Full GC (Ergonomics) [PSYoungGen: 10240K->0K(150016K)] [ParOldGen: 303104K->164369K(349696K)] 313344K->164369K(499712K), [Metaspace: 2796K->2796K(1056768K)], 0.0123238 secs] [Times: user=0.00 sys=0.00, real=0.01 secs] 
141.544: [GC (Allocation Failure) [PSYoungGen: 125381K->6144K(150016K)] 289751K->170513K(499712K), 0.0008106 secs] [Times: user=0.00 sys=0.00, real=0.00 secs] 
143.508: [GC (Allocation Failure) [PSYoungGen: 90550K->21504K(150016K)] 254920K->196113K(499712K), 0.0025634 secs] [Times: user=0.00 sys=0.00, real=0.00 secs] 
144.935: [GC (Allocation Failure) [PSYoungGen: 146874K->16384K(150016K)] 423883K->313873K(499712K), 0.0031335 secs] [Times: user=0.00 sys=0.00, real=0.00 secs] 
144.939: [Full GC (Ergonomics) [PSYoungGen: 16384K->0K(150016K)] [ParOldGen: 297489K->47633K(349696K)] 313873K->47633K(499712K), [Metaspace: 2796K->2796K(1056768K)], 0.0051603 secs] [Times: user=0.00 sys=0.00, real=0.00 secs] 
146.370: [GC (Allocation Failure) [PSYoungGen: 94656K->20480K(150016K)] 244689K->190993K(499712K), 0.0025307 secs] [Times: user=0.02 sys=0.00, real=0.00 secs] 
147.795: [GC (Allocation Failure) [PSYoungGen: 145860K->5120K(150016K)] 418774K->298513K(499712K), 0.0022750 secs] [Times: user=0.00 sys=0.00, real=0.00 secs] 
147.798: [Full GC (Ergonomics) [PSYoungGen: 5120K->0K(150016K)] [ParOldGen: 293393K->46609K(349696K)] 298513K->46609K(499712K), [Metaspace: 2796K->2796K(1056768K)], 0.0042844 secs] [Times: user=0.00 sys=0.00, real=0.00 secs] 
149.213: [GC (Allocation Failure) [PSYoungGen: 125383K->20480K(150016K)] 274393K->225809K(499712K), 0.0060781 secs] [Times: user=0.02 sys=0.00, real=0.00 secs] 
150.632: [Full GC (Ergonomics) [PSYoungGen: 130505K->0K(150016K)] [ParOldGen: 307729K->26624K(349696K)] 438234K->26624K(499712K), [Metaspace: 2796K->2796K(1056768K)], 0.0037982 secs] [Times: user=0.00 sys=0.00, real=0.00 secs] 
152.050: [GC (Allocation Failure) [PSYoungGen: 125386K->21504K(150016K)] 254410K->155648K(499712K), 0.0022234 secs] [Times: user=0.00 sys=0.00, real=0.00 secs] 
154.449: [GC (Allocation Failure) [PSYoungGen: 142795K->10240K(150016K)] 379339K->246784K(499712K), 0.0010705 secs] [Times: user=0.00 sys=0.00, real=0.00 secs] 
155.868: [Full GC (Ergonomics) [PSYoungGen: 135628K->0K(150016K)] [ParOldGen: 338944K->26624K(349696K)] 474572K->26624K(499712K), [Metaspace: 2796K->2796K(1056768K)], 0.0035777 secs] [Times: user=0.00 sys=0.00, real=0.00 secs] 
157.618: [GC (Allocation Failure) [PSYoungGen: 115148K->5120K(150016K)] 244172K->134144K(499712K), 0.0008298 secs] [Times: user=0.00 sys=0.00, real=0.00 secs] 
159.035: [GC (Allocation Failure) [PSYoungGen: 130508K->15360K(150016K)] 361932K->297984K(499712K), 0.0047898 secs] [Times: user=0.00 sys=0.00, real=0.01 secs] 
159.040: [Full GC (Ergonomics) [PSYoungGen: 15360K->0K(150016K)] [ParOldGen: 282624K->67089K(349696K)] 297984K->67089K(499712K), [Metaspace: 2796K->2796K(1056768K)], 0.0060007 secs] [Times: user=0.00 sys=0.00, real=0.01 secs] 
160.457: [GC (Allocation Failure) [PSYoungGen: 125388K->15360K(150016K)] 294878K->184849K(499712K), 0.0014497 secs] [Times: user=0.00 sys=0.00, real=0.00 secs] 
161.985: [Full GC (Ergonomics) [PSYoungGen: 140748K->0K(150016K)] [ParOldGen: 271889K->26624K(349696K)] 412638K->26624K(499712K), [Metaspace: 2796K->2796K(1056768K)], 0.0033592 secs] [Times: user=0.00 sys=0.00, real=0.00 secs] 
163.406: [GC (Allocation Failure) [PSYoungGen: 125388K->21504K(150016K)] 254412K->160768K(499712K), 0.0027486 secs] [Times: user=0.00 sys=0.00, real=0.00 secs] 
165.708: [GC (Allocation Failure) [PSYoungGen: 146892K->10240K(150016K)] 388557K->251904K(499712K), 0.0010007 secs] [Times: user=0.00 sys=0.00, real=0.00 secs] 
167.126: [Full GC (Ergonomics) [PSYoungGen: 135628K->0K(150016K)] [ParOldGen: 344064K->36864K(349696K)] 479693K->36864K(499712K), [Metaspace: 2796K->2796K(1056768K)], 0.0040267 secs] [Times: user=0.00 sys=0.00, real=0.00 secs] 
169.091: [GC (Allocation Failure) [PSYoungGen: 125388K->5120K(150016K)] 264653K->144384K(499712K), 0.0007672 secs] [Times: user=0.00 sys=0.00, real=0.00 secs] 
170.511: [GC (Allocation Failure) [PSYoungGen: 130508K->20480K(150016K)] 372173K->267264K(499712K), 0.0021722 secs] [Times: user=0.00 sys=0.00, real=0.00 secs] 
171.930: [Full GC (Ergonomics) [PSYoungGen: 145868K->0K(150016K)] [ParOldGen: 349184K->134673K(349696K)] 495053K->134673K(499712K), [Metaspace: 2796K->2796K(1056768K)], 0.0099330 secs] [Times: user=0.02 sys=0.00, real=0.01 secs] 
173.364: [GC (Allocation Failure) [PSYoungGen: 99788K->10240K(150016K)] 336862K->267793K(499712K), 0.0023310 secs] [Times: user=0.00 sys=0.00, real=0.00 secs] 
173.473: [GC (Allocation Failure) [PSYoungGen: 63948K->10240K(150016K)] 321502K->318993K(499712K), 0.0049122 secs] [Times: user=0.00 sys=0.00, real=0.00 secs] 
173.478: [Full GC (Ergonomics) [PSYoungGen: 10240K->0K(150016K)] [ParOldGen: 308753K->61969K(349696K)] 318993K->61969K(499712K), [Metaspace: 2796K->2796K(1056768K)], 0.0054000 secs] [Times: user=0.00 sys=0.00, real=0.01 secs] 
174.251: [GC (Allocation Failure) [PSYoungGen: 125388K->10240K(150016K)] 187358K->72209K(499712K), 0.0011279 secs] [Times: user=0.00 sys=0.00, real=0.00 secs] 
175.671: [GC (Allocation Failure) [PSYoungGen: 135611K->15360K(150016K)] 299980K->189969K(499712K), 0.0020404 secs] [Times: user=0.00 sys=0.00, real=0.00 secs] 
177.634: [GC (Allocation Failure) [PSYoungGen: 135617K->5120K(150016K)] 310226K->200209K(499712K), 0.0025896 secs] [Times: user=0.01 sys=0.00, real=0.00 secs] 
179.048: [Full GC (Ergonomics) [PSYoungGen: 130498K->0K(150016K)] [ParOldGen: 297489K->82944K(349696K)] 427987K->82944K(499712K), [Metaspace: 2796K->2796K(1056768K)], 0.0075714 secs] [Times: user=0.00 sys=0.00, real=0.01 secs] 
181.692: [Full GC (Ergonomics) [PSYoungGen: 122310K->0K(150016K)] [ParOldGen: 287744K->16913K(349696K)] 410054K->16913K(499712K), [Metaspace: 2796K->2796K(1056768K)], 0.0026125 secs] [Times: user=0.00 sys=0.00, real=0.00 secs] 
183.115: [GC (Allocation Failure) [PSYoungGen: 125384K->21504K(150016K)] 244697K->140817K(499712K), 0.0016054 secs] [Times: user=0.00 sys=0.00, real=0.00 secs] 
184.642: [GC (Allocation Failure) [PSYoungGen: 131530K->20480K(150016K)] 353243K->242193K(499712K), 0.0018047 secs] [Times: user=0.00 sys=0.00, real=0.00 secs] 
186.059: [Full GC (Ergonomics) [PSYoungGen: 145867K->0K(150016K)] [ParOldGen: 324113K->26624K(349696K)] 469980K->26624K(499712K), [Metaspace: 2796K->2796K(1056768K)], 0.0033485 secs] [Times: user=0.00 sys=0.00, real=0.00 secs] 
187.478: [GC (Allocation Failure) [PSYoungGen: 125387K->15360K(150016K)] 254411K->164864K(499712K), 0.0029471 secs] [Times: user=0.00 sys=0.00, real=0.00 secs] 
188.899: [GC (Allocation Failure) [PSYoungGen: 130508K->15360K(150016K)] 280012K->164864K(499712K), 0.0013005 secs] [Times: user=0.00 sys=0.00, real=0.00 secs] 
190.315: [GC (Allocation Failure) [PSYoungGen: 140745K->20480K(150016K)] 392649K->272384K(499712K), 0.0018084 secs] [Times: user=0.00 sys=0.00, real=0.00 secs] 
190.528: [GC (Allocation Failure) [PSYoungGen: 94666K->10240K(150016K)] 346570K->313344K(499712K), 0.0055450 secs] [Times: user=0.00 sys=0.00, real=0.01 secs] 
190.534: [Full GC (Ergonomics) [PSYoungGen: 10240K->0K(150016K)] [ParOldGen: 303104K->164369K(349696K)] 313344K->164369K(499712K), [Metaspace: 2796K->2796K(1056768K)], 0.0129849 secs] [Times: user=0.00 sys=0.00, real=0.01 secs] 
191.301: [GC (Allocation Failure) [PSYoungGen: 125381K->6176K(150016K)] 289751K->170545K(499712K), 0.0007438 secs] [Times: user=0.00 sys=0.00, real=0.00 secs] 
193.220: [GC (Allocation Failure) [PSYoungGen: 90582K->21536K(150016K)] 254952K->196145K(499712K), 0.0025197 secs] [Times: user=0.00 sys=0.00, real=0.00 secs] 
194.643: [GC (Allocation Failure) [PSYoungGen: 146906K->16480K(150016K)] 423915K->313969K(499712K), 0.0033929 secs] [Times: user=0.00 sys=0.00, real=0.00 secs] 
194.647: [Full GC (Ergonomics) [PSYoungGen: 16480K->0K(150016K)] [ParOldGen: 297489K->47633K(349696K)] 313969K->47633K(499712K), [Metaspace: 2796K->2796K(1056768K)], 0.0046284 secs] [Times: user=0.00 sys=0.00, real=0.00 secs] 
196.080: [GC (Allocation Failure) [PSYoungGen: 94656K->20480K(150016K)] 244690K->190993K(499712K), 0.0025617 secs] [Times: user=0.00 sys=0.00, real=0.00 secs] 
197.499: [GC (Allocation Failure) [PSYoungGen: 145860K->5120K(150016K)] 418774K->298513K(499712K), 0.0022687 secs] [Times: user=0.00 sys=0.00, real=0.00 secs] 
197.502: [Full GC (Ergonomics) [PSYoungGen: 5120K->0K(150016K)] [ParOldGen: 293393K->46609K(349696K)] 298513K->46609K(499712K), [Metaspace: 2796K->2796K(1056768K)], 0.0046632 secs] [Times: user=0.00 sys=0.00, real=0.00 secs] 
198.916: [GC (Allocation Failure) [PSYoungGen: 125383K->5120K(150016K)] 274393K->225809K(499712K), 0.0056109 secs] [Times: user=0.02 sys=0.00, real=0.01 secs] 
200.335: [Full GC (Ergonomics) [PSYoungGen: 115145K->0K(150016K)] [ParOldGen: 323089K->26624K(349696K)] 438235K->26624K(499712K), [Metaspace: 2796K->2796K(1056768K)], 0.0033206 secs] [Times: user=0.00 sys=0.00, real=0.00 secs] 
201.757: [GC (Allocation Failure) [PSYoungGen: 125386K->21504K(150016K)] 254410K->155648K(499712K), 0.0023545 secs] [Times: user=0.00 sys=0.00, real=0.00 secs] 
204.158: [GC (Allocation Failure) [PSYoungGen: 142795K->10240K(150016K)] 379339K->246784K(499712K), 0.0010026 secs] [Times: user=0.00 sys=0.00, real=0.00 secs] 
205.576: [Full GC (Ergonomics) [PSYoungGen: 135628K->0K(150016K)] [ParOldGen: 338944K->26624K(349696K)] 474572K->26624K(499712K), [Metaspace: 2796K->2796K(1056768K)], 0.0035550 secs] [Times: user=0.00 sys=0.00, real=0.00 secs] 
207.321: [GC (Allocation Failure) [PSYoungGen: 115148K->5120K(150016K)] 244172K->134144K(499712K), 0.0006777 secs] [Times: user=0.00 sys=0.00, real=0.00 secs] 
208.741: [GC (Allocation Failure) [PSYoungGen: 130508K->15360K(150016K)] 361932K->297984K(499712K), 0.0050009 secs] [Times: user=0.00 sys=0.00, real=0.00 secs] 
208.746: [Full GC (Ergonomics) [PSYoungGen: 15360K->0K(150016K)] [ParOldGen: 282624K->67089K(349696K)] 297984K->67089K(499712K), [Metaspace: 2796K->2796K(1056768K)], 0.0056418 secs] [Times: user=0.01 sys=0.00, real=0.01 secs] 
210.169: [GC (Allocation Failure) [PSYoungGen: 125388K->15360K(150016K)] 294878K->184849K(499712K), 0.0015512 secs] [Times: user=0.00 sys=0.00, real=0.00 secs] 
211.696: [Full GC (Ergonomics) [PSYoungGen: 140748K->0K(150016K)] [ParOldGen: 271889K->26624K(349696K)] 412638K->26624K(499712K), [Metaspace: 2796K->2796K(1056768K)], 0.0036155 secs] [Times: user=0.00 sys=0.00, real=0.00 secs] 
213.112: [GC (Allocation Failure) [PSYoungGen: 125388K->11264K(150016K)] 254412K->160768K(499712K), 0.0027381 secs] [Times: user=0.00 sys=0.00, real=0.00 secs] 
215.398: [GC (Allocation Failure) [PSYoungGen: 136652K->10240K(150016K)] 388557K->262144K(499712K), 0.0010258 secs] [Times: user=0.00 sys=0.00, real=0.00 secs] 
216.052: [GC (Allocation Failure) [PSYoungGen: 115148K->20480K(150016K)] 367052K->328704K(499712K), 0.0054969 secs] [Times: user=0.00 sys=0.00, real=0.01 secs] 
216.057: [Full GC (Ergonomics) [PSYoungGen: 20480K->0K(150016K)] [ParOldGen: 308224K->77329K(349696K)] 328704K->77329K(499712K), [Metaspace: 2796K->2796K(1056768K)], 0.0061468 secs] [Times: user=0.00 sys=0.00, real=0.01 secs] 
216.832: [GC (Allocation Failure) [PSYoungGen: 125385K->10240K(150016K)] 202714K->87569K(499712K), 0.0010815 secs] [Times: user=0.00 sys=0.00, real=0.00 secs] 
Heap
 PSYoungGen      total 150016K, used 135680K [0x00000000f5580000, 0x0000000100000000, 0x0000000100000000)
  eden space 125440K, 100% used [0x00000000f5580000,0x00000000fd000000,0x00000000fd000000)
  from space 24576K, 41% used [0x00000000fd000000,0x00000000fda00020,0x00000000fe800000)
  to   space 24576K, 0% used [0x00000000fe800000,0x00000000fe800000,0x0000000100000000)
 ParOldGen       total 349696K, used 179729K [0x00000000e0000000, 0x00000000f5580000, 0x00000000f5580000)
  object space 349696K, 51% used [0x00000000e0000000,0x00000000eaf846e8,0x00000000f5580000)
 Metaspace       used 2804K, capacity 4486K, committed 4864K, reserved 1056768K
  class space    used 297K, capacity 386K, committed 512K, reserved 1048576K
