Java HotSpot(TM) 64-Bit Server VM (25.411-b09) for windows-amd64 JRE (1.8.0_411-b09), built on Mar 13 2024 07:26:13 by "java_re" with MS VC++ 17.1 (VS2022)
Memory: 4k page, physical 33403376k(14508432k free), swap 36670664k(7423956k free)
CommandLine flags: -XX:InitialHeapSize=536870912 -XX:MaxHeapSize=536870912 -XX:NewRatio=7 -XX:ParallelGCThreads=6 -XX:+PrintGC -XX:+PrintGCDetails -XX:+PrintGCTimeStamps -XX:SurvivorRatio=9 -XX:-UseAdaptiveSizePolicy -XX:+UseCompressedClassPointers -XX:+UseCompressedOops -XX:-UseLargePagesIndividualAllocation -XX:+UseParallelGC 
1.040: [GC (Allocation Failure) [PSYoungGen: 45179K->5624K(59904K)] 45179K->15976K(518656K), 0.0043750 secs] [Times: user=0.00 sys=0.00, real=0.00 secs] 
2.178: [GC (Allocation Failure) [PSYoungGen: 58907K->5624K(59904K)] 222859K->175720K(518656K), 0.0026155 secs] [Times: user=0.00 sys=0.00, real=0.00 secs] 
3.207: [GC (Allocation Failure) [PSYoungGen: 58916K->2640K(59904K)] 382612K->331456K(518656K), 0.0024197 secs] [Times: user=0.00 sys=0.00, real=0.00 secs] 
4.845: [GC (Allocation Failure) [PSYoungGen: 54914K->5600K(59904K)] 383730K->339604K(518656K), 0.0019739 secs] [Times: user=0.00 sys=0.00, real=0.00 secs] 
5.501: [GC (Allocation Failure) [PSYoungGen: 47638K->5592K(59904K)] 381642K->360076K(518656K), 0.0044010 secs] [Times: user=0.00 sys=0.00, real=0.00 secs] 
5.737: [GC (Allocation Failure) [PSYoungGen: 27152K->5616K(59904K)] 432836K->411308K(518656K), 0.0010360 secs] [Times: user=0.00 sys=0.00, real=0.00 secs] 
5.738: [GC (Allocation Failure) [PSYoungGen: 5616K->5592K(59904K)] 411308K->411284K(518656K), 0.0011562 secs] [Times: user=0.00 sys=0.00, real=0.00 secs] 
5.739: [Full GC (Allocation Failure) [PSYoungGen: 5592K->0K(59904K)] [ParOldGen: 405692K->67088K(458752K)] 411284K->67088K(518656K), [Metaspace: 2753K->2753K(1056768K)], 0.0093818 secs] [Times: user=0.00 sys=0.00, real=0.01 secs] 
6.952: [GC (Allocation Failure) [PSYoungGen: 53304K->5120K(59904K)] 222793K->184848K(518656K), 0.0014308 secs] [Times: user=0.00 sys=0.00, real=0.00 secs] 
8.372: [GC (Allocation Failure) [PSYoungGen: 43608K->5152K(59904K)] 376937K->338488K(518656K), 0.0010273 secs] [Times: user=0.00 sys=0.00, real=0.00 secs] 
8.591: [GC (Allocation Failure) [PSYoungGen: 26715K->32K(59904K)] 411252K->384568K(518656K), 0.0009801 secs] [Times: user=0.00 sys=0.00, real=0.00 secs] 
8.592: [GC (Allocation Failure) [PSYoungGen: 32K->32K(59904K)] 384568K->384568K(518656K), 0.0010228 secs] [Times: user=0.00 sys=0.00, real=0.00 secs] 
8.593: [Full GC (Allocation Failure) [PSYoungGen: 32K->0K(59904K)] [ParOldGen: 384536K->51728K(458752K)] 384568K->51728K(518656K), [Metaspace: 2759K->2759K(1056768K)], 0.0051700 secs] [Times: user=0.02 sys=0.00, real=0.00 secs] 
9.810: [GC (Allocation Failure) [PSYoungGen: 53307K->5120K(59904K)] 207436K->169488K(518656K), 0.0015882 secs] [Times: user=0.00 sys=0.00, real=0.00 secs] 
11.012: [GC (Allocation Failure) [PSYoungGen: 58428K->5120K(59904K)] 376397K->333328K(518656K), 0.0014123 secs] [Times: user=0.00 sys=0.00, real=0.00 secs] 
11.446: [GC (Allocation Failure) [PSYoungGen: 47164K->0K(59904K)] 426573K->379408K(518656K), 0.0009561 secs] [Times: user=0.00 sys=0.00, real=0.00 secs] 
11.447: [GC (Allocation Failure) [PSYoungGen: 0K->0K(59904K)] 379408K->379408K(518656K), 0.0007542 secs] [Times: user=0.00 sys=0.00, real=0.00 secs] 
11.448: [Full GC (Allocation Failure) [PSYoungGen: 0K->0K(59904K)] [ParOldGen: 379408K->215568K(458752K)] 379408K->215568K(518656K), [Metaspace: 2761K->2761K(1056768K)], 0.0112913 secs] [Times: user=0.00 sys=0.00, real=0.01 secs] 
12.882: [GC (Allocation Failure) [PSYoungGen: 52637K->5152K(59904K)] 421806K->374328K(518656K), 0.0012586 secs] [Times: user=0.00 sys=0.00, real=0.00 secs] 
12.883: [GC (Allocation Failure) [PSYoungGen: 5152K->5152K(59904K)] 374328K->374328K(518656K), 0.0009795 secs] [Times: user=0.00 sys=0.00, real=0.00 secs] 
12.884: [Full GC (Allocation Failure) [PSYoungGen: 5152K->0K(59904K)] [ParOldGen: 369176K->56849K(458752K)] 374328K->56849K(518656K), [Metaspace: 2763K->2763K(1056768K)], 0.0050700 secs] [Times: user=0.00 sys=0.00, real=0.00 secs] 
14.099: [GC (Allocation Failure) [PSYoungGen: 53309K->1024K(59904K)] 212558K->180753K(518656K), 0.0016950 secs] [Times: user=0.00 sys=0.00, real=0.00 secs] 
15.299: [GC (Allocation Failure) [PSYoungGen: 54333K->5120K(59904K)] 387662K->344593K(518656K), 0.0013127 secs] [Times: user=0.02 sys=0.00, real=0.00 secs] 
16.718: [GC (Allocation Failure) [PSYoungGen: 57405K->5120K(59904K)] 396878K->349713K(518656K), 0.0010079 secs] [Times: user=0.00 sys=0.00, real=0.00 secs] 
17.155: [GC (Allocation Failure) [PSYoungGen: 47165K->5120K(59904K)] 442958K->421393K(518656K), 0.0044444 secs] [Times: user=0.00 sys=0.00, real=0.00 secs] 
17.159: [GC (Allocation Failure) [PSYoungGen: 5120K->5120K(59904K)] 421393K->421393K(518656K), 0.0008307 secs] [Times: user=0.02 sys=0.00, real=0.00 secs] 
17.160: [Full GC (Allocation Failure) [PSYoungGen: 5120K->0K(59904K)] [ParOldGen: 416273K->77329K(458752K)] 421393K->77329K(518656K), [Metaspace: 2768K->2768K(1056768K)], 0.0068446 secs] [Times: user=0.00 sys=0.00, real=0.01 secs] 
18.372: [GC (Allocation Failure) [PSYoungGen: 53309K->5120K(59904K)] 233038K->195089K(518656K), 0.0013979 secs] [Times: user=0.00 sys=0.00, real=0.00 secs] 
20.006: [GC (Allocation Failure) [PSYoungGen: 48189K->0K(59904K)] 442958K->394769K(518656K), 0.0008704 secs] [Times: user=0.00 sys=0.00, real=0.00 secs] 
20.007: [GC (Allocation Failure) [PSYoungGen: 0K->0K(59904K)] 394769K->394769K(518656K), 0.0007837 secs] [Times: user=0.00 sys=0.00, real=0.00 secs] 
20.008: [Full GC (Allocation Failure) [PSYoungGen: 0K->0K(59904K)] [ParOldGen: 394769K->51729K(458752K)] 394769K->51729K(518656K), [Metaspace: 2770K->2770K(1056768K)], 0.0046860 secs] [Times: user=0.00 sys=0.00, real=0.00 secs] 
21.225: [GC (Allocation Failure) [PSYoungGen: 53309K->5120K(59904K)] 207438K->169489K(518656K), 0.0013504 secs] [Times: user=0.00 sys=0.00, real=0.00 secs] 
22.423: [GC (Allocation Failure) [PSYoungGen: 58429K->5120K(59904K)] 376398K->334353K(518656K), 0.0011550 secs] [Times: user=0.00 sys=0.00, real=0.00 secs] 
22.858: [GC (Allocation Failure) [PSYoungGen: 47165K->0K(59904K)] 427598K->380433K(518656K), 0.0008138 secs] [Times: user=0.00 sys=0.00, real=0.00 secs] 
22.859: [GC (Allocation Failure) [PSYoungGen: 0K->0K(59904K)] 380433K->380433K(518656K), 0.0007063 secs] [Times: user=0.00 sys=0.00, real=0.00 secs] 
22.860: [Full GC (Allocation Failure) [PSYoungGen: 0K->0K(59904K)] [ParOldGen: 380433K->165393K(458752K)] 380433K->165393K(518656K), [Metaspace: 2779K->2779K(1056768K)], 0.0117660 secs] [Times: user=0.00 sys=0.00, real=0.01 secs] 
24.624: [Full GC (Ergonomics) [PSYoungGen: 50237K->0K(59904K)] [ParOldGen: 421393K->12288K(458752K)] 471630K->12288K(518656K), [Metaspace: 2779K->2779K(1056768K)], 0.0031992 secs] [Times: user=0.00 sys=0.00, real=0.00 secs] 
25.497: [GC (Allocation Failure) [PSYoungGen: 52285K->5120K(59904K)] 64573K->37888K(518656K), 0.0015784 secs] [Times: user=0.00 sys=0.00, real=0.00 secs] 
26.694: [GC (Allocation Failure) [PSYoungGen: 58429K->5120K(59904K)] 244797K->201728K(518656K), 0.0015434 secs] [Times: user=0.00 sys=0.00, real=0.00 secs] 
27.784: [GC (Allocation Failure) [PSYoungGen: 57405K->5120K(59904K)] 254013K->206848K(518656K), 0.0011379 secs] [Times: user=0.00 sys=0.00, real=0.00 secs] 
28.329: [GC (Allocation Failure) [PSYoungGen: 42274K->5152K(59904K)] 244002K->217128K(518656K), 0.0016063 secs] [Times: user=0.00 sys=0.00, real=0.00 secs] 
29.525: [GC (Allocation Failure) [PSYoungGen: 58447K->5152K(59904K)] 424023K->380968K(518656K), 0.0017334 secs] [Times: user=0.00 sys=0.00, real=0.00 secs] 
29.963: [Full GC (Ergonomics) [PSYoungGen: 47188K->0K(59904K)] [ParOldGen: 427016K->113169K(458752K)] 474204K->113169K(518656K), [Metaspace: 2793K->2793K(1056768K)], 0.0090894 secs] [Times: user=0.00 sys=0.00, real=0.01 secs] 
32.165: [GC (Allocation Failure) [PSYoungGen: 50231K->1024K(59904K)] 368201K->324113K(518656K), 0.0008618 secs] [Times: user=0.00 sys=0.00, real=0.00 secs] 
32.820: [GC (Allocation Failure) [PSYoungGen: 53305K->5120K(59904K)] 427595K->380433K(518656K), 0.0009336 secs] [Times: user=0.00 sys=0.00, real=0.00 secs] 
32.821: [GC (Allocation Failure) [PSYoungGen: 5120K->5120K(59904K)] 380433K->380433K(518656K), 0.0007951 secs] [Times: user=0.00 sys=0.00, real=0.00 secs] 
32.822: [Full GC (Allocation Failure) [PSYoungGen: 5120K->0K(59904K)] [ParOldGen: 375313K->57873K(458752K)] 380433K->57873K(518656K), [Metaspace: 2793K->2793K(1056768K)], 0.0051143 secs] [Times: user=0.00 sys=0.00, real=0.01 secs] 
34.034: [GC (Allocation Failure) [PSYoungGen: 53307K->1024K(59904K)] 213580K->181777K(518656K), 0.0016103 secs] [Times: user=0.00 sys=0.00, real=0.00 secs] 
35.454: [GC (Allocation Failure) [PSYoungGen: 49211K->0K(59904K)] 383565K->354833K(518656K), 0.0013152 secs] [Times: user=0.00 sys=0.00, real=0.00 secs] 
35.673: [GC (Allocation Failure) [PSYoungGen: 21564K->0K(59904K)] 427597K->406033K(518656K), 0.0010455 secs] [Times: user=0.00 sys=0.00, real=0.00 secs] 
35.674: [GC (Allocation Failure) [PSYoungGen: 0K->0K(59904K)] 406033K->406033K(518656K), 0.0007489 secs] [Times: user=0.00 sys=0.00, real=0.00 secs] 
35.675: [Full GC (Allocation Failure) [PSYoungGen: 0K->0K(59904K)] [ParOldGen: 406033K->61969K(458752K)] 406033K->61969K(518656K), [Metaspace: 2793K->2793K(1056768K)], 0.0060230 secs] [Times: user=0.00 sys=0.00, real=0.01 secs] 
36.889: [GC (Allocation Failure) [PSYoungGen: 53308K->5120K(59904K)] 217677K->179729K(518656K), 0.0014418 secs] [Times: user=0.00 sys=0.00, real=0.00 secs] 
38.087: [GC (Allocation Failure) [PSYoungGen: 58428K->5120K(59904K)] 386638K->364049K(518656K), 0.0028292 secs] [Times: user=0.00 sys=0.00, real=0.00 secs] 
39.290: [Full GC (Ergonomics) [PSYoungGen: 57405K->0K(59904K)] [ParOldGen: 410129K->6144K(458752K)] 467534K->6144K(518656K), [Metaspace: 2793K->2793K(1056768K)], 0.0025843 secs] [Times: user=0.00 sys=0.00, real=0.00 secs] 
40.269: [GC (Allocation Failure) [PSYoungGen: 53309K->1024K(59904K)] 213053K->160768K(518656K), 0.0007023 secs] [Times: user=0.00 sys=0.00, real=0.00 secs] 
41.143: [GC (Allocation Failure) [PSYoungGen: 53309K->5120K(59904K)] 213053K->175104K(518656K), 0.0015702 secs] [Times: user=0.00 sys=0.00, real=0.00 secs] 
42.890: [GC (Allocation Failure) [PSYoungGen: 58429K->5120K(59904K)] 382013K->328704K(518656K), 0.0013794 secs] [Times: user=0.00 sys=0.00, real=0.00 secs] 
43.986: [GC (Allocation Failure) [PSYoungGen: 58429K->1024K(59904K)] 382013K->345088K(518656K), 0.0017745 secs] [Times: user=0.00 sys=0.00, real=0.00 secs] 
44.205: [GC (Allocation Failure) [PSYoungGen: 22588K->1024K(59904K)] 417853K->396288K(518656K), 0.0017454 secs] [Times: user=0.00 sys=0.00, real=0.00 secs] 
44.206: [GC (Allocation Failure) [PSYoungGen: 1024K->1024K(59904K)] 396288K->396288K(518656K), 0.0010412 secs] [Times: user=0.00 sys=0.00, real=0.00 secs] 
44.208: [Full GC (Allocation Failure) [PSYoungGen: 1024K->0K(59904K)] [ParOldGen: 395264K->62993K(458752K)] 396288K->62993K(518656K), [Metaspace: 2795K->2795K(1056768K)], 0.0056702 secs] [Times: user=0.00 sys=0.00, real=0.00 secs] 
45.421: [GC (Allocation Failure) [PSYoungGen: 53308K->5120K(59904K)] 218702K->190993K(518656K), 0.0017507 secs] [Times: user=0.00 sys=0.00, real=0.00 secs] 
46.839: [GC (Allocation Failure) [PSYoungGen: 48189K->0K(59904K)] 387662K->349713K(518656K), 0.0012564 secs] [Times: user=0.00 sys=0.00, real=0.00 secs] 
47.058: [GC (Allocation Failure) [PSYoungGen: 21565K->0K(59904K)] 422478K->421393K(518656K), 0.0023743 secs] [Times: user=0.00 sys=0.00, real=0.00 secs] 
47.060: [Full GC (Ergonomics) [PSYoungGen: 0K->0K(59904K)] [ParOldGen: 421393K->72209K(458752K)] 421393K->72209K(518656K), [Metaspace: 2795K->2795K(1056768K)], 0.0064567 secs] [Times: user=0.01 sys=0.00, real=0.01 secs] 
48.274: [GC (Allocation Failure) [PSYoungGen: 53309K->5120K(59904K)] 227918K->189969K(518656K), 0.0015838 secs] [Times: user=0.00 sys=0.00, real=0.00 secs] 
49.472: [GC (Allocation Failure) [PSYoungGen: 58429K->5120K(59904K)] 396878K->353809K(518656K), 0.0015033 secs] [Times: user=0.00 sys=0.00, real=0.00 secs] 
49.910: [GC (Allocation Failure) [PSYoungGen: 47165K->5120K(59904K)] 447054K->405009K(518656K), 0.0009610 secs] [Times: user=0.00 sys=0.00, real=0.00 secs] 
49.911: [GC (Allocation Failure) [PSYoungGen: 5120K->5120K(59904K)] 405009K->405009K(518656K), 0.0008215 secs] [Times: user=0.00 sys=0.00, real=0.00 secs] 
49.912: [Full GC (Allocation Failure) [PSYoungGen: 5120K->0K(59904K)] [ParOldGen: 399889K->133649K(458752K)] 405009K->133649K(518656K), [Metaspace: 2795K->2795K(1056768K)], 0.0103621 secs] [Times: user=0.00 sys=0.00, real=0.01 secs] 
51.125: [GC (Allocation Failure) [PSYoungGen: 36925K->5120K(59904K)] 272974K->251409K(518656K), 0.0014508 secs] [Times: user=0.00 sys=0.00, real=0.00 secs] 
52.323: [GC (Allocation Failure) [PSYoungGen: 58429K->5120K(59904K)] 458318K->416273K(518656K), 0.0013144 secs] [Times: user=0.00 sys=0.00, real=0.00 secs] 
52.650: [GC (Allocation Failure) [PSYoungGen: 47165K->5120K(59904K)] 458318K->436753K(518656K), 0.0034344 secs] [Times: user=0.00 sys=0.00, real=0.00 secs] 
52.653: [Full GC (Ergonomics) [PSYoungGen: 5120K->0K(59904K)] [ParOldGen: 431633K->32273K(458752K)] 436753K->32273K(518656K), [Metaspace: 2795K->2795K(1056768K)], 0.0038627 secs] [Times: user=0.00 sys=0.00, real=0.00 secs] 
53.088: [GC (Allocation Failure) [PSYoungGen: 53308K->2048K(59904K)] 187982K->136721K(518656K), 0.0004842 secs] [Times: user=0.00 sys=0.00, real=0.00 secs] 
54.727: [GC (Allocation Failure) [PSYoungGen: 54333K->5120K(59904K)] 189006K->144913K(518656K), 0.0010860 secs] [Times: user=0.00 sys=0.00, real=0.00 secs] 
55.380: [GC (Allocation Failure) [PSYoungGen: 47164K->0K(59904K)] 186958K->160273K(518656K), 0.0014570 secs] [Times: user=0.00 sys=0.00, real=0.00 secs] 
56.583: [GC (Allocation Failure) [PSYoungGen: 53308K->5120K(59904K)] 367182K->324113K(518656K), 0.0011410 secs] [Times: user=0.00 sys=0.00, real=0.00 secs] 
57.018: [GC (Allocation Failure) [PSYoungGen: 47164K->5120K(59904K)] 417358K->395793K(518656K), 0.0022619 secs] [Times: user=0.06 sys=0.00, real=0.00 secs] 
57.020: [GC (Allocation Failure) [PSYoungGen: 5120K->5120K(59904K)] 395793K->395793K(518656K), 0.0007603 secs] [Times: user=0.00 sys=0.00, real=0.00 secs] 
57.021: [Full GC (Allocation Failure) [PSYoungGen: 5120K->0K(59904K)] [ParOldGen: 390673K->92689K(458752K)] 395793K->92689K(518656K), [Metaspace: 2796K->2796K(1056768K)], 0.0077911 secs] [Times: user=0.00 sys=0.00, real=0.01 secs] 
59.002: [GC (Allocation Failure) [PSYoungGen: 50237K->5120K(59904K)] 398926K->353809K(518656K), 0.0008319 secs] [Times: user=0.00 sys=0.00, real=0.00 secs] 
59.657: [GC (Allocation Failure) [PSYoungGen: 47165K->5120K(59904K)] 395854K->364049K(518656K), 0.0015148 secs] [Times: user=0.00 sys=0.00, real=0.00 secs] 
59.876: [GC (Allocation Failure) [PSYoungGen: 26684K->5120K(59904K)] 436814K->415249K(518656K), 0.0007332 secs] [Times: user=0.00 sys=0.00, real=0.00 secs] 
59.877: [GC (Allocation Failure) [PSYoungGen: 5120K->5120K(59904K)] 415249K->415249K(518656K), 0.0009481 secs] [Times: user=0.00 sys=0.00, real=0.00 secs] 
59.878: [Full GC (Allocation Failure) [PSYoungGen: 5120K->0K(59904K)] [ParOldGen: 410129K->108049K(458752K)] 415249K->108049K(518656K), [Metaspace: 2796K->2796K(1056768K)], 0.0084176 secs] [Times: user=0.00 sys=0.00, real=0.01 secs] 
61.091: [GC (Allocation Failure) [PSYoungGen: 53308K->5120K(59904K)] 263758K->225809K(518656K), 0.0017474 secs] [Times: user=0.00 sys=0.00, real=0.00 secs] 
62.509: [GC (Allocation Failure) [PSYoungGen: 57405K->5120K(59904K)] 431694K->389649K(518656K), 0.0014122 secs] [Times: user=0.00 sys=0.00, real=0.00 secs] 
62.728: [Full GC (Ergonomics) [PSYoungGen: 26685K->0K(59904K)] [ParOldGen: 435729K->56849K(458752K)] 462414K->56849K(518656K), [Metaspace: 2796K->2796K(1056768K)], 0.0052560 secs] [Times: user=0.00 sys=0.00, real=0.00 secs] 
63.926: [GC (Allocation Failure) [PSYoungGen: 53309K->1024K(59904K)] 212558K->180753K(518656K), 0.0017881 secs] [Times: user=0.00 sys=0.00, real=0.00 secs] 
65.128: [GC (Allocation Failure) [PSYoungGen: 54333K->1024K(59904K)] 387662K->344593K(518656K), 0.0012080 secs] [Times: user=0.02 sys=0.00, real=0.00 secs] 
66.550: [GC (Allocation Failure) [PSYoungGen: 53309K->5120K(59904K)] 396878K->353809K(518656K), 0.0010630 secs] [Times: user=0.00 sys=0.00, real=0.00 secs] 
66.990: [GC (Allocation Failure) [PSYoungGen: 47165K->5120K(59904K)] 447054K->425489K(518656K), 0.0023931 secs] [Times: user=0.00 sys=0.00, real=0.00 secs] 
66.992: [Full GC (Ergonomics) [PSYoungGen: 5120K->0K(59904K)] [ParOldGen: 420369K->77329K(458752K)] 425489K->77329K(518656K), [Metaspace: 2796K->2796K(1056768K)], 0.0071370 secs] [Times: user=0.00 sys=0.00, real=0.01 secs] 
68.205: [GC (Allocation Failure) [PSYoungGen: 53309K->5120K(59904K)] 233038K->195089K(518656K), 0.0014549 secs] [Times: user=0.00 sys=0.00, real=0.00 secs] 
69.839: [GC (Allocation Failure) [PSYoungGen: 48189K->0K(59904K)] 442958K->394769K(518656K), 0.0011801 secs] [Times: user=0.00 sys=0.00, real=0.00 secs] 
69.840: [GC (Allocation Failure) [PSYoungGen: 0K->0K(59904K)] 394769K->394769K(518656K), 0.0008929 secs] [Times: user=0.00 sys=0.00, real=0.00 secs] 
69.841: [Full GC (Allocation Failure) [PSYoungGen: 0K->0K(59904K)] [ParOldGen: 394769K->51729K(458752K)] 394769K->51729K(518656K), [Metaspace: 2796K->2796K(1056768K)], 0.0048608 secs] [Times: user=0.00 sys=0.00, real=0.01 secs] 
71.057: [GC (Allocation Failure) [PSYoungGen: 53309K->5120K(59904K)] 207438K->169489K(518656K), 0.0014543 secs] [Times: user=0.00 sys=0.00, real=0.00 secs] 
72.255: [GC (Allocation Failure) [PSYoungGen: 58429K->5120K(59904K)] 376398K->334353K(518656K), 0.0013867 secs] [Times: user=0.00 sys=0.00, real=0.00 secs] 
72.692: [GC (Allocation Failure) [PSYoungGen: 47165K->5120K(59904K)] 427598K->385553K(518656K), 0.0012854 secs] [Times: user=0.00 sys=0.00, real=0.00 secs] 
72.694: [GC (Allocation Failure) [PSYoungGen: 5120K->5120K(59904K)] 385553K->385553K(518656K), 0.0011833 secs] [Times: user=0.00 sys=0.00, real=0.00 secs] 
72.695: [Full GC (Allocation Failure) [PSYoungGen: 5120K->0K(59904K)] [ParOldGen: 380433K->165393K(458752K)] 385553K->165393K(518656K), [Metaspace: 2796K->2796K(1056768K)], 0.0121912 secs] [Times: user=0.00 sys=0.00, real=0.01 secs] 
74.452: [Full GC (Ergonomics) [PSYoungGen: 50237K->0K(59904K)] [ParOldGen: 421393K->12288K(458752K)] 471630K->12288K(518656K), [Metaspace: 2796K->2796K(1056768K)], 0.0025207 secs] [Times: user=0.00 sys=0.00, real=0.00 secs] 
75.325: [GC (Allocation Failure) [PSYoungGen: 52285K->5120K(59904K)] 64573K->37888K(518656K), 0.0018621 secs] [Times: user=0.00 sys=0.00, real=0.00 secs] 
76.526: [GC (Allocation Failure) [PSYoungGen: 58429K->5120K(59904K)] 244797K->201728K(518656K), 0.0012874 secs] [Times: user=0.00 sys=0.00, real=0.00 secs] 
77.616: [GC (Allocation Failure) [PSYoungGen: 57405K->5120K(59904K)] 254013K->206848K(518656K), 0.0009052 secs] [Times: user=0.00 sys=0.00, real=0.00 secs] 
78.167: [GC (Allocation Failure) [PSYoungGen: 42044K->0K(59904K)] 243773K->211968K(518656K), 0.0012697 secs] [Times: user=0.00 sys=0.00, real=0.00 secs] 
79.367: [GC (Allocation Failure) [PSYoungGen: 53298K->5120K(59904K)] 418866K->375808K(518656K), 0.0010430 secs] [Times: user=0.00 sys=0.00, real=0.00 secs] 
79.804: [Full GC (Ergonomics) [PSYoungGen: 47158K->0K(59904K)] [ParOldGen: 421888K->113169K(458752K)] 469046K->113169K(518656K), [Metaspace: 2796K->2796K(1056768K)], 0.0089316 secs] [Times: user=0.00 sys=0.00, real=0.01 secs] 
82.001: [GC (Allocation Failure) [PSYoungGen: 50232K->1024K(59904K)] 368202K->324113K(518656K), 0.0009182 secs] [Times: user=0.00 sys=0.00, real=0.00 secs] 
82.654: [GC (Allocation Failure) [PSYoungGen: 53306K->5120K(59904K)] 427595K->380433K(518656K), 0.0010331 secs] [Times: user=0.00 sys=0.00, real=0.00 secs] 
82.655: [GC (Allocation Failure) [PSYoungGen: 5120K->5120K(59904K)] 380433K->380433K(518656K), 0.0009146 secs] [Times: user=0.00 sys=0.00, real=0.00 secs] 
82.656: [Full GC (Allocation Failure) [PSYoungGen: 5120K->0K(59904K)] [ParOldGen: 375313K->57873K(458752K)] 380433K->57873K(518656K), [Metaspace: 2796K->2796K(1056768K)], 0.0053382 secs] [Times: user=0.00 sys=0.00, real=0.00 secs] 
83.868: [GC (Allocation Failure) [PSYoungGen: 53307K->1024K(59904K)] 213580K->181777K(518656K), 0.0018933 secs] [Times: user=0.00 sys=0.00, real=0.00 secs] 
85.290: [GC (Allocation Failure) [PSYoungGen: 49212K->0K(59904K)] 383565K->354833K(518656K), 0.0014463 secs] [Times: user=0.00 sys=0.00, real=0.00 secs] 
85.509: [GC (Allocation Failure) [PSYoungGen: 21564K->0K(59904K)] 427598K->406033K(518656K), 0.0008119 secs] [Times: user=0.00 sys=0.00, real=0.00 secs] 
85.510: [GC (Allocation Failure) [PSYoungGen: 0K->0K(59904K)] 406033K->406033K(518656K), 0.0007142 secs] [Times: user=0.00 sys=0.00, real=0.00 secs] 
85.511: [Full GC (Allocation Failure) [PSYoungGen: 0K->0K(59904K)] [ParOldGen: 406033K->61969K(458752K)] 406033K->61969K(518656K), [Metaspace: 2796K->2796K(1056768K)], 0.0056913 secs] [Times: user=0.00 sys=0.00, real=0.01 secs] 
86.730: [GC (Allocation Failure) [PSYoungGen: 53308K->5120K(59904K)] 217678K->179729K(518656K), 0.0014517 secs] [Times: user=0.00 sys=0.00, real=0.00 secs] 
87.928: [GC (Allocation Failure) [PSYoungGen: 58429K->5120K(59904K)] 386638K->364049K(518656K), 0.0028986 secs] [Times: user=0.00 sys=0.00, real=0.00 secs] 
89.130: [Full GC (Ergonomics) [PSYoungGen: 57405K->0K(59904K)] [ParOldGen: 410129K->6144K(458752K)] 467534K->6144K(518656K), [Metaspace: 2796K->2796K(1056768K)], 0.0022280 secs] [Times: user=0.00 sys=0.00, real=0.00 secs] 
90.110: [GC (Allocation Failure) [PSYoungGen: 53309K->1024K(59904K)] 213053K->160768K(518656K), 0.0005310 secs] [Times: user=0.00 sys=0.00, real=0.00 secs] 
90.985: [GC (Allocation Failure) [PSYoungGen: 53309K->5120K(59904K)] 213053K->175104K(518656K), 0.0014559 secs] [Times: user=0.00 sys=0.00, real=0.00 secs] 
92.728: [GC (Allocation Failure) [PSYoungGen: 58429K->5120K(59904K)] 382013K->328704K(518656K), 0.0010210 secs] [Times: user=0.00 sys=0.00, real=0.00 secs] 
93.817: [GC (Allocation Failure) [PSYoungGen: 58429K->1024K(59904K)] 382013K->345088K(518656K), 0.0019760 secs] [Times: user=0.00 sys=0.00, real=0.00 secs] 
94.037: [GC (Allocation Failure) [PSYoungGen: 22588K->1024K(59904K)] 417853K->396288K(518656K), 0.0009405 secs] [Times: user=0.00 sys=0.00, real=0.00 secs] 
94.038: [GC (Allocation Failure) [PSYoungGen: 1024K->1024K(59904K)] 396288K->396288K(518656K), 0.0016934 secs] [Times: user=0.00 sys=0.00, real=0.00 secs] 
94.040: [Full GC (Allocation Failure) [PSYoungGen: 1024K->0K(59904K)] [ParOldGen: 395264K->62993K(458752K)] 396288K->62993K(518656K), [Metaspace: 2796K->2796K(1056768K)], 0.0059151 secs] [Times: user=0.00 sys=0.00, real=0.01 secs] 
95.254: [GC (Allocation Failure) [PSYoungGen: 53308K->5120K(59904K)] 218702K->190993K(518656K), 0.0018104 secs] [Times: user=0.00 sys=0.00, real=0.00 secs] 
96.674: [GC (Allocation Failure) [PSYoungGen: 48189K->0K(59904K)] 387662K->349713K(518656K), 0.0012785 secs] [Times: user=0.01 sys=0.00, real=0.00 secs] 
96.891: [GC (Allocation Failure) [PSYoungGen: 21565K->0K(59904K)] 422478K->421393K(518656K), 0.0023039 secs] [Times: user=0.00 sys=0.00, real=0.00 secs] 
96.893: [Full GC (Ergonomics) [PSYoungGen: 0K->0K(59904K)] [ParOldGen: 421393K->72209K(458752K)] 421393K->72209K(518656K), [Metaspace: 2796K->2796K(1056768K)], 0.0063004 secs] [Times: user=0.00 sys=0.00, real=0.01 secs] 
98.107: [GC (Allocation Failure) [PSYoungGen: 53309K->5120K(59904K)] 227918K->189969K(518656K), 0.0015189 secs] [Times: user=0.00 sys=0.00, real=0.00 secs] 
99.304: [GC (Allocation Failure) [PSYoungGen: 58429K->5120K(59904K)] 396878K->353809K(518656K), 0.0013612 secs] [Times: user=0.00 sys=0.00, real=0.00 secs] 
99.744: [GC (Allocation Failure) [PSYoungGen: 47165K->0K(59904K)] 447054K->399889K(518656K), 0.0011736 secs] [Times: user=0.00 sys=0.00, real=0.00 secs] 
99.745: [GC (Allocation Failure) [PSYoungGen: 0K->0K(59904K)] 399889K->399889K(518656K), 0.0007511 secs] [Times: user=0.00 sys=0.00, real=0.00 secs] 
99.746: [Full GC (Allocation Failure) [PSYoungGen: 0K->0K(59904K)] [ParOldGen: 399889K->133649K(458752K)] 399889K->133649K(518656K), [Metaspace: 2796K->2796K(1056768K)], 0.0099647 secs] [Times: user=0.00 sys=0.00, real=0.01 secs] 
100.956: [GC (Allocation Failure) [PSYoungGen: 36925K->5120K(59904K)] 272974K->251409K(518656K), 0.0015391 secs] [Times: user=0.00 sys=0.00, real=0.00 secs] 
102.160: [GC (Allocation Failure) [PSYoungGen: 58429K->5120K(59904K)] 458318K->416273K(518656K), 0.0015357 secs] [Times: user=0.00 sys=0.00, real=0.00 secs] 
102.486: [GC (Allocation Failure) [PSYoungGen: 47165K->5120K(59904K)] 458318K->436753K(518656K), 0.0020926 secs] [Times: user=0.00 sys=0.00, real=0.00 secs] 
102.488: [Full GC (Ergonomics) [PSYoungGen: 5120K->0K(59904K)] [ParOldGen: 431633K->32273K(458752K)] 436753K->32273K(518656K), [Metaspace: 2796K->2796K(1056768K)], 0.0037899 secs] [Times: user=0.00 sys=0.00, real=0.00 secs] 
102.924: [GC (Allocation Failure) [PSYoungGen: 53308K->2048K(59904K)] 187982K->136721K(518656K), 0.0004684 secs] [Times: user=0.00 sys=0.00, real=0.00 secs] 
104.562: [GC (Allocation Failure) [PSYoungGen: 54333K->5120K(59904K)] 189006K->144913K(518656K), 0.0012386 secs] [Times: user=0.00 sys=0.00, real=0.00 secs] 
105.219: [GC (Allocation Failure) [PSYoungGen: 47164K->5120K(59904K)] 186958K->165393K(518656K), 0.0015999 secs] [Times: user=0.00 sys=0.00, real=0.00 secs] 
106.419: [GC (Allocation Failure) [PSYoungGen: 58428K->5120K(59904K)] 372302K->329233K(518656K), 0.0013747 secs] [Times: user=0.00 sys=0.00, real=0.00 secs] 
106.855: [GC (Allocation Failure) [PSYoungGen: 47164K->0K(59904K)] 422478K->395793K(518656K), 0.0022137 secs] [Times: user=0.00 sys=0.00, real=0.00 secs] 
106.858: [GC (Allocation Failure) [PSYoungGen: 0K->0K(59904K)] 395793K->395793K(518656K), 0.0007531 secs] [Times: user=0.00 sys=0.00, real=0.00 secs] 
106.858: [Full GC (Allocation Failure) [PSYoungGen: 0K->0K(59904K)] [ParOldGen: 395793K->92689K(458752K)] 395793K->92689K(518656K), [Metaspace: 2796K->2796K(1056768K)], 0.0076251 secs] [Times: user=0.00 sys=0.00, real=0.01 secs] 
108.832: [GC (Allocation Failure) [PSYoungGen: 50237K->5120K(59904K)] 398926K->353809K(518656K), 0.0008177 secs] [Times: user=0.00 sys=0.00, real=0.00 secs] 
109.487: [GC (Allocation Failure) [PSYoungGen: 47165K->5120K(59904K)] 395854K->364049K(518656K), 0.0013937 secs] [Times: user=0.00 sys=0.00, real=0.00 secs] 
109.705: [GC (Allocation Failure) [PSYoungGen: 26684K->5120K(59904K)] 436814K->415249K(518656K), 0.0011579 secs] [Times: user=0.00 sys=0.00, real=0.00 secs] 
109.706: [GC (Allocation Failure) [PSYoungGen: 5120K->5120K(59904K)] 415249K->415249K(518656K), 0.0006963 secs] [Times: user=0.00 sys=0.00, real=0.00 secs] 
109.707: [Full GC (Allocation Failure) [PSYoungGen: 5120K->0K(59904K)] [ParOldGen: 410129K->108049K(458752K)] 415249K->108049K(518656K), [Metaspace: 2796K->2796K(1056768K)], 0.0085468 secs] [Times: user=0.00 sys=0.00, real=0.01 secs] 
110.921: [GC (Allocation Failure) [PSYoungGen: 53308K->5120K(59904K)] 263758K->225809K(518656K), 0.0015319 secs] [Times: user=0.00 sys=0.00, real=0.00 secs] 
112.342: [GC (Allocation Failure) [PSYoungGen: 57405K->5120K(59904K)] 431694K->389649K(518656K), 0.0014837 secs] [Times: user=0.00 sys=0.00, real=0.00 secs] 
112.560: [Full GC (Ergonomics) [PSYoungGen: 26685K->0K(59904K)] [ParOldGen: 435729K->56849K(458752K)] 462414K->56849K(518656K), [Metaspace: 2796K->2796K(1056768K)], 0.0052024 secs] [Times: user=0.00 sys=0.00, real=0.00 secs] 
113.763: [GC (Allocation Failure) [PSYoungGen: 53309K->1024K(59904K)] 212558K->180753K(518656K), 0.0017385 secs] [Times: user=0.00 sys=0.00, real=0.00 secs] 
114.964: [GC (Allocation Failure) [PSYoungGen: 54333K->5120K(59904K)] 387662K->344593K(518656K), 0.0012032 secs] [Times: user=0.00 sys=0.00, real=0.00 secs] 
116.382: [GC (Allocation Failure) [PSYoungGen: 57405K->5120K(59904K)] 396878K->349713K(518656K), 0.0012853 secs] [Times: user=0.00 sys=0.00, real=0.00 secs] 
116.818: [GC (Allocation Failure) [PSYoungGen: 47165K->5120K(59904K)] 442958K->421393K(518656K), 0.0024230 secs] [Times: user=0.00 sys=0.00, real=0.00 secs] 
116.821: [Full GC (Ergonomics) [PSYoungGen: 5120K->0K(59904K)] [ParOldGen: 416273K->77329K(458752K)] 421393K->77329K(518656K), [Metaspace: 2796K->2796K(1056768K)], 0.0066075 secs] [Times: user=0.00 sys=0.00, real=0.01 secs] 
118.034: [GC (Allocation Failure) [PSYoungGen: 53309K->5120K(59904K)] 233038K->195089K(518656K), 0.0014392 secs] [Times: user=0.00 sys=0.00, real=0.00 secs] 
119.672: [GC (Allocation Failure) [PSYoungGen: 48189K->0K(59904K)] 442958K->394769K(518656K), 0.0007918 secs] [Times: user=0.00 sys=0.00, real=0.00 secs] 
119.673: [GC (Allocation Failure) [PSYoungGen: 0K->0K(59904K)] 394769K->394769K(518656K), 0.0008227 secs] [Times: user=0.00 sys=0.00, real=0.00 secs] 
119.674: [Full GC (Allocation Failure) [PSYoungGen: 0K->0K(59904K)] [ParOldGen: 394769K->51729K(458752K)] 394769K->51729K(518656K), [Metaspace: 2796K->2796K(1056768K)], 0.0047997 secs] [Times: user=0.02 sys=0.00, real=0.01 secs] 
120.878: [GC (Allocation Failure) [PSYoungGen: 53309K->5120K(59904K)] 207438K->169489K(518656K), 0.0016706 secs] [Times: user=0.00 sys=0.00, real=0.00 secs] 
122.078: [GC (Allocation Failure) [PSYoungGen: 58429K->5120K(59904K)] 376398K->334353K(518656K), 0.0013871 secs] [Times: user=0.00 sys=0.00, real=0.00 secs] 
122.516: [GC (Allocation Failure) [PSYoungGen: 47165K->0K(59904K)] 427598K->380433K(518656K), 0.0009244 secs] [Times: user=0.00 sys=0.00, real=0.00 secs] 
122.517: [GC (Allocation Failure) [PSYoungGen: 0K->0K(59904K)] 380433K->380433K(518656K), 0.0007479 secs] [Times: user=0.00 sys=0.00, real=0.00 secs] 
122.518: [Full GC (Allocation Failure) [PSYoungGen: 0K->0K(59904K)] [ParOldGen: 380433K->165393K(458752K)] 380433K->165393K(518656K), [Metaspace: 2796K->2796K(1056768K)], 0.0124949 secs] [Times: user=0.00 sys=0.00, real=0.01 secs] 
124.281: [Full GC (Ergonomics) [PSYoungGen: 50237K->0K(59904K)] [ParOldGen: 421393K->12288K(458752K)] 471630K->12288K(518656K), [Metaspace: 2796K->2796K(1056768K)], 0.0025867 secs] [Times: user=0.00 sys=0.00, real=0.00 secs] 
125.156: [GC (Allocation Failure) [PSYoungGen: 52285K->5120K(59904K)] 64573K->37888K(518656K), 0.0017295 secs] [Times: user=0.00 sys=0.00, real=0.00 secs] 
126.355: [GC (Allocation Failure) [PSYoungGen: 58429K->5120K(59904K)] 244797K->201728K(518656K), 0.0012481 secs] [Times: user=0.00 sys=0.00, real=0.00 secs] 
127.447: [GC (Allocation Failure) [PSYoungGen: 57405K->5120K(59904K)] 254013K->206848K(518656K), 0.0009448 secs] [Times: user=0.00 sys=0.00, real=0.00 secs] 
127.995: [GC (Allocation Failure) [PSYoungGen: 42044K->5120K(59904K)] 243773K->217088K(518656K), 0.0015924 secs] [Times: user=0.00 sys=0.00, real=0.00 secs] 
129.198: [GC (Allocation Failure) [PSYoungGen: 58418K->5120K(59904K)] 423986K->380928K(518656K), 0.0015128 secs] [Times: user=0.00 sys=0.00, real=0.00 secs] 
129.636: [Full GC (Ergonomics) [PSYoungGen: 47158K->0K(59904K)] [ParOldGen: 427008K->113169K(458752K)] 474166K->113169K(518656K), [Metaspace: 2796K->2796K(1056768K)], 0.0090762 secs] [Times: user=0.02 sys=0.00, real=0.01 secs] 
131.840: [GC (Allocation Failure) [PSYoungGen: 50232K->5120K(59904K)] 368202K->324113K(518656K), 0.0011418 secs] [Times: user=0.00 sys=0.00, real=0.00 secs] 
132.496: [GC (Allocation Failure) [PSYoungGen: 57402K->5120K(59904K)] 427595K->375313K(518656K), 0.0009133 secs] [Times: user=0.00 sys=0.00, real=0.00 secs] 
132.497: [GC (Allocation Failure) [PSYoungGen: 5120K->5120K(59904K)] 375313K->375313K(518656K), 0.0006862 secs] [Times: user=0.00 sys=0.00, real=0.00 secs] 
132.498: [Full GC (Allocation Failure) [PSYoungGen: 5120K->0K(59904K)] [ParOldGen: 370193K->57873K(458752K)] 375313K->57873K(518656K), [Metaspace: 2796K->2796K(1056768K)], 0.0054125 secs] [Times: user=0.00 sys=0.00, real=0.01 secs] 
133.713: [GC (Allocation Failure) [PSYoungGen: 53307K->1024K(59904K)] 213580K->181777K(518656K), 0.0017488 secs] [Times: user=0.00 sys=0.00, real=0.00 secs] 
135.130: [GC (Allocation Failure) [PSYoungGen: 49212K->0K(59904K)] 383565K->354833K(518656K), 0.0012624 secs] [Times: user=0.00 sys=0.00, real=0.00 secs] 
135.349: [GC (Allocation Failure) [PSYoungGen: 21564K->0K(59904K)] 427598K->406033K(518656K), 0.0007664 secs] [Times: user=0.00 sys=0.00, real=0.00 secs] 
135.350: [GC (Allocation Failure) [PSYoungGen: 0K->0K(59904K)] 406033K->406033K(518656K), 0.0008174 secs] [Times: user=0.00 sys=0.00, real=0.00 secs] 
135.351: [Full GC (Allocation Failure) [PSYoungGen: 0K->0K(59904K)] [ParOldGen: 406033K->61969K(458752K)] 406033K->61969K(518656K), [Metaspace: 2796K->2796K(1056768K)], 0.0057735 secs] [Times: user=0.00 sys=0.00, real=0.01 secs] 
136.569: [GC (Allocation Failure) [PSYoungGen: 53308K->5120K(59904K)] 217678K->179729K(518656K), 0.0015579 secs] [Times: user=0.00 sys=0.00, real=0.00 secs] 
137.772: [GC (Allocation Failure) [PSYoungGen: 58429K->5120K(59904K)] 386638K->364049K(518656K), 0.0032420 secs] [Times: user=0.00 sys=0.00, real=0.00 secs] 
138.975: [Full GC (Ergonomics) [PSYoungGen: 57405K->0K(59904K)] [ParOldGen: 410129K->6144K(458752K)] 467534K->6144K(518656K), [Metaspace: 2796K->2796K(1056768K)], 0.0021435 secs] [Times: user=0.00 sys=0.00, real=0.00 secs] 
139.956: [GC (Allocation Failure) [PSYoungGen: 53309K->1024K(59904K)] 213053K->160768K(518656K), 0.0007508 secs] [Times: user=0.00 sys=0.00, real=0.00 secs] 
140.829: [GC (Allocation Failure) [PSYoungGen: 53309K->5120K(59904K)] 213053K->175104K(518656K), 0.0017133 secs] [Times: user=0.00 sys=0.00, real=0.00 secs] 
142.575: [GC (Allocation Failure) [PSYoungGen: 58429K->5120K(59904K)] 382013K->328704K(518656K), 0.0012063 secs] [Times: user=0.00 sys=0.00, real=0.00 secs] 
143.665: [GC (Allocation Failure) [PSYoungGen: 58429K->1024K(59904K)] 382013K->345088K(518656K), 0.0017480 secs] [Times: user=0.00 sys=0.00, real=0.00 secs] 
143.885: [GC (Allocation Failure) [PSYoungGen: 22588K->1024K(59904K)] 417853K->396288K(518656K), 0.0014905 secs] [Times: user=0.00 sys=0.00, real=0.00 secs] 
143.886: [GC (Allocation Failure) [PSYoungGen: 1024K->1024K(59904K)] 396288K->396288K(518656K), 0.0014442 secs] [Times: user=0.00 sys=0.00, real=0.00 secs] 
143.888: [Full GC (Allocation Failure) [PSYoungGen: 1024K->0K(59904K)] [ParOldGen: 395264K->62993K(458752K)] 396288K->62993K(518656K), [Metaspace: 2796K->2796K(1056768K)], 0.0056404 secs] [Times: user=0.00 sys=0.00, real=0.01 secs] 
145.104: [GC (Allocation Failure) [PSYoungGen: 53308K->5120K(59904K)] 218702K->190993K(518656K), 0.0018599 secs] [Times: user=0.00 sys=0.00, real=0.00 secs] 
146.524: [GC (Allocation Failure) [PSYoungGen: 48189K->0K(59904K)] 387662K->349713K(518656K), 0.0012096 secs] [Times: user=0.00 sys=0.00, real=0.00 secs] 
146.741: [GC (Allocation Failure) [PSYoungGen: 21565K->0K(59904K)] 422478K->421393K(518656K), 0.0020779 secs] [Times: user=0.00 sys=0.00, real=0.00 secs] 
146.744: [Full GC (Ergonomics) [PSYoungGen: 0K->0K(59904K)] [ParOldGen: 421393K->72209K(458752K)] 421393K->72209K(518656K), [Metaspace: 2796K->2796K(1056768K)], 0.0064251 secs] [Times: user=0.00 sys=0.00, real=0.01 secs] 
147.958: [GC (Allocation Failure) [PSYoungGen: 53309K->5120K(59904K)] 227918K->189969K(518656K), 0.0012905 secs] [Times: user=0.00 sys=0.00, real=0.00 secs] 
149.159: [GC (Allocation Failure) [PSYoungGen: 58429K->5120K(59904K)] 396878K->353809K(518656K), 0.0015975 secs] [Times: user=0.02 sys=0.00, real=0.00 secs] 
149.596: [GC (Allocation Failure) [PSYoungGen: 47165K->5120K(59904K)] 447054K->405009K(518656K), 0.0012089 secs] [Times: user=0.02 sys=0.00, real=0.00 secs] 
149.598: [GC (Allocation Failure) [PSYoungGen: 5120K->5120K(59904K)] 405009K->405009K(518656K), 0.0007878 secs] [Times: user=0.00 sys=0.00, real=0.00 secs] 
149.598: [Full GC (Allocation Failure) [PSYoungGen: 5120K->0K(59904K)] [ParOldGen: 399889K->133649K(458752K)] 405009K->133649K(518656K), [Metaspace: 2796K->2796K(1056768K)], 0.0099623 secs] [Times: user=0.00 sys=0.00, real=0.01 secs] 
150.808: [GC (Allocation Failure) [PSYoungGen: 36925K->5120K(59904K)] 272974K->251409K(518656K), 0.0013943 secs] [Times: user=0.00 sys=0.00, real=0.00 secs] 
152.010: [GC (Allocation Failure) [PSYoungGen: 58429K->5120K(59904K)] 458318K->416273K(518656K), 0.0014946 secs] [Times: user=0.00 sys=0.00, real=0.00 secs] 
152.338: [GC (Allocation Failure) [PSYoungGen: 47165K->0K(59904K)] 458318K->431633K(518656K), 0.0022017 secs] [Times: user=0.00 sys=0.00, real=0.00 secs] 
152.340: [Full GC (Ergonomics) [PSYoungGen: 0K->0K(59904K)] [ParOldGen: 431633K->32273K(458752K)] 431633K->32273K(518656K), [Metaspace: 2796K->2796K(1056768K)], 0.0037462 secs] [Times: user=0.00 sys=0.00, real=0.00 secs] 
152.775: [GC (Allocation Failure) [PSYoungGen: 53308K->2048K(59904K)] 187982K->136721K(518656K), 0.0004090 secs] [Times: user=0.00 sys=0.00, real=0.00 secs] 
154.414: [GC (Allocation Failure) [PSYoungGen: 54333K->5120K(59904K)] 189006K->144913K(518656K), 0.0009961 secs] [Times: user=0.00 sys=0.00, real=0.00 secs] 
155.075: [GC (Allocation Failure) [PSYoungGen: 47164K->5120K(59904K)] 186958K->165393K(518656K), 0.0021246 secs] [Times: user=0.00 sys=0.00, real=0.00 secs] 
156.277: [GC (Allocation Failure) [PSYoungGen: 58428K->5120K(59904K)] 372302K->329233K(518656K), 0.0013695 secs] [Times: user=0.00 sys=0.00, real=0.00 secs] 
156.715: [GC (Allocation Failure) [PSYoungGen: 47164K->5120K(59904K)] 422478K->400913K(518656K), 0.0023597 secs] [Times: user=0.00 sys=0.00, real=0.00 secs] 
156.718: [GC (Allocation Failure) [PSYoungGen: 5120K->5120K(59904K)] 400913K->400913K(518656K), 0.0008574 secs] [Times: user=0.00 sys=0.00, real=0.00 secs] 
156.718: [Full GC (Allocation Failure) [PSYoungGen: 5120K->0K(59904K)] [ParOldGen: 395793K->92689K(458752K)] 400913K->92689K(518656K), [Metaspace: 2796K->2796K(1056768K)], 0.0077596 secs] [Times: user=0.00 sys=0.00, real=0.01 secs] 
158.692: [GC (Allocation Failure) [PSYoungGen: 50237K->5120K(59904K)] 398926K->353809K(518656K), 0.0008850 secs] [Times: user=0.00 sys=0.00, real=0.00 secs] 
159.348: [GC (Allocation Failure) [PSYoungGen: 47165K->5120K(59904K)] 395854K->364049K(518656K), 0.0015371 secs] [Times: user=0.00 sys=0.00, real=0.00 secs] 
159.566: [GC (Allocation Failure) [PSYoungGen: 26684K->5120K(59904K)] 436814K->415249K(518656K), 0.0009262 secs] [Times: user=0.00 sys=0.00, real=0.00 secs] 
159.567: [GC (Allocation Failure) [PSYoungGen: 5120K->5120K(59904K)] 415249K->415249K(518656K), 0.0006880 secs] [Times: user=0.00 sys=0.00, real=0.00 secs] 
159.568: [Full GC (Allocation Failure) [PSYoungGen: 5120K->0K(59904K)] [ParOldGen: 410129K->108049K(458752K)] 415249K->108049K(518656K), [Metaspace: 2796K->2796K(1056768K)], 0.0080760 secs] [Times: user=0.00 sys=0.00, real=0.01 secs] 
160.780: [GC (Allocation Failure) [PSYoungGen: 53308K->5120K(59904K)] 263758K->225809K(518656K), 0.0014750 secs] [Times: user=0.00 sys=0.00, real=0.00 secs] 
162.209: [GC (Allocation Failure) [PSYoungGen: 57405K->5120K(59904K)] 431694K->389649K(518656K), 0.0014024 secs] [Times: user=0.00 sys=0.00, real=0.00 secs] 
162.428: [Full GC (Ergonomics) [PSYoungGen: 26685K->0K(59904K)] [ParOldGen: 435729K->56849K(458752K)] 462414K->56849K(518656K), [Metaspace: 2796K->2796K(1056768K)], 0.0055019 secs] [Times: user=0.00 sys=0.00, real=0.00 secs] 
163.642: [GC (Allocation Failure) [PSYoungGen: 53309K->1024K(59904K)] 212558K->180753K(518656K), 0.0016505 secs] [Times: user=0.00 sys=0.00, real=0.00 secs] 
164.846: [GC (Allocation Failure) [PSYoungGen: 54333K->5120K(59904K)] 387662K->344593K(518656K), 0.0012042 secs] [Times: user=0.00 sys=0.00, real=0.00 secs] 
166.262: [GC (Allocation Failure) [PSYoungGen: 57405K->5120K(59904K)] 396878K->349713K(518656K), 0.0010869 secs] [Times: user=0.00 sys=0.00, real=0.00 secs] 
166.699: [GC (Allocation Failure) [PSYoungGen: 47165K->5120K(59904K)] 442958K->421393K(518656K), 0.0021712 secs] [Times: user=0.00 sys=0.00, real=0.00 secs] 
166.701: [Full GC (Ergonomics) [PSYoungGen: 5120K->0K(59904K)] [ParOldGen: 416273K->77329K(458752K)] 421393K->77329K(518656K), [Metaspace: 2796K->2796K(1056768K)], 0.0066597 secs] [Times: user=0.00 sys=0.00, real=0.01 secs] 
167.915: [GC (Allocation Failure) [PSYoungGen: 53309K->5120K(59904K)] 233038K->195089K(518656K), 0.0013914 secs] [Times: user=0.00 sys=0.00, real=0.00 secs] 
169.551: [GC (Allocation Failure) [PSYoungGen: 48189K->0K(59904K)] 442958K->394769K(518656K), 0.0008776 secs] [Times: user=0.00 sys=0.00, real=0.00 secs] 
169.552: [GC (Allocation Failure) [PSYoungGen: 0K->0K(59904K)] 394769K->394769K(518656K), 0.0009572 secs] [Times: user=0.00 sys=0.00, real=0.00 secs] 
169.553: [Full GC (Allocation Failure) [PSYoungGen: 0K->0K(59904K)] [ParOldGen: 394769K->51729K(458752K)] 394769K->51729K(518656K), [Metaspace: 2796K->2796K(1056768K)], 0.0048296 secs] [Times: user=0.00 sys=0.00, real=0.00 secs] 
170.766: [GC (Allocation Failure) [PSYoungGen: 53309K->5120K(59904K)] 207438K->169489K(518656K), 0.0017446 secs] [Times: user=0.00 sys=0.00, real=0.00 secs] 
171.968: [GC (Allocation Failure) [PSYoungGen: 58429K->5120K(59904K)] 376398K->334353K(518656K), 0.0011845 secs] [Times: user=0.00 sys=0.00, real=0.00 secs] 
172.404: [GC (Allocation Failure) [PSYoungGen: 47165K->5120K(59904K)] 427598K->385553K(518656K), 0.0010984 secs] [Times: user=0.00 sys=0.00, real=0.00 secs] 
172.405: [GC (Allocation Failure) [PSYoungGen: 5120K->5120K(59904K)] 385553K->385553K(518656K), 0.0010864 secs] [Times: user=0.00 sys=0.00, real=0.00 secs] 
172.406: [Full GC (Allocation Failure) [PSYoungGen: 5120K->0K(59904K)] [ParOldGen: 380433K->165393K(458752K)] 385553K->165393K(518656K), [Metaspace: 2796K->2796K(1056768K)], 0.0122338 secs] [Times: user=0.00 sys=0.00, real=0.01 secs] 
174.169: [Full GC (Ergonomics) [PSYoungGen: 50237K->0K(59904K)] [ParOldGen: 421393K->12288K(458752K)] 471630K->12288K(518656K), [Metaspace: 2796K->2796K(1056768K)], 0.0026764 secs] [Times: user=0.00 sys=0.00, real=0.00 secs] 
175.044: [GC (Allocation Failure) [PSYoungGen: 52285K->5120K(59904K)] 64573K->37888K(518656K), 0.0015670 secs] [Times: user=0.00 sys=0.00, real=0.00 secs] 
176.247: [GC (Allocation Failure) [PSYoungGen: 58429K->5120K(59904K)] 244797K->201728K(518656K), 0.0012484 secs] [Times: user=0.00 sys=0.00, real=0.00 secs] 
177.340: [GC (Allocation Failure) [PSYoungGen: 57405K->5120K(59904K)] 254013K->206848K(518656K), 0.0011565 secs] [Times: user=0.00 sys=0.00, real=0.00 secs] 
177.887: [GC (Allocation Failure) [PSYoungGen: 42044K->5120K(59904K)] 243773K->217088K(518656K), 0.0015507 secs] [Times: user=0.00 sys=0.00, real=0.00 secs] 
179.084: [GC (Allocation Failure) [PSYoungGen: 58418K->5120K(59904K)] 423986K->380928K(518656K), 0.0014623 secs] [Times: user=0.00 sys=0.00, real=0.00 secs] 
179.521: [Full GC (Ergonomics) [PSYoungGen: 47158K->0K(59904K)] [ParOldGen: 427008K->113169K(458752K)] 474166K->113169K(518656K), [Metaspace: 2796K->2796K(1056768K)], 0.0090259 secs] [Times: user=0.00 sys=0.00, real=0.01 secs] 
181.724: [GC (Allocation Failure) [PSYoungGen: 50232K->1024K(59904K)] 368202K->324113K(518656K), 0.0008272 secs] [Times: user=0.00 sys=0.00, real=0.00 secs] 
182.378: [GC (Allocation Failure) [PSYoungGen: 53306K->5120K(59904K)] 427595K->380433K(518656K), 0.0009469 secs] [Times: user=0.00 sys=0.00, real=0.00 secs] 
182.379: [GC (Allocation Failure) [PSYoungGen: 5120K->5120K(59904K)] 380433K->380433K(518656K), 0.0008148 secs] [Times: user=0.00 sys=0.00, real=0.00 secs] 
182.380: [Full GC (Allocation Failure) [PSYoungGen: 5120K->0K(59904K)] [ParOldGen: 375313K->57873K(458752K)] 380433K->57873K(518656K), [Metaspace: 2796K->2796K(1056768K)], 0.0051965 secs] [Times: user=0.00 sys=0.00, real=0.00 secs] 
183.598: [GC (Allocation Failure) [PSYoungGen: 53307K->1024K(59904K)] 213580K->181777K(518656K), 0.0015937 secs] [Times: user=0.00 sys=0.00, real=0.00 secs] 
185.017: [GC (Allocation Failure) [PSYoungGen: 49212K->0K(59904K)] 383565K->354833K(518656K), 0.0014346 secs] [Times: user=0.00 sys=0.00, real=0.00 secs] 
185.234: [GC (Allocation Failure) [PSYoungGen: 21564K->0K(59904K)] 427598K->406033K(518656K), 0.0008105 secs] [Times: user=0.00 sys=0.00, real=0.00 secs] 
185.235: [GC (Allocation Failure) [PSYoungGen: 0K->0K(59904K)] 406033K->406033K(518656K), 0.0010288 secs] [Times: user=0.00 sys=0.00, real=0.00 secs] 
185.236: [Full GC (Allocation Failure) [PSYoungGen: 0K->0K(59904K)] [ParOldGen: 406033K->61969K(458752K)] 406033K->61969K(518656K), [Metaspace: 2796K->2796K(1056768K)], 0.0057059 secs] [Times: user=0.05 sys=0.00, real=0.01 secs] 
186.448: [GC (Allocation Failure) [PSYoungGen: 53308K->5120K(59904K)] 217678K->179729K(518656K), 0.0015475 secs] [Times: user=0.00 sys=0.00, real=0.00 secs] 
187.649: [GC (Allocation Failure) [PSYoungGen: 58429K->5120K(59904K)] 386638K->364049K(518656K), 0.0029411 secs] [Times: user=0.00 sys=0.00, real=0.00 secs] 
188.849: [Full GC (Ergonomics) [PSYoungGen: 57405K->0K(59904K)] [ParOldGen: 410129K->6144K(458752K)] 467534K->6144K(518656K), [Metaspace: 2796K->2796K(1056768K)], 0.0021599 secs] [Times: user=0.00 sys=0.00, real=0.00 secs] 
189.831: [GC (Allocation Failure) [PSYoungGen: 53309K->1024K(59904K)] 213053K->160768K(518656K), 0.0007056 secs] [Times: user=0.00 sys=0.00, real=0.00 secs] 
190.706: [GC (Allocation Failure) [PSYoungGen: 53309K->5120K(59904K)] 213053K->175104K(518656K), 0.0016167 secs] [Times: user=0.00 sys=0.00, real=0.00 secs] 
192.452: [GC (Allocation Failure) [PSYoungGen: 58429K->5152K(59904K)] 382013K->328736K(518656K), 0.0010075 secs] [Times: user=0.00 sys=0.00, real=0.00 secs] 
193.545: [GC (Allocation Failure) [PSYoungGen: 58461K->1056K(59904K)] 382045K->345120K(518656K), 0.0020008 secs] [Times: user=0.00 sys=0.00, real=0.00 secs] 
193.765: [GC (Allocation Failure) [PSYoungGen: 22620K->1056K(59904K)] 417885K->396320K(518656K), 0.0014681 secs] [Times: user=0.00 sys=0.00, real=0.00 secs] 
193.767: [GC (Allocation Failure) [PSYoungGen: 1056K->1056K(59904K)] 396320K->396320K(518656K), 0.0012112 secs] [Times: user=0.00 sys=0.00, real=0.00 secs] 
193.768: [Full GC (Allocation Failure) [PSYoungGen: 1056K->0K(59904K)] [ParOldGen: 395264K->62993K(458752K)] 396320K->62993K(518656K), [Metaspace: 2796K->2796K(1056768K)], 0.0056274 secs] [Times: user=0.00 sys=0.00, real=0.01 secs] 
194.979: [GC (Allocation Failure) [PSYoungGen: 53308K->5184K(59904K)] 218702K->191057K(518656K), 0.0018157 secs] [Times: user=0.00 sys=0.00, real=0.00 secs] 
196.399: [GC (Allocation Failure) [PSYoungGen: 48253K->32K(59904K)] 387726K->349745K(518656K), 0.0011958 secs] [Times: user=0.00 sys=0.00, real=0.00 secs] 
196.617: [GC (Allocation Failure) [PSYoungGen: 21597K->32K(59904K)] 422510K->421425K(518656K), 0.0020085 secs] [Times: user=0.00 sys=0.00, real=0.00 secs] 
196.619: [Full GC (Ergonomics) [PSYoungGen: 32K->0K(59904K)] [ParOldGen: 421393K->72209K(458752K)] 421425K->72209K(518656K), [Metaspace: 2796K->2796K(1056768K)], 0.0062740 secs] [Times: user=0.00 sys=0.00, real=0.01 secs] 
197.837: [GC (Allocation Failure) [PSYoungGen: 53309K->5120K(59904K)] 227919K->189969K(518656K), 0.0015971 secs] [Times: user=0.00 sys=0.00, real=0.00 secs] 
199.039: [GC (Allocation Failure) [PSYoungGen: 58429K->5120K(59904K)] 396879K->353809K(518656K), 0.0015162 secs] [Times: user=0.00 sys=0.00, real=0.00 secs] 
199.478: [GC (Allocation Failure) [PSYoungGen: 47165K->0K(59904K)] 447055K->399889K(518656K), 0.0009748 secs] [Times: user=0.00 sys=0.00, real=0.00 secs] 
199.479: [GC (Allocation Failure) [PSYoungGen: 0K->0K(59904K)] 399889K->399889K(518656K), 0.0012315 secs] [Times: user=0.00 sys=0.00, real=0.00 secs] 
199.481: [Full GC (Allocation Failure) [PSYoungGen: 0K->0K(59904K)] [ParOldGen: 399889K->133649K(458752K)] 399889K->133649K(518656K), [Metaspace: 2796K->2796K(1056768K)], 0.0096151 secs] [Times: user=0.00 sys=0.00, real=0.01 secs] 
200.695: [GC (Allocation Failure) [PSYoungGen: 36925K->5120K(59904K)] 272975K->251409K(518656K), 0.0014246 secs] [Times: user=0.00 sys=0.00, real=0.00 secs] 
201.892: [GC (Allocation Failure) [PSYoungGen: 58429K->5120K(59904K)] 458319K->416273K(518656K), 0.0013659 secs] [Times: user=0.00 sys=0.00, real=0.00 secs] 
202.220: [GC (Allocation Failure) [PSYoungGen: 47165K->0K(59904K)] 458319K->431633K(518656K), 0.0021482 secs] [Times: user=0.02 sys=0.00, real=0.00 secs] 
202.222: [Full GC (Ergonomics) [PSYoungGen: 0K->0K(59904K)] [ParOldGen: 431633K->32273K(458752K)] 431633K->32273K(518656K), [Metaspace: 2796K->2796K(1056768K)], 0.0037095 secs] [Times: user=0.00 sys=0.00, real=0.00 secs] 
202.658: [GC (Allocation Failure) [PSYoungGen: 53308K->2048K(59904K)] 187982K->136721K(518656K), 0.0004134 secs] [Times: user=0.00 sys=0.00, real=0.00 secs] 
204.296: [GC (Allocation Failure) [PSYoungGen: 54333K->5120K(59904K)] 189007K->144913K(518656K), 0.0010141 secs] [Times: user=0.00 sys=0.00, real=0.00 secs] 
204.951: [GC (Allocation Failure) [PSYoungGen: 47164K->0K(59904K)] 186958K->160273K(518656K), 0.0013795 secs] [Times: user=0.00 sys=0.00, real=0.00 secs] 
206.152: [GC (Allocation Failure) [PSYoungGen: 53308K->5120K(59904K)] 367182K->324113K(518656K), 0.0010599 secs] [Times: user=0.00 sys=0.00, real=0.00 secs] 
206.590: [GC (Allocation Failure) [PSYoungGen: 47164K->5120K(59904K)] 417358K->395793K(518656K), 0.0022438 secs] [Times: user=0.00 sys=0.00, real=0.00 secs] 
206.592: [GC (Allocation Failure) [PSYoungGen: 5120K->5120K(59904K)] 395793K->395793K(518656K), 0.0009139 secs] [Times: user=0.00 sys=0.00, real=0.00 secs] 
206.593: [Full GC (Allocation Failure) [PSYoungGen: 5120K->0K(59904K)] [ParOldGen: 390673K->92689K(458752K)] 395793K->92689K(518656K), [Metaspace: 2796K->2796K(1056768K)], 0.0075086 secs] [Times: user=0.02 sys=0.00, real=0.01 secs] 
208.571: [GC (Allocation Failure) [PSYoungGen: 50237K->5120K(59904K)] 398927K->353809K(518656K), 0.0008065 secs] [Times: user=0.00 sys=0.00, real=0.00 secs] 
209.224: [GC (Allocation Failure) [PSYoungGen: 47165K->5120K(59904K)] 395855K->364049K(518656K), 0.0016512 secs] [Times: user=0.00 sys=0.00, real=0.00 secs] 
209.441: [GC (Allocation Failure) [PSYoungGen: 26684K->5120K(59904K)] 436814K->415249K(518656K), 0.0008848 secs] [Times: user=0.00 sys=0.00, real=0.00 secs] 
209.441: [GC (Allocation Failure) [PSYoungGen: 5120K->5120K(59904K)] 415249K->415249K(518656K), 0.0009665 secs] [Times: user=0.00 sys=0.00, real=0.00 secs] 
209.442: [Full GC (Allocation Failure) [PSYoungGen: 5120K->0K(59904K)] [ParOldGen: 410129K->108049K(458752K)] 415249K->108049K(518656K), [Metaspace: 2796K->2796K(1056768K)], 0.0085711 secs] [Times: user=0.00 sys=0.00, real=0.01 secs] 
210.661: [GC (Allocation Failure) [PSYoungGen: 53308K->5120K(59904K)] 263758K->225809K(518656K), 0.0014916 secs] [Times: user=0.00 sys=0.00, real=0.00 secs] 
212.077: [GC (Allocation Failure) [PSYoungGen: 57405K->5120K(59904K)] 431694K->389649K(518656K), 0.0015717 secs] [Times: user=0.00 sys=0.00, real=0.00 secs] 
212.292: [Full GC (Ergonomics) [PSYoungGen: 26685K->0K(59904K)] [ParOldGen: 435729K->56849K(458752K)] 462415K->56849K(518656K), [Metaspace: 2796K->2796K(1056768K)], 0.0056282 secs] [Times: user=0.00 sys=0.00, real=0.00 secs] 
213.509: [GC (Allocation Failure) [PSYoungGen: 53309K->1024K(59904K)] 212559K->180753K(518656K), 0.0018627 secs] [Times: user=0.00 sys=0.00, real=0.00 secs] 
214.716: [GC (Allocation Failure) [PSYoungGen: 54333K->5120K(59904K)] 387663K->344593K(518656K), 0.0012963 secs] [Times: user=0.00 sys=0.00, real=0.00 secs] 
216.135: [GC (Allocation Failure) [PSYoungGen: 57405K->5120K(59904K)] 396879K->349713K(518656K), 0.0011403 secs] [Times: user=0.00 sys=0.00, real=0.00 secs] 
216.575: [GC (Allocation Failure) [PSYoungGen: 47165K->5120K(59904K)] 442958K->421393K(518656K), 0.0024370 secs] [Times: user=0.00 sys=0.00, real=0.00 secs] 
216.578: [Full GC (Ergonomics) [PSYoungGen: 5120K->0K(59904K)] [ParOldGen: 416273K->77329K(458752K)] 421393K->77329K(518656K), [Metaspace: 2796K->2796K(1056768K)], 0.0064988 secs] [Times: user=0.00 sys=0.00, real=0.01 secs] 
217.790: [GC (Allocation Failure) [PSYoungGen: 53309K->5120K(59904K)] 233039K->195089K(518656K), 0.0015672 secs] [Times: user=0.00 sys=0.00, real=0.00 secs] 
Heap
 PSYoungGen      total 59904K, used 49275K [0x00000000fc000000, 0x0000000100000000, 0x0000000100000000)
  eden space 54272K, 81% used [0x00000000fc000000,0x00000000feb1ec88,0x00000000ff500000)
  from space 5632K, 90% used [0x00000000ff500000,0x00000000ffa00010,0x00000000ffa80000)
  to   space 5632K, 0% used [0x00000000ffa80000,0x00000000ffa80000,0x0000000100000000)
 ParOldGen       total 458752K, used 343569K [0x00000000e0000000, 0x00000000fc000000, 0x00000000fc000000)
  object space 458752K, 74% used [0x00000000e0000000,0x00000000f4f84750,0x00000000fc000000)
 Metaspace       used 2804K, capacity 4486K, committed 4864K, reserved 1056768K
  class space    used 297K, capacity 386K, committed 512K, reserved 1048576K
