Java HotSpot(TM) 64-Bit Server VM (25.411-b09) for windows-amd64 JRE (1.8.0_411-b09), built on Mar 13 2024 07:26:13 by "java_re" with MS VC++ 17.1 (VS2022)
Memory: 4k page, physical 33403376k(14519848k free), swap 36815128k(6545528k free)
CommandLine flags: -XX:InitialHeapSize=536870912 -XX:MaxHeapSize=536870912 -XX:NewRatio=2 -XX:ParallelGCThreads=6 -XX:+PrintGC -XX:+PrintGCDetails -XX:+PrintGCTimeStamps -XX:+UseCompressedClassPointers -XX:+UseCompressedOops -XX:-UseLargePagesIndividualAllocation -XX:+UseParallelGC 
1.797: [GC (Allocation Failure) [PSYoungGen: 131215K->7832K(153088K)] 233615K->110240K(502784K), 0.0060792 secs] [Times: user=0.00 sys=0.00, real=0.01 secs] 
3.379: [GC (Allocation Failure) [PSYoungGen: 138464K->18024K(153088K)] 343272K->222832K(502784K), 0.0116172 secs] [Times: user=0.00 sys=0.02, real=0.01 secs] 
5.694: [GC (Allocation Failure) [PSYoungGen: 128176K->15944K(153088K)] 332984K->241232K(502784K), 0.0077408 secs] [Times: user=0.02 sys=0.00, real=0.01 secs] 
7.154: [Full GC (Ergonomics) [PSYoungGen: 142767K->0K(153088K)] [ParOldGen: 327688K->41488K(349696K)] 470455K->41488K(502784K), [Metaspace: 2759K->2759K(1056768K)], 0.0140301 secs] [Times: user=0.02 sys=0.00, real=0.01 secs] 
8.585: [GC (Allocation Failure) [PSYoungGen: 89668K->20480K(153088K)] 233557K->164368K(502784K), 0.0026818 secs] [Times: user=0.01 sys=0.00, real=0.00 secs] 
10.009: [GC (Allocation Failure) [PSYoungGen: 145989K->5120K(134144K)] 392278K->323089K(483840K), 0.0070067 secs] [Times: user=0.00 sys=0.00, real=0.01 secs] 
10.016: [Full GC (Ergonomics) [PSYoungGen: 5120K->0K(134144K)] [ParOldGen: 317968K->77328K(349696K)] 323089K->77328K(483840K), [Metaspace: 2761K->2761K(1056768K)], 0.0311613 secs] [Times: user=0.01 sys=0.00, real=0.03 secs] 
11.474: [GC (Allocation Failure) [PSYoungGen: 125449K->25600K(139264K)] 305178K->205328K(488960K), 0.0025463 secs] [Times: user=0.02 sys=0.00, real=0.00 secs] 
12.896: [Full GC (Ergonomics) [PSYoungGen: 130997K->0K(139264K)] [ParOldGen: 282128K->26129K(349696K)] 413126K->26129K(488960K), [Metaspace: 2763K->2763K(1056768K)], 0.0039176 secs] [Times: user=0.03 sys=0.00, real=0.00 secs] 
14.208: [GC (Allocation Failure) [PSYoungGen: 104662K->21504K(133632K)] 233191K->150033K(483328K), 0.0058800 secs] [Times: user=0.00 sys=0.00, real=0.01 secs] 
15.417: [GC (Allocation Failure) [PSYoungGen: 126136K->21504K(141824K)] 357065K->252433K(491520K), 0.0018348 secs] [Times: user=0.00 sys=0.00, real=0.00 secs] 
17.169: [GC (Allocation Failure) [PSYoungGen: 115865K->25600K(134656K)] 346794K->277009K(484352K), 0.0059607 secs] [Times: user=0.00 sys=0.00, real=0.01 secs] 
17.291: [GC (Allocation Failure) [PSYoungGen: 78969K->25600K(138240K)] 330378K->328209K(487936K), 0.0058953 secs] [Times: user=0.02 sys=0.00, real=0.01 secs] 
17.297: [Full GC (Ergonomics) [PSYoungGen: 25600K->0K(138240K)] [ParOldGen: 302609K->77329K(349696K)] 328209K->77329K(487936K), [Metaspace: 2768K->2768K(1056768K)], 0.0076814 secs] [Times: user=0.03 sys=0.00, real=0.01 secs] 
17.528: [GC (Allocation Failure) [PSYoungGen: 103936K->1024K(105472K)] 181265K->78353K(455168K), 0.0039711 secs] [Times: user=0.01 sys=0.00, real=0.00 secs] 
18.636: [GC (Allocation Failure) [PSYoungGen: 75795K->25600K(135680K)] 153124K->102929K(485376K), 0.0029874 secs] [Times: user=0.06 sys=0.02, real=0.00 secs] 
20.940: [Full GC (Ergonomics) [PSYoungGen: 122791K->0K(135680K)] [ParOldGen: 333329K->108049K(349696K)] 456120K->108049K(485376K), [Metaspace: 2779K->2779K(1056768K)], 0.0092949 secs] [Times: user=0.03 sys=0.00, real=0.01 secs] 
22.709: [GC (Allocation Failure) [PSYoungGen: 95149K->21504K(136704K)] 356798K->283153K(486400K), 0.0017607 secs] [Times: user=0.00 sys=0.00, real=0.00 secs] 
23.040: [GC (Allocation Failure) [PSYoungGen: 105393K->11264K(137728K)] 367042K->324113K(487424K), 0.0081942 secs] [Times: user=0.00 sys=0.00, real=0.01 secs] 
23.048: [Full GC (Ergonomics) [PSYoungGen: 11264K->0K(137728K)] [ParOldGen: 312849K->165393K(349696K)] 324113K->165393K(487424K), [Metaspace: 2779K->2779K(1056768K)], 0.0059466 secs] [Times: user=0.00 sys=0.00, real=0.01 secs] 
24.484: [GC (Allocation Failure) [PSYoungGen: 100298K->10240K(137216K)] 368091K->329233K(486912K), 0.0058676 secs] [Times: user=0.00 sys=0.00, real=0.01 secs] 
24.490: [Full GC (Ergonomics) [PSYoungGen: 10240K->0K(137216K)] [ParOldGen: 318993K->61969K(349696K)] 329233K->61969K(486912K), [Metaspace: 2779K->2779K(1056768K)], 0.0060770 secs] [Times: user=0.02 sys=0.00, real=0.01 secs] 
26.693: [Full GC (Ergonomics) [PSYoungGen: 97231K->0K(137216K)] [ParOldGen: 317969K->36369K(349696K)] 415200K->36369K(486912K), [Metaspace: 2780K->2780K(1056768K)], 0.0168230 secs] [Times: user=0.08 sys=0.00, real=0.02 secs] 
28.564: [GC (Allocation Failure) [PSYoungGen: 99705K->15392K(140288K)] 136075K->51769K(489984K), 0.0018931 secs] [Times: user=0.00 sys=0.00, real=0.00 secs] 
29.657: [GC (Allocation Failure) [PSYoungGen: 116822K->15392K(138752K)] 255599K->205369K(488448K), 0.0060285 secs] [Times: user=0.02 sys=0.00, real=0.01 secs] 
30.533: [Full GC (Ergonomics) [PSYoungGen: 114752K->0K(138752K)] [ParOldGen: 292377K->165393K(349696K)] 407129K->165393K(488448K), [Metaspace: 2794K->2794K(1056768K)], 0.0123311 secs] [Times: user=0.01 sys=0.00, real=0.01 secs] 
32.965: [Full GC (Ergonomics) [PSYoungGen: 101446K->0K(138752K)] [ParOldGen: 267793K->27648K(349696K)] 369239K->27648K(488448K), [Metaspace: 2794K->2794K(1056768K)], 0.0040567 secs] [Times: user=0.00 sys=0.00, real=0.01 secs] 
34.171: [GC (Allocation Failure) [PSYoungGen: 94245K->21504K(141824K)] 224293K->151552K(491520K), 0.0015277 secs] [Times: user=0.00 sys=0.00, real=0.00 secs] 
35.600: [GC (Allocation Failure) [PSYoungGen: 120962K->10240K(141824K)] 353410K->242688K(491520K), 0.0012808 secs] [Times: user=0.00 sys=0.00, real=0.00 secs] 
36.696: [Full GC (Ergonomics) [PSYoungGen: 114819K->0K(141824K)] [ParOldGen: 334848K->21504K(349696K)] 449667K->21504K(491520K), [Metaspace: 2794K->2794K(1056768K)], 0.0043942 secs] [Times: user=0.09 sys=0.00, real=0.00 secs] 
37.680: [GC (Allocation Failure) [PSYoungGen: 104580K->21504K(141824K)] 228484K->145408K(491520K), 0.0022070 secs] [Times: user=0.00 sys=0.00, real=0.00 secs] 
38.667: [GC (Allocation Failure) [PSYoungGen: 95364K->25600K(133632K)] 219268K->169984K(483328K), 0.0040714 secs] [Times: user=0.01 sys=0.00, real=0.00 secs] 
39.987: [GC (Allocation Failure) [PSYoungGen: 119908K->15360K(141312K)] 264293K->159744K(491008K), 0.0017104 secs] [Times: user=0.00 sys=0.00, real=0.00 secs] 
41.188: [GC (Allocation Failure) [PSYoungGen: 119871K->10240K(139776K)] 366656K->262144K(489472K), 0.0014960 secs] [Times: user=0.05 sys=0.00, real=0.00 secs] 
41.631: [GC (Allocation Failure) [PSYoungGen: 104518K->5120K(140800K)] 356422K->308224K(490496K), 0.0091658 secs] [Times: user=0.02 sys=0.00, real=0.01 secs] 
41.640: [Full GC (Ergonomics) [PSYoungGen: 5120K->0K(140800K)] [ParOldGen: 303104K->164369K(349696K)] 308224K->164369K(490496K), [Metaspace: 2794K->2794K(1056768K)], 0.0234737 secs] [Times: user=0.01 sys=0.00, real=0.02 secs] 
42.004: [GC (Allocation Failure) [PSYoungGen: 104552K->2048K(110592K)] 268921K->166417K(460288K), 0.0017854 secs] [Times: user=0.00 sys=0.00, real=0.00 secs] 
44.423: [GC (Allocation Failure) [PSYoungGen: 106587K->31744K(131584K)] 270957K->196113K(481280K), 0.0029116 secs] [Times: user=0.02 sys=0.00, real=0.00 secs] 
45.628: [GC (Allocation Failure) [PSYoungGen: 126871K->15360K(136192K)] 393640K->293393K(485888K), 0.0032447 secs] [Times: user=0.00 sys=0.00, real=0.00 secs] 
45.632: [Full GC (Ergonomics) [PSYoungGen: 15360K->0K(136192K)] [ParOldGen: 278033K->27153K(349696K)] 293393K->27153K(485888K), [Metaspace: 2795K->2795K(1056768K)], 0.0037231 secs] [Times: user=0.03 sys=0.00, real=0.00 secs] 
47.060: [GC (Allocation Failure) [PSYoungGen: 95131K->5120K(138240K)] 224684K->134673K(487936K), 0.0008514 secs] [Times: user=0.00 sys=0.00, real=0.00 secs] 
48.042: [GC (Allocation Failure) [PSYoungGen: 105456K->30720K(132096K)] 337409K->262673K(481792K), 0.0032770 secs] [Times: user=0.00 sys=0.00, real=0.00 secs] 
48.803: [Full GC (Ergonomics) [PSYoungGen: 89053K->0K(132096K)] [ParOldGen: 283153K->77329K(349696K)] 372207K->77329K(481792K), [Metaspace: 2795K->2795K(1056768K)], 0.0075252 secs] [Times: user=0.01 sys=0.00, real=0.01 secs] 
51.334: [Full GC (Ergonomics) [PSYoungGen: 100319K->0K(132096K)] [ParOldGen: 333329K->16384K(349696K)] 433648K->16384K(481792K), [Metaspace: 2795K->2795K(1056768K)], 0.0037385 secs] [Times: user=0.00 sys=0.00, real=0.00 secs] 
52.322: [GC (Allocation Failure) [PSYoungGen: 100319K->6144K(135168K)] 219103K->124928K(484864K), 0.0008816 secs] [Times: user=0.00 sys=0.00, real=0.00 secs] 
54.068: [GC (Allocation Failure) [PSYoungGen: 96111K->11264K(134656K)] 368496K->284672K(484352K), 0.0014446 secs] [Times: user=0.02 sys=0.00, real=0.00 secs] 
55.938: [Full GC (Ergonomics) [PSYoungGen: 95088K->0K(134656K)] [ParOldGen: 324608K->67089K(349696K)] 419696K->67089K(484352K), [Metaspace: 2795K->2795K(1056768K)], 0.0063083 secs] [Times: user=0.00 sys=0.00, real=0.01 secs] 
58.581: [Full GC (Ergonomics) [PSYoungGen: 92016K->0K(134656K)] [ParOldGen: 323089K->6144K(349696K)] 415105K->6144K(484352K), [Metaspace: 2796K->2796K(1056768K)], 0.0023909 secs] [Times: user=0.00 sys=0.00, real=0.00 secs] 
59.565: [GC (Allocation Failure) [PSYoungGen: 95088K->10240K(138240K)] 203632K->169984K(487936K), 0.0052792 secs] [Times: user=0.03 sys=0.00, real=0.00 secs] 
61.325: [Full GC (Ergonomics) [PSYoungGen: 105431K->0K(138240K)] [ParOldGen: 313344K->174609K(349696K)] 418775K->174609K(487936K), [Metaspace: 2796K->2796K(1056768K)], 0.0137276 secs] [Times: user=0.05 sys=0.00, real=0.01 secs] 
62.660: [Full GC (Ergonomics) [PSYoungGen: 94167K->0K(138240K)] [ParOldGen: 277009K->6144K(349696K)] 371176K->6144K(487936K), [Metaspace: 2796K->2796K(1056768K)], 0.0022758 secs] [Times: user=0.00 sys=0.00, real=0.00 secs] 
63.538: [GC (Allocation Failure) [PSYoungGen: 100311K->6144K(136704K)] 208855K->114688K(486400K), 0.0011648 secs] [Times: user=0.00 sys=0.00, real=0.00 secs] 
65.506: [GC (Allocation Failure) [PSYoungGen: 106455K->21504K(137216K)] 368599K->283648K(486912K), 0.0039608 secs] [Times: user=0.02 sys=0.00, real=0.00 secs] 
67.371: [Full GC (Ergonomics) [PSYoungGen: 115701K->0K(137216K)] [ParOldGen: 313344K->77329K(349696K)] 429046K->77329K(486912K), [Metaspace: 2796K->2796K(1056768K)], 0.0071191 secs] [Times: user=0.01 sys=0.00, real=0.01 secs] 
70.128: [Full GC (Ergonomics) [PSYoungGen: 97269K->0K(137216K)] [ParOldGen: 333329K->6144K(349696K)] 430599K->6144K(486912K), [Metaspace: 2796K->2796K(1056768K)], 0.0023599 secs] [Times: user=0.00 sys=0.00, real=0.00 secs] 
71.336: [GC (Allocation Failure) [PSYoungGen: 95221K->15360K(138240K)] 203765K->123904K(487936K), 0.0015854 secs] [Times: user=0.02 sys=0.00, real=0.00 secs] 
72.319: [GC (Allocation Failure) [PSYoungGen: 115701K->11264K(141312K)] 326645K->222208K(491008K), 0.0010920 secs] [Times: user=0.00 sys=0.00, real=0.00 secs] 
72.975: [GC (Allocation Failure) [PSYoungGen: 69724K->31744K(137728K)] 280668K->242688K(487424K), 0.0027771 secs] [Times: user=0.00 sys=0.00, real=0.00 secs] 
74.394: [Full GC (Ergonomics) [PSYoungGen: 131119K->0K(137728K)] [ParOldGen: 313344K->31744K(349696K)] 444463K->31744K(487424K), [Metaspace: 2796K->2796K(1056768K)], 0.0045478 secs] [Times: user=0.00 sys=0.00, real=0.00 secs] 
75.714: [GC (Allocation Failure) [PSYoungGen: 104500K->25600K(132096K)] 238644K->159744K(481792K), 0.0038610 secs] [Times: user=0.00 sys=0.00, real=0.00 secs] 
76.703: [GC (Allocation Failure) [PSYoungGen: 120714K->25600K(121344K)] 357258K->262144K(471040K), 0.0084545 secs] [Times: user=0.02 sys=0.00, real=0.01 secs] 
78.465: [GC (Allocation Failure) [PSYoungGen: 114541K->15360K(136192K)] 351085K->251904K(485888K), 0.0015875 secs] [Times: user=0.00 sys=0.00, real=0.00 secs] 
79.352: [Full GC (Ergonomics) [PSYoungGen: 110460K->0K(136192K)] [ParOldGen: 338944K->62464K(349696K)] 449404K->62464K(485888K), [Metaspace: 2796K->2796K(1056768K)], 0.0164994 secs] [Times: user=0.03 sys=0.00, real=0.02 secs] 
81.998: [Full GC (Ergonomics) [PSYoungGen: 92031K->0K(136192K)] [ParOldGen: 318464K->2577K(349696K)] 410495K->2577K(485888K), [Metaspace: 2796K->2796K(1056768K)], 0.0022147 secs] [Times: user=0.00 sys=0.00, real=0.00 secs] 
83.855: [GC (Allocation Failure) [PSYoungGen: 95105K->11264K(134656K)] 251282K->167441K(484352K), 0.0014620 secs] [Times: user=0.02 sys=0.00, real=0.00 secs] 
85.715: [Full GC (Ergonomics) [PSYoungGen: 91010K->0K(134656K)] [ParOldGen: 309777K->11264K(349696K)] 400788K->11264K(484352K), [Metaspace: 2796K->2796K(1056768K)], 0.0026782 secs] [Times: user=0.00 sys=0.00, real=0.00 secs] 
86.717: [GC (Allocation Failure) [PSYoungGen: 95107K->10240K(138240K)] 208771K->123904K(487936K), 0.0090147 secs] [Times: user=0.00 sys=0.00, real=0.01 secs] 
88.467: [GC (Allocation Failure) [PSYoungGen: 105440K->35840K(135680K)] 372704K->308224K(485376K), 0.0032006 secs] [Times: user=0.00 sys=0.00, real=0.00 secs] 
89.669: [GC (Allocation Failure) [PSYoungGen: 135106K->10240K(130048K)] 407490K->282624K(479744K), 0.0014137 secs] [Times: user=0.03 sys=0.00, real=0.00 secs] 
90.217: [Full GC (Ergonomics) [PSYoungGen: 58166K->0K(130048K)] [ParOldGen: 323584K->56849K(349696K)] 381750K->56849K(479744K), [Metaspace: 2796K->2796K(1056768K)], 0.0058202 secs] [Times: user=0.00 sys=0.00, real=0.00 secs] 
92.317: [Full GC (Ergonomics) [PSYoungGen: 91961K->0K(130048K)] [ParOldGen: 312849K->119313K(349696K)] 404810K->119313K(479744K), [Metaspace: 2796K->2796K(1056768K)], 0.0104287 secs] [Times: user=0.05 sys=0.00, real=0.01 secs] 
94.837: [GC (Allocation Failure) [PSYoungGen: 91962K->12288K(133632K)] 364876K->285201K(483328K), 0.0057635 secs] [Times: user=0.00 sys=0.00, real=0.01 secs] 
95.936: [Full GC (Ergonomics) [PSYoungGen: 85819K->0K(133632K)] [ParOldGen: 324113K->78353K(349696K)] 409933K->78353K(483328K), [Metaspace: 2796K->2796K(1056768K)], 0.0109589 secs] [Times: user=0.00 sys=0.00, real=0.01 secs] 
98.474: [Full GC (Ergonomics) [PSYoungGen: 86844K->0K(133632K)] [ParOldGen: 334353K->36864K(349696K)] 421197K->36864K(483328K), [Metaspace: 2796K->2796K(1056768K)], 0.0048230 secs] [Times: user=0.01 sys=0.00, real=0.00 secs] 
99.243: [GC (Allocation Failure) [PSYoungGen: 89916K->5120K(135680K)] 229180K->195584K(485376K), 0.0050805 secs] [Times: user=0.00 sys=0.00, real=0.00 secs] 
101.331: [Full GC (Ergonomics) [PSYoungGen: 99204K->0K(135680K)] [ParOldGen: 344064K->16384K(349696K)] 443268K->16384K(485376K), [Metaspace: 2796K->2796K(1056768K)], 0.0029468 secs] [Times: user=0.00 sys=0.00, real=0.00 secs] 
102.207: [GC (Allocation Failure) [PSYoungGen: 95108K->6144K(135168K)] 213892K->124928K(484864K), 0.0007150 secs] [Times: user=0.00 sys=0.00, real=0.00 secs] 
104.066: [GC (Allocation Failure) [PSYoungGen: 101253K->12288K(138240K)] 373637K->284672K(487936K), 0.0011696 secs] [Times: user=0.00 sys=0.00, real=0.00 secs] 
105.930: [Full GC (Ergonomics) [PSYoungGen: 96204K->0K(138240K)] [ParOldGen: 323584K->67089K(349696K)] 419788K->67089K(487936K), [Metaspace: 2796K->2796K(1056768K)], 0.0067148 secs] [Times: user=0.02 sys=0.00, real=0.01 secs] 
108.563: [Full GC (Ergonomics) [PSYoungGen: 92108K->0K(138240K)] [ParOldGen: 323089K->6144K(349696K)] 415198K->6144K(487936K), [Metaspace: 2796K->2796K(1056768K)], 0.0030373 secs] [Times: user=0.00 sys=0.00, real=0.00 secs] 
109.546: [GC (Allocation Failure) [PSYoungGen: 95180K->10240K(136192K)] 203724K->169984K(485888K), 0.0048240 secs] [Times: user=0.02 sys=0.00, real=0.00 secs] 
111.300: [Full GC (Ergonomics) [PSYoungGen: 105420K->0K(136192K)] [ParOldGen: 313344K->174609K(349696K)] 418765K->174609K(485888K), [Metaspace: 2796K->2796K(1056768K)], 0.0138598 secs] [Times: user=0.05 sys=0.00, real=0.01 secs] 
112.630: [GC (Allocation Failure) [PSYoungGen: 94156K->10240K(140800K)] 371166K->287249K(490496K), 0.0082539 secs] [Times: user=0.01 sys=0.00, real=0.01 secs] 
113.069: [GC (Allocation Failure) [PSYoungGen: 104519K->5120K(139776K)] 381529K->333329K(489472K), 0.0049039 secs] [Times: user=0.02 sys=0.00, real=0.00 secs] 
113.074: [Full GC (Ergonomics) [PSYoungGen: 5120K->0K(139776K)] [ParOldGen: 328209K->56849K(349696K)] 333329K->56849K(489472K), [Metaspace: 2796K->2796K(1056768K)], 0.0056589 secs] [Times: user=0.02 sys=0.00, real=0.01 secs] 
113.413: [GC (Allocation Failure) [PSYoungGen: 104511K->2048K(141824K)] 161360K->58897K(491520K), 0.0008049 secs] [Times: user=0.00 sys=0.00, real=0.00 secs] 
114.395: [GC (Allocation Failure) [PSYoungGen: 75877K->31744K(138752K)] 132727K->88593K(488448K), 0.0054609 secs] [Times: user=0.00 sys=0.00, real=0.00 secs] 
116.263: [GC (Allocation Failure) [PSYoungGen: 136259K->10240K(135680K)] 295509K->169489K(485376K), 0.0012284 secs] [Times: user=0.00 sys=0.00, real=0.00 secs] 
118.247: [Full GC (Ergonomics) [PSYoungGen: 110573K->0K(135680K)] [ParOldGen: 312849K->36864K(349696K)] 423422K->36864K(485376K), [Metaspace: 2796K->2796K(1056768K)], 0.0053154 secs] [Times: user=0.00 sys=0.00, real=0.00 secs] 
119.120: [GC (Allocation Failure) [PSYoungGen: 100336K->1024K(138240K)] 239600K->191488K(487936K), 0.0051870 secs] [Times: user=0.02 sys=0.00, real=0.00 secs] 
121.088: [Full GC (Ergonomics) [PSYoungGen: 101362K->0K(138240K)] [ParOldGen: 292864K->108049K(349696K)] 394226K->108049K(487936K), [Metaspace: 2796K->2796K(1056768K)], 0.0095477 secs] [Times: user=0.01 sys=0.00, real=0.01 secs] 
121.981: [GC (Allocation Failure) [PSYoungGen: 100339K->2048K(138752K)] 310788K->212497K(488448K), 0.0004951 secs] [Times: user=0.00 sys=0.00, real=0.00 secs] 
123.074: [GC (Allocation Failure) [PSYoungGen: 75774K->6144K(138240K)] 337423K->267793K(487936K), 0.0009032 secs] [Times: user=0.00 sys=0.00, real=0.00 secs] 
123.075: [GC (Allocation Failure) [PSYoungGen: 6144K->6144K(142336K)] 267793K->267793K(492032K), 0.0007676 secs] [Times: user=0.00 sys=0.00, real=0.00 secs] 
123.076: [Full GC (Allocation Failure) [PSYoungGen: 6144K->0K(142336K)] [ParOldGen: 261649K->165393K(349696K)] 267793K->165393K(492032K), [Metaspace: 2796K->2796K(1056768K)], 0.0190708 secs] [Times: user=0.09 sys=0.02, real=0.02 secs] 
123.968: [GC (Allocation Failure) [PSYoungGen: 104569K->1024K(140800K)] 269963K->166417K(490496K), 0.0006842 secs] [Times: user=0.00 sys=0.00, real=0.00 secs] 
124.955: [GC (Allocation Failure) [PSYoungGen: 105578K->20480K(138752K)] 373371K->288273K(488448K), 0.0049415 secs] [Times: user=0.00 sys=0.00, real=0.00 secs] 
125.832: [GC (Allocation Failure) [PSYoungGen: 89169K->30720K(138240K)] 356963K->313873K(487936K), 0.0035901 secs] [Times: user=0.00 sys=0.00, real=0.00 secs] 
125.836: [Full GC (Ergonomics) [PSYoungGen: 30720K->0K(138240K)] [ParOldGen: 283153K->46609K(349696K)] 313873K->46609K(487936K), [Metaspace: 2796K->2796K(1056768K)], 0.0051462 secs] [Times: user=0.03 sys=0.00, real=0.00 secs] 
127.148: [GC (Allocation Failure) [PSYoungGen: 104532K->15360K(136192K)] 253541K->164369K(485888K), 0.0016057 secs] [Times: user=0.02 sys=0.00, real=0.00 secs] 
129.226: [Full GC (Ergonomics) [PSYoungGen: 110536K->0K(136192K)] [ParOldGen: 302609K->61969K(349696K)] 413145K->61969K(485888K), [Metaspace: 2796K->2796K(1056768K)], 0.0078704 secs] [Times: user=0.03 sys=0.00, real=0.01 secs] 
131.972: [Full GC (Ergonomics) [PSYoungGen: 97226K->0K(136192K)] [ParOldGen: 317969K->3072K(349696K)] 415195K->3072K(485888K), [Metaspace: 2796K->2796K(1056768K)], 0.0018253 secs] [Times: user=0.00 sys=0.00, real=0.00 secs] 
133.829: [GC (Allocation Failure) [PSYoungGen: 95179K->11264K(137216K)] 251851K->167936K(486912K), 0.0036319 secs] [Times: user=0.00 sys=0.00, real=0.00 secs] 
135.693: [Full GC (Ergonomics) [PSYoungGen: 91083K->0K(137216K)] [ParOldGen: 310272K->11264K(349696K)] 401355K->11264K(486912K), [Metaspace: 2796K->2796K(1056768K)], 0.0027847 secs] [Times: user=0.02 sys=0.00, real=0.00 secs] 
136.695: [GC (Allocation Failure) [PSYoungGen: 95180K->10240K(141312K)] 208844K->123904K(491008K), 0.0022147 secs] [Times: user=0.02 sys=0.00, real=0.00 secs] 
137.677: [GC (Allocation Failure) [PSYoungGen: 114759K->21504K(139264K)] 330823K->242688K(488960K), 0.0024595 secs] [Times: user=0.00 sys=0.00, real=0.00 secs] 
138.657: [GC (Allocation Failure) [PSYoungGen: 95303K->25600K(134656K)] 316487K->267264K(484352K), 0.0034160 secs] [Times: user=0.00 sys=0.00, real=0.00 secs] 
139.970: [GC (Allocation Failure) [PSYoungGen: 119756K->15360K(137216K)] 361420K->257024K(486912K), 0.0028201 secs] [Times: user=0.00 sys=0.00, real=0.00 secs] 
140.952: [Full GC (Ergonomics) [PSYoungGen: 110525K->0K(137216K)] [ParOldGen: 344064K->113169K(349696K)] 454589K->113169K(486912K), [Metaspace: 2796K->2796K(1056768K)], 0.0098120 secs] [Times: user=0.03 sys=0.00, real=0.01 secs] 
143.599: [GC (Allocation Failure) [PSYoungGen: 97219K->6144K(139776K)] 363988K->272913K(489472K), 0.0009084 secs] [Times: user=0.02 sys=0.00, real=0.00 secs] 
144.364: [GC (Allocation Failure) [PSYoungGen: 69666K->30720K(135680K)] 336435K->298513K(485376K), 0.0060080 secs] [Times: user=0.00 sys=0.00, real=0.01 secs] 
144.489: [GC (Allocation Failure) [PSYoungGen: 83992K->0K(135680K)] 351785K->329233K(485376K), 0.0056816 secs] [Times: user=0.02 sys=0.00, real=0.01 secs] 
144.495: [Full GC (Ergonomics) [PSYoungGen: 0K->0K(135680K)] [ParOldGen: 329233K->62993K(349696K)] 329233K->62993K(485376K), [Metaspace: 2796K->2796K(1056768K)], 0.0059640 secs] [Times: user=0.02 sys=0.00, real=0.01 secs] 
147.018: [Full GC (Ergonomics) [PSYoungGen: 86891K->0K(135680K)] [ParOldGen: 318993K->6144K(349696K)] 405884K->6144K(485376K), [Metaspace: 2796K->2796K(1056768K)], 0.0022719 secs] [Times: user=0.00 sys=0.00, real=0.00 secs] 
147.886: [GC (Allocation Failure) [PSYoungGen: 95095K->25600K(122880K)] 203639K->134144K(472576K), 0.0024377 secs] [Times: user=0.00 sys=0.00, real=0.00 secs] 
149.738: [GC (Allocation Failure) [PSYoungGen: 120704K->15360K(136192K)] 382848K->297984K(485888K), 0.0031572 secs] [Times: user=0.00 sys=0.00, real=0.00 secs] 
149.742: [Full GC (Ergonomics) [PSYoungGen: 15360K->0K(136192K)] [ParOldGen: 282624K->87569K(349696K)] 297984K->87569K(485888K), [Metaspace: 2796K->2796K(1056768K)], 0.0088684 secs] [Times: user=0.06 sys=0.00, real=0.01 secs] 
150.854: [GC (Allocation Failure) [PSYoungGen: 94054K->0K(133632K)] 284024K->189969K(483328K), 0.0011196 secs] [Times: user=0.00 sys=0.00, real=0.00 secs] 
152.607: [Full GC (Ergonomics) [PSYoungGen: 89962K->0K(133632K)] [ParOldGen: 343569K->12288K(349696K)] 433531K->12288K(483328K), [Metaspace: 2796K->2796K(1056768K)], 0.0059634 secs] [Times: user=0.05 sys=0.00, real=0.01 secs] 
153.373: [GC (Allocation Failure) [PSYoungGen: 95084K->2048K(136192K)] 209772K->116736K(485888K), 0.0003695 secs] [Times: user=0.00 sys=0.00, real=0.00 secs] 
155.670: [GC (Allocation Failure) [PSYoungGen: 96151K->25600K(121856K)] 210839K->140288K(471552K), 0.0021878 secs] [Times: user=0.00 sys=0.00, real=0.00 secs] 
156.653: [GC (Allocation Failure) [PSYoungGen: 120690K->10240K(136192K)] 337778K->242688K(485888K), 0.0030320 secs] [Times: user=0.00 sys=0.00, real=0.00 secs] 
157.308: [GC (Allocation Failure) [PSYoungGen: 63349K->20480K(134144K)] 346997K->309248K(483840K), 0.0023481 secs] [Times: user=0.02 sys=0.00, real=0.00 secs] 
157.311: [GC (Allocation Failure) [PSYoungGen: 20480K->0K(136192K)] 309248K->309248K(485888K), 0.0021613 secs] [Times: user=0.00 sys=0.00, real=0.00 secs] 
157.313: [Full GC (Allocation Failure) [PSYoungGen: 0K->0K(136192K)] [ParOldGen: 309248K->92689K(349696K)] 309248K->92689K(485888K), [Metaspace: 2796K->2796K(1056768K)], 0.0084594 secs] [Times: user=0.03 sys=0.00, real=0.01 secs] 
159.187: [Full GC (Ergonomics) [PSYoungGen: 97184K->0K(136192K)] [ParOldGen: 297489K->57344K(349696K)] 394673K->57344K(485888K), [Metaspace: 2796K->2796K(1056768K)], 0.0190623 secs] [Times: user=0.02 sys=0.00, real=0.02 secs] 
161.079: [GC (Allocation Failure) [PSYoungGen: 95137K->15360K(136192K)] 306081K->226304K(485888K), 0.0013158 secs] [Times: user=0.00 sys=0.00, real=0.00 secs] 
161.626: [GC (Allocation Failure) [PSYoungGen: 63394K->0K(137728K)] 325538K->272384K(487424K), 0.0064974 secs] [Times: user=0.00 sys=0.00, real=0.01 secs] 
161.633: [GC (Allocation Failure) [PSYoungGen: 0K->0K(137728K)] 272384K->272384K(487424K), 0.0010443 secs] [Times: user=0.01 sys=0.00, real=0.00 secs] 
161.634: [Full GC (Allocation Failure) [PSYoungGen: 0K->0K(137728K)] [ParOldGen: 272384K->216064K(349696K)] 272384K->216064K(487424K), [Metaspace: 2796K->2796K(1056768K)], 0.0146925 secs] [Times: user=0.05 sys=0.00, real=0.02 secs] 
162.973: [Full GC (Ergonomics) [PSYoungGen: 53215K->0K(137728K)] [ParOldGen: 318464K->26624K(349696K)] 371679K->26624K(487424K), [Metaspace: 2796K->2796K(1056768K)], 0.0034643 secs] [Times: user=0.02 sys=0.00, real=0.00 secs] 
164.174: [GC (Allocation Failure) [PSYoungGen: 95200K->21504K(135168K)] 224224K->150528K(484864K), 0.0015236 secs] [Times: user=0.02 sys=0.00, real=0.00 secs] 
165.049: [GC (Allocation Failure) [PSYoungGen: 116663K->10240K(136704K)] 348087K->252928K(486400K), 0.0018903 secs] [Times: user=0.02 sys=0.00, real=0.00 secs] 
167.133: [GC (Allocation Failure) [PSYoungGen: 104376K->15360K(140288K)] 347064K->258048K(489984K), 0.0019676 secs] [Times: user=0.03 sys=0.00, real=0.00 secs] 
168.341: [Full GC (Ergonomics) [PSYoungGen: 119851K->0K(140288K)] [ParOldGen: 345088K->36864K(349696K)] 464939K->36864K(489984K), [Metaspace: 2796K->2796K(1056768K)], 0.0048511 secs] [Times: user=0.02 sys=0.00, real=0.01 secs] 
169.327: [GC (Allocation Failure) [PSYoungGen: 104494K->5120K(139264K)] 243758K->195584K(488960K), 0.0057882 secs] [Times: user=0.02 sys=0.00, real=0.01 secs] 
171.293: [Full GC (Ergonomics) [PSYoungGen: 109616K->0K(139264K)] [ParOldGen: 292864K->118289K(349696K)] 402480K->118289K(488960K), [Metaspace: 2796K->2796K(1056768K)], 0.0104545 secs] [Times: user=0.03 sys=0.00, real=0.01 secs] 
172.407: [GC (Allocation Failure) [PSYoungGen: 104497K->6144K(142336K)] 325186K->226833K(492032K), 0.0007879 secs] [Times: user=0.00 sys=0.00, real=0.00 secs] 
173.941: [Full GC (Ergonomics) [PSYoungGen: 110723K->0K(142336K)] [ParOldGen: 323089K->2048K(349696K)] 433813K->2048K(492032K), [Metaspace: 2796K->2796K(1056768K)], 0.0020816 secs] [Times: user=0.00 sys=0.00, real=0.00 secs] 
174.924: [GC (Allocation Failure) [PSYoungGen: 104580K->20480K(130048K)] 209028K->124928K(479744K), 0.0016216 secs] [Times: user=0.00 sys=0.00, real=0.00 secs] 
175.803: [GC (Allocation Failure) [PSYoungGen: 89220K->30720K(131584K)] 193668K->150528K(481280K), 0.0033297 secs] [Times: user=0.05 sys=0.00, real=0.00 secs] 
177.029: [GC (Allocation Failure) [PSYoungGen: 125858K->15360K(136192K)] 348066K->247808K(485888K), 0.0022059 secs] [Times: user=0.00 sys=0.00, real=0.00 secs] 
178.560: [GC (Allocation Failure) [PSYoungGen: 94114K->15360K(139776K)] 326563K->247808K(489472K), 0.0014498 secs] [Times: user=0.01 sys=0.01, real=0.00 secs] 
179.656: [Full GC (Ergonomics) [PSYoungGen: 115713K->0K(139776K)] [ParOldGen: 334848K->67584K(349696K)] 450561K->67584K(489472K), [Metaspace: 2796K->2796K(1056768K)], 0.0061684 secs] [Times: user=0.08 sys=0.00, real=0.01 secs] 
180.530: [GC (Allocation Failure) [PSYoungGen: 99332K->1024K(137728K)] 269316K->171008K(487424K), 0.0008557 secs] [Times: user=0.01 sys=0.00, real=0.00 secs] 
182.936: [GC (Allocation Failure) [PSYoungGen: 102412K->26624K(134144K)] 374797K->299008K(483840K), 0.0031146 secs] [Times: user=0.00 sys=0.00, real=0.00 secs] 
183.044: [GC (Allocation Failure) [PSYoungGen: 79797K->0K(136704K)] 352182K->329728K(486400K), 0.0052665 secs] [Times: user=0.01 sys=0.00, real=0.00 secs] 
183.050: [Full GC (Ergonomics) [PSYoungGen: 0K->0K(136704K)] [ParOldGen: 329728K->57873K(349696K)] 329728K->57873K(486400K), [Metaspace: 2796K->2796K(1056768K)], 0.0060666 secs] [Times: user=0.00 sys=0.00, real=0.01 secs] 
185.579: [Full GC (Ergonomics) [PSYoungGen: 92086K->0K(136704K)] [ParOldGen: 313873K->11264K(349696K)] 405960K->11264K(486400K), [Metaspace: 2796K->2796K(1056768K)], 0.0024145 secs] [Times: user=0.00 sys=0.00, real=0.00 secs] 
186.455: [GC (Allocation Failure) [PSYoungGen: 95159K->20480K(135680K)] 208823K->134144K(485376K), 0.0020437 secs] [Times: user=0.00 sys=0.00, real=0.00 secs] 
188.318: [GC (Allocation Failure) [PSYoungGen: 115619K->30720K(129024K)] 382883K->313344K(478720K), 0.0036326 secs] [Times: user=0.02 sys=0.00, real=0.00 secs] 
189.302: [GC (Allocation Failure) [PSYoungGen: 124835K->0K(132096K)] 407459K->333824K(481792K), 0.0057855 secs] [Times: user=0.01 sys=0.00, real=0.00 secs] 
189.308: [Full GC (Ergonomics) [PSYoungGen: 0K->0K(132096K)] [ParOldGen: 333824K->51729K(349696K)] 333824K->51729K(481792K), [Metaspace: 2796K->2796K(1056768K)], 0.0057873 secs] [Times: user=0.05 sys=0.00, real=0.01 secs] 
190.966: [GC (Allocation Failure) [PSYoungGen: 84729K->10240K(132096K)] 290059K->215569K(481792K), 0.0011660 secs] [Times: user=0.00 sys=0.00, real=0.00 secs] 
191.625: [GC (Allocation Failure) [PSYoungGen: 63227K->5120K(135680K)] 319757K->266769K(485376K), 0.0013095 secs] [Times: user=0.00 sys=0.00, real=0.00 secs] 
191.626: [GC (Allocation Failure) [PSYoungGen: 5120K->0K(134656K)] 266769K->266769K(484352K), 0.0018921 secs] [Times: user=0.00 sys=0.00, real=0.00 secs] 
191.628: [Full GC (Allocation Failure) [PSYoungGen: 0K->0K(134656K)] [ParOldGen: 266769K->164369K(349696K)] 266769K->164369K(484352K), [Metaspace: 2796K->2796K(1056768K)], 0.0158706 secs] [Times: user=0.12 sys=0.00, real=0.02 secs] 
194.268: [GC (Allocation Failure) [PSYoungGen: 86904K->21536K(134144K)] 353673K->288305K(483840K), 0.0017021 secs] [Times: user=0.02 sys=0.00, real=0.00 secs] 
194.487: [GC (Allocation Failure) [PSYoungGen: 95129K->0K(135168K)] 361898K->329241K(484864K), 0.0053366 secs] [Times: user=0.02 sys=0.00, real=0.00 secs] 
194.492: [Full GC (Ergonomics) [PSYoungGen: 0K->0K(135168K)] [ParOldGen: 329241K->62993K(349696K)] 329241K->62993K(484864K), [Metaspace: 2796K->2796K(1056768K)], 0.0060930 secs] [Times: user=0.03 sys=0.00, real=0.01 secs] 
197.016: [Full GC (Ergonomics) [PSYoungGen: 86897K->0K(135168K)] [ParOldGen: 318993K->6144K(349696K)] 405891K->6144K(484864K), [Metaspace: 2796K->2796K(1056768K)], 0.0039268 secs] [Times: user=0.00 sys=0.00, real=0.00 secs] 
197.888: [GC (Allocation Failure) [PSYoungGen: 95092K->25600K(130560K)] 203637K->134144K(480256K), 0.0023292 secs] [Times: user=0.01 sys=0.00, real=0.00 secs] 
199.637: [GC (Allocation Failure) [PSYoungGen: 115493K->15360K(133120K)] 377637K->297984K(482816K), 0.0043855 secs] [Times: user=0.00 sys=0.00, real=0.00 secs] 
199.641: [Full GC (Ergonomics) [PSYoungGen: 15360K->0K(133120K)] [ParOldGen: 282624K->87569K(349696K)] 297984K->87569K(482816K), [Metaspace: 2796K->2796K(1056768K)], 0.0084716 secs] [Times: user=0.06 sys=0.00, real=0.01 secs] 
201.407: [GC (Allocation Failure) [PSYoungGen: 83750K->15360K(136704K)] 324920K->256529K(486400K), 0.0015663 secs] [Times: user=0.00 sys=0.00, real=0.00 secs] 
202.397: [Full GC (Ergonomics) [PSYoungGen: 110488K->0K(136704K)] [ParOldGen: 343569K->12288K(349696K)] 454057K->12288K(486400K), [Metaspace: 2796K->2796K(1056768K)], 0.0025909 secs] [Times: user=0.00 sys=0.00, real=0.00 secs] 
204.815: [GC (Allocation Failure) [PSYoungGen: 96152K->1024K(135168K)] 262040K->166912K(484864K), 0.0005775 secs] [Times: user=0.00 sys=0.00, real=0.00 secs] 
206.672: [Full GC (Ergonomics) [PSYoungGen: 96153K->0K(135168K)] [ParOldGen: 319488K->26624K(349696K)] 415641K->26624K(484864K), [Metaspace: 2796K->2796K(1056768K)], 0.0039723 secs] [Times: user=0.00 sys=0.00, real=0.00 secs] 
209.184: [Full GC (Ergonomics) [PSYoungGen: 97177K->0K(135168K)] [ParOldGen: 333824K->56849K(349696K)] 431001K->56849K(484864K), [Metaspace: 2796K->2796K(1056768K)], 0.0071929 secs] [Times: user=0.00 sys=0.00, real=0.01 secs] 
211.045: [GC (Allocation Failure) [PSYoungGen: 95129K->15360K(138240K)] 305579K->225809K(487936K), 0.0017047 secs] [Times: user=0.03 sys=0.00, real=0.00 secs] 
212.357: [Full GC (Ergonomics) [PSYoungGen: 114657K->0K(138240K)] [ParOldGen: 312849K->2048K(349696K)] 427507K->2048K(487936K), [Metaspace: 2796K->2796K(1056768K)], 0.0022335 secs] [Times: user=0.02 sys=0.00, real=0.00 secs] 
214.106: [GC (Allocation Failure) [PSYoungGen: 95201K->26624K(128000K)] 250849K->182272K(477696K), 0.0017773 secs] [Times: user=0.02 sys=0.00, real=0.00 secs] 
215.088: [GC (Allocation Failure) [PSYoungGen: 126945K->10240K(137216K)] 384993K->284672K(486912K), 0.0020211 secs] [Times: user=0.00 sys=0.00, real=0.00 secs] 
217.056: [GC (Allocation Failure) [PSYoungGen: 99236K->15360K(135168K)] 373668K->289792K(484864K), 0.0018365 secs] [Times: user=0.00 sys=0.00, real=0.00 secs] 
217.276: [GC (Allocation Failure) [PSYoungGen: 88988K->20480K(138752K)] 363420K->351232K(488448K), 0.0064413 secs] [Times: user=0.00 sys=0.00, real=0.01 secs] 
217.282: [Full GC (Ergonomics) [PSYoungGen: 20480K->0K(138752K)] [ParOldGen: 330752K->77329K(349696K)] 351232K->77329K(488448K), [Metaspace: 2796K->2796K(1056768K)], 0.0073190 secs] [Times: user=0.01 sys=0.00, real=0.01 secs] 
217.400: [GC (Allocation Failure) [PSYoungGen: 102912K->0K(103424K)] 180241K->179729K(453120K), 0.0094692 secs] [Times: user=0.02 sys=0.00, real=0.01 secs] 
218.608: [GC (Allocation Failure) [PSYoungGen: 74743K->25600K(133120K)] 254473K->205329K(482816K), 0.0096393 secs] [Times: user=0.00 sys=0.00, real=0.01 secs] 
Heap
 PSYoungGen      total 133120K, used 102145K [0x00000000f5580000, 0x0000000100000000, 0x0000000100000000)
  eden space 96768K, 79% used [0x00000000f5580000,0x00000000fa040410,0x00000000fb400000)
  from space 36352K, 70% used [0x00000000fdc80000,0x00000000ff580020,0x0000000100000000)
  to   space 38912K, 0% used [0x00000000fb400000,0x00000000fb400000,0x00000000fda00000)
 ParOldGen       total 349696K, used 282129K [0x00000000e0000000, 0x00000000f5580000, 0x00000000f5580000)
  object space 349696K, 80% used [0x00000000e0000000,0x00000000f1384730,0x00000000f5580000)
 Metaspace       used 2804K, capacity 4486K, committed 4864K, reserved 1056768K
  class space    used 297K, capacity 386K, committed 512K, reserved 1048576K
