Java HotSpot(TM) 64-Bit Server VM (25.411-b09) for windows-amd64 JRE (1.8.0_411-b09), built on Mar 13 2024 07:26:13 by "java_re" with MS VC++ 17.1 (VS2022)
Memory: 4k page, physical 33403376k(14630896k free), swap 37153868k(7537864k free)
CommandLine flags: -XX:InitialHeapSize=536870912 -XX:MaxHeapSize=536870912 -XX:NewRatio=2 -XX:ParallelGCThreads=6 -XX:+PrintGC -XX:+PrintGCDetails -XX:+PrintGCTimeStamps -XX:SurvivorRatio=2 -XX:-UseAdaptiveSizePolicy -XX:+UseCompressedClassPointers -XX:+UseCompressedOops -XX:-UseLargePagesIndividualAllocation -XX:+UseParallelGC 
1.860: [GC (Allocation Failure) [PSYoungGen: 84101K->11976K(131072K)] 237701K->165584K(480768K), 0.0028957 secs] [Times: user=0.00 sys=0.00, real=0.00 secs] 
3.545: [GC (Allocation Failure) [PSYoungGen: 96671K->18024K(131072K)] 403879K->325232K(480768K), 0.0035104 secs] [Times: user=0.00 sys=0.02, real=0.00 secs] 
5.511: [GC (Allocation Failure) [PSYoungGen: 96575K->26320K(131072K)] 403783K->333528K(480768K), 0.0038614 secs] [Times: user=0.00 sys=0.00, real=0.00 secs] 
5.729: [GC (Allocation Failure) --[PSYoungGen: 99745K->99745K(131072K)] 406953K->406953K(480768K), 0.0018429 secs] [Times: user=0.00 sys=0.00, real=0.00 secs] 
5.731: [Full GC (Ergonomics) [PSYoungGen: 99745K->0K(131072K)] [ParOldGen: 307208K->67088K(349696K)] 406953K->67088K(480768K), [Metaspace: 2753K->2753K(1056768K)], 0.0101568 secs] [Times: user=0.00 sys=0.00, real=0.01 secs] 
7.597: [GC (Allocation Failure) [PSYoungGen: 82489K->30752K(131072K)] 405578K->353848K(480768K), 0.0050704 secs] [Times: user=0.00 sys=0.00, real=0.01 secs] 
8.578: [GC (Allocation Failure) --[PSYoungGen: 114416K->114416K(131072K)] 437513K->437513K(480768K), 0.0014731 secs] [Times: user=0.00 sys=0.00, real=0.00 secs] 
8.580: [Full GC (Ergonomics) [PSYoungGen: 114416K->0K(131072K)] [ParOldGen: 323096K->51728K(349696K)] 437513K->51728K(480768K), [Metaspace: 2759K->2759K(1056768K)], 0.0056453 secs] [Times: user=0.00 sys=0.00, real=0.01 secs] 
10.564: [GC (Allocation Failure) [PSYoungGen: 86734K->10240K(131072K)] 394462K->317968K(480768K), 0.0009915 secs] [Times: user=0.00 sys=0.00, real=0.00 secs] 
11.333: [GC (Allocation Failure) [PSYoungGen: 73425K->30720K(131072K)] 381154K->338448K(480768K), 0.0025476 secs] [Times: user=0.00 sys=0.00, real=0.00 secs] 
11.442: [GC (Allocation Failure) --[PSYoungGen: 83660K->83660K(131072K)] 391389K->391389K(480768K), 0.0011863 secs] [Times: user=0.00 sys=0.00, real=0.00 secs] 
11.443: [Full GC (Ergonomics) [PSYoungGen: 83660K->0K(131072K)] [ParOldGen: 307728K->215568K(349696K)] 391389K->215568K(480768K), [Metaspace: 2761K->2761K(1056768K)], 0.0118191 secs] [Times: user=0.00 sys=0.00, real=0.01 secs] 
12.766: [GC (Allocation Failure) [PSYoungGen: 53493K->25632K(131072K)] 371462K->343608K(480768K), 0.0022483 secs] [Times: user=0.00 sys=0.00, real=0.00 secs] 
12.874: [GC (Allocation Failure) --[PSYoungGen: 78565K->78565K(131072K)] 396542K->396542K(480768K), 0.0010402 secs] [Times: user=0.00 sys=0.00, real=0.00 secs] 
12.876: [Full GC (Ergonomics) [PSYoungGen: 78565K->0K(131072K)] [ParOldGen: 317976K->57344K(349696K)] 396542K->57344K(480768K), [Metaspace: 2763K->2763K(1056768K)], 0.0053679 secs] [Times: user=0.00 sys=0.00, real=0.01 secs] 
14.853: [GC (Allocation Failure) [PSYoungGen: 86723K->21504K(131072K)] 400068K->334848K(480768K), 0.0017567 secs] [Times: user=0.00 sys=0.00, real=0.00 secs] 
16.823: [GC (Allocation Failure) [PSYoungGen: 105162K->15360K(131072K)] 418506K->328704K(480768K), 0.0017850 secs] [Times: user=0.00 sys=0.00, real=0.00 secs] 
17.153: [GC (Allocation Failure) --[PSYoungGen: 99017K->99017K(131072K)] 412362K->412362K(480768K), 0.0024941 secs] [Times: user=0.00 sys=0.00, real=0.00 secs] 
17.155: [Full GC (Ergonomics) [PSYoungGen: 99017K->0K(131072K)] [ParOldGen: 313344K->77824K(349696K)] 412362K->77824K(480768K), [Metaspace: 2768K->2768K(1056768K)], 0.0065870 secs] [Times: user=0.00 sys=0.00, real=0.01 secs] 
19.133: [Full GC (Ergonomics) [PSYoungGen: 86721K->0K(131072K)] [ParOldGen: 333824K->87569K(349696K)] 420546K->87569K(480768K), [Metaspace: 2770K->2770K(1056768K)], 0.0072071 secs] [Times: user=0.00 sys=0.00, real=0.01 secs] 
20.769: [GC (Allocation Failure) [PSYoungGen: 84681K->5120K(131072K)] 274650K->195089K(480768K), 0.0006939 secs] [Times: user=0.00 sys=0.00, real=0.00 secs] 
22.407: [Full GC (Ergonomics) [PSYoungGen: 89806K->0K(131072K)] [ParOldGen: 343569K->114193K(349696K)] 433375K->114193K(480768K), [Metaspace: 2779K->2779K(1056768K)], 0.0089083 secs] [Times: user=0.00 sys=0.00, real=0.01 secs] 
24.049: [GC (Allocation Failure) [PSYoungGen: 69329K->20480K(131072K)] 337122K->288273K(480768K), 0.0016608 secs] [Times: user=0.00 sys=0.00, real=0.00 secs] 
24.267: [GC (Allocation Failure) [PSYoungGen: 93907K->10240K(131072K)] 361700K->329233K(480768K), 0.0047087 secs] [Times: user=0.00 sys=0.00, real=0.00 secs] 
24.272: [Full GC (Ergonomics) [PSYoungGen: 10240K->0K(131072K)] [ParOldGen: 318993K->61969K(349696K)] 329233K->61969K(480768K), [Metaspace: 2779K->2779K(1056768K)], 0.0057849 secs] [Times: user=0.00 sys=0.00, real=0.01 secs] 
26.253: [Full GC (Ergonomics) [PSYoungGen: 86734K->0K(131072K)] [ParOldGen: 317969K->31249K(349696K)] 404704K->31249K(480768K), [Metaspace: 2780K->2780K(1056768K)], 0.0045834 secs] [Times: user=0.00 sys=0.00, real=0.00 secs] 
28.000: [GC (Allocation Failure) [PSYoungGen: 83665K->10240K(131072K)] 114914K->41489K(480768K), 0.0010115 secs] [Times: user=0.00 sys=0.00, real=0.00 secs] 
29.526: [GC (Allocation Failure) [PSYoungGen: 90176K->15424K(131072K)] 275025K->200281K(480768K), 0.0012510 secs] [Times: user=0.00 sys=0.00, real=0.00 secs] 
31.378: [Full GC (Ergonomics) [PSYoungGen: 84753K->0K(131072K)] [ParOldGen: 338457K->6144K(349696K)] 423210K->6144K(480768K), [Metaspace: 2793K->2793K(1056768K)], 0.0021501 secs] [Times: user=0.00 sys=0.00, real=0.00 secs] 
33.346: [GC (Allocation Failure) [PSYoungGen: 86739K->12288K(131072K)] 348883K->274432K(480768K), 0.0012922 secs] [Times: user=0.00 sys=0.00, real=0.00 secs] 
34.224: [Full GC (Ergonomics) [PSYoungGen: 75476K->0K(131072K)] [ParOldGen: 313344K->69137K(349696K)] 388821K->69137K(480768K), [Metaspace: 2793K->2793K(1056768K)], 0.0058279 secs] [Times: user=0.00 sys=0.00, real=0.01 secs] 
36.640: [Full GC (Ergonomics) [PSYoungGen: 81621K->0K(131072K)] [ParOldGen: 325137K->21504K(349696K)] 406759K->21504K(480768K), [Metaspace: 2793K->2793K(1056768K)], 0.0032217 secs] [Times: user=0.00 sys=0.00, real=0.00 secs] 
38.171: [GC (Allocation Failure) [PSYoungGen: 84694K->35840K(131072K)] 259798K->210944K(480768K), 0.0036332 secs] [Times: user=0.02 sys=0.00, real=0.00 secs] 
39.046: [GC (Allocation Failure) [PSYoungGen: 119510K->0K(131072K)] 294614K->226304K(480768K), 0.0045079 secs] [Times: user=0.00 sys=0.00, real=0.00 secs] 
39.918: [GC (Allocation Failure) [PSYoungGen: 63185K->5120K(131072K)] 340689K->282624K(480768K), 0.0010672 secs] [Times: user=0.00 sys=0.00, real=0.00 secs] 
39.919: [GC (Allocation Failure) [PSYoungGen: 5120K->5120K(131072K)] 282624K->282624K(480768K), 0.0010382 secs] [Times: user=0.00 sys=0.00, real=0.00 secs] 
39.920: [Full GC (Allocation Failure) [PSYoungGen: 5120K->0K(131072K)] [ParOldGen: 277504K->56849K(349696K)] 282624K->56849K(480768K), [Metaspace: 2793K->2793K(1056768K)], 0.0049913 secs] [Times: user=0.02 sys=0.00, real=0.01 secs] 
41.897: [Full GC (Ergonomics) [PSYoungGen: 86739K->0K(131072K)] [ParOldGen: 312849K->119313K(349696K)] 399588K->119313K(480768K), [Metaspace: 2793K->2793K(1056768K)], 0.0093872 secs] [Times: user=0.00 sys=0.00, real=0.01 secs] 
43.970: [GC (Allocation Failure) [PSYoungGen: 74452K->21504K(131072K)] 193766K->140817K(480768K), 0.0017732 secs] [Times: user=0.00 sys=0.00, real=0.00 secs] 
44.734: [GC (Allocation Failure) [PSYoungGen: 106191K->21504K(131072K)] 327905K->243217K(480768K), 0.0018108 secs] [Times: user=0.00 sys=0.00, real=0.00 secs] 
45.608: [GC (Allocation Failure) [PSYoungGen: 84690K->26624K(131072K)] 357603K->299537K(480768K), 0.0019392 secs] [Times: user=0.01 sys=0.00, real=0.00 secs] 
45.610: [GC (Allocation Failure) [PSYoungGen: 26624K->26624K(131072K)] 299537K->299537K(480768K), 0.0018035 secs] [Times: user=0.00 sys=0.00, real=0.00 secs] 
45.612: [Full GC (Allocation Failure) [PSYoungGen: 26624K->0K(131072K)] [ParOldGen: 272913K->78353K(349696K)] 299537K->78353K(480768K), [Metaspace: 2795K->2795K(1056768K)], 0.0063447 secs] [Times: user=0.00 sys=0.00, real=0.01 secs] 
48.139: [Full GC (Ergonomics) [PSYoungGen: 86740K->0K(131072K)] [ParOldGen: 334353K->36864K(349696K)] 421093K->36864K(480768K), [Metaspace: 2795K->2795K(1056768K)], 0.0041654 secs] [Times: user=0.00 sys=0.00, real=0.00 secs] 
48.793: [GC (Allocation Failure) [PSYoungGen: 84693K->1024K(131072K)] 223957K->191488K(480768K), 0.0042466 secs] [Times: user=0.00 sys=0.00, real=0.00 secs] 
50.762: [Full GC (Ergonomics) [PSYoungGen: 84693K->0K(131072K)] [ParOldGen: 344064K->6144K(349696K)] 428758K->6144K(480768K), [Metaspace: 2795K->2795K(1056768K)], 0.0021818 secs] [Times: user=0.00 sys=0.00, real=0.00 secs] 
52.290: [GC (Allocation Failure) [PSYoungGen: 79574K->11264K(131072K)] 239318K->171008K(480768K), 0.0009245 secs] [Times: user=0.00 sys=0.00, real=0.00 secs] 
54.476: [Full GC (Ergonomics) [PSYoungGen: 96982K->0K(131072K)] [ParOldGen: 313344K->2048K(349696K)] 410326K->2048K(480768K), [Metaspace: 2795K->2795K(1056768K)], 0.0023351 secs] [Times: user=0.00 sys=0.00, real=0.00 secs] 
56.113: [GC (Allocation Failure) [PSYoungGen: 84694K->25600K(131072K)] 240342K->181248K(480768K), 0.0018789 secs] [Times: user=0.00 sys=0.00, real=0.00 secs] 
58.186: [Full GC (Ergonomics) [PSYoungGen: 105175K->0K(131072K)] [ParOldGen: 309248K->6144K(349696K)] 414423K->6144K(480768K), [Metaspace: 2796K->2796K(1056768K)], 0.0023455 secs] [Times: user=0.00 sys=0.00, real=0.00 secs] 
58.948: [GC (Allocation Failure) [PSYoungGen: 84694K->5120K(131072K)] 193238K->164864K(480768K), 0.0046628 secs] [Times: user=0.00 sys=0.00, real=0.00 secs] 
60.586: [Full GC (Ergonomics) [PSYoungGen: 89815K->0K(131072K)] [ParOldGen: 313344K->164369K(349696K)] 403159K->164369K(480768K), [Metaspace: 2796K->2796K(1056768K)], 0.0116321 secs] [Times: user=0.02 sys=0.00, real=0.01 secs] 
62.457: [Full GC (Ergonomics) [PSYoungGen: 83671K->0K(131072K)] [ParOldGen: 317969K->16384K(349696K)] 401640K->16384K(480768K), [Metaspace: 2796K->2796K(1056768K)], 0.0026782 secs] [Times: user=0.00 sys=0.00, real=0.00 secs] 
63.225: [GC (Allocation Failure) [PSYoungGen: 84695K->6144K(131072K)] 203479K->124928K(480768K), 0.0009806 secs] [Times: user=0.00 sys=0.00, real=0.00 secs] 
64.866: [GC (Allocation Failure) [PSYoungGen: 90839K->21504K(131072K)] 363223K->293888K(480768K), 0.0020029 secs] [Times: user=0.00 sys=0.00, real=0.00 secs] 
66.723: [GC (Allocation Failure) [PSYoungGen: 105175K->15360K(131072K)] 377559K->287744K(480768K), 0.0018019 secs] [Times: user=0.00 sys=0.00, real=0.00 secs] 
66.941: [GC (Allocation Failure) [PSYoungGen: 88785K->25600K(131072K)] 361169K->349184K(480768K), 0.0059030 secs] [Times: user=0.00 sys=0.00, real=0.01 secs] 
66.947: [Full GC (Ergonomics) [PSYoungGen: 25600K->0K(131072K)] [ParOldGen: 323584K->77329K(349696K)] 349184K->77329K(480768K), [Metaspace: 2796K->2796K(1056768K)], 0.0063709 secs] [Times: user=0.00 sys=0.00, real=0.01 secs] 
68.934: [Full GC (Ergonomics) [PSYoungGen: 86725K->0K(131072K)] [ParOldGen: 333329K->87569K(349696K)] 420054K->87569K(480768K), [Metaspace: 2796K->2796K(1056768K)], 0.0073715 secs] [Times: user=0.00 sys=0.00, real=0.01 secs] 
70.567: [GC (Allocation Failure) [PSYoungGen: 84683K->5120K(131072K)] 274652K->195089K(480768K), 0.0009814 secs] [Times: user=0.00 sys=0.00, real=0.00 secs] 
72.208: [Full GC (Ergonomics) [PSYoungGen: 89807K->0K(131072K)] [ParOldGen: 343569K->114193K(349696K)] 433377K->114193K(480768K), [Metaspace: 2796K->2796K(1056768K)], 0.0092029 secs] [Times: user=0.00 sys=0.00, real=0.01 secs] 
73.847: [GC (Allocation Failure) [PSYoungGen: 69330K->20480K(131072K)] 337123K->288273K(480768K), 0.0017103 secs] [Times: user=0.00 sys=0.00, real=0.00 secs] 
74.065: [GC (Allocation Failure) [PSYoungGen: 93907K->10240K(131072K)] 361701K->329233K(480768K), 0.0047399 secs] [Times: user=0.00 sys=0.00, real=0.00 secs] 
74.070: [Full GC (Ergonomics) [PSYoungGen: 10240K->0K(131072K)] [ParOldGen: 318993K->61969K(349696K)] 329233K->61969K(480768K), [Metaspace: 2796K->2796K(1056768K)], 0.0053792 secs] [Times: user=0.00 sys=0.00, real=0.01 secs] 
76.044: [Full GC (Ergonomics) [PSYoungGen: 86735K->0K(131072K)] [ParOldGen: 317969K->31249K(349696K)] 404704K->31249K(480768K), [Metaspace: 2796K->2796K(1056768K)], 0.0037680 secs] [Times: user=0.00 sys=0.00, real=0.00 secs] 
77.787: [GC (Allocation Failure) [PSYoungGen: 83665K->10240K(131072K)] 114915K->41489K(480768K), 0.0010046 secs] [Times: user=0.00 sys=0.00, real=0.00 secs] 
79.316: [GC (Allocation Failure) [PSYoungGen: 89806K->15360K(131072K)] 274656K->200209K(480768K), 0.0012966 secs] [Times: user=0.00 sys=0.00, real=0.00 secs] 
81.168: [Full GC (Ergonomics) [PSYoungGen: 84689K->0K(131072K)] [ParOldGen: 338449K->6144K(349696K)] 423139K->6144K(480768K), [Metaspace: 2796K->2796K(1056768K)], 0.0022841 secs] [Times: user=0.00 sys=0.00, real=0.00 secs] 
83.132: [GC (Allocation Failure) [PSYoungGen: 86739K->12288K(131072K)] 348883K->274432K(480768K), 0.0012086 secs] [Times: user=0.00 sys=0.00, real=0.00 secs] 
84.005: [Full GC (Ergonomics) [PSYoungGen: 75476K->0K(131072K)] [ParOldGen: 313344K->69137K(349696K)] 388820K->69137K(480768K), [Metaspace: 2796K->2796K(1056768K)], 0.0058916 secs] [Times: user=0.00 sys=0.00, real=0.01 secs] 
86.423: [Full GC (Ergonomics) [PSYoungGen: 81621K->0K(131072K)] [ParOldGen: 325137K->21504K(349696K)] 406759K->21504K(480768K), [Metaspace: 2796K->2796K(1056768K)], 0.0031827 secs] [Times: user=0.00 sys=0.00, real=0.00 secs] 
87.953: [GC (Allocation Failure) [PSYoungGen: 84694K->35840K(131072K)] 259798K->210944K(480768K), 0.0028339 secs] [Times: user=0.00 sys=0.00, real=0.00 secs] 
88.824: [GC (Allocation Failure) [PSYoungGen: 119510K->0K(131072K)] 294614K->226304K(480768K), 0.0046112 secs] [Times: user=0.02 sys=0.00, real=0.00 secs] 
89.697: [GC (Allocation Failure) [PSYoungGen: 63185K->5120K(131072K)] 340689K->282624K(480768K), 0.0008515 secs] [Times: user=0.00 sys=0.00, real=0.00 secs] 
89.698: [Full GC (Ergonomics) [PSYoungGen: 5120K->0K(131072K)] [ParOldGen: 277504K->56849K(349696K)] 282624K->56849K(480768K), [Metaspace: 2796K->2796K(1056768K)], 0.0051880 secs] [Times: user=0.00 sys=0.00, real=0.01 secs] 
91.674: [Full GC (Ergonomics) [PSYoungGen: 86739K->0K(131072K)] [ParOldGen: 312849K->119313K(349696K)] 399588K->119313K(480768K), [Metaspace: 2796K->2796K(1056768K)], 0.0091221 secs] [Times: user=0.00 sys=0.00, real=0.01 secs] 
93.763: [GC (Allocation Failure) [PSYoungGen: 74452K->21504K(131072K)] 193766K->140817K(480768K), 0.0015546 secs] [Times: user=0.00 sys=0.00, real=0.00 secs] 
94.531: [GC (Allocation Failure) [PSYoungGen: 106191K->21504K(131072K)] 327905K->243217K(480768K), 0.0018105 secs] [Times: user=0.00 sys=0.00, real=0.00 secs] 
95.405: [GC (Allocation Failure) [PSYoungGen: 84690K->26624K(131072K)] 357603K->299537K(480768K), 0.0018277 secs] [Times: user=0.02 sys=0.00, real=0.00 secs] 
95.407: [GC (Allocation Failure) [PSYoungGen: 26624K->26624K(131072K)] 299537K->299537K(480768K), 0.0019418 secs] [Times: user=0.00 sys=0.00, real=0.00 secs] 
95.409: [Full GC (Allocation Failure) [PSYoungGen: 26624K->0K(131072K)] [ParOldGen: 272913K->78353K(349696K)] 299537K->78353K(480768K), [Metaspace: 2796K->2796K(1056768K)], 0.0067060 secs] [Times: user=0.00 sys=0.00, real=0.01 secs] 
97.930: [Full GC (Ergonomics) [PSYoungGen: 86740K->0K(131072K)] [ParOldGen: 334353K->36864K(349696K)] 421093K->36864K(480768K), [Metaspace: 2796K->2796K(1056768K)], 0.0040272 secs] [Times: user=0.00 sys=0.00, real=0.00 secs] 
98.587: [GC (Allocation Failure) [PSYoungGen: 84693K->1024K(131072K)] 223957K->191488K(480768K), 0.0047919 secs] [Times: user=0.00 sys=0.00, real=0.00 secs] 
100.548: [Full GC (Ergonomics) [PSYoungGen: 84693K->0K(131072K)] [ParOldGen: 344064K->6144K(349696K)] 428758K->6144K(480768K), [Metaspace: 2796K->2796K(1056768K)], 0.0023332 secs] [Times: user=0.00 sys=0.00, real=0.00 secs] 
102.076: [GC (Allocation Failure) [PSYoungGen: 79574K->11264K(131072K)] 239318K->171008K(480768K), 0.0011318 secs] [Times: user=0.00 sys=0.00, real=0.00 secs] 
104.266: [Full GC (Ergonomics) [PSYoungGen: 96982K->0K(131072K)] [ParOldGen: 313344K->2048K(349696K)] 410326K->2048K(480768K), [Metaspace: 2796K->2796K(1056768K)], 0.0022744 secs] [Times: user=0.00 sys=0.00, real=0.00 secs] 
105.897: [GC (Allocation Failure) [PSYoungGen: 84694K->25600K(131072K)] 240342K->181248K(480768K), 0.0018859 secs] [Times: user=0.00 sys=0.00, real=0.00 secs] 
107.976: [Full GC (Ergonomics) [PSYoungGen: 105175K->0K(131072K)] [ParOldGen: 309248K->6144K(349696K)] 414423K->6144K(480768K), [Metaspace: 2796K->2796K(1056768K)], 0.0023829 secs] [Times: user=0.00 sys=0.00, real=0.00 secs] 
108.741: [GC (Allocation Failure) [PSYoungGen: 84694K->5120K(131072K)] 193238K->164864K(480768K), 0.0049062 secs] [Times: user=0.00 sys=0.00, real=0.00 secs] 
110.385: [Full GC (Ergonomics) [PSYoungGen: 89815K->0K(131072K)] [ParOldGen: 313344K->164369K(349696K)] 403159K->164369K(480768K), [Metaspace: 2796K->2796K(1056768K)], 0.0118213 secs] [Times: user=0.00 sys=0.00, real=0.01 secs] 
112.255: [Full GC (Ergonomics) [PSYoungGen: 83671K->0K(131072K)] [ParOldGen: 317969K->16384K(349696K)] 401640K->16384K(480768K), [Metaspace: 2796K->2796K(1056768K)], 0.0028810 secs] [Times: user=0.00 sys=0.00, real=0.00 secs] 
113.015: [GC (Allocation Failure) [PSYoungGen: 84695K->6144K(131072K)] 203479K->124928K(480768K), 0.0009118 secs] [Times: user=0.00 sys=0.00, real=0.00 secs] 
114.656: [Full GC (Ergonomics) [PSYoungGen: 90839K->0K(131072K)] [ParOldGen: 272384K->27648K(349696K)] 363223K->27648K(480768K), [Metaspace: 2796K->2796K(1056768K)], 0.0030767 secs] [Times: user=0.00 sys=0.00, real=0.00 secs] 
116.514: [GC (Allocation Failure) [PSYoungGen: 83671K->15360K(131072K)] 111319K->43008K(480768K), 0.0013439 secs] [Times: user=0.00 sys=0.00, real=0.00 secs] 
117.277: [GC (Allocation Failure) [PSYoungGen: 100049K->30720K(131072K)] 230097K->160768K(480768K), 0.0024152 secs] [Times: user=0.00 sys=0.00, real=0.00 secs] 
119.571: [Full GC (Ergonomics) [PSYoungGen: 115411K->0K(131072K)] [ParOldGen: 334848K->51729K(349696K)] 450259K->51729K(480768K), [Metaspace: 2796K->2796K(1056768K)], 0.0051427 secs] [Times: user=0.00 sys=0.00, real=0.01 secs] 
121.552: [Full GC (Ergonomics) [PSYoungGen: 86741K->0K(131072K)] [ParOldGen: 307729K->114193K(349696K)] 394470K->114193K(480768K), [Metaspace: 2796K->2796K(1056768K)], 0.0097898 secs] [Times: user=0.00 sys=0.00, real=0.01 secs] 
123.532: [GC (Allocation Failure) [PSYoungGen: 79573K->20480K(131072K)] 347367K->288273K(480768K), 0.0017281 secs] [Times: user=0.00 sys=0.00, real=0.00 secs] 
123.860: [GC (Allocation Failure) [PSYoungGen: 104150K->10240K(131072K)] 371943K->329233K(480768K), 0.0048971 secs] [Times: user=0.00 sys=0.00, real=0.00 secs] 
123.865: [Full GC (Ergonomics) [PSYoungGen: 10240K->0K(131072K)] [ParOldGen: 318993K->61969K(349696K)] 329233K->61969K(480768K), [Metaspace: 2796K->2796K(1056768K)], 0.0057657 secs] [Times: user=0.00 sys=0.00, real=0.01 secs] 
125.843: [Full GC (Ergonomics) [PSYoungGen: 86737K->0K(131072K)] [ParOldGen: 317969K->31249K(349696K)] 404706K->31249K(480768K), [Metaspace: 2796K->2796K(1056768K)], 0.0040271 secs] [Times: user=0.00 sys=0.00, real=0.00 secs] 
127.588: [GC (Allocation Failure) [PSYoungGen: 83667K->10240K(131072K)] 114916K->41489K(480768K), 0.0009383 secs] [Times: user=0.00 sys=0.00, real=0.00 secs] 
129.115: [GC (Allocation Failure) [PSYoungGen: 89807K->15360K(131072K)] 274656K->200209K(480768K), 0.0012755 secs] [Times: user=0.00 sys=0.00, real=0.00 secs] 
130.969: [Full GC (Ergonomics) [PSYoungGen: 84690K->0K(131072K)] [ParOldGen: 338449K->6144K(349696K)] 423139K->6144K(480768K), [Metaspace: 2796K->2796K(1056768K)], 0.0020271 secs] [Times: user=0.00 sys=0.00, real=0.00 secs] 
132.938: [GC (Allocation Failure) [PSYoungGen: 86739K->12288K(131072K)] 348884K->274432K(480768K), 0.0014970 secs] [Times: user=0.00 sys=0.00, real=0.00 secs] 
133.812: [Full GC (Ergonomics) [PSYoungGen: 75477K->0K(131072K)] [ParOldGen: 313344K->69137K(349696K)] 388821K->69137K(480768K), [Metaspace: 2796K->2796K(1056768K)], 0.0060228 secs] [Times: user=0.00 sys=0.00, real=0.00 secs] 
136.223: [Full GC (Ergonomics) [PSYoungGen: 81621K->0K(131072K)] [ParOldGen: 325137K->21504K(349696K)] 406759K->21504K(480768K), [Metaspace: 2796K->2796K(1056768K)], 0.0027168 secs] [Times: user=0.00 sys=0.00, real=0.00 secs] 
137.752: [GC (Allocation Failure) [PSYoungGen: 84694K->35840K(131072K)] 259798K->210944K(480768K), 0.0028193 secs] [Times: user=0.00 sys=0.00, real=0.00 secs] 
138.629: [GC (Allocation Failure) [PSYoungGen: 119510K->0K(131072K)] 294614K->226304K(480768K), 0.0044596 secs] [Times: user=0.00 sys=0.00, real=0.00 secs] 
139.500: [GC (Allocation Failure) [PSYoungGen: 63185K->5120K(131072K)] 340689K->282624K(480768K), 0.0010669 secs] [Times: user=0.00 sys=0.00, real=0.00 secs] 
139.502: [Full GC (Ergonomics) [PSYoungGen: 5120K->0K(131072K)] [ParOldGen: 277504K->56849K(349696K)] 282624K->56849K(480768K), [Metaspace: 2796K->2796K(1056768K)], 0.0051104 secs] [Times: user=0.00 sys=0.00, real=0.01 secs] 
141.481: [Full GC (Ergonomics) [PSYoungGen: 86739K->0K(131072K)] [ParOldGen: 312849K->119313K(349696K)] 399588K->119313K(480768K), [Metaspace: 2796K->2796K(1056768K)], 0.0093436 secs] [Times: user=0.00 sys=0.00, real=0.01 secs] 
143.570: [GC (Allocation Failure) [PSYoungGen: 74452K->21504K(131072K)] 193766K->140817K(480768K), 0.0018691 secs] [Times: user=0.00 sys=0.00, real=0.00 secs] 
144.336: [GC (Allocation Failure) [PSYoungGen: 106191K->21504K(131072K)] 327905K->243217K(480768K), 0.0019054 secs] [Times: user=0.00 sys=0.00, real=0.00 secs] 
145.208: [GC (Allocation Failure) [PSYoungGen: 84690K->26624K(131072K)] 357603K->299537K(480768K), 0.0019082 secs] [Times: user=0.00 sys=0.00, real=0.00 secs] 
145.209: [GC (Allocation Failure) [PSYoungGen: 26624K->26624K(131072K)] 299537K->299537K(480768K), 0.0018898 secs] [Times: user=0.00 sys=0.00, real=0.00 secs] 
145.211: [Full GC (Allocation Failure) [PSYoungGen: 26624K->0K(131072K)] [ParOldGen: 272913K->78353K(349696K)] 299537K->78353K(480768K), [Metaspace: 2796K->2796K(1056768K)], 0.0063617 secs] [Times: user=0.00 sys=0.00, real=0.01 secs] 
147.736: [Full GC (Ergonomics) [PSYoungGen: 86740K->0K(131072K)] [ParOldGen: 334353K->36864K(349696K)] 421093K->36864K(480768K), [Metaspace: 2796K->2796K(1056768K)], 0.0044545 secs] [Times: user=0.00 sys=0.00, real=0.00 secs] 
148.388: [GC (Allocation Failure) [PSYoungGen: 84693K->1024K(131072K)] 223957K->191488K(480768K), 0.0048601 secs] [Times: user=0.01 sys=0.00, real=0.00 secs] 
150.351: [Full GC (Ergonomics) [PSYoungGen: 84693K->0K(131072K)] [ParOldGen: 344064K->6144K(349696K)] 428758K->6144K(480768K), [Metaspace: 2796K->2796K(1056768K)], 0.0024800 secs] [Times: user=0.00 sys=0.00, real=0.00 secs] 
151.877: [GC (Allocation Failure) [PSYoungGen: 79574K->11264K(131072K)] 239318K->171008K(480768K), 0.0010878 secs] [Times: user=0.00 sys=0.00, real=0.00 secs] 
154.062: [Full GC (Ergonomics) [PSYoungGen: 96982K->0K(131072K)] [ParOldGen: 313344K->2048K(349696K)] 410326K->2048K(480768K), [Metaspace: 2796K->2796K(1056768K)], 0.0021513 secs] [Times: user=0.00 sys=0.00, real=0.00 secs] 
155.697: [GC (Allocation Failure) [PSYoungGen: 84694K->25600K(131072K)] 240342K->181248K(480768K), 0.0020476 secs] [Times: user=0.00 sys=0.00, real=0.00 secs] 
157.772: [Full GC (Ergonomics) [PSYoungGen: 105175K->0K(131072K)] [ParOldGen: 309248K->6144K(349696K)] 414423K->6144K(480768K), [Metaspace: 2796K->2796K(1056768K)], 0.0020716 secs] [Times: user=0.00 sys=0.00, real=0.00 secs] 
158.538: [GC (Allocation Failure) [PSYoungGen: 84694K->5120K(131072K)] 193238K->164864K(480768K), 0.0049131 secs] [Times: user=0.00 sys=0.00, real=0.00 secs] 
160.175: [Full GC (Ergonomics) [PSYoungGen: 89815K->0K(131072K)] [ParOldGen: 313344K->164369K(349696K)] 403159K->164369K(480768K), [Metaspace: 2796K->2796K(1056768K)], 0.0122837 secs] [Times: user=0.00 sys=0.00, real=0.01 secs] 
162.047: [Full GC (Ergonomics) [PSYoungGen: 83671K->0K(131072K)] [ParOldGen: 317969K->16384K(349696K)] 401640K->16384K(480768K), [Metaspace: 2796K->2796K(1056768K)], 0.0027069 secs] [Times: user=0.00 sys=0.00, real=0.00 secs] 
162.807: [GC (Allocation Failure) [PSYoungGen: 84695K->6144K(131072K)] 203479K->124928K(480768K), 0.0008732 secs] [Times: user=0.00 sys=0.00, real=0.00 secs] 
164.445: [Full GC (Ergonomics) [PSYoungGen: 90839K->0K(131072K)] [ParOldGen: 272384K->27648K(349696K)] 363223K->27648K(480768K), [Metaspace: 2796K->2796K(1056768K)], 0.0029622 secs] [Times: user=0.00 sys=0.00, real=0.00 secs] 
166.304: [GC (Allocation Failure) [PSYoungGen: 83671K->15360K(131072K)] 111319K->43008K(480768K), 0.0013929 secs] [Times: user=0.00 sys=0.00, real=0.00 secs] 
167.072: [GC (Allocation Failure) [PSYoungGen: 100049K->30720K(131072K)] 230097K->160768K(480768K), 0.0026477 secs] [Times: user=0.00 sys=0.00, real=0.00 secs] 
169.367: [Full GC (Ergonomics) [PSYoungGen: 115411K->0K(131072K)] [ParOldGen: 334848K->51729K(349696K)] 450259K->51729K(480768K), [Metaspace: 2796K->2796K(1056768K)], 0.0052292 secs] [Times: user=0.00 sys=0.00, real=0.01 secs] 
171.345: [Full GC (Ergonomics) [PSYoungGen: 86741K->0K(131072K)] [ParOldGen: 307729K->114193K(349696K)] 394470K->114193K(480768K), [Metaspace: 2796K->2796K(1056768K)], 0.0093321 secs] [Times: user=0.00 sys=0.00, real=0.01 secs] 
173.325: [GC (Allocation Failure) [PSYoungGen: 79573K->20480K(131072K)] 347367K->288273K(480768K), 0.0012827 secs] [Times: user=0.00 sys=0.00, real=0.00 secs] 
173.652: [GC (Allocation Failure) [PSYoungGen: 104150K->10240K(131072K)] 371943K->329233K(480768K), 0.0046227 secs] [Times: user=0.00 sys=0.00, real=0.00 secs] 
173.656: [Full GC (Ergonomics) [PSYoungGen: 10240K->0K(131072K)] [ParOldGen: 318993K->61969K(349696K)] 329233K->61969K(480768K), [Metaspace: 2796K->2796K(1056768K)], 0.0058099 secs] [Times: user=0.00 sys=0.00, real=0.01 secs] 
175.634: [Full GC (Ergonomics) [PSYoungGen: 86737K->0K(131072K)] [ParOldGen: 317969K->31249K(349696K)] 404706K->31249K(480768K), [Metaspace: 2796K->2796K(1056768K)], 0.0035746 secs] [Times: user=0.00 sys=0.00, real=0.00 secs] 
177.377: [GC (Allocation Failure) [PSYoungGen: 83667K->10240K(131072K)] 114916K->41489K(480768K), 0.0012040 secs] [Times: user=0.00 sys=0.00, real=0.00 secs] 
178.908: [GC (Allocation Failure) [PSYoungGen: 89807K->15360K(131072K)] 274656K->200209K(480768K), 0.0016249 secs] [Times: user=0.00 sys=0.00, real=0.00 secs] 
180.765: [Full GC (Ergonomics) [PSYoungGen: 84690K->0K(131072K)] [ParOldGen: 338449K->6144K(349696K)] 423139K->6144K(480768K), [Metaspace: 2796K->2796K(1056768K)], 0.0022873 secs] [Times: user=0.02 sys=0.00, real=0.00 secs] 
182.732: [GC (Allocation Failure) [PSYoungGen: 86739K->12288K(131072K)] 348884K->274432K(480768K), 0.0015476 secs] [Times: user=0.00 sys=0.00, real=0.00 secs] 
183.603: [Full GC (Ergonomics) [PSYoungGen: 75477K->0K(131072K)] [ParOldGen: 313344K->69137K(349696K)] 388821K->69137K(480768K), [Metaspace: 2796K->2796K(1056768K)], 0.0059306 secs] [Times: user=0.00 sys=0.00, real=0.01 secs] 
186.021: [Full GC (Ergonomics) [PSYoungGen: 81621K->0K(131072K)] [ParOldGen: 325137K->21504K(349696K)] 406759K->21504K(480768K), [Metaspace: 2796K->2796K(1056768K)], 0.0028804 secs] [Times: user=0.00 sys=0.00, real=0.00 secs] 
187.554: [GC (Allocation Failure) [PSYoungGen: 84694K->35840K(131072K)] 259798K->210944K(480768K), 0.0029850 secs] [Times: user=0.00 sys=0.00, real=0.00 secs] 
188.425: [GC (Allocation Failure) [PSYoungGen: 119510K->0K(131072K)] 294614K->226304K(480768K), 0.0042672 secs] [Times: user=0.00 sys=0.00, real=0.00 secs] 
189.298: [GC (Allocation Failure) [PSYoungGen: 63185K->5120K(131072K)] 340689K->282624K(480768K), 0.0009684 secs] [Times: user=0.00 sys=0.00, real=0.00 secs] 
189.299: [Full GC (Ergonomics) [PSYoungGen: 5120K->0K(131072K)] [ParOldGen: 277504K->56849K(349696K)] 282624K->56849K(480768K), [Metaspace: 2796K->2796K(1056768K)], 0.0051162 secs] [Times: user=0.00 sys=0.00, real=0.00 secs] 
191.281: [Full GC (Ergonomics) [PSYoungGen: 86739K->0K(131072K)] [ParOldGen: 312849K->119313K(349696K)] 399588K->119313K(480768K), [Metaspace: 2796K->2796K(1056768K)], 0.0094335 secs] [Times: user=0.00 sys=0.00, real=0.01 secs] 
193.358: [GC (Allocation Failure) [PSYoungGen: 74452K->21504K(131072K)] 193766K->140817K(480768K), 0.0017453 secs] [Times: user=0.00 sys=0.00, real=0.00 secs] 
194.123: [GC (Allocation Failure) [PSYoungGen: 106191K->21504K(131072K)] 327905K->243217K(480768K), 0.0018189 secs] [Times: user=0.02 sys=0.00, real=0.00 secs] 
195.000: [GC (Allocation Failure) [PSYoungGen: 84690K->26656K(131072K)] 357603K->299569K(480768K), 0.0018701 secs] [Times: user=0.00 sys=0.00, real=0.00 secs] 
195.002: [GC (Allocation Failure) [PSYoungGen: 26656K->26656K(131072K)] 299569K->299569K(480768K), 0.0018417 secs] [Times: user=0.00 sys=0.00, real=0.00 secs] 
195.004: [Full GC (Allocation Failure) [PSYoungGen: 26656K->0K(131072K)] [ParOldGen: 272913K->78353K(349696K)] 299569K->78353K(480768K), [Metaspace: 2796K->2796K(1056768K)], 0.0067467 secs] [Times: user=0.00 sys=0.00, real=0.01 secs] 
197.528: [Full GC (Ergonomics) [PSYoungGen: 86740K->0K(131072K)] [ParOldGen: 334353K->36864K(349696K)] 421093K->36864K(480768K), [Metaspace: 2796K->2796K(1056768K)], 0.0040351 secs] [Times: user=0.02 sys=0.00, real=0.00 secs] 
198.182: [GC (Allocation Failure) [PSYoungGen: 84693K->1024K(131072K)] 223957K->191488K(480768K), 0.0046441 secs] [Times: user=0.00 sys=0.00, real=0.00 secs] 
200.146: [Full GC (Ergonomics) [PSYoungGen: 84693K->0K(131072K)] [ParOldGen: 344064K->6144K(349696K)] 428758K->6144K(480768K), [Metaspace: 2796K->2796K(1056768K)], 0.0022781 secs] [Times: user=0.00 sys=0.00, real=0.00 secs] 
201.673: [GC (Allocation Failure) [PSYoungGen: 79574K->11264K(131072K)] 239318K->171008K(480768K), 0.0011715 secs] [Times: user=0.00 sys=0.00, real=0.00 secs] 
203.860: [Full GC (Ergonomics) [PSYoungGen: 96982K->0K(131072K)] [ParOldGen: 313344K->2048K(349696K)] 410327K->2048K(480768K), [Metaspace: 2796K->2796K(1056768K)], 0.0020179 secs] [Times: user=0.00 sys=0.00, real=0.00 secs] 
205.497: [GC (Allocation Failure) [PSYoungGen: 84694K->25600K(131072K)] 240343K->181248K(480768K), 0.0019909 secs] [Times: user=0.00 sys=0.00, real=0.00 secs] 
207.573: [Full GC (Ergonomics) [PSYoungGen: 105175K->0K(131072K)] [ParOldGen: 309248K->6144K(349696K)] 414423K->6144K(480768K), [Metaspace: 2796K->2796K(1056768K)], 0.0020656 secs] [Times: user=0.00 sys=0.00, real=0.00 secs] 
208.336: [GC (Allocation Failure) [PSYoungGen: 84694K->5120K(131072K)] 193239K->164864K(480768K), 0.0044616 secs] [Times: user=0.00 sys=0.00, real=0.00 secs] 
209.971: [Full GC (Ergonomics) [PSYoungGen: 89815K->0K(131072K)] [ParOldGen: 313344K->164369K(349696K)] 403159K->164369K(480768K), [Metaspace: 2796K->2796K(1056768K)], 0.0120502 secs] [Times: user=0.00 sys=0.00, real=0.01 secs] 
211.843: [Full GC (Ergonomics) [PSYoungGen: 83671K->0K(131072K)] [ParOldGen: 317969K->16384K(349696K)] 401640K->16384K(480768K), [Metaspace: 2796K->2796K(1056768K)], 0.0029232 secs] [Times: user=0.00 sys=0.00, real=0.00 secs] 
212.606: [GC (Allocation Failure) [PSYoungGen: 84695K->6144K(131072K)] 203479K->124928K(480768K), 0.0007402 secs] [Times: user=0.00 sys=0.00, real=0.00 secs] 
214.245: [Full GC (Ergonomics) [PSYoungGen: 90839K->0K(131072K)] [ParOldGen: 272384K->27648K(349696K)] 363223K->27648K(480768K), [Metaspace: 2796K->2796K(1056768K)], 0.0033051 secs] [Times: user=0.00 sys=0.00, real=0.00 secs] 
216.098: [GC (Allocation Failure) [PSYoungGen: 83671K->15360K(131072K)] 111319K->43008K(480768K), 0.0014238 secs] [Times: user=0.00 sys=0.00, real=0.00 secs] 
216.860: [GC (Allocation Failure) [PSYoungGen: 100049K->30720K(131072K)] 230097K->160768K(480768K), 0.0024735 secs] [Times: user=0.00 sys=0.00, real=0.00 secs] 
Heap
 PSYoungGen      total 131072K, used 117163K [0x00000000f5580000, 0x0000000100000000, 0x0000000100000000)
  eden space 87552K, 98% used [0x00000000f5580000,0x00000000fa9eacc8,0x00000000fab00000)
  from space 43520K, 70% used [0x00000000fab00000,0x00000000fc900030,0x00000000fd580000)
  to   space 43520K, 0% used [0x00000000fd580000,0x00000000fd580000,0x0000000100000000)
 ParOldGen       total 349696K, used 283648K [0x00000000e0000000, 0x00000000f5580000, 0x00000000f5580000)
  object space 349696K, 81% used [0x00000000e0000000,0x00000000f1500080,0x00000000f5580000)
 Metaspace       used 2804K, capacity 4486K, committed 4864K, reserved 1056768K
  class space    used 297K, capacity 386K, committed 512K, reserved 1048576K
