Java HotSpot(TM) 64-Bit Server VM (25.411-b09) for windows-amd64 JRE (1.8.0_411-b09), built on Mar 13 2024 07:26:13 by "java_re" with MS VC++ 17.1 (VS2022)
Memory: 4k page, physical 33403376k(14459928k free), swap 37153868k(7595996k free)
CommandLine flags: -XX:InitialHeapSize=536870912 -XX:MaxHeapSize=536870912 -XX:NewRatio=2 -XX:ParallelGCThreads=6 -XX:+PrintGC -XX:+PrintGCDetails -XX:+PrintGCTimeStamps -XX:SurvivorRatio=8 -XX:-UseAdaptiveSizePolicy -XX:+UseCompressedClassPointers -XX:+UseCompressedOops -XX:-UseLargePagesIndividualAllocation -XX:+UseParallelGC 
1.848: [GC (Allocation Failure) [PSYoungGen: 136386K->11976K(157184K)] 238786K->114384K(506880K), 0.0029082 secs] [Times: user=0.00 sys=0.00, real=0.00 secs] 
3.516: [GC (Allocation Failure) [PSYoungGen: 147891K->12904K(157184K)] 352699K->222832K(506880K), 0.0032645 secs] [Times: user=0.00 sys=0.00, real=0.00 secs] 
5.592: [GC (Allocation Failure) [PSYoungGen: 112979K->15976K(157184K)] 322907K->246384K(506880K), 0.0156882 secs] [Times: user=0.00 sys=0.00, real=0.02 secs] 
7.059: [Full GC (Ergonomics) [PSYoungGen: 143042K->0K(157184K)] [ParOldGen: 332808K->41488K(349696K)] 475850K->41488K(506880K), [Metaspace: 2759K->2759K(1056768K)], 0.0096783 secs] [Times: user=0.00 sys=0.00, real=0.01 secs] 
8.496: [GC (Allocation Failure) [PSYoungGen: 89830K->0K(157184K)] 233719K->164368K(506880K), 0.0021077 secs] [Times: user=0.00 sys=0.00, real=0.00 secs] 
9.911: [GC (Allocation Failure) [PSYoungGen: 125672K->5120K(157184K)] 392441K->343569K(506880K), 0.0057784 secs] [Times: user=0.00 sys=0.00, real=0.01 secs] 
9.917: [Full GC (Ergonomics) [PSYoungGen: 5120K->0K(157184K)] [ParOldGen: 338449K->77328K(349696K)] 343569K->77328K(506880K), [Metaspace: 2761K->2761K(1056768K)], 0.0067780 secs] [Times: user=0.00 sys=0.00, real=0.01 secs] 
11.341: [GC (Allocation Failure) [PSYoungGen: 125673K->5120K(157184K)] 305402K->205328K(506880K), 0.0023794 secs] [Times: user=0.00 sys=0.00, real=0.00 secs] 
12.761: [Full GC (Ergonomics) [PSYoungGen: 111222K->0K(157184K)] [ParOldGen: 302608K->26129K(349696K)] 413831K->26129K(506880K), [Metaspace: 2763K->2763K(1056768K)], 0.0035639 secs] [Times: user=0.00 sys=0.00, real=0.00 secs] 
14.178: [GC (Allocation Failure) [PSYoungGen: 125674K->11264K(157184K)] 254204K->160273K(506880K), 0.0023880 secs] [Times: user=0.00 sys=0.00, real=0.00 secs] 
16.688: [GC (Allocation Failure) [PSYoungGen: 147179K->10240K(157184K)] 398588K->261649K(506880K), 0.0010636 secs] [Times: user=0.00 sys=0.00, real=0.00 secs] 
17.123: [GC (Allocation Failure) [PSYoungGen: 105195K->5120K(157184K)] 356604K->328209K(506880K), 0.0056311 secs] [Times: user=0.02 sys=0.00, real=0.00 secs] 
17.129: [Full GC (Ergonomics) [PSYoungGen: 5120K->0K(157184K)] [ParOldGen: 323089K->77329K(349696K)] 328209K->77329K(506880K), [Metaspace: 2768K->2768K(1056768K)], 0.0065424 secs] [Times: user=0.00 sys=0.00, real=0.01 secs] 
18.121: [GC (Allocation Failure) [PSYoungGen: 135907K->10240K(157184K)] 213236K->87569K(506880K), 0.0010027 secs] [Times: user=0.00 sys=0.00, real=0.00 secs] 
19.865: [GC (Allocation Failure) [PSYoungGen: 125650K->5120K(157184K)] 305379K->184849K(506880K), 0.0008756 secs] [Times: user=0.00 sys=0.00, real=0.00 secs] 
21.284: [Full GC (Ergonomics) [PSYoungGen: 130779K->0K(157184K)] [ParOldGen: 282129K->128529K(349696K)] 412908K->128529K(506880K), [Metaspace: 2779K->2779K(1056768K)], 0.0097499 secs] [Times: user=0.00 sys=0.00, real=0.01 secs] 
22.721: [GC (Allocation Failure) [PSYoungGen: 125665K->6144K(157184K)] 356594K->257553K(506880K), 0.0022641 secs] [Times: user=0.00 sys=0.00, real=0.00 secs] 
22.829: [GC (Allocation Failure) [PSYoungGen: 60132K->6144K(157184K)] 311541K->308753K(506880K), 0.0048986 secs] [Times: user=0.00 sys=0.00, real=0.00 secs] 
22.834: [Full GC (Ergonomics) [PSYoungGen: 6144K->0K(157184K)] [ParOldGen: 302609K->165393K(349696K)] 308753K->165393K(506880K), [Metaspace: 2779K->2779K(1056768K)], 0.0054546 secs] [Times: user=0.00 sys=0.00, real=0.01 secs] 
24.044: [GC (Allocation Failure) [PSYoungGen: 130788K->10240K(157184K)] 296181K->185873K(506880K), 0.0018002 secs] [Times: user=0.00 sys=0.00, real=0.00 secs] 
25.463: [Full GC (Ergonomics) [PSYoungGen: 135890K->0K(157184K)] [ParOldGen: 278033K->26624K(349696K)] 413923K->26624K(506880K), [Metaspace: 2779K->2779K(1056768K)], 0.0035505 secs] [Times: user=0.00 sys=0.00, real=0.00 secs] 
26.884: [GC (Allocation Failure) [PSYoungGen: 125659K->15360K(157184K)] 254683K->144384K(506880K), 0.0014858 secs] [Times: user=0.00 sys=0.00, real=0.00 secs] 
28.412: [GC (Allocation Failure) [PSYoungGen: 105775K->5152K(157184K)] 234799K->154664K(506880K), 0.0025022 secs] [Times: user=0.00 sys=0.00, real=0.00 secs] 
29.824: [GC (Allocation Failure) [PSYoungGen: 130806K->10272K(157184K)] 382718K->333864K(506880K), 0.0059040 secs] [Times: user=0.00 sys=0.00, real=0.00 secs] 
29.830: [Full GC (Ergonomics) [PSYoungGen: 10272K->0K(157184K)] [ParOldGen: 323592K->82449K(349696K)] 333864K->82449K(506880K), [Metaspace: 2793K->2793K(1056768K)], 0.0066913 secs] [Times: user=0.00 sys=0.00, real=0.01 secs] 
32.563: [Full GC (Ergonomics) [PSYoungGen: 132829K->0K(157184K)] [ParOldGen: 287249K->17408K(349696K)] 420079K->17408K(506880K), [Metaspace: 2793K->2793K(1056768K)], 0.0031538 secs] [Times: user=0.00 sys=0.00, real=0.00 secs] 
33.985: [GC (Allocation Failure) [PSYoungGen: 125666K->11264K(157184K)] 245474K->141312K(506880K), 0.0016095 secs] [Times: user=0.00 sys=0.00, real=0.00 secs] 
35.513: [GC (Allocation Failure) [PSYoungGen: 131813K->10240K(157184K)] 364262K->263168K(506880K), 0.0026756 secs] [Times: user=0.00 sys=0.00, real=0.00 secs] 
35.623: [GC (Allocation Failure) [PSYoungGen: 64231K->10240K(157184K)] 317160K->314368K(506880K), 0.0049770 secs] [Times: user=0.00 sys=0.00, real=0.01 secs] 
35.628: [Full GC (Ergonomics) [PSYoungGen: 10240K->0K(157184K)] [ParOldGen: 304128K->61969K(349696K)] 314368K->61969K(506880K), [Metaspace: 2793K->2793K(1056768K)], 0.0054912 secs] [Times: user=0.00 sys=0.00, real=0.00 secs] 
36.621: [GC (Allocation Failure) [PSYoungGen: 135911K->10240K(157184K)] 197881K->72209K(506880K), 0.0009576 secs] [Times: user=0.00 sys=0.00, real=0.00 secs] 
38.147: [GC (Allocation Failure) [PSYoungGen: 146133K->15360K(157184K)] 310502K->205329K(506880K), 0.0028244 secs] [Times: user=0.00 sys=0.00, real=0.00 secs] 
39.676: [GC (Allocation Failure) [PSYoungGen: 141021K->15360K(157184K)] 330990K->205329K(506880K), 0.0015321 secs] [Times: user=0.00 sys=0.00, real=0.00 secs] 
41.096: [Full GC (Ergonomics) [PSYoungGen: 141020K->0K(157184K)] [ParOldGen: 292369K->123409K(349696K)] 433389K->123409K(506880K), [Metaspace: 2793K->2793K(1056768K)], 0.0098408 secs] [Times: user=0.00 sys=0.00, real=0.01 secs] 
43.731: [GC (Allocation Failure) [PSYoungGen: 137953K->6144K(157184K)] 363763K->231953K(506880K), 0.0010755 secs] [Times: user=0.00 sys=0.00, real=0.00 secs] 
45.266: [Full GC (Ergonomics) [PSYoungGen: 142053K->0K(157184K)] [ParOldGen: 328209K->27648K(349696K)] 470262K->27648K(506880K), [Metaspace: 2795K->2795K(1056768K)], 0.0034393 secs] [Times: user=0.00 sys=0.00, real=0.00 secs] 
46.908: [GC (Allocation Failure) [PSYoungGen: 125671K->0K(157184K)] 255719K->171008K(506880K), 0.0024879 secs] [Times: user=0.00 sys=0.00, real=0.00 secs] 
48.326: [Full GC (Ergonomics) [PSYoungGen: 125672K->0K(157184K)] [ParOldGen: 273408K->46609K(349696K)] 399081K->46609K(506880K), [Metaspace: 2795K->2795K(1056768K)], 0.0049623 secs] [Times: user=0.00 sys=0.00, real=0.01 secs] 
49.751: [GC (Allocation Failure) [PSYoungGen: 125673K->5120K(157184K)] 274683K->225809K(506880K), 0.0054504 secs] [Times: user=0.00 sys=0.00, real=0.01 secs] 
51.168: [Full GC (Ergonomics) [PSYoungGen: 115434K->0K(157184K)] [ParOldGen: 323089K->26624K(349696K)] 438523K->26624K(506880K), [Metaspace: 2795K->2795K(1056768K)], 0.0034290 secs] [Times: user=0.00 sys=0.00, real=0.00 secs] 
52.583: [GC (Allocation Failure) [PSYoungGen: 125674K->6144K(157184K)] 254698K->155648K(506880K), 0.0021783 secs] [Times: user=0.00 sys=0.00, real=0.00 secs] 
55.203: [GC (Allocation Failure) [PSYoungGen: 143083K->15360K(157184K)] 394987K->267264K(506880K), 0.0015630 secs] [Times: user=0.00 sys=0.00, real=0.00 secs] 
55.530: [GC (Allocation Failure) [PSYoungGen: 100075K->15360K(157184K)] 351979K->318464K(506880K), 0.0061374 secs] [Times: user=0.00 sys=0.00, real=0.01 secs] 
55.536: [Full GC (Ergonomics) [PSYoungGen: 15360K->0K(157184K)] [ParOldGen: 303104K->67089K(349696K)] 318464K->67089K(506880K), [Metaspace: 2795K->2795K(1056768K)], 0.0063328 secs] [Times: user=0.00 sys=0.00, real=0.01 secs] 
56.526: [GC (Allocation Failure) [PSYoungGen: 135906K->10240K(157184K)] 202996K->77329K(506880K), 0.0010123 secs] [Times: user=0.00 sys=0.00, real=0.00 secs] 
58.274: [GC (Allocation Failure) [PSYoungGen: 141009K->0K(157184K)] 310499K->189969K(506880K), 0.0018941 secs] [Times: user=0.00 sys=0.00, real=0.00 secs] 
59.689: [Full GC (Ergonomics) [PSYoungGen: 125658K->0K(157184K)] [ParOldGen: 292369K->77824K(349696K)] 418028K->77824K(506880K), [Metaspace: 2796K->2796K(1056768K)], 0.0069723 secs] [Times: user=0.00 sys=0.00, real=0.01 secs] 
61.123: [GC (Allocation Failure) [PSYoungGen: 125664K->5120K(157184K)] 305888K->205824K(506880K), 0.0022311 secs] [Times: user=0.00 sys=0.00, real=0.00 secs] 
62.537: [Full GC (Ergonomics) [PSYoungGen: 110308K->0K(157184K)] [ParOldGen: 303104K->26624K(349696K)] 413412K->26624K(506880K), [Metaspace: 2796K->2796K(1056768K)], 0.0035068 secs] [Times: user=0.00 sys=0.00, real=0.00 secs] 
63.957: [GC (Allocation Failure) [PSYoungGen: 125671K->11264K(157184K)] 254695K->160768K(506880K), 0.0026711 secs] [Times: user=0.00 sys=0.00, real=0.00 secs] 
66.465: [GC (Allocation Failure) [PSYoungGen: 147176K->10240K(157184K)] 399080K->262144K(506880K), 0.0011965 secs] [Times: user=0.00 sys=0.00, real=0.00 secs] 
66.901: [GC (Allocation Failure) [PSYoungGen: 105193K->5120K(157184K)] 357097K->328704K(506880K), 0.0053866 secs] [Times: user=0.01 sys=0.00, real=0.01 secs] 
66.907: [Full GC (Ergonomics) [PSYoungGen: 5120K->0K(157184K)] [ParOldGen: 323584K->77329K(349696K)] 328704K->77329K(506880K), [Metaspace: 2796K->2796K(1056768K)], 0.0064509 secs] [Times: user=0.00 sys=0.00, real=0.01 secs] 
67.900: [GC (Allocation Failure) [PSYoungGen: 135906K->10240K(157184K)] 213236K->87569K(506880K), 0.0009525 secs] [Times: user=0.00 sys=0.00, real=0.00 secs] 
69.645: [GC (Allocation Failure) [PSYoungGen: 125649K->5120K(157184K)] 305379K->184849K(506880K), 0.0008313 secs] [Times: user=0.00 sys=0.00, real=0.00 secs] 
71.066: [Full GC (Ergonomics) [PSYoungGen: 130778K->0K(157184K)] [ParOldGen: 282129K->128529K(349696K)] 412908K->128529K(506880K), [Metaspace: 2796K->2796K(1056768K)], 0.0097525 secs] [Times: user=0.00 sys=0.00, real=0.01 secs] 
72.500: [GC (Allocation Failure) [PSYoungGen: 125664K->6144K(157184K)] 356594K->257553K(506880K), 0.0025849 secs] [Times: user=0.00 sys=0.00, real=0.00 secs] 
72.609: [GC (Allocation Failure) [PSYoungGen: 60132K->6144K(157184K)] 311541K->308753K(506880K), 0.0046157 secs] [Times: user=0.02 sys=0.00, real=0.00 secs] 
72.614: [Full GC (Ergonomics) [PSYoungGen: 6144K->0K(157184K)] [ParOldGen: 302609K->165393K(349696K)] 308753K->165393K(506880K), [Metaspace: 2796K->2796K(1056768K)], 0.0052397 secs] [Times: user=0.00 sys=0.00, real=0.01 secs] 
73.824: [GC (Allocation Failure) [PSYoungGen: 130788K->10240K(157184K)] 296181K->185873K(506880K), 0.0016763 secs] [Times: user=0.00 sys=0.00, real=0.00 secs] 
75.242: [Full GC (Ergonomics) [PSYoungGen: 135890K->0K(157184K)] [ParOldGen: 278033K->26129K(349696K)] 413923K->26129K(506880K), [Metaspace: 2796K->2796K(1056768K)], 0.0036924 secs] [Times: user=0.00 sys=0.00, real=0.00 secs] 
76.662: [GC (Allocation Failure) [PSYoungGen: 125659K->15360K(157184K)] 254188K->143889K(506880K), 0.0014123 secs] [Times: user=0.00 sys=0.00, real=0.00 secs] 
78.192: [GC (Allocation Failure) [PSYoungGen: 105184K->5120K(157184K)] 233714K->154129K(506880K), 0.0023280 secs] [Times: user=0.00 sys=0.00, real=0.00 secs] 
79.616: [GC (Allocation Failure) [PSYoungGen: 130780K->10240K(157184K)] 382190K->333329K(506880K), 0.0057169 secs] [Times: user=0.00 sys=0.00, real=0.01 secs] 
79.622: [Full GC (Ergonomics) [PSYoungGen: 10240K->0K(157184K)] [ParOldGen: 323089K->82449K(349696K)] 333329K->82449K(506880K), [Metaspace: 2796K->2796K(1056768K)], 0.0072705 secs] [Times: user=0.01 sys=0.00, real=0.01 secs] 
82.368: [Full GC (Ergonomics) [PSYoungGen: 132834K->0K(157184K)] [ParOldGen: 287249K->17408K(349696K)] 420083K->17408K(506880K), [Metaspace: 2796K->2796K(1056768K)], 0.0028947 secs] [Times: user=0.00 sys=0.00, real=0.00 secs] 
83.783: [GC (Allocation Failure) [PSYoungGen: 125669K->11264K(157184K)] 245477K->141312K(506880K), 0.0015479 secs] [Times: user=0.00 sys=0.00, real=0.00 secs] 
85.309: [GC (Allocation Failure) [PSYoungGen: 131815K->10240K(157184K)] 364263K->263168K(506880K), 0.0025911 secs] [Times: user=0.00 sys=0.00, real=0.00 secs] 
85.419: [GC (Allocation Failure) [PSYoungGen: 64232K->10240K(157184K)] 317160K->314368K(506880K), 0.0049310 secs] [Times: user=0.00 sys=0.00, real=0.01 secs] 
85.424: [Full GC (Ergonomics) [PSYoungGen: 10240K->0K(157184K)] [ParOldGen: 304128K->61969K(349696K)] 314368K->61969K(506880K), [Metaspace: 2796K->2796K(1056768K)], 0.0055186 secs] [Times: user=0.00 sys=0.00, real=0.00 secs] 
86.416: [GC (Allocation Failure) [PSYoungGen: 135912K->10240K(157184K)] 197882K->72209K(506880K), 0.0010702 secs] [Times: user=0.00 sys=0.00, real=0.00 secs] 
87.944: [GC (Allocation Failure) [PSYoungGen: 146133K->15360K(157184K)] 310503K->205329K(506880K), 0.0029422 secs] [Times: user=0.00 sys=0.00, real=0.00 secs] 
89.483: [GC (Allocation Failure) [PSYoungGen: 141021K->15360K(157184K)] 330990K->205329K(506880K), 0.0015276 secs] [Times: user=0.00 sys=0.00, real=0.00 secs] 
90.899: [Full GC (Ergonomics) [PSYoungGen: 141020K->0K(157184K)] [ParOldGen: 292369K->123409K(349696K)] 433390K->123409K(506880K), [Metaspace: 2796K->2796K(1056768K)], 0.0097304 secs] [Times: user=0.00 sys=0.00, real=0.01 secs] 
93.534: [GC (Allocation Failure) [PSYoungGen: 137954K->6144K(157184K)] 363763K->231953K(506880K), 0.0010227 secs] [Times: user=0.00 sys=0.00, real=0.00 secs] 
95.065: [Full GC (Ergonomics) [PSYoungGen: 142053K->0K(157184K)] [ParOldGen: 328209K->27648K(349696K)] 470262K->27648K(506880K), [Metaspace: 2796K->2796K(1056768K)], 0.0033003 secs] [Times: user=0.00 sys=0.00, real=0.00 secs] 
96.704: [GC (Allocation Failure) [PSYoungGen: 125671K->0K(157184K)] 255719K->171008K(506880K), 0.0024577 secs] [Times: user=0.00 sys=0.00, real=0.00 secs] 
98.124: [Full GC (Ergonomics) [PSYoungGen: 125673K->0K(157184K)] [ParOldGen: 273408K->46609K(349696K)] 399081K->46609K(506880K), [Metaspace: 2796K->2796K(1056768K)], 0.0047755 secs] [Times: user=0.02 sys=0.00, real=0.00 secs] 
99.545: [GC (Allocation Failure) [PSYoungGen: 125673K->5120K(157184K)] 274683K->225809K(506880K), 0.0056179 secs] [Times: user=0.00 sys=0.00, real=0.01 secs] 
100.964: [Full GC (Ergonomics) [PSYoungGen: 115434K->0K(157184K)] [ParOldGen: 323089K->26624K(349696K)] 438523K->26624K(506880K), [Metaspace: 2796K->2796K(1056768K)], 0.0035325 secs] [Times: user=0.00 sys=0.00, real=0.00 secs] 
102.379: [GC (Allocation Failure) [PSYoungGen: 125674K->6144K(157184K)] 254698K->155648K(506880K), 0.0024115 secs] [Times: user=0.00 sys=0.00, real=0.00 secs] 
105.000: [GC (Allocation Failure) [PSYoungGen: 143083K->15360K(157184K)] 394987K->267264K(506880K), 0.0014211 secs] [Times: user=0.00 sys=0.00, real=0.00 secs] 
105.325: [GC (Allocation Failure) [PSYoungGen: 100075K->15360K(157184K)] 351979K->318464K(506880K), 0.0051916 secs] [Times: user=0.00 sys=0.00, real=0.00 secs] 
105.331: [Full GC (Ergonomics) [PSYoungGen: 15360K->0K(157184K)] [ParOldGen: 303104K->67089K(349696K)] 318464K->67089K(506880K), [Metaspace: 2796K->2796K(1056768K)], 0.0056881 secs] [Times: user=0.00 sys=0.00, real=0.01 secs] 
106.323: [GC (Allocation Failure) [PSYoungGen: 135906K->10240K(157184K)] 202996K->77329K(506880K), 0.0009351 secs] [Times: user=0.00 sys=0.00, real=0.00 secs] 
108.069: [GC (Allocation Failure) [PSYoungGen: 141009K->0K(157184K)] 310499K->189969K(506880K), 0.0023297 secs] [Times: user=0.00 sys=0.00, real=0.00 secs] 
109.488: [Full GC (Ergonomics) [PSYoungGen: 125658K->0K(157184K)] [ParOldGen: 292369K->77824K(349696K)] 418028K->77824K(506880K), [Metaspace: 2796K->2796K(1056768K)], 0.0066086 secs] [Times: user=0.00 sys=0.00, real=0.01 secs] 
110.909: [GC (Allocation Failure) [PSYoungGen: 125664K->5120K(157184K)] 305888K->205824K(506880K), 0.0023579 secs] [Times: user=0.00 sys=0.00, real=0.00 secs] 
112.332: [Full GC (Ergonomics) [PSYoungGen: 110308K->0K(157184K)] [ParOldGen: 303104K->26624K(349696K)] 413412K->26624K(506880K), [Metaspace: 2796K->2796K(1056768K)], 0.0035495 secs] [Times: user=0.00 sys=0.00, real=0.00 secs] 
113.753: [GC (Allocation Failure) [PSYoungGen: 125671K->11264K(157184K)] 254695K->160768K(506880K), 0.0026185 secs] [Times: user=0.00 sys=0.00, real=0.00 secs] 
116.264: [GC (Allocation Failure) [PSYoungGen: 147176K->10240K(157184K)] 399080K->262144K(506880K), 0.0010773 secs] [Times: user=0.00 sys=0.00, real=0.00 secs] 
116.702: [GC (Allocation Failure) [PSYoungGen: 105193K->5120K(157184K)] 357097K->328704K(506880K), 0.0056531 secs] [Times: user=0.00 sys=0.00, real=0.00 secs] 
116.708: [Full GC (Ergonomics) [PSYoungGen: 5120K->0K(157184K)] [ParOldGen: 323584K->77329K(349696K)] 328704K->77329K(506880K), [Metaspace: 2796K->2796K(1056768K)], 0.0066943 secs] [Times: user=0.00 sys=0.00, real=0.01 secs] 
117.702: [GC (Allocation Failure) [PSYoungGen: 135906K->10240K(157184K)] 213236K->87569K(506880K), 0.0009195 secs] [Times: user=0.00 sys=0.00, real=0.00 secs] 
119.451: [GC (Allocation Failure) [PSYoungGen: 125649K->5120K(157184K)] 305379K->184849K(506880K), 0.0007616 secs] [Times: user=0.00 sys=0.00, real=0.00 secs] 
120.872: [Full GC (Ergonomics) [PSYoungGen: 130778K->0K(157184K)] [ParOldGen: 282129K->128529K(349696K)] 412908K->128529K(506880K), [Metaspace: 2796K->2796K(1056768K)], 0.0096489 secs] [Times: user=0.00 sys=0.00, real=0.01 secs] 
122.306: [GC (Allocation Failure) [PSYoungGen: 125664K->6144K(157184K)] 356594K->257553K(506880K), 0.0023783 secs] [Times: user=0.00 sys=0.00, real=0.00 secs] 
122.415: [GC (Allocation Failure) [PSYoungGen: 60132K->6144K(157184K)] 311541K->308753K(506880K), 0.0048063 secs] [Times: user=0.00 sys=0.00, real=0.00 secs] 
122.420: [Full GC (Ergonomics) [PSYoungGen: 6144K->0K(157184K)] [ParOldGen: 302609K->165393K(349696K)] 308753K->165393K(506880K), [Metaspace: 2796K->2796K(1056768K)], 0.0051630 secs] [Times: user=0.00 sys=0.00, real=0.01 secs] 
123.631: [GC (Allocation Failure) [PSYoungGen: 130788K->10240K(157184K)] 296181K->185873K(506880K), 0.0017279 secs] [Times: user=0.00 sys=0.00, real=0.00 secs] 
125.050: [Full GC (Ergonomics) [PSYoungGen: 135890K->0K(157184K)] [ParOldGen: 278033K->26129K(349696K)] 413923K->26129K(506880K), [Metaspace: 2796K->2796K(1056768K)], 0.0035969 secs] [Times: user=0.00 sys=0.00, real=0.00 secs] 
126.468: [GC (Allocation Failure) [PSYoungGen: 125659K->15360K(157184K)] 254188K->143889K(506880K), 0.0013493 secs] [Times: user=0.00 sys=0.00, real=0.00 secs] 
127.998: [GC (Allocation Failure) [PSYoungGen: 105184K->5120K(157184K)] 233714K->154129K(506880K), 0.0024070 secs] [Times: user=0.00 sys=0.00, real=0.00 secs] 
129.415: [GC (Allocation Failure) [PSYoungGen: 130780K->10240K(157184K)] 382190K->333329K(506880K), 0.0055653 secs] [Times: user=0.00 sys=0.00, real=0.01 secs] 
129.420: [Full GC (Ergonomics) [PSYoungGen: 10240K->0K(157184K)] [ParOldGen: 323089K->82449K(349696K)] 333329K->82449K(506880K), [Metaspace: 2796K->2796K(1056768K)], 0.0068952 secs] [Times: user=0.03 sys=0.00, real=0.01 secs] 
132.154: [Full GC (Ergonomics) [PSYoungGen: 132834K->0K(157184K)] [ParOldGen: 287249K->17408K(349696K)] 420083K->17408K(506880K), [Metaspace: 2796K->2796K(1056768K)], 0.0029742 secs] [Times: user=0.00 sys=0.00, real=0.00 secs] 
133.571: [GC (Allocation Failure) [PSYoungGen: 125669K->11264K(157184K)] 245477K->141312K(506880K), 0.0016401 secs] [Times: user=0.00 sys=0.00, real=0.00 secs] 
135.100: [GC (Allocation Failure) [PSYoungGen: 131815K->10240K(157184K)] 364263K->263168K(506880K), 0.0025023 secs] [Times: user=0.00 sys=0.00, real=0.00 secs] 
135.210: [GC (Allocation Failure) [PSYoungGen: 64232K->10240K(157184K)] 317160K->314368K(506880K), 0.0049621 secs] [Times: user=0.00 sys=0.00, real=0.01 secs] 
135.215: [Full GC (Ergonomics) [PSYoungGen: 10240K->0K(157184K)] [ParOldGen: 304128K->61969K(349696K)] 314368K->61969K(506880K), [Metaspace: 2796K->2796K(1056768K)], 0.0053515 secs] [Times: user=0.00 sys=0.00, real=0.00 secs] 
136.210: [GC (Allocation Failure) [PSYoungGen: 135912K->10240K(157184K)] 197882K->72209K(506880K), 0.0009937 secs] [Times: user=0.00 sys=0.00, real=0.00 secs] 
137.738: [GC (Allocation Failure) [PSYoungGen: 146133K->15360K(157184K)] 310503K->205329K(506880K), 0.0030152 secs] [Times: user=0.00 sys=0.00, real=0.00 secs] 
139.265: [GC (Allocation Failure) [PSYoungGen: 141021K->15360K(157184K)] 330990K->205329K(506880K), 0.0015582 secs] [Times: user=0.01 sys=0.00, real=0.00 secs] 
140.686: [Full GC (Ergonomics) [PSYoungGen: 141020K->0K(157184K)] [ParOldGen: 292369K->123409K(349696K)] 433390K->123409K(506880K), [Metaspace: 2796K->2796K(1056768K)], 0.0100201 secs] [Times: user=0.00 sys=0.00, real=0.01 secs] 
143.319: [GC (Allocation Failure) [PSYoungGen: 137954K->6144K(157184K)] 363763K->231953K(506880K), 0.0008304 secs] [Times: user=0.00 sys=0.00, real=0.00 secs] 
144.846: [Full GC (Ergonomics) [PSYoungGen: 142053K->0K(157184K)] [ParOldGen: 328209K->27648K(349696K)] 470262K->27648K(506880K), [Metaspace: 2796K->2796K(1056768K)], 0.0033376 secs] [Times: user=0.00 sys=0.00, real=0.00 secs] 
146.485: [GC (Allocation Failure) [PSYoungGen: 125671K->0K(157184K)] 255719K->171008K(506880K), 0.0023593 secs] [Times: user=0.00 sys=0.00, real=0.00 secs] 
147.905: [Full GC (Ergonomics) [PSYoungGen: 125673K->0K(157184K)] [ParOldGen: 273408K->46609K(349696K)] 399081K->46609K(506880K), [Metaspace: 2796K->2796K(1056768K)], 0.0048584 secs] [Times: user=0.00 sys=0.00, real=0.00 secs] 
149.325: [GC (Allocation Failure) [PSYoungGen: 125673K->5120K(157184K)] 274683K->225809K(506880K), 0.0052318 secs] [Times: user=0.02 sys=0.00, real=0.01 secs] 
150.744: [Full GC (Ergonomics) [PSYoungGen: 115434K->0K(157184K)] [ParOldGen: 323089K->26624K(349696K)] 438523K->26624K(506880K), [Metaspace: 2796K->2796K(1056768K)], 0.0032419 secs] [Times: user=0.00 sys=0.00, real=0.00 secs] 
152.167: [GC (Allocation Failure) [PSYoungGen: 125674K->6144K(157184K)] 254698K->155648K(506880K), 0.0021310 secs] [Times: user=0.00 sys=0.00, real=0.00 secs] 
154.784: [GC (Allocation Failure) [PSYoungGen: 143083K->15360K(157184K)] 394987K->267264K(506880K), 0.0014959 secs] [Times: user=0.00 sys=0.00, real=0.00 secs] 
155.110: [GC (Allocation Failure) [PSYoungGen: 100075K->15360K(157184K)] 351979K->318464K(506880K), 0.0052018 secs] [Times: user=0.00 sys=0.00, real=0.00 secs] 
155.115: [Full GC (Ergonomics) [PSYoungGen: 15360K->0K(157184K)] [ParOldGen: 303104K->67089K(349696K)] 318464K->67089K(506880K), [Metaspace: 2796K->2796K(1056768K)], 0.0056104 secs] [Times: user=0.00 sys=0.00, real=0.01 secs] 
156.109: [GC (Allocation Failure) [PSYoungGen: 135906K->10240K(157184K)] 202996K->77329K(506880K), 0.0009285 secs] [Times: user=0.00 sys=0.00, real=0.00 secs] 
157.857: [GC (Allocation Failure) [PSYoungGen: 141009K->0K(157184K)] 310499K->189969K(506880K), 0.0019852 secs] [Times: user=0.00 sys=0.00, real=0.00 secs] 
159.274: [Full GC (Ergonomics) [PSYoungGen: 125658K->0K(157184K)] [ParOldGen: 292369K->77824K(349696K)] 418028K->77824K(506880K), [Metaspace: 2796K->2796K(1056768K)], 0.0065647 secs] [Times: user=0.00 sys=0.00, real=0.01 secs] 
160.694: [GC (Allocation Failure) [PSYoungGen: 125664K->5120K(157184K)] 305888K->205824K(506880K), 0.0020892 secs] [Times: user=0.00 sys=0.00, real=0.00 secs] 
162.113: [Full GC (Ergonomics) [PSYoungGen: 110308K->0K(157184K)] [ParOldGen: 303104K->26129K(349696K)] 413412K->26129K(506880K), [Metaspace: 2796K->2796K(1056768K)], 0.0036513 secs] [Times: user=0.00 sys=0.00, real=0.00 secs] 
163.531: [GC (Allocation Failure) [PSYoungGen: 125671K->11264K(157184K)] 254200K->160273K(506880K), 0.0023743 secs] [Times: user=0.00 sys=0.00, real=0.00 secs] 
166.046: [GC (Allocation Failure) [PSYoungGen: 147176K->10240K(157184K)] 398586K->261649K(506880K), 0.0011789 secs] [Times: user=0.02 sys=0.00, real=0.00 secs] 
166.483: [GC (Allocation Failure) [PSYoungGen: 105193K->5120K(157184K)] 356603K->328209K(506880K), 0.0054118 secs] [Times: user=0.00 sys=0.00, real=0.01 secs] 
166.489: [Full GC (Ergonomics) [PSYoungGen: 5120K->0K(157184K)] [ParOldGen: 323089K->77329K(349696K)] 328209K->77329K(506880K), [Metaspace: 2796K->2796K(1056768K)], 0.0066063 secs] [Times: user=0.00 sys=0.00, real=0.01 secs] 
167.483: [GC (Allocation Failure) [PSYoungGen: 135906K->10240K(157184K)] 213236K->87569K(506880K), 0.0008920 secs] [Times: user=0.00 sys=0.00, real=0.00 secs] 
169.232: [GC (Allocation Failure) [PSYoungGen: 125649K->5120K(157184K)] 305379K->184849K(506880K), 0.0008109 secs] [Times: user=0.00 sys=0.00, real=0.00 secs] 
170.650: [Full GC (Ergonomics) [PSYoungGen: 130778K->0K(157184K)] [ParOldGen: 282129K->128529K(349696K)] 412908K->128529K(506880K), [Metaspace: 2796K->2796K(1056768K)], 0.0110872 secs] [Times: user=0.00 sys=0.00, real=0.01 secs] 
172.090: [GC (Allocation Failure) [PSYoungGen: 125664K->6144K(157184K)] 356594K->257553K(506880K), 0.0022764 secs] [Times: user=0.00 sys=0.00, real=0.00 secs] 
172.198: [GC (Allocation Failure) [PSYoungGen: 60132K->6144K(157184K)] 311541K->308753K(506880K), 0.0045458 secs] [Times: user=0.00 sys=0.00, real=0.00 secs] 
172.203: [Full GC (Ergonomics) [PSYoungGen: 6144K->0K(157184K)] [ParOldGen: 302609K->165393K(349696K)] 308753K->165393K(506880K), [Metaspace: 2796K->2796K(1056768K)], 0.0052852 secs] [Times: user=0.00 sys=0.00, real=0.01 secs] 
173.418: [GC (Allocation Failure) [PSYoungGen: 130788K->10240K(157184K)] 296181K->185873K(506880K), 0.0016983 secs] [Times: user=0.00 sys=0.00, real=0.00 secs] 
174.837: [Full GC (Ergonomics) [PSYoungGen: 135890K->0K(157184K)] [ParOldGen: 278033K->26624K(349696K)] 413923K->26624K(506880K), [Metaspace: 2796K->2796K(1056768K)], 0.0040788 secs] [Times: user=0.00 sys=0.00, real=0.00 secs] 
176.259: [GC (Allocation Failure) [PSYoungGen: 125659K->15360K(157184K)] 254683K->144384K(506880K), 0.0016579 secs] [Times: user=0.00 sys=0.00, real=0.00 secs] 
177.787: [GC (Allocation Failure) [PSYoungGen: 105184K->5120K(157184K)] 234208K->154624K(506880K), 0.0023171 secs] [Times: user=0.00 sys=0.00, real=0.00 secs] 
179.206: [GC (Allocation Failure) [PSYoungGen: 130780K->10240K(157184K)] 382684K->333824K(506880K), 0.0060788 secs] [Times: user=0.00 sys=0.00, real=0.00 secs] 
179.212: [Full GC (Ergonomics) [PSYoungGen: 10240K->0K(157184K)] [ParOldGen: 323584K->82449K(349696K)] 333824K->82449K(506880K), [Metaspace: 2796K->2796K(1056768K)], 0.0070351 secs] [Times: user=0.00 sys=0.00, real=0.01 secs] 
181.944: [Full GC (Ergonomics) [PSYoungGen: 132834K->0K(157184K)] [ParOldGen: 287249K->17408K(349696K)] 420083K->17408K(506880K), [Metaspace: 2796K->2796K(1056768K)], 0.0028652 secs] [Times: user=0.00 sys=0.00, real=0.00 secs] 
183.362: [GC (Allocation Failure) [PSYoungGen: 125669K->11264K(157184K)] 245477K->141312K(506880K), 0.0017525 secs] [Times: user=0.00 sys=0.00, real=0.00 secs] 
184.890: [GC (Allocation Failure) [PSYoungGen: 131815K->10240K(157184K)] 364263K->263168K(506880K), 0.0025460 secs] [Times: user=0.00 sys=0.00, real=0.00 secs] 
184.999: [GC (Allocation Failure) [PSYoungGen: 64232K->10240K(157184K)] 317160K->314368K(506880K), 0.0058380 secs] [Times: user=0.02 sys=0.00, real=0.01 secs] 
185.004: [Full GC (Ergonomics) [PSYoungGen: 10240K->0K(157184K)] [ParOldGen: 304128K->61969K(349696K)] 314368K->61969K(506880K), [Metaspace: 2796K->2796K(1056768K)], 0.0056018 secs] [Times: user=0.00 sys=0.00, real=0.01 secs] 
185.997: [GC (Allocation Failure) [PSYoungGen: 135912K->10240K(157184K)] 197882K->72209K(506880K), 0.0009656 secs] [Times: user=0.00 sys=0.00, real=0.00 secs] 
187.523: [GC (Allocation Failure) [PSYoungGen: 146133K->15360K(157184K)] 310503K->205329K(506880K), 0.0030681 secs] [Times: user=0.00 sys=0.00, real=0.00 secs] 
189.050: [GC (Allocation Failure) [PSYoungGen: 141021K->15360K(157184K)] 330990K->205329K(506880K), 0.0015348 secs] [Times: user=0.00 sys=0.00, real=0.00 secs] 
190.473: [Full GC (Ergonomics) [PSYoungGen: 141020K->0K(157184K)] [ParOldGen: 292369K->123409K(349696K)] 433390K->123409K(506880K), [Metaspace: 2796K->2796K(1056768K)], 0.0098225 secs] [Times: user=0.00 sys=0.00, real=0.01 secs] 
193.110: [GC (Allocation Failure) [PSYoungGen: 137954K->6176K(157184K)] 363763K->231985K(506880K), 0.0008900 secs] [Times: user=0.00 sys=0.00, real=0.00 secs] 
194.636: [Full GC (Ergonomics) [PSYoungGen: 142085K->0K(157184K)] [ParOldGen: 328209K->27648K(349696K)] 470294K->27648K(506880K), [Metaspace: 2796K->2796K(1056768K)], 0.0035319 secs] [Times: user=0.00 sys=0.00, real=0.00 secs] 
196.276: [GC (Allocation Failure) [PSYoungGen: 125671K->0K(157184K)] 255720K->171008K(506880K), 0.0029557 secs] [Times: user=0.00 sys=0.00, real=0.00 secs] 
197.697: [Full GC (Ergonomics) [PSYoungGen: 125673K->0K(157184K)] [ParOldGen: 273408K->46609K(349696K)] 399081K->46609K(506880K), [Metaspace: 2796K->2796K(1056768K)], 0.0049835 secs] [Times: user=0.00 sys=0.00, real=0.01 secs] 
199.115: [GC (Allocation Failure) [PSYoungGen: 125673K->5120K(157184K)] 274683K->225809K(506880K), 0.0052469 secs] [Times: user=0.00 sys=0.00, real=0.00 secs] 
200.533: [Full GC (Ergonomics) [PSYoungGen: 115434K->0K(157184K)] [ParOldGen: 323089K->26624K(349696K)] 438524K->26624K(506880K), [Metaspace: 2796K->2796K(1056768K)], 0.0032824 secs] [Times: user=0.00 sys=0.00, real=0.00 secs] 
201.952: [GC (Allocation Failure) [PSYoungGen: 125674K->6144K(157184K)] 254698K->155648K(506880K), 0.0024728 secs] [Times: user=0.00 sys=0.00, real=0.00 secs] 
204.570: [GC (Allocation Failure) [PSYoungGen: 143083K->15360K(157184K)] 394987K->267264K(506880K), 0.0015310 secs] [Times: user=0.00 sys=0.00, real=0.00 secs] 
204.897: [GC (Allocation Failure) [PSYoungGen: 100075K->15360K(157184K)] 351979K->318464K(506880K), 0.0051294 secs] [Times: user=0.00 sys=0.00, real=0.00 secs] 
204.903: [Full GC (Ergonomics) [PSYoungGen: 15360K->0K(157184K)] [ParOldGen: 303104K->67089K(349696K)] 318464K->67089K(506880K), [Metaspace: 2796K->2796K(1056768K)], 0.0059632 secs] [Times: user=0.00 sys=0.00, real=0.01 secs] 
205.903: [GC (Allocation Failure) [PSYoungGen: 135906K->10240K(157184K)] 202996K->77329K(506880K), 0.0009378 secs] [Times: user=0.00 sys=0.00, real=0.00 secs] 
207.647: [GC (Allocation Failure) [PSYoungGen: 141009K->0K(157184K)] 310499K->189969K(506880K), 0.0018464 secs] [Times: user=0.00 sys=0.00, real=0.00 secs] 
209.066: [Full GC (Ergonomics) [PSYoungGen: 125658K->0K(157184K)] [ParOldGen: 292369K->77824K(349696K)] 418028K->77824K(506880K), [Metaspace: 2796K->2796K(1056768K)], 0.0067191 secs] [Times: user=0.00 sys=0.00, real=0.01 secs] 
210.484: [GC (Allocation Failure) [PSYoungGen: 125664K->5120K(157184K)] 305888K->205824K(506880K), 0.0022600 secs] [Times: user=0.09 sys=0.00, real=0.00 secs] 
211.903: [Full GC (Ergonomics) [PSYoungGen: 110308K->0K(157184K)] [ParOldGen: 303104K->26624K(349696K)] 413412K->26624K(506880K), [Metaspace: 2796K->2796K(1056768K)], 0.0031636 secs] [Times: user=0.00 sys=0.00, real=0.00 secs] 
213.321: [GC (Allocation Failure) [PSYoungGen: 125671K->11264K(157184K)] 254695K->160768K(506880K), 0.0026104 secs] [Times: user=0.00 sys=0.00, real=0.00 secs] 
215.828: [GC (Allocation Failure) [PSYoungGen: 147176K->10240K(157184K)] 399080K->262144K(506880K), 0.0013404 secs] [Times: user=0.00 sys=0.00, real=0.00 secs] 
216.264: [GC (Allocation Failure) [PSYoungGen: 105193K->5120K(157184K)] 357097K->328704K(506880K), 0.0052928 secs] [Times: user=0.00 sys=0.00, real=0.01 secs] 
216.269: [Full GC (Ergonomics) [PSYoungGen: 5120K->0K(157184K)] [ParOldGen: 323584K->77329K(349696K)] 328704K->77329K(506880K), [Metaspace: 2796K->2796K(1056768K)], 0.0066482 secs] [Times: user=0.00 sys=0.00, real=0.01 secs] 
217.266: [GC (Allocation Failure) [PSYoungGen: 135906K->10240K(157184K)] 213236K->87569K(506880K), 0.0010296 secs] [Times: user=0.00 sys=0.00, real=0.00 secs] 
Heap
 PSYoungGen      total 157184K, used 128445K [0x00000000f5580000, 0x0000000100000000, 0x0000000100000000)
  eden space 139776K, 84% used [0x00000000f5580000,0x00000000fc8ef6e0,0x00000000fde00000)
  from space 17408K, 58% used [0x00000000fef00000,0x00000000ff900020,0x0000000100000000)
  to   space 17408K, 0% used [0x00000000fde00000,0x00000000fde00000,0x00000000fef00000)
 ParOldGen       total 349696K, used 179729K [0x00000000e0000000, 0x00000000f5580000, 0x00000000f5580000)
  object space 349696K, 51% used [0x00000000e0000000,0x00000000eaf84720,0x00000000f5580000)
 Metaspace       used 2804K, capacity 4486K, committed 4864K, reserved 1056768K
  class space    used 297K, capacity 386K, committed 512K, reserved 1048576K
