Java HotSpot(TM) 64-Bit Server VM (25.411-b09) for windows-amd64 JRE (1.8.0_411-b09), built on Mar 13 2024 07:26:13 by "java_re" with MS VC++ 17.1 (VS2022)
Memory: 4k page, physical 33403376k(14627320k free), swap 37153868k(7581016k free)
CommandLine flags: -XX:InitialHeapSize=536870912 -XX:MaxHeapSize=536870912 -XX:NewRatio=1 -XX:ParallelGCThreads=6 -XX:+PrintGC -XX:+PrintGCDetails -XX:+PrintGCTimeStamps -XX:SurvivorRatio=13 -XX:-UseAdaptiveSizePolicy -XX:+UseCompressedClassPointers -XX:+UseCompressedOops -XX:-UseLargePagesIndividualAllocation -XX:+UseParallelGC 
1.385: [GC (Allocation Failure) [PSYoungGen: 131973K->5784K(244736K)] 131973K->56992K(506880K), 0.0169074 secs] [Times: user=0.00 sys=0.00, real=0.02 secs] 
2.706: [GC (Allocation Failure) [PSYoungGen: 184254K->11968K(244736K)] 235462K->83664K(506880K), 0.0152708 secs] [Times: user=0.02 sys=0.00, real=0.01 secs] 
5.121: [GC (Allocation Failure) [PSYoungGen: 236558K->10872K(244736K)] 308254K->82576K(506880K), 0.0021347 secs] [Times: user=0.00 sys=0.00, real=0.00 secs] 
6.432: [GC (Allocation Failure) [PSYoungGen: 235486K->15992K(244736K)] 307190K->97936K(506880K), 0.0046363 secs] [Times: user=0.00 sys=0.00, real=0.00 secs] 
8.281: [GC (Allocation Failure) [PSYoungGen: 242902K->5752K(244736K)] 324846K->87704K(506880K), 0.0011555 secs] [Times: user=0.00 sys=0.00, real=0.00 secs] 
9.591: [GC (Allocation Failure) [PSYoungGen: 225260K->16008K(244736K)] 307212K->149160K(506880K), 0.0170509 secs] [Times: user=0.00 sys=0.02, real=0.02 secs] 
10.915: [GC (Allocation Failure) [PSYoungGen: 235526K->16024K(244736K)] 368678K->251576K(506880K), 0.0317411 secs] [Times: user=0.02 sys=0.00, real=0.03 secs] 
10.947: [Full GC (Ergonomics) [PSYoungGen: 16024K->0K(244736K)] [ParOldGen: 235552K->169488K(262144K)] 251576K->169488K(506880K), [Metaspace: 2761K->2761K(1056768K)], 0.0135172 secs] [Times: user=0.00 sys=0.00, real=0.01 secs] 
12.491: [Full GC (Ergonomics) [PSYoungGen: 219524K->0K(244736K)] [ParOldGen: 169488K->15888K(262144K)] 389013K->15888K(506880K), [Metaspace: 2762K->2762K(1056768K)], 0.0056649 secs] [Times: user=0.00 sys=0.00, real=0.01 secs] 
13.801: [GC (Allocation Failure) [PSYoungGen: 220991K->6176K(244736K)] 236880K->22072K(506880K), 0.0007642 secs] [Times: user=0.00 sys=0.00, real=0.00 secs] 
15.112: [GC (Allocation Failure) [PSYoungGen: 230800K->11296K(244736K)] 246696K->37432K(506880K), 0.0017243 secs] [Times: user=0.00 sys=0.00, real=0.00 secs] 
17.075: [GC (Allocation Failure) [PSYoungGen: 164251K->5216K(244736K)] 190388K->103032K(506880K), 0.0054884 secs] [Times: user=0.00 sys=0.00, real=0.00 secs] 
18.398: [GC (Allocation Failure) [PSYoungGen: 183771K->10272K(244736K)] 281588K->128568K(506880K), 0.0024632 secs] [Times: user=0.00 sys=0.00, real=0.00 secs] 
19.817: [GC (Allocation Failure) [PSYoungGen: 188812K->5152K(244736K)] 307109K->123448K(506880K), 0.0008263 secs] [Times: user=0.00 sys=0.00, real=0.00 secs] 
21.127: [GC (Allocation Failure) [PSYoungGen: 214421K->15392K(244736K)] 332718K->236089K(506880K), 0.0160323 secs] [Times: user=0.02 sys=0.00, real=0.02 secs] 
21.143: [Full GC (Ergonomics) [PSYoungGen: 15392K->0K(244736K)] [ParOldGen: 220696K->118289K(262144K)] 236089K->118289K(506880K), [Metaspace: 2779K->2779K(1056768K)], 0.0092466 secs] [Times: user=0.02 sys=0.00, real=0.01 secs] 
22.472: [GC (Allocation Failure) [PSYoungGen: 219518K->16384K(244736K)] 337807K->134673K(506880K), 0.0016433 secs] [Times: user=0.00 sys=0.00, real=0.00 secs] 
24.001: [GC (Allocation Failure) [PSYoungGen: 230773K->10240K(244736K)] 349062K->138769K(506880K), 0.0018138 secs] [Times: user=0.00 sys=0.00, real=0.00 secs] 
25.307: [GC (Allocation Failure) [PSYoungGen: 229758K->15360K(244736K)] 358287K->143889K(506880K), 0.0014664 secs] [Times: user=0.00 sys=0.00, real=0.00 secs] 
26.616: [GC (Allocation Failure) [PSYoungGen: 234884K->15360K(244736K)] 363414K->154129K(506880K), 0.0019197 secs] [Times: user=0.00 sys=0.00, real=0.00 secs] 
28.467: [GC (Allocation Failure) [PSYoungGen: 179529K->5152K(244736K)] 318298K->246329K(506880K), 0.0155017 secs] [Times: user=0.00 sys=0.00, real=0.02 secs] 
28.483: [Full GC (Ergonomics) [PSYoungGen: 5152K->0K(244736K)] [ParOldGen: 241177K->56849K(262144K)] 246329K->56849K(506880K), [Metaspace: 2793K->2793K(1056768K)], 0.0046648 secs] [Times: user=0.00 sys=0.00, real=0.00 secs] 
29.791: [GC (Allocation Failure) [PSYoungGen: 178556K->5120K(244736K)] 235405K->82449K(506880K), 0.0022020 secs] [Times: user=0.00 sys=0.00, real=0.00 secs] 
31.321: [GC (Allocation Failure) [PSYoungGen: 188780K->5120K(244736K)] 266110K->82449K(506880K), 0.0008365 secs] [Times: user=0.00 sys=0.00, real=0.00 secs] 
32.629: [GC (Allocation Failure) [PSYoungGen: 183670K->6144K(244736K)] 260999K->103953K(506880K), 0.0023549 secs] [Times: user=0.00 sys=0.00, real=0.00 secs] 
33.942: [GC (Allocation Failure) [PSYoungGen: 215419K->16384K(244736K)] 313228K->125457K(506880K), 0.0019051 secs] [Times: user=0.00 sys=0.00, real=0.00 secs] 
35.472: [GC (Allocation Failure) [PSYoungGen: 241025K->10240K(244736K)] 350099K->139793K(506880K), 0.0023031 secs] [Times: user=0.00 sys=0.00, real=0.00 secs] 
36.780: [GC (Allocation Failure) [PSYoungGen: 219527K->15360K(244736K)] 349080K->155153K(506880K), 0.0018248 secs] [Times: user=0.00 sys=0.00, real=0.00 secs] 
38.085: [GC (Allocation Failure) [PSYoungGen: 234889K->15360K(244736K)] 374683K->190993K(506880K), 0.0036254 secs] [Times: user=0.00 sys=0.00, real=0.00 secs] 
38.089: [Full GC (Ergonomics) [PSYoungGen: 15360K->0K(244736K)] [ParOldGen: 175633K->51729K(262144K)] 190993K->51729K(506880K), [Metaspace: 2793K->2793K(1056768K)], 0.0047982 secs] [Times: user=0.00 sys=0.00, real=0.01 secs] 
39.833: [GC (Allocation Failure) [PSYoungGen: 199051K->5120K(244736K)] 250781K->108049K(506880K), 0.0047478 secs] [Times: user=0.00 sys=0.00, real=0.00 secs] 
41.143: [GC (Allocation Failure) [PSYoungGen: 183675K->10240K(244736K)] 286604K->236049K(506880K), 0.0159708 secs] [Times: user=0.02 sys=0.00, real=0.02 secs] 
41.159: [Full GC (Ergonomics) [PSYoungGen: 10240K->0K(244736K)] [ParOldGen: 225809K->133649K(262144K)] 236049K->133649K(506880K), [Metaspace: 2793K->2793K(1056768K)], 0.0103238 secs] [Times: user=0.01 sys=0.00, real=0.01 secs] 
43.687: [GC (Allocation Failure) [PSYoungGen: 219500K->6144K(244736K)] 353149K->139793K(506880K), 0.0007912 secs] [Times: user=0.00 sys=0.00, real=0.00 secs] 
44.996: [GC (Allocation Failure) [PSYoungGen: 230762K->16384K(244736K)] 364411K->155153K(506880K), 0.0021148 secs] [Times: user=0.00 sys=0.00, real=0.00 secs] 
46.738: [GC (Allocation Failure) [PSYoungGen: 241030K->10240K(244736K)] 379800K->149009K(506880K), 0.0012993 secs] [Times: user=0.00 sys=0.00, real=0.00 secs] 
48.048: [GC (Allocation Failure) [PSYoungGen: 229770K->15360K(244736K)] 368539K->174609K(506880K), 0.0025907 secs] [Times: user=0.00 sys=0.00, real=0.00 secs] 
49.357: [GC (Allocation Failure) [PSYoungGen: 234892K->15360K(244736K)] 394141K->225809K(506880K), 0.0052072 secs] [Times: user=0.00 sys=0.00, real=0.00 secs] 
49.363: [Full GC (Ergonomics) [PSYoungGen: 15360K->0K(244736K)] [ParOldGen: 210449K->87569K(262144K)] 225809K->87569K(506880K), [Metaspace: 2795K->2795K(1056768K)], 0.0072250 secs] [Times: user=0.00 sys=0.00, real=0.01 secs] 
50.903: [GC (Allocation Failure) [PSYoungGen: 224653K->15360K(244736K)] 312223K->102929K(506880K), 0.0015169 secs] [Times: user=0.00 sys=0.00, real=0.00 secs] 
52.211: [GC (Allocation Failure) [PSYoungGen: 234880K->16384K(244736K)] 322449K->103953K(506880K), 0.0011434 secs] [Times: user=0.00 sys=0.00, real=0.00 secs] 
53.523: [GC (Allocation Failure) [PSYoungGen: 241015K->12288K(244736K)] 328584K->104977K(506880K), 0.0014592 secs] [Times: user=0.00 sys=0.00, real=0.00 secs] 
55.492: [GC (Allocation Failure) [PSYoungGen: 155008K->15360K(244736K)] 247698K->159249K(506880K), 0.0050857 secs] [Times: user=0.02 sys=0.00, real=0.00 secs] 
56.799: [GC (Allocation Failure) [PSYoungGen: 193916K->15360K(244736K)] 337806K->205329K(506880K), 0.0035457 secs] [Times: user=0.00 sys=0.00, real=0.00 secs] 
56.803: [Full GC (Ergonomics) [PSYoungGen: 15360K->0K(244736K)] [ParOldGen: 189969K->41489K(262144K)] 205329K->41489K(506880K), [Metaspace: 2796K->2796K(1056768K)], 0.0041372 secs] [Times: user=0.00 sys=0.00, real=0.00 secs] 
58.218: [GC (Allocation Failure) [PSYoungGen: 193910K->0K(244736K)] 235399K->61969K(506880K), 0.0021204 secs] [Times: user=0.00 sys=0.00, real=0.00 secs] 
59.527: [GC (Allocation Failure) [PSYoungGen: 209260K->15360K(244736K)] 271229K->128529K(506880K), 0.0051521 secs] [Times: user=0.00 sys=0.00, real=0.01 secs] 
60.837: [GC (Allocation Failure) [PSYoungGen: 234872K->15360K(244736K)] 348041K->236049K(506880K), 0.0158576 secs] [Times: user=0.00 sys=0.00, real=0.02 secs] 
60.853: [Full GC (Ergonomics) [PSYoungGen: 15360K->0K(244736K)] [ParOldGen: 220689K->174609K(262144K)] 236049K->174609K(506880K), [Metaspace: 2796K->2796K(1056768K)], 0.0126207 secs] [Times: user=0.00 sys=0.00, real=0.01 secs] 
62.399: [Full GC (Ergonomics) [PSYoungGen: 219520K->0K(244736K)] [ParOldGen: 174609K->16384K(262144K)] 394130K->16384K(506880K), [Metaspace: 2796K->2796K(1056768K)], 0.0027074 secs] [Times: user=0.00 sys=0.00, real=0.00 secs] 
63.706: [GC (Allocation Failure) [PSYoungGen: 219511K->11264K(244736K)] 235895K->37888K(506880K), 0.0015810 secs] [Times: user=0.00 sys=0.00, real=0.00 secs] 
65.015: [GC (Allocation Failure) [PSYoungGen: 230776K->16384K(244736K)] 257400K->48128K(506880K), 0.0015830 secs] [Times: user=0.00 sys=0.00, real=0.00 secs] 
66.874: [GC (Allocation Failure) [PSYoungGen: 164225K->5120K(244736K)] 195969K->108544K(506880K), 0.0051701 secs] [Times: user=0.00 sys=0.00, real=0.00 secs] 
68.185: [GC (Allocation Failure) [PSYoungGen: 183677K->10240K(244736K)] 287102K->134144K(506880K), 0.0027147 secs] [Times: user=0.00 sys=0.00, real=0.00 secs] 
69.605: [GC (Allocation Failure) [PSYoungGen: 188782K->5120K(244736K)] 312686K->129024K(506880K), 0.0008851 secs] [Times: user=0.00 sys=0.00, real=0.00 secs] 
70.912: [GC (Allocation Failure) [PSYoungGen: 214390K->15360K(244736K)] 338294K->241664K(506880K), 0.0153273 secs] [Times: user=0.00 sys=0.00, real=0.02 secs] 
70.928: [Full GC (Ergonomics) [PSYoungGen: 15360K->0K(244736K)] [ParOldGen: 226304K->118289K(262144K)] 241664K->118289K(506880K), [Metaspace: 2796K->2796K(1056768K)], 0.0089803 secs] [Times: user=0.00 sys=0.00, real=0.01 secs] 
72.240: [GC (Allocation Failure) [PSYoungGen: 219518K->16384K(244736K)] 337808K->134673K(506880K), 0.0015460 secs] [Times: user=0.00 sys=0.00, real=0.00 secs] 
73.772: [GC (Allocation Failure) [PSYoungGen: 230774K->10240K(244736K)] 349063K->138769K(506880K), 0.0016254 secs] [Times: user=0.00 sys=0.00, real=0.00 secs] 
75.083: [GC (Allocation Failure) [PSYoungGen: 229758K->15360K(244736K)] 358288K->154129K(506880K), 0.0018551 secs] [Times: user=0.00 sys=0.00, real=0.00 secs] 
76.396: [GC (Allocation Failure) [PSYoungGen: 234885K->15360K(244736K)] 373654K->164369K(506880K), 0.0020027 secs] [Times: user=0.00 sys=0.00, real=0.00 secs] 
78.250: [GC (Allocation Failure) [PSYoungGen: 178569K->5120K(244736K)] 327578K->256529K(506880K), 0.0155643 secs] [Times: user=0.00 sys=0.00, real=0.02 secs] 
78.266: [Full GC (Ergonomics) [PSYoungGen: 5120K->0K(244736K)] [ParOldGen: 251409K->56849K(262144K)] 256529K->56849K(506880K), [Metaspace: 2796K->2796K(1056768K)], 0.0054706 secs] [Times: user=0.00 sys=0.00, real=0.00 secs] 
79.579: [GC (Allocation Failure) [PSYoungGen: 178565K->5120K(244736K)] 235414K->82449K(506880K), 0.0023850 secs] [Times: user=0.00 sys=0.00, real=0.00 secs] 
81.107: [GC (Allocation Failure) [PSYoungGen: 188786K->5120K(244736K)] 266116K->82449K(506880K), 0.0007895 secs] [Times: user=0.00 sys=0.00, real=0.00 secs] 
82.420: [GC (Allocation Failure) [PSYoungGen: 183673K->6144K(244736K)] 261003K->103953K(506880K), 0.0022972 secs] [Times: user=0.00 sys=0.00, real=0.00 secs] 
83.727: [GC (Allocation Failure) [PSYoungGen: 215421K->16384K(244736K)] 313231K->125457K(506880K), 0.0021175 secs] [Times: user=0.00 sys=0.00, real=0.00 secs] 
85.252: [GC (Allocation Failure) [PSYoungGen: 241027K->10240K(244736K)] 350100K->139793K(506880K), 0.0022995 secs] [Times: user=0.00 sys=0.00, real=0.00 secs] 
86.567: [GC (Allocation Failure) [PSYoungGen: 219528K->15360K(244736K)] 349081K->155153K(506880K), 0.0017907 secs] [Times: user=0.00 sys=0.00, real=0.00 secs] 
87.877: [GC (Allocation Failure) [PSYoungGen: 234890K->15360K(244736K)] 374683K->180753K(506880K), 0.0029418 secs] [Times: user=0.00 sys=0.00, real=0.00 secs] 
89.622: [GC (Allocation Failure) [PSYoungGen: 214412K->5120K(244736K)] 379805K->221713K(506880K), 0.0046852 secs] [Times: user=0.00 sys=0.00, real=0.01 secs] 
89.627: [Full GC (Ergonomics) [PSYoungGen: 5120K->0K(244736K)] [ParOldGen: 216593K->56849K(262144K)] 221713K->56849K(506880K), [Metaspace: 2796K->2796K(1056768K)], 0.0052317 secs] [Times: user=0.00 sys=0.00, real=0.00 secs] 
90.949: [GC (Allocation Failure) [PSYoungGen: 178571K->5120K(244736K)] 235421K->184849K(506880K), 0.0153729 secs] [Times: user=0.00 sys=0.00, real=0.01 secs] 
90.965: [Full GC (Ergonomics) [PSYoungGen: 5120K->0K(244736K)] [ParOldGen: 179729K->133649K(262144K)] 184849K->133649K(506880K), [Metaspace: 2796K->2796K(1056768K)], 0.0100815 secs] [Times: user=0.00 sys=0.00, real=0.01 secs] 
93.491: [GC (Allocation Failure) [PSYoungGen: 219511K->6144K(244736K)] 353160K->139793K(506880K), 0.0009809 secs] [Times: user=0.00 sys=0.00, real=0.00 secs] 
94.800: [GC (Allocation Failure) [PSYoungGen: 230769K->16384K(244736K)] 364418K->155153K(506880K), 0.0017397 secs] [Times: user=0.00 sys=0.00, real=0.00 secs] 
96.546: [GC (Allocation Failure) [PSYoungGen: 241035K->10240K(244736K)] 379804K->149009K(506880K), 0.0010720 secs] [Times: user=0.00 sys=0.00, real=0.00 secs] 
97.856: [GC (Allocation Failure) [PSYoungGen: 229773K->15360K(244736K)] 368542K->174609K(506880K), 0.0028246 secs] [Times: user=0.00 sys=0.00, real=0.00 secs] 
99.171: [GC (Allocation Failure) [PSYoungGen: 234894K->15360K(244736K)] 394143K->225809K(506880K), 0.0055955 secs] [Times: user=0.00 sys=0.00, real=0.01 secs] 
99.177: [Full GC (Ergonomics) [PSYoungGen: 15360K->0K(244736K)] [ParOldGen: 210449K->87569K(262144K)] 225809K->87569K(506880K), [Metaspace: 2796K->2796K(1056768K)], 0.0072115 secs] [Times: user=0.00 sys=0.00, real=0.01 secs] 
100.716: [GC (Allocation Failure) [PSYoungGen: 224654K->15360K(244736K)] 312224K->102929K(506880K), 0.0014049 secs] [Times: user=0.00 sys=0.00, real=0.00 secs] 
102.031: [GC (Allocation Failure) [PSYoungGen: 234881K->16384K(244736K)] 322450K->103953K(506880K), 0.0012437 secs] [Times: user=0.00 sys=0.00, real=0.00 secs] 
103.337: [GC (Allocation Failure) [PSYoungGen: 241015K->12288K(244736K)] 328585K->104977K(506880K), 0.0014854 secs] [Times: user=0.00 sys=0.00, real=0.00 secs] 
105.304: [GC (Allocation Failure) [PSYoungGen: 155008K->15360K(244736K)] 247698K->159249K(506880K), 0.0051215 secs] [Times: user=0.02 sys=0.00, real=0.00 secs] 
106.612: [GC (Allocation Failure) [PSYoungGen: 193916K->15360K(244736K)] 337806K->205329K(506880K), 0.0035858 secs] [Times: user=0.00 sys=0.00, real=0.00 secs] 
106.615: [Full GC (Ergonomics) [PSYoungGen: 15360K->0K(244736K)] [ParOldGen: 189969K->41489K(262144K)] 205329K->41489K(506880K), [Metaspace: 2796K->2796K(1056768K)], 0.0038820 secs] [Times: user=0.00 sys=0.00, real=0.00 secs] 
108.048: [GC (Allocation Failure) [PSYoungGen: 193910K->0K(244736K)] 235399K->61969K(506880K), 0.0017898 secs] [Times: user=0.00 sys=0.00, real=0.00 secs] 
109.357: [GC (Allocation Failure) [PSYoungGen: 209260K->15360K(244736K)] 271229K->128529K(506880K), 0.0048326 secs] [Times: user=0.00 sys=0.00, real=0.00 secs] 
110.666: [GC (Allocation Failure) [PSYoungGen: 234872K->15360K(244736K)] 348041K->236049K(506880K), 0.0158245 secs] [Times: user=0.00 sys=0.00, real=0.02 secs] 
110.683: [Full GC (Ergonomics) [PSYoungGen: 15360K->0K(244736K)] [ParOldGen: 220689K->174609K(262144K)] 236049K->174609K(506880K), [Metaspace: 2796K->2796K(1056768K)], 0.0125365 secs] [Times: user=0.00 sys=0.00, real=0.01 secs] 
112.226: [Full GC (Ergonomics) [PSYoungGen: 219520K->0K(244736K)] [ParOldGen: 174609K->16384K(262144K)] 394130K->16384K(506880K), [Metaspace: 2796K->2796K(1056768K)], 0.0028784 secs] [Times: user=0.00 sys=0.00, real=0.00 secs] 
113.534: [GC (Allocation Failure) [PSYoungGen: 219511K->11264K(244736K)] 235895K->37888K(506880K), 0.0013600 secs] [Times: user=0.00 sys=0.00, real=0.00 secs] 
114.844: [GC (Allocation Failure) [PSYoungGen: 230776K->11264K(244736K)] 257400K->37888K(506880K), 0.0009030 secs] [Times: user=0.00 sys=0.00, real=0.00 secs] 
116.700: [GC (Allocation Failure) [PSYoungGen: 159105K->5120K(244736K)] 185729K->103424K(506880K), 0.0053036 secs] [Times: user=0.00 sys=0.00, real=0.00 secs] 
118.024: [GC (Allocation Failure) [PSYoungGen: 183677K->10240K(244736K)] 281982K->129024K(506880K), 0.0024751 secs] [Times: user=0.02 sys=0.00, real=0.00 secs] 
119.447: [GC (Allocation Failure) [PSYoungGen: 188782K->5120K(244736K)] 307566K->123904K(506880K), 0.0009057 secs] [Times: user=0.00 sys=0.00, real=0.00 secs] 
120.752: [GC (Allocation Failure) [PSYoungGen: 214390K->15360K(244736K)] 333174K->236544K(506880K), 0.0156776 secs] [Times: user=0.00 sys=0.00, real=0.02 secs] 
120.768: [Full GC (Ergonomics) [PSYoungGen: 15360K->0K(244736K)] [ParOldGen: 221184K->118289K(262144K)] 236544K->118289K(506880K), [Metaspace: 2796K->2796K(1056768K)], 0.0092082 secs] [Times: user=0.00 sys=0.00, real=0.01 secs] 
122.100: [GC (Allocation Failure) [PSYoungGen: 219518K->16384K(244736K)] 337808K->134673K(506880K), 0.0014899 secs] [Times: user=0.00 sys=0.00, real=0.00 secs] 
123.628: [GC (Allocation Failure) [PSYoungGen: 230774K->10240K(244736K)] 349063K->138769K(506880K), 0.0016502 secs] [Times: user=0.00 sys=0.00, real=0.00 secs] 
124.939: [GC (Allocation Failure) [PSYoungGen: 229758K->15360K(244736K)] 358288K->154129K(506880K), 0.0019582 secs] [Times: user=0.00 sys=0.00, real=0.00 secs] 
126.251: [GC (Allocation Failure) [PSYoungGen: 234885K->15360K(244736K)] 373654K->174609K(506880K), 0.0026720 secs] [Times: user=0.00 sys=0.00, real=0.00 secs] 
126.254: [Full GC (Ergonomics) [PSYoungGen: 15360K->0K(244736K)] [ParOldGen: 159249K->36369K(262144K)] 174609K->36369K(506880K), [Metaspace: 2796K->2796K(1056768K)], 0.0038310 secs] [Times: user=0.00 sys=0.00, real=0.00 secs] 
128.106: [GC (Allocation Failure) [PSYoungGen: 163209K->5120K(244736K)] 199578K->143889K(506880K), 0.0056739 secs] [Times: user=0.00 sys=0.00, real=0.01 secs] 
128.112: [Full GC (Ergonomics) [PSYoungGen: 5120K->0K(244736K)] [ParOldGen: 138769K->56849K(262144K)] 143889K->56849K(506880K), [Metaspace: 2796K->2796K(1056768K)], 0.0049600 secs] [Times: user=0.00 sys=0.00, real=0.00 secs] 
129.430: [GC (Allocation Failure) [PSYoungGen: 178545K->5120K(244736K)] 235394K->82449K(506880K), 0.0019785 secs] [Times: user=0.02 sys=0.00, real=0.00 secs] 
130.959: [GC (Allocation Failure) [PSYoungGen: 188774K->5120K(244736K)] 266103K->82449K(506880K), 0.0007855 secs] [Times: user=0.00 sys=0.00, real=0.00 secs] 
132.271: [GC (Allocation Failure) [PSYoungGen: 183665K->6144K(244736K)] 260995K->103953K(506880K), 0.0021136 secs] [Times: user=0.00 sys=0.00, real=0.00 secs] 
133.579: [GC (Allocation Failure) [PSYoungGen: 215416K->7168K(244736K)] 313225K->125457K(506880K), 0.0020005 secs] [Times: user=0.00 sys=0.00, real=0.00 secs] 
135.106: [GC (Allocation Failure) [PSYoungGen: 231808K->10240K(244736K)] 350097K->149009K(506880K), 0.0024326 secs] [Times: user=0.00 sys=0.00, real=0.00 secs] 
136.420: [GC (Allocation Failure) [PSYoungGen: 219526K->15360K(244736K)] 358295K->164369K(506880K), 0.0018523 secs] [Times: user=0.00 sys=0.00, real=0.00 secs] 
137.733: [GC (Allocation Failure) [PSYoungGen: 234888K->15360K(244736K)] 383898K->200209K(506880K), 0.0035074 secs] [Times: user=0.00 sys=0.00, real=0.00 secs] 
137.736: [Full GC (Ergonomics) [PSYoungGen: 15360K->0K(244736K)] [ParOldGen: 184849K->51729K(262144K)] 200209K->51729K(506880K), [Metaspace: 2796K->2796K(1056768K)], 0.0048536 secs] [Times: user=0.00 sys=0.00, real=0.01 secs] 
139.479: [GC (Allocation Failure) [PSYoungGen: 199051K->5120K(244736K)] 250780K->108049K(506880K), 0.0045398 secs] [Times: user=0.00 sys=0.00, real=0.00 secs] 
140.789: [GC (Allocation Failure) [PSYoungGen: 183674K->10240K(244736K)] 286604K->236049K(506880K), 0.0152287 secs] [Times: user=0.00 sys=0.00, real=0.01 secs] 
140.805: [Full GC (Ergonomics) [PSYoungGen: 10240K->0K(244736K)] [ParOldGen: 225809K->133649K(262144K)] 236049K->133649K(506880K), [Metaspace: 2796K->2796K(1056768K)], 0.0113018 secs] [Times: user=0.01 sys=0.00, real=0.01 secs] 
143.324: [GC (Allocation Failure) [PSYoungGen: 219500K->6144K(244736K)] 353149K->139793K(506880K), 0.0007712 secs] [Times: user=0.00 sys=0.00, real=0.00 secs] 
144.637: [GC (Allocation Failure) [PSYoungGen: 230762K->16384K(244736K)] 364411K->155153K(506880K), 0.0017896 secs] [Times: user=0.00 sys=0.00, real=0.00 secs] 
146.385: [GC (Allocation Failure) [PSYoungGen: 241030K->10240K(244736K)] 379800K->149009K(506880K), 0.0011467 secs] [Times: user=0.00 sys=0.00, real=0.00 secs] 
147.696: [GC (Allocation Failure) [PSYoungGen: 229770K->15360K(244736K)] 368539K->174609K(506880K), 0.0027034 secs] [Times: user=0.02 sys=0.00, real=0.00 secs] 
147.698: [Full GC (Ergonomics) [PSYoungGen: 15360K->0K(244736K)] [ParOldGen: 159249K->36369K(262144K)] 174609K->36369K(506880K), [Metaspace: 2796K->2796K(1056768K)], 0.0037085 secs] [Times: user=0.00 sys=0.00, real=0.00 secs] 
149.005: [GC (Allocation Failure) [PSYoungGen: 219532K->10240K(244736K)] 255901K->97809K(506880K), 0.0048904 secs] [Times: user=0.00 sys=0.00, real=0.01 secs] 
150.534: [GC (Allocation Failure) [PSYoungGen: 234878K->15360K(244736K)] 322448K->102929K(506880K), 0.0014092 secs] [Times: user=0.00 sys=0.00, real=0.00 secs] 
151.844: [GC (Allocation Failure) [PSYoungGen: 234885K->16384K(244736K)] 322454K->103953K(506880K), 0.0011739 secs] [Times: user=0.00 sys=0.00, real=0.00 secs] 
153.152: [GC (Allocation Failure) [PSYoungGen: 241018K->12288K(244736K)] 328587K->104977K(506880K), 0.0013795 secs] [Times: user=0.00 sys=0.00, real=0.00 secs] 
155.119: [GC (Allocation Failure) [PSYoungGen: 155010K->15360K(244736K)] 247700K->159249K(506880K), 0.0051223 secs] [Times: user=0.00 sys=0.00, real=0.01 secs] 
156.435: [GC (Allocation Failure) [PSYoungGen: 193917K->15360K(244736K)] 337807K->205329K(506880K), 0.0035577 secs] [Times: user=0.00 sys=0.00, real=0.00 secs] 
156.438: [Full GC (Ergonomics) [PSYoungGen: 15360K->0K(244736K)] [ParOldGen: 189969K->41489K(262144K)] 205329K->41489K(506880K), [Metaspace: 2796K->2796K(1056768K)], 0.0041036 secs] [Times: user=0.00 sys=0.00, real=0.00 secs] 
157.866: [GC (Allocation Failure) [PSYoungGen: 193911K->0K(244736K)] 235400K->61969K(506880K), 0.0018641 secs] [Times: user=0.00 sys=0.00, real=0.00 secs] 
159.175: [GC (Allocation Failure) [PSYoungGen: 209261K->15360K(244736K)] 271230K->128529K(506880K), 0.0049871 secs] [Times: user=0.00 sys=0.00, real=0.01 secs] 
160.487: [GC (Allocation Failure) [PSYoungGen: 234872K->15360K(244736K)] 348042K->236049K(506880K), 0.0157404 secs] [Times: user=0.00 sys=0.00, real=0.02 secs] 
160.503: [Full GC (Ergonomics) [PSYoungGen: 15360K->0K(244736K)] [ParOldGen: 220689K->174609K(262144K)] 236049K->174609K(506880K), [Metaspace: 2796K->2796K(1056768K)], 0.0125412 secs] [Times: user=0.00 sys=0.00, real=0.01 secs] 
162.048: [Full GC (Ergonomics) [PSYoungGen: 219521K->0K(244736K)] [ParOldGen: 174609K->16384K(262144K)] 394130K->16384K(506880K), [Metaspace: 2796K->2796K(1056768K)], 0.0027555 secs] [Times: user=0.00 sys=0.00, real=0.00 secs] 
163.358: [GC (Allocation Failure) [PSYoungGen: 219511K->11264K(244736K)] 235895K->37888K(506880K), 0.0013470 secs] [Times: user=0.00 sys=0.00, real=0.00 secs] 
164.665: [GC (Allocation Failure) [PSYoungGen: 230776K->11264K(244736K)] 257400K->37888K(506880K), 0.0010077 secs] [Times: user=0.00 sys=0.00, real=0.00 secs] 
166.523: [GC (Allocation Failure) [PSYoungGen: 159105K->5120K(244736K)] 185729K->103424K(506880K), 0.0058317 secs] [Times: user=0.00 sys=0.00, real=0.01 secs] 
167.849: [GC (Allocation Failure) [PSYoungGen: 183678K->10240K(244736K)] 281982K->129024K(506880K), 0.0024061 secs] [Times: user=0.00 sys=0.00, real=0.00 secs] 
169.266: [GC (Allocation Failure) [PSYoungGen: 188782K->5120K(244736K)] 307566K->123904K(506880K), 0.0007956 secs] [Times: user=0.00 sys=0.00, real=0.00 secs] 
170.580: [GC (Allocation Failure) [PSYoungGen: 214390K->15360K(244736K)] 333174K->236544K(506880K), 0.0155507 secs] [Times: user=0.00 sys=0.00, real=0.02 secs] 
170.596: [Full GC (Ergonomics) [PSYoungGen: 15360K->0K(244736K)] [ParOldGen: 221184K->118289K(262144K)] 236544K->118289K(506880K), [Metaspace: 2796K->2796K(1056768K)], 0.0091126 secs] [Times: user=0.00 sys=0.00, real=0.01 secs] 
171.922: [GC (Allocation Failure) [PSYoungGen: 219518K->16384K(244736K)] 337808K->134673K(506880K), 0.0013782 secs] [Times: user=0.00 sys=0.00, real=0.00 secs] 
173.454: [GC (Allocation Failure) [PSYoungGen: 230774K->10240K(244736K)] 349063K->138769K(506880K), 0.0016681 secs] [Times: user=0.00 sys=0.00, real=0.00 secs] 
174.763: [GC (Allocation Failure) [PSYoungGen: 229758K->15360K(244736K)] 358288K->154129K(506880K), 0.0018998 secs] [Times: user=0.00 sys=0.00, real=0.00 secs] 
176.071: [GC (Allocation Failure) [PSYoungGen: 234885K->15360K(244736K)] 373654K->164369K(506880K), 0.0021277 secs] [Times: user=0.00 sys=0.00, real=0.00 secs] 
177.928: [GC (Allocation Failure) [PSYoungGen: 178569K->5120K(244736K)] 327578K->256529K(506880K), 0.0055232 secs] [Times: user=0.02 sys=0.00, real=0.01 secs] 
177.934: [Full GC (Ergonomics) [PSYoungGen: 5120K->0K(244736K)] [ParOldGen: 251409K->56849K(262144K)] 256529K->56849K(506880K), [Metaspace: 2796K->2796K(1056768K)], 0.0051293 secs] [Times: user=0.00 sys=0.00, real=0.01 secs] 
179.257: [GC (Allocation Failure) [PSYoungGen: 178565K->5120K(244736K)] 235414K->82449K(506880K), 0.0020963 secs] [Times: user=0.00 sys=0.00, real=0.00 secs] 
180.788: [GC (Allocation Failure) [PSYoungGen: 188786K->5120K(244736K)] 266116K->82449K(506880K), 0.0007357 secs] [Times: user=0.00 sys=0.00, real=0.00 secs] 
182.102: [GC (Allocation Failure) [PSYoungGen: 183673K->6144K(244736K)] 261003K->103953K(506880K), 0.0023223 secs] [Times: user=0.02 sys=0.00, real=0.00 secs] 
183.410: [GC (Allocation Failure) [PSYoungGen: 215421K->7168K(244736K)] 313231K->125457K(506880K), 0.0019762 secs] [Times: user=0.00 sys=0.00, real=0.00 secs] 
184.940: [GC (Allocation Failure) [PSYoungGen: 231811K->10240K(244736K)] 350100K->149009K(506880K), 0.0024297 secs] [Times: user=0.00 sys=0.00, real=0.00 secs] 
186.253: [GC (Allocation Failure) [PSYoungGen: 219528K->15360K(244736K)] 358297K->164369K(506880K), 0.0019170 secs] [Times: user=0.00 sys=0.00, real=0.00 secs] 
187.562: [GC (Allocation Failure) [PSYoungGen: 234890K->15360K(244736K)] 383899K->189969K(506880K), 0.0030724 secs] [Times: user=0.00 sys=0.00, real=0.00 secs] 
189.312: [GC (Allocation Failure) [PSYoungGen: 214412K->5120K(244736K)] 389021K->230929K(506880K), 0.0044386 secs] [Times: user=0.00 sys=0.00, real=0.00 secs] 
189.316: [Full GC (Ergonomics) [PSYoungGen: 5120K->0K(244736K)] [ParOldGen: 225809K->56849K(262144K)] 230929K->56849K(506880K), [Metaspace: 2796K->2796K(1056768K)], 0.0052331 secs] [Times: user=0.00 sys=0.00, real=0.01 secs] 
190.639: [GC (Allocation Failure) [PSYoungGen: 178571K->5120K(244736K)] 235421K->184849K(506880K), 0.0155861 secs] [Times: user=0.00 sys=0.00, real=0.02 secs] 
190.655: [Full GC (Ergonomics) [PSYoungGen: 5120K->0K(244736K)] [ParOldGen: 179729K->133649K(262144K)] 184849K->133649K(506880K), [Metaspace: 2796K->2796K(1056768K)], 0.0104039 secs] [Times: user=0.00 sys=0.00, real=0.01 secs] 
193.186: [GC (Allocation Failure) [PSYoungGen: 219511K->6176K(244736K)] 353160K->139825K(506880K), 0.0009386 secs] [Times: user=0.00 sys=0.00, real=0.00 secs] 
194.501: [GC (Allocation Failure) [PSYoungGen: 230801K->16416K(244736K)] 364450K->155185K(506880K), 0.0017703 secs] [Times: user=0.00 sys=0.00, real=0.00 secs] 
196.251: [GC (Allocation Failure) [PSYoungGen: 241067K->10304K(244736K)] 379836K->149073K(506880K), 0.0010707 secs] [Times: user=0.00 sys=0.00, real=0.00 secs] 
197.560: [GC (Allocation Failure) [PSYoungGen: 229837K->15424K(244736K)] 368606K->174673K(506880K), 0.0026161 secs] [Times: user=0.00 sys=0.00, real=0.00 secs] 
198.876: [GC (Allocation Failure) [PSYoungGen: 234958K->15392K(244736K)] 394207K->225841K(506880K), 0.0048665 secs] [Times: user=0.00 sys=0.00, real=0.00 secs] 
198.881: [Full GC (Ergonomics) [PSYoungGen: 15392K->0K(244736K)] [ParOldGen: 210449K->87569K(262144K)] 225841K->87569K(506880K), [Metaspace: 2796K->2796K(1056768K)], 0.0068383 secs] [Times: user=0.00 sys=0.00, real=0.01 secs] 
200.420: [GC (Allocation Failure) [PSYoungGen: 224654K->15360K(244736K)] 312224K->102929K(506880K), 0.0014220 secs] [Times: user=0.00 sys=0.00, real=0.00 secs] 
201.731: [GC (Allocation Failure) [PSYoungGen: 234881K->16384K(244736K)] 322451K->103953K(506880K), 0.0011000 secs] [Times: user=0.00 sys=0.00, real=0.00 secs] 
203.043: [GC (Allocation Failure) [PSYoungGen: 241015K->12288K(244736K)] 328585K->104977K(506880K), 0.0016471 secs] [Times: user=0.00 sys=0.00, real=0.00 secs] 
205.012: [GC (Allocation Failure) [PSYoungGen: 155008K->15360K(244736K)] 247698K->159249K(506880K), 0.0052711 secs] [Times: user=0.00 sys=0.00, real=0.01 secs] 
206.334: [GC (Allocation Failure) [PSYoungGen: 193916K->15360K(244736K)] 337806K->205329K(506880K), 0.0032954 secs] [Times: user=0.00 sys=0.00, real=0.00 secs] 
206.337: [Full GC (Ergonomics) [PSYoungGen: 15360K->0K(244736K)] [ParOldGen: 189969K->41489K(262144K)] 205329K->41489K(506880K), [Metaspace: 2796K->2796K(1056768K)], 0.0039638 secs] [Times: user=0.00 sys=0.00, real=0.01 secs] 
207.751: [GC (Allocation Failure) [PSYoungGen: 193910K->0K(244736K)] 235400K->61969K(506880K), 0.0020359 secs] [Times: user=0.00 sys=0.00, real=0.00 secs] 
209.059: [GC (Allocation Failure) [PSYoungGen: 209260K->15360K(244736K)] 271230K->128529K(506880K), 0.0052269 secs] [Times: user=0.00 sys=0.00, real=0.00 secs] 
210.368: [GC (Allocation Failure) [PSYoungGen: 234872K->10240K(244736K)] 348042K->236049K(506880K), 0.0159974 secs] [Times: user=0.01 sys=0.00, real=0.02 secs] 
210.384: [Full GC (Ergonomics) [PSYoungGen: 10240K->0K(244736K)] [ParOldGen: 225809K->174609K(262144K)] 236049K->174609K(506880K), [Metaspace: 2796K->2796K(1056768K)], 0.0123281 secs] [Times: user=0.00 sys=0.00, real=0.01 secs] 
211.931: [Full GC (Ergonomics) [PSYoungGen: 219520K->0K(244736K)] [ParOldGen: 174609K->16384K(262144K)] 394130K->16384K(506880K), [Metaspace: 2796K->2796K(1056768K)], 0.0027992 secs] [Times: user=0.00 sys=0.00, real=0.00 secs] 
213.241: [GC (Allocation Failure) [PSYoungGen: 219511K->11264K(244736K)] 235895K->37888K(506880K), 0.0013321 secs] [Times: user=0.00 sys=0.00, real=0.00 secs] 
214.549: [GC (Allocation Failure) [PSYoungGen: 230776K->16384K(244736K)] 257400K->48128K(506880K), 0.0016211 secs] [Times: user=0.00 sys=0.00, real=0.00 secs] 
216.406: [GC (Allocation Failure) [PSYoungGen: 164225K->5120K(244736K)] 195969K->108544K(506880K), 0.0053585 secs] [Times: user=0.00 sys=0.00, real=0.01 secs] 
217.730: [GC (Allocation Failure) [PSYoungGen: 183677K->10240K(244736K)] 287102K->134144K(506880K), 0.0024746 secs] [Times: user=0.00 sys=0.00, real=0.00 secs] 
Heap
 PSYoungGen      total 244736K, used 193329K [0x00000000f0000000, 0x0000000100000000, 0x0000000100000000)
  eden space 227328K, 80% used [0x00000000f0000000,0x00000000fb2cc430,0x00000000fde00000)
  from space 17408K, 58% used [0x00000000fde00000,0x00000000fe800020,0x00000000fef00000)
  to   space 17408K, 0% used [0x00000000fef00000,0x00000000fef00000,0x0000000100000000)
 ParOldGen       total 262144K, used 123904K [0x00000000e0000000, 0x00000000f0000000, 0x00000000f0000000)
  object space 262144K, 47% used [0x00000000e0000000,0x00000000e7900070,0x00000000f0000000)
 Metaspace       used 2804K, capacity 4486K, committed 4864K, reserved 1056768K
  class space    used 297K, capacity 386K, committed 512K, reserved 1048576K
