Java HotSpot(TM) 64-Bit Server VM (25.411-b09) for windows-amd64 JRE (1.8.0_411-b09), built on Mar 13 2024 07:26:13 by "java_re" with MS VC++ 17.1 (VS2022)
Memory: 4k page, physical 33403376k(15332848k free), swap 38794768k(7628776k free)
CommandLine flags: -XX:InitialHeapSize=1073741824 -XX:MaxHeapSize=1073741824 -XX:NewRatio=7 -XX:ParallelGCThreads=6 -XX:+PrintGC -XX:+PrintGCDetails -XX:+PrintGCTimeStamps -XX:SurvivorRatio=12 -XX:-UseAdaptiveSizePolicy -XX:+UseCompressedClassPointers -XX:+UseCompressedOops -XX:-UseLargePagesIndividualAllocation -XX:+UseParallelGC 
1.261: [GC (Allocation Failure) [PSYoungGen: 77209K->5840K(121856K)] 77209K->26328K(1039360K), 0.0158837 secs] [Times: user=0.00 sys=0.00, real=0.02 secs] 
2.615: [GC (Allocation Failure) [PSYoungGen: 110427K->6768K(121856K)] 233315K->145024K(1039360K), 0.0045235 secs] [Times: user=0.00 sys=0.00, real=0.00 secs] 
3.849: [GC (Allocation Failure) [PSYoungGen: 111378K->7816K(121856K)] 352034K->253592K(1039360K), 0.0025568 secs] [Times: user=0.00 sys=0.00, real=0.00 secs] 
5.593: [GC (Allocation Failure) [PSYoungGen: 91961K->5752K(121856K)] 337737K->282248K(1039360K), 0.0149819 secs] [Times: user=0.00 sys=0.00, real=0.01 secs] 
6.951: [GC (Allocation Failure) [PSYoungGen: 110385K->5704K(121856K)] 489281K->399960K(1039360K), 0.0045793 secs] [Times: user=0.00 sys=0.00, real=0.00 secs] 
8.509: [GC (Allocation Failure) [PSYoungGen: 116590K->568K(121856K)] 613246K->517712K(1039360K), 0.0154378 secs] [Times: user=0.00 sys=0.00, real=0.01 secs] 
9.866: [GC (Allocation Failure) [PSYoungGen: 105212K->5720K(121856K)] 724756K->686704K(1039360K), 0.0167552 secs] [Times: user=0.00 sys=0.00, real=0.02 secs] 
11.112: [GC (Allocation Failure) [PSYoungGen: 110367K->5688K(121856K)] 893751K->799312K(1039360K), 0.0029827 secs] [Times: user=0.02 sys=0.00, real=0.00 secs] 
12.563: [Full GC (Ergonomics) [PSYoungGen: 110337K->0K(121856K)] [ParOldGen: 896024K->6159K(917504K)] 1006361K->6159K(1039360K), [Metaspace: 2761K->2761K(1056768K)], 0.0136031 secs] [Times: user=0.00 sys=0.02, real=0.01 secs] 
13.670: [GC (Allocation Failure) [PSYoungGen: 110502K->6208K(121856K)] 219062K->114775K(1039360K), 0.0009947 secs] [Times: user=0.00 sys=0.00, real=0.00 secs] 
14.762: [GC (Allocation Failure) [PSYoungGen: 115979K->2112K(121856K)] 326947K->223319K(1039360K), 0.0013923 secs] [Times: user=0.00 sys=0.00, real=0.00 secs] 
17.055: [GC (Allocation Failure) [PSYoungGen: 106764K->5152K(121856K)] 327971K->236599K(1039360K), 0.0014270 secs] [Times: user=0.00 sys=0.00, real=0.00 secs] 
18.255: [GC (Allocation Failure) [PSYoungGen: 109802K->5152K(121856K)] 443650K->369719K(1039360K), 0.0028250 secs] [Times: user=0.00 sys=0.00, real=0.00 secs] 
19.348: [GC (Allocation Failure) [PSYoungGen: 114923K->5152K(121856K)] 581891K->528439K(1039360K), 0.0057572 secs] [Times: user=0.00 sys=0.00, real=0.01 secs] 
21.314: [GC (Allocation Failure) [PSYoungGen: 114924K->5152K(121856K)] 740612K->641079K(1039360K), 0.0015399 secs] [Times: user=0.00 sys=0.00, real=0.00 secs] 
22.514: [GC (Allocation Failure) [PSYoungGen: 109804K->6176K(121856K)] 848132K->754743K(1039360K), 0.0022001 secs] [Times: user=0.00 sys=0.00, real=0.00 secs] 
24.042: [Full GC (Ergonomics) [PSYoungGen: 115948K->0K(121856K)] [ParOldGen: 850967K->16896K(917504K)] 966916K->16896K(1039360K), [Metaspace: 2779K->2779K(1056768K)], 0.0032512 secs] [Times: user=0.00 sys=0.00, real=0.00 secs] 
25.243: [GC (Allocation Failure) [PSYoungGen: 109772K->5120K(121856K)] 229068K->129536K(1039360K), 0.0010441 secs] [Times: user=0.00 sys=0.00, real=0.00 secs] 
26.336: [GC (Allocation Failure) [PSYoungGen: 114892K->5120K(121856K)] 341709K->247296K(1039360K), 0.0016935 secs] [Times: user=0.00 sys=0.00, real=0.00 secs] 
28.413: [GC (Allocation Failure) [PSYoungGen: 115368K->5152K(121856K)] 357545K->257576K(1039360K), 0.0015363 secs] [Times: user=0.00 sys=0.00, real=0.00 secs] 
29.613: [GC (Allocation Failure) [PSYoungGen: 109800K->5152K(121856K)] 464624K->421416K(1039360K), 0.0052354 secs] [Times: user=0.00 sys=0.00, real=0.01 secs] 
30.701: [GC (Allocation Failure) [PSYoungGen: 114921K->5152K(121856K)] 633586K->528936K(1039360K), 0.0017707 secs] [Times: user=0.00 sys=0.00, real=0.00 secs] 
32.774: [GC (Allocation Failure) [PSYoungGen: 89322K->6176K(121856K)] 715507K->652840K(1039360K), 0.0024595 secs] [Times: user=0.00 sys=0.00, real=0.00 secs] 
34.085: [GC (Allocation Failure) [PSYoungGen: 110827K->7232K(121856K)] 859892K->776776K(1039360K), 0.0022079 secs] [Times: user=0.00 sys=0.00, real=0.00 secs] 
35.506: [Full GC (Ergonomics) [PSYoungGen: 106764K->0K(121856K)] [ParOldGen: 871944K->10769K(917504K)] 978708K->10769K(1039360K), [Metaspace: 2793K->2793K(1056768K)], 0.0048103 secs] [Times: user=0.00 sys=0.00, real=0.00 secs] 
36.706: [GC (Allocation Failure) [PSYoungGen: 104652K->5120K(121856K)] 217821K->123409K(1039360K), 0.0011202 secs] [Times: user=0.00 sys=0.00, real=0.00 secs] 
37.799: [GC (Allocation Failure) [PSYoungGen: 114892K->5120K(121856K)] 335581K->256529K(1039360K), 0.0028316 secs] [Times: user=0.02 sys=0.00, real=0.00 secs] 
39.104: [GC (Allocation Failure) [PSYoungGen: 114892K->0K(121856K)] 366302K->302609K(1039360K), 0.0046343 secs] [Times: user=0.00 sys=0.00, real=0.00 secs] 
39.867: [GC (Allocation Failure) [PSYoungGen: 63691K->5120K(121856K)] 366300K->328209K(1039360K), 0.0022835 secs] [Times: user=0.00 sys=0.00, real=0.00 secs] 
41.177: [GC (Allocation Failure) [PSYoungGen: 109744K->5120K(121856K)] 535233K->445969K(1039360K), 0.0017721 secs] [Times: user=0.00 sys=0.00, real=0.00 secs] 
43.243: [GC (Allocation Failure) [PSYoungGen: 116922K->6144K(121856K)] 660171K->549393K(1039360K), 0.0009779 secs] [Times: user=0.00 sys=0.00, real=0.00 secs] 
44.117: [GC (Allocation Failure) [PSYoungGen: 74944K->1024K(121856K)] 618194K->574993K(1039360K), 0.0027385 secs] [Times: user=0.00 sys=0.00, real=0.00 secs] 
45.425: [GC (Allocation Failure) [PSYoungGen: 105666K->6144K(121856K)] 782036K->702993K(1039360K), 0.0019688 secs] [Times: user=0.00 sys=0.00, real=0.00 secs] 
46.844: [GC (Allocation Failure) [PSYoungGen: 100550K->0K(121856K)] 899800K->809489K(1039360K), 0.0018480 secs] [Times: user=0.00 sys=0.00, real=0.00 secs] 
48.045: [Full GC (Ergonomics) [PSYoungGen: 104648K->0K(121856K)] [ParOldGen: 911889K->31744K(917504K)] 1016538K->31744K(1039360K), [Metaspace: 2795K->2795K(1056768K)], 0.0046354 secs] [Times: user=0.00 sys=0.00, real=0.00 secs] 
49.132: [GC (Allocation Failure) [PSYoungGen: 109770K->5120K(121856K)] 243914K->190464K(1039360K), 0.0042859 secs] [Times: user=0.00 sys=0.00, real=0.00 secs] 
50.551: [GC (Allocation Failure) [PSYoungGen: 114891K->0K(121856K)] 402635K->287744K(1039360K), 0.0007367 secs] [Times: user=0.00 sys=0.00, real=0.00 secs] 
51.643: [GC (Allocation Failure) [PSYoungGen: 109771K->7168K(121856K)] 499916K->397312K(1039360K), 0.0015067 secs] [Times: user=0.03 sys=0.00, real=0.00 secs] 
52.632: [GC (Allocation Failure) [PSYoungGen: 81100K->6144K(121856K)] 471244K->421888K(1039360K), 0.0033211 secs] [Times: user=0.00 sys=0.00, real=0.00 secs] 
54.810: [GC (Allocation Failure) [PSYoungGen: 116938K->5120K(121856K)] 635082K->528384K(1039360K), 0.0022194 secs] [Times: user=0.00 sys=0.00, real=0.00 secs] 
55.902: [GC (Allocation Failure) [PSYoungGen: 114891K->1024K(121856K)] 740555K->636928K(1039360K), 0.0029162 secs] [Times: user=0.00 sys=0.00, real=0.00 secs] 
56.885: [GC (Allocation Failure) [PSYoungGen: 74955K->5120K(121856K)] 710860K->681984K(1039360K), 0.0031914 secs] [Times: user=0.00 sys=0.00, real=0.00 secs] 
58.304: [GC (Allocation Failure) [PSYoungGen: 94410K->0K(121856K)] 873674K->799744K(1039360K), 0.0036388 secs] [Times: user=0.00 sys=0.00, real=0.00 secs] 
59.613: [Full GC (Ergonomics) [PSYoungGen: 104651K->0K(121856K)] [ParOldGen: 902144K->67584K(917504K)] 1006795K->67584K(1039360K), [Metaspace: 2796K->2796K(1056768K)], 0.0068886 secs] [Times: user=0.00 sys=0.00, real=0.01 secs] 
60.811: [GC (Allocation Failure) [PSYoungGen: 104651K->5120K(121856K)] 274635K->180224K(1039360K), 0.0009669 secs] [Times: user=0.00 sys=0.00, real=0.00 secs] 
62.233: [GC (Allocation Failure) [PSYoungGen: 109772K->5120K(121856K)] 387276K->287744K(1039360K), 0.0010305 secs] [Times: user=0.00 sys=0.00, real=0.00 secs] 
63.324: [GC (Allocation Failure) [PSYoungGen: 114892K->6144K(121856K)] 499916K->396288K(1039360K), 0.0016272 secs] [Times: user=0.00 sys=0.00, real=0.00 secs] 
64.414: [GC (Allocation Failure) [PSYoungGen: 115916K->2048K(121856K)] 608460K->504832K(1039360K), 0.0020425 secs] [Times: user=0.00 sys=0.00, real=0.00 secs] 
66.704: [GC (Allocation Failure) [PSYoungGen: 106700K->5120K(121856K)] 609485K->518144K(1039360K), 0.0019897 secs] [Times: user=0.00 sys=0.00, real=0.00 secs] 
67.909: [GC (Allocation Failure) [PSYoungGen: 109771K->5120K(121856K)] 725195K->651264K(1039360K), 0.0030054 secs] [Times: user=0.00 sys=0.00, real=0.00 secs] 
68.998: [GC (Allocation Failure) [PSYoungGen: 114891K->5120K(121856K)] 863436K->809984K(1039360K), 0.0051699 secs] [Times: user=0.00 sys=0.00, real=0.01 secs] 
70.967: [Full GC (Ergonomics) [PSYoungGen: 114892K->0K(121856K)] [ParOldGen: 907264K->118289K(917504K)] 1022156K->118289K(1039360K), [Metaspace: 2796K->2796K(1056768K)], 0.0104399 secs] [Times: user=0.00 sys=0.00, real=0.01 secs] 
72.186: [GC (Allocation Failure) [PSYoungGen: 104652K->6144K(121856K)] 325341K->231953K(1039360K), 0.0010361 secs] [Times: user=0.00 sys=0.00, real=0.00 secs] 
73.710: [GC (Allocation Failure) [PSYoungGen: 115916K->0K(121856K)] 444126K->348689K(1039360K), 0.0016901 secs] [Times: user=0.00 sys=0.00, real=0.00 secs] 
74.909: [GC (Allocation Failure) [PSYoungGen: 109772K->5120K(121856K)] 560862K->461329K(1039360K), 0.0012106 secs] [Times: user=0.00 sys=0.00, real=0.00 secs] 
76.002: [GC (Allocation Failure) [PSYoungGen: 114892K->5120K(121856K)] 673502K->584209K(1039360K), 0.0019535 secs] [Times: user=0.02 sys=0.00, real=0.00 secs] 
78.076: [GC (Allocation Failure) [PSYoungGen: 114892K->5120K(121856K)] 693982K->594449K(1039360K), 0.0016000 secs] [Times: user=0.00 sys=0.00, real=0.00 secs] 
79.277: [GC (Allocation Failure) [PSYoungGen: 109771K->5120K(121856K)] 801501K->758289K(1039360K), 0.0052727 secs] [Times: user=0.00 sys=0.00, real=0.00 secs] 
80.367: [Full GC (Ergonomics) [PSYoungGen: 114891K->0K(121856K)] [ParOldGen: 855569K->169489K(917504K)] 970461K->169489K(1039360K), [Metaspace: 2796K->2796K(1056768K)], 0.0135459 secs] [Times: user=0.02 sys=0.00, real=0.01 secs] 
82.458: [GC (Allocation Failure) [PSYoungGen: 84172K->6144K(121856K)] 356061K->298513K(1039360K), 0.0024274 secs] [Times: user=0.00 sys=0.00, real=0.00 secs] 
83.770: [GC (Allocation Failure) [PSYoungGen: 110796K->7168K(121856K)] 505566K->422417K(1039360K), 0.0022037 secs] [Times: user=0.00 sys=0.00, real=0.00 secs] 
85.186: [GC (Allocation Failure) [PSYoungGen: 106700K->0K(121856K)] 624350K->538129K(1039360K), 0.0014603 secs] [Times: user=0.00 sys=0.00, real=0.00 secs] 
86.387: [GC (Allocation Failure) [PSYoungGen: 104652K->5120K(121856K)] 745182K->650769K(1039360K), 0.0018737 secs] [Times: user=0.00 sys=0.00, real=0.00 secs] 
87.476: [GC (Allocation Failure) [PSYoungGen: 114892K->5120K(121856K)] 862942K->783889K(1039360K), 0.0030043 secs] [Times: user=0.00 sys=0.00, real=0.00 secs] 
88.789: [GC (Allocation Failure) [PSYoungGen: 114892K->0K(121856K)] 893662K->829969K(1039360K), 0.0046585 secs] [Times: user=0.00 sys=0.00, real=0.00 secs] 
89.553: [GC (Allocation Failure) [PSYoungGen: 63691K->5120K(121856K)] 893661K->855569K(1039360K), 0.0026553 secs] [Times: user=0.00 sys=0.00, real=0.00 secs] 
89.555: [Full GC (Ergonomics) [PSYoungGen: 5120K->0K(121856K)] [ParOldGen: 850449K->26129K(917504K)] 855569K->26129K(1039360K), [Metaspace: 2796K->2796K(1056768K)], 0.0039936 secs] [Times: user=0.00 sys=0.00, real=0.00 secs] 
90.863: [GC (Allocation Failure) [PSYoungGen: 104624K->5120K(121856K)] 233153K->143889K(1039360K), 0.0013875 secs] [Times: user=0.00 sys=0.00, real=0.00 secs] 
92.939: [GC (Allocation Failure) [PSYoungGen: 116922K->6144K(121856K)] 358091K->247313K(1039360K), 0.0010837 secs] [Times: user=0.00 sys=0.00, real=0.00 secs] 
93.812: [GC (Allocation Failure) [PSYoungGen: 74944K->1024K(121856K)] 316114K->272913K(1039360K), 0.0024751 secs] [Times: user=0.00 sys=0.00, real=0.00 secs] 
95.118: [GC (Allocation Failure) [PSYoungGen: 105666K->6144K(121856K)] 479956K->400913K(1039360K), 0.0018785 secs] [Times: user=0.00 sys=0.00, real=0.00 secs] 
96.533: [GC (Allocation Failure) [PSYoungGen: 100550K->0K(121856K)] 597719K->507409K(1039360K), 0.0016615 secs] [Times: user=0.00 sys=0.00, real=0.00 secs] 
97.736: [GC (Allocation Failure) [PSYoungGen: 104648K->5120K(121856K)] 714458K->640529K(1039360K), 0.0026931 secs] [Times: user=0.02 sys=0.00, real=0.00 secs] 
98.829: [GC (Allocation Failure) [PSYoungGen: 114890K->5120K(121856K)] 852699K->799249K(1039360K), 0.0051475 secs] [Times: user=0.01 sys=0.00, real=0.01 secs] 
100.244: [Full GC (Ergonomics) [PSYoungGen: 114891K->0K(121856K)] [ParOldGen: 896529K->102929K(917504K)] 1011420K->102929K(1039360K), [Metaspace: 2796K->2796K(1056768K)], 0.0090352 secs] [Times: user=0.00 sys=0.00, real=0.01 secs] 
101.346: [GC (Allocation Failure) [PSYoungGen: 109771K->7168K(121856K)] 315101K->212497K(1039360K), 0.0009260 secs] [Times: user=0.00 sys=0.00, real=0.00 secs] 
102.332: [GC (Allocation Failure) [PSYoungGen: 81100K->6144K(121856K)] 286429K->237073K(1039360K), 0.0029537 secs] [Times: user=0.00 sys=0.00, real=0.00 secs] 
104.509: [GC (Allocation Failure) [PSYoungGen: 116938K->5120K(121856K)] 450267K->343569K(1039360K), 0.0011671 secs] [Times: user=0.00 sys=0.00, real=0.00 secs] 
105.600: [GC (Allocation Failure) [PSYoungGen: 114891K->6144K(121856K)] 555740K->457233K(1039360K), 0.0016358 secs] [Times: user=0.00 sys=0.00, real=0.00 secs] 
106.583: [GC (Allocation Failure) [PSYoungGen: 80075K->5120K(121856K)] 531165K->502289K(1039360K), 0.0029201 secs] [Times: user=0.00 sys=0.00, real=0.00 secs] 
108.001: [GC (Allocation Failure) [PSYoungGen: 94410K->0K(121856K)] 693979K->620049K(1039360K), 0.0019739 secs] [Times: user=0.00 sys=0.00, real=0.00 secs] 
109.312: [GC (Allocation Failure) [PSYoungGen: 104651K->5120K(121856K)] 827100K->789009K(1039360K), 0.0053867 secs] [Times: user=0.00 sys=0.00, real=0.00 secs] 
110.514: [Full GC (Ergonomics) [PSYoungGen: 109771K->0K(121856K)] [ParOldGen: 886289K->169489K(917504K)] 996061K->169489K(1039360K), [Metaspace: 2796K->2796K(1056768K)], 0.0129482 secs] [Times: user=0.00 sys=0.00, real=0.01 secs] 
111.947: [GC (Allocation Failure) [PSYoungGen: 104652K->5120K(121856K)] 376541K->282129K(1039360K), 0.0010939 secs] [Times: user=0.00 sys=0.00, real=0.00 secs] 
113.036: [GC (Allocation Failure) [PSYoungGen: 114892K->6144K(121856K)] 494301K->385553K(1039360K), 0.0008939 secs] [Times: user=0.00 sys=0.00, real=0.00 secs] 
114.127: [GC (Allocation Failure) [PSYoungGen: 115916K->2048K(121856K)] 597726K->494097K(1039360K), 0.0016175 secs] [Times: user=0.00 sys=0.00, real=0.00 secs] 
116.416: [GC (Allocation Failure) [PSYoungGen: 106700K->5120K(121856K)] 598750K->507409K(1039360K), 0.0014991 secs] [Times: user=0.00 sys=0.00, real=0.00 secs] 
117.618: [GC (Allocation Failure) [PSYoungGen: 109771K->5120K(121856K)] 714460K->640529K(1039360K), 0.0028229 secs] [Times: user=0.00 sys=0.00, real=0.00 secs] 
118.710: [GC (Allocation Failure) [PSYoungGen: 114891K->5120K(121856K)] 852701K->799249K(1039360K), 0.0050441 secs] [Times: user=0.00 sys=0.00, real=0.00 secs] 
120.675: [Full GC (Ergonomics) [PSYoungGen: 114892K->0K(121856K)] [ParOldGen: 896529K->118289K(917504K)] 1011421K->118289K(1039360K), [Metaspace: 2796K->2796K(1056768K)], 0.0104090 secs] [Times: user=0.00 sys=0.00, real=0.01 secs] 
121.888: [GC (Allocation Failure) [PSYoungGen: 104652K->6144K(121856K)] 325341K->231953K(1039360K), 0.0009127 secs] [Times: user=0.00 sys=0.00, real=0.00 secs] 
123.416: [GC (Allocation Failure) [PSYoungGen: 115916K->0K(121856K)] 444126K->348689K(1039360K), 0.0014670 secs] [Times: user=0.00 sys=0.00, real=0.00 secs] 
124.616: [GC (Allocation Failure) [PSYoungGen: 109772K->5120K(121856K)] 560862K->461329K(1039360K), 0.0012614 secs] [Times: user=0.00 sys=0.00, real=0.00 secs] 
125.708: [GC (Allocation Failure) [PSYoungGen: 114892K->5120K(121856K)] 673502K->584209K(1039360K), 0.0020460 secs] [Times: user=0.00 sys=0.00, real=0.00 secs] 
127.781: [GC (Allocation Failure) [PSYoungGen: 114892K->5120K(121856K)] 693982K->594449K(1039360K), 0.0017436 secs] [Times: user=0.00 sys=0.00, real=0.00 secs] 
128.980: [GC (Allocation Failure) [PSYoungGen: 109771K->5120K(121856K)] 801501K->758289K(1039360K), 0.0056048 secs] [Times: user=0.00 sys=0.00, real=0.01 secs] 
130.075: [Full GC (Ergonomics) [PSYoungGen: 114891K->0K(121856K)] [ParOldGen: 855569K->169489K(917504K)] 970461K->169489K(1039360K), [Metaspace: 2796K->2796K(1056768K)], 0.0132429 secs] [Times: user=0.00 sys=0.00, real=0.01 secs] 
132.163: [GC (Allocation Failure) [PSYoungGen: 84172K->6144K(121856K)] 356061K->298513K(1039360K), 0.0025727 secs] [Times: user=0.00 sys=0.00, real=0.00 secs] 
133.473: [GC (Allocation Failure) [PSYoungGen: 110796K->7168K(121856K)] 505566K->422417K(1039360K), 0.0021417 secs] [Times: user=0.00 sys=0.00, real=0.00 secs] 
134.898: [GC (Allocation Failure) [PSYoungGen: 106700K->0K(121856K)] 624350K->538129K(1039360K), 0.0016028 secs] [Times: user=0.00 sys=0.00, real=0.00 secs] 
136.099: [GC (Allocation Failure) [PSYoungGen: 104652K->5120K(121856K)] 745182K->650769K(1039360K), 0.0014986 secs] [Times: user=0.00 sys=0.00, real=0.00 secs] 
137.191: [GC (Allocation Failure) [PSYoungGen: 114892K->5120K(121856K)] 862942K->783889K(1039360K), 0.0031620 secs] [Times: user=0.00 sys=0.00, real=0.00 secs] 
138.505: [GC (Allocation Failure) [PSYoungGen: 114892K->0K(121856K)] 893662K->829969K(1039360K), 0.0045751 secs] [Times: user=0.00 sys=0.00, real=0.00 secs] 
139.269: [GC (Allocation Failure) [PSYoungGen: 63691K->5120K(121856K)] 893661K->855569K(1039360K), 0.0024634 secs] [Times: user=0.00 sys=0.00, real=0.00 secs] 
139.272: [Full GC (Ergonomics) [PSYoungGen: 5120K->0K(121856K)] [ParOldGen: 850449K->26129K(917504K)] 855569K->26129K(1039360K), [Metaspace: 2796K->2796K(1056768K)], 0.0038000 secs] [Times: user=0.00 sys=0.00, real=0.00 secs] 
140.583: [GC (Allocation Failure) [PSYoungGen: 104624K->5120K(121856K)] 233153K->143889K(1039360K), 0.0013945 secs] [Times: user=0.00 sys=0.00, real=0.00 secs] 
142.654: [GC (Allocation Failure) [PSYoungGen: 116922K->6144K(121856K)] 358091K->247313K(1039360K), 0.0008496 secs] [Times: user=0.00 sys=0.00, real=0.00 secs] 
143.528: [GC (Allocation Failure) [PSYoungGen: 74944K->1024K(121856K)] 316114K->272913K(1039360K), 0.0025422 secs] [Times: user=0.00 sys=0.00, real=0.00 secs] 
144.837: [GC (Allocation Failure) [PSYoungGen: 105666K->6144K(121856K)] 479956K->400913K(1039360K), 0.0018165 secs] [Times: user=0.00 sys=0.00, real=0.00 secs] 
146.254: [GC (Allocation Failure) [PSYoungGen: 100550K->0K(121856K)] 597719K->507409K(1039360K), 0.0012266 secs] [Times: user=0.00 sys=0.00, real=0.00 secs] 
147.460: [GC (Allocation Failure) [PSYoungGen: 104648K->5120K(121856K)] 714458K->640529K(1039360K), 0.0026814 secs] [Times: user=0.00 sys=0.00, real=0.00 secs] 
148.546: [GC (Allocation Failure) [PSYoungGen: 114890K->5120K(121856K)] 852699K->799249K(1039360K), 0.0050191 secs] [Times: user=0.02 sys=0.00, real=0.00 secs] 
149.965: [Full GC (Ergonomics) [PSYoungGen: 114891K->0K(121856K)] [ParOldGen: 896529K->102929K(917504K)] 1011420K->102929K(1039360K), [Metaspace: 2796K->2796K(1056768K)], 0.0094091 secs] [Times: user=0.00 sys=0.00, real=0.01 secs] 
151.057: [GC (Allocation Failure) [PSYoungGen: 109771K->7168K(121856K)] 315101K->212497K(1039360K), 0.0009019 secs] [Times: user=0.00 sys=0.00, real=0.00 secs] 
152.035: [GC (Allocation Failure) [PSYoungGen: 81100K->6144K(121856K)] 286429K->237073K(1039360K), 0.0031347 secs] [Times: user=0.00 sys=0.00, real=0.00 secs] 
154.216: [GC (Allocation Failure) [PSYoungGen: 116938K->5120K(121856K)] 450267K->343569K(1039360K), 0.0010460 secs] [Times: user=0.00 sys=0.00, real=0.00 secs] 
155.307: [GC (Allocation Failure) [PSYoungGen: 114891K->6144K(121856K)] 555740K->457233K(1039360K), 0.0017484 secs] [Times: user=0.00 sys=0.00, real=0.00 secs] 
156.291: [GC (Allocation Failure) [PSYoungGen: 80075K->5120K(121856K)] 531165K->502289K(1039360K), 0.0029812 secs] [Times: user=0.00 sys=0.00, real=0.00 secs] 
157.706: [GC (Allocation Failure) [PSYoungGen: 94410K->0K(121856K)] 693979K->620049K(1039360K), 0.0022351 secs] [Times: user=0.02 sys=0.00, real=0.00 secs] 
159.015: [GC (Allocation Failure) [PSYoungGen: 104651K->5120K(121856K)] 827100K->789009K(1039360K), 0.0051763 secs] [Times: user=0.00 sys=0.00, real=0.01 secs] 
160.216: [Full GC (Ergonomics) [PSYoungGen: 109771K->0K(121856K)] [ParOldGen: 886289K->169489K(917504K)] 996061K->169489K(1039360K), [Metaspace: 2796K->2796K(1056768K)], 0.0128002 secs] [Times: user=0.02 sys=0.00, real=0.01 secs] 
161.651: [GC (Allocation Failure) [PSYoungGen: 104652K->5120K(121856K)] 376541K->282129K(1039360K), 0.0009142 secs] [Times: user=0.00 sys=0.00, real=0.00 secs] 
162.741: [GC (Allocation Failure) [PSYoungGen: 114892K->6144K(121856K)] 494301K->385553K(1039360K), 0.0008947 secs] [Times: user=0.00 sys=0.00, real=0.00 secs] 
163.833: [GC (Allocation Failure) [PSYoungGen: 115916K->2048K(121856K)] 597726K->494097K(1039360K), 0.0015973 secs] [Times: user=0.00 sys=0.00, real=0.00 secs] 
166.125: [GC (Allocation Failure) [PSYoungGen: 106700K->5120K(121856K)] 598750K->507409K(1039360K), 0.0015126 secs] [Times: user=0.00 sys=0.00, real=0.00 secs] 
167.322: [GC (Allocation Failure) [PSYoungGen: 109771K->5120K(121856K)] 714460K->640529K(1039360K), 0.0029488 secs] [Times: user=0.00 sys=0.00, real=0.00 secs] 
168.410: [GC (Allocation Failure) [PSYoungGen: 114891K->5120K(121856K)] 852701K->799249K(1039360K), 0.0048811 secs] [Times: user=0.00 sys=0.00, real=0.00 secs] 
170.374: [Full GC (Ergonomics) [PSYoungGen: 114892K->0K(121856K)] [ParOldGen: 896529K->118289K(917504K)] 1011421K->118289K(1039360K), [Metaspace: 2796K->2796K(1056768K)], 0.0102010 secs] [Times: user=0.00 sys=0.00, real=0.01 secs] 
171.590: [GC (Allocation Failure) [PSYoungGen: 104652K->6144K(121856K)] 325341K->231953K(1039360K), 0.0009817 secs] [Times: user=0.00 sys=0.00, real=0.00 secs] 
173.117: [GC (Allocation Failure) [PSYoungGen: 115916K->0K(121856K)] 444126K->348689K(1039360K), 0.0014310 secs] [Times: user=0.00 sys=0.00, real=0.00 secs] 
174.318: [GC (Allocation Failure) [PSYoungGen: 109772K->5120K(121856K)] 560862K->461329K(1039360K), 0.0012731 secs] [Times: user=0.00 sys=0.00, real=0.00 secs] 
175.410: [GC (Allocation Failure) [PSYoungGen: 114892K->5120K(121856K)] 673502K->584209K(1039360K), 0.0020965 secs] [Times: user=0.00 sys=0.00, real=0.00 secs] 
177.480: [GC (Allocation Failure) [PSYoungGen: 114892K->5120K(121856K)] 693982K->594449K(1039360K), 0.0019583 secs] [Times: user=0.00 sys=0.00, real=0.00 secs] 
178.677: [GC (Allocation Failure) [PSYoungGen: 109771K->5120K(121856K)] 801501K->758289K(1039360K), 0.0050930 secs] [Times: user=0.00 sys=0.00, real=0.01 secs] 
179.768: [Full GC (Ergonomics) [PSYoungGen: 114891K->0K(121856K)] [ParOldGen: 855569K->169489K(917504K)] 970461K->169489K(1039360K), [Metaspace: 2796K->2796K(1056768K)], 0.0129050 secs] [Times: user=0.00 sys=0.00, real=0.01 secs] 
181.859: [GC (Allocation Failure) [PSYoungGen: 84172K->6144K(121856K)] 356061K->298513K(1039360K), 0.0021969 secs] [Times: user=0.00 sys=0.00, real=0.00 secs] 
183.171: [GC (Allocation Failure) [PSYoungGen: 110796K->7168K(121856K)] 505566K->422417K(1039360K), 0.0021272 secs] [Times: user=0.00 sys=0.00, real=0.00 secs] 
184.586: [GC (Allocation Failure) [PSYoungGen: 106700K->0K(121856K)] 624350K->538129K(1039360K), 0.0015800 secs] [Times: user=0.00 sys=0.00, real=0.00 secs] 
185.789: [GC (Allocation Failure) [PSYoungGen: 104652K->5120K(121856K)] 745182K->650769K(1039360K), 0.0014195 secs] [Times: user=0.00 sys=0.00, real=0.00 secs] 
186.878: [GC (Allocation Failure) [PSYoungGen: 114892K->5120K(121856K)] 862942K->783889K(1039360K), 0.0028982 secs] [Times: user=0.02 sys=0.00, real=0.00 secs] 
188.189: [GC (Allocation Failure) [PSYoungGen: 114892K->0K(121856K)] 893662K->829969K(1039360K), 0.0043861 secs] [Times: user=0.01 sys=0.00, real=0.01 secs] 
188.956: [GC (Allocation Failure) [PSYoungGen: 63691K->5120K(121856K)] 893661K->855569K(1039360K), 0.0026833 secs] [Times: user=0.02 sys=0.00, real=0.00 secs] 
188.958: [Full GC (Ergonomics) [PSYoungGen: 5120K->0K(121856K)] [ParOldGen: 850449K->26129K(917504K)] 855569K->26129K(1039360K), [Metaspace: 2796K->2796K(1056768K)], 0.0040238 secs] [Times: user=0.00 sys=0.00, real=0.00 secs] 
190.266: [GC (Allocation Failure) [PSYoungGen: 104624K->5120K(121856K)] 233153K->143889K(1039360K), 0.0015602 secs] [Times: user=0.00 sys=0.00, real=0.00 secs] 
192.343: [GC (Allocation Failure) [PSYoungGen: 116922K->6176K(121856K)] 358091K->247345K(1039360K), 0.0009255 secs] [Times: user=0.00 sys=0.00, real=0.00 secs] 
193.216: [GC (Allocation Failure) [PSYoungGen: 74976K->1056K(121856K)] 316146K->272945K(1039360K), 0.0024817 secs] [Times: user=0.00 sys=0.00, real=0.00 secs] 
194.525: [GC (Allocation Failure) [PSYoungGen: 105698K->6208K(121856K)] 479988K->400977K(1039360K), 0.0018942 secs] [Times: user=0.00 sys=0.00, real=0.00 secs] 
195.947: [GC (Allocation Failure) [PSYoungGen: 100614K->32K(121856K)] 597783K->507441K(1039360K), 0.0014782 secs] [Times: user=0.00 sys=0.00, real=0.00 secs] 
197.147: [GC (Allocation Failure) [PSYoungGen: 104680K->5184K(121856K)] 714490K->640593K(1039360K), 0.0028163 secs] [Times: user=0.00 sys=0.00, real=0.00 secs] 
198.239: [GC (Allocation Failure) [PSYoungGen: 114954K->5184K(121856K)] 852763K->799313K(1039360K), 0.0051844 secs] [Times: user=0.00 sys=0.00, real=0.01 secs] 
199.653: [Full GC (Ergonomics) [PSYoungGen: 114955K->0K(121856K)] [ParOldGen: 896529K->102929K(917504K)] 1011484K->102929K(1039360K), [Metaspace: 2796K->2796K(1056768K)], 0.0090682 secs] [Times: user=0.00 sys=0.00, real=0.01 secs] 
200.758: [GC (Allocation Failure) [PSYoungGen: 109771K->7168K(121856K)] 315101K->212497K(1039360K), 0.0011296 secs] [Times: user=0.00 sys=0.00, real=0.00 secs] 
201.736: [GC (Allocation Failure) [PSYoungGen: 81100K->6144K(121856K)] 286429K->237073K(1039360K), 0.0029780 secs] [Times: user=0.00 sys=0.00, real=0.00 secs] 
203.918: [GC (Allocation Failure) [PSYoungGen: 116938K->5120K(121856K)] 450268K->343569K(1039360K), 0.0010586 secs] [Times: user=0.00 sys=0.00, real=0.00 secs] 
205.012: [GC (Allocation Failure) [PSYoungGen: 114891K->1024K(121856K)] 555741K->452113K(1039360K), 0.0014555 secs] [Times: user=0.00 sys=0.00, real=0.00 secs] 
205.989: [GC (Allocation Failure) [PSYoungGen: 74955K->5120K(121856K)] 526045K->497169K(1039360K), 0.0028765 secs] [Times: user=0.00 sys=0.00, real=0.00 secs] 
207.409: [GC (Allocation Failure) [PSYoungGen: 94410K->0K(121856K)] 688859K->614929K(1039360K), 0.0021446 secs] [Times: user=0.00 sys=0.00, real=0.00 secs] 
208.720: [GC (Allocation Failure) [PSYoungGen: 104651K->5120K(121856K)] 821981K->783889K(1039360K), 0.0053232 secs] [Times: user=0.02 sys=0.00, real=0.00 secs] 
209.920: [Full GC (Ergonomics) [PSYoungGen: 109771K->0K(121856K)] [ParOldGen: 881169K->169489K(917504K)] 990941K->169489K(1039360K), [Metaspace: 2796K->2796K(1056768K)], 0.0136028 secs] [Times: user=0.00 sys=0.00, real=0.01 secs] 
211.348: [GC (Allocation Failure) [PSYoungGen: 104652K->5120K(121856K)] 376541K->282129K(1039360K), 0.0010618 secs] [Times: user=0.00 sys=0.00, real=0.00 secs] 
212.438: [GC (Allocation Failure) [PSYoungGen: 114892K->6144K(121856K)] 494302K->390673K(1039360K), 0.0011724 secs] [Times: user=0.00 sys=0.00, real=0.00 secs] 
213.532: [GC (Allocation Failure) [PSYoungGen: 115916K->2048K(121856K)] 602846K->499217K(1039360K), 0.0013567 secs] [Times: user=0.00 sys=0.00, real=0.00 secs] 
215.828: [GC (Allocation Failure) [PSYoungGen: 106700K->5120K(121856K)] 603870K->512529K(1039360K), 0.0015941 secs] [Times: user=0.00 sys=0.00, real=0.00 secs] 
217.031: [GC (Allocation Failure) [PSYoungGen: 109771K->5120K(121856K)] 719581K->645649K(1039360K), 0.0030870 secs] [Times: user=0.00 sys=0.00, real=0.00 secs] 
218.124: [GC (Allocation Failure) [PSYoungGen: 114891K->5120K(121856K)] 857821K->804370K(1039360K), 0.0049205 secs] [Times: user=0.02 sys=0.00, real=0.01 secs] 
Heap
 PSYoungGen      total 121856K, used 14745K [0x00000000f8000000, 0x0000000100000000, 0x0000000100000000)
  eden space 112640K, 8% used [0x00000000f8000000,0x00000000f8966520,0x00000000fee00000)
  from space 9216K, 55% used [0x00000000fee00000,0x00000000ff300010,0x00000000ff700000)
  to   space 9216K, 0% used [0x00000000ff700000,0x00000000ff700000,0x0000000100000000)
 ParOldGen       total 917504K, used 799250K [0x00000000c0000000, 0x00000000f8000000, 0x00000000f8000000)
  object space 917504K, 87% used [0x00000000c0000000,0x00000000f0c84810,0x00000000f8000000)
 Metaspace       used 2804K, capacity 4486K, committed 4864K, reserved 1056768K
  class space    used 297K, capacity 386K, committed 512K, reserved 1048576K
