Java HotSpot(TM) 64-Bit Server VM (25.411-b09) for windows-amd64 JRE (1.8.0_411-b09), built on Mar 13 2024 07:26:13 by "java_re" with MS VC++ 17.1 (VS2022)
Memory: 4k page, physical 33403376k(15242048k free), swap 38794768k(6867104k free)
CommandLine flags: -XX:InitialHeapSize=1073741824 -XX:MaxHeapSize=1073741824 -XX:NewRatio=7 -XX:ParallelGCThreads=6 -XX:+PrintGC -XX:+PrintGCDetails -XX:+PrintGCTimeStamps -XX:SurvivorRatio=4 -XX:-UseAdaptiveSizePolicy -XX:+UseCompressedClassPointers -XX:+UseCompressedOops -XX:-UseLargePagesIndividualAllocation -XX:+UseParallelGC 
1.865: [GC (Allocation Failure) [PSYoungGen: 84132K->11912K(109568K)] 237732K->165520K(1027072K), 0.0025207 secs] [Times: user=0.00 sys=0.00, real=0.00 secs] 
3.545: [GC (Allocation Failure) [PSYoungGen: 96617K->18072K(109568K)] 403825K->325280K(1027072K), 0.0033894 secs] [Times: user=0.00 sys=0.00, real=0.00 secs] 
5.507: [GC (Allocation Failure) [PSYoungGen: 96633K->21144K(109568K)] 403841K->333472K(1027072K), 0.0037985 secs] [Times: user=0.00 sys=0.00, real=0.00 secs] 
6.299: [GC (Allocation Failure) [PSYoungGen: 105843K->21128K(109568K)] 520571K->435856K(1027072K), 0.0026093 secs] [Times: user=0.00 sys=0.00, real=0.00 secs] 
8.415: [GC (Allocation Failure) [PSYoungGen: 101590K->5688K(109568K)] 669918K->574024K(1027072K), 0.0016595 secs] [Times: user=0.00 sys=0.00, real=0.00 secs] 
9.209: [GC (Allocation Failure) [PSYoungGen: 90391K->5752K(109568K)] 761127K->727688K(1027072K), 0.0167973 secs] [Times: user=0.00 sys=0.00, real=0.02 secs] 
10.907: [Full GC (Ergonomics) [PSYoungGen: 90456K->0K(109568K)] [ParOldGen: 875536K->164368K(917504K)] 965992K->164368K(1027072K), [Metaspace: 2761K->2761K(1056768K)], 0.0218245 secs] [Times: user=0.00 sys=0.00, real=0.02 secs] 
12.777: [GC (Allocation Failure) [PSYoungGen: 84252K->15392K(109568K)] 402221K->333368K(1027072K), 0.0013572 secs] [Times: user=0.00 sys=0.00, real=0.00 secs] 
13.540: [GC (Allocation Failure) [PSYoungGen: 100096K->11328K(109568K)] 520473K->431713K(1027072K), 0.0010442 secs] [Times: user=0.00 sys=0.00, real=0.00 secs] 
15.176: [GC (Allocation Failure) [PSYoungGen: 96033K->16416K(109568K)] 670018K->600649K(1027072K), 0.0022265 secs] [Times: user=0.00 sys=0.00, real=0.00 secs] 
17.030: [GC (Allocation Failure) [PSYoungGen: 100097K->15392K(109568K)] 684330K->599625K(1027072K), 0.0017402 secs] [Times: user=0.00 sys=0.00, real=0.00 secs] 
17.792: [GC (Allocation Failure) [PSYoungGen: 100091K->20512K(109568K)] 786724K->717385K(1027072K), 0.0025456 secs] [Times: user=0.00 sys=0.00, real=0.00 secs] 
20.084: [Full GC (Ergonomics) [PSYoungGen: 105213K->0K(109568K)] [ParOldGen: 901673K->51729K(917504K)] 1006887K->51729K(1027072K), [Metaspace: 2770K->2770K(1056768K)], 0.0063392 secs] [Times: user=0.00 sys=0.00, real=0.01 secs] 
22.060: [GC (Allocation Failure) [PSYoungGen: 86751K->11264K(109568K)] 394480K->318993K(1027072K), 0.0010843 secs] [Times: user=0.00 sys=0.00, real=0.00 secs] 
24.023: [GC (Allocation Failure) [PSYoungGen: 90848K->20480K(109568K)] 552177K->481809K(1027072K), 0.0017447 secs] [Times: user=0.00 sys=0.00, real=0.00 secs] 
24.677: [GC (Allocation Failure) [PSYoungGen: 105184K->11264K(109568K)] 668913K->574993K(1027072K), 0.0013093 secs] [Times: user=0.00 sys=0.00, real=0.00 secs] 
26.314: [GC (Allocation Failure) [PSYoungGen: 95968K->20480K(109568K)] 813298K->753169K(1027072K), 0.0026970 secs] [Times: user=0.00 sys=0.00, real=0.00 secs] 
28.054: [GC (Allocation Failure) [PSYoungGen: 104161K->10240K(109568K)] 836850K->742929K(1027072K), 0.0018997 secs] [Times: user=0.00 sys=0.00, real=0.00 secs] 
29.581: [Full GC (Ergonomics) [PSYoungGen: 90191K->0K(109568K)] [ParOldGen: 886289K->67089K(917504K)] 976481K->67089K(1027072K), [Metaspace: 2793K->2793K(1056768K)], 0.0065358 secs] [Times: user=0.00 sys=0.00, real=0.01 secs] 
32.091: [GC (Allocation Failure) [PSYoungGen: 86749K->6144K(109568K)] 409839K->329233K(1027072K), 0.0008081 secs] [Times: user=0.00 sys=0.00, real=0.00 secs] 
33.725: [GC (Allocation Failure) [PSYoungGen: 90847K->12288K(109568K)] 567536K->488977K(1027072K), 0.0013315 secs] [Times: user=0.00 sys=0.00, real=0.00 secs] 
35.472: [GC (Allocation Failure) [PSYoungGen: 86751K->20480K(109568K)] 717041K->650769K(1027072K), 0.0019075 secs] [Times: user=0.00 sys=0.00, real=0.00 secs] 
36.236: [GC (Allocation Failure) [PSYoungGen: 105184K->20480K(109568K)] 837873K->753169K(1027072K), 0.0017961 secs] [Times: user=0.00 sys=0.00, real=0.00 secs] 
37.877: [Full GC (Ergonomics) [PSYoungGen: 105184K->0K(109568K)] [ParOldGen: 886289K->47104K(917504K)] 991474K->47104K(1027072K), [Metaspace: 2793K->2793K(1056768K)], 0.0052199 secs] [Times: user=0.00 sys=0.00, real=0.01 secs] 
39.614: [GC (Allocation Failure) [PSYoungGen: 83681K->15360K(109568K)] 181985K->113664K(1027072K), 0.0013839 secs] [Times: user=0.00 sys=0.00, real=0.00 secs] 
40.274: [GC (Allocation Failure) [PSYoungGen: 100065K->6144K(109568K)] 300769K->206848K(1027072K), 0.0008559 secs] [Times: user=0.00 sys=0.00, real=0.00 secs] 
41.912: [GC (Allocation Failure) [PSYoungGen: 90849K->16384K(109568K)] 445153K->370688K(1027072K), 0.0015542 secs] [Times: user=0.00 sys=0.00, real=0.00 secs] 
43.989: [GC (Allocation Failure) [PSYoungGen: 90849K->11264K(109568K)] 445153K->375808K(1027072K), 0.0018014 secs] [Times: user=0.00 sys=0.00, real=0.00 secs] 
44.754: [GC (Allocation Failure) [PSYoungGen: 95963K->16384K(109568K)] 562907K->488448K(1027072K), 0.0020047 secs] [Times: user=0.00 sys=0.00, real=0.00 secs] 
46.825: [GC (Allocation Failure) [PSYoungGen: 101085K->10240K(109568K)] 726749K->635904K(1027072K), 0.0016284 secs] [Times: user=0.00 sys=0.00, real=0.00 secs] 
47.588: [GC (Allocation Failure) [PSYoungGen: 94942K->20480K(109568K)] 823007K->753664K(1027072K), 0.0027124 secs] [Times: user=0.02 sys=0.00, real=0.00 secs] 
49.220: [Full GC (Ergonomics) [PSYoungGen: 105183K->0K(109568K)] [ParOldGen: 886784K->82449K(917504K)] 991968K->82449K(1027072K), [Metaspace: 2795K->2795K(1056768K)], 0.0076137 secs] [Times: user=0.00 sys=0.00, real=0.01 secs] 
50.967: [GC (Allocation Failure) [PSYoungGen: 78560K->15360K(109568K)] 314609K->251409K(1027072K), 0.0014316 secs] [Times: user=0.00 sys=0.00, real=0.00 secs] 
51.621: [GC (Allocation Failure) [PSYoungGen: 100064K->7168K(109568K)] 438514K->345617K(1027072K), 0.0009150 secs] [Times: user=0.00 sys=0.00, real=0.00 secs] 
53.255: [GC (Allocation Failure) [PSYoungGen: 91873K->17408K(109568K)] 583922K->509457K(1027072K), 0.0016403 secs] [Times: user=0.00 sys=0.00, real=0.00 secs] 
55.325: [GC (Allocation Failure) [PSYoungGen: 101089K->20480K(109568K)] 593138K->517649K(1027072K), 0.0018524 secs] [Times: user=0.00 sys=0.00, real=0.00 secs] 
56.089: [GC (Allocation Failure) [PSYoungGen: 105179K->20480K(109568K)] 704749K->620049K(1027072K), 0.0017429 secs] [Times: user=0.00 sys=0.00, real=0.00 secs] 
58.157: [GC (Allocation Failure) [PSYoungGen: 100061K->5120K(109568K)] 853231K->758289K(1027072K), 0.0017476 secs] [Times: user=0.00 sys=0.00, real=0.00 secs] 
58.920: [GC (Allocation Failure) [PSYoungGen: 89823K->5120K(109568K)] 945392K->911889K(1027072K), 0.0065187 secs] [Times: user=0.00 sys=0.00, real=0.01 secs] 
58.926: [Full GC (Ergonomics) [PSYoungGen: 5120K->0K(109568K)] [ParOldGen: 906769K->56849K(917504K)] 911889K->56849K(1027072K), [Metaspace: 2796K->2796K(1056768K)], 0.0061707 secs] [Times: user=0.00 sys=0.00, real=0.01 secs] 
60.579: [GC (Allocation Failure) [PSYoungGen: 84703K->10240K(109568K)] 295153K->220689K(1027072K), 0.0011904 secs] [Times: user=0.00 sys=0.00, real=0.00 secs] 
62.430: [GC (Allocation Failure) [PSYoungGen: 93920K->15360K(109568K)] 457969K->379409K(1027072K), 0.0017834 secs] [Times: user=0.00 sys=0.00, real=0.00 secs] 
63.192: [GC (Allocation Failure) [PSYoungGen: 100064K->11264K(109568K)] 566514K->477713K(1027072K), 0.0012323 secs] [Times: user=0.00 sys=0.00, real=0.00 secs] 
64.827: [GC (Allocation Failure) [PSYoungGen: 95969K->16384K(109568K)] 716018K->646673K(1027072K), 0.0022959 secs] [Times: user=0.00 sys=0.00, real=0.00 secs] 
66.676: [GC (Allocation Failure) [PSYoungGen: 100065K->15360K(109568K)] 730354K->645649K(1027072K), 0.0015142 secs] [Times: user=0.00 sys=0.00, real=0.00 secs] 
67.439: [GC (Allocation Failure) [PSYoungGen: 100059K->10240K(109568K)] 832749K->763409K(1027072K), 0.0025940 secs] [Times: user=0.00 sys=0.00, real=0.00 secs] 
69.621: [Full GC (Ergonomics) [PSYoungGen: 94941K->0K(109568K)] [ParOldGen: 906769K->6144K(917504K)] 1001711K->6144K(1027072K), [Metaspace: 2796K->2796K(1056768K)], 0.0029408 secs] [Times: user=0.00 sys=0.00, real=0.00 secs] 
70.712: [GC (Allocation Failure) [PSYoungGen: 84703K->10240K(109568K)] 193247K->118784K(1027072K), 0.0012415 secs] [Times: user=0.00 sys=0.00, real=0.00 secs] 
72.238: [GC (Allocation Failure) [PSYoungGen: 94943K->20480K(109568K)] 357088K->283648K(1027072K), 0.0020722 secs] [Times: user=0.00 sys=0.00, real=0.00 secs] 
73.438: [GC (Allocation Failure) [PSYoungGen: 105184K->1024K(109568K)] 470752K->366592K(1027072K), 0.0010010 secs] [Times: user=0.00 sys=0.00, real=0.00 secs] 
74.968: [GC (Allocation Failure) [PSYoungGen: 80608K->20480K(109568K)] 599776K->539648K(1027072K), 0.0021004 secs] [Times: user=0.00 sys=0.00, real=0.00 secs] 
76.492: [GC (Allocation Failure) [PSYoungGen: 105185K->20480K(109568K)] 777953K->713728K(1027072K), 0.0030740 secs] [Times: user=0.00 sys=0.00, real=0.00 secs] 
78.021: [GC (Allocation Failure) [PSYoungGen: 99041K->15360K(109568K)] 792289K->708608K(1027072K), 0.0020197 secs] [Times: user=0.00 sys=0.00, real=0.00 secs] 
78.785: [GC (Allocation Failure) [PSYoungGen: 100059K->10240K(109568K)] 895707K->857088K(1027072K), 0.0056250 secs] [Times: user=0.00 sys=0.00, real=0.01 secs] 
79.656: [Full GC (Ergonomics) [PSYoungGen: 73437K->0K(109568K)] [ParOldGen: 898048K->113169K(917504K)] 971485K->113169K(1027072K), [Metaspace: 2796K->2796K(1056768K)], 0.0100984 secs] [Times: user=0.00 sys=0.00, real=0.01 secs] 
82.291: [GC (Allocation Failure) [PSYoungGen: 81631K->16384K(109568K)] 399600K->334353K(1027072K), 0.0015330 secs] [Times: user=0.00 sys=0.00, real=0.00 secs] 
83.059: [GC (Allocation Failure) [PSYoungGen: 101087K->12288K(109568K)] 521457K->432657K(1027072K), 0.0012830 secs] [Times: user=0.00 sys=0.00, real=0.00 secs] 
85.027: [GC (Allocation Failure) [PSYoungGen: 91872K->10240K(109568K)] 665841K->584209K(1027072K), 0.0014053 secs] [Times: user=0.00 sys=0.00, real=0.00 secs] 
85.679: [GC (Allocation Failure) [PSYoungGen: 94944K->11264K(109568K)] 771314K->687633K(1027072K), 0.0015172 secs] [Times: user=0.00 sys=0.00, real=0.00 secs] 
87.313: [GC (Allocation Failure) [PSYoungGen: 95969K->20480K(109568K)] 925938K->870929K(1027072K), 0.0034493 secs] [Times: user=0.00 sys=0.00, real=0.00 secs] 
89.167: [Full GC (Ergonomics) [PSYoungGen: 104161K->0K(109568K)] [ParOldGen: 901649K->11264K(917504K)] 1005810K->11264K(1027072K), [Metaspace: 2796K->2796K(1056768K)], 0.0029352 secs] [Times: user=0.02 sys=0.00, real=0.00 secs] 
90.688: [GC (Allocation Failure) [PSYoungGen: 84705K->15360K(109568K)] 249569K->180224K(1027072K), 0.0013394 secs] [Times: user=0.00 sys=0.00, real=0.00 secs] 
91.344: [GC (Allocation Failure) [PSYoungGen: 100065K->7168K(109568K)] 367329K->274432K(1027072K), 0.0008497 secs] [Times: user=0.00 sys=0.00, real=0.00 secs] 
93.631: [GC (Allocation Failure) [PSYoungGen: 91873K->11264K(109568K)] 359137K->288768K(1027072K), 0.0017397 secs] [Times: user=0.00 sys=0.00, real=0.00 secs] 
94.397: [GC (Allocation Failure) [PSYoungGen: 95963K->11264K(109568K)] 475868K->391168K(1027072K), 0.0014201 secs] [Times: user=0.00 sys=0.00, real=0.00 secs] 
96.464: [GC (Allocation Failure) [PSYoungGen: 95965K->10240K(109568K)] 629470K->543744K(1027072K), 0.0016110 secs] [Times: user=0.00 sys=0.00, real=0.00 secs] 
97.227: [GC (Allocation Failure) [PSYoungGen: 94943K->5120K(109568K)] 730847K->661504K(1027072K), 0.0028182 secs] [Times: user=0.00 sys=0.00, real=0.00 secs] 
98.864: [GC (Allocation Failure) [PSYoungGen: 89824K->15360K(109568K)] 899808K->825344K(1027072K), 0.0024603 secs] [Times: user=0.00 sys=0.00, real=0.00 secs] 
99.516: [GC (Allocation Failure) [PSYoungGen: 68320K->10240K(109568K)] 929504K->871424K(1027072K), 0.0029249 secs] [Times: user=0.00 sys=0.00, real=0.00 secs] 
99.519: [GC (Allocation Failure) [PSYoungGen: 10240K->10240K(109568K)] 871424K->871424K(1027072K), 0.0017724 secs] [Times: user=0.00 sys=0.00, real=0.00 secs] 
99.521: [Full GC (Allocation Failure) [PSYoungGen: 10240K->0K(109568K)] [ParOldGen: 861184K->133649K(917504K)] 871424K->133649K(1027072K), [Metaspace: 2796K->2796K(1056768K)], 0.0112533 secs] [Times: user=0.00 sys=0.00, real=0.01 secs] 
101.821: [GC (Allocation Failure) [PSYoungGen: 84704K->11264K(109568K)] 474354K->400913K(1027072K), 0.0011404 secs] [Times: user=0.00 sys=0.00, real=0.00 secs] 
103.343: [GC (Allocation Failure) [PSYoungGen: 90849K->17408K(109568K)] 634098K->560657K(1027072K), 0.0014491 secs] [Times: user=0.00 sys=0.00, real=0.00 secs] 
105.523: [GC (Allocation Failure) [PSYoungGen: 103137K->16384K(109568K)] 799986K->713233K(1027072K), 0.0016089 secs] [Times: user=0.00 sys=0.00, real=0.00 secs] 
107.159: [GC (Allocation Failure) [PSYoungGen: 101089K->20480K(109568K)] 951538K->896529K(1027072K), 0.0037970 secs] [Times: user=0.00 sys=0.00, real=0.00 secs] 
107.163: [Full GC (Ergonomics) [PSYoungGen: 20480K->0K(109568K)] [ParOldGen: 876049K->46609K(917504K)] 896529K->46609K(1027072K), [Metaspace: 2796K->2796K(1056768K)], 0.0054197 secs] [Times: user=0.00 sys=0.00, real=0.01 secs] 
108.481: [GC (Allocation Failure) [PSYoungGen: 84705K->5120K(109568K)] 233714K->205329K(1027072K), 0.0046897 secs] [Times: user=0.00 sys=0.00, real=0.00 secs] 
110.119: [GC (Allocation Failure) [PSYoungGen: 89825K->10240K(109568K)] 443634K->364049K(1027072K), 0.0010958 secs] [Times: user=0.00 sys=0.00, real=0.00 secs] 
111.970: [GC (Allocation Failure) [PSYoungGen: 88801K->15360K(109568K)] 596210K->522769K(1027072K), 0.0016562 secs] [Times: user=0.00 sys=0.00, real=0.00 secs] 
112.625: [GC (Allocation Failure) [PSYoungGen: 100065K->7168K(109568K)] 709874K->616977K(1027072K), 0.0013583 secs] [Times: user=0.00 sys=0.00, real=0.00 secs] 
114.260: [GC (Allocation Failure) [PSYoungGen: 91873K->16384K(109568K)] 855283K->790033K(1027072K), 0.0024693 secs] [Times: user=0.00 sys=0.00, real=0.00 secs] 
116.224: [GC (Allocation Failure) [PSYoungGen: 100065K->15360K(109568K)] 873715K->789009K(1027072K), 0.0016084 secs] [Times: user=0.00 sys=0.00, real=0.00 secs] 
116.875: [Full GC (Ergonomics) [PSYoungGen: 100059K->0K(109568K)] [ParOldGen: 876049K->27648K(917504K)] 976109K->27648K(1027072K), [Metaspace: 2796K->2796K(1056768K)], 0.0041498 secs] [Times: user=0.00 sys=0.00, real=0.00 secs] 
118.507: [GC (Allocation Failure) [PSYoungGen: 84701K->10240K(109568K)] 265950K->191488K(1027072K), 0.0009222 secs] [Times: user=0.00 sys=0.00, real=0.00 secs] 
120.139: [GC (Allocation Failure) [PSYoungGen: 94943K->5120K(109568K)] 378591K->288768K(1027072K), 0.0009810 secs] [Times: user=0.00 sys=0.00, real=0.00 secs] 
121.772: [GC (Allocation Failure) [PSYoungGen: 89824K->16384K(109568K)] 527072K->453632K(1027072K), 0.0015974 secs] [Times: user=0.00 sys=0.00, real=0.00 secs] 
123.414: [GC (Allocation Failure) [PSYoungGen: 85728K->20480K(109568K)] 676576K->611328K(1027072K), 0.0020680 secs] [Times: user=0.00 sys=0.00, real=0.00 secs] 
124.178: [GC (Allocation Failure) [PSYoungGen: 105184K->20480K(109568K)] 798432K->713728K(1027072K), 0.0022579 secs] [Times: user=0.00 sys=0.00, real=0.00 secs] 
125.814: [GC (Allocation Failure) [PSYoungGen: 105185K->20480K(109568K)] 952033K->882688K(1027072K), 0.0032058 secs] [Times: user=0.00 sys=0.00, real=0.00 secs] 
127.456: [GC (Allocation Failure) [PSYoungGen: 99041K->10240K(109568K)] 961249K->872448K(1027072K), 0.0019616 secs] [Times: user=0.00 sys=0.00, real=0.00 secs] 
127.891: [Full GC (Ergonomics) [PSYoungGen: 52955K->0K(109568K)] [ParOldGen: 913408K->56849K(917504K)] 966363K->56849K(1027072K), [Metaspace: 2796K->2796K(1056768K)], 0.0064299 secs] [Times: user=0.00 sys=0.00, real=0.01 secs] 
129.870: [GC (Allocation Failure) [PSYoungGen: 86747K->10240K(109568K)] 399596K->323089K(1027072K), 0.0011606 secs] [Times: user=0.02 sys=0.00, real=0.00 secs] 
131.943: [GC (Allocation Failure) [PSYoungGen: 79581K->16384K(109568K)] 494831K->431633K(1027072K), 0.0015867 secs] [Times: user=0.00 sys=0.00, real=0.00 secs] 
132.704: [GC (Allocation Failure) [PSYoungGen: 101086K->12288K(109568K)] 618736K->529937K(1027072K), 0.0012584 secs] [Times: user=0.00 sys=0.00, real=0.00 secs] 
134.677: [GC (Allocation Failure) [PSYoungGen: 91871K->10240K(109568K)] 763121K->681489K(1027072K), 0.0017380 secs] [Times: user=0.00 sys=0.00, real=0.00 secs] 
135.333: [GC (Allocation Failure) [PSYoungGen: 94944K->11264K(109568K)] 868593K->784913K(1027072K), 0.0014844 secs] [Times: user=0.00 sys=0.00, real=0.00 secs] 
136.425: [GC (Allocation Failure) [PSYoungGen: 84704K->15360K(109568K)] 909554K->860689K(1027072K), 0.0032399 secs] [Times: user=0.00 sys=0.00, real=0.00 secs] 
136.428: [GC (Allocation Failure) [PSYoungGen: 15360K->15360K(109568K)] 860689K->860689K(1027072K), 0.0018925 secs] [Times: user=0.00 sys=0.00, real=0.00 secs] 
136.430: [Full GC (Allocation Failure) [PSYoungGen: 15360K->0K(109568K)] [ParOldGen: 845329K->87569K(917504K)] 860689K->87569K(1027072K), [Metaspace: 2796K->2796K(1056768K)], 0.0083732 secs] [Times: user=0.01 sys=0.00, real=0.01 secs] 
138.622: [GC (Allocation Failure) [PSYoungGen: 84705K->10240K(109568K)] 325874K->251409K(1027072K), 0.0009084 secs] [Times: user=0.00 sys=0.00, real=0.00 secs] 
140.258: [GC (Allocation Failure) [PSYoungGen: 94945K->15360K(109568K)] 489714K->410129K(1027072K), 0.0013478 secs] [Times: user=0.00 sys=0.00, real=0.00 secs] 
142.662: [GC (Allocation Failure) [PSYoungGen: 102113K->6144K(109568K)] 650482K->554513K(1027072K), 0.0011645 secs] [Times: user=0.00 sys=0.00, real=0.00 secs] 
144.295: [GC (Allocation Failure) [PSYoungGen: 90849K->11264K(109568K)] 792818K->723473K(1027072K), 0.0021498 secs] [Times: user=0.00 sys=0.00, real=0.00 secs] 
146.149: [GC (Allocation Failure) [PSYoungGen: 85729K->10240K(109568K)] 951538K->876049K(1027072K), 0.0014688 secs] [Times: user=0.00 sys=0.00, real=0.00 secs] 
146.367: [GC (Allocation Failure) [PSYoungGen: 83681K->20480K(109568K)] 949490K->937489K(1027072K), 0.0158852 secs] [Times: user=0.02 sys=0.00, real=0.02 secs] 
146.383: [Full GC (Ergonomics) [PSYoungGen: 20480K->0K(109568K)] [ParOldGen: 917009K->72209K(917504K)] 937489K->72209K(1027072K), [Metaspace: 2796K->2796K(1056768K)], 0.0069118 secs] [Times: user=0.01 sys=0.00, real=0.01 secs] 
148.359: [GC (Allocation Failure) [PSYoungGen: 86747K->10240K(109568K)] 414956K->338449K(1027072K), 0.0009611 secs] [Times: user=0.00 sys=0.00, real=0.00 secs] 
150.214: [GC (Allocation Failure) [PSYoungGen: 88797K->10240K(109568K)] 570606K->492049K(1027072K), 0.0012053 secs] [Times: user=0.00 sys=0.00, real=0.00 secs] 
151.738: [GC (Allocation Failure) [PSYoungGen: 94942K->20480K(109568K)] 730352K->656913K(1027072K), 0.0018049 secs] [Times: user=0.00 sys=0.00, real=0.00 secs] 
152.391: [GC (Allocation Failure) [PSYoungGen: 105183K->12288K(109568K)] 844017K->751121K(1027072K), 0.0015495 secs] [Times: user=0.00 sys=0.00, real=0.00 secs] 
154.575: [GC (Allocation Failure) [PSYoungGen: 95968K->15360K(109568K)] 834801K->754193K(1027072K), 0.0014769 secs] [Times: user=0.00 sys=0.00, real=0.00 secs] 
155.229: [GC (Allocation Failure) [PSYoungGen: 100059K->16384K(109568K)] 941292K->857617K(1027072K), 0.0016438 secs] [Times: user=0.00 sys=0.00, real=0.00 secs] 
156.318: [Full GC (Ergonomics) [PSYoungGen: 89821K->0K(109568K)] [ParOldGen: 892433K->92689K(917504K)] 982255K->92689K(1027072K), [Metaspace: 2796K->2796K(1056768K)], 0.0081523 secs] [Times: user=0.02 sys=0.00, real=0.01 secs] 
158.840: [GC (Allocation Failure) [PSYoungGen: 81630K->15360K(109568K)] 430320K->364049K(1027072K), 0.0014148 secs] [Times: user=0.00 sys=0.00, real=0.00 secs] 
159.492: [GC (Allocation Failure) [PSYoungGen: 100063K->6144K(109568K)] 551153K->457233K(1027072K), 0.0008443 secs] [Times: user=0.00 sys=0.00, real=0.00 secs] 
161.564: [GC (Allocation Failure) [PSYoungGen: 89824K->10240K(109568K)] 694513K->614929K(1027072K), 0.0014402 secs] [Times: user=0.00 sys=0.00, real=0.00 secs] 
163.092: [GC (Allocation Failure) [PSYoungGen: 94944K->20480K(109568K)] 853234K->784913K(1027072K), 0.0020097 secs] [Times: user=0.00 sys=0.00, real=0.00 secs] 
163.748: [GC (Allocation Failure) [PSYoungGen: 105184K->11264K(109568K)] 972018K->878097K(1027072K), 0.0017599 secs] [Times: user=0.00 sys=0.00, real=0.00 secs] 
165.818: [GC (Allocation Failure) [PSYoungGen: 94945K->10240K(109568K)] 961778K->877073K(1027072K), 0.0017204 secs] [Times: user=0.00 sys=0.00, real=0.00 secs] 
166.145: [GC (Allocation Failure) [PSYoungGen: 52955K->20480K(109568K)] 919789K->912913K(1027072K), 0.0028866 secs] [Times: user=0.00 sys=0.00, real=0.00 secs] 
166.148: [Full GC (Ergonomics) [PSYoungGen: 20480K->0K(109568K)] [ParOldGen: 892433K->26129K(917504K)] 912913K->26129K(1027072K), [Metaspace: 2796K->2796K(1056768K)], 0.0042242 secs] [Times: user=0.00 sys=0.00, real=0.00 secs] 
167.235: [GC (Allocation Failure) [PSYoungGen: 84699K->10240K(109568K)] 213229K->138769K(1027072K), 0.0011665 secs] [Times: user=0.00 sys=0.00, real=0.00 secs] 
169.846: [GC (Allocation Failure) [PSYoungGen: 96989K->5120K(109568K)] 532719K->440849K(1027072K), 0.0008282 secs] [Times: user=0.00 sys=0.00, real=0.00 secs] 
171.482: [GC (Allocation Failure) [PSYoungGen: 89823K->16384K(109568K)] 679152K->605713K(1027072K), 0.0014977 secs] [Times: user=0.00 sys=0.00, real=0.00 secs] 
173.117: [GC (Allocation Failure) [PSYoungGen: 85727K->20480K(109568K)] 828657K->763409K(1027072K), 0.0018550 secs] [Times: user=0.00 sys=0.00, real=0.00 secs] 
173.880: [GC (Allocation Failure) [PSYoungGen: 105184K->20480K(109568K)] 950513K->865809K(1027072K), 0.0018150 secs] [Times: user=0.00 sys=0.00, real=0.00 secs] 
174.758: [Full GC (Ergonomics) [PSYoungGen: 83680K->0K(109568K)] [ParOldGen: 896529K->77329K(917504K)] 980210K->77329K(1027072K), [Metaspace: 2796K->2796K(1056768K)], 0.0074496 secs] [Times: user=0.02 sys=0.00, real=0.01 secs] 
176.838: [GC (Allocation Failure) [PSYoungGen: 84705K->10240K(109568K)] 264434K->189969K(1027072K), 0.0007928 secs] [Times: user=0.00 sys=0.00, real=0.00 secs] 
178.473: [GC (Allocation Failure) [PSYoungGen: 94945K->15360K(109568K)] 428274K->348689K(1027072K), 0.0013958 secs] [Times: user=0.00 sys=0.00, real=0.00 secs] 
180.982: [GC (Allocation Failure) [PSYoungGen: 102113K->6144K(109568K)] 691442K->595473K(1027072K), 0.0015316 secs] [Times: user=0.00 sys=0.00, real=0.00 secs] 
182.619: [GC (Allocation Failure) [PSYoungGen: 90849K->12288K(109568K)] 833778K->755217K(1027072K), 0.0016554 secs] [Times: user=0.00 sys=0.00, real=0.00 secs] 
184.477: [Full GC (Ergonomics) [PSYoungGen: 91873K->0K(109568K)] [ParOldGen: 896529K->11264K(917504K)] 988402K->11264K(1027072K), [Metaspace: 2796K->2796K(1056768K)], 0.0033002 secs] [Times: user=0.00 sys=0.00, real=0.00 secs] 
185.244: [GC (Allocation Failure) [PSYoungGen: 84705K->10240K(109568K)] 198369K->123904K(1027072K), 0.0011201 secs] [Times: user=0.00 sys=0.00, real=0.00 secs] 
186.888: [GC (Allocation Failure) [PSYoungGen: 94945K->15360K(109568K)] 362209K->303104K(1027072K), 0.0028938 secs] [Times: user=0.00 sys=0.00, real=0.00 secs] 
188.629: [GC (Allocation Failure) [PSYoungGen: 99041K->15360K(109568K)] 437985K->354304K(1027072K), 0.0016529 secs] [Times: user=0.00 sys=0.00, real=0.00 secs] 
189.287: [GC (Allocation Failure) [PSYoungGen: 100065K->6144K(109568K)] 541409K->447488K(1027072K), 0.0013949 secs] [Times: user=0.00 sys=0.00, real=0.00 secs] 
190.923: [GC (Allocation Failure) [PSYoungGen: 90849K->16416K(109568K)] 685793K->611360K(1027072K), 0.0017754 secs] [Times: user=0.00 sys=0.00, real=0.00 secs] 
192.998: [GC (Allocation Failure) [PSYoungGen: 90881K->11296K(109568K)] 685825K->616480K(1027072K), 0.0022403 secs] [Times: user=0.00 sys=0.00, real=0.00 secs] 
193.762: [GC (Allocation Failure) [PSYoungGen: 95995K->11296K(109568K)] 803579K->718880K(1027072K), 0.0020052 secs] [Times: user=0.00 sys=0.00, real=0.00 secs] 
195.836: [GC (Allocation Failure) [PSYoungGen: 95997K->10272K(109568K)] 957181K->871456K(1027072K), 0.0019351 secs] [Times: user=0.00 sys=0.00, real=0.00 secs] 
196.058: [GC (Allocation Failure) [PSYoungGen: 83710K->20544K(109568K)] 944894K->932928K(1027072K), 0.0061939 secs] [Times: user=0.00 sys=0.00, real=0.01 secs] 
196.064: [Full GC (Ergonomics) [PSYoungGen: 20544K->0K(109568K)] [ParOldGen: 912384K->72209K(917504K)] 932928K->72209K(1027072K), [Metaspace: 2796K->2796K(1056768K)], 0.0072040 secs] [Times: user=0.00 sys=0.00, real=0.01 secs] 
198.040: [GC (Allocation Failure) [PSYoungGen: 86745K->10240K(109568K)] 414955K->338449K(1027072K), 0.0011767 secs] [Times: user=0.00 sys=0.00, real=0.00 secs] 
199.896: [GC (Allocation Failure) [PSYoungGen: 88796K->10240K(109568K)] 570606K->492049K(1027072K), 0.0011092 secs] [Times: user=0.00 sys=0.00, real=0.00 secs] 
201.420: [GC (Allocation Failure) [PSYoungGen: 94942K->20480K(109568K)] 730352K->656913K(1027072K), 0.0020925 secs] [Times: user=0.00 sys=0.00, real=0.00 secs] 
202.076: [GC (Allocation Failure) [PSYoungGen: 105183K->12288K(109568K)] 844017K->751121K(1027072K), 0.0020884 secs] [Times: user=0.00 sys=0.00, real=0.00 secs] 
204.256: [GC (Allocation Failure) [PSYoungGen: 95968K->15360K(109568K)] 834802K->754193K(1027072K), 0.0016578 secs] [Times: user=0.00 sys=0.00, real=0.00 secs] 
204.911: [GC (Allocation Failure) [PSYoungGen: 100059K->16384K(109568K)] 941292K->857617K(1027072K), 0.0018104 secs] [Times: user=0.00 sys=0.00, real=0.00 secs] 
206.001: [Full GC (Ergonomics) [PSYoungGen: 89821K->0K(109568K)] [ParOldGen: 892433K->92689K(917504K)] 982255K->92689K(1027072K), [Metaspace: 2796K->2796K(1056768K)], 0.0080848 secs] [Times: user=0.00 sys=0.00, real=0.01 secs] 
208.523: [GC (Allocation Failure) [PSYoungGen: 81630K->15360K(109568K)] 430320K->364049K(1027072K), 0.0018689 secs] [Times: user=0.00 sys=0.00, real=0.00 secs] 
209.177: [GC (Allocation Failure) [PSYoungGen: 100063K->6144K(109568K)] 551153K->457233K(1027072K), 0.0012504 secs] [Times: user=0.00 sys=0.00, real=0.00 secs] 
211.248: [GC (Allocation Failure) [PSYoungGen: 89824K->10240K(109568K)] 694514K->614929K(1027072K), 0.0014102 secs] [Times: user=0.00 sys=0.00, real=0.00 secs] 
212.776: [GC (Allocation Failure) [PSYoungGen: 94944K->20480K(109568K)] 853234K->784913K(1027072K), 0.0019458 secs] [Times: user=0.00 sys=0.00, real=0.00 secs] 
213.430: [GC (Allocation Failure) [PSYoungGen: 105184K->11264K(109568K)] 972018K->878098K(1027072K), 0.0014502 secs] [Times: user=0.00 sys=0.00, real=0.00 secs] 
215.500: [GC (Allocation Failure) [PSYoungGen: 94945K->10240K(109568K)] 961779K->877074K(1027072K), 0.0012972 secs] [Times: user=0.00 sys=0.00, real=0.00 secs] 
215.826: [GC (Allocation Failure) [PSYoungGen: 52955K->5120K(109568K)] 919789K->912914K(1027072K), 0.0028108 secs] [Times: user=0.00 sys=0.00, real=0.00 secs] 
215.829: [Full GC (Ergonomics) [PSYoungGen: 5120K->0K(109568K)] [ParOldGen: 907794K->26129K(917504K)] 912914K->26129K(1027072K), [Metaspace: 2796K->2796K(1056768K)], 0.0044438 secs] [Times: user=0.00 sys=0.00, real=0.00 secs] 
216.932: [GC (Allocation Failure) [PSYoungGen: 84699K->10240K(109568K)] 213229K->138769K(1027072K), 0.0009664 secs] [Times: user=0.00 sys=0.00, real=0.00 secs] 
Heap
 PSYoungGen      total 109568K, used 76223K [0x00000000f8000000, 0x0000000100000000, 0x0000000100000000)
  eden space 88064K, 74% used [0x00000000f8000000,0x00000000fc06fd98,0x00000000fd600000)
  from space 21504K, 47% used [0x00000000feb00000,0x00000000ff500020,0x0000000100000000)
  to   space 21504K, 0% used [0x00000000fd600000,0x00000000fd600000,0x00000000feb00000)
 ParOldGen       total 917504K, used 282129K [0x00000000c0000000, 0x00000000f8000000, 0x00000000f8000000)
  object space 917504K, 30% used [0x00000000c0000000,0x00000000d1384730,0x00000000f8000000)
 Metaspace       used 2804K, capacity 4486K, committed 4864K, reserved 1056768K
  class space    used 297K, capacity 386K, committed 512K, reserved 1048576K
