Java HotSpot(TM) 64-Bit Server VM (25.411-b09) for windows-amd64 JRE (1.8.0_411-b09), built on Mar 13 2024 07:26:13 by "java_re" with MS VC++ 17.1 (VS2022)
Memory: 4k page, physical 33403376k(14276152k free), swap 37153868k(7569508k free)
CommandLine flags: -XX:InitialHeapSize=536870912 -XX:MaxHeapSize=536870912 -XX:NewRatio=7 -XX:ParallelGCThreads=6 -XX:+PrintGC -XX:+PrintGCDetails -XX:+PrintGCTimeStamps -XX:SurvivorRatio=5 -XX:-UseAdaptiveSizePolicy -XX:+UseCompressedClassPointers -XX:+UseCompressedOops -XX:-UseLargePagesIndividualAllocation -XX:+UseParallelGC 
1.043: [GC (Allocation Failure) [PSYoungGen: 44892K->5840K(56320K)] 44892K->16088K(515072K), 0.0044425 secs] [Times: user=0.00 sys=0.00, real=0.00 secs] 
1.965: [GC (Allocation Failure) [PSYoungGen: 49770K->6864K(56320K)] 213618K->175832K(515072K), 0.0026044 secs] [Times: user=0.00 sys=0.00, real=0.00 secs] 
2.619: [GC (Allocation Failure) [PSYoungGen: 48753K->6808K(56320K)] 217721K->186016K(515072K), 0.0034049 secs] [Times: user=0.00 sys=0.00, real=0.00 secs] 
3.649: [GC (Allocation Failure) [PSYoungGen: 50742K->7816K(56320K)] 383550K->345744K(515072K), 0.0021711 secs] [Times: user=0.00 sys=0.00, real=0.00 secs] 
5.068: [GC (Allocation Failure) [PSYoungGen: 50732K->5792K(56320K)] 388660K->348840K(515072K), 0.0023214 secs] [Times: user=0.00 sys=0.00, real=0.00 secs] 
5.503: [GC (Allocation Failure) [PSYoungGen: 37440K->5720K(56320K)] 380488K->369248K(515072K), 0.0046420 secs] [Times: user=0.00 sys=0.00, real=0.00 secs] 
5.740: [GC (Allocation Failure) [PSYoungGen: 27123K->5688K(56320K)] 441851K->420416K(515072K), 0.0012374 secs] [Times: user=0.00 sys=0.00, real=0.00 secs] 
5.741: [GC (Allocation Failure) [PSYoungGen: 5688K->5720K(56320K)] 420416K->420448K(515072K), 0.0010299 secs] [Times: user=0.00 sys=0.00, real=0.00 secs] 
5.742: [Full GC (Allocation Failure) [PSYoungGen: 5720K->0K(56320K)] [ParOldGen: 414728K->67088K(458752K)] 420448K->67088K(515072K), [Metaspace: 2753K->2753K(1056768K)], 0.0104655 secs] [Times: user=0.00 sys=0.00, real=0.01 secs] 
6.844: [GC (Allocation Failure) [PSYoungGen: 43931K->5120K(56320K)] 213420K->184848K(515072K), 0.0013187 secs] [Times: user=0.00 sys=0.00, real=0.00 secs] 
7.716: [GC (Allocation Failure) [PSYoungGen: 49529K->5152K(56320K)] 382858K->364088K(515072K), 0.0026247 secs] [Times: user=0.00 sys=0.00, real=0.00 secs] 
8.591: [GC (Allocation Failure) [PSYoungGen: 31686K->32K(56320K)] 441823K->410168K(515072K), 0.0013916 secs] [Times: user=0.00 sys=0.00, real=0.00 secs] 
8.592: [GC (Allocation Failure) [PSYoungGen: 32K->32K(56320K)] 410168K->410168K(515072K), 0.0009754 secs] [Times: user=0.00 sys=0.00, real=0.00 secs] 
8.593: [Full GC (Allocation Failure) [PSYoungGen: 32K->0K(56320K)] [ParOldGen: 410136K->51728K(458752K)] 410168K->51728K(515072K), [Metaspace: 2759K->2759K(1056768K)], 0.0052295 secs] [Times: user=0.00 sys=0.00, real=0.01 secs] 
9.699: [GC (Allocation Failure) [PSYoungGen: 43945K->5120K(56320K)] 198074K->169488K(515072K), 0.0014499 secs] [Times: user=0.00 sys=0.00, real=0.00 secs] 
10.574: [GC (Allocation Failure) [PSYoungGen: 49066K->5120K(56320K)] 367035K->328208K(515072K), 0.0012152 secs] [Times: user=0.00 sys=0.00, real=0.00 secs] 
11.229: [GC (Allocation Failure) [PSYoungGen: 47020K->5120K(56320K)] 370109K->338448K(515072K), 0.0014641 secs] [Times: user=0.00 sys=0.00, real=0.00 secs] 
11.448: [GC (Allocation Failure) [PSYoungGen: 26533K->5120K(56320K)] 411062K->389649K(515072K), 0.0010685 secs] [Times: user=0.00 sys=0.00, real=0.00 secs] 
11.450: [GC (Allocation Failure) [PSYoungGen: 5120K->5120K(56320K)] 389649K->389649K(515072K), 0.0008633 secs] [Times: user=0.00 sys=0.00, real=0.00 secs] 
11.450: [Full GC (Allocation Failure) [PSYoungGen: 5120K->0K(56320K)] [ParOldGen: 384528K->215568K(458752K)] 389649K->215568K(515072K), [Metaspace: 2761K->2761K(1056768K)], 0.0112918 secs] [Times: user=0.02 sys=0.00, real=0.01 secs] 
12.661: [GC (Allocation Failure) [PSYoungGen: 32983K->5152K(56320K)] 350952K->333360K(515072K), 0.0014732 secs] [Times: user=0.00 sys=0.00, real=0.00 secs] 
12.879: [GC (Allocation Failure) [PSYoungGen: 26568K->5184K(56320K)] 405977K->384601K(515072K), 0.0009323 secs] [Times: user=0.00 sys=0.00, real=0.00 secs] 
12.880: [GC (Allocation Failure) [PSYoungGen: 5184K->5216K(56320K)] 384601K->384633K(515072K), 0.0006972 secs] [Times: user=0.00 sys=0.00, real=0.00 secs] 
12.881: [Full GC (Allocation Failure) [PSYoungGen: 5216K->0K(56320K)] [ParOldGen: 379416K->56849K(458752K)] 384633K->56849K(515072K), [Metaspace: 2763K->2763K(1056768K)], 0.0052698 secs] [Times: user=0.00 sys=0.00, real=0.01 secs] 
13.988: [GC (Allocation Failure) [PSYoungGen: 43944K->1024K(56320K)] 203193K->180753K(515072K), 0.0016423 secs] [Times: user=0.00 sys=0.00, real=0.00 secs] 
14.862: [GC (Allocation Failure) [PSYoungGen: 44970K->6144K(56320K)] 378299K->344593K(515072K), 0.0012541 secs] [Times: user=0.00 sys=0.00, real=0.00 secs] 
16.167: [GC (Allocation Failure) [PSYoungGen: 53163K->5120K(56320K)] 391613K->343569K(515072K), 0.0009551 secs] [Times: user=0.00 sys=0.00, real=0.00 secs] 
16.932: [GC (Allocation Failure) [PSYoungGen: 52134K->5120K(56320K)] 390583K->353809K(515072K), 0.0014926 secs] [Times: user=0.00 sys=0.00, real=0.00 secs] 
17.149: [GC (Allocation Failure) [PSYoungGen: 26530K->5120K(56320K)] 426419K->425489K(515072K), 0.0036988 secs] [Times: user=0.00 sys=0.00, real=0.00 secs] 
17.152: [Full GC (Ergonomics) [PSYoungGen: 5120K->0K(56320K)] [ParOldGen: 420369K->77329K(458752K)] 425489K->77329K(515072K), [Metaspace: 2768K->2768K(1056768K)], 0.0066140 secs] [Times: user=0.00 sys=0.00, real=0.01 secs] 
18.256: [GC (Allocation Failure) [PSYoungGen: 43938K->5120K(56320K)] 223667K->195089K(515072K), 0.0014708 secs] [Times: user=0.00 sys=0.00, real=0.00 secs] 
19.129: [GC (Allocation Failure) [PSYoungGen: 49062K->5120K(56320K)] 392631K->353809K(515072K), 0.0010649 secs] [Times: user=0.00 sys=0.00, real=0.00 secs] 
20.000: [GC (Allocation Failure) [PSYoungGen: 16297K->0K(56320K)] 416186K->399889K(515072K), 0.0007201 secs] [Times: user=0.00 sys=0.00, real=0.00 secs] 
20.001: [GC (Allocation Failure) [PSYoungGen: 0K->0K(56320K)] 399889K->399889K(515072K), 0.0006402 secs] [Times: user=0.00 sys=0.00, real=0.00 secs] 
20.002: [Full GC (Allocation Failure) [PSYoungGen: 0K->0K(56320K)] [ParOldGen: 399889K->51729K(458752K)] 399889K->51729K(515072K), [Metaspace: 2770K->2770K(1056768K)], 0.0047592 secs] [Times: user=0.00 sys=0.00, real=0.00 secs] 
21.106: [GC (Allocation Failure) [PSYoungGen: 43945K->5120K(56320K)] 198074K->169489K(515072K), 0.0016588 secs] [Times: user=0.00 sys=0.00, real=0.00 secs] 
21.981: [GC (Allocation Failure) [PSYoungGen: 49067K->6144K(56320K)] 367036K->329233K(515072K), 0.0010218 secs] [Times: user=0.00 sys=0.00, real=0.00 secs] 
22.635: [GC (Allocation Failure) [PSYoungGen: 48044K->6144K(56320K)] 371133K->339473K(515072K), 0.0017149 secs] [Times: user=0.00 sys=0.00, real=0.00 secs] 
22.854: [GC (Allocation Failure) [PSYoungGen: 27557K->6144K(56320K)] 412086K->390673K(515072K), 0.0009361 secs] [Times: user=0.00 sys=0.00, real=0.00 secs] 
22.855: [GC (Allocation Failure) [PSYoungGen: 6144K->6144K(56320K)] 390673K->390673K(515072K), 0.0007607 secs] [Times: user=0.00 sys=0.00, real=0.00 secs] 
22.856: [Full GC (Allocation Failure) [PSYoungGen: 6144K->0K(56320K)] [ParOldGen: 384529K->165393K(458752K)] 390673K->165393K(515072K), [Metaspace: 2779K->2779K(1056768K)], 0.0118252 secs] [Times: user=0.00 sys=0.00, real=0.01 secs] 
24.068: [GC (Allocation Failure) [PSYoungGen: 28581K->0K(56320K)] 296374K->288273K(515072K), 0.0018146 secs] [Times: user=0.00 sys=0.00, real=0.00 secs] 
25.066: [Full GC (Ergonomics) [PSYoungGen: 43944K->0K(56320K)] [ParOldGen: 441873K->21009K(458752K)] 485817K->21009K(515072K), [Metaspace: 2779K->2779K(1056768K)], 0.0039535 secs] [Times: user=0.00 sys=0.00, real=0.00 secs] 
25.502: [GC (Allocation Failure) [PSYoungGen: 31658K->0K(56320K)] 52667K->41489K(515072K), 0.0012955 secs] [Times: user=0.02 sys=0.00, real=0.00 secs] 
26.488: [GC (Allocation Failure) [PSYoungGen: 43938K->5120K(56320K)] 239027K->205329K(515072K), 0.0009905 secs] [Times: user=0.00 sys=0.00, real=0.00 secs] 
26.924: [GC (Allocation Failure) [PSYoungGen: 36774K->5120K(56320K)] 236983K->215569K(515072K), 0.0015165 secs] [Times: user=0.01 sys=0.00, real=0.00 secs] 
28.124: [GC (Allocation Failure) [PSYoungGen: 52127K->5120K(56320K)] 262576K->220689K(515072K), 0.0009596 secs] [Times: user=0.00 sys=0.00, real=0.00 secs] 
28.886: [GC (Allocation Failure) [PSYoungGen: 49253K->1056K(56320K)] 418422K->370233K(515072K), 0.0013328 secs] [Times: user=0.00 sys=0.00, real=0.00 secs] 
29.654: [GC (Allocation Failure) [PSYoungGen: 42947K->5216K(56320K)] 412124K->384633K(515072K), 0.0013669 secs] [Times: user=0.00 sys=0.00, real=0.00 secs] 
29.981: [Full GC (Ergonomics) [PSYoungGen: 36864K->0K(56320K)] [ParOldGen: 430617K->113169K(458752K)] 467481K->113169K(515072K), [Metaspace: 2793K->2793K(1056768K)], 0.0091686 secs] [Times: user=0.02 sys=0.00, real=0.01 secs] 
32.068: [GC (Allocation Failure) [PSYoungGen: 45989K->6144K(56320K)] 363958K->324113K(515072K), 0.0010047 secs] [Times: user=0.00 sys=0.00, real=0.00 secs] 
32.616: [GC (Allocation Failure) [PSYoungGen: 42920K->6144K(56320K)] 360889K->334353K(515072K), 0.0016841 secs] [Times: user=0.00 sys=0.00, real=0.00 secs] 
32.834: [GC (Allocation Failure) [PSYoungGen: 27553K->6144K(56320K)] 406963K->385553K(515072K), 0.0011268 secs] [Times: user=0.00 sys=0.00, real=0.00 secs] 
32.835: [GC (Allocation Failure) [PSYoungGen: 6144K->6144K(56320K)] 385553K->385553K(515072K), 0.0008114 secs] [Times: user=0.00 sys=0.00, real=0.00 secs] 
32.836: [Full GC (Allocation Failure) [PSYoungGen: 6144K->0K(56320K)] [ParOldGen: 379409K->57873K(458752K)] 385553K->57873K(515072K), [Metaspace: 2793K->2793K(1056768K)], 0.0053383 secs] [Times: user=0.00 sys=0.00, real=0.01 secs] 
33.942: [GC (Allocation Failure) [PSYoungGen: 43938K->1024K(56320K)] 204211K->181777K(515072K), 0.0014311 secs] [Times: user=0.00 sys=0.00, real=0.00 secs] 
35.256: [GC (Allocation Failure) [PSYoungGen: 39846K->5120K(56320K)] 374199K->339473K(515072K), 0.0010171 secs] [Times: user=0.00 sys=0.00, real=0.00 secs] 
35.693: [GC (Allocation Failure) [PSYoungGen: 47016K->0K(56320K)] 432570K->395793K(515072K), 0.0014106 secs] [Times: user=0.00 sys=0.00, real=0.00 secs] 
35.694: [GC (Allocation Failure) [PSYoungGen: 0K->0K(56320K)] 395793K->395793K(515072K), 0.0007567 secs] [Times: user=0.00 sys=0.00, real=0.00 secs] 
35.695: [Full GC (Allocation Failure) [PSYoungGen: 0K->0K(56320K)] [ParOldGen: 395793K->61969K(458752K)] 395793K->61969K(515072K), [Metaspace: 2793K->2793K(1056768K)], 0.0051623 secs] [Times: user=0.00 sys=0.00, real=0.01 secs] 
36.800: [GC (Allocation Failure) [PSYoungGen: 43946K->5120K(56320K)] 208316K->179729K(515072K), 0.0013708 secs] [Times: user=0.00 sys=0.00, real=0.00 secs] 
37.675: [GC (Allocation Failure) [PSYoungGen: 49068K->5120K(56320K)] 377277K->358929K(515072K), 0.0025793 secs] [Times: user=0.00 sys=0.00, real=0.00 secs] 
38.331: [GC (Allocation Failure) [PSYoungGen: 47020K->5120K(56320K)] 400830K->369169K(515072K), 0.0016358 secs] [Times: user=0.00 sys=0.00, real=0.00 secs] 
39.531: [Full GC (Ergonomics) [PSYoungGen: 47013K->0K(56320K)] [ParOldGen: 415249K->11264K(458752K)] 462263K->11264K(515072K), [Metaspace: 2793K->2793K(1056768K)], 0.0026774 secs] [Times: user=0.00 sys=0.00, real=0.00 secs] 
40.296: [GC (Allocation Failure) [PSYoungGen: 43944K->1024K(56320K)] 208808K->165888K(515072K), 0.0005654 secs] [Times: user=0.00 sys=0.00, real=0.00 secs] 
41.056: [GC (Allocation Failure) [PSYoungGen: 42922K->5120K(56320K)] 207786K->180224K(515072K), 0.0012715 secs] [Times: user=0.00 sys=0.00, real=0.00 secs] 
41.933: [GC (Allocation Failure) [PSYoungGen: 49060K->6144K(56320K)] 377764K->339968K(515072K), 0.0011447 secs] [Times: user=0.00 sys=0.00, real=0.00 secs] 
43.569: [GC (Allocation Failure) [PSYoungGen: 50088K->6144K(56320K)] 383912K->339968K(515072K), 0.0012825 secs] [Times: user=0.00 sys=0.00, real=0.00 secs] 
44.006: [GC (Allocation Failure) [PSYoungGen: 37795K->1024K(56320K)] 371619K->355328K(515072K), 0.0018583 secs] [Times: user=0.00 sys=0.00, real=0.00 secs] 
44.225: [GC (Allocation Failure) [PSYoungGen: 22429K->1024K(56320K)] 427933K->406528K(515072K), 0.0009357 secs] [Times: user=0.00 sys=0.00, real=0.00 secs] 
44.226: [GC (Allocation Failure) [PSYoungGen: 1024K->1024K(56320K)] 406528K->406528K(515072K), 0.0011594 secs] [Times: user=0.00 sys=0.00, real=0.00 secs] 
44.227: [Full GC (Allocation Failure) [PSYoungGen: 1024K->0K(56320K)] [ParOldGen: 405504K->62993K(458752K)] 406528K->62993K(515072K), [Metaspace: 2795K->2795K(1056768K)], 0.0058063 secs] [Times: user=0.00 sys=0.00, real=0.01 secs] 
45.332: [GC (Allocation Failure) [PSYoungGen: 43933K->5120K(56320K)] 209326K->180753K(515072K), 0.0014604 secs] [Times: user=0.00 sys=0.00, real=0.00 secs] 
46.749: [GC (Allocation Failure) [PSYoungGen: 49059K->5120K(56320K)] 378292K->334353K(515072K), 0.0011158 secs] [Times: user=0.00 sys=0.00, real=0.00 secs] 
47.075: [GC (Allocation Failure) [PSYoungGen: 36775K->0K(56320K)] 417208K->400913K(515072K), 0.0019649 secs] [Times: user=0.00 sys=0.00, real=0.00 secs] 
47.077: [GC (Allocation Failure) [PSYoungGen: 0K->0K(56320K)] 400913K->400913K(515072K), 0.0011339 secs] [Times: user=0.00 sys=0.00, real=0.00 secs] 
47.078: [Full GC (Allocation Failure) [PSYoungGen: 0K->0K(56320K)] [ParOldGen: 400913K->72209K(458752K)] 400913K->72209K(515072K), [Metaspace: 2795K->2795K(1056768K)], 0.0060172 secs] [Times: user=0.00 sys=0.00, real=0.01 secs] 
48.186: [GC (Allocation Failure) [PSYoungGen: 43945K->5120K(56320K)] 218554K->189969K(515072K), 0.0012598 secs] [Times: user=0.00 sys=0.00, real=0.00 secs] 
49.059: [GC (Allocation Failure) [PSYoungGen: 49067K->5120K(56320K)] 387516K->348689K(515072K), 0.0011148 secs] [Times: user=0.00 sys=0.00, real=0.00 secs] 
49.715: [GC (Allocation Failure) [PSYoungGen: 47020K->5120K(56320K)] 390589K->364049K(515072K), 0.0016621 secs] [Times: user=0.00 sys=0.00, real=0.00 secs] 
49.934: [GC (Allocation Failure) [PSYoungGen: 26533K->5120K(56320K)] 436662K->415249K(515072K), 0.0009054 secs] [Times: user=0.00 sys=0.00, real=0.00 secs] 
49.935: [GC (Allocation Failure) [PSYoungGen: 5120K->5120K(56320K)] 415249K->415249K(515072K), 0.0008413 secs] [Times: user=0.00 sys=0.00, real=0.00 secs] 
49.935: [Full GC (Allocation Failure) [PSYoungGen: 5120K->0K(56320K)] [ParOldGen: 410129K->133649K(458752K)] 415249K->133649K(515072K), [Metaspace: 2795K->2795K(1056768K)], 0.0102686 secs] [Times: user=0.00 sys=0.00, real=0.01 secs] 
51.144: [GC (Allocation Failure) [PSYoungGen: 36773K->5120K(56320K)] 272822K->251409K(515072K), 0.0015866 secs] [Times: user=0.00 sys=0.00, real=0.00 secs] 
52.127: [GC (Allocation Failure) [PSYoungGen: 49064K->6144K(56320K)] 448954K->411153K(515072K), 0.0010404 secs] [Times: user=0.00 sys=0.00, real=0.00 secs] 
52.565: [GC (Allocation Failure) [PSYoungGen: 37802K->6144K(56320K)] 442812K->421393K(515072K), 0.0017696 secs] [Times: user=0.00 sys=0.00, real=0.00 secs] 
52.675: [GC (Allocation Failure) [PSYoungGen: 27554K->6144K(56320K)] 442803K->441873K(515072K), 0.0022603 secs] [Times: user=0.00 sys=0.00, real=0.00 secs] 
52.677: [Full GC (Ergonomics) [PSYoungGen: 6144K->0K(56320K)] [ParOldGen: 435729K->32273K(458752K)] 441873K->32273K(515072K), [Metaspace: 2795K->2795K(1056768K)], 0.0038270 secs] [Times: user=0.00 sys=0.00, real=0.00 secs] 
54.524: [GC (Allocation Failure) [PSYoungGen: 44962K->1024K(56320K)] 230835K->186897K(515072K), 0.0005426 secs] [Times: user=0.00 sys=0.00, real=0.00 secs] 
55.284: [GC (Allocation Failure) [PSYoungGen: 42918K->5120K(56320K)] 228791K->201233K(515072K), 0.0014990 secs] [Times: user=0.00 sys=0.00, real=0.00 secs] 
56.159: [GC (Allocation Failure) [PSYoungGen: 49057K->5120K(56320K)] 398771K->375313K(515072K), 0.0019825 secs] [Times: user=0.00 sys=0.00, real=0.00 secs] 
56.814: [GC (Allocation Failure) [PSYoungGen: 47014K->5120K(56320K)] 417207K->385553K(515072K), 0.0014268 secs] [Times: user=0.00 sys=0.00, real=0.00 secs] 
57.031: [GC (Allocation Failure) [PSYoungGen: 26529K->5120K(56320K)] 458163K->457233K(515072K), 0.0046775 secs] [Times: user=0.00 sys=0.00, real=0.00 secs] 
57.035: [Full GC (Ergonomics) [PSYoungGen: 5120K->0K(56320K)] [ParOldGen: 452113K->92689K(458752K)] 457233K->92689K(515072K), [Metaspace: 2796K->2796K(1056768K)], 0.0074534 secs] [Times: user=0.00 sys=0.00, real=0.01 secs] 
58.903: [GC (Allocation Failure) [PSYoungGen: 45985K->5120K(56320K)] 394675K->353809K(515072K), 0.0009478 secs] [Times: user=0.00 sys=0.00, real=0.00 secs] 
59.668: [GC (Allocation Failure) [PSYoungGen: 52134K->5120K(56320K)] 400823K->364049K(515072K), 0.0016743 secs] [Times: user=0.00 sys=0.00, real=0.00 secs] 
59.888: [GC (Allocation Failure) [PSYoungGen: 26530K->5120K(56320K)] 436659K->415249K(515072K), 0.0010330 secs] [Times: user=0.00 sys=0.00, real=0.00 secs] 
59.889: [GC (Allocation Failure) [PSYoungGen: 5120K->5120K(56320K)] 415249K->415249K(515072K), 0.0011282 secs] [Times: user=0.00 sys=0.00, real=0.00 secs] 
59.890: [Full GC (Allocation Failure) [PSYoungGen: 5120K->0K(56320K)] [ParOldGen: 410129K->108049K(458752K)] 415249K->108049K(515072K), [Metaspace: 2796K->2796K(1056768K)], 0.0083787 secs] [Times: user=0.02 sys=0.00, real=0.01 secs] 
60.994: [GC (Allocation Failure) [PSYoungGen: 43938K->5120K(56320K)] 254387K->225809K(515072K), 0.0016462 secs] [Times: user=0.00 sys=0.00, real=0.00 secs] 
62.304: [GC (Allocation Failure) [PSYoungGen: 48038K->5120K(56320K)] 422327K->384529K(515072K), 0.0010468 secs] [Times: user=0.00 sys=0.00, real=0.00 secs] 
62.742: [Full GC (Ergonomics) [PSYoungGen: 47017K->0K(56320K)] [ParOldGen: 430609K->56849K(458752K)] 477626K->56849K(515072K), [Metaspace: 2796K->2796K(1056768K)], 0.0055131 secs] [Times: user=0.00 sys=0.00, real=0.01 secs] 
63.840: [GC (Allocation Failure) [PSYoungGen: 43946K->1024K(56320K)] 203196K->180753K(515072K), 0.0015084 secs] [Times: user=0.00 sys=0.00, real=0.00 secs] 
64.721: [GC (Allocation Failure) [PSYoungGen: 44972K->6144K(56320K)] 378301K->344593K(515072K), 0.0010853 secs] [Times: user=0.00 sys=0.00, real=0.00 secs] 
66.033: [GC (Allocation Failure) [PSYoungGen: 53164K->5120K(56320K)] 391614K->343569K(515072K), 0.0011239 secs] [Times: user=0.00 sys=0.00, real=0.00 secs] 
66.796: [GC (Allocation Failure) [PSYoungGen: 52134K->5120K(56320K)] 390584K->353809K(515072K), 0.0014164 secs] [Times: user=0.00 sys=0.00, real=0.00 secs] 
67.015: [GC (Allocation Failure) [PSYoungGen: 26530K->5120K(56320K)] 426420K->425489K(515072K), 0.0023212 secs] [Times: user=0.00 sys=0.00, real=0.00 secs] 
67.018: [Full GC (Ergonomics) [PSYoungGen: 5120K->0K(56320K)] [ParOldGen: 420369K->77329K(458752K)] 425489K->77329K(515072K), [Metaspace: 2796K->2796K(1056768K)], 0.0066677 secs] [Times: user=0.00 sys=0.00, real=0.01 secs] 
68.120: [GC (Allocation Failure) [PSYoungGen: 43938K->5120K(56320K)] 223668K->195089K(515072K), 0.0014233 secs] [Times: user=0.00 sys=0.00, real=0.00 secs] 
68.994: [GC (Allocation Failure) [PSYoungGen: 49062K->5120K(56320K)] 392632K->353809K(515072K), 0.0013698 secs] [Times: user=0.00 sys=0.00, real=0.00 secs] 
69.866: [GC (Allocation Failure) [PSYoungGen: 16297K->0K(56320K)] 416186K->399889K(515072K), 0.0011128 secs] [Times: user=0.00 sys=0.00, real=0.00 secs] 
69.867: [GC (Allocation Failure) [PSYoungGen: 0K->0K(56320K)] 399889K->399889K(515072K), 0.0007924 secs] [Times: user=0.00 sys=0.00, real=0.00 secs] 
69.868: [Full GC (Allocation Failure) [PSYoungGen: 0K->0K(56320K)] [ParOldGen: 399889K->51729K(458752K)] 399889K->51729K(515072K), [Metaspace: 2796K->2796K(1056768K)], 0.0047884 secs] [Times: user=0.00 sys=0.00, real=0.00 secs] 
70.971: [GC (Allocation Failure) [PSYoungGen: 43945K->5120K(56320K)] 198074K->169489K(515072K), 0.0014648 secs] [Times: user=0.00 sys=0.00, real=0.00 secs] 
71.845: [GC (Allocation Failure) [PSYoungGen: 49067K->6144K(56320K)] 367036K->329233K(515072K), 0.0012282 secs] [Times: user=0.02 sys=0.00, real=0.00 secs] 
72.495: [GC (Allocation Failure) [PSYoungGen: 48044K->6144K(56320K)] 371133K->339473K(515072K), 0.0016520 secs] [Times: user=0.00 sys=0.00, real=0.00 secs] 
72.712: [GC (Allocation Failure) [PSYoungGen: 27557K->6144K(56320K)] 412086K->390673K(515072K), 0.0009186 secs] [Times: user=0.00 sys=0.00, real=0.00 secs] 
72.713: [GC (Allocation Failure) [PSYoungGen: 6144K->6144K(56320K)] 390673K->390673K(515072K), 0.0007425 secs] [Times: user=0.00 sys=0.00, real=0.00 secs] 
72.713: [Full GC (Allocation Failure) [PSYoungGen: 6144K->0K(56320K)] [ParOldGen: 384529K->165393K(458752K)] 390673K->165393K(515072K), [Metaspace: 2796K->2796K(1056768K)], 0.0120827 secs] [Times: user=0.02 sys=0.00, real=0.01 secs] 
73.928: [GC (Allocation Failure) [PSYoungGen: 28581K->0K(56320K)] 296374K->288273K(515072K), 0.0015238 secs] [Times: user=0.00 sys=0.00, real=0.00 secs] 
74.911: [Full GC (Ergonomics) [PSYoungGen: 43944K->0K(56320K)] [ParOldGen: 441873K->21009K(458752K)] 485818K->21009K(515072K), [Metaspace: 2796K->2796K(1056768K)], 0.0030575 secs] [Times: user=0.00 sys=0.00, real=0.00 secs] 
75.349: [GC (Allocation Failure) [PSYoungGen: 31658K->0K(56320K)] 52667K->41489K(515072K), 0.0013847 secs] [Times: user=0.00 sys=0.00, real=0.00 secs] 
76.330: [GC (Allocation Failure) [PSYoungGen: 43938K->5120K(56320K)] 239027K->205329K(515072K), 0.0013246 secs] [Times: user=0.00 sys=0.00, real=0.00 secs] 
76.768: [GC (Allocation Failure) [PSYoungGen: 36774K->5120K(56320K)] 236983K->215569K(515072K), 0.0015014 secs] [Times: user=0.00 sys=0.00, real=0.00 secs] 
77.969: [GC (Allocation Failure) [PSYoungGen: 52127K->5120K(56320K)] 262576K->220689K(515072K), 0.0011661 secs] [Times: user=0.00 sys=0.00, real=0.00 secs] 
78.733: [GC (Allocation Failure) [PSYoungGen: 49054K->6144K(56320K)] 418223K->375313K(515072K), 0.0008798 secs] [Times: user=0.00 sys=0.00, real=0.00 secs] 
79.497: [GC (Allocation Failure) [PSYoungGen: 48035K->5120K(56320K)] 417205K->389649K(515072K), 0.0017751 secs] [Times: user=0.00 sys=0.00, real=0.00 secs] 
79.824: [Full GC (Ergonomics) [PSYoungGen: 36768K->0K(56320K)] [ParOldGen: 435729K->113169K(458752K)] 472497K->113169K(515072K), [Metaspace: 2796K->2796K(1056768K)], 0.0092274 secs] [Times: user=0.00 sys=0.00, real=0.01 secs] 
81.913: [GC (Allocation Failure) [PSYoungGen: 45989K->6144K(56320K)] 363958K->324113K(515072K), 0.0009077 secs] [Times: user=0.00 sys=0.00, real=0.00 secs] 
82.458: [GC (Allocation Failure) [PSYoungGen: 42920K->6144K(56320K)] 360889K->334353K(515072K), 0.0018134 secs] [Times: user=0.00 sys=0.00, real=0.00 secs] 
82.676: [GC (Allocation Failure) [PSYoungGen: 27553K->6144K(56320K)] 406963K->385553K(515072K), 0.0008540 secs] [Times: user=0.00 sys=0.00, real=0.00 secs] 
82.677: [GC (Allocation Failure) [PSYoungGen: 6144K->6144K(56320K)] 385553K->385553K(515072K), 0.0008319 secs] [Times: user=0.00 sys=0.00, real=0.00 secs] 
82.678: [Full GC (Allocation Failure) [PSYoungGen: 6144K->0K(56320K)] [ParOldGen: 379409K->57873K(458752K)] 385553K->57873K(515072K), [Metaspace: 2796K->2796K(1056768K)], 0.0052154 secs] [Times: user=0.00 sys=0.00, real=0.01 secs] 
83.783: [GC (Allocation Failure) [PSYoungGen: 43938K->1024K(56320K)] 204211K->181777K(515072K), 0.0015404 secs] [Times: user=0.00 sys=0.00, real=0.00 secs] 
85.095: [GC (Allocation Failure) [PSYoungGen: 39846K->5120K(56320K)] 374199K->339473K(515072K), 0.0010503 secs] [Times: user=0.00 sys=0.00, real=0.00 secs] 
85.533: [GC (Allocation Failure) [PSYoungGen: 47016K->0K(56320K)] 432570K->395793K(515072K), 0.0014415 secs] [Times: user=0.01 sys=0.00, real=0.00 secs] 
85.534: [GC (Allocation Failure) [PSYoungGen: 0K->0K(56320K)] 395793K->395793K(515072K), 0.0012591 secs] [Times: user=0.00 sys=0.00, real=0.00 secs] 
85.536: [Full GC (Allocation Failure) [PSYoungGen: 0K->0K(56320K)] [ParOldGen: 395793K->61969K(458752K)] 395793K->61969K(515072K), [Metaspace: 2796K->2796K(1056768K)], 0.0055339 secs] [Times: user=0.00 sys=0.00, real=0.01 secs] 
86.635: [GC (Allocation Failure) [PSYoungGen: 43946K->5120K(56320K)] 208316K->179729K(515072K), 0.0014632 secs] [Times: user=0.00 sys=0.00, real=0.00 secs] 
87.511: [GC (Allocation Failure) [PSYoungGen: 49068K->5120K(56320K)] 377277K->358929K(515072K), 0.0024333 secs] [Times: user=0.00 sys=0.00, real=0.00 secs] 
88.172: [GC (Allocation Failure) [PSYoungGen: 47020K->5120K(56320K)] 400830K->369169K(515072K), 0.0014711 secs] [Times: user=0.00 sys=0.00, real=0.00 secs] 
89.377: [Full GC (Ergonomics) [PSYoungGen: 47013K->0K(56320K)] [ParOldGen: 415249K->11264K(458752K)] 462263K->11264K(515072K), [Metaspace: 2796K->2796K(1056768K)], 0.0025579 secs] [Times: user=0.00 sys=0.00, real=0.00 secs] 
90.141: [GC (Allocation Failure) [PSYoungGen: 43944K->1024K(56320K)] 208808K->165888K(515072K), 0.0004744 secs] [Times: user=0.00 sys=0.00, real=0.00 secs] 
90.908: [GC (Allocation Failure) [PSYoungGen: 42922K->5120K(56320K)] 207786K->180224K(515072K), 0.0014631 secs] [Times: user=0.02 sys=0.00, real=0.00 secs] 
91.781: [GC (Allocation Failure) [PSYoungGen: 49060K->6144K(56320K)] 377764K->339968K(515072K), 0.0015405 secs] [Times: user=0.00 sys=0.00, real=0.00 secs] 
93.419: [GC (Allocation Failure) [PSYoungGen: 50088K->6144K(56320K)] 383912K->339968K(515072K), 0.0010013 secs] [Times: user=0.00 sys=0.00, real=0.00 secs] 
93.852: [GC (Allocation Failure) [PSYoungGen: 37795K->1024K(56320K)] 371619K->355328K(515072K), 0.0018088 secs] [Times: user=0.00 sys=0.00, real=0.00 secs] 
94.069: [GC (Allocation Failure) [PSYoungGen: 22429K->1024K(56320K)] 427933K->406528K(515072K), 0.0015268 secs] [Times: user=0.00 sys=0.00, real=0.00 secs] 
94.070: [GC (Allocation Failure) [PSYoungGen: 1024K->1024K(56320K)] 406528K->406528K(515072K), 0.0011630 secs] [Times: user=0.00 sys=0.00, real=0.00 secs] 
94.071: [Full GC (Allocation Failure) [PSYoungGen: 1024K->0K(56320K)] [ParOldGen: 405504K->62993K(458752K)] 406528K->62993K(515072K), [Metaspace: 2796K->2796K(1056768K)], 0.0057011 secs] [Times: user=0.00 sys=0.00, real=0.01 secs] 
95.179: [GC (Allocation Failure) [PSYoungGen: 43933K->5120K(56320K)] 209326K->180753K(515072K), 0.0014780 secs] [Times: user=0.00 sys=0.00, real=0.00 secs] 
96.600: [GC (Allocation Failure) [PSYoungGen: 49059K->5120K(56320K)] 378292K->334353K(515072K), 0.0008721 secs] [Times: user=0.00 sys=0.00, real=0.00 secs] 
96.928: [GC (Allocation Failure) [PSYoungGen: 36775K->0K(56320K)] 417208K->400913K(515072K), 0.0020698 secs] [Times: user=0.00 sys=0.00, real=0.00 secs] 
96.930: [GC (Allocation Failure) [PSYoungGen: 0K->0K(56320K)] 400913K->400913K(515072K), 0.0007977 secs] [Times: user=0.00 sys=0.00, real=0.00 secs] 
96.931: [Full GC (Allocation Failure) [PSYoungGen: 0K->0K(56320K)] [ParOldGen: 400913K->72209K(458752K)] 400913K->72209K(515072K), [Metaspace: 2796K->2796K(1056768K)], 0.0060049 secs] [Times: user=0.00 sys=0.00, real=0.01 secs] 
98.033: [GC (Allocation Failure) [PSYoungGen: 43945K->5120K(56320K)] 218554K->189969K(515072K), 0.0014496 secs] [Times: user=0.02 sys=0.00, real=0.00 secs] 
98.909: [GC (Allocation Failure) [PSYoungGen: 49067K->5120K(56320K)] 387516K->348689K(515072K), 0.0011040 secs] [Times: user=0.00 sys=0.00, real=0.00 secs] 
99.568: [GC (Allocation Failure) [PSYoungGen: 47020K->5120K(56320K)] 390589K->358929K(515072K), 0.0016322 secs] [Times: user=0.00 sys=0.00, real=0.00 secs] 
99.788: [GC (Allocation Failure) [PSYoungGen: 26533K->5120K(56320K)] 431542K->410129K(515072K), 0.0008644 secs] [Times: user=0.00 sys=0.00, real=0.00 secs] 
99.789: [GC (Allocation Failure) [PSYoungGen: 5120K->5120K(56320K)] 410129K->410129K(515072K), 0.0010507 secs] [Times: user=0.00 sys=0.00, real=0.00 secs] 
99.790: [Full GC (Allocation Failure) [PSYoungGen: 5120K->0K(56320K)] [ParOldGen: 405009K->133649K(458752K)] 410129K->133649K(515072K), [Metaspace: 2796K->2796K(1056768K)], 0.0105408 secs] [Times: user=0.00 sys=0.00, real=0.01 secs] 
101.008: [GC (Allocation Failure) [PSYoungGen: 36773K->5120K(56320K)] 272822K->251409K(515072K), 0.0014149 secs] [Times: user=0.00 sys=0.00, real=0.00 secs] 
101.992: [GC (Allocation Failure) [PSYoungGen: 49064K->6144K(56320K)] 448954K->411153K(515072K), 0.0012774 secs] [Times: user=0.00 sys=0.00, real=0.00 secs] 
102.427: [GC (Allocation Failure) [PSYoungGen: 37802K->6144K(56320K)] 442812K->421393K(515072K), 0.0014898 secs] [Times: user=0.00 sys=0.00, real=0.00 secs] 
102.535: [GC (Allocation Failure) [PSYoungGen: 27554K->6144K(56320K)] 442803K->441873K(515072K), 0.0025086 secs] [Times: user=0.00 sys=0.00, real=0.00 secs] 
102.538: [Full GC (Ergonomics) [PSYoungGen: 6144K->0K(56320K)] [ParOldGen: 435729K->32273K(458752K)] 441873K->32273K(515072K), [Metaspace: 2796K->2796K(1056768K)], 0.0040779 secs] [Times: user=0.00 sys=0.00, real=0.00 secs] 
104.392: [GC (Allocation Failure) [PSYoungGen: 44962K->1024K(56320K)] 230835K->186897K(515072K), 0.0007721 secs] [Times: user=0.00 sys=0.00, real=0.00 secs] 
105.160: [GC (Allocation Failure) [PSYoungGen: 42918K->5120K(56320K)] 228791K->201233K(515072K), 0.0015755 secs] [Times: user=0.00 sys=0.00, real=0.00 secs] 
106.032: [GC (Allocation Failure) [PSYoungGen: 49057K->5120K(56320K)] 398771K->375313K(515072K), 0.0018600 secs] [Times: user=0.00 sys=0.00, real=0.00 secs] 
106.686: [GC (Allocation Failure) [PSYoungGen: 47014K->0K(56320K)] 417207K->380433K(515072K), 0.0015946 secs] [Times: user=0.00 sys=0.00, real=0.00 secs] 
106.903: [GC (Allocation Failure) [PSYoungGen: 21409K->0K(56320K)] 453043K->452113K(515072K), 0.0021362 secs] [Times: user=0.00 sys=0.00, real=0.00 secs] 
106.906: [Full GC (Ergonomics) [PSYoungGen: 0K->0K(56320K)] [ParOldGen: 452113K->92689K(458752K)] 452113K->92689K(515072K), [Metaspace: 2796K->2796K(1056768K)], 0.0075266 secs] [Times: user=0.00 sys=0.00, real=0.01 secs] 
108.775: [GC (Allocation Failure) [PSYoungGen: 45985K->5120K(56320K)] 394675K->353809K(515072K), 0.0009034 secs] [Times: user=0.00 sys=0.00, real=0.00 secs] 
109.546: [GC (Allocation Failure) [PSYoungGen: 52134K->5120K(56320K)] 400823K->364049K(515072K), 0.0015321 secs] [Times: user=0.00 sys=0.00, real=0.00 secs] 
109.765: [GC (Allocation Failure) [PSYoungGen: 26530K->5120K(56320K)] 436659K->415249K(515072K), 0.0009137 secs] [Times: user=0.00 sys=0.00, real=0.00 secs] 
109.766: [GC (Allocation Failure) [PSYoungGen: 5120K->5120K(56320K)] 415249K->415249K(515072K), 0.0007065 secs] [Times: user=0.00 sys=0.00, real=0.00 secs] 
109.767: [Full GC (Allocation Failure) [PSYoungGen: 5120K->0K(56320K)] [ParOldGen: 410129K->108049K(458752K)] 415249K->108049K(515072K), [Metaspace: 2796K->2796K(1056768K)], 0.0081927 secs] [Times: user=0.02 sys=0.00, real=0.01 secs] 
110.874: [GC (Allocation Failure) [PSYoungGen: 43938K->5120K(56320K)] 254387K->225809K(515072K), 0.0015258 secs] [Times: user=0.00 sys=0.00, real=0.00 secs] 
112.183: [GC (Allocation Failure) [PSYoungGen: 48038K->5120K(56320K)] 422327K->384529K(515072K), 0.0010560 secs] [Times: user=0.00 sys=0.00, real=0.00 secs] 
112.617: [Full GC (Ergonomics) [PSYoungGen: 47017K->0K(56320K)] [ParOldGen: 430609K->56849K(458752K)] 477626K->56849K(515072K), [Metaspace: 2796K->2796K(1056768K)], 0.0051297 secs] [Times: user=0.00 sys=0.00, real=0.01 secs] 
113.724: [GC (Allocation Failure) [PSYoungGen: 43946K->1024K(56320K)] 203196K->180753K(515072K), 0.0016111 secs] [Times: user=0.00 sys=0.00, real=0.00 secs] 
114.598: [GC (Allocation Failure) [PSYoungGen: 44972K->6144K(56320K)] 378301K->344593K(515072K), 0.0011270 secs] [Times: user=0.00 sys=0.00, real=0.00 secs] 
115.903: [GC (Allocation Failure) [PSYoungGen: 53164K->5120K(56320K)] 391614K->343569K(515072K), 0.0009440 secs] [Times: user=0.00 sys=0.00, real=0.00 secs] 
116.668: [GC (Allocation Failure) [PSYoungGen: 52134K->5120K(56320K)] 390584K->353809K(515072K), 0.0016111 secs] [Times: user=0.00 sys=0.00, real=0.00 secs] 
116.886: [GC (Allocation Failure) [PSYoungGen: 26530K->5120K(56320K)] 426420K->425489K(515072K), 0.0021146 secs] [Times: user=0.00 sys=0.00, real=0.00 secs] 
116.888: [Full GC (Ergonomics) [PSYoungGen: 5120K->0K(56320K)] [ParOldGen: 420369K->77329K(458752K)] 425489K->77329K(515072K), [Metaspace: 2796K->2796K(1056768K)], 0.0067161 secs] [Times: user=0.00 sys=0.00, real=0.01 secs] 
117.995: [GC (Allocation Failure) [PSYoungGen: 43938K->5120K(56320K)] 223668K->195089K(515072K), 0.0016229 secs] [Times: user=0.00 sys=0.00, real=0.00 secs] 
118.866: [GC (Allocation Failure) [PSYoungGen: 49062K->5120K(56320K)] 392632K->353809K(515072K), 0.0010458 secs] [Times: user=0.00 sys=0.00, real=0.00 secs] 
119.739: [GC (Allocation Failure) [PSYoungGen: 16297K->0K(56320K)] 416186K->399889K(515072K), 0.0008556 secs] [Times: user=0.00 sys=0.00, real=0.00 secs] 
119.740: [GC (Allocation Failure) [PSYoungGen: 0K->0K(56320K)] 399889K->399889K(515072K), 0.0007752 secs] [Times: user=0.00 sys=0.00, real=0.00 secs] 
119.740: [Full GC (Allocation Failure) [PSYoungGen: 0K->0K(56320K)] [ParOldGen: 399889K->51729K(458752K)] 399889K->51729K(515072K), [Metaspace: 2796K->2796K(1056768K)], 0.0047884 secs] [Times: user=0.00 sys=0.00, real=0.00 secs] 
120.846: [GC (Allocation Failure) [PSYoungGen: 43945K->5120K(56320K)] 198074K->169489K(515072K), 0.0014940 secs] [Times: user=0.00 sys=0.00, real=0.00 secs] 
121.720: [GC (Allocation Failure) [PSYoungGen: 49067K->6144K(56320K)] 367036K->329233K(515072K), 0.0011299 secs] [Times: user=0.05 sys=0.00, real=0.00 secs] 
122.376: [GC (Allocation Failure) [PSYoungGen: 48044K->6144K(56320K)] 371133K->339473K(515072K), 0.0015212 secs] [Times: user=0.00 sys=0.00, real=0.00 secs] 
122.594: [GC (Allocation Failure) [PSYoungGen: 27557K->6144K(56320K)] 412086K->390673K(515072K), 0.0010612 secs] [Times: user=0.00 sys=0.00, real=0.00 secs] 
122.595: [GC (Allocation Failure) [PSYoungGen: 6144K->6144K(56320K)] 390673K->390673K(515072K), 0.0009037 secs] [Times: user=0.03 sys=0.00, real=0.00 secs] 
122.596: [Full GC (Allocation Failure) [PSYoungGen: 6144K->0K(56320K)] [ParOldGen: 384529K->165393K(458752K)] 390673K->165393K(515072K), [Metaspace: 2796K->2796K(1056768K)], 0.0120422 secs] [Times: user=0.00 sys=0.00, real=0.01 secs] 
123.815: [GC (Allocation Failure) [PSYoungGen: 28581K->0K(56320K)] 296374K->288273K(515072K), 0.0017394 secs] [Times: user=0.00 sys=0.00, real=0.00 secs] 
124.796: [Full GC (Ergonomics) [PSYoungGen: 43944K->0K(56320K)] [ParOldGen: 441873K->21009K(458752K)] 485818K->21009K(515072K), [Metaspace: 2796K->2796K(1056768K)], 0.0031243 secs] [Times: user=0.00 sys=0.00, real=0.00 secs] 
125.233: [GC (Allocation Failure) [PSYoungGen: 31658K->0K(56320K)] 52667K->41489K(515072K), 0.0011992 secs] [Times: user=0.00 sys=0.00, real=0.00 secs] 
126.218: [GC (Allocation Failure) [PSYoungGen: 43938K->5120K(56320K)] 239027K->205329K(515072K), 0.0009704 secs] [Times: user=0.00 sys=0.00, real=0.00 secs] 
126.654: [GC (Allocation Failure) [PSYoungGen: 36774K->0K(56320K)] 236983K->210449K(515072K), 0.0014200 secs] [Times: user=0.00 sys=0.00, real=0.00 secs] 
127.855: [GC (Allocation Failure) [PSYoungGen: 47007K->5120K(56320K)] 257456K->220689K(515072K), 0.0010792 secs] [Times: user=0.00 sys=0.00, real=0.00 secs] 
128.621: [GC (Allocation Failure) [PSYoungGen: 49054K->1024K(56320K)] 418223K->370193K(515072K), 0.0005933 secs] [Times: user=0.00 sys=0.00, real=0.00 secs] 
129.385: [GC (Allocation Failure) [PSYoungGen: 42915K->5120K(56320K)] 412085K->384529K(515072K), 0.0014796 secs] [Times: user=0.00 sys=0.00, real=0.00 secs] 
129.714: [Full GC (Ergonomics) [PSYoungGen: 36768K->0K(56320K)] [ParOldGen: 430609K->113169K(458752K)] 467377K->113169K(515072K), [Metaspace: 2796K->2796K(1056768K)], 0.0088684 secs] [Times: user=0.00 sys=0.00, real=0.01 secs] 
131.806: [GC (Allocation Failure) [PSYoungGen: 45989K->6144K(56320K)] 363958K->324113K(515072K), 0.0008132 secs] [Times: user=0.00 sys=0.00, real=0.00 secs] 
132.351: [GC (Allocation Failure) [PSYoungGen: 42920K->6144K(56320K)] 360889K->334353K(515072K), 0.0014790 secs] [Times: user=0.00 sys=0.00, real=0.00 secs] 
132.567: [GC (Allocation Failure) [PSYoungGen: 27553K->6144K(56320K)] 406963K->385553K(515072K), 0.0009296 secs] [Times: user=0.00 sys=0.00, real=0.00 secs] 
132.568: [GC (Allocation Failure) [PSYoungGen: 6144K->6144K(56320K)] 385553K->385553K(515072K), 0.0007829 secs] [Times: user=0.00 sys=0.00, real=0.00 secs] 
132.569: [Full GC (Allocation Failure) [PSYoungGen: 6144K->0K(56320K)] [ParOldGen: 379409K->57873K(458752K)] 385553K->57873K(515072K), [Metaspace: 2796K->2796K(1056768K)], 0.0052311 secs] [Times: user=0.00 sys=0.00, real=0.00 secs] 
133.669: [GC (Allocation Failure) [PSYoungGen: 43938K->1024K(56320K)] 204211K->181777K(515072K), 0.0014710 secs] [Times: user=0.00 sys=0.00, real=0.00 secs] 
134.981: [GC (Allocation Failure) [PSYoungGen: 39846K->5120K(56320K)] 374199K->339473K(515072K), 0.0009693 secs] [Times: user=0.00 sys=0.00, real=0.00 secs] 
135.420: [GC (Allocation Failure) [PSYoungGen: 47016K->0K(56320K)] 432570K->395793K(515072K), 0.0012090 secs] [Times: user=0.00 sys=0.00, real=0.00 secs] 
135.421: [GC (Allocation Failure) [PSYoungGen: 0K->0K(56320K)] 395793K->395793K(515072K), 0.0008777 secs] [Times: user=0.00 sys=0.00, real=0.00 secs] 
135.422: [Full GC (Allocation Failure) [PSYoungGen: 0K->0K(56320K)] [ParOldGen: 395793K->61969K(458752K)] 395793K->61969K(515072K), [Metaspace: 2796K->2796K(1056768K)], 0.0053156 secs] [Times: user=0.02 sys=0.00, real=0.00 secs] 
136.531: [GC (Allocation Failure) [PSYoungGen: 43946K->5120K(56320K)] 208316K->179729K(515072K), 0.0014236 secs] [Times: user=0.00 sys=0.00, real=0.00 secs] 
137.406: [GC (Allocation Failure) [PSYoungGen: 49068K->5120K(56320K)] 377277K->358929K(515072K), 0.0024768 secs] [Times: user=0.00 sys=0.00, real=0.00 secs] 
138.060: [GC (Allocation Failure) [PSYoungGen: 47020K->5120K(56320K)] 400830K->369169K(515072K), 0.0016146 secs] [Times: user=0.00 sys=0.00, real=0.00 secs] 
139.262: [Full GC (Ergonomics) [PSYoungGen: 47013K->0K(56320K)] [ParOldGen: 415249K->11264K(458752K)] 462263K->11264K(515072K), [Metaspace: 2796K->2796K(1056768K)], 0.0026309 secs] [Times: user=0.00 sys=0.00, real=0.00 secs] 
140.027: [GC (Allocation Failure) [PSYoungGen: 43944K->1024K(56320K)] 208808K->165888K(515072K), 0.0004739 secs] [Times: user=0.00 sys=0.00, real=0.00 secs] 
140.792: [GC (Allocation Failure) [PSYoungGen: 42922K->5120K(56320K)] 207786K->180224K(515072K), 0.0015218 secs] [Times: user=0.00 sys=0.00, real=0.00 secs] 
141.665: [GC (Allocation Failure) [PSYoungGen: 49060K->6144K(56320K)] 377764K->339968K(515072K), 0.0011609 secs] [Times: user=0.00 sys=0.00, real=0.00 secs] 
143.300: [GC (Allocation Failure) [PSYoungGen: 50088K->6144K(56320K)] 383912K->339968K(515072K), 0.0011772 secs] [Times: user=0.00 sys=0.00, real=0.00 secs] 
143.737: [GC (Allocation Failure) [PSYoungGen: 37795K->1024K(56320K)] 371619K->355328K(515072K), 0.0020543 secs] [Times: user=0.00 sys=0.00, real=0.00 secs] 
143.956: [GC (Allocation Failure) [PSYoungGen: 22429K->1024K(56320K)] 427933K->406528K(515072K), 0.0008067 secs] [Times: user=0.00 sys=0.00, real=0.00 secs] 
143.957: [GC (Allocation Failure) [PSYoungGen: 1024K->1024K(56320K)] 406528K->406528K(515072K), 0.0008477 secs] [Times: user=0.00 sys=0.00, real=0.00 secs] 
143.958: [Full GC (Allocation Failure) [PSYoungGen: 1024K->0K(56320K)] [ParOldGen: 405504K->62993K(458752K)] 406528K->62993K(515072K), [Metaspace: 2796K->2796K(1056768K)], 0.0056011 secs] [Times: user=0.00 sys=0.00, real=0.00 secs] 
145.064: [GC (Allocation Failure) [PSYoungGen: 43933K->5120K(56320K)] 209326K->180753K(515072K), 0.0013738 secs] [Times: user=0.02 sys=0.00, real=0.00 secs] 
146.481: [GC (Allocation Failure) [PSYoungGen: 49059K->5120K(56320K)] 378292K->334353K(515072K), 0.0010359 secs] [Times: user=0.00 sys=0.00, real=0.00 secs] 
146.809: [GC (Allocation Failure) [PSYoungGen: 36775K->0K(56320K)] 417208K->400913K(515072K), 0.0022382 secs] [Times: user=0.00 sys=0.00, real=0.00 secs] 
146.811: [GC (Allocation Failure) [PSYoungGen: 0K->0K(56320K)] 400913K->400913K(515072K), 0.0009216 secs] [Times: user=0.00 sys=0.00, real=0.00 secs] 
146.812: [Full GC (Allocation Failure) [PSYoungGen: 0K->0K(56320K)] [ParOldGen: 400913K->72209K(458752K)] 400913K->72209K(515072K), [Metaspace: 2796K->2796K(1056768K)], 0.0061810 secs] [Times: user=0.00 sys=0.00, real=0.01 secs] 
147.916: [GC (Allocation Failure) [PSYoungGen: 43945K->5120K(56320K)] 218554K->189969K(515072K), 0.0015856 secs] [Times: user=0.00 sys=0.00, real=0.00 secs] 
148.790: [GC (Allocation Failure) [PSYoungGen: 49067K->5120K(56320K)] 387516K->348689K(515072K), 0.0012120 secs] [Times: user=0.00 sys=0.00, real=0.00 secs] 
149.444: [GC (Allocation Failure) [PSYoungGen: 47020K->5120K(56320K)] 390589K->364049K(515072K), 0.0018474 secs] [Times: user=0.00 sys=0.00, real=0.00 secs] 
149.662: [GC (Allocation Failure) [PSYoungGen: 26533K->5120K(56320K)] 436662K->415249K(515072K), 0.0012855 secs] [Times: user=0.00 sys=0.00, real=0.00 secs] 
149.663: [GC (Allocation Failure) [PSYoungGen: 5120K->5120K(56320K)] 415249K->415249K(515072K), 0.0009453 secs] [Times: user=0.00 sys=0.00, real=0.00 secs] 
149.664: [Full GC (Allocation Failure) [PSYoungGen: 5120K->0K(56320K)] [ParOldGen: 410129K->133649K(458752K)] 415249K->133649K(515072K), [Metaspace: 2796K->2796K(1056768K)], 0.0097500 secs] [Times: user=0.00 sys=0.00, real=0.01 secs] 
150.881: [GC (Allocation Failure) [PSYoungGen: 36773K->5120K(56320K)] 272822K->251409K(515072K), 0.0016790 secs] [Times: user=0.00 sys=0.00, real=0.00 secs] 
151.865: [GC (Allocation Failure) [PSYoungGen: 49064K->6144K(56320K)] 448954K->411153K(515072K), 0.0013186 secs] [Times: user=0.00 sys=0.00, real=0.00 secs] 
152.305: [GC (Allocation Failure) [PSYoungGen: 37802K->6144K(56320K)] 442812K->421393K(515072K), 0.0015319 secs] [Times: user=0.00 sys=0.00, real=0.00 secs] 
152.413: [GC (Allocation Failure) [PSYoungGen: 27554K->6144K(56320K)] 442803K->441873K(515072K), 0.0023622 secs] [Times: user=0.00 sys=0.00, real=0.00 secs] 
152.415: [Full GC (Ergonomics) [PSYoungGen: 6144K->0K(56320K)] [ParOldGen: 435729K->32273K(458752K)] 441873K->32273K(515072K), [Metaspace: 2796K->2796K(1056768K)], 0.0042951 secs] [Times: user=0.00 sys=0.00, real=0.00 secs] 
154.282: [GC (Allocation Failure) [PSYoungGen: 44962K->1024K(56320K)] 230835K->186897K(515072K), 0.0006080 secs] [Times: user=0.00 sys=0.00, real=0.00 secs] 
155.044: [GC (Allocation Failure) [PSYoungGen: 42918K->5120K(56320K)] 228791K->201233K(515072K), 0.0014148 secs] [Times: user=0.00 sys=0.00, real=0.00 secs] 
155.919: [GC (Allocation Failure) [PSYoungGen: 49057K->5120K(56320K)] 398771K->375313K(515072K), 0.0018975 secs] [Times: user=0.00 sys=0.00, real=0.00 secs] 
156.573: [GC (Allocation Failure) [PSYoungGen: 47014K->0K(56320K)] 417207K->380433K(515072K), 0.0012346 secs] [Times: user=0.00 sys=0.00, real=0.00 secs] 
156.793: [GC (Allocation Failure) [PSYoungGen: 21409K->0K(56320K)] 453043K->452113K(515072K), 0.0021399 secs] [Times: user=0.00 sys=0.00, real=0.00 secs] 
156.796: [Full GC (Ergonomics) [PSYoungGen: 0K->0K(56320K)] [ParOldGen: 452113K->92689K(458752K)] 452113K->92689K(515072K), [Metaspace: 2796K->2796K(1056768K)], 0.0080200 secs] [Times: user=0.00 sys=0.00, real=0.01 secs] 
158.665: [GC (Allocation Failure) [PSYoungGen: 45985K->5120K(56320K)] 394675K->353809K(515072K), 0.0008278 secs] [Times: user=0.00 sys=0.00, real=0.00 secs] 
159.429: [GC (Allocation Failure) [PSYoungGen: 52134K->5120K(56320K)] 400823K->364049K(515072K), 0.0013949 secs] [Times: user=0.00 sys=0.00, real=0.00 secs] 
159.649: [GC (Allocation Failure) [PSYoungGen: 26530K->5120K(56320K)] 436659K->415249K(515072K), 0.0009243 secs] [Times: user=0.00 sys=0.00, real=0.00 secs] 
159.650: [GC (Allocation Failure) [PSYoungGen: 5120K->5120K(56320K)] 415249K->415249K(515072K), 0.0010650 secs] [Times: user=0.00 sys=0.00, real=0.00 secs] 
159.651: [Full GC (Allocation Failure) [PSYoungGen: 5120K->0K(56320K)] [ParOldGen: 410129K->108049K(458752K)] 415249K->108049K(515072K), [Metaspace: 2796K->2796K(1056768K)], 0.0085227 secs] [Times: user=0.00 sys=0.00, real=0.01 secs] 
160.759: [GC (Allocation Failure) [PSYoungGen: 43938K->5120K(56320K)] 254387K->225809K(515072K), 0.0014995 secs] [Times: user=0.00 sys=0.00, real=0.00 secs] 
162.071: [GC (Allocation Failure) [PSYoungGen: 48038K->5120K(56320K)] 422327K->384529K(515072K), 0.0009280 secs] [Times: user=0.00 sys=0.00, real=0.00 secs] 
162.506: [Full GC (Ergonomics) [PSYoungGen: 47017K->0K(56320K)] [ParOldGen: 430609K->56849K(458752K)] 477626K->56849K(515072K), [Metaspace: 2796K->2796K(1056768K)], 0.0050413 secs] [Times: user=0.00 sys=0.00, real=0.00 secs] 
163.614: [GC (Allocation Failure) [PSYoungGen: 43946K->1024K(56320K)] 203196K->180753K(515072K), 0.0013653 secs] [Times: user=0.00 sys=0.00, real=0.00 secs] 
164.491: [GC (Allocation Failure) [PSYoungGen: 44972K->6144K(56320K)] 378301K->344593K(515072K), 0.0011286 secs] [Times: user=0.00 sys=0.00, real=0.00 secs] 
165.804: [GC (Allocation Failure) [PSYoungGen: 53164K->5120K(56320K)] 391614K->343569K(515072K), 0.0011155 secs] [Times: user=0.00 sys=0.00, real=0.00 secs] 
166.567: [GC (Allocation Failure) [PSYoungGen: 52134K->5120K(56320K)] 390584K->353809K(515072K), 0.0017080 secs] [Times: user=0.00 sys=0.00, real=0.00 secs] 
166.784: [GC (Allocation Failure) [PSYoungGen: 26530K->5120K(56320K)] 426420K->425489K(515072K), 0.0022385 secs] [Times: user=0.00 sys=0.00, real=0.00 secs] 
166.786: [Full GC (Ergonomics) [PSYoungGen: 5120K->0K(56320K)] [ParOldGen: 420369K->77329K(458752K)] 425489K->77329K(515072K), [Metaspace: 2796K->2796K(1056768K)], 0.0066845 secs] [Times: user=0.00 sys=0.00, real=0.01 secs] 
167.891: [GC (Allocation Failure) [PSYoungGen: 43938K->5120K(56320K)] 223668K->195089K(515072K), 0.0015872 secs] [Times: user=0.00 sys=0.00, real=0.00 secs] 
168.767: [GC (Allocation Failure) [PSYoungGen: 49062K->5120K(56320K)] 392632K->353809K(515072K), 0.0012409 secs] [Times: user=0.02 sys=0.00, real=0.00 secs] 
169.641: [GC (Allocation Failure) [PSYoungGen: 16297K->0K(56320K)] 416186K->399889K(515072K), 0.0007938 secs] [Times: user=0.00 sys=0.00, real=0.00 secs] 
169.642: [GC (Allocation Failure) [PSYoungGen: 0K->0K(56320K)] 399889K->399889K(515072K), 0.0007886 secs] [Times: user=0.00 sys=0.00, real=0.00 secs] 
169.642: [Full GC (Allocation Failure) [PSYoungGen: 0K->0K(56320K)] [ParOldGen: 399889K->51729K(458752K)] 399889K->51729K(515072K), [Metaspace: 2796K->2796K(1056768K)], 0.0047096 secs] [Times: user=0.00 sys=0.00, real=0.01 secs] 
170.744: [GC (Allocation Failure) [PSYoungGen: 43945K->5120K(56320K)] 198074K->169489K(515072K), 0.0012906 secs] [Times: user=0.00 sys=0.00, real=0.00 secs] 
171.618: [GC (Allocation Failure) [PSYoungGen: 49067K->6144K(56320K)] 367036K->329233K(515072K), 0.0011355 secs] [Times: user=0.00 sys=0.00, real=0.00 secs] 
172.275: [GC (Allocation Failure) [PSYoungGen: 48044K->6144K(56320K)] 371133K->339473K(515072K), 0.0014873 secs] [Times: user=0.00 sys=0.00, real=0.00 secs] 
172.492: [GC (Allocation Failure) [PSYoungGen: 27557K->6144K(56320K)] 412086K->390673K(515072K), 0.0008648 secs] [Times: user=0.00 sys=0.00, real=0.00 secs] 
172.493: [GC (Allocation Failure) [PSYoungGen: 6144K->6144K(56320K)] 390673K->390673K(515072K), 0.0008143 secs] [Times: user=0.00 sys=0.00, real=0.00 secs] 
172.493: [Full GC (Allocation Failure) [PSYoungGen: 6144K->0K(56320K)] [ParOldGen: 384529K->165393K(458752K)] 390673K->165393K(515072K), [Metaspace: 2796K->2796K(1056768K)], 0.0121094 secs] [Times: user=0.00 sys=0.00, real=0.01 secs] 
173.709: [GC (Allocation Failure) [PSYoungGen: 28581K->0K(56320K)] 296374K->288273K(515072K), 0.0016038 secs] [Times: user=0.00 sys=0.00, real=0.00 secs] 
174.690: [Full GC (Ergonomics) [PSYoungGen: 43944K->0K(56320K)] [ParOldGen: 441873K->21009K(458752K)] 485818K->21009K(515072K), [Metaspace: 2796K->2796K(1056768K)], 0.0032209 secs] [Times: user=0.00 sys=0.00, real=0.00 secs] 
175.127: [GC (Allocation Failure) [PSYoungGen: 31658K->0K(56320K)] 52667K->41489K(515072K), 0.0014732 secs] [Times: user=0.00 sys=0.00, real=0.00 secs] 
176.110: [GC (Allocation Failure) [PSYoungGen: 43938K->5120K(56320K)] 239027K->205329K(515072K), 0.0011426 secs] [Times: user=0.00 sys=0.00, real=0.00 secs] 
176.546: [GC (Allocation Failure) [PSYoungGen: 36774K->5120K(56320K)] 236983K->215569K(515072K), 0.0015307 secs] [Times: user=0.00 sys=0.00, real=0.00 secs] 
177.750: [GC (Allocation Failure) [PSYoungGen: 52127K->5120K(56320K)] 262576K->220689K(515072K), 0.0009065 secs] [Times: user=0.00 sys=0.00, real=0.00 secs] 
178.513: [GC (Allocation Failure) [PSYoungGen: 49054K->6144K(56320K)] 418223K->375313K(515072K), 0.0009631 secs] [Times: user=0.00 sys=0.00, real=0.00 secs] 
179.273: [GC (Allocation Failure) [PSYoungGen: 48035K->5120K(56320K)] 417205K->389649K(515072K), 0.0017945 secs] [Times: user=0.00 sys=0.00, real=0.00 secs] 
179.603: [Full GC (Ergonomics) [PSYoungGen: 36768K->0K(56320K)] [ParOldGen: 435729K->113169K(458752K)] 472497K->113169K(515072K), [Metaspace: 2796K->2796K(1056768K)], 0.0087798 secs] [Times: user=0.00 sys=0.00, real=0.01 secs] 
181.692: [GC (Allocation Failure) [PSYoungGen: 45989K->6144K(56320K)] 363958K->324113K(515072K), 0.0008118 secs] [Times: user=0.00 sys=0.00, real=0.00 secs] 
182.238: [GC (Allocation Failure) [PSYoungGen: 42920K->6144K(56320K)] 360889K->334353K(515072K), 0.0014942 secs] [Times: user=0.00 sys=0.00, real=0.00 secs] 
182.455: [GC (Allocation Failure) [PSYoungGen: 27553K->6144K(56320K)] 406963K->385553K(515072K), 0.0008169 secs] [Times: user=0.00 sys=0.00, real=0.00 secs] 
182.456: [GC (Allocation Failure) [PSYoungGen: 6144K->6144K(56320K)] 385553K->385553K(515072K), 0.0007873 secs] [Times: user=0.00 sys=0.00, real=0.00 secs] 
182.456: [Full GC (Allocation Failure) [PSYoungGen: 6144K->0K(56320K)] [ParOldGen: 379409K->57873K(458752K)] 385553K->57873K(515072K), [Metaspace: 2796K->2796K(1056768K)], 0.0059440 secs] [Times: user=0.00 sys=0.00, real=0.01 secs] 
183.565: [GC (Allocation Failure) [PSYoungGen: 43938K->1024K(56320K)] 204211K->181777K(515072K), 0.0015972 secs] [Times: user=0.00 sys=0.00, real=0.00 secs] 
184.872: [GC (Allocation Failure) [PSYoungGen: 39846K->5120K(56320K)] 374199K->339473K(515072K), 0.0008906 secs] [Times: user=0.00 sys=0.00, real=0.00 secs] 
185.308: [GC (Allocation Failure) [PSYoungGen: 47016K->0K(56320K)] 432570K->395793K(515072K), 0.0013226 secs] [Times: user=0.00 sys=0.00, real=0.00 secs] 
185.309: [GC (Allocation Failure) [PSYoungGen: 0K->0K(56320K)] 395793K->395793K(515072K), 0.0008155 secs] [Times: user=0.00 sys=0.00, real=0.00 secs] 
185.310: [Full GC (Allocation Failure) [PSYoungGen: 0K->0K(56320K)] [ParOldGen: 395793K->61969K(458752K)] 395793K->61969K(515072K), [Metaspace: 2796K->2796K(1056768K)], 0.0055034 secs] [Times: user=0.00 sys=0.00, real=0.01 secs] 
186.415: [GC (Allocation Failure) [PSYoungGen: 43946K->5120K(56320K)] 208316K->179729K(515072K), 0.0013334 secs] [Times: user=0.00 sys=0.00, real=0.00 secs] 
187.287: [GC (Allocation Failure) [PSYoungGen: 49068K->5120K(56320K)] 377277K->358929K(515072K), 0.0025719 secs] [Times: user=0.00 sys=0.00, real=0.00 secs] 
187.939: [GC (Allocation Failure) [PSYoungGen: 47020K->5120K(56320K)] 400830K->369169K(515072K), 0.0014879 secs] [Times: user=0.00 sys=0.00, real=0.00 secs] 
189.137: [Full GC (Ergonomics) [PSYoungGen: 47013K->0K(56320K)] [ParOldGen: 415249K->11264K(458752K)] 462263K->11264K(515072K), [Metaspace: 2796K->2796K(1056768K)], 0.0025963 secs] [Times: user=0.00 sys=0.00, real=0.00 secs] 
189.903: [GC (Allocation Failure) [PSYoungGen: 43944K->1024K(56320K)] 208808K->165888K(515072K), 0.0008035 secs] [Times: user=0.00 sys=0.00, real=0.00 secs] 
190.673: [GC (Allocation Failure) [PSYoungGen: 42922K->5120K(56320K)] 207786K->180224K(515072K), 0.0014111 secs] [Times: user=0.00 sys=0.00, real=0.00 secs] 
191.553: [GC (Allocation Failure) [PSYoungGen: 49060K->6176K(56320K)] 377764K->340000K(515072K), 0.0012209 secs] [Times: user=0.00 sys=0.00, real=0.00 secs] 
193.190: [GC (Allocation Failure) [PSYoungGen: 50120K->6176K(56320K)] 383944K->340000K(515072K), 0.0012654 secs] [Times: user=0.00 sys=0.00, real=0.00 secs] 
193.627: [GC (Allocation Failure) [PSYoungGen: 37827K->1056K(56320K)] 371651K->355360K(515072K), 0.0020726 secs] [Times: user=0.00 sys=0.00, real=0.00 secs] 
193.844: [GC (Allocation Failure) [PSYoungGen: 22461K->1056K(56320K)] 427965K->406560K(515072K), 0.0008973 secs] [Times: user=0.00 sys=0.00, real=0.00 secs] 
193.844: [GC (Allocation Failure) [PSYoungGen: 1056K->1056K(56320K)] 406560K->406560K(515072K), 0.0010113 secs] [Times: user=0.00 sys=0.00, real=0.00 secs] 
193.846: [Full GC (Allocation Failure) [PSYoungGen: 1056K->0K(56320K)] [ParOldGen: 405504K->62993K(458752K)] 406560K->62993K(515072K), [Metaspace: 2796K->2796K(1056768K)], 0.0057321 secs] [Times: user=0.00 sys=0.00, real=0.01 secs] 
194.950: [GC (Allocation Failure) [PSYoungGen: 43933K->5152K(56320K)] 209326K->180785K(515072K), 0.0013487 secs] [Times: user=0.00 sys=0.00, real=0.00 secs] 
196.365: [GC (Allocation Failure) [PSYoungGen: 49091K->5184K(56320K)] 378324K->334417K(515072K), 0.0008496 secs] [Times: user=0.00 sys=0.00, real=0.00 secs] 
196.692: [GC (Allocation Failure) [PSYoungGen: 36839K->32K(56320K)] 417272K->400945K(515072K), 0.0019961 secs] [Times: user=0.00 sys=0.00, real=0.00 secs] 
196.694: [GC (Allocation Failure) [PSYoungGen: 32K->32K(56320K)] 400945K->400945K(515072K), 0.0011694 secs] [Times: user=0.00 sys=0.00, real=0.00 secs] 
196.695: [Full GC (Allocation Failure) [PSYoungGen: 32K->0K(56320K)] [ParOldGen: 400913K->72209K(458752K)] 400945K->72209K(515072K), [Metaspace: 2796K->2796K(1056768K)], 0.0061544 secs] [Times: user=0.00 sys=0.00, real=0.01 secs] 
197.802: [GC (Allocation Failure) [PSYoungGen: 43945K->5120K(56320K)] 218555K->189969K(515072K), 0.0016823 secs] [Times: user=0.00 sys=0.00, real=0.00 secs] 
198.676: [GC (Allocation Failure) [PSYoungGen: 49067K->5120K(56320K)] 387516K->348689K(515072K), 0.0012234 secs] [Times: user=0.00 sys=0.00, real=0.00 secs] 
199.332: [GC (Allocation Failure) [PSYoungGen: 47020K->5120K(56320K)] 390590K->364049K(515072K), 0.0017179 secs] [Times: user=0.00 sys=0.00, real=0.00 secs] 
199.553: [GC (Allocation Failure) [PSYoungGen: 26533K->5120K(56320K)] 436663K->415249K(515072K), 0.0008733 secs] [Times: user=0.00 sys=0.00, real=0.00 secs] 
199.554: [GC (Allocation Failure) [PSYoungGen: 5120K->5120K(56320K)] 415249K->415249K(515072K), 0.0009985 secs] [Times: user=0.00 sys=0.00, real=0.00 secs] 
199.555: [Full GC (Allocation Failure) [PSYoungGen: 5120K->0K(56320K)] [ParOldGen: 410129K->133649K(458752K)] 415249K->133649K(515072K), [Metaspace: 2796K->2796K(1056768K)], 0.0102701 secs] [Times: user=0.00 sys=0.00, real=0.01 secs] 
200.768: [GC (Allocation Failure) [PSYoungGen: 36773K->5120K(56320K)] 272823K->251409K(515072K), 0.0018348 secs] [Times: user=0.00 sys=0.00, real=0.00 secs] 
201.749: [GC (Allocation Failure) [PSYoungGen: 49064K->6144K(56320K)] 448954K->411153K(515072K), 0.0012106 secs] [Times: user=0.00 sys=0.00, real=0.00 secs] 
202.187: [GC (Allocation Failure) [PSYoungGen: 37802K->6144K(56320K)] 442812K->421393K(515072K), 0.0014609 secs] [Times: user=0.00 sys=0.00, real=0.00 secs] 
202.295: [GC (Allocation Failure) [PSYoungGen: 27554K->6144K(56320K)] 442803K->441873K(515072K), 0.0023026 secs] [Times: user=0.00 sys=0.00, real=0.00 secs] 
202.297: [Full GC (Ergonomics) [PSYoungGen: 6144K->0K(56320K)] [ParOldGen: 435729K->32273K(458752K)] 441873K->32273K(515072K), [Metaspace: 2796K->2796K(1056768K)], 0.0040190 secs] [Times: user=0.01 sys=0.00, real=0.00 secs] 
204.148: [GC (Allocation Failure) [PSYoungGen: 44962K->1024K(56320K)] 230835K->186897K(515072K), 0.0005049 secs] [Times: user=0.00 sys=0.00, real=0.00 secs] 
204.914: [GC (Allocation Failure) [PSYoungGen: 42918K->5120K(56320K)] 228792K->201233K(515072K), 0.0013163 secs] [Times: user=0.00 sys=0.00, real=0.00 secs] 
205.792: [GC (Allocation Failure) [PSYoungGen: 49057K->5120K(56320K)] 398771K->375313K(515072K), 0.0019553 secs] [Times: user=0.00 sys=0.00, real=0.00 secs] 
206.448: [GC (Allocation Failure) [PSYoungGen: 47014K->0K(56320K)] 417208K->380433K(515072K), 0.0014060 secs] [Times: user=0.00 sys=0.00, real=0.00 secs] 
206.668: [GC (Allocation Failure) [PSYoungGen: 21409K->0K(56320K)] 453043K->452113K(515072K), 0.0021272 secs] [Times: user=0.00 sys=0.00, real=0.00 secs] 
206.670: [Full GC (Ergonomics) [PSYoungGen: 0K->0K(56320K)] [ParOldGen: 452113K->92689K(458752K)] 452113K->92689K(515072K), [Metaspace: 2796K->2796K(1056768K)], 0.0075865 secs] [Times: user=0.02 sys=0.00, real=0.01 secs] 
208.538: [GC (Allocation Failure) [PSYoungGen: 45985K->5120K(56320K)] 394675K->353809K(515072K), 0.0008652 secs] [Times: user=0.00 sys=0.00, real=0.00 secs] 
209.302: [GC (Allocation Failure) [PSYoungGen: 52134K->5120K(56320K)] 400823K->364049K(515072K), 0.0015423 secs] [Times: user=0.00 sys=0.00, real=0.00 secs] 
209.519: [GC (Allocation Failure) [PSYoungGen: 26530K->5120K(56320K)] 436660K->415249K(515072K), 0.0010655 secs] [Times: user=0.00 sys=0.00, real=0.00 secs] 
209.520: [GC (Allocation Failure) [PSYoungGen: 5120K->5120K(56320K)] 415249K->415249K(515072K), 0.0009412 secs] [Times: user=0.00 sys=0.00, real=0.00 secs] 
209.521: [Full GC (Allocation Failure) [PSYoungGen: 5120K->0K(56320K)] [ParOldGen: 410129K->108049K(458752K)] 415249K->108049K(515072K), [Metaspace: 2796K->2796K(1056768K)], 0.0084121 secs] [Times: user=0.00 sys=0.00, real=0.01 secs] 
210.626: [GC (Allocation Failure) [PSYoungGen: 43938K->5120K(56320K)] 254388K->225809K(515072K), 0.0014760 secs] [Times: user=0.00 sys=0.00, real=0.00 secs] 
211.937: [GC (Allocation Failure) [PSYoungGen: 48038K->5120K(56320K)] 422328K->384529K(515072K), 0.0010394 secs] [Times: user=0.00 sys=0.00, real=0.00 secs] 
212.374: [Full GC (Ergonomics) [PSYoungGen: 47017K->0K(56320K)] [ParOldGen: 430609K->56849K(458752K)] 477627K->56849K(515072K), [Metaspace: 2796K->2796K(1056768K)], 0.0053056 secs] [Times: user=0.00 sys=0.00, real=0.01 secs] 
213.481: [GC (Allocation Failure) [PSYoungGen: 43946K->1024K(56320K)] 203196K->180753K(515072K), 0.0013535 secs] [Times: user=0.00 sys=0.00, real=0.00 secs] 
214.353: [GC (Allocation Failure) [PSYoungGen: 44972K->6144K(56320K)] 378301K->344593K(515072K), 0.0011682 secs] [Times: user=0.00 sys=0.00, real=0.00 secs] 
215.667: [GC (Allocation Failure) [PSYoungGen: 53164K->5120K(56320K)] 391614K->343569K(515072K), 0.0007959 secs] [Times: user=0.00 sys=0.00, real=0.00 secs] 
216.430: [GC (Allocation Failure) [PSYoungGen: 52134K->5120K(56320K)] 390584K->353809K(515072K), 0.0014507 secs] [Times: user=0.00 sys=0.00, real=0.00 secs] 
216.649: [GC (Allocation Failure) [PSYoungGen: 26530K->5120K(56320K)] 426420K->425489K(515072K), 0.0022909 secs] [Times: user=0.00 sys=0.00, real=0.00 secs] 
216.651: [Full GC (Ergonomics) [PSYoungGen: 5120K->0K(56320K)] [ParOldGen: 420369K->77329K(458752K)] 425489K->77329K(515072K), [Metaspace: 2796K->2796K(1056768K)], 0.0066781 secs] [Times: user=0.00 sys=0.00, real=0.01 secs] 
217.756: [GC (Allocation Failure) [PSYoungGen: 43938K->5120K(56320K)] 223668K->195089K(515072K), 0.0014234 secs] [Times: user=0.00 sys=0.00, real=0.00 secs] 
218.630: [GC (Allocation Failure) [PSYoungGen: 49062K->5120K(56320K)] 392632K->353809K(515072K), 0.0011208 secs] [Times: user=0.00 sys=0.00, real=0.00 secs] 
Heap
 PSYoungGen      total 56320K, used 17239K [0x00000000fc000000, 0x0000000100000000, 0x0000000100000000)
  eden space 47104K, 25% used [0x00000000fc000000,0x00000000fcbd5f00,0x00000000fee00000)
  from space 9216K, 55% used [0x00000000fee00000,0x00000000ff300010,0x00000000ff700000)
  to   space 9216K, 0% used [0x00000000ff700000,0x00000000ff700000,0x0000000100000000)
 ParOldGen       total 458752K, used 348689K [0x00000000e0000000, 0x00000000fc000000, 0x00000000fc000000)
  object space 458752K, 76% used [0x00000000e0000000,0x00000000f5484760,0x00000000fc000000)
 Metaspace       used 2804K, capacity 4486K, committed 4864K, reserved 1056768K
  class space    used 297K, capacity 386K, committed 512K, reserved 1048576K
