Java HotSpot(TM) 64-Bit Server VM (25.411-b09) for windows-amd64 JRE (1.8.0_411-b09), built on Mar 13 2024 07:26:13 by "java_re" with MS VC++ 17.1 (VS2022)
Memory: 4k page, physical 33403376k(14200992k free), swap 36670664k(7234264k free)
CommandLine flags: -XX:InitialHeapSize=1073741824 -XX:MaxHeapSize=1073741824 -XX:NewRatio=1 -XX:ParallelGCThreads=6 -XX:+PrintGC -XX:+PrintGCDetails -XX:+PrintGCTimeStamps -XX:SurvivorRatio=2 -XX:-UseAdaptiveSizePolicy -XX:+UseCompressedClassPointers -XX:+UseCompressedOops -XX:-UseLargePagesIndividualAllocation -XX:+UseParallelGC 
2.407: [GC (Allocation Failure) [PSYoungGen: 261366K->11984K(393216K)] 261366K->11992K(917504K), 0.0030688 secs] [Times: user=0.00 sys=0.00, real=0.00 secs] 
5.031: [GC (Allocation Failure) [PSYoungGen: 273122K->10928K(393216K)] 273130K->10936K(917504K), 0.0025052 secs] [Times: user=0.00 sys=0.00, real=0.00 secs] 
6.890: [GC (Allocation Failure) [PSYoungGen: 267032K->31384K(393216K)] 267040K->31392K(917504K), 0.0044967 secs] [Times: user=0.00 sys=0.00, real=0.00 secs] 
8.530: [GC (Allocation Failure) [PSYoungGen: 259310K->21168K(393216K)] 259318K->21184K(917504K), 0.0045436 secs] [Times: user=0.00 sys=0.00, real=0.00 secs] 
9.946: [GC (Allocation Failure) [PSYoungGen: 251622K->77448K(393216K)] 251638K->77472K(917504K), 0.0161973 secs] [Times: user=0.02 sys=0.00, real=0.02 secs] 
11.380: [GC (Allocation Failure) [PSYoungGen: 307901K->82552K(393216K)] 307925K->184976K(917504K), 0.0353788 secs] [Times: user=0.03 sys=0.02, real=0.04 secs] 
12.830: [GC (Allocation Failure) [PSYoungGen: 294229K->26240K(393216K)] 396653K->128672K(917504K), 0.0021886 secs] [Times: user=0.00 sys=0.00, real=0.00 secs] 
14.250: [GC (Allocation Failure) [PSYoungGen: 256675K->37480K(393216K)] 359107K->139912K(917504K), 0.0027572 secs] [Times: user=0.00 sys=0.00, real=0.00 secs] 
16.975: [GC (Allocation Failure) [PSYoungGen: 298633K->15992K(393216K)] 401065K->118424K(917504K), 0.0014185 secs] [Times: user=0.00 sys=0.00, real=0.00 secs] 
18.504: [GC (Allocation Failure) [PSYoungGen: 266915K->51848K(393216K)] 369347K->154288K(917504K), 0.0035392 secs] [Times: user=0.00 sys=0.00, real=0.00 secs] 
20.031: [GC (Allocation Failure) [PSYoungGen: 282296K->51904K(393216K)] 384736K->154344K(917504K), 0.0044269 secs] [Times: user=0.00 sys=0.00, real=0.00 secs] 
21.454: [GC (Allocation Failure) [PSYoungGen: 282353K->108256K(393216K)] 384793K->261896K(917504K), 0.0185729 secs] [Times: user=0.01 sys=0.02, real=0.02 secs] 
22.888: [GC (Allocation Failure) [PSYoungGen: 338706K->63112K(393216K)] 492346K->319152K(917504K), 0.0317003 secs] [Times: user=0.00 sys=0.00, real=0.03 secs] 
24.339: [GC (Allocation Failure) [PSYoungGen: 267963K->62040K(393216K)] 524003K->318080K(917504K), 0.0050166 secs] [Times: user=0.02 sys=0.00, real=0.00 secs] 
25.764: [GC (Allocation Failure) [PSYoungGen: 292488K->77536K(393216K)] 548528K->333576K(917504K), 0.0054872 secs] [Times: user=0.00 sys=0.00, real=0.01 secs] 
28.491: [GC (Allocation Failure) [PSYoungGen: 324453K->25696K(393216K)] 580493K->282356K(917504K), 0.0024222 secs] [Times: user=0.00 sys=0.00, real=0.00 secs] 
29.908: [GC (Allocation Failure) [PSYoungGen: 256140K->82016K(393216K)] 512800K->338692K(917504K), 0.0073749 secs] [Times: user=0.00 sys=0.00, real=0.01 secs] 
31.436: [GC (Allocation Failure) [PSYoungGen: 266382K->5184K(393216K)] 523059K->261860K(917504K), 0.0011550 secs] [Times: user=0.00 sys=0.00, real=0.00 secs] 
32.853: [GC (Allocation Failure) [PSYoungGen: 235626K->57408K(393216K)] 492302K->314092K(917504K), 0.0045896 secs] [Times: user=0.00 sys=0.00, real=0.00 secs] 
34.286: [GC (Allocation Failure) [PSYoungGen: 287854K->68704K(393216K)] 544538K->325388K(917504K), 0.0051259 secs] [Times: user=0.00 sys=0.00, real=0.00 secs] 
35.719: [GC (Allocation Failure) [PSYoungGen: 273552K->61504K(393216K)] 530236K->318188K(917504K), 0.0048651 secs] [Times: user=0.00 sys=0.00, real=0.00 secs] 
37.134: [GC (Allocation Failure) [PSYoungGen: 291950K->87104K(393216K)] 548634K->343812K(917504K), 0.0059586 secs] [Times: user=0.01 sys=0.00, real=0.00 secs] 
39.647: [GC (Allocation Failure) [PSYoungGen: 348272K->15424K(393216K)] 604980K->272132K(917504K), 0.0015856 secs] [Times: user=0.00 sys=0.00, real=0.00 secs] 
41.288: [GC (Allocation Failure) [PSYoungGen: 276596K->30752K(393216K)] 533304K->389860K(917504K), 0.0317249 secs] [Times: user=0.02 sys=0.02, real=0.03 secs] 
44.159: [GC (Allocation Failure) [PSYoungGen: 291927K->31776K(393216K)] 651035K->390884K(917504K), 0.0024006 secs] [Times: user=0.00 sys=0.00, real=0.00 secs] 
45.577: [GC (Allocation Failure) [PSYoungGen: 262233K->47136K(393216K)] 621341K->406244K(917504K), 0.0031529 secs] [Times: user=0.00 sys=0.00, real=0.00 secs] 
47.111: [GC (Allocation Failure) [PSYoungGen: 298087K->71712K(393216K)] 657195K->430820K(917504K), 0.0057503 secs] [Times: user=0.00 sys=0.00, real=0.01 secs] 
48.541: [GC (Allocation Failure) [PSYoungGen: 302178K->128064K(393216K)] 661286K->487172K(917504K), 0.0158674 secs] [Times: user=0.02 sys=0.00, real=0.02 secs] 
49.977: [GC (Allocation Failure) [PSYoungGen: 358525K->128032K(393216K)] 717633K->492260K(917504K), 0.0179552 secs] [Times: user=0.00 sys=0.02, real=0.02 secs] 
51.409: [GC (Allocation Failure) [PSYoungGen: 343246K->56352K(393216K)] 707474K->420580K(917504K), 0.0046159 secs] [Times: user=0.00 sys=0.00, real=0.01 secs] 
52.846: [GC (Allocation Failure) [PSYoungGen: 286717K->62464K(393216K)] 650946K->426700K(917504K), 0.0049687 secs] [Times: user=0.00 sys=0.00, real=0.01 secs] 
55.592: [GC (Allocation Failure) [PSYoungGen: 282645K->35840K(393216K)] 646881K->400076K(917504K), 0.0030082 secs] [Times: user=0.00 sys=0.00, real=0.00 secs] 
57.008: [GC (Allocation Failure) [PSYoungGen: 266270K->61440K(393216K)] 630507K->425676K(917504K), 0.0042221 secs] [Times: user=0.00 sys=0.00, real=0.01 secs] 
58.535: [GC (Allocation Failure) [PSYoungGen: 307246K->102400K(393216K)] 671482K->466636K(917504K), 0.0063796 secs] [Times: user=0.00 sys=0.00, real=0.01 secs] 
59.969: [GC (Allocation Failure) [PSYoungGen: 332850K->107520K(393216K)] 697086K->471756K(917504K), 0.0160418 secs] [Times: user=0.00 sys=0.00, real=0.02 secs] 
61.409: [GC (Allocation Failure) [PSYoungGen: 337970K->112640K(393216K)] 702207K->579276K(917504K), 0.0328078 secs] [Times: user=0.02 sys=0.01, real=0.03 secs] 
61.442: [Full GC (Ergonomics) [PSYoungGen: 112640K->0K(393216K)] [ParOldGen: 466636K->215569K(524288K)] 579276K->215569K(917504K), [Metaspace: 2796K->2796K(1056768K)], 0.0199506 secs] [Times: user=0.00 sys=0.00, real=0.02 secs] 
62.895: [GC (Allocation Failure) [PSYoungGen: 209971K->56320K(393216K)] 425540K->271889K(917504K), 0.0045951 secs] [Times: user=0.00 sys=0.00, real=0.00 secs] 
64.314: [GC (Allocation Failure) [PSYoungGen: 286751K->67584K(393216K)] 502320K->283153K(917504K), 0.0054829 secs] [Times: user=0.00 sys=0.00, real=0.01 secs] 
67.055: [GC (Allocation Failure) [PSYoungGen: 298014K->46080K(393216K)] 513584K->261649K(917504K), 0.0024565 secs] [Times: user=0.00 sys=0.00, real=0.00 secs] 
68.482: [GC (Allocation Failure) [PSYoungGen: 276518K->51200K(393216K)] 492087K->266769K(917504K), 0.0034458 secs] [Times: user=0.00 sys=0.00, real=0.00 secs] 
70.008: [GC (Allocation Failure) [PSYoungGen: 281643K->51200K(393216K)] 497212K->266769K(917504K), 0.0046235 secs] [Times: user=0.00 sys=0.00, real=0.00 secs] 
71.426: [GC (Allocation Failure) [PSYoungGen: 281646K->107520K(393216K)] 497215K->374289K(917504K), 0.0160047 secs] [Times: user=0.00 sys=0.00, real=0.02 secs] 
72.866: [GC (Allocation Failure) [PSYoungGen: 337968K->62464K(393216K)] 604737K->431633K(917504K), 0.0152479 secs] [Times: user=0.02 sys=0.00, real=0.02 secs] 
74.296: [GC (Allocation Failure) [PSYoungGen: 267313K->61440K(393216K)] 636483K->430609K(917504K), 0.0052980 secs] [Times: user=0.00 sys=0.00, real=0.00 secs] 
75.732: [GC (Allocation Failure) [PSYoungGen: 291887K->76800K(393216K)] 661056K->445969K(917504K), 0.0056272 secs] [Times: user=0.01 sys=0.00, real=0.01 secs] 
78.472: [GC (Allocation Failure) [PSYoungGen: 322609K->25600K(393216K)] 691778K->394769K(917504K), 0.0023267 secs] [Times: user=0.00 sys=0.00, real=0.00 secs] 
79.893: [GC (Allocation Failure) [PSYoungGen: 256051K->81920K(393216K)] 625221K->451089K(917504K), 0.0056427 secs] [Times: user=0.00 sys=0.00, real=0.01 secs] 
81.420: [GC (Allocation Failure) [PSYoungGen: 266291K->5120K(393216K)] 635461K->374289K(917504K), 0.0008418 secs] [Times: user=0.00 sys=0.00, real=0.00 secs] 
82.838: [GC (Allocation Failure) [PSYoungGen: 235565K->57344K(393216K)] 604735K->426513K(917504K), 0.0048727 secs] [Times: user=0.00 sys=0.00, real=0.00 secs] 
84.258: [GC (Allocation Failure) [PSYoungGen: 287792K->68608K(393216K)] 656961K->437777K(917504K), 0.0051752 secs] [Times: user=0.00 sys=0.00, real=0.01 secs] 
85.691: [GC (Allocation Failure) [PSYoungGen: 273457K->61440K(393216K)] 642626K->430609K(917504K), 0.0048274 secs] [Times: user=0.00 sys=0.00, real=0.01 secs] 
87.125: [GC (Allocation Failure) [PSYoungGen: 291887K->87040K(393216K)] 661056K->456209K(917504K), 0.0060812 secs] [Times: user=0.00 sys=0.00, real=0.01 secs] 
89.656: [GC (Allocation Failure) [PSYoungGen: 348209K->15360K(393216K)] 717378K->384529K(917504K), 0.0014634 secs] [Times: user=0.00 sys=0.00, real=0.00 secs] 
91.290: [GC (Allocation Failure) [PSYoungGen: 276533K->128000K(393216K)] 645702K->502289K(917504K), 0.0158555 secs] [Times: user=0.00 sys=0.00, real=0.02 secs] 
94.144: [GC (Allocation Failure) [PSYoungGen: 389175K->31744K(393216K)] 763465K->406033K(917504K), 0.0025106 secs] [Times: user=0.00 sys=0.00, real=0.00 secs] 
95.564: [GC (Allocation Failure) [PSYoungGen: 262201K->47104K(393216K)] 636490K->421393K(917504K), 0.0032551 secs] [Times: user=0.00 sys=0.00, real=0.00 secs] 
97.094: [GC (Allocation Failure) [PSYoungGen: 298055K->71680K(393216K)] 672345K->445969K(917504K), 0.0061679 secs] [Times: user=0.00 sys=0.00, real=0.01 secs] 
98.533: [GC (Allocation Failure) [PSYoungGen: 302146K->128000K(393216K)] 676436K->502289K(917504K), 0.0065253 secs] [Times: user=0.00 sys=0.00, real=0.01 secs] 
99.964: [GC (Allocation Failure) [PSYoungGen: 358461K->81920K(393216K)] 732751K->507409K(917504K), 0.0152684 secs] [Times: user=0.00 sys=0.00, real=0.02 secs] 
99.980: [Full GC (Ergonomics) [PSYoungGen: 81920K->0K(393216K)] [ParOldGen: 425489K->133649K(524288K)] 507409K->133649K(917504K), [Metaspace: 2796K->2796K(1056768K)], 0.0107181 secs] [Times: user=0.00 sys=0.00, real=0.01 secs] 
101.412: [GC (Allocation Failure) [PSYoungGen: 215214K->56320K(393216K)] 348863K->189969K(917504K), 0.0049604 secs] [Times: user=0.00 sys=0.00, real=0.01 secs] 
102.832: [GC (Allocation Failure) [PSYoungGen: 286668K->62464K(393216K)] 420317K->196113K(917504K), 0.0049499 secs] [Times: user=0.00 sys=0.00, real=0.00 secs] 
105.584: [GC (Allocation Failure) [PSYoungGen: 282633K->35840K(393216K)] 416283K->169489K(917504K), 0.0026497 secs] [Times: user=0.00 sys=0.00, real=0.00 secs] 
107.005: [GC (Allocation Failure) [PSYoungGen: 266263K->61440K(393216K)] 399913K->195089K(917504K), 0.0036290 secs] [Times: user=0.00 sys=0.00, real=0.00 secs] 
108.532: [GC (Allocation Failure) [PSYoungGen: 307242K->102400K(393216K)] 440891K->236049K(917504K), 0.0051295 secs] [Times: user=0.00 sys=0.00, real=0.00 secs] 
109.948: [GC (Allocation Failure) [PSYoungGen: 332847K->107520K(393216K)] 466496K->241169K(917504K), 0.0152349 secs] [Times: user=0.00 sys=0.00, real=0.02 secs] 
111.388: [GC (Allocation Failure) [PSYoungGen: 337969K->112640K(393216K)] 471618K->348689K(917504K), 0.0161907 secs] [Times: user=0.02 sys=0.00, real=0.02 secs] 
112.821: [GC (Allocation Failure) [PSYoungGen: 322610K->56320K(393216K)] 558659K->292369K(917504K), 0.0049810 secs] [Times: user=0.00 sys=0.00, real=0.00 secs] 
114.246: [GC (Allocation Failure) [PSYoungGen: 286768K->67584K(393216K)] 522817K->303633K(917504K), 0.0051753 secs] [Times: user=0.02 sys=0.00, real=0.00 secs] 
116.976: [GC (Allocation Failure) [PSYoungGen: 298025K->46080K(393216K)] 534075K->282129K(917504K), 0.0026247 secs] [Times: user=0.00 sys=0.00, real=0.00 secs] 
118.393: [GC (Allocation Failure) [PSYoungGen: 276525K->51200K(393216K)] 512574K->287249K(917504K), 0.0035920 secs] [Times: user=0.00 sys=0.00, real=0.00 secs] 
119.918: [GC (Allocation Failure) [PSYoungGen: 281647K->51200K(393216K)] 517697K->287249K(917504K), 0.0046996 secs] [Times: user=0.00 sys=0.00, real=0.00 secs] 
121.331: [GC (Allocation Failure) [PSYoungGen: 281649K->107520K(393216K)] 517698K->394769K(917504K), 0.0153740 secs] [Times: user=0.00 sys=0.00, real=0.01 secs] 
122.768: [GC (Allocation Failure) [PSYoungGen: 337970K->113664K(393216K)] 625219K->452113K(917504K), 0.0157139 secs] [Times: user=0.00 sys=0.00, real=0.02 secs] 
124.201: [GC (Allocation Failure) [PSYoungGen: 318514K->61440K(393216K)] 656964K->399889K(917504K), 0.0051423 secs] [Times: user=0.02 sys=0.00, real=0.01 secs] 
125.635: [GC (Allocation Failure) [PSYoungGen: 291888K->76800K(393216K)] 630337K->415249K(917504K), 0.0054832 secs] [Times: user=0.02 sys=0.00, real=0.00 secs] 
128.380: [GC (Allocation Failure) [PSYoungGen: 322609K->25600K(393216K)] 661059K->364049K(917504K), 0.0024803 secs] [Times: user=0.00 sys=0.00, real=0.00 secs] 
129.797: [GC (Allocation Failure) [PSYoungGen: 256052K->81920K(393216K)] 594501K->420369K(917504K), 0.0058418 secs] [Times: user=0.00 sys=0.00, real=0.01 secs] 
131.325: [GC (Allocation Failure) [PSYoungGen: 266292K->5120K(393216K)] 604741K->343569K(917504K), 0.0008575 secs] [Times: user=0.00 sys=0.00, real=0.00 secs] 
132.743: [GC (Allocation Failure) [PSYoungGen: 235565K->57344K(393216K)] 574015K->395793K(917504K), 0.0046686 secs] [Times: user=0.00 sys=0.00, real=0.00 secs] 
134.165: [GC (Allocation Failure) [PSYoungGen: 287792K->68608K(393216K)] 626241K->407057K(917504K), 0.0049950 secs] [Times: user=0.00 sys=0.00, real=0.00 secs] 
135.584: [GC (Allocation Failure) [PSYoungGen: 273457K->61440K(393216K)] 611907K->399889K(917504K), 0.0045544 secs] [Times: user=0.00 sys=0.00, real=0.00 secs] 
137.005: [GC (Allocation Failure) [PSYoungGen: 291887K->87040K(393216K)] 630336K->425489K(917504K), 0.0059919 secs] [Times: user=0.00 sys=0.00, real=0.01 secs] 
139.529: [GC (Allocation Failure) [PSYoungGen: 348209K->15360K(393216K)] 686658K->353809K(917504K), 0.0014190 secs] [Times: user=0.06 sys=0.00, real=0.00 secs] 
141.164: [GC (Allocation Failure) [PSYoungGen: 276533K->30720K(393216K)] 614982K->471569K(917504K), 0.0155220 secs] [Times: user=0.00 sys=0.00, real=0.02 secs] 
141.180: [Full GC (Ergonomics) [PSYoungGen: 30720K->0K(393216K)] [ParOldGen: 440849K->133649K(524288K)] 471569K->133649K(917504K), [Metaspace: 2796K->2796K(1056768K)], 0.0101636 secs] [Times: user=0.02 sys=0.00, real=0.01 secs] 
144.030: [GC (Allocation Failure) [PSYoungGen: 261175K->31744K(393216K)] 394825K->165393K(917504K), 0.0024007 secs] [Times: user=0.00 sys=0.00, real=0.00 secs] 
145.455: [GC (Allocation Failure) [PSYoungGen: 262186K->47104K(393216K)] 395836K->180753K(917504K), 0.0032185 secs] [Times: user=0.00 sys=0.00, real=0.00 secs] 
146.984: [GC (Allocation Failure) [PSYoungGen: 298046K->71680K(393216K)] 431695K->205329K(917504K), 0.0050735 secs] [Times: user=0.00 sys=0.00, real=0.00 secs] 
148.406: [GC (Allocation Failure) [PSYoungGen: 302140K->128000K(393216K)] 435790K->261649K(917504K), 0.0156976 secs] [Times: user=0.00 sys=0.00, real=0.02 secs] 
149.837: [GC (Allocation Failure) [PSYoungGen: 358457K->81920K(393216K)] 492107K->266769K(917504K), 0.0158168 secs] [Times: user=0.00 sys=0.00, real=0.02 secs] 
151.274: [GC (Allocation Failure) [PSYoungGen: 297126K->56320K(393216K)] 481976K->241169K(917504K), 0.0046498 secs] [Times: user=0.00 sys=0.00, real=0.00 secs] 
152.694: [GC (Allocation Failure) [PSYoungGen: 286684K->62464K(393216K)] 471533K->247313K(917504K), 0.0048441 secs] [Times: user=0.00 sys=0.00, real=0.00 secs] 
155.424: [GC (Allocation Failure) [PSYoungGen: 282644K->35840K(393216K)] 467493K->220689K(917504K), 0.0026416 secs] [Times: user=0.00 sys=0.00, real=0.00 secs] 
156.846: [GC (Allocation Failure) [PSYoungGen: 266270K->61440K(393216K)] 451119K->246289K(917504K), 0.0036664 secs] [Times: user=0.00 sys=0.00, real=0.00 secs] 
158.375: [GC (Allocation Failure) [PSYoungGen: 307246K->102400K(393216K)] 492095K->287249K(917504K), 0.0051345 secs] [Times: user=0.00 sys=0.00, real=0.00 secs] 
159.807: [GC (Allocation Failure) [PSYoungGen: 332849K->107520K(393216K)] 517699K->292369K(917504K), 0.0152561 secs] [Times: user=0.02 sys=0.00, real=0.02 secs] 
161.246: [GC (Allocation Failure) [PSYoungGen: 337970K->112640K(393216K)] 522820K->399889K(917504K), 0.0156235 secs] [Times: user=0.00 sys=0.00, real=0.01 secs] 
162.680: [GC (Allocation Failure) [PSYoungGen: 322611K->56320K(393216K)] 609860K->343569K(917504K), 0.0047934 secs] [Times: user=0.00 sys=0.00, real=0.00 secs] 
164.104: [GC (Allocation Failure) [PSYoungGen: 286769K->67584K(393216K)] 574018K->354833K(917504K), 0.0052325 secs] [Times: user=0.00 sys=0.00, real=0.00 secs] 
166.842: [GC (Allocation Failure) [PSYoungGen: 298026K->46080K(393216K)] 585275K->333329K(917504K), 0.0025443 secs] [Times: user=0.02 sys=0.00, real=0.00 secs] 
168.260: [GC (Allocation Failure) [PSYoungGen: 276525K->51200K(393216K)] 563775K->338449K(917504K), 0.0038396 secs] [Times: user=0.00 sys=0.00, real=0.00 secs] 
169.790: [GC (Allocation Failure) [PSYoungGen: 281647K->51200K(393216K)] 568897K->338449K(917504K), 0.0041613 secs] [Times: user=0.00 sys=0.00, real=0.00 secs] 
171.208: [GC (Allocation Failure) [PSYoungGen: 281649K->107520K(393216K)] 568898K->445969K(917504K), 0.0154267 secs] [Times: user=0.00 sys=0.00, real=0.02 secs] 
172.644: [GC (Allocation Failure) [PSYoungGen: 337970K->62464K(393216K)] 676419K->503313K(917504K), 0.0153974 secs] [Times: user=0.02 sys=0.00, real=0.01 secs] 
172.660: [Full GC (Ergonomics) [PSYoungGen: 62464K->0K(393216K)] [ParOldGen: 440849K->165393K(524288K)] 503313K->165393K(917504K), [Metaspace: 2796K->2796K(1056768K)], 0.0120136 secs] [Times: user=0.01 sys=0.00, real=0.01 secs] 
174.095: [GC (Allocation Failure) [PSYoungGen: 204850K->61440K(393216K)] 370244K->226833K(917504K), 0.0050456 secs] [Times: user=0.00 sys=0.00, real=0.00 secs] 
175.530: [GC (Allocation Failure) [PSYoungGen: 291869K->76800K(393216K)] 457263K->242193K(917504K), 0.0056214 secs] [Times: user=0.00 sys=0.00, real=0.01 secs] 
178.271: [GC (Allocation Failure) [PSYoungGen: 322598K->25600K(393216K)] 487991K->190993K(917504K), 0.0024115 secs] [Times: user=0.00 sys=0.00, real=0.00 secs] 
179.692: [GC (Allocation Failure) [PSYoungGen: 256044K->81920K(393216K)] 421437K->247313K(917504K), 0.0055560 secs] [Times: user=0.00 sys=0.00, real=0.01 secs] 
181.220: [GC (Allocation Failure) [PSYoungGen: 266287K->5120K(393216K)] 431680K->170513K(917504K), 0.0006747 secs] [Times: user=0.00 sys=0.00, real=0.00 secs] 
182.645: [GC (Allocation Failure) [PSYoungGen: 235562K->57344K(393216K)] 400956K->222737K(917504K), 0.0049267 secs] [Times: user=0.00 sys=0.00, real=0.01 secs] 
184.067: [GC (Allocation Failure) [PSYoungGen: 287790K->68608K(393216K)] 453183K->234001K(917504K), 0.0051447 secs] [Times: user=0.00 sys=0.00, real=0.00 secs] 
185.487: [GC (Allocation Failure) [PSYoungGen: 273456K->61440K(393216K)] 438849K->226833K(917504K), 0.0046748 secs] [Times: user=0.00 sys=0.00, real=0.00 secs] 
186.903: [GC (Allocation Failure) [PSYoungGen: 291886K->87040K(393216K)] 457279K->252433K(917504K), 0.0060759 secs] [Times: user=0.02 sys=0.00, real=0.01 secs] 
189.425: [GC (Allocation Failure) [PSYoungGen: 348208K->15360K(393216K)] 513602K->180753K(917504K), 0.0013007 secs] [Times: user=0.00 sys=0.00, real=0.00 secs] 
191.059: [GC (Allocation Failure) [PSYoungGen: 276532K->30720K(393216K)] 441926K->298513K(917504K), 0.0157507 secs] [Times: user=0.02 sys=0.00, real=0.01 secs] 
193.910: [GC (Allocation Failure) [PSYoungGen: 291895K->31776K(393216K)] 559689K->299569K(917504K), 0.0027614 secs] [Times: user=0.00 sys=0.00, real=0.00 secs] 
195.330: [GC (Allocation Failure) [PSYoungGen: 262233K->47200K(393216K)] 530026K->314993K(917504K), 0.0035353 secs] [Times: user=0.00 sys=0.00, real=0.00 secs] 
196.857: [GC (Allocation Failure) [PSYoungGen: 298151K->71712K(393216K)] 565945K->339505K(917504K), 0.0056111 secs] [Times: user=0.00 sys=0.00, real=0.01 secs] 
198.278: [GC (Allocation Failure) [PSYoungGen: 302178K->128032K(393216K)] 569972K->395825K(917504K), 0.0160825 secs] [Times: user=0.00 sys=0.00, real=0.02 secs] 
199.711: [GC (Allocation Failure) [PSYoungGen: 358493K->82016K(393216K)] 626286K->401009K(917504K), 0.0156125 secs] [Times: user=0.02 sys=0.00, real=0.02 secs] 
201.147: [GC (Allocation Failure) [PSYoungGen: 297230K->56384K(393216K)] 616223K->375377K(917504K), 0.0049376 secs] [Times: user=0.00 sys=0.00, real=0.00 secs] 
202.573: [GC (Allocation Failure) [PSYoungGen: 286749K->62560K(393216K)] 605743K->381553K(917504K), 0.0047040 secs] [Times: user=0.02 sys=0.00, real=0.00 secs] 
205.301: [GC (Allocation Failure) [PSYoungGen: 282741K->35872K(393216K)] 601734K->354865K(917504K), 0.0029742 secs] [Times: user=0.00 sys=0.00, real=0.00 secs] 
206.720: [GC (Allocation Failure) [PSYoungGen: 266302K->61536K(393216K)] 585296K->380529K(917504K), 0.0036842 secs] [Times: user=0.00 sys=0.00, real=0.00 secs] 
208.245: [GC (Allocation Failure) [PSYoungGen: 307342K->102464K(393216K)] 626336K->421457K(917504K), 0.0055637 secs] [Times: user=0.01 sys=0.00, real=0.01 secs] 
209.679: [GC (Allocation Failure) [PSYoungGen: 332914K->107552K(393216K)] 651907K->426545K(917504K), 0.0159689 secs] [Times: user=0.00 sys=0.00, real=0.02 secs] 
211.114: [GC (Allocation Failure) [PSYoungGen: 338002K->112672K(393216K)] 656996K->534065K(917504K), 0.0151972 secs] [Times: user=0.02 sys=0.00, real=0.02 secs] 
211.129: [Full GC (Ergonomics) [PSYoungGen: 112672K->0K(393216K)] [ParOldGen: 421393K->215569K(524288K)] 534065K->215569K(917504K), [Metaspace: 2796K->2796K(1056768K)], 0.0156440 secs] [Times: user=0.00 sys=0.00, real=0.02 secs] 
212.563: [GC (Allocation Failure) [PSYoungGen: 209971K->56320K(393216K)] 425541K->271889K(917504K), 0.0047670 secs] [Times: user=0.00 sys=0.00, real=0.01 secs] 
213.999: [GC (Allocation Failure) [PSYoungGen: 286751K->67584K(393216K)] 502321K->283153K(917504K), 0.0050546 secs] [Times: user=0.00 sys=0.00, real=0.00 secs] 
216.741: [GC (Allocation Failure) [PSYoungGen: 298014K->46080K(393216K)] 513584K->261649K(917504K), 0.0026055 secs] [Times: user=0.00 sys=0.00, real=0.00 secs] 
218.164: [GC (Allocation Failure) [PSYoungGen: 276518K->51200K(393216K)] 492088K->266769K(917504K), 0.0032927 secs] [Times: user=0.00 sys=0.00, real=0.00 secs] 
Heap
 PSYoungGen      total 393216K, used 235686K [0x00000000e0000000, 0x0000000100000000, 0x0000000100000000)
  eden space 262144K, 70% used [0x00000000e0000000,0x00000000eb4299b0,0x00000000f0000000)
  from space 131072K, 39% used [0x00000000f8000000,0x00000000fb200040,0x0000000100000000)
  to   space 131072K, 0% used [0x00000000f0000000,0x00000000f0000000,0x00000000f8000000)
 ParOldGen       total 524288K, used 215569K [0x00000000c0000000, 0x00000000e0000000, 0x00000000e0000000)
  object space 524288K, 41% used [0x00000000c0000000,0x00000000cd284730,0x00000000e0000000)
 Metaspace       used 2804K, capacity 4486K, committed 4864K, reserved 1056768K
  class space    used 297K, capacity 386K, committed 512K, reserved 1048576K
