Java HotSpot(TM) 64-Bit Server VM (25.411-b09) for windows-amd64 JRE (1.8.0_411-b09), built on Mar 13 2024 07:26:13 by "java_re" with MS VC++ 17.1 (VS2022)
Memory: 4k page, physical 33403376k(14835748k free), swap 38794768k(7639504k free)
CommandLine flags: -XX:InitialHeapSize=1073741824 -XX:MaxHeapSize=1073741824 -XX:NewRatio=8 -XX:ParallelGCThreads=6 -XX:+PrintGC -XX:+PrintGCDetails -XX:+PrintGCTimeStamps -XX:SurvivorRatio=12 -XX:-UseAdaptiveSizePolicy -XX:+UseCompressedClassPointers -XX:+UseCompressedOops -XX:-UseLargePagesIndividualAllocation -XX:+UseParallelGC 
2.193: [GC (Allocation Failure) [PSYoungGen: 99225K->6808K(108032K)] 252825K->165536K(1040384K), 0.0027970 secs] [Times: user=0.00 sys=0.02, real=0.00 secs] 
4.641: [GC (Allocation Failure) [PSYoungGen: 103013K->1592K(108032K)] 415341K->313920K(1040384K), 0.0010587 secs] [Times: user=0.00 sys=0.00, real=0.00 secs] 
6.542: [GC (Allocation Failure) [PSYoungGen: 96773K->5704K(108032K)] 562701K->492112K(1040384K), 0.0046725 secs] [Times: user=0.00 sys=0.00, real=0.00 secs] 
9.151: [GC (Allocation Failure) [PSYoungGen: 103931K->5720K(108032K)] 897539K->799336K(1040384K), 0.0022722 secs] [Times: user=0.00 sys=0.00, real=0.00 secs] 
10.147: [GC (Allocation Failure) [PSYoungGen: 74277K->5784K(108032K)] 919093K->850600K(1040384K), 0.0023666 secs] [Times: user=0.00 sys=0.00, real=0.00 secs] 
10.150: [GC (Allocation Failure) [PSYoungGen: 5784K->5752K(108032K)] 850600K->850568K(1040384K), 0.0017938 secs] [Times: user=0.00 sys=0.00, real=0.00 secs] 
10.152: [Full GC (Allocation Failure) [PSYoungGen: 5752K->0K(108032K)] [ParOldGen: 844816K->108048K(932352K)] 850568K->108048K(1040384K), [Metaspace: 2761K->2761K(1056768K)], 0.0172964 secs] [Times: user=0.00 sys=0.00, real=0.02 secs] 
12.687: [GC (Allocation Failure) [PSYoungGen: 96205K->5120K(108032K)] 460254K->379408K(1040384K), 0.0017966 secs] [Times: user=0.00 sys=0.00, real=0.00 secs] 
13.556: [GC (Allocation Failure) [PSYoungGen: 100949K->6176K(108032K)] 577638K->487993K(1040384K), 0.0014256 secs] [Times: user=0.00 sys=0.00, real=0.00 secs] 
15.408: [GC (Allocation Failure) [PSYoungGen: 101357K->6176K(108032K)] 736774K->656953K(1040384K), 0.0022215 secs] [Times: user=0.00 sys=0.00, real=0.00 secs] 
17.594: [GC (Allocation Failure) [PSYoungGen: 101357K->6176K(108032K)] 905734K->831033K(1040384K), 0.0026972 secs] [Times: user=0.00 sys=0.00, real=0.00 secs] 
18.702: [GC (Allocation Failure) [PSYoungGen: 79853K->5184K(108032K)] 955910K->886361K(1040384K), 0.0024794 secs] [Times: user=0.00 sys=0.00, real=0.00 secs] 
18.705: [GC (Allocation Failure) [PSYoungGen: 5184K->5152K(108032K)] 886361K->886329K(1040384K), 0.0014056 secs] [Times: user=0.00 sys=0.00, real=0.00 secs] 
18.706: [Full GC (Allocation Failure) [PSYoungGen: 5152K->0K(108032K)] [ParOldGen: 881177K->82449K(932352K)] 886329K->82449K(1040384K), [Metaspace: 2770K->2770K(1056768K)], 0.0080787 secs] [Times: user=0.00 sys=0.00, real=0.01 secs] 
20.908: [GC (Allocation Failure) [PSYoungGen: 97229K->5120K(108032K)] 384478K->292369K(1040384K), 0.0008474 secs] [Times: user=0.00 sys=0.00, real=0.00 secs] 
22.652: [GC (Allocation Failure) [PSYoungGen: 100301K->6144K(108032K)] 541150K->462353K(1040384K), 0.0018518 secs] [Times: user=0.00 sys=0.00, real=0.00 secs] 
23.963: [GC (Allocation Failure) [PSYoungGen: 96204K->5120K(108032K)] 654814K->563729K(1040384K), 0.0012817 secs] [Times: user=0.00 sys=0.00, real=0.00 secs] 
24.730: [GC (Allocation Failure) [PSYoungGen: 100300K->1024K(108032K)] 761310K->672273K(1040384K), 0.0015304 secs] [Times: user=0.00 sys=0.00, real=0.00 secs] 
26.589: [GC (Allocation Failure) [PSYoungGen: 96205K->5120K(108032K)] 921054K->850449K(1040384K), 0.0024378 secs] [Times: user=0.00 sys=0.00, real=0.00 secs] 
28.444: [GC (Allocation Failure) [PSYoungGen: 104818K->5184K(108032K)] 950148K->860761K(1040384K), 0.0016467 secs] [Times: user=0.00 sys=0.00, real=0.00 secs] 
28.662: [GC (Allocation Failure) --[PSYoungGen: 78851K->78851K(108032K)] 934428K->985636K(1040384K), 0.0161920 secs] [Times: user=0.02 sys=0.00, real=0.02 secs] 
28.678: [Full GC (Ergonomics) [PSYoungGen: 78851K->0K(108032K)] [ParOldGen: 906785K->56849K(932352K)] 985636K->56849K(1040384K), [Metaspace: 2793K->2793K(1056768K)], 0.0062224 secs] [Times: user=0.00 sys=0.00, real=0.01 secs] 
30.861: [GC (Allocation Failure) [PSYoungGen: 97203K->5120K(108032K)] 410053K->323089K(1040384K), 0.0010375 secs] [Times: user=0.00 sys=0.00, real=0.00 secs] 
33.591: [GC (Allocation Failure) [PSYoungGen: 102332K->7168K(108032K)] 676302K->586257K(1040384K), 0.0014762 secs] [Times: user=0.00 sys=0.00, real=0.00 secs] 
35.557: [GC (Allocation Failure) [PSYoungGen: 92098K->0K(108032K)] 824787K->753169K(1040384K), 0.0018188 secs] [Times: user=0.00 sys=0.00, real=0.00 secs] 
36.538: [GC (Allocation Failure) [PSYoungGen: 95174K->5120K(108032K)] 950743K->865809K(1040384K), 0.0016750 secs] [Times: user=0.00 sys=0.00, real=0.00 secs] 
37.195: [Full GC (Ergonomics) [PSYoungGen: 58312K->0K(108032K)] [ParOldGen: 911889K->87569K(932352K)] 970201K->87569K(1040384K), [Metaspace: 2793K->2793K(1056768K)], 0.0077875 secs] [Times: user=0.00 sys=0.00, real=0.01 secs] 
39.613: [GC (Allocation Failure) [PSYoungGen: 95178K->5120K(108032K)] 336347K->251409K(1040384K), 0.0011983 secs] [Times: user=0.00 sys=0.00, real=0.00 secs] 
40.375: [GC (Allocation Failure) [PSYoungGen: 100299K->6144K(108032K)] 448988K->354833K(1040384K), 0.0008854 secs] [Times: user=0.00 sys=0.00, real=0.00 secs] 
42.228: [GC (Allocation Failure) [PSYoungGen: 101323K->6144K(108032K)] 603613K->518673K(1040384K), 0.0014190 secs] [Times: user=0.00 sys=0.00, real=0.00 secs] 
44.848: [GC (Allocation Failure) [PSYoungGen: 103372K->6144K(108032K)] 769501K->687633K(1040384K), 0.0019607 secs] [Times: user=0.00 sys=0.00, real=0.00 secs] 
46.921: [GC (Allocation Failure) [PSYoungGen: 91084K->0K(108032K)] 926174K->845329K(1040384K), 0.0014622 secs] [Times: user=0.00 sys=0.00, real=0.00 secs] 
47.137: [GC (Allocation Failure) [PSYoungGen: 73676K->0K(108032K)] 919006K->917009K(1040384K), 0.0062247 secs] [Times: user=0.00 sys=0.00, real=0.01 secs] 
47.144: [Full GC (Ergonomics) [PSYoungGen: 0K->0K(108032K)] [ParOldGen: 917009K->72209K(932352K)] 917009K->72209K(1040384K), [Metaspace: 2795K->2795K(1056768K)], 0.0067001 secs] [Times: user=0.02 sys=0.00, real=0.01 secs] 
49.340: [GC (Allocation Failure) [PSYoungGen: 97219K->5120K(108032K)] 425429K->343569K(1040384K), 0.0012432 secs] [Times: user=0.00 sys=0.00, real=0.00 secs] 
51.198: [GC (Allocation Failure) [PSYoungGen: 94150K->5120K(108032K)] 586200K->507409K(1040384K), 0.0016629 secs] [Times: user=0.00 sys=0.00, real=0.00 secs] 
52.176: [GC (Allocation Failure) [PSYoungGen: 100296K->6144K(108032K)] 704986K->615953K(1040384K), 0.0019449 secs] [Times: user=0.00 sys=0.00, real=0.00 secs] 
54.580: [GC (Allocation Failure) [PSYoungGen: 102346K->1024K(108032K)] 865756K->764433K(1040384K), 0.0013773 secs] [Times: user=0.00 sys=0.00, real=0.00 secs] 
56.439: [Full GC (Ergonomics) [PSYoungGen: 96203K->0K(108032K)] [ParOldGen: 917009K->26624K(932352K)] 1013212K->26624K(1040384K), [Metaspace: 2796K->2796K(1056768K)], 0.0043309 secs] [Times: user=0.00 sys=0.00, real=0.00 secs] 
58.953: [GC (Allocation Failure) [PSYoungGen: 97227K->5120K(108032K)] 431052K->338944K(1040384K), 0.0012023 secs] [Times: user=0.00 sys=0.00, real=0.00 secs] 
60.807: [GC (Allocation Failure) [PSYoungGen: 100300K->5120K(108032K)] 587724K->502784K(1040384K), 0.0015345 secs] [Times: user=0.00 sys=0.00, real=0.00 secs] 
62.117: [GC (Allocation Failure) [PSYoungGen: 104396K->1024K(108032K)] 704460K->601088K(1040384K), 0.0022487 secs] [Times: user=0.00 sys=0.00, real=0.00 secs] 
63.860: [GC (Allocation Failure) [PSYoungGen: 96204K->6144K(108032K)] 849868K->780288K(1040384K), 0.0026248 secs] [Times: user=0.00 sys=0.00, real=0.00 secs] 
64.732: [GC (Allocation Failure) [PSYoungGen: 101324K->6144K(108032K)] 977869K->892928K(1040384K), 0.0023122 secs] [Times: user=0.00 sys=0.00, real=0.00 secs] 
64.734: [Full GC (Ergonomics) [PSYoungGen: 6144K->0K(108032K)] [ParOldGen: 886784K->27153K(932352K)] 892928K->27153K(1040384K), [Metaspace: 2796K->2796K(1056768K)], 0.0041985 secs] [Times: user=0.00 sys=0.00, real=0.00 secs] 
66.811: [GC (Allocation Failure) [PSYoungGen: 94156K->5120K(108032K)] 121310K->42513K(1040384K), 0.0013524 secs] [Times: user=0.00 sys=0.00, real=0.00 secs] 
67.795: [GC (Allocation Failure) [PSYoungGen: 100286K->5120K(108032K)] 240079K->175633K(1040384K), 0.0031541 secs] [Times: user=0.00 sys=0.00, real=0.00 secs] 
70.630: [GC (Allocation Failure) [PSYoungGen: 102339K->5120K(108032K)] 580052K->482833K(1040384K), 0.0010315 secs] [Times: user=0.00 sys=0.00, real=0.00 secs] 
72.375: [GC (Allocation Failure) [PSYoungGen: 100294K->6144K(108032K)] 731608K->652817K(1040384K), 0.0018888 secs] [Times: user=0.00 sys=0.00, real=0.00 secs] 
73.684: [GC (Allocation Failure) [PSYoungGen: 96200K->5120K(108032K)] 845274K->754193K(1040384K), 0.0019438 secs] [Times: user=0.00 sys=0.00, real=0.00 secs] 
74.451: [GC (Allocation Failure) [PSYoungGen: 100298K->1024K(108032K)] 951771K->862737K(1040384K), 0.0017983 secs] [Times: user=0.00 sys=0.00, real=0.00 secs] 
75.541: [Full GC (Ergonomics) [PSYoungGen: 74699K->0K(108032K)] [ParOldGen: 912913K->77329K(932352K)] 987612K->77329K(1040384K), [Metaspace: 2796K->2796K(1056768K)], 0.0072555 secs] [Times: user=0.00 sys=0.00, real=0.01 secs] 
77.850: [GC (Allocation Failure) [PSYoungGen: 95179K->5120K(108032K)] 274909K->189969K(1040384K), 0.0009460 secs] [Times: user=0.00 sys=0.00, real=0.00 secs] 
78.610: [GC (Allocation Failure) [PSYoungGen: 104396K->1024K(108032K)] 391645K->339473K(1040384K), 0.0045381 secs] [Times: user=0.00 sys=0.00, real=0.00 secs] 
80.577: [GC (Allocation Failure) [PSYoungGen: 97228K->5120K(108032K)] 589278K->502289K(1040384K), 0.0011014 secs] [Times: user=0.00 sys=0.00, real=0.00 secs] 
83.299: [GC (Allocation Failure) [PSYoungGen: 102348K->7168K(108032K)] 855518K->765457K(1040384K), 0.0014715 secs] [Times: user=0.00 sys=0.00, real=0.00 secs] 
85.259: [Full GC (Ergonomics) [PSYoungGen: 92108K->0K(108032K)] [ParOldGen: 911889K->11264K(932352K)] 1003998K->11264K(1040384K), [Metaspace: 2796K->2796K(1056768K)], 0.0032074 secs] [Times: user=0.00 sys=0.00, real=0.00 secs] 
86.242: [GC (Allocation Failure) [PSYoungGen: 95180K->5120K(108032K)] 208844K->123904K(1040384K), 0.0009659 secs] [Times: user=0.00 sys=0.00, real=0.00 secs] 
87.984: [GC (Allocation Failure) [PSYoungGen: 100300K->5120K(108032K)] 372685K->313344K(1040384K), 0.0029966 secs] [Times: user=0.00 sys=0.00, real=0.00 secs] 
89.180: [GC (Allocation Failure) [PSYoungGen: 104396K->5120K(108032K)] 412620K->318464K(1040384K), 0.0017008 secs] [Times: user=0.00 sys=0.00, real=0.00 secs] 
89.941: [GC (Allocation Failure) [PSYoungGen: 104390K->6144K(108032K)] 520134K->421888K(1040384K), 0.0011041 secs] [Times: user=0.00 sys=0.00, real=0.00 secs] 
91.905: [GC (Allocation Failure) [PSYoungGen: 102344K->6144K(108032K)] 671688K->585728K(1040384K), 0.0020740 secs] [Times: user=0.00 sys=0.00, real=0.00 secs] 
94.525: [GC (Allocation Failure) [PSYoungGen: 103370K->6144K(108032K)] 836554K->754688K(1040384K), 0.0022965 secs] [Times: user=0.00 sys=0.00, real=0.00 secs] 
96.596: [Full GC (Ergonomics) [PSYoungGen: 91083K->0K(108032K)] [ParOldGen: 902144K->11264K(932352K)] 993227K->11264K(1040384K), [Metaspace: 2796K->2796K(1056768K)], 0.0030944 secs] [Times: user=0.00 sys=0.00, real=0.00 secs] 
97.578: [GC (Allocation Failure) [PSYoungGen: 95179K->5120K(108032K)] 208843K->144384K(1040384K), 0.0023432 secs] [Times: user=0.00 sys=0.00, real=0.00 secs] 
99.327: [GC (Allocation Failure) [PSYoungGen: 100300K->5120K(108032K)] 393164K->313344K(1040384K), 0.0018637 secs] [Times: user=0.00 sys=0.00, real=0.00 secs] 
100.641: [GC (Allocation Failure) [PSYoungGen: 104396K->5120K(108032K)] 515020K->420864K(1040384K), 0.0012211 secs] [Times: user=0.00 sys=0.00, real=0.00 secs] 
101.402: [GC (Allocation Failure) [PSYoungGen: 100300K->2048K(108032K)] 618444K->520192K(1040384K), 0.0014510 secs] [Times: user=0.00 sys=0.00, real=0.00 secs] 
103.254: [GC (Allocation Failure) [PSYoungGen: 97228K->7168K(108032K)] 768973K->684032K(1040384K), 0.0017587 secs] [Times: user=0.00 sys=0.00, real=0.00 secs] 
105.656: [GC (Allocation Failure) [PSYoungGen: 103372K->6144K(108032K)] 933837K->846848K(1040384K), 0.0026742 secs] [Times: user=0.00 sys=0.00, real=0.00 secs] 
106.745: [Full GC (Ergonomics) [PSYoungGen: 79820K->0K(108032K)] [ParOldGen: 891904K->92689K(932352K)] 971725K->92689K(1040384K), [Metaspace: 2796K->2796K(1056768K)], 0.0081381 secs] [Times: user=0.00 sys=0.00, real=0.01 secs] 
108.618: [GC (Allocation Failure) [PSYoungGen: 97228K->5120K(108032K)] 394718K->353809K(1040384K), 0.0048912 secs] [Times: user=0.00 sys=0.00, real=0.00 secs] 
110.476: [GC (Allocation Failure) [PSYoungGen: 100300K->5120K(108032K)] 602590K->517649K(1040384K), 0.0014392 secs] [Times: user=0.00 sys=0.00, real=0.00 secs] 
111.786: [GC (Allocation Failure) [PSYoungGen: 104396K->1024K(108032K)] 719326K->615953K(1040384K), 0.0011315 secs] [Times: user=0.00 sys=0.00, real=0.00 secs] 
113.531: [GC (Allocation Failure) [PSYoungGen: 96205K->6144K(108032K)] 864734K->795153K(1040384K), 0.0019696 secs] [Times: user=0.00 sys=0.00, real=0.00 secs] 
114.399: [Full GC (Ergonomics) [PSYoungGen: 101324K->0K(108032K)] [ParOldGen: 891409K->27153K(932352K)] 992734K->27153K(1040384K), [Metaspace: 2796K->2796K(1056768K)], 0.0043337 secs] [Times: user=0.00 sys=0.00, real=0.00 secs] 
116.471: [GC (Allocation Failure) [PSYoungGen: 94157K->5120K(108032K)] 121310K->42513K(1040384K), 0.0018127 secs] [Times: user=0.00 sys=0.00, real=0.00 secs] 
117.449: [GC (Allocation Failure) [PSYoungGen: 100293K->5120K(108032K)] 240087K->175633K(1040384K), 0.0026066 secs] [Times: user=0.00 sys=0.00, real=0.00 secs] 
120.285: [GC (Allocation Failure) [PSYoungGen: 102344K->5120K(108032K)] 580057K->482833K(1040384K), 0.0011250 secs] [Times: user=0.00 sys=0.00, real=0.00 secs] 
122.032: [GC (Allocation Failure) [PSYoungGen: 100297K->6144K(108032K)] 731611K->652817K(1040384K), 0.0018483 secs] [Times: user=0.00 sys=0.00, real=0.00 secs] 
123.343: [GC (Allocation Failure) [PSYoungGen: 96202K->5120K(108032K)] 845276K->754193K(1040384K), 0.0013394 secs] [Times: user=0.00 sys=0.00, real=0.00 secs] 
124.104: [GC (Allocation Failure) [PSYoungGen: 100299K->1024K(108032K)] 951773K->862737K(1040384K), 0.0022146 secs] [Times: user=0.00 sys=0.00, real=0.00 secs] 
125.195: [Full GC (Ergonomics) [PSYoungGen: 74700K->0K(108032K)] [ParOldGen: 912913K->77329K(932352K)] 987613K->77329K(1040384K), [Metaspace: 2796K->2796K(1056768K)], 0.0074107 secs] [Times: user=0.00 sys=0.00, real=0.01 secs] 
127.505: [GC (Allocation Failure) [PSYoungGen: 95180K->5120K(108032K)] 274909K->189969K(1040384K), 0.0011878 secs] [Times: user=0.00 sys=0.00, real=0.00 secs] 
128.266: [GC (Allocation Failure) [PSYoungGen: 104396K->1024K(108032K)] 391645K->339473K(1040384K), 0.0048057 secs] [Times: user=0.00 sys=0.00, real=0.00 secs] 
130.227: [GC (Allocation Failure) [PSYoungGen: 97228K->5120K(108032K)] 589278K->502289K(1040384K), 0.0016526 secs] [Times: user=0.00 sys=0.00, real=0.00 secs] 
132.953: [GC (Allocation Failure) [PSYoungGen: 102348K->7168K(108032K)] 855518K->765457K(1040384K), 0.0018598 secs] [Times: user=0.00 sys=0.00, real=0.00 secs] 
134.915: [Full GC (Ergonomics) [PSYoungGen: 92108K->0K(108032K)] [ParOldGen: 911889K->11264K(932352K)] 1003998K->11264K(1040384K), [Metaspace: 2796K->2796K(1056768K)], 0.0032468 secs] [Times: user=0.00 sys=0.00, real=0.00 secs] 
135.895: [GC (Allocation Failure) [PSYoungGen: 95180K->5120K(108032K)] 208844K->123904K(1040384K), 0.0009764 secs] [Times: user=0.00 sys=0.00, real=0.00 secs] 
137.641: [GC (Allocation Failure) [PSYoungGen: 100300K->5120K(108032K)] 372685K->308224K(1040384K), 0.0029355 secs] [Times: user=0.00 sys=0.00, real=0.00 secs] 
138.840: [GC (Allocation Failure) [PSYoungGen: 104396K->5120K(108032K)] 407500K->313344K(1040384K), 0.0012985 secs] [Times: user=0.00 sys=0.00, real=0.00 secs] 
139.604: [GC (Allocation Failure) [PSYoungGen: 104390K->6144K(108032K)] 515014K->416768K(1040384K), 0.0011349 secs] [Times: user=0.00 sys=0.00, real=0.00 secs] 
141.566: [GC (Allocation Failure) [PSYoungGen: 102344K->6144K(108032K)] 666568K->580608K(1040384K), 0.0017165 secs] [Times: user=0.00 sys=0.00, real=0.00 secs] 
144.188: [GC (Allocation Failure) [PSYoungGen: 103370K->6144K(108032K)] 831434K->749568K(1040384K), 0.0023409 secs] [Times: user=0.00 sys=0.00, real=0.00 secs] 
146.258: [Full GC (Ergonomics) [PSYoungGen: 91083K->0K(108032K)] [ParOldGen: 897024K->11264K(932352K)] 988107K->11264K(1040384K), [Metaspace: 2796K->2796K(1056768K)], 0.0032567 secs] [Times: user=0.00 sys=0.00, real=0.00 secs] 
147.242: [GC (Allocation Failure) [PSYoungGen: 95179K->5120K(108032K)] 208843K->144384K(1040384K), 0.0023597 secs] [Times: user=0.00 sys=0.00, real=0.00 secs] 
148.988: [GC (Allocation Failure) [PSYoungGen: 100300K->5120K(108032K)] 393164K->308224K(1040384K), 0.0016901 secs] [Times: user=0.00 sys=0.00, real=0.00 secs] 
150.295: [GC (Allocation Failure) [PSYoungGen: 104396K->5120K(108032K)] 509900K->415744K(1040384K), 0.0021064 secs] [Times: user=0.00 sys=0.00, real=0.00 secs] 
151.059: [GC (Allocation Failure) [PSYoungGen: 100300K->2048K(108032K)] 613324K->515072K(1040384K), 0.0012645 secs] [Times: user=0.00 sys=0.00, real=0.00 secs] 
152.914: [GC (Allocation Failure) [PSYoungGen: 97228K->7168K(108032K)] 763853K->678912K(1040384K), 0.0020434 secs] [Times: user=0.00 sys=0.00, real=0.00 secs] 
155.315: [GC (Allocation Failure) [PSYoungGen: 103372K->6144K(108032K)] 928717K->841728K(1040384K), 0.0033700 secs] [Times: user=0.00 sys=0.00, real=0.00 secs] 
156.403: [Full GC (Ergonomics) [PSYoungGen: 79820K->0K(108032K)] [ParOldGen: 886784K->92689K(932352K)] 966605K->92689K(1040384K), [Metaspace: 2796K->2796K(1056768K)], 0.0084757 secs] [Times: user=0.00 sys=0.00, real=0.01 secs] 
158.270: [GC (Allocation Failure) [PSYoungGen: 97228K->5120K(108032K)] 394718K->353809K(1040384K), 0.0046165 secs] [Times: user=0.00 sys=0.00, real=0.00 secs] 
160.122: [GC (Allocation Failure) [PSYoungGen: 100300K->5120K(108032K)] 602590K->517649K(1040384K), 0.0014988 secs] [Times: user=0.00 sys=0.00, real=0.00 secs] 
161.433: [GC (Allocation Failure) [PSYoungGen: 104396K->1024K(108032K)] 719326K->615953K(1040384K), 0.0013411 secs] [Times: user=0.00 sys=0.00, real=0.00 secs] 
163.180: [GC (Allocation Failure) [PSYoungGen: 96205K->6144K(108032K)] 864734K->795153K(1040384K), 0.0019899 secs] [Times: user=0.00 sys=0.00, real=0.00 secs] 
164.054: [Full GC (Ergonomics) [PSYoungGen: 101324K->0K(108032K)] [ParOldGen: 891409K->27153K(932352K)] 992734K->27153K(1040384K), [Metaspace: 2796K->2796K(1056768K)], 0.0044845 secs] [Times: user=0.00 sys=0.00, real=0.00 secs] 
166.126: [GC (Allocation Failure) [PSYoungGen: 94157K->5120K(108032K)] 121310K->42513K(1040384K), 0.0015138 secs] [Times: user=0.00 sys=0.00, real=0.00 secs] 
167.109: [GC (Allocation Failure) [PSYoungGen: 100293K->5120K(108032K)] 240087K->175633K(1040384K), 0.0027324 secs] [Times: user=0.00 sys=0.00, real=0.00 secs] 
169.942: [GC (Allocation Failure) [PSYoungGen: 102344K->5120K(108032K)] 580057K->482833K(1040384K), 0.0011190 secs] [Times: user=0.00 sys=0.00, real=0.00 secs] 
171.686: [GC (Allocation Failure) [PSYoungGen: 100297K->6144K(108032K)] 731611K->652817K(1040384K), 0.0019815 secs] [Times: user=0.00 sys=0.00, real=0.00 secs] 
172.999: [GC (Allocation Failure) [PSYoungGen: 96202K->5120K(108032K)] 845276K->754193K(1040384K), 0.0019449 secs] [Times: user=0.00 sys=0.00, real=0.00 secs] 
173.762: [GC (Allocation Failure) [PSYoungGen: 100299K->1024K(108032K)] 951773K->862737K(1040384K), 0.0017748 secs] [Times: user=0.00 sys=0.00, real=0.00 secs] 
174.855: [Full GC (Ergonomics) [PSYoungGen: 74700K->0K(108032K)] [ParOldGen: 912913K->77329K(932352K)] 987613K->77329K(1040384K), [Metaspace: 2796K->2796K(1056768K)], 0.0073923 secs] [Times: user=0.00 sys=0.00, real=0.01 secs] 
177.163: [GC (Allocation Failure) [PSYoungGen: 95180K->5120K(108032K)] 274909K->189969K(1040384K), 0.0009190 secs] [Times: user=0.00 sys=0.00, real=0.00 secs] 
177.927: [GC (Allocation Failure) [PSYoungGen: 104396K->1024K(108032K)] 391645K->339473K(1040384K), 0.0045811 secs] [Times: user=0.00 sys=0.00, real=0.00 secs] 
179.895: [GC (Allocation Failure) [PSYoungGen: 97228K->5120K(108032K)] 589278K->502289K(1040384K), 0.0011601 secs] [Times: user=0.00 sys=0.00, real=0.00 secs] 
182.617: [GC (Allocation Failure) [PSYoungGen: 102348K->7168K(108032K)] 855518K->765457K(1040384K), 0.0015303 secs] [Times: user=0.00 sys=0.00, real=0.00 secs] 
184.583: [Full GC (Ergonomics) [PSYoungGen: 92108K->0K(108032K)] [ParOldGen: 911889K->11264K(932352K)] 1003998K->11264K(1040384K), [Metaspace: 2796K->2796K(1056768K)], 0.0030380 secs] [Times: user=0.00 sys=0.00, real=0.00 secs] 
185.565: [GC (Allocation Failure) [PSYoungGen: 95180K->5120K(108032K)] 208844K->123904K(1040384K), 0.0011793 secs] [Times: user=0.00 sys=0.00, real=0.00 secs] 
187.313: [GC (Allocation Failure) [PSYoungGen: 100300K->5120K(108032K)] 372685K->308224K(1040384K), 0.0027701 secs] [Times: user=0.00 sys=0.00, real=0.00 secs] 
188.509: [GC (Allocation Failure) [PSYoungGen: 104396K->5120K(108032K)] 407500K->313344K(1040384K), 0.0012275 secs] [Times: user=0.00 sys=0.00, real=0.00 secs] 
189.274: [GC (Allocation Failure) [PSYoungGen: 104390K->1024K(108032K)] 515014K->411648K(1040384K), 0.0009465 secs] [Times: user=0.00 sys=0.00, real=0.00 secs] 
191.238: [GC (Allocation Failure) [PSYoungGen: 97224K->6176K(108032K)] 661448K->575520K(1040384K), 0.0024841 secs] [Times: user=0.00 sys=0.00, real=0.00 secs] 
193.858: [GC (Allocation Failure) [PSYoungGen: 103402K->6176K(108032K)] 826346K->744480K(1040384K), 0.0023775 secs] [Times: user=0.00 sys=0.00, real=0.00 secs] 
195.928: [Full GC (Ergonomics) [PSYoungGen: 91115K->0K(108032K)] [ParOldGen: 891904K->11264K(932352K)] 983019K->11264K(1040384K), [Metaspace: 2796K->2796K(1056768K)], 0.0030775 secs] [Times: user=0.00 sys=0.00, real=0.00 secs] 
196.915: [GC (Allocation Failure) [PSYoungGen: 95179K->5120K(108032K)] 208844K->144384K(1040384K), 0.0026149 secs] [Times: user=0.00 sys=0.00, real=0.00 secs] 
198.663: [GC (Allocation Failure) [PSYoungGen: 100300K->5120K(108032K)] 393164K->313344K(1040384K), 0.0017382 secs] [Times: user=0.00 sys=0.00, real=0.00 secs] 
199.978: [GC (Allocation Failure) [PSYoungGen: 104396K->5120K(108032K)] 515020K->420864K(1040384K), 0.0012886 secs] [Times: user=0.00 sys=0.00, real=0.00 secs] 
200.741: [GC (Allocation Failure) [PSYoungGen: 100300K->2048K(108032K)] 618445K->520192K(1040384K), 0.0014586 secs] [Times: user=0.00 sys=0.00, real=0.00 secs] 
202.594: [GC (Allocation Failure) [PSYoungGen: 97228K->7168K(108032K)] 768973K->684032K(1040384K), 0.0015039 secs] [Times: user=0.00 sys=0.00, real=0.00 secs] 
204.995: [GC (Allocation Failure) [PSYoungGen: 103372K->6144K(108032K)] 933837K->846848K(1040384K), 0.0021188 secs] [Times: user=0.00 sys=0.00, real=0.00 secs] 
206.087: [Full GC (Ergonomics) [PSYoungGen: 79820K->0K(108032K)] [ParOldGen: 891904K->92689K(932352K)] 971725K->92689K(1040384K), [Metaspace: 2796K->2796K(1056768K)], 0.0083695 secs] [Times: user=0.00 sys=0.00, real=0.01 secs] 
207.957: [GC (Allocation Failure) [PSYoungGen: 97228K->5120K(108032K)] 394718K->353809K(1040384K), 0.0050722 secs] [Times: user=0.00 sys=0.00, real=0.00 secs] 
209.811: [GC (Allocation Failure) [PSYoungGen: 100300K->5120K(108032K)] 602590K->517649K(1040384K), 0.0014695 secs] [Times: user=0.00 sys=0.00, real=0.00 secs] 
211.119: [GC (Allocation Failure) [PSYoungGen: 104396K->1024K(108032K)] 719326K->615953K(1040384K), 0.0015824 secs] [Times: user=0.00 sys=0.00, real=0.00 secs] 
212.870: [GC (Allocation Failure) [PSYoungGen: 96205K->6144K(108032K)] 864734K->795154K(1040384K), 0.0019416 secs] [Times: user=0.00 sys=0.00, real=0.00 secs] 
213.743: [Full GC (Ergonomics) [PSYoungGen: 101324K->0K(108032K)] [ParOldGen: 891410K->27153K(932352K)] 992734K->27153K(1040384K), [Metaspace: 2796K->2796K(1056768K)], 0.0041573 secs] [Times: user=0.00 sys=0.00, real=0.00 secs] 
215.814: [GC (Allocation Failure) [PSYoungGen: 94157K->5120K(108032K)] 121310K->42513K(1040384K), 0.0014158 secs] [Times: user=0.00 sys=0.00, real=0.00 secs] 
216.795: [GC (Allocation Failure) [PSYoungGen: 100293K->5120K(108032K)] 240087K->175633K(1040384K), 0.0027483 secs] [Times: user=0.00 sys=0.00, real=0.00 secs] 
Heap
 PSYoungGen      total 108032K, used 81813K [0x00000000f8e80000, 0x0000000100000000, 0x0000000100000000)
  eden space 99840K, 76% used [0x00000000f8e80000,0x00000000fd9655c0,0x00000000ff000000)
  from space 8192K, 62% used [0x00000000ff000000,0x00000000ff500010,0x00000000ff800000)
  to   space 8192K, 0% used [0x00000000ff800000,0x00000000ff800000,0x0000000100000000)
 ParOldGen       total 932352K, used 324113K [0x00000000c0000000, 0x00000000f8e80000, 0x00000000f8e80000)
  object space 932352K, 34% used [0x00000000c0000000,0x00000000d3c847a0,0x00000000f8e80000)
 Metaspace       used 2804K, capacity 4486K, committed 4864K, reserved 1056768K
  class space    used 297K, capacity 386K, committed 512K, reserved 1048576K
