Java HotSpot(TM) 64-Bit Server VM (25.411-b09) for windows-amd64 JRE (1.8.0_411-b09), built on Mar 13 2024 07:26:13 by "java_re" with MS VC++ 17.1 (VS2022)
Memory: 4k page, physical 33403376k(14112528k free), swap 38794768k(6528444k free)
CommandLine flags: -XX:InitialHeapSize=1073741824 -XX:MaxHeapSize=1073741824 -XX:NewRatio=3 -XX:ParallelGCThreads=6 -XX:+PrintGC -XX:+PrintGCDetails -XX:+PrintGCTimeStamps -XX:SurvivorRatio=13 -XX:-UseAdaptiveSizePolicy -XX:+UseCompressedClassPointers -XX:+UseCompressedOops -XX:-UseLargePagesIndividualAllocation -XX:+UseParallelGC 
1.403: [GC (Allocation Failure) [PSYoungGen: 131973K->5840K(244736K)] 131973K->57048K(1031168K), 0.0157700 secs] [Times: user=0.00 sys=0.00, real=0.02 secs] 
2.728: [GC (Allocation Failure) [PSYoungGen: 184310K->11936K(244736K)] 235518K->83632K(1031168K), 0.0152017 secs] [Times: user=0.00 sys=0.00, real=0.02 secs] 
5.145: [GC (Allocation Failure) [PSYoungGen: 236526K->10912K(244736K)] 308222K->82608K(1031168K), 0.0017431 secs] [Times: user=0.00 sys=0.00, real=0.00 secs] 
6.453: [GC (Allocation Failure) [PSYoungGen: 235526K->16032K(244736K)] 307222K->97968K(1031168K), 0.0044992 secs] [Times: user=0.00 sys=0.00, real=0.00 secs] 
8.311: [GC (Allocation Failure) [PSYoungGen: 242942K->5792K(244736K)] 324878K->87736K(1031168K), 0.0008564 secs] [Times: user=0.00 sys=0.00, real=0.00 secs] 
9.620: [GC (Allocation Failure) [PSYoungGen: 225300K->15976K(244736K)] 307244K->149120K(1031168K), 0.0156940 secs] [Times: user=0.02 sys=0.00, real=0.02 secs] 
10.941: [GC (Allocation Failure) [PSYoungGen: 235494K->15992K(244736K)] 368638K->251536K(1031168K), 0.0332810 secs] [Times: user=0.02 sys=0.00, real=0.03 secs] 
12.497: [GC (Allocation Failure) [PSYoungGen: 235516K->15992K(244736K)] 471060K->251536K(1031168K), 0.0014810 secs] [Times: user=0.00 sys=0.00, real=0.00 secs] 
13.805: [GC (Allocation Failure) [PSYoungGen: 236998K->11864K(244736K)] 472542K->247416K(1031168K), 0.0014054 secs] [Times: user=0.00 sys=0.00, real=0.00 secs] 
15.115: [GC (Allocation Failure) [PSYoungGen: 236497K->17048K(244736K)] 472049K->262840K(1031168K), 0.0045538 secs] [Times: user=0.00 sys=0.00, real=0.00 secs] 
17.078: [GC (Allocation Failure) [PSYoungGen: 170010K->5752K(244736K)] 415802K->323224K(1031168K), 0.0311593 secs] [Times: user=0.03 sys=0.00, real=0.03 secs] 
18.421: [GC (Allocation Failure) [PSYoungGen: 184311K->10872K(244736K)] 501783K->348832K(1031168K), 0.0158211 secs] [Times: user=0.00 sys=0.00, real=0.01 secs] 
19.856: [GC (Allocation Failure) [PSYoungGen: 189415K->5752K(244736K)] 527375K->343712K(1031168K), 0.0015938 secs] [Times: user=0.00 sys=0.00, real=0.00 secs] 
21.166: [GC (Allocation Failure) [PSYoungGen: 215023K->15960K(244736K)] 552983K->456320K(1031168K), 0.0322639 secs] [Times: user=0.03 sys=0.00, real=0.03 secs] 
22.502: [GC (Allocation Failure) [PSYoungGen: 235479K->17016K(244736K)] 675839K->462496K(1031168K), 0.0025365 secs] [Times: user=0.00 sys=0.00, real=0.00 secs] 
24.030: [GC (Allocation Failure) [PSYoungGen: 231421K->10336K(244736K)] 676901K->466660K(1031168K), 0.0040365 secs] [Times: user=0.00 sys=0.00, real=0.00 secs] 
25.341: [GC (Allocation Failure) [PSYoungGen: 229864K->15488K(244736K)] 686189K->482052K(1031168K), 0.0043253 secs] [Times: user=0.00 sys=0.00, real=0.00 secs] 
26.652: [GC (Allocation Failure) [PSYoungGen: 235019K->15456K(244736K)] 701583K->492276K(1031168K), 0.0050891 secs] [Times: user=0.02 sys=0.00, real=0.00 secs] 
28.509: [GC (Allocation Failure) [PSYoungGen: 179629K->5216K(244736K)] 656450K->584444K(1031168K), 0.0198078 secs] [Times: user=0.00 sys=0.00, real=0.02 secs] 
29.845: [GC (Allocation Failure) [PSYoungGen: 183774K->10336K(244736K)] 763003K->610052K(1031168K), 0.0156281 secs] [Times: user=0.00 sys=0.00, real=0.01 secs] 
31.394: [GC (Allocation Failure) [PSYoungGen: 193998K->5184K(244736K)] 793715K->604900K(1031168K), 0.0016121 secs] [Times: user=0.00 sys=0.00, real=0.00 secs] 
32.701: [GC (Allocation Failure) [PSYoungGen: 183735K->6208K(244736K)] 783451K->626404K(1031168K), 0.0157894 secs] [Times: user=0.00 sys=0.00, real=0.02 secs] 
34.026: [GC (Allocation Failure) [PSYoungGen: 215484K->16480K(244736K)] 835680K->647940K(1031168K), 0.0044323 secs] [Times: user=0.02 sys=0.00, real=0.00 secs] 
35.559: [GC (Allocation Failure) [PSYoungGen: 241122K->10304K(244736K)] 872582K->662268K(1031168K), 0.0154237 secs] [Times: user=0.00 sys=0.00, real=0.01 secs] 
36.888: [GC (Allocation Failure) [PSYoungGen: 219591K->15392K(244736K)] 871556K->677596K(1031168K), 0.0045170 secs] [Times: user=0.00 sys=0.00, real=0.00 secs] 
38.199: [GC (Allocation Failure) [PSYoungGen: 234921K->15392K(244736K)] 897126K->703196K(1031168K), 0.0155905 secs] [Times: user=0.00 sys=0.00, real=0.02 secs] 
39.959: [GC (Allocation Failure) [PSYoungGen: 214444K->5152K(244736K)] 902248K->744156K(1031168K), 0.0160109 secs] [Times: user=0.00 sys=0.00, real=0.02 secs] 
39.975: [Full GC (Ergonomics) [PSYoungGen: 5152K->0K(244736K)] [ParOldGen: 739004K->56849K(786432K)] 744156K->56849K(1031168K), [Metaspace: 2793K->2793K(1056768K)], 0.0126346 secs] [Times: user=0.00 sys=0.00, real=0.01 secs] 
41.300: [GC (Allocation Failure) [PSYoungGen: 178571K->5120K(244736K)] 235421K->184849K(1031168K), 0.0154785 secs] [Times: user=0.00 sys=0.00, real=0.02 secs] 
43.827: [GC (Allocation Failure) [PSYoungGen: 224631K->6144K(244736K)] 404360K->185873K(1031168K), 0.0007912 secs] [Times: user=0.00 sys=0.00, real=0.00 secs] 
45.132: [GC (Allocation Failure) [PSYoungGen: 230783K->11264K(244736K)] 410513K->201233K(1031168K), 0.0018171 secs] [Times: user=0.00 sys=0.00, real=0.00 secs] 
46.879: [GC (Allocation Failure) [PSYoungGen: 235924K->10240K(244736K)] 425894K->200209K(1031168K), 0.0010954 secs] [Times: user=0.00 sys=0.00, real=0.00 secs] 
48.188: [GC (Allocation Failure) [PSYoungGen: 229779K->15360K(244736K)] 419748K->225809K(1031168K), 0.0030839 secs] [Times: user=0.00 sys=0.00, real=0.00 secs] 
49.498: [GC (Allocation Failure) [PSYoungGen: 234898K->15360K(244736K)] 445347K->277009K(1031168K), 0.0051605 secs] [Times: user=0.00 sys=0.00, real=0.01 secs] 
51.025: [GC (Allocation Failure) [PSYoungGen: 240017K->15360K(244736K)] 501666K->277009K(1031168K), 0.0014674 secs] [Times: user=0.00 sys=0.00, real=0.00 secs] 
52.335: [GC (Allocation Failure) [PSYoungGen: 234897K->16384K(244736K)] 496546K->278033K(1031168K), 0.0013290 secs] [Times: user=0.00 sys=0.00, real=0.00 secs] 
53.645: [GC (Allocation Failure) [PSYoungGen: 241026K->12288K(244736K)] 502675K->279057K(1031168K), 0.0015504 secs] [Times: user=0.00 sys=0.00, real=0.00 secs] 
55.610: [GC (Allocation Failure) [PSYoungGen: 155015K->15360K(244736K)] 421785K->333329K(1031168K), 0.0052867 secs] [Times: user=0.00 sys=0.00, real=0.01 secs] 
56.938: [GC (Allocation Failure) [PSYoungGen: 193921K->15360K(244736K)] 511890K->379409K(1031168K), 0.0039328 secs] [Times: user=0.00 sys=0.00, real=0.00 secs] 
58.356: [GC (Allocation Failure) [PSYoungGen: 209273K->0K(244736K)] 573322K->384529K(1031168K), 0.0021316 secs] [Times: user=0.00 sys=0.00, real=0.00 secs] 
59.663: [GC (Allocation Failure) [PSYoungGen: 209279K->15360K(244736K)] 593808K->451089K(1031168K), 0.0054534 secs] [Times: user=0.00 sys=0.00, real=0.01 secs] 
60.976: [GC (Allocation Failure) [PSYoungGen: 234884K->15360K(244736K)] 670613K->558609K(1031168K), 0.0158147 secs] [Times: user=0.00 sys=0.00, real=0.02 secs] 
62.524: [GC (Allocation Failure) [PSYoungGen: 234888K->15360K(244736K)] 778138K->558609K(1031168K), 0.0016429 secs] [Times: user=0.00 sys=0.00, real=0.00 secs] 
63.828: [GC (Allocation Failure) [PSYoungGen: 234891K->16384K(244736K)] 778140K->569873K(1031168K), 0.0020302 secs] [Times: user=0.00 sys=0.00, real=0.00 secs] 
65.141: [GC (Allocation Failure) [PSYoungGen: 235909K->16384K(244736K)] 789399K->569873K(1031168K), 0.0015373 secs] [Times: user=0.00 sys=0.00, real=0.00 secs] 
66.996: [GC (Allocation Failure) [PSYoungGen: 164233K->5120K(244736K)] 717723K->630289K(1031168K), 0.0057844 secs] [Times: user=0.00 sys=0.00, real=0.01 secs] 
68.306: [GC (Allocation Failure) [PSYoungGen: 183683K->10240K(244736K)] 808852K->655889K(1031168K), 0.0026830 secs] [Times: user=0.00 sys=0.00, real=0.00 secs] 
69.724: [GC (Allocation Failure) [PSYoungGen: 188785K->5120K(244736K)] 834435K->650769K(1031168K), 0.0018181 secs] [Times: user=0.00 sys=0.00, real=0.00 secs] 
71.028: [GC (Allocation Failure) [PSYoungGen: 214392K->15360K(244736K)] 860042K->763409K(1031168K), 0.0154863 secs] [Times: user=0.01 sys=0.00, real=0.02 secs] 
71.044: [Full GC (Ergonomics) [PSYoungGen: 15360K->0K(244736K)] [ParOldGen: 748049K->118289K(786432K)] 763409K->118289K(1031168K), [Metaspace: 2796K->2796K(1056768K)], 0.0097062 secs] [Times: user=0.00 sys=0.00, real=0.01 secs] 
72.366: [GC (Allocation Failure) [PSYoungGen: 219520K->16384K(244736K)] 337809K->134673K(1031168K), 0.0015755 secs] [Times: user=0.00 sys=0.00, real=0.00 secs] 
73.894: [GC (Allocation Failure) [PSYoungGen: 230774K->10240K(244736K)] 349064K->138769K(1031168K), 0.0016078 secs] [Times: user=0.00 sys=0.00, real=0.00 secs] 
75.202: [GC (Allocation Failure) [PSYoungGen: 229759K->15360K(244736K)] 358288K->143889K(1031168K), 0.0014874 secs] [Times: user=0.00 sys=0.00, real=0.00 secs] 
76.510: [GC (Allocation Failure) [PSYoungGen: 234885K->15360K(244736K)] 363414K->154129K(1031168K), 0.0018520 secs] [Times: user=0.00 sys=0.00, real=0.00 secs] 
78.364: [GC (Allocation Failure) [PSYoungGen: 178569K->5120K(244736K)] 317338K->246289K(1031168K), 0.0058953 secs] [Times: user=0.00 sys=0.00, real=0.01 secs] 
79.688: [GC (Allocation Failure) [PSYoungGen: 183685K->10240K(244736K)] 424855K->271889K(1031168K), 0.0026049 secs] [Times: user=0.00 sys=0.00, real=0.00 secs] 
81.213: [GC (Allocation Failure) [PSYoungGen: 193907K->5120K(244736K)] 455556K->266769K(1031168K), 0.0008212 secs] [Times: user=0.00 sys=0.00, real=0.00 secs] 
82.522: [GC (Allocation Failure) [PSYoungGen: 183674K->6144K(244736K)] 445323K->288273K(1031168K), 0.0025597 secs] [Times: user=0.00 sys=0.00, real=0.00 secs] 
83.834: [GC (Allocation Failure) [PSYoungGen: 215421K->16384K(244736K)] 497551K->309777K(1031168K), 0.0020831 secs] [Times: user=0.00 sys=0.00, real=0.00 secs] 
85.359: [GC (Allocation Failure) [PSYoungGen: 241027K->10240K(244736K)] 534421K->324113K(1031168K), 0.0025751 secs] [Times: user=0.00 sys=0.00, real=0.00 secs] 
86.674: [GC (Allocation Failure) [PSYoungGen: 219528K->15360K(244736K)] 533401K->339473K(1031168K), 0.0021662 secs] [Times: user=0.00 sys=0.00, real=0.00 secs] 
87.985: [GC (Allocation Failure) [PSYoungGen: 234890K->15360K(244736K)] 559003K->375313K(1031168K), 0.0037553 secs] [Times: user=0.00 sys=0.00, real=0.00 secs] 
89.728: [GC (Allocation Failure) [PSYoungGen: 214412K->5120K(244736K)] 574366K->416273K(1031168K), 0.0048627 secs] [Times: user=0.00 sys=0.00, real=0.00 secs] 
91.038: [GC (Allocation Failure) [PSYoungGen: 183691K->10240K(244736K)] 594845K->544273K(1031168K), 0.0153035 secs] [Times: user=0.00 sys=0.00, real=0.02 secs] 
93.554: [GC (Allocation Failure) [PSYoungGen: 229751K->6144K(244736K)] 763784K->540177K(1031168K), 0.0011652 secs] [Times: user=0.00 sys=0.00, real=0.00 secs] 
94.858: [GC (Allocation Failure) [PSYoungGen: 230784K->16384K(244736K)] 764817K->555537K(1031168K), 0.0017684 secs] [Times: user=0.00 sys=0.00, real=0.00 secs] 
96.605: [GC (Allocation Failure) [PSYoungGen: 241044K->10240K(244736K)] 780198K->549393K(1031168K), 0.0017500 secs] [Times: user=0.00 sys=0.00, real=0.00 secs] 
97.914: [GC (Allocation Failure) [PSYoungGen: 229779K->15360K(244736K)] 768933K->574993K(1031168K), 0.0027129 secs] [Times: user=0.00 sys=0.00, real=0.00 secs] 
99.221: [GC (Allocation Failure) [PSYoungGen: 234898K->15360K(244736K)] 794532K->626193K(1031168K), 0.0053171 secs] [Times: user=0.00 sys=0.00, real=0.00 secs] 
100.749: [GC (Allocation Failure) [PSYoungGen: 240017K->15360K(244736K)] 850851K->626193K(1031168K), 0.0015394 secs] [Times: user=0.02 sys=0.00, real=0.00 secs] 
102.056: [GC (Allocation Failure) [PSYoungGen: 234897K->16384K(244736K)] 845731K->627217K(1031168K), 0.0016228 secs] [Times: user=0.00 sys=0.00, real=0.00 secs] 
103.366: [GC (Allocation Failure) [PSYoungGen: 241026K->16384K(244736K)] 851859K->628241K(1031168K), 0.0014853 secs] [Times: user=0.00 sys=0.00, real=0.00 secs] 
105.331: [GC (Allocation Failure) [PSYoungGen: 159111K->15360K(244736K)] 770969K->678417K(1031168K), 0.0053245 secs] [Times: user=0.00 sys=0.00, real=0.01 secs] 
106.653: [GC (Allocation Failure) [PSYoungGen: 193921K->15360K(244736K)] 856978K->724497K(1031168K), 0.0036447 secs] [Times: user=0.02 sys=0.00, real=0.00 secs] 
106.656: [Full GC (Ergonomics) [PSYoungGen: 15360K->0K(244736K)] [ParOldGen: 709137K->41489K(786432K)] 724497K->41489K(1031168K), [Metaspace: 2796K->2796K(1056768K)], 0.0055295 secs] [Times: user=0.00 sys=0.00, real=0.01 secs] 
108.087: [GC (Allocation Failure) [PSYoungGen: 193913K->0K(244736K)] 235402K->61969K(1031168K), 0.0020257 secs] [Times: user=0.00 sys=0.00, real=0.00 secs] 
109.392: [GC (Allocation Failure) [PSYoungGen: 209262K->15360K(244736K)] 271231K->128529K(1031168K), 0.0055641 secs] [Times: user=0.00 sys=0.00, real=0.00 secs] 
110.701: [GC (Allocation Failure) [PSYoungGen: 234873K->10240K(244736K)] 348042K->236049K(1031168K), 0.0157665 secs] [Times: user=0.02 sys=0.00, real=0.02 secs] 
112.243: [GC (Allocation Failure) [PSYoungGen: 229761K->15360K(244736K)] 455571K->241169K(1031168K), 0.0015643 secs] [Times: user=0.00 sys=0.00, real=0.00 secs] 
113.553: [GC (Allocation Failure) [PSYoungGen: 234886K->16384K(244736K)] 460696K->252433K(1031168K), 0.0017188 secs] [Times: user=0.00 sys=0.00, real=0.00 secs] 
114.860: [GC (Allocation Failure) [PSYoungGen: 235906K->16384K(244736K)] 471956K->252433K(1031168K), 0.0014050 secs] [Times: user=0.00 sys=0.00, real=0.00 secs] 
116.711: [GC (Allocation Failure) [PSYoungGen: 164231K->5120K(244736K)] 400281K->312849K(1031168K), 0.0052704 secs] [Times: user=0.00 sys=0.00, real=0.01 secs] 
118.037: [GC (Allocation Failure) [PSYoungGen: 183682K->10240K(244736K)] 491411K->338449K(1031168K), 0.0027099 secs] [Times: user=0.00 sys=0.00, real=0.00 secs] 
119.457: [GC (Allocation Failure) [PSYoungGen: 188784K->5120K(244736K)] 516994K->333329K(1031168K), 0.0009308 secs] [Times: user=0.00 sys=0.00, real=0.00 secs] 
120.762: [GC (Allocation Failure) [PSYoungGen: 214391K->15360K(244736K)] 542601K->445969K(1031168K), 0.0160714 secs] [Times: user=0.02 sys=0.00, real=0.02 secs] 
122.083: [GC (Allocation Failure) [PSYoungGen: 234879K->11264K(244736K)] 665489K->452113K(1031168K), 0.0017911 secs] [Times: user=0.00 sys=0.00, real=0.00 secs] 
123.611: [GC (Allocation Failure) [PSYoungGen: 225669K->10240K(244736K)] 666519K->461329K(1031168K), 0.0017052 secs] [Times: user=0.00 sys=0.00, real=0.00 secs] 
124.919: [GC (Allocation Failure) [PSYoungGen: 229768K->15360K(244736K)] 680858K->476689K(1031168K), 0.0020437 secs] [Times: user=0.00 sys=0.00, real=0.00 secs] 
126.228: [GC (Allocation Failure) [PSYoungGen: 234891K->15360K(244736K)] 696221K->497169K(1031168K), 0.0027977 secs] [Times: user=0.00 sys=0.00, real=0.00 secs] 
128.081: [GC (Allocation Failure) [PSYoungGen: 178573K->5120K(244736K)] 660382K->589329K(1031168K), 0.0055271 secs] [Times: user=0.00 sys=0.00, real=0.00 secs] 
129.406: [GC (Allocation Failure) [PSYoungGen: 183688K->10240K(244736K)] 767897K->614929K(1031168K), 0.0026019 secs] [Times: user=0.00 sys=0.00, real=0.00 secs] 
130.937: [GC (Allocation Failure) [PSYoungGen: 193908K->5120K(244736K)] 798598K->609809K(1031168K), 0.0016124 secs] [Times: user=0.00 sys=0.00, real=0.00 secs] 
132.248: [GC (Allocation Failure) [PSYoungGen: 183675K->6144K(244736K)] 788364K->631313K(1031168K), 0.0025537 secs] [Times: user=0.01 sys=0.00, real=0.00 secs] 
133.555: [GC (Allocation Failure) [PSYoungGen: 215422K->16384K(244736K)] 840592K->652817K(1031168K), 0.0023039 secs] [Times: user=0.00 sys=0.00, real=0.00 secs] 
135.083: [GC (Allocation Failure) [PSYoungGen: 241027K->10240K(244736K)] 877461K->667153K(1031168K), 0.0026904 secs] [Times: user=0.00 sys=0.00, real=0.00 secs] 
136.392: [GC (Allocation Failure) [PSYoungGen: 219528K->15360K(244736K)] 876442K->682513K(1031168K), 0.0020586 secs] [Times: user=0.00 sys=0.00, real=0.00 secs] 
137.702: [GC (Allocation Failure) [PSYoungGen: 234890K->10240K(244736K)] 902044K->708113K(1031168K), 0.0031143 secs] [Times: user=0.00 sys=0.00, real=0.00 secs] 
139.446: [GC (Allocation Failure) [PSYoungGen: 209292K->5120K(244736K)] 907166K->754193K(1031168K), 0.0052188 secs] [Times: user=0.00 sys=0.00, real=0.00 secs] 
139.452: [Full GC (Ergonomics) [PSYoungGen: 5120K->0K(244736K)] [ParOldGen: 749073K->56849K(786432K)] 754193K->56849K(1031168K), [Metaspace: 2796K->2796K(1056768K)], 0.0062859 secs] [Times: user=0.00 sys=0.00, real=0.01 secs] 
140.769: [GC (Allocation Failure) [PSYoungGen: 178571K->5120K(244736K)] 235421K->184849K(1031168K), 0.0160795 secs] [Times: user=0.00 sys=0.00, real=0.02 secs] 
143.296: [GC (Allocation Failure) [PSYoungGen: 224631K->6144K(244736K)] 404360K->185873K(1031168K), 0.0007785 secs] [Times: user=0.00 sys=0.00, real=0.00 secs] 
144.604: [GC (Allocation Failure) [PSYoungGen: 230784K->16384K(244736K)] 410513K->201233K(1031168K), 0.0017756 secs] [Times: user=0.00 sys=0.00, real=0.00 secs] 
146.348: [GC (Allocation Failure) [PSYoungGen: 241044K->10240K(244736K)] 425894K->195089K(1031168K), 0.0011825 secs] [Times: user=0.00 sys=0.00, real=0.00 secs] 
147.649: [GC (Allocation Failure) [PSYoungGen: 229779K->15360K(244736K)] 414628K->220689K(1031168K), 0.0028038 secs] [Times: user=0.00 sys=0.00, real=0.00 secs] 
148.957: [GC (Allocation Failure) [PSYoungGen: 234898K->15360K(244736K)] 440227K->271889K(1031168K), 0.0055415 secs] [Times: user=0.00 sys=0.00, real=0.00 secs] 
150.488: [GC (Allocation Failure) [PSYoungGen: 240017K->15360K(244736K)] 496546K->271889K(1031168K), 0.0014340 secs] [Times: user=0.00 sys=0.00, real=0.00 secs] 
151.796: [GC (Allocation Failure) [PSYoungGen: 234897K->16384K(244736K)] 491426K->272913K(1031168K), 0.0013093 secs] [Times: user=0.02 sys=0.00, real=0.00 secs] 
153.103: [GC (Allocation Failure) [PSYoungGen: 241026K->12288K(244736K)] 497555K->273937K(1031168K), 0.0016392 secs] [Times: user=0.00 sys=0.00, real=0.00 secs] 
155.064: [GC (Allocation Failure) [PSYoungGen: 155015K->15360K(244736K)] 416665K->328209K(1031168K), 0.0050914 secs] [Times: user=0.00 sys=0.00, real=0.01 secs] 
156.387: [GC (Allocation Failure) [PSYoungGen: 193921K->15360K(244736K)] 506770K->374289K(1031168K), 0.0036620 secs] [Times: user=0.00 sys=0.00, real=0.00 secs] 
157.805: [GC (Allocation Failure) [PSYoungGen: 209273K->0K(244736K)] 568202K->379409K(1031168K), 0.0021026 secs] [Times: user=0.00 sys=0.00, real=0.00 secs] 
159.117: [GC (Allocation Failure) [PSYoungGen: 209279K->15360K(244736K)] 588688K->445969K(1031168K), 0.0051068 secs] [Times: user=0.00 sys=0.00, real=0.01 secs] 
160.425: [GC (Allocation Failure) [PSYoungGen: 234884K->10240K(244736K)] 665493K->553489K(1031168K), 0.0159809 secs] [Times: user=0.00 sys=0.00, real=0.02 secs] 
161.969: [GC (Allocation Failure) [PSYoungGen: 229768K->15360K(244736K)] 773018K->558609K(1031168K), 0.0016586 secs] [Times: user=0.00 sys=0.00, real=0.00 secs] 
163.273: [GC (Allocation Failure) [PSYoungGen: 234891K->16384K(244736K)] 778140K->569873K(1031168K), 0.0018072 secs] [Times: user=0.00 sys=0.00, real=0.00 secs] 
164.583: [GC (Allocation Failure) [PSYoungGen: 235909K->16384K(244736K)] 789399K->580113K(1031168K), 0.0021962 secs] [Times: user=0.00 sys=0.00, real=0.00 secs] 
166.442: [GC (Allocation Failure) [PSYoungGen: 164233K->5120K(244736K)] 727963K->640529K(1031168K), 0.0055922 secs] [Times: user=0.00 sys=0.00, real=0.01 secs] 
167.766: [GC (Allocation Failure) [PSYoungGen: 183683K->10240K(244736K)] 819092K->666129K(1031168K), 0.0029711 secs] [Times: user=0.00 sys=0.00, real=0.00 secs] 
169.190: [GC (Allocation Failure) [PSYoungGen: 188785K->5120K(244736K)] 844675K->661009K(1031168K), 0.0009564 secs] [Times: user=0.00 sys=0.00, real=0.00 secs] 
170.501: [GC (Allocation Failure) [PSYoungGen: 214392K->15360K(244736K)] 870282K->773649K(1031168K), 0.0155980 secs] [Times: user=0.00 sys=0.00, real=0.02 secs] 
170.517: [Full GC (Ergonomics) [PSYoungGen: 15360K->0K(244736K)] [ParOldGen: 758289K->118289K(786432K)] 773649K->118289K(1031168K), [Metaspace: 2796K->2796K(1056768K)], 0.0098667 secs] [Times: user=0.00 sys=0.00, real=0.01 secs] 
171.837: [GC (Allocation Failure) [PSYoungGen: 219520K->16384K(244736K)] 337809K->134673K(1031168K), 0.0013667 secs] [Times: user=0.00 sys=0.00, real=0.00 secs] 
173.367: [GC (Allocation Failure) [PSYoungGen: 230774K->10240K(244736K)] 349064K->138769K(1031168K), 0.0019719 secs] [Times: user=0.00 sys=0.00, real=0.00 secs] 
174.677: [GC (Allocation Failure) [PSYoungGen: 229759K->15360K(244736K)] 358288K->154129K(1031168K), 0.0020460 secs] [Times: user=0.00 sys=0.00, real=0.00 secs] 
175.986: [GC (Allocation Failure) [PSYoungGen: 234885K->15360K(244736K)] 373654K->174609K(1031168K), 0.0027467 secs] [Times: user=0.00 sys=0.00, real=0.00 secs] 
177.842: [GC (Allocation Failure) [PSYoungGen: 178569K->5120K(244736K)] 337818K->266769K(1031168K), 0.0150289 secs] [Times: user=0.02 sys=0.00, real=0.01 secs] 
179.163: [GC (Allocation Failure) [PSYoungGen: 183685K->10240K(244736K)] 445335K->292369K(1031168K), 0.0025127 secs] [Times: user=0.00 sys=0.00, real=0.00 secs] 
180.688: [GC (Allocation Failure) [PSYoungGen: 193907K->5120K(244736K)] 476036K->287249K(1031168K), 0.0007165 secs] [Times: user=0.00 sys=0.00, real=0.00 secs] 
181.995: [GC (Allocation Failure) [PSYoungGen: 183674K->6144K(244736K)] 465803K->308753K(1031168K), 0.0024354 secs] [Times: user=0.00 sys=0.00, real=0.00 secs] 
183.305: [GC (Allocation Failure) [PSYoungGen: 215421K->16384K(244736K)] 518031K->330257K(1031168K), 0.0020269 secs] [Times: user=0.00 sys=0.00, real=0.00 secs] 
184.833: [GC (Allocation Failure) [PSYoungGen: 241027K->10240K(244736K)] 554901K->344593K(1031168K), 0.0025243 secs] [Times: user=0.00 sys=0.00, real=0.00 secs] 
186.142: [GC (Allocation Failure) [PSYoungGen: 219528K->15360K(244736K)] 553882K->359953K(1031168K), 0.0019156 secs] [Times: user=0.00 sys=0.00, real=0.00 secs] 
187.448: [GC (Allocation Failure) [PSYoungGen: 234890K->15360K(244736K)] 579483K->395793K(1031168K), 0.0037242 secs] [Times: user=0.00 sys=0.00, real=0.00 secs] 
189.196: [GC (Allocation Failure) [PSYoungGen: 214412K->5120K(244736K)] 594846K->436753K(1031168K), 0.0045799 secs] [Times: user=0.00 sys=0.00, real=0.00 secs] 
190.523: [GC (Allocation Failure) [PSYoungGen: 183691K->10240K(244736K)] 615325K->564753K(1031168K), 0.0151133 secs] [Times: user=0.02 sys=0.00, real=0.02 secs] 
193.044: [GC (Allocation Failure) [PSYoungGen: 229751K->6176K(244736K)] 784264K->560689K(1031168K), 0.0011865 secs] [Times: user=0.00 sys=0.00, real=0.00 secs] 
194.352: [GC (Allocation Failure) [PSYoungGen: 230816K->11296K(244736K)] 785329K->576049K(1031168K), 0.0018067 secs] [Times: user=0.00 sys=0.00, real=0.00 secs] 
196.097: [GC (Allocation Failure) [PSYoungGen: 235956K->10272K(244736K)] 800710K->575025K(1031168K), 0.0014250 secs] [Times: user=0.00 sys=0.00, real=0.00 secs] 
197.407: [GC (Allocation Failure) [PSYoungGen: 229811K->15424K(244736K)] 794565K->600657K(1031168K), 0.0032240 secs] [Times: user=0.00 sys=0.00, real=0.00 secs] 
198.709: [GC (Allocation Failure) [PSYoungGen: 234962K->15392K(244736K)] 820196K->651825K(1031168K), 0.0078047 secs] [Times: user=0.00 sys=0.00, real=0.01 secs] 
200.232: [GC (Allocation Failure) [PSYoungGen: 240049K->15392K(244736K)] 876483K->651825K(1031168K), 0.0014645 secs] [Times: user=0.02 sys=0.00, real=0.00 secs] 
201.544: [GC (Allocation Failure) [PSYoungGen: 234929K->16448K(244736K)] 871363K->652881K(1031168K), 0.0017409 secs] [Times: user=0.00 sys=0.00, real=0.00 secs] 
202.852: [GC (Allocation Failure) [PSYoungGen: 241090K->16416K(244736K)] 877523K->653873K(1031168K), 0.0017449 secs] [Times: user=0.00 sys=0.00, real=0.00 secs] 
204.818: [GC (Allocation Failure) [PSYoungGen: 159143K->15424K(244736K)] 796601K->704081K(1031168K), 0.0052446 secs] [Times: user=0.00 sys=0.00, real=0.01 secs] 
204.823: [Full GC (Ergonomics) [PSYoungGen: 15424K->0K(244736K)] [ParOldGen: 688657K->67089K(786432K)] 704081K->67089K(1031168K), [Metaspace: 2796K->2796K(1056768K)], 0.0064692 secs] [Times: user=0.00 sys=0.00, real=0.01 secs] 
206.140: [GC (Allocation Failure) [PSYoungGen: 178561K->5120K(244736K)] 245650K->113169K(1031168K), 0.0032708 secs] [Times: user=0.00 sys=0.00, real=0.00 secs] 
207.555: [GC (Allocation Failure) [PSYoungGen: 199024K->0K(244736K)] 307073K->128529K(1031168K), 0.0019919 secs] [Times: user=0.00 sys=0.00, real=0.00 secs] 
208.868: [GC (Allocation Failure) [PSYoungGen: 209273K->15360K(244736K)] 337803K->195089K(1031168K), 0.0052265 secs] [Times: user=0.00 sys=0.00, real=0.00 secs] 
210.180: [GC (Allocation Failure) [PSYoungGen: 234880K->10240K(244736K)] 414610K->302609K(1031168K), 0.0157183 secs] [Times: user=0.01 sys=0.00, real=0.02 secs] 
211.725: [GC (Allocation Failure) [PSYoungGen: 229766K->15360K(244736K)] 522135K->307729K(1031168K), 0.0014293 secs] [Times: user=0.00 sys=0.00, real=0.00 secs] 
213.032: [GC (Allocation Failure) [PSYoungGen: 234889K->16384K(244736K)] 527259K->318993K(1031168K), 0.0021574 secs] [Times: user=0.00 sys=0.00, real=0.00 secs] 
214.341: [GC (Allocation Failure) [PSYoungGen: 235908K->16384K(244736K)] 538518K->329233K(1031168K), 0.0019606 secs] [Times: user=0.00 sys=0.00, real=0.00 secs] 
216.191: [GC (Allocation Failure) [PSYoungGen: 164232K->5120K(244736K)] 477082K->389649K(1031168K), 0.0061851 secs] [Times: user=0.00 sys=0.00, real=0.01 secs] 
217.510: [GC (Allocation Failure) [PSYoungGen: 183682K->10240K(244736K)] 568212K->415249K(1031168K), 0.0023723 secs] [Times: user=0.00 sys=0.00, real=0.00 secs] 
Heap
 PSYoungGen      total 244736K, used 193332K [0x00000000f0000000, 0x0000000100000000, 0x0000000100000000)
  eden space 227328K, 80% used [0x00000000f0000000,0x00000000fb2cd090,0x00000000fde00000)
  from space 17408K, 58% used [0x00000000fef00000,0x00000000ff900020,0x0000000100000000)
  to   space 17408K, 0% used [0x00000000fde00000,0x00000000fde00000,0x00000000fef00000)
 ParOldGen       total 786432K, used 405009K [0x00000000c0000000, 0x00000000f0000000, 0x00000000f0000000)
  object space 786432K, 51% used [0x00000000c0000000,0x00000000d8b847d0,0x00000000f0000000)
 Metaspace       used 2804K, capacity 4486K, committed 4864K, reserved 1056768K
  class space    used 297K, capacity 386K, committed 512K, reserved 1048576K
