Java HotSpot(TM) 64-Bit Server VM (25.411-b09) for windows-amd64 JRE (1.8.0_411-b09), built on Mar 13 2024 07:26:13 by "java_re" with MS VC++ 17.1 (VS2022)
Memory: 4k page, physical 33403376k(14587984k free), swap 36560744k(6857136k free)
CommandLine flags: -XX:InitialHeapSize=2147483648 -XX:MaxHeapSize=2147483648 -XX:ParallelGCThreads=12 -XX:+PrintGC -XX:+PrintGCDetails -XX:+PrintGCTimeStamps -XX:+UseCompressedClassPointers -XX:+UseCompressedOops -XX:-UseLargePagesIndividualAllocation -XX:+UseParallelGC 
4.850: [GC (Allocation Failure) [PSYoungGen: 520704K->10968K(611840K)] 520704K->10976K(2010112K), 0.0036515 secs] [Times: user=0.00 sys=0.00, real=0.00 secs] 
8.445: [GC (Allocation Failure) [PSYoungGen: 497629K->21120K(611840K)] 497637K->21136K(2010112K), 0.0074144 secs] [Times: user=0.02 sys=0.02, real=0.01 secs] 
11.408: [GC (Allocation Failure) [PSYoungGen: 527998K->62168K(611840K)] 528014K->215784K(2010112K), 0.0397055 secs] [Times: user=0.03 sys=0.03, real=0.04 secs] 
14.293: [GC (Allocation Failure) [PSYoungGen: 500868K->68280K(611840K)] 654484K->221904K(2010112K), 0.0161037 secs] [Times: user=0.03 sys=0.00, real=0.02 secs] 
18.573: [GC (Allocation Failure) [PSYoungGen: 575269K->82648K(594944K)] 728894K->287480K(1993216K), 0.0187089 secs] [Times: user=0.05 sys=0.00, real=0.02 secs] 
21.770: [GC (Allocation Failure) [PSYoungGen: 591468K->7952K(573952K)] 796300K->315184K(1972224K), 0.0332969 secs] [Times: user=0.05 sys=0.01, real=0.03 secs] 
25.517: [GC (Allocation Failure) [PSYoungGen: 488576K->35936K(590848K)] 795808K->343800K(1989120K), 0.0024458 secs] [Times: user=0.00 sys=0.00, real=0.00 secs] 
29.123: [GC (Allocation Failure) [PSYoungGen: 516583K->61440K(595456K)] 824447K->369328K(1993728K), 0.0055774 secs] [Times: user=0.00 sys=0.00, real=0.01 secs] 
32.833: [GC (Allocation Failure) [PSYoungGen: 532106K->57344K(596992K)] 839994K->365232K(1995264K), 0.0064183 secs] [Times: user=0.00 sys=0.00, real=0.01 secs] 
35.685: [GC (Allocation Failure) [PSYoungGen: 487058K->61440K(597504K)] 794946K->369328K(1995776K), 0.0052938 secs] [Times: user=0.00 sys=0.00, real=0.00 secs] 
39.631: [GC (Allocation Failure) [PSYoungGen: 547499K->15360K(597504K)] 855387K->323248K(1995776K), 0.0020690 secs] [Times: user=0.00 sys=0.00, real=0.00 secs] 
43.899: [GC (Allocation Failure) [PSYoungGen: 505567K->21600K(599552K)] 813455K->329488K(1997824K), 0.0017376 secs] [Times: user=0.00 sys=0.00, real=0.00 secs] 
46.945: [GC (Allocation Failure) [PSYoungGen: 476971K->40960K(597504K)] 784859K->348896K(1995776K), 0.0023541 secs] [Times: user=0.00 sys=0.00, real=0.00 secs] 
49.782: [GC (Allocation Failure) [PSYoungGen: 496337K->81920K(585728K)] 804273K->410336K(1984000K), 0.0150033 secs] [Times: user=0.00 sys=0.00, real=0.01 secs] 
52.742: [GC (Allocation Failure) [PSYoungGen: 573018K->62464K(555008K)] 901434K->390880K(1953280K), 0.0054323 secs] [Times: user=0.02 sys=0.00, real=0.01 secs] 
56.900: [GC (Allocation Failure) [PSYoungGen: 508510K->61440K(595456K)] 836926K->389856K(1993728K), 0.0037260 secs] [Times: user=0.01 sys=0.00, real=0.00 secs] 
59.845: [GC (Allocation Failure) [PSYoungGen: 532038K->102400K(582656K)] 860454K->435936K(1980928K), 0.0071912 secs] [Times: user=0.00 sys=0.00, real=0.01 secs] 
62.696: [GC (Allocation Failure) [PSYoungGen: 536930K->56320K(578048K)] 870466K->389856K(1976320K), 0.0050061 secs] [Times: user=0.02 sys=0.00, real=0.01 secs] 
66.839: [GC (Allocation Failure) [PSYoungGen: 511214K->46080K(586240K)] 844750K->379616K(1984512K), 0.0025750 secs] [Times: user=0.00 sys=0.02, real=0.00 secs] 
69.778: [GC (Allocation Failure) [PSYoungGen: 500971K->51200K(595968K)] 834507K->384736K(1994240K), 0.0047626 secs] [Times: user=0.00 sys=0.00, real=0.01 secs] 
72.609: [GC (Allocation Failure) [PSYoungGen: 506383K->62464K(590848K)] 839919K->498400K(1989120K), 0.0363514 secs] [Times: user=0.03 sys=0.00, real=0.03 secs] 
75.490: [GC (Allocation Failure) [PSYoungGen: 492048K->76800K(590336K)] 927985K->512736K(1988608K), 0.0069798 secs] [Times: user=0.00 sys=0.00, real=0.01 secs] 
79.652: [GC (Allocation Failure) [PSYoungGen: 547366K->81920K(571392K)] 983302K->517856K(1969664K), 0.0061073 secs] [Times: user=0.05 sys=0.00, real=0.00 secs] 
82.604: [GC (Allocation Failure) [PSYoungGen: 491046K->57344K(593920K)] 926983K->493280K(1992192K), 0.0046784 secs] [Times: user=0.02 sys=0.00, real=0.00 secs] 
85.444: [GC (Allocation Failure) [PSYoungGen: 486858K->61440K(589312K)] 922795K->497376K(1987584K), 0.0047224 secs] [Times: user=0.00 sys=0.00, real=0.00 secs] 
89.264: [GC (Allocation Failure) [PSYoungGen: 537035K->10240K(589312K)] 972972K->446176K(1987584K), 0.0016853 secs] [Times: user=0.00 sys=0.00, real=0.00 secs] 
93.408: [GC (Allocation Failure) [PSYoungGen: 493076K->6144K(494592K)] 929012K->442080K(1892864K), 0.0019545 secs] [Times: user=0.00 sys=0.00, real=0.00 secs] 
96.679: [GC (Allocation Failure) [PSYoungGen: 476692K->40960K(594944K)] 912628K->476896K(1993216K), 0.0026978 secs] [Times: user=0.00 sys=0.00, real=0.00 secs] 
99.510: [GC (Allocation Failure) [PSYoungGen: 496117K->81920K(568832K)] 932053K->538336K(1967104K), 0.0090993 secs] [Times: user=0.00 sys=0.01, real=0.01 secs] 
102.365: [GC (Allocation Failure) [PSYoungGen: 521717K->31744K(590336K)] 978133K->488160K(1988608K), 0.0030693 secs] [Times: user=0.00 sys=0.00, real=0.00 secs] 
106.520: [GC (Allocation Failure) [PSYoungGen: 508262K->30720K(587776K)] 964678K->487136K(1986048K), 0.0024970 secs] [Times: user=0.00 sys=0.00, real=0.00 secs] 
109.465: [GC (Allocation Failure) [PSYoungGen: 470361K->76800K(583680K)] 926777K->533216K(1981952K), 0.0060217 secs] [Times: user=0.00 sys=0.00, real=0.00 secs] 
112.301: [GC (Allocation Failure) [PSYoungGen: 511296K->25600K(588288K)] 967712K->482016K(1986560K), 0.0045474 secs] [Times: user=0.00 sys=0.00, real=0.00 secs] 
116.350: [GC (Allocation Failure) [PSYoungGen: 501060K->15360K(590336K)] 957476K->471776K(1988608K), 0.0017340 secs] [Times: user=0.00 sys=0.00, real=0.00 secs] 
119.399: [GC (Allocation Failure) [PSYoungGen: 449927K->5120K(589824K)] 906343K->461536K(1988096K), 0.0014289 secs] [Times: user=0.00 sys=0.00, real=0.00 secs] 
122.237: [GC (Allocation Failure) [PSYoungGen: 460170K->31744K(594944K)] 916587K->590560K(1993216K), 0.0420080 secs] [Times: user=0.03 sys=0.02, real=0.04 secs] 
125.235: [GC (Allocation Failure) [PSYoungGen: 512489K->76800K(563200K)] 1071305K->635616K(1961472K), 0.0055663 secs] [Times: user=0.00 sys=0.00, real=0.01 secs] 
129.395: [GC (Allocation Failure) [PSYoungGen: 547306K->81920K(573440K)] 1106122K->640736K(1971712K), 0.0074014 secs] [Times: user=0.00 sys=0.00, real=0.01 secs] 
132.341: [GC (Allocation Failure) [PSYoungGen: 494632K->57344K(580608K)] 1053449K->616160K(1978880K), 0.0109828 secs] [Times: user=0.00 sys=0.00, real=0.01 secs] 
135.186: [GC (Allocation Failure) [PSYoungGen: 487407K->61440K(585728K)] 1046224K->620256K(1984000K), 0.0053897 secs] [Times: user=0.00 sys=0.00, real=0.01 secs] 
138.906: [GC (Allocation Failure) [PSYoungGen: 531619K->10240K(583680K)] 1090436K->569056K(1981952K), 0.0012698 secs] [Times: user=0.00 sys=0.00, real=0.00 secs] 
142.729: [GC (Allocation Failure) [PSYoungGen: 477350K->6144K(585216K)] 1036166K->564960K(1983488K), 0.0019923 secs] [Times: user=0.00 sys=0.00, real=0.00 secs] 
146.325: [GC (Allocation Failure) [PSYoungGen: 476355K->10240K(585216K)] 1035172K->569056K(1983488K), 0.0023621 secs] [Times: user=0.00 sys=0.00, real=0.00 secs] 
149.163: [GC (Allocation Failure) [PSYoungGen: 465097K->92160K(562176K)] 1023913K->650976K(1960448K), 0.0068179 secs] [Times: user=0.02 sys=0.00, real=0.01 secs] 
152.002: [GC (Allocation Failure) [PSYoungGen: 531231K->21504K(574464K)] 1090047K->580320K(1972736K), 0.0029857 secs] [Times: user=0.00 sys=0.00, real=0.00 secs] 
155.377: [GC (Allocation Failure) [PSYoungGen: 467746K->16384K(582144K)] 1026563K->575200K(1980416K), 0.0021018 secs] [Times: user=0.00 sys=0.00, real=0.00 secs] 
158.972: [GC (Allocation Failure) [PSYoungGen: 477187K->66560K(578560K)] 1036003K->625376K(1976832K), 0.0084056 secs] [Times: user=0.00 sys=0.00, real=0.01 secs] 
161.968: [GC (Allocation Failure) [PSYoungGen: 510978K->15360K(583168K)] 1069794K->574176K(1981440K), 0.0021316 secs] [Times: user=0.00 sys=0.00, real=0.00 secs] 
165.358: [GC (Allocation Failure) [PSYoungGen: 474196K->10240K(579584K)] 1033012K->569056K(1977856K), 0.0018443 secs] [Times: user=0.00 sys=0.00, real=0.00 secs] 
168.308: [GC (Allocation Failure) [PSYoungGen: 471045K->87040K(563200K)] 1029861K->645856K(1961472K), 0.0074330 secs] [Times: user=0.02 sys=0.00, real=0.01 secs] 
171.804: [GC (Allocation Failure) [PSYoungGen: 527109K->123904K(564224K)] 1085925K->682720K(1962496K), 0.0156007 secs] [Times: user=0.01 sys=0.00, real=0.02 secs] 
174.658: [GC (Allocation Failure) [PSYoungGen: 553536K->25600K(541696K)] 1112352K->584416K(1939968K), 0.0024731 secs] [Times: user=0.00 sys=0.00, real=0.00 secs] 
177.822: [GC (Allocation Failure) [PSYoungGen: 402564K->107520K(516096K)] 961381K->666336K(1914368K), 0.0057253 secs] [Times: user=0.02 sys=0.00, real=0.01 secs] 
180.694: [GC (Allocation Failure) [PSYoungGen: 465875K->5120K(546816K)] 1024691K->563936K(1945088K), 0.0049291 secs] [Times: user=0.00 sys=0.00, real=0.00 secs] 
183.325: [GC (Allocation Failure) [PSYoungGen: 388766K->27648K(544768K)] 947582K->586464K(1943040K), 0.0029627 secs] [Times: user=0.00 sys=0.00, real=0.00 secs] 
185.515: [GC (Allocation Failure) [PSYoungGen: 416414K->20480K(559104K)] 975231K->579296K(1957376K), 0.0023855 secs] [Times: user=0.00 sys=0.00, real=0.00 secs] 
189.114: [GC (Allocation Failure) [PSYoungGen: 422978K->25600K(553472K)] 981795K->584416K(1951744K), 0.0025821 secs] [Times: user=0.00 sys=0.00, real=0.00 secs] 
191.513: [GC (Allocation Failure) [PSYoungGen: 437376K->113696K(530432K)] 996192K->677632K(1928704K), 0.0152211 secs] [Times: user=0.00 sys=0.00, real=0.01 secs] 
194.897: [GC (Allocation Failure) [PSYoungGen: 471814K->77952K(475136K)] 1035751K->641896K(1873408K), 0.0073580 secs] [Times: user=0.01 sys=0.00, real=0.01 secs] 
197.642: [GC (Allocation Failure) [PSYoungGen: 451425K->46080K(556544K)] 1015370K->610056K(1954816K), 0.0043277 secs] [Times: user=0.00 sys=0.00, real=0.01 secs] 
200.145: [GC (Allocation Failure) [PSYoungGen: 443274K->10240K(547328K)] 1007250K->574216K(1945600K), 0.0016948 secs] [Times: user=0.00 sys=0.00, real=0.00 secs] 
201.997: [GC (Allocation Failure) [PSYoungGen: 330637K->57344K(564224K)] 894613K->626440K(1962496K), 0.0058683 secs] [Times: user=0.00 sys=0.00, real=0.01 secs] 
205.928: [GC (Allocation Failure) [PSYoungGen: 472327K->30720K(558592K)] 1041423K->599816K(1956864K), 0.0029183 secs] [Times: user=0.00 sys=0.00, real=0.00 secs] 
208.762: [GC (Allocation Failure) [PSYoungGen: 449798K->66560K(570368K)] 1018894K->635656K(1968640K), 0.0064738 secs] [Times: user=0.00 sys=0.00, real=0.01 secs] 
211.604: [GC (Allocation Failure) [PSYoungGen: 500328K->15360K(569856K)] 1069424K->584456K(1968128K), 0.0018681 secs] [Times: user=0.02 sys=0.00, real=0.00 secs] 
214.221: [GC (Allocation Failure) [PSYoungGen: 455274K->21504K(577024K)] 1024371K->595720K(1975296K), 0.0034011 secs] [Times: user=0.00 sys=0.00, real=0.00 secs] 
217.606: [GC (Allocation Failure) [PSYoungGen: 399150K->81920K(533504K)] 973366K->707336K(1931776K), 0.0217854 secs] [Times: user=0.00 sys=0.00, real=0.02 secs] 
Heap
 PSYoungGen      total 533504K, used 217706K [0x00000000d5580000, 0x0000000100000000, 0x0000000100000000)
  eden space 451072K, 30% used [0x00000000d5580000,0x00000000dda1aab8,0x00000000f0e00000)
  from space 82432K, 99% used [0x00000000f0e00000,0x00000000f5e00040,0x00000000f5e80000)
  to   space 128512K, 0% used [0x00000000f8280000,0x00000000f8280000,0x0000000100000000)
 ParOldGen       total 1398272K, used 625416K [0x0000000080000000, 0x00000000d5580000, 0x00000000d5580000)
  object space 1398272K, 44% used [0x0000000080000000,0x00000000a62c2140,0x00000000d5580000)
 Metaspace       used 2804K, capacity 4486K, committed 4864K, reserved 1056768K
  class space    used 297K, capacity 386K, committed 512K, reserved 1048576K
