Java HotSpot(TM) 64-Bit Server VM (25.411-b09) for windows-amd64 JRE (1.8.0_411-b09), built on Mar 13 2024 07:26:13 by "java_re" with MS VC++ 17.1 (VS2022)
Memory: 4k page, physical 33403376k(14436796k free), swap 36670664k(7406820k free)
CommandLine flags: -XX:InitialHeapSize=536870912 -XX:MaxHeapSize=536870912 -XX:NewRatio=8 -XX:ParallelGCThreads=6 -XX:+PrintGC -XX:+PrintGCDetails -XX:+PrintGCTimeStamps -XX:SurvivorRatio=11 -XX:-UseAdaptiveSizePolicy -XX:+UseCompressedClassPointers -XX:+UseCompressedOops -XX:-UseLargePagesIndividualAllocation -XX:+UseParallelGC 
1.049: [GC (Allocation Failure) [PSYoungGen: 44994K->672K(53760K)] 44994K->16040K(520192K), 0.0041628 secs] [Times: user=0.00 sys=0.00, real=0.00 secs] 
2.082: [GC (Allocation Failure) [PSYoungGen: 49771K->1680K(53760K)] 218739K->175768K(520192K), 0.0024515 secs] [Times: user=0.00 sys=0.00, real=0.00 secs] 
2.628: [GC (Allocation Failure) [PSYoungGen: 38499K->1704K(53760K)] 212587K->191160K(520192K), 0.0045197 secs] [Times: user=0.00 sys=0.00, real=0.00 secs] 
3.767: [GC (Allocation Failure) [PSYoungGen: 50807K->2664K(53760K)] 393863K->350840K(520192K), 0.0019862 secs] [Times: user=0.00 sys=0.00, real=0.00 secs] 
5.295: [GC (Allocation Failure) [PSYoungGen: 50749K->600K(53760K)] 398925K->359016K(520192K), 0.0025482 secs] [Times: user=0.00 sys=0.00, real=0.00 secs] 
5.749: [GC (Allocation Failure) [PSYoungGen: 42538K->568K(53760K)] 452154K->420424K(520192K), 0.0035243 secs] [Times: user=0.00 sys=0.00, real=0.00 secs] 
5.753: [GC (Allocation Failure) [PSYoungGen: 568K->656K(53760K)] 420424K->420512K(520192K), 0.0007469 secs] [Times: user=0.00 sys=0.00, real=0.00 secs] 
5.754: [Full GC (Allocation Failure) [PSYoungGen: 656K->0K(53760K)] [ParOldGen: 419856K->67088K(466432K)] 420512K->67088K(520192K), [Metaspace: 2753K->2753K(1056768K)], 0.0107989 secs] [Times: user=0.00 sys=0.00, real=0.01 secs] 
6.855: [GC (Allocation Failure) [PSYoungGen: 43991K->0K(53760K)] 213480K->184848K(520192K), 0.0014209 secs] [Times: user=0.00 sys=0.00, real=0.00 secs] 
8.388: [GC (Allocation Failure) [PSYoungGen: 49611K->32K(53760K)] 388060K->343608K(520192K), 0.0014672 secs] [Times: user=0.00 sys=0.00, real=0.00 secs] 
8.606: [GC (Allocation Failure) [PSYoungGen: 21501K->32K(53760K)] 416278K->394808K(520192K), 0.0013274 secs] [Times: user=0.02 sys=0.00, real=0.00 secs] 
8.607: [GC (Allocation Failure) [PSYoungGen: 32K->32K(53760K)] 394808K->394808K(520192K), 0.0010031 secs] [Times: user=0.00 sys=0.00, real=0.00 secs] 
8.608: [Full GC (Allocation Failure) [PSYoungGen: 32K->0K(53760K)] [ParOldGen: 394776K->51728K(466432K)] 394808K->51728K(520192K), [Metaspace: 2759K->2759K(1056768K)], 0.0051669 secs] [Times: user=0.00 sys=0.00, real=0.00 secs] 
9.714: [GC (Allocation Failure) [PSYoungGen: 43997K->0K(53760K)] 198126K->169488K(520192K), 0.0015120 secs] [Times: user=0.00 sys=0.00, real=0.00 secs] 
10.700: [GC (Allocation Failure) [PSYoungGen: 49118K->0K(53760K)] 372207K->328208K(520192K), 0.0008034 secs] [Times: user=0.00 sys=0.00, real=0.00 secs] 
11.244: [GC (Allocation Failure) [PSYoungGen: 36831K->0K(53760K)] 365040K->343569K(520192K), 0.0016907 secs] [Times: user=0.00 sys=0.00, real=0.00 secs] 
11.464: [GC (Allocation Failure) [PSYoungGen: 21462K->0K(53760K)] 416231K->394769K(520192K), 0.0009533 secs] [Times: user=0.00 sys=0.00, real=0.00 secs] 
11.465: [GC (Allocation Failure) [PSYoungGen: 0K->0K(53760K)] 394769K->394769K(520192K), 0.0009990 secs] [Times: user=0.00 sys=0.00, real=0.00 secs] 
11.466: [Full GC (Allocation Failure) [PSYoungGen: 0K->0K(53760K)] [ParOldGen: 394769K->215568K(466432K)] 394769K->215568K(520192K), [Metaspace: 2761K->2761K(1056768K)], 0.0118860 secs] [Times: user=0.02 sys=0.00, real=0.01 secs] 
12.682: [GC (Allocation Failure) [PSYoungGen: 33049K->32K(53760K)] 351018K->333368K(520192K), 0.0016085 secs] [Times: user=0.00 sys=0.00, real=0.00 secs] 
12.899: [GC (Allocation Failure) [PSYoungGen: 21498K->96K(53760K)] 406035K->384633K(520192K), 0.0012248 secs] [Times: user=0.00 sys=0.00, real=0.00 secs] 
12.901: [GC (Allocation Failure) [PSYoungGen: 96K->64K(53760K)] 384633K->384601K(520192K), 0.0008272 secs] [Times: user=0.00 sys=0.00, real=0.00 secs] 
12.902: [Full GC (Allocation Failure) [PSYoungGen: 64K->0K(53760K)] [ParOldGen: 384537K->56849K(466432K)] 384601K->56849K(520192K), [Metaspace: 2763K->2763K(1056768K)], 0.0050105 secs] [Times: user=0.01 sys=0.00, real=0.01 secs] 
14.004: [GC (Allocation Failure) [PSYoungGen: 43994K->1024K(53760K)] 203243K->180753K(520192K), 0.0014553 secs] [Times: user=0.00 sys=0.00, real=0.00 secs] 
14.989: [GC (Allocation Failure) [PSYoungGen: 50141K->1024K(53760K)] 383470K->344593K(520192K), 0.0011912 secs] [Times: user=0.00 sys=0.00, real=0.00 secs] 
16.301: [GC (Allocation Failure) [PSYoungGen: 48094K->0K(53760K)] 391663K->353809K(520192K), 0.0010944 secs] [Times: user=0.00 sys=0.00, real=0.00 secs] 
16.955: [GC (Allocation Failure) [PSYoungGen: 41944K->0K(53760K)] 395753K->364049K(520192K), 0.0013923 secs] [Times: user=0.00 sys=0.00, real=0.00 secs] 
17.174: [GC (Allocation Failure) [PSYoungGen: 21459K->0K(53760K)] 436708K->435729K(520192K), 0.0060214 secs] [Times: user=0.00 sys=0.00, real=0.01 secs] 
17.180: [Full GC (Ergonomics) [PSYoungGen: 0K->0K(53760K)] [ParOldGen: 435729K->77329K(466432K)] 435729K->77329K(520192K), [Metaspace: 2768K->2768K(1056768K)], 0.0063966 secs] [Times: user=0.02 sys=0.00, real=0.01 secs] 
18.288: [GC (Allocation Failure) [PSYoungGen: 43987K->0K(53760K)] 223716K->195089K(520192K), 0.0015098 secs] [Times: user=0.00 sys=0.00, real=0.00 secs] 
19.270: [GC (Allocation Failure) [PSYoungGen: 49112K->0K(53760K)] 397801K->353809K(520192K), 0.0011029 secs] [Times: user=0.00 sys=0.00, real=0.00 secs] 
20.035: [GC (Allocation Failure) [PSYoungGen: 6107K->0K(53760K)] 411116K->405009K(520192K), 0.0007822 secs] [Times: user=0.00 sys=0.00, real=0.00 secs] 
20.036: [GC (Allocation Failure) [PSYoungGen: 0K->0K(53760K)] 405009K->405009K(520192K), 0.0010005 secs] [Times: user=0.00 sys=0.00, real=0.00 secs] 
20.037: [Full GC (Allocation Failure) [PSYoungGen: 0K->0K(53760K)] [ParOldGen: 405009K->51729K(466432K)] 405009K->51729K(520192K), [Metaspace: 2770K->2770K(1056768K)], 0.0050229 secs] [Times: user=0.00 sys=0.00, real=0.01 secs] 
21.139: [GC (Allocation Failure) [PSYoungGen: 43995K->0K(53760K)] 198124K->169489K(520192K), 0.0014384 secs] [Times: user=0.00 sys=0.00, real=0.00 secs] 
22.122: [GC (Allocation Failure) [PSYoungGen: 49117K->1024K(53760K)] 372206K->329233K(520192K), 0.0008689 secs] [Times: user=0.00 sys=0.00, real=0.00 secs] 
22.669: [GC (Allocation Failure) [PSYoungGen: 37854K->1024K(53760K)] 366064K->344593K(520192K), 0.0015228 secs] [Times: user=0.00 sys=0.00, real=0.00 secs] 
22.887: [GC (Allocation Failure) [PSYoungGen: 22486K->1024K(53760K)] 417255K->395793K(520192K), 0.0008259 secs] [Times: user=0.00 sys=0.00, real=0.00 secs] 
22.887: [GC (Allocation Failure) [PSYoungGen: 1024K->1024K(53760K)] 395793K->395793K(520192K), 0.0007130 secs] [Times: user=0.00 sys=0.00, real=0.00 secs] 
22.888: [Full GC (Allocation Failure) [PSYoungGen: 1024K->0K(53760K)] [ParOldGen: 394769K->165393K(466432K)] 395793K->165393K(520192K), [Metaspace: 2779K->2779K(1056768K)], 0.0123530 secs] [Times: user=0.00 sys=0.00, real=0.01 secs] 
24.430: [GC (Allocation Failure) [PSYoungGen: 49110K->0K(53760K)] 470503K->431633K(520192K), 0.0013148 secs] [Times: user=0.00 sys=0.00, real=0.00 secs] 
24.431: [Full GC (Ergonomics) [PSYoungGen: 0K->0K(53760K)] [ParOldGen: 431633K->113169K(466432K)] 431633K->113169K(520192K), [Metaspace: 2779K->2779K(1056768K)], 0.0087153 secs] [Times: user=0.01 sys=0.00, real=0.01 secs] 
25.413: [GC (Allocation Failure) [PSYoungGen: 43994K->0K(53760K)] 157163K->128529K(520192K), 0.0015812 secs] [Times: user=0.00 sys=0.00, real=0.00 secs] 
26.394: [GC (Allocation Failure) [PSYoungGen: 49109K->0K(53760K)] 331238K->302609K(520192K), 0.0018517 secs] [Times: user=0.00 sys=0.00, real=0.00 secs] 
26.940: [GC (Allocation Failure) [PSYoungGen: 36825K->0K(53760K)] 339434K->312849K(520192K), 0.0011790 secs] [Times: user=0.00 sys=0.00, real=0.00 secs] 
28.138: [GC (Allocation Failure) [PSYoungGen: 47058K->0K(53760K)] 359908K->323089K(520192K), 0.0012935 secs] [Times: user=0.00 sys=0.00, real=0.00 secs] 
28.576: [GC (Allocation Failure) [PSYoungGen: 42146K->32K(53760K)] 416435K->374329K(520192K), 0.0010835 secs] [Times: user=0.00 sys=0.00, real=0.00 secs] 
28.577: [GC (Allocation Failure) [PSYoungGen: 32K->128K(53760K)] 374329K->374425K(520192K), 0.0010055 secs] [Times: user=0.00 sys=0.00, real=0.00 secs] 
28.578: [Full GC (Allocation Failure) [PSYoungGen: 128K->0K(53760K)] [ParOldGen: 374297K->56849K(466432K)] 374425K->56849K(520192K), [Metaspace: 2793K->2793K(1056768K)], 0.0050530 secs] [Times: user=0.00 sys=0.00, real=0.00 secs] 
29.678: [GC (Allocation Failure) [PSYoungGen: 43990K->0K(53760K)] 203239K->174609K(520192K), 0.0014332 secs] [Times: user=0.00 sys=0.00, real=0.00 secs] 
30.658: [GC (Allocation Failure) [PSYoungGen: 49114K->0K(53760K)] 377323K->333329K(520192K), 0.0010098 secs] [Times: user=0.00 sys=0.00, real=0.00 secs] 
32.405: [Full GC (Ergonomics) [PSYoungGen: 43996K->0K(53760K)] [ParOldGen: 435729K->7168K(466432K)] 479726K->7168K(520192K), [Metaspace: 2793K->2793K(1056768K)], 0.0027636 secs] [Times: user=0.00 sys=0.00, real=0.00 secs] 
33.277: [GC (Allocation Failure) [PSYoungGen: 49118K->1024K(53760K)] 209886K->166912K(520192K), 0.0008571 secs] [Times: user=0.00 sys=0.00, real=0.00 secs] 
34.038: [GC (Allocation Failure) [PSYoungGen: 48095K->1024K(53760K)] 213983K->187392K(520192K), 0.0016107 secs] [Times: user=0.00 sys=0.00, real=0.00 secs] 
35.456: [GC (Allocation Failure) [PSYoungGen: 50136K->0K(53760K)] 390105K->360448K(520192K), 0.0014644 secs] [Times: user=0.00 sys=0.00, real=0.00 secs] 
35.674: [GC (Allocation Failure) [PSYoungGen: 21467K->0K(53760K)] 433116K->411648K(520192K), 0.0011472 secs] [Times: user=0.00 sys=0.00, real=0.00 secs] 
35.675: [GC (Allocation Failure) [PSYoungGen: 0K->0K(53760K)] 411648K->411648K(520192K), 0.0015916 secs] [Times: user=0.00 sys=0.00, real=0.00 secs] 
35.677: [Full GC (Allocation Failure) [PSYoungGen: 0K->0K(53760K)] [ParOldGen: 411648K->61969K(466432K)] 411648K->61969K(520192K), [Metaspace: 2793K->2793K(1056768K)], 0.0057789 secs] [Times: user=0.00 sys=0.00, real=0.01 secs] 
36.780: [GC (Allocation Failure) [PSYoungGen: 43995K->0K(53760K)] 208365K->179729K(520192K), 0.0015116 secs] [Times: user=0.00 sys=0.00, real=0.00 secs] 
37.761: [GC (Allocation Failure) [PSYoungGen: 49117K->0K(53760K)] 382447K->364049K(520192K), 0.0024726 secs] [Times: user=0.00 sys=0.00, real=0.00 secs] 
38.308: [GC (Allocation Failure) [PSYoungGen: 36831K->0K(53760K)] 400880K->374289K(520192K), 0.0014074 secs] [Times: user=0.00 sys=0.00, real=0.00 secs] 
39.513: [Full GC (Ergonomics) [PSYoungGen: 41942K->0K(53760K)] [ParOldGen: 425489K->11264K(466432K)] 467432K->11264K(520192K), [Metaspace: 2793K->2793K(1056768K)], 0.0028105 secs] [Times: user=0.00 sys=0.00, real=0.00 secs] 
40.390: [GC (Allocation Failure) [PSYoungGen: 49114K->0K(53760K)] 213978K->169984K(520192K), 0.0010722 secs] [Times: user=0.00 sys=0.00, real=0.00 secs] 
41.155: [GC (Allocation Failure) [PSYoungGen: 47068K->0K(53760K)] 217052K->185344K(520192K), 0.0014702 secs] [Times: user=0.00 sys=0.00, real=0.00 secs] 
42.242: [GC (Allocation Failure) [PSYoungGen: 49111K->1024K(53760K)] 388055K->345088K(520192K), 0.0010120 secs] [Times: user=0.00 sys=0.00, real=0.00 secs] 
43.877: [GC (Allocation Failure) [PSYoungGen: 50138K->1024K(53760K)] 394202K->365568K(520192K), 0.0021252 secs] [Times: user=0.00 sys=0.00, real=0.00 secs] 
44.203: [GC (Allocation Failure) [PSYoungGen: 32726K->1024K(53760K)] 448470K->416768K(520192K), 0.0010247 secs] [Times: user=0.00 sys=0.00, real=0.00 secs] 
44.204: [Full GC (Ergonomics) [PSYoungGen: 1024K->0K(53760K)] [ParOldGen: 415744K->62993K(466432K)] 416768K->62993K(520192K), [Metaspace: 2795K->2795K(1056768K)], 0.0054981 secs] [Times: user=0.00 sys=0.00, real=0.00 secs] 
45.307: [GC (Allocation Failure) [PSYoungGen: 43994K->0K(53760K)] 209387K->180753K(520192K), 0.0013406 secs] [Times: user=0.00 sys=0.00, real=0.00 secs] 
46.724: [GC (Allocation Failure) [PSYoungGen: 43996K->0K(53760K)] 378350K->339473K(520192K), 0.0011024 secs] [Times: user=0.00 sys=0.00, real=0.00 secs] 
47.052: [GC (Allocation Failure) [PSYoungGen: 31710K->0K(53760K)] 422383K->411153K(520192K), 0.0019655 secs] [Times: user=0.00 sys=0.00, real=0.00 secs] 
47.054: [GC (Allocation Failure) [PSYoungGen: 0K->0K(53760K)] 411153K->411153K(520192K), 0.0006783 secs] [Times: user=0.00 sys=0.00, real=0.00 secs] 
47.055: [Full GC (Allocation Failure) [PSYoungGen: 0K->0K(53760K)] [ParOldGen: 411153K->72209K(466432K)] 411153K->72209K(520192K), [Metaspace: 2795K->2795K(1056768K)], 0.0065294 secs] [Times: user=0.00 sys=0.00, real=0.01 secs] 
48.164: [GC (Allocation Failure) [PSYoungGen: 43999K->0K(53760K)] 218608K->189969K(520192K), 0.0013703 secs] [Times: user=0.00 sys=0.00, real=0.00 secs] 
49.146: [GC (Allocation Failure) [PSYoungGen: 49120K->0K(53760K)] 392689K->348689K(520192K), 0.0010928 secs] [Times: user=0.00 sys=0.00, real=0.00 secs] 
49.692: [GC (Allocation Failure) [PSYoungGen: 36832K->0K(53760K)] 385521K->364049K(520192K), 0.0015569 secs] [Times: user=0.00 sys=0.00, real=0.00 secs] 
49.911: [GC (Allocation Failure) [PSYoungGen: 21463K->0K(53760K)] 436712K->415249K(520192K), 0.0009490 secs] [Times: user=0.00 sys=0.00, real=0.00 secs] 
49.912: [GC (Allocation Failure) [PSYoungGen: 0K->0K(53760K)] 415249K->415249K(520192K), 0.0010849 secs] [Times: user=0.00 sys=0.00, real=0.00 secs] 
49.913: [Full GC (Allocation Failure) [PSYoungGen: 0K->0K(53760K)] [ParOldGen: 415249K->133649K(466432K)] 415249K->133649K(520192K), [Metaspace: 2795K->2795K(1056768K)], 0.0098894 secs] [Times: user=0.00 sys=0.00, real=0.01 secs] 
51.124: [GC (Allocation Failure) [PSYoungGen: 36823K->0K(53760K)] 272872K->251409K(520192K), 0.0014201 secs] [Times: user=0.00 sys=0.00, real=0.00 secs] 
52.213: [GC (Allocation Failure) [PSYoungGen: 49114K->1024K(53760K)] 454124K->411153K(520192K), 0.0010347 secs] [Times: user=0.00 sys=0.00, real=0.00 secs] 
52.774: [Full GC (Ergonomics) [PSYoungGen: 48093K->0K(53760K)] [ParOldGen: 461329K->62993K(466432K)] 509422K->62993K(520192K), [Metaspace: 2795K->2795K(1056768K)], 0.0061719 secs] [Times: user=0.00 sys=0.00, real=0.01 secs] 
54.534: [GC (Allocation Failure) [PSYoungGen: 45022K->1024K(53760K)] 210416K->166417K(520192K), 0.0006336 secs] [Times: user=0.00 sys=0.00, real=0.00 secs] 
55.295: [GC (Allocation Failure) [PSYoungGen: 42975K->0K(53760K)] 208369K->180753K(520192K), 0.0015587 secs] [Times: user=0.00 sys=0.00, real=0.00 secs] 
56.281: [GC (Allocation Failure) [PSYoungGen: 49112K->0K(53760K)] 383465K->354833K(520192K), 0.0018472 secs] [Times: user=0.00 sys=0.00, real=0.00 secs] 
56.830: [GC (Allocation Failure) [PSYoungGen: 36827K->0K(53760K)] 391660K->365073K(520192K), 0.0013218 secs] [Times: user=0.00 sys=0.00, real=0.00 secs] 
57.046: [GC (Allocation Failure) [PSYoungGen: 21460K->0K(53760K)] 437733K->436753K(520192K), 0.0021863 secs] [Times: user=0.00 sys=0.00, real=0.00 secs] 
57.048: [Full GC (Ergonomics) [PSYoungGen: 0K->0K(53760K)] [ParOldGen: 436753K->92689K(466432K)] 436753K->92689K(520192K), [Metaspace: 2796K->2796K(1056768K)], 0.0073496 secs] [Times: user=0.00 sys=0.00, real=0.01 secs] 
58.918: [GC (Allocation Failure) [PSYoungGen: 46036K->0K(53760K)] 394725K->353809K(520192K), 0.0008233 secs] [Times: user=0.00 sys=0.00, real=0.00 secs] 
59.680: [GC (Allocation Failure) [PSYoungGen: 47064K->0K(53760K)] 400874K->369169K(520192K), 0.0013597 secs] [Times: user=0.00 sys=0.00, real=0.00 secs] 
59.900: [GC (Allocation Failure) [PSYoungGen: 21460K->0K(53760K)] 441830K->420369K(520192K), 0.0012015 secs] [Times: user=0.00 sys=0.00, real=0.00 secs] 
59.901: [Full GC (Ergonomics) [PSYoungGen: 0K->0K(53760K)] [ParOldGen: 420369K->108049K(466432K)] 420369K->108049K(520192K), [Metaspace: 2796K->2796K(1056768K)], 0.0084811 secs] [Times: user=0.00 sys=0.00, real=0.01 secs] 
61.007: [GC (Allocation Failure) [PSYoungGen: 43988K->0K(53760K)] 254438K->225809K(520192K), 0.0015540 secs] [Times: user=0.00 sys=0.00, real=0.00 secs] 
62.317: [GC (Allocation Failure) [PSYoungGen: 42969K->0K(53760K)] 422378K->389649K(520192K), 0.0008596 secs] [Times: user=0.00 sys=0.00, real=0.00 secs] 
62.754: [Full GC (Ergonomics) [PSYoungGen: 41947K->0K(53760K)] [ParOldGen: 440849K->56849K(466432K)] 482797K->56849K(520192K), [Metaspace: 2796K->2796K(1056768K)], 0.0059102 secs] [Times: user=0.00 sys=0.00, real=0.01 secs] 
63.862: [GC (Allocation Failure) [PSYoungGen: 43997K->1024K(53760K)] 203247K->180753K(520192K), 0.0014070 secs] [Times: user=0.00 sys=0.00, real=0.00 secs] 
64.847: [GC (Allocation Failure) [PSYoungGen: 50143K->1024K(53760K)] 383472K->344593K(520192K), 0.0011612 secs] [Times: user=0.00 sys=0.00, real=0.00 secs] 
66.159: [GC (Allocation Failure) [PSYoungGen: 48095K->0K(53760K)] 391665K->353809K(520192K), 0.0008830 secs] [Times: user=0.00 sys=0.00, real=0.00 secs] 
66.814: [GC (Allocation Failure) [PSYoungGen: 41945K->0K(53760K)] 395754K->364049K(520192K), 0.0012489 secs] [Times: user=0.00 sys=0.00, real=0.00 secs] 
67.033: [GC (Allocation Failure) [PSYoungGen: 21459K->0K(53760K)] 436709K->435729K(520192K), 0.0021002 secs] [Times: user=0.00 sys=0.00, real=0.00 secs] 
67.036: [Full GC (Ergonomics) [PSYoungGen: 0K->0K(53760K)] [ParOldGen: 435729K->77329K(466432K)] 435729K->77329K(520192K), [Metaspace: 2796K->2796K(1056768K)], 0.0066580 secs] [Times: user=0.00 sys=0.00, real=0.01 secs] 
68.136: [GC (Allocation Failure) [PSYoungGen: 43987K->0K(53760K)] 223717K->195089K(520192K), 0.0016381 secs] [Times: user=0.00 sys=0.00, real=0.00 secs] 
69.119: [GC (Allocation Failure) [PSYoungGen: 49112K->0K(53760K)] 397802K->353809K(520192K), 0.0009121 secs] [Times: user=0.00 sys=0.00, real=0.00 secs] 
69.883: [GC (Allocation Failure) [PSYoungGen: 6107K->0K(53760K)] 411117K->405009K(520192K), 0.0009809 secs] [Times: user=0.00 sys=0.00, real=0.00 secs] 
69.885: [GC (Allocation Failure) [PSYoungGen: 0K->0K(53760K)] 405009K->405009K(520192K), 0.0009258 secs] [Times: user=0.00 sys=0.00, real=0.00 secs] 
69.886: [Full GC (Allocation Failure) [PSYoungGen: 0K->0K(53760K)] [ParOldGen: 405009K->51729K(466432K)] 405009K->51729K(520192K), [Metaspace: 2796K->2796K(1056768K)], 0.0052330 secs] [Times: user=0.02 sys=0.00, real=0.01 secs] 
70.996: [GC (Allocation Failure) [PSYoungGen: 43995K->0K(53760K)] 198125K->169489K(520192K), 0.0014829 secs] [Times: user=0.00 sys=0.00, real=0.00 secs] 
71.978: [GC (Allocation Failure) [PSYoungGen: 49117K->1024K(53760K)] 372207K->329233K(520192K), 0.0008673 secs] [Times: user=0.00 sys=0.00, real=0.00 secs] 
72.524: [GC (Allocation Failure) [PSYoungGen: 37854K->1024K(53760K)] 366064K->344593K(520192K), 0.0014886 secs] [Times: user=0.00 sys=0.00, real=0.00 secs] 
72.743: [GC (Allocation Failure) [PSYoungGen: 22486K->1024K(53760K)] 417255K->395793K(520192K), 0.0008723 secs] [Times: user=0.00 sys=0.00, real=0.00 secs] 
72.744: [GC (Allocation Failure) [PSYoungGen: 1024K->1024K(53760K)] 395793K->395793K(520192K), 0.0007964 secs] [Times: user=0.00 sys=0.00, real=0.00 secs] 
72.744: [Full GC (Allocation Failure) [PSYoungGen: 1024K->0K(53760K)] [ParOldGen: 394769K->165393K(466432K)] 395793K->165393K(520192K), [Metaspace: 2796K->2796K(1056768K)], 0.0122826 secs] [Times: user=0.00 sys=0.00, real=0.01 secs] 
74.287: [Full GC (Ergonomics) [PSYoungGen: 49110K->0K(53760K)] [ParOldGen: 421393K->113169K(466432K)] 470503K->113169K(520192K), [Metaspace: 2796K->2796K(1056768K)], 0.0089750 secs] [Times: user=0.02 sys=0.00, real=0.01 secs] 
75.270: [GC (Allocation Failure) [PSYoungGen: 43994K->0K(53760K)] 157163K->128529K(520192K), 0.0014505 secs] [Times: user=0.00 sys=0.00, real=0.00 secs] 
76.253: [GC (Allocation Failure) [PSYoungGen: 49109K->0K(53760K)] 331238K->302609K(520192K), 0.0018959 secs] [Times: user=0.00 sys=0.00, real=0.00 secs] 
76.800: [GC (Allocation Failure) [PSYoungGen: 36825K->0K(53760K)] 339434K->312849K(520192K), 0.0012803 secs] [Times: user=0.00 sys=0.00, real=0.00 secs] 
78.003: [GC (Allocation Failure) [PSYoungGen: 47058K->0K(53760K)] 359908K->323089K(520192K), 0.0010915 secs] [Times: user=0.00 sys=0.00, real=0.00 secs] 
78.441: [GC (Allocation Failure) [PSYoungGen: 41936K->0K(53760K)] 416226K->374289K(520192K), 0.0007205 secs] [Times: user=0.00 sys=0.00, real=0.00 secs] 
78.442: [GC (Allocation Failure) [PSYoungGen: 0K->0K(53760K)] 374289K->374289K(520192K), 0.0008324 secs] [Times: user=0.00 sys=0.00, real=0.00 secs] 
78.443: [Full GC (Allocation Failure) [PSYoungGen: 0K->0K(53760K)] [ParOldGen: 374289K->56849K(466432K)] 374289K->56849K(520192K), [Metaspace: 2796K->2796K(1056768K)], 0.0051690 secs] [Times: user=0.00 sys=0.00, real=0.01 secs] 
79.547: [GC (Allocation Failure) [PSYoungGen: 43990K->0K(53760K)] 203239K->174609K(520192K), 0.0014129 secs] [Times: user=0.00 sys=0.00, real=0.00 secs] 
80.527: [GC (Allocation Failure) [PSYoungGen: 49114K->0K(53760K)] 377323K->333329K(520192K), 0.0010939 secs] [Times: user=0.00 sys=0.00, real=0.00 secs] 
82.265: [Full GC (Ergonomics) [PSYoungGen: 43996K->0K(53760K)] [ParOldGen: 435729K->7168K(466432K)] 479726K->7168K(520192K), [Metaspace: 2796K->2796K(1056768K)], 0.0023429 secs] [Times: user=0.00 sys=0.00, real=0.00 secs] 
83.140: [GC (Allocation Failure) [PSYoungGen: 49118K->1024K(53760K)] 209886K->166912K(520192K), 0.0006599 secs] [Times: user=0.00 sys=0.00, real=0.00 secs] 
83.903: [GC (Allocation Failure) [PSYoungGen: 48095K->1024K(53760K)] 213983K->187392K(520192K), 0.0017504 secs] [Times: user=0.00 sys=0.00, real=0.00 secs] 
85.320: [GC (Allocation Failure) [PSYoungGen: 50136K->0K(53760K)] 390104K->360448K(520192K), 0.0014388 secs] [Times: user=0.00 sys=0.00, real=0.00 secs] 
85.537: [GC (Allocation Failure) [PSYoungGen: 21467K->0K(53760K)] 433115K->411648K(520192K), 0.0014756 secs] [Times: user=0.00 sys=0.00, real=0.00 secs] 
85.538: [GC (Allocation Failure) [PSYoungGen: 0K->0K(53760K)] 411648K->411648K(520192K), 0.0011349 secs] [Times: user=0.00 sys=0.00, real=0.00 secs] 
85.539: [Full GC (Allocation Failure) [PSYoungGen: 0K->0K(53760K)] [ParOldGen: 411648K->61969K(466432K)] 411648K->61969K(520192K), [Metaspace: 2796K->2796K(1056768K)], 0.0058593 secs] [Times: user=0.01 sys=0.00, real=0.01 secs] 
86.643: [GC (Allocation Failure) [PSYoungGen: 43995K->0K(53760K)] 208365K->179729K(520192K), 0.0014165 secs] [Times: user=0.00 sys=0.00, real=0.00 secs] 
87.626: [GC (Allocation Failure) [PSYoungGen: 49117K->0K(53760K)] 382447K->364049K(520192K), 0.0026554 secs] [Times: user=0.00 sys=0.00, real=0.00 secs] 
88.170: [GC (Allocation Failure) [PSYoungGen: 36831K->0K(53760K)] 400880K->374289K(520192K), 0.0013018 secs] [Times: user=0.00 sys=0.00, real=0.00 secs] 
89.371: [Full GC (Ergonomics) [PSYoungGen: 41942K->0K(53760K)] [ParOldGen: 425489K->11264K(466432K)] 467432K->11264K(520192K), [Metaspace: 2796K->2796K(1056768K)], 0.0025286 secs] [Times: user=0.03 sys=0.00, real=0.00 secs] 
90.247: [GC (Allocation Failure) [PSYoungGen: 49114K->0K(53760K)] 213978K->169984K(520192K), 0.0007654 secs] [Times: user=0.00 sys=0.00, real=0.00 secs] 
91.012: [GC (Allocation Failure) [PSYoungGen: 47068K->0K(53760K)] 217052K->185344K(520192K), 0.0015542 secs] [Times: user=0.00 sys=0.00, real=0.00 secs] 
92.104: [GC (Allocation Failure) [PSYoungGen: 49111K->1024K(53760K)] 388055K->345088K(520192K), 0.0015474 secs] [Times: user=0.00 sys=0.00, real=0.00 secs] 
93.743: [GC (Allocation Failure) [PSYoungGen: 50138K->1024K(53760K)] 394202K->365568K(520192K), 0.0017283 secs] [Times: user=0.00 sys=0.00, real=0.00 secs] 
94.068: [GC (Allocation Failure) [PSYoungGen: 32726K->1024K(53760K)] 448470K->416768K(520192K), 0.0011676 secs] [Times: user=0.00 sys=0.00, real=0.00 secs] 
94.069: [Full GC (Ergonomics) [PSYoungGen: 1024K->0K(53760K)] [ParOldGen: 415744K->62993K(466432K)] 416768K->62993K(520192K), [Metaspace: 2796K->2796K(1056768K)], 0.0054566 secs] [Times: user=0.00 sys=0.00, real=0.01 secs] 
95.175: [GC (Allocation Failure) [PSYoungGen: 43994K->0K(53760K)] 209387K->180753K(520192K), 0.0014443 secs] [Times: user=0.00 sys=0.00, real=0.00 secs] 
96.595: [GC (Allocation Failure) [PSYoungGen: 43996K->0K(53760K)] 378350K->339473K(520192K), 0.0008510 secs] [Times: user=0.00 sys=0.00, real=0.00 secs] 
96.923: [GC (Allocation Failure) [PSYoungGen: 31710K->0K(53760K)] 422383K->411153K(520192K), 0.0023541 secs] [Times: user=0.00 sys=0.00, real=0.00 secs] 
96.925: [GC (Allocation Failure) [PSYoungGen: 0K->0K(53760K)] 411153K->411153K(520192K), 0.0007647 secs] [Times: user=0.00 sys=0.00, real=0.00 secs] 
96.926: [Full GC (Allocation Failure) [PSYoungGen: 0K->0K(53760K)] [ParOldGen: 411153K->72209K(466432K)] 411153K->72209K(520192K), [Metaspace: 2796K->2796K(1056768K)], 0.0065461 secs] [Times: user=0.00 sys=0.00, real=0.01 secs] 
98.031: [GC (Allocation Failure) [PSYoungGen: 43999K->0K(53760K)] 218608K->189969K(520192K), 0.0014448 secs] [Times: user=0.00 sys=0.00, real=0.00 secs] 
99.012: [GC (Allocation Failure) [PSYoungGen: 49120K->0K(53760K)] 392689K->348689K(520192K), 0.0009754 secs] [Times: user=0.00 sys=0.00, real=0.00 secs] 
99.560: [GC (Allocation Failure) [PSYoungGen: 36832K->0K(53760K)] 385521K->364049K(520192K), 0.0014509 secs] [Times: user=0.00 sys=0.00, real=0.00 secs] 
99.777: [GC (Allocation Failure) [PSYoungGen: 21463K->0K(53760K)] 436712K->415249K(520192K), 0.0009687 secs] [Times: user=0.00 sys=0.00, real=0.00 secs] 
99.778: [GC (Allocation Failure) [PSYoungGen: 0K->0K(53760K)] 415249K->415249K(520192K), 0.0009627 secs] [Times: user=0.00 sys=0.00, real=0.00 secs] 
99.779: [Full GC (Allocation Failure) [PSYoungGen: 0K->0K(53760K)] [ParOldGen: 415249K->133649K(466432K)] 415249K->133649K(520192K), [Metaspace: 2796K->2796K(1056768K)], 0.0103980 secs] [Times: user=0.00 sys=0.00, real=0.01 secs] 
100.990: [GC (Allocation Failure) [PSYoungGen: 36823K->0K(53760K)] 272872K->251409K(520192K), 0.0013830 secs] [Times: user=0.00 sys=0.00, real=0.00 secs] 
102.082: [GC (Allocation Failure) [PSYoungGen: 49114K->1024K(53760K)] 454124K->411153K(520192K), 0.0008916 secs] [Times: user=0.00 sys=0.00, real=0.00 secs] 
102.630: [Full GC (Ergonomics) [PSYoungGen: 48093K->0K(53760K)] [ParOldGen: 461329K->62993K(466432K)] 509422K->62993K(520192K), [Metaspace: 2796K->2796K(1056768K)], 0.0062192 secs] [Times: user=0.00 sys=0.00, real=0.00 secs] 
104.389: [GC (Allocation Failure) [PSYoungGen: 45022K->1024K(53760K)] 210416K->166417K(520192K), 0.0004783 secs] [Times: user=0.00 sys=0.00, real=0.00 secs] 
105.155: [GC (Allocation Failure) [PSYoungGen: 42975K->0K(53760K)] 208369K->180753K(520192K), 0.0018678 secs] [Times: user=0.00 sys=0.00, real=0.00 secs] 
106.140: [GC (Allocation Failure) [PSYoungGen: 49112K->0K(53760K)] 383465K->354833K(520192K), 0.0017609 secs] [Times: user=0.00 sys=0.00, real=0.00 secs] 
106.687: [GC (Allocation Failure) [PSYoungGen: 36827K->0K(53760K)] 391660K->365073K(520192K), 0.0012898 secs] [Times: user=0.00 sys=0.00, real=0.00 secs] 
106.906: [GC (Allocation Failure) [PSYoungGen: 21460K->0K(53760K)] 437733K->436753K(520192K), 0.0021110 secs] [Times: user=0.00 sys=0.00, real=0.00 secs] 
106.908: [Full GC (Ergonomics) [PSYoungGen: 0K->0K(53760K)] [ParOldGen: 436753K->92689K(466432K)] 436753K->92689K(520192K), [Metaspace: 2796K->2796K(1056768K)], 0.0078427 secs] [Times: user=0.00 sys=0.00, real=0.01 secs] 
108.778: [GC (Allocation Failure) [PSYoungGen: 46036K->0K(53760K)] 394725K->353809K(520192K), 0.0008161 secs] [Times: user=0.09 sys=0.00, real=0.00 secs] 
109.542: [GC (Allocation Failure) [PSYoungGen: 47064K->0K(53760K)] 400874K->369169K(520192K), 0.0014021 secs] [Times: user=0.00 sys=0.00, real=0.00 secs] 
109.760: [GC (Allocation Failure) [PSYoungGen: 21460K->0K(53760K)] 441830K->420369K(520192K), 0.0009537 secs] [Times: user=0.00 sys=0.00, real=0.00 secs] 
109.761: [Full GC (Ergonomics) [PSYoungGen: 0K->0K(53760K)] [ParOldGen: 420369K->108049K(466432K)] 420369K->108049K(520192K), [Metaspace: 2796K->2796K(1056768K)], 0.0085366 secs] [Times: user=0.00 sys=0.00, real=0.01 secs] 
110.868: [GC (Allocation Failure) [PSYoungGen: 43988K->0K(53760K)] 254438K->225809K(520192K), 0.0013659 secs] [Times: user=0.00 sys=0.00, real=0.00 secs] 
112.179: [GC (Allocation Failure) [PSYoungGen: 42969K->0K(53760K)] 422378K->389649K(520192K), 0.0011251 secs] [Times: user=0.00 sys=0.00, real=0.00 secs] 
112.617: [Full GC (Ergonomics) [PSYoungGen: 41947K->0K(53760K)] [ParOldGen: 440849K->56849K(466432K)] 482797K->56849K(520192K), [Metaspace: 2796K->2796K(1056768K)], 0.0055717 secs] [Times: user=0.00 sys=0.00, real=0.00 secs] 
113.726: [GC (Allocation Failure) [PSYoungGen: 43997K->1024K(53760K)] 203247K->180753K(520192K), 0.0016223 secs] [Times: user=0.00 sys=0.00, real=0.00 secs] 
114.710: [GC (Allocation Failure) [PSYoungGen: 50143K->1024K(53760K)] 383472K->344593K(520192K), 0.0011873 secs] [Times: user=0.00 sys=0.00, real=0.00 secs] 
116.015: [GC (Allocation Failure) [PSYoungGen: 48095K->0K(53760K)] 391665K->353809K(520192K), 0.0009534 secs] [Times: user=0.00 sys=0.00, real=0.00 secs] 
116.669: [GC (Allocation Failure) [PSYoungGen: 41945K->0K(53760K)] 395754K->364049K(520192K), 0.0015452 secs] [Times: user=0.00 sys=0.00, real=0.00 secs] 
116.888: [GC (Allocation Failure) [PSYoungGen: 21459K->0K(53760K)] 436709K->435729K(520192K), 0.0020502 secs] [Times: user=0.00 sys=0.00, real=0.00 secs] 
116.891: [Full GC (Ergonomics) [PSYoungGen: 0K->0K(53760K)] [ParOldGen: 435729K->77329K(466432K)] 435729K->77329K(520192K), [Metaspace: 2796K->2796K(1056768K)], 0.0064146 secs] [Times: user=0.00 sys=0.00, real=0.01 secs] 
117.992: [GC (Allocation Failure) [PSYoungGen: 43987K->0K(53760K)] 223717K->195089K(520192K), 0.0013566 secs] [Times: user=0.00 sys=0.00, real=0.00 secs] 
118.973: [GC (Allocation Failure) [PSYoungGen: 49112K->0K(53760K)] 397802K->353809K(520192K), 0.0011048 secs] [Times: user=0.00 sys=0.00, real=0.00 secs] 
119.738: [GC (Allocation Failure) [PSYoungGen: 6107K->0K(53760K)] 411117K->405009K(520192K), 0.0012276 secs] [Times: user=0.00 sys=0.00, real=0.00 secs] 
119.740: [GC (Allocation Failure) [PSYoungGen: 0K->0K(53760K)] 405009K->405009K(520192K), 0.0007060 secs] [Times: user=0.00 sys=0.00, real=0.00 secs] 
119.740: [Full GC (Allocation Failure) [PSYoungGen: 0K->0K(53760K)] [ParOldGen: 405009K->51729K(466432K)] 405009K->51729K(520192K), [Metaspace: 2796K->2796K(1056768K)], 0.0051396 secs] [Times: user=0.00 sys=0.00, real=0.01 secs] 
120.844: [GC (Allocation Failure) [PSYoungGen: 43995K->0K(53760K)] 198125K->169489K(520192K), 0.0014648 secs] [Times: user=0.00 sys=0.00, real=0.00 secs] 
121.825: [GC (Allocation Failure) [PSYoungGen: 49117K->1024K(53760K)] 372207K->329233K(520192K), 0.0009520 secs] [Times: user=0.06 sys=0.00, real=0.00 secs] 
122.371: [GC (Allocation Failure) [PSYoungGen: 37854K->1024K(53760K)] 366064K->344593K(520192K), 0.0014849 secs] [Times: user=0.00 sys=0.00, real=0.00 secs] 
122.589: [GC (Allocation Failure) [PSYoungGen: 22486K->1024K(53760K)] 417255K->395793K(520192K), 0.0010792 secs] [Times: user=0.00 sys=0.00, real=0.00 secs] 
122.590: [GC (Allocation Failure) [PSYoungGen: 1024K->1024K(53760K)] 395793K->395793K(520192K), 0.0008373 secs] [Times: user=0.00 sys=0.00, real=0.00 secs] 
122.591: [Full GC (Allocation Failure) [PSYoungGen: 1024K->0K(53760K)] [ParOldGen: 394769K->165393K(466432K)] 395793K->165393K(520192K), [Metaspace: 2796K->2796K(1056768K)], 0.0120826 secs] [Times: user=0.00 sys=0.00, real=0.01 secs] 
124.135: [Full GC (Ergonomics) [PSYoungGen: 49110K->0K(53760K)] [ParOldGen: 421393K->113169K(466432K)] 470503K->113169K(520192K), [Metaspace: 2796K->2796K(1056768K)], 0.0092936 secs] [Times: user=0.00 sys=0.00, real=0.01 secs] 
125.133: [GC (Allocation Failure) [PSYoungGen: 43994K->0K(53760K)] 157163K->128529K(520192K), 0.0014485 secs] [Times: user=0.00 sys=0.00, real=0.00 secs] 
126.112: [GC (Allocation Failure) [PSYoungGen: 49109K->0K(53760K)] 331238K->302609K(520192K), 0.0016873 secs] [Times: user=0.00 sys=0.00, real=0.00 secs] 
126.659: [GC (Allocation Failure) [PSYoungGen: 36825K->0K(53760K)] 339434K->312849K(520192K), 0.0012898 secs] [Times: user=0.00 sys=0.00, real=0.00 secs] 
127.861: [GC (Allocation Failure) [PSYoungGen: 47058K->0K(53760K)] 359908K->323089K(520192K), 0.0011690 secs] [Times: user=0.00 sys=0.00, real=0.00 secs] 
128.297: [GC (Allocation Failure) [PSYoungGen: 41936K->0K(53760K)] 416226K->374289K(520192K), 0.0007067 secs] [Times: user=0.00 sys=0.00, real=0.00 secs] 
128.298: [GC (Allocation Failure) [PSYoungGen: 0K->0K(53760K)] 374289K->374289K(520192K), 0.0005880 secs] [Times: user=0.00 sys=0.00, real=0.00 secs] 
128.299: [Full GC (Allocation Failure) [PSYoungGen: 0K->0K(53760K)] [ParOldGen: 374289K->56849K(466432K)] 374289K->56849K(520192K), [Metaspace: 2796K->2796K(1056768K)], 0.0051896 secs] [Times: user=0.00 sys=0.00, real=0.00 secs] 
129.406: [GC (Allocation Failure) [PSYoungGen: 43990K->0K(53760K)] 203239K->174609K(520192K), 0.0014360 secs] [Times: user=0.00 sys=0.00, real=0.00 secs] 
130.387: [GC (Allocation Failure) [PSYoungGen: 49114K->0K(53760K)] 377323K->333329K(520192K), 0.0009244 secs] [Times: user=0.00 sys=0.00, real=0.00 secs] 
132.136: [Full GC (Ergonomics) [PSYoungGen: 43996K->0K(53760K)] [ParOldGen: 435729K->7168K(466432K)] 479726K->7168K(520192K), [Metaspace: 2796K->2796K(1056768K)], 0.0025216 secs] [Times: user=0.00 sys=0.00, real=0.00 secs] 
133.012: [GC (Allocation Failure) [PSYoungGen: 49118K->1024K(53760K)] 209886K->166912K(520192K), 0.0007744 secs] [Times: user=0.00 sys=0.00, real=0.00 secs] 
133.773: [GC (Allocation Failure) [PSYoungGen: 48095K->1024K(53760K)] 213983K->187392K(520192K), 0.0017419 secs] [Times: user=0.00 sys=0.00, real=0.00 secs] 
135.194: [GC (Allocation Failure) [PSYoungGen: 50136K->0K(53760K)] 390104K->360448K(520192K), 0.0016222 secs] [Times: user=0.00 sys=0.00, real=0.00 secs] 
135.413: [GC (Allocation Failure) [PSYoungGen: 21467K->0K(53760K)] 433115K->411648K(520192K), 0.0009291 secs] [Times: user=0.00 sys=0.00, real=0.00 secs] 
135.414: [GC (Allocation Failure) [PSYoungGen: 0K->0K(53760K)] 411648K->411648K(520192K), 0.0010940 secs] [Times: user=0.00 sys=0.00, real=0.00 secs] 
135.415: [Full GC (Allocation Failure) [PSYoungGen: 0K->0K(53760K)] [ParOldGen: 411648K->61969K(466432K)] 411648K->61969K(520192K), [Metaspace: 2796K->2796K(1056768K)], 0.0057010 secs] [Times: user=0.02 sys=0.00, real=0.01 secs] 
136.520: [GC (Allocation Failure) [PSYoungGen: 43995K->0K(53760K)] 208365K->179729K(520192K), 0.0016199 secs] [Times: user=0.00 sys=0.00, real=0.00 secs] 
137.502: [GC (Allocation Failure) [PSYoungGen: 49117K->0K(53760K)] 382447K->364049K(520192K), 0.0026693 secs] [Times: user=0.00 sys=0.00, real=0.00 secs] 
138.046: [GC (Allocation Failure) [PSYoungGen: 36831K->0K(53760K)] 400880K->374289K(520192K), 0.0012858 secs] [Times: user=0.00 sys=0.00, real=0.00 secs] 
139.247: [Full GC (Ergonomics) [PSYoungGen: 41942K->0K(53760K)] [ParOldGen: 425489K->11264K(466432K)] 467432K->11264K(520192K), [Metaspace: 2796K->2796K(1056768K)], 0.0025450 secs] [Times: user=0.00 sys=0.00, real=0.00 secs] 
140.122: [GC (Allocation Failure) [PSYoungGen: 49114K->0K(53760K)] 213978K->169984K(520192K), 0.0008857 secs] [Times: user=0.02 sys=0.00, real=0.00 secs] 
140.887: [GC (Allocation Failure) [PSYoungGen: 47068K->0K(53760K)] 217052K->185344K(520192K), 0.0014911 secs] [Times: user=0.03 sys=0.00, real=0.00 secs] 
141.979: [GC (Allocation Failure) [PSYoungGen: 49111K->1024K(53760K)] 388055K->345088K(520192K), 0.0012606 secs] [Times: user=0.00 sys=0.00, real=0.00 secs] 
143.611: [GC (Allocation Failure) [PSYoungGen: 50138K->1024K(53760K)] 394202K->365568K(520192K), 0.0016938 secs] [Times: user=0.00 sys=0.00, real=0.00 secs] 
143.940: [GC (Allocation Failure) [PSYoungGen: 32726K->1024K(53760K)] 448470K->416768K(520192K), 0.0018127 secs] [Times: user=0.00 sys=0.00, real=0.00 secs] 
143.941: [Full GC (Ergonomics) [PSYoungGen: 1024K->0K(53760K)] [ParOldGen: 415744K->62993K(466432K)] 416768K->62993K(520192K), [Metaspace: 2796K->2796K(1056768K)], 0.0055214 secs] [Times: user=0.00 sys=0.00, real=0.01 secs] 
145.045: [GC (Allocation Failure) [PSYoungGen: 43994K->0K(53760K)] 209387K->180753K(520192K), 0.0014291 secs] [Times: user=0.00 sys=0.00, real=0.00 secs] 
146.465: [GC (Allocation Failure) [PSYoungGen: 43996K->0K(53760K)] 378350K->339473K(520192K), 0.0008804 secs] [Times: user=0.00 sys=0.00, real=0.00 secs] 
146.795: [GC (Allocation Failure) [PSYoungGen: 31710K->0K(53760K)] 422383K->411153K(520192K), 0.0020041 secs] [Times: user=0.00 sys=0.00, real=0.00 secs] 
146.797: [GC (Allocation Failure) [PSYoungGen: 0K->0K(53760K)] 411153K->411153K(520192K), 0.0008833 secs] [Times: user=0.00 sys=0.00, real=0.00 secs] 
146.797: [Full GC (Allocation Failure) [PSYoungGen: 0K->0K(53760K)] [ParOldGen: 411153K->72209K(466432K)] 411153K->72209K(520192K), [Metaspace: 2796K->2796K(1056768K)], 0.0061863 secs] [Times: user=0.00 sys=0.00, real=0.01 secs] 
147.901: [GC (Allocation Failure) [PSYoungGen: 43999K->0K(53760K)] 218608K->189969K(520192K), 0.0014572 secs] [Times: user=0.00 sys=0.00, real=0.00 secs] 
148.887: [GC (Allocation Failure) [PSYoungGen: 49120K->0K(53760K)] 392689K->348689K(520192K), 0.0008047 secs] [Times: user=0.00 sys=0.00, real=0.00 secs] 
149.432: [GC (Allocation Failure) [PSYoungGen: 36832K->0K(53760K)] 385521K->364049K(520192K), 0.0015262 secs] [Times: user=0.00 sys=0.00, real=0.00 secs] 
149.650: [GC (Allocation Failure) [PSYoungGen: 21463K->0K(53760K)] 436712K->415249K(520192K), 0.0013272 secs] [Times: user=0.00 sys=0.00, real=0.00 secs] 
149.651: [GC (Allocation Failure) [PSYoungGen: 0K->0K(53760K)] 415249K->415249K(520192K), 0.0007566 secs] [Times: user=0.00 sys=0.00, real=0.00 secs] 
149.652: [Full GC (Allocation Failure) [PSYoungGen: 0K->0K(53760K)] [ParOldGen: 415249K->133649K(466432K)] 415249K->133649K(520192K), [Metaspace: 2796K->2796K(1056768K)], 0.0101538 secs] [Times: user=0.00 sys=0.00, real=0.01 secs] 
150.868: [GC (Allocation Failure) [PSYoungGen: 36823K->0K(53760K)] 272872K->251409K(520192K), 0.0015450 secs] [Times: user=0.00 sys=0.00, real=0.00 secs] 
151.957: [GC (Allocation Failure) [PSYoungGen: 49114K->1024K(53760K)] 454124K->411153K(520192K), 0.0012372 secs] [Times: user=0.00 sys=0.00, real=0.00 secs] 
152.501: [Full GC (Ergonomics) [PSYoungGen: 48093K->0K(53760K)] [ParOldGen: 461329K->62993K(466432K)] 509422K->62993K(520192K), [Metaspace: 2796K->2796K(1056768K)], 0.0061655 secs] [Times: user=0.00 sys=0.00, real=0.01 secs] 
154.264: [GC (Allocation Failure) [PSYoungGen: 45022K->1024K(53760K)] 210416K->166417K(520192K), 0.0005528 secs] [Times: user=0.00 sys=0.00, real=0.00 secs] 
155.027: [GC (Allocation Failure) [PSYoungGen: 42975K->0K(53760K)] 208369K->180753K(520192K), 0.0016305 secs] [Times: user=0.00 sys=0.00, real=0.00 secs] 
156.004: [GC (Allocation Failure) [PSYoungGen: 49112K->0K(53760K)] 383465K->354833K(520192K), 0.0016932 secs] [Times: user=0.00 sys=0.00, real=0.00 secs] 
156.548: [GC (Allocation Failure) [PSYoungGen: 36827K->0K(53760K)] 391660K->365073K(520192K), 0.0015283 secs] [Times: user=0.00 sys=0.00, real=0.00 secs] 
156.768: [GC (Allocation Failure) [PSYoungGen: 21460K->0K(53760K)] 437733K->436753K(520192K), 0.0023127 secs] [Times: user=0.00 sys=0.00, real=0.00 secs] 
156.770: [Full GC (Ergonomics) [PSYoungGen: 0K->0K(53760K)] [ParOldGen: 436753K->92689K(466432K)] 436753K->92689K(520192K), [Metaspace: 2796K->2796K(1056768K)], 0.0075232 secs] [Times: user=0.00 sys=0.00, real=0.01 secs] 
158.642: [GC (Allocation Failure) [PSYoungGen: 46036K->0K(53760K)] 394725K->353809K(520192K), 0.0011340 secs] [Times: user=0.00 sys=0.00, real=0.00 secs] 
159.404: [GC (Allocation Failure) [PSYoungGen: 47064K->0K(53760K)] 400874K->369169K(520192K), 0.0016505 secs] [Times: user=0.00 sys=0.00, real=0.00 secs] 
159.622: [GC (Allocation Failure) [PSYoungGen: 21460K->0K(53760K)] 441830K->420369K(520192K), 0.0008928 secs] [Times: user=0.02 sys=0.00, real=0.00 secs] 
159.623: [Full GC (Ergonomics) [PSYoungGen: 0K->0K(53760K)] [ParOldGen: 420369K->108049K(466432K)] 420369K->108049K(520192K), [Metaspace: 2796K->2796K(1056768K)], 0.0087398 secs] [Times: user=0.00 sys=0.00, real=0.01 secs] 
160.726: [GC (Allocation Failure) [PSYoungGen: 43988K->0K(53760K)] 254438K->225809K(520192K), 0.0015716 secs] [Times: user=0.00 sys=0.00, real=0.00 secs] 
162.036: [GC (Allocation Failure) [PSYoungGen: 42969K->0K(53760K)] 422378K->389649K(520192K), 0.0009698 secs] [Times: user=0.00 sys=0.00, real=0.00 secs] 
162.474: [Full GC (Ergonomics) [PSYoungGen: 41947K->0K(53760K)] [ParOldGen: 440849K->56849K(466432K)] 482797K->56849K(520192K), [Metaspace: 2796K->2796K(1056768K)], 0.0057574 secs] [Times: user=0.00 sys=0.00, real=0.00 secs] 
163.575: [GC (Allocation Failure) [PSYoungGen: 43997K->1024K(53760K)] 203247K->180753K(520192K), 0.0015065 secs] [Times: user=0.02 sys=0.00, real=0.00 secs] 
164.557: [GC (Allocation Failure) [PSYoungGen: 50143K->1024K(53760K)] 383472K->344593K(520192K), 0.0012806 secs] [Times: user=0.00 sys=0.00, real=0.00 secs] 
165.865: [GC (Allocation Failure) [PSYoungGen: 48095K->0K(53760K)] 391665K->353809K(520192K), 0.0008742 secs] [Times: user=0.00 sys=0.00, real=0.00 secs] 
166.521: [GC (Allocation Failure) [PSYoungGen: 41945K->0K(53760K)] 395754K->364049K(520192K), 0.0011754 secs] [Times: user=0.00 sys=0.00, real=0.00 secs] 
166.737: [GC (Allocation Failure) [PSYoungGen: 21459K->0K(53760K)] 436709K->435729K(520192K), 0.0021277 secs] [Times: user=0.00 sys=0.00, real=0.00 secs] 
166.739: [Full GC (Ergonomics) [PSYoungGen: 0K->0K(53760K)] [ParOldGen: 435729K->77329K(466432K)] 435729K->77329K(520192K), [Metaspace: 2796K->2796K(1056768K)], 0.0063579 secs] [Times: user=0.00 sys=0.00, real=0.01 secs] 
167.845: [GC (Allocation Failure) [PSYoungGen: 43987K->0K(53760K)] 223717K->195089K(520192K), 0.0014057 secs] [Times: user=0.00 sys=0.00, real=0.00 secs] 
168.826: [GC (Allocation Failure) [PSYoungGen: 49112K->0K(53760K)] 397802K->353809K(520192K), 0.0010305 secs] [Times: user=0.00 sys=0.00, real=0.00 secs] 
169.591: [GC (Allocation Failure) [PSYoungGen: 6107K->0K(53760K)] 411117K->405009K(520192K), 0.0008047 secs] [Times: user=0.02 sys=0.00, real=0.00 secs] 
169.591: [GC (Allocation Failure) [PSYoungGen: 0K->0K(53760K)] 405009K->405009K(520192K), 0.0006515 secs] [Times: user=0.00 sys=0.00, real=0.00 secs] 
169.592: [Full GC (Allocation Failure) [PSYoungGen: 0K->0K(53760K)] [ParOldGen: 405009K->51729K(466432K)] 405009K->51729K(520192K), [Metaspace: 2796K->2796K(1056768K)], 0.0051202 secs] [Times: user=0.00 sys=0.00, real=0.01 secs] 
170.696: [GC (Allocation Failure) [PSYoungGen: 43995K->0K(53760K)] 198125K->169489K(520192K), 0.0017588 secs] [Times: user=0.00 sys=0.00, real=0.00 secs] 
171.679: [GC (Allocation Failure) [PSYoungGen: 49117K->1024K(53760K)] 372207K->329233K(520192K), 0.0008969 secs] [Times: user=0.00 sys=0.00, real=0.00 secs] 
172.223: [GC (Allocation Failure) [PSYoungGen: 37854K->1024K(53760K)] 366064K->344593K(520192K), 0.0015703 secs] [Times: user=0.00 sys=0.00, real=0.00 secs] 
172.441: [GC (Allocation Failure) [PSYoungGen: 22486K->1024K(53760K)] 417255K->395793K(520192K), 0.0010611 secs] [Times: user=0.00 sys=0.00, real=0.00 secs] 
172.442: [GC (Allocation Failure) [PSYoungGen: 1024K->1024K(53760K)] 395793K->395793K(520192K), 0.0007483 secs] [Times: user=0.00 sys=0.00, real=0.00 secs] 
172.443: [Full GC (Allocation Failure) [PSYoungGen: 1024K->0K(53760K)] [ParOldGen: 394769K->165393K(466432K)] 395793K->165393K(520192K), [Metaspace: 2796K->2796K(1056768K)], 0.0121119 secs] [Times: user=0.01 sys=0.00, real=0.01 secs] 
173.984: [Full GC (Ergonomics) [PSYoungGen: 49110K->0K(53760K)] [ParOldGen: 421393K->113169K(466432K)] 470503K->113169K(520192K), [Metaspace: 2796K->2796K(1056768K)], 0.0085891 secs] [Times: user=0.00 sys=0.00, real=0.01 secs] 
174.961: [GC (Allocation Failure) [PSYoungGen: 43994K->0K(53760K)] 157163K->128529K(520192K), 0.0013988 secs] [Times: user=0.00 sys=0.00, real=0.00 secs] 
175.945: [GC (Allocation Failure) [PSYoungGen: 49109K->0K(53760K)] 331238K->302609K(520192K), 0.0018487 secs] [Times: user=0.00 sys=0.00, real=0.00 secs] 
176.489: [GC (Allocation Failure) [PSYoungGen: 36825K->0K(53760K)] 339434K->312849K(520192K), 0.0011271 secs] [Times: user=0.00 sys=0.00, real=0.00 secs] 
177.690: [GC (Allocation Failure) [PSYoungGen: 47058K->0K(53760K)] 359908K->323089K(520192K), 0.0013850 secs] [Times: user=0.00 sys=0.00, real=0.00 secs] 
178.126: [GC (Allocation Failure) [PSYoungGen: 41936K->0K(53760K)] 416226K->374289K(520192K), 0.0006936 secs] [Times: user=0.00 sys=0.00, real=0.00 secs] 
178.127: [GC (Allocation Failure) [PSYoungGen: 0K->0K(53760K)] 374289K->374289K(520192K), 0.0009591 secs] [Times: user=0.00 sys=0.00, real=0.00 secs] 
178.128: [Full GC (Allocation Failure) [PSYoungGen: 0K->0K(53760K)] [ParOldGen: 374289K->56849K(466432K)] 374289K->56849K(520192K), [Metaspace: 2796K->2796K(1056768K)], 0.0050721 secs] [Times: user=0.00 sys=0.00, real=0.00 secs] 
179.219: [GC (Allocation Failure) [PSYoungGen: 43990K->0K(53760K)] 203239K->174609K(520192K), 0.0016641 secs] [Times: user=0.00 sys=0.00, real=0.00 secs] 
180.201: [GC (Allocation Failure) [PSYoungGen: 49114K->0K(53760K)] 377323K->333329K(520192K), 0.0008472 secs] [Times: user=0.00 sys=0.00, real=0.00 secs] 
181.952: [Full GC (Ergonomics) [PSYoungGen: 43996K->0K(53760K)] [ParOldGen: 435729K->7168K(466432K)] 479726K->7168K(520192K), [Metaspace: 2796K->2796K(1056768K)], 0.0021577 secs] [Times: user=0.00 sys=0.00, real=0.00 secs] 
182.824: [GC (Allocation Failure) [PSYoungGen: 49118K->1024K(53760K)] 209886K->166912K(520192K), 0.0009085 secs] [Times: user=0.00 sys=0.00, real=0.00 secs] 
183.586: [GC (Allocation Failure) [PSYoungGen: 48095K->1024K(53760K)] 213983K->187392K(520192K), 0.0017321 secs] [Times: user=0.00 sys=0.00, real=0.00 secs] 
185.007: [GC (Allocation Failure) [PSYoungGen: 50136K->0K(53760K)] 390104K->360448K(520192K), 0.0015267 secs] [Times: user=0.00 sys=0.00, real=0.00 secs] 
185.227: [GC (Allocation Failure) [PSYoungGen: 21467K->0K(53760K)] 433115K->411648K(520192K), 0.0012042 secs] [Times: user=0.00 sys=0.00, real=0.00 secs] 
185.228: [GC (Allocation Failure) [PSYoungGen: 0K->0K(53760K)] 411648K->411648K(520192K), 0.0011945 secs] [Times: user=0.00 sys=0.00, real=0.00 secs] 
185.229: [Full GC (Allocation Failure) [PSYoungGen: 0K->0K(53760K)] [ParOldGen: 411648K->61969K(466432K)] 411648K->61969K(520192K), [Metaspace: 2796K->2796K(1056768K)], 0.0054071 secs] [Times: user=0.00 sys=0.00, real=0.00 secs] 
186.331: [GC (Allocation Failure) [PSYoungGen: 43995K->0K(53760K)] 208365K->179729K(520192K), 0.0016519 secs] [Times: user=0.00 sys=0.00, real=0.00 secs] 
187.315: [GC (Allocation Failure) [PSYoungGen: 49117K->0K(53760K)] 382447K->364049K(520192K), 0.0025017 secs] [Times: user=0.00 sys=0.00, real=0.00 secs] 
187.859: [GC (Allocation Failure) [PSYoungGen: 36831K->0K(53760K)] 400880K->374289K(520192K), 0.0012422 secs] [Times: user=0.00 sys=0.00, real=0.00 secs] 
189.064: [Full GC (Ergonomics) [PSYoungGen: 41942K->0K(53760K)] [ParOldGen: 425489K->11264K(466432K)] 467432K->11264K(520192K), [Metaspace: 2796K->2796K(1056768K)], 0.0025883 secs] [Times: user=0.00 sys=0.00, real=0.00 secs] 
189.937: [GC (Allocation Failure) [PSYoungGen: 49114K->0K(53760K)] 213978K->169984K(520192K), 0.0007404 secs] [Times: user=0.00 sys=0.00, real=0.00 secs] 
190.700: [GC (Allocation Failure) [PSYoungGen: 47068K->0K(53760K)] 217052K->185344K(520192K), 0.0017913 secs] [Times: user=0.00 sys=0.00, real=0.00 secs] 
191.791: [GC (Allocation Failure) [PSYoungGen: 49111K->1056K(53760K)] 388055K->345120K(520192K), 0.0012329 secs] [Times: user=0.00 sys=0.00, real=0.00 secs] 
193.427: [GC (Allocation Failure) [PSYoungGen: 50170K->1056K(53760K)] 394234K->365600K(520192K), 0.0016735 secs] [Times: user=0.00 sys=0.00, real=0.00 secs] 
193.757: [GC (Allocation Failure) [PSYoungGen: 32758K->1056K(53760K)] 448502K->416800K(520192K), 0.0013308 secs] [Times: user=0.00 sys=0.00, real=0.00 secs] 
193.758: [Full GC (Ergonomics) [PSYoungGen: 1056K->0K(53760K)] [ParOldGen: 415744K->62993K(466432K)] 416800K->62993K(520192K), [Metaspace: 2796K->2796K(1056768K)], 0.0055351 secs] [Times: user=0.00 sys=0.00, real=0.00 secs] 
194.864: [GC (Allocation Failure) [PSYoungGen: 43994K->64K(53760K)] 209387K->180817K(520192K), 0.0015730 secs] [Times: user=0.00 sys=0.00, real=0.00 secs] 
196.280: [GC (Allocation Failure) [PSYoungGen: 44060K->64K(53760K)] 378414K->339537K(520192K), 0.0010388 secs] [Times: user=0.00 sys=0.00, real=0.00 secs] 
196.609: [GC (Allocation Failure) [PSYoungGen: 31774K->64K(53760K)] 422447K->411217K(520192K), 0.0022185 secs] [Times: user=0.00 sys=0.00, real=0.00 secs] 
196.611: [GC (Allocation Failure) [PSYoungGen: 64K->32K(53760K)] 411217K->411185K(520192K), 0.0009502 secs] [Times: user=0.00 sys=0.00, real=0.00 secs] 
196.612: [Full GC (Allocation Failure) [PSYoungGen: 32K->0K(53760K)] [ParOldGen: 411153K->72209K(466432K)] 411185K->72209K(520192K), [Metaspace: 2796K->2796K(1056768K)], 0.0063253 secs] [Times: user=0.00 sys=0.00, real=0.01 secs] 
197.720: [GC (Allocation Failure) [PSYoungGen: 43999K->0K(53760K)] 218609K->189969K(520192K), 0.0014293 secs] [Times: user=0.00 sys=0.00, real=0.00 secs] 
198.706: [GC (Allocation Failure) [PSYoungGen: 49120K->0K(53760K)] 392689K->348689K(520192K), 0.0009302 secs] [Times: user=0.00 sys=0.00, real=0.00 secs] 
199.255: [GC (Allocation Failure) [PSYoungGen: 36832K->0K(53760K)] 385522K->364049K(520192K), 0.0014101 secs] [Times: user=0.00 sys=0.00, real=0.00 secs] 
199.474: [GC (Allocation Failure) [PSYoungGen: 21463K->0K(53760K)] 436713K->415249K(520192K), 0.0008983 secs] [Times: user=0.00 sys=0.00, real=0.00 secs] 
199.475: [GC (Allocation Failure) [PSYoungGen: 0K->0K(53760K)] 415249K->415249K(520192K), 0.0008317 secs] [Times: user=0.00 sys=0.00, real=0.00 secs] 
199.476: [Full GC (Allocation Failure) [PSYoungGen: 0K->0K(53760K)] [ParOldGen: 415249K->133649K(466432K)] 415249K->133649K(520192K), [Metaspace: 2796K->2796K(1056768K)], 0.0099818 secs] [Times: user=0.00 sys=0.00, real=0.01 secs] 
200.689: [GC (Allocation Failure) [PSYoungGen: 36823K->0K(53760K)] 272873K->251409K(520192K), 0.0014520 secs] [Times: user=0.00 sys=0.00, real=0.00 secs] 
201.782: [GC (Allocation Failure) [PSYoungGen: 49114K->1024K(53760K)] 454124K->411153K(520192K), 0.0009111 secs] [Times: user=0.00 sys=0.00, real=0.00 secs] 
202.329: [Full GC (Ergonomics) [PSYoungGen: 48093K->0K(53760K)] [ParOldGen: 461329K->62993K(466432K)] 509423K->62993K(520192K), [Metaspace: 2796K->2796K(1056768K)], 0.0077716 secs] [Times: user=0.00 sys=0.00, real=0.01 secs] 
204.086: [GC (Allocation Failure) [PSYoungGen: 45022K->1024K(53760K)] 210416K->166417K(520192K), 0.0005273 secs] [Times: user=0.00 sys=0.00, real=0.00 secs] 
204.852: [GC (Allocation Failure) [PSYoungGen: 42975K->0K(53760K)] 208369K->180753K(520192K), 0.0017402 secs] [Times: user=0.00 sys=0.00, real=0.00 secs] 
205.836: [GC (Allocation Failure) [PSYoungGen: 49112K->0K(53760K)] 383465K->354833K(520192K), 0.0017907 secs] [Times: user=0.00 sys=0.00, real=0.00 secs] 
206.385: [GC (Allocation Failure) [PSYoungGen: 36827K->0K(53760K)] 391661K->365073K(520192K), 0.0012898 secs] [Times: user=0.00 sys=0.00, real=0.00 secs] 
206.605: [GC (Allocation Failure) [PSYoungGen: 21460K->0K(53760K)] 437734K->436753K(520192K), 0.0022768 secs] [Times: user=0.00 sys=0.00, real=0.00 secs] 
206.607: [Full GC (Ergonomics) [PSYoungGen: 0K->0K(53760K)] [ParOldGen: 436753K->92689K(466432K)] 436753K->92689K(520192K), [Metaspace: 2796K->2796K(1056768K)], 0.0077473 secs] [Times: user=0.00 sys=0.00, real=0.01 secs] 
208.477: [GC (Allocation Failure) [PSYoungGen: 46036K->0K(53760K)] 394726K->353809K(520192K), 0.0009652 secs] [Times: user=0.00 sys=0.00, real=0.00 secs] 
209.241: [GC (Allocation Failure) [PSYoungGen: 47064K->0K(53760K)] 400874K->369169K(520192K), 0.0014447 secs] [Times: user=0.00 sys=0.00, real=0.00 secs] 
209.460: [GC (Allocation Failure) [PSYoungGen: 21460K->0K(53760K)] 441830K->420369K(520192K), 0.0009551 secs] [Times: user=0.00 sys=0.00, real=0.00 secs] 
209.461: [Full GC (Ergonomics) [PSYoungGen: 0K->0K(53760K)] [ParOldGen: 420369K->108049K(466432K)] 420369K->108049K(520192K), [Metaspace: 2796K->2796K(1056768K)], 0.0084361 secs] [Times: user=0.00 sys=0.00, real=0.01 secs] 
210.570: [GC (Allocation Failure) [PSYoungGen: 43988K->0K(53760K)] 254438K->225809K(520192K), 0.0014643 secs] [Times: user=0.00 sys=0.00, real=0.00 secs] 
211.879: [GC (Allocation Failure) [PSYoungGen: 42969K->0K(53760K)] 422378K->389649K(520192K), 0.0008954 secs] [Times: user=0.00 sys=0.00, real=0.00 secs] 
212.314: [Full GC (Ergonomics) [PSYoungGen: 41947K->0K(53760K)] [ParOldGen: 440849K->56849K(466432K)] 482797K->56849K(520192K), [Metaspace: 2796K->2796K(1056768K)], 0.0058197 secs] [Times: user=0.00 sys=0.00, real=0.00 secs] 
213.416: [GC (Allocation Failure) [PSYoungGen: 43997K->1024K(53760K)] 203247K->180753K(520192K), 0.0015141 secs] [Times: user=0.00 sys=0.00, real=0.00 secs] 
214.396: [GC (Allocation Failure) [PSYoungGen: 50143K->1024K(53760K)] 383472K->344593K(520192K), 0.0011415 secs] [Times: user=0.00 sys=0.00, real=0.00 secs] 
215.705: [GC (Allocation Failure) [PSYoungGen: 48095K->0K(53760K)] 391665K->353809K(520192K), 0.0010239 secs] [Times: user=0.00 sys=0.00, real=0.00 secs] 
216.359: [GC (Allocation Failure) [PSYoungGen: 41945K->0K(53760K)] 395755K->364049K(520192K), 0.0014258 secs] [Times: user=0.00 sys=0.00, real=0.00 secs] 
216.579: [GC (Allocation Failure) [PSYoungGen: 21459K->0K(53760K)] 436709K->435729K(520192K), 0.0022863 secs] [Times: user=0.00 sys=0.00, real=0.00 secs] 
216.581: [Full GC (Ergonomics) [PSYoungGen: 0K->0K(53760K)] [ParOldGen: 435729K->77329K(466432K)] 435729K->77329K(520192K), [Metaspace: 2796K->2796K(1056768K)], 0.0063847 secs] [Times: user=0.00 sys=0.00, real=0.01 secs] 
217.685: [GC (Allocation Failure) [PSYoungGen: 43987K->0K(53760K)] 223717K->195089K(520192K), 0.0012884 secs] [Times: user=0.00 sys=0.00, real=0.00 secs] 
218.666: [GC (Allocation Failure) [PSYoungGen: 49112K->0K(53760K)] 397802K->353809K(520192K), 0.0008858 secs] [Times: user=0.00 sys=0.00, real=0.00 secs] 
Heap
 PSYoungGen      total 53760K, used 7101K [0x00000000fc780000, 0x0000000100000000, 0x0000000100000000)
  eden space 49664K, 14% used [0x00000000fc780000,0x00000000fce6f4f0,0x00000000ff800000)
  from space 4096K, 0% used [0x00000000ff800000,0x00000000ff800000,0x00000000ffc00000)
  to   space 4096K, 0% used [0x00000000ffc00000,0x00000000ffc00000,0x0000000100000000)
 ParOldGen       total 466432K, used 353809K [0x00000000e0000000, 0x00000000fc780000, 0x00000000fc780000)
  object space 466432K, 75% used [0x00000000e0000000,0x00000000f5984770,0x00000000fc780000)
 Metaspace       used 2804K, capacity 4486K, committed 4864K, reserved 1056768K
  class space    used 297K, capacity 386K, committed 512K, reserved 1048576K
