Java HotSpot(TM) 64-Bit Server VM (25.411-b09) for windows-amd64 JRE (1.8.0_411-b09), built on Mar 13 2024 07:26:13 by "java_re" with MS VC++ 17.1 (VS2022)
Memory: 4k page, physical 33403376k(12039352k free), swap 39528500k(6857348k free)
CommandLine flags: -XX:InitialHeapSize=2147483648 -XX:MaxHeapSize=2147483648 -XX:NewRatio=4 -XX:ParallelGCThreads=3 -XX:+PrintGC -XX:+PrintGCDetails -XX:+PrintGCTimeStamps -XX:-UseAdaptiveSizePolicy -XX:+UseCompressedClassPointers -XX:+UseCompressedOops -XX:-UseLargePagesIndividualAllocation -XX:+UseParallelGC 
2.740: [GC (Allocation Failure) [PSYoungGen: 309555K->32360K(367104K)] 309555K->32368K(2044928K), 0.0075696 secs] [Times: user=0.00 sys=0.00, real=0.01 secs] 
5.591: [GC (Allocation Failure) [PSYoungGen: 304769K->36408K(367104K)] 304777K->36416K(2044928K), 0.0085595 secs] [Times: user=0.00 sys=0.00, real=0.01 secs] 
7.141: [GC (Allocation Failure) [PSYoungGen: 322240K->41560K(367104K)] 322248K->92776K(2044928K), 0.0169451 secs] [Times: user=0.00 sys=0.00, real=0.02 secs] 
9.238: [GC (Allocation Failure) [PSYoungGen: 354948K->51800K(367104K)] 406164K->108136K(2044928K), 0.0157854 secs] [Times: user=0.00 sys=0.00, real=0.02 secs] 
11.326: [GC (Allocation Failure) [PSYoungGen: 336578K->31288K(367104K)] 392914K->241224K(2044928K), 0.0348062 secs] [Times: user=0.02 sys=0.02, real=0.04 secs] 
12.893: [GC (Allocation Failure) [PSYoungGen: 296630K->5688K(367104K)] 506566K->266832K(2044928K), 0.0161445 secs] [Times: user=0.01 sys=0.00, real=0.02 secs] 
14.325: [GC (Allocation Failure) [PSYoungGen: 237147K->51816K(367104K)] 498291K->329344K(2044928K), 0.0086393 secs] [Times: user=0.00 sys=0.00, real=0.01 secs] 
17.193: [GC (Allocation Failure) [PSYoungGen: 334506K->51816K(367104K)] 612034K->354944K(2044928K), 0.0076248 secs] [Times: user=0.00 sys=0.00, real=0.01 secs] 
18.628: [GC (Allocation Failure) [PSYoungGen: 283304K->51816K(367104K)] 586432K->411264K(2044928K), 0.0162015 secs] [Times: user=0.00 sys=0.00, real=0.02 secs] 
21.051: [GC (Allocation Failure) [PSYoungGen: 365216K->10856K(367104K)] 724664K->472704K(2044928K), 0.0313647 secs] [Times: user=0.02 sys=0.00, real=0.03 secs] 
22.828: [GC (Allocation Failure) [PSYoungGen: 283301K->32360K(367104K)] 745149K->494208K(2044928K), 0.0030299 secs] [Times: user=0.00 sys=0.00, real=0.00 secs] 
24.358: [GC (Allocation Failure) [PSYoungGen: 289460K->51816K(367104K)] 751308K->523904K(2044928K), 0.0051857 secs] [Times: user=0.00 sys=0.00, real=0.01 secs] 
25.791: [GC (Allocation Failure) [PSYoungGen: 283308K->51816K(367104K)] 755396K->539264K(2044928K), 0.0061994 secs] [Times: user=0.00 sys=0.00, real=0.01 secs] 
28.642: [GC (Allocation Failure) [PSYoungGen: 351189K->51816K(367104K)] 838637K->595592K(2044928K), 0.0176998 secs] [Times: user=0.01 sys=0.00, real=0.02 secs] 
30.077: [GC (Allocation Failure) [PSYoungGen: 283291K->5688K(367104K)] 827067K->651864K(2044928K), 0.0205501 secs] [Times: user=0.03 sys=0.00, real=0.02 secs] 
32.834: [GC (Allocation Failure) [PSYoungGen: 313960K->26688K(367104K)] 960136K->673408K(2044928K), 0.0031931 secs] [Times: user=0.00 sys=0.00, real=0.00 secs] 
34.359: [GC (Allocation Failure) [PSYoungGen: 309367K->51264K(367104K)] 956087K->715408K(2044928K), 0.0058435 secs] [Times: user=0.00 sys=0.00, real=0.00 secs] 
36.234: [GC (Allocation Failure) [PSYoungGen: 364681K->15392K(367104K)] 1028825K->679544K(2044928K), 0.0024784 secs] [Times: user=0.00 sys=0.00, real=0.00 secs] 
38.525: [GC (Allocation Failure) [PSYoungGen: 310448K->41024K(367104K)] 974601K->725656K(2044928K), 0.0086910 secs] [Times: user=0.00 sys=0.00, real=0.01 secs] 
41.153: [GC (Allocation Failure) [PSYoungGen: 351449K->20512K(367104K)] 1036082K->807544K(2044928K), 0.0329908 secs] [Times: user=0.00 sys=0.02, real=0.03 secs] 
44.236: [GC (Allocation Failure) [PSYoungGen: 313471K->31776K(367104K)] 1100504K->818816K(2044928K), 0.0041575 secs] [Times: user=0.00 sys=0.00, real=0.00 secs] 
45.764: [GC (Allocation Failure) [PSYoungGen: 314515K->51232K(367104K)] 1101555K->864896K(2044928K), 0.0072912 secs] [Times: user=0.00 sys=0.00, real=0.01 secs] 
47.745: [GC (Allocation Failure) [PSYoungGen: 364687K->25632K(367104K)] 1178352K->839296K(2044928K), 0.0031214 secs] [Times: user=0.00 sys=0.00, real=0.00 secs] 
49.928: [GC (Allocation Failure) [PSYoungGen: 315618K->51232K(367104K)] 1129282K->916096K(2044928K), 0.0173409 secs] [Times: user=0.02 sys=0.00, real=0.02 secs] 
51.466: [GC (Allocation Failure) [PSYoungGen: 313468K->51232K(367104K)] 1178332K->921216K(2044928K), 0.0051959 secs] [Times: user=0.00 sys=0.00, real=0.00 secs] 
52.886: [GC (Allocation Failure) [PSYoungGen: 282769K->51232K(367104K)] 1152753K->927360K(2044928K), 0.0057558 secs] [Times: user=0.00 sys=0.00, real=0.01 secs] 
55.745: [GC (Allocation Failure) [PSYoungGen: 323732K->51232K(367104K)] 1199861K->942720K(2044928K), 0.0057827 secs] [Times: user=0.00 sys=0.00, real=0.01 secs] 
57.179: [GC (Allocation Failure) [PSYoungGen: 282751K->51232K(367104K)] 1174240K->968320K(2044928K), 0.0084558 secs] [Times: user=0.00 sys=0.00, real=0.01 secs] 
59.266: [GC (Allocation Failure) [PSYoungGen: 364661K->5120K(367104K)] 1281750K->973424K(2044928K), 0.0165907 secs] [Times: user=0.00 sys=0.00, real=0.02 secs] 
61.355: [GC (Allocation Failure) [PSYoungGen: 289952K->30720K(367104K)] 1258257K->1101424K(2044928K), 0.0326484 secs] [Times: user=0.00 sys=0.02, real=0.03 secs] 
62.912: [GC (Allocation Failure) [PSYoungGen: 294049K->5120K(367104K)] 1364754K->1127024K(2044928K), 0.0174266 secs] [Times: user=0.03 sys=0.00, real=0.02 secs] 
64.345: [GC (Allocation Failure) [PSYoungGen: 236606K->51200K(367104K)] 1358511K->1189488K(2044928K), 0.0075448 secs] [Times: user=0.00 sys=0.02, real=0.01 secs] 
67.202: [GC (Allocation Failure) [PSYoungGen: 333908K->51200K(367104K)] 1472196K->1215088K(2044928K), 0.0088284 secs] [Times: user=0.00 sys=0.00, real=0.01 secs] 
68.636: [GC (Allocation Failure) [PSYoungGen: 282699K->51200K(367104K)] 1446588K->1271408K(2044928K), 0.0188418 secs] [Times: user=0.00 sys=0.00, real=0.02 secs] 
71.059: [GC (Allocation Failure) [PSYoungGen: 364607K->10240K(367104K)] 1584816K->1332848K(2044928K), 0.0320713 secs] [Times: user=0.00 sys=0.02, real=0.03 secs] 
72.836: [GC (Allocation Failure) [PSYoungGen: 282689K->31744K(367104K)] 1605298K->1354352K(2044928K), 0.0035242 secs] [Times: user=0.00 sys=0.00, real=0.00 secs] 
74.360: [GC (Allocation Failure) [PSYoungGen: 288847K->51200K(367104K)] 1611456K->1384048K(2044928K), 0.0058477 secs] [Times: user=0.00 sys=0.00, real=0.00 secs] 
75.794: [GC (Allocation Failure) [PSYoungGen: 282693K->51200K(367104K)] 1615542K->1399408K(2044928K), 0.0059582 secs] [Times: user=0.00 sys=0.00, real=0.01 secs] 
78.636: [GC (Allocation Failure) [PSYoungGen: 349243K->51200K(367104K)] 1697452K->1455728K(2044928K), 0.0183692 secs] [Times: user=0.00 sys=0.00, real=0.02 secs] 
80.072: [GC (Allocation Failure) [PSYoungGen: 282685K->51200K(367104K)] 1687214K->1512048K(2044928K), 0.0180136 secs] [Times: user=0.00 sys=0.01, real=0.02 secs] 
82.816: [GC (Allocation Failure) [PSYoungGen: 359478K->26624K(367104K)] 1820327K->1487473K(2044928K), 0.0036035 secs] [Times: user=0.01 sys=0.00, real=0.00 secs] 
84.343: [GC (Allocation Failure) [PSYoungGen: 309307K->51200K(367104K)] 1770156K->1529457K(2044928K), 0.0067854 secs] [Times: user=0.00 sys=0.00, real=0.01 secs] 
86.213: [GC (Allocation Failure) [PSYoungGen: 364620K->15360K(367104K)] 1842877K->1493617K(2044928K), 0.0027925 secs] [Times: user=0.00 sys=0.00, real=0.00 secs] 
88.506: [GC (Allocation Failure) [PSYoungGen: 310420K->40960K(367104K)] 1788677K->1539697K(2044928K), 0.0152813 secs] [Times: user=0.00 sys=0.00, real=0.02 secs] 
91.141: [GC (Allocation Failure) [PSYoungGen: 351387K->20480K(367104K)] 1850125K->1621617K(2044928K), 0.0317605 secs] [Times: user=0.02 sys=0.00, real=0.03 secs] 
91.173: [Full GC (Ergonomics) [PSYoungGen: 20480K->0K(367104K)] [ParOldGen: 1601137K->123409K(1677824K)] 1621617K->123409K(2044928K), [Metaspace: 2796K->2796K(1056768K)], 0.0248164 secs] [Times: user=0.00 sys=0.00, real=0.02 secs] 
94.261: [GC (Allocation Failure) [PSYoungGen: 292960K->31744K(367104K)] 416369K->155153K(2044928K), 0.0027302 secs] [Times: user=0.00 sys=0.00, real=0.00 secs] 
95.787: [GC (Allocation Failure) [PSYoungGen: 314437K->51200K(367104K)] 437846K->201233K(2044928K), 0.0068005 secs] [Times: user=0.00 sys=0.00, real=0.01 secs] 
97.761: [GC (Allocation Failure) [PSYoungGen: 364626K->25600K(367104K)] 514659K->175633K(2044928K), 0.0025022 secs] [Times: user=0.00 sys=0.00, real=0.00 secs] 
99.945: [GC (Allocation Failure) [PSYoungGen: 315548K->51200K(367104K)] 465581K->252433K(2044928K), 0.0070401 secs] [Times: user=0.00 sys=0.00, real=0.01 secs] 
101.469: [GC (Allocation Failure) [PSYoungGen: 313424K->5120K(367104K)] 514657K->257553K(2044928K), 0.0046778 secs] [Times: user=0.00 sys=0.00, real=0.00 secs] 
102.889: [GC (Allocation Failure) [PSYoungGen: 236649K->11264K(367104K)] 489082K->314897K(2044928K), 0.0056032 secs] [Times: user=0.00 sys=0.00, real=0.01 secs] 
105.732: [GC (Allocation Failure) [PSYoungGen: 283759K->51200K(367104K)] 587393K->370193K(2044928K), 0.0158158 secs] [Times: user=0.00 sys=0.00, real=0.02 secs] 
107.169: [GC (Allocation Failure) [PSYoungGen: 282716K->51200K(367104K)] 601709K->395793K(2044928K), 0.0053490 secs] [Times: user=0.00 sys=0.00, real=0.00 secs] 
109.243: [GC (Allocation Failure) [PSYoungGen: 364627K->5120K(367104K)] 709221K->400913K(2044928K), 0.0046259 secs] [Times: user=0.00 sys=0.00, real=0.00 secs] 
111.310: [GC (Allocation Failure) [PSYoungGen: 289949K->30720K(367104K)] 685743K->528913K(2044928K), 0.0153037 secs] [Times: user=0.00 sys=0.00, real=0.02 secs] 
112.853: [GC (Allocation Failure) [PSYoungGen: 294048K->51200K(367104K)] 792241K->554513K(2044928K), 0.0047489 secs] [Times: user=0.00 sys=0.00, real=0.00 secs] 
114.268: [GC (Allocation Failure) [PSYoungGen: 282685K->51200K(367104K)] 785999K->565777K(2044928K), 0.0056012 secs] [Times: user=0.00 sys=0.00, real=0.00 secs] 
117.119: [GC (Allocation Failure) [PSYoungGen: 333907K->51200K(367104K)] 848485K->591377K(2044928K), 0.0060644 secs] [Times: user=0.00 sys=0.00, real=0.01 secs] 
118.541: [GC (Allocation Failure) [PSYoungGen: 282699K->5120K(367104K)] 822877K->647697K(2044928K), 0.0059375 secs] [Times: user=0.00 sys=0.00, real=0.00 secs] 
120.958: [GC (Allocation Failure) [PSYoungGen: 318527K->10240K(367104K)] 961105K->755217K(2044928K), 0.0151677 secs] [Times: user=0.02 sys=0.00, real=0.02 secs] 
122.721: [GC (Allocation Failure) [PSYoungGen: 282689K->31744K(367104K)] 1027667K->776721K(2044928K), 0.0033926 secs] [Times: user=0.00 sys=0.00, real=0.00 secs] 
124.248: [GC (Allocation Failure) [PSYoungGen: 288847K->51200K(367104K)] 1033825K->806417K(2044928K), 0.0059326 secs] [Times: user=0.00 sys=0.00, real=0.00 secs] 
125.682: [GC (Allocation Failure) [PSYoungGen: 282693K->51200K(367104K)] 1037911K->821777K(2044928K), 0.0054165 secs] [Times: user=0.00 sys=0.00, real=0.00 secs] 
128.517: [GC (Allocation Failure) [PSYoungGen: 349243K->51200K(367104K)] 1119821K->878097K(2044928K), 0.0061666 secs] [Times: user=0.00 sys=0.00, real=0.01 secs] 
129.953: [GC (Allocation Failure) [PSYoungGen: 282685K->51200K(367104K)] 1109583K->934417K(2044928K), 0.0074350 secs] [Times: user=0.00 sys=0.00, real=0.01 secs] 
132.698: [GC (Allocation Failure) [PSYoungGen: 359478K->26624K(367104K)] 1242696K->909841K(2044928K), 0.0030132 secs] [Times: user=0.00 sys=0.00, real=0.00 secs] 
134.222: [GC (Allocation Failure) [PSYoungGen: 309307K->51200K(367104K)] 1192525K->951825K(2044928K), 0.0064387 secs] [Times: user=0.00 sys=0.00, real=0.01 secs] 
136.096: [GC (Allocation Failure) [PSYoungGen: 364620K->15360K(367104K)] 1265246K->915985K(2044928K), 0.0022930 secs] [Times: user=0.00 sys=0.00, real=0.00 secs] 
138.382: [GC (Allocation Failure) [PSYoungGen: 310420K->40960K(367104K)] 1211046K->962065K(2044928K), 0.0049185 secs] [Times: user=0.00 sys=0.00, real=0.00 secs] 
140.998: [GC (Allocation Failure) [PSYoungGen: 351387K->20480K(367104K)] 1272493K->1043985K(2044928K), 0.0159019 secs] [Times: user=0.00 sys=0.00, real=0.02 secs] 
144.075: [GC (Allocation Failure) [PSYoungGen: 313440K->31744K(367104K)] 1336946K->1055249K(2044928K), 0.0033477 secs] [Times: user=0.00 sys=0.00, real=0.00 secs] 
145.603: [GC (Allocation Failure) [PSYoungGen: 314483K->26624K(367104K)] 1337989K->1101329K(2044928K), 0.0066943 secs] [Times: user=0.00 sys=0.00, real=0.01 secs] 
147.579: [GC (Allocation Failure) [PSYoungGen: 340080K->25600K(367104K)] 1414786K->1100305K(2044928K), 0.0033371 secs] [Times: user=0.00 sys=0.00, real=0.00 secs] 
149.759: [GC (Allocation Failure) [PSYoungGen: 315586K->51200K(367104K)] 1390292K->1177106K(2044928K), 0.0079077 secs] [Times: user=0.00 sys=0.00, real=0.01 secs] 
151.307: [GC (Allocation Failure) [PSYoungGen: 313436K->5120K(367104K)] 1439342K->1182225K(2044928K), 0.0054728 secs] [Times: user=0.00 sys=0.00, real=0.01 secs] 
152.739: [GC (Allocation Failure) [PSYoungGen: 236657K->51200K(367104K)] 1413763K->1239570K(2044928K), 0.0056698 secs] [Times: user=0.00 sys=0.00, real=0.00 secs] 
155.569: [GC (Allocation Failure) [PSYoungGen: 323700K->51200K(367104K)] 1512070K->1254930K(2044928K), 0.0060992 secs] [Times: user=0.00 sys=0.00, real=0.01 secs] 
157.004: [GC (Allocation Failure) [PSYoungGen: 282719K->25600K(367104K)] 1486449K->1280530K(2044928K), 0.0073750 secs] [Times: user=0.00 sys=0.00, real=0.01 secs] 
159.092: [GC (Allocation Failure) [PSYoungGen: 339029K->51200K(367104K)] 1593959K->1311250K(2044928K), 0.0056442 secs] [Times: user=0.00 sys=0.00, real=0.01 secs] 
161.164: [GC (Allocation Failure) [PSYoungGen: 336032K->30720K(367104K)] 1596082K->1444370K(2044928K), 0.0156555 secs] [Times: user=0.00 sys=0.00, real=0.02 secs] 
162.703: [GC (Allocation Failure) [PSYoungGen: 294049K->51200K(367104K)] 1707700K->1469970K(2044928K), 0.0059653 secs] [Times: user=0.00 sys=0.00, real=0.01 secs] 
164.138: [GC (Allocation Failure) [PSYoungGen: 282686K->11264K(367104K)] 1701456K->1481234K(2044928K), 0.0065083 secs] [Times: user=0.00 sys=0.00, real=0.01 secs] 
166.984: [GC (Allocation Failure) [PSYoungGen: 293972K->25600K(367104K)] 1763942K->1546770K(2044928K), 0.0067292 secs] [Times: user=0.00 sys=0.00, real=0.01 secs] 
168.416: [GC (Allocation Failure) [PSYoungGen: 257099K->30720K(367104K)] 1778270K->1654290K(2044928K), 0.0155379 secs] [Times: user=0.00 sys=0.00, real=0.02 secs] 
168.432: [Full GC (Ergonomics) [PSYoungGen: 30720K->0K(367104K)] [ParOldGen: 1623570K->82449K(1677824K)] 1654290K->82449K(2044928K), [Metaspace: 2796K->2796K(1056768K)], 0.0119623 secs] [Times: user=0.00 sys=0.00, real=0.01 secs] 
170.846: [GC (Allocation Failure) [PSYoungGen: 313407K->10240K(367104K)] 395856K->195089K(2044928K), 0.0157725 secs] [Times: user=0.02 sys=0.00, real=0.02 secs] 
172.605: [GC (Allocation Failure) [PSYoungGen: 282675K->31744K(367104K)] 467524K->216593K(2044928K), 0.0024777 secs] [Times: user=0.00 sys=0.00, real=0.00 secs] 
174.133: [GC (Allocation Failure) [PSYoungGen: 288838K->10240K(367104K)] 473687K->246289K(2044928K), 0.0153266 secs] [Times: user=0.00 sys=0.00, real=0.02 secs] 
175.568: [GC (Allocation Failure) [PSYoungGen: 241727K->25600K(367104K)] 477777K->312849K(2044928K), 0.0152818 secs] [Times: user=0.02 sys=0.00, real=0.01 secs] 
178.417: [GC (Allocation Failure) [PSYoungGen: 323639K->5120K(367104K)] 610889K->394769K(2044928K), 0.0156690 secs] [Times: user=0.00 sys=0.00, real=0.02 secs] 
179.849: [GC (Allocation Failure) [PSYoungGen: 236603K->10240K(367104K)] 626252K->451089K(2044928K), 0.0049799 secs] [Times: user=0.00 sys=0.00, real=0.01 secs] 
182.588: [GC (Allocation Failure) [PSYoungGen: 318517K->26624K(367104K)] 759366K->467473K(2044928K), 0.0025265 secs] [Times: user=0.00 sys=0.00, real=0.00 secs] 
184.118: [GC (Allocation Failure) [PSYoungGen: 309306K->17408K(367104K)] 750156K->509457K(2044928K), 0.0054800 secs] [Times: user=0.00 sys=0.00, real=0.01 secs] 
185.974: [GC (Allocation Failure) [PSYoungGen: 330827K->15360K(367104K)] 822877K->507409K(2044928K), 0.0016759 secs] [Times: user=0.00 sys=0.00, real=0.00 secs] 
188.271: [GC (Allocation Failure) [PSYoungGen: 310419K->40960K(367104K)] 802468K->553489K(2044928K), 0.0042272 secs] [Times: user=0.01 sys=0.00, real=0.00 secs] 
190.892: [GC (Allocation Failure) [PSYoungGen: 351387K->20480K(367104K)] 863916K->635409K(2044928K), 0.0153282 secs] [Times: user=0.00 sys=0.00, real=0.02 secs] 
193.961: [GC (Allocation Failure) [PSYoungGen: 313440K->31776K(367104K)] 928369K->646705K(2044928K), 0.0029054 secs] [Times: user=0.00 sys=0.00, real=0.00 secs] 
195.491: [GC (Allocation Failure) [PSYoungGen: 314515K->26688K(367104K)] 929445K->692817K(2044928K), 0.0065567 secs] [Times: user=0.00 sys=0.00, real=0.01 secs] 
197.467: [GC (Allocation Failure) [PSYoungGen: 340144K->25664K(367104K)] 1006273K->691793K(2044928K), 0.0027739 secs] [Times: user=0.00 sys=0.00, real=0.00 secs] 
199.649: [GC (Allocation Failure) [PSYoungGen: 315650K->51232K(367104K)] 981779K->768561K(2044928K), 0.0077354 secs] [Times: user=0.00 sys=0.00, real=0.01 secs] 
201.195: [GC (Allocation Failure) [PSYoungGen: 313468K->5152K(367104K)] 1030797K->773681K(2044928K), 0.0051007 secs] [Times: user=0.00 sys=0.00, real=0.01 secs] 
202.615: [GC (Allocation Failure) [PSYoungGen: 236689K->11328K(367104K)] 1005218K->831057K(2044928K), 0.0056189 secs] [Times: user=0.02 sys=0.00, real=0.01 secs] 
205.467: [GC (Allocation Failure) [PSYoungGen: 283828K->15392K(367104K)] 1103558K->886321K(2044928K), 0.0057646 secs] [Times: user=0.00 sys=0.00, real=0.01 secs] 
206.888: [GC (Allocation Failure) [PSYoungGen: 246911K->41024K(367104K)] 1117841K->963153K(2044928K), 0.0064040 secs] [Times: user=0.00 sys=0.00, real=0.01 secs] 
208.982: [GC (Allocation Failure) [PSYoungGen: 354453K->51264K(367104K)] 1276583K->978513K(2044928K), 0.0053508 secs] [Times: user=0.00 sys=0.00, real=0.00 secs] 
211.058: [GC (Allocation Failure) [PSYoungGen: 336096K->51232K(367104K)] 1263346K->1111601K(2044928K), 0.0152585 secs] [Times: user=0.00 sys=0.00, real=0.01 secs] 
212.601: [GC (Allocation Failure) [PSYoungGen: 314561K->5184K(367104K)] 1374931K->1116753K(2044928K), 0.0054511 secs] [Times: user=0.00 sys=0.00, real=0.00 secs] 
214.020: [GC (Allocation Failure) [PSYoungGen: 236670K->16448K(367104K)] 1348240K->1179217K(2044928K), 0.0060607 secs] [Times: user=0.00 sys=0.00, real=0.01 secs] 
216.871: [GC (Allocation Failure) [PSYoungGen: 299156K->25664K(367104K)] 1461925K->1239633K(2044928K), 0.0061415 secs] [Times: user=0.00 sys=0.00, real=0.01 secs] 
218.303: [GC (Allocation Failure) [PSYoungGen: 257163K->30752K(367104K)] 1471133K->1347121K(2044928K), 0.0090862 secs] [Times: user=0.00 sys=0.00, real=0.01 secs] 
Heap
 PSYoungGen      total 367104K, used 166137K [0x00000000e6680000, 0x0000000100000000, 0x0000000100000000)
  eden space 314880K, 42% used [0x00000000e6680000,0x00000000eeab65a8,0x00000000f9a00000)
  from space 52224K, 58% used [0x00000000f9a00000,0x00000000fb808030,0x00000000fcd00000)
  to   space 52224K, 0% used [0x00000000fcd00000,0x00000000fcd00000,0x0000000100000000)
 ParOldGen       total 1677824K, used 1316369K [0x0000000080000000, 0x00000000e6680000, 0x00000000e6680000)
  object space 1677824K, 78% used [0x0000000080000000,0x00000000d0584718,0x00000000e6680000)
 Metaspace       used 2804K, capacity 4486K, committed 4864K, reserved 1056768K
  class space    used 297K, capacity 386K, committed 512K, reserved 1048576K
