Java HotSpot(TM) 64-Bit Server VM (25.411-b09) for windows-amd64 JRE (1.8.0_411-b09), built on Mar 13 2024 07:26:13 by "java_re" with MS VC++ 17.1 (VS2022)
Memory: 4k page, physical 33403376k(15162480k free), swap 35500528k(6997620k free)
CommandLine flags: -XX:InitialHeapSize=536870912 -XX:MaxHeapSize=536870912 -XX:ParallelGCThreads=2 -XX:+PrintGC -XX:+PrintGCDetails -XX:+PrintGCTimeStamps -XX:+UseCompressedClassPointers -XX:+UseCompressedOops -XX:-UseLargePagesIndividualAllocation -XX:+UseParallelGC 
1.742: [GC (Allocation Failure) [PSYoungGen: 131215K->7768K(153088K)] 233615K->110176K(502784K), 0.0026989 secs] [Times: user=0.00 sys=0.00, real=0.00 secs] 
3.302: [GC (Allocation Failure) [PSYoungGen: 138400K->17976K(153088K)] 343208K->222784K(502784K), 0.0047671 secs] [Times: user=0.00 sys=0.00, real=0.01 secs] 
5.597: [GC (Allocation Failure) [PSYoungGen: 128128K->15896K(153088K)] 332936K->241184K(502784K), 0.0080988 secs] [Times: user=0.00 sys=0.00, real=0.01 secs] 
7.069: [Full GC (Ergonomics) [PSYoungGen: 142719K->0K(153088K)] [ParOldGen: 327688K->41488K(349696K)] 470407K->41488K(502784K), [Metaspace: 2759K->2759K(1056768K)], 0.0101541 secs] [Times: user=0.00 sys=0.00, real=0.01 secs] 
8.503: [GC (Allocation Failure) [PSYoungGen: 89668K->20480K(153088K)] 233557K->164368K(502784K), 0.0024578 secs] [Times: user=0.00 sys=0.00, real=0.00 secs] 
9.921: [GC (Allocation Failure) [PSYoungGen: 145989K->20480K(149504K)] 392278K->323089K(499200K), 0.0059947 secs] [Times: user=0.00 sys=0.00, real=0.01 secs] 
9.927: [Full GC (Ergonomics) [PSYoungGen: 20480K->0K(149504K)] [ParOldGen: 302608K->77328K(349696K)] 323089K->77328K(499200K), [Metaspace: 2761K->2761K(1056768K)], 0.0083875 secs] [Times: user=0.00 sys=0.00, real=0.01 secs] 
11.351: [GC (Allocation Failure) [PSYoungGen: 125449K->5120K(141312K)] 305178K->205328K(491008K), 0.0024272 secs] [Times: user=0.00 sys=0.00, real=0.00 secs] 
12.770: [Full GC (Ergonomics) [PSYoungGen: 110680K->0K(141312K)] [ParOldGen: 302608K->26129K(349696K)] 413289K->26129K(491008K), [Metaspace: 2763K->2763K(1056768K)], 0.0040462 secs] [Times: user=0.00 sys=0.00, real=0.00 secs] 
14.080: [GC (Allocation Failure) [PSYoungGen: 104785K->21504K(138752K)] 233314K->150033K(488448K), 0.0020305 secs] [Times: user=0.00 sys=0.00, real=0.00 secs] 
15.391: [GC (Allocation Failure) [PSYoungGen: 136478K->26624K(139264K)] 367407K->257553K(488960K), 0.0020886 secs] [Times: user=0.00 sys=0.00, real=0.00 secs] 
17.029: [GC (Allocation Failure) [PSYoungGen: 110745K->25600K(133632K)] 341674K->277009K(483328K), 0.0032105 secs] [Times: user=0.00 sys=0.00, real=0.00 secs] 
17.138: [GC (Allocation Failure) [PSYoungGen: 78949K->5120K(139264K)] 330358K->307729K(488960K), 0.0047856 secs] [Times: user=0.00 sys=0.00, real=0.01 secs] 
17.143: [Full GC (Ergonomics) [PSYoungGen: 5120K->0K(139264K)] [ParOldGen: 302609K->77329K(349696K)] 307729K->77329K(488960K), [Metaspace: 2768K->2768K(1056768K)], 0.0066565 secs] [Times: user=0.00 sys=0.00, real=0.01 secs] 
17.482: [GC (Allocation Failure) [PSYoungGen: 104497K->1024K(106496K)] 181826K->78353K(456192K), 0.0004529 secs] [Times: user=0.00 sys=0.00, real=0.00 secs] 
18.465: [GC (Allocation Failure) [PSYoungGen: 74787K->25600K(135680K)] 152116K->102929K(485376K), 0.0023174 secs] [Times: user=0.00 sys=0.00, real=0.00 secs] 
20.759: [Full GC (Ergonomics) [PSYoungGen: 122819K->0K(135680K)] [ParOldGen: 333329K->108049K(349696K)] 456148K->108049K(485376K), [Metaspace: 2779K->2779K(1056768K)], 0.0092712 secs] [Times: user=0.00 sys=0.00, real=0.01 secs] 
22.518: [GC (Allocation Failure) [PSYoungGen: 95174K->21504K(137216K)] 356823K->283153K(486912K), 0.0019133 secs] [Times: user=0.00 sys=0.00, real=0.00 secs] 
22.843: [GC (Allocation Failure) [PSYoungGen: 105416K->0K(135168K)] 367065K->324113K(484864K), 0.0056156 secs] [Times: user=0.00 sys=0.00, real=0.00 secs] 
22.848: [Full GC (Ergonomics) [PSYoungGen: 0K->0K(135168K)] [ParOldGen: 324113K->165393K(349696K)] 324113K->165393K(484864K), [Metaspace: 2779K->2779K(1056768K)], 0.0056260 secs] [Times: user=0.00 sys=0.00, real=0.01 secs] 
24.276: [Full GC (Ergonomics) [PSYoungGen: 49049K->0K(135168K)] [ParOldGen: 318993K->61969K(349696K)] 368042K->61969K(484864K), [Metaspace: 2779K->2779K(1056768K)], 0.0058092 secs] [Times: user=0.00 sys=0.00, real=0.01 secs] 
26.467: [Full GC (Ergonomics) [PSYoungGen: 97181K->0K(135168K)] [ParOldGen: 317969K->36369K(349696K)] 415150K->36369K(484864K), [Metaspace: 2780K->2780K(1056768K)], 0.0041383 secs] [Times: user=0.00 sys=0.00, real=0.00 secs] 
28.213: [GC (Allocation Failure) [PSYoungGen: 89404K->15392K(136192K)] 125773K->51769K(485888K), 0.0013849 secs] [Times: user=0.00 sys=0.00, real=0.00 secs] 
29.083: [GC (Allocation Failure) [PSYoungGen: 110518K->5120K(138752K)] 249296K->200225K(488448K), 0.0049825 secs] [Times: user=0.00 sys=0.00, real=0.00 secs] 
29.843: [GC (Allocation Failure) [PSYoungGen: 68609K->25600K(127488K)] 263714K->220705K(477184K), 0.0024155 secs] [Times: user=0.00 sys=0.00, real=0.00 secs] 
31.377: [Full GC (Ergonomics) [PSYoungGen: 105434K->0K(127488K)] [ParOldGen: 297505K->6144K(349696K)] 402939K->6144K(477184K), [Metaspace: 2793K->2793K(1056768K)], 0.0023485 secs] [Times: user=0.00 sys=0.00, real=0.00 secs] 
33.558: [GC (Allocation Failure) [PSYoungGen: 97248K->12288K(138752K)] 359392K->274432K(488448K), 0.0015470 secs] [Times: user=0.00 sys=0.00, real=0.00 secs] 
34.208: [Full GC (Ergonomics) [PSYoungGen: 65498K->0K(138752K)] [ParOldGen: 313344K->69137K(349696K)] 378842K->69137K(488448K), [Metaspace: 2793K->2793K(1056768K)], 0.0062360 secs] [Times: user=0.00 sys=0.00, real=0.01 secs] 
35.759: [Full GC (Ergonomics) [PSYoungGen: 100316K->0K(138752K)] [ParOldGen: 273937K->113169K(349696K)] 374254K->113169K(488448K), [Metaspace: 2793K->2793K(1056768K)], 0.0093224 secs] [Times: user=0.00 sys=0.00, real=0.01 secs] 
37.829: [Full GC (Ergonomics) [PSYoungGen: 97246K->0K(138752K)] [ParOldGen: 266769K->46609K(349696K)] 364015K->46609K(488448K), [Metaspace: 2793K->2793K(1056768K)], 0.0048576 secs] [Times: user=0.00 sys=0.00, real=0.00 secs] 
39.683: [GC (Allocation Failure) [PSYoungGen: 94175K->15360K(136704K)] 191984K->113169K(486400K), 0.0014586 secs] [Times: user=0.00 sys=0.00, real=0.00 secs] 
40.774: [GC (Allocation Failure) [PSYoungGen: 115680K->10240K(141312K)] 315889K->215569K(491008K), 0.0012239 secs] [Times: user=0.00 sys=0.00, real=0.00 secs] 
41.758: [Full GC (Ergonomics) [PSYoungGen: 114779K->0K(141312K)] [ParOldGen: 307729K->119313K(349696K)] 422508K->119313K(491008K), [Metaspace: 2793K->2793K(1056768K)], 0.0097330 secs] [Times: user=0.00 sys=0.00, real=0.01 secs] 
44.063: [GC (Allocation Failure) [PSYoungGen: 99419K->31744K(137216K)] 218733K->151057K(486912K), 0.0027379 secs] [Times: user=0.00 sys=0.00, real=0.00 secs] 
45.375: [GC (Allocation Failure) [PSYoungGen: 136242K->26624K(131072K)] 357955K->248337K(480768K), 0.0020849 secs] [Times: user=0.00 sys=0.00, real=0.00 secs] 
46.794: [Full GC (Ergonomics) [PSYoungGen: 121722K->0K(131072K)] [ParOldGen: 324113K->11264K(349696K)] 445835K->11264K(480768K), [Metaspace: 2795K->2795K(1056768K)], 0.0026325 secs] [Times: user=0.00 sys=0.00, real=0.00 secs] 
47.773: [GC (Allocation Failure) [PSYoungGen: 95098K->30720K(125440K)] 208762K->144384K(475136K), 0.0023152 secs] [Times: user=0.00 sys=0.00, real=0.00 secs] 
49.404: [GC (Allocation Failure) [PSYoungGen: 115548K->35840K(124416K)] 382812K->303104K(474112K), 0.0029999 secs] [Times: user=0.00 sys=0.00, real=0.00 secs] 
49.840: [Full GC (Ergonomics) [PSYoungGen: 78448K->0K(124416K)] [ParOldGen: 318464K->133649K(349696K)] 396912K->133649K(474112K), [Metaspace: 2795K->2795K(1056768K)], 0.0118417 secs] [Times: user=0.00 sys=0.00, real=0.01 secs] 
51.275: [GC (Allocation Failure) [PSYoungGen: 57968K->5120K(128512K)] 345218K->292369K(478208K), 0.0009822 secs] [Times: user=0.00 sys=0.00, real=0.00 secs] 
51.276: [GC (Allocation Failure) [PSYoungGen: 5120K->5120K(128512K)] 292369K->292369K(478208K), 0.0008365 secs] [Times: user=0.00 sys=0.00, real=0.00 secs] 
51.277: [Full GC (Allocation Failure) [PSYoungGen: 5120K->0K(128512K)] [ParOldGen: 287249K->56849K(349696K)] 292369K->56849K(478208K), [Metaspace: 2795K->2795K(1056768K)], 0.0052769 secs] [Times: user=0.00 sys=0.00, real=0.00 secs] 
53.144: [Full GC (Ergonomics) [PSYoungGen: 81520K->0K(128512K)] [ParOldGen: 312849K->17937K(349696K)] 394370K->17937K(478208K), [Metaspace: 2795K->2795K(1056768K)], 0.0029276 secs] [Times: user=0.00 sys=0.00, real=0.00 secs] 
55.216: [GC (Allocation Failure) [PSYoungGen: 78448K->15360K(128512K)] 96386K->33297K(478208K), 0.0013092 secs] [Times: user=0.00 sys=0.00, real=0.00 secs] 
56.634: [GC (Allocation Failure) [PSYoungGen: 89708K->30720K(126976K)] 261245K->202257K(476672K), 0.0021697 secs] [Times: user=0.00 sys=0.00, real=0.00 secs] 
58.267: [Full GC (Ergonomics) [PSYoungGen: 99970K->0K(126976K)] [ParOldGen: 325137K->21504K(349696K)] 425107K->21504K(476672K), [Metaspace: 2796K->2796K(1056768K)], 0.0032004 secs] [Times: user=0.00 sys=0.00, real=0.00 secs] 
59.247: [GC (Allocation Failure) [PSYoungGen: 79491K->10240K(129024K)] 203395K->185344K(478720K), 0.0051614 secs] [Times: user=0.00 sys=0.00, real=0.00 secs] 
60.773: [Full GC (Ergonomics) [PSYoungGen: 89732K->0K(129024K)] [ParOldGen: 328704K->169489K(349696K)] 418436K->169489K(478720K), [Metaspace: 2796K->2796K(1056768K)], 0.0128373 secs] [Times: user=0.00 sys=0.00, real=0.01 secs] 
62.422: [Full GC (Ergonomics) [PSYoungGen: 73348K->0K(129024K)] [ParOldGen: 323089K->16384K(349696K)] 396437K->16384K(478720K), [Metaspace: 2796K->2796K(1056768K)], 0.0026911 secs] [Times: user=0.00 sys=0.00, real=0.00 secs] 
63.076: [GC (Allocation Failure) [PSYoungGen: 79492K->6144K(130560K)] 198276K->124928K(480256K), 0.0008259 secs] [Times: user=0.00 sys=0.00, real=0.00 secs] 
64.714: [GC (Allocation Failure) [PSYoungGen: 90808K->20480K(130048K)] 363192K->293888K(479744K), 0.0025792 secs] [Times: user=0.00 sys=0.00, real=0.00 secs] 
66.568: [GC (Allocation Failure) [PSYoungGen: 99000K->15360K(134144K)] 372408K->288768K(483840K), 0.0020217 secs] [Times: user=0.00 sys=0.00, real=0.00 secs] 
66.898: [GC (Allocation Failure) [PSYoungGen: 99107K->20480K(132096K)] 372515K->350208K(481792K), 0.0060232 secs] [Times: user=0.00 sys=0.00, real=0.01 secs] 
66.904: [Full GC (Ergonomics) [PSYoungGen: 20480K->0K(132096K)] [ParOldGen: 329728K->77329K(349696K)] 350208K->77329K(481792K), [Metaspace: 2796K->2796K(1056768K)], 0.0068427 secs] [Times: user=0.00 sys=0.00, real=0.01 secs] 
68.876: [Full GC (Ergonomics) [PSYoungGen: 86807K->0K(132096K)] [ParOldGen: 333329K->87569K(349696K)] 420136K->87569K(481792K), [Metaspace: 2796K->2796K(1056768K)], 0.0074496 secs] [Times: user=0.00 sys=0.00, real=0.01 secs] 
70.621: [GC (Allocation Failure) [PSYoungGen: 89885K->10240K(136192K)] 279855K->200209K(485888K), 0.0011385 secs] [Times: user=0.00 sys=0.00, real=0.00 secs] 
72.254: [Full GC (Ergonomics) [PSYoungGen: 100231K->0K(136192K)] [ParOldGen: 343569K->124433K(349696K)] 443801K->124433K(485888K), [Metaspace: 2796K->2796K(1056768K)], 0.0103334 secs] [Times: user=0.00 sys=0.00, real=0.01 secs] 
73.577: [GC (Allocation Failure) [PSYoungGen: 89994K->5120K(135168K)] 316827K->231953K(484864K), 0.0008890 secs] [Times: user=0.00 sys=0.00, real=0.00 secs] 
74.338: [Full GC (Ergonomics) [PSYoungGen: 100236K->0K(135168K)] [ParOldGen: 329233K->11793K(349696K)] 429469K->11793K(484864K), [Metaspace: 2796K->2796K(1056768K)], 0.0025956 secs] [Times: user=0.00 sys=0.00, real=0.00 secs] 
76.192: [GC (Allocation Failure) [PSYoungGen: 95117K->25600K(133632K)] 260510K->190993K(483328K), 0.0020300 secs] [Times: user=0.00 sys=0.00, real=0.00 secs] 
77.929: [GC (Allocation Failure) [PSYoungGen: 114553K->15360K(135168K)] 279947K->180753K(484864K), 0.0017491 secs] [Times: user=0.00 sys=0.00, real=0.00 secs] 
78.797: [GC (Allocation Failure) [PSYoungGen: 110451K->5120K(137216K)] 378244K->329233K(486912K), 0.0050990 secs] [Times: user=0.00 sys=0.00, real=0.00 secs] 
78.802: [Full GC (Ergonomics) [PSYoungGen: 5120K->0K(137216K)] [ParOldGen: 324113K->61969K(349696K)] 329233K->61969K(486912K), [Metaspace: 2796K->2796K(1056768K)], 0.0057665 secs] [Times: user=0.00 sys=0.00, real=0.01 secs] 
81.541: [Full GC (Ergonomics) [PSYoungGen: 97223K->0K(137216K)] [ParOldGen: 317969K->7168K(349696K)] 415193K->7168K(486912K), [Metaspace: 2796K->2796K(1056768K)], 0.0022890 secs] [Times: user=0.00 sys=0.00, real=0.00 secs] 
83.398: [GC (Allocation Failure) [PSYoungGen: 95177K->11264K(137216K)] 255945K->172032K(486912K), 0.0012205 secs] [Times: user=0.00 sys=0.00, real=0.00 secs] 
84.161: [GC (Allocation Failure) [PSYoungGen: 110538K->11264K(140288K)] 373706K->280576K(489984K), 0.0020430 secs] [Times: user=0.00 sys=0.00, real=0.00 secs] 
85.361: [GC (Allocation Failure) [PSYoungGen: 111655K->10240K(138752K)] 380967K->330752K(488448K), 0.0059773 secs] [Times: user=0.00 sys=0.00, real=0.01 secs] 
85.367: [Full GC (Ergonomics) [PSYoungGen: 10240K->0K(138752K)] [ParOldGen: 320512K->61969K(349696K)] 330752K->61969K(488448K), [Metaspace: 2796K->2796K(1056768K)], 0.0056557 secs] [Times: user=0.00 sys=0.00, real=0.01 secs] 
85.595: [GC (Allocation Failure) [PSYoungGen: 104448K->1024K(141312K)] 166417K->62993K(491008K), 0.0003748 secs] [Times: user=0.00 sys=0.00, real=0.00 secs] 
86.677: [GC (Allocation Failure) [PSYoungGen: 75868K->25600K(132096K)] 137837K->108049K(481792K), 0.0034417 secs] [Times: user=0.00 sys=0.00, real=0.00 secs] 
87.990: [GC (Allocation Failure) [PSYoungGen: 130095K->15360K(140288K)] 314945K->205329K(489984K), 0.0018628 secs] [Times: user=0.00 sys=0.00, real=0.00 secs] 
89.188: [GC (Allocation Failure) [PSYoungGen: 109583K->10240K(138240K)] 299552K->200209K(487936K), 0.0011742 secs] [Times: user=0.00 sys=0.00, real=0.00 secs] 
90.063: [Full GC (Ergonomics) [PSYoungGen: 111657K->0K(138240K)] [ParOldGen: 292369K->113169K(349696K)] 404026K->113169K(487936K), [Metaspace: 2796K->2796K(1056768K)], 0.0091748 secs] [Times: user=0.00 sys=0.00, real=0.01 secs] 
90.948: [GC (Allocation Failure) [PSYoungGen: 68632K->25600K(137216K)] 181801K->138769K(486912K), 0.0023653 secs] [Times: user=0.00 sys=0.00, real=0.00 secs] 
93.133: [GC (Allocation Failure) [PSYoungGen: 129103K->6144K(139264K)] 344672K->221713K(488960K), 0.0008982 secs] [Times: user=0.00 sys=0.00, real=0.00 secs] 
93.785: [GC (Allocation Failure) [PSYoungGen: 64540K->30720K(131584K)] 280109K->247313K(481280K), 0.0026701 secs] [Times: user=0.00 sys=0.00, real=0.00 secs] 
94.981: [Full GC (Ergonomics) [PSYoungGen: 125837K->0K(131584K)] [ParOldGen: 318993K->27648K(349696K)] 444831K->27648K(481280K), [Metaspace: 2796K->2796K(1056768K)], 0.0040411 secs] [Times: user=0.00 sys=0.00, real=0.00 secs] 
96.402: [GC (Allocation Failure) [PSYoungGen: 95118K->5120K(135680K)] 225166K->135168K(485376K), 0.0009423 secs] [Times: user=0.00 sys=0.00, real=0.00 secs] 
97.277: [GC (Allocation Failure) [PSYoungGen: 100238K->25600K(132096K)] 332686K->258048K(481792K), 0.0028865 secs] [Times: user=0.00 sys=0.00, real=0.00 secs] 
98.149: [GC (Allocation Failure) [PSYoungGen: 88913K->5120K(134144K)] 372561K->309248K(483840K), 0.0030784 secs] [Times: user=0.00 sys=0.00, real=0.00 secs] 
98.152: [Full GC (Ergonomics) [PSYoungGen: 5120K->0K(134144K)] [ParOldGen: 304128K->77329K(349696K)] 309248K->77329K(483840K), [Metaspace: 2796K->2796K(1056768K)], 0.0069616 secs] [Times: user=0.00 sys=0.00, real=0.01 secs] 
100.566: [Full GC (Ergonomics) [PSYoungGen: 89937K->0K(134144K)] [ParOldGen: 333329K->11264K(349696K)] 423267K->11264K(483840K), [Metaspace: 2796K->2796K(1056768K)], 0.0027246 secs] [Times: user=0.00 sys=0.00, real=0.00 secs] 
102.095: [GC (Allocation Failure) [PSYoungGen: 84817K->16384K(136704K)] 249681K->181248K(486400K), 0.0016244 secs] [Times: user=0.00 sys=0.00, real=0.00 secs] 
102.967: [GC (Allocation Failure) [PSYoungGen: 111513K->6144K(135168K)] 378777K->279552K(484864K), 0.0015814 secs] [Times: user=0.00 sys=0.00, real=0.00 secs] 
105.043: [GC (Allocation Failure) [PSYoungGen: 90009K->25600K(133632K)] 363417K->299008K(483328K), 0.0033843 secs] [Times: user=0.00 sys=0.00, real=0.00 secs] 
105.261: [GC (Allocation Failure) [PSYoungGen: 99207K->0K(97280K)] 372616K->339968K(446976K), 0.0055467 secs] [Times: user=0.00 sys=0.00, real=0.01 secs] 
105.266: [Full GC (Ergonomics) [PSYoungGen: 0K->0K(97280K)] [ParOldGen: 339968K->67089K(349696K)] 339968K->67089K(446976K), [Metaspace: 2796K->2796K(1056768K)], 0.0061193 secs] [Times: user=0.00 sys=0.00, real=0.00 secs] 
107.896: [Full GC (Ergonomics) [PSYoungGen: 92034K->0K(97280K)] [ParOldGen: 323089K->6144K(349696K)] 415123K->6144K(446976K), [Metaspace: 2796K->2796K(1056768K)], 0.0024861 secs] [Times: user=0.00 sys=0.00, real=0.00 secs] 
108.874: [GC (Allocation Failure) [PSYoungGen: 95110K->5120K(136192K)] 203654K->164864K(485888K), 0.0048746 secs] [Times: user=0.00 sys=0.00, real=0.01 secs] 
110.623: [Full GC (Ergonomics) [PSYoungGen: 100234K->0K(136192K)] [ParOldGen: 313344K->174609K(349696K)] 413578K->174609K(485888K), [Metaspace: 2796K->2796K(1056768K)], 0.0133617 secs] [Times: user=0.00 sys=0.00, real=0.01 secs] 
111.953: [Full GC (Ergonomics) [PSYoungGen: 94091K->0K(136192K)] [ParOldGen: 277009K->6144K(349696K)] 371101K->6144K(485888K), [Metaspace: 2796K->2796K(1056768K)], 0.0023780 secs] [Times: user=0.00 sys=0.00, real=0.00 secs] 
112.716: [GC (Allocation Failure) [PSYoungGen: 95117K->2048K(135168K)] 203661K->110592K(484864K), 0.0004041 secs] [Times: user=0.00 sys=0.00, real=0.00 secs] 
114.572: [GC (Allocation Failure) [PSYoungGen: 97166K->20480K(135168K)] 359310K->283648K(484864K), 0.0021577 secs] [Times: user=0.00 sys=0.00, real=0.00 secs] 
116.429: [GC (Allocation Failure) [PSYoungGen: 104355K->15360K(136192K)] 367523K->278528K(485888K), 0.0020015 secs] [Times: user=0.00 sys=0.00, real=0.00 secs] 
116.648: [GC (Allocation Failure) [PSYoungGen: 88987K->20480K(136704K)] 352155K->339968K(486400K), 0.0060394 secs] [Times: user=0.00 sys=0.00, real=0.01 secs] 
116.654: [Full GC (Ergonomics) [PSYoungGen: 20480K->0K(136704K)] [ParOldGen: 319488K->77329K(349696K)] 339968K->77329K(486400K), [Metaspace: 2796K->2796K(1056768K)], 0.0069967 secs] [Times: user=0.00 sys=0.00, real=0.01 secs] 
119.390: [Full GC (Ergonomics) [PSYoungGen: 97205K->0K(136704K)] [ParOldGen: 333329K->6144K(349696K)] 430534K->6144K(486400K), [Metaspace: 2796K->2796K(1056768K)], 0.0025391 secs] [Times: user=0.00 sys=0.00, real=0.00 secs] 
120.593: [GC (Allocation Failure) [PSYoungGen: 95165K->15360K(137216K)] 203709K->123904K(486912K), 0.0014435 secs] [Times: user=0.00 sys=0.00, real=0.00 secs] 
121.469: [GC (Allocation Failure) [PSYoungGen: 110530K->6144K(139776K)] 321474K->222208K(489472K), 0.0013381 secs] [Times: user=0.00 sys=0.00, real=0.00 secs] 
122.231: [GC (Allocation Failure) [PSYoungGen: 69666K->25600K(128512K)] 285730K->242688K(478208K), 0.0027627 secs] [Times: user=0.00 sys=0.00, real=0.00 secs] 
123.651: [Full GC (Ergonomics) [PSYoungGen: 125935K->0K(128512K)] [ParOldGen: 319488K->31744K(349696K)] 445423K->31744K(478208K), [Metaspace: 2796K->2796K(1056768K)], 0.0044446 secs] [Times: user=0.00 sys=0.00, real=0.01 secs] 
124.851: [GC (Allocation Failure) [PSYoungGen: 95221K->15360K(139264K)] 229365K->149504K(488960K), 0.0016683 secs] [Times: user=0.00 sys=0.00, real=0.00 secs] 
125.831: [GC (Allocation Failure) [PSYoungGen: 115695K->20480K(137216K)] 352239K->262144K(486912K), 0.0023666 secs] [Times: user=0.00 sys=0.00, real=0.00 secs] 
127.685: [GC (Allocation Failure) [PSYoungGen: 114673K->15360K(140800K)] 356337K->257024K(490496K), 0.0019522 secs] [Times: user=0.00 sys=0.00, real=0.00 secs] 
128.771: [Full GC (Ergonomics) [PSYoungGen: 119858K->0K(140800K)] [ParOldGen: 344064K->62464K(349696K)] 463922K->62464K(490496K), [Metaspace: 2796K->2796K(1056768K)], 0.0063291 secs] [Times: user=0.01 sys=0.00, real=0.01 secs] 
129.750: [GC (Allocation Failure) [PSYoungGen: 104502K->1024K(139264K)] 269366K->165888K(488960K), 0.0007074 secs] [Times: user=0.00 sys=0.00, real=0.00 secs] 
132.152: [GC (Allocation Failure) [PSYoungGen: 100409K->26624K(135168K)] 367673K->293888K(484864K), 0.0027462 secs] [Times: user=0.00 sys=0.00, real=0.00 secs] 
132.262: [GC (Allocation Failure) [PSYoungGen: 79838K->0K(101376K)] 347102K->324608K(451072K), 0.0048348 secs] [Times: user=0.00 sys=0.00, real=0.01 secs] 
132.267: [Full GC (Ergonomics) [PSYoungGen: 0K->0K(101376K)] [ParOldGen: 324608K->57873K(349696K)] 324608K->57873K(451072K), [Metaspace: 2796K->2796K(1056768K)], 0.0055151 secs] [Times: user=0.00 sys=0.00, real=0.00 secs] 
134.782: [Full GC (Ergonomics) [PSYoungGen: 92127K->0K(101376K)] [ParOldGen: 313873K->11264K(349696K)] 406001K->11264K(451072K), [Metaspace: 2796K->2796K(1056768K)], 0.0025328 secs] [Times: user=0.00 sys=0.00, real=0.00 secs] 
135.770: [GC (Allocation Failure) [PSYoungGen: 100320K->20480K(137216K)] 213984K->134144K(486912K), 0.0015015 secs] [Times: user=0.00 sys=0.00, real=0.00 secs] 
137.521: [GC (Allocation Failure) [PSYoungGen: 110540K->30720K(129024K)] 377804K->313344K(478720K), 0.0039806 secs] [Times: user=0.00 sys=0.00, real=0.00 secs] 
137.525: [Full GC (Ergonomics) [PSYoungGen: 30720K->0K(129024K)] [ParOldGen: 282624K->46609K(349696K)] 313344K->46609K(478720K), [Metaspace: 2796K->2796K(1056768K)], 0.0049119 secs] [Times: user=0.00 sys=0.00, real=0.00 secs] 
138.497: [GC (Allocation Failure) [PSYoungGen: 94115K->0K(133120K)] 140724K->97809K(482816K), 0.0042122 secs] [Times: user=0.00 sys=0.00, real=0.00 secs] 
140.242: [GC (Allocation Failure) [PSYoungGen: 89883K->15360K(133120K)] 341292K->266769K(482816K), 0.0012420 secs] [Times: user=0.00 sys=0.00, real=0.00 secs] 
140.787: [Full GC (Ergonomics) [PSYoungGen: 63264K->0K(133120K)] [ParOldGen: 302609K->164369K(349696K)] 365873K->164369K(482816K), [Metaspace: 2796K->2796K(1056768K)], 0.0122604 secs] [Times: user=0.00 sys=0.00, real=0.01 secs] 
143.419: [GC (Allocation Failure) [PSYoungGen: 86819K->21504K(135168K)] 353588K->288273K(484864K), 0.0018630 secs] [Times: user=0.00 sys=0.00, real=0.00 secs] 
143.639: [GC (Allocation Failure) [PSYoungGen: 95095K->0K(135168K)] 361864K->329233K(484864K), 0.0050217 secs] [Times: user=0.00 sys=0.00, real=0.00 secs] 
143.644: [Full GC (Ergonomics) [PSYoungGen: 0K->0K(135168K)] [ParOldGen: 329233K->62993K(349696K)] 329233K->62993K(484864K), [Metaspace: 2796K->2796K(1056768K)], 0.0058326 secs] [Times: user=0.00 sys=0.00, real=0.01 secs] 
146.161: [Full GC (Ergonomics) [PSYoungGen: 86896K->0K(135168K)] [ParOldGen: 318993K->5649K(349696K)] 405889K->5649K(484864K), [Metaspace: 2796K->2796K(1056768K)], 0.0022417 secs] [Times: user=0.00 sys=0.00, real=0.00 secs] 
147.034: [GC (Allocation Failure) [PSYoungGen: 95092K->25600K(131072K)] 203141K->133649K(480768K), 0.0021276 secs] [Times: user=0.00 sys=0.00, real=0.00 secs] 
148.781: [Full GC (Ergonomics) [PSYoungGen: 115492K->0K(131072K)] [ParOldGen: 261649K->87569K(349696K)] 377142K->87569K(480768K), [Metaspace: 2796K->2796K(1056768K)], 0.0075105 secs] [Times: user=0.00 sys=0.00, real=0.01 secs] 
150.528: [GC (Allocation Failure) [PSYoungGen: 83750K->15360K(133120K)] 324919K->256529K(482816K), 0.0016060 secs] [Times: user=0.00 sys=0.00, real=0.00 secs] 
151.402: [Full GC (Ergonomics) [PSYoungGen: 105255K->0K(133120K)] [ParOldGen: 343569K->12288K(349696K)] 448824K->12288K(482816K), [Metaspace: 2796K->2796K(1056768K)], 0.0026500 secs] [Times: user=0.00 sys=0.00, real=0.00 secs] 
153.149: [GC (Allocation Failure) [PSYoungGen: 89895K->11264K(137216K)] 255784K->177152K(486912K), 0.0012324 secs] [Times: user=0.00 sys=0.00, real=0.00 secs] 
155.550: [Full GC (Ergonomics) [PSYoungGen: 107437K->0K(137216K)] [ParOldGen: 319488K->21504K(349696K)] 426925K->21504K(486912K), [Metaspace: 2796K->2796K(1056768K)], 0.0032196 secs] [Times: user=0.00 sys=0.00, real=0.00 secs] 
157.616: [GC (Allocation Failure) [PSYoungGen: 79789K->5120K(135680K)] 254893K->180224K(485376K), 0.0010218 secs] [Times: user=0.00 sys=0.00, real=0.00 secs] 
158.597: [Full GC (Ergonomics) [PSYoungGen: 100269K->0K(135680K)] [ParOldGen: 277504K->57344K(349696K)] 377773K->57344K(485376K), [Metaspace: 2796K->2796K(1056768K)], 0.0059866 secs] [Times: user=0.00 sys=0.00, real=0.01 secs] 
160.340: [GC (Allocation Failure) [PSYoungGen: 95150K->15360K(139776K)] 306094K->226304K(489472K), 0.0016718 secs] [Times: user=0.00 sys=0.00, real=0.00 secs] 
161.652: [Full GC (Ergonomics) [PSYoungGen: 109588K->0K(139776K)] [ParOldGen: 313344K->6144K(349696K)] 422932K->6144K(489472K), [Metaspace: 2796K->2796K(1056768K)], 0.0021304 secs] [Times: user=0.00 sys=0.00, real=0.00 secs] 
162.523: [GC (Allocation Failure) [PSYoungGen: 101416K->6144K(138240K)] 209960K->114688K(487936K), 0.0007349 secs] [Times: user=0.00 sys=0.00, real=0.00 secs] 
163.395: [GC (Allocation Failure) [PSYoungGen: 74772K->30720K(132096K)] 183316K->140288K(481792K), 0.0027242 secs] [Times: user=0.00 sys=0.00, real=0.00 secs] 
164.594: [GC (Allocation Failure) [PSYoungGen: 125859K->15360K(136192K)] 337828K->237568K(485888K), 0.0022954 secs] [Times: user=0.00 sys=0.00, real=0.00 secs] 
166.338: [GC (Allocation Failure) [PSYoungGen: 99236K->25600K(134144K)] 372644K->299008K(483840K), 0.0026379 secs] [Times: user=0.00 sys=0.00, real=0.00 secs] 
166.340: [GC (Allocation Failure) [PSYoungGen: 25600K->0K(98304K)] 299008K->299008K(448000K), 0.0027870 secs] [Times: user=0.00 sys=0.00, real=0.00 secs] 
166.343: [Full GC (Allocation Failure) [PSYoungGen: 0K->0K(98304K)] [ParOldGen: 299008K->77329K(349696K)] 299008K->77329K(448000K), [Metaspace: 2796K->2796K(1056768K)], 0.0069391 secs] [Times: user=0.00 sys=0.00, real=0.01 secs] 
169.076: [Full GC (Ergonomics) [PSYoungGen: 97188K->0K(98304K)] [ParOldGen: 333329K->6144K(349696K)] 430517K->6144K(448000K), [Metaspace: 2796K->2796K(1056768K)], 0.0021491 secs] [Times: user=0.00 sys=0.00, real=0.00 secs] 
170.276: [GC (Allocation Failure) [PSYoungGen: 95139K->15360K(137728K)] 203684K->123904K(487424K), 0.0014189 secs] [Times: user=0.00 sys=0.00, real=0.00 secs] 
171.150: [GC (Allocation Failure) [PSYoungGen: 110520K->6144K(135680K)] 321464K->222208K(485376K), 0.0013218 secs] [Times: user=0.00 sys=0.00, real=0.00 secs] 
172.023: [GC (Allocation Failure) [PSYoungGen: 69560K->5120K(139264K)] 336824K->273408K(488960K), 0.0014787 secs] [Times: user=0.00 sys=0.00, real=0.00 secs] 
172.131: [GC (Allocation Failure) --[PSYoungGen: 108544K->108544K(139264K)] 376832K->376832K(488960K), 0.0011506 secs] [Times: user=0.00 sys=0.00, real=0.00 secs] 
172.132: [Full GC (Ergonomics) [PSYoungGen: 108544K->0K(139264K)] [ParOldGen: 268288K->222208K(349696K)] 376832K->222208K(488960K), [Metaspace: 2796K->2796K(1056768K)], 0.0088007 secs] [Times: user=0.00 sys=0.00, real=0.01 secs] 
173.782: [Full GC (Ergonomics) [PSYoungGen: 103424K->0K(139264K)] [ParOldGen: 324608K->12288K(349696K)] 428032K->12288K(488960K), [Metaspace: 2796K->2796K(1056768K)], 0.0026993 secs] [Times: user=0.00 sys=0.00, real=0.00 secs] 
174.770: [GC (Allocation Failure) [PSYoungGen: 73743K->25600K(129536K)] 86032K->48128K(479232K), 0.0025753 secs] [Times: user=0.00 sys=0.00, real=0.00 secs] 
175.968: [GC (Allocation Failure) [PSYoungGen: 121870K->15360K(138752K)] 246798K->145408K(488448K), 0.0015704 secs] [Times: user=0.00 sys=0.00, real=0.00 secs] 
178.041: [GC (Allocation Failure) [PSYoungGen: 115673K->6144K(136704K)] 399321K->289792K(486400K), 0.0013866 secs] [Times: user=0.00 sys=0.00, real=0.00 secs] 
179.129: [Full GC (Ergonomics) [PSYoungGen: 79836K->0K(136704K)] [ParOldGen: 334848K->113169K(349696K)] 414684K->113169K(486400K), [Metaspace: 2796K->2796K(1056768K)], 0.0095508 secs] [Times: user=0.00 sys=0.00, real=0.01 secs] 
181.764: [Full GC (Ergonomics) [PSYoungGen: 81885K->0K(136704K)] [ParOldGen: 317969K->17408K(349696K)] 399855K->17408K(486400K), [Metaspace: 2796K->2796K(1056768K)], 0.0028333 secs] [Times: user=0.00 sys=0.00, real=0.00 secs] 
182.853: [GC (Allocation Failure) [PSYoungGen: 100319K->6144K(140288K)] 220127K->125952K(489984K), 0.0008769 secs] [Times: user=0.00 sys=0.00, real=0.00 secs] 
184.377: [GC (Allocation Failure) [PSYoungGen: 110641K->5120K(139264K)] 332849K->227328K(488960K), 0.0011553 secs] [Times: user=0.00 sys=0.00, real=0.00 secs] 
185.361: [Full GC (Ergonomics) [PSYoungGen: 109618K->0K(139264K)] [ParOldGen: 324608K->16384K(349696K)] 434226K->16384K(488960K), [Metaspace: 2796K->2796K(1056768K)], 0.0029336 secs] [Times: user=0.00 sys=0.00, real=0.00 secs] 
186.119: [GC (Allocation Failure) [PSYoungGen: 63538K->20480K(139264K)] 79922K->57344K(488960K), 0.0020465 secs] [Times: user=0.00 sys=0.00, real=0.00 secs] 
187.431: [GC (Allocation Failure) [PSYoungGen: 124998K->15360K(140288K)] 264262K->154624K(489984K), 0.0014825 secs] [Times: user=0.02 sys=0.00, real=0.00 secs] 
188.736: [GC (Allocation Failure) [PSYoungGen: 119879K->15360K(142336K)] 259143K->154624K(492032K), 0.0015100 secs] [Times: user=0.00 sys=0.00, real=0.00 secs] 
189.834: [GC (Allocation Failure) [PSYoungGen: 119940K->5120K(141312K)] 361604K->251904K(491008K), 0.0015201 secs] [Times: user=0.00 sys=0.00, real=0.00 secs] 
190.817: [Full GC (Ergonomics) [PSYoungGen: 109700K->0K(141312K)] [ParOldGen: 349184K->115217K(349696K)] 458884K->115217K(491008K), [Metaspace: 2796K->2796K(1056768K)], 0.0096952 secs] [Times: user=0.00 sys=0.00, real=0.01 secs] 
193.236: [GC (Allocation Failure) [PSYoungGen: 104580K->11264K(144896K)] 219798K->146961K(494592K), 0.0024368 secs] [Times: user=0.00 sys=0.00, real=0.00 secs] 
194.542: [GC (Allocation Failure) [PSYoungGen: 115925K->15392K(142848K)] 354023K->264753K(492544K), 0.0021252 secs] [Times: user=0.00 sys=0.00, real=0.00 secs] 
194.759: [GC (Allocation Failure) [PSYoungGen: 89334K->0K(144384K)] 338695K->315929K(494080K), 0.0053018 secs] [Times: user=0.00 sys=0.00, real=0.01 secs] 
194.764: [Full GC (Ergonomics) [PSYoungGen: 0K->0K(144384K)] [ParOldGen: 315929K->78353K(349696K)] 315929K->78353K(494080K), [Metaspace: 2796K->2796K(1056768K)], 0.0068072 secs] [Times: user=0.00 sys=0.00, real=0.01 secs] 
195.864: [GC (Allocation Failure) [PSYoungGen: 114941K->5120K(144896K)] 193295K->83473K(494592K), 0.0007046 secs] [Times: user=0.00 sys=0.00, real=0.00 secs] 
197.170: [GC (Allocation Failure) [PSYoungGen: 120046K->25600K(138240K)] 300800K->211473K(487936K), 0.0024612 secs] [Times: user=0.00 sys=0.00, real=0.00 secs] 
198.151: [Full GC (Ergonomics) [PSYoungGen: 130170K->0K(138240K)] [ParOldGen: 288273K->82449K(349696K)] 418444K->82449K(487936K), [Metaspace: 2796K->2796K(1056768K)], 0.0071996 secs] [Times: user=0.00 sys=0.00, real=0.01 secs] 
198.914: [GC (Allocation Failure) [PSYoungGen: 63614K->25600K(132608K)] 146063K->108049K(482304K), 0.0022359 secs] [Times: user=0.02 sys=0.00, real=0.00 secs] 
200.224: [GC (Allocation Failure) [PSYoungGen: 114764K->15360K(140288K)] 299613K->200209K(489984K), 0.0015182 secs] [Times: user=0.00 sys=0.00, real=0.00 secs] 
201.316: [GC (Allocation Failure) [PSYoungGen: 114725K->6144K(138752K)] 401975K->298513K(488448K), 0.0013146 secs] [Times: user=0.00 sys=0.00, real=0.00 secs] 
201.317: [Full GC (Ergonomics) [PSYoungGen: 6144K->0K(138752K)] [ParOldGen: 292369K->11793K(349696K)] 298513K->11793K(488448K), [Metaspace: 2796K->2796K(1056768K)], 0.0024657 secs] [Times: user=0.00 sys=0.00, real=0.00 secs] 
202.190: [GC (Allocation Failure) [PSYoungGen: 99366K->6144K(141824K)] 213560K->120337K(491520K), 0.0008654 secs] [Times: user=0.00 sys=0.00, real=0.00 secs] 
204.482: [GC (Allocation Failure) [PSYoungGen: 100473K->25600K(132096K)] 214667K->139793K(481792K), 0.0019459 secs] [Times: user=0.00 sys=0.00, real=0.00 secs] 
205.681: [GC (Allocation Failure) [PSYoungGen: 130117K->10240K(140800K)] 346711K->242193K(490496K), 0.0019708 secs] [Times: user=0.00 sys=0.00, real=0.00 secs] 
206.667: [Full GC (Ergonomics) [PSYoungGen: 114748K->0K(140800K)] [ParOldGen: 334353K->46609K(349696K)] 449102K->46609K(490496K), [Metaspace: 2796K->2796K(1056768K)], 0.0053395 secs] [Times: user=0.00 sys=0.00, real=0.01 secs] 
208.416: [GC (Allocation Failure) [PSYoungGen: 104508K->10240K(139264K)] 253518K->210449K(488960K), 0.0046327 secs] [Times: user=0.00 sys=0.00, real=0.00 secs] 
209.397: [Full GC (Ergonomics) [PSYoungGen: 114749K->0K(139264K)] [ParOldGen: 302609K->164369K(349696K)] 417358K->164369K(488960K), [Metaspace: 2796K->2796K(1056768K)], 0.0131554 secs] [Times: user=0.00 sys=0.00, real=0.01 secs] 
210.286: [GC (Allocation Failure) [PSYoungGen: 68669K->25600K(136192K)] 233038K->189969K(485888K), 0.0024026 secs] [Times: user=0.00 sys=0.00, real=0.00 secs] 
211.593: [GC (Allocation Failure) [PSYoungGen: 109597K->15360K(139264K)] 376367K->282129K(488960K), 0.0016913 secs] [Times: user=0.00 sys=0.00, real=0.00 secs] 
211.812: [GC (Allocation Failure) [PSYoungGen: 89118K->5120K(141312K)] 355888K->323089K(491008K), 0.0046978 secs] [Times: user=0.00 sys=0.00, real=0.00 secs] 
211.816: [Full GC (Ergonomics) [PSYoungGen: 5120K->0K(141312K)] [ParOldGen: 317969K->56849K(349696K)] 323089K->56849K(491008K), [Metaspace: 2796K->2796K(1056768K)], 0.0056450 secs] [Times: user=0.00 sys=0.00, real=0.01 secs] 
212.155: [GC (Allocation Failure) [PSYoungGen: 104549K->2048K(141312K)] 161399K->58897K(491008K), 0.0003930 secs] [Times: user=0.00 sys=0.00, real=0.00 secs] 
213.142: [GC (Allocation Failure) [PSYoungGen: 75866K->30720K(132096K)] 132715K->88593K(481792K), 0.0024179 secs] [Times: user=0.00 sys=0.00, real=0.00 secs] 
214.339: [GC (Allocation Failure) [PSYoungGen: 125866K->15360K(136704K)] 286139K->185873K(486400K), 0.0022078 secs] [Times: user=0.00 sys=0.00, real=0.00 secs] 
216.629: [Full GC (Ergonomics) [PSYoungGen: 110511K->0K(136704K)] [ParOldGen: 324113K->31744K(349696K)] 434625K->31744K(486400K), [Metaspace: 2796K->2796K(1056768K)], 0.0041344 secs] [Times: user=0.00 sys=0.00, real=0.00 secs] 
Heap
 PSYoungGen      total 136704K, used 86891K [0x00000000f5580000, 0x0000000100000000, 0x0000000100000000)
  eden space 98816K, 87% used [0x00000000f5580000,0x00000000faa5ac70,0x00000000fb600000)
  from space 37888K, 0% used [0x00000000fb600000,0x00000000fb600000,0x00000000fdb00000)
  to   space 35840K, 0% used [0x00000000fdd00000,0x00000000fdd00000,0x0000000100000000)
 ParOldGen       total 349696K, used 185344K [0x00000000e0000000, 0x00000000f5580000, 0x00000000f5580000)
  object space 349696K, 53% used [0x00000000e0000000,0x00000000eb500050,0x00000000f5580000)
 Metaspace       used 2804K, capacity 4486K, committed 4864K, reserved 1056768K
  class space    used 297K, capacity 386K, committed 512K, reserved 1048576K
