Java HotSpot(TM) 64-Bit Server VM (25.411-b09) for windows-amd64 JRE (1.8.0_411-b09), built on Mar 13 2024 07:26:13 by "java_re" with MS VC++ 17.1 (VS2022)
Memory: 4k page, physical 33403376k(14510200k free), swap 36670664k(7418944k free)
CommandLine flags: -XX:InitialHeapSize=536870912 -XX:MaxHeapSize=536870912 -XX:NewRatio=8 -XX:ParallelGCThreads=6 -XX:+PrintGC -XX:+PrintGCDetails -XX:+PrintGCTimeStamps -XX:SurvivorRatio=3 -XX:-UseAdaptiveSizePolicy -XX:+UseCompressedClassPointers -XX:+UseCompressedOops -XX:-UseLargePagesIndividualAllocation -XX:+UseParallelGC 
0.939: [GC (Allocation Failure) [PSYoungGen: 34887K->10904K(46592K)] 34887K->10912K(513024K), 0.0024242 secs] [Times: user=0.00 sys=0.00, real=0.00 secs] 
1.966: [GC (Allocation Failure) [PSYoungGen: 44364K->6864K(46592K)] 218452K->186072K(513024K), 0.0026596 secs] [Times: user=0.00 sys=0.00, real=0.00 secs] 
2.509: [GC (Allocation Failure) [PSYoungGen: 38281K->6816K(46592K)] 217489K->196264K(513024K), 0.0037428 secs] [Times: user=0.02 sys=0.00, real=0.00 secs] 
3.212: [GC (Allocation Failure) [PSYoungGen: 40279K->8848K(46592K)] 383327K->351896K(513024K), 0.0013635 secs] [Times: user=0.00 sys=0.00, real=0.00 secs] 
3.867: [GC (Allocation Failure) [PSYoungGen: 40267K->7872K(46592K)] 383315K->356040K(513024K), 0.0020977 secs] [Times: user=0.00 sys=0.00, real=0.00 secs] 
5.073: [GC (Allocation Failure) [PSYoungGen: 40312K->10896K(46592K)] 388480K->359064K(513024K), 0.0014580 secs] [Times: user=0.00 sys=0.00, real=0.00 secs] 
5.744: [GC (Allocation Failure) [PSYoungGen: 42310K->10808K(46592K)] 462158K->435776K(513024K), 0.0024923 secs] [Times: user=0.02 sys=0.00, real=0.00 secs] 
5.746: [GC (Allocation Failure) [PSYoungGen: 10808K->10824K(46592K)] 435776K->435792K(513024K), 0.0013332 secs] [Times: user=0.00 sys=0.00, real=0.00 secs] 
5.748: [Full GC (Allocation Failure) [PSYoungGen: 10824K->0K(46592K)] [ParOldGen: 424968K->67088K(466432K)] 435792K->67088K(513024K), [Metaspace: 2753K->2753K(1056768K)], 0.0109097 secs] [Times: user=0.00 sys=0.00, real=0.01 secs] 
6.740: [GC (Allocation Failure) [PSYoungGen: 33466K->10240K(46592K)] 202955K->179728K(513024K), 0.0010729 secs] [Times: user=0.00 sys=0.00, real=0.00 secs] 
7.726: [GC (Allocation Failure) [PSYoungGen: 44062K->10272K(46592K)] 387631K->353848K(513024K), 0.0011152 secs] [Times: user=0.00 sys=0.00, real=0.00 secs] 
8.598: [GC (Allocation Failure) [PSYoungGen: 36575K->32K(46592K)] 431352K->394808K(513024K), 0.0009694 secs] [Times: user=0.00 sys=0.00, real=0.00 secs] 
8.599: [GC (Allocation Failure) [PSYoungGen: 32K->32K(46592K)] 394808K->394808K(513024K), 0.0015633 secs] [Times: user=0.00 sys=0.00, real=0.00 secs] 
8.601: [Full GC (Allocation Failure) [PSYoungGen: 32K->0K(46592K)] [ParOldGen: 394776K->51728K(466432K)] 394808K->51728K(513024K), [Metaspace: 2759K->2759K(1056768K)], 0.0051319 secs] [Times: user=0.02 sys=0.00, real=0.01 secs] 
9.592: [GC (Allocation Failure) [PSYoungGen: 33472K->10240K(46592K)] 187601K->164368K(513024K), 0.0009729 secs] [Times: user=0.00 sys=0.00, real=0.00 secs] 
10.574: [GC (Allocation Failure) [PSYoungGen: 43713K->10240K(46592K)] 371922K->338448K(513024K), 0.0010911 secs] [Times: user=0.00 sys=0.00, real=0.00 secs] 
11.118: [GC (Allocation Failure) [PSYoungGen: 41665K->10240K(46592K)] 369874K->348688K(513024K), 0.0017364 secs] [Times: user=0.00 sys=0.00, real=0.00 secs] 
11.443: [GC (Allocation Failure) [PSYoungGen: 41660K->0K(46592K)] 431309K->389648K(513024K), 0.0010305 secs] [Times: user=0.00 sys=0.00, real=0.00 secs] 
11.445: [GC (Allocation Failure) [PSYoungGen: 0K->0K(46592K)] 389648K->389648K(513024K), 0.0007200 secs] [Times: user=0.00 sys=0.00, real=0.00 secs] 
11.445: [Full GC (Allocation Failure) [PSYoungGen: 0K->0K(46592K)] [ParOldGen: 389648K->215568K(466432K)] 389648K->215568K(513024K), [Metaspace: 2761K->2761K(1056768K)], 0.0113004 secs] [Times: user=0.00 sys=0.00, real=0.01 secs] 
12.876: [GC (Allocation Failure) [PSYoungGen: 32676K->5152K(46592K)] 422325K->394809K(513024K), 0.0008339 secs] [Times: user=0.00 sys=0.00, real=0.00 secs] 
12.877: [GC (Allocation Failure) [PSYoungGen: 5152K->5216K(46592K)] 394809K->394873K(513024K), 0.0009282 secs] [Times: user=0.00 sys=0.00, real=0.00 secs] 
12.878: [Full GC (Allocation Failure) [PSYoungGen: 5216K->0K(46592K)] [ParOldGen: 389656K->56849K(466432K)] 394873K->56849K(513024K), [Metaspace: 2763K->2763K(1056768K)], 0.0051137 secs] [Times: user=0.00 sys=0.00, real=0.01 secs] 
13.866: [GC (Allocation Failure) [PSYoungGen: 33472K->6144K(46592K)] 192721K->165393K(513024K), 0.0008477 secs] [Times: user=0.00 sys=0.00, real=0.00 secs] 
14.849: [GC (Allocation Failure) [PSYoungGen: 39617K->6144K(46592K)] 372946K->354833K(513024K), 0.0018325 secs] [Times: user=0.00 sys=0.00, real=0.00 secs] 
15.395: [GC (Allocation Failure) [PSYoungGen: 37569K->10240K(46592K)] 386258K->359953K(513024K), 0.0012777 secs] [Times: user=0.00 sys=0.00, real=0.00 secs] 
16.487: [GC (Allocation Failure) [PSYoungGen: 41660K->10240K(46592K)] 391373K->359953K(513024K), 0.0010518 secs] [Times: user=0.00 sys=0.00, real=0.00 secs] 
17.139: [GC (Allocation Failure) [PSYoungGen: 41657K->5120K(46592K)] 463050K->426513K(513024K), 0.0008350 secs] [Times: user=0.00 sys=0.00, real=0.00 secs] 
17.140: [GC (Allocation Failure) [PSYoungGen: 5120K->5120K(46592K)] 426513K->426513K(513024K), 0.0009014 secs] [Times: user=0.00 sys=0.00, real=0.00 secs] 
17.140: [Full GC (Allocation Failure) [PSYoungGen: 5120K->0K(46592K)] [ParOldGen: 421393K->77329K(466432K)] 426513K->77329K(513024K), [Metaspace: 2768K->2768K(1056768K)], 0.0065542 secs] [Times: user=0.00 sys=0.00, real=0.01 secs] 
18.138: [GC (Allocation Failure) [PSYoungGen: 33468K->10240K(46592K)] 213197K->189969K(513024K), 0.0011785 secs] [Times: user=0.00 sys=0.00, real=0.00 secs] 
19.122: [GC (Allocation Failure) [PSYoungGen: 43710K->10240K(46592K)] 397519K->364049K(513024K), 0.0011578 secs] [Times: user=0.00 sys=0.00, real=0.00 secs] 
19.997: [GC (Allocation Failure) [PSYoungGen: 21184K->0K(46592K)] 426193K->405009K(513024K), 0.0007668 secs] [Times: user=0.00 sys=0.00, real=0.00 secs] 
19.998: [GC (Allocation Failure) [PSYoungGen: 0K->0K(46592K)] 405009K->405009K(513024K), 0.0010183 secs] [Times: user=0.00 sys=0.00, real=0.00 secs] 
19.999: [Full GC (Allocation Failure) [PSYoungGen: 0K->0K(46592K)] [ParOldGen: 405009K->51729K(466432K)] 405009K->51729K(513024K), [Metaspace: 2770K->2770K(1056768K)], 0.0047794 secs] [Times: user=0.00 sys=0.00, real=0.01 secs] 
20.992: [GC (Allocation Failure) [PSYoungGen: 33472K->10240K(46592K)] 187601K->164369K(513024K), 0.0011075 secs] [Times: user=0.00 sys=0.00, real=0.00 secs] 
21.981: [GC (Allocation Failure) [PSYoungGen: 43713K->6144K(46592K)] 371922K->339473K(513024K), 0.0011758 secs] [Times: user=0.00 sys=0.00, real=0.00 secs] 
22.529: [GC (Allocation Failure) [PSYoungGen: 37569K->10240K(46592K)] 370898K->354833K(513024K), 0.0017705 secs] [Times: user=0.00 sys=0.00, real=0.00 secs] 
22.853: [GC (Allocation Failure) [PSYoungGen: 41660K->0K(46592K)] 437453K->395793K(513024K), 0.0011523 secs] [Times: user=0.00 sys=0.00, real=0.00 secs] 
22.854: [GC (Allocation Failure) [PSYoungGen: 0K->0K(46592K)] 395793K->395793K(513024K), 0.0007684 secs] [Times: user=0.01 sys=0.00, real=0.00 secs] 
22.855: [Full GC (Allocation Failure) [PSYoungGen: 0K->0K(46592K)] [ParOldGen: 395793K->165393K(466432K)] 395793K->165393K(513024K), [Metaspace: 2779K->2779K(1056768K)], 0.0123087 secs] [Times: user=0.00 sys=0.00, real=0.01 secs] 
24.633: [Full GC (Ergonomics) [PSYoungGen: 30398K->0K(46592K)] [ParOldGen: 441873K->12288K(466432K)] 472271K->12288K(513024K), [Metaspace: 2779K->2779K(1056768K)], 0.0029577 secs] [Times: user=0.02 sys=0.00, real=0.00 secs] 
25.287: [GC (Allocation Failure) [PSYoungGen: 31424K->10240K(46592K)] 43712K->22528K(513024K), 0.0010483 secs] [Times: user=0.00 sys=0.00, real=0.00 secs] 
26.270: [GC (Allocation Failure) [PSYoungGen: 43707K->10240K(46592K)] 230075K->211968K(513024K), 0.0021406 secs] [Times: user=0.00 sys=0.00, real=0.00 secs] 
26.816: [GC (Allocation Failure) [PSYoungGen: 41662K->10240K(46592K)] 243390K->217088K(513024K), 0.0015629 secs] [Times: user=0.00 sys=0.00, real=0.00 secs] 
27.578: [GC (Allocation Failure) [PSYoungGen: 41658K->0K(46592K)] 248506K->227328K(513024K), 0.0021850 secs] [Times: user=0.00 sys=0.00, real=0.00 secs] 
28.123: [GC (Allocation Failure) [PSYoungGen: 26295K->10240K(46592K)] 253623K->237568K(513024K), 0.0011659 secs] [Times: user=0.00 sys=0.00, real=0.00 secs] 
29.108: [GC (Allocation Failure) [PSYoungGen: 43850K->10272K(46592K)] 445258K->411688K(513024K), 0.0021377 secs] [Times: user=0.00 sys=0.00, real=0.00 secs] 
29.653: [GC (Allocation Failure) [PSYoungGen: 41689K->10272K(46592K)] 443105K->421928K(513024K), 0.0020488 secs] [Times: user=0.00 sys=0.00, real=0.00 secs] 
29.982: [Full GC (Ergonomics) [PSYoungGen: 41687K->0K(46592K)] [ParOldGen: 462856K->113169K(466432K)] 504543K->113169K(513024K), [Metaspace: 2793K->2793K(1056768K)], 0.0095043 secs] [Times: user=0.00 sys=0.00, real=0.01 secs] 
31.750: [GC (Allocation Failure) [PSYoungGen: 30395K->2048K(46592K)] 348364K->320017K(513024K), 0.0006716 secs] [Times: user=0.00 sys=0.00, real=0.00 secs] 
32.403: [GC (Allocation Failure) [PSYoungGen: 33469K->6144K(46592K)] 351439K->329233K(513024K), 0.0009472 secs] [Times: user=0.00 sys=0.00, real=0.00 secs] 
32.837: [GC (Allocation Failure) [PSYoungGen: 27322K->1024K(46592K)] 422091K->395793K(513024K), 0.0009498 secs] [Times: user=0.00 sys=0.00, real=0.00 secs] 
32.838: [GC (Allocation Failure) [PSYoungGen: 1024K->1024K(46592K)] 395793K->395793K(513024K), 0.0007662 secs] [Times: user=0.00 sys=0.00, real=0.00 secs] 
32.839: [Full GC (Allocation Failure) [PSYoungGen: 1024K->0K(46592K)] [ParOldGen: 394769K->57873K(466432K)] 395793K->57873K(513024K), [Metaspace: 2793K->2793K(1056768K)], 0.0052344 secs] [Times: user=0.00 sys=0.00, real=0.00 secs] 
33.833: [GC (Allocation Failure) [PSYoungGen: 33469K->6144K(46592K)] 193742K->166417K(513024K), 0.0011641 secs] [Times: user=0.00 sys=0.00, real=0.00 secs] 
35.254: [GC (Allocation Failure) [PSYoungGen: 34495K->5120K(46592K)] 368848K->339473K(513024K), 0.0009019 secs] [Times: user=0.00 sys=0.00, real=0.00 secs] 
35.688: [GC (Allocation Failure) [PSYoungGen: 26304K->10240K(46592K)] 432337K->416273K(513024K), 0.0013952 secs] [Times: user=0.00 sys=0.00, real=0.00 secs] 
35.690: [GC (Allocation Failure) [PSYoungGen: 10240K->10240K(46592K)] 416273K->416273K(513024K), 0.0012410 secs] [Times: user=0.00 sys=0.00, real=0.00 secs] 
35.691: [Full GC (Allocation Failure) [PSYoungGen: 10240K->0K(46592K)] [ParOldGen: 406033K->61969K(466432K)] 416273K->61969K(513024K), [Metaspace: 2793K->2793K(1056768K)], 0.0054810 secs] [Times: user=0.00 sys=0.00, real=0.01 secs] 
36.687: [GC (Allocation Failure) [PSYoungGen: 33473K->10240K(46592K)] 197842K->174609K(513024K), 0.0009196 secs] [Times: user=0.00 sys=0.00, real=0.00 secs] 
37.669: [GC (Allocation Failure) [PSYoungGen: 43713K->10240K(46592K)] 382163K->348689K(513024K), 0.0012829 secs] [Times: user=0.00 sys=0.00, real=0.00 secs] 
38.218: [GC (Allocation Failure) [PSYoungGen: 41666K->10240K(46592K)] 380115K->358929K(513024K), 0.0016942 secs] [Times: user=0.00 sys=0.00, real=0.00 secs] 
39.094: [GC (Allocation Failure) [PSYoungGen: 41660K->0K(46592K)] 441550K->399889K(513024K), 0.0007645 secs] [Times: user=0.00 sys=0.00, real=0.00 secs] 
39.640: [GC (Allocation Failure) [PSYoungGen: 31422K->10240K(46592K)] 431312K->415249K(513024K), 0.0015645 secs] [Times: user=0.00 sys=0.00, real=0.00 secs] 
39.967: [Full GC (Ergonomics) [PSYoungGen: 41658K->0K(46592K)] [ParOldGen: 456209K->56849K(466432K)] 497868K->56849K(513024K), [Metaspace: 2793K->2793K(1056768K)], 0.0055423 secs] [Times: user=0.00 sys=0.00, real=0.00 secs] 
40.965: [GC (Allocation Failure) [PSYoungGen: 33469K->10240K(46592K)] 192718K->169489K(513024K), 0.0010668 secs] [Times: user=0.00 sys=0.00, real=0.00 secs] 
41.948: [GC (Allocation Failure) [PSYoungGen: 43711K->10240K(46592K)] 377040K->344593K(513024K), 0.0012633 secs] [Times: user=0.00 sys=0.00, real=0.00 secs] 
43.371: [GC (Allocation Failure) [PSYoungGen: 43712K->6144K(46592K)] 378065K->340497K(513024K), 0.0008258 secs] [Times: user=0.00 sys=0.00, real=0.00 secs] 
43.918: [GC (Allocation Failure) [PSYoungGen: 37564K->10240K(46592K)] 371917K->355857K(513024K), 0.0014217 secs] [Times: user=0.00 sys=0.00, real=0.00 secs] 
44.245: [GC (Allocation Failure) [PSYoungGen: 41656K->0K(46592K)] 438474K->396817K(513024K), 0.0008022 secs] [Times: user=0.00 sys=0.00, real=0.00 secs] 
44.246: [GC (Allocation Failure) [PSYoungGen: 0K->0K(46592K)] 396817K->396817K(513024K), 0.0009415 secs] [Times: user=0.00 sys=0.00, real=0.00 secs] 
44.247: [Full GC (Allocation Failure) [PSYoungGen: 0K->0K(46592K)] [ParOldGen: 396817K->62993K(466432K)] 396817K->62993K(513024K), [Metaspace: 2795K->2795K(1056768K)], 0.0055033 secs] [Times: user=0.00 sys=0.00, real=0.01 secs] 
45.239: [GC (Allocation Failure) [PSYoungGen: 33468K->10240K(46592K)] 198861K->175633K(513024K), 0.0011282 secs] [Times: user=0.00 sys=0.00, real=0.00 secs] 
46.768: [GC (Allocation Failure) [PSYoungGen: 43710K->5120K(46592K)] 383183K->344593K(513024K), 0.0008920 secs] [Times: user=0.00 sys=0.00, real=0.00 secs] 
47.094: [GC (Allocation Failure) [PSYoungGen: 36543K->0K(46592K)] 427217K->411153K(513024K), 0.0022942 secs] [Times: user=0.00 sys=0.00, real=0.00 secs] 
47.096: [GC (Allocation Failure) [PSYoungGen: 0K->0K(46592K)] 411153K->411153K(513024K), 0.0009312 secs] [Times: user=0.00 sys=0.00, real=0.00 secs] 
47.097: [Full GC (Allocation Failure) [PSYoungGen: 0K->0K(46592K)] [ParOldGen: 411153K->72209K(466432K)] 411153K->72209K(513024K), [Metaspace: 2795K->2795K(1056768K)], 0.0059475 secs] [Times: user=0.00 sys=0.00, real=0.01 secs] 
48.092: [GC (Allocation Failure) [PSYoungGen: 33472K->10240K(46592K)] 208082K->184849K(513024K), 0.0010348 secs] [Times: user=0.00 sys=0.00, real=0.00 secs] 
49.079: [GC (Allocation Failure) [PSYoungGen: 43713K->10240K(46592K)] 392402K->358929K(513024K), 0.0012252 secs] [Times: user=0.00 sys=0.00, real=0.00 secs] 
49.625: [GC (Allocation Failure) [PSYoungGen: 41665K->10240K(46592K)] 390355K->369169K(513024K), 0.0016922 secs] [Times: user=0.00 sys=0.00, real=0.00 secs] 
49.952: [GC (Allocation Failure) [PSYoungGen: 41660K->0K(46592K)] 451790K->410129K(513024K), 0.0007141 secs] [Times: user=0.00 sys=0.00, real=0.00 secs] 
49.952: [GC (Allocation Failure) [PSYoungGen: 0K->0K(46592K)] 410129K->410129K(513024K), 0.0009679 secs] [Times: user=0.00 sys=0.00, real=0.00 secs] 
49.953: [Full GC (Allocation Failure) [PSYoungGen: 0K->0K(46592K)] [ParOldGen: 410129K->133649K(466432K)] 410129K->133649K(513024K), [Metaspace: 2795K->2795K(1056768K)], 0.0097527 secs] [Times: user=0.00 sys=0.00, real=0.01 secs] 
51.059: [GC (Allocation Failure) [PSYoungGen: 26302K->5120K(46592K)] 262352K->251409K(513024K), 0.0014875 secs] [Times: user=0.00 sys=0.00, real=0.00 secs] 
51.713: [GC (Allocation Failure) [PSYoungGen: 38592K->7168K(46592K)] 438481K->407057K(513024K), 0.0009987 secs] [Times: user=0.00 sys=0.00, real=0.00 secs] 
52.365: [GC (Allocation Failure) [PSYoungGen: 38593K->10240K(46592K)] 438482K->416273K(513024K), 0.0015788 secs] [Times: user=0.00 sys=0.00, real=0.00 secs] 
52.694: [GC (Allocation Failure) [PSYoungGen: 31420K->10240K(46592K)] 457933K->436753K(513024K), 0.0010820 secs] [Times: user=0.00 sys=0.00, real=0.00 secs] 
52.695: [GC (Allocation Failure) [PSYoungGen: 10240K->10240K(46592K)] 436753K->436753K(513024K), 0.0009787 secs] [Times: user=0.00 sys=0.00, real=0.00 secs] 
52.696: [Full GC (Allocation Failure) [PSYoungGen: 10240K->0K(46592K)] [ParOldGen: 426513K->32273K(466432K)] 436753K->32273K(513024K), [Metaspace: 2795K->2795K(1056768K)], 0.0037731 secs] [Times: user=0.00 sys=0.00, real=0.00 secs] 
53.785: [GC (Allocation Failure) [PSYoungGen: 33470K->6144K(46592K)] 219343K->192017K(513024K), 0.0008602 secs] [Times: user=0.00 sys=0.00, real=0.00 secs] 
54.988: [GC (Allocation Failure) [PSYoungGen: 38591K->10240K(46592K)] 224465K->196113K(513024K), 0.0010482 secs] [Times: user=0.00 sys=0.00, real=0.00 secs] 
55.973: [GC (Allocation Failure) [PSYoungGen: 43707K->6144K(46592K)] 403661K->376337K(513024K), 0.0015775 secs] [Times: user=0.00 sys=0.00, real=0.00 secs] 
56.625: [GC (Allocation Failure) [PSYoungGen: 37566K->10240K(46592K)] 407759K->385553K(513024K), 0.0014032 secs] [Times: user=0.00 sys=0.00, real=0.00 secs] 
57.063: [Full GC (Ergonomics) [PSYoungGen: 31418K->0K(46592K)] [ParOldGen: 446993K->92689K(466432K)] 478411K->92689K(513024K), [Metaspace: 2796K->2796K(1056768K)], 0.0077697 secs] [Times: user=0.00 sys=0.00, real=0.01 secs] 
59.043: [GC (Allocation Failure) [PSYoungGen: 30397K->5120K(46592K)] 399566K->374289K(513024K), 0.0009169 secs] [Times: user=0.00 sys=0.00, real=0.00 secs] 
59.588: [GC (Allocation Failure) [PSYoungGen: 36543K->5120K(46592K)] 405712K->384529K(513024K), 0.0016307 secs] [Times: user=0.00 sys=0.00, real=0.00 secs] 
59.916: [GC (Allocation Failure) [PSYoungGen: 36538K->5120K(46592K)] 467148K->435729K(513024K), 0.0009631 secs] [Times: user=0.00 sys=0.00, real=0.00 secs] 
59.917: [GC (Allocation Failure) [PSYoungGen: 5120K->5120K(46592K)] 435729K->435729K(513024K), 0.0007605 secs] [Times: user=0.00 sys=0.00, real=0.00 secs] 
59.918: [Full GC (Allocation Failure) [PSYoungGen: 5120K->0K(46592K)] [ParOldGen: 430609K->108049K(466432K)] 435729K->108049K(513024K), [Metaspace: 2796K->2796K(1056768K)], 0.0085066 secs] [Times: user=0.00 sys=0.00, real=0.01 secs] 
60.912: [GC (Allocation Failure) [PSYoungGen: 33469K->10240K(46592K)] 243918K->220689K(513024K), 0.0011584 secs] [Times: user=0.00 sys=0.00, real=0.00 secs] 
62.335: [GC (Allocation Failure) [PSYoungGen: 42687K->10240K(46592K)] 427216K->394769K(513024K), 0.0009880 secs] [Times: user=0.00 sys=0.00, real=0.00 secs] 
62.768: [Full GC (Ergonomics) [PSYoungGen: 31424K->0K(46592K)] [ParOldGen: 456209K->56849K(466432K)] 487633K->56849K(513024K), [Metaspace: 2796K->2796K(1056768K)], 0.0050781 secs] [Times: user=0.00 sys=0.00, real=0.01 secs] 
63.753: [GC (Allocation Failure) [PSYoungGen: 33473K->6144K(46592K)] 192722K->165393K(513024K), 0.0008209 secs] [Times: user=0.00 sys=0.00, real=0.00 secs] 
64.739: [GC (Allocation Failure) [PSYoungGen: 39617K->6144K(46592K)] 372947K->354833K(513024K), 0.0017159 secs] [Times: user=0.00 sys=0.00, real=0.00 secs] 
65.285: [GC (Allocation Failure) [PSYoungGen: 37570K->10240K(46592K)] 386259K->359953K(513024K), 0.0015049 secs] [Times: user=0.00 sys=0.00, real=0.00 secs] 
66.374: [GC (Allocation Failure) [PSYoungGen: 41660K->10240K(46592K)] 391374K->359953K(513024K), 0.0011274 secs] [Times: user=0.00 sys=0.00, real=0.00 secs] 
67.031: [GC (Allocation Failure) [PSYoungGen: 41657K->5120K(46592K)] 463050K->426513K(513024K), 0.0008463 secs] [Times: user=0.00 sys=0.00, real=0.00 secs] 
67.032: [GC (Allocation Failure) [PSYoungGen: 5120K->5120K(46592K)] 426513K->426513K(513024K), 0.0008222 secs] [Times: user=0.00 sys=0.00, real=0.00 secs] 
67.033: [Full GC (Allocation Failure) [PSYoungGen: 5120K->0K(46592K)] [ParOldGen: 421393K->77329K(466432K)] 426513K->77329K(513024K), [Metaspace: 2796K->2796K(1056768K)], 0.0067479 secs] [Times: user=0.00 sys=0.00, real=0.01 secs] 
68.031: [GC (Allocation Failure) [PSYoungGen: 33468K->10240K(46592K)] 213197K->189969K(513024K), 0.0012329 secs] [Times: user=0.00 sys=0.00, real=0.00 secs] 
69.009: [GC (Allocation Failure) [PSYoungGen: 43710K->10240K(46592K)] 397520K->364049K(513024K), 0.0011767 secs] [Times: user=0.00 sys=0.00, real=0.00 secs] 
69.881: [GC (Allocation Failure) [PSYoungGen: 21184K->0K(46592K)] 426193K->405009K(513024K), 0.0007123 secs] [Times: user=0.00 sys=0.00, real=0.00 secs] 
69.882: [GC (Allocation Failure) [PSYoungGen: 0K->0K(46592K)] 405009K->405009K(513024K), 0.0007652 secs] [Times: user=0.00 sys=0.00, real=0.00 secs] 
69.883: [Full GC (Allocation Failure) [PSYoungGen: 0K->0K(46592K)] [ParOldGen: 405009K->51729K(466432K)] 405009K->51729K(513024K), [Metaspace: 2796K->2796K(1056768K)], 0.0050655 secs] [Times: user=0.00 sys=0.00, real=0.01 secs] 
70.877: [GC (Allocation Failure) [PSYoungGen: 33472K->10240K(46592K)] 187601K->164369K(513024K), 0.0009277 secs] [Times: user=0.00 sys=0.00, real=0.00 secs] 
71.864: [GC (Allocation Failure) [PSYoungGen: 43713K->10240K(46592K)] 371922K->339473K(513024K), 0.0011517 secs] [Times: user=0.00 sys=0.00, real=0.00 secs] 
72.409: [GC (Allocation Failure) [PSYoungGen: 41665K->10240K(46592K)] 370899K->349713K(513024K), 0.0018429 secs] [Times: user=0.00 sys=0.00, real=0.00 secs] 
72.735: [GC (Allocation Failure) [PSYoungGen: 41660K->10240K(46592K)] 432333K->400913K(513024K), 0.0010491 secs] [Times: user=0.00 sys=0.00, real=0.00 secs] 
72.736: [GC (Allocation Failure) [PSYoungGen: 10240K->10240K(46592K)] 400913K->400913K(513024K), 0.0012331 secs] [Times: user=0.00 sys=0.00, real=0.00 secs] 
72.738: [Full GC (Allocation Failure) [PSYoungGen: 10240K->0K(46592K)] [ParOldGen: 390673K->165393K(466432K)] 400913K->165393K(513024K), [Metaspace: 2796K->2796K(1056768K)], 0.0121038 secs] [Times: user=0.00 sys=0.00, real=0.01 secs] 
74.504: [Full GC (Ergonomics) [PSYoungGen: 30398K->0K(46592K)] [ParOldGen: 441873K->12288K(466432K)] 472272K->12288K(513024K), [Metaspace: 2796K->2796K(1056768K)], 0.0025959 secs] [Times: user=0.00 sys=0.00, real=0.00 secs] 
75.160: [GC (Allocation Failure) [PSYoungGen: 31424K->10240K(46592K)] 43712K->22528K(513024K), 0.0009090 secs] [Times: user=0.00 sys=0.00, real=0.00 secs] 
76.144: [GC (Allocation Failure) [PSYoungGen: 43707K->10240K(46592K)] 230075K->211968K(513024K), 0.0018795 secs] [Times: user=0.00 sys=0.00, real=0.00 secs] 
76.689: [GC (Allocation Failure) [PSYoungGen: 41661K->5120K(46592K)] 243390K->217088K(513024K), 0.0014088 secs] [Times: user=0.00 sys=0.00, real=0.00 secs] 
77.450: [GC (Allocation Failure) [PSYoungGen: 36538K->0K(46592K)] 248506K->232448K(513024K), 0.0022462 secs] [Times: user=0.00 sys=0.00, real=0.00 secs] 
77.997: [GC (Allocation Failure) [PSYoungGen: 26295K->10240K(46592K)] 258743K->242688K(513024K), 0.0011442 secs] [Times: user=0.00 sys=0.00, real=0.00 secs] 
78.978: [GC (Allocation Failure) [PSYoungGen: 43701K->10240K(46592K)] 450229K->416768K(513024K), 0.0013513 secs] [Times: user=0.00 sys=0.00, real=0.00 secs] 
79.523: [GC (Allocation Failure) [PSYoungGen: 41657K->10240K(46592K)] 448185K->427008K(513024K), 0.0019072 secs] [Times: user=0.00 sys=0.00, real=0.00 secs] 
79.745: [GC (Allocation Failure) [PSYoungGen: 41655K->10240K(46592K)] 458423K->447488K(513024K), 0.0029778 secs] [Times: user=0.00 sys=0.00, real=0.00 secs] 
79.748: [Full GC (Ergonomics) [PSYoungGen: 10240K->0K(46592K)] [ParOldGen: 437248K->82449K(466432K)] 447488K->82449K(513024K), [Metaspace: 2796K->2796K(1056768K)], 0.0072460 secs] [Times: user=0.00 sys=0.00, real=0.01 secs] 
81.618: [GC (Allocation Failure) [PSYoungGen: 30389K->2048K(46592K)] 368839K->340497K(513024K), 0.0010255 secs] [Times: user=0.00 sys=0.00, real=0.00 secs] 
82.270: [GC (Allocation Failure) [PSYoungGen: 33466K->6144K(46592K)] 371915K->349713K(513024K), 0.0010426 secs] [Times: user=0.00 sys=0.00, real=0.00 secs] 
82.708: [GC (Allocation Failure) [PSYoungGen: 27319K->1024K(46592K)] 442569K->416273K(513024K), 0.0009165 secs] [Times: user=0.00 sys=0.00, real=0.00 secs] 
82.709: [GC (Allocation Failure) [PSYoungGen: 1024K->1024K(46592K)] 416273K->416273K(513024K), 0.0009140 secs] [Times: user=0.00 sys=0.00, real=0.00 secs] 
82.710: [Full GC (Allocation Failure) [PSYoungGen: 1024K->0K(46592K)] [ParOldGen: 415249K->57873K(466432K)] 416273K->57873K(513024K), [Metaspace: 2796K->2796K(1056768K)], 0.0051548 secs] [Times: user=0.00 sys=0.00, real=0.00 secs] 
83.706: [GC (Allocation Failure) [PSYoungGen: 33467K->6144K(46592K)] 193741K->166417K(513024K), 0.0008458 secs] [Times: user=0.00 sys=0.00, real=0.00 secs] 
85.121: [GC (Allocation Failure) [PSYoungGen: 34494K->5120K(46592K)] 368847K->339473K(513024K), 0.0008453 secs] [Times: user=0.00 sys=0.00, real=0.00 secs] 
85.558: [GC (Allocation Failure) [PSYoungGen: 26303K->10240K(46592K)] 432337K->416273K(513024K), 0.0013248 secs] [Times: user=0.00 sys=0.00, real=0.00 secs] 
85.559: [GC (Allocation Failure) [PSYoungGen: 10240K->10240K(46592K)] 416273K->416273K(513024K), 0.0012285 secs] [Times: user=0.00 sys=0.00, real=0.00 secs] 
85.561: [Full GC (Allocation Failure) [PSYoungGen: 10240K->0K(46592K)] [ParOldGen: 406033K->61969K(466432K)] 416273K->61969K(513024K), [Metaspace: 2796K->2796K(1056768K)], 0.0055387 secs] [Times: user=0.00 sys=0.00, real=0.00 secs] 
86.563: [GC (Allocation Failure) [PSYoungGen: 33472K->10240K(46592K)] 197842K->174609K(513024K), 0.0010051 secs] [Times: user=0.00 sys=0.00, real=0.00 secs] 
87.546: [GC (Allocation Failure) [PSYoungGen: 43713K->10240K(46592K)] 382162K->348689K(513024K), 0.0012554 secs] [Times: user=0.00 sys=0.00, real=0.00 secs] 
88.092: [GC (Allocation Failure) [PSYoungGen: 41665K->10240K(46592K)] 380115K->358929K(513024K), 0.0017880 secs] [Times: user=0.00 sys=0.00, real=0.00 secs] 
88.966: [GC (Allocation Failure) [PSYoungGen: 41660K->0K(46592K)] 441550K->399889K(513024K), 0.0007518 secs] [Times: user=0.00 sys=0.00, real=0.00 secs] 
89.511: [GC (Allocation Failure) [PSYoungGen: 31422K->10240K(46592K)] 431312K->415249K(513024K), 0.0014470 secs] [Times: user=0.00 sys=0.00, real=0.00 secs] 
89.841: [Full GC (Ergonomics) [PSYoungGen: 41658K->0K(46592K)] [ParOldGen: 456209K->56849K(466432K)] 497868K->56849K(513024K), [Metaspace: 2796K->2796K(1056768K)], 0.0057291 secs] [Times: user=0.00 sys=0.00, real=0.01 secs] 
90.834: [GC (Allocation Failure) [PSYoungGen: 33469K->10240K(46592K)] 192718K->169489K(513024K), 0.0011856 secs] [Times: user=0.00 sys=0.00, real=0.00 secs] 
91.818: [GC (Allocation Failure) [PSYoungGen: 43711K->10240K(46592K)] 377040K->344593K(513024K), 0.0010841 secs] [Times: user=0.00 sys=0.00, real=0.00 secs] 
93.238: [GC (Allocation Failure) [PSYoungGen: 43712K->6144K(46592K)] 378065K->340497K(513024K), 0.0009888 secs] [Times: user=0.00 sys=0.00, real=0.00 secs] 
93.788: [GC (Allocation Failure) [PSYoungGen: 37564K->10240K(46592K)] 371917K->355857K(513024K), 0.0014382 secs] [Times: user=0.00 sys=0.00, real=0.00 secs] 
94.119: [GC (Allocation Failure) [PSYoungGen: 41656K->0K(46592K)] 438474K->396817K(513024K), 0.0008930 secs] [Times: user=0.00 sys=0.00, real=0.00 secs] 
94.120: [GC (Allocation Failure) [PSYoungGen: 0K->0K(46592K)] 396817K->396817K(513024K), 0.0008353 secs] [Times: user=0.00 sys=0.00, real=0.00 secs] 
94.121: [Full GC (Allocation Failure) [PSYoungGen: 0K->0K(46592K)] [ParOldGen: 396817K->62993K(466432K)] 396817K->62993K(513024K), [Metaspace: 2796K->2796K(1056768K)], 0.0053516 secs] [Times: user=0.00 sys=0.00, real=0.01 secs] 
95.122: [GC (Allocation Failure) [PSYoungGen: 33468K->10240K(46592K)] 198861K->175633K(513024K), 0.0011897 secs] [Times: user=0.00 sys=0.00, real=0.00 secs] 
96.648: [GC (Allocation Failure) [PSYoungGen: 43710K->5120K(46592K)] 383183K->344593K(513024K), 0.0007441 secs] [Times: user=0.00 sys=0.00, real=0.00 secs] 
96.978: [GC (Allocation Failure) [PSYoungGen: 36543K->0K(46592K)] 427217K->411153K(513024K), 0.0020384 secs] [Times: user=0.02 sys=0.00, real=0.00 secs] 
96.980: [GC (Allocation Failure) [PSYoungGen: 0K->0K(46592K)] 411153K->411153K(513024K), 0.0006330 secs] [Times: user=0.00 sys=0.00, real=0.00 secs] 
96.981: [Full GC (Allocation Failure) [PSYoungGen: 0K->0K(46592K)] [ParOldGen: 411153K->72209K(466432K)] 411153K->72209K(513024K), [Metaspace: 2796K->2796K(1056768K)], 0.0060530 secs] [Times: user=0.00 sys=0.00, real=0.01 secs] 
97.975: [GC (Allocation Failure) [PSYoungGen: 33472K->10240K(46592K)] 208082K->184849K(513024K), 0.0010375 secs] [Times: user=0.00 sys=0.00, real=0.00 secs] 
98.957: [GC (Allocation Failure) [PSYoungGen: 43713K->10240K(46592K)] 392402K->358929K(513024K), 0.0013233 secs] [Times: user=0.00 sys=0.00, real=0.00 secs] 
99.506: [GC (Allocation Failure) [PSYoungGen: 41665K->10240K(46592K)] 390355K->369169K(513024K), 0.0019007 secs] [Times: user=0.00 sys=0.00, real=0.00 secs] 
99.833: [GC (Allocation Failure) [PSYoungGen: 41660K->0K(46592K)] 451790K->410129K(513024K), 0.0007867 secs] [Times: user=0.00 sys=0.00, real=0.00 secs] 
99.834: [GC (Allocation Failure) [PSYoungGen: 0K->0K(46592K)] 410129K->410129K(513024K), 0.0008252 secs] [Times: user=0.00 sys=0.00, real=0.00 secs] 
99.835: [Full GC (Allocation Failure) [PSYoungGen: 0K->0K(46592K)] [ParOldGen: 410129K->133649K(466432K)] 410129K->133649K(513024K), [Metaspace: 2796K->2796K(1056768K)], 0.0097516 secs] [Times: user=0.00 sys=0.00, real=0.01 secs] 
100.937: [GC (Allocation Failure) [PSYoungGen: 26302K->10240K(46592K)] 262352K->251409K(513024K), 0.0014432 secs] [Times: user=0.00 sys=0.00, real=0.00 secs] 
101.592: [GC (Allocation Failure) [PSYoungGen: 43712K->2048K(46592K)] 438481K->396817K(513024K), 0.0007780 secs] [Times: user=0.00 sys=0.00, real=0.00 secs] 
102.248: [GC (Allocation Failure) [PSYoungGen: 33473K->6144K(46592K)] 428242K->406033K(513024K), 0.0012065 secs] [Times: user=0.00 sys=0.00, real=0.00 secs] 
102.575: [GC (Allocation Failure) [PSYoungGen: 27324K->1024K(46592K)] 447693K->421393K(513024K), 0.0009322 secs] [Times: user=0.00 sys=0.00, real=0.00 secs] 
102.576: [GC (Allocation Failure) [PSYoungGen: 1024K->1024K(46592K)] 421393K->421393K(513024K), 0.0007315 secs] [Times: user=0.00 sys=0.00, real=0.00 secs] 
102.577: [Full GC (Allocation Failure) [PSYoungGen: 1024K->0K(46592K)] [ParOldGen: 420369K->32273K(466432K)] 421393K->32273K(513024K), [Metaspace: 2796K->2796K(1056768K)], 0.0038158 secs] [Times: user=0.00 sys=0.00, real=0.00 secs] 
103.668: [GC (Allocation Failure) [PSYoungGen: 33470K->6144K(46592K)] 219343K->192017K(513024K), 0.0009600 secs] [Times: user=0.00 sys=0.00, real=0.00 secs] 
104.868: [GC (Allocation Failure) [PSYoungGen: 38591K->10240K(46592K)] 224465K->196113K(513024K), 0.0011962 secs] [Times: user=0.00 sys=0.00, real=0.00 secs] 
105.849: [GC (Allocation Failure) [PSYoungGen: 43707K->6144K(46592K)] 403661K->376337K(513024K), 0.0017976 secs] [Times: user=0.00 sys=0.00, real=0.00 secs] 
106.503: [GC (Allocation Failure) [PSYoungGen: 37566K->10240K(46592K)] 407759K->385553K(513024K), 0.0014309 secs] [Times: user=0.00 sys=0.00, real=0.00 secs] 
106.941: [Full GC (Ergonomics) [PSYoungGen: 31418K->0K(46592K)] [ParOldGen: 446993K->92689K(466432K)] 478411K->92689K(513024K), [Metaspace: 2796K->2796K(1056768K)], 0.0076903 secs] [Times: user=0.00 sys=0.00, real=0.01 secs] 
108.919: [GC (Allocation Failure) [PSYoungGen: 30397K->5120K(46592K)] 399566K->374289K(513024K), 0.0008670 secs] [Times: user=0.00 sys=0.00, real=0.00 secs] 
109.465: [GC (Allocation Failure) [PSYoungGen: 36543K->10240K(46592K)] 405712K->384529K(513024K), 0.0017638 secs] [Times: user=0.00 sys=0.00, real=0.00 secs] 
109.793: [GC (Allocation Failure) [PSYoungGen: 41658K->0K(46592K)] 467148K->425489K(513024K), 0.0009140 secs] [Times: user=0.00 sys=0.00, real=0.00 secs] 
109.793: [GC (Allocation Failure) [PSYoungGen: 0K->0K(46592K)] 425489K->425489K(513024K), 0.0006916 secs] [Times: user=0.00 sys=0.00, real=0.00 secs] 
109.794: [Full GC (Allocation Failure) [PSYoungGen: 0K->0K(46592K)] [ParOldGen: 425489K->108049K(466432K)] 425489K->108049K(513024K), [Metaspace: 2796K->2796K(1056768K)], 0.0082298 secs] [Times: user=0.00 sys=0.00, real=0.01 secs] 
110.790: [GC (Allocation Failure) [PSYoungGen: 33469K->10240K(46592K)] 243918K->220689K(513024K), 0.0009403 secs] [Times: user=0.00 sys=0.00, real=0.00 secs] 
112.208: [GC (Allocation Failure) [PSYoungGen: 42687K->10240K(46592K)] 427216K->394769K(513024K), 0.0011605 secs] [Times: user=0.00 sys=0.00, real=0.00 secs] 
112.645: [Full GC (Ergonomics) [PSYoungGen: 31424K->0K(46592K)] [ParOldGen: 456209K->56849K(466432K)] 487633K->56849K(513024K), [Metaspace: 2796K->2796K(1056768K)], 0.0052530 secs] [Times: user=0.00 sys=0.00, real=0.01 secs] 
113.642: [GC (Allocation Failure) [PSYoungGen: 33473K->6144K(46592K)] 192722K->165393K(513024K), 0.0008216 secs] [Times: user=0.00 sys=0.00, real=0.00 secs] 
114.624: [GC (Allocation Failure) [PSYoungGen: 39617K->6144K(46592K)] 372947K->354833K(513024K), 0.0017412 secs] [Times: user=0.00 sys=0.00, real=0.00 secs] 
115.174: [GC (Allocation Failure) [PSYoungGen: 37570K->10240K(46592K)] 386259K->359953K(513024K), 0.0012881 secs] [Times: user=0.00 sys=0.00, real=0.00 secs] 
116.264: [GC (Allocation Failure) [PSYoungGen: 41660K->10240K(46592K)] 391374K->359953K(513024K), 0.0011697 secs] [Times: user=0.00 sys=0.00, real=0.00 secs] 
116.920: [GC (Allocation Failure) [PSYoungGen: 41657K->5120K(46592K)] 463050K->426513K(513024K), 0.0009541 secs] [Times: user=0.00 sys=0.00, real=0.00 secs] 
116.921: [GC (Allocation Failure) [PSYoungGen: 5120K->5120K(46592K)] 426513K->426513K(513024K), 0.0008152 secs] [Times: user=0.00 sys=0.00, real=0.00 secs] 
116.922: [Full GC (Allocation Failure) [PSYoungGen: 5120K->0K(46592K)] [ParOldGen: 421393K->77329K(466432K)] 426513K->77329K(513024K), [Metaspace: 2796K->2796K(1056768K)], 0.0066091 secs] [Times: user=0.00 sys=0.00, real=0.01 secs] 
117.921: [GC (Allocation Failure) [PSYoungGen: 33468K->10240K(46592K)] 213197K->189969K(513024K), 0.0010222 secs] [Times: user=0.00 sys=0.00, real=0.00 secs] 
118.901: [GC (Allocation Failure) [PSYoungGen: 43710K->10240K(46592K)] 397520K->364049K(513024K), 0.0010357 secs] [Times: user=0.00 sys=0.00, real=0.00 secs] 
119.775: [GC (Allocation Failure) [PSYoungGen: 21184K->0K(46592K)] 426193K->405009K(513024K), 0.0008377 secs] [Times: user=0.02 sys=0.00, real=0.00 secs] 
119.776: [GC (Allocation Failure) [PSYoungGen: 0K->0K(46592K)] 405009K->405009K(513024K), 0.0009377 secs] [Times: user=0.00 sys=0.00, real=0.00 secs] 
119.777: [Full GC (Allocation Failure) [PSYoungGen: 0K->0K(46592K)] [ParOldGen: 405009K->51729K(466432K)] 405009K->51729K(513024K), [Metaspace: 2796K->2796K(1056768K)], 0.0049592 secs] [Times: user=0.00 sys=0.00, real=0.00 secs] 
120.758: [GC (Allocation Failure) [PSYoungGen: 33472K->10240K(46592K)] 187601K->164369K(513024K), 0.0009575 secs] [Times: user=0.00 sys=0.00, real=0.00 secs] 
121.746: [GC (Allocation Failure) [PSYoungGen: 43713K->10240K(46592K)] 371922K->339473K(513024K), 0.0011482 secs] [Times: user=0.00 sys=0.00, real=0.00 secs] 
122.292: [GC (Allocation Failure) [PSYoungGen: 41665K->10240K(46592K)] 370899K->349713K(513024K), 0.0017197 secs] [Times: user=0.00 sys=0.00, real=0.00 secs] 
122.620: [GC (Allocation Failure) [PSYoungGen: 41660K->0K(46592K)] 432333K->390673K(513024K), 0.0008000 secs] [Times: user=0.06 sys=0.00, real=0.00 secs] 
122.620: [GC (Allocation Failure) [PSYoungGen: 0K->0K(46592K)] 390673K->390673K(513024K), 0.0008169 secs] [Times: user=0.00 sys=0.00, real=0.00 secs] 
122.621: [Full GC (Allocation Failure) [PSYoungGen: 0K->0K(46592K)] [ParOldGen: 390673K->165393K(466432K)] 390673K->165393K(513024K), [Metaspace: 2796K->2796K(1056768K)], 0.0123504 secs] [Times: user=0.00 sys=0.00, real=0.01 secs] 
124.391: [Full GC (Ergonomics) [PSYoungGen: 30398K->0K(46592K)] [ParOldGen: 441873K->12288K(466432K)] 472272K->12288K(513024K), [Metaspace: 2796K->2796K(1056768K)], 0.0025965 secs] [Times: user=0.00 sys=0.00, real=0.00 secs] 
125.045: [GC (Allocation Failure) [PSYoungGen: 31424K->10240K(46592K)] 43712K->22528K(513024K), 0.0011780 secs] [Times: user=0.00 sys=0.00, real=0.00 secs] 
126.030: [GC (Allocation Failure) [PSYoungGen: 43707K->10240K(46592K)] 230075K->211968K(513024K), 0.0018687 secs] [Times: user=0.00 sys=0.00, real=0.00 secs] 
126.573: [GC (Allocation Failure) [PSYoungGen: 41661K->10240K(46592K)] 243390K->222208K(513024K), 0.0017363 secs] [Times: user=0.00 sys=0.00, real=0.00 secs] 
127.338: [GC (Allocation Failure) [PSYoungGen: 41658K->0K(46592K)] 253626K->232448K(513024K), 0.0021121 secs] [Times: user=0.00 sys=0.00, real=0.00 secs] 
127.883: [GC (Allocation Failure) [PSYoungGen: 26295K->10240K(46592K)] 258743K->242688K(513024K), 0.0010956 secs] [Times: user=0.00 sys=0.00, real=0.00 secs] 
128.869: [GC (Allocation Failure) [PSYoungGen: 43701K->10240K(46592K)] 450229K->416768K(513024K), 0.0014366 secs] [Times: user=0.00 sys=0.00, real=0.00 secs] 
129.416: [GC (Allocation Failure) [PSYoungGen: 41657K->10240K(46592K)] 448185K->427008K(513024K), 0.0019071 secs] [Times: user=0.00 sys=0.00, real=0.00 secs] 
129.636: [GC (Allocation Failure) [PSYoungGen: 41655K->0K(46592K)] 458423K->437248K(513024K), 0.0025620 secs] [Times: user=0.00 sys=0.00, real=0.00 secs] 
129.639: [Full GC (Ergonomics) [PSYoungGen: 0K->0K(46592K)] [ParOldGen: 437248K->82449K(466432K)] 437248K->82449K(513024K), [Metaspace: 2796K->2796K(1056768K)], 0.0069568 secs] [Times: user=0.00 sys=0.00, real=0.01 secs] 
131.506: [GC (Allocation Failure) [PSYoungGen: 30389K->2048K(46592K)] 368839K->340497K(513024K), 0.0009114 secs] [Times: user=0.00 sys=0.00, real=0.00 secs] 
132.164: [GC (Allocation Failure) [PSYoungGen: 33466K->10240K(46592K)] 371915K->349713K(513024K), 0.0009302 secs] [Times: user=0.00 sys=0.00, real=0.00 secs] 
132.601: [GC (Allocation Failure) [PSYoungGen: 31415K->5120K(46592K)] 442569K->416273K(513024K), 0.0013709 secs] [Times: user=0.00 sys=0.00, real=0.00 secs] 
132.602: [GC (Allocation Failure) [PSYoungGen: 5120K->5120K(46592K)] 416273K->416273K(513024K), 0.0008436 secs] [Times: user=0.00 sys=0.00, real=0.00 secs] 
132.603: [Full GC (Allocation Failure) [PSYoungGen: 5120K->0K(46592K)] [ParOldGen: 411153K->57873K(466432K)] 416273K->57873K(513024K), [Metaspace: 2796K->2796K(1056768K)], 0.0054616 secs] [Times: user=0.00 sys=0.00, real=0.01 secs] 
133.598: [GC (Allocation Failure) [PSYoungGen: 33467K->6144K(46592K)] 193741K->166417K(513024K), 0.0009159 secs] [Times: user=0.00 sys=0.00, real=0.00 secs] 
135.018: [GC (Allocation Failure) [PSYoungGen: 34494K->5120K(46592K)] 368847K->339473K(513024K), 0.0008937 secs] [Times: user=0.00 sys=0.00, real=0.00 secs] 
135.456: [GC (Allocation Failure) [PSYoungGen: 26303K->10240K(46592K)] 432337K->416273K(513024K), 0.0013015 secs] [Times: user=0.00 sys=0.00, real=0.00 secs] 
135.457: [GC (Allocation Failure) [PSYoungGen: 10240K->10240K(46592K)] 416273K->416273K(513024K), 0.0013411 secs] [Times: user=0.00 sys=0.00, real=0.00 secs] 
135.459: [Full GC (Allocation Failure) [PSYoungGen: 10240K->0K(46592K)] [ParOldGen: 406033K->61969K(466432K)] 416273K->61969K(513024K), [Metaspace: 2796K->2796K(1056768K)], 0.0052589 secs] [Times: user=0.02 sys=0.00, real=0.00 secs] 
136.453: [GC (Allocation Failure) [PSYoungGen: 33472K->10240K(46592K)] 197842K->174609K(513024K), 0.0008873 secs] [Times: user=0.00 sys=0.00, real=0.00 secs] 
137.436: [GC (Allocation Failure) [PSYoungGen: 43713K->10240K(46592K)] 382162K->348689K(513024K), 0.0011008 secs] [Times: user=0.00 sys=0.00, real=0.00 secs] 
137.983: [GC (Allocation Failure) [PSYoungGen: 41665K->10240K(46592K)] 380115K->358929K(513024K), 0.0016594 secs] [Times: user=0.00 sys=0.00, real=0.00 secs] 
138.857: [GC (Allocation Failure) [PSYoungGen: 41660K->0K(46592K)] 441550K->399889K(513024K), 0.0008232 secs] [Times: user=0.00 sys=0.00, real=0.00 secs] 
139.402: [GC (Allocation Failure) [PSYoungGen: 31422K->10240K(46592K)] 431312K->415249K(513024K), 0.0017075 secs] [Times: user=0.00 sys=0.00, real=0.00 secs] 
139.729: [Full GC (Ergonomics) [PSYoungGen: 41658K->0K(46592K)] [ParOldGen: 456209K->56849K(466432K)] 497868K->56849K(513024K), [Metaspace: 2796K->2796K(1056768K)], 0.0052239 secs] [Times: user=0.00 sys=0.00, real=0.01 secs] 
140.723: [GC (Allocation Failure) [PSYoungGen: 33469K->10240K(46592K)] 192718K->169489K(513024K), 0.0008632 secs] [Times: user=0.00 sys=0.00, real=0.00 secs] 
141.707: [GC (Allocation Failure) [PSYoungGen: 43711K->10240K(46592K)] 377040K->344593K(513024K), 0.0010728 secs] [Times: user=0.00 sys=0.00, real=0.00 secs] 
143.126: [GC (Allocation Failure) [PSYoungGen: 43712K->6144K(46592K)] 378065K->340497K(513024K), 0.0010115 secs] [Times: user=0.00 sys=0.00, real=0.00 secs] 
143.669: [GC (Allocation Failure) [PSYoungGen: 37564K->1024K(46592K)] 371917K->355857K(513024K), 0.0015092 secs] [Times: user=0.00 sys=0.00, real=0.00 secs] 
143.998: [GC (Allocation Failure) [PSYoungGen: 32440K->1024K(46592K)] 438474K->407057K(513024K), 0.0011189 secs] [Times: user=0.00 sys=0.00, real=0.00 secs] 
143.999: [GC (Allocation Failure) [PSYoungGen: 1024K->1024K(46592K)] 407057K->407057K(513024K), 0.0007745 secs] [Times: user=0.00 sys=0.00, real=0.00 secs] 
143.999: [Full GC (Allocation Failure) [PSYoungGen: 1024K->0K(46592K)] [ParOldGen: 406033K->62993K(466432K)] 407057K->62993K(513024K), [Metaspace: 2796K->2796K(1056768K)], 0.0057283 secs] [Times: user=0.00 sys=0.00, real=0.01 secs] 
144.995: [GC (Allocation Failure) [PSYoungGen: 33468K->10240K(46592K)] 198861K->175633K(513024K), 0.0010763 secs] [Times: user=0.00 sys=0.00, real=0.00 secs] 
146.521: [GC (Allocation Failure) [PSYoungGen: 43710K->5120K(46592K)] 383183K->344593K(513024K), 0.0010970 secs] [Times: user=0.00 sys=0.00, real=0.00 secs] 
146.847: [GC (Allocation Failure) [PSYoungGen: 36543K->0K(46592K)] 427217K->411153K(513024K), 0.0021033 secs] [Times: user=0.00 sys=0.00, real=0.00 secs] 
146.849: [GC (Allocation Failure) [PSYoungGen: 0K->0K(46592K)] 411153K->411153K(513024K), 0.0007555 secs] [Times: user=0.00 sys=0.00, real=0.00 secs] 
146.850: [Full GC (Allocation Failure) [PSYoungGen: 0K->0K(46592K)] [ParOldGen: 411153K->72209K(466432K)] 411153K->72209K(513024K), [Metaspace: 2796K->2796K(1056768K)], 0.0062330 secs] [Times: user=0.00 sys=0.00, real=0.01 secs] 
147.846: [GC (Allocation Failure) [PSYoungGen: 33472K->10240K(46592K)] 208082K->184849K(513024K), 0.0010861 secs] [Times: user=0.00 sys=0.00, real=0.00 secs] 
148.829: [GC (Allocation Failure) [PSYoungGen: 43713K->10240K(46592K)] 392402K->358929K(513024K), 0.0010086 secs] [Times: user=0.00 sys=0.00, real=0.00 secs] 
149.375: [GC (Allocation Failure) [PSYoungGen: 41665K->10240K(46592K)] 390355K->369169K(513024K), 0.0017096 secs] [Times: user=0.00 sys=0.00, real=0.00 secs] 
149.701: [GC (Allocation Failure) [PSYoungGen: 41660K->10240K(46592K)] 451790K->420369K(513024K), 0.0010891 secs] [Times: user=0.00 sys=0.00, real=0.00 secs] 
149.702: [GC (Allocation Failure) [PSYoungGen: 10240K->10240K(46592K)] 420369K->420369K(513024K), 0.0010554 secs] [Times: user=0.00 sys=0.00, real=0.00 secs] 
149.703: [Full GC (Allocation Failure) [PSYoungGen: 10240K->0K(46592K)] [ParOldGen: 410129K->133649K(466432K)] 420369K->133649K(513024K), [Metaspace: 2796K->2796K(1056768K)], 0.0100941 secs] [Times: user=0.00 sys=0.00, real=0.01 secs] 
150.808: [GC (Allocation Failure) [PSYoungGen: 26302K->10240K(46592K)] 262352K->251409K(513024K), 0.0015803 secs] [Times: user=0.00 sys=0.00, real=0.00 secs] 
151.461: [GC (Allocation Failure) [PSYoungGen: 43712K->2048K(46592K)] 438481K->396817K(513024K), 0.0009098 secs] [Times: user=0.00 sys=0.00, real=0.00 secs] 
152.119: [GC (Allocation Failure) [PSYoungGen: 33473K->6144K(46592K)] 428242K->406033K(513024K), 0.0010428 secs] [Times: user=0.00 sys=0.00, real=0.00 secs] 
152.446: [GC (Allocation Failure) [PSYoungGen: 27324K->6144K(46592K)] 447693K->426513K(513024K), 0.0008031 secs] [Times: user=0.00 sys=0.00, real=0.00 secs] 
152.447: [GC (Allocation Failure) [PSYoungGen: 6144K->6144K(46592K)] 426513K->426513K(513024K), 0.0008988 secs] [Times: user=0.00 sys=0.00, real=0.00 secs] 
152.448: [Full GC (Allocation Failure) [PSYoungGen: 6144K->0K(46592K)] [ParOldGen: 420369K->32273K(466432K)] 426513K->32273K(513024K), [Metaspace: 2796K->2796K(1056768K)], 0.0038631 secs] [Times: user=0.00 sys=0.00, real=0.00 secs] 
153.540: [GC (Allocation Failure) [PSYoungGen: 33470K->6144K(46592K)] 219343K->192017K(513024K), 0.0010666 secs] [Times: user=0.00 sys=0.00, real=0.00 secs] 
154.738: [GC (Allocation Failure) [PSYoungGen: 38591K->10240K(46592K)] 224465K->196113K(513024K), 0.0010027 secs] [Times: user=0.00 sys=0.00, real=0.00 secs] 
155.721: [GC (Allocation Failure) [PSYoungGen: 43707K->6144K(46592K)] 403661K->376337K(513024K), 0.0018044 secs] [Times: user=0.00 sys=0.00, real=0.00 secs] 
156.377: [GC (Allocation Failure) [PSYoungGen: 37566K->10240K(46592K)] 407759K->385553K(513024K), 0.0013547 secs] [Times: user=0.00 sys=0.00, real=0.00 secs] 
156.814: [Full GC (Ergonomics) [PSYoungGen: 31418K->0K(46592K)] [ParOldGen: 446993K->92689K(466432K)] 478411K->92689K(513024K), [Metaspace: 2796K->2796K(1056768K)], 0.0080320 secs] [Times: user=0.00 sys=0.00, real=0.01 secs] 
158.793: [GC (Allocation Failure) [PSYoungGen: 30397K->5120K(46592K)] 399566K->374289K(513024K), 0.0010762 secs] [Times: user=0.00 sys=0.00, real=0.00 secs] 
159.344: [GC (Allocation Failure) [PSYoungGen: 36543K->10240K(46592K)] 405712K->384529K(513024K), 0.0016104 secs] [Times: user=0.00 sys=0.00, real=0.00 secs] 
159.671: [GC (Allocation Failure) [PSYoungGen: 41658K->0K(46592K)] 467148K->425489K(513024K), 0.0009456 secs] [Times: user=0.00 sys=0.00, real=0.00 secs] 
159.672: [GC (Allocation Failure) [PSYoungGen: 0K->0K(46592K)] 425489K->425489K(513024K), 0.0008326 secs] [Times: user=0.00 sys=0.00, real=0.00 secs] 
159.673: [Full GC (Allocation Failure) [PSYoungGen: 0K->0K(46592K)] [ParOldGen: 425489K->108049K(466432K)] 425489K->108049K(513024K), [Metaspace: 2796K->2796K(1056768K)], 0.0082286 secs] [Times: user=0.00 sys=0.00, real=0.01 secs] 
160.667: [GC (Allocation Failure) [PSYoungGen: 33469K->10240K(46592K)] 243918K->220689K(513024K), 0.0009576 secs] [Times: user=0.02 sys=0.00, real=0.00 secs] 
162.083: [GC (Allocation Failure) [PSYoungGen: 42687K->10240K(46592K)] 427216K->394769K(513024K), 0.0012355 secs] [Times: user=0.00 sys=0.00, real=0.00 secs] 
162.519: [Full GC (Ergonomics) [PSYoungGen: 31424K->0K(46592K)] [ParOldGen: 456209K->56849K(466432K)] 487633K->56849K(513024K), [Metaspace: 2796K->2796K(1056768K)], 0.0053895 secs] [Times: user=0.00 sys=0.00, real=0.01 secs] 
163.498: [GC (Allocation Failure) [PSYoungGen: 33473K->6144K(46592K)] 192722K->165393K(513024K), 0.0009180 secs] [Times: user=0.00 sys=0.00, real=0.00 secs] 
164.486: [GC (Allocation Failure) [PSYoungGen: 39617K->6144K(46592K)] 372947K->354833K(513024K), 0.0016231 secs] [Times: user=0.00 sys=0.00, real=0.00 secs] 
165.032: [GC (Allocation Failure) [PSYoungGen: 37570K->10240K(46592K)] 386259K->359953K(513024K), 0.0014131 secs] [Times: user=0.00 sys=0.00, real=0.00 secs] 
166.125: [GC (Allocation Failure) [PSYoungGen: 41660K->10240K(46592K)] 391374K->359953K(513024K), 0.0010560 secs] [Times: user=0.00 sys=0.00, real=0.00 secs] 
166.780: [GC (Allocation Failure) [PSYoungGen: 41657K->5120K(46592K)] 463050K->426513K(513024K), 0.0009276 secs] [Times: user=0.00 sys=0.00, real=0.00 secs] 
166.781: [GC (Allocation Failure) [PSYoungGen: 5120K->5120K(46592K)] 426513K->426513K(513024K), 0.0007476 secs] [Times: user=0.00 sys=0.00, real=0.00 secs] 
166.782: [Full GC (Allocation Failure) [PSYoungGen: 5120K->0K(46592K)] [ParOldGen: 421393K->77329K(466432K)] 426513K->77329K(513024K), [Metaspace: 2796K->2796K(1056768K)], 0.0066267 secs] [Times: user=0.00 sys=0.00, real=0.01 secs] 
167.776: [GC (Allocation Failure) [PSYoungGen: 33468K->10240K(46592K)] 213197K->189969K(513024K), 0.0013295 secs] [Times: user=0.00 sys=0.00, real=0.00 secs] 
168.759: [GC (Allocation Failure) [PSYoungGen: 43710K->10240K(46592K)] 397520K->364049K(513024K), 0.0011795 secs] [Times: user=0.00 sys=0.00, real=0.00 secs] 
169.635: [GC (Allocation Failure) [PSYoungGen: 21184K->0K(46592K)] 426193K->405009K(513024K), 0.0007565 secs] [Times: user=0.00 sys=0.00, real=0.00 secs] 
169.635: [GC (Allocation Failure) [PSYoungGen: 0K->0K(46592K)] 405009K->405009K(513024K), 0.0007333 secs] [Times: user=0.00 sys=0.00, real=0.00 secs] 
169.636: [Full GC (Allocation Failure) [PSYoungGen: 0K->0K(46592K)] [ParOldGen: 405009K->51729K(466432K)] 405009K->51729K(513024K), [Metaspace: 2796K->2796K(1056768K)], 0.0048019 secs] [Times: user=0.02 sys=0.00, real=0.00 secs] 
170.618: [GC (Allocation Failure) [PSYoungGen: 33472K->10240K(46592K)] 187601K->164369K(513024K), 0.0010792 secs] [Times: user=0.00 sys=0.00, real=0.00 secs] 
171.602: [GC (Allocation Failure) [PSYoungGen: 43713K->6144K(46592K)] 371922K->339473K(513024K), 0.0011944 secs] [Times: user=0.00 sys=0.00, real=0.00 secs] 
172.147: [GC (Allocation Failure) [PSYoungGen: 37569K->10240K(46592K)] 370899K->354833K(513024K), 0.0018425 secs] [Times: user=0.00 sys=0.00, real=0.00 secs] 
172.475: [GC (Allocation Failure) [PSYoungGen: 41660K->0K(46592K)] 437453K->395793K(513024K), 0.0009428 secs] [Times: user=0.00 sys=0.00, real=0.00 secs] 
172.476: [GC (Allocation Failure) [PSYoungGen: 0K->0K(46592K)] 395793K->395793K(513024K), 0.0008239 secs] [Times: user=0.00 sys=0.00, real=0.00 secs] 
172.477: [Full GC (Allocation Failure) [PSYoungGen: 0K->0K(46592K)] [ParOldGen: 395793K->165393K(466432K)] 395793K->165393K(513024K), [Metaspace: 2796K->2796K(1056768K)], 0.0124466 secs] [Times: user=0.06 sys=0.00, real=0.01 secs] 
174.236: [Full GC (Ergonomics) [PSYoungGen: 30398K->0K(46592K)] [ParOldGen: 441873K->12288K(466432K)] 472272K->12288K(513024K), [Metaspace: 2796K->2796K(1056768K)], 0.0025515 secs] [Times: user=0.00 sys=0.00, real=0.00 secs] 
174.891: [GC (Allocation Failure) [PSYoungGen: 31424K->10240K(46592K)] 43712K->22528K(513024K), 0.0011171 secs] [Times: user=0.00 sys=0.00, real=0.00 secs] 
175.873: [GC (Allocation Failure) [PSYoungGen: 43707K->10240K(46592K)] 230075K->211968K(513024K), 0.0020680 secs] [Times: user=0.00 sys=0.00, real=0.00 secs] 
176.420: [GC (Allocation Failure) [PSYoungGen: 41661K->10240K(46592K)] 243390K->222208K(513024K), 0.0018595 secs] [Times: user=0.00 sys=0.00, real=0.00 secs] 
177.184: [GC (Allocation Failure) [PSYoungGen: 41658K->0K(46592K)] 253626K->232448K(513024K), 0.0022083 secs] [Times: user=0.00 sys=0.00, real=0.00 secs] 
177.728: [GC (Allocation Failure) [PSYoungGen: 26295K->10240K(46592K)] 258743K->242688K(513024K), 0.0012238 secs] [Times: user=0.00 sys=0.00, real=0.00 secs] 
178.713: [GC (Allocation Failure) [PSYoungGen: 43701K->10240K(46592K)] 450229K->416768K(513024K), 0.0014863 secs] [Times: user=0.03 sys=0.00, real=0.00 secs] 
179.260: [GC (Allocation Failure) [PSYoungGen: 41657K->10240K(46592K)] 448185K->427008K(513024K), 0.0019636 secs] [Times: user=0.03 sys=0.00, real=0.00 secs] 
179.477: [GC (Allocation Failure) [PSYoungGen: 41655K->0K(46592K)] 458423K->437248K(513024K), 0.0022001 secs] [Times: user=0.00 sys=0.00, real=0.00 secs] 
179.479: [Full GC (Ergonomics) [PSYoungGen: 0K->0K(46592K)] [ParOldGen: 437248K->82449K(466432K)] 437248K->82449K(513024K), [Metaspace: 2796K->2796K(1056768K)], 0.0074011 secs] [Times: user=0.00 sys=0.00, real=0.01 secs] 
181.351: [GC (Allocation Failure) [PSYoungGen: 30389K->2048K(46592K)] 368839K->340497K(513024K), 0.0007839 secs] [Times: user=0.00 sys=0.00, real=0.00 secs] 
182.007: [GC (Allocation Failure) [PSYoungGen: 33466K->6144K(46592K)] 371915K->349713K(513024K), 0.0011774 secs] [Times: user=0.00 sys=0.00, real=0.00 secs] 
182.444: [GC (Allocation Failure) [PSYoungGen: 27319K->6144K(46592K)] 442569K->421393K(513024K), 0.0011416 secs] [Times: user=0.00 sys=0.00, real=0.00 secs] 
182.445: [GC (Allocation Failure) [PSYoungGen: 6144K->6144K(46592K)] 421393K->421393K(513024K), 0.0007991 secs] [Times: user=0.00 sys=0.00, real=0.00 secs] 
182.446: [Full GC (Allocation Failure) [PSYoungGen: 6144K->0K(46592K)] [ParOldGen: 415249K->57873K(466432K)] 421393K->57873K(513024K), [Metaspace: 2796K->2796K(1056768K)], 0.0055820 secs] [Times: user=0.00 sys=0.00, real=0.01 secs] 
183.440: [GC (Allocation Failure) [PSYoungGen: 33467K->6144K(46592K)] 193741K->166417K(513024K), 0.0009041 secs] [Times: user=0.00 sys=0.00, real=0.00 secs] 
184.863: [GC (Allocation Failure) [PSYoungGen: 34494K->5120K(46592K)] 368847K->339473K(513024K), 0.0008451 secs] [Times: user=0.00 sys=0.00, real=0.00 secs] 
185.303: [GC (Allocation Failure) [PSYoungGen: 26303K->10240K(46592K)] 432337K->416273K(513024K), 0.0012641 secs] [Times: user=0.00 sys=0.00, real=0.00 secs] 
185.304: [GC (Allocation Failure) [PSYoungGen: 10240K->10240K(46592K)] 416273K->416273K(513024K), 0.0011656 secs] [Times: user=0.00 sys=0.00, real=0.00 secs] 
185.305: [Full GC (Allocation Failure) [PSYoungGen: 10240K->0K(46592K)] [ParOldGen: 406033K->61969K(466432K)] 416273K->61969K(513024K), [Metaspace: 2796K->2796K(1056768K)], 0.0055347 secs] [Times: user=0.00 sys=0.00, real=0.01 secs] 
186.299: [GC (Allocation Failure) [PSYoungGen: 33472K->10240K(46592K)] 197842K->174609K(513024K), 0.0009249 secs] [Times: user=0.00 sys=0.00, real=0.00 secs] 
187.285: [GC (Allocation Failure) [PSYoungGen: 43713K->10240K(46592K)] 382162K->348689K(513024K), 0.0013947 secs] [Times: user=0.00 sys=0.00, real=0.00 secs] 
187.829: [GC (Allocation Failure) [PSYoungGen: 41665K->10240K(46592K)] 380115K->358929K(513024K), 0.0018461 secs] [Times: user=0.00 sys=0.00, real=0.00 secs] 
188.701: [GC (Allocation Failure) [PSYoungGen: 41660K->0K(46592K)] 441550K->399889K(513024K), 0.0008139 secs] [Times: user=0.00 sys=0.00, real=0.00 secs] 
189.245: [GC (Allocation Failure) [PSYoungGen: 31422K->10240K(46592K)] 431312K->415249K(513024K), 0.0014799 secs] [Times: user=0.00 sys=0.00, real=0.00 secs] 
189.572: [Full GC (Ergonomics) [PSYoungGen: 41658K->0K(46592K)] [ParOldGen: 456209K->56849K(466432K)] 497868K->56849K(513024K), [Metaspace: 2796K->2796K(1056768K)], 0.0053033 secs] [Times: user=0.00 sys=0.00, real=0.00 secs] 
190.575: [GC (Allocation Failure) [PSYoungGen: 33469K->10240K(46592K)] 192718K->169489K(513024K), 0.0011597 secs] [Times: user=0.00 sys=0.00, real=0.00 secs] 
191.556: [GC (Allocation Failure) [PSYoungGen: 43711K->10272K(46592K)] 377040K->344625K(513024K), 0.0011270 secs] [Times: user=0.00 sys=0.00, real=0.00 secs] 
192.973: [GC (Allocation Failure) [PSYoungGen: 43744K->6176K(46592K)] 378097K->340529K(513024K), 0.0008285 secs] [Times: user=0.00 sys=0.00, real=0.00 secs] 
193.518: [GC (Allocation Failure) [PSYoungGen: 37596K->10272K(46592K)] 371949K->355889K(513024K), 0.0016467 secs] [Times: user=0.00 sys=0.00, real=0.00 secs] 
193.845: [GC (Allocation Failure) [PSYoungGen: 41688K->10272K(46592K)] 438506K->407089K(513024K), 0.0012201 secs] [Times: user=0.00 sys=0.00, real=0.00 secs] 
193.846: [GC (Allocation Failure) [PSYoungGen: 10272K->10272K(46592K)] 407089K->407089K(513024K), 0.0011334 secs] [Times: user=0.00 sys=0.00, real=0.00 secs] 
193.847: [Full GC (Allocation Failure) [PSYoungGen: 10272K->0K(46592K)] [ParOldGen: 396817K->62993K(466432K)] 407089K->62993K(513024K), [Metaspace: 2796K->2796K(1056768K)], 0.0052751 secs] [Times: user=0.00 sys=0.00, real=0.01 secs] 
194.843: [GC (Allocation Failure) [PSYoungGen: 33468K->10272K(46592K)] 198861K->175665K(513024K), 0.0012015 secs] [Times: user=0.00 sys=0.00, real=0.00 secs] 
196.373: [GC (Allocation Failure) [PSYoungGen: 43742K->5184K(46592K)] 383216K->344657K(513024K), 0.0008697 secs] [Times: user=0.00 sys=0.00, real=0.00 secs] 
196.703: [GC (Allocation Failure) [PSYoungGen: 36607K->32K(46592K)] 427281K->411185K(513024K), 0.0021353 secs] [Times: user=0.00 sys=0.00, real=0.00 secs] 
196.705: [GC (Allocation Failure) [PSYoungGen: 32K->32K(46592K)] 411185K->411185K(513024K), 0.0008952 secs] [Times: user=0.00 sys=0.00, real=0.00 secs] 
196.706: [Full GC (Allocation Failure) [PSYoungGen: 32K->0K(46592K)] [ParOldGen: 411153K->72209K(466432K)] 411185K->72209K(513024K), [Metaspace: 2796K->2796K(1056768K)], 0.0061189 secs] [Times: user=0.00 sys=0.00, real=0.01 secs] 
197.700: [GC (Allocation Failure) [PSYoungGen: 33472K->10240K(46592K)] 208082K->184849K(513024K), 0.0009924 secs] [Times: user=0.00 sys=0.00, real=0.00 secs] 
198.684: [GC (Allocation Failure) [PSYoungGen: 43713K->10240K(46592K)] 392403K->358929K(513024K), 0.0010345 secs] [Times: user=0.00 sys=0.00, real=0.00 secs] 
199.229: [GC (Allocation Failure) [PSYoungGen: 41665K->10240K(46592K)] 390355K->369169K(513024K), 0.0018371 secs] [Times: user=0.02 sys=0.00, real=0.00 secs] 
199.554: [GC (Allocation Failure) [PSYoungGen: 41660K->0K(46592K)] 451790K->410129K(513024K), 0.0009360 secs] [Times: user=0.00 sys=0.00, real=0.00 secs] 
199.555: [GC (Allocation Failure) [PSYoungGen: 0K->0K(46592K)] 410129K->410129K(513024K), 0.0006084 secs] [Times: user=0.00 sys=0.00, real=0.00 secs] 
199.556: [Full GC (Allocation Failure) [PSYoungGen: 0K->0K(46592K)] [ParOldGen: 410129K->133649K(466432K)] 410129K->133649K(513024K), [Metaspace: 2796K->2796K(1056768K)], 0.0096709 secs] [Times: user=0.01 sys=0.00, real=0.01 secs] 
200.661: [GC (Allocation Failure) [PSYoungGen: 26302K->5120K(46592K)] 262352K->251409K(513024K), 0.0015432 secs] [Times: user=0.00 sys=0.00, real=0.00 secs] 
201.315: [GC (Allocation Failure) [PSYoungGen: 38592K->7168K(46592K)] 438481K->407057K(513024K), 0.0014302 secs] [Times: user=0.00 sys=0.00, real=0.00 secs] 
201.972: [GC (Allocation Failure) [PSYoungGen: 38593K->10240K(46592K)] 438482K->416273K(513024K), 0.0011827 secs] [Times: user=0.00 sys=0.00, real=0.00 secs] 
202.298: [GC (Allocation Failure) [PSYoungGen: 31420K->10240K(46592K)] 457933K->436753K(513024K), 0.0010846 secs] [Times: user=0.00 sys=0.00, real=0.00 secs] 
202.299: [GC (Allocation Failure) [PSYoungGen: 10240K->10240K(46592K)] 436753K->436753K(513024K), 0.0011271 secs] [Times: user=0.00 sys=0.00, real=0.00 secs] 
202.300: [Full GC (Allocation Failure) [PSYoungGen: 10240K->0K(46592K)] [ParOldGen: 426513K->32273K(466432K)] 436753K->32273K(513024K), [Metaspace: 2796K->2796K(1056768K)], 0.0040956 secs] [Times: user=0.00 sys=0.00, real=0.00 secs] 
203.391: [GC (Allocation Failure) [PSYoungGen: 33470K->6144K(46592K)] 219344K->192017K(513024K), 0.0007707 secs] [Times: user=0.00 sys=0.00, real=0.00 secs] 
204.588: [GC (Allocation Failure) [PSYoungGen: 38591K->10240K(46592K)] 224465K->196113K(513024K), 0.0012431 secs] [Times: user=0.02 sys=0.00, real=0.00 secs] 
205.569: [GC (Allocation Failure) [PSYoungGen: 43707K->6144K(46592K)] 403661K->376337K(513024K), 0.0018384 secs] [Times: user=0.00 sys=0.00, real=0.00 secs] 
206.222: [GC (Allocation Failure) [PSYoungGen: 37566K->10240K(46592K)] 407759K->385553K(513024K), 0.0013823 secs] [Times: user=0.00 sys=0.00, real=0.00 secs] 
206.658: [Full GC (Ergonomics) [PSYoungGen: 31418K->0K(46592K)] [ParOldGen: 446993K->92689K(466432K)] 478412K->92689K(513024K), [Metaspace: 2796K->2796K(1056768K)], 0.0077426 secs] [Times: user=0.00 sys=0.00, real=0.01 secs] 
208.637: [GC (Allocation Failure) [PSYoungGen: 30397K->5120K(46592K)] 399567K->374289K(513024K), 0.0008210 secs] [Times: user=0.00 sys=0.00, real=0.00 secs] 
209.182: [GC (Allocation Failure) [PSYoungGen: 36543K->10240K(46592K)] 405712K->384529K(513024K), 0.0015937 secs] [Times: user=0.00 sys=0.00, real=0.00 secs] 
209.510: [GC (Allocation Failure) [PSYoungGen: 41658K->0K(46592K)] 467148K->425489K(513024K), 0.0008341 secs] [Times: user=0.00 sys=0.00, real=0.00 secs] 
209.511: [GC (Allocation Failure) [PSYoungGen: 0K->0K(46592K)] 425489K->425489K(513024K), 0.0008707 secs] [Times: user=0.00 sys=0.00, real=0.00 secs] 
209.512: [Full GC (Allocation Failure) [PSYoungGen: 0K->0K(46592K)] [ParOldGen: 425489K->108049K(466432K)] 425489K->108049K(513024K), [Metaspace: 2796K->2796K(1056768K)], 0.0081495 secs] [Times: user=0.00 sys=0.00, real=0.01 secs] 
210.513: [GC (Allocation Failure) [PSYoungGen: 33469K->10240K(46592K)] 243919K->220689K(513024K), 0.0010547 secs] [Times: user=0.00 sys=0.00, real=0.00 secs] 
211.933: [GC (Allocation Failure) [PSYoungGen: 42687K->10240K(46592K)] 427217K->394769K(513024K), 0.0008261 secs] [Times: user=0.00 sys=0.00, real=0.00 secs] 
212.371: [Full GC (Ergonomics) [PSYoungGen: 31424K->0K(46592K)] [ParOldGen: 456209K->56849K(466432K)] 487634K->56849K(513024K), [Metaspace: 2796K->2796K(1056768K)], 0.0053057 secs] [Times: user=0.00 sys=0.00, real=0.01 secs] 
213.368: [GC (Allocation Failure) [PSYoungGen: 33473K->6144K(46592K)] 192723K->165393K(513024K), 0.0007902 secs] [Times: user=0.00 sys=0.00, real=0.00 secs] 
214.354: [GC (Allocation Failure) [PSYoungGen: 39617K->6144K(46592K)] 372947K->354833K(513024K), 0.0017325 secs] [Times: user=0.02 sys=0.00, real=0.00 secs] 
214.896: [GC (Allocation Failure) [PSYoungGen: 37570K->1024K(46592K)] 386259K->359953K(513024K), 0.0013692 secs] [Times: user=0.00 sys=0.00, real=0.00 secs] 
215.990: [GC (Allocation Failure) [PSYoungGen: 32444K->10240K(46592K)] 391374K->369169K(513024K), 0.0010435 secs] [Times: user=0.00 sys=0.00, real=0.00 secs] 
216.642: [GC (Allocation Failure) [PSYoungGen: 41657K->5120K(46592K)] 472267K->435729K(513024K), 0.0009420 secs] [Times: user=0.00 sys=0.00, real=0.00 secs] 
216.643: [GC (Allocation Failure) [PSYoungGen: 5120K->5120K(46592K)] 435729K->435729K(513024K), 0.0008114 secs] [Times: user=0.00 sys=0.00, real=0.00 secs] 
216.643: [Full GC (Allocation Failure) [PSYoungGen: 5120K->0K(46592K)] [ParOldGen: 430609K->77329K(466432K)] 435729K->77329K(513024K), [Metaspace: 2796K->2796K(1056768K)], 0.0068953 secs] [Times: user=0.00 sys=0.00, real=0.01 secs] 
217.642: [GC (Allocation Failure) [PSYoungGen: 33468K->10240K(46592K)] 213198K->189969K(513024K), 0.0010868 secs] [Times: user=0.00 sys=0.00, real=0.00 secs] 
218.625: [GC (Allocation Failure) [PSYoungGen: 43710K->10240K(46592K)] 397520K->364049K(513024K), 0.0011201 secs] [Times: user=0.00 sys=0.00, real=0.00 secs] 
Heap
 PSYoungGen      total 46592K, used 21890K [0x00000000fc780000, 0x0000000100000000, 0x0000000100000000)
  eden space 35328K, 32% used [0x00000000fc780000,0x00000000fd2e0bc8,0x00000000fea00000)
  from space 11264K, 90% used [0x00000000ff500000,0x00000000fff00020,0x0000000100000000)
  to   space 11264K, 0% used [0x00000000fea00000,0x00000000fea00000,0x00000000ff500000)
 ParOldGen       total 466432K, used 353809K [0x00000000e0000000, 0x00000000fc780000, 0x00000000fc780000)
  object space 466432K, 75% used [0x00000000e0000000,0x00000000f5984750,0x00000000fc780000)
 Metaspace       used 2804K, capacity 4486K, committed 4864K, reserved 1056768K
  class space    used 297K, capacity 386K, committed 512K, reserved 1048576K
