Java HotSpot(TM) 64-Bit Server VM (25.411-b09) for windows-amd64 JRE (1.8.0_411-b09), built on Mar 13 2024 07:26:13 by "java_re" with MS VC++ 17.1 (VS2022)
Memory: 4k page, physical 33403376k(14641084k free), swap 37153868k(7575948k free)
CommandLine flags: -XX:InitialHeapSize=536870912 -XX:MaxHeapSize=536870912 -XX:NewRatio=1 -XX:ParallelGCThreads=6 -XX:+PrintGC -XX:+PrintGCDetails -XX:+PrintGCTimeStamps -XX:SurvivorRatio=10 -XX:-UseAdaptiveSizePolicy -XX:+UseCompressedClassPointers -XX:+UseCompressedOops -XX:-UseLargePagesIndividualAllocation -XX:+UseParallelGC 
1.383: [GC (Allocation Failure) [PSYoungGen: 131645K->5808K(240640K)] 131645K->57016K(502784K), 0.0157112 secs] [Times: user=0.00 sys=0.00, real=0.02 secs] 
2.707: [GC (Allocation Failure) [PSYoungGen: 184125K->21152K(240640K)] 235333K->83632K(502784K), 0.0161187 secs] [Times: user=0.00 sys=0.00, real=0.02 secs] 
4.908: [GC (Allocation Failure) [PSYoungGen: 235347K->10960K(240640K)] 297827K->73440K(502784K), 0.0019022 secs] [Times: user=0.00 sys=0.00, real=0.00 secs] 
5.998: [GC (Allocation Failure) [PSYoungGen: 225177K->17000K(240640K)] 287657K->79480K(502784K), 0.0014903 secs] [Times: user=0.00 sys=0.00, real=0.00 secs] 
7.091: [GC (Allocation Failure) [PSYoungGen: 146389K->21184K(240640K)] 208870K->155352K(502784K), 0.0303205 secs] [Times: user=0.00 sys=0.00, real=0.03 secs] 
8.542: [GC (Allocation Failure) [PSYoungGen: 214912K->600K(240640K)] 349080K->237168K(502784K), 0.0184880 secs] [Times: user=0.02 sys=0.02, real=0.02 secs] 
8.560: [Full GC (Ergonomics) [PSYoungGen: 600K->0K(240640K)] [ParOldGen: 236568K->51728K(262144K)] 237168K->51728K(502784K), [Metaspace: 2759K->2759K(1056768K)], 0.0065616 secs] [Times: user=0.00 sys=0.00, real=0.01 secs] 
9.884: [GC (Allocation Failure) [PSYoungGen: 178367K->5120K(240640K)] 230096K->77328K(502784K), 0.0025143 secs] [Times: user=0.02 sys=0.00, real=0.00 secs] 
11.189: [GC (Allocation Failure) [PSYoungGen: 214204K->20480K(240640K)] 286412K->195088K(502784K), 0.0149607 secs] [Times: user=0.00 sys=0.00, real=0.01 secs] 
11.204: [Full GC (Ergonomics) [PSYoungGen: 20480K->0K(240640K)] [ParOldGen: 174608K->174608K(262144K)] 195088K->174608K(502784K), [Metaspace: 2761K->2761K(1056768K)], 0.0096776 secs] [Times: user=0.00 sys=0.00, real=0.01 secs] 
12.640: [Full GC (Ergonomics) [PSYoungGen: 210526K->0K(240640K)] [ParOldGen: 174608K->15889K(262144K)] 385135K->15889K(502784K), [Metaspace: 2763K->2763K(1056768K)], 0.0061363 secs] [Times: user=0.00 sys=0.00, real=0.01 secs] 
13.846: [GC (Allocation Failure) [PSYoungGen: 209088K->6144K(240640K)] 224977K->22033K(502784K), 0.0008543 secs] [Times: user=0.00 sys=0.00, real=0.00 secs] 
14.942: [GC (Allocation Failure) [PSYoungGen: 220361K->11264K(240640K)] 236250K->37393K(502784K), 0.0016301 secs] [Times: user=0.00 sys=0.00, real=0.00 secs] 
17.127: [GC (Allocation Failure) [PSYoungGen: 174295K->20480K(240640K)] 200424K->102929K(502784K), 0.0057945 secs] [Times: user=0.00 sys=0.00, real=0.00 secs] 
18.451: [GC (Allocation Failure) [PSYoungGen: 198875K->20480K(240640K)] 281324K->128529K(502784K), 0.0031683 secs] [Times: user=0.00 sys=0.00, real=0.00 secs] 
19.872: [GC (Allocation Failure) [PSYoungGen: 198861K->5120K(240640K)] 306911K->113169K(502784K), 0.0007783 secs] [Times: user=0.00 sys=0.00, real=0.00 secs] 
21.181: [GC (Allocation Failure) [PSYoungGen: 214230K->15360K(240640K)] 322280K->225809K(502784K), 0.0154045 secs] [Times: user=0.00 sys=0.00, real=0.02 secs] 
21.196: [Full GC (Ergonomics) [PSYoungGen: 15360K->0K(240640K)] [ParOldGen: 210449K->118289K(262144K)] 225809K->118289K(502784K), [Metaspace: 2779K->2779K(1056768K)], 0.0086771 secs] [Times: user=0.00 sys=0.00, real=0.01 secs] 
22.411: [GC (Allocation Failure) [PSYoungGen: 209119K->11264K(240640K)] 327408K->129553K(502784K), 0.0011873 secs] [Times: user=0.00 sys=0.00, real=0.00 secs] 
23.937: [GC (Allocation Failure) [PSYoungGen: 225494K->20480K(240640K)] 343783K->138769K(502784K), 0.0014077 secs] [Times: user=0.00 sys=0.00, real=0.00 secs] 
25.139: [GC (Allocation Failure) [PSYoungGen: 234719K->20480K(240640K)] 353008K->138769K(502784K), 0.0014911 secs] [Times: user=0.00 sys=0.00, real=0.00 secs] 
26.229: [GC (Allocation Failure) [PSYoungGen: 234725K->20480K(240640K)] 353014K->154129K(502784K), 0.0027990 secs] [Times: user=0.00 sys=0.00, real=0.00 secs] 
28.521: [GC (Allocation Failure) [PSYoungGen: 204935K->5184K(240640K)] 338584K->241241K(502784K), 0.0051163 secs] [Times: user=0.00 sys=0.00, real=0.00 secs] 
28.526: [Full GC (Ergonomics) [PSYoungGen: 5184K->0K(240640K)] [ParOldGen: 236057K->56849K(262144K)] 241241K->56849K(502784K), [Metaspace: 2793K->2793K(1056768K)], 0.0046768 secs] [Times: user=0.01 sys=0.00, real=0.00 secs] 
29.846: [GC (Allocation Failure) [PSYoungGen: 178401K->5120K(240640K)] 235250K->82449K(502784K), 0.0021796 secs] [Times: user=0.00 sys=0.00, real=0.00 secs] 
31.372: [GC (Allocation Failure) [PSYoungGen: 188625K->5120K(240640K)] 265955K->82449K(502784K), 0.0007141 secs] [Times: user=0.00 sys=0.00, real=0.00 secs] 
32.682: [GC (Allocation Failure) [PSYoungGen: 183513K->20480K(240640K)] 260843K->103953K(502784K), 0.0024453 secs] [Times: user=0.02 sys=0.00, real=0.00 secs] 
33.999: [GC (Allocation Failure) [PSYoungGen: 229598K->11264K(240640K)] 313072K->104977K(502784K), 0.0018628 secs] [Times: user=0.00 sys=0.00, real=0.00 secs] 
35.422: [GC (Allocation Failure) [PSYoungGen: 215268K->20480K(240640K)] 308981K->114193K(502784K), 0.0014760 secs] [Times: user=0.00 sys=0.00, real=0.00 secs] 
36.624: [GC (Allocation Failure) [PSYoungGen: 229607K->20480K(240640K)] 323321K->114193K(502784K), 0.0016806 secs] [Times: user=0.00 sys=0.00, real=0.00 secs] 
37.715: [GC (Allocation Failure) [PSYoungGen: 234730K->20480K(240640K)] 328443K->139793K(502784K), 0.0031360 secs] [Times: user=0.00 sys=0.00, real=0.00 secs] 
39.790: [GC (Allocation Failure) [PSYoungGen: 193772K->5120K(240640K)] 313086K->144913K(502784K), 0.0022689 secs] [Times: user=0.00 sys=0.00, real=0.00 secs] 
41.095: [GC (Allocation Failure) [PSYoungGen: 214249K->20480K(240640K)] 354043K->262673K(502784K), 0.0160526 secs] [Times: user=0.00 sys=0.00, real=0.02 secs] 
41.111: [Full GC (Ergonomics) [PSYoungGen: 20480K->0K(240640K)] [ParOldGen: 242193K->123409K(262144K)] 262673K->123409K(502784K), [Metaspace: 2793K->2793K(1056768K)], 0.0105624 secs] [Times: user=0.00 sys=0.00, real=0.01 secs] 
43.198: [GC (Allocation Failure) [PSYoungGen: 214236K->6144K(240640K)] 337646K->129553K(502784K), 0.0009019 secs] [Times: user=0.00 sys=0.00, real=0.00 secs] 
44.183: [GC (Allocation Failure) [PSYoungGen: 128213K->11264K(240640K)] 251622K->185873K(502784K), 0.0050175 secs] [Times: user=0.01 sys=0.00, real=0.00 secs] 
44.188: [Full GC (Ergonomics) [PSYoungGen: 11264K->0K(240640K)] [ParOldGen: 174609K->62993K(262144K)] 185873K->62993K(502784K), [Metaspace: 2795K->2795K(1056768K)], 0.0052483 secs] [Times: user=0.00 sys=0.00, real=0.00 secs] 
45.514: [GC (Allocation Failure) [PSYoungGen: 178412K->15360K(240640K)] 241405K->98833K(502784K), 0.0027438 secs] [Times: user=0.00 sys=0.00, real=0.00 secs] 
46.938: [GC (Allocation Failure) [PSYoungGen: 214232K->20480K(240640K)] 297706K->124433K(502784K), 0.0023854 secs] [Times: user=0.00 sys=0.00, real=0.00 secs] 
48.251: [GC (Allocation Failure) [PSYoungGen: 229599K->15360K(240640K)] 333553K->119313K(502784K), 0.0015782 secs] [Times: user=0.00 sys=0.00, real=0.00 secs] 
49.451: [GC (Allocation Failure) [PSYoungGen: 224485K->15360K(240640K)] 328438K->170513K(502784K), 0.0057080 secs] [Times: user=0.00 sys=0.00, real=0.01 secs] 
50.869: [GC (Allocation Failure) [PSYoungGen: 229608K->10240K(240640K)] 384762K->165393K(502784K), 0.0010549 secs] [Times: user=0.00 sys=0.00, real=0.00 secs] 
51.964: [GC (Allocation Failure) [PSYoungGen: 224491K->11264K(240640K)] 379644K->166417K(502784K), 0.0010334 secs] [Times: user=0.02 sys=0.00, real=0.00 secs] 
53.055: [GC (Allocation Failure) [PSYoungGen: 225502K->13312K(240640K)] 380655K->168465K(502784K), 0.0011142 secs] [Times: user=0.00 sys=0.00, real=0.00 secs] 
55.567: [GC (Allocation Failure) [PSYoungGen: 181476K->15360K(240640K)] 336630K->221713K(502784K), 0.0051348 secs] [Times: user=0.00 sys=0.00, real=0.00 secs] 
55.572: [Full GC (Ergonomics) [PSYoungGen: 15360K->0K(240640K)] [ParOldGen: 206353K->67089K(262144K)] 221713K->67089K(502784K), [Metaspace: 2795K->2795K(1056768K)], 0.0055804 secs] [Times: user=0.00 sys=0.00, real=0.01 secs] 
56.893: [GC (Allocation Failure) [PSYoungGen: 178404K->5120K(240640K)] 245493K->113169K(502784K), 0.0024921 secs] [Times: user=0.00 sys=0.00, real=0.00 secs] 
58.313: [GC (Allocation Failure) [PSYoungGen: 198867K->20480K(240640K)] 306917K->128529K(502784K), 0.0024592 secs] [Times: user=0.00 sys=0.00, real=0.00 secs] 
59.622: [GC (Allocation Failure) [PSYoungGen: 229596K->15360K(240640K)] 337645K->174609K(502784K), 0.0050030 secs] [Times: user=0.00 sys=0.00, real=0.01 secs] 
60.821: [GC (Allocation Failure) [PSYoungGen: 224482K->15360K(240640K)] 383732K->277009K(502784K), 0.0157487 secs] [Times: user=0.00 sys=0.00, real=0.02 secs] 
60.837: [Full GC (Ergonomics) [PSYoungGen: 15360K->0K(240640K)] [ParOldGen: 261649K->169489K(262144K)] 277009K->169489K(502784K), [Metaspace: 2796K->2796K(1056768K)], 0.0123614 secs] [Times: user=0.00 sys=0.00, real=0.01 secs] 
62.271: [Full GC (Ergonomics) [PSYoungGen: 209127K->0K(240640K)] [ParOldGen: 169489K->6144K(262144K)] 378616K->6144K(502784K), [Metaspace: 2796K->2796K(1056768K)], 0.0022740 secs] [Times: user=0.00 sys=0.00, real=0.00 secs] 
63.362: [GC (Allocation Failure) [PSYoungGen: 214234K->6144K(240640K)] 220378K->12288K(502784K), 0.0006915 secs] [Times: user=0.00 sys=0.00, real=0.00 secs] 
64.453: [GC (Allocation Failure) [PSYoungGen: 220379K->12288K(240640K)] 226523K->18432K(502784K), 0.0013723 secs] [Times: user=0.00 sys=0.00, real=0.00 secs] 
66.964: [GC (Allocation Failure) [PSYoungGen: 190690K->20480K(240640K)] 196834K->82944K(502784K), 0.0054771 secs] [Times: user=0.02 sys=0.00, real=0.01 secs] 
68.271: [GC (Allocation Failure) [PSYoungGen: 198884K->20480K(240640K)] 261348K->108544K(502784K), 0.0031068 secs] [Times: user=0.00 sys=0.00, real=0.00 secs] 
69.691: [GC (Allocation Failure) [PSYoungGen: 198867K->5120K(240640K)] 286931K->93184K(502784K), 0.0008017 secs] [Times: user=0.00 sys=0.00, real=0.00 secs] 
71.001: [GC (Allocation Failure) [PSYoungGen: 214234K->15360K(240640K)] 302298K->205824K(502784K), 0.0157058 secs] [Times: user=0.00 sys=0.00, real=0.02 secs] 
71.016: [Full GC (Ergonomics) [PSYoungGen: 15360K->0K(240640K)] [ParOldGen: 190464K->118289K(262144K)] 205824K->118289K(502784K), [Metaspace: 2796K->2796K(1056768K)], 0.0086821 secs] [Times: user=0.00 sys=0.00, real=0.01 secs] 
72.232: [GC (Allocation Failure) [PSYoungGen: 209121K->11264K(240640K)] 327411K->129553K(502784K), 0.0012549 secs] [Times: user=0.00 sys=0.00, real=0.00 secs] 
73.757: [GC (Allocation Failure) [PSYoungGen: 225495K->20480K(240640K)] 343784K->138769K(502784K), 0.0014136 secs] [Times: user=0.00 sys=0.00, real=0.00 secs] 
74.959: [GC (Allocation Failure) [PSYoungGen: 234720K->20480K(240640K)] 353009K->138769K(502784K), 0.0018602 secs] [Times: user=0.00 sys=0.00, real=0.00 secs] 
76.048: [GC (Allocation Failure) [PSYoungGen: 234726K->20480K(240640K)] 353015K->154129K(502784K), 0.0022350 secs] [Times: user=0.00 sys=0.00, real=0.00 secs] 
78.343: [GC (Allocation Failure) [PSYoungGen: 204009K->5120K(240640K)] 337659K->241169K(502784K), 0.0051356 secs] [Times: user=0.00 sys=0.00, real=0.01 secs] 
78.348: [Full GC (Ergonomics) [PSYoungGen: 5120K->0K(240640K)] [ParOldGen: 236049K->56849K(262144K)] 241169K->56849K(502784K), [Metaspace: 2796K->2796K(1056768K)], 0.0051461 secs] [Times: user=0.00 sys=0.00, real=0.01 secs] 
79.671: [GC (Allocation Failure) [PSYoungGen: 178409K->20480K(240640K)] 235258K->82449K(502784K), 0.0024472 secs] [Times: user=0.00 sys=0.00, real=0.00 secs] 
81.197: [GC (Allocation Failure) [PSYoungGen: 203990K->5120K(240640K)] 265960K->67089K(502784K), 0.0008778 secs] [Times: user=0.00 sys=0.00, real=0.00 secs] 
82.507: [GC (Allocation Failure) [PSYoungGen: 183517K->20480K(240640K)] 245486K->88593K(502784K), 0.0020654 secs] [Times: user=0.00 sys=0.00, real=0.00 secs] 
83.812: [GC (Allocation Failure) [PSYoungGen: 229600K->20480K(240640K)] 297714K->89617K(502784K), 0.0016360 secs] [Times: user=0.00 sys=0.00, real=0.00 secs] 
85.234: [GC (Allocation Failure) [PSYoungGen: 224485K->20480K(240640K)] 293623K->89617K(502784K), 0.0014767 secs] [Times: user=0.00 sys=0.00, real=0.00 secs] 
86.433: [GC (Allocation Failure) [PSYoungGen: 229608K->20480K(240640K)] 298746K->89617K(502784K), 0.0016734 secs] [Times: user=0.00 sys=0.00, real=0.00 secs] 
87.526: [GC (Allocation Failure) [PSYoungGen: 234730K->20480K(240640K)] 303868K->115217K(502784K), 0.0029104 secs] [Times: user=0.00 sys=0.00, real=0.00 secs] 
89.601: [GC (Allocation Failure) [PSYoungGen: 193772K->20480K(240640K)] 288510K->120337K(502784K), 0.0021648 secs] [Times: user=0.00 sys=0.00, real=0.00 secs] 
90.917: [GC (Allocation Failure) [PSYoungGen: 229610K->15360K(240640K)] 329467K->217617K(502784K), 0.0157184 secs] [Times: user=0.05 sys=0.00, real=0.02 secs] 
90.933: [Full GC (Ergonomics) [PSYoungGen: 15360K->0K(240640K)] [ParOldGen: 202257K->123409K(262144K)] 217617K->123409K(502784K), [Metaspace: 2796K->2796K(1056768K)], 0.0092644 secs] [Times: user=0.00 sys=0.00, real=0.01 secs] 
93.017: [GC (Allocation Failure) [PSYoungGen: 214236K->6144K(240640K)] 337646K->129553K(502784K), 0.0009279 secs] [Times: user=0.00 sys=0.00, real=0.00 secs] 
93.996: [GC (Allocation Failure) [PSYoungGen: 128213K->11264K(240640K)] 251622K->185873K(502784K), 0.0050575 secs] [Times: user=0.00 sys=0.00, real=0.00 secs] 
94.001: [Full GC (Ergonomics) [PSYoungGen: 11264K->0K(240640K)] [ParOldGen: 174609K->62993K(262144K)] 185873K->62993K(502784K), [Metaspace: 2796K->2796K(1056768K)], 0.0053360 secs] [Times: user=0.00 sys=0.00, real=0.01 secs] 
95.317: [GC (Allocation Failure) [PSYoungGen: 178412K->15360K(240640K)] 241405K->98833K(502784K), 0.0028025 secs] [Times: user=0.00 sys=0.00, real=0.00 secs] 
96.734: [GC (Allocation Failure) [PSYoungGen: 214232K->20480K(240640K)] 297706K->124433K(502784K), 0.0022653 secs] [Times: user=0.00 sys=0.00, real=0.00 secs] 
98.042: [GC (Allocation Failure) [PSYoungGen: 229599K->15360K(240640K)] 333553K->119313K(502784K), 0.0013999 secs] [Times: user=0.00 sys=0.00, real=0.00 secs] 
99.250: [GC (Allocation Failure) [PSYoungGen: 224485K->15360K(240640K)] 328438K->170513K(502784K), 0.0054174 secs] [Times: user=0.00 sys=0.00, real=0.01 secs] 
100.668: [GC (Allocation Failure) [PSYoungGen: 229608K->10240K(240640K)] 384762K->165393K(502784K), 0.0011205 secs] [Times: user=0.00 sys=0.00, real=0.00 secs] 
101.761: [GC (Allocation Failure) [PSYoungGen: 224491K->11264K(240640K)] 379644K->166417K(502784K), 0.0011939 secs] [Times: user=0.03 sys=0.00, real=0.00 secs] 
102.855: [GC (Allocation Failure) [PSYoungGen: 225502K->13312K(240640K)] 380655K->168465K(502784K), 0.0011647 secs] [Times: user=0.05 sys=0.00, real=0.00 secs] 
105.363: [GC (Allocation Failure) [PSYoungGen: 181476K->15360K(240640K)] 336630K->221713K(502784K), 0.0052578 secs] [Times: user=0.00 sys=0.00, real=0.01 secs] 
105.368: [Full GC (Ergonomics) [PSYoungGen: 15360K->0K(240640K)] [ParOldGen: 206353K->67089K(262144K)] 221713K->67089K(502784K), [Metaspace: 2796K->2796K(1056768K)], 0.0057974 secs] [Times: user=0.02 sys=0.00, real=0.01 secs] 
106.691: [GC (Allocation Failure) [PSYoungGen: 178404K->20480K(240640K)] 245493K->113169K(502784K), 0.0025773 secs] [Times: user=0.00 sys=0.00, real=0.00 secs] 
108.109: [GC (Allocation Failure) [PSYoungGen: 214227K->20480K(240640K)] 306917K->113169K(502784K), 0.0022925 secs] [Times: user=0.00 sys=0.00, real=0.00 secs] 
109.417: [GC (Allocation Failure) [PSYoungGen: 229596K->15360K(240640K)] 322285K->159249K(502784K), 0.0050122 secs] [Times: user=0.02 sys=0.00, real=0.00 secs] 
110.616: [GC (Allocation Failure) [PSYoungGen: 224482K->15360K(240640K)] 368372K->261649K(502784K), 0.0157248 secs] [Times: user=0.01 sys=0.00, real=0.01 secs] 
110.632: [Full GC (Ergonomics) [PSYoungGen: 15360K->0K(240640K)] [ParOldGen: 246289K->169489K(262144K)] 261649K->169489K(502784K), [Metaspace: 2796K->2796K(1056768K)], 0.0141287 secs] [Times: user=0.02 sys=0.00, real=0.01 secs] 
112.063: [Full GC (Ergonomics) [PSYoungGen: 209127K->0K(240640K)] [ParOldGen: 169489K->6144K(262144K)] 378616K->6144K(502784K), [Metaspace: 2796K->2796K(1056768K)], 0.0020108 secs] [Times: user=0.00 sys=0.00, real=0.00 secs] 
113.157: [GC (Allocation Failure) [PSYoungGen: 214234K->6144K(240640K)] 220378K->12288K(502784K), 0.0007504 secs] [Times: user=0.00 sys=0.00, real=0.00 secs] 
114.251: [GC (Allocation Failure) [PSYoungGen: 220379K->12288K(240640K)] 226523K->18432K(502784K), 0.0012472 secs] [Times: user=0.00 sys=0.00, real=0.00 secs] 
116.765: [GC (Allocation Failure) [PSYoungGen: 190690K->5120K(240640K)] 196834K->82944K(502784K), 0.0052633 secs] [Times: user=0.00 sys=0.00, real=0.00 secs] 
118.073: [GC (Allocation Failure) [PSYoungGen: 183524K->20480K(240640K)] 261348K->108544K(502784K), 0.0031583 secs] [Times: user=0.00 sys=0.00, real=0.00 secs] 
119.490: [GC (Allocation Failure) [PSYoungGen: 198867K->5120K(240640K)] 286931K->93184K(502784K), 0.0009070 secs] [Times: user=0.00 sys=0.00, real=0.00 secs] 
120.798: [GC (Allocation Failure) [PSYoungGen: 214234K->15360K(240640K)] 302298K->205824K(502784K), 0.0151396 secs] [Times: user=0.00 sys=0.00, real=0.01 secs] 
120.813: [Full GC (Ergonomics) [PSYoungGen: 15360K->0K(240640K)] [ParOldGen: 190464K->118289K(262144K)] 205824K->118289K(502784K), [Metaspace: 2796K->2796K(1056768K)], 0.0090581 secs] [Times: user=0.00 sys=0.00, real=0.01 secs] 
122.030: [GC (Allocation Failure) [PSYoungGen: 209121K->11264K(240640K)] 327411K->129553K(502784K), 0.0009253 secs] [Times: user=0.00 sys=0.00, real=0.00 secs] 
123.557: [GC (Allocation Failure) [PSYoungGen: 225495K->20480K(240640K)] 343784K->138769K(502784K), 0.0016535 secs] [Times: user=0.00 sys=0.00, real=0.00 secs] 
124.756: [GC (Allocation Failure) [PSYoungGen: 234720K->20480K(240640K)] 353009K->138769K(502784K), 0.0016140 secs] [Times: user=0.00 sys=0.00, real=0.00 secs] 
125.847: [GC (Allocation Failure) [PSYoungGen: 234726K->20480K(240640K)] 353015K->154129K(502784K), 0.0023937 secs] [Times: user=0.00 sys=0.00, real=0.00 secs] 
128.140: [GC (Allocation Failure) [PSYoungGen: 204009K->5120K(240640K)] 337659K->241169K(502784K), 0.0052996 secs] [Times: user=0.00 sys=0.00, real=0.01 secs] 
128.145: [Full GC (Ergonomics) [PSYoungGen: 5120K->0K(240640K)] [ParOldGen: 236049K->56849K(262144K)] 241169K->56849K(502784K), [Metaspace: 2796K->2796K(1056768K)], 0.0051291 secs] [Times: user=0.00 sys=0.00, real=0.00 secs] 
129.469: [GC (Allocation Failure) [PSYoungGen: 178409K->20480K(240640K)] 235258K->82449K(502784K), 0.0021115 secs] [Times: user=0.00 sys=0.00, real=0.00 secs] 
130.998: [GC (Allocation Failure) [PSYoungGen: 203990K->5120K(240640K)] 265960K->67089K(502784K), 0.0007044 secs] [Times: user=0.00 sys=0.00, real=0.00 secs] 
132.308: [GC (Allocation Failure) [PSYoungGen: 183517K->20480K(240640K)] 245486K->88593K(502784K), 0.0023707 secs] [Times: user=0.00 sys=0.00, real=0.00 secs] 
133.616: [GC (Allocation Failure) [PSYoungGen: 229600K->11264K(240640K)] 297714K->89617K(502784K), 0.0018635 secs] [Times: user=0.00 sys=0.00, real=0.00 secs] 
135.035: [GC (Allocation Failure) [PSYoungGen: 215269K->20480K(240640K)] 293623K->98833K(502784K), 0.0014697 secs] [Times: user=0.00 sys=0.00, real=0.00 secs] 
136.234: [GC (Allocation Failure) [PSYoungGen: 229608K->20480K(240640K)] 307962K->98833K(502784K), 0.0018070 secs] [Times: user=0.00 sys=0.00, real=0.00 secs] 
137.328: [GC (Allocation Failure) [PSYoungGen: 234730K->20480K(240640K)] 313084K->124433K(502784K), 0.0033259 secs] [Times: user=0.00 sys=0.00, real=0.00 secs] 
139.400: [GC (Allocation Failure) [PSYoungGen: 193772K->5120K(240640K)] 297726K->129553K(502784K), 0.0023121 secs] [Times: user=0.00 sys=0.00, real=0.00 secs] 
140.713: [GC (Allocation Failure) [PSYoungGen: 214250K->20480K(240640K)] 338683K->247313K(502784K), 0.0154530 secs] [Times: user=0.00 sys=0.00, real=0.02 secs] 
140.729: [Full GC (Ergonomics) [PSYoungGen: 20480K->0K(240640K)] [ParOldGen: 226833K->123409K(262144K)] 247313K->123409K(502784K), [Metaspace: 2796K->2796K(1056768K)], 0.0091556 secs] [Times: user=0.05 sys=0.00, real=0.01 secs] 
142.819: [GC (Allocation Failure) [PSYoungGen: 214236K->6144K(240640K)] 337646K->129553K(502784K), 0.0010112 secs] [Times: user=0.00 sys=0.00, real=0.00 secs] 
143.802: [GC (Allocation Failure) [PSYoungGen: 128213K->11264K(240640K)] 251622K->185873K(502784K), 0.0052832 secs] [Times: user=0.00 sys=0.00, real=0.00 secs] 
143.807: [Full GC (Ergonomics) [PSYoungGen: 11264K->0K(240640K)] [ParOldGen: 174609K->62993K(262144K)] 185873K->62993K(502784K), [Metaspace: 2796K->2796K(1056768K)], 0.0053877 secs] [Times: user=0.00 sys=0.00, real=0.01 secs] 
145.132: [GC (Allocation Failure) [PSYoungGen: 178412K->20480K(240640K)] 241405K->98833K(502784K), 0.0025909 secs] [Times: user=0.00 sys=0.00, real=0.00 secs] 
146.552: [GC (Allocation Failure) [PSYoungGen: 219352K->20480K(240640K)] 297706K->119313K(502784K), 0.0025941 secs] [Times: user=0.00 sys=0.00, real=0.00 secs] 
147.861: [GC (Allocation Failure) [PSYoungGen: 229599K->15360K(240640K)] 328433K->114193K(502784K), 0.0014457 secs] [Times: user=0.00 sys=0.00, real=0.00 secs] 
149.063: [GC (Allocation Failure) [PSYoungGen: 224485K->15360K(240640K)] 323318K->165393K(502784K), 0.0051129 secs] [Times: user=0.00 sys=0.00, real=0.01 secs] 
150.484: [GC (Allocation Failure) [PSYoungGen: 229608K->10240K(240640K)] 379642K->160273K(502784K), 0.0010259 secs] [Times: user=0.00 sys=0.00, real=0.00 secs] 
151.574: [GC (Allocation Failure) [PSYoungGen: 224491K->11264K(240640K)] 374524K->161297K(502784K), 0.0011026 secs] [Times: user=0.00 sys=0.00, real=0.00 secs] 
152.665: [GC (Allocation Failure) [PSYoungGen: 225502K->13312K(240640K)] 375535K->163345K(502784K), 0.0011952 secs] [Times: user=0.00 sys=0.00, real=0.00 secs] 
155.178: [GC (Allocation Failure) [PSYoungGen: 181476K->15360K(240640K)] 331510K->216593K(502784K), 0.0051030 secs] [Times: user=0.00 sys=0.00, real=0.01 secs] 
155.183: [Full GC (Ergonomics) [PSYoungGen: 15360K->0K(240640K)] [ParOldGen: 201233K->67089K(262144K)] 216593K->67089K(502784K), [Metaspace: 2796K->2796K(1056768K)], 0.0056287 secs] [Times: user=0.00 sys=0.00, real=0.01 secs] 
156.500: [GC (Allocation Failure) [PSYoungGen: 178404K->5120K(240640K)] 245493K->113169K(502784K), 0.0025726 secs] [Times: user=0.00 sys=0.00, real=0.00 secs] 
157.920: [GC (Allocation Failure) [PSYoungGen: 198867K->20480K(240640K)] 306917K->128529K(502784K), 0.0020741 secs] [Times: user=0.00 sys=0.00, real=0.00 secs] 
159.229: [GC (Allocation Failure) [PSYoungGen: 229596K->15360K(240640K)] 337645K->174609K(502784K), 0.0051451 secs] [Times: user=0.00 sys=0.00, real=0.00 secs] 
160.431: [GC (Allocation Failure) [PSYoungGen: 224482K->15360K(240640K)] 383732K->277009K(502784K), 0.0157198 secs] [Times: user=0.02 sys=0.00, real=0.02 secs] 
160.447: [Full GC (Ergonomics) [PSYoungGen: 15360K->0K(240640K)] [ParOldGen: 261649K->169489K(262144K)] 277009K->169489K(502784K), [Metaspace: 2796K->2796K(1056768K)], 0.0123607 secs] [Times: user=0.00 sys=0.00, real=0.01 secs] 
161.878: [Full GC (Ergonomics) [PSYoungGen: 209127K->0K(240640K)] [ParOldGen: 169489K->5649K(262144K)] 378616K->5649K(502784K), [Metaspace: 2796K->2796K(1056768K)], 0.0020942 secs] [Times: user=0.00 sys=0.00, real=0.00 secs] 
162.968: [GC (Allocation Failure) [PSYoungGen: 214234K->6144K(240640K)] 219884K->11793K(502784K), 0.0008337 secs] [Times: user=0.00 sys=0.00, real=0.00 secs] 
164.056: [GC (Allocation Failure) [PSYoungGen: 220379K->12288K(240640K)] 226028K->17937K(502784K), 0.0014405 secs] [Times: user=0.00 sys=0.00, real=0.00 secs] 
166.566: [GC (Allocation Failure) [PSYoungGen: 190690K->20480K(240640K)] 196340K->82449K(502784K), 0.0054503 secs] [Times: user=0.00 sys=0.00, real=0.01 secs] 
167.877: [GC (Allocation Failure) [PSYoungGen: 198884K->20480K(240640K)] 260853K->108049K(502784K), 0.0029816 secs] [Times: user=0.00 sys=0.00, real=0.00 secs] 
169.295: [GC (Allocation Failure) [PSYoungGen: 198867K->5120K(240640K)] 286437K->92689K(502784K), 0.0006546 secs] [Times: user=0.00 sys=0.00, real=0.00 secs] 
170.608: [GC (Allocation Failure) [PSYoungGen: 214234K->15360K(240640K)] 301804K->205329K(502784K), 0.0158970 secs] [Times: user=0.00 sys=0.00, real=0.02 secs] 
170.624: [Full GC (Ergonomics) [PSYoungGen: 15360K->0K(240640K)] [ParOldGen: 189969K->118289K(262144K)] 205329K->118289K(502784K), [Metaspace: 2796K->2796K(1056768K)], 0.0089228 secs] [Times: user=0.00 sys=0.00, real=0.01 secs] 
171.842: [GC (Allocation Failure) [PSYoungGen: 209121K->11264K(240640K)] 327411K->129553K(502784K), 0.0009425 secs] [Times: user=0.00 sys=0.00, real=0.00 secs] 
173.374: [GC (Allocation Failure) [PSYoungGen: 225495K->20480K(240640K)] 343784K->138769K(502784K), 0.0017570 secs] [Times: user=0.00 sys=0.00, real=0.00 secs] 
174.576: [GC (Allocation Failure) [PSYoungGen: 234720K->20480K(240640K)] 353009K->138769K(502784K), 0.0016956 secs] [Times: user=0.00 sys=0.00, real=0.00 secs] 
175.676: [GC (Allocation Failure) [PSYoungGen: 234726K->20480K(240640K)] 353015K->154129K(502784K), 0.0022880 secs] [Times: user=0.00 sys=0.00, real=0.00 secs] 
177.968: [GC (Allocation Failure) [PSYoungGen: 204009K->5120K(240640K)] 337659K->241169K(502784K), 0.0054192 secs] [Times: user=0.00 sys=0.00, real=0.00 secs] 
177.974: [Full GC (Ergonomics) [PSYoungGen: 5120K->0K(240640K)] [ParOldGen: 236049K->56849K(262144K)] 241169K->56849K(502784K), [Metaspace: 2796K->2796K(1056768K)], 0.0052264 secs] [Times: user=0.00 sys=0.00, real=0.01 secs] 
179.292: [GC (Allocation Failure) [PSYoungGen: 178409K->5120K(240640K)] 235258K->82449K(502784K), 0.0022897 secs] [Times: user=0.01 sys=0.00, real=0.00 secs] 
180.823: [GC (Allocation Failure) [PSYoungGen: 188630K->5120K(240640K)] 265960K->82449K(502784K), 0.0007396 secs] [Times: user=0.00 sys=0.00, real=0.00 secs] 
182.130: [GC (Allocation Failure) [PSYoungGen: 183517K->20480K(240640K)] 260846K->103953K(502784K), 0.0023342 secs] [Times: user=0.00 sys=0.00, real=0.00 secs] 
183.441: [GC (Allocation Failure) [PSYoungGen: 229600K->11264K(240640K)] 313074K->104977K(502784K), 0.0018100 secs] [Times: user=0.00 sys=0.00, real=0.00 secs] 
184.858: [GC (Allocation Failure) [PSYoungGen: 215269K->20480K(240640K)] 308983K->114193K(502784K), 0.0012713 secs] [Times: user=0.00 sys=0.00, real=0.00 secs] 
186.057: [GC (Allocation Failure) [PSYoungGen: 229608K->20480K(240640K)] 323322K->114193K(502784K), 0.0015778 secs] [Times: user=0.02 sys=0.00, real=0.00 secs] 
187.151: [GC (Allocation Failure) [PSYoungGen: 234730K->20480K(240640K)] 328444K->139793K(502784K), 0.0032625 secs] [Times: user=0.01 sys=0.00, real=0.00 secs] 
189.223: [GC (Allocation Failure) [PSYoungGen: 193772K->5120K(240640K)] 313086K->144913K(502784K), 0.0022504 secs] [Times: user=0.00 sys=0.00, real=0.00 secs] 
190.531: [GC (Allocation Failure) [PSYoungGen: 214250K->20480K(240640K)] 354043K->262673K(502784K), 0.0153638 secs] [Times: user=0.00 sys=0.00, real=0.01 secs] 
190.546: [Full GC (Ergonomics) [PSYoungGen: 20480K->0K(240640K)] [ParOldGen: 242193K->123409K(262144K)] 262673K->123409K(502784K), [Metaspace: 2796K->2796K(1056768K)], 0.0092322 secs] [Times: user=0.00 sys=0.00, real=0.01 secs] 
192.629: [GC (Allocation Failure) [PSYoungGen: 214236K->6176K(240640K)] 337646K->129585K(502784K), 0.0010025 secs] [Times: user=0.00 sys=0.00, real=0.00 secs] 
193.609: [GC (Allocation Failure) [PSYoungGen: 128245K->11296K(240640K)] 251654K->185905K(502784K), 0.0049051 secs] [Times: user=0.00 sys=0.00, real=0.00 secs] 
193.614: [Full GC (Ergonomics) [PSYoungGen: 11296K->0K(240640K)] [ParOldGen: 174609K->62993K(262144K)] 185905K->62993K(502784K), [Metaspace: 2796K->2796K(1056768K)], 0.0053355 secs] [Times: user=0.00 sys=0.00, real=0.01 secs] 
194.935: [GC (Allocation Failure) [PSYoungGen: 178412K->20544K(240640K)] 241405K->98897K(502784K), 0.0024637 secs] [Times: user=0.00 sys=0.00, real=0.00 secs] 
196.364: [GC (Allocation Failure) [PSYoungGen: 219416K->20544K(240640K)] 297770K->119377K(502784K), 0.0022946 secs] [Times: user=0.00 sys=0.00, real=0.00 secs] 
197.671: [GC (Allocation Failure) [PSYoungGen: 229663K->15392K(240640K)] 328497K->134705K(502784K), 0.0031365 secs] [Times: user=0.00 sys=0.00, real=0.00 secs] 
198.873: [GC (Allocation Failure) [PSYoungGen: 224517K->15424K(240640K)] 343830K->185937K(502784K), 0.0054749 secs] [Times: user=0.00 sys=0.00, real=0.01 secs] 
198.878: [Full GC (Ergonomics) [PSYoungGen: 15424K->0K(240640K)] [ParOldGen: 170513K->87569K(262144K)] 185937K->87569K(502784K), [Metaspace: 2796K->2796K(1056768K)], 0.0069419 secs] [Times: user=0.00 sys=0.00, real=0.01 secs] 
200.309: [GC (Allocation Failure) [PSYoungGen: 214248K->10240K(240640K)] 301818K->97809K(502784K), 0.0009367 secs] [Times: user=0.00 sys=0.00, real=0.00 secs] 
201.401: [GC (Allocation Failure) [PSYoungGen: 224476K->11264K(240640K)] 312046K->98833K(502784K), 0.0012189 secs] [Times: user=0.00 sys=0.00, real=0.00 secs] 
202.492: [GC (Allocation Failure) [PSYoungGen: 225493K->13312K(240640K)] 313062K->100881K(502784K), 0.0010653 secs] [Times: user=0.00 sys=0.00, real=0.00 secs] 
205.007: [GC (Allocation Failure) [PSYoungGen: 181470K->15360K(240640K)] 269040K->154129K(502784K), 0.0049473 secs] [Times: user=0.02 sys=0.00, real=0.00 secs] 
206.337: [GC (Allocation Failure) [PSYoungGen: 193760K->20480K(240640K)] 332530K->200209K(502784K), 0.0033023 secs] [Times: user=0.02 sys=0.00, real=0.00 secs] 
206.341: [Full GC (Ergonomics) [PSYoungGen: 20480K->0K(240640K)] [ParOldGen: 179729K->41489K(262144K)] 200209K->41489K(502784K), [Metaspace: 2796K->2796K(1056768K)], 0.0041039 secs] [Times: user=0.00 sys=0.00, real=0.00 secs] 
207.770: [GC (Allocation Failure) [PSYoungGen: 193754K->20480K(240640K)] 235243K->61969K(502784K), 0.0021117 secs] [Times: user=0.00 sys=0.00, real=0.00 secs] 
209.081: [GC (Allocation Failure) [PSYoungGen: 229584K->15360K(240640K)] 271073K->108049K(502784K), 0.0048221 secs] [Times: user=0.00 sys=0.00, real=0.00 secs] 
210.284: [GC (Allocation Failure) [PSYoungGen: 224475K->15360K(240640K)] 317164K->210449K(502784K), 0.0157141 secs] [Times: user=0.00 sys=0.00, real=0.02 secs] 
210.300: [Full GC (Ergonomics) [PSYoungGen: 15360K->0K(240640K)] [ParOldGen: 195089K->169489K(262144K)] 210449K->169489K(502784K), [Metaspace: 2796K->2796K(1056768K)], 0.0120230 secs] [Times: user=0.02 sys=0.00, real=0.01 secs] 
211.735: [Full GC (Ergonomics) [PSYoungGen: 209122K->0K(240640K)] [ParOldGen: 169489K->6144K(262144K)] 378611K->6144K(502784K), [Metaspace: 2796K->2796K(1056768K)], 0.0022170 secs] [Times: user=0.00 sys=0.00, real=0.00 secs] 
212.825: [GC (Allocation Failure) [PSYoungGen: 214231K->6144K(240640K)] 220375K->12288K(502784K), 0.0008340 secs] [Times: user=0.00 sys=0.00, real=0.00 secs] 
213.919: [GC (Allocation Failure) [PSYoungGen: 220377K->12288K(240640K)] 226521K->18432K(502784K), 0.0012653 secs] [Times: user=0.00 sys=0.00, real=0.00 secs] 
216.432: [GC (Allocation Failure) [PSYoungGen: 190689K->20480K(240640K)] 196833K->82944K(502784K), 0.0052548 secs] [Times: user=0.00 sys=0.00, real=0.01 secs] 
217.755: [GC (Allocation Failure) [PSYoungGen: 198883K->20480K(240640K)] 261347K->108544K(502784K), 0.0032180 secs] [Times: user=0.00 sys=0.00, real=0.00 secs] 
Heap
 PSYoungGen      total 240640K, used 203250K [0x00000000f0000000, 0x0000000100000000, 0x0000000100000000)
  eden space 219136K, 83% used [0x00000000f0000000,0x00000000fb27c890,0x00000000fd600000)
  from space 21504K, 95% used [0x00000000feb00000,0x00000000fff00010,0x0000000100000000)
  to   space 21504K, 0% used [0x00000000fd600000,0x00000000fd600000,0x00000000feb00000)
 ParOldGen       total 262144K, used 88064K [0x00000000e0000000, 0x00000000f0000000, 0x00000000f0000000)
  object space 262144K, 33% used [0x00000000e0000000,0x00000000e5600050,0x00000000f0000000)
 Metaspace       used 2804K, capacity 4486K, committed 4864K, reserved 1056768K
  class space    used 297K, capacity 386K, committed 512K, reserved 1048576K
