Java HotSpot(TM) 64-Bit Server VM (25.411-b09) for windows-amd64 JRE (1.8.0_411-b09), built on Mar 13 2024 07:26:13 by "java_re" with MS VC++ 17.1 (VS2022)
Memory: 4k page, physical 33403376k(14443316k free), swap 36670664k(7428284k free)
CommandLine flags: -XX:InitialHeapSize=536870912 -XX:MaxHeapSize=536870912 -XX:NewRatio=8 -XX:ParallelGCThreads=6 -XX:+PrintGC -XX:+PrintGCDetails -XX:+PrintGCTimeStamps -XX:SurvivorRatio=1 -XX:-UseAdaptiveSizePolicy -XX:+UseCompressedClassPointers -XX:+UseCompressedOops -XX:-UseLargePagesIndividualAllocation -XX:+UseParallelGC 
0.608: [GC (Allocation Failure) [PSYoungGen: 18606K->5816K(38912K)] 18606K->5824K(505344K), 0.0020650 secs] [Times: user=0.00 sys=0.00, real=0.00 secs] 
1.746: [GC (Allocation Failure) [PSYoungGen: 23615K->7872K(38912K)] 218183K->202440K(505344K), 0.0021532 secs] [Times: user=0.00 sys=0.00, real=0.00 secs] 
2.073: [GC (Allocation Failure) [PSYoungGen: 23626K->11952K(38912K)] 218194K->206520K(505344K), 0.0024418 secs] [Times: user=0.00 sys=0.00, real=0.00 secs] 
3.211: [GC (Allocation Failure) [PSYoungGen: 29752K->13928K(38912K)] 418880K->403056K(505344K), 0.0027229 secs] [Times: user=0.00 sys=0.00, real=0.00 secs] 
3.539: [GC (Allocation Failure) [PSYoungGen: 29683K->18040K(38912K)] 418811K->407168K(505344K), 0.0022299 secs] [Times: user=0.00 sys=0.00, real=0.00 secs] 
4.631: [GC (Allocation Failure) [PSYoungGen: 34817K->1624K(38912K)] 434185K->400992K(505344K), 0.0009438 secs] [Times: user=0.00 sys=0.00, real=0.00 secs] 
4.957: [GC (Allocation Failure) [PSYoungGen: 17379K->10872K(38912K)] 416747K->410240K(505344K), 0.0014068 secs] [Times: user=0.00 sys=0.00, real=0.00 secs] 
5.612: [GC (Allocation Failure) [PSYoungGen: 26625K->5752K(38912K)] 466953K->446080K(505344K), 0.0008880 secs] [Times: user=0.00 sys=0.00, real=0.00 secs] 
5.613: [GC (Allocation Failure) [PSYoungGen: 5752K->5776K(38912K)] 446080K->446104K(505344K), 0.0008520 secs] [Times: user=0.00 sys=0.00, real=0.00 secs] 
5.614: [Full GC (Allocation Failure) [PSYoungGen: 5776K->0K(38912K)] [ParOldGen: 440328K->36368K(466432K)] 446104K->36368K(505344K), [Metaspace: 2753K->2753K(1056768K)], 0.0089980 secs] [Times: user=0.00 sys=0.00, real=0.01 secs] 
6.393: [GC (Allocation Failure) [PSYoungGen: 17803K->10240K(38912K)] 207772K->200208K(505344K), 0.0012277 secs] [Times: user=0.00 sys=0.00, real=0.00 secs] 
7.481: [GC (Allocation Failure) [PSYoungGen: 28244K->6176K(38912K)] 412773K->390712K(505344K), 0.0010599 secs] [Times: user=0.00 sys=0.00, real=0.00 secs] 
8.572: [Full GC (Ergonomics) [PSYoungGen: 21933K->0K(38912K)] [ParOldGen: 456216K->51728K(466432K)] 478150K->51728K(505344K), [Metaspace: 2759K->2759K(1056768K)], 0.0057109 secs] [Times: user=0.00 sys=0.00, real=0.00 secs] 
9.244: [GC (Allocation Failure) [PSYoungGen: 17806K->5120K(38912K)] 171935K->159248K(505344K), 0.0008397 secs] [Times: user=0.00 sys=0.00, real=0.00 secs] 
10.340: [GC (Allocation Failure) [PSYoungGen: 22926K->6144K(38912K)] 371615K->354833K(505344K), 0.0008964 secs] [Times: user=0.00 sys=0.00, real=0.00 secs] 
10.665: [GC (Allocation Failure) [PSYoungGen: 21903K->10240K(38912K)] 370592K->358929K(505344K), 0.0014212 secs] [Times: user=0.00 sys=0.00, real=0.00 secs] 
11.428: [GC (Allocation Failure) [PSYoungGen: 25995K->10240K(38912K)] 466844K->451089K(505344K), 0.0012062 secs] [Times: user=0.00 sys=0.00, real=0.00 secs] 
11.429: [GC (Allocation Failure) [PSYoungGen: 10240K->10240K(38912K)] 451089K->451089K(505344K), 0.0012307 secs] [Times: user=0.00 sys=0.00, real=0.00 secs] 
11.430: [Full GC (Allocation Failure) [PSYoungGen: 10240K->0K(38912K)] [ParOldGen: 440849K->215568K(466432K)] 451089K->215568K(505344K), [Metaspace: 2761K->2761K(1056768K)], 0.0119352 secs] [Times: user=0.00 sys=0.00, real=0.01 secs] 
12.863: [GC (Allocation Failure) [PSYoungGen: 11790K->5152K(38912K)] 421919K->415289K(505344K), 0.0008302 secs] [Times: user=0.00 sys=0.00, real=0.00 secs] 
12.864: [GC (Allocation Failure) [PSYoungGen: 5152K->5184K(38912K)] 415289K->415321K(505344K), 0.0007917 secs] [Times: user=0.00 sys=0.00, real=0.00 secs] 
12.865: [Full GC (Allocation Failure) [PSYoungGen: 5184K->0K(38912K)] [ParOldGen: 410137K->56849K(466432K)] 415321K->56849K(505344K), [Metaspace: 2763K->2763K(1056768K)], 0.0052700 secs] [Times: user=0.00 sys=0.00, real=0.01 secs] 
13.534: [GC (Allocation Failure) [PSYoungGen: 17805K->6144K(38912K)] 177055K->165393K(505344K), 0.0009521 secs] [Times: user=0.00 sys=0.00, real=0.00 secs] 
14.626: [GC (Allocation Failure) [PSYoungGen: 23950K->2048K(38912K)] 377759K->355857K(505344K), 0.0011543 secs] [Times: user=0.00 sys=0.00, real=0.00 secs] 
14.954: [GC (Allocation Failure) [PSYoungGen: 17806K->11264K(38912K)] 371616K->365073K(505344K), 0.0012856 secs] [Times: user=0.00 sys=0.00, real=0.00 secs] 
16.046: [GC (Allocation Failure) [PSYoungGen: 27019K->0K(38912K)] 401308K->374289K(505344K), 0.0011092 secs] [Times: user=0.00 sys=0.00, real=0.00 secs] 
16.374: [GC (Allocation Failure) [PSYoungGen: 15756K->10240K(38912K)] 390046K->384529K(505344K), 0.0012556 secs] [Times: user=0.00 sys=0.00, real=0.00 secs] 
17.029: [GC (Allocation Failure) [PSYoungGen: 25994K->5120K(38912K)] 441243K->420369K(505344K), 0.0009328 secs] [Times: user=0.00 sys=0.00, real=0.00 secs] 
17.030: [GC (Allocation Failure) [PSYoungGen: 5120K->5120K(38912K)] 420369K->420369K(505344K), 0.0008510 secs] [Times: user=0.00 sys=0.00, real=0.00 secs] 
17.031: [Full GC (Allocation Failure) [PSYoungGen: 5120K->0K(38912K)] [ParOldGen: 415249K->26129K(466432K)] 420369K->26129K(505344K), [Metaspace: 2768K->2768K(1056768K)], 0.0033230 secs] [Times: user=0.00 sys=0.00, real=0.00 secs] 
17.793: [GC (Allocation Failure) [PSYoungGen: 17804K->10240K(38912K)] 197533K->189969K(505344K), 0.0009963 secs] [Times: user=0.00 sys=0.00, real=0.00 secs] 
18.886: [GC (Allocation Failure) [PSYoungGen: 28045K->6144K(38912K)] 402334K->380433K(505344K), 0.0007830 secs] [Times: user=0.00 sys=0.00, real=0.00 secs] 
19.213: [GC (Allocation Failure) [PSYoungGen: 21902K->10240K(38912K)] 396191K->384529K(505344K), 0.0011165 secs] [Times: user=0.00 sys=0.00, real=0.00 secs] 
19.982: [GC (Allocation Failure) [PSYoungGen: 15755K->0K(38912K)] 441244K->425489K(505344K), 0.0008412 secs] [Times: user=0.00 sys=0.00, real=0.00 secs] 
19.983: [GC (Allocation Failure) [PSYoungGen: 0K->0K(38912K)] 425489K->425489K(505344K), 0.0009302 secs] [Times: user=0.00 sys=0.00, real=0.00 secs] 
19.984: [Full GC (Allocation Failure) [PSYoungGen: 0K->0K(38912K)] [ParOldGen: 425489K->51729K(466432K)] 425489K->51729K(505344K), [Metaspace: 2770K->2770K(1056768K)], 0.0052133 secs] [Times: user=0.00 sys=0.00, real=0.01 secs] 
20.656: [GC (Allocation Failure) [PSYoungGen: 17803K->5120K(38912K)] 171932K->159249K(505344K), 0.0007969 secs] [Times: user=0.00 sys=0.00, real=0.00 secs] 
21.748: [GC (Allocation Failure) [PSYoungGen: 22924K->7168K(38912K)] 371613K->355857K(505344K), 0.0009744 secs] [Times: user=0.00 sys=0.00, real=0.00 secs] 
22.076: [GC (Allocation Failure) [PSYoungGen: 22925K->11264K(38912K)] 371614K->359953K(505344K), 0.0011914 secs] [Times: user=0.00 sys=0.00, real=0.00 secs] 
22.840: [GC (Allocation Failure) [PSYoungGen: 27018K->11264K(38912K)] 467868K->452113K(505344K), 0.0011447 secs] [Times: user=0.00 sys=0.00, real=0.00 secs] 
22.841: [GC (Allocation Failure) [PSYoungGen: 11264K->11264K(38912K)] 452113K->452113K(505344K), 0.0012075 secs] [Times: user=0.00 sys=0.00, real=0.00 secs] 
22.843: [Full GC (Allocation Failure) [PSYoungGen: 11264K->0K(38912K)] [ParOldGen: 440849K->165393K(466432K)] 452113K->165393K(505344K), [Metaspace: 2779K->2779K(1056768K)], 0.0129216 secs] [Times: user=0.00 sys=0.00, real=0.01 secs] 
24.604: [Full GC (Ergonomics) [PSYoungGen: 19852K->0K(38912K)] [ParOldGen: 452113K->12288K(466432K)] 471965K->12288K(505344K), [Metaspace: 2779K->2779K(1056768K)], 0.0025074 secs] [Times: user=0.00 sys=0.00, real=0.00 secs] 
24.934: [GC (Allocation Failure) [PSYoungGen: 15757K->10240K(38912K)] 28045K->22528K(505344K), 0.0010181 secs] [Times: user=0.00 sys=0.00, real=0.00 secs] 
26.025: [GC (Allocation Failure) [PSYoungGen: 28042K->6144K(38912K)] 234890K->212992K(505344K), 0.0008910 secs] [Times: user=0.00 sys=0.00, real=0.00 secs] 
26.350: [GC (Allocation Failure) [PSYoungGen: 21900K->15360K(38912K)] 228748K->222208K(505344K), 0.0015812 secs] [Times: user=0.00 sys=0.00, real=0.00 secs] 
27.552: [GC (Allocation Failure) [PSYoungGen: 31114K->0K(38912K)] 278922K->247808K(505344K), 0.0008673 secs] [Times: user=0.00 sys=0.00, real=0.00 secs] 
27.883: [GC (Allocation Failure) [PSYoungGen: 15755K->10240K(38912K)] 263564K->258048K(505344K), 0.0011464 secs] [Times: user=0.00 sys=0.00, real=0.00 secs] 
28.976: [GC (Allocation Failure) [PSYoungGen: 28126K->10272K(38912K)] 470494K->452648K(505344K), 0.0019079 secs] [Times: user=0.00 sys=0.00, real=0.00 secs] 
29.303: [GC (Allocation Failure) [PSYoungGen: 26027K->15392K(38912K)] 468403K->457768K(505344K), 0.0020673 secs] [Times: user=0.00 sys=0.00, real=0.00 secs] 
29.740: [Full GC (Ergonomics) [PSYoungGen: 26025K->0K(38912K)] [ParOldGen: 462856K->72209K(466432K)] 488881K->72209K(505344K), [Metaspace: 2793K->2793K(1056768K)], 0.0067692 secs] [Times: user=0.00 sys=0.00, real=0.01 secs] 
30.611: [GC (Allocation Failure) [PSYoungGen: 17803K->5120K(38912K)] 264093K->251409K(505344K), 0.0010337 secs] [Times: user=0.00 sys=0.00, real=0.00 secs] 
31.813: [GC (Allocation Failure) [PSYoungGen: 22924K->6144K(38912K)] 371614K->354833K(505344K), 0.0009413 secs] [Times: user=0.00 sys=0.00, real=0.00 secs] 
32.140: [GC (Allocation Failure) [PSYoungGen: 21901K->6144K(38912K)] 370591K->354833K(505344K), 0.0008590 secs] [Times: user=0.00 sys=0.00, real=0.00 secs] 
32.799: [GC (Allocation Failure) [PSYoungGen: 16778K->6144K(38912K)] 457628K->446993K(505344K), 0.0012906 secs] [Times: user=0.00 sys=0.00, real=0.00 secs] 
32.800: [GC (Allocation Failure) [PSYoungGen: 6144K->6144K(38912K)] 446993K->446993K(505344K), 0.0009516 secs] [Times: user=0.00 sys=0.00, real=0.00 secs] 
32.801: [Full GC (Allocation Failure) [PSYoungGen: 6144K->0K(38912K)] [ParOldGen: 440849K->57873K(466432K)] 446993K->57873K(505344K), [Metaspace: 2793K->2793K(1056768K)], 0.0053589 secs] [Times: user=0.00 sys=0.00, real=0.01 secs] 
33.472: [GC (Allocation Failure) [PSYoungGen: 17804K->6144K(38912K)] 178077K->166417K(505344K), 0.0008427 secs] [Times: user=0.00 sys=0.00, real=0.00 secs] 
34.561: [GC (Allocation Failure) [PSYoungGen: 23949K->2048K(38912K)] 378783K->356881K(505344K), 0.0007792 secs] [Times: user=0.00 sys=0.00, real=0.00 secs] 
35.657: [GC (Allocation Failure) [PSYoungGen: 17806K->0K(38912K)] 454559K->436753K(505344K), 0.0007774 secs] [Times: user=0.00 sys=0.00, real=0.00 secs] 
35.658: [GC (Allocation Failure) [PSYoungGen: 0K->0K(38912K)] 436753K->436753K(505344K), 0.0007552 secs] [Times: user=0.00 sys=0.00, real=0.00 secs] 
35.659: [Full GC (Allocation Failure) [PSYoungGen: 0K->0K(38912K)] [ParOldGen: 436753K->61969K(466432K)] 436753K->61969K(505344K), [Metaspace: 2793K->2793K(1056768K)], 0.0058507 secs] [Times: user=0.00 sys=0.00, real=0.01 secs] 
36.327: [GC (Allocation Failure) [PSYoungGen: 17806K->10240K(38912K)] 182175K->174609K(505344K), 0.0010712 secs] [Times: user=0.00 sys=0.00, real=0.00 secs] 
37.420: [GC (Allocation Failure) [PSYoungGen: 28046K->6144K(38912K)] 386976K->365073K(505344K), 0.0009026 secs] [Times: user=0.00 sys=0.00, real=0.00 secs] 
37.747: [GC (Allocation Failure) [PSYoungGen: 21903K->15360K(38912K)] 380832K->374289K(505344K), 0.0013881 secs] [Times: user=0.00 sys=0.00, real=0.00 secs] 
39.054: [Full GC (Ergonomics) [PSYoungGen: 31115K->0K(38912K)] [ParOldGen: 451089K->51729K(466432K)] 482205K->51729K(505344K), [Metaspace: 2793K->2793K(1056768K)], 0.0048742 secs] [Times: user=0.00 sys=0.00, real=0.00 secs] 
39.382: [GC (Allocation Failure) [PSYoungGen: 15756K->10240K(38912K)] 67486K->61969K(505344K), 0.0008779 secs] [Times: user=0.00 sys=0.00, real=0.00 secs] 
40.255: [GC (Allocation Failure) [PSYoungGen: 28042K->6144K(38912K)] 264091K->242193K(505344K), 0.0007783 secs] [Times: user=0.00 sys=0.00, real=0.00 secs] 
40.584: [GC (Allocation Failure) [PSYoungGen: 21900K->10240K(38912K)] 257949K->246289K(505344K), 0.0012727 secs] [Times: user=0.00 sys=0.00, real=0.00 secs] 
41.677: [GC (Allocation Failure) [PSYoungGen: 28041K->12288K(38912K)] 458651K->442897K(505344K), 0.0012440 secs] [Times: user=0.00 sys=0.00, real=0.00 secs] 
42.004: [GC (Allocation Failure) [PSYoungGen: 28043K->16384K(38912K)] 458653K->446993K(505344K), 0.0014546 secs] [Times: user=0.00 sys=0.00, real=0.00 secs] 
43.098: [GC (Allocation Failure) [PSYoungGen: 34185K->2048K(38912K)] 464795K->432657K(505344K), 0.0010484 secs] [Times: user=0.00 sys=0.00, real=0.00 secs] 
43.423: [GC (Allocation Failure) [PSYoungGen: 17800K->6144K(38912K)] 448410K->436753K(505344K), 0.0012591 secs] [Times: user=0.00 sys=0.00, real=0.00 secs] 
43.966: [Full GC (Ergonomics) [PSYoungGen: 21895K->0K(38912K)] [ParOldGen: 451089K->22033K(466432K)] 472985K->22033K(505344K), [Metaspace: 2795K->2795K(1056768K)], 0.0032647 secs] [Times: user=0.00 sys=0.00, real=0.00 secs] 
44.840: [GC (Allocation Failure) [PSYoungGen: 17802K->10240K(38912K)] 213915K->206353K(505344K), 0.0009410 secs] [Times: user=0.00 sys=0.00, real=0.00 secs] 
45.931: [GC (Allocation Failure) [PSYoungGen: 28044K->6144K(38912K)] 418717K->396817K(505344K), 0.0009277 secs] [Times: user=0.00 sys=0.00, real=0.00 secs] 
46.915: [GC (Allocation Failure) [PSYoungGen: 16781K->0K(38912K)] 438174K->421393K(505344K), 0.0008900 secs] [Times: user=0.00 sys=0.00, real=0.00 secs] 
46.916: [GC (Allocation Failure) [PSYoungGen: 0K->0K(38912K)] 421393K->421393K(505344K), 0.0009480 secs] [Times: user=0.00 sys=0.00, real=0.00 secs] 
46.917: [Full GC (Allocation Failure) [PSYoungGen: 0K->0K(38912K)] [ParOldGen: 421393K->21009K(466432K)] 421393K->21009K(505344K), [Metaspace: 2795K->2795K(1056768K)], 0.0030724 secs] [Times: user=0.00 sys=0.00, real=0.00 secs] 
47.677: [GC (Allocation Failure) [PSYoungGen: 17806K->10240K(38912K)] 192415K->184849K(505344K), 0.0008875 secs] [Times: user=0.00 sys=0.00, real=0.00 secs] 
48.770: [GC (Allocation Failure) [PSYoungGen: 28046K->6144K(38912K)] 397215K->375313K(505344K), 0.0012051 secs] [Times: user=0.00 sys=0.00, real=0.00 secs] 
49.096: [GC (Allocation Failure) [PSYoungGen: 21902K->10240K(38912K)] 391072K->379409K(505344K), 0.0014082 secs] [Times: user=0.00 sys=0.00, real=0.00 secs] 
49.859: [Full GC (Ergonomics) [PSYoungGen: 25995K->0K(38912K)] [ParOldGen: 461329K->133649K(466432K)] 487325K->133649K(505344K), [Metaspace: 2795K->2795K(1056768K)], 0.0092690 secs] [Times: user=0.03 sys=0.00, real=0.01 secs] 
51.621: [GC (Allocation Failure) [PSYoungGen: 17804K->7168K(38912K)] 448414K->437777K(505344K), 0.0011912 secs] [Times: user=0.00 sys=0.00, real=0.00 secs] 
51.949: [GC (Allocation Failure) [PSYoungGen: 22925K->11264K(38912K)] 453535K->441873K(505344K), 0.0011460 secs] [Times: user=0.00 sys=0.00, real=0.00 secs] 
52.495: [Full GC (Ergonomics) [PSYoungGen: 27018K->0K(38912K)] [ParOldGen: 451089K->22033K(466432K)] 478108K->22033K(505344K), [Metaspace: 2795K->2795K(1056768K)], 0.0033582 secs] [Times: user=0.00 sys=0.00, real=0.00 secs] 
53.368: [GC (Allocation Failure) [PSYoungGen: 17804K->6144K(38912K)] 213917K->202257K(505344K), 0.0008248 secs] [Times: user=0.00 sys=0.00, real=0.00 secs] 
54.458: [GC (Allocation Failure) [PSYoungGen: 22925K->1024K(38912K)] 229278K->207377K(505344K), 0.0005412 secs] [Times: user=0.00 sys=0.00, real=0.00 secs] 
54.786: [GC (Allocation Failure) [PSYoungGen: 16782K->10240K(38912K)] 223135K->216593K(505344K), 0.0010091 secs] [Times: user=0.00 sys=0.00, real=0.00 secs] 
55.878: [GC (Allocation Failure) [PSYoungGen: 28043K->6144K(38912K)] 428956K->407057K(505344K), 0.0008923 secs] [Times: user=0.00 sys=0.00, real=0.00 secs] 
56.205: [GC (Allocation Failure) [PSYoungGen: 21900K->15360K(38912K)] 422814K->416273K(505344K), 0.0012927 secs] [Times: user=0.00 sys=0.00, real=0.00 secs] 
56.861: [GC (Allocation Failure) [PSYoungGen: 31114K->10240K(38912K)] 472987K->452113K(505344K), 0.0011660 secs] [Times: user=0.00 sys=0.00, real=0.00 secs] 
56.862: [GC (Allocation Failure) [PSYoungGen: 10240K->10240K(38912K)] 452113K->452113K(505344K), 0.0009880 secs] [Times: user=0.00 sys=0.00, real=0.00 secs] 
56.863: [Full GC (Allocation Failure) [PSYoungGen: 10240K->0K(38912K)] [ParOldGen: 441873K->41489K(466432K)] 452113K->41489K(505344K), [Metaspace: 2796K->2796K(1056768K)], 0.0043450 secs] [Times: user=0.00 sys=0.00, real=0.00 secs] 
58.715: [GC (Allocation Failure) [PSYoungGen: 19852K->1024K(38912K)] 389021K->370193K(505344K), 0.0005639 secs] [Times: user=0.00 sys=0.00, real=0.00 secs] 
59.042: [GC (Allocation Failure) [PSYoungGen: 16781K->5120K(38912K)] 385950K->374289K(505344K), 0.0008747 secs] [Times: user=0.00 sys=0.00, real=0.00 secs] 
59.806: [Full GC (Ergonomics) [PSYoungGen: 20874K->0K(38912K)] [ParOldGen: 461329K->108049K(466432K)] 482204K->108049K(505344K), [Metaspace: 2796K->2796K(1056768K)], 0.0085524 secs] [Times: user=0.00 sys=0.00, real=0.01 secs] 
60.476: [GC (Allocation Failure) [PSYoungGen: 17804K->5120K(38912K)] 228253K->215569K(505344K), 0.0009910 secs] [Times: user=0.00 sys=0.00, real=0.00 secs] 
62.004: [GC (Allocation Failure) [PSYoungGen: 21901K->1024K(38912K)] 426910K->406033K(505344K), 0.0010228 secs] [Times: user=0.00 sys=0.00, real=0.00 secs] 
62.550: [GC (Allocation Failure) [PSYoungGen: 11662K->5120K(38912K)] 457631K->451089K(505344K), 0.0010005 secs] [Times: user=0.00 sys=0.00, real=0.00 secs] 
62.551: [GC (Allocation Failure) [PSYoungGen: 5120K->5120K(38912K)] 451089K->451089K(505344K), 0.0007898 secs] [Times: user=0.00 sys=0.00, real=0.00 secs] 
62.552: [Full GC (Allocation Failure) [PSYoungGen: 5120K->0K(38912K)] [ParOldGen: 445969K->26129K(466432K)] 451089K->26129K(505344K), [Metaspace: 2796K->2796K(1056768K)], 0.0032595 secs] [Times: user=0.00 sys=0.00, real=0.00 secs] 
63.312: [GC (Allocation Failure) [PSYoungGen: 17806K->6144K(38912K)] 197535K->185873K(505344K), 0.0009688 secs] [Times: user=0.00 sys=0.00, real=0.00 secs] 
64.404: [GC (Allocation Failure) [PSYoungGen: 23950K->2048K(38912K)] 398240K->376337K(505344K), 0.0008978 secs] [Times: user=0.00 sys=0.00, real=0.00 secs] 
64.731: [GC (Allocation Failure) [PSYoungGen: 17807K->11264K(38912K)] 392096K->385553K(505344K), 0.0013851 secs] [Times: user=0.00 sys=0.00, real=0.00 secs] 
65.818: [GC (Allocation Failure) [PSYoungGen: 27019K->0K(38912K)] 421789K->394769K(505344K), 0.0007145 secs] [Times: user=0.00 sys=0.00, real=0.00 secs] 
66.146: [GC (Allocation Failure) [PSYoungGen: 15756K->10240K(38912K)] 410526K->405009K(505344K), 0.0010163 secs] [Times: user=0.00 sys=0.00, real=0.00 secs] 
66.800: [GC (Allocation Failure) [PSYoungGen: 25994K->5120K(38912K)] 461723K->440849K(505344K), 0.0011484 secs] [Times: user=0.00 sys=0.00, real=0.00 secs] 
66.801: [GC (Allocation Failure) [PSYoungGen: 5120K->5120K(38912K)] 440849K->440849K(505344K), 0.0007682 secs] [Times: user=0.00 sys=0.00, real=0.00 secs] 
66.802: [Full GC (Allocation Failure) [PSYoungGen: 5120K->0K(38912K)] [ParOldGen: 435729K->26129K(466432K)] 440849K->26129K(505344K), [Metaspace: 2796K->2796K(1056768K)], 0.0035760 secs] [Times: user=0.00 sys=0.00, real=0.00 secs] 
67.564: [GC (Allocation Failure) [PSYoungGen: 17804K->10240K(38912K)] 197533K->189969K(505344K), 0.0009136 secs] [Times: user=0.00 sys=0.00, real=0.00 secs] 
68.657: [GC (Allocation Failure) [PSYoungGen: 28045K->6144K(38912K)] 402334K->380433K(505344K), 0.0008540 secs] [Times: user=0.00 sys=0.00, real=0.00 secs] 
68.983: [GC (Allocation Failure) [PSYoungGen: 21902K->10240K(38912K)] 396191K->384529K(505344K), 0.0009577 secs] [Times: user=0.00 sys=0.00, real=0.00 secs] 
69.746: [GC (Allocation Failure) [PSYoungGen: 15755K->0K(38912K)] 441244K->425489K(505344K), 0.0009213 secs] [Times: user=0.00 sys=0.00, real=0.00 secs] 
69.747: [GC (Allocation Failure) [PSYoungGen: 0K->0K(38912K)] 425489K->425489K(505344K), 0.0009518 secs] [Times: user=0.00 sys=0.00, real=0.00 secs] 
69.748: [Full GC (Allocation Failure) [PSYoungGen: 0K->0K(38912K)] [ParOldGen: 425489K->51729K(466432K)] 425489K->51729K(505344K), [Metaspace: 2796K->2796K(1056768K)], 0.0051666 secs] [Times: user=0.00 sys=0.00, real=0.01 secs] 
70.418: [GC (Allocation Failure) [PSYoungGen: 17803K->5120K(38912K)] 171932K->159249K(505344K), 0.0008168 secs] [Times: user=0.00 sys=0.00, real=0.00 secs] 
71.510: [GC (Allocation Failure) [PSYoungGen: 22924K->7168K(38912K)] 371614K->355857K(505344K), 0.0010140 secs] [Times: user=0.00 sys=0.00, real=0.00 secs] 
71.838: [GC (Allocation Failure) [PSYoungGen: 22925K->11264K(38912K)] 371615K->359953K(505344K), 0.0012016 secs] [Times: user=0.00 sys=0.00, real=0.00 secs] 
72.600: [GC (Allocation Failure) [PSYoungGen: 27018K->11264K(38912K)] 467868K->452113K(505344K), 0.0011480 secs] [Times: user=0.00 sys=0.00, real=0.00 secs] 
72.601: [GC (Allocation Failure) [PSYoungGen: 11264K->11264K(38912K)] 452113K->452113K(505344K), 0.0008737 secs] [Times: user=0.00 sys=0.00, real=0.00 secs] 
72.602: [Full GC (Allocation Failure) [PSYoungGen: 11264K->0K(38912K)] [ParOldGen: 440849K->165393K(466432K)] 452113K->165393K(505344K), [Metaspace: 2796K->2796K(1056768K)], 0.0124206 secs] [Times: user=0.00 sys=0.00, real=0.01 secs] 
74.364: [Full GC (Ergonomics) [PSYoungGen: 19852K->0K(38912K)] [ParOldGen: 452113K->12288K(466432K)] 471965K->12288K(505344K), [Metaspace: 2796K->2796K(1056768K)], 0.0025272 secs] [Times: user=0.00 sys=0.00, real=0.00 secs] 
74.692: [GC (Allocation Failure) [PSYoungGen: 15757K->10240K(38912K)] 28045K->22528K(505344K), 0.0010274 secs] [Times: user=0.00 sys=0.00, real=0.00 secs] 
75.787: [GC (Allocation Failure) [PSYoungGen: 28042K->6144K(38912K)] 234890K->212992K(505344K), 0.0008572 secs] [Times: user=0.00 sys=0.00, real=0.00 secs] 
76.115: [GC (Allocation Failure) [PSYoungGen: 21900K->15360K(38912K)] 228748K->222208K(505344K), 0.0013804 secs] [Times: user=0.00 sys=0.00, real=0.00 secs] 
77.314: [GC (Allocation Failure) [PSYoungGen: 31113K->0K(38912K)] 278922K->247808K(505344K), 0.0009482 secs] [Times: user=0.00 sys=0.00, real=0.00 secs] 
77.641: [GC (Allocation Failure) [PSYoungGen: 15755K->10240K(38912K)] 263563K->258048K(505344K), 0.0011757 secs] [Times: user=0.00 sys=0.00, real=0.00 secs] 
78.734: [GC (Allocation Failure) [PSYoungGen: 28041K->10240K(38912K)] 470409K->452608K(505344K), 0.0013239 secs] [Times: user=0.00 sys=0.00, real=0.00 secs] 
79.062: [GC (Allocation Failure) [PSYoungGen: 25995K->15360K(38912K)] 468363K->457728K(505344K), 0.0015463 secs] [Times: user=0.00 sys=0.00, real=0.00 secs] 
79.498: [Full GC (Ergonomics) [PSYoungGen: 25993K->0K(38912K)] [ParOldGen: 462848K->72209K(466432K)] 488841K->72209K(505344K), [Metaspace: 2796K->2796K(1056768K)], 0.0066102 secs] [Times: user=0.00 sys=0.00, real=0.01 secs] 
80.371: [GC (Allocation Failure) [PSYoungGen: 17803K->5120K(38912K)] 264093K->251409K(505344K), 0.0008117 secs] [Times: user=0.00 sys=0.00, real=0.00 secs] 
81.569: [GC (Allocation Failure) [PSYoungGen: 22924K->6144K(38912K)] 371614K->354833K(505344K), 0.0010714 secs] [Times: user=0.00 sys=0.00, real=0.00 secs] 
81.894: [GC (Allocation Failure) [PSYoungGen: 21901K->6144K(38912K)] 370591K->354833K(505344K), 0.0009128 secs] [Times: user=0.00 sys=0.00, real=0.00 secs] 
82.551: [GC (Allocation Failure) [PSYoungGen: 16778K->6144K(38912K)] 457628K->446993K(505344K), 0.0013987 secs] [Times: user=0.00 sys=0.00, real=0.00 secs] 
82.553: [GC (Allocation Failure) [PSYoungGen: 6144K->6144K(38912K)] 446993K->446993K(505344K), 0.0007974 secs] [Times: user=0.00 sys=0.00, real=0.00 secs] 
82.553: [Full GC (Allocation Failure) [PSYoungGen: 6144K->0K(38912K)] [ParOldGen: 440849K->57873K(466432K)] 446993K->57873K(505344K), [Metaspace: 2796K->2796K(1056768K)], 0.0053615 secs] [Times: user=0.00 sys=0.00, real=0.01 secs] 
83.222: [GC (Allocation Failure) [PSYoungGen: 17804K->6144K(38912K)] 178077K->166417K(505344K), 0.0007752 secs] [Times: user=0.00 sys=0.00, real=0.00 secs] 
84.315: [GC (Allocation Failure) [PSYoungGen: 23949K->2048K(38912K)] 378783K->356881K(505344K), 0.0008047 secs] [Times: user=0.00 sys=0.00, real=0.00 secs] 
85.406: [GC (Allocation Failure) [PSYoungGen: 17806K->0K(38912K)] 454559K->436753K(505344K), 0.0008937 secs] [Times: user=0.00 sys=0.00, real=0.00 secs] 
85.407: [GC (Allocation Failure) [PSYoungGen: 0K->0K(38912K)] 436753K->436753K(505344K), 0.0006720 secs] [Times: user=0.00 sys=0.00, real=0.00 secs] 
85.407: [Full GC (Allocation Failure) [PSYoungGen: 0K->0K(38912K)] [ParOldGen: 436753K->61969K(466432K)] 436753K->61969K(505344K), [Metaspace: 2796K->2796K(1056768K)], 0.0055932 secs] [Times: user=0.00 sys=0.00, real=0.01 secs] 
86.074: [GC (Allocation Failure) [PSYoungGen: 17806K->10240K(38912K)] 182175K->174609K(505344K), 0.0012689 secs] [Times: user=0.00 sys=0.00, real=0.00 secs] 
87.165: [GC (Allocation Failure) [PSYoungGen: 28046K->6144K(38912K)] 386976K->365073K(505344K), 0.0009909 secs] [Times: user=0.00 sys=0.00, real=0.00 secs] 
87.492: [GC (Allocation Failure) [PSYoungGen: 21903K->15360K(38912K)] 380832K->374289K(505344K), 0.0011050 secs] [Times: user=0.00 sys=0.00, real=0.00 secs] 
88.802: [Full GC (Ergonomics) [PSYoungGen: 31115K->0K(38912K)] [ParOldGen: 451089K->51729K(466432K)] 482205K->51729K(505344K), [Metaspace: 2796K->2796K(1056768K)], 0.0054738 secs] [Times: user=0.00 sys=0.00, real=0.01 secs] 
89.130: [GC (Allocation Failure) [PSYoungGen: 15756K->10240K(38912K)] 67486K->61969K(505344K), 0.0009901 secs] [Times: user=0.00 sys=0.00, real=0.00 secs] 
90.006: [GC (Allocation Failure) [PSYoungGen: 28042K->6144K(38912K)] 264091K->242193K(505344K), 0.0010806 secs] [Times: user=0.00 sys=0.00, real=0.00 secs] 
90.335: [GC (Allocation Failure) [PSYoungGen: 21900K->10240K(38912K)] 257949K->246289K(505344K), 0.0010770 secs] [Times: user=0.00 sys=0.00, real=0.00 secs] 
91.430: [GC (Allocation Failure) [PSYoungGen: 28041K->12288K(38912K)] 458651K->442897K(505344K), 0.0013673 secs] [Times: user=0.00 sys=0.00, real=0.00 secs] 
91.757: [GC (Allocation Failure) [PSYoungGen: 28043K->16384K(38912K)] 458653K->446993K(505344K), 0.0016154 secs] [Times: user=0.00 sys=0.00, real=0.00 secs] 
92.848: [GC (Allocation Failure) [PSYoungGen: 34185K->2048K(38912K)] 464795K->432657K(505344K), 0.0011141 secs] [Times: user=0.00 sys=0.00, real=0.00 secs] 
93.175: [GC (Allocation Failure) [PSYoungGen: 17800K->6144K(38912K)] 448410K->436753K(505344K), 0.0013648 secs] [Times: user=0.00 sys=0.00, real=0.00 secs] 
93.721: [Full GC (Ergonomics) [PSYoungGen: 21895K->0K(38912K)] [ParOldGen: 451089K->22033K(466432K)] 472985K->22033K(505344K), [Metaspace: 2796K->2796K(1056768K)], 0.0031360 secs] [Times: user=0.00 sys=0.00, real=0.00 secs] 
94.600: [GC (Allocation Failure) [PSYoungGen: 17802K->10240K(38912K)] 213915K->206353K(505344K), 0.0009744 secs] [Times: user=0.00 sys=0.00, real=0.00 secs] 
95.695: [GC (Allocation Failure) [PSYoungGen: 28044K->6144K(38912K)] 418717K->396817K(505344K), 0.0009494 secs] [Times: user=0.00 sys=0.00, real=0.00 secs] 
96.683: [GC (Allocation Failure) [PSYoungGen: 16781K->0K(38912K)] 438174K->421393K(505344K), 0.0007453 secs] [Times: user=0.00 sys=0.00, real=0.00 secs] 
96.683: [GC (Allocation Failure) [PSYoungGen: 0K->0K(38912K)] 421393K->421393K(505344K), 0.0008144 secs] [Times: user=0.00 sys=0.00, real=0.00 secs] 
96.684: [Full GC (Allocation Failure) [PSYoungGen: 0K->0K(38912K)] [ParOldGen: 421393K->21009K(466432K)] 421393K->21009K(505344K), [Metaspace: 2796K->2796K(1056768K)], 0.0033023 secs] [Times: user=0.00 sys=0.00, real=0.00 secs] 
97.446: [GC (Allocation Failure) [PSYoungGen: 17806K->10240K(38912K)] 192415K->184849K(505344K), 0.0008498 secs] [Times: user=0.00 sys=0.00, real=0.00 secs] 
98.540: [GC (Allocation Failure) [PSYoungGen: 28046K->6144K(38912K)] 397215K->375313K(505344K), 0.0011163 secs] [Times: user=0.00 sys=0.00, real=0.00 secs] 
98.869: [GC (Allocation Failure) [PSYoungGen: 21902K->10240K(38912K)] 391072K->379409K(505344K), 0.0012288 secs] [Times: user=0.00 sys=0.00, real=0.00 secs] 
99.634: [Full GC (Ergonomics) [PSYoungGen: 25995K->0K(38912K)] [ParOldGen: 461329K->133649K(466432K)] 487325K->133649K(505344K), [Metaspace: 2796K->2796K(1056768K)], 0.0090119 secs] [Times: user=0.00 sys=0.00, real=0.01 secs] 
101.396: [GC (Allocation Failure) [PSYoungGen: 17804K->7168K(38912K)] 448414K->437777K(505344K), 0.0009903 secs] [Times: user=0.00 sys=0.00, real=0.00 secs] 
101.724: [GC (Allocation Failure) [PSYoungGen: 22925K->11264K(38912K)] 453535K->441873K(505344K), 0.0012395 secs] [Times: user=0.00 sys=0.00, real=0.00 secs] 
102.270: [Full GC (Ergonomics) [PSYoungGen: 27018K->0K(38912K)] [ParOldGen: 451089K->22033K(466432K)] 478108K->22033K(505344K), [Metaspace: 2796K->2796K(1056768K)], 0.0035163 secs] [Times: user=0.00 sys=0.00, real=0.00 secs] 
103.146: [GC (Allocation Failure) [PSYoungGen: 17804K->6144K(38912K)] 213917K->202257K(505344K), 0.0008290 secs] [Times: user=0.00 sys=0.00, real=0.00 secs] 
104.236: [GC (Allocation Failure) [PSYoungGen: 22925K->1024K(38912K)] 229278K->207377K(505344K), 0.0006204 secs] [Times: user=0.00 sys=0.00, real=0.00 secs] 
104.562: [GC (Allocation Failure) [PSYoungGen: 16782K->10240K(38912K)] 223135K->216593K(505344K), 0.0012874 secs] [Times: user=0.00 sys=0.00, real=0.00 secs] 
105.654: [GC (Allocation Failure) [PSYoungGen: 28043K->6144K(38912K)] 428956K->407057K(505344K), 0.0010535 secs] [Times: user=0.00 sys=0.00, real=0.00 secs] 
105.978: [GC (Allocation Failure) [PSYoungGen: 21900K->15360K(38912K)] 422814K->416273K(505344K), 0.0013696 secs] [Times: user=0.00 sys=0.00, real=0.00 secs] 
106.632: [GC (Allocation Failure) [PSYoungGen: 31114K->10240K(38912K)] 472987K->452113K(505344K), 0.0011423 secs] [Times: user=0.00 sys=0.00, real=0.00 secs] 
106.633: [GC (Allocation Failure) [PSYoungGen: 10240K->10240K(38912K)] 452113K->452113K(505344K), 0.0009130 secs] [Times: user=0.00 sys=0.00, real=0.00 secs] 
106.634: [Full GC (Allocation Failure) [PSYoungGen: 10240K->0K(38912K)] [ParOldGen: 441873K->41489K(466432K)] 452113K->41489K(505344K), [Metaspace: 2796K->2796K(1056768K)], 0.0043396 secs] [Times: user=0.00 sys=0.00, real=0.01 secs] 
108.486: [GC (Allocation Failure) [PSYoungGen: 19852K->1024K(38912K)] 389021K->370193K(505344K), 0.0007476 secs] [Times: user=0.00 sys=0.00, real=0.00 secs] 
108.814: [GC (Allocation Failure) [PSYoungGen: 16781K->5120K(38912K)] 385950K->374289K(505344K), 0.0008665 secs] [Times: user=0.00 sys=0.00, real=0.00 secs] 
109.580: [Full GC (Ergonomics) [PSYoungGen: 20874K->0K(38912K)] [ParOldGen: 461329K->108049K(466432K)] 482204K->108049K(505344K), [Metaspace: 2796K->2796K(1056768K)], 0.0091498 secs] [Times: user=0.00 sys=0.00, real=0.01 secs] 
110.251: [GC (Allocation Failure) [PSYoungGen: 17804K->5120K(38912K)] 228253K->215569K(505344K), 0.0010189 secs] [Times: user=0.00 sys=0.00, real=0.00 secs] 
111.779: [GC (Allocation Failure) [PSYoungGen: 21901K->1024K(38912K)] 426910K->406033K(505344K), 0.0008797 secs] [Times: user=0.00 sys=0.00, real=0.00 secs] 
112.325: [GC (Allocation Failure) [PSYoungGen: 11662K->5120K(38912K)] 457631K->451089K(505344K), 0.0010519 secs] [Times: user=0.00 sys=0.00, real=0.00 secs] 
112.326: [GC (Allocation Failure) [PSYoungGen: 5120K->5120K(38912K)] 451089K->451089K(505344K), 0.0009445 secs] [Times: user=0.00 sys=0.00, real=0.00 secs] 
112.327: [Full GC (Allocation Failure) [PSYoungGen: 5120K->0K(38912K)] [ParOldGen: 445969K->26129K(466432K)] 451089K->26129K(505344K), [Metaspace: 2796K->2796K(1056768K)], 0.0034087 secs] [Times: user=0.00 sys=0.00, real=0.00 secs] 
113.087: [GC (Allocation Failure) [PSYoungGen: 17806K->6144K(38912K)] 197535K->185873K(505344K), 0.0008359 secs] [Times: user=0.00 sys=0.00, real=0.00 secs] 
114.180: [GC (Allocation Failure) [PSYoungGen: 23950K->2048K(38912K)] 398240K->376337K(505344K), 0.0011278 secs] [Times: user=0.00 sys=0.00, real=0.00 secs] 
114.508: [GC (Allocation Failure) [PSYoungGen: 17807K->11264K(38912K)] 392096K->385553K(505344K), 0.0013611 secs] [Times: user=0.00 sys=0.00, real=0.00 secs] 
115.597: [GC (Allocation Failure) [PSYoungGen: 27019K->0K(38912K)] 421789K->394769K(505344K), 0.0009138 secs] [Times: user=0.00 sys=0.00, real=0.00 secs] 
115.925: [GC (Allocation Failure) [PSYoungGen: 15756K->10240K(38912K)] 410526K->405009K(505344K), 0.0011287 secs] [Times: user=0.00 sys=0.00, real=0.00 secs] 
116.576: [GC (Allocation Failure) [PSYoungGen: 25994K->5120K(38912K)] 461723K->440849K(505344K), 0.0009485 secs] [Times: user=0.00 sys=0.00, real=0.00 secs] 
116.577: [GC (Allocation Failure) [PSYoungGen: 5120K->5120K(38912K)] 440849K->440849K(505344K), 0.0007244 secs] [Times: user=0.00 sys=0.00, real=0.00 secs] 
116.578: [Full GC (Allocation Failure) [PSYoungGen: 5120K->0K(38912K)] [ParOldGen: 435729K->26129K(466432K)] 440849K->26129K(505344K), [Metaspace: 2796K->2796K(1056768K)], 0.0034850 secs] [Times: user=0.02 sys=0.00, real=0.00 secs] 
117.337: [GC (Allocation Failure) [PSYoungGen: 17804K->10240K(38912K)] 197533K->189969K(505344K), 0.0010113 secs] [Times: user=0.00 sys=0.00, real=0.00 secs] 
118.430: [GC (Allocation Failure) [PSYoungGen: 28045K->6144K(38912K)] 402334K->380433K(505344K), 0.0008426 secs] [Times: user=0.00 sys=0.00, real=0.00 secs] 
118.758: [GC (Allocation Failure) [PSYoungGen: 21902K->10240K(38912K)] 396191K->384529K(505344K), 0.0011587 secs] [Times: user=0.00 sys=0.00, real=0.00 secs] 
119.518: [GC (Allocation Failure) [PSYoungGen: 15755K->0K(38912K)] 441244K->425489K(505344K), 0.0007846 secs] [Times: user=0.00 sys=0.00, real=0.00 secs] 
119.519: [GC (Allocation Failure) [PSYoungGen: 0K->0K(38912K)] 425489K->425489K(505344K), 0.0007174 secs] [Times: user=0.00 sys=0.00, real=0.00 secs] 
119.520: [Full GC (Allocation Failure) [PSYoungGen: 0K->0K(38912K)] [ParOldGen: 425489K->51729K(466432K)] 425489K->51729K(505344K), [Metaspace: 2796K->2796K(1056768K)], 0.0051104 secs] [Times: user=0.00 sys=0.00, real=0.01 secs] 
120.190: [GC (Allocation Failure) [PSYoungGen: 17803K->5120K(38912K)] 171932K->159249K(505344K), 0.0007770 secs] [Times: user=0.00 sys=0.00, real=0.00 secs] 
121.281: [GC (Allocation Failure) [PSYoungGen: 22924K->7168K(38912K)] 371614K->355857K(505344K), 0.0009180 secs] [Times: user=0.02 sys=0.00, real=0.00 secs] 
121.608: [GC (Allocation Failure) [PSYoungGen: 22925K->11264K(38912K)] 371615K->359953K(505344K), 0.0011941 secs] [Times: user=0.00 sys=0.00, real=0.00 secs] 
122.371: [GC (Allocation Failure) [PSYoungGen: 27018K->11264K(38912K)] 467868K->452113K(505344K), 0.0013095 secs] [Times: user=0.00 sys=0.00, real=0.00 secs] 
122.372: [GC (Allocation Failure) [PSYoungGen: 11264K->11264K(38912K)] 452113K->452113K(505344K), 0.0010755 secs] [Times: user=0.00 sys=0.00, real=0.00 secs] 
122.373: [Full GC (Allocation Failure) [PSYoungGen: 11264K->0K(38912K)] [ParOldGen: 440849K->165393K(466432K)] 452113K->165393K(505344K), [Metaspace: 2796K->2796K(1056768K)], 0.0121332 secs] [Times: user=0.00 sys=0.00, real=0.01 secs] 
124.137: [Full GC (Ergonomics) [PSYoungGen: 19852K->0K(38912K)] [ParOldGen: 452113K->12288K(466432K)] 471965K->12288K(505344K), [Metaspace: 2796K->2796K(1056768K)], 0.0025648 secs] [Times: user=0.00 sys=0.00, real=0.00 secs] 
124.467: [GC (Allocation Failure) [PSYoungGen: 15757K->10240K(38912K)] 28045K->22528K(505344K), 0.0010013 secs] [Times: user=0.00 sys=0.00, real=0.00 secs] 
125.555: [GC (Allocation Failure) [PSYoungGen: 28042K->6144K(38912K)] 234890K->212992K(505344K), 0.0009864 secs] [Times: user=0.00 sys=0.00, real=0.00 secs] 
125.884: [GC (Allocation Failure) [PSYoungGen: 21900K->15360K(38912K)] 228748K->222208K(505344K), 0.0015082 secs] [Times: user=0.00 sys=0.00, real=0.00 secs] 
127.084: [GC (Allocation Failure) [PSYoungGen: 31113K->0K(38912K)] 278922K->247808K(505344K), 0.0009060 secs] [Times: user=0.00 sys=0.00, real=0.00 secs] 
127.410: [GC (Allocation Failure) [PSYoungGen: 15755K->10240K(38912K)] 263563K->258048K(505344K), 0.0011958 secs] [Times: user=0.00 sys=0.00, real=0.00 secs] 
128.507: [GC (Allocation Failure) [PSYoungGen: 28041K->10240K(38912K)] 470409K->452608K(505344K), 0.0013096 secs] [Times: user=0.00 sys=0.00, real=0.00 secs] 
128.835: [GC (Allocation Failure) [PSYoungGen: 25995K->15360K(38912K)] 468363K->457728K(505344K), 0.0015552 secs] [Times: user=0.00 sys=0.00, real=0.00 secs] 
129.273: [Full GC (Ergonomics) [PSYoungGen: 25993K->0K(38912K)] [ParOldGen: 462848K->72209K(466432K)] 488841K->72209K(505344K), [Metaspace: 2796K->2796K(1056768K)], 0.0066172 secs] [Times: user=0.00 sys=0.00, real=0.01 secs] 
130.147: [GC (Allocation Failure) [PSYoungGen: 17803K->5120K(38912K)] 264093K->251409K(505344K), 0.0009408 secs] [Times: user=0.00 sys=0.00, real=0.00 secs] 
131.348: [GC (Allocation Failure) [PSYoungGen: 22924K->6144K(38912K)] 371614K->354833K(505344K), 0.0008208 secs] [Times: user=0.00 sys=0.00, real=0.00 secs] 
131.676: [GC (Allocation Failure) [PSYoungGen: 21901K->6144K(38912K)] 370591K->354833K(505344K), 0.0009280 secs] [Times: user=0.00 sys=0.00, real=0.00 secs] 
132.333: [GC (Allocation Failure) [PSYoungGen: 16778K->6144K(38912K)] 457628K->446993K(505344K), 0.0008980 secs] [Times: user=0.00 sys=0.00, real=0.00 secs] 
132.334: [GC (Allocation Failure) [PSYoungGen: 6144K->6144K(38912K)] 446993K->446993K(505344K), 0.0011367 secs] [Times: user=0.00 sys=0.00, real=0.00 secs] 
132.335: [Full GC (Allocation Failure) [PSYoungGen: 6144K->0K(38912K)] [ParOldGen: 440849K->57873K(466432K)] 446993K->57873K(505344K), [Metaspace: 2796K->2796K(1056768K)], 0.0051947 secs] [Times: user=0.00 sys=0.00, real=0.01 secs] 
133.003: [GC (Allocation Failure) [PSYoungGen: 17804K->6144K(38912K)] 178077K->166417K(505344K), 0.0008777 secs] [Times: user=0.00 sys=0.00, real=0.00 secs] 
134.095: [GC (Allocation Failure) [PSYoungGen: 23949K->2048K(38912K)] 378783K->356881K(505344K), 0.0007623 secs] [Times: user=0.00 sys=0.00, real=0.00 secs] 
135.191: [GC (Allocation Failure) [PSYoungGen: 17806K->0K(38912K)] 454559K->436753K(505344K), 0.0009134 secs] [Times: user=0.00 sys=0.00, real=0.00 secs] 
135.192: [GC (Allocation Failure) [PSYoungGen: 0K->0K(38912K)] 436753K->436753K(505344K), 0.0006567 secs] [Times: user=0.00 sys=0.00, real=0.00 secs] 
135.193: [Full GC (Allocation Failure) [PSYoungGen: 0K->0K(38912K)] [ParOldGen: 436753K->61969K(466432K)] 436753K->61969K(505344K), [Metaspace: 2796K->2796K(1056768K)], 0.0059364 secs] [Times: user=0.00 sys=0.00, real=0.01 secs] 
135.863: [GC (Allocation Failure) [PSYoungGen: 17806K->10240K(38912K)] 182175K->174609K(505344K), 0.0009696 secs] [Times: user=0.00 sys=0.00, real=0.00 secs] 
136.958: [GC (Allocation Failure) [PSYoungGen: 28046K->6144K(38912K)] 386976K->365073K(505344K), 0.0008317 secs] [Times: user=0.00 sys=0.00, real=0.00 secs] 
137.284: [GC (Allocation Failure) [PSYoungGen: 21903K->15360K(38912K)] 380832K->374289K(505344K), 0.0011640 secs] [Times: user=0.00 sys=0.00, real=0.00 secs] 
138.594: [Full GC (Ergonomics) [PSYoungGen: 31115K->0K(38912K)] [ParOldGen: 451089K->51729K(466432K)] 482205K->51729K(505344K), [Metaspace: 2796K->2796K(1056768K)], 0.0047736 secs] [Times: user=0.00 sys=0.00, real=0.00 secs] 
138.922: [GC (Allocation Failure) [PSYoungGen: 15756K->10240K(38912K)] 67486K->61969K(505344K), 0.0009953 secs] [Times: user=0.00 sys=0.00, real=0.00 secs] 
139.795: [GC (Allocation Failure) [PSYoungGen: 28042K->6144K(38912K)] 264091K->242193K(505344K), 0.0011246 secs] [Times: user=0.00 sys=0.00, real=0.00 secs] 
140.121: [GC (Allocation Failure) [PSYoungGen: 21900K->10240K(38912K)] 257949K->246289K(505344K), 0.0010132 secs] [Times: user=0.00 sys=0.00, real=0.00 secs] 
141.213: [GC (Allocation Failure) [PSYoungGen: 28041K->12288K(38912K)] 458651K->442897K(505344K), 0.0014052 secs] [Times: user=0.00 sys=0.00, real=0.00 secs] 
141.540: [GC (Allocation Failure) [PSYoungGen: 28043K->16384K(38912K)] 458653K->446993K(505344K), 0.0014498 secs] [Times: user=0.00 sys=0.00, real=0.00 secs] 
142.629: [GC (Allocation Failure) [PSYoungGen: 34185K->2048K(38912K)] 464795K->432657K(505344K), 0.0011242 secs] [Times: user=0.00 sys=0.00, real=0.00 secs] 
142.957: [GC (Allocation Failure) [PSYoungGen: 17800K->6144K(38912K)] 448410K->436753K(505344K), 0.0009856 secs] [Times: user=0.00 sys=0.00, real=0.00 secs] 
143.504: [Full GC (Ergonomics) [PSYoungGen: 21895K->0K(38912K)] [ParOldGen: 451089K->22033K(466432K)] 472985K->22033K(505344K), [Metaspace: 2796K->2796K(1056768K)], 0.0033860 secs] [Times: user=0.00 sys=0.00, real=0.00 secs] 
144.378: [GC (Allocation Failure) [PSYoungGen: 17802K->10240K(38912K)] 213915K->206353K(505344K), 0.0011456 secs] [Times: user=0.00 sys=0.00, real=0.00 secs] 
145.470: [GC (Allocation Failure) [PSYoungGen: 28044K->6144K(38912K)] 418717K->396817K(505344K), 0.0010233 secs] [Times: user=0.00 sys=0.00, real=0.00 secs] 
146.460: [GC (Allocation Failure) [PSYoungGen: 16781K->0K(38912K)] 438174K->421393K(505344K), 0.0009478 secs] [Times: user=0.00 sys=0.00, real=0.00 secs] 
146.461: [GC (Allocation Failure) [PSYoungGen: 0K->0K(38912K)] 421393K->421393K(505344K), 0.0007291 secs] [Times: user=0.00 sys=0.00, real=0.00 secs] 
146.461: [Full GC (Allocation Failure) [PSYoungGen: 0K->0K(38912K)] [ParOldGen: 421393K->21009K(466432K)] 421393K->21009K(505344K), [Metaspace: 2796K->2796K(1056768K)], 0.0028741 secs] [Times: user=0.00 sys=0.00, real=0.00 secs] 
147.220: [GC (Allocation Failure) [PSYoungGen: 17806K->10240K(38912K)] 192415K->184849K(505344K), 0.0009817 secs] [Times: user=0.00 sys=0.00, real=0.00 secs] 
148.312: [GC (Allocation Failure) [PSYoungGen: 28046K->6144K(38912K)] 397215K->375313K(505344K), 0.0009138 secs] [Times: user=0.06 sys=0.00, real=0.00 secs] 
148.643: [GC (Allocation Failure) [PSYoungGen: 21902K->10240K(38912K)] 391072K->379409K(505344K), 0.0013337 secs] [Times: user=0.00 sys=0.00, real=0.00 secs] 
149.410: [Full GC (Ergonomics) [PSYoungGen: 25995K->0K(38912K)] [ParOldGen: 461329K->133649K(466432K)] 487325K->133649K(505344K), [Metaspace: 2796K->2796K(1056768K)], 0.0088175 secs] [Times: user=0.00 sys=0.00, real=0.01 secs] 
151.171: [GC (Allocation Failure) [PSYoungGen: 17804K->7168K(38912K)] 448414K->437777K(505344K), 0.0011659 secs] [Times: user=0.00 sys=0.00, real=0.00 secs] 
151.498: [GC (Allocation Failure) [PSYoungGen: 22925K->11264K(38912K)] 453535K->441873K(505344K), 0.0011185 secs] [Times: user=0.00 sys=0.00, real=0.00 secs] 
152.047: [Full GC (Ergonomics) [PSYoungGen: 27018K->0K(38912K)] [ParOldGen: 451089K->22033K(466432K)] 478108K->22033K(505344K), [Metaspace: 2796K->2796K(1056768K)], 0.0032395 secs] [Times: user=0.00 sys=0.00, real=0.00 secs] 
152.918: [GC (Allocation Failure) [PSYoungGen: 17804K->6144K(38912K)] 213917K->202257K(505344K), 0.0008328 secs] [Times: user=0.00 sys=0.00, real=0.00 secs] 
154.011: [GC (Allocation Failure) [PSYoungGen: 22925K->1024K(38912K)] 229278K->207377K(505344K), 0.0006731 secs] [Times: user=0.00 sys=0.00, real=0.00 secs] 
154.339: [GC (Allocation Failure) [PSYoungGen: 16782K->10240K(38912K)] 223135K->216593K(505344K), 0.0010600 secs] [Times: user=0.00 sys=0.00, real=0.00 secs] 
155.430: [GC (Allocation Failure) [PSYoungGen: 28043K->6144K(38912K)] 428956K->407057K(505344K), 0.0007950 secs] [Times: user=0.00 sys=0.00, real=0.00 secs] 
155.759: [GC (Allocation Failure) [PSYoungGen: 21900K->15360K(38912K)] 422814K->416273K(505344K), 0.0013989 secs] [Times: user=0.00 sys=0.00, real=0.00 secs] 
156.415: [GC (Allocation Failure) [PSYoungGen: 31114K->10240K(38912K)] 472987K->452113K(505344K), 0.0010783 secs] [Times: user=0.00 sys=0.00, real=0.00 secs] 
156.416: [GC (Allocation Failure) [PSYoungGen: 10240K->10240K(38912K)] 452113K->452113K(505344K), 0.0009246 secs] [Times: user=0.00 sys=0.00, real=0.00 secs] 
156.417: [Full GC (Allocation Failure) [PSYoungGen: 10240K->0K(38912K)] [ParOldGen: 441873K->41489K(466432K)] 452113K->41489K(505344K), [Metaspace: 2796K->2796K(1056768K)], 0.0045216 secs] [Times: user=0.00 sys=0.00, real=0.01 secs] 
158.281: [GC (Allocation Failure) [PSYoungGen: 19852K->1024K(38912K)] 389021K->370193K(505344K), 0.0007295 secs] [Times: user=0.00 sys=0.00, real=0.00 secs] 
158.611: [GC (Allocation Failure) [PSYoungGen: 16781K->5120K(38912K)] 385950K->374289K(505344K), 0.0007705 secs] [Times: user=0.00 sys=0.00, real=0.00 secs] 
159.372: [Full GC (Ergonomics) [PSYoungGen: 20874K->0K(38912K)] [ParOldGen: 461329K->108049K(466432K)] 482204K->108049K(505344K), [Metaspace: 2796K->2796K(1056768K)], 0.0086131 secs] [Times: user=0.01 sys=0.00, real=0.01 secs] 
160.042: [GC (Allocation Failure) [PSYoungGen: 17804K->5120K(38912K)] 228253K->215569K(505344K), 0.0008479 secs] [Times: user=0.00 sys=0.00, real=0.00 secs] 
161.579: [GC (Allocation Failure) [PSYoungGen: 21901K->1024K(38912K)] 426910K->406033K(505344K), 0.0008082 secs] [Times: user=0.00 sys=0.00, real=0.00 secs] 
162.124: [GC (Allocation Failure) [PSYoungGen: 11662K->5120K(38912K)] 457631K->451089K(505344K), 0.0012489 secs] [Times: user=0.00 sys=0.00, real=0.00 secs] 
162.125: [GC (Allocation Failure) [PSYoungGen: 5120K->5120K(38912K)] 451089K->451089K(505344K), 0.0012615 secs] [Times: user=0.00 sys=0.00, real=0.00 secs] 
162.127: [Full GC (Allocation Failure) [PSYoungGen: 5120K->0K(38912K)] [ParOldGen: 445969K->26129K(466432K)] 451089K->26129K(505344K), [Metaspace: 2796K->2796K(1056768K)], 0.0029771 secs] [Times: user=0.00 sys=0.00, real=0.00 secs] 
162.892: [GC (Allocation Failure) [PSYoungGen: 17806K->6144K(38912K)] 197535K->185873K(505344K), 0.0008247 secs] [Times: user=0.00 sys=0.00, real=0.00 secs] 
163.984: [GC (Allocation Failure) [PSYoungGen: 23950K->2048K(38912K)] 398240K->376337K(505344K), 0.0011358 secs] [Times: user=0.00 sys=0.00, real=0.00 secs] 
164.311: [GC (Allocation Failure) [PSYoungGen: 17807K->11264K(38912K)] 392096K->385553K(505344K), 0.0012541 secs] [Times: user=0.00 sys=0.00, real=0.00 secs] 
165.405: [GC (Allocation Failure) [PSYoungGen: 27019K->0K(38912K)] 421789K->394769K(505344K), 0.0009797 secs] [Times: user=0.00 sys=0.00, real=0.00 secs] 
165.733: [GC (Allocation Failure) [PSYoungGen: 15756K->10240K(38912K)] 410526K->405009K(505344K), 0.0013696 secs] [Times: user=0.00 sys=0.00, real=0.00 secs] 
166.386: [GC (Allocation Failure) [PSYoungGen: 25994K->5120K(38912K)] 461723K->440849K(505344K), 0.0007859 secs] [Times: user=0.00 sys=0.00, real=0.00 secs] 
166.387: [GC (Allocation Failure) [PSYoungGen: 5120K->5120K(38912K)] 440849K->440849K(505344K), 0.0007744 secs] [Times: user=0.00 sys=0.00, real=0.00 secs] 
166.388: [Full GC (Allocation Failure) [PSYoungGen: 5120K->0K(38912K)] [ParOldGen: 435729K->26129K(466432K)] 440849K->26129K(505344K), [Metaspace: 2796K->2796K(1056768K)], 0.0032747 secs] [Times: user=0.00 sys=0.00, real=0.00 secs] 
167.151: [GC (Allocation Failure) [PSYoungGen: 17804K->10240K(38912K)] 197533K->189969K(505344K), 0.0010595 secs] [Times: user=0.00 sys=0.00, real=0.00 secs] 
168.250: [GC (Allocation Failure) [PSYoungGen: 28045K->6144K(38912K)] 402334K->380433K(505344K), 0.0008740 secs] [Times: user=0.00 sys=0.00, real=0.00 secs] 
168.579: [GC (Allocation Failure) [PSYoungGen: 21902K->10240K(38912K)] 396191K->384529K(505344K), 0.0010745 secs] [Times: user=0.00 sys=0.00, real=0.00 secs] 
169.343: [GC (Allocation Failure) [PSYoungGen: 15755K->0K(38912K)] 441244K->425489K(505344K), 0.0010815 secs] [Times: user=0.00 sys=0.00, real=0.00 secs] 
169.344: [GC (Allocation Failure) [PSYoungGen: 0K->0K(38912K)] 425489K->425489K(505344K), 0.0007365 secs] [Times: user=0.00 sys=0.00, real=0.00 secs] 
169.345: [Full GC (Allocation Failure) [PSYoungGen: 0K->0K(38912K)] [ParOldGen: 425489K->51729K(466432K)] 425489K->51729K(505344K), [Metaspace: 2796K->2796K(1056768K)], 0.0048409 secs] [Times: user=0.00 sys=0.00, real=0.00 secs] 
169.999: [GC (Allocation Failure) [PSYoungGen: 17803K->5120K(38912K)] 171932K->159249K(505344K), 0.0008729 secs] [Times: user=0.00 sys=0.00, real=0.00 secs] 
171.089: [GC (Allocation Failure) [PSYoungGen: 22924K->7168K(38912K)] 371614K->355857K(505344K), 0.0009148 secs] [Times: user=0.00 sys=0.00, real=0.00 secs] 
171.418: [GC (Allocation Failure) [PSYoungGen: 22925K->11264K(38912K)] 371615K->359953K(505344K), 0.0012144 secs] [Times: user=0.00 sys=0.00, real=0.00 secs] 
172.181: [GC (Allocation Failure) [PSYoungGen: 27018K->11264K(38912K)] 467868K->452113K(505344K), 0.0013206 secs] [Times: user=0.00 sys=0.00, real=0.00 secs] 
172.182: [GC (Allocation Failure) [PSYoungGen: 11264K->11264K(38912K)] 452113K->452113K(505344K), 0.0010440 secs] [Times: user=0.00 sys=0.00, real=0.00 secs] 
172.183: [Full GC (Allocation Failure) [PSYoungGen: 11264K->0K(38912K)] [ParOldGen: 440849K->165393K(466432K)] 452113K->165393K(505344K), [Metaspace: 2796K->2796K(1056768K)], 0.0123995 secs] [Times: user=0.00 sys=0.00, real=0.01 secs] 
173.941: [Full GC (Ergonomics) [PSYoungGen: 19852K->0K(38912K)] [ParOldGen: 452113K->12288K(466432K)] 471965K->12288K(505344K), [Metaspace: 2796K->2796K(1056768K)], 0.0026897 secs] [Times: user=0.00 sys=0.00, real=0.00 secs] 
174.269: [GC (Allocation Failure) [PSYoungGen: 15757K->10240K(38912K)] 28045K->22528K(505344K), 0.0009350 secs] [Times: user=0.00 sys=0.00, real=0.00 secs] 
175.364: [GC (Allocation Failure) [PSYoungGen: 28042K->6144K(38912K)] 234890K->212992K(505344K), 0.0010207 secs] [Times: user=0.00 sys=0.00, real=0.00 secs] 
175.690: [GC (Allocation Failure) [PSYoungGen: 21900K->15360K(38912K)] 228748K->222208K(505344K), 0.0014039 secs] [Times: user=0.00 sys=0.00, real=0.00 secs] 
176.893: [GC (Allocation Failure) [PSYoungGen: 31113K->0K(38912K)] 278922K->247808K(505344K), 0.0012366 secs] [Times: user=0.00 sys=0.00, real=0.00 secs] 
177.219: [GC (Allocation Failure) [PSYoungGen: 15755K->10240K(38912K)] 263563K->258048K(505344K), 0.0013472 secs] [Times: user=0.00 sys=0.00, real=0.00 secs] 
178.310: [GC (Allocation Failure) [PSYoungGen: 28041K->10240K(38912K)] 470409K->452608K(505344K), 0.0015184 secs] [Times: user=0.00 sys=0.00, real=0.00 secs] 
178.637: [GC (Allocation Failure) [PSYoungGen: 25995K->15360K(38912K)] 468363K->457728K(505344K), 0.0014787 secs] [Times: user=0.00 sys=0.00, real=0.00 secs] 
179.068: [Full GC (Ergonomics) [PSYoungGen: 25993K->0K(38912K)] [ParOldGen: 462848K->72209K(466432K)] 488841K->72209K(505344K), [Metaspace: 2796K->2796K(1056768K)], 0.0064818 secs] [Times: user=0.00 sys=0.00, real=0.01 secs] 
179.944: [GC (Allocation Failure) [PSYoungGen: 17803K->5120K(38912K)] 264093K->251409K(505344K), 0.0008698 secs] [Times: user=0.00 sys=0.00, real=0.00 secs] 
181.142: [GC (Allocation Failure) [PSYoungGen: 22924K->6144K(38912K)] 371614K->354833K(505344K), 0.0011121 secs] [Times: user=0.00 sys=0.00, real=0.00 secs] 
181.470: [GC (Allocation Failure) [PSYoungGen: 21901K->6144K(38912K)] 370591K->354833K(505344K), 0.0008653 secs] [Times: user=0.00 sys=0.00, real=0.00 secs] 
182.125: [GC (Allocation Failure) [PSYoungGen: 16778K->6144K(38912K)] 457628K->446993K(505344K), 0.0009152 secs] [Times: user=0.00 sys=0.00, real=0.00 secs] 
182.126: [GC (Allocation Failure) [PSYoungGen: 6144K->6144K(38912K)] 446993K->446993K(505344K), 0.0009811 secs] [Times: user=0.00 sys=0.00, real=0.00 secs] 
182.127: [Full GC (Allocation Failure) [PSYoungGen: 6144K->0K(38912K)] [ParOldGen: 440849K->57873K(466432K)] 446993K->57873K(505344K), [Metaspace: 2796K->2796K(1056768K)], 0.0052466 secs] [Times: user=0.00 sys=0.00, real=0.01 secs] 
182.796: [GC (Allocation Failure) [PSYoungGen: 17804K->6144K(38912K)] 178077K->166417K(505344K), 0.0007888 secs] [Times: user=0.00 sys=0.00, real=0.00 secs] 
183.891: [GC (Allocation Failure) [PSYoungGen: 23949K->2048K(38912K)] 378783K->356881K(505344K), 0.0007978 secs] [Times: user=0.00 sys=0.00, real=0.00 secs] 
184.981: [GC (Allocation Failure) [PSYoungGen: 17806K->0K(38912K)] 454559K->436753K(505344K), 0.0007126 secs] [Times: user=0.00 sys=0.00, real=0.00 secs] 
184.981: [GC (Allocation Failure) [PSYoungGen: 0K->0K(38912K)] 436753K->436753K(505344K), 0.0008225 secs] [Times: user=0.00 sys=0.00, real=0.00 secs] 
184.982: [Full GC (Allocation Failure) [PSYoungGen: 0K->0K(38912K)] [ParOldGen: 436753K->61969K(466432K)] 436753K->61969K(505344K), [Metaspace: 2796K->2796K(1056768K)], 0.0058094 secs] [Times: user=0.00 sys=0.00, real=0.01 secs] 
185.653: [GC (Allocation Failure) [PSYoungGen: 17806K->10240K(38912K)] 182175K->174609K(505344K), 0.0009859 secs] [Times: user=0.00 sys=0.00, real=0.00 secs] 
186.743: [GC (Allocation Failure) [PSYoungGen: 28046K->6144K(38912K)] 386976K->365073K(505344K), 0.0009923 secs] [Times: user=0.00 sys=0.00, real=0.00 secs] 
187.070: [GC (Allocation Failure) [PSYoungGen: 21903K->15360K(38912K)] 380832K->374289K(505344K), 0.0013680 secs] [Times: user=0.00 sys=0.00, real=0.00 secs] 
188.377: [Full GC (Ergonomics) [PSYoungGen: 31115K->0K(38912K)] [ParOldGen: 451089K->51729K(466432K)] 482205K->51729K(505344K), [Metaspace: 2796K->2796K(1056768K)], 0.0049817 secs] [Times: user=0.00 sys=0.00, real=0.00 secs] 
188.705: [GC (Allocation Failure) [PSYoungGen: 15756K->10240K(38912K)] 67486K->61969K(505344K), 0.0009271 secs] [Times: user=0.00 sys=0.00, real=0.00 secs] 
189.578: [GC (Allocation Failure) [PSYoungGen: 28042K->6144K(38912K)] 264091K->242193K(505344K), 0.0008344 secs] [Times: user=0.00 sys=0.00, real=0.00 secs] 
189.905: [GC (Allocation Failure) [PSYoungGen: 21900K->10240K(38912K)] 257949K->246289K(505344K), 0.0011985 secs] [Times: user=0.00 sys=0.00, real=0.00 secs] 
190.991: [GC (Allocation Failure) [PSYoungGen: 28041K->12320K(38912K)] 458651K->442929K(505344K), 0.0015023 secs] [Times: user=0.00 sys=0.00, real=0.00 secs] 
191.318: [GC (Allocation Failure) [PSYoungGen: 28075K->16416K(38912K)] 458685K->447025K(505344K), 0.0016665 secs] [Times: user=0.00 sys=0.00, real=0.00 secs] 
192.409: [GC (Allocation Failure) [PSYoungGen: 34217K->2080K(38912K)] 464827K->432689K(505344K), 0.0013517 secs] [Times: user=0.00 sys=0.00, real=0.00 secs] 
192.738: [GC (Allocation Failure) [PSYoungGen: 17832K->6176K(38912K)] 448442K->436785K(505344K), 0.0010440 secs] [Times: user=0.00 sys=0.00, real=0.00 secs] 
193.281: [Full GC (Ergonomics) [PSYoungGen: 21927K->0K(38912K)] [ParOldGen: 451089K->22033K(466432K)] 473017K->22033K(505344K), [Metaspace: 2796K->2796K(1056768K)], 0.0031857 secs] [Times: user=0.00 sys=0.00, real=0.00 secs] 
194.156: [GC (Allocation Failure) [PSYoungGen: 17802K->10272K(38912K)] 213915K->206385K(505344K), 0.0011576 secs] [Times: user=0.00 sys=0.00, real=0.00 secs] 
195.245: [GC (Allocation Failure) [PSYoungGen: 28076K->6208K(38912K)] 418749K->396881K(505344K), 0.0011889 secs] [Times: user=0.00 sys=0.00, real=0.00 secs] 
196.230: [GC (Allocation Failure) [PSYoungGen: 16845K->32K(38912K)] 438238K->421425K(505344K), 0.0010213 secs] [Times: user=0.00 sys=0.00, real=0.00 secs] 
196.231: [GC (Allocation Failure) [PSYoungGen: 32K->32K(38912K)] 421425K->421425K(505344K), 0.0007817 secs] [Times: user=0.00 sys=0.00, real=0.00 secs] 
196.232: [Full GC (Allocation Failure) [PSYoungGen: 32K->0K(38912K)] [ParOldGen: 421393K->21009K(466432K)] 421425K->21009K(505344K), [Metaspace: 2796K->2796K(1056768K)], 0.0032810 secs] [Times: user=0.00 sys=0.00, real=0.00 secs] 
196.994: [GC (Allocation Failure) [PSYoungGen: 17806K->10240K(38912K)] 192415K->184849K(505344K), 0.0010145 secs] [Times: user=0.00 sys=0.00, real=0.00 secs] 
198.086: [GC (Allocation Failure) [PSYoungGen: 28046K->6144K(38912K)] 397216K->375313K(505344K), 0.0011488 secs] [Times: user=0.00 sys=0.00, real=0.00 secs] 
198.413: [GC (Allocation Failure) [PSYoungGen: 21902K->10240K(38912K)] 391072K->379409K(505344K), 0.0010348 secs] [Times: user=0.00 sys=0.00, real=0.00 secs] 
199.176: [Full GC (Ergonomics) [PSYoungGen: 25995K->0K(38912K)] [ParOldGen: 461329K->133649K(466432K)] 487325K->133649K(505344K), [Metaspace: 2796K->2796K(1056768K)], 0.0090572 secs] [Times: user=0.00 sys=0.00, real=0.01 secs] 
200.937: [GC (Allocation Failure) [PSYoungGen: 17804K->7168K(38912K)] 448414K->437777K(505344K), 0.0009452 secs] [Times: user=0.02 sys=0.00, real=0.00 secs] 
201.264: [GC (Allocation Failure) [PSYoungGen: 22925K->11264K(38912K)] 453535K->441873K(505344K), 0.0011016 secs] [Times: user=0.00 sys=0.00, real=0.00 secs] 
201.809: [Full GC (Ergonomics) [PSYoungGen: 27018K->0K(38912K)] [ParOldGen: 451089K->22033K(466432K)] 478108K->22033K(505344K), [Metaspace: 2796K->2796K(1056768K)], 0.0033098 secs] [Times: user=0.00 sys=0.00, real=0.00 secs] 
202.677: [GC (Allocation Failure) [PSYoungGen: 17804K->6144K(38912K)] 213918K->202257K(505344K), 0.0009797 secs] [Times: user=0.00 sys=0.00, real=0.00 secs] 
203.772: [GC (Allocation Failure) [PSYoungGen: 22925K->1024K(38912K)] 229279K->207377K(505344K), 0.0005523 secs] [Times: user=0.00 sys=0.00, real=0.00 secs] 
204.098: [GC (Allocation Failure) [PSYoungGen: 16782K->10240K(38912K)] 223136K->216593K(505344K), 0.0011589 secs] [Times: user=0.00 sys=0.00, real=0.00 secs] 
205.193: [GC (Allocation Failure) [PSYoungGen: 28043K->6144K(38912K)] 428957K->407057K(505344K), 0.0007841 secs] [Times: user=0.00 sys=0.00, real=0.00 secs] 
205.521: [GC (Allocation Failure) [PSYoungGen: 21900K->15360K(38912K)] 422814K->416273K(505344K), 0.0014542 secs] [Times: user=0.00 sys=0.00, real=0.00 secs] 
206.176: [GC (Allocation Failure) [PSYoungGen: 31114K->10240K(38912K)] 472988K->452114K(505344K), 0.0011648 secs] [Times: user=0.00 sys=0.00, real=0.00 secs] 
206.177: [GC (Allocation Failure) [PSYoungGen: 10240K->10240K(38912K)] 452114K->452114K(505344K), 0.0010572 secs] [Times: user=0.00 sys=0.00, real=0.00 secs] 
206.178: [Full GC (Allocation Failure) [PSYoungGen: 10240K->0K(38912K)] [ParOldGen: 441873K->41489K(466432K)] 452114K->41489K(505344K), [Metaspace: 2796K->2796K(1056768K)], 0.0043088 secs] [Times: user=0.00 sys=0.00, real=0.00 secs] 
208.047: [GC (Allocation Failure) [PSYoungGen: 19852K->1024K(38912K)] 389021K->370193K(505344K), 0.0005567 secs] [Times: user=0.00 sys=0.00, real=0.00 secs] 
208.373: [GC (Allocation Failure) [PSYoungGen: 16781K->5120K(38912K)] 385951K->374289K(505344K), 0.0009547 secs] [Times: user=0.00 sys=0.00, real=0.00 secs] 
209.142: [Full GC (Ergonomics) [PSYoungGen: 20874K->0K(38912K)] [ParOldGen: 461329K->108049K(466432K)] 482204K->108049K(505344K), [Metaspace: 2796K->2796K(1056768K)], 0.0087462 secs] [Times: user=0.00 sys=0.00, real=0.01 secs] 
209.813: [GC (Allocation Failure) [PSYoungGen: 17804K->5120K(38912K)] 228254K->215569K(505344K), 0.0009114 secs] [Times: user=0.00 sys=0.00, real=0.00 secs] 
211.343: [GC (Allocation Failure) [PSYoungGen: 21901K->1024K(38912K)] 426911K->406033K(505344K), 0.0008241 secs] [Times: user=0.00 sys=0.00, real=0.00 secs] 
211.891: [GC (Allocation Failure) [PSYoungGen: 11662K->5120K(38912K)] 457631K->451089K(505344K), 0.0012082 secs] [Times: user=0.00 sys=0.00, real=0.00 secs] 
211.892: [GC (Allocation Failure) [PSYoungGen: 5120K->5120K(38912K)] 451089K->451089K(505344K), 0.0012907 secs] [Times: user=0.00 sys=0.00, real=0.00 secs] 
211.894: [Full GC (Allocation Failure) [PSYoungGen: 5120K->0K(38912K)] [ParOldGen: 445969K->26129K(466432K)] 451089K->26129K(505344K), [Metaspace: 2796K->2796K(1056768K)], 0.0033866 secs] [Times: user=0.00 sys=0.00, real=0.00 secs] 
212.654: [GC (Allocation Failure) [PSYoungGen: 17806K->6144K(38912K)] 197536K->185873K(505344K), 0.0008961 secs] [Times: user=0.00 sys=0.00, real=0.00 secs] 
213.747: [GC (Allocation Failure) [PSYoungGen: 23950K->2048K(38912K)] 398240K->376337K(505344K), 0.0008190 secs] [Times: user=0.00 sys=0.00, real=0.00 secs] 
214.073: [GC (Allocation Failure) [PSYoungGen: 17807K->11264K(38912K)] 392096K->385553K(505344K), 0.0012572 secs] [Times: user=0.00 sys=0.00, real=0.00 secs] 
215.167: [GC (Allocation Failure) [PSYoungGen: 27019K->0K(38912K)] 421789K->394769K(505344K), 0.0009027 secs] [Times: user=0.00 sys=0.00, real=0.00 secs] 
215.496: [GC (Allocation Failure) [PSYoungGen: 15756K->10240K(38912K)] 410526K->405009K(505344K), 0.0011584 secs] [Times: user=0.00 sys=0.00, real=0.00 secs] 
216.155: [GC (Allocation Failure) [PSYoungGen: 25994K->5120K(38912K)] 461724K->440849K(505344K), 0.0009986 secs] [Times: user=0.00 sys=0.00, real=0.00 secs] 
216.156: [GC (Allocation Failure) [PSYoungGen: 5120K->5120K(38912K)] 440849K->440849K(505344K), 0.0009615 secs] [Times: user=0.00 sys=0.00, real=0.00 secs] 
216.157: [Full GC (Allocation Failure) [PSYoungGen: 5120K->0K(38912K)] [ParOldGen: 435729K->26129K(466432K)] 440849K->26129K(505344K), [Metaspace: 2796K->2796K(1056768K)], 0.0037152 secs] [Times: user=0.00 sys=0.00, real=0.00 secs] 
216.936: [GC (Allocation Failure) [PSYoungGen: 17804K->10240K(38912K)] 197533K->189969K(505344K), 0.0009070 secs] [Times: user=0.00 sys=0.00, real=0.00 secs] 
218.025: [GC (Allocation Failure) [PSYoungGen: 28045K->6144K(38912K)] 402335K->380433K(505344K), 0.0009975 secs] [Times: user=0.00 sys=0.00, real=0.00 secs] 
218.350: [GC (Allocation Failure) [PSYoungGen: 21902K->10240K(38912K)] 396191K->384529K(505344K), 0.0010987 secs] [Times: user=0.00 sys=0.00, real=0.00 secs] 
Heap
 PSYoungGen      total 38912K, used 16154K [0x00000000fc780000, 0x0000000100000000, 0x0000000100000000)
  eden space 19968K, 29% used [0x00000000fc780000,0x00000000fcd46ad0,0x00000000fdb00000)
  from space 18944K, 54% used [0x00000000fed80000,0x00000000ff780020,0x0000000100000000)
  to   space 18944K, 0% used [0x00000000fdb00000,0x00000000fdb00000,0x00000000fed80000)
 ParOldGen       total 466432K, used 374289K [0x00000000e0000000, 0x00000000fc780000, 0x00000000fc780000)
  object space 466432K, 80% used [0x00000000e0000000,0x00000000f6d84770,0x00000000fc780000)
 Metaspace       used 2804K, capacity 4486K, committed 4864K, reserved 1056768K
  class space    used 297K, capacity 386K, committed 512K, reserved 1048576K
