Java HotSpot(TM) 64-Bit Server VM (25.411-b09) for windows-amd64 JRE (1.8.0_411-b09), built on Mar 13 2024 07:26:13 by "java_re" with MS VC++ 17.1 (VS2022)
Memory: 4k page, physical 33403376k(14466816k free), swap 36670664k(7388632k free)
CommandLine flags: -XX:InitialHeapSize=536870912 -XX:MaxHeapSize=536870912 -XX:NewRatio=8 -XX:ParallelGCThreads=6 -XX:+PrintGC -XX:+PrintGCDetails -XX:+PrintGCTimeStamps -XX:SurvivorRatio=13 -XX:-UseAdaptiveSizePolicy -XX:+UseCompressedClassPointers -XX:+UseCompressedOops -XX:-UseLargePagesIndividualAllocation -XX:+UseParallelGC 
1.044: [GC (Allocation Failure) [PSYoungGen: 45035K->712K(54272K)] 45035K->16080K(520704K), 0.0045175 secs] [Times: user=0.00 sys=0.00, real=0.00 secs] 
2.073: [GC (Allocation Failure) [PSYoungGen: 49831K->1728K(54272K)] 218799K->175816K(520704K), 0.0020749 secs] [Times: user=0.00 sys=0.00, real=0.00 secs] 
2.619: [GC (Allocation Failure) [PSYoungGen: 38567K->1680K(54272K)] 212655K->191128K(520704K), 0.0043052 secs] [Times: user=0.00 sys=0.02, real=0.01 secs] 
3.753: [GC (Allocation Failure) [PSYoungGen: 50802K->2664K(54272K)] 393850K->350832K(520704K), 0.0024772 secs] [Times: user=0.00 sys=0.00, real=0.00 secs] 
5.280: [GC (Allocation Failure) [PSYoungGen: 50769K->600K(54272K)] 398937K->359008K(520704K), 0.0026526 secs] [Times: user=0.00 sys=0.00, real=0.00 secs] 
5.732: [GC (Allocation Failure) [PSYoungGen: 42558K->600K(54272K)] 452166K->420448K(520704K), 0.0037311 secs] [Times: user=0.00 sys=0.00, real=0.00 secs] 
5.736: [GC (Allocation Failure) [PSYoungGen: 600K->616K(54272K)] 420448K->420464K(520704K), 0.0009678 secs] [Times: user=0.00 sys=0.00, real=0.00 secs] 
5.737: [Full GC (Allocation Failure) [PSYoungGen: 616K->0K(54272K)] [ParOldGen: 419848K->67088K(466432K)] 420464K->67088K(520704K), [Metaspace: 2753K->2753K(1056768K)], 0.0107148 secs] [Times: user=0.00 sys=0.01, real=0.01 secs] 
6.838: [GC (Allocation Failure) [PSYoungGen: 44011K->0K(54272K)] 213500K->184848K(520704K), 0.0015219 secs] [Times: user=0.00 sys=0.00, real=0.00 secs] 
8.364: [GC (Allocation Failure) [PSYoungGen: 49642K->32K(54272K)] 388091K->343608K(520704K), 0.0014699 secs] [Times: user=0.00 sys=0.00, real=0.00 secs] 
8.582: [GC (Allocation Failure) [PSYoungGen: 21521K->32K(54272K)] 416298K->394808K(520704K), 0.0016626 secs] [Times: user=0.00 sys=0.00, real=0.00 secs] 
8.584: [GC (Allocation Failure) [PSYoungGen: 32K->32K(54272K)] 394808K->394808K(520704K), 0.0012387 secs] [Times: user=0.00 sys=0.00, real=0.00 secs] 
8.585: [Full GC (Allocation Failure) [PSYoungGen: 32K->0K(54272K)] [ParOldGen: 394776K->51728K(466432K)] 394808K->51728K(520704K), [Metaspace: 2759K->2759K(1056768K)], 0.0052537 secs] [Times: user=0.00 sys=0.00, real=0.01 secs] 
9.690: [GC (Allocation Failure) [PSYoungGen: 44017K->0K(54272K)] 198146K->169488K(520704K), 0.0017347 secs] [Times: user=0.00 sys=0.00, real=0.00 secs] 
10.676: [GC (Allocation Failure) [PSYoungGen: 49139K->0K(54272K)] 372228K->328208K(520704K), 0.0011185 secs] [Times: user=0.00 sys=0.00, real=0.00 secs] 
11.221: [GC (Allocation Failure) [PSYoungGen: 36852K->0K(54272K)] 365061K->343569K(520704K), 0.0014658 secs] [Times: user=0.00 sys=0.00, real=0.00 secs] 
11.442: [GC (Allocation Failure) [PSYoungGen: 21482K->0K(54272K)] 416251K->394769K(520704K), 0.0010276 secs] [Times: user=0.00 sys=0.00, real=0.00 secs] 
11.443: [GC (Allocation Failure) [PSYoungGen: 0K->0K(54272K)] 394769K->394769K(520704K), 0.0009198 secs] [Times: user=0.00 sys=0.00, real=0.00 secs] 
11.444: [Full GC (Allocation Failure) [PSYoungGen: 0K->0K(54272K)] [ParOldGen: 394769K->215568K(466432K)] 394769K->215568K(520704K), [Metaspace: 2761K->2761K(1056768K)], 0.0118655 secs] [Times: user=0.00 sys=0.00, real=0.01 secs] 
12.656: [GC (Allocation Failure) [PSYoungGen: 33076K->32K(54272K)] 351045K->333368K(520704K), 0.0016252 secs] [Times: user=0.00 sys=0.00, real=0.00 secs] 
12.875: [GC (Allocation Failure) [PSYoungGen: 21518K->32K(54272K)] 406055K->384569K(520704K), 0.0009587 secs] [Times: user=0.00 sys=0.00, real=0.00 secs] 
12.876: [GC (Allocation Failure) [PSYoungGen: 32K->64K(54272K)] 384569K->384601K(520704K), 0.0007432 secs] [Times: user=0.00 sys=0.00, real=0.00 secs] 
12.877: [Full GC (Allocation Failure) [PSYoungGen: 64K->0K(54272K)] [ParOldGen: 384537K->56849K(466432K)] 384601K->56849K(520704K), [Metaspace: 2763K->2763K(1056768K)], 0.0051502 secs] [Times: user=0.00 sys=0.00, real=0.01 secs] 
13.986: [GC (Allocation Failure) [PSYoungGen: 44014K->1024K(54272K)] 203264K->180753K(520704K), 0.0015630 secs] [Times: user=0.00 sys=0.00, real=0.00 secs] 
14.972: [GC (Allocation Failure) [PSYoungGen: 50161K->1024K(54272K)] 383490K->344593K(520704K), 0.0011391 secs] [Times: user=0.00 sys=0.00, real=0.00 secs] 
16.278: [GC (Allocation Failure) [PSYoungGen: 48114K->0K(54272K)] 391684K->353809K(520704K), 0.0012244 secs] [Times: user=0.00 sys=0.00, real=0.00 secs] 
16.937: [GC (Allocation Failure) [PSYoungGen: 41964K->0K(54272K)] 395773K->364049K(520704K), 0.0012324 secs] [Times: user=0.00 sys=0.00, real=0.00 secs] 
17.156: [GC (Allocation Failure) [PSYoungGen: 21479K->0K(54272K)] 436728K->435729K(520704K), 0.0057076 secs] [Times: user=0.00 sys=0.00, real=0.00 secs] 
17.162: [Full GC (Ergonomics) [PSYoungGen: 0K->0K(54272K)] [ParOldGen: 435729K->77329K(466432K)] 435729K->77329K(520704K), [Metaspace: 2768K->2768K(1056768K)], 0.0063411 secs] [Times: user=0.00 sys=0.00, real=0.01 secs] 
18.261: [GC (Allocation Failure) [PSYoungGen: 44007K->0K(54272K)] 223736K->195089K(520704K), 0.0015570 secs] [Times: user=0.00 sys=0.00, real=0.00 secs] 
19.249: [GC (Allocation Failure) [PSYoungGen: 49132K->0K(54272K)] 397821K->353809K(520704K), 0.0008537 secs] [Times: user=0.00 sys=0.00, real=0.00 secs] 
20.011: [GC (Allocation Failure) [PSYoungGen: 6127K->0K(54272K)] 411136K->405009K(520704K), 0.0007871 secs] [Times: user=0.00 sys=0.00, real=0.00 secs] 
20.012: [GC (Allocation Failure) [PSYoungGen: 0K->0K(54272K)] 405009K->405009K(520704K), 0.0007275 secs] [Times: user=0.00 sys=0.00, real=0.00 secs] 
20.013: [Full GC (Allocation Failure) [PSYoungGen: 0K->0K(54272K)] [ParOldGen: 405009K->51729K(466432K)] 405009K->51729K(520704K), [Metaspace: 2770K->2770K(1056768K)], 0.0048137 secs] [Times: user=0.00 sys=0.00, real=0.01 secs] 
21.115: [GC (Allocation Failure) [PSYoungGen: 44015K->0K(54272K)] 198144K->169489K(520704K), 0.0014065 secs] [Times: user=0.00 sys=0.00, real=0.00 secs] 
22.098: [GC (Allocation Failure) [PSYoungGen: 49137K->1024K(54272K)] 372227K->329233K(520704K), 0.0009643 secs] [Times: user=0.00 sys=0.00, real=0.00 secs] 
22.644: [GC (Allocation Failure) [PSYoungGen: 37875K->1024K(54272K)] 366084K->344593K(520704K), 0.0014971 secs] [Times: user=0.00 sys=0.00, real=0.00 secs] 
22.862: [GC (Allocation Failure) [PSYoungGen: 22506K->1024K(54272K)] 417275K->395793K(520704K), 0.0012728 secs] [Times: user=0.00 sys=0.00, real=0.00 secs] 
22.863: [GC (Allocation Failure) [PSYoungGen: 1024K->1024K(54272K)] 395793K->395793K(520704K), 0.0007158 secs] [Times: user=0.00 sys=0.00, real=0.00 secs] 
22.864: [Full GC (Allocation Failure) [PSYoungGen: 1024K->0K(54272K)] [ParOldGen: 394769K->165393K(466432K)] 395793K->165393K(520704K), [Metaspace: 2779K->2779K(1056768K)], 0.0125362 secs] [Times: user=0.02 sys=0.00, real=0.01 secs] 
24.512: [GC (Allocation Failure) [PSYoungGen: 50154K->1024K(54272K)] 471547K->432657K(520704K), 0.0013657 secs] [Times: user=0.00 sys=0.00, real=0.00 secs] 
24.514: [Full GC (Ergonomics) [PSYoungGen: 1024K->0K(54272K)] [ParOldGen: 431633K->11793K(466432K)] 432657K->11793K(520704K), [Metaspace: 2779K->2779K(1056768K)], 0.0023576 secs] [Times: user=0.00 sys=0.00, real=0.00 secs] 
25.382: [GC (Allocation Failure) [PSYoungGen: 42990K->0K(54272K)] 54783K->27153K(520704K), 0.0015635 secs] [Times: user=0.00 sys=0.00, real=0.00 secs] 
26.365: [GC (Allocation Failure) [PSYoungGen: 49128K->0K(54272K)] 229881K->201233K(520704K), 0.0019231 secs] [Times: user=0.00 sys=0.00, real=0.00 secs] 
26.910: [GC (Allocation Failure) [PSYoungGen: 36845K->0K(54272K)] 238078K->211473K(520704K), 0.0013671 secs] [Times: user=0.00 sys=0.00, real=0.00 secs] 
28.110: [GC (Allocation Failure) [PSYoungGen: 47078K->0K(54272K)] 258551K->221713K(520704K), 0.0010003 secs] [Times: user=0.00 sys=0.00, real=0.00 secs] 
28.985: [GC (Allocation Failure) [PSYoungGen: 49338K->32K(54272K)] 424652K->380473K(520704K), 0.0011435 secs] [Times: user=0.00 sys=0.00, real=0.00 secs] 
29.748: [GC (Allocation Failure) [PSYoungGen: 47114K->64K(54272K)] 427555K->395865K(520704K), 0.0015656 secs] [Times: user=0.00 sys=0.00, real=0.00 secs] 
29.967: [Full GC (Ergonomics) [PSYoungGen: 21542K->0K(54272K)] [ParOldGen: 447001K->113169K(466432K)] 468544K->113169K(520704K), [Metaspace: 2793K->2793K(1056768K)], 0.0090908 secs] [Times: user=0.00 sys=0.00, real=0.01 secs] 
32.058: [GC (Allocation Failure) [PSYoungGen: 46055K->1024K(54272K)] 364024K->324113K(520704K), 0.0008595 secs] [Times: user=0.00 sys=0.00, real=0.00 secs] 
32.603: [GC (Allocation Failure) [PSYoungGen: 37868K->1024K(54272K)] 360957K->339473K(520704K), 0.0015824 secs] [Times: user=0.02 sys=0.00, real=0.00 secs] 
32.819: [GC (Allocation Failure) [PSYoungGen: 22501K->1024K(54272K)] 412151K->390673K(520704K), 0.0007631 secs] [Times: user=0.00 sys=0.00, real=0.00 secs] 
32.820: [GC (Allocation Failure) [PSYoungGen: 1024K->1024K(54272K)] 390673K->390673K(520704K), 0.0007571 secs] [Times: user=0.00 sys=0.00, real=0.00 secs] 
32.821: [Full GC (Allocation Failure) [PSYoungGen: 1024K->0K(54272K)] [ParOldGen: 389649K->57873K(466432K)] 390673K->57873K(520704K), [Metaspace: 2793K->2793K(1056768K)], 0.0055019 secs] [Times: user=0.02 sys=0.00, real=0.01 secs] 
33.933: [GC (Allocation Failure) [PSYoungGen: 44006K->1024K(54272K)] 204279K->181777K(520704K), 0.0015247 secs] [Times: user=0.00 sys=0.00, real=0.00 secs] 
35.355: [GC (Allocation Failure) [PSYoungGen: 50155K->0K(54272K)] 384508K->344593K(520704K), 0.0014409 secs] [Times: user=0.00 sys=0.00, real=0.00 secs] 
35.683: [GC (Allocation Failure) [PSYoungGen: 31727K->0K(54272K)] 427520K->406033K(520704K), 0.0012645 secs] [Times: user=0.00 sys=0.00, real=0.00 secs] 
35.684: [GC (Allocation Failure) [PSYoungGen: 0K->0K(54272K)] 406033K->406033K(520704K), 0.0008740 secs] [Times: user=0.00 sys=0.00, real=0.00 secs] 
35.685: [Full GC (Allocation Failure) [PSYoungGen: 0K->0K(54272K)] [ParOldGen: 406033K->61969K(466432K)] 406033K->61969K(520704K), [Metaspace: 2794K->2794K(1056768K)], 0.0057365 secs] [Times: user=0.00 sys=0.00, real=0.01 secs] 
36.786: [GC (Allocation Failure) [PSYoungGen: 44017K->0K(54272K)] 208386K->179729K(520704K), 0.0016477 secs] [Times: user=0.00 sys=0.00, real=0.00 secs] 
37.769: [GC (Allocation Failure) [PSYoungGen: 49139K->0K(54272K)] 382468K->364049K(520704K), 0.0024396 secs] [Times: user=0.00 sys=0.00, real=0.00 secs] 
38.316: [GC (Allocation Failure) [PSYoungGen: 36851K->0K(54272K)] 400901K->374289K(520704K), 0.0013133 secs] [Times: user=0.00 sys=0.00, real=0.00 secs] 
39.526: [Full GC (Ergonomics) [PSYoungGen: 41962K->0K(54272K)] [ParOldGen: 425489K->11264K(466432K)] 467452K->11264K(520704K), [Metaspace: 2794K->2794K(1056768K)], 0.0024744 secs] [Times: user=0.00 sys=0.00, real=0.00 secs] 
40.400: [GC (Allocation Failure) [PSYoungGen: 49134K->0K(54272K)] 213998K->169984K(520704K), 0.0008270 secs] [Times: user=0.00 sys=0.00, real=0.00 secs] 
41.167: [GC (Allocation Failure) [PSYoungGen: 47089K->0K(54272K)] 217073K->185344K(520704K), 0.0015240 secs] [Times: user=0.00 sys=0.00, real=0.00 secs] 
42.256: [GC (Allocation Failure) [PSYoungGen: 49131K->1024K(54272K)] 388075K->345088K(520704K), 0.0011307 secs] [Times: user=0.00 sys=0.00, real=0.00 secs] 
43.890: [GC (Allocation Failure) [PSYoungGen: 50159K->1024K(54272K)] 394223K->365568K(520704K), 0.0017873 secs] [Times: user=0.00 sys=0.00, real=0.00 secs] 
44.218: [GC (Allocation Failure) [PSYoungGen: 32746K->1024K(54272K)] 448490K->416768K(520704K), 0.0012696 secs] [Times: user=0.00 sys=0.00, real=0.00 secs] 
44.219: [GC (Allocation Failure) [PSYoungGen: 1024K->1024K(54272K)] 416768K->416768K(520704K), 0.0010197 secs] [Times: user=0.00 sys=0.00, real=0.00 secs] 
44.220: [Full GC (Allocation Failure) [PSYoungGen: 1024K->0K(54272K)] [ParOldGen: 415744K->62993K(466432K)] 416768K->62993K(520704K), [Metaspace: 2796K->2796K(1056768K)], 0.0057048 secs] [Times: user=0.00 sys=0.00, real=0.01 secs] 
45.325: [GC (Allocation Failure) [PSYoungGen: 44014K->0K(54272K)] 209407K->180753K(520704K), 0.0013880 secs] [Times: user=0.00 sys=0.00, real=0.00 secs] 
46.747: [GC (Allocation Failure) [PSYoungGen: 44016K->0K(54272K)] 378370K->339473K(520704K), 0.0008113 secs] [Times: user=0.00 sys=0.00, real=0.00 secs] 
47.072: [GC (Allocation Failure) [PSYoungGen: 31730K->0K(54272K)] 422404K->411153K(520704K), 0.0020786 secs] [Times: user=0.00 sys=0.00, real=0.00 secs] 
47.075: [GC (Allocation Failure) [PSYoungGen: 0K->0K(54272K)] 411153K->411153K(520704K), 0.0007564 secs] [Times: user=0.00 sys=0.00, real=0.00 secs] 
47.075: [Full GC (Allocation Failure) [PSYoungGen: 0K->0K(54272K)] [ParOldGen: 411153K->72209K(466432K)] 411153K->72209K(520704K), [Metaspace: 2796K->2796K(1056768K)], 0.0066881 secs] [Times: user=0.00 sys=0.00, real=0.01 secs] 
48.180: [GC (Allocation Failure) [PSYoungGen: 44019K->0K(54272K)] 218629K->189969K(520704K), 0.0013632 secs] [Times: user=0.00 sys=0.00, real=0.00 secs] 
49.163: [GC (Allocation Failure) [PSYoungGen: 49140K->0K(54272K)] 392709K->348689K(520704K), 0.0011737 secs] [Times: user=0.00 sys=0.00, real=0.00 secs] 
49.708: [GC (Allocation Failure) [PSYoungGen: 36852K->0K(54272K)] 385542K->364049K(520704K), 0.0014668 secs] [Times: user=0.00 sys=0.00, real=0.00 secs] 
49.925: [GC (Allocation Failure) [PSYoungGen: 21483K->0K(54272K)] 436732K->415249K(520704K), 0.0010924 secs] [Times: user=0.00 sys=0.00, real=0.00 secs] 
49.926: [GC (Allocation Failure) [PSYoungGen: 0K->0K(54272K)] 415249K->415249K(520704K), 0.0009346 secs] [Times: user=0.00 sys=0.00, real=0.00 secs] 
49.927: [Full GC (Allocation Failure) [PSYoungGen: 0K->0K(54272K)] [ParOldGen: 415249K->133649K(466432K)] 415249K->133649K(520704K), [Metaspace: 2796K->2796K(1056768K)], 0.0099158 secs] [Times: user=0.00 sys=0.00, real=0.01 secs] 
51.141: [GC (Allocation Failure) [PSYoungGen: 36843K->0K(54272K)] 272892K->251409K(520704K), 0.0015233 secs] [Times: user=0.00 sys=0.00, real=0.00 secs] 
52.232: [GC (Allocation Failure) [PSYoungGen: 49135K->1024K(54272K)] 454144K->411153K(520704K), 0.0010052 secs] [Times: user=0.00 sys=0.00, real=0.00 secs] 
52.780: [Full GC (Ergonomics) [PSYoungGen: 48113K->0K(54272K)] [ParOldGen: 461329K->62993K(466432K)] 509442K->62993K(520704K), [Metaspace: 2796K->2796K(1056768K)], 0.0061813 secs] [Times: user=0.00 sys=0.00, real=0.00 secs] 
54.658: [GC (Allocation Failure) [PSYoungGen: 50163K->0K(54272K)] 215556K->175633K(520704K), 0.0008204 secs] [Times: user=0.00 sys=0.00, real=0.00 secs] 
55.419: [GC (Allocation Failure) [PSYoungGen: 47092K->0K(54272K)] 222725K->196113K(520704K), 0.0015130 secs] [Times: user=0.00 sys=0.00, real=0.00 secs] 
56.512: [GC (Allocation Failure) [PSYoungGen: 49133K->0K(54272K)] 398846K->359953K(520704K), 0.0010715 secs] [Times: user=0.00 sys=0.00, real=0.00 secs] 
57.057: [GC (Allocation Failure) [PSYoungGen: 47088K->0K(54272K)] 458241K->431633K(520704K), 0.0021789 secs] [Times: user=0.00 sys=0.00, real=0.00 secs] 
57.059: [Full GC (Ergonomics) [PSYoungGen: 0K->0K(54272K)] [ParOldGen: 431633K->92689K(466432K)] 431633K->92689K(520704K), [Metaspace: 2796K->2796K(1056768K)], 0.0075562 secs] [Times: user=0.00 sys=0.00, real=0.01 secs] 
58.926: [GC (Allocation Failure) [PSYoungGen: 46066K->0K(54272K)] 394755K->353809K(520704K), 0.0009974 secs] [Times: user=0.00 sys=0.00, real=0.00 secs] 
59.690: [GC (Allocation Failure) [PSYoungGen: 47091K->0K(54272K)] 400900K->369169K(520704K), 0.0014318 secs] [Times: user=0.00 sys=0.00, real=0.00 secs] 
59.908: [GC (Allocation Failure) [PSYoungGen: 21484K->0K(54272K)] 441854K->420369K(520704K), 0.0009797 secs] [Times: user=0.00 sys=0.00, real=0.00 secs] 
59.909: [Full GC (Ergonomics) [PSYoungGen: 0K->0K(54272K)] [ParOldGen: 420369K->108049K(466432K)] 420369K->108049K(520704K), [Metaspace: 2796K->2796K(1056768K)], 0.0085625 secs] [Times: user=0.00 sys=0.00, real=0.01 secs] 
61.017: [GC (Allocation Failure) [PSYoungGen: 44012K->0K(54272K)] 254462K->225809K(520704K), 0.0015435 secs] [Times: user=0.00 sys=0.00, real=0.00 secs] 
62.325: [GC (Allocation Failure) [PSYoungGen: 42991K->0K(54272K)] 422401K->389649K(520704K), 0.0011339 secs] [Times: user=0.00 sys=0.00, real=0.00 secs] 
62.761: [Full GC (Ergonomics) [PSYoungGen: 41969K->0K(54272K)] [ParOldGen: 440849K->56849K(466432K)] 482819K->56849K(520704K), [Metaspace: 2796K->2796K(1056768K)], 0.0062977 secs] [Times: user=0.00 sys=0.00, real=0.01 secs] 
63.871: [GC (Allocation Failure) [PSYoungGen: 44019K->1024K(54272K)] 203268K->180753K(520704K), 0.0014274 secs] [Times: user=0.00 sys=0.00, real=0.00 secs] 
64.851: [GC (Allocation Failure) [PSYoungGen: 50164K->1024K(54272K)] 383493K->344593K(520704K), 0.0011546 secs] [Times: user=0.00 sys=0.00, real=0.00 secs] 
66.159: [GC (Allocation Failure) [PSYoungGen: 48116K->0K(54272K)] 391686K->353809K(520704K), 0.0010177 secs] [Times: user=0.00 sys=0.00, real=0.00 secs] 
66.810: [GC (Allocation Failure) [PSYoungGen: 41965K->0K(54272K)] 395775K->364049K(520704K), 0.0014285 secs] [Times: user=0.00 sys=0.00, real=0.00 secs] 
67.028: [GC (Allocation Failure) [PSYoungGen: 21479K->0K(54272K)] 436729K->435729K(520704K), 0.0019273 secs] [Times: user=0.00 sys=0.00, real=0.00 secs] 
67.030: [Full GC (Ergonomics) [PSYoungGen: 0K->0K(54272K)] [ParOldGen: 435729K->77329K(466432K)] 435729K->77329K(520704K), [Metaspace: 2796K->2796K(1056768K)], 0.0064085 secs] [Times: user=0.00 sys=0.00, real=0.01 secs] 
68.132: [GC (Allocation Failure) [PSYoungGen: 44008K->0K(54272K)] 223737K->195089K(520704K), 0.0017084 secs] [Times: user=0.00 sys=0.00, real=0.00 secs] 
69.112: [GC (Allocation Failure) [PSYoungGen: 49132K->0K(54272K)] 397822K->353809K(520704K), 0.0008227 secs] [Times: user=0.00 sys=0.00, real=0.00 secs] 
69.876: [GC (Allocation Failure) [PSYoungGen: 6127K->0K(54272K)] 411137K->405009K(520704K), 0.0009115 secs] [Times: user=0.00 sys=0.00, real=0.00 secs] 
69.877: [GC (Allocation Failure) [PSYoungGen: 0K->0K(54272K)] 405009K->405009K(520704K), 0.0008772 secs] [Times: user=0.00 sys=0.00, real=0.00 secs] 
69.878: [Full GC (Allocation Failure) [PSYoungGen: 0K->0K(54272K)] [ParOldGen: 405009K->51729K(466432K)] 405009K->51729K(520704K), [Metaspace: 2796K->2796K(1056768K)], 0.0049867 secs] [Times: user=0.00 sys=0.00, real=0.01 secs] 
70.982: [GC (Allocation Failure) [PSYoungGen: 44016K->0K(54272K)] 198145K->169489K(520704K), 0.0013304 secs] [Times: user=0.00 sys=0.00, real=0.00 secs] 
71.965: [GC (Allocation Failure) [PSYoungGen: 49138K->1024K(54272K)] 372227K->329233K(520704K), 0.0009737 secs] [Times: user=0.00 sys=0.00, real=0.00 secs] 
72.510: [GC (Allocation Failure) [PSYoungGen: 37875K->1024K(54272K)] 366084K->344593K(520704K), 0.0015049 secs] [Times: user=0.00 sys=0.00, real=0.00 secs] 
72.730: [GC (Allocation Failure) [PSYoungGen: 22506K->1024K(54272K)] 417275K->395793K(520704K), 0.0009268 secs] [Times: user=0.00 sys=0.00, real=0.00 secs] 
72.731: [GC (Allocation Failure) [PSYoungGen: 1024K->1024K(54272K)] 395793K->395793K(520704K), 0.0010561 secs] [Times: user=0.00 sys=0.00, real=0.00 secs] 
72.732: [Full GC (Allocation Failure) [PSYoungGen: 1024K->0K(54272K)] [ParOldGen: 394769K->165393K(466432K)] 395793K->165393K(520704K), [Metaspace: 2796K->2796K(1056768K)], 0.0123951 secs] [Times: user=0.00 sys=0.00, real=0.01 secs] 
74.382: [Full GC (Ergonomics) [PSYoungGen: 50154K->0K(54272K)] [ParOldGen: 421393K->12288K(466432K)] 471548K->12288K(520704K), [Metaspace: 2796K->2796K(1056768K)], 0.0027758 secs] [Times: user=0.00 sys=0.00, real=0.00 secs] 
75.255: [GC (Allocation Failure) [PSYoungGen: 42990K->0K(54272K)] 55278K->27648K(520704K), 0.0013911 secs] [Times: user=0.00 sys=0.00, real=0.00 secs] 
76.238: [GC (Allocation Failure) [PSYoungGen: 49128K->0K(54272K)] 230376K->201728K(520704K), 0.0017963 secs] [Times: user=0.00 sys=0.00, real=0.00 secs] 
76.782: [GC (Allocation Failure) [PSYoungGen: 36845K->0K(54272K)] 238573K->211968K(520704K), 0.0015255 secs] [Times: user=0.00 sys=0.00, real=0.00 secs] 
77.984: [GC (Allocation Failure) [PSYoungGen: 47078K->0K(54272K)] 259046K->222208K(520704K), 0.0010785 secs] [Times: user=0.00 sys=0.00, real=0.00 secs] 
78.860: [GC (Allocation Failure) [PSYoungGen: 49124K->0K(54272K)] 424932K->380928K(520704K), 0.0018052 secs] [Times: user=0.00 sys=0.00, real=0.00 secs] 
79.630: [GC (Allocation Failure) [PSYoungGen: 47082K->0K(54272K)] 428010K->396288K(520704K), 0.0016333 secs] [Times: user=0.00 sys=0.00, real=0.00 secs] 
79.849: [Full GC (Ergonomics) [PSYoungGen: 21478K->0K(54272K)] [ParOldGen: 447488K->113169K(466432K)] 468967K->113169K(520704K), [Metaspace: 2796K->2796K(1056768K)], 0.0089675 secs] [Times: user=0.00 sys=0.00, real=0.01 secs] 
81.936: [GC (Allocation Failure) [PSYoungGen: 46055K->1024K(54272K)] 364024K->324113K(520704K), 0.0008252 secs] [Times: user=0.00 sys=0.00, real=0.00 secs] 
82.484: [GC (Allocation Failure) [PSYoungGen: 37868K->1024K(54272K)] 360957K->339473K(520704K), 0.0016061 secs] [Times: user=0.00 sys=0.00, real=0.00 secs] 
82.701: [GC (Allocation Failure) [PSYoungGen: 22501K->1024K(54272K)] 412151K->390673K(520704K), 0.0007803 secs] [Times: user=0.00 sys=0.00, real=0.00 secs] 
82.702: [GC (Allocation Failure) [PSYoungGen: 1024K->1024K(54272K)] 390673K->390673K(520704K), 0.0007778 secs] [Times: user=0.00 sys=0.00, real=0.00 secs] 
82.703: [Full GC (Allocation Failure) [PSYoungGen: 1024K->0K(54272K)] [ParOldGen: 389649K->57873K(466432K)] 390673K->57873K(520704K), [Metaspace: 2796K->2796K(1056768K)], 0.0053561 secs] [Times: user=0.00 sys=0.00, real=0.01 secs] 
83.809: [GC (Allocation Failure) [PSYoungGen: 44006K->1024K(54272K)] 204279K->181777K(520704K), 0.0015345 secs] [Times: user=0.00 sys=0.00, real=0.00 secs] 
85.230: [GC (Allocation Failure) [PSYoungGen: 50155K->0K(54272K)] 384509K->344593K(520704K), 0.0015451 secs] [Times: user=0.00 sys=0.00, real=0.00 secs] 
85.559: [GC (Allocation Failure) [PSYoungGen: 31727K->0K(54272K)] 427520K->406033K(520704K), 0.0013245 secs] [Times: user=0.00 sys=0.00, real=0.00 secs] 
85.560: [GC (Allocation Failure) [PSYoungGen: 0K->0K(54272K)] 406033K->406033K(520704K), 0.0009509 secs] [Times: user=0.00 sys=0.00, real=0.00 secs] 
85.561: [Full GC (Allocation Failure) [PSYoungGen: 0K->0K(54272K)] [ParOldGen: 406033K->61969K(466432K)] 406033K->61969K(520704K), [Metaspace: 2796K->2796K(1056768K)], 0.0056741 secs] [Times: user=0.00 sys=0.00, real=0.01 secs] 
86.670: [GC (Allocation Failure) [PSYoungGen: 44017K->0K(54272K)] 208386K->179729K(520704K), 0.0013844 secs] [Times: user=0.00 sys=0.00, real=0.00 secs] 
87.650: [GC (Allocation Failure) [PSYoungGen: 49139K->0K(54272K)] 382468K->364049K(520704K), 0.0023995 secs] [Times: user=0.05 sys=0.00, real=0.00 secs] 
88.196: [GC (Allocation Failure) [PSYoungGen: 36851K->0K(54272K)] 400901K->374289K(520704K), 0.0012411 secs] [Times: user=0.02 sys=0.00, real=0.00 secs] 
89.397: [Full GC (Ergonomics) [PSYoungGen: 41962K->0K(54272K)] [ParOldGen: 425489K->11264K(466432K)] 467452K->11264K(520704K), [Metaspace: 2796K->2796K(1056768K)], 0.0027282 secs] [Times: user=0.00 sys=0.00, real=0.00 secs] 
90.271: [GC (Allocation Failure) [PSYoungGen: 49134K->0K(54272K)] 213998K->169984K(520704K), 0.0009400 secs] [Times: user=0.00 sys=0.00, real=0.00 secs] 
91.035: [GC (Allocation Failure) [PSYoungGen: 47089K->0K(54272K)] 217073K->185344K(520704K), 0.0014085 secs] [Times: user=0.00 sys=0.00, real=0.00 secs] 
92.131: [GC (Allocation Failure) [PSYoungGen: 49131K->1024K(54272K)] 388075K->345088K(520704K), 0.0010811 secs] [Times: user=0.00 sys=0.00, real=0.00 secs] 
93.771: [GC (Allocation Failure) [PSYoungGen: 50159K->1024K(54272K)] 394223K->365568K(520704K), 0.0019694 secs] [Times: user=0.00 sys=0.00, real=0.00 secs] 
94.098: [GC (Allocation Failure) [PSYoungGen: 32746K->1024K(54272K)] 448490K->416768K(520704K), 0.0018021 secs] [Times: user=0.00 sys=0.00, real=0.00 secs] 
94.100: [GC (Allocation Failure) [PSYoungGen: 1024K->1024K(54272K)] 416768K->416768K(520704K), 0.0008701 secs] [Times: user=0.00 sys=0.00, real=0.00 secs] 
94.101: [Full GC (Allocation Failure) [PSYoungGen: 1024K->0K(54272K)] [ParOldGen: 415744K->62993K(466432K)] 416768K->62993K(520704K), [Metaspace: 2796K->2796K(1056768K)], 0.0052435 secs] [Times: user=0.00 sys=0.00, real=0.00 secs] 
95.211: [GC (Allocation Failure) [PSYoungGen: 44014K->0K(54272K)] 209407K->180753K(520704K), 0.0014777 secs] [Times: user=0.00 sys=0.00, real=0.00 secs] 
96.626: [GC (Allocation Failure) [PSYoungGen: 44016K->0K(54272K)] 378370K->339473K(520704K), 0.0008706 secs] [Times: user=0.00 sys=0.00, real=0.00 secs] 
96.953: [GC (Allocation Failure) [PSYoungGen: 31730K->0K(54272K)] 422404K->411153K(520704K), 0.0019079 secs] [Times: user=0.00 sys=0.00, real=0.00 secs] 
96.955: [GC (Allocation Failure) [PSYoungGen: 0K->0K(54272K)] 411153K->411153K(520704K), 0.0008794 secs] [Times: user=0.00 sys=0.00, real=0.00 secs] 
96.956: [Full GC (Allocation Failure) [PSYoungGen: 0K->0K(54272K)] [ParOldGen: 411153K->72209K(466432K)] 411153K->72209K(520704K), [Metaspace: 2796K->2796K(1056768K)], 0.0062695 secs] [Times: user=0.00 sys=0.00, real=0.01 secs] 
98.067: [GC (Allocation Failure) [PSYoungGen: 44019K->0K(54272K)] 218629K->189969K(520704K), 0.0015363 secs] [Times: user=0.00 sys=0.00, real=0.00 secs] 
99.044: [GC (Allocation Failure) [PSYoungGen: 49140K->0K(54272K)] 392709K->348689K(520704K), 0.0008082 secs] [Times: user=0.00 sys=0.00, real=0.00 secs] 
99.589: [GC (Allocation Failure) [PSYoungGen: 36852K->0K(54272K)] 385542K->364049K(520704K), 0.0016265 secs] [Times: user=0.00 sys=0.00, real=0.00 secs] 
99.808: [GC (Allocation Failure) [PSYoungGen: 21483K->0K(54272K)] 436732K->415249K(520704K), 0.0013427 secs] [Times: user=0.00 sys=0.00, real=0.00 secs] 
99.810: [GC (Allocation Failure) [PSYoungGen: 0K->0K(54272K)] 415249K->415249K(520704K), 0.0014753 secs] [Times: user=0.00 sys=0.00, real=0.00 secs] 
99.811: [Full GC (Allocation Failure) [PSYoungGen: 0K->0K(54272K)] [ParOldGen: 415249K->133649K(466432K)] 415249K->133649K(520704K), [Metaspace: 2796K->2796K(1056768K)], 0.0096627 secs] [Times: user=0.00 sys=0.00, real=0.01 secs] 
101.023: [GC (Allocation Failure) [PSYoungGen: 36843K->0K(54272K)] 272892K->251409K(520704K), 0.0014263 secs] [Times: user=0.00 sys=0.00, real=0.00 secs] 
102.113: [GC (Allocation Failure) [PSYoungGen: 49135K->1024K(54272K)] 454144K->411153K(520704K), 0.0012823 secs] [Times: user=0.00 sys=0.00, real=0.00 secs] 
102.660: [Full GC (Ergonomics) [PSYoungGen: 48113K->0K(54272K)] [ParOldGen: 461329K->62993K(466432K)] 509442K->62993K(520704K), [Metaspace: 2796K->2796K(1056768K)], 0.0058065 secs] [Times: user=0.00 sys=0.00, real=0.01 secs] 
104.544: [GC (Allocation Failure) [PSYoungGen: 50163K->0K(54272K)] 215556K->175633K(520704K), 0.0009315 secs] [Times: user=0.00 sys=0.00, real=0.00 secs] 
105.307: [GC (Allocation Failure) [PSYoungGen: 47092K->0K(54272K)] 222725K->196113K(520704K), 0.0014807 secs] [Times: user=0.00 sys=0.00, real=0.00 secs] 
106.400: [GC (Allocation Failure) [PSYoungGen: 49133K->0K(54272K)] 398846K->359953K(520704K), 0.0010530 secs] [Times: user=0.08 sys=0.00, real=0.00 secs] 
106.944: [GC (Allocation Failure) [PSYoungGen: 47088K->0K(54272K)] 458241K->431633K(520704K), 0.0020414 secs] [Times: user=0.00 sys=0.00, real=0.00 secs] 
106.946: [Full GC (Ergonomics) [PSYoungGen: 0K->0K(54272K)] [ParOldGen: 431633K->92689K(466432K)] 431633K->92689K(520704K), [Metaspace: 2796K->2796K(1056768K)], 0.0076691 secs] [Times: user=0.09 sys=0.00, real=0.01 secs] 
108.822: [GC (Allocation Failure) [PSYoungGen: 46066K->0K(54272K)] 394755K->353809K(520704K), 0.0009052 secs] [Times: user=0.02 sys=0.00, real=0.00 secs] 
109.581: [GC (Allocation Failure) [PSYoungGen: 47091K->0K(54272K)] 400900K->369169K(520704K), 0.0014202 secs] [Times: user=0.00 sys=0.00, real=0.00 secs] 
109.800: [GC (Allocation Failure) [PSYoungGen: 21484K->0K(54272K)] 441854K->420369K(520704K), 0.0009368 secs] [Times: user=0.00 sys=0.00, real=0.00 secs] 
109.801: [Full GC (Ergonomics) [PSYoungGen: 0K->0K(54272K)] [ParOldGen: 420369K->108049K(466432K)] 420369K->108049K(520704K), [Metaspace: 2796K->2796K(1056768K)], 0.0084653 secs] [Times: user=0.00 sys=0.00, real=0.01 secs] 
110.907: [GC (Allocation Failure) [PSYoungGen: 44012K->0K(54272K)] 254462K->225809K(520704K), 0.0014766 secs] [Times: user=0.00 sys=0.00, real=0.00 secs] 
112.216: [GC (Allocation Failure) [PSYoungGen: 42991K->0K(54272K)] 422401K->389649K(520704K), 0.0010721 secs] [Times: user=0.00 sys=0.00, real=0.00 secs] 
112.653: [Full GC (Ergonomics) [PSYoungGen: 41969K->0K(54272K)] [ParOldGen: 440849K->56849K(466432K)] 482819K->56849K(520704K), [Metaspace: 2796K->2796K(1056768K)], 0.0058651 secs] [Times: user=0.00 sys=0.00, real=0.01 secs] 
113.740: [GC (Allocation Failure) [PSYoungGen: 44019K->1024K(54272K)] 203268K->180753K(520704K), 0.0014145 secs] [Times: user=0.00 sys=0.00, real=0.00 secs] 
114.725: [GC (Allocation Failure) [PSYoungGen: 50164K->1024K(54272K)] 383493K->344593K(520704K), 0.0011576 secs] [Times: user=0.00 sys=0.00, real=0.00 secs] 
116.031: [GC (Allocation Failure) [PSYoungGen: 48116K->0K(54272K)] 391686K->353809K(520704K), 0.0011013 secs] [Times: user=0.00 sys=0.00, real=0.00 secs] 
116.683: [GC (Allocation Failure) [PSYoungGen: 41965K->0K(54272K)] 395775K->364049K(520704K), 0.0013338 secs] [Times: user=0.00 sys=0.00, real=0.00 secs] 
116.902: [GC (Allocation Failure) [PSYoungGen: 21479K->0K(54272K)] 436729K->435729K(520704K), 0.0020236 secs] [Times: user=0.00 sys=0.00, real=0.00 secs] 
116.904: [Full GC (Ergonomics) [PSYoungGen: 0K->0K(54272K)] [ParOldGen: 435729K->77329K(466432K)] 435729K->77329K(520704K), [Metaspace: 2796K->2796K(1056768K)], 0.0064160 secs] [Times: user=0.00 sys=0.00, real=0.01 secs] 
118.004: [GC (Allocation Failure) [PSYoungGen: 44008K->0K(54272K)] 223737K->195089K(520704K), 0.0014434 secs] [Times: user=0.00 sys=0.00, real=0.00 secs] 
118.988: [GC (Allocation Failure) [PSYoungGen: 49132K->0K(54272K)] 397822K->353809K(520704K), 0.0009516 secs] [Times: user=0.00 sys=0.00, real=0.00 secs] 
119.748: [GC (Allocation Failure) [PSYoungGen: 6127K->0K(54272K)] 411137K->405009K(520704K), 0.0008572 secs] [Times: user=0.00 sys=0.00, real=0.00 secs] 
119.749: [GC (Allocation Failure) [PSYoungGen: 0K->0K(54272K)] 405009K->405009K(520704K), 0.0008577 secs] [Times: user=0.00 sys=0.00, real=0.00 secs] 
119.750: [Full GC (Allocation Failure) [PSYoungGen: 0K->0K(54272K)] [ParOldGen: 405009K->51729K(466432K)] 405009K->51729K(520704K), [Metaspace: 2796K->2796K(1056768K)], 0.0053738 secs] [Times: user=0.00 sys=0.00, real=0.01 secs] 
120.858: [GC (Allocation Failure) [PSYoungGen: 44016K->0K(54272K)] 198145K->169489K(520704K), 0.0015025 secs] [Times: user=0.00 sys=0.00, real=0.00 secs] 
121.837: [GC (Allocation Failure) [PSYoungGen: 49138K->1024K(54272K)] 372227K->329233K(520704K), 0.0008282 secs] [Times: user=0.00 sys=0.00, real=0.00 secs] 
122.385: [GC (Allocation Failure) [PSYoungGen: 37875K->1024K(54272K)] 366084K->344593K(520704K), 0.0015517 secs] [Times: user=0.00 sys=0.00, real=0.00 secs] 
122.604: [GC (Allocation Failure) [PSYoungGen: 22506K->1024K(54272K)] 417275K->395793K(520704K), 0.0009428 secs] [Times: user=0.00 sys=0.00, real=0.00 secs] 
122.605: [GC (Allocation Failure) [PSYoungGen: 1024K->1024K(54272K)] 395793K->395793K(520704K), 0.0009719 secs] [Times: user=0.01 sys=0.00, real=0.00 secs] 
122.606: [Full GC (Allocation Failure) [PSYoungGen: 1024K->0K(54272K)] [ParOldGen: 394769K->165393K(466432K)] 395793K->165393K(520704K), [Metaspace: 2796K->2796K(1056768K)], 0.0122741 secs] [Times: user=0.00 sys=0.00, real=0.01 secs] 
124.256: [Full GC (Ergonomics) [PSYoungGen: 50154K->0K(54272K)] [ParOldGen: 421393K->12288K(466432K)] 471548K->12288K(520704K), [Metaspace: 2796K->2796K(1056768K)], 0.0025854 secs] [Times: user=0.00 sys=0.00, real=0.00 secs] 
125.130: [GC (Allocation Failure) [PSYoungGen: 42990K->0K(54272K)] 55278K->27648K(520704K), 0.0016553 secs] [Times: user=0.00 sys=0.00, real=0.00 secs] 
126.108: [GC (Allocation Failure) [PSYoungGen: 49128K->0K(54272K)] 230376K->201728K(520704K), 0.0017303 secs] [Times: user=0.00 sys=0.00, real=0.00 secs] 
126.654: [GC (Allocation Failure) [PSYoungGen: 36845K->0K(54272K)] 238573K->211968K(520704K), 0.0014415 secs] [Times: user=0.00 sys=0.00, real=0.00 secs] 
127.854: [GC (Allocation Failure) [PSYoungGen: 47078K->0K(54272K)] 259046K->222208K(520704K), 0.0010991 secs] [Times: user=0.00 sys=0.00, real=0.00 secs] 
128.727: [GC (Allocation Failure) [PSYoungGen: 49124K->0K(54272K)] 424932K->380928K(520704K), 0.0014478 secs] [Times: user=0.00 sys=0.00, real=0.00 secs] 
129.492: [GC (Allocation Failure) [PSYoungGen: 47082K->0K(54272K)] 428010K->396288K(520704K), 0.0017800 secs] [Times: user=0.00 sys=0.00, real=0.00 secs] 
129.710: [Full GC (Ergonomics) [PSYoungGen: 21478K->0K(54272K)] [ParOldGen: 447488K->113169K(466432K)] 468967K->113169K(520704K), [Metaspace: 2796K->2796K(1056768K)], 0.0088839 secs] [Times: user=0.02 sys=0.00, real=0.01 secs] 
131.799: [GC (Allocation Failure) [PSYoungGen: 46055K->1024K(54272K)] 364024K->324113K(520704K), 0.0008564 secs] [Times: user=0.00 sys=0.00, real=0.00 secs] 
132.347: [GC (Allocation Failure) [PSYoungGen: 37868K->1024K(54272K)] 360957K->339473K(520704K), 0.0014438 secs] [Times: user=0.00 sys=0.00, real=0.00 secs] 
132.566: [GC (Allocation Failure) [PSYoungGen: 22501K->1024K(54272K)] 412151K->390673K(520704K), 0.0008039 secs] [Times: user=0.00 sys=0.00, real=0.00 secs] 
132.567: [GC (Allocation Failure) [PSYoungGen: 1024K->1024K(54272K)] 390673K->390673K(520704K), 0.0007547 secs] [Times: user=0.00 sys=0.00, real=0.00 secs] 
132.568: [Full GC (Allocation Failure) [PSYoungGen: 1024K->0K(54272K)] [ParOldGen: 389649K->57873K(466432K)] 390673K->57873K(520704K), [Metaspace: 2796K->2796K(1056768K)], 0.0052028 secs] [Times: user=0.00 sys=0.00, real=0.00 secs] 
133.660: [GC (Allocation Failure) [PSYoungGen: 44006K->1024K(54272K)] 204279K->181777K(520704K), 0.0016071 secs] [Times: user=0.00 sys=0.00, real=0.00 secs] 
135.088: [GC (Allocation Failure) [PSYoungGen: 50155K->0K(54272K)] 384509K->344593K(520704K), 0.0013677 secs] [Times: user=0.03 sys=0.00, real=0.00 secs] 
135.415: [GC (Allocation Failure) [PSYoungGen: 31727K->0K(54272K)] 427520K->406033K(520704K), 0.0013731 secs] [Times: user=0.00 sys=0.00, real=0.00 secs] 
135.417: [GC (Allocation Failure) [PSYoungGen: 0K->0K(54272K)] 406033K->406033K(520704K), 0.0010261 secs] [Times: user=0.00 sys=0.00, real=0.00 secs] 
135.418: [Full GC (Allocation Failure) [PSYoungGen: 0K->0K(54272K)] [ParOldGen: 406033K->61969K(466432K)] 406033K->61969K(520704K), [Metaspace: 2796K->2796K(1056768K)], 0.0058104 secs] [Times: user=0.00 sys=0.00, real=0.01 secs] 
136.521: [GC (Allocation Failure) [PSYoungGen: 44017K->0K(54272K)] 208386K->179729K(520704K), 0.0013201 secs] [Times: user=0.00 sys=0.00, real=0.00 secs] 
137.504: [GC (Allocation Failure) [PSYoungGen: 49139K->0K(54272K)] 382468K->364049K(520704K), 0.0024444 secs] [Times: user=0.00 sys=0.00, real=0.00 secs] 
138.054: [GC (Allocation Failure) [PSYoungGen: 36851K->0K(54272K)] 400901K->374289K(520704K), 0.0012531 secs] [Times: user=0.00 sys=0.00, real=0.00 secs] 
139.257: [Full GC (Ergonomics) [PSYoungGen: 41962K->0K(54272K)] [ParOldGen: 425489K->11264K(466432K)] 467452K->11264K(520704K), [Metaspace: 2796K->2796K(1056768K)], 0.0027873 secs] [Times: user=0.00 sys=0.00, real=0.00 secs] 
140.137: [GC (Allocation Failure) [PSYoungGen: 49134K->0K(54272K)] 213998K->169984K(520704K), 0.0008903 secs] [Times: user=0.00 sys=0.00, real=0.00 secs] 
140.905: [GC (Allocation Failure) [PSYoungGen: 47089K->0K(54272K)] 217073K->185344K(520704K), 0.0015101 secs] [Times: user=0.00 sys=0.00, real=0.00 secs] 
142.002: [GC (Allocation Failure) [PSYoungGen: 49131K->1024K(54272K)] 388075K->345088K(520704K), 0.0011160 secs] [Times: user=0.00 sys=0.00, real=0.00 secs] 
143.642: [GC (Allocation Failure) [PSYoungGen: 50159K->1024K(54272K)] 394223K->365568K(520704K), 0.0017812 secs] [Times: user=0.00 sys=0.00, real=0.00 secs] 
143.967: [GC (Allocation Failure) [PSYoungGen: 32746K->1024K(54272K)] 448490K->416768K(520704K), 0.0011876 secs] [Times: user=0.00 sys=0.00, real=0.00 secs] 
143.969: [GC (Allocation Failure) [PSYoungGen: 1024K->1024K(54272K)] 416768K->416768K(520704K), 0.0010788 secs] [Times: user=0.00 sys=0.00, real=0.00 secs] 
143.970: [Full GC (Allocation Failure) [PSYoungGen: 1024K->0K(54272K)] [ParOldGen: 415744K->62993K(466432K)] 416768K->62993K(520704K), [Metaspace: 2796K->2796K(1056768K)], 0.0056835 secs] [Times: user=0.00 sys=0.00, real=0.01 secs] 
145.073: [GC (Allocation Failure) [PSYoungGen: 44014K->0K(54272K)] 209407K->180753K(520704K), 0.0015524 secs] [Times: user=0.00 sys=0.00, real=0.00 secs] 
146.493: [GC (Allocation Failure) [PSYoungGen: 44016K->0K(54272K)] 378370K->339473K(520704K), 0.0010437 secs] [Times: user=0.00 sys=0.00, real=0.00 secs] 
146.821: [GC (Allocation Failure) [PSYoungGen: 31730K->0K(54272K)] 422404K->411153K(520704K), 0.0021313 secs] [Times: user=0.00 sys=0.00, real=0.00 secs] 
146.823: [GC (Allocation Failure) [PSYoungGen: 0K->0K(54272K)] 411153K->411153K(520704K), 0.0007641 secs] [Times: user=0.00 sys=0.00, real=0.00 secs] 
146.824: [Full GC (Allocation Failure) [PSYoungGen: 0K->0K(54272K)] [ParOldGen: 411153K->72209K(466432K)] 411153K->72209K(520704K), [Metaspace: 2796K->2796K(1056768K)], 0.0065073 secs] [Times: user=0.00 sys=0.00, real=0.01 secs] 
147.930: [GC (Allocation Failure) [PSYoungGen: 44019K->0K(54272K)] 218629K->189969K(520704K), 0.0015344 secs] [Times: user=0.00 sys=0.00, real=0.00 secs] 
148.916: [GC (Allocation Failure) [PSYoungGen: 49140K->0K(54272K)] 392709K->348689K(520704K), 0.0009187 secs] [Times: user=0.00 sys=0.00, real=0.00 secs] 
149.465: [GC (Allocation Failure) [PSYoungGen: 36852K->0K(54272K)] 385542K->364049K(520704K), 0.0016960 secs] [Times: user=0.00 sys=0.00, real=0.00 secs] 
149.683: [GC (Allocation Failure) [PSYoungGen: 21483K->0K(54272K)] 436732K->415249K(520704K), 0.0009859 secs] [Times: user=0.00 sys=0.00, real=0.00 secs] 
149.684: [GC (Allocation Failure) [PSYoungGen: 0K->0K(54272K)] 415249K->415249K(520704K), 0.0009466 secs] [Times: user=0.00 sys=0.00, real=0.00 secs] 
149.685: [Full GC (Allocation Failure) [PSYoungGen: 0K->0K(54272K)] [ParOldGen: 415249K->133649K(466432K)] 415249K->133649K(520704K), [Metaspace: 2796K->2796K(1056768K)], 0.0098271 secs] [Times: user=0.00 sys=0.00, real=0.01 secs] 
150.900: [GC (Allocation Failure) [PSYoungGen: 36843K->0K(54272K)] 272892K->251409K(520704K), 0.0013518 secs] [Times: user=0.00 sys=0.00, real=0.00 secs] 
151.996: [GC (Allocation Failure) [PSYoungGen: 49135K->1024K(54272K)] 454144K->411153K(520704K), 0.0013212 secs] [Times: user=0.00 sys=0.00, real=0.00 secs] 
152.541: [Full GC (Ergonomics) [PSYoungGen: 48113K->0K(54272K)] [ParOldGen: 461329K->62993K(466432K)] 509442K->62993K(520704K), [Metaspace: 2796K->2796K(1056768K)], 0.0064857 secs] [Times: user=0.00 sys=0.00, real=0.01 secs] 
154.411: [GC (Allocation Failure) [PSYoungGen: 50163K->0K(54272K)] 215556K->175633K(520704K), 0.0008946 secs] [Times: user=0.00 sys=0.00, real=0.00 secs] 
155.180: [GC (Allocation Failure) [PSYoungGen: 47092K->0K(54272K)] 222725K->196113K(520704K), 0.0016433 secs] [Times: user=0.00 sys=0.00, real=0.00 secs] 
156.272: [GC (Allocation Failure) [PSYoungGen: 49133K->0K(54272K)] 398846K->359953K(520704K), 0.0010776 secs] [Times: user=0.00 sys=0.00, real=0.00 secs] 
156.817: [GC (Allocation Failure) [PSYoungGen: 47088K->0K(54272K)] 458241K->431633K(520704K), 0.0022505 secs] [Times: user=0.00 sys=0.00, real=0.00 secs] 
156.819: [Full GC (Ergonomics) [PSYoungGen: 0K->0K(54272K)] [ParOldGen: 431633K->92689K(466432K)] 431633K->92689K(520704K), [Metaspace: 2796K->2796K(1056768K)], 0.0075324 secs] [Times: user=0.00 sys=0.00, real=0.01 secs] 
158.690: [GC (Allocation Failure) [PSYoungGen: 46066K->0K(54272K)] 394755K->353809K(520704K), 0.0010522 secs] [Times: user=0.00 sys=0.00, real=0.00 secs] 
159.454: [GC (Allocation Failure) [PSYoungGen: 47091K->0K(54272K)] 400900K->369169K(520704K), 0.0015465 secs] [Times: user=0.00 sys=0.00, real=0.00 secs] 
159.672: [GC (Allocation Failure) [PSYoungGen: 21484K->0K(54272K)] 441854K->420369K(520704K), 0.0011918 secs] [Times: user=0.00 sys=0.00, real=0.00 secs] 
159.674: [Full GC (Ergonomics) [PSYoungGen: 0K->0K(54272K)] [ParOldGen: 420369K->108049K(466432K)] 420369K->108049K(520704K), [Metaspace: 2796K->2796K(1056768K)], 0.0084744 secs] [Times: user=0.00 sys=0.00, real=0.01 secs] 
160.785: [GC (Allocation Failure) [PSYoungGen: 44012K->0K(54272K)] 254462K->225809K(520704K), 0.0013640 secs] [Times: user=0.00 sys=0.00, real=0.00 secs] 
162.100: [GC (Allocation Failure) [PSYoungGen: 42991K->0K(54272K)] 422401K->389649K(520704K), 0.0011956 secs] [Times: user=0.00 sys=0.00, real=0.00 secs] 
162.534: [Full GC (Ergonomics) [PSYoungGen: 41969K->0K(54272K)] [ParOldGen: 440849K->56849K(466432K)] 482819K->56849K(520704K), [Metaspace: 2796K->2796K(1056768K)], 0.0056559 secs] [Times: user=0.00 sys=0.00, real=0.00 secs] 
163.641: [GC (Allocation Failure) [PSYoungGen: 44019K->1024K(54272K)] 203268K->180753K(520704K), 0.0013294 secs] [Times: user=0.00 sys=0.00, real=0.00 secs] 
164.620: [GC (Allocation Failure) [PSYoungGen: 50164K->1024K(54272K)] 383493K->344593K(520704K), 0.0011258 secs] [Times: user=0.00 sys=0.00, real=0.00 secs] 
165.932: [GC (Allocation Failure) [PSYoungGen: 48116K->0K(54272K)] 391686K->353809K(520704K), 0.0010377 secs] [Times: user=0.00 sys=0.00, real=0.00 secs] 
166.583: [GC (Allocation Failure) [PSYoungGen: 41965K->0K(54272K)] 395775K->364049K(520704K), 0.0011270 secs] [Times: user=0.00 sys=0.00, real=0.00 secs] 
166.804: [GC (Allocation Failure) [PSYoungGen: 21479K->0K(54272K)] 436729K->435729K(520704K), 0.0020249 secs] [Times: user=0.00 sys=0.00, real=0.00 secs] 
166.806: [Full GC (Ergonomics) [PSYoungGen: 0K->0K(54272K)] [ParOldGen: 435729K->77329K(466432K)] 435729K->77329K(520704K), [Metaspace: 2796K->2796K(1056768K)], 0.0064998 secs] [Times: user=0.00 sys=0.00, real=0.01 secs] 
167.911: [GC (Allocation Failure) [PSYoungGen: 44008K->0K(54272K)] 223737K->195089K(520704K), 0.0014803 secs] [Times: user=0.00 sys=0.00, real=0.00 secs] 
168.893: [GC (Allocation Failure) [PSYoungGen: 49132K->0K(54272K)] 397822K->353809K(520704K), 0.0008439 secs] [Times: user=0.00 sys=0.00, real=0.00 secs] 
169.656: [GC (Allocation Failure) [PSYoungGen: 6127K->0K(54272K)] 411137K->405009K(520704K), 0.0009396 secs] [Times: user=0.00 sys=0.00, real=0.00 secs] 
169.656: [GC (Allocation Failure) [PSYoungGen: 0K->0K(54272K)] 405009K->405009K(520704K), 0.0009156 secs] [Times: user=0.00 sys=0.00, real=0.00 secs] 
169.657: [Full GC (Allocation Failure) [PSYoungGen: 0K->0K(54272K)] [ParOldGen: 405009K->51729K(466432K)] 405009K->51729K(520704K), [Metaspace: 2796K->2796K(1056768K)], 0.0049749 secs] [Times: user=0.00 sys=0.00, real=0.00 secs] 
170.764: [GC (Allocation Failure) [PSYoungGen: 44016K->0K(54272K)] 198145K->169489K(520704K), 0.0013002 secs] [Times: user=0.00 sys=0.00, real=0.00 secs] 
171.749: [GC (Allocation Failure) [PSYoungGen: 49138K->1024K(54272K)] 372227K->329233K(520704K), 0.0010107 secs] [Times: user=0.00 sys=0.00, real=0.00 secs] 
172.297: [GC (Allocation Failure) [PSYoungGen: 37875K->1024K(54272K)] 366084K->344593K(520704K), 0.0014817 secs] [Times: user=0.00 sys=0.00, real=0.00 secs] 
172.517: [GC (Allocation Failure) [PSYoungGen: 22506K->1024K(54272K)] 417275K->395793K(520704K), 0.0009285 secs] [Times: user=0.00 sys=0.00, real=0.00 secs] 
172.518: [GC (Allocation Failure) [PSYoungGen: 1024K->1024K(54272K)] 395793K->395793K(520704K), 0.0012318 secs] [Times: user=0.00 sys=0.00, real=0.00 secs] 
172.520: [Full GC (Allocation Failure) [PSYoungGen: 1024K->0K(54272K)] [ParOldGen: 394769K->165393K(466432K)] 395793K->165393K(520704K), [Metaspace: 2796K->2796K(1056768K)], 0.0123226 secs] [Times: user=0.00 sys=0.00, real=0.01 secs] 
174.170: [Full GC (Ergonomics) [PSYoungGen: 50154K->0K(54272K)] [ParOldGen: 421393K->12288K(466432K)] 471548K->12288K(520704K), [Metaspace: 2796K->2796K(1056768K)], 0.0027951 secs] [Times: user=0.00 sys=0.00, real=0.00 secs] 
175.044: [GC (Allocation Failure) [PSYoungGen: 42990K->0K(54272K)] 55278K->27648K(520704K), 0.0014454 secs] [Times: user=0.00 sys=0.00, real=0.00 secs] 
176.025: [GC (Allocation Failure) [PSYoungGen: 49128K->0K(54272K)] 230376K->201728K(520704K), 0.0016898 secs] [Times: user=0.00 sys=0.00, real=0.00 secs] 
176.568: [GC (Allocation Failure) [PSYoungGen: 36845K->0K(54272K)] 238573K->211968K(520704K), 0.0012783 secs] [Times: user=0.00 sys=0.00, real=0.00 secs] 
177.771: [GC (Allocation Failure) [PSYoungGen: 47078K->0K(54272K)] 259046K->222208K(520704K), 0.0012522 secs] [Times: user=0.00 sys=0.00, real=0.00 secs] 
178.645: [GC (Allocation Failure) [PSYoungGen: 49124K->0K(54272K)] 424932K->380928K(520704K), 0.0016348 secs] [Times: user=0.00 sys=0.00, real=0.00 secs] 
179.407: [GC (Allocation Failure) [PSYoungGen: 47082K->0K(54272K)] 428010K->396288K(520704K), 0.0017335 secs] [Times: user=0.00 sys=0.00, real=0.00 secs] 
179.624: [Full GC (Ergonomics) [PSYoungGen: 21478K->0K(54272K)] [ParOldGen: 447488K->113169K(466432K)] 468967K->113169K(520704K), [Metaspace: 2796K->2796K(1056768K)], 0.0085071 secs] [Times: user=0.00 sys=0.00, real=0.01 secs] 
181.711: [GC (Allocation Failure) [PSYoungGen: 46055K->1024K(54272K)] 364024K->324113K(520704K), 0.0008959 secs] [Times: user=0.00 sys=0.00, real=0.00 secs] 
182.259: [GC (Allocation Failure) [PSYoungGen: 37868K->1024K(54272K)] 360957K->339473K(520704K), 0.0015147 secs] [Times: user=0.00 sys=0.00, real=0.00 secs] 
182.479: [GC (Allocation Failure) [PSYoungGen: 22501K->1024K(54272K)] 412151K->390673K(520704K), 0.0009859 secs] [Times: user=0.00 sys=0.00, real=0.00 secs] 
182.480: [GC (Allocation Failure) [PSYoungGen: 1024K->1024K(54272K)] 390673K->390673K(520704K), 0.0007866 secs] [Times: user=0.00 sys=0.00, real=0.00 secs] 
182.481: [Full GC (Allocation Failure) [PSYoungGen: 1024K->0K(54272K)] [ParOldGen: 389649K->57873K(466432K)] 390673K->57873K(520704K), [Metaspace: 2796K->2796K(1056768K)], 0.0049562 secs] [Times: user=0.00 sys=0.00, real=0.01 secs] 
183.585: [GC (Allocation Failure) [PSYoungGen: 44006K->1024K(54272K)] 204279K->181777K(520704K), 0.0013495 secs] [Times: user=0.00 sys=0.00, real=0.00 secs] 
185.004: [GC (Allocation Failure) [PSYoungGen: 50155K->0K(54272K)] 384509K->344593K(520704K), 0.0013440 secs] [Times: user=0.00 sys=0.00, real=0.00 secs] 
185.332: [GC (Allocation Failure) [PSYoungGen: 31727K->0K(54272K)] 427520K->406033K(520704K), 0.0013032 secs] [Times: user=0.00 sys=0.00, real=0.00 secs] 
185.334: [GC (Allocation Failure) [PSYoungGen: 0K->0K(54272K)] 406033K->406033K(520704K), 0.0011270 secs] [Times: user=0.00 sys=0.00, real=0.00 secs] 
185.335: [Full GC (Allocation Failure) [PSYoungGen: 0K->0K(54272K)] [ParOldGen: 406033K->61969K(466432K)] 406033K->61969K(520704K), [Metaspace: 2796K->2796K(1056768K)], 0.0058552 secs] [Times: user=0.00 sys=0.00, real=0.01 secs] 
186.439: [GC (Allocation Failure) [PSYoungGen: 44017K->0K(54272K)] 208386K->179729K(520704K), 0.0013033 secs] [Times: user=0.00 sys=0.00, real=0.00 secs] 
187.421: [GC (Allocation Failure) [PSYoungGen: 49139K->0K(54272K)] 382468K->364049K(520704K), 0.0024978 secs] [Times: user=0.00 sys=0.00, real=0.00 secs] 
187.968: [GC (Allocation Failure) [PSYoungGen: 36851K->0K(54272K)] 400901K->374289K(520704K), 0.0014651 secs] [Times: user=0.00 sys=0.00, real=0.00 secs] 
189.169: [Full GC (Ergonomics) [PSYoungGen: 41962K->0K(54272K)] [ParOldGen: 425489K->11264K(466432K)] 467452K->11264K(520704K), [Metaspace: 2796K->2796K(1056768K)], 0.0026283 secs] [Times: user=0.00 sys=0.00, real=0.00 secs] 
190.045: [GC (Allocation Failure) [PSYoungGen: 49134K->0K(54272K)] 213998K->169984K(520704K), 0.0009452 secs] [Times: user=0.00 sys=0.00, real=0.00 secs] 
190.806: [GC (Allocation Failure) [PSYoungGen: 47089K->0K(54272K)] 217073K->185344K(520704K), 0.0015271 secs] [Times: user=0.00 sys=0.00, real=0.00 secs] 
191.894: [GC (Allocation Failure) [PSYoungGen: 49131K->1056K(54272K)] 388075K->345120K(520704K), 0.0013132 secs] [Times: user=0.00 sys=0.00, real=0.00 secs] 
193.531: [GC (Allocation Failure) [PSYoungGen: 50191K->1056K(54272K)] 394255K->365600K(520704K), 0.0018486 secs] [Times: user=0.00 sys=0.00, real=0.00 secs] 
193.856: [GC (Allocation Failure) [PSYoungGen: 32778K->1056K(54272K)] 448522K->416800K(520704K), 0.0011835 secs] [Times: user=0.00 sys=0.00, real=0.00 secs] 
193.858: [GC (Allocation Failure) [PSYoungGen: 1056K->1056K(54272K)] 416800K->416800K(520704K), 0.0009369 secs] [Times: user=0.00 sys=0.00, real=0.00 secs] 
193.859: [Full GC (Allocation Failure) [PSYoungGen: 1056K->0K(54272K)] [ParOldGen: 415744K->62993K(466432K)] 416800K->62993K(520704K), [Metaspace: 2796K->2796K(1056768K)], 0.0055632 secs] [Times: user=0.00 sys=0.00, real=0.01 secs] 
194.971: [GC (Allocation Failure) [PSYoungGen: 44014K->64K(54272K)] 209407K->180817K(520704K), 0.0015454 secs] [Times: user=0.00 sys=0.00, real=0.00 secs] 
196.391: [GC (Allocation Failure) [PSYoungGen: 44080K->32K(54272K)] 378434K->339505K(520704K), 0.0009128 secs] [Times: user=0.00 sys=0.00, real=0.00 secs] 
196.718: [GC (Allocation Failure) [PSYoungGen: 31762K->64K(54272K)] 422436K->411217K(520704K), 0.0019691 secs] [Times: user=0.00 sys=0.00, real=0.00 secs] 
196.720: [GC (Allocation Failure) [PSYoungGen: 64K->32K(54272K)] 411217K->411185K(520704K), 0.0008047 secs] [Times: user=0.00 sys=0.00, real=0.00 secs] 
196.721: [Full GC (Allocation Failure) [PSYoungGen: 32K->0K(54272K)] [ParOldGen: 411153K->72209K(466432K)] 411185K->72209K(520704K), [Metaspace: 2796K->2796K(1056768K)], 0.0064335 secs] [Times: user=0.00 sys=0.00, real=0.01 secs] 
197.824: [GC (Allocation Failure) [PSYoungGen: 44019K->0K(54272K)] 218629K->189969K(520704K), 0.0014756 secs] [Times: user=0.00 sys=0.00, real=0.00 secs] 
198.806: [GC (Allocation Failure) [PSYoungGen: 49140K->0K(54272K)] 392710K->348689K(520704K), 0.0010738 secs] [Times: user=0.03 sys=0.00, real=0.00 secs] 
199.352: [GC (Allocation Failure) [PSYoungGen: 36852K->0K(54272K)] 385542K->364049K(520704K), 0.0015715 secs] [Times: user=0.00 sys=0.00, real=0.00 secs] 
199.569: [GC (Allocation Failure) [PSYoungGen: 21483K->0K(54272K)] 436733K->415249K(520704K), 0.0010179 secs] [Times: user=0.00 sys=0.00, real=0.00 secs] 
199.570: [GC (Allocation Failure) [PSYoungGen: 0K->0K(54272K)] 415249K->415249K(520704K), 0.0012370 secs] [Times: user=0.00 sys=0.00, real=0.00 secs] 
199.571: [Full GC (Allocation Failure) [PSYoungGen: 0K->0K(54272K)] [ParOldGen: 415249K->133649K(466432K)] 415249K->133649K(520704K), [Metaspace: 2796K->2796K(1056768K)], 0.0099771 secs] [Times: user=0.09 sys=0.00, real=0.01 secs] 
200.784: [GC (Allocation Failure) [PSYoungGen: 36843K->0K(54272K)] 272893K->251409K(520704K), 0.0015645 secs] [Times: user=0.00 sys=0.00, real=0.00 secs] 
201.877: [GC (Allocation Failure) [PSYoungGen: 49135K->1024K(54272K)] 454145K->411153K(520704K), 0.0011371 secs] [Times: user=0.00 sys=0.00, real=0.00 secs] 
202.425: [Full GC (Ergonomics) [PSYoungGen: 48113K->0K(54272K)] [ParOldGen: 461329K->62993K(466432K)] 509443K->62993K(520704K), [Metaspace: 2796K->2796K(1056768K)], 0.0058987 secs] [Times: user=0.00 sys=0.00, real=0.01 secs] 
204.284: [GC (Allocation Failure) [PSYoungGen: 50163K->0K(54272K)] 215556K->175633K(520704K), 0.0007679 secs] [Times: user=0.00 sys=0.00, real=0.00 secs] 
205.051: [GC (Allocation Failure) [PSYoungGen: 47092K->0K(54272K)] 222725K->196113K(520704K), 0.0014755 secs] [Times: user=0.00 sys=0.00, real=0.00 secs] 
206.143: [GC (Allocation Failure) [PSYoungGen: 49133K->0K(54272K)] 398847K->359953K(520704K), 0.0010125 secs] [Times: user=0.00 sys=0.00, real=0.00 secs] 
206.688: [GC (Allocation Failure) [PSYoungGen: 47088K->0K(54272K)] 458242K->431633K(520704K), 0.0021441 secs] [Times: user=0.00 sys=0.00, real=0.00 secs] 
206.690: [Full GC (Ergonomics) [PSYoungGen: 0K->0K(54272K)] [ParOldGen: 431633K->92689K(466432K)] 431633K->92689K(520704K), [Metaspace: 2796K->2796K(1056768K)], 0.0076000 secs] [Times: user=0.00 sys=0.00, real=0.01 secs] 
208.558: [GC (Allocation Failure) [PSYoungGen: 46066K->0K(54272K)] 394756K->353809K(520704K), 0.0009352 secs] [Times: user=0.00 sys=0.00, real=0.00 secs] 
209.322: [GC (Allocation Failure) [PSYoungGen: 47091K->0K(54272K)] 400901K->369169K(520704K), 0.0013828 secs] [Times: user=0.00 sys=0.00, real=0.00 secs] 
209.541: [GC (Allocation Failure) [PSYoungGen: 21484K->0K(54272K)] 441854K->420369K(520704K), 0.0012045 secs] [Times: user=0.00 sys=0.00, real=0.00 secs] 
209.543: [Full GC (Ergonomics) [PSYoungGen: 0K->0K(54272K)] [ParOldGen: 420369K->108049K(466432K)] 420369K->108049K(520704K), [Metaspace: 2796K->2796K(1056768K)], 0.0092546 secs] [Times: user=0.00 sys=0.00, real=0.01 secs] 
210.651: [GC (Allocation Failure) [PSYoungGen: 44012K->0K(54272K)] 254462K->225809K(520704K), 0.0014685 secs] [Times: user=0.00 sys=0.00, real=0.00 secs] 
211.960: [GC (Allocation Failure) [PSYoungGen: 42991K->0K(54272K)] 422401K->389649K(520704K), 0.0010363 secs] [Times: user=0.00 sys=0.00, real=0.00 secs] 
212.395: [Full GC (Ergonomics) [PSYoungGen: 41969K->0K(54272K)] [ParOldGen: 440849K->56849K(466432K)] 482819K->56849K(520704K), [Metaspace: 2796K->2796K(1056768K)], 0.0056728 secs] [Times: user=0.00 sys=0.00, real=0.00 secs] 
213.489: [GC (Allocation Failure) [PSYoungGen: 44019K->1024K(54272K)] 203269K->180753K(520704K), 0.0013932 secs] [Times: user=0.00 sys=0.00, real=0.00 secs] 
214.472: [GC (Allocation Failure) [PSYoungGen: 50164K->1024K(54272K)] 383494K->344593K(520704K), 0.0011795 secs] [Times: user=0.00 sys=0.00, real=0.00 secs] 
215.781: [GC (Allocation Failure) [PSYoungGen: 48116K->0K(54272K)] 391686K->353809K(520704K), 0.0009886 secs] [Times: user=0.00 sys=0.00, real=0.00 secs] 
216.436: [GC (Allocation Failure) [PSYoungGen: 41965K->0K(54272K)] 395775K->364049K(520704K), 0.0013668 secs] [Times: user=0.00 sys=0.00, real=0.00 secs] 
216.653: [GC (Allocation Failure) [PSYoungGen: 21479K->0K(54272K)] 436729K->435729K(520704K), 0.0019551 secs] [Times: user=0.00 sys=0.00, real=0.00 secs] 
216.655: [Full GC (Ergonomics) [PSYoungGen: 0K->0K(54272K)] [ParOldGen: 435729K->77329K(466432K)] 435729K->77329K(520704K), [Metaspace: 2796K->2796K(1056768K)], 0.0063559 secs] [Times: user=0.00 sys=0.00, real=0.01 secs] 
217.760: [GC (Allocation Failure) [PSYoungGen: 44008K->0K(54272K)] 223737K->195089K(520704K), 0.0014213 secs] [Times: user=0.00 sys=0.00, real=0.00 secs] 
218.739: [GC (Allocation Failure) [PSYoungGen: 49132K->0K(54272K)] 397822K->353809K(520704K), 0.0009312 secs] [Times: user=0.00 sys=0.00, real=0.00 secs] 
Heap
 PSYoungGen      total 54272K, used 7142K [0x00000000fc780000, 0x0000000100000000, 0x0000000100000000)
  eden space 50688K, 14% used [0x00000000fc780000,0x00000000fce79830,0x00000000ff900000)
  from space 3584K, 0% used [0x00000000ff900000,0x00000000ff900000,0x00000000ffc80000)
  to   space 3584K, 0% used [0x00000000ffc80000,0x00000000ffc80000,0x0000000100000000)
 ParOldGen       total 466432K, used 353809K [0x00000000e0000000, 0x00000000fc780000, 0x00000000fc780000)
  object space 466432K, 75% used [0x00000000e0000000,0x00000000f5984770,0x00000000fc780000)
 Metaspace       used 2804K, capacity 4486K, committed 4864K, reserved 1056768K
  class space    used 297K, capacity 386K, committed 512K, reserved 1048576K
