Java HotSpot(TM) 64-Bit Server VM (25.411-b09) for windows-amd64 JRE (1.8.0_411-b09), built on Mar 13 2024 07:26:13 by "java_re" with MS VC++ 17.1 (VS2022)
Memory: 4k page, physical 33403376k(14392532k free), swap 37876016k(5968136k free)
CommandLine flags: -XX:InitialHeapSize=1073741824 -XX:MaxHeapSize=1073741824 -XX:NewRatio=6 -XX:ParallelGCThreads=6 -XX:+PrintGC -XX:+PrintGCDetails -XX:+PrintGCTimeStamps -XX:-UseAdaptiveSizePolicy -XX:+UseCompressedClassPointers -XX:+UseCompressedOops -XX:-UseLargePagesIndividualAllocation -XX:+UseParallelGC 
1.271: [GC (Allocation Failure) [PSYoungGen: 77209K->5840K(131072K)] 77209K->26328K(1030144K), 0.0078492 secs] [Times: user=0.00 sys=0.00, real=0.01 secs] 
2.629: [GC (Allocation Failure) [PSYoungGen: 110427K->17040K(131072K)] 233315K->145056K(1030144K), 0.0045577 secs] [Times: user=0.00 sys=0.00, real=0.00 secs] 
3.859: [GC (Allocation Failure) [PSYoungGen: 121650K->13024K(131072K)] 352066K->243440K(1030144K), 0.0023838 secs] [Times: user=0.02 sys=0.00, real=0.00 secs] 
5.597: [GC (Allocation Failure) [PSYoungGen: 97169K->15992K(131072K)] 327585K->266888K(1030144K), 0.0158312 secs] [Times: user=0.00 sys=0.00, real=0.01 secs] 
6.953: [GC (Allocation Failure) [PSYoungGen: 120625K->15944K(131072K)] 473921K->384600K(1030144K), 0.0051810 secs] [Times: user=0.00 sys=0.00, real=0.00 secs] 
8.513: [GC (Allocation Failure) [PSYoungGen: 126830K->568K(131072K)] 597886K->492112K(1030144K), 0.0160964 secs] [Times: user=0.00 sys=0.02, real=0.02 secs] 
9.868: [GC (Allocation Failure) [PSYoungGen: 105212K->15960K(131072K)] 699156K->661104K(1030144K), 0.0160396 secs] [Times: user=0.00 sys=0.00, real=0.02 secs] 
11.121: [GC (Allocation Failure) [PSYoungGen: 120607K->15960K(131072K)] 868151K->763504K(1030144K), 0.0018940 secs] [Times: user=0.00 sys=0.00, real=0.00 secs] 
12.576: [Full GC (Ergonomics) [PSYoungGen: 120609K->0K(131072K)] [ParOldGen: 849944K->6159K(899072K)] 970553K->6159K(1030144K), [Metaspace: 2761K->2761K(1056768K)], 0.0143996 secs] [Times: user=0.01 sys=0.00, real=0.01 secs] 
13.685: [GC (Allocation Failure) [PSYoungGen: 110502K->6208K(131072K)] 219062K->114775K(1030144K), 0.0008956 secs] [Times: user=0.00 sys=0.00, real=0.00 secs] 
14.774: [GC (Allocation Failure) [PSYoungGen: 115979K->12320K(131072K)] 326947K->223287K(1030144K), 0.0014407 secs] [Times: user=0.00 sys=0.00, real=0.00 secs] 
17.064: [GC (Allocation Failure) [PSYoungGen: 116972K->15392K(131072K)] 327939K->226359K(1030144K), 0.0016075 secs] [Times: user=0.00 sys=0.00, real=0.00 secs] 
18.262: [GC (Allocation Failure) [PSYoungGen: 120042K->15392K(131072K)] 433410K->349239K(1030144K), 0.0028853 secs] [Times: user=0.00 sys=0.00, real=0.00 secs] 
19.351: [GC (Allocation Failure) [PSYoungGen: 125163K->15392K(131072K)] 561411K->502839K(1030144K), 0.0058404 secs] [Times: user=0.00 sys=0.00, real=0.00 secs] 
21.309: [GC (Allocation Failure) [PSYoungGen: 125164K->15392K(131072K)] 715011K->605239K(1030144K), 0.0016344 secs] [Times: user=0.00 sys=0.00, real=0.00 secs] 
22.503: [GC (Allocation Failure) [PSYoungGen: 120044K->16416K(131072K)] 812292K->708663K(1030144K), 0.0018090 secs] [Times: user=0.00 sys=0.00, real=0.00 secs] 
24.025: [GC (Allocation Failure) [PSYoungGen: 126188K->10272K(131072K)] 920836K->815159K(1030144K), 0.0018312 secs] [Times: user=0.00 sys=0.00, real=0.00 secs] 
24.355: [GC (Allocation Failure) [PSYoungGen: 94444K->32K(131072K)] 899332K->856119K(1030144K), 0.0057285 secs] [Times: user=0.00 sys=0.00, real=0.00 secs] 
24.361: [Full GC (Ergonomics) [PSYoungGen: 32K->0K(131072K)] [ParOldGen: 856087K->61969K(899072K)] 856119K->61969K(1030144K), [Metaspace: 2779K->2779K(1056768K)], 0.0068764 secs] [Times: user=0.00 sys=0.00, real=0.01 secs] 
24.807: [GC (Allocation Failure) [PSYoungGen: 109770K->10240K(131072K)] 171739K->72209K(1030144K), 0.0007940 secs] [Times: user=0.00 sys=0.00, real=0.00 secs] 
25.673: [GC (Allocation Failure) [PSYoungGen: 79035K->15360K(131072K)] 141004K->97809K(1030144K), 0.0030140 secs] [Times: user=0.00 sys=0.00, real=0.00 secs] 
26.980: [GC (Allocation Failure) [PSYoungGen: 119999K->15360K(131072K)] 304848K->215569K(1030144K), 0.0021425 secs] [Times: user=0.00 sys=0.00, real=0.00 secs] 
28.506: [GC (Allocation Failure) [PSYoungGen: 105120K->5152K(131072K)] 305329K->225849K(1030144K), 0.0023457 secs] [Times: user=0.00 sys=0.00, real=0.00 secs] 
29.818: [GC (Allocation Failure) [PSYoungGen: 109793K->15392K(131072K)] 432890K->394809K(1030144K), 0.0060128 secs] [Times: user=0.00 sys=0.00, real=0.00 secs] 
32.000: [GC (Allocation Failure) [PSYoungGen: 127205K->6176K(131072K)] 711422K->590393K(1030144K), 0.0012345 secs] [Times: user=0.00 sys=0.00, real=0.00 secs] 
32.764: [GC (Allocation Failure) [PSYoungGen: 69864K->6176K(131072K)] 654081K->610873K(1030144K), 0.0025725 secs] [Times: user=0.00 sys=0.00, real=0.00 secs] 
34.074: [GC (Allocation Failure) [PSYoungGen: 110823K->17440K(131072K)] 817920K->734777K(1030144K), 0.0021246 secs] [Times: user=0.00 sys=0.00, real=0.00 secs] 
35.490: [GC (Allocation Failure) [PSYoungGen: 116969K->10272K(131072K)] 936706K->840249K(1030144K), 0.0017534 secs] [Times: user=0.00 sys=0.00, real=0.00 secs] 
35.710: [GC (Allocation Failure) [PSYoungGen: 84202K->10272K(131072K)] 914179K->891449K(1030144K), 0.0153321 secs] [Times: user=0.00 sys=0.00, real=0.01 secs] 
35.725: [Full GC (Ergonomics) [PSYoungGen: 10272K->0K(131072K)] [ParOldGen: 881177K->61969K(899072K)] 891449K->61969K(1030144K), [Metaspace: 2793K->2793K(1056768K)], 0.0064871 secs] [Times: user=0.00 sys=0.00, real=0.01 secs] 
36.176: [GC (Allocation Failure) [PSYoungGen: 109769K->5120K(131072K)] 171738K->67089K(1030144K), 0.0008014 secs] [Times: user=0.00 sys=0.00, real=0.00 secs] 
37.052: [GC (Allocation Failure) [PSYoungGen: 73914K->5120K(131072K)] 135883K->108049K(1030144K), 0.0024928 secs] [Times: user=0.00 sys=0.00, real=0.00 secs] 
38.362: [GC (Allocation Failure) [PSYoungGen: 109758K->15360K(131072K)] 315088K->225809K(1030144K), 0.0017819 secs] [Times: user=0.00 sys=0.00, real=0.00 secs] 
39.673: [GC (Allocation Failure) [PSYoungGen: 120003K->15360K(131072K)] 330453K->225809K(1030144K), 0.0014791 secs] [Times: user=0.00 sys=0.00, real=0.00 secs] 
40.873: [GC (Allocation Failure) [PSYoungGen: 125125K->15360K(131072K)] 437974K->328209K(1030144K), 0.0011669 secs] [Times: user=0.00 sys=0.00, real=0.00 secs] 
41.964: [GC (Allocation Failure) [PSYoungGen: 125128K->16384K(131072K)] 540377K->431633K(1030144K), 0.0016068 secs] [Times: user=0.00 sys=0.00, real=0.00 secs] 
44.146: [GC (Allocation Failure) [PSYoungGen: 110793K->11264K(131072K)] 526043K->446993K(1030144K), 0.0026713 secs] [Times: user=0.00 sys=0.00, real=0.00 secs] 
45.456: [GC (Allocation Failure) [PSYoungGen: 115913K->16384K(131072K)] 654042K->574993K(1030144K), 0.0024739 secs] [Times: user=0.00 sys=0.00, real=0.00 secs] 
46.871: [GC (Allocation Failure) [PSYoungGen: 110794K->10240K(131072K)] 771804K->671249K(1030144K), 0.0012633 secs] [Times: user=0.00 sys=0.00, real=0.00 secs] 
48.072: [GC (Allocation Failure) [PSYoungGen: 114891K->10240K(131072K)] 878300K->794129K(1030144K), 0.0028602 secs] [Times: user=0.00 sys=0.00, real=0.00 secs] 
49.162: [Full GC (Ergonomics) [PSYoungGen: 120011K->0K(131072K)] [ParOldGen: 886289K->82449K(899072K)] 1006301K->82449K(1030144K), [Metaspace: 2795K->2795K(1056768K)], 0.0079234 secs] [Times: user=0.00 sys=0.00, real=0.01 secs] 
50.587: [GC (Allocation Failure) [PSYoungGen: 109772K->0K(131072K)] 294621K->184849K(1030144K), 0.0005509 secs] [Times: user=0.00 sys=0.00, real=0.00 secs] 
51.676: [GC (Allocation Failure) [PSYoungGen: 109772K->7168K(131072K)] 397021K->294417K(1030144K), 0.0009519 secs] [Times: user=0.00 sys=0.00, real=0.00 secs] 
52.662: [GC (Allocation Failure) [PSYoungGen: 81100K->11264K(131072K)] 368350K->318993K(1030144K), 0.0028705 secs] [Times: user=0.00 sys=0.00, real=0.00 secs] 
54.848: [GC (Allocation Failure) [PSYoungGen: 122058K->10240K(131072K)] 532188K->420369K(1030144K), 0.0011499 secs] [Times: user=0.00 sys=0.00, real=0.00 secs] 
55.940: [GC (Allocation Failure) [PSYoungGen: 120011K->16384K(131072K)] 632540K->528913K(1030144K), 0.0017605 secs] [Times: user=0.00 sys=0.00, real=0.00 secs] 
56.918: [GC (Allocation Failure) [PSYoungGen: 90316K->15360K(131072K)] 602845K->573969K(1030144K), 0.0035448 secs] [Times: user=0.00 sys=0.00, real=0.00 secs] 
58.334: [GC (Allocation Failure) [PSYoungGen: 104650K->0K(131072K)] 765659K->681489K(1030144K), 0.0022813 secs] [Times: user=0.00 sys=0.00, real=0.00 secs] 
59.644: [GC (Allocation Failure) [PSYoungGen: 104651K->15360K(131072K)] 888540K->850449K(1030144K), 0.0055462 secs] [Times: user=0.00 sys=0.00, real=0.00 secs] 
59.650: [Full GC (Ergonomics) [PSYoungGen: 15360K->0K(131072K)] [ParOldGen: 835089K->67089K(899072K)] 850449K->67089K(1030144K), [Metaspace: 2796K->2796K(1056768K)], 0.0064555 secs] [Times: user=0.00 sys=0.00, real=0.01 secs] 
60.859: [GC (Allocation Failure) [PSYoungGen: 104651K->10240K(131072K)] 274141K->179729K(1030144K), 0.0010325 secs] [Times: user=0.00 sys=0.00, real=0.00 secs] 
62.275: [GC (Allocation Failure) [PSYoungGen: 114892K->10240K(131072K)] 386781K->282129K(1030144K), 0.0010643 secs] [Times: user=0.00 sys=0.00, real=0.00 secs] 
63.365: [GC (Allocation Failure) [PSYoungGen: 120012K->11264K(131072K)] 494301K->385553K(1030144K), 0.0014158 secs] [Times: user=0.00 sys=0.00, real=0.00 secs] 
64.460: [GC (Allocation Failure) [PSYoungGen: 121036K->17408K(131072K)] 597726K->494097K(1030144K), 0.0016771 secs] [Times: user=0.00 sys=0.00, real=0.00 secs] 
66.749: [GC (Allocation Failure) [PSYoungGen: 122060K->15360K(131072K)] 598750K->492049K(1030144K), 0.0017405 secs] [Times: user=0.00 sys=0.00, real=0.00 secs] 
67.951: [GC (Allocation Failure) [PSYoungGen: 120011K->15360K(131072K)] 699100K->614929K(1030144K), 0.0030752 secs] [Times: user=0.00 sys=0.00, real=0.00 secs] 
69.043: [GC (Allocation Failure) [PSYoungGen: 125131K->15360K(131072K)] 827101K->768529K(1030144K), 0.0051625 secs] [Times: user=0.00 sys=0.00, real=0.01 secs] 
71.003: [Full GC (Ergonomics) [PSYoungGen: 125132K->0K(131072K)] [ParOldGen: 855569K->118289K(899072K)] 980701K->118289K(1030144K), [Metaspace: 2796K->2796K(1056768K)], 0.0097563 secs] [Times: user=0.00 sys=0.00, real=0.01 secs] 
72.214: [GC (Allocation Failure) [PSYoungGen: 104652K->11264K(131072K)] 325341K->231953K(1030144K), 0.0011105 secs] [Times: user=0.00 sys=0.00, real=0.00 secs] 
73.740: [GC (Allocation Failure) [PSYoungGen: 121036K->10240K(131072K)] 444126K->343569K(1030144K), 0.0016405 secs] [Times: user=0.00 sys=0.00, real=0.00 secs] 
74.941: [GC (Allocation Failure) [PSYoungGen: 120012K->10240K(131072K)] 555742K->445969K(1030144K), 0.0013569 secs] [Times: user=0.00 sys=0.00, real=0.00 secs] 
76.035: [GC (Allocation Failure) [PSYoungGen: 120012K->15360K(131072K)] 658142K->563729K(1030144K), 0.0022990 secs] [Times: user=0.00 sys=0.00, real=0.00 secs] 
78.110: [GC (Allocation Failure) [PSYoungGen: 125132K->15360K(131072K)] 673502K->563729K(1030144K), 0.0015145 secs] [Times: user=0.01 sys=0.00, real=0.00 secs] 
79.310: [GC (Allocation Failure) [PSYoungGen: 120011K->15360K(131072K)] 770780K->717329K(1030144K), 0.0055968 secs] [Times: user=0.02 sys=0.00, real=0.01 secs] 
80.398: [GC (Allocation Failure) [PSYoungGen: 125131K->15360K(131072K)] 929501K->819729K(1030144K), 0.0014583 secs] [Times: user=0.00 sys=0.00, real=0.00 secs] 
81.160: [GC (Allocation Failure) [PSYoungGen: 27852K->5120K(131072K)] 832221K->809489K(1030144K), 0.0012315 secs] [Times: user=0.00 sys=0.00, real=0.00 secs] 
81.593: [GC (Allocation Failure) [PSYoungGen: 114892K->6144K(131072K)] 919261K->810513K(1030144K), 0.0015625 secs] [Times: user=0.00 sys=0.00, real=0.00 secs] 
82.469: [GC (Allocation Failure) [PSYoungGen: 74940K->6144K(131072K)] 879309K->830993K(1030144K), 0.0025255 secs] [Times: user=0.02 sys=0.00, real=0.00 secs] 
82.577: [GC (Allocation Failure) [PSYoungGen: 59583K->6144K(131072K)] 884433K->882193K(1030144K), 0.0051243 secs] [Times: user=0.00 sys=0.00, real=0.01 secs] 
82.582: [Full GC (Ergonomics) [PSYoungGen: 6144K->0K(131072K)] [ParOldGen: 876049K->57873K(899072K)] 882193K->57873K(1030144K), [Metaspace: 2796K->2796K(1056768K)], 0.0063965 secs] [Times: user=0.00 sys=0.00, real=0.01 secs] 
83.026: [GC (Allocation Failure) [PSYoungGen: 109759K->6144K(131072K)] 167633K->64017K(1030144K), 0.0008730 secs] [Times: user=0.00 sys=0.00, real=0.00 secs] 
83.902: [GC (Allocation Failure) [PSYoungGen: 74932K->11264K(131072K)] 132805K->89617K(1030144K), 0.0024421 secs] [Times: user=0.00 sys=0.00, real=0.00 secs] 
85.321: [GC (Allocation Failure) [PSYoungGen: 110778K->10240K(131072K)] 291532K->211473K(1030144K), 0.0024816 secs] [Times: user=0.00 sys=0.00, real=0.00 secs] 
86.632: [GC (Allocation Failure) [PSYoungGen: 114881K->15360K(131072K)] 418514K->329233K(1030144K), 0.0021048 secs] [Times: user=0.00 sys=0.00, real=0.00 secs] 
87.833: [GC (Allocation Failure) [PSYoungGen: 120005K->15360K(131072K)] 536278K->452113K(1030144K), 0.0030746 secs] [Times: user=0.00 sys=0.00, real=0.00 secs] 
89.142: [GC (Allocation Failure) [PSYoungGen: 125128K->10240K(131072K)] 561881K->446993K(1030144K), 0.0011802 secs] [Times: user=0.00 sys=0.00, real=0.00 secs] 
90.233: [GC (Allocation Failure) [PSYoungGen: 120008K->10240K(131072K)] 659161K->549393K(1030144K), 0.0010818 secs] [Times: user=0.00 sys=0.00, real=0.00 secs] 
90.998: [GC (Allocation Failure) [PSYoungGen: 73929K->10240K(131072K)] 613083K->569873K(1030144K), 0.0024957 secs] [Times: user=0.00 sys=0.00, real=0.00 secs] 
93.402: [GC (Allocation Failure) [PSYoungGen: 122056K->6144K(131072K)] 784090K->668177K(1030144K), 0.0012627 secs] [Times: user=0.00 sys=0.00, real=0.00 secs] 
94.493: [GC (Allocation Failure) [PSYoungGen: 115914K->11264K(131072K)] 880347K->785937K(1030144K), 0.0020428 secs] [Times: user=0.00 sys=0.00, real=0.00 secs] 
95.259: [GC (Allocation Failure) [PSYoungGen: 74955K->16384K(131072K)] 849628K->811537K(1030144K), 0.0028043 secs] [Times: user=0.00 sys=0.00, real=0.00 secs] 
96.678: [Full GC (Ergonomics) [PSYoungGen: 110793K->0K(131072K)] [ParOldGen: 897553K->21504K(899072K)] 1008346K->21504K(1030144K), [Metaspace: 2796K->2796K(1056768K)], 0.0042205 secs] [Times: user=0.00 sys=0.00, real=0.00 secs] 
97.989: [GC (Allocation Failure) [PSYoungGen: 104650K->15360K(131072K)] 228554K->139264K(1030144K), 0.0014767 secs] [Times: user=0.00 sys=0.00, real=0.00 secs] 
99.191: [GC (Allocation Failure) [PSYoungGen: 120011K->15360K(131072K)] 346315K->292864K(1030144K), 0.0052341 secs] [Times: user=0.00 sys=0.00, real=0.01 secs] 
100.610: [GC (Allocation Failure) [PSYoungGen: 125131K->10240K(131072K)] 505036K->390144K(1030144K), 0.0012018 secs] [Times: user=0.00 sys=0.00, real=0.00 secs] 
101.697: [GC (Allocation Failure) [PSYoungGen: 120012K->11264K(131072K)] 602316K->493568K(1030144K), 0.0013150 secs] [Times: user=0.00 sys=0.00, real=0.00 secs] 
102.789: [GC (Allocation Failure) [PSYoungGen: 121036K->12288K(131072K)] 705740K->596992K(1030144K), 0.0017105 secs] [Times: user=0.00 sys=0.00, real=0.00 secs] 
105.080: [GC (Allocation Failure) [PSYoungGen: 106700K->15360K(131072K)] 691404K->610304K(1030144K), 0.0021759 secs] [Times: user=0.00 sys=0.00, real=0.00 secs] 
106.283: [GC (Allocation Failure) [PSYoungGen: 120011K->15360K(131072K)] 817355K->712704K(1030144K), 0.0019820 secs] [Times: user=0.00 sys=0.00, real=0.00 secs] 
107.919: [GC (Allocation Failure) [PSYoungGen: 125131K->5120K(131072K)] 924875K->804864K(1030144K), 0.0021228 secs] [Times: user=0.00 sys=0.00, real=0.00 secs] 
108.138: [GC (Allocation Failure) --[PSYoungGen: 79052K->79052K(131072K)] 878796K->929996K(1030144K), 0.0055940 secs] [Times: user=0.00 sys=0.00, real=0.00 secs] 
108.144: [Full GC (Ergonomics) [PSYoungGen: 79052K->0K(131072K)] [ParOldGen: 850944K->52224K(899072K)] 929996K->52224K(1030144K), [Metaspace: 2796K->2796K(1056768K)], 0.0058704 secs] [Times: user=0.00 sys=0.00, real=0.01 secs] 
108.590: [GC (Allocation Failure) [PSYoungGen: 109770K->5120K(131072K)] 161994K->57344K(1030144K), 0.0008539 secs] [Times: user=0.00 sys=0.00, real=0.00 secs] 
109.463: [GC (Allocation Failure) [PSYoungGen: 73915K->5120K(131072K)] 126139K->77824K(1030144K), 0.0024942 secs] [Times: user=0.00 sys=0.00, real=0.00 secs] 
110.773: [GC (Allocation Failure) [PSYoungGen: 109759K->15360K(131072K)] 284863K->195584K(1030144K), 0.0018182 secs] [Times: user=0.00 sys=0.00, real=0.00 secs] 
112.195: [GC (Allocation Failure) [PSYoungGen: 120003K->15360K(131072K)] 402628K->297984K(1030144K), 0.0016295 secs] [Times: user=0.00 sys=0.00, real=0.00 secs] 
113.399: [GC (Allocation Failure) [PSYoungGen: 120007K->11264K(131072K)] 505031K->396288K(1030144K), 0.0017788 secs] [Times: user=0.00 sys=0.00, real=0.00 secs] 
114.491: [GC (Allocation Failure) [PSYoungGen: 121033K->16384K(131072K)] 608457K->514048K(1030144K), 0.0021115 secs] [Times: user=0.00 sys=0.00, real=0.00 secs] 
116.563: [GC (Allocation Failure) [PSYoungGen: 126154K->5120K(131072K)] 623818K->543744K(1030144K), 0.0030532 secs] [Times: user=0.02 sys=0.00, real=0.00 secs] 
117.872: [GC (Allocation Failure) [PSYoungGen: 109769K->15360K(131072K)] 750794K->661504K(1030144K), 0.0024008 secs] [Times: user=0.00 sys=0.00, real=0.00 secs] 
119.399: [GC (Allocation Failure) [PSYoungGen: 109770K->5120K(131072K)] 858315K->753664K(1030144K), 0.0021786 secs] [Times: user=0.00 sys=0.00, real=0.00 secs] 
120.708: [Full GC (Ergonomics) [PSYoungGen: 109771K->0K(131072K)] [ParOldGen: 850944K->118289K(899072K)] 960715K->118289K(1030144K), [Metaspace: 2796K->2796K(1056768K)], 0.0099868 secs] [Times: user=0.00 sys=0.00, real=0.01 secs] 
121.923: [GC (Allocation Failure) [PSYoungGen: 104652K->11264K(131072K)] 325341K->231953K(1030144K), 0.0010156 secs] [Times: user=0.00 sys=0.00, real=0.00 secs] 
123.444: [GC (Allocation Failure) [PSYoungGen: 121036K->10240K(131072K)] 444125K->343569K(1030144K), 0.0013271 secs] [Times: user=0.00 sys=0.00, real=0.00 secs] 
124.644: [GC (Allocation Failure) [PSYoungGen: 120012K->10240K(131072K)] 555742K->445969K(1030144K), 0.0011216 secs] [Times: user=0.00 sys=0.00, real=0.00 secs] 
125.732: [GC (Allocation Failure) [PSYoungGen: 120012K->15360K(131072K)] 658142K->563729K(1030144K), 0.0020780 secs] [Times: user=0.00 sys=0.00, real=0.00 secs] 
127.804: [GC (Allocation Failure) [PSYoungGen: 125132K->15360K(131072K)] 673502K->563729K(1030144K), 0.0015741 secs] [Times: user=0.00 sys=0.00, real=0.00 secs] 
129.005: [GC (Allocation Failure) [PSYoungGen: 120011K->15360K(131072K)] 770780K->717329K(1030144K), 0.0053039 secs] [Times: user=0.00 sys=0.00, real=0.01 secs] 
130.096: [GC (Allocation Failure) [PSYoungGen: 125131K->15360K(131072K)] 929501K->819729K(1030144K), 0.0019254 secs] [Times: user=0.00 sys=0.00, real=0.00 secs] 
130.860: [GC (Allocation Failure) [PSYoungGen: 27852K->5120K(131072K)] 832221K->809489K(1030144K), 0.0014729 secs] [Times: user=0.01 sys=0.00, real=0.00 secs] 
131.295: [GC (Allocation Failure) [PSYoungGen: 114892K->6144K(131072K)] 919261K->810513K(1030144K), 0.0016941 secs] [Times: user=0.00 sys=0.00, real=0.00 secs] 
132.167: [GC (Allocation Failure) [PSYoungGen: 74940K->6144K(131072K)] 879309K->830993K(1030144K), 0.0025232 secs] [Times: user=0.00 sys=0.00, real=0.00 secs] 
132.277: [GC (Allocation Failure) [PSYoungGen: 59583K->6144K(131072K)] 884433K->882193K(1030144K), 0.0048688 secs] [Times: user=0.00 sys=0.00, real=0.00 secs] 
132.282: [Full GC (Ergonomics) [PSYoungGen: 6144K->0K(131072K)] [ParOldGen: 876049K->57873K(899072K)] 882193K->57873K(1030144K), [Metaspace: 2796K->2796K(1056768K)], 0.0060524 secs] [Times: user=0.00 sys=0.00, real=0.01 secs] 
132.726: [GC (Allocation Failure) [PSYoungGen: 109759K->6144K(131072K)] 167633K->64017K(1030144K), 0.0009586 secs] [Times: user=0.00 sys=0.00, real=0.00 secs] 
133.599: [GC (Allocation Failure) [PSYoungGen: 74932K->11264K(131072K)] 132805K->89617K(1030144K), 0.0023515 secs] [Times: user=0.00 sys=0.00, real=0.00 secs] 
135.018: [GC (Allocation Failure) [PSYoungGen: 110778K->10240K(131072K)] 291532K->211473K(1030144K), 0.0026189 secs] [Times: user=0.00 sys=0.00, real=0.00 secs] 
136.329: [GC (Allocation Failure) [PSYoungGen: 114881K->15360K(131072K)] 418514K->329233K(1030144K), 0.0020174 secs] [Times: user=0.03 sys=0.00, real=0.00 secs] 
137.531: [GC (Allocation Failure) [PSYoungGen: 120005K->15360K(131072K)] 536278K->452113K(1030144K), 0.0032544 secs] [Times: user=0.00 sys=0.00, real=0.00 secs] 
138.841: [GC (Allocation Failure) [PSYoungGen: 125128K->10240K(131072K)] 561881K->446993K(1030144K), 0.0010091 secs] [Times: user=0.00 sys=0.00, real=0.00 secs] 
139.934: [GC (Allocation Failure) [PSYoungGen: 120008K->10240K(131072K)] 659161K->549393K(1030144K), 0.0013030 secs] [Times: user=0.00 sys=0.00, real=0.00 secs] 
140.697: [GC (Allocation Failure) [PSYoungGen: 73929K->10240K(131072K)] 613083K->569873K(1030144K), 0.0026955 secs] [Times: user=0.00 sys=0.00, real=0.00 secs] 
143.097: [GC (Allocation Failure) [PSYoungGen: 122056K->6144K(131072K)] 784090K->668177K(1030144K), 0.0010868 secs] [Times: user=0.00 sys=0.00, real=0.00 secs] 
144.193: [GC (Allocation Failure) [PSYoungGen: 115914K->11264K(131072K)] 880347K->785937K(1030144K), 0.0021014 secs] [Times: user=0.00 sys=0.00, real=0.00 secs] 
144.954: [GC (Allocation Failure) [PSYoungGen: 74955K->16384K(131072K)] 849628K->811537K(1030144K), 0.0028129 secs] [Times: user=0.00 sys=0.00, real=0.00 secs] 
146.371: [Full GC (Ergonomics) [PSYoungGen: 110793K->0K(131072K)] [ParOldGen: 897553K->21504K(899072K)] 1008346K->21504K(1030144K), [Metaspace: 2796K->2796K(1056768K)], 0.0040203 secs] [Times: user=0.00 sys=0.00, real=0.00 secs] 
147.679: [GC (Allocation Failure) [PSYoungGen: 104650K->15360K(131072K)] 228554K->139264K(1030144K), 0.0013713 secs] [Times: user=0.00 sys=0.00, real=0.00 secs] 
148.882: [GC (Allocation Failure) [PSYoungGen: 120011K->15360K(131072K)] 346315K->292864K(1030144K), 0.0054388 secs] [Times: user=0.00 sys=0.00, real=0.00 secs] 
150.300: [GC (Allocation Failure) [PSYoungGen: 125131K->10240K(131072K)] 505036K->390144K(1030144K), 0.0012268 secs] [Times: user=0.00 sys=0.00, real=0.00 secs] 
151.392: [GC (Allocation Failure) [PSYoungGen: 120012K->11264K(131072K)] 602316K->493568K(1030144K), 0.0014106 secs] [Times: user=0.00 sys=0.00, real=0.00 secs] 
152.482: [GC (Allocation Failure) [PSYoungGen: 121036K->13312K(131072K)] 705740K->598016K(1030144K), 0.0016174 secs] [Times: user=0.00 sys=0.00, real=0.00 secs] 
154.774: [GC (Allocation Failure) [PSYoungGen: 107724K->15360K(131072K)] 692428K->610304K(1030144K), 0.0021467 secs] [Times: user=0.00 sys=0.00, real=0.00 secs] 
155.974: [GC (Allocation Failure) [PSYoungGen: 120011K->15360K(131072K)] 817355K->722944K(1030144K), 0.0026093 secs] [Times: user=0.00 sys=0.00, real=0.00 secs] 
157.609: [GC (Allocation Failure) [PSYoungGen: 125131K->5120K(131072K)] 935115K->815104K(1030144K), 0.0015647 secs] [Times: user=0.00 sys=0.00, real=0.00 secs] 
157.828: [GC (Allocation Failure) --[PSYoungGen: 79052K->79052K(131072K)] 889036K->940236K(1030144K), 0.0053296 secs] [Times: user=0.02 sys=0.00, real=0.00 secs] 
157.834: [Full GC (Ergonomics) [PSYoungGen: 79052K->0K(131072K)] [ParOldGen: 861184K->52224K(899072K)] 940236K->52224K(1030144K), [Metaspace: 2796K->2796K(1056768K)], 0.0059339 secs] [Times: user=0.00 sys=0.00, real=0.00 secs] 
158.276: [GC (Allocation Failure) [PSYoungGen: 109770K->5120K(131072K)] 161994K->57344K(1030144K), 0.0009092 secs] [Times: user=0.00 sys=0.00, real=0.00 secs] 
159.150: [GC (Allocation Failure) [PSYoungGen: 73915K->5120K(131072K)] 126139K->77824K(1030144K), 0.0022315 secs] [Times: user=0.00 sys=0.00, real=0.00 secs] 
160.461: [GC (Allocation Failure) [PSYoungGen: 109759K->15360K(131072K)] 284863K->195584K(1030144K), 0.0018006 secs] [Times: user=0.00 sys=0.00, real=0.00 secs] 
161.876: [GC (Allocation Failure) [PSYoungGen: 120003K->15360K(131072K)] 402628K->297984K(1030144K), 0.0016684 secs] [Times: user=0.00 sys=0.00, real=0.00 secs] 
163.078: [GC (Allocation Failure) [PSYoungGen: 120007K->11264K(131072K)] 505031K->396288K(1030144K), 0.0012743 secs] [Times: user=0.00 sys=0.00, real=0.00 secs] 
164.169: [GC (Allocation Failure) [PSYoungGen: 121033K->16384K(131072K)] 608457K->514048K(1030144K), 0.0021890 secs] [Times: user=0.00 sys=0.00, real=0.00 secs] 
166.241: [GC (Allocation Failure) [PSYoungGen: 126154K->5120K(131072K)] 623818K->543744K(1030144K), 0.0031201 secs] [Times: user=0.00 sys=0.00, real=0.00 secs] 
167.550: [GC (Allocation Failure) [PSYoungGen: 109769K->15360K(131072K)] 750794K->661504K(1030144K), 0.0022258 secs] [Times: user=0.00 sys=0.00, real=0.00 secs] 
169.081: [GC (Allocation Failure) [PSYoungGen: 109770K->5120K(131072K)] 858315K->753664K(1030144K), 0.0014434 secs] [Times: user=0.00 sys=0.00, real=0.00 secs] 
170.389: [Full GC (Ergonomics) [PSYoungGen: 109771K->0K(131072K)] [ParOldGen: 850944K->118289K(899072K)] 960715K->118289K(1030144K), [Metaspace: 2796K->2796K(1056768K)], 0.0113069 secs] [Times: user=0.02 sys=0.00, real=0.01 secs] 
171.608: [GC (Allocation Failure) [PSYoungGen: 104652K->11264K(131072K)] 325341K->231953K(1030144K), 0.0009280 secs] [Times: user=0.00 sys=0.00, real=0.00 secs] 
173.140: [GC (Allocation Failure) [PSYoungGen: 121036K->10240K(131072K)] 444125K->343569K(1030144K), 0.0014493 secs] [Times: user=0.00 sys=0.00, real=0.00 secs] 
174.346: [GC (Allocation Failure) [PSYoungGen: 120012K->10240K(131072K)] 555742K->456209K(1030144K), 0.0020972 secs] [Times: user=0.00 sys=0.00, real=0.00 secs] 
175.436: [GC (Allocation Failure) [PSYoungGen: 120012K->15360K(131072K)] 668382K->573969K(1030144K), 0.0020001 secs] [Times: user=0.00 sys=0.00, real=0.00 secs] 
177.511: [GC (Allocation Failure) [PSYoungGen: 125132K->15360K(131072K)] 683742K->573969K(1030144K), 0.0016453 secs] [Times: user=0.00 sys=0.00, real=0.00 secs] 
178.711: [GC (Allocation Failure) [PSYoungGen: 120011K->15360K(131072K)] 781020K->727569K(1030144K), 0.0054073 secs] [Times: user=0.00 sys=0.00, real=0.00 secs] 
179.802: [GC (Allocation Failure) [PSYoungGen: 125131K->15360K(131072K)] 939741K->829969K(1030144K), 0.0016412 secs] [Times: user=0.00 sys=0.00, real=0.00 secs] 
180.565: [GC (Allocation Failure) [PSYoungGen: 27852K->5120K(131072K)] 842461K->819729K(1030144K), 0.0015754 secs] [Times: user=0.00 sys=0.00, real=0.00 secs] 
181.002: [GC (Allocation Failure) [PSYoungGen: 114892K->6144K(131072K)] 929501K->820753K(1030144K), 0.0012922 secs] [Times: user=0.00 sys=0.00, real=0.00 secs] 
181.872: [GC (Allocation Failure) [PSYoungGen: 74940K->6144K(131072K)] 889549K->841233K(1030144K), 0.0025526 secs] [Times: user=0.00 sys=0.00, real=0.00 secs] 
181.982: [GC (Allocation Failure) [PSYoungGen: 59583K->6144K(131072K)] 894673K->892433K(1030144K), 0.0047671 secs] [Times: user=0.02 sys=0.00, real=0.00 secs] 
181.987: [Full GC (Ergonomics) [PSYoungGen: 6144K->0K(131072K)] [ParOldGen: 886289K->57873K(899072K)] 892433K->57873K(1030144K), [Metaspace: 2796K->2796K(1056768K)], 0.0060301 secs] [Times: user=0.00 sys=0.00, real=0.01 secs] 
182.435: [GC (Allocation Failure) [PSYoungGen: 109759K->6144K(131072K)] 167633K->64017K(1030144K), 0.0008454 secs] [Times: user=0.00 sys=0.00, real=0.00 secs] 
183.308: [GC (Allocation Failure) [PSYoungGen: 74932K->11264K(131072K)] 132805K->89617K(1030144K), 0.0025329 secs] [Times: user=0.00 sys=0.00, real=0.00 secs] 
184.724: [GC (Allocation Failure) [PSYoungGen: 110778K->10240K(131072K)] 291532K->211473K(1030144K), 0.0030421 secs] [Times: user=0.00 sys=0.00, real=0.00 secs] 
186.032: [GC (Allocation Failure) [PSYoungGen: 114881K->15360K(131072K)] 418514K->329233K(1030144K), 0.0020561 secs] [Times: user=0.00 sys=0.00, real=0.00 secs] 
187.235: [GC (Allocation Failure) [PSYoungGen: 120005K->15360K(131072K)] 536278K->452113K(1030144K), 0.0029837 secs] [Times: user=0.00 sys=0.00, real=0.00 secs] 
188.540: [GC (Allocation Failure) [PSYoungGen: 125128K->10240K(131072K)] 561881K->446993K(1030144K), 0.0013498 secs] [Times: user=0.00 sys=0.00, real=0.00 secs] 
189.633: [GC (Allocation Failure) [PSYoungGen: 120008K->10240K(131072K)] 659161K->549393K(1030144K), 0.0011568 secs] [Times: user=0.00 sys=0.00, real=0.00 secs] 
190.396: [GC (Allocation Failure) [PSYoungGen: 73929K->10240K(131072K)] 613083K->569873K(1030144K), 0.0024523 secs] [Times: user=0.00 sys=0.00, real=0.00 secs] 
192.794: [GC (Allocation Failure) [PSYoungGen: 122056K->6176K(131072K)] 784090K->668209K(1030144K), 0.0013845 secs] [Times: user=0.00 sys=0.00, real=0.00 secs] 
193.884: [GC (Allocation Failure) [PSYoungGen: 115946K->11296K(131072K)] 880379K->785969K(1030144K), 0.0019065 secs] [Times: user=0.00 sys=0.00, real=0.00 secs] 
194.650: [GC (Allocation Failure) [PSYoungGen: 74987K->16416K(131072K)] 849660K->811569K(1030144K), 0.0030369 secs] [Times: user=0.00 sys=0.00, real=0.00 secs] 
196.071: [Full GC (Ergonomics) [PSYoungGen: 110825K->0K(131072K)] [ParOldGen: 897553K->21504K(899072K)] 1008378K->21504K(1030144K), [Metaspace: 2796K->2796K(1056768K)], 0.0040385 secs] [Times: user=0.00 sys=0.00, real=0.00 secs] 
197.382: [GC (Allocation Failure) [PSYoungGen: 104650K->15360K(131072K)] 228554K->139264K(1030144K), 0.0015936 secs] [Times: user=0.00 sys=0.00, real=0.00 secs] 
198.584: [GC (Allocation Failure) [PSYoungGen: 120011K->15360K(131072K)] 346315K->292864K(1030144K), 0.0051799 secs] [Times: user=0.00 sys=0.00, real=0.00 secs] 
200.002: [GC (Allocation Failure) [PSYoungGen: 125131K->10240K(131072K)] 505036K->390144K(1030144K), 0.0013462 secs] [Times: user=0.00 sys=0.00, real=0.00 secs] 
201.096: [GC (Allocation Failure) [PSYoungGen: 120012K->11264K(131072K)] 602316K->493568K(1030144K), 0.0012541 secs] [Times: user=0.00 sys=0.00, real=0.00 secs] 
202.184: [GC (Allocation Failure) [PSYoungGen: 121036K->12288K(131072K)] 705741K->596992K(1030144K), 0.0015500 secs] [Times: user=0.00 sys=0.00, real=0.00 secs] 
204.476: [GC (Allocation Failure) [PSYoungGen: 106700K->15360K(131072K)] 691405K->610304K(1030144K), 0.0022929 secs] [Times: user=0.00 sys=0.00, real=0.00 secs] 
205.679: [GC (Allocation Failure) [PSYoungGen: 120011K->15360K(131072K)] 817355K->712704K(1030144K), 0.0017558 secs] [Times: user=0.00 sys=0.00, real=0.00 secs] 
207.315: [GC (Allocation Failure) [PSYoungGen: 125131K->5120K(131072K)] 924876K->804864K(1030144K), 0.0015744 secs] [Times: user=0.00 sys=0.00, real=0.00 secs] 
207.534: [GC (Allocation Failure) --[PSYoungGen: 79052K->79052K(131072K)] 878796K->929996K(1030144K), 0.0053658 secs] [Times: user=0.00 sys=0.00, real=0.01 secs] 
207.540: [Full GC (Ergonomics) [PSYoungGen: 79052K->0K(131072K)] [ParOldGen: 850944K->52224K(899072K)] 929996K->52224K(1030144K), [Metaspace: 2796K->2796K(1056768K)], 0.0060981 secs] [Times: user=0.00 sys=0.00, real=0.01 secs] 
207.985: [GC (Allocation Failure) [PSYoungGen: 109770K->5120K(131072K)] 161994K->57344K(1030144K), 0.0006539 secs] [Times: user=0.00 sys=0.00, real=0.00 secs] 
208.857: [GC (Allocation Failure) [PSYoungGen: 73915K->5120K(131072K)] 126139K->77824K(1030144K), 0.0024448 secs] [Times: user=0.00 sys=0.00, real=0.00 secs] 
210.166: [GC (Allocation Failure) [PSYoungGen: 109759K->15360K(131072K)] 284863K->195584K(1030144K), 0.0019247 secs] [Times: user=0.00 sys=0.00, real=0.00 secs] 
211.583: [GC (Allocation Failure) [PSYoungGen: 120003K->15360K(131072K)] 402628K->297984K(1030144K), 0.0015866 secs] [Times: user=0.00 sys=0.00, real=0.00 secs] 
212.782: [GC (Allocation Failure) [PSYoungGen: 120007K->11264K(131072K)] 505031K->396288K(1030144K), 0.0013306 secs] [Times: user=0.02 sys=0.00, real=0.00 secs] 
213.876: [GC (Allocation Failure) [PSYoungGen: 121033K->16384K(131072K)] 608457K->514048K(1030144K), 0.0022231 secs] [Times: user=0.01 sys=0.00, real=0.00 secs] 
215.947: [GC (Allocation Failure) [PSYoungGen: 126154K->5120K(131072K)] 623819K->543744K(1030144K), 0.0030069 secs] [Times: user=0.00 sys=0.00, real=0.00 secs] 
217.255: [GC (Allocation Failure) [PSYoungGen: 109769K->15360K(131072K)] 750794K->661504K(1030144K), 0.0021095 secs] [Times: user=0.00 sys=0.00, real=0.00 secs] 
Heap
 PSYoungGen      total 131072K, used 112024K [0x00000000f6e00000, 0x0000000100000000, 0x0000000100000000)
  eden space 112640K, 85% used [0x00000000f6e00000,0x00000000fcc66060,0x00000000fdc00000)
  from space 18432K, 83% used [0x00000000fee00000,0x00000000ffd00020,0x0000000100000000)
  to   space 18432K, 0% used [0x00000000fdc00000,0x00000000fdc00000,0x00000000fee00000)
 ParOldGen       total 899072K, used 748544K [0x00000000c0000000, 0x00000000f6e00000, 0x00000000f6e00000)
  object space 899072K, 83% used [0x00000000c0000000,0x00000000edb00268,0x00000000f6e00000)
 Metaspace       used 2804K, capacity 4486K, committed 4864K, reserved 1056768K
  class space    used 297K, capacity 386K, committed 512K, reserved 1048576K
