Java HotSpot(TM) 64-Bit Server VM (25.411-b09) for windows-amd64 JRE (1.8.0_411-b09), built on Mar 13 2024 07:26:13 by "java_re" with MS VC++ 17.1 (VS2022)
Memory: 4k page, physical 33403376k(14707908k free), swap 38794768k(7463600k free)
CommandLine flags: -XX:InitialHeapSize=1073741824 -XX:MaxHeapSize=1073741824 -XX:NewRatio=8 -XX:ParallelGCThreads=6 -XX:+PrintGC -XX:+PrintGCDetails -XX:+PrintGCTimeStamps -XX:SurvivorRatio=11 -XX:-UseAdaptiveSizePolicy -XX:+UseCompressedClassPointers -XX:+UseCompressedOops -XX:-UseLargePagesIndividualAllocation -XX:+UseParallelGC 
2.071: [GC (Allocation Failure) [PSYoungGen: 94064K->6848K(107520K)] 247664K->165576K(1039872K), 0.0027150 secs] [Times: user=0.02 sys=0.00, real=0.00 secs] 
3.860: [GC (Allocation Failure) [PSYoungGen: 96888K->7816K(107520K)] 409216K->325264K(1039872K), 0.0028519 secs] [Times: user=0.00 sys=0.00, real=0.00 secs] 
6.316: [GC (Allocation Failure) [PSYoungGen: 104000K->5800K(107520K)] 575048K->497328K(1039872K), 0.0053021 secs] [Times: user=0.00 sys=0.00, real=0.01 secs] 
8.436: [GC (Allocation Failure) [PSYoungGen: 86588K->5688K(107520K)] 731716K->650824K(1039872K), 0.0019297 secs] [Times: user=0.00 sys=0.00, real=0.00 secs] 
9.445: [GC (Allocation Failure) [PSYoungGen: 100848K->5688K(107520K)] 848384K->809544K(1039872K), 0.0164125 secs] [Times: user=0.02 sys=0.00, real=0.02 secs] 
10.131: [GC (Allocation Failure) [PSYoungGen: 58864K->5752K(107520K)] 913920K->860808K(1039872K), 0.0022292 secs] [Times: user=0.00 sys=0.00, real=0.00 secs] 
10.133: [GC (Allocation Failure) [PSYoungGen: 5752K->5688K(107520K)] 860808K->860744K(1039872K), 0.0021388 secs] [Times: user=0.02 sys=0.00, real=0.00 secs] 
10.136: [Full GC (Allocation Failure) [PSYoungGen: 5688K->0K(107520K)] [ParOldGen: 855056K->108048K(932352K)] 860744K->108048K(1039872K), [Metaspace: 2761K->2761K(1056768K)], 0.0169520 secs] [Times: user=0.01 sys=0.00, real=0.02 secs] 
12.668: [GC (Allocation Failure) [PSYoungGen: 96184K->5120K(107520K)] 460233K->379408K(1039872K), 0.0014456 secs] [Times: user=0.00 sys=0.00, real=0.00 secs] 
13.540: [GC (Allocation Failure) [PSYoungGen: 100922K->6208K(107520K)] 577611K->488025K(1039872K), 0.0012853 secs] [Times: user=0.00 sys=0.00, real=0.00 secs] 
15.397: [GC (Allocation Failure) [PSYoungGen: 101368K->6208K(107520K)] 736785K->656993K(1039872K), 0.0020693 secs] [Times: user=0.00 sys=0.00, real=0.00 secs] 
17.580: [GC (Allocation Failure) [PSYoungGen: 101368K->6176K(107520K)] 905753K->831041K(1039872K), 0.0026093 secs] [Times: user=0.00 sys=0.00, real=0.00 secs] 
18.670: [Full GC (Ergonomics) [PSYoungGen: 79832K->0K(107520K)] [ParOldGen: 876065K->82449K(932352K)] 955897K->82449K(1039872K), [Metaspace: 2770K->2770K(1056768K)], 0.0087419 secs] [Times: user=0.00 sys=0.00, real=0.01 secs] 
20.870: [GC (Allocation Failure) [PSYoungGen: 97208K->5120K(107520K)] 384457K->292369K(1039872K), 0.0008710 secs] [Times: user=0.00 sys=0.00, real=0.00 secs] 
22.611: [GC (Allocation Failure) [PSYoungGen: 100280K->6144K(107520K)] 541129K->462353K(1039872K), 0.0018398 secs] [Times: user=0.00 sys=0.00, real=0.00 secs] 
23.924: [GC (Allocation Failure) [PSYoungGen: 96184K->5120K(107520K)] 654793K->563729K(1039872K), 0.0012630 secs] [Times: user=0.00 sys=0.00, real=0.00 secs] 
24.684: [GC (Allocation Failure) [PSYoungGen: 100280K->1024K(107520K)] 761289K->672273K(1039872K), 0.0014040 secs] [Times: user=0.00 sys=0.00, real=0.00 secs] 
26.539: [GC (Allocation Failure) [PSYoungGen: 96184K->5120K(107520K)] 921033K->850449K(1039872K), 0.0022296 secs] [Times: user=0.00 sys=0.00, real=0.00 secs] 
28.283: [GC (Allocation Failure) [PSYoungGen: 94554K->5152K(107520K)] 939883K->860729K(1039872K), 0.0016025 secs] [Times: user=0.00 sys=0.00, real=0.00 secs] 
28.614: [GC (Allocation Failure) --[PSYoungGen: 89037K->89037K(107520K)] 944615K->995815K(1039872K), 0.0152368 secs] [Times: user=0.02 sys=0.00, real=0.01 secs] 
28.629: [Full GC (Ergonomics) [PSYoungGen: 89037K->0K(107520K)] [ParOldGen: 906777K->56849K(932352K)] 995815K->56849K(1039872K), [Metaspace: 2793K->2793K(1056768K)], 0.0068679 secs] [Times: user=0.00 sys=0.00, real=0.01 secs] 
30.826: [GC (Allocation Failure) [PSYoungGen: 97185K->5120K(107520K)] 410034K->323089K(1039872K), 0.0011469 secs] [Times: user=0.00 sys=0.00, real=0.00 secs] 
33.559: [GC (Allocation Failure) [PSYoungGen: 102313K->7168K(107520K)] 676283K->586257K(1039872K), 0.0013886 secs] [Times: user=0.00 sys=0.00, real=0.00 secs] 
35.530: [GC (Allocation Failure) [PSYoungGen: 92078K->0K(107520K)] 824768K->753169K(1039872K), 0.0019461 secs] [Times: user=0.00 sys=0.00, real=0.00 secs] 
36.511: [GC (Allocation Failure) [PSYoungGen: 95154K->5120K(107520K)] 950723K->865809K(1039872K), 0.0016028 secs] [Times: user=0.00 sys=0.00, real=0.00 secs] 
37.165: [Full GC (Ergonomics) [PSYoungGen: 58292K->0K(107520K)] [ParOldGen: 911889K->87569K(932352K)] 970181K->87569K(1039872K), [Metaspace: 2793K->2793K(1056768K)], 0.0075758 secs] [Times: user=0.00 sys=0.00, real=0.01 secs] 
39.578: [GC (Allocation Failure) [PSYoungGen: 95157K->5120K(107520K)] 336327K->251409K(1039872K), 0.0011613 secs] [Times: user=0.00 sys=0.00, real=0.00 secs] 
40.342: [GC (Allocation Failure) [PSYoungGen: 100278K->1024K(107520K)] 448968K->349713K(1039872K), 0.0006870 secs] [Times: user=0.00 sys=0.00, real=0.00 secs] 
42.196: [GC (Allocation Failure) [PSYoungGen: 96183K->6144K(107520K)] 598472K->513553K(1039872K), 0.0011701 secs] [Times: user=0.00 sys=0.00, real=0.00 secs] 
44.818: [GC (Allocation Failure) [PSYoungGen: 103351K->6144K(107520K)] 764361K->682513K(1039872K), 0.0020034 secs] [Times: user=0.00 sys=0.00, real=0.00 secs] 
46.891: [GC (Allocation Failure) [PSYoungGen: 91064K->0K(107520K)] 921033K->840209K(1039872K), 0.0018527 secs] [Times: user=0.00 sys=0.00, real=0.00 secs] 
47.111: [GC (Allocation Failure) [PSYoungGen: 73656K->0K(107520K)] 913865K->911889K(1039872K), 0.0059572 secs] [Times: user=0.00 sys=0.00, real=0.00 secs] 
47.117: [Full GC (Ergonomics) [PSYoungGen: 0K->0K(107520K)] [ParOldGen: 911889K->72209K(932352K)] 911889K->72209K(1039872K), [Metaspace: 2795K->2795K(1056768K)], 0.0069171 secs] [Times: user=0.00 sys=0.00, real=0.01 secs] 
49.308: [GC (Allocation Failure) [PSYoungGen: 97199K->5120K(107520K)] 425408K->343569K(1039872K), 0.0013493 secs] [Times: user=0.00 sys=0.00, real=0.00 secs] 
51.168: [GC (Allocation Failure) [PSYoungGen: 94130K->5120K(107520K)] 586180K->507409K(1039872K), 0.0016318 secs] [Times: user=0.00 sys=0.00, real=0.00 secs] 
52.150: [GC (Allocation Failure) [PSYoungGen: 100276K->6144K(107520K)] 704966K->615953K(1039872K), 0.0014565 secs] [Times: user=0.01 sys=0.00, real=0.00 secs] 
54.548: [GC (Allocation Failure) [PSYoungGen: 102326K->1024K(107520K)] 865735K->764433K(1039872K), 0.0018344 secs] [Times: user=0.00 sys=0.00, real=0.00 secs] 
56.404: [Full GC (Ergonomics) [PSYoungGen: 96182K->0K(107520K)] [ParOldGen: 917009K->26624K(932352K)] 1013192K->26624K(1039872K), [Metaspace: 2796K->2796K(1056768K)], 0.0046612 secs] [Times: user=0.00 sys=0.00, real=0.00 secs] 
58.910: [GC (Allocation Failure) [PSYoungGen: 97207K->5120K(107520K)] 431031K->338944K(1039872K), 0.0013367 secs] [Times: user=0.00 sys=0.00, real=0.00 secs] 
60.766: [GC (Allocation Failure) [PSYoungGen: 100279K->5120K(107520K)] 587704K->502784K(1039872K), 0.0018321 secs] [Times: user=0.00 sys=0.00, real=0.00 secs] 
62.510: [GC (Allocation Failure) [PSYoungGen: 83896K->5120K(107520K)] 735160K->666624K(1039872K), 0.0017593 secs] [Times: user=0.00 sys=0.00, real=0.00 secs] 
63.492: [GC (Allocation Failure) [PSYoungGen: 100280K->6144K(107520K)] 864184K->775168K(1039872K), 0.0021783 secs] [Times: user=0.00 sys=0.00, real=0.00 secs] 
65.240: [Full GC (Ergonomics) [PSYoungGen: 101304K->0K(107520K)] [ParOldGen: 922624K->32768K(932352K)] 1023928K->32768K(1039872K), [Metaspace: 2796K->2796K(1056768K)], 0.0045354 secs] [Times: user=0.00 sys=0.00, real=0.00 secs] 
67.525: [GC (Allocation Failure) [PSYoungGen: 95160K->5120K(107520K)] 281528K->217088K(1039872K), 0.0027004 secs] [Times: user=0.02 sys=0.00, real=0.00 secs] 
70.366: [GC (Allocation Failure) [PSYoungGen: 102328K->5120K(107520K)] 621496K->524288K(1039872K), 0.0013327 secs] [Times: user=0.00 sys=0.00, real=0.00 secs] 
72.222: [GC (Allocation Failure) [PSYoungGen: 100280K->6144K(107520K)] 773048K->689152K(1039872K), 0.0023547 secs] [Times: user=0.00 sys=0.00, real=0.00 secs] 
73.527: [GC (Allocation Failure) [PSYoungGen: 101304K->1024K(107520K)] 886712K->786432K(1039872K), 0.0025366 secs] [Times: user=0.00 sys=0.00, real=0.00 secs] 
74.073: [GC (Allocation Failure) [PSYoungGen: 49080K->0K(107520K)] 885688K->846848K(1039872K), 0.0025508 secs] [Times: user=0.00 sys=0.00, real=0.00 secs] 
74.076: [GC (Allocation Failure) [PSYoungGen: 0K->0K(107520K)] 846848K->846848K(1039872K), 0.0020691 secs] [Times: user=0.00 sys=0.00, real=0.00 secs] 
74.078: [Full GC (Allocation Failure) [PSYoungGen: 0K->0K(107520K)] [ParOldGen: 846848K->61969K(932352K)] 846848K->61969K(1039872K), [Metaspace: 2796K->2796K(1056768K)], 0.0065263 secs] [Times: user=0.00 sys=0.00, real=0.01 secs] 
76.269: [GC (Allocation Failure) [PSYoungGen: 97208K->5120K(107520K)] 415177K->343569K(1039872K), 0.0020788 secs] [Times: user=0.00 sys=0.00, real=0.00 secs] 
78.015: [GC (Allocation Failure) [PSYoungGen: 94136K->5120K(107520K)] 432585K->353809K(1039872K), 0.0014487 secs] [Times: user=0.00 sys=0.00, real=0.00 secs] 
78.890: [GC (Allocation Failure) [PSYoungGen: 100273K->5120K(107520K)] 551362K->512529K(1039872K), 0.0052408 secs] [Times: user=0.00 sys=0.00, real=0.00 secs] 
81.621: [GC (Allocation Failure) [PSYoungGen: 102323K->6144K(107520K)] 865733K->769553K(1039872K), 0.0013237 secs] [Times: user=0.00 sys=0.00, real=0.00 secs] 
83.476: [Full GC (Ergonomics) [PSYoungGen: 101301K->0K(107520K)] [ParOldGen: 917009K->13312K(932352K)] 1018311K->13312K(1039872K), [Metaspace: 2796K->2796K(1056768K)], 0.0036263 secs] [Times: user=0.00 sys=0.00, real=0.00 secs] 
85.770: [GC (Allocation Failure) [PSYoungGen: 97206K->1024K(107520K)] 417718K->331776K(1039872K), 0.0013659 secs] [Times: user=0.00 sys=0.00, real=0.00 secs] 
87.623: [GC (Allocation Failure) [PSYoungGen: 96183K->5120K(107520K)] 580535K->520192K(1039872K), 0.0029658 secs] [Times: user=0.00 sys=0.00, real=0.00 secs] 
89.479: [GC (Allocation Failure) [PSYoungGen: 99255K->5120K(107520K)] 665527K->581632K(1039872K), 0.0018106 secs] [Times: user=0.00 sys=0.00, real=0.00 secs] 
90.460: [GC (Allocation Failure) [PSYoungGen: 100279K->5120K(107520K)] 779192K->689152K(1039872K), 0.0018634 secs] [Times: user=0.00 sys=0.00, real=0.00 secs] 
93.084: [GC (Allocation Failure) [PSYoungGen: 102328K->6144K(107520K)] 939960K->843776K(1039872K), 0.0024517 secs] [Times: user=0.00 sys=0.00, real=0.00 secs] 
93.956: [Full GC (Ergonomics) [PSYoungGen: 69560K->0K(107520K)] [ParOldGen: 888832K->62993K(932352K)] 958392K->62993K(1039872K), [Metaspace: 2796K->2796K(1056768K)], 0.0063689 secs] [Times: user=0.00 sys=0.00, real=0.01 secs] 
96.596: [GC (Allocation Failure) [PSYoungGen: 97208K->0K(107520K)] 416201K->329233K(1039872K), 0.0011780 secs] [Times: user=0.00 sys=0.00, real=0.00 secs] 
97.579: [GC (Allocation Failure) [PSYoungGen: 95160K->5120K(107520K)] 526793K->462353K(1039872K), 0.0026007 secs] [Times: user=0.00 sys=0.00, real=0.00 secs] 
99.323: [GC (Allocation Failure) [PSYoungGen: 100280K->5120K(107520K)] 711113K->626193K(1039872K), 0.0018311 secs] [Times: user=0.00 sys=0.00, real=0.00 secs] 
100.524: [GC (Allocation Failure) [PSYoungGen: 99256K->5120K(107520K)] 822729K->733713K(1039872K), 0.0016060 secs] [Times: user=0.00 sys=0.00, real=0.00 secs] 
102.157: [Full GC (Ergonomics) [PSYoungGen: 95160K->0K(107520K)] [ParOldGen: 882193K->22528K(932352K)] 977354K->22528K(1039872K), [Metaspace: 2796K->2796K(1056768K)], 0.0045740 secs] [Times: user=0.00 sys=0.00, real=0.00 secs] 
103.026: [GC (Allocation Failure) [PSYoungGen: 95160K->6144K(107520K)] 220088K->131072K(1039872K), 0.0011676 secs] [Times: user=0.00 sys=0.00, real=0.00 secs] 
105.104: [GC (Allocation Failure) [PSYoungGen: 90040K->5120K(107520K)] 214968K->150528K(1039872K), 0.0015010 secs] [Times: user=0.00 sys=0.00, real=0.00 secs] 
106.086: [GC (Allocation Failure) [PSYoungGen: 100272K->5120K(107520K)] 348080K->263168K(1039872K), 0.0013901 secs] [Times: user=0.00 sys=0.00, real=0.00 secs] 
108.600: [GC (Allocation Failure) [PSYoungGen: 102323K->5120K(107520K)] 667571K->570368K(1039872K), 0.0017995 secs] [Times: user=0.00 sys=0.00, real=0.00 secs] 
110.451: [GC (Allocation Failure) [PSYoungGen: 100277K->5120K(107520K)] 819125K->734208K(1039872K), 0.0020885 secs] [Times: user=0.00 sys=0.00, real=0.00 secs] 
112.199: [Full GC (Ergonomics) [PSYoungGen: 83894K->0K(107520K)] [ParOldGen: 882688K->16384K(932352K)] 966582K->16384K(1039872K), [Metaspace: 2796K->2796K(1056768K)], 0.0037738 secs] [Times: user=0.00 sys=0.00, real=0.00 secs] 
113.185: [GC (Allocation Failure) [PSYoungGen: 95159K->6144K(107520K)] 213943K->124928K(1039872K), 0.0009767 secs] [Times: user=0.00 sys=0.00, real=0.00 secs] 
114.932: [GC (Allocation Failure) [PSYoungGen: 101303K->6144K(107520K)] 373687K->299008K(1039872K), 0.0021282 secs] [Times: user=0.00 sys=0.00, real=0.00 secs] 
117.231: [GC (Allocation Failure) [PSYoungGen: 101303K->5120K(107520K)] 547768K->477184K(1039872K), 0.0026970 secs] [Times: user=0.00 sys=0.00, real=0.00 secs] 
120.067: [GC (Allocation Failure) [PSYoungGen: 102328K->5120K(107520K)] 881592K->784384K(1039872K), 0.0015974 secs] [Times: user=0.00 sys=0.00, real=0.00 secs] 
120.936: [GC (Allocation Failure) [PSYoungGen: 68536K->5120K(107520K)] 899000K->835584K(1039872K), 0.0019153 secs] [Times: user=0.00 sys=0.00, real=0.00 secs] 
120.938: [GC (Allocation Failure) [PSYoungGen: 5120K->5120K(107520K)] 835584K->835584K(1039872K), 0.0016282 secs] [Times: user=0.00 sys=0.00, real=0.00 secs] 
120.940: [Full GC (Allocation Failure) [PSYoungGen: 5120K->0K(107520K)] [ParOldGen: 830464K->159249K(932352K)] 835584K->159249K(1039872K), [Metaspace: 2796K->2796K(1056768K)], 0.0125743 secs] [Times: user=0.00 sys=0.00, real=0.01 secs] 
123.460: [GC (Allocation Failure) [PSYoungGen: 92088K->0K(107520K)] 507337K->435729K(1039872K), 0.0018534 secs] [Times: user=0.00 sys=0.00, real=0.00 secs] 
124.330: [GC (Allocation Failure) [PSYoungGen: 95160K->5120K(107520K)] 633289K->548369K(1039872K), 0.0013951 secs] [Times: user=0.00 sys=0.00, real=0.00 secs] 
126.183: [GC (Allocation Failure) [PSYoungGen: 100280K->5120K(107520K)] 797129K->722449K(1039872K), 0.0022602 secs] [Times: user=0.00 sys=0.00, real=0.00 secs] 
127.820: [GC (Allocation Failure) [PSYoungGen: 94136K->5120K(107520K)] 811466K->732689K(1039872K), 0.0015779 secs] [Times: user=0.00 sys=0.00, real=0.00 secs] 
128.799: [GC (Allocation Failure) [PSYoungGen: 100273K->5120K(107520K)] 930242K->896529K(1039872K), 0.0055591 secs] [Times: user=0.00 sys=0.00, real=0.01 secs] 
128.805: [Full GC (Ergonomics) [PSYoungGen: 5120K->0K(107520K)] [ParOldGen: 891409K->61969K(932352K)] 896529K->61969K(1039872K), [Metaspace: 2796K->2796K(1056768K)], 0.0065686 secs] [Times: user=0.00 sys=0.00, real=0.01 secs] 
131.542: [GC (Allocation Failure) [PSYoungGen: 97203K->6144K(107520K)] 415173K->324113K(1039872K), 0.0008858 secs] [Times: user=0.00 sys=0.00, real=0.00 secs] 
133.287: [GC (Allocation Failure) [PSYoungGen: 96181K->7168K(107520K)] 567750K->483857K(1039872K), 0.0013697 secs] [Times: user=0.00 sys=0.00, real=0.00 secs] 
134.050: [GC (Allocation Failure) [PSYoungGen: 102326K->3072K(107520K)] 681415K->592401K(1039872K), 0.0015252 secs] [Times: user=0.00 sys=0.00, real=0.00 secs] 
136.226: [GC (Allocation Failure) [PSYoungGen: 93111K->5120K(107520K)] 836040K->768529K(1039872K), 0.0021679 secs] [Times: user=0.00 sys=0.00, real=0.00 secs] 
137.095: [GC (Allocation Failure) [PSYoungGen: 100279K->5120K(107520K)] 966089K->896529K(1039872K), 0.0028146 secs] [Times: user=0.00 sys=0.00, real=0.00 secs] 
137.098: [Full GC (Ergonomics) [PSYoungGen: 5120K->0K(107520K)] [ParOldGen: 891409K->41489K(932352K)] 896529K->41489K(1039872K), [Metaspace: 2796K->2796K(1056768K)], 0.0052848 secs] [Times: user=0.00 sys=0.00, real=0.01 secs] 
139.075: [GC (Allocation Failure) [PSYoungGen: 94135K->5120K(107520K)] 186825K->108049K(1039872K), 0.0014930 secs] [Times: user=0.00 sys=0.00, real=0.00 secs] 
139.946: [GC (Allocation Failure) [PSYoungGen: 100280K->5120K(107520K)] 305609K->215569K(1039872K), 0.0010634 secs] [Times: user=0.00 sys=0.00, real=0.00 secs] 
142.568: [GC (Allocation Failure) [PSYoungGen: 102328K->2048K(107520K)] 466377K->366097K(1039872K), 0.0007655 secs] [Times: user=0.00 sys=0.00, real=0.00 secs] 
144.423: [GC (Allocation Failure) [PSYoungGen: 97208K->6144K(107520K)] 614857K->539153K(1039872K), 0.0019262 secs] [Times: user=0.00 sys=0.00, real=0.00 secs] 
146.823: [GC (Allocation Failure) [PSYoungGen: 103352K->1024K(107520K)] 943562K->861713K(1039872K), 0.0022594 secs] [Times: user=0.00 sys=0.00, real=0.00 secs] 
147.914: [Full GC (Ergonomics) [PSYoungGen: 74680K->0K(107520K)] [ParOldGen: 911889K->77329K(932352K)] 986570K->77329K(1039872K), [Metaspace: 2796K->2796K(1056768K)], 0.0077098 secs] [Times: user=0.00 sys=0.00, real=0.01 secs] 
150.329: [GC (Allocation Failure) [PSYoungGen: 90040K->5120K(107520K)] 423369K->343569K(1039872K), 0.0011029 secs] [Times: user=0.00 sys=0.00, real=0.00 secs] 
151.094: [GC (Allocation Failure) [PSYoungGen: 100280K->2048K(107520K)] 541129K->442897K(1039872K), 0.0010412 secs] [Times: user=0.00 sys=0.00, real=0.00 secs] 
152.948: [GC (Allocation Failure) [PSYoungGen: 97208K->7168K(107520K)] 691658K->606737K(1039872K), 0.0018586 secs] [Times: user=0.00 sys=0.00, real=0.00 secs] 
155.343: [GC (Allocation Failure) [PSYoungGen: 103352K->6144K(107520K)] 856522K->769553K(1039872K), 0.0016256 secs] [Times: user=0.00 sys=0.00, real=0.00 secs] 
157.632: [Full GC (Ergonomics) [PSYoungGen: 96184K->0K(107520K)] [ParOldGen: 917009K->6144K(932352K)] 1013194K->6144K(1039872K), [Metaspace: 2796K->2796K(1056768K)], 0.0029122 secs] [Times: user=0.00 sys=0.00, real=0.00 secs] 
158.611: [GC (Allocation Failure) [PSYoungGen: 95160K->5120K(107520K)] 203704K->169984K(1039872K), 0.0048414 secs] [Times: user=0.00 sys=0.00, real=0.00 secs] 
160.352: [GC (Allocation Failure) [PSYoungGen: 100280K->5120K(107520K)] 418744K->333824K(1039872K), 0.0014638 secs] [Times: user=0.00 sys=0.00, real=0.00 secs] 
161.663: [GC (Allocation Failure) [PSYoungGen: 99256K->5120K(107520K)] 530360K->441344K(1039872K), 0.0012494 secs] [Times: user=0.00 sys=0.00, real=0.00 secs] 
162.428: [GC (Allocation Failure) [PSYoungGen: 100280K->2048K(107520K)] 638904K->540672K(1039872K), 0.0020073 secs] [Times: user=0.00 sys=0.00, real=0.00 secs] 
164.280: [GC (Allocation Failure) [PSYoungGen: 97208K->6144K(107520K)] 789432K->713728K(1039872K), 0.0023806 secs] [Times: user=0.00 sys=0.00, real=0.00 secs] 
166.137: [GC (Allocation Failure) [PSYoungGen: 90040K->5120K(107520K)] 797624K->722944K(1039872K), 0.0033278 secs] [Times: user=0.00 sys=0.00, real=0.00 secs] 
167.118: [GC (Allocation Failure) [PSYoungGen: 100272K->5120K(107520K)] 920496K->856064K(1039872K), 0.0034598 secs] [Times: user=0.01 sys=0.00, real=0.00 secs] 
167.773: [Full GC (Ergonomics) [PSYoungGen: 58291K->0K(107520K)] [ParOldGen: 902144K->82449K(932352K)] 960435K->82449K(1039872K), [Metaspace: 2796K->2796K(1056768K)], 0.0073154 secs] [Times: user=0.00 sys=0.00, real=0.01 secs] 
169.976: [GC (Allocation Failure) [PSYoungGen: 97205K->5120K(107520K)] 384454K->292369K(1039872K), 0.0007823 secs] [Times: user=0.00 sys=0.00, real=0.00 secs] 
171.728: [GC (Allocation Failure) [PSYoungGen: 100278K->6144K(107520K)] 541127K->462353K(1039872K), 0.0019402 secs] [Times: user=0.02 sys=0.00, real=0.00 secs] 
173.040: [GC (Allocation Failure) [PSYoungGen: 96183K->5120K(107520K)] 654792K->563729K(1039872K), 0.0012379 secs] [Times: user=0.00 sys=0.00, real=0.00 secs] 
173.807: [GC (Allocation Failure) [PSYoungGen: 100279K->1024K(107520K)] 761289K->672273K(1039872K), 0.0014847 secs] [Times: user=0.00 sys=0.00, real=0.00 secs] 
175.661: [GC (Allocation Failure) [PSYoungGen: 96183K->5120K(107520K)] 921033K->850449K(1039872K), 0.0024157 secs] [Times: user=0.00 sys=0.00, real=0.00 secs] 
177.403: [GC (Allocation Failure) [PSYoungGen: 94136K->5120K(107520K)] 939465K->860689K(1039872K), 0.0016412 secs] [Times: user=0.00 sys=0.00, real=0.00 secs] 
177.731: [GC (Allocation Failure) --[PSYoungGen: 89008K->89008K(107520K)] 944578K->995778K(1039872K), 0.0051277 secs] [Times: user=0.00 sys=0.00, real=0.01 secs] 
177.737: [Full GC (Ergonomics) [PSYoungGen: 89008K->0K(107520K)] [ParOldGen: 906769K->57344K(932352K)] 995778K->57344K(1039872K), [Metaspace: 2796K->2796K(1056768K)], 0.0065148 secs] [Times: user=0.00 sys=0.00, real=0.01 secs] 
179.930: [GC (Allocation Failure) [PSYoungGen: 97187K->5120K(107520K)] 410531K->323584K(1039872K), 0.0013452 secs] [Times: user=0.00 sys=0.00, real=0.00 secs] 
182.657: [GC (Allocation Failure) [PSYoungGen: 102314K->7168K(107520K)] 676779K->586752K(1039872K), 0.0032224 secs] [Times: user=0.00 sys=0.00, real=0.00 secs] 
184.613: [GC (Allocation Failure) [PSYoungGen: 92079K->0K(107520K)] 825263K->753664K(1039872K), 0.0027255 secs] [Times: user=0.00 sys=0.00, real=0.00 secs] 
185.593: [GC (Allocation Failure) [PSYoungGen: 95154K->5120K(107520K)] 951218K->866304K(1039872K), 0.0029938 secs] [Times: user=0.00 sys=0.00, real=0.00 secs] 
186.250: [Full GC (Ergonomics) [PSYoungGen: 58292K->0K(107520K)] [ParOldGen: 912384K->87569K(932352K)] 970676K->87569K(1039872K), [Metaspace: 2796K->2796K(1056768K)], 0.0081855 secs] [Times: user=0.00 sys=0.00, real=0.01 secs] 
188.666: [GC (Allocation Failure) [PSYoungGen: 95158K->5120K(107520K)] 336327K->251409K(1039872K), 0.0009457 secs] [Times: user=0.00 sys=0.00, real=0.00 secs] 
189.426: [GC (Allocation Failure) [PSYoungGen: 100278K->6144K(107520K)] 448968K->354833K(1039872K), 0.0010167 secs] [Times: user=0.00 sys=0.00, real=0.00 secs] 
191.279: [GC (Allocation Failure) [PSYoungGen: 101303K->6176K(107520K)] 603593K->518705K(1039872K), 0.0016075 secs] [Times: user=0.00 sys=0.00, real=0.00 secs] 
193.896: [GC (Allocation Failure) [PSYoungGen: 103383K->6176K(107520K)] 769513K->687665K(1039872K), 0.0017806 secs] [Times: user=0.00 sys=0.00, real=0.00 secs] 
195.968: [GC (Allocation Failure) [PSYoungGen: 91096K->64K(107520K)] 926185K->845393K(1039872K), 0.0016135 secs] [Times: user=0.00 sys=0.00, real=0.00 secs] 
196.186: [GC (Allocation Failure) [PSYoungGen: 73720K->64K(107520K)] 919049K->917073K(1039872K), 0.0053024 secs] [Times: user=0.00 sys=0.00, real=0.00 secs] 
196.192: [Full GC (Ergonomics) [PSYoungGen: 64K->0K(107520K)] [ParOldGen: 917009K->72209K(932352K)] 917073K->72209K(1039872K), [Metaspace: 2796K->2796K(1056768K)], 0.0071783 secs] [Times: user=0.00 sys=0.00, real=0.01 secs] 
198.383: [GC (Allocation Failure) [PSYoungGen: 97199K->5120K(107520K)] 425409K->343569K(1039872K), 0.0012975 secs] [Times: user=0.00 sys=0.00, real=0.00 secs] 
200.236: [GC (Allocation Failure) [PSYoungGen: 94130K->5120K(107520K)] 586180K->507409K(1039872K), 0.0015771 secs] [Times: user=0.00 sys=0.00, real=0.00 secs] 
201.223: [GC (Allocation Failure) [PSYoungGen: 100276K->6144K(107520K)] 704966K->615953K(1039872K), 0.0019054 secs] [Times: user=0.00 sys=0.00, real=0.00 secs] 
203.619: [GC (Allocation Failure) [PSYoungGen: 102326K->1024K(107520K)] 865736K->764433K(1039872K), 0.0019985 secs] [Times: user=0.02 sys=0.00, real=0.00 secs] 
205.472: [Full GC (Ergonomics) [PSYoungGen: 96182K->0K(107520K)] [ParOldGen: 917009K->26624K(932352K)] 1013192K->26624K(1039872K), [Metaspace: 2796K->2796K(1056768K)], 0.0043123 secs] [Times: user=0.00 sys=0.00, real=0.00 secs] 
207.980: [GC (Allocation Failure) [PSYoungGen: 97207K->5120K(107520K)] 431031K->338944K(1039872K), 0.0012186 secs] [Times: user=0.00 sys=0.00, real=0.00 secs] 
209.832: [GC (Allocation Failure) [PSYoungGen: 100279K->5120K(107520K)] 587704K->502784K(1039872K), 0.0015039 secs] [Times: user=0.00 sys=0.00, real=0.00 secs] 
211.577: [GC (Allocation Failure) [PSYoungGen: 83896K->5120K(107520K)] 735160K->666624K(1039872K), 0.0016621 secs] [Times: user=0.00 sys=0.00, real=0.00 secs] 
212.561: [GC (Allocation Failure) [PSYoungGen: 100280K->6144K(107520K)] 864184K->775168K(1039872K), 0.0016755 secs] [Times: user=0.00 sys=0.00, real=0.00 secs] 
214.305: [Full GC (Ergonomics) [PSYoungGen: 101304K->0K(107520K)] [ParOldGen: 922624K->32768K(932352K)] 1023929K->32768K(1039872K), [Metaspace: 2796K->2796K(1056768K)], 0.0045401 secs] [Times: user=0.00 sys=0.00, real=0.00 secs] 
216.599: [GC (Allocation Failure) [PSYoungGen: 95160K->5120K(107520K)] 281528K->217088K(1039872K), 0.0027708 secs] [Times: user=0.00 sys=0.00, real=0.00 secs] 
Heap
 PSYoungGen      total 107520K, used 92017K [0x00000000f8e80000, 0x0000000100000000, 0x0000000100000000)
  eden space 98816K, 87% used [0x00000000f8e80000,0x00000000fe35c468,0x00000000fef00000)
  from space 8704K, 58% used [0x00000000ff780000,0x00000000ffc80010,0x0000000100000000)
  to   space 8704K, 0% used [0x00000000fef00000,0x00000000fef00000,0x00000000ff780000)
 ParOldGen       total 932352K, used 365568K [0x00000000c0000000, 0x00000000f8e80000, 0x00000000f8e80000)
  object space 932352K, 39% used [0x00000000c0000000,0x00000000d6500248,0x00000000f8e80000)
 Metaspace       used 2804K, capacity 4486K, committed 4864K, reserved 1056768K
  class space    used 297K, capacity 386K, committed 512K, reserved 1048576K
