Java HotSpot(TM) 64-Bit Server VM (25.411-b09) for windows-amd64 JRE (1.8.0_411-b09), built on Mar 13 2024 07:26:13 by "java_re" with MS VC++ 17.1 (VS2022)
Memory: 4k page, physical 33403376k(14532380k free), swap 37876016k(6637212k free)
CommandLine flags: -XX:InitialHeapSize=1073741824 -XX:MaxHeapSize=1073741824 -XX:NewRatio=8 -XX:ParallelGCThreads=6 -XX:+PrintGC -XX:+PrintGCDetails -XX:+PrintGCTimeStamps -XX:-UseAdaptiveSizePolicy -XX:+UseCompressedClassPointers -XX:+UseCompressedOops -XX:-UseLargePagesIndividualAllocation -XX:+UseParallelGC 
1.846: [GC (Allocation Failure) [PSYoungGen: 84101K->11944K(101888K)] 237701K->165552K(1034240K), 0.0029762 secs] [Times: user=0.00 sys=0.00, real=0.00 secs] 
3.536: [GC (Allocation Failure) [PSYoungGen: 96639K->12936K(101888K)] 403847K->325264K(1034240K), 0.0033002 secs] [Times: user=0.00 sys=0.00, real=0.00 secs] 
5.507: [GC (Allocation Failure) [PSYoungGen: 91487K->10856K(101888K)] 403815K->338544K(1034240K), 0.0050502 secs] [Times: user=0.00 sys=0.00, real=0.00 secs] 
6.305: [GC (Allocation Failure) [PSYoungGen: 95545K->10856K(101888K)] 525633K->451184K(1034240K), 0.0046116 secs] [Times: user=0.00 sys=0.00, real=0.00 secs] 
8.422: [GC (Allocation Failure) [PSYoungGen: 91303K->5688K(101888K)] 685231K->599624K(1034240K), 0.0017342 secs] [Times: user=0.00 sys=0.00, real=0.00 secs] 
9.216: [GC (Allocation Failure) [PSYoungGen: 90380K->5656K(101888K)] 786717K->753192K(1034240K), 0.0153426 secs] [Times: user=0.00 sys=0.00, real=0.02 secs] 
10.922: [Full GC (Ergonomics) [PSYoungGen: 90349K->0K(101888K)] [ParOldGen: 901136K->164368K(932352K)] 991486K->164368K(1034240K), [Metaspace: 2761K->2761K(1056768K)], 0.0217191 secs] [Times: user=0.00 sys=0.00, real=0.02 secs] 
12.803: [GC (Allocation Failure) [PSYoungGen: 84239K->5152K(101888K)] 402208K->333368K(1034240K), 0.0013671 secs] [Times: user=0.00 sys=0.00, real=0.00 secs] 
13.568: [GC (Allocation Failure) [PSYoungGen: 89846K->11296K(101888K)] 520463K->441913K(1034240K), 0.0010884 secs] [Times: user=0.00 sys=0.00, real=0.00 secs] 
15.205: [GC (Allocation Failure) [PSYoungGen: 95990K->11296K(101888K)] 680207K->610873K(1034240K), 0.0021723 secs] [Times: user=0.00 sys=0.00, real=0.00 secs] 
17.054: [GC (Allocation Failure) [PSYoungGen: 94967K->5184K(101888K)] 694544K->615001K(1034240K), 0.0017477 secs] [Times: user=0.00 sys=0.00, real=0.00 secs] 
17.817: [GC (Allocation Failure) [PSYoungGen: 89873K->10272K(101888K)] 802090K->742969K(1034240K), 0.0027348 secs] [Times: user=0.00 sys=0.00, real=0.00 secs] 
20.006: [Full GC (Ergonomics) [PSYoungGen: 94963K->0K(101888K)] [ParOldGen: 886297K->5649K(932352K)] 981260K->5649K(1034240K), [Metaspace: 2770K->2770K(1056768K)], 0.0045525 secs] [Times: user=0.00 sys=0.00, real=0.01 secs] 
21.096: [GC (Allocation Failure) [PSYoungGen: 84692K->10240K(101888K)] 192742K->118289K(1034240K), 0.0011286 secs] [Times: user=0.00 sys=0.00, real=0.00 secs] 
22.626: [GC (Allocation Failure) [PSYoungGen: 94933K->11264K(101888K)] 356582K->283153K(1034240K), 0.0017242 secs] [Times: user=0.00 sys=0.00, real=0.00 secs] 
23.822: [GC (Allocation Failure) [PSYoungGen: 95958K->1024K(101888K)] 470247K->375313K(1034240K), 0.0010304 secs] [Times: user=0.00 sys=0.00, real=0.00 secs] 
25.352: [GC (Allocation Failure) [PSYoungGen: 80598K->10240K(101888K)] 608487K->548369K(1034240K), 0.0018126 secs] [Times: user=0.00 sys=0.00, real=0.00 secs] 
26.877: [GC (Allocation Failure) [PSYoungGen: 94934K->10240K(101888K)] 786664K->722449K(1034240K), 0.0025522 secs] [Times: user=0.00 sys=0.00, real=0.00 secs] 
28.404: [GC (Allocation Failure) [PSYoungGen: 89160K->5152K(101888K)] 801370K->727609K(1034240K), 0.0020440 secs] [Times: user=0.00 sys=0.00, real=0.00 secs] 
29.164: [GC (Allocation Failure) [PSYoungGen: 89838K->10304K(101888K)] 914695K->886361K(1034240K), 0.0051673 secs] [Times: user=0.00 sys=0.00, real=0.01 secs] 
29.169: [Full GC (Ergonomics) [PSYoungGen: 10304K->0K(101888K)] [ParOldGen: 876057K->61969K(932352K)] 886361K->61969K(1034240K), [Metaspace: 2793K->2793K(1056768K)], 0.0067580 secs] [Times: user=0.00 sys=0.00, real=0.01 secs] 
30.815: [GC (Allocation Failure) [PSYoungGen: 84689K->10240K(101888K)] 300259K->225809K(1034240K), 0.0011068 secs] [Times: user=0.00 sys=0.00, real=0.00 secs] 
33.324: [GC (Allocation Failure) [PSYoungGen: 96979K->12288K(101888K)] 568549K->483857K(1034240K), 0.0012036 secs] [Times: user=0.00 sys=0.00, real=0.00 secs] 
35.407: [GC (Allocation Failure) [PSYoungGen: 96980K->10240K(101888K)] 722150K->635409K(1034240K), 0.0014389 secs] [Times: user=0.00 sys=0.00, real=0.00 secs] 
36.061: [GC (Allocation Failure) [PSYoungGen: 94933K->11264K(101888K)] 822503K->738833K(1034240K), 0.0016022 secs] [Times: user=0.00 sys=0.00, real=0.00 secs] 
37.698: [Full GC (Ergonomics) [PSYoungGen: 95958K->0K(101888K)] [ParOldGen: 881169K->41984K(932352K)] 977127K->41984K(1034240K), [Metaspace: 2793K->2793K(1056768K)], 0.0048930 secs] [Times: user=0.00 sys=0.00, real=0.00 secs] 
39.552: [GC (Allocation Failure) [PSYoungGen: 83670K->10240K(101888K)] 176854K->103424K(1034240K), 0.0009932 secs] [Times: user=0.00 sys=0.00, real=0.00 secs] 
41.080: [GC (Allocation Failure) [PSYoungGen: 94934K->10240K(101888K)] 341719K->267264K(1034240K), 0.0018180 secs] [Times: user=0.00 sys=0.00, real=0.00 secs] 
41.736: [GC (Allocation Failure) [PSYoungGen: 94934K->2048K(101888K)] 454359K->361472K(1034240K), 0.0013657 secs] [Times: user=0.00 sys=0.00, real=0.00 secs] 
44.028: [GC (Allocation Failure) [PSYoungGen: 86743K->11264K(101888K)] 446167K->380928K(1034240K), 0.0017867 secs] [Times: user=0.00 sys=0.00, real=0.00 secs] 
44.790: [GC (Allocation Failure) [PSYoungGen: 95953K->11264K(101888K)] 568018K->493568K(1034240K), 0.0020472 secs] [Times: user=0.00 sys=0.00, real=0.00 secs] 
46.860: [GC (Allocation Failure) [PSYoungGen: 95955K->10240K(101888K)] 731860K->646144K(1034240K), 0.0019795 secs] [Times: user=0.00 sys=0.00, real=0.00 secs] 
47.624: [GC (Allocation Failure) [PSYoungGen: 94932K->5120K(101888K)] 833237K->763904K(1034240K), 0.0031689 secs] [Times: user=0.00 sys=0.00, real=0.00 secs] 
49.264: [Full GC (Ergonomics) [PSYoungGen: 89813K->0K(101888K)] [ParOldGen: 912384K->82449K(932352K)] 1002198K->82449K(1034240K), [Metaspace: 2795K->2795K(1056768K)], 0.0086468 secs] [Times: user=0.00 sys=0.00, real=0.01 secs] 
51.013: [GC (Allocation Failure) [PSYoungGen: 78550K->10240K(101888K)] 314599K->251409K(1034240K), 0.0014524 secs] [Times: user=0.02 sys=0.00, real=0.00 secs] 
51.669: [GC (Allocation Failure) [PSYoungGen: 94934K->2048K(101888K)] 438503K->345617K(1034240K), 0.0008377 secs] [Times: user=0.00 sys=0.00, real=0.00 secs] 
53.305: [GC (Allocation Failure) [PSYoungGen: 86742K->12288K(101888K)] 583912K->509457K(1034240K), 0.0013308 secs] [Times: user=0.00 sys=0.00, real=0.00 secs] 
55.380: [GC (Allocation Failure) [PSYoungGen: 95959K->10240K(101888K)] 593128K->522769K(1034240K), 0.0017172 secs] [Times: user=0.00 sys=0.00, real=0.00 secs] 
56.144: [GC (Allocation Failure) [PSYoungGen: 94929K->10240K(101888K)] 709859K->625169K(1034240K), 0.0019987 secs] [Times: user=0.00 sys=0.00, real=0.00 secs] 
58.216: [GC (Allocation Failure) [PSYoungGen: 89811K->5120K(101888K)] 858341K->773649K(1034240K), 0.0016201 secs] [Times: user=0.00 sys=0.00, real=0.00 secs] 
58.981: [GC (Allocation Failure) [PSYoungGen: 89812K->5120K(101888K)] 960742K->927249K(1034240K), 0.0156677 secs] [Times: user=0.00 sys=0.00, real=0.02 secs] 
58.996: [Full GC (Ergonomics) [PSYoungGen: 5120K->0K(101888K)] [ParOldGen: 922129K->56849K(932352K)] 927249K->56849K(1034240K), [Metaspace: 2796K->2796K(1056768K)], 0.0063976 secs] [Times: user=0.02 sys=0.00, real=0.01 secs] 
60.631: [GC (Allocation Failure) [PSYoungGen: 84693K->10240K(101888K)] 295143K->220689K(1034240K), 0.0011550 secs] [Times: user=0.00 sys=0.00, real=0.00 secs] 
62.486: [GC (Allocation Failure) [PSYoungGen: 93910K->5120K(101888K)] 457959K->379409K(1034240K), 0.0014567 secs] [Times: user=0.00 sys=0.00, real=0.00 secs] 
63.253: [GC (Allocation Failure) [PSYoungGen: 89814K->11264K(101888K)] 566503K->487953K(1034240K), 0.0012150 secs] [Times: user=0.00 sys=0.00, real=0.00 secs] 
64.888: [GC (Allocation Failure) [PSYoungGen: 95958K->11264K(101888K)] 726248K->656913K(1034240K), 0.0023333 secs] [Times: user=0.01 sys=0.00, real=0.00 secs] 
66.739: [GC (Allocation Failure) [PSYoungGen: 94935K->5120K(101888K)] 740584K->661009K(1034240K), 0.0016866 secs] [Times: user=0.00 sys=0.00, real=0.00 secs] 
67.505: [GC (Allocation Failure) [PSYoungGen: 89809K->10240K(101888K)] 848099K->789009K(1034240K), 0.0028014 secs] [Times: user=0.00 sys=0.00, real=0.00 secs] 
68.375: [GC (Allocation Failure) [PSYoungGen: 73427K->10240K(101888K)] 903397K->840209K(1034240K), 0.0016329 secs] [Times: user=0.00 sys=0.00, real=0.00 secs] 
68.377: [GC (Allocation Failure) [PSYoungGen: 10240K->10240K(101888K)] 840209K->840209K(1034240K), 0.0010949 secs] [Times: user=0.00 sys=0.00, real=0.00 secs] 
68.378: [Full GC (Allocation Failure) [PSYoungGen: 10240K->0K(101888K)] [ParOldGen: 829969K->82449K(932352K)] 840209K->82449K(1034240K), [Metaspace: 2796K->2796K(1056768K)], 0.0073490 secs] [Times: user=0.00 sys=0.00, real=0.01 secs] 
70.355: [GC (Allocation Failure) [PSYoungGen: 86740K->5120K(101888K)] 373990K->292369K(1034240K), 0.0008269 secs] [Times: user=0.00 sys=0.00, real=0.00 secs] 
71.994: [GC (Allocation Failure) [PSYoungGen: 89813K->11264K(101888K)] 530663K->452113K(1034240K), 0.0012470 secs] [Times: user=0.00 sys=0.00, real=0.00 secs] 
73.844: [GC (Allocation Failure) [PSYoungGen: 90838K->10240K(101888K)] 685287K->614929K(1034240K), 0.0017838 secs] [Times: user=0.00 sys=0.00, real=0.00 secs] 
74.608: [GC (Allocation Failure) [PSYoungGen: 94934K->10240K(101888K)] 802024K->727569K(1034240K), 0.0020216 secs] [Times: user=0.00 sys=0.00, real=0.00 secs] 
76.241: [GC (Allocation Failure) [PSYoungGen: 94934K->10240K(101888K)] 965864K->896529K(1034240K), 0.0022327 secs] [Times: user=0.00 sys=0.00, real=0.00 secs] 
76.243: [Full GC (Ergonomics) [PSYoungGen: 10240K->0K(101888K)] [ParOldGen: 886289K->36369K(932352K)] 896529K->36369K(1034240K), [Metaspace: 2796K->2796K(1056768K)], 0.0048055 secs] [Times: user=0.00 sys=0.00, real=0.01 secs] 
77.878: [GC (Allocation Failure) [PSYoungGen: 78550K->10240K(101888K)] 114920K->46609K(1034240K), 0.0010379 secs] [Times: user=0.00 sys=0.00, real=0.00 secs] 
79.410: [GC (Allocation Failure) [PSYoungGen: 94921K->10240K(101888K)] 284890K->210449K(1034240K), 0.0017540 secs] [Times: user=0.00 sys=0.00, real=0.00 secs] 
80.064: [GC (Allocation Failure) [PSYoungGen: 94926K->11264K(101888K)] 397535K->313873K(1034240K), 0.0010368 secs] [Times: user=0.00 sys=0.00, real=0.00 secs] 
82.358: [GC (Allocation Failure) [PSYoungGen: 90833K->6144K(101888K)] 495842K->421393K(1034240K), 0.0015734 secs] [Times: user=0.00 sys=0.00, real=0.00 secs] 
83.121: [GC (Allocation Failure) [PSYoungGen: 90835K->12288K(101888K)] 608484K->529937K(1034240K), 0.0012881 secs] [Times: user=0.00 sys=0.00, real=0.00 secs] 
85.087: [GC (Allocation Failure) [PSYoungGen: 91860K->10240K(101888K)] 763110K->681489K(1034240K), 0.0013147 secs] [Times: user=0.00 sys=0.00, real=0.00 secs] 
85.743: [GC (Allocation Failure) [PSYoungGen: 94933K->11264K(101888K)] 868583K->784913K(1034240K), 0.0019489 secs] [Times: user=0.00 sys=0.00, real=0.00 secs] 
87.382: [Full GC (Ergonomics) [PSYoungGen: 95958K->0K(101888K)] [ParOldGen: 927249K->41984K(932352K)] 1023207K->41984K(1034240K), [Metaspace: 2796K->2796K(1056768K)], 0.0051071 secs] [Times: user=0.00 sys=0.00, real=0.00 secs] 
89.239: [GC (Allocation Failure) [PSYoungGen: 83670K->10240K(101888K)] 176854K->103424K(1034240K), 0.0011944 secs] [Times: user=0.00 sys=0.00, real=0.00 secs] 
90.766: [GC (Allocation Failure) [PSYoungGen: 94934K->10240K(101888K)] 341718K->267264K(1034240K), 0.0019088 secs] [Times: user=0.00 sys=0.00, real=0.00 secs] 
91.419: [GC (Allocation Failure) [PSYoungGen: 94934K->12288K(101888K)] 454358K->371712K(1034240K), 0.0013717 secs] [Times: user=0.00 sys=0.00, real=0.00 secs] 
93.710: [GC (Allocation Failure) [PSYoungGen: 96983K->11264K(101888K)] 456407K->380928K(1034240K), 0.0018551 secs] [Times: user=0.00 sys=0.00, real=0.00 secs] 
94.473: [GC (Allocation Failure) [PSYoungGen: 95953K->11264K(101888K)] 568017K->483328K(1034240K), 0.0013275 secs] [Times: user=0.00 sys=0.00, real=0.00 secs] 
96.548: [GC (Allocation Failure) [PSYoungGen: 95955K->10240K(101888K)] 721619K->635904K(1034240K), 0.0018454 secs] [Times: user=0.00 sys=0.00, real=0.00 secs] 
97.314: [GC (Allocation Failure) [PSYoungGen: 94932K->5120K(101888K)] 822997K->753664K(1034240K), 0.0026829 secs] [Times: user=0.00 sys=0.00, real=0.00 secs] 
98.950: [Full GC (Ergonomics) [PSYoungGen: 89813K->0K(101888K)] [ParOldGen: 902144K->82449K(932352K)] 991958K->82449K(1034240K), [Metaspace: 2796K->2796K(1056768K)], 0.0084428 secs] [Times: user=0.02 sys=0.00, real=0.01 secs] 
100.698: [GC (Allocation Failure) [PSYoungGen: 78550K->10240K(101888K)] 314599K->251409K(1034240K), 0.0015914 secs] [Times: user=0.00 sys=0.00, real=0.00 secs] 
101.351: [GC (Allocation Failure) [PSYoungGen: 94934K->2048K(101888K)] 438503K->345617K(1034240K), 0.0007526 secs] [Times: user=0.00 sys=0.00, real=0.00 secs] 
102.991: [GC (Allocation Failure) [PSYoungGen: 86742K->12288K(101888K)] 583912K->509457K(1034240K), 0.0012658 secs] [Times: user=0.00 sys=0.00, real=0.00 secs] 
105.059: [GC (Allocation Failure) [PSYoungGen: 95959K->10240K(101888K)] 593128K->522769K(1034240K), 0.0017955 secs] [Times: user=0.00 sys=0.00, real=0.00 secs] 
105.828: [GC (Allocation Failure) [PSYoungGen: 94929K->10240K(101888K)] 709859K->625169K(1034240K), 0.0018650 secs] [Times: user=0.00 sys=0.00, real=0.00 secs] 
107.907: [GC (Allocation Failure) [PSYoungGen: 89811K->5120K(101888K)] 858341K->773649K(1034240K), 0.0017546 secs] [Times: user=0.00 sys=0.00, real=0.00 secs] 
108.667: [GC (Allocation Failure) [PSYoungGen: 89812K->5120K(101888K)] 960742K->927249K(1034240K), 0.0050427 secs] [Times: user=0.00 sys=0.00, real=0.01 secs] 
108.673: [Full GC (Ergonomics) [PSYoungGen: 5120K->0K(101888K)] [ParOldGen: 922129K->56849K(932352K)] 927249K->56849K(1034240K), [Metaspace: 2796K->2796K(1056768K)], 0.0061213 secs] [Times: user=0.00 sys=0.00, real=0.01 secs] 
110.321: [GC (Allocation Failure) [PSYoungGen: 84693K->10240K(101888K)] 295143K->220689K(1034240K), 0.0012337 secs] [Times: user=0.00 sys=0.00, real=0.00 secs] 
112.173: [GC (Allocation Failure) [PSYoungGen: 93910K->5120K(101888K)] 457959K->379409K(1034240K), 0.0015495 secs] [Times: user=0.00 sys=0.00, real=0.00 secs] 
112.939: [GC (Allocation Failure) [PSYoungGen: 89814K->11264K(101888K)] 566503K->487953K(1034240K), 0.0013381 secs] [Times: user=0.00 sys=0.00, real=0.00 secs] 
114.579: [GC (Allocation Failure) [PSYoungGen: 95958K->11264K(101888K)] 726248K->656913K(1034240K), 0.0021511 secs] [Times: user=0.00 sys=0.00, real=0.00 secs] 
116.434: [GC (Allocation Failure) [PSYoungGen: 94935K->5120K(101888K)] 740584K->661009K(1034240K), 0.0016277 secs] [Times: user=0.00 sys=0.00, real=0.00 secs] 
117.197: [GC (Allocation Failure) [PSYoungGen: 89809K->10240K(101888K)] 848099K->789009K(1034240K), 0.0031560 secs] [Times: user=0.00 sys=0.00, real=0.00 secs] 
118.072: [GC (Allocation Failure) [PSYoungGen: 73427K->10240K(101888K)] 903397K->840209K(1034240K), 0.0017961 secs] [Times: user=0.00 sys=0.00, real=0.00 secs] 
118.074: [GC (Allocation Failure) [PSYoungGen: 10240K->10240K(101888K)] 840209K->840209K(1034240K), 0.0010671 secs] [Times: user=0.00 sys=0.00, real=0.00 secs] 
118.075: [Full GC (Allocation Failure) [PSYoungGen: 10240K->0K(101888K)] [ParOldGen: 829969K->82449K(932352K)] 840209K->82449K(1034240K), [Metaspace: 2796K->2796K(1056768K)], 0.0074234 secs] [Times: user=0.02 sys=0.00, real=0.01 secs] 
120.052: [GC (Allocation Failure) [PSYoungGen: 86740K->5120K(101888K)] 373990K->292369K(1034240K), 0.0008101 secs] [Times: user=0.00 sys=0.00, real=0.00 secs] 
121.693: [GC (Allocation Failure) [PSYoungGen: 89813K->11264K(101888K)] 530663K->452113K(1034240K), 0.0010764 secs] [Times: user=0.00 sys=0.00, real=0.00 secs] 
123.548: [GC (Allocation Failure) [PSYoungGen: 90838K->10240K(101888K)] 685287K->614929K(1034240K), 0.0016970 secs] [Times: user=0.00 sys=0.00, real=0.00 secs] 
124.310: [GC (Allocation Failure) [PSYoungGen: 94934K->10240K(101888K)] 802024K->717329K(1034240K), 0.0012633 secs] [Times: user=0.00 sys=0.00, real=0.00 secs] 
125.948: [GC (Allocation Failure) [PSYoungGen: 94934K->10240K(101888K)] 955624K->886289K(1034240K), 0.0021343 secs] [Times: user=0.00 sys=0.00, real=0.00 secs] 
127.585: [GC (Allocation Failure) [PSYoungGen: 88790K->10240K(101888K)] 964840K->886289K(1034240K), 0.0014847 secs] [Times: user=0.00 sys=0.00, real=0.00 secs] 
128.023: [Full GC (Ergonomics) [PSYoungGen: 52945K->0K(101888K)] [ParOldGen: 927249K->56849K(932352K)] 980194K->56849K(1034240K), [Metaspace: 2796K->2796K(1056768K)], 0.0060053 secs] [Times: user=0.00 sys=0.00, real=0.00 secs] 
130.002: [GC (Allocation Failure) [PSYoungGen: 86737K->10240K(101888K)] 399586K->323089K(1034240K), 0.0011035 secs] [Times: user=0.00 sys=0.00, real=0.00 secs] 
132.075: [GC (Allocation Failure) [PSYoungGen: 79571K->11264K(101888K)] 494820K->431633K(1034240K), 0.0017266 secs] [Times: user=0.00 sys=0.00, real=0.00 secs] 
132.840: [GC (Allocation Failure) [PSYoungGen: 95956K->7168K(101888K)] 618726K->529937K(1034240K), 0.0011618 secs] [Times: user=0.00 sys=0.00, real=0.00 secs] 
134.802: [GC (Allocation Failure) [PSYoungGen: 86741K->10240K(101888K)] 763111K->686609K(1034240K), 0.0013140 secs] [Times: user=0.00 sys=0.00, real=0.00 secs] 
135.452: [GC (Allocation Failure) [PSYoungGen: 94934K->11264K(101888K)] 873703K->790033K(1034240K), 0.0015507 secs] [Times: user=0.00 sys=0.00, real=0.00 secs] 
136.543: [GC (Allocation Failure) [PSYoungGen: 84694K->10240K(101888K)] 914664K->865809K(1034240K), 0.0028284 secs] [Times: user=0.00 sys=0.00, real=0.00 secs] 
136.545: [GC (Allocation Failure) [PSYoungGen: 10240K->10240K(101888K)] 865809K->865809K(1034240K), 0.0013333 secs] [Times: user=0.00 sys=0.00, real=0.00 secs] 
136.547: [Full GC (Allocation Failure) [PSYoungGen: 10240K->0K(101888K)] [ParOldGen: 855569K->87569K(932352K)] 865809K->87569K(1034240K), [Metaspace: 2796K->2796K(1056768K)], 0.0077305 secs] [Times: user=0.00 sys=0.00, real=0.01 secs] 
138.739: [GC (Allocation Failure) [PSYoungGen: 84694K->10240K(101888K)] 325864K->251409K(1034240K), 0.0009225 secs] [Times: user=0.00 sys=0.00, real=0.00 secs] 
140.376: [GC (Allocation Failure) [PSYoungGen: 94934K->10240K(101888K)] 489704K->410129K(1034240K), 0.0013661 secs] [Times: user=0.00 sys=0.00, real=0.00 secs] 
142.776: [GC (Allocation Failure) [PSYoungGen: 96983K->6144K(101888K)] 650472K->559633K(1034240K), 0.0011837 secs] [Times: user=0.00 sys=0.00, real=0.00 secs] 
144.413: [GC (Allocation Failure) [PSYoungGen: 90839K->11264K(101888K)] 797928K->728593K(1034240K), 0.0017937 secs] [Times: user=0.00 sys=0.00, real=0.00 secs] 
146.270: [GC (Allocation Failure) [PSYoungGen: 85719K->10240K(101888K)] 956648K->881169K(1034240K), 0.0014881 secs] [Times: user=0.00 sys=0.00, real=0.00 secs] 
146.487: [GC (Allocation Failure) --[PSYoungGen: 83671K->83671K(101888K)] 954600K->975080K(1034240K), 0.0024128 secs] [Times: user=0.00 sys=0.00, real=0.00 secs] 
146.489: [Full GC (Ergonomics) [PSYoungGen: 83671K->0K(101888K)] [ParOldGen: 891409K->72209K(932352K)] 975080K->72209K(1034240K), [Metaspace: 2796K->2796K(1056768K)], 0.0069066 secs] [Times: user=0.00 sys=0.00, real=0.01 secs] 
148.466: [GC (Allocation Failure) [PSYoungGen: 86737K->10240K(101888K)] 414946K->338449K(1034240K), 0.0011852 secs] [Times: user=0.00 sys=0.00, real=0.00 secs] 
150.321: [GC (Allocation Failure) [PSYoungGen: 88787K->10240K(101888K)] 570596K->492049K(1034240K), 0.0013593 secs] [Times: user=0.00 sys=0.00, real=0.00 secs] 
151.848: [GC (Allocation Failure) [PSYoungGen: 94932K->11264K(101888K)] 730342K->656913K(1034240K), 0.0020367 secs] [Times: user=0.00 sys=0.00, real=0.00 secs] 
152.505: [GC (Allocation Failure) [PSYoungGen: 95957K->13312K(101888K)] 844006K->761361K(1034240K), 0.0018898 secs] [Times: user=0.00 sys=0.00, real=0.00 secs] 
154.689: [GC (Allocation Failure) [PSYoungGen: 96982K->10240K(101888K)] 845031K->763409K(1034240K), 0.0017319 secs] [Times: user=0.00 sys=0.00, real=0.00 secs] 
155.343: [GC (Allocation Failure) [PSYoungGen: 94929K->11264K(101888K)] 950498K->866833K(1034240K), 0.0014879 secs] [Times: user=0.00 sys=0.00, real=0.00 secs] 
156.435: [Full GC (Ergonomics) [PSYoungGen: 84691K->0K(101888K)] [ParOldGen: 906769K->92689K(932352K)] 991460K->92689K(1034240K), [Metaspace: 2796K->2796K(1056768K)], 0.0083227 secs] [Times: user=0.00 sys=0.00, real=0.01 secs] 
158.956: [GC (Allocation Failure) [PSYoungGen: 81620K->10240K(101888K)] 430310K->364049K(1034240K), 0.0013775 secs] [Times: user=0.00 sys=0.00, real=0.00 secs] 
159.612: [GC (Allocation Failure) [PSYoungGen: 94933K->1024K(101888K)] 551142K->457233K(1034240K), 0.0009780 secs] [Times: user=0.00 sys=0.00, real=0.00 secs] 
161.686: [GC (Allocation Failure) [PSYoungGen: 84694K->10240K(101888K)] 694503K->620049K(1034240K), 0.0013211 secs] [Times: user=0.00 sys=0.00, real=0.00 secs] 
163.213: [GC (Allocation Failure) [PSYoungGen: 94934K->6144K(101888K)] 858344K->790033K(1034240K), 0.0019836 secs] [Times: user=0.00 sys=0.00, real=0.00 secs] 
163.867: [GC (Allocation Failure) [PSYoungGen: 90838K->7168K(101888K)] 977128K->893457K(1034240K), 0.0015731 secs] [Times: user=0.00 sys=0.00, real=0.00 secs] 
165.942: [GC (Allocation Failure) [PSYoungGen: 90839K->10240K(101888K)] 977128K->896529K(1034240K), 0.0014564 secs] [Times: user=0.00 sys=0.00, real=0.00 secs] 
166.270: [GC (Allocation Failure) [PSYoungGen: 52945K->5120K(101888K)] 939235K->932369K(1034240K), 0.0028043 secs] [Times: user=0.00 sys=0.00, real=0.00 secs] 
166.273: [Full GC (Ergonomics) [PSYoungGen: 5120K->0K(101888K)] [ParOldGen: 927249K->26129K(932352K)] 932369K->26129K(1034240K), [Metaspace: 2796K->2796K(1056768K)], 0.0040475 secs] [Times: user=0.00 sys=0.00, real=0.00 secs] 
167.374: [GC (Allocation Failure) [PSYoungGen: 84689K->10240K(101888K)] 213219K->138769K(1034240K), 0.0011167 secs] [Times: user=0.00 sys=0.00, real=0.00 secs] 
169.993: [GC (Allocation Failure) [PSYoungGen: 96979K->5120K(101888K)] 532709K->440849K(1034240K), 0.0009541 secs] [Times: user=0.00 sys=0.00, real=0.00 secs] 
171.635: [GC (Allocation Failure) [PSYoungGen: 89812K->11264K(101888K)] 679142K->605713K(1034240K), 0.0020628 secs] [Times: user=0.00 sys=0.00, real=0.00 secs] 
173.276: [GC (Allocation Failure) [PSYoungGen: 80597K->10240K(101888K)] 828647K->768529K(1034240K), 0.0017138 secs] [Times: user=0.00 sys=0.00, real=0.00 secs] 
174.038: [GC (Allocation Failure) [PSYoungGen: 94934K->10240K(101888K)] 955623K->881169K(1034240K), 0.0018477 secs] [Times: user=0.00 sys=0.00, real=0.00 secs] 
174.911: [Full GC (Ergonomics) [PSYoungGen: 73430K->0K(101888K)] [ParOldGen: 922129K->77329K(932352K)] 995560K->77329K(1034240K), [Metaspace: 2796K->2796K(1056768K)], 0.0074066 secs] [Times: user=0.00 sys=0.00, real=0.01 secs] 
176.998: [GC (Allocation Failure) [PSYoungGen: 84694K->10240K(101888K)] 264424K->189969K(1034240K), 0.0007628 secs] [Times: user=0.00 sys=0.00, real=0.00 secs] 
178.634: [GC (Allocation Failure) [PSYoungGen: 94934K->10240K(101888K)] 428264K->348689K(1034240K), 0.0013085 secs] [Times: user=0.00 sys=0.00, real=0.00 secs] 
181.145: [GC (Allocation Failure) [PSYoungGen: 96983K->6144K(101888K)] 691432K->600593K(1034240K), 0.0009990 secs] [Times: user=0.00 sys=0.00, real=0.00 secs] 
182.780: [GC (Allocation Failure) [PSYoungGen: 90839K->12288K(101888K)] 838888K->760337K(1034240K), 0.0014690 secs] [Times: user=0.00 sys=0.00, real=0.00 secs] 
184.634: [Full GC (Ergonomics) [PSYoungGen: 91863K->0K(101888K)] [ParOldGen: 901649K->11264K(932352K)] 993512K->11264K(1034240K), [Metaspace: 2796K->2796K(1056768K)], 0.0033307 secs] [Times: user=0.00 sys=0.00, real=0.00 secs] 
185.400: [GC (Allocation Failure) [PSYoungGen: 84695K->10240K(101888K)] 198359K->123904K(1034240K), 0.0008254 secs] [Times: user=0.00 sys=0.00, real=0.00 secs] 
187.036: [GC (Allocation Failure) [PSYoungGen: 94935K->10240K(101888K)] 362199K->303104K(1034240K), 0.0028422 secs] [Times: user=0.00 sys=0.00, real=0.00 secs] 
188.781: [GC (Allocation Failure) [PSYoungGen: 93911K->10240K(101888K)] 437975K->359424K(1034240K), 0.0017132 secs] [Times: user=0.00 sys=0.00, real=0.00 secs] 
189.438: [GC (Allocation Failure) [PSYoungGen: 94935K->1024K(101888K)] 546519K->452608K(1034240K), 0.0017902 secs] [Times: user=0.00 sys=0.00, real=0.00 secs] 
191.075: [GC (Allocation Failure) [PSYoungGen: 85719K->11296K(101888K)] 690903K->616480K(1034240K), 0.0018972 secs] [Times: user=0.00 sys=0.00, real=0.00 secs] 
193.151: [GC (Allocation Failure) [PSYoungGen: 85751K->11296K(101888K)] 690935K->626720K(1034240K), 0.0020902 secs] [Times: user=0.00 sys=0.00, real=0.00 secs] 
193.914: [GC (Allocation Failure) [PSYoungGen: 95985K->11296K(101888K)] 813809K->739360K(1034240K), 0.0027747 secs] [Times: user=0.00 sys=0.00, real=0.00 secs] 
195.988: [GC (Allocation Failure) [PSYoungGen: 95987K->10304K(101888K)] 977651K->891968K(1034240K), 0.0029544 secs] [Times: user=0.00 sys=0.00, real=0.00 secs] 
196.207: [GC (Allocation Failure) --[PSYoungGen: 83732K->83732K(101888K)] 965396K->965396K(1034240K), 0.0033576 secs] [Times: user=0.00 sys=0.00, real=0.00 secs] 
196.210: [Full GC (Ergonomics) [PSYoungGen: 83732K->0K(101888K)] [ParOldGen: 881664K->72704K(932352K)] 965396K->72704K(1034240K), [Metaspace: 2796K->2796K(1056768K)], 0.0070146 secs] [Times: user=0.00 sys=0.00, real=0.01 secs] 
198.189: [GC (Allocation Failure) [PSYoungGen: 86735K->10240K(101888K)] 415440K->338944K(1034240K), 0.0010493 secs] [Times: user=0.00 sys=0.00, real=0.00 secs] 
200.037: [GC (Allocation Failure) [PSYoungGen: 88786K->10240K(101888K)] 571090K->492544K(1034240K), 0.0019831 secs] [Times: user=0.00 sys=0.00, real=0.00 secs] 
201.568: [GC (Allocation Failure) [PSYoungGen: 94932K->11264K(101888K)] 730836K->657408K(1034240K), 0.0020687 secs] [Times: user=0.00 sys=0.00, real=0.00 secs] 
202.221: [GC (Allocation Failure) [PSYoungGen: 95957K->13312K(101888K)] 844501K->761856K(1034240K), 0.0013174 secs] [Times: user=0.00 sys=0.00, real=0.00 secs] 
204.405: [GC (Allocation Failure) [PSYoungGen: 96981K->5120K(101888K)] 845526K->763904K(1034240K), 0.0017868 secs] [Times: user=0.00 sys=0.00, real=0.00 secs] 
205.060: [GC (Allocation Failure) [PSYoungGen: 89808K->6144K(101888K)] 950993K->877568K(1034240K), 0.0018210 secs] [Times: user=0.02 sys=0.00, real=0.00 secs] 
206.150: [Full GC (Ergonomics) [PSYoungGen: 79571K->0K(101888K)] [ParOldGen: 922624K->92689K(932352K)] 1002195K->92689K(1034240K), [Metaspace: 2796K->2796K(1056768K)], 0.0085191 secs] [Times: user=0.00 sys=0.00, real=0.01 secs] 
208.676: [GC (Allocation Failure) [PSYoungGen: 81620K->10240K(101888K)] 430310K->364049K(1034240K), 0.0015278 secs] [Times: user=0.00 sys=0.00, real=0.00 secs] 
209.333: [GC (Allocation Failure) [PSYoungGen: 94933K->1024K(101888K)] 551143K->457233K(1034240K), 0.0013775 secs] [Times: user=0.00 sys=0.00, real=0.00 secs] 
211.403: [GC (Allocation Failure) [PSYoungGen: 84694K->10240K(101888K)] 694504K->620049K(1034240K), 0.0011729 secs] [Times: user=0.00 sys=0.00, real=0.00 secs] 
212.930: [GC (Allocation Failure) [PSYoungGen: 94934K->11264K(101888K)] 858344K->790034K(1034240K), 0.0019697 secs] [Times: user=0.00 sys=0.00, real=0.00 secs] 
213.587: [GC (Allocation Failure) [PSYoungGen: 95958K->2048K(101888K)] 977128K->883218K(1034240K), 0.0017298 secs] [Times: user=0.00 sys=0.00, real=0.00 secs] 
215.663: [GC (Allocation Failure) [PSYoungGen: 85718K->10240K(101888K)] 966888K->891410K(1034240K), 0.0016187 secs] [Times: user=0.00 sys=0.00, real=0.00 secs] 
215.990: [GC (Allocation Failure) [PSYoungGen: 52945K->5120K(101888K)] 934115K->927250K(1034240K), 0.0029222 secs] [Times: user=0.00 sys=0.00, real=0.00 secs] 
215.993: [Full GC (Ergonomics) [PSYoungGen: 5120K->0K(101888K)] [ParOldGen: 922130K->26129K(932352K)] 927250K->26129K(1034240K), [Metaspace: 2796K->2796K(1056768K)], 0.0041845 secs] [Times: user=0.00 sys=0.00, real=0.01 secs] 
217.081: [GC (Allocation Failure) [PSYoungGen: 84689K->10240K(101888K)] 213219K->138769K(1034240K), 0.0009804 secs] [Times: user=0.00 sys=0.00, real=0.00 secs] 
Heap
 PSYoungGen      total 101888K, used 76203K [0x00000000f8e80000, 0x0000000100000000, 0x0000000100000000)
  eden space 87552K, 75% used [0x00000000f8e80000,0x00000000fceeabf8,0x00000000fe400000)
  from space 14336K, 71% used [0x00000000ff200000,0x00000000ffc00020,0x0000000100000000)
  to   space 14336K, 0% used [0x00000000fe400000,0x00000000fe400000,0x00000000ff200000)
 ParOldGen       total 932352K, used 282129K [0x00000000c0000000, 0x00000000f8e80000, 0x00000000f8e80000)
  object space 932352K, 30% used [0x00000000c0000000,0x00000000d1384730,0x00000000f8e80000)
 Metaspace       used 2804K, capacity 4486K, committed 4864K, reserved 1056768K
  class space    used 297K, capacity 386K, committed 512K, reserved 1048576K
