Java HotSpot(TM) 64-Bit Server VM (25.411-b09) for windows-amd64 JRE (1.8.0_411-b09), built on Mar 13 2024 07:26:13 by "java_re" with MS VC++ 17.1 (VS2022)
Memory: 4k page, physical 33403376k(14416068k free), swap 37153868k(7552236k free)
CommandLine flags: -XX:InitialHeapSize=536870912 -XX:MaxHeapSize=536870912 -XX:NewRatio=2 -XX:ParallelGCThreads=6 -XX:+PrintGC -XX:+PrintGCDetails -XX:+PrintGCTimeStamps -XX:SurvivorRatio=7 -XX:-UseAdaptiveSizePolicy -XX:+UseCompressedClassPointers -XX:+UseCompressedOops -XX:-UseLargePagesIndividualAllocation -XX:+UseParallelGC 
1.868: [GC (Allocation Failure) [PSYoungGen: 136540K->11936K(155648K)] 238940K->114344K(505344K), 0.0028912 secs] [Times: user=0.00 sys=0.00, real=0.00 secs] 
3.536: [GC (Allocation Failure) [PSYoungGen: 147790K->18024K(155648K)] 352598K->222832K(505344K), 0.0031508 secs] [Times: user=0.00 sys=0.00, real=0.00 secs] 
5.607: [GC (Allocation Failure) [PSYoungGen: 118038K->15976K(155648K)] 322846K->241264K(505344K), 0.0155260 secs] [Times: user=0.00 sys=0.00, real=0.02 secs] 
7.073: [Full GC (Ergonomics) [PSYoungGen: 142950K->0K(155648K)] [ParOldGen: 327688K->41488K(349696K)] 470639K->41488K(505344K), [Metaspace: 2759K->2759K(1056768K)], 0.0092417 secs] [Times: user=0.00 sys=0.00, real=0.01 secs] 
8.511: [GC (Allocation Failure) [PSYoungGen: 89769K->0K(155648K)] 233658K->164368K(505344K), 0.0020208 secs] [Times: user=0.00 sys=0.00, real=0.00 secs] 
9.929: [GC (Allocation Failure) [PSYoungGen: 125611K->5120K(155648K)] 392380K->343569K(505344K), 0.0160135 secs] [Times: user=0.00 sys=0.00, real=0.02 secs] 
9.945: [Full GC (Ergonomics) [PSYoungGen: 5120K->0K(155648K)] [ParOldGen: 338449K->77328K(349696K)] 343569K->77328K(505344K), [Metaspace: 2761K->2761K(1056768K)], 0.0068043 secs] [Times: user=0.00 sys=0.00, real=0.01 secs] 
11.370: [GC (Allocation Failure) [PSYoungGen: 125612K->5120K(155648K)] 305341K->205328K(505344K), 0.0023363 secs] [Times: user=0.00 sys=0.00, real=0.00 secs] 
12.790: [Full GC (Ergonomics) [PSYoungGen: 111141K->0K(155648K)] [ParOldGen: 302608K->26129K(349696K)] 413750K->26129K(505344K), [Metaspace: 2763K->2763K(1056768K)], 0.0033898 secs] [Times: user=0.00 sys=0.00, real=0.00 secs] 
14.205: [GC (Allocation Failure) [PSYoungGen: 125613K->11264K(155648K)] 254142K->160273K(505344K), 0.0023762 secs] [Times: user=0.00 sys=0.00, real=0.00 secs] 
16.723: [GC (Allocation Failure) [PSYoungGen: 147117K->10240K(155648K)] 398527K->261649K(505344K), 0.0010851 secs] [Times: user=0.00 sys=0.00, real=0.00 secs] 
17.159: [GC (Allocation Failure) [PSYoungGen: 105133K->5120K(155648K)] 356543K->328209K(505344K), 0.0054718 secs] [Times: user=0.00 sys=0.00, real=0.00 secs] 
17.164: [Full GC (Ergonomics) [PSYoungGen: 5120K->0K(155648K)] [ParOldGen: 323089K->77329K(349696K)] 328209K->77329K(505344K), [Metaspace: 2768K->2768K(1056768K)], 0.0065941 secs] [Times: user=0.00 sys=0.00, real=0.01 secs] 
18.158: [GC (Allocation Failure) [PSYoungGen: 135847K->10240K(155648K)] 213176K->87569K(505344K), 0.0010209 secs] [Times: user=0.00 sys=0.00, real=0.00 secs] 
19.899: [GC (Allocation Failure) [PSYoungGen: 125590K->5120K(155648K)] 305319K->184849K(505344K), 0.0008725 secs] [Times: user=0.00 sys=0.00, real=0.00 secs] 
21.317: [Full GC (Ergonomics) [PSYoungGen: 130718K->0K(155648K)] [ParOldGen: 282129K->128529K(349696K)] 412848K->128529K(505344K), [Metaspace: 2779K->2779K(1056768K)], 0.0094456 secs] [Times: user=0.06 sys=0.00, real=0.01 secs] 
22.747: [GC (Allocation Failure) [PSYoungGen: 125604K->6144K(155648K)] 356533K->257553K(505344K), 0.0024671 secs] [Times: user=0.00 sys=0.00, real=0.00 secs] 
22.857: [GC (Allocation Failure) [PSYoungGen: 60071K->6144K(155648K)] 311480K->308753K(505344K), 0.0049671 secs] [Times: user=0.00 sys=0.00, real=0.01 secs] 
22.862: [Full GC (Ergonomics) [PSYoungGen: 6144K->0K(155648K)] [ParOldGen: 302609K->165393K(349696K)] 308753K->165393K(505344K), [Metaspace: 2779K->2779K(1056768K)], 0.0050527 secs] [Times: user=0.00 sys=0.00, real=0.00 secs] 
24.072: [GC (Allocation Failure) [PSYoungGen: 130727K->10240K(155648K)] 296120K->185873K(505344K), 0.0016368 secs] [Times: user=0.00 sys=0.00, real=0.00 secs] 
25.491: [Full GC (Ergonomics) [PSYoungGen: 135830K->0K(155648K)] [ParOldGen: 278033K->26624K(349696K)] 413863K->26624K(505344K), [Metaspace: 2779K->2779K(1056768K)], 0.0032328 secs] [Times: user=0.00 sys=0.00, real=0.00 secs] 
26.912: [GC (Allocation Failure) [PSYoungGen: 125598K->15360K(155648K)] 254622K->144384K(505344K), 0.0014347 secs] [Times: user=0.00 sys=0.00, real=0.00 secs] 
28.442: [GC (Allocation Failure) [PSYoungGen: 105701K->5152K(155648K)] 234725K->154656K(505344K), 0.0028626 secs] [Times: user=0.00 sys=0.00, real=0.00 secs] 
29.859: [GC (Allocation Failure) [PSYoungGen: 130746K->10272K(155648K)] 382650K->333864K(505344K), 0.0058146 secs] [Times: user=0.00 sys=0.00, real=0.01 secs] 
29.865: [Full GC (Ergonomics) [PSYoungGen: 10272K->0K(155648K)] [ParOldGen: 323592K->82449K(349696K)] 333864K->82449K(505344K), [Metaspace: 2793K->2793K(1056768K)], 0.0067502 secs] [Times: user=0.00 sys=0.00, real=0.01 secs] 
32.606: [Full GC (Ergonomics) [PSYoungGen: 132769K->0K(155648K)] [ParOldGen: 287249K->17408K(349696K)] 420018K->17408K(505344K), [Metaspace: 2793K->2793K(1056768K)], 0.0028585 secs] [Times: user=0.00 sys=0.00, real=0.00 secs] 
34.026: [GC (Allocation Failure) [PSYoungGen: 125605K->11264K(155648K)] 245414K->141312K(505344K), 0.0017175 secs] [Times: user=0.00 sys=0.00, real=0.00 secs] 
35.554: [GC (Allocation Failure) [PSYoungGen: 131752K->10240K(155648K)] 364200K->263168K(505344K), 0.0024432 secs] [Times: user=0.00 sys=0.00, real=0.00 secs] 
35.663: [GC (Allocation Failure) [PSYoungGen: 64170K->10240K(155648K)] 317098K->314368K(505344K), 0.0051182 secs] [Times: user=0.00 sys=0.00, real=0.01 secs] 
35.668: [Full GC (Ergonomics) [PSYoungGen: 10240K->0K(155648K)] [ParOldGen: 304128K->61969K(349696K)] 314368K->61969K(505344K), [Metaspace: 2793K->2793K(1056768K)], 0.0055649 secs] [Times: user=0.00 sys=0.00, real=0.01 secs] 
36.661: [GC (Allocation Failure) [PSYoungGen: 135850K->10240K(155648K)] 197819K->72209K(505344K), 0.0009804 secs] [Times: user=0.00 sys=0.00, real=0.00 secs] 
38.197: [GC (Allocation Failure) [PSYoungGen: 146072K->15360K(155648K)] 310442K->205329K(505344K), 0.0031108 secs] [Times: user=0.00 sys=0.00, real=0.00 secs] 
39.724: [GC (Allocation Failure) [PSYoungGen: 140960K->15360K(155648K)] 330929K->205329K(505344K), 0.0015777 secs] [Times: user=0.00 sys=0.00, real=0.00 secs] 
41.141: [Full GC (Ergonomics) [PSYoungGen: 140960K->0K(155648K)] [ParOldGen: 292369K->123409K(349696K)] 433329K->123409K(505344K), [Metaspace: 2793K->2793K(1056768K)], 0.0096773 secs] [Times: user=0.00 sys=0.00, real=0.01 secs] 
43.663: [GC (Allocation Failure) [PSYoungGen: 132773K->6144K(155648K)] 358582K->231953K(505344K), 0.0009337 secs] [Times: user=0.00 sys=0.00, real=0.00 secs] 
45.194: [Full GC (Ergonomics) [PSYoungGen: 136872K->0K(155648K)] [ParOldGen: 328209K->22528K(349696K)] 465081K->22528K(505344K), [Metaspace: 2795K->2795K(1056768K)], 0.0038225 secs] [Times: user=0.00 sys=0.00, real=0.00 secs] 
46.944: [GC (Allocation Failure) [PSYoungGen: 135850K->0K(155648K)] 260778K->165888K(505344K), 0.0021638 secs] [Times: user=0.00 sys=0.00, real=0.00 secs] 
48.366: [Full GC (Ergonomics) [PSYoungGen: 125611K->0K(155648K)] [ParOldGen: 268288K->46609K(349696K)] 393899K->46609K(505344K), [Metaspace: 2795K->2795K(1056768K)], 0.0050741 secs] [Times: user=0.00 sys=0.00, real=0.01 secs] 
49.784: [GC (Allocation Failure) [PSYoungGen: 125612K->5120K(155648K)] 274621K->225809K(505344K), 0.0052883 secs] [Times: user=0.00 sys=0.00, real=0.01 secs] 
51.202: [Full GC (Ergonomics) [PSYoungGen: 115373K->0K(155648K)] [ParOldGen: 323089K->26624K(349696K)] 438462K->26624K(505344K), [Metaspace: 2795K->2795K(1056768K)], 0.0038410 secs] [Times: user=0.00 sys=0.00, real=0.00 secs] 
52.624: [GC (Allocation Failure) [PSYoungGen: 125613K->6144K(155648K)] 254637K->155648K(505344K), 0.0021947 secs] [Times: user=0.00 sys=0.00, real=0.00 secs] 
55.132: [GC (Allocation Failure) [PSYoungGen: 132781K->10240K(155648K)] 384685K->262144K(505344K), 0.0011646 secs] [Times: user=0.00 sys=0.00, real=0.00 secs] 
55.568: [GC (Allocation Failure) [PSYoungGen: 105133K->15360K(155648K)] 357037K->318464K(505344K), 0.0052527 secs] [Times: user=0.02 sys=0.00, real=0.00 secs] 
55.573: [Full GC (Ergonomics) [PSYoungGen: 15360K->0K(155648K)] [ParOldGen: 303104K->67089K(349696K)] 318464K->67089K(505344K), [Metaspace: 2795K->2795K(1056768K)], 0.0059312 secs] [Times: user=0.00 sys=0.00, real=0.01 secs] 
56.566: [GC (Allocation Failure) [PSYoungGen: 135847K->10240K(155648K)] 202936K->77329K(505344K), 0.0010484 secs] [Times: user=0.00 sys=0.00, real=0.00 secs] 
58.320: [GC (Allocation Failure) [PSYoungGen: 140950K->0K(155648K)] 310439K->189969K(505344K), 0.0019770 secs] [Times: user=0.00 sys=0.00, real=0.00 secs] 
59.736: [Full GC (Ergonomics) [PSYoungGen: 125598K->0K(155648K)] [ParOldGen: 292369K->77824K(349696K)] 417968K->77824K(505344K), [Metaspace: 2796K->2796K(1056768K)], 0.0065302 secs] [Times: user=0.00 sys=0.00, real=0.01 secs] 
61.152: [GC (Allocation Failure) [PSYoungGen: 125604K->5120K(155648K)] 305828K->205824K(505344K), 0.0021484 secs] [Times: user=0.00 sys=0.00, real=0.00 secs] 
62.574: [Full GC (Ergonomics) [PSYoungGen: 110247K->0K(155648K)] [ParOldGen: 303104K->26624K(349696K)] 413351K->26624K(505344K), [Metaspace: 2796K->2796K(1056768K)], 0.0030622 secs] [Times: user=0.00 sys=0.00, real=0.00 secs] 
63.999: [GC (Allocation Failure) [PSYoungGen: 125609K->11264K(155648K)] 254634K->160768K(505344K), 0.0023598 secs] [Times: user=0.00 sys=0.00, real=0.00 secs] 
66.517: [GC (Allocation Failure) [PSYoungGen: 147115K->10240K(155648K)] 399019K->262144K(505344K), 0.0010954 secs] [Times: user=0.00 sys=0.00, real=0.00 secs] 
66.957: [GC (Allocation Failure) [PSYoungGen: 105132K->5120K(155648K)] 357036K->328704K(505344K), 0.0052151 secs] [Times: user=0.02 sys=0.00, real=0.00 secs] 
66.962: [Full GC (Ergonomics) [PSYoungGen: 5120K->0K(155648K)] [ParOldGen: 323584K->77329K(349696K)] 328704K->77329K(505344K), [Metaspace: 2796K->2796K(1056768K)], 0.0071565 secs] [Times: user=0.00 sys=0.00, real=0.01 secs] 
67.955: [GC (Allocation Failure) [PSYoungGen: 135846K->10240K(155648K)] 213175K->87569K(505344K), 0.0008961 secs] [Times: user=0.00 sys=0.00, real=0.00 secs] 
69.697: [GC (Allocation Failure) [PSYoungGen: 125589K->5120K(155648K)] 305319K->184849K(505344K), 0.0009019 secs] [Times: user=0.00 sys=0.00, real=0.00 secs] 
71.113: [Full GC (Ergonomics) [PSYoungGen: 130718K->0K(155648K)] [ParOldGen: 282129K->128529K(349696K)] 412847K->128529K(505344K), [Metaspace: 2796K->2796K(1056768K)], 0.0096129 secs] [Times: user=0.00 sys=0.00, real=0.01 secs] 
72.549: [GC (Allocation Failure) [PSYoungGen: 125603K->6144K(155648K)] 356533K->257553K(505344K), 0.0022998 secs] [Times: user=0.00 sys=0.00, real=0.00 secs] 
72.657: [GC (Allocation Failure) [PSYoungGen: 60071K->6144K(155648K)] 311480K->308753K(505344K), 0.0044764 secs] [Times: user=0.00 sys=0.00, real=0.00 secs] 
72.662: [Full GC (Ergonomics) [PSYoungGen: 6144K->0K(155648K)] [ParOldGen: 302609K->165393K(349696K)] 308753K->165393K(505344K), [Metaspace: 2796K->2796K(1056768K)], 0.0052299 secs] [Times: user=0.00 sys=0.00, real=0.00 secs] 
73.876: [GC (Allocation Failure) [PSYoungGen: 130727K->10240K(155648K)] 296120K->185873K(505344K), 0.0018722 secs] [Times: user=0.00 sys=0.00, real=0.00 secs] 
75.293: [Full GC (Ergonomics) [PSYoungGen: 135829K->0K(155648K)] [ParOldGen: 278033K->26129K(349696K)] 413863K->26129K(505344K), [Metaspace: 2796K->2796K(1056768K)], 0.0032995 secs] [Times: user=0.00 sys=0.00, real=0.00 secs] 
76.714: [GC (Allocation Failure) [PSYoungGen: 125598K->15360K(155648K)] 254127K->143889K(505344K), 0.0015395 secs] [Times: user=0.00 sys=0.00, real=0.00 secs] 
78.238: [GC (Allocation Failure) [PSYoungGen: 105123K->5120K(155648K)] 233653K->154129K(505344K), 0.0023744 secs] [Times: user=0.00 sys=0.00, real=0.00 secs] 
79.653: [GC (Allocation Failure) [PSYoungGen: 130720K->10240K(155648K)] 382129K->333329K(505344K), 0.0055615 secs] [Times: user=0.00 sys=0.00, real=0.01 secs] 
79.659: [Full GC (Ergonomics) [PSYoungGen: 10240K->0K(155648K)] [ParOldGen: 323089K->82449K(349696K)] 333329K->82449K(505344K), [Metaspace: 2796K->2796K(1056768K)], 0.0067094 secs] [Times: user=0.00 sys=0.00, real=0.01 secs] 
82.399: [Full GC (Ergonomics) [PSYoungGen: 132773K->0K(155648K)] [ParOldGen: 287249K->17408K(349696K)] 420022K->17408K(505344K), [Metaspace: 2796K->2796K(1056768K)], 0.0031343 secs] [Times: user=0.00 sys=0.00, real=0.00 secs] 
83.815: [GC (Allocation Failure) [PSYoungGen: 125608K->11264K(155648K)] 245416K->141312K(505344K), 0.0015769 secs] [Times: user=0.00 sys=0.00, real=0.00 secs] 
85.344: [GC (Allocation Failure) [PSYoungGen: 131754K->10240K(155648K)] 364202K->263168K(505344K), 0.0024846 secs] [Times: user=0.00 sys=0.00, real=0.00 secs] 
85.453: [GC (Allocation Failure) [PSYoungGen: 64171K->10240K(155648K)] 317099K->314368K(505344K), 0.0051614 secs] [Times: user=0.00 sys=0.00, real=0.00 secs] 
85.458: [Full GC (Ergonomics) [PSYoungGen: 10240K->0K(155648K)] [ParOldGen: 304128K->61969K(349696K)] 314368K->61969K(505344K), [Metaspace: 2796K->2796K(1056768K)], 0.0056207 secs] [Times: user=0.00 sys=0.00, real=0.01 secs] 
86.456: [GC (Allocation Failure) [PSYoungGen: 135851K->10240K(155648K)] 197821K->72209K(505344K), 0.0009734 secs] [Times: user=0.00 sys=0.00, real=0.00 secs] 
87.984: [GC (Allocation Failure) [PSYoungGen: 146073K->15360K(155648K)] 310442K->205329K(505344K), 0.0029588 secs] [Times: user=0.00 sys=0.00, real=0.00 secs] 
89.514: [GC (Allocation Failure) [PSYoungGen: 140960K->15360K(155648K)] 330930K->205329K(505344K), 0.0013863 secs] [Times: user=0.00 sys=0.00, real=0.00 secs] 
90.937: [Full GC (Ergonomics) [PSYoungGen: 140960K->0K(155648K)] [ParOldGen: 292369K->123409K(349696K)] 433329K->123409K(505344K), [Metaspace: 2796K->2796K(1056768K)], 0.0111593 secs] [Times: user=0.00 sys=0.00, real=0.01 secs] 
93.454: [GC (Allocation Failure) [PSYoungGen: 132773K->6144K(155648K)] 358582K->231953K(505344K), 0.0008877 secs] [Times: user=0.00 sys=0.00, real=0.00 secs] 
94.983: [Full GC (Ergonomics) [PSYoungGen: 136872K->0K(155648K)] [ParOldGen: 328209K->22528K(349696K)] 465081K->22528K(505344K), [Metaspace: 2796K->2796K(1056768K)], 0.0029989 secs] [Times: user=0.00 sys=0.00, real=0.00 secs] 
96.731: [GC (Allocation Failure) [PSYoungGen: 135850K->0K(155648K)] 260778K->165888K(505344K), 0.0023771 secs] [Times: user=0.00 sys=0.00, real=0.00 secs] 
98.151: [Full GC (Ergonomics) [PSYoungGen: 125611K->0K(155648K)] [ParOldGen: 268288K->46609K(349696K)] 393899K->46609K(505344K), [Metaspace: 2796K->2796K(1056768K)], 0.0047812 secs] [Times: user=0.00 sys=0.00, real=0.00 secs] 
99.572: [GC (Allocation Failure) [PSYoungGen: 125612K->5120K(155648K)] 274622K->225809K(505344K), 0.0053297 secs] [Times: user=0.00 sys=0.00, real=0.00 secs] 
100.992: [Full GC (Ergonomics) [PSYoungGen: 115373K->0K(155648K)] [ParOldGen: 323089K->26624K(349696K)] 438462K->26624K(505344K), [Metaspace: 2796K->2796K(1056768K)], 0.0035933 secs] [Times: user=0.00 sys=0.00, real=0.00 secs] 
102.411: [GC (Allocation Failure) [PSYoungGen: 125613K->6144K(155648K)] 254637K->155648K(505344K), 0.0022700 secs] [Times: user=0.02 sys=0.00, real=0.00 secs] 
104.928: [GC (Allocation Failure) [PSYoungGen: 132781K->10240K(155648K)] 384685K->262144K(505344K), 0.0010544 secs] [Times: user=0.06 sys=0.00, real=0.00 secs] 
105.365: [GC (Allocation Failure) [PSYoungGen: 105133K->15360K(155648K)] 357037K->318464K(505344K), 0.0048782 secs] [Times: user=0.00 sys=0.00, real=0.00 secs] 
105.370: [Full GC (Ergonomics) [PSYoungGen: 15360K->0K(155648K)] [ParOldGen: 303104K->67089K(349696K)] 318464K->67089K(505344K), [Metaspace: 2796K->2796K(1056768K)], 0.0057792 secs] [Times: user=0.00 sys=0.00, real=0.01 secs] 
106.363: [GC (Allocation Failure) [PSYoungGen: 135847K->10240K(155648K)] 202936K->77329K(505344K), 0.0010584 secs] [Times: user=0.00 sys=0.00, real=0.00 secs] 
108.113: [GC (Allocation Failure) [PSYoungGen: 140950K->0K(155648K)] 310439K->189969K(505344K), 0.0019913 secs] [Times: user=0.00 sys=0.00, real=0.00 secs] 
109.533: [Full GC (Ergonomics) [PSYoungGen: 125598K->0K(155648K)] [ParOldGen: 292369K->77824K(349696K)] 417968K->77824K(505344K), [Metaspace: 2796K->2796K(1056768K)], 0.0067912 secs] [Times: user=0.00 sys=0.00, real=0.01 secs] 
110.967: [GC (Allocation Failure) [PSYoungGen: 125604K->5120K(155648K)] 305828K->205824K(505344K), 0.0024140 secs] [Times: user=0.00 sys=0.00, real=0.00 secs] 
112.384: [Full GC (Ergonomics) [PSYoungGen: 110247K->0K(155648K)] [ParOldGen: 303104K->26624K(349696K)] 413351K->26624K(505344K), [Metaspace: 2796K->2796K(1056768K)], 0.0033912 secs] [Times: user=0.00 sys=0.00, real=0.00 secs] 
113.802: [GC (Allocation Failure) [PSYoungGen: 125609K->11264K(155648K)] 254634K->160768K(505344K), 0.0023969 secs] [Times: user=0.00 sys=0.00, real=0.00 secs] 
116.313: [GC (Allocation Failure) [PSYoungGen: 147115K->10240K(155648K)] 399019K->262144K(505344K), 0.0011401 secs] [Times: user=0.00 sys=0.00, real=0.00 secs] 
116.752: [GC (Allocation Failure) [PSYoungGen: 105132K->5120K(155648K)] 357036K->328704K(505344K), 0.0054537 secs] [Times: user=0.02 sys=0.00, real=0.00 secs] 
116.758: [Full GC (Ergonomics) [PSYoungGen: 5120K->0K(155648K)] [ParOldGen: 323584K->77329K(349696K)] 328704K->77329K(505344K), [Metaspace: 2796K->2796K(1056768K)], 0.0067381 secs] [Times: user=0.00 sys=0.00, real=0.01 secs] 
117.751: [GC (Allocation Failure) [PSYoungGen: 135846K->10240K(155648K)] 213175K->87569K(505344K), 0.0010527 secs] [Times: user=0.00 sys=0.00, real=0.00 secs] 
119.502: [GC (Allocation Failure) [PSYoungGen: 125589K->5120K(155648K)] 305319K->184849K(505344K), 0.0006942 secs] [Times: user=0.00 sys=0.00, real=0.00 secs] 
120.923: [Full GC (Ergonomics) [PSYoungGen: 130718K->0K(155648K)] [ParOldGen: 282129K->128529K(349696K)] 412847K->128529K(505344K), [Metaspace: 2796K->2796K(1056768K)], 0.0104367 secs] [Times: user=0.02 sys=0.00, real=0.01 secs] 
122.356: [GC (Allocation Failure) [PSYoungGen: 125603K->6144K(155648K)] 356533K->257553K(505344K), 0.0024187 secs] [Times: user=0.00 sys=0.00, real=0.00 secs] 
122.465: [GC (Allocation Failure) [PSYoungGen: 60071K->6144K(155648K)] 311480K->308753K(505344K), 0.0045248 secs] [Times: user=0.00 sys=0.00, real=0.01 secs] 
122.469: [Full GC (Ergonomics) [PSYoungGen: 6144K->0K(155648K)] [ParOldGen: 302609K->165393K(349696K)] 308753K->165393K(505344K), [Metaspace: 2796K->2796K(1056768K)], 0.0050485 secs] [Times: user=0.00 sys=0.00, real=0.00 secs] 
123.681: [GC (Allocation Failure) [PSYoungGen: 130727K->10240K(155648K)] 296120K->185873K(505344K), 0.0016512 secs] [Times: user=0.00 sys=0.00, real=0.00 secs] 
125.100: [Full GC (Ergonomics) [PSYoungGen: 135829K->0K(155648K)] [ParOldGen: 278033K->26129K(349696K)] 413863K->26129K(505344K), [Metaspace: 2796K->2796K(1056768K)], 0.0032538 secs] [Times: user=0.00 sys=0.00, real=0.00 secs] 
126.517: [GC (Allocation Failure) [PSYoungGen: 125598K->15360K(155648K)] 254127K->143889K(505344K), 0.0015129 secs] [Times: user=0.00 sys=0.00, real=0.00 secs] 
128.045: [GC (Allocation Failure) [PSYoungGen: 105123K->5120K(155648K)] 233653K->154129K(505344K), 0.0022482 secs] [Times: user=0.00 sys=0.00, real=0.00 secs] 
129.463: [GC (Allocation Failure) [PSYoungGen: 130720K->10240K(155648K)] 382129K->333329K(505344K), 0.0058315 secs] [Times: user=0.00 sys=0.00, real=0.00 secs] 
129.469: [Full GC (Ergonomics) [PSYoungGen: 10240K->0K(155648K)] [ParOldGen: 323089K->82449K(349696K)] 333329K->82449K(505344K), [Metaspace: 2796K->2796K(1056768K)], 0.0069599 secs] [Times: user=0.00 sys=0.00, real=0.01 secs] 
132.209: [Full GC (Ergonomics) [PSYoungGen: 132773K->0K(155648K)] [ParOldGen: 287249K->17408K(349696K)] 420022K->17408K(505344K), [Metaspace: 2796K->2796K(1056768K)], 0.0029710 secs] [Times: user=0.00 sys=0.00, real=0.00 secs] 
133.631: [GC (Allocation Failure) [PSYoungGen: 125608K->11264K(155648K)] 245416K->141312K(505344K), 0.0018018 secs] [Times: user=0.00 sys=0.00, real=0.00 secs] 
135.157: [GC (Allocation Failure) [PSYoungGen: 131754K->10240K(155648K)] 364202K->263168K(505344K), 0.0023141 secs] [Times: user=0.00 sys=0.00, real=0.00 secs] 
135.266: [GC (Allocation Failure) [PSYoungGen: 64171K->10240K(155648K)] 317099K->314368K(505344K), 0.0049077 secs] [Times: user=0.00 sys=0.00, real=0.00 secs] 
135.271: [Full GC (Ergonomics) [PSYoungGen: 10240K->0K(155648K)] [ParOldGen: 304128K->61969K(349696K)] 314368K->61969K(505344K), [Metaspace: 2796K->2796K(1056768K)], 0.0054502 secs] [Times: user=0.00 sys=0.00, real=0.01 secs] 
136.267: [GC (Allocation Failure) [PSYoungGen: 135851K->10240K(155648K)] 197821K->72209K(505344K), 0.0011396 secs] [Times: user=0.00 sys=0.00, real=0.00 secs] 
137.791: [GC (Allocation Failure) [PSYoungGen: 146073K->15360K(155648K)] 310442K->205329K(505344K), 0.0029111 secs] [Times: user=0.00 sys=0.00, real=0.00 secs] 
139.320: [GC (Allocation Failure) [PSYoungGen: 140960K->15360K(155648K)] 330930K->205329K(505344K), 0.0017290 secs] [Times: user=0.00 sys=0.00, real=0.00 secs] 
140.740: [Full GC (Ergonomics) [PSYoungGen: 140960K->0K(155648K)] [ParOldGen: 292369K->123409K(349696K)] 433329K->123409K(505344K), [Metaspace: 2796K->2796K(1056768K)], 0.0094989 secs] [Times: user=0.03 sys=0.00, real=0.01 secs] 
143.268: [GC (Allocation Failure) [PSYoungGen: 132773K->6144K(155648K)] 358582K->231953K(505344K), 0.0009337 secs] [Times: user=0.00 sys=0.00, real=0.00 secs] 
144.793: [Full GC (Ergonomics) [PSYoungGen: 136872K->0K(155648K)] [ParOldGen: 328209K->22528K(349696K)] 465081K->22528K(505344K), [Metaspace: 2796K->2796K(1056768K)], 0.0030457 secs] [Times: user=0.00 sys=0.00, real=0.00 secs] 
146.540: [GC (Allocation Failure) [PSYoungGen: 135850K->0K(155648K)] 260778K->165888K(505344K), 0.0025169 secs] [Times: user=0.00 sys=0.00, real=0.00 secs] 
147.958: [Full GC (Ergonomics) [PSYoungGen: 125611K->0K(155648K)] [ParOldGen: 268288K->46609K(349696K)] 393899K->46609K(505344K), [Metaspace: 2796K->2796K(1056768K)], 0.0045609 secs] [Times: user=0.00 sys=0.00, real=0.00 secs] 
149.376: [GC (Allocation Failure) [PSYoungGen: 125612K->5120K(155648K)] 274622K->225809K(505344K), 0.0052612 secs] [Times: user=0.00 sys=0.00, real=0.01 secs] 
150.793: [Full GC (Ergonomics) [PSYoungGen: 115373K->0K(155648K)] [ParOldGen: 323089K->26624K(349696K)] 438462K->26624K(505344K), [Metaspace: 2796K->2796K(1056768K)], 0.0033450 secs] [Times: user=0.00 sys=0.00, real=0.00 secs] 
152.216: [GC (Allocation Failure) [PSYoungGen: 125613K->6144K(155648K)] 254637K->155648K(505344K), 0.0024151 secs] [Times: user=0.00 sys=0.00, real=0.00 secs] 
154.724: [GC (Allocation Failure) [PSYoungGen: 132781K->10240K(155648K)] 384685K->262144K(505344K), 0.0011023 secs] [Times: user=0.00 sys=0.00, real=0.00 secs] 
155.163: [GC (Allocation Failure) [PSYoungGen: 105133K->15360K(155648K)] 357037K->318464K(505344K), 0.0052407 secs] [Times: user=0.00 sys=0.00, real=0.00 secs] 
155.169: [Full GC (Ergonomics) [PSYoungGen: 15360K->0K(155648K)] [ParOldGen: 303104K->67089K(349696K)] 318464K->67089K(505344K), [Metaspace: 2796K->2796K(1056768K)], 0.0059258 secs] [Times: user=0.00 sys=0.00, real=0.01 secs] 
156.161: [GC (Allocation Failure) [PSYoungGen: 135847K->10240K(155648K)] 202936K->77329K(505344K), 0.0009978 secs] [Times: user=0.00 sys=0.00, real=0.00 secs] 
157.915: [GC (Allocation Failure) [PSYoungGen: 140950K->0K(155648K)] 310439K->189969K(505344K), 0.0019652 secs] [Times: user=0.00 sys=0.00, real=0.00 secs] 
159.332: [Full GC (Ergonomics) [PSYoungGen: 125598K->0K(155648K)] [ParOldGen: 292369K->77824K(349696K)] 417968K->77824K(505344K), [Metaspace: 2796K->2796K(1056768K)], 0.0066342 secs] [Times: user=0.01 sys=0.00, real=0.01 secs] 
160.750: [GC (Allocation Failure) [PSYoungGen: 125604K->5120K(155648K)] 305828K->205824K(505344K), 0.0022077 secs] [Times: user=0.00 sys=0.00, real=0.00 secs] 
162.177: [Full GC (Ergonomics) [PSYoungGen: 110247K->0K(155648K)] [ParOldGen: 303104K->26129K(349696K)] 413351K->26129K(505344K), [Metaspace: 2796K->2796K(1056768K)], 0.0036707 secs] [Times: user=0.02 sys=0.00, real=0.00 secs] 
163.593: [GC (Allocation Failure) [PSYoungGen: 125609K->11264K(155648K)] 254139K->160273K(505344K), 0.0027210 secs] [Times: user=0.00 sys=0.00, real=0.00 secs] 
166.101: [GC (Allocation Failure) [PSYoungGen: 147115K->10240K(155648K)] 398524K->261649K(505344K), 0.0011940 secs] [Times: user=0.00 sys=0.00, real=0.00 secs] 
166.541: [GC (Allocation Failure) [PSYoungGen: 105132K->5120K(155648K)] 356541K->328209K(505344K), 0.0054626 secs] [Times: user=0.00 sys=0.00, real=0.01 secs] 
166.546: [Full GC (Ergonomics) [PSYoungGen: 5120K->0K(155648K)] [ParOldGen: 323089K->77329K(349696K)] 328209K->77329K(505344K), [Metaspace: 2796K->2796K(1056768K)], 0.0066171 secs] [Times: user=0.00 sys=0.00, real=0.01 secs] 
167.542: [GC (Allocation Failure) [PSYoungGen: 135846K->10240K(155648K)] 213175K->87569K(505344K), 0.0011486 secs] [Times: user=0.00 sys=0.00, real=0.00 secs] 
169.288: [GC (Allocation Failure) [PSYoungGen: 125589K->5120K(155648K)] 305319K->184849K(505344K), 0.0008390 secs] [Times: user=0.00 sys=0.00, real=0.00 secs] 
170.707: [Full GC (Ergonomics) [PSYoungGen: 130718K->0K(155648K)] [ParOldGen: 282129K->128529K(349696K)] 412847K->128529K(505344K), [Metaspace: 2796K->2796K(1056768K)], 0.0098494 secs] [Times: user=0.00 sys=0.00, real=0.01 secs] 
172.143: [GC (Allocation Failure) [PSYoungGen: 125603K->6144K(155648K)] 356533K->257553K(505344K), 0.0024003 secs] [Times: user=0.00 sys=0.00, real=0.00 secs] 
172.250: [GC (Allocation Failure) [PSYoungGen: 60071K->6144K(155648K)] 311480K->308753K(505344K), 0.0048609 secs] [Times: user=0.00 sys=0.00, real=0.00 secs] 
172.255: [Full GC (Ergonomics) [PSYoungGen: 6144K->0K(155648K)] [ParOldGen: 302609K->165393K(349696K)] 308753K->165393K(505344K), [Metaspace: 2796K->2796K(1056768K)], 0.0051730 secs] [Times: user=0.02 sys=0.00, real=0.01 secs] 
173.467: [GC (Allocation Failure) [PSYoungGen: 130727K->10240K(155648K)] 296120K->185873K(505344K), 0.0021796 secs] [Times: user=0.00 sys=0.00, real=0.00 secs] 
174.891: [Full GC (Ergonomics) [PSYoungGen: 135829K->0K(155648K)] [ParOldGen: 278033K->26624K(349696K)] 413863K->26624K(505344K), [Metaspace: 2796K->2796K(1056768K)], 0.0030871 secs] [Times: user=0.00 sys=0.00, real=0.00 secs] 
176.311: [GC (Allocation Failure) [PSYoungGen: 125598K->15360K(155648K)] 254622K->144384K(505344K), 0.0015792 secs] [Times: user=0.00 sys=0.00, real=0.00 secs] 
177.840: [GC (Allocation Failure) [PSYoungGen: 105123K->5120K(155648K)] 234148K->154624K(505344K), 0.0021827 secs] [Times: user=0.00 sys=0.00, real=0.00 secs] 
179.258: [GC (Allocation Failure) [PSYoungGen: 130720K->10240K(155648K)] 382624K->333824K(505344K), 0.0058855 secs] [Times: user=0.00 sys=0.00, real=0.01 secs] 
179.264: [Full GC (Ergonomics) [PSYoungGen: 10240K->0K(155648K)] [ParOldGen: 323584K->82449K(349696K)] 333824K->82449K(505344K), [Metaspace: 2796K->2796K(1056768K)], 0.0070285 secs] [Times: user=0.00 sys=0.00, real=0.01 secs] 
182.001: [Full GC (Ergonomics) [PSYoungGen: 132773K->0K(155648K)] [ParOldGen: 287249K->17408K(349696K)] 420022K->17408K(505344K), [Metaspace: 2796K->2796K(1056768K)], 0.0028815 secs] [Times: user=0.00 sys=0.00, real=0.00 secs] 
183.422: [GC (Allocation Failure) [PSYoungGen: 125608K->11264K(155648K)] 245416K->141312K(505344K), 0.0017327 secs] [Times: user=0.00 sys=0.00, real=0.00 secs] 
184.950: [GC (Allocation Failure) [PSYoungGen: 131754K->10240K(155648K)] 364202K->263168K(505344K), 0.0023653 secs] [Times: user=0.00 sys=0.00, real=0.00 secs] 
185.061: [GC (Allocation Failure) [PSYoungGen: 64171K->10240K(155648K)] 317099K->314368K(505344K), 0.0054130 secs] [Times: user=0.00 sys=0.00, real=0.01 secs] 
185.067: [Full GC (Ergonomics) [PSYoungGen: 10240K->0K(155648K)] [ParOldGen: 304128K->61969K(349696K)] 314368K->61969K(505344K), [Metaspace: 2796K->2796K(1056768K)], 0.0053739 secs] [Times: user=0.00 sys=0.00, real=0.01 secs] 
186.059: [GC (Allocation Failure) [PSYoungGen: 135851K->10240K(155648K)] 197821K->72209K(505344K), 0.0009323 secs] [Times: user=0.00 sys=0.00, real=0.00 secs] 
187.584: [GC (Allocation Failure) [PSYoungGen: 146073K->15360K(155648K)] 310442K->205329K(505344K), 0.0030231 secs] [Times: user=0.02 sys=0.00, real=0.00 secs] 
189.118: [GC (Allocation Failure) [PSYoungGen: 140960K->15360K(155648K)] 330930K->205329K(505344K), 0.0013999 secs] [Times: user=0.00 sys=0.00, real=0.00 secs] 
190.535: [Full GC (Ergonomics) [PSYoungGen: 140960K->0K(155648K)] [ParOldGen: 292369K->123409K(349696K)] 433329K->123409K(505344K), [Metaspace: 2796K->2796K(1056768K)], 0.0097370 secs] [Times: user=0.02 sys=0.00, real=0.01 secs] 
193.040: [GC (Allocation Failure) [PSYoungGen: 132773K->6176K(155648K)] 358582K->231985K(505344K), 0.0008652 secs] [Times: user=0.00 sys=0.00, real=0.00 secs] 
194.566: [Full GC (Ergonomics) [PSYoungGen: 136904K->0K(155648K)] [ParOldGen: 328209K->22528K(349696K)] 465113K->22528K(505344K), [Metaspace: 2796K->2796K(1056768K)], 0.0033207 secs] [Times: user=0.00 sys=0.00, real=0.00 secs] 
196.311: [GC (Allocation Failure) [PSYoungGen: 135850K->0K(155648K)] 260778K->165888K(505344K), 0.0025442 secs] [Times: user=0.00 sys=0.00, real=0.00 secs] 
197.730: [Full GC (Ergonomics) [PSYoungGen: 125611K->0K(155648K)] [ParOldGen: 268288K->46609K(349696K)] 393900K->46609K(505344K), [Metaspace: 2796K->2796K(1056768K)], 0.0049728 secs] [Times: user=0.00 sys=0.00, real=0.00 secs] 
199.148: [GC (Allocation Failure) [PSYoungGen: 125612K->5120K(155648K)] 274622K->225809K(505344K), 0.0053291 secs] [Times: user=0.00 sys=0.00, real=0.00 secs] 
200.569: [Full GC (Ergonomics) [PSYoungGen: 115373K->0K(155648K)] [ParOldGen: 323089K->26624K(349696K)] 438462K->26624K(505344K), [Metaspace: 2796K->2796K(1056768K)], 0.0034542 secs] [Times: user=0.00 sys=0.00, real=0.00 secs] 
201.990: [GC (Allocation Failure) [PSYoungGen: 125613K->6144K(155648K)] 254637K->155648K(505344K), 0.0023836 secs] [Times: user=0.00 sys=0.00, real=0.00 secs] 
204.504: [GC (Allocation Failure) [PSYoungGen: 132781K->10240K(155648K)] 384685K->262144K(505344K), 0.0011281 secs] [Times: user=0.00 sys=0.00, real=0.00 secs] 
204.942: [GC (Allocation Failure) [PSYoungGen: 105133K->15360K(155648K)] 357037K->318464K(505344K), 0.0058809 secs] [Times: user=0.01 sys=0.00, real=0.01 secs] 
204.948: [Full GC (Ergonomics) [PSYoungGen: 15360K->0K(155648K)] [ParOldGen: 303104K->67089K(349696K)] 318464K->67089K(505344K), [Metaspace: 2796K->2796K(1056768K)], 0.0059460 secs] [Times: user=0.00 sys=0.00, real=0.01 secs] 
205.936: [GC (Allocation Failure) [PSYoungGen: 135847K->10240K(155648K)] 202936K->77329K(505344K), 0.0009857 secs] [Times: user=0.00 sys=0.00, real=0.00 secs] 
207.683: [GC (Allocation Failure) [PSYoungGen: 140950K->0K(155648K)] 310440K->189969K(505344K), 0.0020826 secs] [Times: user=0.00 sys=0.00, real=0.00 secs] 
209.106: [Full GC (Ergonomics) [PSYoungGen: 125598K->0K(155648K)] [ParOldGen: 292369K->77824K(349696K)] 417968K->77824K(505344K), [Metaspace: 2796K->2796K(1056768K)], 0.0067010 secs] [Times: user=0.00 sys=0.00, real=0.01 secs] 
210.536: [GC (Allocation Failure) [PSYoungGen: 125604K->5120K(155648K)] 305828K->205824K(505344K), 0.0022097 secs] [Times: user=0.00 sys=0.00, real=0.00 secs] 
211.954: [Full GC (Ergonomics) [PSYoungGen: 110247K->0K(155648K)] [ParOldGen: 303104K->26624K(349696K)] 413351K->26624K(505344K), [Metaspace: 2796K->2796K(1056768K)], 0.0032897 secs] [Times: user=0.00 sys=0.00, real=0.00 secs] 
213.374: [GC (Allocation Failure) [PSYoungGen: 125609K->11264K(155648K)] 254634K->160768K(505344K), 0.0023849 secs] [Times: user=0.00 sys=0.00, real=0.00 secs] 
215.890: [GC (Allocation Failure) [PSYoungGen: 147115K->10240K(155648K)] 399019K->262144K(505344K), 0.0010837 secs] [Times: user=0.00 sys=0.00, real=0.00 secs] 
216.328: [GC (Allocation Failure) [PSYoungGen: 105132K->5120K(155648K)] 357036K->328704K(505344K), 0.0053419 secs] [Times: user=0.00 sys=0.00, real=0.00 secs] 
216.334: [Full GC (Ergonomics) [PSYoungGen: 5120K->0K(155648K)] [ParOldGen: 323584K->77329K(349696K)] 328704K->77329K(505344K), [Metaspace: 2796K->2796K(1056768K)], 0.0063899 secs] [Times: user=0.00 sys=0.00, real=0.01 secs] 
217.325: [GC (Allocation Failure) [PSYoungGen: 135846K->10240K(155648K)] 213175K->87569K(505344K), 0.0008984 secs] [Times: user=0.00 sys=0.00, real=0.00 secs] 
Heap
 PSYoungGen      total 155648K, used 128324K [0x00000000f5580000, 0x0000000100000000, 0x0000000100000000)
  eden space 136704K, 86% used [0x00000000f5580000,0x00000000fc8d1110,0x00000000fdb00000)
  from space 18944K, 54% used [0x00000000fed80000,0x00000000ff780020,0x0000000100000000)
  to   space 18944K, 0% used [0x00000000fdb00000,0x00000000fdb00000,0x00000000fed80000)
 ParOldGen       total 349696K, used 179729K [0x00000000e0000000, 0x00000000f5580000, 0x00000000f5580000)
  object space 349696K, 51% used [0x00000000e0000000,0x00000000eaf84720,0x00000000f5580000)
 Metaspace       used 2804K, capacity 4486K, committed 4864K, reserved 1056768K
  class space    used 297K, capacity 386K, committed 512K, reserved 1048576K
