Java HotSpot(TM) 64-Bit Server VM (25.411-b09) for windows-amd64 JRE (1.8.0_411-b09), built on Mar 13 2024 07:26:13 by "java_re" with MS VC++ 17.1 (VS2022)
Memory: 4k page, physical 33403376k(14503332k free), swap 36670664k(7438544k free)
CommandLine flags: -XX:InitialHeapSize=536870912 -XX:MaxHeapSize=536870912 -XX:NewRatio=8 -XX:ParallelGCThreads=6 -XX:+PrintGC -XX:+PrintGCDetails -XX:+PrintGCTimeStamps -XX:SurvivorRatio=4 -XX:-UseAdaptiveSizePolicy -XX:+UseCompressedClassPointers -XX:+UseCompressedOops -XX:-UseLargePagesIndividualAllocation -XX:+UseParallelGC 
0.934: [GC (Allocation Failure) [PSYoungGen: 34345K->5784K(48640K)] 34345K->10912K(515072K), 0.0025845 secs] [Times: user=0.00 sys=0.00, real=0.00 secs] 
2.072: [GC (Allocation Failure) [PSYoungGen: 44442K->6816K(48640K)] 223650K->191144K(515072K), 0.0027159 secs] [Times: user=0.00 sys=0.00, real=0.00 secs] 
3.213: [GC (Allocation Failure) [PSYoungGen: 45481K->8792K(48640K)] 403889K->367200K(515072K), 0.0016384 secs] [Times: user=0.00 sys=0.00, real=0.00 secs] 
3.867: [GC (Allocation Failure) [PSYoungGen: 40293K->7832K(48640K)] 398701K->371360K(515072K), 0.0023020 secs] [Times: user=0.00 sys=0.00, real=0.00 secs] 
5.181: [GC (Allocation Failure) [PSYoungGen: 45473K->5720K(48640K)] 409001K->374368K(515072K), 0.0022735 secs] [Times: user=0.00 sys=0.00, real=0.00 secs] 
5.746: [Full GC (Ergonomics) [PSYoungGen: 32095K->0K(48640K)] [ParOldGen: 440328K->67088K(466432K)] 472423K->67088K(515072K), [Metaspace: 2753K->2753K(1056768K)], 0.0109326 secs] [Times: user=0.00 sys=0.00, real=0.01 secs] 
6.747: [GC (Allocation Failure) [PSYoungGen: 33548K->5120K(48640K)] 203036K->179728K(515072K), 0.0009125 secs] [Times: user=0.00 sys=0.00, real=0.00 secs] 
8.604: [GC (Allocation Failure) [PSYoungGen: 44185K->32K(48640K)] 464554K->420408K(515072K), 0.0010936 secs] [Times: user=0.00 sys=0.00, real=0.00 secs] 
8.606: [GC (Allocation Failure) [PSYoungGen: 32K->32K(48640K)] 420408K->420408K(515072K), 0.0010354 secs] [Times: user=0.00 sys=0.00, real=0.00 secs] 
8.607: [Full GC (Allocation Failure) [PSYoungGen: 32K->0K(48640K)] [ParOldGen: 420376K->51728K(466432K)] 420408K->51728K(515072K), [Metaspace: 2759K->2759K(1056768K)], 0.0056979 secs] [Times: user=0.00 sys=0.00, real=0.00 secs] 
9.603: [GC (Allocation Failure) [PSYoungGen: 33553K->5120K(48640K)] 187681K->164368K(515072K), 0.0010580 secs] [Times: user=0.00 sys=0.00, real=0.00 secs] 
10.696: [GC (Allocation Failure) [PSYoungGen: 43794K->5120K(48640K)] 377123K->343568K(515072K), 0.0010137 secs] [Times: user=0.00 sys=0.00, real=0.00 secs] 
11.463: [GC (Allocation Failure) [PSYoungGen: 41747K->5120K(48640K)] 451876K->420369K(515072K), 0.0012757 secs] [Times: user=0.00 sys=0.00, real=0.00 secs] 
11.465: [GC (Allocation Failure) [PSYoungGen: 5120K->5120K(48640K)] 420369K->420369K(515072K), 0.0008147 secs] [Times: user=0.00 sys=0.00, real=0.00 secs] 
11.465: [Full GC (Allocation Failure) [PSYoungGen: 5120K->0K(48640K)] [ParOldGen: 415249K->215568K(466432K)] 420369K->215568K(515072K), [Metaspace: 2761K->2761K(1056768K)], 0.0117946 secs] [Times: user=0.00 sys=0.00, real=0.01 secs] 
12.896: [GC (Allocation Failure) [PSYoungGen: 32787K->5152K(48640K)] 422436K->394809K(515072K), 0.0012082 secs] [Times: user=0.00 sys=0.00, real=0.00 secs] 
12.898: [GC (Allocation Failure) [PSYoungGen: 5152K->5184K(48640K)] 394809K->394841K(515072K), 0.0007630 secs] [Times: user=0.00 sys=0.00, real=0.00 secs] 
12.899: [Full GC (Allocation Failure) [PSYoungGen: 5184K->0K(48640K)] [ParOldGen: 389656K->56849K(466432K)] 394841K->56849K(515072K), [Metaspace: 2763K->2763K(1056768K)], 0.0051006 secs] [Times: user=0.03 sys=0.00, real=0.01 secs] 
13.896: [GC (Allocation Failure) [PSYoungGen: 33556K->6144K(48640K)] 192805K->165393K(515072K), 0.0009362 secs] [Times: user=0.00 sys=0.00, real=0.00 secs] 
14.985: [GC (Allocation Failure) [PSYoungGen: 44820K->6144K(48640K)] 378149K->354833K(515072K), 0.0017814 secs] [Times: user=0.00 sys=0.00, real=0.00 secs] 
16.072: [GC (Allocation Failure) [PSYoungGen: 42772K->0K(48640K)] 391461K->358929K(515072K), 0.0013295 secs] [Times: user=0.00 sys=0.00, real=0.00 secs] 
16.725: [GC (Allocation Failure) [PSYoungGen: 31502K->5120K(48640K)] 390431K->369169K(515072K), 0.0011762 secs] [Times: user=0.00 sys=0.00, real=0.00 secs] 
17.161: [GC (Allocation Failure) [PSYoungGen: 26377K->5120K(48640K)] 462107K->440849K(515072K), 0.0008458 secs] [Times: user=0.00 sys=0.00, real=0.00 secs] 
17.162: [Full GC (Ergonomics) [PSYoungGen: 5120K->0K(48640K)] [ParOldGen: 435729K->77329K(466432K)] 440849K->77329K(515072K), [Metaspace: 2768K->2768K(1056768K)], 0.0065046 secs] [Times: user=0.02 sys=0.00, real=0.01 secs] 
18.161: [GC (Allocation Failure) [PSYoungGen: 33549K->5120K(48640K)] 213278K->189969K(515072K), 0.0009800 secs] [Times: user=0.00 sys=0.00, real=0.00 secs] 
19.252: [GC (Allocation Failure) [PSYoungGen: 43792K->5120K(48640K)] 402721K->369169K(515072K), 0.0010045 secs] [Times: user=0.00 sys=0.00, real=0.00 secs] 
20.016: [GC (Allocation Failure) [PSYoungGen: 11025K->0K(48640K)] 426274K->415249K(515072K), 0.0008151 secs] [Times: user=0.00 sys=0.00, real=0.00 secs] 
20.017: [GC (Allocation Failure) [PSYoungGen: 0K->0K(48640K)] 415249K->415249K(515072K), 0.0008543 secs] [Times: user=0.00 sys=0.00, real=0.00 secs] 
20.018: [Full GC (Allocation Failure) [PSYoungGen: 0K->0K(48640K)] [ParOldGen: 415249K->51729K(466432K)] 415249K->51729K(515072K), [Metaspace: 2770K->2770K(1056768K)], 0.0049273 secs] [Times: user=0.00 sys=0.00, real=0.00 secs] 
21.015: [GC (Allocation Failure) [PSYoungGen: 33553K->5120K(48640K)] 187682K->164369K(515072K), 0.0011162 secs] [Times: user=0.00 sys=0.00, real=0.00 secs] 
22.108: [GC (Allocation Failure) [PSYoungGen: 43794K->6144K(48640K)] 377123K->344593K(515072K), 0.0012197 secs] [Times: user=0.00 sys=0.00, real=0.00 secs] 
22.875: [GC (Allocation Failure) [PSYoungGen: 42771K->6144K(48640K)] 452900K->421393K(515072K), 0.0011687 secs] [Times: user=0.00 sys=0.00, real=0.00 secs] 
22.876: [GC (Allocation Failure) [PSYoungGen: 6144K->6144K(48640K)] 421393K->421393K(515072K), 0.0008513 secs] [Times: user=0.00 sys=0.00, real=0.00 secs] 
22.877: [Full GC (Allocation Failure) [PSYoungGen: 6144K->0K(48640K)] [ParOldGen: 415249K->165393K(466432K)] 421393K->165393K(515072K), [Metaspace: 2779K->2779K(1056768K)], 0.0117950 secs] [Times: user=0.01 sys=0.00, real=0.01 secs] 
24.746: [Full GC (Ergonomics) [PSYoungGen: 35603K->0K(48640K)] [ParOldGen: 441873K->16384K(466432K)] 477477K->16384K(515072K), [Metaspace: 2779K->2779K(1056768K)], 0.0032362 secs] [Times: user=0.00 sys=0.00, real=0.00 secs] 
25.400: [GC (Allocation Failure) [PSYoungGen: 36628K->0K(48640K)] 53012K->26624K(515072K), 0.0015405 secs] [Times: user=0.00 sys=0.00, real=0.00 secs] 
26.162: [GC (Allocation Failure) [PSYoungGen: 38670K->5120K(48640K)] 218894K->195584K(515072K), 0.0015409 secs] [Times: user=0.00 sys=0.00, real=0.00 secs] 
26.817: [GC (Allocation Failure) [PSYoungGen: 41744K->5120K(48640K)] 232208K->205824K(515072K), 0.0014948 secs] [Times: user=0.00 sys=0.00, real=0.00 secs] 
27.691: [GC (Allocation Failure) [PSYoungGen: 41740K->5120K(48640K)] 242444K->205824K(515072K), 0.0008899 secs] [Times: user=0.00 sys=0.00, real=0.00 secs] 
28.236: [GC (Allocation Failure) [PSYoungGen: 36783K->5152K(48640K)] 237487K->216104K(515072K), 0.0015998 secs] [Times: user=0.00 sys=0.00, real=0.00 secs] 
29.003: [GC (Allocation Failure) [PSYoungGen: 43812K->5152K(48640K)] 408365K->374824K(515072K), 0.0010588 secs] [Times: user=0.00 sys=0.00, real=0.00 secs] 
29.658: [GC (Allocation Failure) [PSYoungGen: 41770K->5152K(48640K)] 411442K->385064K(515072K), 0.0015873 secs] [Times: user=0.00 sys=0.00, real=0.00 secs] 
29.984: [Full GC (Ergonomics) [PSYoungGen: 36648K->0K(48640K)] [ParOldGen: 431112K->113169K(466432K)] 467760K->113169K(515072K), [Metaspace: 2793K->2793K(1056768K)], 0.0086659 secs] [Times: user=0.00 sys=0.00, real=0.01 secs] 
31.856: [GC (Allocation Failure) [PSYoungGen: 35596K->6144K(48640K)] 353565K->324113K(515072K), 0.0009307 secs] [Times: user=0.00 sys=0.00, real=0.00 secs] 
32.510: [GC (Allocation Failure) [PSYoungGen: 42767K->6144K(48640K)] 360736K->334353K(515072K), 0.0016053 secs] [Times: user=0.00 sys=0.00, real=0.00 secs] 
32.839: [GC (Allocation Failure) [PSYoungGen: 37643K->6144K(48640K)] 417052K->385553K(515072K), 0.0009133 secs] [Times: user=0.00 sys=0.00, real=0.00 secs] 
32.840: [GC (Allocation Failure) [PSYoungGen: 6144K->6144K(48640K)] 385553K->385553K(515072K), 0.0006621 secs] [Times: user=0.00 sys=0.00, real=0.00 secs] 
32.841: [Full GC (Allocation Failure) [PSYoungGen: 6144K->0K(48640K)] [ParOldGen: 379409K->57873K(466432K)] 385553K->57873K(515072K), [Metaspace: 2793K->2793K(1056768K)], 0.0050250 secs] [Times: user=0.00 sys=0.00, real=0.01 secs] 
33.843: [GC (Allocation Failure) [PSYoungGen: 33550K->6144K(48640K)] 193823K->166417K(515072K), 0.0007603 secs] [Times: user=0.00 sys=0.00, real=0.00 secs] 
35.374: [GC (Allocation Failure) [PSYoungGen: 44816K->0K(48640K)] 379170K->344593K(515072K), 0.0013065 secs] [Times: user=0.00 sys=0.00, real=0.00 secs] 
35.702: [GC (Allocation Failure) [PSYoungGen: 31505K->0K(48640K)] 427299K->406033K(515072K), 0.0012233 secs] [Times: user=0.00 sys=0.00, real=0.00 secs] 
35.704: [GC (Allocation Failure) [PSYoungGen: 0K->0K(48640K)] 406033K->406033K(515072K), 0.0011184 secs] [Times: user=0.00 sys=0.00, real=0.00 secs] 
35.705: [Full GC (Allocation Failure) [PSYoungGen: 0K->0K(48640K)] [ParOldGen: 406033K->61969K(466432K)] 406033K->61969K(515072K), [Metaspace: 2793K->2793K(1056768K)], 0.0050930 secs] [Times: user=0.00 sys=0.00, real=0.00 secs] 
36.700: [GC (Allocation Failure) [PSYoungGen: 33554K->5120K(48640K)] 197924K->174609K(515072K), 0.0009163 secs] [Times: user=0.00 sys=0.00, real=0.00 secs] 
37.792: [GC (Allocation Failure) [PSYoungGen: 43795K->5120K(48640K)] 387364K->358929K(515072K), 0.0013513 secs] [Times: user=0.00 sys=0.00, real=0.00 secs] 
39.100: [GC (Allocation Failure) [PSYoungGen: 41747K->0K(48640K)] 467237K->425489K(515072K), 0.0013208 secs] [Times: user=0.00 sys=0.00, real=0.00 secs] 
39.648: [GC (Allocation Failure) [PSYoungGen: 31508K->5120K(48640K)] 456997K->440849K(515072K), 0.0015528 secs] [Times: user=0.00 sys=0.00, real=0.00 secs] 
39.650: [Full GC (Ergonomics) [PSYoungGen: 5120K->0K(48640K)] [ParOldGen: 435729K->15889K(466432K)] 440849K->15889K(515072K), [Metaspace: 2793K->2793K(1056768K)], 0.0028494 secs] [Times: user=0.02 sys=0.00, real=0.00 secs] 
40.413: [GC (Allocation Failure) [PSYoungGen: 38669K->5120K(48640K)] 208158K->174609K(515072K), 0.0006741 secs] [Times: user=0.00 sys=0.00, real=0.00 secs] 
41.067: [GC (Allocation Failure) [PSYoungGen: 41743K->5120K(48640K)] 211233K->184849K(515072K), 0.0015148 secs] [Times: user=0.00 sys=0.00, real=0.00 secs] 
41.832: [GC (Allocation Failure) [PSYoungGen: 43787K->6144K(48640K)] 377117K->344593K(515072K), 0.0011222 secs] [Times: user=0.00 sys=0.00, real=0.00 secs] 
43.360: [GC (Allocation Failure) [PSYoungGen: 44814K->6144K(48640K)] 383264K->344593K(515072K), 0.0009126 secs] [Times: user=0.00 sys=0.00, real=0.00 secs] 
43.905: [GC (Allocation Failure) [PSYoungGen: 37643K->1024K(48640K)] 376092K->359953K(515072K), 0.0014862 secs] [Times: user=0.00 sys=0.00, real=0.00 secs] 
44.232: [GC (Allocation Failure) [PSYoungGen: 32519K->1024K(48640K)] 442649K->411153K(515072K), 0.0006621 secs] [Times: user=0.00 sys=0.00, real=0.00 secs] 
44.232: [GC (Allocation Failure) [PSYoungGen: 1024K->1024K(48640K)] 411153K->411153K(515072K), 0.0009737 secs] [Times: user=0.00 sys=0.00, real=0.00 secs] 
44.233: [Full GC (Allocation Failure) [PSYoungGen: 1024K->0K(48640K)] [ParOldGen: 410129K->62993K(466432K)] 411153K->62993K(515072K), [Metaspace: 2795K->2795K(1056768K)], 0.0053488 secs] [Times: user=0.00 sys=0.00, real=0.00 secs] 
45.228: [GC (Allocation Failure) [PSYoungGen: 33548K->5120K(48640K)] 198941K->175633K(515072K), 0.0011715 secs] [Times: user=0.00 sys=0.00, real=0.00 secs] 
46.755: [GC (Allocation Failure) [PSYoungGen: 38671K->5120K(48640K)] 383264K->349713K(515072K), 0.0009299 secs] [Times: user=0.00 sys=0.00, real=0.00 secs] 
47.083: [GC (Allocation Failure) [PSYoungGen: 36625K->0K(48640K)] 432418K->416273K(515072K), 0.0022129 secs] [Times: user=0.00 sys=0.00, real=0.00 secs] 
47.085: [GC (Allocation Failure) [PSYoungGen: 0K->0K(48640K)] 416273K->416273K(515072K), 0.0009301 secs] [Times: user=0.00 sys=0.00, real=0.00 secs] 
47.086: [Full GC (Allocation Failure) [PSYoungGen: 0K->0K(48640K)] [ParOldGen: 416273K->72209K(466432K)] 416273K->72209K(515072K), [Metaspace: 2795K->2795K(1056768K)], 0.0060324 secs] [Times: user=0.00 sys=0.00, real=0.01 secs] 
48.079: [GC (Allocation Failure) [PSYoungGen: 33554K->5120K(48640K)] 208163K->184849K(515072K), 0.0010482 secs] [Times: user=0.00 sys=0.00, real=0.00 secs] 
49.171: [GC (Allocation Failure) [PSYoungGen: 43795K->5120K(48640K)] 397604K->364049K(515072K), 0.0011418 secs] [Times: user=0.00 sys=0.00, real=0.00 secs] 
49.937: [Full GC (Ergonomics) [PSYoungGen: 41747K->0K(48640K)] [ParOldGen: 430609K->133649K(466432K)] 472357K->133649K(515072K), [Metaspace: 2795K->2795K(1056768K)], 0.0101134 secs] [Times: user=0.02 sys=0.00, real=0.01 secs] 
51.701: [GC (Allocation Failure) [PSYoungGen: 38675K->7168K(48640K)] 448805K->417297K(515072K), 0.0011324 secs] [Times: user=0.00 sys=0.00, real=0.00 secs] 
52.355: [GC (Allocation Failure) [PSYoungGen: 38676K->6144K(48640K)] 448805K->426513K(515072K), 0.0013402 secs] [Times: user=0.00 sys=0.00, real=0.00 secs] 
52.683: [Full GC (Ergonomics) [PSYoungGen: 27405K->0K(48640K)] [ParOldGen: 440849K->32273K(466432K)] 468254K->32273K(515072K), [Metaspace: 2795K->2795K(1056768K)], 0.0041537 secs] [Times: user=0.00 sys=0.00, real=0.00 secs] 
53.775: [GC (Allocation Failure) [PSYoungGen: 33551K->6144K(48640K)] 219425K->192017K(515072K), 0.0008730 secs] [Times: user=0.00 sys=0.00, real=0.00 secs] 
55.086: [GC (Allocation Failure) [PSYoungGen: 43793K->5120K(48640K)] 229667K->196113K(515072K), 0.0010282 secs] [Times: user=0.00 sys=0.00, real=0.00 secs] 
56.178: [GC (Allocation Failure) [PSYoungGen: 43788K->5120K(48640K)] 408862K->385553K(515072K), 0.0015316 secs] [Times: user=0.00 sys=0.00, real=0.00 secs] 
56.723: [GC (Allocation Failure) [PSYoungGen: 36623K->0K(48640K)] 417057K->390673K(515072K), 0.0014914 secs] [Times: user=0.00 sys=0.00, real=0.00 secs] 
57.049: [Full GC (Ergonomics) [PSYoungGen: 31498K->0K(48640K)] [ParOldGen: 441873K->92689K(466432K)] 473371K->92689K(515072K), [Metaspace: 2796K->2796K(1056768K)], 0.0087594 secs] [Times: user=0.02 sys=0.00, real=0.01 secs] 
58.594: [GC (Allocation Failure) [PSYoungGen: 38670K->0K(48640K)] 387359K->348689K(515072K), 0.0007655 secs] [Times: user=0.00 sys=0.00, real=0.00 secs] 
59.468: [GC (Allocation Failure) [PSYoungGen: 33552K->5120K(48640K)] 382241K->358929K(515072K), 0.0011335 secs] [Times: user=0.00 sys=0.00, real=0.00 secs] 
59.905: [GC (Allocation Failure) [PSYoungGen: 26379K->5120K(48640K)] 451868K->430609K(515072K), 0.0008058 secs] [Times: user=0.00 sys=0.00, real=0.00 secs] 
59.906: [GC (Allocation Failure) [PSYoungGen: 5120K->5120K(48640K)] 430609K->430609K(515072K), 0.0008029 secs] [Times: user=0.00 sys=0.00, real=0.00 secs] 
59.907: [Full GC (Allocation Failure) [PSYoungGen: 5120K->0K(48640K)] [ParOldGen: 425489K->108049K(466432K)] 430609K->108049K(515072K), [Metaspace: 2796K->2796K(1056768K)], 0.0086267 secs] [Times: user=0.02 sys=0.00, real=0.01 secs] 
60.904: [GC (Allocation Failure) [PSYoungGen: 33550K->5120K(48640K)] 244000K->220689K(515072K), 0.0012663 secs] [Times: user=0.00 sys=0.00, real=0.00 secs] 
62.323: [GC (Allocation Failure) [PSYoungGen: 37648K->5120K(48640K)] 427298K->399889K(515072K), 0.0010259 secs] [Times: user=0.00 sys=0.00, real=0.00 secs] 
62.649: [GC (Allocation Failure) [PSYoungGen: 26386K->0K(48640K)] 441635K->415249K(515072K), 0.0010137 secs] [Times: user=0.05 sys=0.00, real=0.00 secs] 
62.650: [GC (Allocation Failure) [PSYoungGen: 0K->0K(48640K)] 415249K->415249K(515072K), 0.0007665 secs] [Times: user=0.00 sys=0.00, real=0.00 secs] 
62.651: [Full GC (Allocation Failure) [PSYoungGen: 0K->0K(48640K)] [ParOldGen: 415249K->26129K(466432K)] 415249K->26129K(515072K), [Metaspace: 2796K->2796K(1056768K)], 0.0032495 secs] [Times: user=0.00 sys=0.00, real=0.00 secs] 
63.738: [GC (Allocation Failure) [PSYoungGen: 33554K->6144K(48640K)] 213284K->185873K(515072K), 0.0009396 secs] [Times: user=0.00 sys=0.00, real=0.00 secs] 
64.833: [GC (Allocation Failure) [PSYoungGen: 44819K->6144K(48640K)] 398628K->375313K(515072K), 0.0018894 secs] [Times: user=0.00 sys=0.00, real=0.00 secs] 
65.927: [GC (Allocation Failure) [PSYoungGen: 42771K->0K(48640K)] 411941K->379409K(515072K), 0.0013329 secs] [Times: user=0.00 sys=0.00, real=0.00 secs] 
66.584: [GC (Allocation Failure) [PSYoungGen: 31502K->5120K(48640K)] 410911K->389649K(515072K), 0.0012502 secs] [Times: user=0.00 sys=0.00, real=0.00 secs] 
67.022: [Full GC (Ergonomics) [PSYoungGen: 26377K->0K(48640K)] [ParOldGen: 456209K->77329K(466432K)] 482587K->77329K(515072K), [Metaspace: 2796K->2796K(1056768K)], 0.0065552 secs] [Times: user=0.00 sys=0.00, real=0.01 secs] 
68.020: [GC (Allocation Failure) [PSYoungGen: 33549K->5120K(48640K)] 213278K->189969K(515072K), 0.0010404 secs] [Times: user=0.00 sys=0.00, real=0.00 secs] 
69.113: [GC (Allocation Failure) [PSYoungGen: 43791K->5120K(48640K)] 402721K->369169K(515072K), 0.0010425 secs] [Times: user=0.00 sys=0.00, real=0.00 secs] 
69.879: [GC (Allocation Failure) [PSYoungGen: 11025K->0K(48640K)] 426274K->415249K(515072K), 0.0008337 secs] [Times: user=0.00 sys=0.00, real=0.00 secs] 
69.880: [GC (Allocation Failure) [PSYoungGen: 0K->0K(48640K)] 415249K->415249K(515072K), 0.0008218 secs] [Times: user=0.00 sys=0.00, real=0.00 secs] 
69.880: [Full GC (Allocation Failure) [PSYoungGen: 0K->0K(48640K)] [ParOldGen: 415249K->51729K(466432K)] 415249K->51729K(515072K), [Metaspace: 2796K->2796K(1056768K)], 0.0049511 secs] [Times: user=0.02 sys=0.00, real=0.00 secs] 
70.877: [GC (Allocation Failure) [PSYoungGen: 33553K->5120K(48640K)] 187682K->164369K(515072K), 0.0011229 secs] [Times: user=0.00 sys=0.00, real=0.00 secs] 
71.967: [GC (Allocation Failure) [PSYoungGen: 43794K->6144K(48640K)] 377124K->339473K(515072K), 0.0009222 secs] [Times: user=0.00 sys=0.00, real=0.00 secs] 
72.733: [GC (Allocation Failure) [PSYoungGen: 42771K->6144K(48640K)] 447780K->411153K(515072K), 0.0009397 secs] [Times: user=0.00 sys=0.00, real=0.00 secs] 
72.734: [GC (Allocation Failure) [PSYoungGen: 6144K->6144K(48640K)] 411153K->411153K(515072K), 0.0010286 secs] [Times: user=0.00 sys=0.00, real=0.00 secs] 
72.735: [Full GC (Allocation Failure) [PSYoungGen: 6144K->0K(48640K)] [ParOldGen: 405009K->165393K(466432K)] 411153K->165393K(515072K), [Metaspace: 2796K->2796K(1056768K)], 0.0126445 secs] [Times: user=0.00 sys=0.00, real=0.01 secs] 
74.603: [Full GC (Ergonomics) [PSYoungGen: 35603K->0K(48640K)] [ParOldGen: 441873K->16384K(466432K)] 477477K->16384K(515072K), [Metaspace: 2796K->2796K(1056768K)], 0.0026105 secs] [Times: user=0.00 sys=0.00, real=0.00 secs] 
75.257: [GC (Allocation Failure) [PSYoungGen: 36628K->0K(48640K)] 53012K->26624K(515072K), 0.0010755 secs] [Times: user=0.00 sys=0.00, real=0.00 secs] 
76.020: [GC (Allocation Failure) [PSYoungGen: 38670K->5120K(48640K)] 218894K->195584K(515072K), 0.0016478 secs] [Times: user=0.00 sys=0.00, real=0.00 secs] 
76.674: [GC (Allocation Failure) [PSYoungGen: 41744K->5120K(48640K)] 232208K->205824K(515072K), 0.0014143 secs] [Times: user=0.00 sys=0.00, real=0.00 secs] 
77.545: [GC (Allocation Failure) [PSYoungGen: 41740K->5120K(48640K)] 242444K->205824K(515072K), 0.0009714 secs] [Times: user=0.00 sys=0.00, real=0.00 secs] 
78.093: [GC (Allocation Failure) [PSYoungGen: 36617K->5120K(48640K)] 237321K->216064K(515072K), 0.0014690 secs] [Times: user=0.00 sys=0.00, real=0.00 secs] 
78.855: [GC (Allocation Failure) [PSYoungGen: 43782K->5120K(48640K)] 408326K->374784K(515072K), 0.0011015 secs] [Times: user=0.00 sys=0.00, real=0.00 secs] 
79.511: [GC (Allocation Failure) [PSYoungGen: 41739K->5120K(48640K)] 411403K->385024K(515072K), 0.0015190 secs] [Times: user=0.00 sys=0.00, real=0.00 secs] 
79.837: [Full GC (Ergonomics) [PSYoungGen: 36616K->0K(48640K)] [ParOldGen: 431104K->113169K(466432K)] 467720K->113169K(515072K), [Metaspace: 2796K->2796K(1056768K)], 0.0089222 secs] [Times: user=0.00 sys=0.00, real=0.01 secs] 
81.707: [GC (Allocation Failure) [PSYoungGen: 35596K->6144K(48640K)] 353566K->324113K(515072K), 0.0010805 secs] [Times: user=0.00 sys=0.00, real=0.00 secs] 
82.363: [GC (Allocation Failure) [PSYoungGen: 42767K->6144K(48640K)] 360737K->334353K(515072K), 0.0015825 secs] [Times: user=0.00 sys=0.00, real=0.00 secs] 
82.693: [GC (Allocation Failure) [PSYoungGen: 37643K->6144K(48640K)] 417052K->385553K(515072K), 0.0007583 secs] [Times: user=0.00 sys=0.00, real=0.00 secs] 
82.694: [GC (Allocation Failure) [PSYoungGen: 6144K->6144K(48640K)] 385553K->385553K(515072K), 0.0007873 secs] [Times: user=0.00 sys=0.00, real=0.00 secs] 
82.695: [Full GC (Allocation Failure) [PSYoungGen: 6144K->0K(48640K)] [ParOldGen: 379409K->57873K(466432K)] 385553K->57873K(515072K), [Metaspace: 2796K->2796K(1056768K)], 0.0050620 secs] [Times: user=0.00 sys=0.00, real=0.00 secs] 
83.689: [GC (Allocation Failure) [PSYoungGen: 33550K->6144K(48640K)] 193824K->166417K(515072K), 0.0010436 secs] [Times: user=0.00 sys=0.00, real=0.00 secs] 
85.217: [GC (Allocation Failure) [PSYoungGen: 44816K->0K(48640K)] 379170K->344593K(515072K), 0.0014649 secs] [Times: user=0.00 sys=0.00, real=0.00 secs] 
85.546: [GC (Allocation Failure) [PSYoungGen: 31506K->0K(48640K)] 427299K->406033K(515072K), 0.0012413 secs] [Times: user=0.00 sys=0.00, real=0.00 secs] 
85.548: [GC (Allocation Failure) [PSYoungGen: 0K->0K(48640K)] 406033K->406033K(515072K), 0.0009881 secs] [Times: user=0.00 sys=0.00, real=0.00 secs] 
85.549: [Full GC (Allocation Failure) [PSYoungGen: 0K->0K(48640K)] [ParOldGen: 406033K->61969K(466432K)] 406033K->61969K(515072K), [Metaspace: 2796K->2796K(1056768K)], 0.0052738 secs] [Times: user=0.00 sys=0.00, real=0.01 secs] 
86.544: [GC (Allocation Failure) [PSYoungGen: 33554K->5120K(48640K)] 197924K->174609K(515072K), 0.0009724 secs] [Times: user=0.00 sys=0.00, real=0.00 secs] 
87.631: [GC (Allocation Failure) [PSYoungGen: 43795K->5120K(48640K)] 387364K->358929K(515072K), 0.0014061 secs] [Times: user=0.00 sys=0.00, real=0.00 secs] 
88.941: [GC (Allocation Failure) [PSYoungGen: 41747K->0K(48640K)] 467237K->425489K(515072K), 0.0010419 secs] [Times: user=0.00 sys=0.00, real=0.00 secs] 
89.486: [GC (Allocation Failure) [PSYoungGen: 31508K->5120K(48640K)] 456997K->440849K(515072K), 0.0017940 secs] [Times: user=0.00 sys=0.00, real=0.00 secs] 
89.488: [Full GC (Ergonomics) [PSYoungGen: 5120K->0K(48640K)] [ParOldGen: 435729K->15889K(466432K)] 440849K->15889K(515072K), [Metaspace: 2796K->2796K(1056768K)], 0.0028795 secs] [Times: user=0.00 sys=0.00, real=0.00 secs] 
90.248: [GC (Allocation Failure) [PSYoungGen: 38669K->5120K(48640K)] 208158K->174609K(515072K), 0.0008047 secs] [Times: user=0.00 sys=0.00, real=0.00 secs] 
90.906: [GC (Allocation Failure) [PSYoungGen: 41743K->5120K(48640K)] 211233K->184849K(515072K), 0.0014309 secs] [Times: user=0.00 sys=0.00, real=0.00 secs] 
91.674: [GC (Allocation Failure) [PSYoungGen: 43787K->6144K(48640K)] 377117K->344593K(515072K), 0.0012682 secs] [Times: user=0.00 sys=0.00, real=0.00 secs] 
93.205: [GC (Allocation Failure) [PSYoungGen: 44814K->6144K(48640K)] 383264K->344593K(515072K), 0.0009745 secs] [Times: user=0.00 sys=0.00, real=0.00 secs] 
93.751: [GC (Allocation Failure) [PSYoungGen: 37643K->1024K(48640K)] 376092K->359953K(515072K), 0.0015342 secs] [Times: user=0.00 sys=0.00, real=0.00 secs] 
94.078: [GC (Allocation Failure) [PSYoungGen: 32519K->1024K(48640K)] 442649K->411153K(515072K), 0.0010761 secs] [Times: user=0.00 sys=0.00, real=0.00 secs] 
94.079: [GC (Allocation Failure) [PSYoungGen: 1024K->1024K(48640K)] 411153K->411153K(515072K), 0.0007336 secs] [Times: user=0.00 sys=0.00, real=0.00 secs] 
94.079: [Full GC (Allocation Failure) [PSYoungGen: 1024K->0K(48640K)] [ParOldGen: 410129K->62993K(466432K)] 411153K->62993K(515072K), [Metaspace: 2796K->2796K(1056768K)], 0.0058283 secs] [Times: user=0.00 sys=0.00, real=0.00 secs] 
95.075: [GC (Allocation Failure) [PSYoungGen: 33548K->5120K(48640K)] 198941K->175633K(515072K), 0.0009433 secs] [Times: user=0.00 sys=0.00, real=0.00 secs] 
96.603: [GC (Allocation Failure) [PSYoungGen: 38671K->5120K(48640K)] 383264K->349713K(515072K), 0.0011966 secs] [Times: user=0.00 sys=0.00, real=0.00 secs] 
96.931: [GC (Allocation Failure) [PSYoungGen: 36625K->0K(48640K)] 432418K->416273K(515072K), 0.0021814 secs] [Times: user=0.00 sys=0.00, real=0.00 secs] 
96.933: [GC (Allocation Failure) [PSYoungGen: 0K->0K(48640K)] 416273K->416273K(515072K), 0.0009652 secs] [Times: user=0.00 sys=0.00, real=0.00 secs] 
96.934: [Full GC (Allocation Failure) [PSYoungGen: 0K->0K(48640K)] [ParOldGen: 416273K->72209K(466432K)] 416273K->72209K(515072K), [Metaspace: 2796K->2796K(1056768K)], 0.0061960 secs] [Times: user=0.00 sys=0.00, real=0.01 secs] 
97.929: [GC (Allocation Failure) [PSYoungGen: 33554K->5120K(48640K)] 208163K->184849K(515072K), 0.0009647 secs] [Times: user=0.00 sys=0.00, real=0.00 secs] 
99.018: [GC (Allocation Failure) [PSYoungGen: 43795K->5120K(48640K)] 397604K->364049K(515072K), 0.0011673 secs] [Times: user=0.00 sys=0.00, real=0.00 secs] 
99.780: [Full GC (Ergonomics) [PSYoungGen: 41747K->0K(48640K)] [ParOldGen: 430609K->133649K(466432K)] 472357K->133649K(515072K), [Metaspace: 2796K->2796K(1056768K)], 0.0098564 secs] [Times: user=0.00 sys=0.00, real=0.01 secs] 
101.545: [GC (Allocation Failure) [PSYoungGen: 38675K->7168K(48640K)] 448805K->417297K(515072K), 0.0009466 secs] [Times: user=0.00 sys=0.00, real=0.00 secs] 
102.202: [GC (Allocation Failure) [PSYoungGen: 38676K->6144K(48640K)] 448805K->426513K(515072K), 0.0013013 secs] [Times: user=0.00 sys=0.00, real=0.00 secs] 
102.528: [Full GC (Ergonomics) [PSYoungGen: 27405K->0K(48640K)] [ParOldGen: 440849K->32273K(466432K)] 468254K->32273K(515072K), [Metaspace: 2796K->2796K(1056768K)], 0.0040775 secs] [Times: user=0.00 sys=0.00, real=0.00 secs] 
103.619: [GC (Allocation Failure) [PSYoungGen: 33551K->6144K(48640K)] 219425K->192017K(515072K), 0.0008490 secs] [Times: user=0.00 sys=0.00, real=0.00 secs] 
104.933: [GC (Allocation Failure) [PSYoungGen: 43793K->5120K(48640K)] 229667K->196113K(515072K), 0.0011080 secs] [Times: user=0.00 sys=0.00, real=0.00 secs] 
106.025: [GC (Allocation Failure) [PSYoungGen: 43788K->5120K(48640K)] 408862K->390673K(515072K), 0.0020945 secs] [Times: user=0.00 sys=0.00, real=0.00 secs] 
106.575: [GC (Allocation Failure) [PSYoungGen: 36623K->5120K(48640K)] 422177K->400913K(515072K), 0.0015186 secs] [Times: user=0.00 sys=0.00, real=0.00 secs] 
106.904: [Full GC (Ergonomics) [PSYoungGen: 36618K->0K(48640K)] [ParOldGen: 446993K->92689K(466432K)] 483612K->92689K(515072K), [Metaspace: 2796K->2796K(1056768K)], 0.0075253 secs] [Times: user=0.00 sys=0.00, real=0.01 secs] 
108.450: [GC (Allocation Failure) [PSYoungGen: 38670K->0K(48640K)] 387359K->348689K(515072K), 0.0008108 secs] [Times: user=0.00 sys=0.00, real=0.00 secs] 
109.326: [GC (Allocation Failure) [PSYoungGen: 33552K->5120K(48640K)] 382241K->358929K(515072K), 0.0010359 secs] [Times: user=0.00 sys=0.00, real=0.00 secs] 
109.764: [GC (Allocation Failure) [PSYoungGen: 26379K->0K(48640K)] 451868K->425489K(515072K), 0.0011324 secs] [Times: user=0.00 sys=0.00, real=0.00 secs] 
109.765: [GC (Allocation Failure) [PSYoungGen: 0K->0K(48640K)] 425489K->425489K(515072K), 0.0008671 secs] [Times: user=0.00 sys=0.00, real=0.00 secs] 
109.766: [Full GC (Allocation Failure) [PSYoungGen: 0K->0K(48640K)] [ParOldGen: 425489K->108049K(466432K)] 425489K->108049K(515072K), [Metaspace: 2796K->2796K(1056768K)], 0.0084005 secs] [Times: user=0.00 sys=0.00, real=0.01 secs] 
110.765: [GC (Allocation Failure) [PSYoungGen: 33550K->5120K(48640K)] 244000K->220689K(515072K), 0.0011455 secs] [Times: user=0.00 sys=0.00, real=0.00 secs] 
112.187: [GC (Allocation Failure) [PSYoungGen: 37648K->5120K(48640K)] 427298K->399889K(515072K), 0.0008315 secs] [Times: user=0.00 sys=0.00, real=0.00 secs] 
112.513: [GC (Allocation Failure) [PSYoungGen: 26386K->5120K(48640K)] 441635K->420369K(515072K), 0.0009242 secs] [Times: user=0.00 sys=0.00, real=0.00 secs] 
112.514: [GC (Allocation Failure) [PSYoungGen: 5120K->5120K(48640K)] 420369K->420369K(515072K), 0.0008351 secs] [Times: user=0.00 sys=0.00, real=0.00 secs] 
112.515: [Full GC (Allocation Failure) [PSYoungGen: 5120K->0K(48640K)] [ParOldGen: 415249K->26129K(466432K)] 420369K->26129K(515072K), [Metaspace: 2796K->2796K(1056768K)], 0.0033960 secs] [Times: user=0.00 sys=0.00, real=0.00 secs] 
113.605: [GC (Allocation Failure) [PSYoungGen: 33554K->6144K(48640K)] 213284K->185873K(515072K), 0.0009716 secs] [Times: user=0.00 sys=0.00, real=0.00 secs] 
114.695: [GC (Allocation Failure) [PSYoungGen: 44819K->6144K(48640K)] 398628K->375313K(515072K), 0.0018050 secs] [Times: user=0.02 sys=0.00, real=0.00 secs] 
115.788: [GC (Allocation Failure) [PSYoungGen: 42771K->0K(48640K)] 411941K->379409K(515072K), 0.0013345 secs] [Times: user=0.00 sys=0.00, real=0.00 secs] 
116.443: [GC (Allocation Failure) [PSYoungGen: 31502K->5120K(48640K)] 410911K->389649K(515072K), 0.0011141 secs] [Times: user=0.00 sys=0.00, real=0.00 secs] 
116.882: [Full GC (Ergonomics) [PSYoungGen: 26377K->0K(48640K)] [ParOldGen: 456209K->77329K(466432K)] 482587K->77329K(515072K), [Metaspace: 2796K->2796K(1056768K)], 0.0067077 secs] [Times: user=0.02 sys=0.00, real=0.01 secs] 
117.886: [GC (Allocation Failure) [PSYoungGen: 33549K->5120K(48640K)] 213278K->189969K(515072K), 0.0011634 secs] [Times: user=0.00 sys=0.00, real=0.00 secs] 
118.978: [GC (Allocation Failure) [PSYoungGen: 43791K->5120K(48640K)] 402721K->369169K(515072K), 0.0012401 secs] [Times: user=0.00 sys=0.00, real=0.00 secs] 
119.743: [GC (Allocation Failure) [PSYoungGen: 11025K->0K(48640K)] 426274K->415249K(515072K), 0.0009181 secs] [Times: user=0.03 sys=0.00, real=0.00 secs] 
119.744: [GC (Allocation Failure) [PSYoungGen: 0K->0K(48640K)] 415249K->415249K(515072K), 0.0010473 secs] [Times: user=0.00 sys=0.00, real=0.00 secs] 
119.745: [Full GC (Allocation Failure) [PSYoungGen: 0K->0K(48640K)] [ParOldGen: 415249K->51729K(466432K)] 415249K->51729K(515072K), [Metaspace: 2796K->2796K(1056768K)], 0.0049829 secs] [Times: user=0.00 sys=0.00, real=0.00 secs] 
120.744: [GC (Allocation Failure) [PSYoungGen: 33553K->5120K(48640K)] 187682K->164369K(515072K), 0.0011034 secs] [Times: user=0.00 sys=0.00, real=0.00 secs] 
121.837: [GC (Allocation Failure) [PSYoungGen: 43794K->6144K(48640K)] 377124K->344593K(515072K), 0.0010319 secs] [Times: user=0.00 sys=0.00, real=0.00 secs] 
122.600: [GC (Allocation Failure) [PSYoungGen: 42771K->6144K(48640K)] 452900K->421393K(515072K), 0.0010885 secs] [Times: user=0.00 sys=0.00, real=0.00 secs] 
122.602: [GC (Allocation Failure) [PSYoungGen: 6144K->6144K(48640K)] 421393K->421393K(515072K), 0.0009138 secs] [Times: user=0.00 sys=0.00, real=0.00 secs] 
122.603: [Full GC (Allocation Failure) [PSYoungGen: 6144K->0K(48640K)] [ParOldGen: 415249K->165393K(466432K)] 421393K->165393K(515072K), [Metaspace: 2796K->2796K(1056768K)], 0.0120032 secs] [Times: user=0.00 sys=0.00, real=0.01 secs] 
124.471: [Full GC (Ergonomics) [PSYoungGen: 35603K->0K(48640K)] [ParOldGen: 441873K->16384K(466432K)] 477477K->16384K(515072K), [Metaspace: 2796K->2796K(1056768K)], 0.0027957 secs] [Times: user=0.00 sys=0.00, real=0.00 secs] 
125.126: [GC (Allocation Failure) [PSYoungGen: 36628K->0K(48640K)] 53012K->26624K(515072K), 0.0011469 secs] [Times: user=0.00 sys=0.00, real=0.00 secs] 
125.892: [GC (Allocation Failure) [PSYoungGen: 38670K->5120K(48640K)] 218894K->195584K(515072K), 0.0016384 secs] [Times: user=0.00 sys=0.00, real=0.00 secs] 
126.547: [GC (Allocation Failure) [PSYoungGen: 41744K->5120K(48640K)] 232208K->205824K(515072K), 0.0015927 secs] [Times: user=0.00 sys=0.00, real=0.00 secs] 
127.421: [GC (Allocation Failure) [PSYoungGen: 41740K->5120K(48640K)] 242444K->205824K(515072K), 0.0008764 secs] [Times: user=0.00 sys=0.00, real=0.00 secs] 
127.964: [GC (Allocation Failure) [PSYoungGen: 36617K->5120K(48640K)] 237321K->216064K(515072K), 0.0016390 secs] [Times: user=0.00 sys=0.00, real=0.00 secs] 
128.729: [GC (Allocation Failure) [PSYoungGen: 43782K->5120K(48640K)] 408326K->374784K(515072K), 0.0014698 secs] [Times: user=0.00 sys=0.00, real=0.00 secs] 
129.384: [GC (Allocation Failure) [PSYoungGen: 41739K->5120K(48640K)] 411403K->385024K(515072K), 0.0014796 secs] [Times: user=0.00 sys=0.00, real=0.00 secs] 
129.711: [Full GC (Ergonomics) [PSYoungGen: 36616K->0K(48640K)] [ParOldGen: 431104K->113169K(466432K)] 467720K->113169K(515072K), [Metaspace: 2796K->2796K(1056768K)], 0.0093609 secs] [Times: user=0.00 sys=0.00, real=0.01 secs] 
131.583: [GC (Allocation Failure) [PSYoungGen: 35596K->6144K(48640K)] 353566K->324113K(515072K), 0.0010666 secs] [Times: user=0.00 sys=0.00, real=0.00 secs] 
132.237: [GC (Allocation Failure) [PSYoungGen: 42767K->6144K(48640K)] 360737K->334353K(515072K), 0.0014816 secs] [Times: user=0.00 sys=0.00, real=0.00 secs] 
132.563: [GC (Allocation Failure) [PSYoungGen: 37643K->6144K(48640K)] 417052K->385553K(515072K), 0.0008880 secs] [Times: user=0.00 sys=0.00, real=0.00 secs] 
132.564: [GC (Allocation Failure) [PSYoungGen: 6144K->6144K(48640K)] 385553K->385553K(515072K), 0.0010072 secs] [Times: user=0.00 sys=0.00, real=0.00 secs] 
132.565: [Full GC (Allocation Failure) [PSYoungGen: 6144K->0K(48640K)] [ParOldGen: 379409K->57873K(466432K)] 385553K->57873K(515072K), [Metaspace: 2796K->2796K(1056768K)], 0.0056739 secs] [Times: user=0.00 sys=0.00, real=0.00 secs] 
133.563: [GC (Allocation Failure) [PSYoungGen: 33550K->6144K(48640K)] 193824K->166417K(515072K), 0.0009082 secs] [Times: user=0.00 sys=0.00, real=0.00 secs] 
135.092: [GC (Allocation Failure) [PSYoungGen: 44816K->0K(48640K)] 379170K->344593K(515072K), 0.0011414 secs] [Times: user=0.00 sys=0.00, real=0.00 secs] 
135.420: [GC (Allocation Failure) [PSYoungGen: 31506K->0K(48640K)] 427299K->406033K(515072K), 0.0013979 secs] [Times: user=0.00 sys=0.00, real=0.00 secs] 
135.422: [GC (Allocation Failure) [PSYoungGen: 0K->0K(48640K)] 406033K->406033K(515072K), 0.0008892 secs] [Times: user=0.00 sys=0.00, real=0.00 secs] 
135.423: [Full GC (Allocation Failure) [PSYoungGen: 0K->0K(48640K)] [ParOldGen: 406033K->61969K(466432K)] 406033K->61969K(515072K), [Metaspace: 2796K->2796K(1056768K)], 0.0054457 secs] [Times: user=0.00 sys=0.00, real=0.01 secs] 
136.418: [GC (Allocation Failure) [PSYoungGen: 33554K->5120K(48640K)] 197924K->174609K(515072K), 0.0010020 secs] [Times: user=0.00 sys=0.00, real=0.00 secs] 
137.510: [GC (Allocation Failure) [PSYoungGen: 43795K->5120K(48640K)] 387364K->358929K(515072K), 0.0013529 secs] [Times: user=0.00 sys=0.00, real=0.00 secs] 
138.820: [GC (Allocation Failure) [PSYoungGen: 41747K->0K(48640K)] 467237K->425489K(515072K), 0.0011918 secs] [Times: user=0.00 sys=0.00, real=0.00 secs] 
139.365: [GC (Allocation Failure) [PSYoungGen: 31508K->5120K(48640K)] 456997K->440849K(515072K), 0.0015930 secs] [Times: user=0.00 sys=0.00, real=0.00 secs] 
139.367: [Full GC (Ergonomics) [PSYoungGen: 5120K->0K(48640K)] [ParOldGen: 435729K->15889K(466432K)] 440849K->15889K(515072K), [Metaspace: 2796K->2796K(1056768K)], 0.0028785 secs] [Times: user=0.00 sys=0.00, real=0.00 secs] 
140.128: [GC (Allocation Failure) [PSYoungGen: 38669K->5120K(48640K)] 208158K->174609K(515072K), 0.0008114 secs] [Times: user=0.00 sys=0.00, real=0.00 secs] 
140.781: [GC (Allocation Failure) [PSYoungGen: 41743K->5120K(48640K)] 211233K->184849K(515072K), 0.0014622 secs] [Times: user=0.00 sys=0.00, real=0.00 secs] 
141.545: [GC (Allocation Failure) [PSYoungGen: 43787K->6144K(48640K)] 377117K->344593K(515072K), 0.0012266 secs] [Times: user=0.00 sys=0.00, real=0.00 secs] 
143.074: [GC (Allocation Failure) [PSYoungGen: 44814K->6144K(48640K)] 383264K->344593K(515072K), 0.0009719 secs] [Times: user=0.00 sys=0.00, real=0.00 secs] 
143.619: [GC (Allocation Failure) [PSYoungGen: 37643K->1024K(48640K)] 376092K->359953K(515072K), 0.0017383 secs] [Times: user=0.00 sys=0.00, real=0.00 secs] 
143.947: [GC (Allocation Failure) [PSYoungGen: 32519K->1024K(48640K)] 442649K->411153K(515072K), 0.0009835 secs] [Times: user=0.00 sys=0.00, real=0.00 secs] 
143.948: [GC (Allocation Failure) [PSYoungGen: 1024K->1024K(48640K)] 411153K->411153K(515072K), 0.0008553 secs] [Times: user=0.00 sys=0.00, real=0.00 secs] 
143.949: [Full GC (Allocation Failure) [PSYoungGen: 1024K->0K(48640K)] [ParOldGen: 410129K->62993K(466432K)] 411153K->62993K(515072K), [Metaspace: 2796K->2796K(1056768K)], 0.0054489 secs] [Times: user=0.00 sys=0.00, real=0.01 secs] 
144.945: [GC (Allocation Failure) [PSYoungGen: 33548K->5120K(48640K)] 198941K->175633K(515072K), 0.0009954 secs] [Times: user=0.00 sys=0.00, real=0.00 secs] 
146.474: [GC (Allocation Failure) [PSYoungGen: 38671K->5120K(48640K)] 383264K->349713K(515072K), 0.0009340 secs] [Times: user=0.00 sys=0.00, real=0.00 secs] 
146.803: [GC (Allocation Failure) [PSYoungGen: 36625K->0K(48640K)] 432418K->416273K(515072K), 0.0023275 secs] [Times: user=0.00 sys=0.00, real=0.00 secs] 
146.806: [GC (Allocation Failure) [PSYoungGen: 0K->0K(48640K)] 416273K->416273K(515072K), 0.0007616 secs] [Times: user=0.00 sys=0.00, real=0.00 secs] 
146.807: [Full GC (Allocation Failure) [PSYoungGen: 0K->0K(48640K)] [ParOldGen: 416273K->72209K(466432K)] 416273K->72209K(515072K), [Metaspace: 2796K->2796K(1056768K)], 0.0062274 secs] [Times: user=0.00 sys=0.00, real=0.01 secs] 
147.803: [GC (Allocation Failure) [PSYoungGen: 33554K->5120K(48640K)] 208163K->184849K(515072K), 0.0010377 secs] [Times: user=0.00 sys=0.00, real=0.00 secs] 
148.896: [GC (Allocation Failure) [PSYoungGen: 43795K->5120K(48640K)] 397604K->358929K(515072K), 0.0008900 secs] [Times: user=0.00 sys=0.00, real=0.00 secs] 
149.662: [GC (Allocation Failure) [PSYoungGen: 41747K->5120K(48640K)] 467237K->430609K(515072K), 0.0012936 secs] [Times: user=0.00 sys=0.00, real=0.00 secs] 
149.664: [GC (Allocation Failure) [PSYoungGen: 5120K->5120K(48640K)] 430609K->430609K(515072K), 0.0009377 secs] [Times: user=0.00 sys=0.00, real=0.00 secs] 
149.665: [Full GC (Allocation Failure) [PSYoungGen: 5120K->0K(48640K)] [ParOldGen: 425489K->133649K(466432K)] 430609K->133649K(515072K), [Metaspace: 2796K->2796K(1056768K)], 0.0103693 secs] [Times: user=0.00 sys=0.00, real=0.01 secs] 
151.424: [GC (Allocation Failure) [PSYoungGen: 38675K->7168K(48640K)] 448805K->417297K(515072K), 0.0009686 secs] [Times: user=0.00 sys=0.00, real=0.00 secs] 
152.080: [GC (Allocation Failure) [PSYoungGen: 38676K->6144K(48640K)] 448805K->426513K(515072K), 0.0013434 secs] [Times: user=0.00 sys=0.00, real=0.00 secs] 
152.408: [Full GC (Ergonomics) [PSYoungGen: 27405K->0K(48640K)] [ParOldGen: 440849K->32273K(466432K)] 468254K->32273K(515072K), [Metaspace: 2796K->2796K(1056768K)], 0.0038088 secs] [Times: user=0.00 sys=0.00, real=0.00 secs] 
153.503: [GC (Allocation Failure) [PSYoungGen: 33551K->6144K(48640K)] 219425K->192017K(515072K), 0.0007705 secs] [Times: user=0.00 sys=0.00, real=0.00 secs] 
154.811: [GC (Allocation Failure) [PSYoungGen: 43793K->5120K(48640K)] 229667K->196113K(515072K), 0.0010332 secs] [Times: user=0.00 sys=0.00, real=0.00 secs] 
155.903: [GC (Allocation Failure) [PSYoungGen: 43788K->5120K(48640K)] 408862K->385553K(515072K), 0.0015349 secs] [Times: user=0.00 sys=0.00, real=0.00 secs] 
156.449: [GC (Allocation Failure) [PSYoungGen: 36623K->5120K(48640K)] 417057K->395793K(515072K), 0.0017649 secs] [Times: user=0.00 sys=0.00, real=0.00 secs] 
156.777: [Full GC (Ergonomics) [PSYoungGen: 36618K->0K(48640K)] [ParOldGen: 441873K->92689K(466432K)] 478491K->92689K(515072K), [Metaspace: 2796K->2796K(1056768K)], 0.0074569 secs] [Times: user=0.00 sys=0.00, real=0.01 secs] 
158.322: [GC (Allocation Failure) [PSYoungGen: 38670K->0K(48640K)] 387359K->348689K(515072K), 0.0007779 secs] [Times: user=0.00 sys=0.00, real=0.00 secs] 
159.191: [GC (Allocation Failure) [PSYoungGen: 33552K->5120K(48640K)] 382241K->358929K(515072K), 0.0009072 secs] [Times: user=0.00 sys=0.00, real=0.00 secs] 
159.630: [GC (Allocation Failure) [PSYoungGen: 26379K->5120K(48640K)] 451868K->430609K(515072K), 0.0009828 secs] [Times: user=0.00 sys=0.00, real=0.00 secs] 
159.631: [GC (Allocation Failure) [PSYoungGen: 5120K->5120K(48640K)] 430609K->430609K(515072K), 0.0007859 secs] [Times: user=0.00 sys=0.00, real=0.00 secs] 
159.632: [Full GC (Allocation Failure) [PSYoungGen: 5120K->0K(48640K)] [ParOldGen: 425489K->108049K(466432K)] 430609K->108049K(515072K), [Metaspace: 2796K->2796K(1056768K)], 0.0084668 secs] [Times: user=0.00 sys=0.00, real=0.01 secs] 
160.626: [GC (Allocation Failure) [PSYoungGen: 33550K->5120K(48640K)] 244000K->220689K(515072K), 0.0010584 secs] [Times: user=0.00 sys=0.00, real=0.00 secs] 
162.042: [GC (Allocation Failure) [PSYoungGen: 37648K->5120K(48640K)] 427298K->399889K(515072K), 0.0008768 secs] [Times: user=0.00 sys=0.00, real=0.00 secs] 
162.368: [GC (Allocation Failure) [PSYoungGen: 26386K->0K(48640K)] 441635K->415249K(515072K), 0.0010836 secs] [Times: user=0.00 sys=0.00, real=0.00 secs] 
162.369: [GC (Allocation Failure) [PSYoungGen: 0K->0K(48640K)] 415249K->415249K(515072K), 0.0007851 secs] [Times: user=0.00 sys=0.00, real=0.00 secs] 
162.370: [Full GC (Allocation Failure) [PSYoungGen: 0K->0K(48640K)] [ParOldGen: 415249K->26129K(466432K)] 415249K->26129K(515072K), [Metaspace: 2796K->2796K(1056768K)], 0.0034231 secs] [Times: user=0.00 sys=0.00, real=0.00 secs] 
163.461: [GC (Allocation Failure) [PSYoungGen: 33554K->6144K(48640K)] 213284K->185873K(515072K), 0.0009179 secs] [Times: user=0.00 sys=0.00, real=0.00 secs] 
164.556: [GC (Allocation Failure) [PSYoungGen: 44819K->6144K(48640K)] 398628K->375313K(515072K), 0.0017274 secs] [Times: user=0.00 sys=0.00, real=0.00 secs] 
165.649: [GC (Allocation Failure) [PSYoungGen: 42771K->0K(48640K)] 411941K->379409K(515072K), 0.0013142 secs] [Times: user=0.01 sys=0.00, real=0.00 secs] 
166.303: [GC (Allocation Failure) [PSYoungGen: 31502K->5120K(48640K)] 410911K->389649K(515072K), 0.0011413 secs] [Times: user=0.00 sys=0.00, real=0.00 secs] 
166.740: [Full GC (Ergonomics) [PSYoungGen: 26377K->0K(48640K)] [ParOldGen: 456209K->77329K(466432K)] 482587K->77329K(515072K), [Metaspace: 2796K->2796K(1056768K)], 0.0068551 secs] [Times: user=0.02 sys=0.00, real=0.01 secs] 
167.738: [GC (Allocation Failure) [PSYoungGen: 33549K->5120K(48640K)] 213278K->189969K(515072K), 0.0010122 secs] [Times: user=0.00 sys=0.00, real=0.00 secs] 
168.830: [GC (Allocation Failure) [PSYoungGen: 43791K->5120K(48640K)] 402721K->369169K(515072K), 0.0010979 secs] [Times: user=0.00 sys=0.00, real=0.00 secs] 
169.591: [GC (Allocation Failure) [PSYoungGen: 11025K->0K(48640K)] 426274K->415249K(515072K), 0.0009457 secs] [Times: user=0.00 sys=0.00, real=0.00 secs] 
169.592: [GC (Allocation Failure) [PSYoungGen: 0K->0K(48640K)] 415249K->415249K(515072K), 0.0007850 secs] [Times: user=0.00 sys=0.00, real=0.00 secs] 
169.593: [Full GC (Allocation Failure) [PSYoungGen: 0K->0K(48640K)] [ParOldGen: 415249K->51729K(466432K)] 415249K->51729K(515072K), [Metaspace: 2796K->2796K(1056768K)], 0.0050627 secs] [Times: user=0.00 sys=0.00, real=0.00 secs] 
170.590: [GC (Allocation Failure) [PSYoungGen: 33553K->5120K(48640K)] 187682K->164369K(515072K), 0.0009406 secs] [Times: user=0.00 sys=0.00, real=0.00 secs] 
171.681: [GC (Allocation Failure) [PSYoungGen: 43794K->6144K(48640K)] 377124K->339473K(515072K), 0.0009503 secs] [Times: user=0.00 sys=0.00, real=0.00 secs] 
172.444: [GC (Allocation Failure) [PSYoungGen: 42771K->6144K(48640K)] 447780K->411153K(515072K), 0.0009395 secs] [Times: user=0.00 sys=0.00, real=0.00 secs] 
172.445: [GC (Allocation Failure) [PSYoungGen: 6144K->6144K(48640K)] 411153K->411153K(515072K), 0.0007559 secs] [Times: user=0.00 sys=0.00, real=0.00 secs] 
172.446: [Full GC (Allocation Failure) [PSYoungGen: 6144K->0K(48640K)] [ParOldGen: 405009K->165393K(466432K)] 411153K->165393K(515072K), [Metaspace: 2796K->2796K(1056768K)], 0.0122929 secs] [Times: user=0.02 sys=0.00, real=0.01 secs] 
174.323: [Full GC (Ergonomics) [PSYoungGen: 35603K->0K(48640K)] [ParOldGen: 441873K->16384K(466432K)] 477477K->16384K(515072K), [Metaspace: 2796K->2796K(1056768K)], 0.0027836 secs] [Times: user=0.00 sys=0.00, real=0.00 secs] 
174.976: [GC (Allocation Failure) [PSYoungGen: 36628K->0K(48640K)] 53012K->26624K(515072K), 0.0011237 secs] [Times: user=0.00 sys=0.00, real=0.00 secs] 
175.739: [GC (Allocation Failure) [PSYoungGen: 38670K->5120K(48640K)] 218894K->195584K(515072K), 0.0013124 secs] [Times: user=0.00 sys=0.00, real=0.00 secs] 
176.395: [GC (Allocation Failure) [PSYoungGen: 41744K->5120K(48640K)] 232208K->205824K(515072K), 0.0016508 secs] [Times: user=0.00 sys=0.00, real=0.00 secs] 
177.269: [GC (Allocation Failure) [PSYoungGen: 41740K->5120K(48640K)] 242444K->205824K(515072K), 0.0011088 secs] [Times: user=0.00 sys=0.00, real=0.00 secs] 
177.813: [GC (Allocation Failure) [PSYoungGen: 36617K->5120K(48640K)] 237321K->216064K(515072K), 0.0014608 secs] [Times: user=0.00 sys=0.00, real=0.00 secs] 
178.574: [GC (Allocation Failure) [PSYoungGen: 43782K->5120K(48640K)] 408326K->374784K(515072K), 0.0011361 secs] [Times: user=0.00 sys=0.00, real=0.00 secs] 
179.229: [GC (Allocation Failure) [PSYoungGen: 41739K->5120K(48640K)] 411403K->390144K(515072K), 0.0019733 secs] [Times: user=0.00 sys=0.00, real=0.00 secs] 
179.557: [Full GC (Ergonomics) [PSYoungGen: 36616K->0K(48640K)] [ParOldGen: 436224K->113169K(466432K)] 472840K->113169K(515072K), [Metaspace: 2796K->2796K(1056768K)], 0.0087676 secs] [Times: user=0.00 sys=0.00, real=0.01 secs] 
181.426: [GC (Allocation Failure) [PSYoungGen: 35596K->6144K(48640K)] 353566K->324113K(515072K), 0.0010167 secs] [Times: user=0.00 sys=0.00, real=0.00 secs] 
182.078: [GC (Allocation Failure) [PSYoungGen: 42767K->6144K(48640K)] 360737K->334353K(515072K), 0.0015884 secs] [Times: user=0.00 sys=0.00, real=0.00 secs] 
182.402: [GC (Allocation Failure) [PSYoungGen: 37643K->6144K(48640K)] 417052K->385553K(515072K), 0.0008422 secs] [Times: user=0.00 sys=0.00, real=0.00 secs] 
182.403: [GC (Allocation Failure) [PSYoungGen: 6144K->6144K(48640K)] 385553K->385553K(515072K), 0.0009478 secs] [Times: user=0.00 sys=0.00, real=0.00 secs] 
182.404: [Full GC (Allocation Failure) [PSYoungGen: 6144K->0K(48640K)] [ParOldGen: 379409K->57873K(466432K)] 385553K->57873K(515072K), [Metaspace: 2796K->2796K(1056768K)], 0.0050660 secs] [Times: user=0.00 sys=0.00, real=0.01 secs] 
183.403: [GC (Allocation Failure) [PSYoungGen: 33550K->6144K(48640K)] 193824K->166417K(515072K), 0.0007808 secs] [Times: user=0.00 sys=0.00, real=0.00 secs] 
184.933: [GC (Allocation Failure) [PSYoungGen: 44816K->0K(48640K)] 379170K->344593K(515072K), 0.0013715 secs] [Times: user=0.00 sys=0.00, real=0.00 secs] 
185.264: [GC (Allocation Failure) [PSYoungGen: 31506K->0K(48640K)] 427299K->406033K(515072K), 0.0013245 secs] [Times: user=0.00 sys=0.00, real=0.00 secs] 
185.265: [GC (Allocation Failure) [PSYoungGen: 0K->0K(48640K)] 406033K->406033K(515072K), 0.0008028 secs] [Times: user=0.00 sys=0.00, real=0.00 secs] 
185.266: [Full GC (Allocation Failure) [PSYoungGen: 0K->0K(48640K)] [ParOldGen: 406033K->61969K(466432K)] 406033K->61969K(515072K), [Metaspace: 2796K->2796K(1056768K)], 0.0055352 secs] [Times: user=0.00 sys=0.00, real=0.01 secs] 
186.264: [GC (Allocation Failure) [PSYoungGen: 33554K->5120K(48640K)] 197924K->174609K(515072K), 0.0009323 secs] [Times: user=0.00 sys=0.00, real=0.00 secs] 
187.359: [GC (Allocation Failure) [PSYoungGen: 43795K->5120K(48640K)] 387364K->358929K(515072K), 0.0014217 secs] [Times: user=0.00 sys=0.00, real=0.00 secs] 
188.670: [GC (Allocation Failure) [PSYoungGen: 41747K->0K(48640K)] 467237K->425489K(515072K), 0.0008611 secs] [Times: user=0.00 sys=0.00, real=0.00 secs] 
189.217: [GC (Allocation Failure) [PSYoungGen: 31508K->5120K(48640K)] 456997K->440849K(515072K), 0.0017399 secs] [Times: user=0.00 sys=0.00, real=0.00 secs] 
189.218: [Full GC (Ergonomics) [PSYoungGen: 5120K->0K(48640K)] [ParOldGen: 435729K->15889K(466432K)] 440849K->15889K(515072K), [Metaspace: 2796K->2796K(1056768K)], 0.0027121 secs] [Times: user=0.00 sys=0.00, real=0.00 secs] 
189.982: [GC (Allocation Failure) [PSYoungGen: 38669K->5120K(48640K)] 208158K->174609K(515072K), 0.0007341 secs] [Times: user=0.00 sys=0.00, real=0.00 secs] 
190.640: [GC (Allocation Failure) [PSYoungGen: 41743K->5120K(48640K)] 211233K->184849K(515072K), 0.0015594 secs] [Times: user=0.00 sys=0.00, real=0.00 secs] 
191.403: [GC (Allocation Failure) [PSYoungGen: 43787K->6176K(48640K)] 377117K->344625K(515072K), 0.0012084 secs] [Times: user=0.00 sys=0.00, real=0.00 secs] 
192.932: [GC (Allocation Failure) [PSYoungGen: 44846K->6176K(48640K)] 383296K->344625K(515072K), 0.0010056 secs] [Times: user=0.00 sys=0.00, real=0.00 secs] 
193.478: [GC (Allocation Failure) [PSYoungGen: 37675K->1056K(48640K)] 376124K->359985K(515072K), 0.0016081 secs] [Times: user=0.06 sys=0.00, real=0.00 secs] 
193.804: [GC (Allocation Failure) [PSYoungGen: 32551K->1056K(48640K)] 442681K->411185K(515072K), 0.0010030 secs] [Times: user=0.00 sys=0.00, real=0.00 secs] 
193.805: [GC (Allocation Failure) [PSYoungGen: 1056K->1056K(48640K)] 411185K->411185K(515072K), 0.0011581 secs] [Times: user=0.00 sys=0.00, real=0.00 secs] 
193.806: [Full GC (Allocation Failure) [PSYoungGen: 1056K->0K(48640K)] [ParOldGen: 410129K->62993K(466432K)] 411185K->62993K(515072K), [Metaspace: 2796K->2796K(1056768K)], 0.0058841 secs] [Times: user=0.00 sys=0.00, real=0.01 secs] 
194.804: [GC (Allocation Failure) [PSYoungGen: 33548K->5152K(48640K)] 198941K->175665K(515072K), 0.0009953 secs] [Times: user=0.00 sys=0.00, real=0.00 secs] 
196.331: [GC (Allocation Failure) [PSYoungGen: 38703K->5184K(48640K)] 383296K->349777K(515072K), 0.0008708 secs] [Times: user=0.00 sys=0.00, real=0.00 secs] 
196.660: [GC (Allocation Failure) [PSYoungGen: 36689K->64K(48640K)] 432482K->416337K(515072K), 0.0023013 secs] [Times: user=0.00 sys=0.00, real=0.00 secs] 
196.662: [GC (Allocation Failure) [PSYoungGen: 64K->32K(48640K)] 416337K->416305K(515072K), 0.0007220 secs] [Times: user=0.00 sys=0.00, real=0.00 secs] 
196.663: [Full GC (Allocation Failure) [PSYoungGen: 32K->0K(48640K)] [ParOldGen: 416273K->72209K(466432K)] 416305K->72209K(515072K), [Metaspace: 2796K->2796K(1056768K)], 0.0062890 secs] [Times: user=0.00 sys=0.00, real=0.01 secs] 
197.662: [GC (Allocation Failure) [PSYoungGen: 33554K->5120K(48640K)] 208164K->184849K(515072K), 0.0010134 secs] [Times: user=0.00 sys=0.00, real=0.00 secs] 
198.756: [GC (Allocation Failure) [PSYoungGen: 43795K->5120K(48640K)] 397604K->364049K(515072K), 0.0012456 secs] [Times: user=0.00 sys=0.00, real=0.00 secs] 
199.519: [Full GC (Ergonomics) [PSYoungGen: 41747K->0K(48640K)] [ParOldGen: 430609K->133649K(466432K)] 472357K->133649K(515072K), [Metaspace: 2796K->2796K(1056768K)], 0.0101648 secs] [Times: user=0.02 sys=0.00, real=0.01 secs] 
201.284: [GC (Allocation Failure) [PSYoungGen: 38675K->7168K(48640K)] 448805K->417297K(515072K), 0.0010911 secs] [Times: user=0.00 sys=0.00, real=0.00 secs] 
201.939: [GC (Allocation Failure) [PSYoungGen: 38676K->6144K(48640K)] 448806K->426513K(515072K), 0.0013387 secs] [Times: user=0.00 sys=0.00, real=0.00 secs] 
202.266: [Full GC (Ergonomics) [PSYoungGen: 27405K->0K(48640K)] [ParOldGen: 440849K->32273K(466432K)] 468255K->32273K(515072K), [Metaspace: 2796K->2796K(1056768K)], 0.0037763 secs] [Times: user=0.00 sys=0.00, real=0.00 secs] 
203.357: [GC (Allocation Failure) [PSYoungGen: 33551K->6144K(48640K)] 219425K->192017K(515072K), 0.0008761 secs] [Times: user=0.00 sys=0.00, real=0.00 secs] 
204.670: [GC (Allocation Failure) [PSYoungGen: 43793K->5120K(48640K)] 229667K->196113K(515072K), 0.0012114 secs] [Times: user=0.00 sys=0.00, real=0.00 secs] 
205.760: [GC (Allocation Failure) [PSYoungGen: 43788K->5120K(48640K)] 408862K->390673K(515072K), 0.0020374 secs] [Times: user=0.00 sys=0.00, real=0.00 secs] 
206.306: [GC (Allocation Failure) [PSYoungGen: 36623K->5120K(48640K)] 422177K->400913K(515072K), 0.0016570 secs] [Times: user=0.00 sys=0.00, real=0.00 secs] 
206.634: [Full GC (Ergonomics) [PSYoungGen: 36618K->0K(48640K)] [ParOldGen: 446993K->92689K(466432K)] 483612K->92689K(515072K), [Metaspace: 2796K->2796K(1056768K)], 0.0077725 secs] [Times: user=0.00 sys=0.00, real=0.01 secs] 
208.177: [GC (Allocation Failure) [PSYoungGen: 38670K->0K(48640K)] 387359K->348689K(515072K), 0.0007423 secs] [Times: user=0.00 sys=0.00, real=0.00 secs] 
209.051: [GC (Allocation Failure) [PSYoungGen: 33552K->5120K(48640K)] 382242K->358929K(515072K), 0.0010649 secs] [Times: user=0.00 sys=0.00, real=0.00 secs] 
209.485: [GC (Allocation Failure) [PSYoungGen: 26379K->0K(48640K)] 451869K->425489K(515072K), 0.0010548 secs] [Times: user=0.00 sys=0.00, real=0.00 secs] 
209.487: [GC (Allocation Failure) [PSYoungGen: 0K->0K(48640K)] 425489K->425489K(515072K), 0.0009811 secs] [Times: user=0.00 sys=0.00, real=0.00 secs] 
209.488: [Full GC (Allocation Failure) [PSYoungGen: 0K->0K(48640K)] [ParOldGen: 425489K->108049K(466432K)] 425489K->108049K(515072K), [Metaspace: 2796K->2796K(1056768K)], 0.0083934 secs] [Times: user=0.00 sys=0.00, real=0.01 secs] 
210.485: [GC (Allocation Failure) [PSYoungGen: 33550K->5120K(48640K)] 244000K->220689K(515072K), 0.0010365 secs] [Times: user=0.00 sys=0.00, real=0.00 secs] 
211.901: [GC (Allocation Failure) [PSYoungGen: 37648K->5120K(48640K)] 427298K->399889K(515072K), 0.0009233 secs] [Times: user=0.00 sys=0.00, real=0.00 secs] 
212.226: [GC (Allocation Failure) [PSYoungGen: 26386K->0K(48640K)] 441635K->415249K(515072K), 0.0009457 secs] [Times: user=0.00 sys=0.00, real=0.00 secs] 
212.227: [GC (Allocation Failure) [PSYoungGen: 0K->0K(48640K)] 415249K->415249K(515072K), 0.0010059 secs] [Times: user=0.00 sys=0.00, real=0.00 secs] 
212.229: [Full GC (Allocation Failure) [PSYoungGen: 0K->0K(48640K)] [ParOldGen: 415249K->26129K(466432K)] 415249K->26129K(515072K), [Metaspace: 2796K->2796K(1056768K)], 0.0034362 secs] [Times: user=0.00 sys=0.00, real=0.00 secs] 
213.318: [GC (Allocation Failure) [PSYoungGen: 33554K->6144K(48640K)] 213284K->185873K(515072K), 0.0008715 secs] [Times: user=0.00 sys=0.00, real=0.00 secs] 
214.409: [GC (Allocation Failure) [PSYoungGen: 44819K->6144K(48640K)] 398629K->375313K(515072K), 0.0018883 secs] [Times: user=0.00 sys=0.00, real=0.00 secs] 
215.502: [GC (Allocation Failure) [PSYoungGen: 42771K->0K(48640K)] 411941K->379409K(515072K), 0.0012270 secs] [Times: user=0.00 sys=0.00, real=0.00 secs] 
216.159: [GC (Allocation Failure) [PSYoungGen: 31502K->5120K(48640K)] 410912K->389649K(515072K), 0.0011255 secs] [Times: user=0.00 sys=0.00, real=0.00 secs] 
216.598: [Full GC (Ergonomics) [PSYoungGen: 26377K->0K(48640K)] [ParOldGen: 456209K->77329K(466432K)] 482587K->77329K(515072K), [Metaspace: 2796K->2796K(1056768K)], 0.0068983 secs] [Times: user=0.02 sys=0.00, real=0.01 secs] 
217.582: [GC (Allocation Failure) [PSYoungGen: 33549K->5120K(48640K)] 213279K->189969K(515072K), 0.0010575 secs] [Times: user=0.00 sys=0.00, real=0.00 secs] 
218.674: [GC (Allocation Failure) [PSYoungGen: 43791K->5120K(48640K)] 402721K->369169K(515072K), 0.0011551 secs] [Times: user=0.00 sys=0.00, real=0.00 secs] 
Heap
 PSYoungGen      total 48640K, used 11814K [0x00000000fc780000, 0x0000000100000000, 0x0000000100000000)
  eden space 39424K, 16% used [0x00000000fc780000,0x00000000fce09950,0x00000000fee00000)
  from space 9216K, 55% used [0x00000000fee00000,0x00000000ff300010,0x00000000ff700000)
  to   space 9216K, 0% used [0x00000000ff700000,0x00000000ff700000,0x0000000100000000)
 ParOldGen       total 466432K, used 364049K [0x00000000e0000000, 0x00000000fc780000, 0x00000000fc780000)
  object space 466432K, 78% used [0x00000000e0000000,0x00000000f6384770,0x00000000fc780000)
 Metaspace       used 2804K, capacity 4486K, committed 4864K, reserved 1056768K
  class space    used 297K, capacity 386K, committed 512K, reserved 1048576K
