Java HotSpot(TM) 64-Bit Server VM (25.411-b09) for windows-amd64 JRE (1.8.0_411-b09), built on Mar 13 2024 07:26:13 by "java_re" with MS VC++ 17.1 (VS2022)
Memory: 4k page, physical 33403376k(14326352k free), swap 37153868k(7472376k free)
CommandLine flags: -XX:InitialHeapSize=536870912 -XX:MaxHeapSize=536870912 -XX:NewRatio=2 -XX:ParallelGCThreads=6 -XX:+PrintGC -XX:+PrintGCDetails -XX:+PrintGCTimeStamps -XX:SurvivorRatio=13 -XX:-UseAdaptiveSizePolicy -XX:+UseCompressedClassPointers -XX:+UseCompressedOops -XX:-UseLargePagesIndividualAllocation -XX:+UseParallelGC 
2.178: [GC (Allocation Failure) [PSYoungGen: 151490K->6824K(163328K)] 253890K->114352K(513024K), 0.0028778 secs] [Times: user=0.00 sys=0.00, real=0.00 secs] 
4.611: [GC (Allocation Failure) [PSYoungGen: 154249K->1608K(163328K)] 364177K->211536K(513024K), 0.0008828 secs] [Times: user=0.00 sys=0.00, real=0.00 secs] 
6.607: [GC (Allocation Failure) [PSYoungGen: 153129K->10808K(163328K)] 465457K->338496K(513024K), 0.0049541 secs] [Times: user=0.00 sys=0.00, real=0.00 secs] 
6.612: [Full GC (Ergonomics) [PSYoungGen: 10808K->0K(163328K)] [ParOldGen: 327688K->26128K(349696K)] 338496K->26128K(513024K), [Metaspace: 2753K->2753K(1056768K)], 0.0074350 secs] [Times: user=0.00 sys=0.00, real=0.01 secs] 
8.478: [GC (Allocation Failure) [PSYoungGen: 137682K->32K(163328K)] 266211K->149048K(513024K), 0.0022361 secs] [Times: user=0.00 sys=0.00, real=0.00 secs] 
9.902: [GC (Allocation Failure) [PSYoungGen: 125953K->5152K(163328K)] 377370K->328248K(513024K), 0.0055457 secs] [Times: user=0.00 sys=0.00, real=0.01 secs] 
9.907: [Full GC (Ergonomics) [PSYoungGen: 5152K->0K(163328K)] [ParOldGen: 323096K->77328K(349696K)] 328248K->77328K(513024K), [Metaspace: 2761K->2761K(1056768K)], 0.0069892 secs] [Times: user=0.00 sys=0.00, real=0.01 secs] 
11.335: [GC (Allocation Failure) [PSYoungGen: 125921K->5120K(163328K)] 305650K->205328K(513024K), 0.0021660 secs] [Times: user=0.00 sys=0.00, real=0.00 secs] 
12.755: [Full GC (Ergonomics) [PSYoungGen: 111549K->0K(163328K)] [ParOldGen: 302608K->26129K(349696K)] 414158K->26129K(513024K), [Metaspace: 2763K->2763K(1056768K)], 0.0043002 secs] [Times: user=0.00 sys=0.00, real=0.00 secs] 
14.175: [GC (Allocation Failure) [PSYoungGen: 125921K->1024K(163328K)] 254450K->160273K(513024K), 0.0023830 secs] [Times: user=0.00 sys=0.00, real=0.00 secs] 
16.791: [GC (Allocation Failure) [PSYoungGen: 147425K->10240K(163328K)] 409074K->277009K(513024K), 0.0027198 secs] [Times: user=0.00 sys=0.00, real=0.00 secs] 
17.118: [GC (Allocation Failure) [PSYoungGen: 95201K->0K(163328K)] 361970K->338449K(513024K), 0.0049996 secs] [Times: user=0.00 sys=0.00, real=0.01 secs] 
17.123: [Full GC (Ergonomics) [PSYoungGen: 0K->0K(163328K)] [ParOldGen: 338449K->77329K(349696K)] 338449K->77329K(513024K), [Metaspace: 2768K->2768K(1056768K)], 0.0064861 secs] [Times: user=0.00 sys=0.00, real=0.01 secs] 
18.224: [GC (Allocation Failure) [PSYoungGen: 146389K->10240K(163328K)] 223718K->92689K(513024K), 0.0013470 secs] [Times: user=0.00 sys=0.00, real=0.00 secs] 
19.861: [GC (Allocation Failure) [PSYoungGen: 115651K->5120K(163328K)] 300500K->189969K(513024K), 0.0008742 secs] [Times: user=0.00 sys=0.00, real=0.00 secs] 
21.284: [Full GC (Ergonomics) [PSYoungGen: 131021K->0K(163328K)] [ParOldGen: 287249K->128529K(349696K)] 418271K->128529K(513024K), [Metaspace: 2779K->2779K(1056768K)], 0.0099103 secs] [Times: user=0.00 sys=0.00, real=0.01 secs] 
22.718: [GC (Allocation Failure) [PSYoungGen: 125908K->6144K(163328K)] 356837K->257553K(513024K), 0.0024500 secs] [Times: user=0.00 sys=0.00, real=0.00 secs] 
22.828: [GC (Allocation Failure) [PSYoungGen: 60377K->6144K(163328K)] 311786K->308753K(513024K), 0.0047565 secs] [Times: user=0.00 sys=0.00, real=0.00 secs] 
22.832: [Full GC (Ergonomics) [PSYoungGen: 6144K->0K(163328K)] [ParOldGen: 302609K->165393K(349696K)] 308753K->165393K(513024K), [Metaspace: 2779K->2779K(1056768K)], 0.0049962 secs] [Times: user=0.00 sys=0.00, real=0.01 secs] 
24.159: [GC (Allocation Failure) [PSYoungGen: 151513K->10240K(163328K)] 316906K->196113K(513024K), 0.0023825 secs] [Times: user=0.00 sys=0.00, real=0.00 secs] 
25.580: [Full GC (Ergonomics) [PSYoungGen: 136134K->0K(163328K)] [ParOldGen: 288273K->47104K(349696K)] 424408K->47104K(513024K), [Metaspace: 2779K->2779K(1056768K)], 0.0048698 secs] [Times: user=0.00 sys=0.00, real=0.00 secs] 
28.089: [GC (Allocation Failure) [PSYoungGen: 151504K->10240K(163328K)] 301008K->159744K(513024K), 0.0010591 secs] [Times: user=0.00 sys=0.00, real=0.00 secs] 
29.723: [GC (Allocation Failure) [PSYoungGen: 157272K->10272K(163328K)] 409176K->323624K(513024K), 0.0052836 secs] [Times: user=0.00 sys=0.00, real=0.01 secs] 
29.729: [Full GC (Ergonomics) [PSYoungGen: 10272K->0K(163328K)] [ParOldGen: 313352K->72209K(349696K)] 323624K->72209K(513024K), [Metaspace: 2793K->2793K(1056768K)], 0.0060499 secs] [Times: user=0.02 sys=0.00, real=0.00 secs] 
32.466: [Full GC (Ergonomics) [PSYoungGen: 143322K->0K(163328K)] [ParOldGen: 277009K->17408K(349696K)] 420331K->17408K(513024K), [Metaspace: 2793K->2793K(1056768K)], 0.0028829 secs] [Times: user=0.00 sys=0.00, real=0.00 secs] 
33.993: [GC (Allocation Failure) [PSYoungGen: 136156K->10240K(163328K)] 255964K->141312K(513024K), 0.0017993 secs] [Times: user=0.00 sys=0.00, real=0.00 secs] 
35.522: [GC (Allocation Failure) [PSYoungGen: 131038K->10240K(163328K)] 364510K->264192K(513024K), 0.0023576 secs] [Times: user=0.00 sys=0.00, real=0.00 secs] 
35.630: [GC (Allocation Failure) [PSYoungGen: 64479K->10240K(163328K)] 318431K->315392K(513024K), 0.0048426 secs] [Times: user=0.00 sys=0.00, real=0.00 secs] 
35.635: [Full GC (Ergonomics) [PSYoungGen: 10240K->0K(163328K)] [ParOldGen: 305152K->61969K(349696K)] 315392K->61969K(513024K), [Metaspace: 2793K->2793K(1056768K)], 0.0055161 secs] [Times: user=0.00 sys=0.00, real=0.01 secs] 
36.738: [GC (Allocation Failure) [PSYoungGen: 146399K->10240K(163328K)] 208368K->77329K(513024K), 0.0014437 secs] [Times: user=0.00 sys=0.00, real=0.00 secs] 
38.267: [GC (Allocation Failure) [PSYoungGen: 146378K->10240K(163328K)] 315867K->205329K(513024K), 0.0026872 secs] [Times: user=0.00 sys=0.00, real=0.00 secs] 
39.795: [GC (Allocation Failure) [PSYoungGen: 146386K->5120K(163328K)] 341475K->220689K(513024K), 0.0022796 secs] [Times: user=0.00 sys=0.00, real=0.00 secs] 
41.218: [Full GC (Ergonomics) [PSYoungGen: 131023K->0K(163328K)] [ParOldGen: 317969K->133649K(349696K)] 448993K->133649K(513024K), [Metaspace: 2793K->2793K(1056768K)], 0.0102116 secs] [Times: user=0.00 sys=0.00, real=0.01 secs] 
43.963: [GC (Allocation Failure) [PSYoungGen: 138198K->10240K(163328K)] 374247K->257553K(513024K), 0.0019227 secs] [Times: user=0.00 sys=0.00, real=0.00 secs] 
44.184: [GC (Allocation Failure) [PSYoungGen: 84953K->0K(163328K)] 332267K->298513K(513024K), 0.0042682 secs] [Times: user=0.01 sys=0.00, real=0.00 secs] 
44.188: [Full GC (Ergonomics) [PSYoungGen: 0K->0K(163328K)] [ParOldGen: 298513K->62993K(349696K)] 298513K->62993K(513024K), [Metaspace: 2795K->2795K(1056768K)], 0.0058235 secs] [Times: user=0.00 sys=0.00, real=0.01 secs] 
45.294: [GC (Allocation Failure) [PSYoungGen: 146394K->10240K(163328K)] 209387K->78353K(513024K), 0.0014700 secs] [Times: user=0.02 sys=0.00, real=0.00 secs] 
46.929: [GC (Allocation Failure) [PSYoungGen: 136134K->0K(163328K)] 306647K->211473K(513024K), 0.0022364 secs] [Times: user=0.00 sys=0.00, real=0.00 secs] 
48.350: [Full GC (Ergonomics) [PSYoungGen: 125903K->0K(163328K)] [ParOldGen: 313873K->46609K(349696K)] 439777K->46609K(513024K), [Metaspace: 2795K->2795K(1056768K)], 0.0045681 secs] [Times: user=0.00 sys=0.00, real=0.01 secs] 
49.769: [GC (Allocation Failure) [PSYoungGen: 125910K->5120K(163328K)] 274919K->225809K(513024K), 0.0053475 secs] [Times: user=0.00 sys=0.00, real=0.00 secs] 
51.188: [Full GC (Ergonomics) [PSYoungGen: 115674K->0K(163328K)] [ParOldGen: 323089K->26624K(349696K)] 438763K->26624K(513024K), [Metaspace: 2795K->2795K(1056768K)], 0.0033100 secs] [Times: user=0.00 sys=0.00, real=0.00 secs] 
52.609: [GC (Allocation Failure) [PSYoungGen: 125916K->6144K(163328K)] 254940K->155648K(513024K), 0.0021993 secs] [Times: user=0.00 sys=0.00, real=0.00 secs] 
55.340: [GC (Allocation Failure) [PSYoungGen: 153566K->10240K(163328K)] 405470K->277504K(513024K), 0.0017595 secs] [Times: user=0.00 sys=0.00, real=0.00 secs] 
55.342: [Full GC (Ergonomics) [PSYoungGen: 10240K->0K(163328K)] [ParOldGen: 267264K->15889K(349696K)] 277504K->15889K(513024K), [Metaspace: 2795K->2795K(1056768K)], 0.0025149 secs] [Times: user=0.00 sys=0.00, real=0.00 secs] 
56.870: [GC (Allocation Failure) [PSYoungGen: 146399K->5120K(163328K)] 264688K->164369K(513024K), 0.0030159 secs] [Times: user=0.00 sys=0.00, real=0.00 secs] 
58.398: [Full GC (Ergonomics) [PSYoungGen: 146400K->0K(163328K)] [ParOldGen: 261649K->52224K(349696K)] 408049K->52224K(513024K), [Metaspace: 2796K->2796K(1056768K)], 0.0050618 secs] [Times: user=0.00 sys=0.00, real=0.01 secs] 
59.506: [GC (Allocation Failure) [PSYoungGen: 146400K->10240K(163328K)] 198624K->67584K(513024K), 0.0013188 secs] [Times: user=0.00 sys=0.00, real=0.00 secs] 
61.035: [GC (Allocation Failure) [PSYoungGen: 146393K->10240K(163328K)] 306137K->175104K(513024K), 0.0015230 secs] [Times: user=0.00 sys=0.00, real=0.00 secs] 
62.568: [Full GC (Ergonomics) [PSYoungGen: 136156K->0K(163328K)] [ParOldGen: 267264K->26624K(349696K)] 403420K->26624K(513024K), [Metaspace: 2796K->2796K(1056768K)], 0.0034116 secs] [Times: user=0.00 sys=0.00, real=0.00 secs] 
63.989: [GC (Allocation Failure) [PSYoungGen: 125918K->10240K(163328K)] 254942K->160768K(513024K), 0.0026378 secs] [Times: user=0.00 sys=0.00, real=0.00 secs] 
66.606: [GC (Allocation Failure) [PSYoungGen: 156639K->10240K(163328K)] 409567K->268288K(513024K), 0.0015432 secs] [Times: user=0.00 sys=0.00, real=0.00 secs] 
66.934: [GC (Allocation Failure) [PSYoungGen: 95199K->0K(163328K)] 353248K->329728K(513024K), 0.0055896 secs] [Times: user=0.02 sys=0.00, real=0.01 secs] 
66.940: [Full GC (Ergonomics) [PSYoungGen: 0K->0K(163328K)] [ParOldGen: 329728K->77329K(349696K)] 329728K->77329K(513024K), [Metaspace: 2796K->2796K(1056768K)], 0.0065568 secs] [Times: user=0.00 sys=0.00, real=0.01 secs] 
68.047: [GC (Allocation Failure) [PSYoungGen: 146388K->5120K(163328K)] 223717K->92689K(513024K), 0.0014846 secs] [Times: user=0.00 sys=0.00, real=0.00 secs] 
69.690: [GC (Allocation Failure) [PSYoungGen: 110530K->5120K(163328K)] 300500K->195089K(513024K), 0.0008148 secs] [Times: user=0.00 sys=0.00, real=0.00 secs] 
71.113: [Full GC (Ergonomics) [PSYoungGen: 131021K->0K(163328K)] [ParOldGen: 292369K->128529K(349696K)] 423390K->128529K(513024K), [Metaspace: 2796K->2796K(1056768K)], 0.0097696 secs] [Times: user=0.00 sys=0.00, real=0.01 secs] 
72.544: [GC (Allocation Failure) [PSYoungGen: 125908K->6144K(163328K)] 356837K->257553K(513024K), 0.0024966 secs] [Times: user=0.03 sys=0.00, real=0.00 secs] 
72.653: [GC (Allocation Failure) [PSYoungGen: 60376K->6144K(163328K)] 311786K->308753K(513024K), 0.0044342 secs] [Times: user=0.01 sys=0.00, real=0.00 secs] 
72.657: [Full GC (Ergonomics) [PSYoungGen: 6144K->0K(163328K)] [ParOldGen: 302609K->165393K(349696K)] 308753K->165393K(513024K), [Metaspace: 2796K->2796K(1056768K)], 0.0052512 secs] [Times: user=0.00 sys=0.00, real=0.01 secs] 
73.980: [GC (Allocation Failure) [PSYoungGen: 151512K->10240K(163328K)] 316906K->196113K(513024K), 0.0027441 secs] [Times: user=0.02 sys=0.00, real=0.00 secs] 
75.394: [Full GC (Ergonomics) [PSYoungGen: 136134K->0K(163328K)] [ParOldGen: 288273K->47104K(349696K)] 424408K->47104K(513024K), [Metaspace: 2796K->2796K(1056768K)], 0.0044260 secs] [Times: user=0.00 sys=0.00, real=0.00 secs] 
77.901: [GC (Allocation Failure) [PSYoungGen: 151504K->10240K(163328K)] 301008K->159744K(513024K), 0.0011003 secs] [Times: user=0.00 sys=0.00, real=0.00 secs] 
79.539: [GC (Allocation Failure) [PSYoungGen: 156630K->10240K(163328K)] 408534K->323584K(513024K), 0.0054177 secs] [Times: user=0.00 sys=0.00, real=0.01 secs] 
79.545: [Full GC (Ergonomics) [PSYoungGen: 10240K->0K(163328K)] [ParOldGen: 313344K->72209K(349696K)] 323584K->72209K(513024K), [Metaspace: 2796K->2796K(1056768K)], 0.0062836 secs] [Times: user=0.00 sys=0.00, real=0.01 secs] 
82.296: [Full GC (Ergonomics) [PSYoungGen: 143322K->0K(163328K)] [ParOldGen: 277009K->17408K(349696K)] 420331K->17408K(513024K), [Metaspace: 2796K->2796K(1056768K)], 0.0029021 secs] [Times: user=0.00 sys=0.00, real=0.00 secs] 
83.824: [GC (Allocation Failure) [PSYoungGen: 136156K->10240K(163328K)] 255964K->141312K(513024K), 0.0017844 secs] [Times: user=0.00 sys=0.00, real=0.00 secs] 
85.351: [GC (Allocation Failure) [PSYoungGen: 131038K->10240K(163328K)] 364510K->264192K(513024K), 0.0024225 secs] [Times: user=0.00 sys=0.00, real=0.00 secs] 
85.461: [GC (Allocation Failure) [PSYoungGen: 64479K->10240K(163328K)] 318431K->315392K(513024K), 0.0053882 secs] [Times: user=0.00 sys=0.00, real=0.01 secs] 
85.466: [Full GC (Ergonomics) [PSYoungGen: 10240K->0K(163328K)] [ParOldGen: 305152K->61969K(349696K)] 315392K->61969K(513024K), [Metaspace: 2796K->2796K(1056768K)], 0.0052575 secs] [Times: user=0.00 sys=0.00, real=0.01 secs] 
86.568: [GC (Allocation Failure) [PSYoungGen: 146399K->5120K(163328K)] 208368K->77329K(513024K), 0.0013388 secs] [Times: user=0.00 sys=0.00, real=0.00 secs] 
88.098: [GC (Allocation Failure) [PSYoungGen: 141258K->10240K(163328K)] 315867K->215569K(513024K), 0.0030441 secs] [Times: user=0.00 sys=0.00, real=0.00 secs] 
89.626: [GC (Allocation Failure) [PSYoungGen: 146386K->5120K(163328K)] 351715K->230929K(513024K), 0.0022913 secs] [Times: user=0.00 sys=0.00, real=0.00 secs] 
91.048: [Full GC (Ergonomics) [PSYoungGen: 131023K->0K(163328K)] [ParOldGen: 328209K->133649K(349696K)] 459233K->133649K(513024K), [Metaspace: 2796K->2796K(1056768K)], 0.0100112 secs] [Times: user=0.00 sys=0.00, real=0.01 secs] 
93.794: [GC (Allocation Failure) [PSYoungGen: 138198K->10240K(163328K)] 374247K->257553K(513024K), 0.0015652 secs] [Times: user=0.02 sys=0.00, real=0.00 secs] 
94.011: [GC (Allocation Failure) [PSYoungGen: 84953K->0K(163328K)] 332267K->298513K(513024K), 0.0043115 secs] [Times: user=0.02 sys=0.00, real=0.00 secs] 
94.015: [Full GC (Ergonomics) [PSYoungGen: 0K->0K(163328K)] [ParOldGen: 298513K->62993K(349696K)] 298513K->62993K(513024K), [Metaspace: 2796K->2796K(1056768K)], 0.0054041 secs] [Times: user=0.00 sys=0.00, real=0.00 secs] 
95.116: [GC (Allocation Failure) [PSYoungGen: 146394K->10240K(163328K)] 209387K->78353K(513024K), 0.0014254 secs] [Times: user=0.00 sys=0.00, real=0.00 secs] 
96.751: [GC (Allocation Failure) [PSYoungGen: 136134K->0K(163328K)] 306647K->211473K(513024K), 0.0024703 secs] [Times: user=0.00 sys=0.00, real=0.00 secs] 
98.169: [Full GC (Ergonomics) [PSYoungGen: 125903K->0K(163328K)] [ParOldGen: 313873K->46609K(349696K)] 439777K->46609K(513024K), [Metaspace: 2796K->2796K(1056768K)], 0.0043389 secs] [Times: user=0.02 sys=0.00, real=0.00 secs] 
99.585: [GC (Allocation Failure) [PSYoungGen: 125910K->5120K(163328K)] 274919K->225809K(513024K), 0.0059829 secs] [Times: user=0.00 sys=0.00, real=0.01 secs] 
101.007: [Full GC (Ergonomics) [PSYoungGen: 115674K->0K(163328K)] [ParOldGen: 323089K->26624K(349696K)] 438763K->26624K(513024K), [Metaspace: 2796K->2796K(1056768K)], 0.0035769 secs] [Times: user=0.00 sys=0.00, real=0.00 secs] 
102.430: [GC (Allocation Failure) [PSYoungGen: 125916K->6144K(163328K)] 254940K->155648K(513024K), 0.0023564 secs] [Times: user=0.00 sys=0.00, real=0.00 secs] 
105.157: [GC (Allocation Failure) [PSYoungGen: 153566K->10240K(163328K)] 405470K->277504K(513024K), 0.0016847 secs] [Times: user=0.00 sys=0.00, real=0.00 secs] 
105.159: [Full GC (Ergonomics) [PSYoungGen: 10240K->0K(163328K)] [ParOldGen: 267264K->15889K(349696K)] 277504K->15889K(513024K), [Metaspace: 2796K->2796K(1056768K)], 0.0028368 secs] [Times: user=0.00 sys=0.00, real=0.00 secs] 
106.685: [GC (Allocation Failure) [PSYoungGen: 146399K->5120K(163328K)] 264688K->164369K(513024K), 0.0025409 secs] [Times: user=0.03 sys=0.00, real=0.00 secs] 
108.213: [Full GC (Ergonomics) [PSYoungGen: 146400K->0K(163328K)] [ParOldGen: 261649K->52224K(349696K)] 408049K->52224K(513024K), [Metaspace: 2796K->2796K(1056768K)], 0.0047183 secs] [Times: user=0.00 sys=0.00, real=0.00 secs] 
109.319: [GC (Allocation Failure) [PSYoungGen: 146400K->10240K(163328K)] 198624K->67584K(513024K), 0.0013558 secs] [Times: user=0.00 sys=0.00, real=0.00 secs] 
110.849: [GC (Allocation Failure) [PSYoungGen: 146393K->10240K(163328K)] 306137K->175104K(513024K), 0.0015269 secs] [Times: user=0.00 sys=0.00, real=0.00 secs] 
112.378: [Full GC (Ergonomics) [PSYoungGen: 136156K->0K(163328K)] [ParOldGen: 267264K->26624K(349696K)] 403420K->26624K(513024K), [Metaspace: 2796K->2796K(1056768K)], 0.0035346 secs] [Times: user=0.00 sys=0.00, real=0.00 secs] 
113.802: [GC (Allocation Failure) [PSYoungGen: 125918K->1024K(163328K)] 254942K->160768K(513024K), 0.0022668 secs] [Times: user=0.00 sys=0.00, real=0.00 secs] 
116.421: [GC (Allocation Failure) [PSYoungGen: 147423K->10240K(163328K)] 409567K->277504K(513024K), 0.0015412 secs] [Times: user=0.00 sys=0.00, real=0.00 secs] 
116.423: [Full GC (Ergonomics) [PSYoungGen: 10240K->0K(163328K)] [ParOldGen: 267264K->15889K(349696K)] 277504K->15889K(513024K), [Metaspace: 2796K->2796K(1056768K)], 0.0026904 secs] [Times: user=0.00 sys=0.00, real=0.00 secs] 
117.956: [GC (Allocation Failure) [PSYoungGen: 136160K->10240K(163328K)] 254449K->154129K(513024K), 0.0027768 secs] [Times: user=0.00 sys=0.00, real=0.00 secs] 
119.925: [Full GC (Ergonomics) [PSYoungGen: 158688K->0K(163328K)] [ParOldGen: 348689K->103953K(349696K)] 507377K->103953K(513024K), [Metaspace: 2796K->2796K(1056768K)], 0.0083421 secs] [Times: user=0.00 sys=0.00, real=0.01 secs] 
121.906: [GC (Allocation Failure) [PSYoungGen: 151520K->10240K(163328K)] 357874K->217617K(513024K), 0.0012451 secs] [Times: user=0.00 sys=0.00, real=0.00 secs] 
123.762: [Full GC (Ergonomics) [PSYoungGen: 156641K->0K(163328K)] [ParOldGen: 309777K->31744K(349696K)] 466418K->31744K(513024K), [Metaspace: 2796K->2796K(1056768K)], 0.0040175 secs] [Times: user=0.00 sys=0.00, real=0.00 secs] 
125.179: [GC (Allocation Failure) [PSYoungGen: 125921K->5120K(163328K)] 260065K->169984K(513024K), 0.0029025 secs] [Times: user=0.00 sys=0.00, real=0.00 secs] 
127.690: [GC (Allocation Failure) [PSYoungGen: 156641K->10240K(163328K)] 423905K->277504K(513024K), 0.0011747 secs] [Times: user=0.00 sys=0.00, real=0.00 secs] 
128.128: [GC (Allocation Failure) --[PSYoungGen: 105441K->105441K(163328K)] 372705K->423905K(513024K), 0.0046629 secs] [Times: user=0.00 sys=0.00, real=0.00 secs] 
128.133: [Full GC (Ergonomics) [PSYoungGen: 105441K->0K(163328K)] [ParOldGen: 318464K->57344K(349696K)] 423905K->57344K(513024K), [Metaspace: 2796K->2796K(1056768K)], 0.0055411 secs] [Times: user=0.01 sys=0.00, real=0.01 secs] 
129.233: [GC (Allocation Failure) [PSYoungGen: 146390K->10240K(163328K)] 203734K->72704K(513024K), 0.0016926 secs] [Times: user=0.00 sys=0.00, real=0.00 secs] 
131.962: [GC (Allocation Failure) [PSYoungGen: 153540K->6144K(163328K)] 420804K->278528K(513024K), 0.0013494 secs] [Times: user=0.00 sys=0.00, real=0.00 secs] 
132.396: [GC (Allocation Failure) [PSYoungGen: 101326K->6144K(163328K)] 373710K->329728K(513024K), 0.0047536 secs] [Times: user=0.00 sys=0.00, real=0.00 secs] 
132.401: [Full GC (Ergonomics) [PSYoungGen: 6144K->0K(163328K)] [ParOldGen: 323584K->57873K(349696K)] 329728K->57873K(513024K), [Metaspace: 2796K->2796K(1056768K)], 0.0054698 secs] [Times: user=0.02 sys=0.00, real=0.00 secs] 
133.504: [GC (Allocation Failure) [PSYoungGen: 146378K->10240K(163328K)] 204251K->79377K(513024K), 0.0016092 secs] [Times: user=0.00 sys=0.00, real=0.00 secs] 
135.141: [GC (Allocation Failure) [PSYoungGen: 141244K->10240K(163328K)] 312781K->202257K(513024K), 0.0024484 secs] [Times: user=0.00 sys=0.00, real=0.00 secs] 
136.561: [Full GC (Ergonomics) [PSYoungGen: 136137K->0K(163328K)] [ParOldGen: 294417K->36864K(349696K)] 430554K->36864K(513024K), [Metaspace: 2796K->2796K(1056768K)], 0.0039759 secs] [Times: user=0.00 sys=0.00, real=0.00 secs] 
137.982: [GC (Allocation Failure) [PSYoungGen: 125905K->5120K(163328K)] 265169K->164864K(513024K), 0.0023043 secs] [Times: user=0.03 sys=0.00, real=0.00 secs] 
139.401: [GC (Allocation Failure) [PSYoungGen: 120791K->5120K(163328K)] 280535K->185344K(513024K), 0.0024657 secs] [Times: user=0.00 sys=0.00, real=0.00 secs] 
140.821: [Full GC (Ergonomics) [PSYoungGen: 131025K->0K(163328K)] [ParOldGen: 282624K->133649K(349696K)] 413649K->133649K(513024K), [Metaspace: 2796K->2796K(1056768K)], 0.0102332 secs] [Times: user=0.00 sys=0.00, real=0.01 secs] 
143.567: [GC (Allocation Failure) [PSYoungGen: 138199K->10240K(163328K)] 374248K->257553K(513024K), 0.0015910 secs] [Times: user=0.00 sys=0.00, real=0.00 secs] 
143.788: [GC (Allocation Failure) [PSYoungGen: 84954K->10240K(163328K)] 332268K->308753K(513024K), 0.0046480 secs] [Times: user=0.00 sys=0.00, real=0.00 secs] 
143.792: [Full GC (Ergonomics) [PSYoungGen: 10240K->0K(163328K)] [ParOldGen: 298513K->62993K(349696K)] 308753K->62993K(513024K), [Metaspace: 2796K->2796K(1056768K)], 0.0056370 secs] [Times: user=0.00 sys=0.00, real=0.01 secs] 
144.892: [GC (Allocation Failure) [PSYoungGen: 146394K->10240K(163328K)] 209388K->78353K(513024K), 0.0014047 secs] [Times: user=0.00 sys=0.00, real=0.00 secs] 
146.535: [GC (Allocation Failure) [PSYoungGen: 136135K->0K(163328K)] 306648K->211473K(513024K), 0.0023147 secs] [Times: user=0.00 sys=0.00, real=0.00 secs] 
147.951: [Full GC (Ergonomics) [PSYoungGen: 125904K->0K(163328K)] [ParOldGen: 313873K->46609K(349696K)] 439777K->46609K(513024K), [Metaspace: 2796K->2796K(1056768K)], 0.0046763 secs] [Times: user=0.00 sys=0.00, real=0.00 secs] 
149.370: [GC (Allocation Failure) [PSYoungGen: 125910K->5120K(163328K)] 274919K->225809K(513024K), 0.0054962 secs] [Times: user=0.00 sys=0.00, real=0.01 secs] 
150.789: [Full GC (Ergonomics) [PSYoungGen: 115674K->0K(163328K)] [ParOldGen: 323089K->26624K(349696K)] 438763K->26624K(513024K), [Metaspace: 2796K->2796K(1056768K)], 0.0032763 secs] [Times: user=0.00 sys=0.00, real=0.00 secs] 
152.204: [GC (Allocation Failure) [PSYoungGen: 125916K->6144K(163328K)] 254940K->155648K(513024K), 0.0021175 secs] [Times: user=0.00 sys=0.00, real=0.00 secs] 
154.935: [GC (Allocation Failure) [PSYoungGen: 153566K->10240K(163328K)] 405470K->277504K(513024K), 0.0017690 secs] [Times: user=0.00 sys=0.00, real=0.00 secs] 
154.937: [Full GC (Ergonomics) [PSYoungGen: 10240K->0K(163328K)] [ParOldGen: 267264K->15889K(349696K)] 277504K->15889K(513024K), [Metaspace: 2796K->2796K(1056768K)], 0.0026892 secs] [Times: user=0.00 sys=0.00, real=0.00 secs] 
156.463: [GC (Allocation Failure) [PSYoungGen: 146399K->5120K(163328K)] 264688K->164369K(513024K), 0.0025759 secs] [Times: user=0.00 sys=0.00, real=0.00 secs] 
157.993: [GC (Allocation Failure) --[PSYoungGen: 146400K->146400K(163328K)] 408049K->459249K(513024K), 0.0045186 secs] [Times: user=0.00 sys=0.00, real=0.00 secs] 
157.998: [Full GC (Ergonomics) [PSYoungGen: 146400K->0K(163328K)] [ParOldGen: 312849K->52224K(349696K)] 459249K->52224K(513024K), [Metaspace: 2796K->2796K(1056768K)], 0.0045632 secs] [Times: user=0.02 sys=0.00, real=0.01 secs] 
159.103: [GC (Allocation Failure) [PSYoungGen: 146400K->5120K(163328K)] 198624K->67584K(513024K), 0.0015776 secs] [Times: user=0.00 sys=0.00, real=0.00 secs] 
160.631: [GC (Allocation Failure) [PSYoungGen: 141258K->10240K(163328K)] 306122K->185344K(513024K), 0.0016781 secs] [Times: user=0.00 sys=0.00, real=0.00 secs] 
162.161: [Full GC (Ergonomics) [PSYoungGen: 136146K->0K(163328K)] [ParOldGen: 277504K->26624K(349696K)] 413650K->26624K(513024K), [Metaspace: 2796K->2796K(1056768K)], 0.0034103 secs] [Times: user=0.00 sys=0.00, real=0.00 secs] 
163.581: [GC (Allocation Failure) [PSYoungGen: 125911K->1024K(163328K)] 254935K->160768K(513024K), 0.0024509 secs] [Times: user=0.00 sys=0.00, real=0.00 secs] 
166.196: [GC (Allocation Failure) [PSYoungGen: 147419K->10240K(163328K)] 409563K->277504K(513024K), 0.0015171 secs] [Times: user=0.00 sys=0.00, real=0.00 secs] 
166.525: [GC (Allocation Failure) [PSYoungGen: 95197K->0K(163328K)] 362461K->338944K(513024K), 0.0054044 secs] [Times: user=0.01 sys=0.00, real=0.00 secs] 
166.530: [Full GC (Ergonomics) [PSYoungGen: 0K->0K(163328K)] [ParOldGen: 338944K->77329K(349696K)] 338944K->77329K(513024K), [Metaspace: 2796K->2796K(1056768K)], 0.0067441 secs] [Times: user=0.00 sys=0.00, real=0.01 secs] 
167.633: [GC (Allocation Failure) [PSYoungGen: 146386K->10240K(163328K)] 223715K->92689K(513024K), 0.0014496 secs] [Times: user=0.00 sys=0.00, real=0.00 secs] 
169.269: [GC (Allocation Failure) [PSYoungGen: 115649K->5120K(163328K)] 300499K->189969K(513024K), 0.0008495 secs] [Times: user=0.00 sys=0.00, real=0.00 secs] 
170.687: [Full GC (Ergonomics) [PSYoungGen: 131020K->0K(163328K)] [ParOldGen: 287249K->128529K(349696K)] 418270K->128529K(513024K), [Metaspace: 2796K->2796K(1056768K)], 0.0100576 secs] [Times: user=0.00 sys=0.00, real=0.01 secs] 
172.124: [GC (Allocation Failure) [PSYoungGen: 125908K->6144K(163328K)] 356837K->257553K(513024K), 0.0021823 secs] [Times: user=0.00 sys=0.00, real=0.00 secs] 
172.232: [GC (Allocation Failure) [PSYoungGen: 60376K->6144K(163328K)] 311786K->308753K(513024K), 0.0056135 secs] [Times: user=0.12 sys=0.00, real=0.00 secs] 
172.237: [Full GC (Ergonomics) [PSYoungGen: 6144K->0K(163328K)] [ParOldGen: 302609K->165393K(349696K)] 308753K->165393K(513024K), [Metaspace: 2796K->2796K(1056768K)], 0.0054126 secs] [Times: user=0.00 sys=0.00, real=0.01 secs] 
173.558: [GC (Allocation Failure) [PSYoungGen: 151512K->10240K(163328K)] 316906K->196113K(513024K), 0.0027453 secs] [Times: user=0.00 sys=0.00, real=0.00 secs] 
174.976: [Full GC (Ergonomics) [PSYoungGen: 136134K->0K(163328K)] [ParOldGen: 288273K->47104K(349696K)] 424407K->47104K(513024K), [Metaspace: 2796K->2796K(1056768K)], 0.0045084 secs] [Times: user=0.00 sys=0.00, real=0.00 secs] 
177.488: [GC (Allocation Failure) [PSYoungGen: 151503K->10240K(163328K)] 301008K->159744K(513024K), 0.0010088 secs] [Times: user=0.00 sys=0.00, real=0.00 secs] 
179.123: [GC (Allocation Failure) [PSYoungGen: 156630K->10240K(163328K)] 408534K->323584K(513024K), 0.0053573 secs] [Times: user=0.00 sys=0.00, real=0.00 secs] 
179.129: [Full GC (Ergonomics) [PSYoungGen: 10240K->0K(163328K)] [ParOldGen: 313344K->72209K(349696K)] 323584K->72209K(513024K), [Metaspace: 2796K->2796K(1056768K)], 0.0063836 secs] [Times: user=0.00 sys=0.00, real=0.01 secs] 
181.874: [Full GC (Ergonomics) [PSYoungGen: 143322K->0K(163328K)] [ParOldGen: 277009K->17408K(349696K)] 420331K->17408K(513024K), [Metaspace: 2796K->2796K(1056768K)], 0.0028249 secs] [Times: user=0.00 sys=0.00, real=0.00 secs] 
183.404: [GC (Allocation Failure) [PSYoungGen: 136156K->10240K(163328K)] 255964K->141312K(513024K), 0.0015376 secs] [Times: user=0.00 sys=0.00, real=0.00 secs] 
184.930: [GC (Allocation Failure) [PSYoungGen: 131038K->10240K(163328K)] 364510K->264192K(513024K), 0.0024313 secs] [Times: user=0.00 sys=0.00, real=0.00 secs] 
185.040: [GC (Allocation Failure) [PSYoungGen: 64479K->10240K(163328K)] 318431K->315392K(513024K), 0.0048295 secs] [Times: user=0.00 sys=0.00, real=0.01 secs] 
185.044: [Full GC (Ergonomics) [PSYoungGen: 10240K->0K(163328K)] [ParOldGen: 305152K->61969K(349696K)] 315392K->61969K(513024K), [Metaspace: 2796K->2796K(1056768K)], 0.0054191 secs] [Times: user=0.00 sys=0.00, real=0.00 secs] 
186.151: [GC (Allocation Failure) [PSYoungGen: 146399K->5120K(163328K)] 208368K->77329K(513024K), 0.0016123 secs] [Times: user=0.00 sys=0.00, real=0.00 secs] 
187.676: [GC (Allocation Failure) [PSYoungGen: 141258K->10240K(163328K)] 315867K->215569K(513024K), 0.0032670 secs] [Times: user=0.00 sys=0.00, real=0.00 secs] 
189.203: [GC (Allocation Failure) [PSYoungGen: 146386K->5120K(163328K)] 351715K->230929K(513024K), 0.0022240 secs] [Times: user=0.00 sys=0.00, real=0.00 secs] 
190.627: [Full GC (Ergonomics) [PSYoungGen: 131023K->0K(163328K)] [ParOldGen: 328209K->133649K(349696K)] 459233K->133649K(513024K), [Metaspace: 2796K->2796K(1056768K)], 0.0099641 secs] [Times: user=0.00 sys=0.00, real=0.01 secs] 
193.373: [GC (Allocation Failure) [PSYoungGen: 138198K->10272K(163328K)] 374247K->257585K(513024K), 0.0016486 secs] [Times: user=0.00 sys=0.00, real=0.00 secs] 
193.592: [GC (Allocation Failure) [PSYoungGen: 84985K->32K(163328K)] 332299K->298545K(513024K), 0.0045351 secs] [Times: user=0.00 sys=0.00, real=0.00 secs] 
193.596: [Full GC (Ergonomics) [PSYoungGen: 32K->0K(163328K)] [ParOldGen: 298513K->62993K(349696K)] 298545K->62993K(513024K), [Metaspace: 2796K->2796K(1056768K)], 0.0055682 secs] [Times: user=0.00 sys=0.00, real=0.01 secs] 
194.701: [GC (Allocation Failure) [PSYoungGen: 146394K->10304K(163328K)] 209387K->78417K(513024K), 0.0014206 secs] [Times: user=0.00 sys=0.00, real=0.00 secs] 
196.341: [GC (Allocation Failure) [PSYoungGen: 136198K->32K(163328K)] 306712K->211505K(513024K), 0.0023935 secs] [Times: user=0.01 sys=0.00, real=0.00 secs] 
197.760: [Full GC (Ergonomics) [PSYoungGen: 125935K->0K(163328K)] [ParOldGen: 313873K->46609K(349696K)] 439809K->46609K(513024K), [Metaspace: 2796K->2796K(1056768K)], 0.0046916 secs] [Times: user=0.00 sys=0.00, real=0.00 secs] 
199.188: [GC (Allocation Failure) [PSYoungGen: 125910K->5120K(163328K)] 274919K->225809K(513024K), 0.0052992 secs] [Times: user=0.00 sys=0.00, real=0.01 secs] 
200.608: [Full GC (Ergonomics) [PSYoungGen: 115674K->0K(163328K)] [ParOldGen: 323089K->26624K(349696K)] 438763K->26624K(513024K), [Metaspace: 2796K->2796K(1056768K)], 0.0036733 secs] [Times: user=0.00 sys=0.00, real=0.00 secs] 
202.022: [GC (Allocation Failure) [PSYoungGen: 125916K->6144K(163328K)] 254941K->155648K(513024K), 0.0024595 secs] [Times: user=0.00 sys=0.00, real=0.00 secs] 
204.749: [GC (Allocation Failure) [PSYoungGen: 153566K->10240K(163328K)] 405470K->277504K(513024K), 0.0018203 secs] [Times: user=0.00 sys=0.00, real=0.00 secs] 
204.751: [Full GC (Ergonomics) [PSYoungGen: 10240K->0K(163328K)] [ParOldGen: 267264K->15889K(349696K)] 277504K->15889K(513024K), [Metaspace: 2796K->2796K(1056768K)], 0.0026418 secs] [Times: user=0.00 sys=0.00, real=0.00 secs] 
206.276: [GC (Allocation Failure) [PSYoungGen: 146399K->5120K(163328K)] 264689K->164369K(513024K), 0.0025568 secs] [Times: user=0.00 sys=0.00, real=0.00 secs] 
207.806: [Full GC (Ergonomics) [PSYoungGen: 146400K->0K(163328K)] [ParOldGen: 261649K->52224K(349696K)] 408049K->52224K(513024K), [Metaspace: 2796K->2796K(1056768K)], 0.0049267 secs] [Times: user=0.00 sys=0.00, real=0.01 secs] 
208.902: [GC (Allocation Failure) [PSYoungGen: 146400K->10240K(163328K)] 198624K->67584K(513024K), 0.0013920 secs] [Times: user=0.00 sys=0.00, real=0.00 secs] 
210.432: [GC (Allocation Failure) [PSYoungGen: 146393K->10240K(163328K)] 306137K->175104K(513024K), 0.0014685 secs] [Times: user=0.00 sys=0.00, real=0.00 secs] 
211.960: [Full GC (Ergonomics) [PSYoungGen: 136156K->0K(163328K)] [ParOldGen: 267264K->26624K(349696K)] 403420K->26624K(513024K), [Metaspace: 2796K->2796K(1056768K)], 0.0033436 secs] [Times: user=0.00 sys=0.00, real=0.00 secs] 
213.376: [GC (Allocation Failure) [PSYoungGen: 125918K->10240K(163328K)] 254942K->160768K(513024K), 0.0023592 secs] [Times: user=0.00 sys=0.00, real=0.00 secs] 
215.997: [GC (Allocation Failure) [PSYoungGen: 156639K->10240K(163328K)] 409567K->268288K(513024K), 0.0015126 secs] [Times: user=0.00 sys=0.00, real=0.00 secs] 
216.321: [GC (Allocation Failure) [PSYoungGen: 95199K->0K(163328K)] 353248K->329728K(513024K), 0.0052084 secs] [Times: user=0.00 sys=0.00, real=0.00 secs] 
216.326: [Full GC (Ergonomics) [PSYoungGen: 0K->0K(163328K)] [ParOldGen: 329728K->77329K(349696K)] 329728K->77329K(513024K), [Metaspace: 2796K->2796K(1056768K)], 0.0063374 secs] [Times: user=0.00 sys=0.00, real=0.01 secs] 
217.431: [GC (Allocation Failure) [PSYoungGen: 146388K->10240K(163328K)] 223717K->92689K(513024K), 0.0015346 secs] [Times: user=0.00 sys=0.00, real=0.00 secs] 
Heap
 PSYoungGen      total 163328K, used 118692K [0x00000000f5580000, 0x0000000100000000, 0x0000000100000000)
  eden space 152064K, 71% used [0x00000000f5580000,0x00000000fbf691c0,0x00000000fea00000)
  from space 11264K, 90% used [0x00000000fea00000,0x00000000ff400010,0x00000000ff500000)
  to   space 11264K, 0% used [0x00000000ff500000,0x00000000ff500000,0x0000000100000000)
 ParOldGen       total 349696K, used 184849K [0x00000000e0000000, 0x00000000f5580000, 0x00000000f5580000)
  object space 349696K, 52% used [0x00000000e0000000,0x00000000eb484730,0x00000000f5580000)
 Metaspace       used 2804K, capacity 4486K, committed 4864K, reserved 1056768K
  class space    used 297K, capacity 386K, committed 512K, reserved 1048576K
