Java HotSpot(TM) 64-Bit Server VM (25.411-b09) for windows-amd64 JRE (1.8.0_411-b09), built on Mar 13 2024 07:26:13 by "java_re" with MS VC++ 17.1 (VS2022)
Memory: 4k page, physical 33403376k(15617784k free), swap 35500528k(6723472k free)
CommandLine flags: -XX:InitialHeapSize=2147483648 -XX:MaxHeapSize=2147483648 -XX:ParallelGCThreads=2 -XX:+PrintGC -XX:+PrintGCDetails -XX:+PrintGCTimeStamps -XX:+UseCompressedClassPointers -XX:+UseCompressedOops -XX:-UseLargePagesIndividualAllocation -XX:+UseParallelGC 
4.866: [GC (Allocation Failure) [PSYoungGen: 520704K->10840K(611840K)] 520704K->10848K(2010112K), 0.0028827 secs] [Times: user=0.00 sys=0.00, real=0.00 secs] 
8.472: [GC (Allocation Failure) [PSYoungGen: 497501K->21016K(611840K)] 497509K->21024K(2010112K), 0.0157633 secs] [Times: user=0.00 sys=0.00, real=0.02 secs] 
11.433: [GC (Allocation Failure) [PSYoungGen: 527894K->61976K(611840K)] 527902K->215584K(2010112K), 0.0398661 secs] [Times: user=0.00 sys=0.03, real=0.04 secs] 
14.312: [GC (Allocation Failure) [PSYoungGen: 500676K->68168K(611840K)] 654284K->221784K(2010112K), 0.0161939 secs] [Times: user=0.00 sys=0.00, real=0.02 secs] 
18.577: [GC (Allocation Failure) [PSYoungGen: 575157K->82504K(594944K)] 728774K->287320K(1993216K), 0.0179049 secs] [Times: user=0.00 sys=0.00, real=0.02 secs] 
21.762: [GC (Allocation Failure) [PSYoungGen: 591324K->7752K(573952K)] 796140K->314968K(1972224K), 0.0322669 secs] [Times: user=0.03 sys=0.00, real=0.03 secs] 
25.505: [GC (Allocation Failure) [PSYoungGen: 488376K->35872K(590848K)] 795592K->343628K(1989120K), 0.0032087 secs] [Times: user=0.00 sys=0.00, real=0.00 secs] 
29.104: [GC (Allocation Failure) [PSYoungGen: 518559K->61472K(595456K)] 826315K->369244K(1993728K), 0.0051287 secs] [Times: user=0.00 sys=0.00, real=0.01 secs] 
32.815: [GC (Allocation Failure) [PSYoungGen: 532124K->57376K(596992K)] 839896K->365148K(1995264K), 0.0063699 secs] [Times: user=0.00 sys=0.00, real=0.01 secs] 
35.670: [GC (Allocation Failure) [PSYoungGen: 487081K->61440K(596992K)] 794853K->369220K(1995264K), 0.0052284 secs] [Times: user=0.00 sys=0.00, real=0.01 secs] 
39.594: [GC (Allocation Failure) [PSYoungGen: 547493K->15360K(597504K)] 855273K->323140K(1995776K), 0.0020381 secs] [Times: user=0.00 sys=0.00, real=0.00 secs] 
43.854: [GC (Allocation Failure) [PSYoungGen: 503467K->21504K(599552K)] 811247K->329284K(1997824K), 0.0021479 secs] [Times: user=0.00 sys=0.00, real=0.00 secs] 
46.900: [GC (Allocation Failure) [PSYoungGen: 476887K->40960K(597504K)] 784667K->348740K(1995776K), 0.0031720 secs] [Times: user=0.00 sys=0.00, real=0.00 secs] 
49.735: [GC (Allocation Failure) [PSYoungGen: 496345K->81920K(585728K)] 804125K->410180K(1984000K), 0.0108715 secs] [Times: user=0.00 sys=0.00, real=0.01 secs] 
52.696: [GC (Allocation Failure) [PSYoungGen: 573023K->62464K(555008K)] 901283K->390724K(1953280K), 0.0055250 secs] [Times: user=0.00 sys=0.00, real=0.00 secs] 
56.838: [GC (Allocation Failure) [PSYoungGen: 508513K->61440K(595456K)] 836773K->389700K(1993728K), 0.0042455 secs] [Times: user=0.00 sys=0.00, real=0.01 secs] 
59.783: [GC (Allocation Failure) [PSYoungGen: 532040K->56320K(594944K)] 860300K->435780K(1993216K), 0.0169921 secs] [Times: user=0.01 sys=0.00, real=0.02 secs] 
62.638: [GC (Allocation Failure) [PSYoungGen: 491086K->56320K(600576K)] 870546K->435780K(1998848K), 0.0052611 secs] [Times: user=0.00 sys=0.00, real=0.00 secs] 
66.775: [GC (Allocation Failure) [PSYoungGen: 511734K->46080K(598016K)] 891194K->425540K(1996288K), 0.0033692 secs] [Times: user=0.00 sys=0.00, real=0.00 secs] 
69.717: [GC (Allocation Failure) [PSYoungGen: 501487K->51200K(608256K)] 880947K->430660K(2006528K), 0.0066010 secs] [Times: user=0.00 sys=0.00, real=0.01 secs] 
72.570: [GC (Allocation Failure) [PSYoungGen: 506897K->62464K(604672K)] 886357K->544324K(2002944K), 0.0320102 secs] [Times: user=0.02 sys=0.00, real=0.03 secs] 
75.442: [GC (Allocation Failure) [PSYoungGen: 492561K->76800K(596480K)] 974421K->558660K(1994752K), 0.0058687 secs] [Times: user=0.00 sys=0.00, real=0.01 secs] 
79.590: [GC (Allocation Failure) [PSYoungGen: 547683K->81920K(587776K)] 1029544K->563780K(1986048K), 0.0063377 secs] [Times: user=0.00 sys=0.00, real=0.01 secs] 
82.543: [GC (Allocation Failure) [PSYoungGen: 491365K->57344K(600576K)] 973225K->539204K(1998848K), 0.0050350 secs] [Times: user=0.00 sys=0.00, real=0.00 secs] 
85.387: [GC (Allocation Failure) [PSYoungGen: 487116K->61440K(595968K)] 968976K->543300K(1994240K), 0.0055785 secs] [Times: user=0.00 sys=0.00, real=0.01 secs] 
89.429: [GC (Allocation Failure) [PSYoungGen: 557774K->15360K(596480K)] 1039634K->497220K(1994752K), 0.0021388 secs] [Times: user=0.00 sys=0.00, real=0.00 secs] 
93.677: [GC (Allocation Failure) [PSYoungGen: 503555K->21504K(522240K)] 985415K->503364K(1920512K), 0.0023464 secs] [Times: user=0.00 sys=0.00, real=0.00 secs] 
96.730: [GC (Allocation Failure) [PSYoungGen: 517891K->71680K(591872K)] 999752K->553540K(1990144K), 0.0060881 secs] [Times: user=0.00 sys=0.00, real=0.01 secs] 
99.580: [GC (Allocation Failure) [PSYoungGen: 526944K->61440K(595456K)] 1008805K->614980K(1993728K), 0.0314154 secs] [Times: user=0.00 sys=0.02, real=0.03 secs] 
102.446: [GC (Allocation Failure) [PSYoungGen: 501346K->62464K(598528K)] 1054886K->616004K(1996800K), 0.0056101 secs] [Times: user=0.00 sys=0.00, real=0.01 secs] 
106.604: [GC (Allocation Failure) [PSYoungGen: 508616K->61440K(597504K)] 1062157K->614980K(1995776K), 0.0046767 secs] [Times: user=0.00 sys=0.00, real=0.00 secs] 
109.549: [GC (Allocation Failure) [PSYoungGen: 532152K->56320K(604160K)] 1085692K->661060K(2002432K), 0.0185024 secs] [Times: user=0.00 sys=0.02, real=0.02 secs] 
112.406: [GC (Allocation Failure) [PSYoungGen: 491371K->56320K(600576K)] 1096112K->661060K(1998848K), 0.0056382 secs] [Times: user=0.00 sys=0.00, real=0.01 secs] 
116.558: [GC (Allocation Failure) [PSYoungGen: 511853K->46080K(609792K)] 1116594K->650820K(2008064K), 0.0038770 secs] [Times: user=0.00 sys=0.00, real=0.00 secs] 
119.502: [GC (Allocation Failure) [PSYoungGen: 501862K->51200K(607744K)] 1106602K->655940K(2006016K), 0.0055578 secs] [Times: user=0.00 sys=0.00, real=0.01 secs] 
122.342: [GC (Allocation Failure) [PSYoungGen: 506984K->62464K(612864K)] 1111724K->769604K(2011136K), 0.0459986 secs] [Times: user=0.00 sys=0.00, real=0.05 secs] 
125.236: [GC (Allocation Failure) [PSYoungGen: 492813K->76800K(604160K)] 1199953K->783940K(2002432K), 0.0062826 secs] [Times: user=0.00 sys=0.00, real=0.01 secs] 
129.513: [GC (Allocation Failure) [PSYoungGen: 599308K->61440K(609280K)] 1306448K->819780K(2007552K), 0.0212110 secs] [Times: user=0.02 sys=0.00, real=0.02 secs] 
133.579: [GC (Allocation Failure) [PSYoungGen: 579584K->27648K(546304K)] 1337924K->785988K(1944576K), 0.0031862 secs] [Times: user=0.00 sys=0.00, real=0.00 secs] 
136.639: [GC (Allocation Failure) [PSYoungGen: 529470K->87040K(590848K)] 1287810K->845380K(1989120K), 0.0074253 secs] [Times: user=0.00 sys=0.00, real=0.01 secs] 
140.697: [GC (Allocation Failure) [PSYoungGen: 583386K->20480K(520192K)] 1341726K->881220K(1918464K), 0.0479801 secs] [Times: user=0.00 sys=0.03, real=0.05 secs] 
145.008: [GC (Allocation Failure) [PSYoungGen: 508642K->36864K(599040K)] 1369382K->897604K(1997312K), 0.0037701 secs] [Times: user=0.00 sys=0.00, real=0.00 secs] 
148.063: [GC (Allocation Failure) [PSYoungGen: 533182K->76800K(574464K)] 1393923K->988740K(1972736K), 0.0199992 secs] [Times: user=0.00 sys=0.01, real=0.02 secs] 
150.907: [GC (Allocation Failure) [PSYoungGen: 516802K->56320K(599040K)] 1428742K->968260K(1997312K), 0.0058412 secs] [Times: user=0.00 sys=0.00, real=0.01 secs] 
155.059: [GC (Allocation Failure) [PSYoungGen: 502417K->35840K(594432K)] 1414357K->947780K(1992704K), 0.0045573 secs] [Times: user=0.00 sys=0.00, real=0.00 secs] 
158.006: [GC (Allocation Failure) [PSYoungGen: 506498K->51200K(604160K)] 1418439K->1014340K(2002432K), 0.0229854 secs] [Times: user=0.02 sys=0.00, real=0.02 secs] 
160.876: [GC (Allocation Failure) [PSYoungGen: 506720K->61440K(600064K)] 1469860K->1178180K(1998336K), 0.0462003 secs] [Times: user=0.02 sys=0.00, real=0.05 secs] 
163.763: [GC (Allocation Failure) [PSYoungGen: 496483K->67584K(603136K)] 1613223K->1184324K(2001408K), 0.0064113 secs] [Times: user=0.00 sys=0.00, real=0.01 secs] 
168.036: [GC (Allocation Failure) [PSYoungGen: 574390K->81920K(591872K)] 1691130K->1249860K(1990144K), 0.0309041 secs] [Times: user=0.00 sys=0.02, real=0.03 secs] 
171.239: [GC (Allocation Failure) [PSYoungGen: 590768K->7168K(589824K)] 1758708K->1277508K(1988096K), 0.0360642 secs] [Times: user=0.02 sys=0.02, real=0.04 secs] 
171.276: [Full GC (Ergonomics) [PSYoungGen: 7168K->0K(589824K)] [ParOldGen: 1270340K->110097K(1398272K)] 1277508K->110097K(1988096K), [Metaspace: 2796K->2796K(1056768K)], 0.0239557 secs] [Times: user=0.00 sys=0.00, real=0.02 secs] 
175.017: [GC (Allocation Failure) [PSYoungGen: 480795K->25600K(593920K)] 590892K->135697K(1992192K), 0.0019154 secs] [Times: user=0.00 sys=0.00, real=0.00 secs] 
178.730: [GC (Allocation Failure) [PSYoungGen: 511454K->61440K(595456K)] 621551K->171537K(1993728K), 0.0158317 secs] [Times: user=0.00 sys=0.00, real=0.02 secs] 
182.350: [GC (Allocation Failure) [PSYoungGen: 526881K->57344K(594432K)] 636979K->167441K(1992704K), 0.0046379 secs] [Times: user=0.00 sys=0.00, real=0.00 secs] 
185.188: [GC (Allocation Failure) [PSYoungGen: 486962K->61440K(599552K)] 597059K->171537K(1997824K), 0.0049595 secs] [Times: user=0.00 sys=0.00, real=0.00 secs] 
189.249: [GC (Allocation Failure) [PSYoungGen: 557792K->15360K(515072K)] 667889K->125457K(1913344K), 0.0013384 secs] [Times: user=0.00 sys=0.00, real=0.00 secs] 
193.500: [GC (Allocation Failure) [PSYoungGen: 503526K->21536K(598528K)] 613623K->131633K(1996800K), 0.0018251 secs] [Times: user=0.00 sys=0.00, real=0.00 secs] 
196.555: [GC (Allocation Failure) [PSYoungGen: 517867K->71712K(569856K)] 627964K->181817K(1968128K), 0.0053308 secs] [Times: user=0.02 sys=0.00, real=0.01 secs] 
199.392: [GC (Allocation Failure) [PSYoungGen: 527086K->61440K(595456K)] 637191K->243233K(1993728K), 0.0082809 secs] [Times: user=0.00 sys=0.00, real=0.01 secs] 
202.243: [GC (Allocation Failure) [PSYoungGen: 501322K->62464K(594432K)] 683116K->244257K(1992704K), 0.0048962 secs] [Times: user=0.00 sys=0.00, real=0.00 secs] 
206.409: [GC (Allocation Failure) [PSYoungGen: 508492K->40960K(599552K)] 690286K->222753K(1997824K), 0.0029224 secs] [Times: user=0.00 sys=0.00, real=0.00 secs] 
209.351: [GC (Allocation Failure) [PSYoungGen: 511662K->56320K(595968K)] 693455K->289313K(1994240K), 0.0068168 secs] [Times: user=0.00 sys=0.00, real=0.01 secs] 
212.200: [GC (Allocation Failure) [PSYoungGen: 491188K->56320K(604672K)] 724181K->289313K(2002944K), 0.0047812 secs] [Times: user=0.00 sys=0.00, real=0.00 secs] 
216.472: [GC (Allocation Failure) [PSYoungGen: 563096K->76800K(585216K)] 796089K->309793K(1983488K), 0.0059463 secs] [Times: user=0.00 sys=0.00, real=0.01 secs] 
Heap
 PSYoungGen      total 585216K, used 440128K [0x00000000d5580000, 0x0000000100000000, 0x0000000100000000)
  eden space 507904K, 71% used [0x00000000d5580000,0x00000000eb850300,0x00000000f4580000)
  from space 77312K, 99% used [0x00000000f4580000,0x00000000f9080030,0x00000000f9100000)
  to   space 99328K, 0% used [0x00000000f9f00000,0x00000000f9f00000,0x0000000100000000)
 ParOldGen       total 1398272K, used 232993K [0x0000000080000000, 0x00000000d5580000, 0x00000000d5580000)
  object space 1398272K, 16% used [0x0000000080000000,0x000000008e3885b8,0x00000000d5580000)
 Metaspace       used 2804K, capacity 4486K, committed 4864K, reserved 1056768K
  class space    used 297K, capacity 386K, committed 512K, reserved 1048576K
