Java HotSpot(TM) 64-Bit Server VM (25.411-b09) for windows-amd64 JRE (1.8.0_411-b09), built on Mar 13 2024 07:26:13 by "java_re" with MS VC++ 17.1 (VS2022)
Memory: 4k page, physical 33403376k(14357900k free), swap 37153868k(7490776k free)
CommandLine flags: -XX:InitialHeapSize=536870912 -XX:MaxHeapSize=536870912 -XX:NewRatio=2 -XX:ParallelGCThreads=6 -XX:+PrintGC -XX:+PrintGCDetails -XX:+PrintGCTimeStamps -XX:SurvivorRatio=12 -XX:-UseAdaptiveSizePolicy -XX:+UseCompressedClassPointers -XX:+UseCompressedOops -XX:-UseLargePagesIndividualAllocation -XX:+UseParallelGC 
2.066: [GC (Allocation Failure) [PSYoungGen: 146288K->11984K(162304K)] 248688K->114392K(512000K), 0.0028845 secs] [Times: user=0.00 sys=0.00, real=0.00 secs] 
3.847: [GC (Allocation Failure) [PSYoungGen: 153224K->11864K(162304K)] 358032K->222824K(512000K), 0.0033747 secs] [Times: user=0.00 sys=0.00, real=0.00 secs] 
6.283: [GC (Allocation Failure) [PSYoungGen: 159248K->10872K(162304K)] 472608K->339592K(512000K), 0.0044364 secs] [Times: user=0.00 sys=0.00, real=0.00 secs] 
6.288: [Full GC (Ergonomics) [PSYoungGen: 10872K->0K(162304K)] [ParOldGen: 328720K->21008K(349696K)] 339592K->21008K(512000K), [Metaspace: 2753K->2753K(1056768K)], 0.0072544 secs] [Times: user=0.00 sys=0.00, real=0.01 secs] 
8.367: [GC (Allocation Failure) [PSYoungGen: 132500K->5152K(162304K)] 255909K->128568K(512000K), 0.0008325 secs] [Times: user=0.00 sys=0.00, real=0.00 secs] 
9.898: [GC (Allocation Failure) [PSYoungGen: 151512K->5152K(162304K)] 377329K->302648K(512000K), 0.0057340 secs] [Times: user=0.00 sys=0.00, real=0.00 secs] 
9.904: [Full GC (Ergonomics) [PSYoungGen: 5152K->0K(162304K)] [ParOldGen: 297496K->77328K(349696K)] 302648K->77328K(512000K), [Metaspace: 2760K->2760K(1056768K)], 0.0067716 secs] [Times: user=0.00 sys=0.00, real=0.01 secs] 
11.337: [GC (Allocation Failure) [PSYoungGen: 125880K->5120K(162304K)] 305609K->205328K(512000K), 0.0021503 secs] [Times: user=0.00 sys=0.00, real=0.00 secs] 
12.756: [Full GC (Ergonomics) [PSYoungGen: 111495K->0K(162304K)] [ParOldGen: 302608K->26129K(349696K)] 414104K->26129K(512000K), [Metaspace: 2763K->2763K(1056768K)], 0.0043638 secs] [Times: user=0.00 sys=0.00, real=0.00 secs] 
14.175: [GC (Allocation Failure) [PSYoungGen: 125880K->11264K(162304K)] 254409K->160273K(512000K), 0.0025640 secs] [Times: user=0.00 sys=0.00, real=0.00 secs] 
16.790: [GC (Allocation Failure) [PSYoungGen: 157624K->10240K(162304K)] 409033K->266769K(512000K), 0.0016496 secs] [Times: user=0.00 sys=0.00, real=0.00 secs] 
17.120: [GC (Allocation Failure) [PSYoungGen: 95160K->0K(162304K)] 351689K->328209K(512000K), 0.0052959 secs] [Times: user=0.00 sys=0.00, real=0.01 secs] 
17.125: [Full GC (Ergonomics) [PSYoungGen: 0K->0K(162304K)] [ParOldGen: 328209K->77329K(349696K)] 328209K->77329K(512000K), [Metaspace: 2768K->2768K(1056768K)], 0.0064442 secs] [Times: user=0.00 sys=0.00, real=0.01 secs] 
18.228: [GC (Allocation Failure) [PSYoungGen: 146348K->5120K(162304K)] 223677K->92689K(512000K), 0.0013822 secs] [Times: user=0.00 sys=0.00, real=0.00 secs] 
19.862: [GC (Allocation Failure) [PSYoungGen: 110491K->5120K(162304K)] 300460K->195089K(512000K), 0.0008052 secs] [Times: user=0.00 sys=0.00, real=0.00 secs] 
21.278: [Full GC (Ergonomics) [PSYoungGen: 130981K->0K(162304K)] [ParOldGen: 292369K->128529K(349696K)] 423350K->128529K(512000K), [Metaspace: 2779K->2779K(1056768K)], 0.0100485 secs] [Times: user=0.00 sys=0.00, real=0.01 secs] 
22.708: [GC (Allocation Failure) [PSYoungGen: 125868K->6144K(162304K)] 356797K->257553K(512000K), 0.0024060 secs] [Times: user=0.00 sys=0.00, real=0.00 secs] 
22.818: [GC (Allocation Failure) [PSYoungGen: 60336K->6144K(162304K)] 311745K->308753K(512000K), 0.0048663 secs] [Times: user=0.00 sys=0.00, real=0.01 secs] 
22.823: [Full GC (Ergonomics) [PSYoungGen: 6144K->0K(162304K)] [ParOldGen: 302609K->165393K(349696K)] 308753K->165393K(512000K), [Metaspace: 2779K->2779K(1056768K)], 0.0052719 secs] [Times: user=0.00 sys=0.00, real=0.01 secs] 
24.035: [GC (Allocation Failure) [PSYoungGen: 130992K->10240K(162304K)] 296385K->185873K(512000K), 0.0016573 secs] [Times: user=0.00 sys=0.00, real=0.00 secs] 
25.565: [Full GC (Ergonomics) [PSYoungGen: 156571K->0K(162304K)] [ParOldGen: 278033K->47104K(349696K)] 434604K->47104K(512000K), [Metaspace: 2779K->2779K(1056768K)], 0.0049851 secs] [Times: user=0.00 sys=0.00, real=0.00 secs] 
27.966: [GC (Allocation Failure) [PSYoungGen: 146341K->10240K(162304K)] 295845K->159744K(512000K), 0.0009709 secs] [Times: user=0.06 sys=0.00, real=0.00 secs] 
29.601: [GC (Allocation Failure) [PSYoungGen: 152102K->10272K(162304K)] 404006K->323624K(512000K), 0.0055210 secs] [Times: user=0.00 sys=0.00, real=0.00 secs] 
29.607: [Full GC (Ergonomics) [PSYoungGen: 10272K->0K(162304K)] [ParOldGen: 313352K->72209K(349696K)] 323624K->72209K(512000K), [Metaspace: 2793K->2793K(1056768K)], 0.0061382 secs] [Times: user=0.01 sys=0.00, real=0.01 secs] 
32.342: [Full GC (Ergonomics) [PSYoungGen: 143280K->0K(162304K)] [ParOldGen: 277009K->7168K(349696K)] 420289K->7168K(512000K), [Metaspace: 2793K->2793K(1056768K)], 0.0020522 secs] [Times: user=0.00 sys=0.00, real=0.00 secs] 
33.982: [GC (Allocation Failure) [PSYoungGen: 146355K->11264K(162304K)] 255923K->131072K(512000K), 0.0016843 secs] [Times: user=0.00 sys=0.00, real=0.00 secs] 
35.515: [GC (Allocation Failure) [PSYoungGen: 132021K->10240K(162304K)] 354229K->252928K(512000K), 0.0025307 secs] [Times: user=0.00 sys=0.00, real=0.00 secs] 
36.941: [Full GC (Ergonomics) [PSYoungGen: 136118K->0K(162304K)] [ParOldGen: 345088K->36864K(349696K)] 481206K->36864K(512000K), [Metaspace: 2793K->2793K(1056768K)], 0.0043105 secs] [Times: user=0.00 sys=0.00, real=0.00 secs] 
38.358: [GC (Allocation Failure) [PSYoungGen: 125879K->5120K(162304K)] 265143K->164864K(512000K), 0.0021591 secs] [Times: user=0.00 sys=0.00, real=0.00 secs] 
39.776: [GC (Allocation Failure) [PSYoungGen: 120759K->5120K(162304K)] 280503K->185344K(512000K), 0.0025729 secs] [Times: user=0.00 sys=0.00, real=0.00 secs] 
41.202: [Full GC (Ergonomics) [PSYoungGen: 130991K->0K(162304K)] [ParOldGen: 282624K->133649K(349696K)] 413615K->133649K(512000K), [Metaspace: 2793K->2793K(1056768K)], 0.0100352 secs] [Times: user=0.00 sys=0.00, real=0.01 secs] 
43.951: [GC (Allocation Failure) [PSYoungGen: 138162K->11264K(162304K)] 374212K->257553K(512000K), 0.0019433 secs] [Times: user=0.00 sys=0.00, real=0.00 secs] 
45.479: [Full GC (Ergonomics) [PSYoungGen: 157620K->0K(162304K)] [ParOldGen: 348689K->48128K(349696K)] 506310K->48128K(512000K), [Metaspace: 2795K->2795K(1056768K)], 0.0052818 secs] [Times: user=0.00 sys=0.00, real=0.01 secs] 
47.334: [GC (Allocation Failure) [PSYoungGen: 148405K->1024K(162304K)] 401334K->274432K(512000K), 0.0023974 secs] [Times: user=0.00 sys=0.00, real=0.00 secs] 
48.427: [GC (Allocation Failure) --[PSYoungGen: 126902K->126902K(162304K)] 400310K->451510K(512000K), 0.0048137 secs] [Times: user=0.00 sys=0.00, real=0.00 secs] 
48.432: [Full GC (Ergonomics) [PSYoungGen: 126902K->0K(162304K)] [ParOldGen: 324608K->77329K(349696K)] 451510K->77329K(512000K), [Metaspace: 2795K->2795K(1056768K)], 0.0067468 secs] [Times: user=0.01 sys=0.00, real=0.01 secs] 
49.533: [GC (Allocation Failure) [PSYoungGen: 146351K->5120K(162304K)] 223680K->92689K(512000K), 0.0013118 secs] [Times: user=0.00 sys=0.00, real=0.00 secs] 
51.171: [GC (Allocation Failure) [PSYoungGen: 146333K->5120K(162304K)] 336302K->215569K(512000K), 0.0023590 secs] [Times: user=0.00 sys=0.00, real=0.00 secs] 
52.589: [Full GC (Ergonomics) [PSYoungGen: 130982K->0K(162304K)] [ParOldGen: 312849K->32768K(349696K)] 443832K->32768K(512000K), [Metaspace: 2795K->2795K(1056768K)], 0.0040551 secs] [Times: user=0.03 sys=0.00, real=0.00 secs] 
55.325: [GC (Allocation Failure) [PSYoungGen: 147373K->5120K(162304K)] 282541K->160768K(512000K), 0.0020039 secs] [Times: user=0.02 sys=0.00, real=0.00 secs] 
56.852: [GC (Allocation Failure) [PSYoungGen: 151473K->10240K(162304K)] 409521K->309248K(512000K), 0.0029160 secs] [Times: user=0.00 sys=0.00, real=0.00 secs] 
56.855: [Full GC (Ergonomics) [PSYoungGen: 10240K->0K(162304K)] [ParOldGen: 299008K->41489K(349696K)] 309248K->41489K(512000K), [Metaspace: 2796K->2796K(1056768K)], 0.0040504 secs] [Times: user=0.02 sys=0.00, real=0.00 secs] 
58.834: [GC (Allocation Failure) [PSYoungGen: 148403K->5120K(162304K)] 394693K->302609K(512000K), 0.0049160 secs] [Times: user=0.00 sys=0.00, real=0.00 secs] 
58.839: [Full GC (Ergonomics) [PSYoungGen: 5120K->0K(162304K)] [ParOldGen: 297489K->56849K(349696K)] 302609K->56849K(512000K), [Metaspace: 2796K->2796K(1056768K)], 0.0050578 secs] [Times: user=0.00 sys=0.00, real=0.00 secs] 
60.697: [GC (Allocation Failure) [PSYoungGen: 146357K->10240K(162304K)] 305606K->174609K(512000K), 0.0012906 secs] [Times: user=0.00 sys=0.00, real=0.00 secs] 
62.439: [GC (Allocation Failure) [PSYoungGen: 141238K->10240K(162304K)] 408007K->282129K(512000K), 0.0015277 secs] [Times: user=0.00 sys=0.00, real=0.00 secs] 
62.659: [GC (Allocation Failure) [PSYoungGen: 84919K->0K(162304K)] 356808K->323089K(512000K), 0.0044116 secs] [Times: user=0.00 sys=0.00, real=0.01 secs] 
62.664: [Full GC (Ergonomics) [PSYoungGen: 0K->0K(162304K)] [ParOldGen: 323089K->56849K(349696K)] 323089K->56849K(512000K), [Metaspace: 2796K->2796K(1056768K)], 0.0052345 secs] [Times: user=0.00 sys=0.00, real=0.00 secs] 
63.768: [GC (Allocation Failure) [PSYoungGen: 146359K->11264K(162304K)] 203208K->78353K(512000K), 0.0015000 secs] [Times: user=0.00 sys=0.00, real=0.00 secs] 
66.067: [GC (Allocation Failure) [PSYoungGen: 157602K->10240K(162304K)] 327091K->179729K(512000K), 0.0010660 secs] [Times: user=0.00 sys=0.00, real=0.00 secs] 
67.922: [GC (Allocation Failure) [PSYoungGen: 156586K->10240K(162304K)] 428475K->307729K(512000K), 0.0027737 secs] [Times: user=0.00 sys=0.00, real=0.00 secs] 
67.925: [Full GC (Ergonomics) [PSYoungGen: 10240K->0K(162304K)] [ParOldGen: 297489K->36369K(349696K)] 307729K->36369K(512000K), [Metaspace: 2796K->2796K(1056768K)], 0.0038672 secs] [Times: user=0.00 sys=0.00, real=0.00 secs] 
69.673: [GC (Allocation Failure) [PSYoungGen: 115630K->5120K(162304K)] 254400K->143889K(512000K), 0.0010386 secs] [Times: user=0.00 sys=0.00, real=0.00 secs] 
71.094: [GC (Allocation Failure) [PSYoungGen: 130994K->5120K(162304K)] 372163K->266769K(512000K), 0.0023175 secs] [Times: user=0.00 sys=0.00, real=0.00 secs] 
71.204: [GC (Allocation Failure) [PSYoungGen: 59316K->5120K(162304K)] 320965K->317969K(512000K), 0.0046910 secs] [Times: user=0.00 sys=0.00, real=0.00 secs] 
71.209: [Full GC (Ergonomics) [PSYoungGen: 5120K->0K(162304K)] [ParOldGen: 312849K->159249K(349696K)] 317969K->159249K(512000K), [Metaspace: 2796K->2796K(1056768K)], 0.0116421 secs] [Times: user=0.00 sys=0.00, real=0.01 secs] 
72.311: [GC (Allocation Failure) [PSYoungGen: 146356K->6144K(162304K)] 305605K->175633K(512000K), 0.0016259 secs] [Times: user=0.00 sys=0.00, real=0.00 secs] 
73.946: [GC (Allocation Failure) [PSYoungGen: 137120K->10240K(162304K)] 409009K->302609K(512000K), 0.0027603 secs] [Times: user=0.00 sys=0.00, real=0.00 secs] 
73.949: [Full GC (Ergonomics) [PSYoungGen: 10240K->0K(162304K)] [ParOldGen: 292369K->31249K(349696K)] 302609K->31249K(512000K), [Metaspace: 2796K->2796K(1056768K)], 0.0035261 secs] [Times: user=0.00 sys=0.00, real=0.00 secs] 
75.371: [GC (Allocation Failure) [PSYoungGen: 125864K->5120K(162304K)] 259514K->169489K(512000K), 0.0028279 secs] [Times: user=0.00 sys=0.00, real=0.00 secs] 
77.777: [GC (Allocation Failure) [PSYoungGen: 151470K->10240K(162304K)] 418239K->277009K(512000K), 0.0010720 secs] [Times: user=0.00 sys=0.00, real=0.00 secs] 
78.320: [GC (Allocation Failure) --[PSYoungGen: 110513K->110513K(162304K)] 377283K->428483K(512000K), 0.0045306 secs] [Times: user=0.00 sys=0.00, real=0.01 secs] 
78.325: [Full GC (Ergonomics) [PSYoungGen: 110513K->0K(162304K)] [ParOldGen: 317969K->57344K(349696K)] 428483K->57344K(512000K), [Metaspace: 2796K->2796K(1056768K)], 0.0055273 secs] [Times: user=0.02 sys=0.00, real=0.00 secs] 
79.426: [GC (Allocation Failure) [PSYoungGen: 146346K->5120K(162304K)] 203690K->72704K(512000K), 0.0015485 secs] [Times: user=0.00 sys=0.00, real=0.00 secs] 
82.152: [GC (Allocation Failure) [PSYoungGen: 148377K->11264K(162304K)] 420762K->283648K(512000K), 0.0011306 secs] [Times: user=0.00 sys=0.00, real=0.00 secs] 
82.590: [GC (Allocation Failure) [PSYoungGen: 106404K->6144K(162304K)] 378788K->329728K(512000K), 0.0045220 secs] [Times: user=0.00 sys=0.00, real=0.01 secs] 
82.595: [Full GC (Ergonomics) [PSYoungGen: 6144K->0K(162304K)] [ParOldGen: 323584K->57873K(349696K)] 329728K->57873K(512000K), [Metaspace: 2796K->2796K(1056768K)], 0.0054408 secs] [Times: user=0.00 sys=0.00, real=0.00 secs] 
83.701: [GC (Allocation Failure) [PSYoungGen: 146337K->11264K(162304K)] 204210K->79377K(512000K), 0.0015026 secs] [Times: user=0.00 sys=0.00, real=0.00 secs] 
85.342: [GC (Allocation Failure) [PSYoungGen: 142228K->10240K(162304K)] 312741K->201233K(512000K), 0.0024244 secs] [Times: user=0.00 sys=0.00, real=0.00 secs] 
86.760: [Full GC (Ergonomics) [PSYoungGen: 136096K->0K(162304K)] [ParOldGen: 293393K->36864K(349696K)] 429490K->36864K(512000K), [Metaspace: 2796K->2796K(1056768K)], 0.0038265 secs] [Times: user=0.01 sys=0.00, real=0.00 secs] 
88.179: [GC (Allocation Failure) [PSYoungGen: 125865K->5120K(162304K)] 265129K->164864K(512000K), 0.0022024 secs] [Times: user=0.00 sys=0.00, real=0.00 secs] 
89.600: [GC (Allocation Failure) [PSYoungGen: 120750K->5120K(162304K)] 280494K->185344K(512000K), 0.0029783 secs] [Times: user=0.00 sys=0.00, real=0.00 secs] 
91.020: [GC (Allocation Failure) [PSYoungGen: 130985K->10240K(162304K)] 413609K->313344K(512000K), 0.0026990 secs] [Times: user=0.00 sys=0.00, real=0.00 secs] 
91.023: [Full GC (Ergonomics) [PSYoungGen: 10240K->0K(162304K)] [ParOldGen: 303104K->133649K(349696K)] 313344K->133649K(512000K), [Metaspace: 2796K->2796K(1056768K)], 0.0099072 secs] [Times: user=0.00 sys=0.00, real=0.01 secs] 
93.764: [GC (Allocation Failure) [PSYoungGen: 138158K->11264K(162304K)] 374208K->257553K(512000K), 0.0017774 secs] [Times: user=0.00 sys=0.00, real=0.00 secs] 
95.288: [Full GC (Ergonomics) [PSYoungGen: 157618K->0K(162304K)] [ParOldGen: 348689K->48128K(349696K)] 506307K->48128K(512000K), [Metaspace: 2796K->2796K(1056768K)], 0.0049401 secs] [Times: user=0.00 sys=0.00, real=0.01 secs] 
97.147: [GC (Allocation Failure) [PSYoungGen: 148404K->1024K(162304K)] 401332K->274432K(512000K), 0.0021134 secs] [Times: user=0.00 sys=0.00, real=0.00 secs] 
98.237: [GC (Allocation Failure) --[PSYoungGen: 126901K->126901K(162304K)] 400309K->451509K(512000K), 0.0046394 secs] [Times: user=0.00 sys=0.00, real=0.00 secs] 
98.242: [Full GC (Ergonomics) [PSYoungGen: 126901K->0K(162304K)] [ParOldGen: 324608K->77329K(349696K)] 451509K->77329K(512000K), [Metaspace: 2796K->2796K(1056768K)], 0.0068547 secs] [Times: user=0.00 sys=0.00, real=0.01 secs] 
99.341: [GC (Allocation Failure) [PSYoungGen: 146350K->10240K(162304K)] 223680K->92689K(512000K), 0.0012650 secs] [Times: user=0.00 sys=0.00, real=0.00 secs] 
100.982: [GC (Allocation Failure) [PSYoungGen: 151452K->5120K(162304K)] 336302K->210449K(512000K), 0.0024905 secs] [Times: user=0.00 sys=0.00, real=0.00 secs] 
102.400: [Full GC (Ergonomics) [PSYoungGen: 130982K->0K(162304K)] [ParOldGen: 307729K->32768K(349696K)] 438711K->32768K(512000K), [Metaspace: 2796K->2796K(1056768K)], 0.0038488 secs] [Times: user=0.00 sys=0.00, real=0.00 secs] 
105.126: [GC (Allocation Failure) [PSYoungGen: 147372K->10240K(162304K)] 282540K->160768K(512000K), 0.0016046 secs] [Times: user=0.00 sys=0.00, real=0.00 secs] 
106.654: [GC (Allocation Failure) [PSYoungGen: 156592K->5120K(162304K)] 409521K->299008K(512000K), 0.0029938 secs] [Times: user=0.00 sys=0.00, real=0.00 secs] 
106.657: [Full GC (Ergonomics) [PSYoungGen: 5120K->0K(162304K)] [ParOldGen: 293888K->41489K(349696K)] 299008K->41489K(512000K), [Metaspace: 2796K->2796K(1056768K)], 0.0045894 secs] [Times: user=0.00 sys=0.00, real=0.00 secs] 
108.626: [GC (Allocation Failure) [PSYoungGen: 148403K->5120K(162304K)] 394692K->302609K(512000K), 0.0056898 secs] [Times: user=0.00 sys=0.00, real=0.01 secs] 
108.632: [Full GC (Ergonomics) [PSYoungGen: 5120K->0K(162304K)] [ParOldGen: 297489K->56849K(349696K)] 302609K->56849K(512000K), [Metaspace: 2796K->2796K(1056768K)], 0.0054829 secs] [Times: user=0.00 sys=0.00, real=0.01 secs] 
110.499: [GC (Allocation Failure) [PSYoungGen: 146357K->10240K(162304K)] 305606K->174609K(512000K), 0.0013466 secs] [Times: user=0.00 sys=0.00, real=0.00 secs] 
112.246: [GC (Allocation Failure) [PSYoungGen: 141238K->10240K(162304K)] 408007K->282129K(512000K), 0.0015810 secs] [Times: user=0.00 sys=0.00, real=0.00 secs] 
112.464: [GC (Allocation Failure) [PSYoungGen: 84919K->0K(162304K)] 356808K->323089K(512000K), 0.0044831 secs] [Times: user=0.02 sys=0.00, real=0.00 secs] 
112.469: [Full GC (Ergonomics) [PSYoungGen: 0K->0K(162304K)] [ParOldGen: 323089K->56849K(349696K)] 323089K->56849K(512000K), [Metaspace: 2796K->2796K(1056768K)], 0.0051125 secs] [Times: user=0.00 sys=0.00, real=0.01 secs] 
113.567: [GC (Allocation Failure) [PSYoungGen: 146359K->11264K(162304K)] 203208K->78353K(512000K), 0.0014800 secs] [Times: user=0.00 sys=0.00, real=0.00 secs] 
115.855: [GC (Allocation Failure) [PSYoungGen: 157602K->10240K(162304K)] 327091K->179729K(512000K), 0.0007825 secs] [Times: user=0.00 sys=0.00, real=0.00 secs] 
117.707: [GC (Allocation Failure) [PSYoungGen: 156586K->10240K(162304K)] 428475K->307729K(512000K), 0.0028143 secs] [Times: user=0.00 sys=0.00, real=0.00 secs] 
117.710: [Full GC (Ergonomics) [PSYoungGen: 10240K->0K(162304K)] [ParOldGen: 297489K->36369K(349696K)] 307729K->36369K(512000K), [Metaspace: 2796K->2796K(1056768K)], 0.0042686 secs] [Times: user=0.00 sys=0.00, real=0.00 secs] 
119.458: [GC (Allocation Failure) [PSYoungGen: 115630K->5120K(162304K)] 254400K->143889K(512000K), 0.0007309 secs] [Times: user=0.00 sys=0.00, real=0.00 secs] 
120.875: [GC (Allocation Failure) [PSYoungGen: 130994K->5120K(162304K)] 372163K->266769K(512000K), 0.0022266 secs] [Times: user=0.00 sys=0.00, real=0.00 secs] 
120.986: [GC (Allocation Failure) [PSYoungGen: 59316K->5120K(162304K)] 320965K->317969K(512000K), 0.0047105 secs] [Times: user=0.00 sys=0.00, real=0.00 secs] 
120.991: [Full GC (Ergonomics) [PSYoungGen: 5120K->0K(162304K)] [ParOldGen: 312849K->159249K(349696K)] 317969K->159249K(512000K), [Metaspace: 2796K->2796K(1056768K)], 0.0119627 secs] [Times: user=0.00 sys=0.00, real=0.01 secs] 
122.089: [GC (Allocation Failure) [PSYoungGen: 146356K->6144K(162304K)] 305605K->175633K(512000K), 0.0014856 secs] [Times: user=0.00 sys=0.00, real=0.00 secs] 
123.720: [GC (Allocation Failure) [PSYoungGen: 137120K->10240K(162304K)] 409009K->302609K(512000K), 0.0025242 secs] [Times: user=0.00 sys=0.00, real=0.00 secs] 
123.723: [Full GC (Ergonomics) [PSYoungGen: 10240K->0K(162304K)] [ParOldGen: 292369K->31249K(349696K)] 302609K->31249K(512000K), [Metaspace: 2796K->2796K(1056768K)], 0.0033686 secs] [Times: user=0.00 sys=0.00, real=0.00 secs] 
125.137: [GC (Allocation Failure) [PSYoungGen: 125864K->5120K(162304K)] 259514K->169489K(512000K), 0.0027407 secs] [Times: user=0.00 sys=0.00, real=0.00 secs] 
127.542: [GC (Allocation Failure) [PSYoungGen: 151470K->10240K(162304K)] 418239K->277009K(512000K), 0.0010040 secs] [Times: user=0.00 sys=0.00, real=0.00 secs] 
128.087: [GC (Allocation Failure) --[PSYoungGen: 110513K->110513K(162304K)] 377283K->428483K(512000K), 0.0048421 secs] [Times: user=0.00 sys=0.00, real=0.01 secs] 
128.092: [Full GC (Ergonomics) [PSYoungGen: 110513K->0K(162304K)] [ParOldGen: 317969K->57344K(349696K)] 428483K->57344K(512000K), [Metaspace: 2796K->2796K(1056768K)], 0.0058164 secs] [Times: user=0.00 sys=0.00, real=0.01 secs] 
129.190: [GC (Allocation Failure) [PSYoungGen: 146346K->5120K(162304K)] 203690K->72704K(512000K), 0.0013406 secs] [Times: user=0.00 sys=0.00, real=0.00 secs] 
131.920: [GC (Allocation Failure) [PSYoungGen: 148377K->11264K(162304K)] 420762K->283648K(512000K), 0.0009968 secs] [Times: user=0.00 sys=0.00, real=0.00 secs] 
132.356: [GC (Allocation Failure) [PSYoungGen: 106404K->6144K(162304K)] 378788K->329728K(512000K), 0.0046697 secs] [Times: user=0.00 sys=0.00, real=0.01 secs] 
132.361: [Full GC (Ergonomics) [PSYoungGen: 6144K->0K(162304K)] [ParOldGen: 323584K->57873K(349696K)] 329728K->57873K(512000K), [Metaspace: 2796K->2796K(1056768K)], 0.0054788 secs] [Times: user=0.00 sys=0.00, real=0.00 secs] 
133.465: [GC (Allocation Failure) [PSYoungGen: 146337K->11264K(162304K)] 204210K->79377K(512000K), 0.0013988 secs] [Times: user=0.02 sys=0.00, real=0.00 secs] 
135.101: [GC (Allocation Failure) [PSYoungGen: 142228K->10240K(162304K)] 312741K->201233K(512000K), 0.0026527 secs] [Times: user=0.00 sys=0.00, real=0.00 secs] 
136.520: [Full GC (Ergonomics) [PSYoungGen: 136096K->0K(162304K)] [ParOldGen: 293393K->36864K(349696K)] 429490K->36864K(512000K), [Metaspace: 2796K->2796K(1056768K)], 0.0041616 secs] [Times: user=0.00 sys=0.00, real=0.00 secs] 
137.939: [GC (Allocation Failure) [PSYoungGen: 125865K->5120K(162304K)] 265129K->164864K(512000K), 0.0022689 secs] [Times: user=0.00 sys=0.00, real=0.00 secs] 
139.362: [GC (Allocation Failure) [PSYoungGen: 120750K->5120K(162304K)] 280494K->185344K(512000K), 0.0023045 secs] [Times: user=0.00 sys=0.00, real=0.00 secs] 
140.778: [GC (Allocation Failure) [PSYoungGen: 130985K->10240K(162304K)] 413609K->313344K(512000K), 0.0026296 secs] [Times: user=0.05 sys=0.00, real=0.00 secs] 
140.781: [Full GC (Ergonomics) [PSYoungGen: 10240K->0K(162304K)] [ParOldGen: 303104K->133649K(349696K)] 313344K->133649K(512000K), [Metaspace: 2796K->2796K(1056768K)], 0.0101154 secs] [Times: user=0.00 sys=0.00, real=0.01 secs] 
143.521: [GC (Allocation Failure) [PSYoungGen: 138158K->11264K(162304K)] 374208K->257553K(512000K), 0.0016946 secs] [Times: user=0.00 sys=0.00, real=0.00 secs] 
145.053: [Full GC (Ergonomics) [PSYoungGen: 157618K->0K(162304K)] [ParOldGen: 348689K->48128K(349696K)] 506307K->48128K(512000K), [Metaspace: 2796K->2796K(1056768K)], 0.0047866 secs] [Times: user=0.00 sys=0.00, real=0.00 secs] 
146.912: [GC (Allocation Failure) [PSYoungGen: 148404K->1024K(162304K)] 401332K->274432K(512000K), 0.0020206 secs] [Times: user=0.00 sys=0.00, real=0.00 secs] 
148.000: [GC (Allocation Failure) --[PSYoungGen: 126901K->126901K(162304K)] 400309K->451509K(512000K), 0.0045657 secs] [Times: user=0.00 sys=0.00, real=0.00 secs] 
148.005: [Full GC (Ergonomics) [PSYoungGen: 126901K->0K(162304K)] [ParOldGen: 324608K->77329K(349696K)] 451509K->77329K(512000K), [Metaspace: 2796K->2796K(1056768K)], 0.0066982 secs] [Times: user=0.00 sys=0.00, real=0.01 secs] 
149.106: [GC (Allocation Failure) [PSYoungGen: 146350K->5120K(162304K)] 223680K->92689K(512000K), 0.0013690 secs] [Times: user=0.02 sys=0.00, real=0.00 secs] 
150.744: [GC (Allocation Failure) [PSYoungGen: 146332K->5120K(162304K)] 336302K->215569K(512000K), 0.0022175 secs] [Times: user=0.00 sys=0.00, real=0.00 secs] 
152.162: [Full GC (Ergonomics) [PSYoungGen: 130982K->0K(162304K)] [ParOldGen: 312849K->32768K(349696K)] 443831K->32768K(512000K), [Metaspace: 2796K->2796K(1056768K)], 0.0038647 secs] [Times: user=0.00 sys=0.00, real=0.00 secs] 
154.895: [GC (Allocation Failure) [PSYoungGen: 147372K->10240K(162304K)] 282540K->160768K(512000K), 0.0015717 secs] [Times: user=0.00 sys=0.00, real=0.00 secs] 
156.421: [GC (Allocation Failure) [PSYoungGen: 156592K->5120K(162304K)] 409521K->299008K(512000K), 0.0027717 secs] [Times: user=0.00 sys=0.00, real=0.00 secs] 
156.423: [Full GC (Ergonomics) [PSYoungGen: 5120K->0K(162304K)] [ParOldGen: 293888K->41489K(349696K)] 299008K->41489K(512000K), [Metaspace: 2796K->2796K(1056768K)], 0.0043847 secs] [Times: user=0.00 sys=0.00, real=0.00 secs] 
158.385: [GC (Allocation Failure) [PSYoungGen: 148403K->5120K(162304K)] 394692K->302609K(512000K), 0.0046293 secs] [Times: user=0.00 sys=0.00, real=0.00 secs] 
158.390: [Full GC (Ergonomics) [PSYoungGen: 5120K->0K(162304K)] [ParOldGen: 297489K->56849K(349696K)] 302609K->56849K(512000K), [Metaspace: 2796K->2796K(1056768K)], 0.0054056 secs] [Times: user=0.00 sys=0.00, real=0.01 secs] 
160.255: [GC (Allocation Failure) [PSYoungGen: 146357K->10240K(162304K)] 305606K->174609K(512000K), 0.0011851 secs] [Times: user=0.00 sys=0.00, real=0.00 secs] 
162.002: [GC (Allocation Failure) [PSYoungGen: 141238K->5120K(162304K)] 408007K->282129K(512000K), 0.0016228 secs] [Times: user=0.00 sys=0.00, real=0.00 secs] 
162.219: [GC (Allocation Failure) [PSYoungGen: 79799K->5120K(162304K)] 356808K->333329K(512000K), 0.0047657 secs] [Times: user=0.00 sys=0.00, real=0.01 secs] 
162.224: [Full GC (Ergonomics) [PSYoungGen: 5120K->0K(162304K)] [ParOldGen: 328209K->56849K(349696K)] 333329K->56849K(512000K), [Metaspace: 2796K->2796K(1056768K)], 0.0050840 secs] [Times: user=0.00 sys=0.00, real=0.00 secs] 
163.332: [GC (Allocation Failure) [PSYoungGen: 146359K->11264K(162304K)] 203208K->78353K(512000K), 0.0015111 secs] [Times: user=0.00 sys=0.00, real=0.00 secs] 
165.628: [GC (Allocation Failure) [PSYoungGen: 157602K->10240K(162304K)] 327091K->179729K(512000K), 0.0009709 secs] [Times: user=0.00 sys=0.00, real=0.00 secs] 
167.483: [GC (Allocation Failure) [PSYoungGen: 156586K->10240K(162304K)] 428475K->307729K(512000K), 0.0026686 secs] [Times: user=0.00 sys=0.00, real=0.00 secs] 
167.486: [Full GC (Ergonomics) [PSYoungGen: 10240K->0K(162304K)] [ParOldGen: 297489K->36369K(349696K)] 307729K->36369K(512000K), [Metaspace: 2796K->2796K(1056768K)], 0.0039986 secs] [Times: user=0.00 sys=0.00, real=0.01 secs] 
169.228: [GC (Allocation Failure) [PSYoungGen: 115630K->5120K(162304K)] 254400K->143889K(512000K), 0.0007570 secs] [Times: user=0.00 sys=0.00, real=0.00 secs] 
170.642: [GC (Allocation Failure) [PSYoungGen: 130994K->5120K(162304K)] 372163K->266769K(512000K), 0.0021162 secs] [Times: user=0.00 sys=0.00, real=0.00 secs] 
170.751: [GC (Allocation Failure) [PSYoungGen: 59316K->5120K(162304K)] 320965K->317969K(512000K), 0.0048109 secs] [Times: user=0.00 sys=0.00, real=0.01 secs] 
170.756: [Full GC (Ergonomics) [PSYoungGen: 5120K->0K(162304K)] [ParOldGen: 312849K->159249K(349696K)] 317969K->159249K(512000K), [Metaspace: 2796K->2796K(1056768K)], 0.0119811 secs] [Times: user=0.00 sys=0.00, real=0.01 secs] 
171.857: [GC (Allocation Failure) [PSYoungGen: 146356K->11264K(162304K)] 305605K->175633K(512000K), 0.0016013 secs] [Times: user=0.00 sys=0.00, real=0.00 secs] 
173.495: [GC (Allocation Failure) [PSYoungGen: 142240K->10240K(162304K)] 409009K->297489K(512000K), 0.0023471 secs] [Times: user=0.00 sys=0.00, real=0.00 secs] 
173.498: [Full GC (Ergonomics) [PSYoungGen: 10240K->0K(162304K)] [ParOldGen: 287249K->31249K(349696K)] 297489K->31249K(512000K), [Metaspace: 2796K->2796K(1056768K)], 0.0035235 secs] [Times: user=0.02 sys=0.00, real=0.00 secs] 
174.911: [GC (Allocation Failure) [PSYoungGen: 125864K->5120K(162304K)] 259514K->169489K(512000K), 0.0027361 secs] [Times: user=0.00 sys=0.00, real=0.00 secs] 
177.314: [GC (Allocation Failure) [PSYoungGen: 151470K->10240K(162304K)] 418239K->277009K(512000K), 0.0010243 secs] [Times: user=0.00 sys=0.00, real=0.00 secs] 
177.861: [GC (Allocation Failure) --[PSYoungGen: 110513K->110513K(162304K)] 377283K->428483K(512000K), 0.0046514 secs] [Times: user=0.00 sys=0.00, real=0.00 secs] 
177.866: [Full GC (Ergonomics) [PSYoungGen: 110513K->0K(162304K)] [ParOldGen: 317969K->57344K(349696K)] 428483K->57344K(512000K), [Metaspace: 2796K->2796K(1056768K)], 0.0055292 secs] [Times: user=0.00 sys=0.00, real=0.01 secs] 
178.970: [GC (Allocation Failure) [PSYoungGen: 146346K->10240K(162304K)] 203690K->72704K(512000K), 0.0015306 secs] [Times: user=0.00 sys=0.00, real=0.00 secs] 
181.703: [GC (Allocation Failure) [PSYoungGen: 153497K->11264K(162304K)] 420762K->278528K(512000K), 0.0013552 secs] [Times: user=0.00 sys=0.00, real=0.00 secs] 
182.139: [GC (Allocation Failure) [PSYoungGen: 106404K->6144K(162304K)] 373668K->324608K(512000K), 0.0052553 secs] [Times: user=0.00 sys=0.00, real=0.01 secs] 
182.144: [Full GC (Ergonomics) [PSYoungGen: 6144K->0K(162304K)] [ParOldGen: 318464K->57873K(349696K)] 324608K->57873K(512000K), [Metaspace: 2796K->2796K(1056768K)], 0.0057932 secs] [Times: user=0.00 sys=0.00, real=0.00 secs] 
183.250: [GC (Allocation Failure) [PSYoungGen: 146337K->11264K(162304K)] 204210K->79377K(512000K), 0.0012938 secs] [Times: user=0.00 sys=0.00, real=0.00 secs] 
184.886: [GC (Allocation Failure) [PSYoungGen: 142228K->10240K(162304K)] 312741K->201233K(512000K), 0.0028037 secs] [Times: user=0.02 sys=0.00, real=0.00 secs] 
186.304: [Full GC (Ergonomics) [PSYoungGen: 136096K->0K(162304K)] [ParOldGen: 293393K->36864K(349696K)] 429490K->36864K(512000K), [Metaspace: 2796K->2796K(1056768K)], 0.0039495 secs] [Times: user=0.00 sys=0.00, real=0.00 secs] 
187.726: [GC (Allocation Failure) [PSYoungGen: 125865K->5120K(162304K)] 265129K->164864K(512000K), 0.0024753 secs] [Times: user=0.00 sys=0.00, real=0.00 secs] 
189.147: [GC (Allocation Failure) [PSYoungGen: 120750K->5120K(162304K)] 280494K->185344K(512000K), 0.0023000 secs] [Times: user=0.00 sys=0.00, real=0.00 secs] 
190.567: [GC (Allocation Failure) [PSYoungGen: 130985K->10240K(162304K)] 413609K->313344K(512000K), 0.0026603 secs] [Times: user=0.00 sys=0.00, real=0.00 secs] 
190.570: [Full GC (Ergonomics) [PSYoungGen: 10240K->0K(162304K)] [ParOldGen: 303104K->133649K(349696K)] 313344K->133649K(512000K), [Metaspace: 2796K->2796K(1056768K)], 0.0101462 secs] [Times: user=0.00 sys=0.00, real=0.01 secs] 
193.307: [GC (Allocation Failure) [PSYoungGen: 138158K->11296K(162304K)] 374208K->257585K(512000K), 0.0015387 secs] [Times: user=0.00 sys=0.00, real=0.00 secs] 
194.840: [Full GC (Ergonomics) [PSYoungGen: 157650K->0K(162304K)] [ParOldGen: 348689K->47633K(349696K)] 506339K->47633K(512000K), [Metaspace: 2796K->2796K(1056768K)], 0.0050608 secs] [Times: user=0.01 sys=0.00, real=0.01 secs] 
196.698: [GC (Allocation Failure) [PSYoungGen: 148404K->1024K(162304K)] 400838K->273937K(512000K), 0.0020100 secs] [Times: user=0.00 sys=0.00, real=0.00 secs] 
197.789: [GC (Allocation Failure) --[PSYoungGen: 126901K->126901K(162304K)] 399815K->451015K(512000K), 0.0047477 secs] [Times: user=0.00 sys=0.00, real=0.00 secs] 
197.794: [Full GC (Ergonomics) [PSYoungGen: 126901K->0K(162304K)] [ParOldGen: 324113K->77329K(349696K)] 451015K->77329K(512000K), [Metaspace: 2796K->2796K(1056768K)], 0.0064855 secs] [Times: user=0.01 sys=0.00, real=0.01 secs] 
198.893: [GC (Allocation Failure) [PSYoungGen: 146350K->5120K(162304K)] 223680K->92689K(512000K), 0.0015931 secs] [Times: user=0.00 sys=0.00, real=0.00 secs] 
200.529: [GC (Allocation Failure) [PSYoungGen: 146332K->5120K(162304K)] 336302K->215569K(512000K), 0.0020757 secs] [Times: user=0.00 sys=0.00, real=0.00 secs] 
201.953: [Full GC (Ergonomics) [PSYoungGen: 130982K->0K(162304K)] [ParOldGen: 312849K->32768K(349696K)] 443832K->32768K(512000K), [Metaspace: 2796K->2796K(1056768K)], 0.0038476 secs] [Times: user=0.00 sys=0.00, real=0.00 secs] 
204.680: [GC (Allocation Failure) [PSYoungGen: 147372K->10240K(162304K)] 282540K->160768K(512000K), 0.0016599 secs] [Times: user=0.00 sys=0.00, real=0.00 secs] 
206.209: [GC (Allocation Failure) [PSYoungGen: 156592K->5120K(162304K)] 409521K->299008K(512000K), 0.0027860 secs] [Times: user=0.00 sys=0.00, real=0.00 secs] 
206.211: [Full GC (Ergonomics) [PSYoungGen: 5120K->0K(162304K)] [ParOldGen: 293888K->41489K(349696K)] 299008K->41489K(512000K), [Metaspace: 2796K->2796K(1056768K)], 0.0039027 secs] [Times: user=0.00 sys=0.00, real=0.00 secs] 
208.191: [GC (Allocation Failure) [PSYoungGen: 148403K->5120K(162304K)] 394693K->302609K(512000K), 0.0046124 secs] [Times: user=0.00 sys=0.00, real=0.00 secs] 
208.196: [Full GC (Ergonomics) [PSYoungGen: 5120K->0K(162304K)] [ParOldGen: 297489K->56849K(349696K)] 302609K->56849K(512000K), [Metaspace: 2796K->2796K(1056768K)], 0.0052357 secs] [Times: user=0.00 sys=0.00, real=0.01 secs] 
210.059: [GC (Allocation Failure) [PSYoungGen: 146357K->10240K(162304K)] 305607K->174609K(512000K), 0.0014226 secs] [Times: user=0.00 sys=0.00, real=0.00 secs] 
211.809: [GC (Allocation Failure) [PSYoungGen: 141238K->5120K(162304K)] 408008K->282129K(512000K), 0.0014383 secs] [Times: user=0.00 sys=0.00, real=0.00 secs] 
212.029: [GC (Allocation Failure) [PSYoungGen: 79799K->5120K(162304K)] 356808K->333329K(512000K), 0.0045129 secs] [Times: user=0.00 sys=0.00, real=0.00 secs] 
212.034: [Full GC (Ergonomics) [PSYoungGen: 5120K->0K(162304K)] [ParOldGen: 328209K->56849K(349696K)] 333329K->56849K(512000K), [Metaspace: 2796K->2796K(1056768K)], 0.0053843 secs] [Times: user=0.00 sys=0.00, real=0.01 secs] 
213.137: [GC (Allocation Failure) [PSYoungGen: 146359K->11264K(162304K)] 203208K->78353K(512000K), 0.0013652 secs] [Times: user=0.08 sys=0.00, real=0.00 secs] 
215.430: [GC (Allocation Failure) [PSYoungGen: 157602K->10240K(162304K)] 327091K->179729K(512000K), 0.0010710 secs] [Times: user=0.00 sys=0.00, real=0.00 secs] 
217.286: [GC (Allocation Failure) [PSYoungGen: 156586K->10240K(162304K)] 428475K->307729K(512000K), 0.0027748 secs] [Times: user=0.00 sys=0.00, real=0.00 secs] 
217.289: [Full GC (Ergonomics) [PSYoungGen: 10240K->0K(162304K)] [ParOldGen: 297489K->36369K(349696K)] 307729K->36369K(512000K), [Metaspace: 2796K->2796K(1056768K)], 0.0037733 secs] [Times: user=0.00 sys=0.00, real=0.00 secs] 
Heap
 PSYoungGen      total 162304K, used 118631K [0x00000000f5580000, 0x0000000100000000, 0x0000000100000000)
  eden space 150016K, 79% used [0x00000000f5580000,0x00000000fc959ea0,0x00000000fe800000)
  from space 12288K, 0% used [0x00000000fe800000,0x00000000fe800000,0x00000000ff400000)
  to   space 12288K, 0% used [0x00000000ff400000,0x00000000ff400000,0x0000000100000000)
 ParOldGen       total 349696K, used 138769K [0x00000000e0000000, 0x00000000f5580000, 0x00000000f5580000)
  object space 349696K, 39% used [0x00000000e0000000,0x00000000e8784730,0x00000000f5580000)
 Metaspace       used 2804K, capacity 4486K, committed 4864K, reserved 1056768K
  class space    used 297K, capacity 386K, committed 512K, reserved 1048576K
