Java HotSpot(TM) 64-Bit Server VM (25.411-b09) for windows-amd64 JRE (1.8.0_411-b09), built on Mar 13 2024 07:26:13 by "java_re" with MS VC++ 17.1 (VS2022)
Memory: 4k page, physical 33403376k(15244924k free), swap 38794768k(7058156k free)
CommandLine flags: -XX:InitialHeapSize=1073741824 -XX:MaxHeapSize=1073741824 -XX:NewRatio=7 -XX:ParallelGCThreads=6 -XX:+PrintGC -XX:+PrintGCDetails -XX:+PrintGCTimeStamps -XX:SurvivorRatio=7 -XX:-UseAdaptiveSizePolicy -XX:+UseCompressedClassPointers -XX:+UseCompressedOops -XX:-UseLargePagesIndividualAllocation -XX:+UseParallelGC 
2.190: [GC (Allocation Failure) [PSYoungGen: 99328K->11960K(116736K)] 252928K->165568K(1034240K), 0.0030450 secs] [Times: user=0.00 sys=0.00, real=0.00 secs] 
4.747: [GC (Allocation Failure) [PSYoungGen: 113336K->10888K(116736K)] 420544K->318096K(1034240K), 0.0024981 secs] [Times: user=0.00 sys=0.00, real=0.00 secs] 
6.758: [GC (Allocation Failure) [PSYoungGen: 111240K->10904K(116736K)] 572048K->487072K(1034240K), 0.0045645 secs] [Times: user=0.00 sys=0.00, real=0.00 secs] 
7.661: [GC (Allocation Failure) [PSYoungGen: 112280K->10840K(116736K)] 690848K->609896K(1034240K), 0.0154497 secs] [Times: user=0.00 sys=0.00, real=0.02 secs] 
9.344: [GC (Allocation Failure) [PSYoungGen: 111192K->5720K(116736K)] 812648K->758376K(1034240K), 0.0169131 secs] [Times: user=0.00 sys=0.00, real=0.02 secs] 
11.259: [Full GC (Ergonomics) [PSYoungGen: 106072K->0K(116736K)] [ParOldGen: 906256K->174608K(917504K)] 1012328K->174608K(1034240K), [Metaspace: 2761K->2761K(1056768K)], 0.0227861 secs] [Times: user=0.02 sys=0.00, real=0.02 secs] 
12.583: [GC (Allocation Failure) [PSYoungGen: 94208K->10240K(116736K)] 371217K->287248K(1034240K), 0.0009848 secs] [Times: user=0.00 sys=0.00, real=0.00 secs] 
13.458: [GC (Allocation Failure) [PSYoungGen: 111257K->11296K(116736K)] 490666K->390713K(1034240K), 0.0014810 secs] [Times: user=0.00 sys=0.00, real=0.00 secs] 
15.421: [GC (Allocation Failure) [PSYoungGen: 111648K->11296K(116736K)] 644665K->559673K(1034240K), 0.0023181 secs] [Times: user=0.00 sys=0.00, real=0.00 secs] 
17.708: [GC (Allocation Failure) [PSYoungGen: 111648K->10272K(116736K)] 813625K->732729K(1034240K), 0.0026687 secs] [Times: user=0.02 sys=0.00, real=0.00 secs] 
19.993: [Full GC (Ergonomics) [PSYoungGen: 100384K->0K(116736K)] [ParOldGen: 876057K->5649K(917504K)] 976441K->5649K(1034240K), [Metaspace: 2770K->2770K(1056768K)], 0.0047459 secs] [Times: user=0.00 sys=0.00, real=0.00 secs] 
21.194: [GC (Allocation Failure) [PSYoungGen: 95232K->5120K(116736K)] 203281K->123409K(1034240K), 0.0020263 secs] [Times: user=0.00 sys=0.00, real=0.00 secs] 
22.178: [GC (Allocation Failure) [PSYoungGen: 105472K->11264K(116736K)] 326161K->231953K(1034240K), 0.0011008 secs] [Times: user=0.00 sys=0.00, real=0.00 secs] 
24.142: [GC (Allocation Failure) [PSYoungGen: 96256K->10240K(116736K)] 470545K->394769K(1034240K), 0.0017070 secs] [Times: user=0.00 sys=0.00, real=0.00 secs] 
25.231: [GC (Allocation Failure) [PSYoungGen: 110592K->10240K(116736K)] 597521K->507409K(1034240K), 0.0017882 secs] [Times: user=0.00 sys=0.00, real=0.00 secs] 
26.103: [GC (Allocation Failure) [PSYoungGen: 110592K->11264K(116736K)] 710161K->615953K(1034240K), 0.0015680 secs] [Times: user=0.00 sys=0.00, real=0.00 secs] 
28.179: [GC (Allocation Failure) [PSYoungGen: 110592K->10240K(116736K)] 715281K->614929K(1034240K), 0.0012706 secs] [Times: user=0.00 sys=0.00, real=0.00 secs] 
29.052: [GC (Allocation Failure) [PSYoungGen: 111017K->10272K(116736K)] 818106K->768569K(1034240K), 0.0048921 secs] [Times: user=0.00 sys=0.00, real=0.00 secs] 
31.448: [Full GC (Ergonomics) [PSYoungGen: 105499K->0K(116736K)] [ParOldGen: 911897K->5649K(917504K)] 1017396K->5649K(1034240K), [Metaspace: 2793K->2793K(1056768K)], 0.0032733 secs] [Times: user=0.00 sys=0.00, real=0.00 secs] 
33.737: [GC (Allocation Failure) [PSYoungGen: 102397K->12288K(116736K)] 364046K->273937K(1034240K), 0.0012243 secs] [Times: user=0.00 sys=0.00, real=0.00 secs] 
34.608: [GC (Allocation Failure) [PSYoungGen: 112638K->13312K(116736K)] 476687K->382481K(1034240K), 0.0020601 secs] [Times: user=0.00 sys=0.00, real=0.00 secs] 
36.023: [GC (Allocation Failure) [PSYoungGen: 113662K->11264K(116736K)] 585232K->482833K(1034240K), 0.0015283 secs] [Times: user=0.00 sys=0.00, real=0.00 secs] 
37.986: [GC (Allocation Failure) [PSYoungGen: 111615K->10240K(116736K)] 736784K->671249K(1034240K), 0.0036807 secs] [Times: user=0.00 sys=0.00, real=0.00 secs] 
39.076: [GC (Allocation Failure) [PSYoungGen: 109567K->0K(116736K)] 770577K->712209K(1034240K), 0.0044723 secs] [Times: user=0.00 sys=0.00, real=0.00 secs] 
40.930: [Full GC (Ergonomics) [PSYoungGen: 95224K->0K(116736K)] [ParOldGen: 865809K->118289K(917504K)] 961034K->118289K(1034240K), [Metaspace: 2793K->2793K(1056768K)], 0.0099526 secs] [Times: user=0.00 sys=0.00, real=0.01 secs] 
41.818: [GC (Allocation Failure) [PSYoungGen: 100347K->6144K(116736K)] 321036K->226833K(1034240K), 0.0008990 secs] [Times: user=0.00 sys=0.00, real=0.00 secs] 
44.548: [GC (Allocation Failure) [PSYoungGen: 108541K->12288K(116736K)] 482830K->386577K(1034240K), 0.0012766 secs] [Times: user=0.00 sys=0.00, real=0.00 secs] 
46.836: [GC (Allocation Failure) [PSYoungGen: 107518K->10240K(116736K)] 635407K->538129K(1034240K), 0.0014794 secs] [Times: user=0.00 sys=0.00, real=0.00 secs] 
47.927: [GC (Allocation Failure) [PSYoungGen: 110590K->10240K(116736K)] 740880K->661009K(1034240K), 0.0026522 secs] [Times: user=0.00 sys=0.00, real=0.00 secs] 
48.797: [GC (Allocation Failure) [PSYoungGen: 110591K->6144K(116736K)] 863760K->810513K(1034240K), 0.0049992 secs] [Times: user=0.00 sys=0.00, real=0.01 secs] 
49.889: [Full GC (Ergonomics) [PSYoungGen: 79871K->0K(116736K)] [ParOldGen: 855569K->133649K(917504K)] 935441K->133649K(1034240K), [Metaspace: 2795K->2795K(1056768K)], 0.0106615 secs] [Times: user=0.00 sys=0.00, real=0.01 secs] 
52.412: [GC (Allocation Failure) [PSYoungGen: 100351K->11264K(116736K)] 490001K->411153K(1034240K), 0.0019185 secs] [Times: user=0.00 sys=0.00, real=0.00 secs] 
53.396: [GC (Allocation Failure) [PSYoungGen: 111615K->7168K(116736K)] 613905K->509457K(1034240K), 0.0009649 secs] [Times: user=0.00 sys=0.00, real=0.00 secs] 
55.899: [GC (Allocation Failure) [PSYoungGen: 108544K->11264K(116736K)] 764433K->672273K(1034240K), 0.0018168 secs] [Times: user=0.00 sys=0.00, real=0.00 secs] 
58.192: [GC (Allocation Failure) [PSYoungGen: 101376K->5120K(116736K)] 915985K->819729K(1034240K), 0.0014538 secs] [Times: user=0.01 sys=0.00, real=0.00 secs] 
59.279: [Full GC (Ergonomics) [PSYoungGen: 105472K->0K(116736K)] [ParOldGen: 917009K->62464K(917504K)] 1022481K->62464K(1034240K), [Metaspace: 2796K->2796K(1056768K)], 0.0066431 secs] [Times: user=0.00 sys=0.00, real=0.01 secs] 
60.153: [GC (Allocation Failure) [PSYoungGen: 100352K->1024K(116736K)] 265216K->165888K(1034240K), 0.0006987 secs] [Times: user=0.00 sys=0.00, real=0.00 secs] 
62.338: [GC (Allocation Failure) [PSYoungGen: 95232K->10240K(116736K)] 413696K->333824K(1034240K), 0.0016661 secs] [Times: user=0.00 sys=0.00, real=0.00 secs] 
63.321: [GC (Allocation Failure) [PSYoungGen: 110592K->6144K(116736K)] 536576K->432128K(1034240K), 0.0011587 secs] [Times: user=0.00 sys=0.00, real=0.00 secs] 
65.175: [GC (Allocation Failure) [PSYoungGen: 106496K->11264K(116736K)] 686080K->606208K(1034240K), 0.0022080 secs] [Times: user=0.02 sys=0.00, real=0.00 secs] 
67.574: [GC (Allocation Failure) [PSYoungGen: 111616K->10240K(116736K)] 860160K->784384K(1034240K), 0.0031185 secs] [Times: user=0.00 sys=0.00, real=0.00 secs] 
68.335: [GC (Allocation Failure) [PSYoungGen: 68608K->10240K(116736K)] 893952K->835584K(1034240K), 0.0035369 secs] [Times: user=0.00 sys=0.00, real=0.00 secs] 
68.339: [GC (Allocation Failure) [PSYoungGen: 10240K->10240K(116736K)] 835584K->835584K(1034240K), 0.0022080 secs] [Times: user=0.00 sys=0.00, real=0.00 secs] 
68.341: [Full GC (Allocation Failure) [PSYoungGen: 10240K->0K(116736K)] [ParOldGen: 825344K->82449K(917504K)] 835584K->82449K(1034240K), [Metaspace: 2796K->2796K(1056768K)], 0.0073462 secs] [Times: user=0.00 sys=0.00, real=0.01 secs] 
70.531: [GC (Allocation Failure) [PSYoungGen: 97280K->5120K(116736K)] 384529K->292369K(1034240K), 0.0008610 secs] [Times: user=0.00 sys=0.00, real=0.00 secs] 
72.276: [GC (Allocation Failure) [PSYoungGen: 100352K->11264K(116736K)] 541201K->462353K(1034240K), 0.0019709 secs] [Times: user=0.00 sys=0.00, real=0.00 secs] 
73.696: [GC (Allocation Failure) [PSYoungGen: 111616K->10240K(116736K)] 665105K->573969K(1034240K), 0.0014677 secs] [Times: user=0.00 sys=0.00, real=0.00 secs] 
74.681: [GC (Allocation Failure) [PSYoungGen: 110592K->10240K(116736K)] 776721K->686609K(1034240K), 0.0019579 secs] [Times: user=0.00 sys=0.00, real=0.00 secs] 
76.531: [GC (Allocation Failure) [PSYoungGen: 110592K->10240K(116736K)] 940561K->860689K(1034240K), 0.0024160 secs] [Times: user=0.00 sys=0.00, real=0.00 secs] 
78.272: [Full GC (Ergonomics) [PSYoungGen: 109568K->0K(116736K)] [ParOldGen: 901649K->56849K(917504K)] 1011217K->56849K(1034240K), [Metaspace: 2796K->2796K(1056768K)], 0.0061795 secs] [Times: user=0.00 sys=0.00, real=0.01 secs] 
80.489: [GC (Allocation Failure) [PSYoungGen: 97280K->10240K(116736K)] 410129K->323089K(1034240K), 0.0012326 secs] [Times: user=0.01 sys=0.00, real=0.00 secs] 
83.214: [GC (Allocation Failure) [PSYoungGen: 107520K->12288K(116736K)] 676369K->581137K(1034240K), 0.0013110 secs] [Times: user=0.00 sys=0.00, real=0.00 secs] 
85.177: [GC (Allocation Failure) [PSYoungGen: 97280K->10240K(116736K)] 819729K->742929K(1034240K), 0.0019712 secs] [Times: user=0.00 sys=0.00, real=0.00 secs] 
86.265: [GC (Allocation Failure) [PSYoungGen: 110592K->10240K(116736K)] 945681K->845329K(1034240K), 0.0018692 secs] [Times: user=0.00 sys=0.00, real=0.00 secs] 
86.809: [GC (Allocation Failure) [PSYoungGen: 109568K->5120K(116736K)] 944657K->911889K(1034240K), 0.0055782 secs] [Times: user=0.00 sys=0.00, real=0.00 secs] 
86.815: [Full GC (Ergonomics) [PSYoungGen: 5120K->0K(116736K)] [ParOldGen: 906769K->87569K(917504K)] 911889K->87569K(1034240K), [Metaspace: 2796K->2796K(1056768K)], 0.0077847 secs] [Times: user=0.02 sys=0.00, real=0.01 secs] 
89.228: [GC (Allocation Failure) [PSYoungGen: 95224K->10240K(116736K)] 336394K->251409K(1034240K), 0.0012794 secs] [Times: user=0.00 sys=0.00, real=0.00 secs] 
90.102: [GC (Allocation Failure) [PSYoungGen: 110587K->10240K(116736K)] 454156K->353809K(1034240K), 0.0011381 secs] [Times: user=0.00 sys=0.00, real=0.00 secs] 
92.834: [GC (Allocation Failure) [PSYoungGen: 112637K->2048K(116736K)] 609806K->499217K(1034240K), 0.0013244 secs] [Times: user=0.00 sys=0.00, real=0.00 secs] 
94.799: [GC (Allocation Failure) [PSYoungGen: 102398K->11264K(116736K)] 753167K->672273K(1034240K), 0.0021135 secs] [Times: user=0.00 sys=0.00, real=0.00 secs] 
95.673: [GC (Allocation Failure) [PSYoungGen: 111614K->12288K(116736K)] 875024K->785937K(1034240K), 0.0021035 secs] [Times: user=0.00 sys=0.00, real=0.00 secs] 
97.197: [Full GC (Ergonomics) [PSYoungGen: 112639K->0K(116736K)] [ParOldGen: 876049K->26624K(917504K)] 988688K->26624K(1034240K), [Metaspace: 2796K->2796K(1056768K)], 0.0042909 secs] [Times: user=0.00 sys=0.00, real=0.00 secs] 
99.162: [GC (Allocation Failure) [PSYoungGen: 100351K->10240K(116736K)] 280575K->195584K(1034240K), 0.0015760 secs] [Times: user=0.00 sys=0.00, real=0.00 secs] 
100.359: [GC (Allocation Failure) [PSYoungGen: 109567K->5120K(116736K)] 397311K->292864K(1034240K), 0.0009016 secs] [Times: user=0.00 sys=0.00, real=0.00 secs] 
102.107: [GC (Allocation Failure) [PSYoungGen: 100351K->11264K(116736K)] 541696K->462848K(1034240K), 0.0022296 secs] [Times: user=0.00 sys=0.00, real=0.00 secs] 
103.088: [GC (Allocation Failure) [PSYoungGen: 111615K->7168K(116736K)] 665600K->561152K(1034240K), 0.0014100 secs] [Times: user=0.00 sys=0.00, real=0.00 secs] 
105.601: [GC (Allocation Failure) [PSYoungGen: 108544K->6144K(116736K)] 816128K->723968K(1034240K), 0.0023457 secs] [Times: user=0.00 sys=0.00, real=0.00 secs] 
107.894: [Full GC (Ergonomics) [PSYoungGen: 96256K->0K(116736K)] [ParOldGen: 871424K->6144K(917504K)] 967680K->6144K(1034240K), [Metaspace: 2796K->2796K(1056768K)], 0.0027251 secs] [Times: user=0.00 sys=0.00, real=0.00 secs] 
108.986: [GC (Allocation Failure) [PSYoungGen: 100352K->10240K(116736K)] 208896K->169984K(1034240K), 0.0051437 secs] [Times: user=0.02 sys=0.00, real=0.01 secs] 
109.856: [GC (Allocation Failure) [PSYoungGen: 110592K->6144K(116736K)] 372736K->268288K(1034240K), 0.0008695 secs] [Times: user=0.00 sys=0.00, real=0.00 secs] 
112.036: [GC (Allocation Failure) [PSYoungGen: 100352K->5120K(116736K)] 516096K->431104K(1034240K), 0.0020362 secs] [Times: user=0.02 sys=0.00, real=0.00 secs] 
113.019: [GC (Allocation Failure) [PSYoungGen: 105472K->11264K(116736K)] 633856K->539648K(1034240K), 0.0017877 secs] [Times: user=0.00 sys=0.00, real=0.00 secs] 
114.869: [GC (Allocation Failure) [PSYoungGen: 111616K->11264K(116736K)] 793600K->713728K(1034240K), 0.0030243 secs] [Times: user=0.00 sys=0.00, real=0.00 secs] 
117.270: [GC (Allocation Failure) [PSYoungGen: 111616K->10240K(116736K)] 967680K->891904K(1034240K), 0.0032946 secs] [Times: user=0.02 sys=0.00, real=0.00 secs] 
117.273: [Full GC (Ergonomics) [PSYoungGen: 10240K->0K(116736K)] [ParOldGen: 881664K->31249K(917504K)] 891904K->31249K(1034240K), [Metaspace: 2796K->2796K(1056768K)], 0.0041228 secs] [Times: user=0.00 sys=0.00, real=0.01 secs] 
120.104: [GC (Allocation Failure) [PSYoungGen: 97280K->5120K(116736K)] 435729K->343569K(1034240K), 0.0010766 secs] [Times: user=0.00 sys=0.00, real=0.00 secs] 
121.959: [GC (Allocation Failure) [PSYoungGen: 105472K->11264K(116736K)] 597521K->513553K(1034240K), 0.0021165 secs] [Times: user=0.00 sys=0.00, real=0.00 secs] 
123.379: [GC (Allocation Failure) [PSYoungGen: 111616K->10240K(116736K)] 716305K->625169K(1034240K), 0.0017775 secs] [Times: user=0.02 sys=0.00, real=0.00 secs] 
124.359: [GC (Allocation Failure) [PSYoungGen: 110592K->10240K(116736K)] 827921K->727569K(1034240K), 0.0016560 secs] [Times: user=0.00 sys=0.00, real=0.00 secs] 
126.212: [Full GC (Ergonomics) [PSYoungGen: 110592K->0K(116736K)] [ParOldGen: 870929K->41489K(917504K)] 981521K->41489K(1034240K), [Metaspace: 2796K->2796K(1056768K)], 0.0052022 secs] [Times: user=0.00 sys=0.00, real=0.01 secs] 
128.289: [GC (Allocation Failure) [PSYoungGen: 100352K->6144K(116736K)] 295441K->201233K(1034240K), 0.0009764 secs] [Times: user=0.00 sys=0.00, real=0.00 secs] 
131.017: [GC (Allocation Failure) [PSYoungGen: 107520K->2048K(116736K)] 558609K->453137K(1034240K), 0.0011902 secs] [Times: user=0.00 sys=0.00, real=0.00 secs] 
133.087: [GC (Allocation Failure) [PSYoungGen: 103424K->12288K(116736K)] 708113K->616977K(1034240K), 0.0015177 secs] [Times: user=0.00 sys=0.00, real=0.00 secs] 
133.960: [GC (Allocation Failure) [PSYoungGen: 112640K->13312K(116736K)] 819729K->725521K(1034240K), 0.0017840 secs] [Times: user=0.00 sys=0.00, real=0.00 secs] 
135.380: [GC (Allocation Failure) [PSYoungGen: 113664K->11264K(116736K)] 928273K->825873K(1034240K), 0.0015631 secs] [Times: user=0.00 sys=0.00, real=0.00 secs] 
136.471: [GC (Allocation Failure) [PSYoungGen: 84992K->10240K(116736K)] 950801K->901649K(1034240K), 0.0030924 secs] [Times: user=0.00 sys=0.00, real=0.00 secs] 
136.474: [Full GC (Ergonomics) [PSYoungGen: 10240K->0K(116736K)] [ParOldGen: 891409K->87569K(917504K)] 901649K->87569K(1034240K), [Metaspace: 2796K->2796K(1056768K)], 0.0080787 secs] [Times: user=0.00 sys=0.00, real=0.01 secs] 
138.888: [GC (Allocation Failure) [PSYoungGen: 95232K->10240K(116736K)] 336401K->251409K(1034240K), 0.0009582 secs] [Times: user=0.00 sys=0.00, real=0.00 secs] 
139.759: [GC (Allocation Failure) [PSYoungGen: 110592K->10240K(116736K)] 454161K->353809K(1034240K), 0.0011506 secs] [Times: user=0.00 sys=0.00, real=0.00 secs] 
142.378: [GC (Allocation Failure) [PSYoungGen: 111616K->1024K(116736K)] 608785K->498193K(1034240K), 0.0012284 secs] [Times: user=0.00 sys=0.00, real=0.00 secs] 
144.451: [GC (Allocation Failure) [PSYoungGen: 102400K->11264K(116736K)] 753169K->672273K(1034240K), 0.0017876 secs] [Times: user=0.00 sys=0.00, real=0.00 secs] 
145.322: [GC (Allocation Failure) [PSYoungGen: 111616K->12288K(116736K)] 875025K->780817K(1034240K), 0.0020867 secs] [Times: user=0.00 sys=0.00, real=0.00 secs] 
146.845: [GC (Allocation Failure) [PSYoungGen: 112640K->5120K(116736K)] 983569K->896529K(1034240K), 0.0024113 secs] [Times: user=0.00 sys=0.00, real=0.00 secs] 
146.848: [Full GC (Ergonomics) [PSYoungGen: 5120K->0K(116736K)] [ParOldGen: 891409K->26129K(917504K)] 896529K->26129K(1034240K), [Metaspace: 2796K->2796K(1056768K)], 0.0043468 secs] [Times: user=0.00 sys=0.00, real=0.00 secs] 
148.811: [GC (Allocation Failure) [PSYoungGen: 100352K->10240K(116736K)] 280081K->195089K(1034240K), 0.0014253 secs] [Times: user=0.00 sys=0.00, real=0.00 secs] 
150.010: [GC (Allocation Failure) [PSYoungGen: 109568K->5120K(116736K)] 396817K->292369K(1034240K), 0.0008110 secs] [Times: user=0.00 sys=0.00, real=0.00 secs] 
151.756: [GC (Allocation Failure) [PSYoungGen: 100352K->11264K(116736K)] 541201K->462353K(1034240K), 0.0018385 secs] [Times: user=0.00 sys=0.00, real=0.00 secs] 
152.739: [GC (Allocation Failure) [PSYoungGen: 111616K->7168K(116736K)] 665105K->560657K(1034240K), 0.0010442 secs] [Times: user=0.00 sys=0.00, real=0.00 secs] 
155.244: [GC (Allocation Failure) [PSYoungGen: 108544K->6144K(116736K)] 815633K->723473K(1034240K), 0.0016490 secs] [Times: user=0.00 sys=0.00, real=0.00 secs] 
157.535: [GC (Allocation Failure) [PSYoungGen: 96256K->5120K(116736K)] 967185K->876049K(1034240K), 0.0021498 secs] [Times: user=0.00 sys=0.00, real=0.00 secs] 
157.753: [GC (Allocation Failure) --[PSYoungGen: 78848K->78848K(116736K)] 949777K->949777K(1034240K), 0.0013979 secs] [Times: user=0.00 sys=0.00, real=0.00 secs] 
157.754: [Full GC (Ergonomics) [PSYoungGen: 78848K->0K(116736K)] [ParOldGen: 870929K->52224K(917504K)] 949777K->52224K(1034240K), [Metaspace: 2796K->2796K(1056768K)], 0.0058667 secs] [Times: user=0.00 sys=0.00, real=0.01 secs] 
160.066: [GC (Allocation Failure) [PSYoungGen: 102390K->10240K(116736K)] 410614K->323584K(1034240K), 0.0016104 secs] [Times: user=0.00 sys=0.00, real=0.00 secs] 
161.371: [GC (Allocation Failure) [PSYoungGen: 109561K->1024K(116736K)] 525305K->416768K(1034240K), 0.0016670 secs] [Times: user=0.00 sys=0.00, real=0.00 secs] 
163.120: [GC (Allocation Failure) [PSYoungGen: 96252K->6144K(116736K)] 665596K->595968K(1034240K), 0.0026461 secs] [Times: user=0.00 sys=0.00, real=0.00 secs] 
164.102: [GC (Allocation Failure) [PSYoungGen: 106493K->11264K(116736K)] 798717K->708608K(1034240K), 0.0022870 secs] [Times: user=0.00 sys=0.00, real=0.00 secs] 
166.068: [GC (Allocation Failure) [PSYoungGen: 100350K->5120K(116736K)] 797694K->712704K(1034240K), 0.0022255 secs] [Times: user=0.00 sys=0.00, real=0.00 secs] 
167.163: [GC (Allocation Failure) [PSYoungGen: 105462K->10240K(116736K)] 915447K->845824K(1034240K), 0.0029176 secs] [Times: user=0.00 sys=0.00, real=0.00 secs] 
167.709: [GC (Allocation Failure) --[PSYoungGen: 109562K->109562K(116736K)] 945146K->996346K(1034240K), 0.0055431 secs] [Times: user=0.00 sys=0.00, real=0.01 secs] 
167.714: [Full GC (Ergonomics) [PSYoungGen: 109562K->0K(116736K)] [ParOldGen: 886784K->82449K(917504K)] 996346K->82449K(1034240K), [Metaspace: 2796K->2796K(1056768K)], 0.0078598 secs] [Times: user=0.00 sys=0.00, real=0.01 secs] 
170.009: [GC (Allocation Failure) [PSYoungGen: 102388K->10240K(116736K)] 389638K->297489K(1034240K), 0.0008518 secs] [Times: user=0.00 sys=0.00, real=0.00 secs] 
170.884: [GC (Allocation Failure) [PSYoungGen: 110584K->7168K(116736K)] 500234K->396817K(1034240K), 0.0011734 secs] [Times: user=0.00 sys=0.00, real=0.00 secs] 
173.177: [GC (Allocation Failure) [PSYoungGen: 107515K->10240K(116736K)] 650764K->563729K(1034240K), 0.0018401 secs] [Times: user=0.02 sys=0.00, real=0.00 secs] 
174.269: [GC (Allocation Failure) [PSYoungGen: 110589K->10240K(116736K)] 766478K->676369K(1034240K), 0.0018605 secs] [Times: user=0.00 sys=0.00, real=0.00 secs] 
175.141: [GC (Allocation Failure) [PSYoungGen: 110590K->11264K(116736K)] 879119K->784913K(1034240K), 0.0017642 secs] [Times: user=0.00 sys=0.00, real=0.00 secs] 
177.212: [GC (Allocation Failure) [PSYoungGen: 110590K->10240K(116736K)] 884240K->783889K(1034240K), 0.0017096 secs] [Times: user=0.00 sys=0.00, real=0.00 secs] 
178.086: [Full GC (Ergonomics) [PSYoungGen: 110583K->0K(116736K)] [ParOldGen: 876049K->62464K(917504K)] 986633K->62464K(1034240K), [Metaspace: 2796K->2796K(1056768K)], 0.0062338 secs] [Times: user=0.00 sys=0.00, real=0.01 secs] 
180.924: [GC (Allocation Failure) [PSYoungGen: 102394K->6144K(116736K)] 420859K->324608K(1034240K), 0.0009956 secs] [Times: user=0.00 sys=0.00, real=0.00 secs] 
182.888: [GC (Allocation Failure) [PSYoungGen: 106492K->12288K(116736K)] 578556K->484352K(1034240K), 0.0016408 secs] [Times: user=0.00 sys=0.00, real=0.00 secs] 
184.306: [GC (Allocation Failure) [PSYoungGen: 112637K->5120K(116736K)] 687102K->579584K(1034240K), 0.0017858 secs] [Times: user=0.00 sys=0.00, real=0.00 secs] 
185.181: [GC (Allocation Failure) [PSYoungGen: 105470K->10240K(116736K)] 782334K->692224K(1034240K), 0.0019937 secs] [Times: user=0.00 sys=0.00, real=0.00 secs] 
187.137: [GC (Allocation Failure) [PSYoungGen: 110591K->10240K(116736K)] 946175K->881664K(1034240K), 0.0042532 secs] [Times: user=0.00 sys=0.00, real=0.00 secs] 
187.141: [Full GC (Ergonomics) [PSYoungGen: 10240K->0K(116736K)] [ParOldGen: 871424K->46609K(917504K)] 881664K->46609K(1034240K), [Metaspace: 2796K->2796K(1056768K)], 0.0056695 secs] [Times: user=0.00 sys=0.00, real=0.01 secs] 
188.230: [GC (Allocation Failure) [PSYoungGen: 99327K->5120K(116736K)] 145936K->51729K(1034240K), 0.0008510 secs] [Times: user=0.00 sys=0.00, real=0.00 secs] 
190.087: [GC (Allocation Failure) [PSYoungGen: 105457K->10240K(116736K)] 305666K->220689K(1034240K), 0.0018638 secs] [Times: user=0.00 sys=0.00, real=0.00 secs] 
191.070: [GC (Allocation Failure) [PSYoungGen: 110582K->11296K(116736K)] 423431K->329265K(1034240K), 0.0014631 secs] [Times: user=0.00 sys=0.00, real=0.00 secs] 
193.802: [GC (Allocation Failure) [PSYoungGen: 113689K->11296K(116736K)] 585259K->493105K(1034240K), 0.0021110 secs] [Times: user=0.00 sys=0.00, real=0.00 secs] 
195.873: [GC (Allocation Failure) [PSYoungGen: 96284K->10272K(116736K)] 731693K->645681K(1034240K), 0.0014100 secs] [Times: user=0.00 sys=0.00, real=0.00 secs] 
196.964: [GC (Allocation Failure) [PSYoungGen: 110621K->10272K(116736K)] 848431K->768561K(1034240K), 0.0026212 secs] [Times: user=0.00 sys=0.00, real=0.00 secs] 
197.837: [GC (Allocation Failure) [PSYoungGen: 110622K->6208K(116736K)] 971311K->918097K(1034240K), 0.0047626 secs] [Times: user=0.00 sys=0.00, real=0.00 secs] 
197.842: [Full GC (Ergonomics) [PSYoungGen: 6208K->0K(116736K)] [ParOldGen: 911889K->78353K(917504K)] 918097K->78353K(1034240K), [Metaspace: 2796K->2796K(1056768K)], 0.0072105 secs] [Times: user=0.00 sys=0.00, real=0.01 secs] 
200.039: [GC (Allocation Failure) [PSYoungGen: 99327K->10240K(116736K)] 331280K->247313K(1034240K), 0.0014787 secs] [Times: user=0.00 sys=0.00, real=0.00 secs] 
201.022: [GC (Allocation Failure) [PSYoungGen: 110591K->6144K(116736K)] 450065K->345617K(1034240K), 0.0010004 secs] [Times: user=0.00 sys=0.00, real=0.00 secs] 
203.536: [GC (Allocation Failure) [PSYoungGen: 107519K->1024K(116736K)] 600593K->494097K(1034240K), 0.0012095 secs] [Times: user=0.00 sys=0.00, real=0.00 secs] 
205.500: [GC (Allocation Failure) [PSYoungGen: 101375K->10240K(116736K)] 748049K->672273K(1034240K), 0.0023722 secs] [Times: user=0.00 sys=0.00, real=0.00 secs] 
206.369: [GC (Allocation Failure) [PSYoungGen: 110591K->6144K(116736K)] 875025K->791058K(1034240K), 0.0026069 secs] [Times: user=0.00 sys=0.00, real=0.00 secs] 
208.001: [Full GC (Ergonomics) [PSYoungGen: 106496K->0K(116736K)] [ParOldGen: 887313K->57344K(917504K)] 993810K->57344K(1034240K), [Metaspace: 2796K->2796K(1056768K)], 0.0063215 secs] [Times: user=0.00 sys=0.00, real=0.01 secs] 
209.858: [GC (Allocation Failure) [PSYoungGen: 95232K->10240K(116736K)] 306176K->226304K(1034240K), 0.0015563 secs] [Times: user=0.00 sys=0.00, real=0.00 secs] 
211.168: [GC (Allocation Failure) [PSYoungGen: 109568K->5120K(116736K)] 428032K->323584K(1034240K), 0.0009645 secs] [Times: user=0.00 sys=0.00, real=0.00 secs] 
212.039: [GC (Allocation Failure) [PSYoungGen: 105472K->6144K(116736K)] 526336K->427008K(1034240K), 0.0011484 secs] [Times: user=0.00 sys=0.00, real=0.00 secs] 
214.005: [GC (Allocation Failure) [PSYoungGen: 106496K->11264K(116736K)] 680960K->601088K(1034240K), 0.0024118 secs] [Times: user=0.00 sys=0.00, real=0.00 secs] 
216.302: [GC (Allocation Failure) [PSYoungGen: 111616K->6144K(116736K)] 855040K->770048K(1034240K), 0.0035513 secs] [Times: user=0.00 sys=0.00, real=0.00 secs] 
217.395: [GC (Allocation Failure) [PSYoungGen: 79872K->10240K(116736K)] 894976K->825344K(1034240K), 0.0021280 secs] [Times: user=0.02 sys=0.00, real=0.00 secs] 
217.397: [GC (Allocation Failure) [PSYoungGen: 10240K->10240K(116736K)] 825344K->825344K(1034240K), 0.0015182 secs] [Times: user=0.00 sys=0.00, real=0.00 secs] 
217.399: [Full GC (Allocation Failure) [PSYoungGen: 10240K->0K(116736K)] [ParOldGen: 815104K->82449K(917504K)] 825344K->82449K(1034240K), [Metaspace: 2796K->2796K(1056768K)], 0.0075571 secs] [Times: user=0.00 sys=0.00, real=0.01 secs] 
Heap
 PSYoungGen      total 116736K, used 25600K [0x00000000f8000000, 0x0000000100000000, 0x0000000100000000)
  eden space 102400K, 25% used [0x00000000f8000000,0x00000000f99001c0,0x00000000fe400000)
  from space 14336K, 0% used [0x00000000fe400000,0x00000000fe400000,0x00000000ff200000)
  to   space 14336K, 0% used [0x00000000ff200000,0x00000000ff200000,0x0000000100000000)
 ParOldGen       total 917504K, used 184849K [0x00000000c0000000, 0x00000000f8000000, 0x00000000f8000000)
  object space 917504K, 20% used [0x00000000c0000000,0x00000000cb484730,0x00000000f8000000)
 Metaspace       used 2804K, capacity 4486K, committed 4864K, reserved 1056768K
  class space    used 297K, capacity 386K, committed 512K, reserved 1048576K
