Java HotSpot(TM) 64-Bit Server VM (25.411-b09) for windows-amd64 JRE (1.8.0_411-b09), built on Mar 13 2024 07:26:13 by "java_re" with MS VC++ 17.1 (VS2022)
Memory: 4k page, physical 33403376k(14522564k free), swap 36815128k(7389516k free)
CommandLine flags: -XX:InitialHeapSize=536870912 -XX:MaxHeapSize=536870912 -XX:NewRatio=8 -XX:ParallelGCThreads=6 -XX:+PrintGC -XX:+PrintGCDetails -XX:+PrintGCTimeStamps -XX:+UseCompressedClassPointers -XX:+UseCompressedOops -XX:-UseLargePagesIndividualAllocation -XX:+UseParallelGC 
0.931: [GC (Allocation Failure) [PSYoungGen: 34508K->5832K(50688K)] 34508K->10960K(517120K), 0.0025597 secs] [Times: user=0.00 sys=0.00, real=0.00 secs] 
1.634: [GC (Allocation Failure) [PSYoungGen: 48664K->2768K(50688K)] 207392K->166616K(517120K), 0.0022176 secs] [Times: user=0.00 sys=0.00, real=0.00 secs] 
2.510: [GC (Allocation Failure) [PSYoungGen: 45608K->6816K(50688K)] 209456K->180904K(517120K), 0.0042188 secs] [Times: user=0.00 sys=0.00, real=0.00 secs] 
3.319: [GC (Allocation Failure) [PSYoungGen: 45559K->6800K(50688K)] 373247K->340632K(517120K), 0.0027023 secs] [Times: user=0.00 sys=0.00, real=0.00 secs] 
4.740: [GC (Allocation Failure) [PSYoungGen: 49644K->5704K(48640K)] 383476K->344656K(515072K), 0.0021175 secs] [Times: user=0.00 sys=0.00, real=0.00 secs] 
5.391: [GC (Allocation Failure) [PSYoungGen: 42381K->5720K(49664K)] 381334K->354912K(516096K), 0.0038631 secs] [Times: user=0.00 sys=0.00, real=0.00 secs] 
5.732: [GC (Allocation Failure) [PSYoungGen: 37255K->5184K(49664K)] 437647K->416412K(516096K), 0.0039752 secs] [Times: user=0.00 sys=0.00, real=0.00 secs] 
5.736: [GC (Allocation Failure) [PSYoungGen: 5184K->5184K(50176K)] 416412K->416412K(516608K), 0.0013714 secs] [Times: user=0.00 sys=0.00, real=0.00 secs] 
5.737: [Full GC (Allocation Failure) [PSYoungGen: 5184K->0K(50176K)] [ParOldGen: 411228K->67088K(466432K)] 416412K->67088K(516608K), [Metaspace: 2753K->2753K(1056768K)], 0.0102744 secs] [Times: user=0.00 sys=0.00, real=0.01 secs] 
6.732: [GC (Allocation Failure) [PSYoungGen: 33598K->5120K(49664K)] 203087K->179728K(516096K), 0.0010196 secs] [Times: user=0.00 sys=0.00, real=0.00 secs] 
7.280: [GC (Allocation Failure) [PSYoungGen: 47104K->5152K(50176K)] 375312K->353848K(516608K), 0.0025211 secs] [Times: user=0.00 sys=0.00, real=0.00 secs] 
8.592: [GC (Allocation Failure) [PSYoungGen: 43886K->0K(43008K)] 443782K->399904K(509440K), 0.0011484 secs] [Times: user=0.00 sys=0.00, real=0.00 secs] 
8.593: [GC (Allocation Failure) [PSYoungGen: 0K->0K(48640K)] 399904K->399904K(515072K), 0.0008984 secs] [Times: user=0.00 sys=0.00, real=0.00 secs] 
8.594: [Full GC (Allocation Failure) [PSYoungGen: 0K->0K(48640K)] [ParOldGen: 399904K->51728K(466432K)] 399904K->51728K(515072K), [Metaspace: 2759K->2759K(1056768K)], 0.0052219 secs] [Times: user=0.00 sys=0.00, real=0.00 secs] 
9.590: [GC (Allocation Failure) [PSYoungGen: 33574K->5120K(49152K)] 187703K->164368K(515584K), 0.0009991 secs] [Times: user=0.00 sys=0.00, real=0.00 secs] 
10.681: [GC (Allocation Failure) [PSYoungGen: 43815K->5120K(49152K)] 377144K->343568K(515584K), 0.0011051 secs] [Times: user=0.00 sys=0.00, real=0.00 secs] 
11.447: [GC (Allocation Failure) [PSYoungGen: 41768K->5120K(49152K)] 451897K->415249K(515584K), 0.0010956 secs] [Times: user=0.00 sys=0.00, real=0.00 secs] 
11.448: [GC (Allocation Failure) [PSYoungGen: 5120K->0K(48640K)] 415249K->415249K(515072K), 0.0017973 secs] [Times: user=0.00 sys=0.00, real=0.00 secs] 
11.450: [Full GC (Allocation Failure) [PSYoungGen: 0K->0K(48640K)] [ParOldGen: 415249K->215568K(466432K)] 415249K->215568K(515072K), [Metaspace: 2761K->2761K(1056768K)], 0.0117593 secs] [Times: user=0.00 sys=0.00, real=0.01 secs] 
12.880: [GC (Allocation Failure) [PSYoungGen: 32815K->5152K(49152K)] 422464K->394809K(515584K), 0.0008966 secs] [Times: user=0.00 sys=0.00, real=0.00 secs] 
12.881: [GC (Allocation Failure) [PSYoungGen: 5152K->0K(48128K)] 394809K->394785K(514560K), 0.0007414 secs] [Times: user=0.00 sys=0.00, real=0.00 secs] 
12.882: [Full GC (Allocation Failure) [PSYoungGen: 0K->0K(48128K)] [ParOldGen: 394785K->56849K(466432K)] 394785K->56849K(514560K), [Metaspace: 2763K->2763K(1056768K)], 0.0050385 secs] [Times: user=0.00 sys=0.00, real=0.01 secs] 
13.880: [GC (Allocation Failure) [PSYoungGen: 33556K->6144K(48640K)] 192805K->165393K(515072K), 0.0009581 secs] [Times: user=0.00 sys=0.00, real=0.00 secs] 
14.972: [GC (Allocation Failure) [PSYoungGen: 44820K->5120K(48640K)] 378149K->354833K(515072K), 0.0018942 secs] [Times: user=0.00 sys=0.00, real=0.00 secs] 
16.067: [GC (Allocation Failure) [PSYoungGen: 41748K->0K(39936K)] 391461K->359953K(506368K), 0.0013642 secs] [Times: user=0.00 sys=0.00, real=0.00 secs] 
16.721: [GC (Allocation Failure) [PSYoungGen: 31502K->5120K(48640K)] 391455K->370193K(515072K), 0.0010051 secs] [Times: user=0.00 sys=0.00, real=0.00 secs] 
17.160: [GC (Allocation Failure) [PSYoungGen: 26367K->0K(48128K)] 463121K->441873K(514560K), 0.0019822 secs] [Times: user=0.00 sys=0.00, real=0.00 secs] 
17.162: [Full GC (Ergonomics) [PSYoungGen: 0K->0K(48128K)] [ParOldGen: 441873K->77329K(466432K)] 441873K->77329K(514560K), [Metaspace: 2768K->2768K(1056768K)], 0.0064530 secs] [Times: user=0.00 sys=0.00, real=0.01 secs] 
18.156: [GC (Allocation Failure) [PSYoungGen: 33539K->5120K(48128K)] 213268K->189969K(514560K), 0.0010157 secs] [Times: user=0.00 sys=0.00, real=0.00 secs] 
19.144: [GC (Allocation Failure) [PSYoungGen: 38651K->5120K(48128K)] 397580K->369169K(514560K), 0.0012790 secs] [Times: user=0.00 sys=0.00, real=0.00 secs] 
20.017: [GC (Allocation Failure) [PSYoungGen: 16125K->0K(48128K)] 431374K->415249K(514560K), 0.0009123 secs] [Times: user=0.00 sys=0.00, real=0.00 secs] 
20.018: [GC (Allocation Failure) [PSYoungGen: 0K->0K(48128K)] 415249K->415249K(514560K), 0.0009423 secs] [Times: user=0.00 sys=0.00, real=0.00 secs] 
20.018: [Full GC (Allocation Failure) [PSYoungGen: 0K->0K(48128K)] [ParOldGen: 415249K->51729K(466432K)] 415249K->51729K(514560K), [Metaspace: 2770K->2770K(1056768K)], 0.0051019 secs] [Times: user=0.00 sys=0.00, real=0.01 secs] 
21.018: [GC (Allocation Failure) [PSYoungGen: 33533K->5120K(48128K)] 187662K->164369K(514560K), 0.0009625 secs] [Times: user=0.00 sys=0.00, real=0.00 secs] 
21.999: [GC (Allocation Failure) [PSYoungGen: 38654K->6144K(45056K)] 371983K->339473K(511488K), 0.0009693 secs] [Times: user=0.00 sys=0.00, real=0.00 secs] 
22.545: [GC (Allocation Failure) [PSYoungGen: 37630K->5120K(47616K)] 370960K->349713K(514048K), 0.0015447 secs] [Times: user=0.00 sys=0.00, real=0.00 secs] 
22.874: [GC (Allocation Failure) [PSYoungGen: 36580K->0K(47616K)] 432373K->400913K(514048K), 0.0008868 secs] [Times: user=0.00 sys=0.00, real=0.00 secs] 
22.874: [GC (Allocation Failure) [PSYoungGen: 0K->0K(47616K)] 400913K->400913K(514048K), 0.0007622 secs] [Times: user=0.00 sys=0.00, real=0.00 secs] 
22.875: [Full GC (Allocation Failure) [PSYoungGen: 0K->0K(47616K)] [ParOldGen: 400913K->165393K(466432K)] 400913K->165393K(514048K), [Metaspace: 2779K->2779K(1056768K)], 0.0128054 secs] [Times: user=0.00 sys=0.00, real=0.01 secs] 
24.747: [Full GC (Ergonomics) [PSYoungGen: 35559K->0K(47616K)] [ParOldGen: 441873K->16384K(466432K)] 477432K->16384K(514048K), [Metaspace: 2779K->2779K(1056768K)], 0.0030946 secs] [Times: user=0.05 sys=0.00, real=0.00 secs] 
25.399: [GC (Allocation Failure) [PSYoungGen: 36584K->0K(47616K)] 52968K->26624K(514048K), 0.0010941 secs] [Times: user=0.00 sys=0.00, real=0.00 secs] 
26.052: [GC (Allocation Failure) [PSYoungGen: 33508K->1024K(48128K)] 213732K->191488K(514560K), 0.0014773 secs] [Times: user=0.00 sys=0.00, real=0.00 secs] 
26.705: [GC (Allocation Failure) [PSYoungGen: 32507K->5120K(48128K)] 222971K->200704K(514560K), 0.0010120 secs] [Times: user=0.00 sys=0.00, real=0.00 secs] 
27.907: [GC (Allocation Failure) [PSYoungGen: 41718K->5120K(48128K)] 257782K->226304K(514560K), 0.0011106 secs] [Times: user=0.00 sys=0.00, real=0.00 secs] 
28.892: [GC (Allocation Failure) [PSYoungGen: 38812K->1056K(48128K)] 434076K->396328K(514560K), 0.0013840 secs] [Times: user=0.00 sys=0.00, real=0.00 secs] 
29.545: [GC (Allocation Failure) [PSYoungGen: 32540K->5120K(48128K)] 427812K->405528K(514560K), 0.0020416 secs] [Times: user=0.00 sys=0.00, real=0.00 secs] 
29.876: [GC (Allocation Failure) [PSYoungGen: 26358K->0K(48128K)] 447247K->426008K(514560K), 0.0019066 secs] [Times: user=0.00 sys=0.00, real=0.00 secs] 
29.878: [GC (Allocation Failure) [PSYoungGen: 0K->0K(48128K)] 426008K->426008K(514560K), 0.0020716 secs] [Times: user=0.00 sys=0.00, real=0.00 secs] 
29.880: [Full GC (Allocation Failure) [PSYoungGen: 0K->0K(48128K)] [ParOldGen: 426008K->82449K(466432K)] 426008K->82449K(514560K), [Metaspace: 2793K->2793K(1056768K)], 0.0067487 secs] [Times: user=0.00 sys=0.00, real=0.01 secs] 
31.854: [GC (Allocation Failure) [PSYoungGen: 35578K->6144K(45056K)] 374027K->344593K(511488K), 0.0007624 secs] [Times: user=0.00 sys=0.00, real=0.00 secs] 
32.512: [GC (Allocation Failure) [PSYoungGen: 42748K->5120K(47616K)] 381197K->354833K(514048K), 0.0015705 secs] [Times: user=0.00 sys=0.00, real=0.00 secs] 
32.842: [GC (Allocation Failure) [PSYoungGen: 36579K->0K(47616K)] 437493K->406033K(514048K), 0.0010873 secs] [Times: user=0.00 sys=0.00, real=0.00 secs] 
32.844: [GC (Allocation Failure) [PSYoungGen: 0K->0K(48128K)] 406033K->406033K(514560K), 0.0007527 secs] [Times: user=0.00 sys=0.00, real=0.00 secs] 
32.844: [Full GC (Allocation Failure) [PSYoungGen: 0K->0K(48128K)] [ParOldGen: 406033K->57873K(466432K)] 406033K->57873K(514560K), [Metaspace: 2793K->2793K(1056768K)], 0.0054354 secs] [Times: user=0.00 sys=0.00, real=0.00 secs] 
33.841: [GC (Allocation Failure) [PSYoungGen: 33520K->6144K(44544K)] 193794K->166417K(510976K), 0.0007632 secs] [Times: user=0.00 sys=0.00, real=0.00 secs] 
35.261: [GC (Allocation Failure) [PSYoungGen: 34546K->5120K(47104K)] 368899K->339473K(513536K), 0.0010489 secs] [Times: user=0.00 sys=0.00, real=0.00 secs] 
35.692: [GC (Allocation Failure) [PSYoungGen: 26324K->10240K(47104K)] 432358K->416273K(513536K), 0.0014500 secs] [Times: user=0.00 sys=0.00, real=0.00 secs] 
35.693: [GC (Allocation Failure) [PSYoungGen: 10240K->0K(44032K)] 416273K->416273K(510464K), 0.0012609 secs] [Times: user=0.00 sys=0.00, real=0.00 secs] 
35.695: [Full GC (Allocation Failure) [PSYoungGen: 0K->0K(44032K)] [ParOldGen: 416273K->61969K(466432K)] 416273K->61969K(510464K), [Metaspace: 2793K->2793K(1056768K)], 0.0058921 secs] [Times: user=0.00 sys=0.00, real=0.01 secs] 
36.583: [GC (Allocation Failure) [PSYoungGen: 28312K->10240K(44032K)] 192681K->174609K(510464K), 0.0009827 secs] [Times: user=0.00 sys=0.00, real=0.00 secs] 
37.453: [GC (Allocation Failure) [PSYoungGen: 38552K->1024K(44544K)] 377002K->344593K(510976K), 0.0008783 secs] [Times: user=0.00 sys=0.00, real=0.00 secs] 
37.998: [GC (Allocation Failure) [PSYoungGen: 27238K->10240K(41472K)] 370807K->353809K(507904K), 0.0010589 secs] [Times: user=0.00 sys=0.00, real=0.00 secs] 
39.090: [GC (Allocation Failure) [PSYoungGen: 36449K->0K(43008K)] 451698K->415249K(509440K), 0.0007398 secs] [Times: user=0.00 sys=0.00, real=0.00 secs] 
39.528: [GC (Allocation Failure) [PSYoungGen: 21040K->10240K(38912K)] 436289K->425489K(505344K), 0.0011510 secs] [Times: user=0.00 sys=0.00, real=0.00 secs] 
39.855: [Full GC (Ergonomics) [PSYoungGen: 31275K->0K(38912K)] [ParOldGen: 435729K->26129K(466432K)] 467005K->26129K(505344K), [Metaspace: 2793K->2793K(1056768K)], 0.0034110 secs] [Times: user=0.00 sys=0.00, real=0.00 secs] 
40.727: [GC (Allocation Failure) [PSYoungGen: 23086K->5120K(43008K)] 202815K->184849K(509440K), 0.0008991 secs] [Times: user=0.00 sys=0.00, real=0.00 secs] 
41.055: [GC (Allocation Failure) [PSYoungGen: 26139K->5120K(41984K)] 205869K->195089K(508416K), 0.0013893 secs] [Times: user=0.00 sys=0.00, real=0.00 secs] 
41.934: [GC (Allocation Failure) [PSYoungGen: 28184K->6144K(44032K)] 392233K->375313K(510464K), 0.0011402 secs] [Times: user=0.00 sys=0.00, real=0.00 secs] 
43.252: [GC (Allocation Failure) [PSYoungGen: 34381K->6144K(43520K)] 403550K->375313K(509952K), 0.0009620 secs] [Times: user=0.00 sys=0.00, real=0.00 secs] 
43.801: [GC (Allocation Failure) [PSYoungGen: 32330K->5120K(45056K)] 401500K->375313K(511488K), 0.0007989 secs] [Times: user=0.00 sys=0.00, real=0.00 secs] 
44.239: [Full GC (Ergonomics) [PSYoungGen: 26224K->0K(45056K)] [ParOldGen: 441873K->62993K(466432K)] 468098K->62993K(511488K), [Metaspace: 2795K->2795K(1056768K)], 0.0058473 secs] [Times: user=0.00 sys=0.00, real=0.00 secs] 
45.116: [GC (Allocation Failure) [PSYoungGen: 28276K->10240K(42496K)] 193669K->175633K(508928K), 0.0011300 secs] [Times: user=0.00 sys=0.00, real=0.00 secs] 
45.988: [GC (Allocation Failure) [PSYoungGen: 38518K->11264K(40960K)] 377992K->355857K(507392K), 0.0015625 secs] [Times: user=0.00 sys=0.00, real=0.00 secs] 
47.078: [GC (Allocation Failure) [PSYoungGen: 32284K->0K(42496K)] 448557K->416273K(508928K), 0.0007608 secs] [Times: user=0.00 sys=0.00, real=0.00 secs] 
47.079: [GC (Allocation Failure) [PSYoungGen: 0K->0K(42496K)] 416273K->416273K(508928K), 0.0008559 secs] [Times: user=0.00 sys=0.00, real=0.00 secs] 
47.080: [Full GC (Allocation Failure) [PSYoungGen: 0K->0K(42496K)] [ParOldGen: 416273K->72209K(466432K)] 416273K->72209K(508928K), [Metaspace: 2795K->2795K(1056768K)], 0.0062632 secs] [Times: user=0.00 sys=0.00, real=0.01 secs] 
47.855: [GC (Allocation Failure) [PSYoungGen: 23069K->10240K(37888K)] 197678K->184849K(504320K), 0.0009559 secs] [Times: user=0.00 sys=0.00, real=0.00 secs] 
48.184: [GC (Allocation Failure) [PSYoungGen: 31261K->10240K(40448K)] 205871K->189969K(506880K), 0.0014859 secs] [Times: user=0.00 sys=0.00, real=0.00 secs] 
49.059: [GC (Allocation Failure) [PSYoungGen: 33244K->5120K(40960K)] 387053K->358929K(507392K), 0.0008207 secs] [Times: user=0.00 sys=0.00, real=0.00 secs] 
49.496: [GC (Allocation Failure) [PSYoungGen: 26078K->10240K(39936K)] 379887K->364049K(506368K), 0.0011675 secs] [Times: user=0.00 sys=0.00, real=0.00 secs] 
49.933: [GC (Allocation Failure) [PSYoungGen: 31195K->0K(40960K)] 456684K->430609K(507392K), 0.0009975 secs] [Times: user=0.00 sys=0.00, real=0.00 secs] 
49.934: [GC (Allocation Failure) [PSYoungGen: 0K->0K(41472K)] 430609K->430609K(507904K), 0.0008321 secs] [Times: user=0.00 sys=0.00, real=0.00 secs] 
49.935: [Full GC (Allocation Failure) [PSYoungGen: 0K->0K(41472K)] [ParOldGen: 430609K->133649K(466432K)] 430609K->133649K(507904K), [Metaspace: 2795K->2795K(1056768K)], 0.0094642 secs] [Times: user=0.00 sys=0.00, real=0.01 secs] 
50.933: [GC (Allocation Failure) [PSYoungGen: 15847K->10240K(35328K)] 251897K->246289K(501760K), 0.0009950 secs] [Times: user=0.00 sys=0.00, real=0.00 secs] 
51.697: [GC (Allocation Failure) [PSYoungGen: 33257K->2048K(40960K)] 443386K->417297K(507392K), 0.0010405 secs] [Times: user=0.00 sys=0.00, real=0.00 secs] 
52.130: [GC (Allocation Failure) [PSYoungGen: 22997K->5120K(40448K)] 438247K->421393K(506880K), 0.0008816 secs] [Times: user=0.00 sys=0.00, real=0.00 secs] 
52.459: [GC (Allocation Failure) [PSYoungGen: 26066K->15360K(36864K)] 442339K->431633K(503296K), 0.0014764 secs] [Times: user=0.00 sys=0.00, real=0.00 secs] 
52.678: [GC (Allocation Failure) [PSYoungGen: 26013K->0K(39424K)] 462767K->441873K(505856K), 0.0009213 secs] [Times: user=0.00 sys=0.00, real=0.00 secs] 
52.679: [Full GC (Ergonomics) [PSYoungGen: 0K->0K(39424K)] [ParOldGen: 441873K->32273K(466432K)] 441873K->32273K(505856K), [Metaspace: 2795K->2795K(1056768K)], 0.0036115 secs] [Times: user=0.00 sys=0.00, real=0.00 secs] 
53.443: [GC (Allocation Failure) [PSYoungGen: 17824K->6144K(40448K)] 203697K->192017K(506880K), 0.0010490 secs] [Times: user=0.00 sys=0.00, real=0.00 secs] 
53.770: [GC (Allocation Failure) [PSYoungGen: 21941K->5120K(39424K)] 207815K->192017K(505856K), 0.0009149 secs] [Times: user=0.00 sys=0.00, real=0.00 secs] 
54.751: [GC (Allocation Failure) [PSYoungGen: 27058K->10240K(40448K)] 213955K->197137K(506880K), 0.0009990 secs] [Times: user=0.00 sys=0.00, real=0.00 secs] 
55.190: [GC (Allocation Failure) [PSYoungGen: 31193K->5120K(40960K)] 218091K->197137K(507392K), 0.0010890 secs] [Times: user=0.00 sys=0.00, real=0.00 secs] 
55.953: [GC (Allocation Failure) [PSYoungGen: 28120K->11264K(39936K)] 394218K->377361K(506368K), 0.0015648 secs] [Times: user=0.00 sys=0.00, real=0.00 secs] 
56.390: [GC (Allocation Failure) [PSYoungGen: 32219K->10240K(34816K)] 398317K->386577K(501248K), 0.0017099 secs] [Times: user=0.00 sys=0.00, real=0.00 secs] 
56.718: [GC (Allocation Failure) [PSYoungGen: 31193K->10240K(40448K)] 407531K->391697K(506880K), 0.0015860 secs] [Times: user=0.00 sys=0.00, real=0.00 secs] 
57.047: [Full GC (Ergonomics) [PSYoungGen: 20932K->0K(40448K)] [ParOldGen: 453137K->92689K(466432K)] 474070K->92689K(506880K), [Metaspace: 2796K->2796K(1056768K)], 0.0078454 secs] [Times: user=0.00 sys=0.00, real=0.01 secs] 
58.805: [GC (Allocation Failure) [PSYoungGen: 19908K->1024K(40448K)] 389078K->370193K(506880K), 0.0006820 secs] [Times: user=0.00 sys=0.00, real=0.00 secs] 
59.237: [GC (Allocation Failure) [PSYoungGen: 21959K->10240K(39424K)] 391128K->379409K(505856K), 0.0011510 secs] [Times: user=0.00 sys=0.00, real=0.00 secs] 
59.564: [GC (Allocation Failure) [PSYoungGen: 31153K->10240K(39936K)] 400323K->384529K(506368K), 0.0016570 secs] [Times: user=0.00 sys=0.00, real=0.00 secs] 
59.889: [Full GC (Ergonomics) [PSYoungGen: 20912K->0K(39936K)] [ParOldGen: 445969K->108049K(466432K)] 466882K->108049K(506368K), [Metaspace: 2796K->2796K(1056768K)], 0.0088020 secs] [Times: user=0.00 sys=0.00, real=0.01 secs] 
60.562: [GC (Allocation Failure) [PSYoungGen: 17840K->5120K(40448K)] 228290K->215569K(506880K), 0.0008058 secs] [Times: user=0.00 sys=0.00, real=0.00 secs] 
60.890: [GC (Allocation Failure) [PSYoungGen: 20925K->10240K(39936K)] 231375K->220689K(506368K), 0.0009871 secs] [Times: user=0.00 sys=0.00, real=0.00 secs] 
62.090: [GC (Allocation Failure) [PSYoungGen: 32186K->1024K(39936K)] 416716K->385553K(506368K), 0.0006958 secs] [Times: user=0.00 sys=0.00, real=0.00 secs] 
62.418: [GC (Allocation Failure) [PSYoungGen: 21949K->15360K(38400K)] 406479K->399889K(504832K), 0.0016621 secs] [Times: user=0.00 sys=0.00, real=0.00 secs] 
62.747: [Full GC (Ergonomics) [PSYoungGen: 26044K->0K(38400K)] [ParOldGen: 456209K->56849K(466432K)] 482253K->56849K(504832K), [Metaspace: 2796K->2796K(1056768K)], 0.0054462 secs] [Times: user=0.00 sys=0.00, real=0.01 secs] 
63.415: [GC (Allocation Failure) [PSYoungGen: 17852K->6144K(38912K)] 177101K->165393K(505344K), 0.0009138 secs] [Times: user=0.00 sys=0.00, real=0.00 secs] 
64.506: [GC (Allocation Failure) [PSYoungGen: 23947K->1024K(38912K)] 377757K->355857K(505344K), 0.0007687 secs] [Times: user=0.00 sys=0.00, real=0.00 secs] 
64.834: [GC (Allocation Failure) [PSYoungGen: 16780K->10240K(38912K)] 371614K->365073K(505344K), 0.0011376 secs] [Times: user=0.00 sys=0.00, real=0.00 secs] 
65.926: [GC (Allocation Failure) [PSYoungGen: 25994K->0K(38912K)] 401307K->375313K(505344K), 0.0012433 secs] [Times: user=0.00 sys=0.00, real=0.00 secs] 
66.254: [GC (Allocation Failure) [PSYoungGen: 15756K->10240K(38912K)] 391069K->385553K(505344K), 0.0010781 secs] [Times: user=0.00 sys=0.00, real=0.00 secs] 
66.906: [GC (Allocation Failure) [PSYoungGen: 25993K->0K(38912K)] 442267K->421393K(505344K), 0.0011253 secs] [Times: user=0.00 sys=0.00, real=0.00 secs] 
66.907: [GC (Allocation Failure) [PSYoungGen: 0K->0K(38912K)] 421393K->421393K(505344K), 0.0008351 secs] [Times: user=0.00 sys=0.00, real=0.00 secs] 
66.908: [Full GC (Allocation Failure) [PSYoungGen: 0K->0K(38912K)] [ParOldGen: 421393K->26129K(466432K)] 421393K->26129K(505344K), [Metaspace: 2796K->2796K(1056768K)], 0.0031610 secs] [Times: user=0.00 sys=0.00, real=0.00 secs] 
67.672: [GC (Allocation Failure) [PSYoungGen: 17803K->10240K(38912K)] 197533K->189969K(505344K), 0.0009055 secs] [Times: user=0.00 sys=0.00, real=0.00 secs] 
68.758: [GC (Allocation Failure) [PSYoungGen: 28045K->1024K(38912K)] 402334K->380433K(505344K), 0.0011334 secs] [Times: user=0.00 sys=0.00, real=0.00 secs] 
69.083: [GC (Allocation Failure) [PSYoungGen: 16781K->5120K(38912K)] 396191K->384529K(505344K), 0.0009392 secs] [Times: user=0.00 sys=0.00, real=0.00 secs] 
69.851: [GC (Allocation Failure) [PSYoungGen: 10634K->0K(40448K)] 441244K->430609K(506880K), 0.0008472 secs] [Times: user=0.00 sys=0.00, real=0.00 secs] 
69.852: [GC (Allocation Failure) [PSYoungGen: 0K->0K(40448K)] 430609K->430609K(506880K), 0.0008582 secs] [Times: user=0.00 sys=0.00, real=0.00 secs] 
69.853: [Full GC (Allocation Failure) [PSYoungGen: 0K->0K(40448K)] [ParOldGen: 430609K->51729K(466432K)] 430609K->51729K(506880K), [Metaspace: 2796K->2796K(1056768K)], 0.0049233 secs] [Times: user=0.00 sys=0.00, real=0.00 secs] 
70.629: [GC (Allocation Failure) [PSYoungGen: 22983K->5120K(41984K)] 177113K->159249K(508416K), 0.0007167 secs] [Times: user=0.00 sys=0.00, real=0.00 secs] 
70.958: [GC (Allocation Failure) [PSYoungGen: 26098K->15360K(40960K)] 180227K->169489K(507392K), 0.0014065 secs] [Times: user=0.00 sys=0.00, real=0.00 secs] 
71.831: [GC (Allocation Failure) [PSYoungGen: 38383K->6144K(38912K)] 366592K->339473K(505344K), 0.0011145 secs] [Times: user=0.00 sys=0.00, real=0.00 secs] 
72.270: [GC (Allocation Failure) [PSYoungGen: 27060K->10240K(32768K)] 360390K->344593K(499200K), 0.0010943 secs] [Times: user=0.00 sys=0.00, real=0.00 secs] 
72.707: [GC (Allocation Failure) [PSYoungGen: 31154K->0K(39936K)] 437188K->411153K(506368K), 0.0011140 secs] [Times: user=0.00 sys=0.00, real=0.00 secs] 
72.708: [GC (Allocation Failure) [PSYoungGen: 0K->0K(39424K)] 411153K->411153K(505856K), 0.0008279 secs] [Times: user=0.00 sys=0.00, real=0.00 secs] 
72.709: [Full GC (Allocation Failure) [PSYoungGen: 0K->0K(39424K)] [ParOldGen: 411153K->165393K(466432K)] 411153K->165393K(505856K), [Metaspace: 2796K->2796K(1056768K)], 0.0125042 secs] [Times: user=0.01 sys=0.00, real=0.01 secs] 
73.812: [GC (Allocation Failure) [PSYoungGen: 17834K->10240K(38912K)] 285627K->288273K(505344K), 0.0016440 secs] [Times: user=0.00 sys=0.00, real=0.00 secs] 
74.577: [Full GC (Ergonomics) [PSYoungGen: 28065K->0K(38912K)] [ParOldGen: 452113K->16384K(466432K)] 480179K->16384K(505344K), [Metaspace: 2796K->2796K(1056768K)], 0.0026981 secs] [Times: user=0.00 sys=0.00, real=0.00 secs] 
75.015: [GC (Allocation Failure) [PSYoungGen: 20898K->5120K(39424K)] 37282K->21504K(505856K), 0.0007202 secs] [Times: user=0.00 sys=0.00, real=0.00 secs] 
75.233: [GC (Allocation Failure) [PSYoungGen: 20896K->10240K(39424K)] 37280K->26624K(505856K), 0.0012335 secs] [Times: user=0.00 sys=0.00, real=0.00 secs] 
75.995: [GC (Allocation Failure) [PSYoungGen: 28081K->15360K(37888K)] 218545K->205824K(504320K), 0.0015122 secs] [Times: user=0.00 sys=0.00, real=0.00 secs] 
76.432: [GC (Allocation Failure) [PSYoungGen: 36276K->10240K(38912K)] 226740K->210944K(505344K), 0.0018776 secs] [Times: user=0.00 sys=0.00, real=0.00 secs] 
77.413: [GC (Allocation Failure) [PSYoungGen: 25993K->0K(38912K)] 257418K->231424K(505344K), 0.0008268 secs] [Times: user=0.00 sys=0.00, real=0.00 secs] 
77.740: [GC (Allocation Failure) [PSYoungGen: 15755K->10240K(38912K)] 247179K->241664K(505344K), 0.0012616 secs] [Times: user=0.00 sys=0.00, real=0.00 secs] 
78.832: [GC (Allocation Failure) [PSYoungGen: 28041K->5120K(38912K)] 454025K->436224K(505344K), 0.0015547 secs] [Times: user=0.00 sys=0.00, real=0.00 secs] 
79.159: [GC (Allocation Failure) [PSYoungGen: 20875K->10240K(38912K)] 451979K->441344K(505344K), 0.0014066 secs] [Times: user=0.00 sys=0.00, real=0.00 secs] 
79.597: [Full GC (Ergonomics) [PSYoungGen: 20873K->0K(38912K)] [ParOldGen: 451584K->72209K(466432K)] 472457K->72209K(505344K), [Metaspace: 2796K->2796K(1056768K)], 0.0064257 secs] [Times: user=0.00 sys=0.00, real=0.01 secs] 
80.470: [GC (Allocation Failure) [PSYoungGen: 17803K->5120K(38912K)] 264093K->251409K(505344K), 0.0012047 secs] [Times: user=0.00 sys=0.00, real=0.00 secs] 
81.671: [GC (Allocation Failure) [PSYoungGen: 22924K->6144K(40448K)] 371614K->354833K(506880K), 0.0010188 secs] [Times: user=0.00 sys=0.00, real=0.00 secs] 
82.108: [GC (Allocation Failure) [PSYoungGen: 27062K->5120K(39424K)] 375752K->354833K(505856K), 0.0010070 secs] [Times: user=0.00 sys=0.00, real=0.00 secs] 
82.328: [GC (Allocation Failure) [PSYoungGen: 20916K->15360K(36352K)] 370629K->365073K(502784K), 0.0015295 secs] [Times: user=0.00 sys=0.00, real=0.00 secs] 
82.654: [GC (Allocation Failure) [PSYoungGen: 25992K->0K(38912K)] 447386K->426513K(505344K), 0.0009991 secs] [Times: user=0.00 sys=0.00, real=0.00 secs] 
82.655: [GC (Allocation Failure) [PSYoungGen: 0K->0K(38912K)] 426513K->426513K(505344K), 0.0010479 secs] [Times: user=0.00 sys=0.00, real=0.00 secs] 
82.656: [Full GC (Allocation Failure) [PSYoungGen: 0K->0K(38912K)] [ParOldGen: 426513K->57873K(466432K)] 426513K->57873K(505344K), [Metaspace: 2796K->2796K(1056768K)], 0.0057501 secs] [Times: user=0.00 sys=0.00, real=0.01 secs] 
83.323: [GC (Allocation Failure) [PSYoungGen: 17803K->6144K(38912K)] 178076K->166417K(505344K), 0.0009194 secs] [Times: user=0.00 sys=0.02, real=0.00 secs] 
84.413: [GC (Allocation Failure) [PSYoungGen: 23948K->1024K(40448K)] 378782K->356881K(506880K), 0.0010544 secs] [Times: user=0.00 sys=0.00, real=0.00 secs] 
85.180: [GC (Allocation Failure) [PSYoungGen: 16832K->10240K(39936K)] 372690K->366097K(506368K), 0.0011967 secs] [Times: user=0.00 sys=0.00, real=0.00 secs] 
85.510: [GC (Allocation Failure) [PSYoungGen: 20924K->10240K(38912K)] 448462K->437777K(505344K), 0.0012860 secs] [Times: user=0.00 sys=0.00, real=0.00 secs] 
85.512: [GC (Allocation Failure) [PSYoungGen: 10240K->0K(39424K)] 437777K->437777K(505856K), 0.0012126 secs] [Times: user=0.00 sys=0.00, real=0.00 secs] 
85.513: [Full GC (Allocation Failure) [PSYoungGen: 0K->0K(39424K)] [ParOldGen: 437777K->61969K(466432K)] 437777K->61969K(505856K), [Metaspace: 2796K->2796K(1056768K)], 0.0058100 secs] [Times: user=0.00 sys=0.00, real=0.01 secs] 
86.181: [GC (Allocation Failure) [PSYoungGen: 17822K->10240K(38400K)] 182191K->174609K(504832K), 0.0011024 secs] [Times: user=0.00 sys=0.00, real=0.00 secs] 
87.277: [GC (Allocation Failure) [PSYoungGen: 28044K->1024K(38912K)] 386973K->365073K(505344K), 0.0008426 secs] [Times: user=0.00 sys=0.00, real=0.00 secs] 
87.602: [GC (Allocation Failure) [PSYoungGen: 16781K->10240K(38400K)] 380830K->374289K(504832K), 0.0009075 secs] [Times: user=0.00 sys=0.00, real=0.00 secs] 
88.911: [Full GC (Ergonomics) [PSYoungGen: 25994K->0K(38400K)] [ParOldGen: 456209K->51729K(466432K)] 482204K->51729K(504832K), [Metaspace: 2796K->2796K(1056768K)], 0.0050374 secs] [Times: user=0.00 sys=0.00, real=0.00 secs] 
89.240: [GC (Allocation Failure) [PSYoungGen: 15756K->10240K(38912K)] 67485K->61969K(505344K), 0.0009520 secs] [Times: user=0.00 sys=0.00, real=0.00 secs] 
90.112: [GC (Allocation Failure) [PSYoungGen: 28041K->1024K(38912K)] 264091K->242193K(505344K), 0.0008505 secs] [Times: user=0.00 sys=0.00, real=0.00 secs] 
90.440: [GC (Allocation Failure) [PSYoungGen: 16779K->5120K(38912K)] 257949K->246289K(505344K), 0.0007305 secs] [Times: user=0.00 sys=0.00, real=0.00 secs] 
91.539: [GC (Allocation Failure) [PSYoungGen: 22921K->7168K(40960K)] 458651K->442897K(507392K), 0.0012053 secs] [Times: user=0.00 sys=0.00, real=0.00 secs] 
91.973: [GC (Allocation Failure) [PSYoungGen: 28104K->5120K(39936K)] 463834K->446993K(506368K), 0.0013684 secs] [Times: user=0.00 sys=0.00, real=0.00 secs] 
91.975: [Full GC (Ergonomics) [PSYoungGen: 5120K->0K(39936K)] [ParOldGen: 441873K->119313K(466432K)] 446993K->119313K(506368K), [Metaspace: 2796K->2796K(1056768K)], 0.0093922 secs] [Times: user=0.02 sys=0.00, real=0.01 secs] 
93.189: [GC (Allocation Failure) [PSYoungGen: 22982K->6144K(42496K)] 142295K->125457K(508928K), 0.0008242 secs] [Times: user=0.00 sys=0.00, real=0.00 secs] 
93.627: [GC (Allocation Failure) [PSYoungGen: 27148K->5120K(41984K)] 146461K->125457K(508416K), 0.0008116 secs] [Times: user=0.00 sys=0.00, real=0.00 secs] 
94.390: [GC (Allocation Failure) [PSYoungGen: 28170K->11264K(41472K)] 322587K->305681K(507904K), 0.0021141 secs] [Times: user=0.00 sys=0.00, real=0.00 secs] 
94.937: [GC (Allocation Failure) [PSYoungGen: 37400K->10240K(37888K)] 331817K->314897K(504320K), 0.0019565 secs] [Times: user=0.00 sys=0.00, real=0.00 secs] 
95.482: [GC (Allocation Failure) [PSYoungGen: 36374K->10240K(40960K)] 412712K->391697K(507392K), 0.0015214 secs] [Times: user=0.02 sys=0.00, real=0.00 secs] 
95.484: [GC (Allocation Failure) [PSYoungGen: 10240K->0K(25600K)] 391697K->391697K(492032K), 0.0011074 secs] [Times: user=0.00 sys=0.00, real=0.00 secs] 
95.485: [Full GC (Allocation Failure) [PSYoungGen: 0K->0K(25600K)] [ParOldGen: 391697K->78353K(466432K)] 391697K->78353K(492032K), [Metaspace: 2796K->2796K(1056768K)], 0.0070649 secs] [Times: user=0.00 sys=0.00, real=0.01 secs] 
97.244: [GC (Allocation Failure) [PSYoungGen: 25072K->1024K(40960K)] 379906K->355857K(507392K), 0.0006684 secs] [Times: user=0.00 sys=0.00, real=0.00 secs] 
97.680: [GC (Allocation Failure) [PSYoungGen: 21982K->10240K(34816K)] 376815K->365073K(501248K), 0.0010055 secs] [Times: user=0.00 sys=0.00, real=0.00 secs] 
98.007: [GC (Allocation Failure) [PSYoungGen: 31195K->10240K(40448K)] 386029K->370193K(506880K), 0.0014084 secs] [Times: user=0.00 sys=0.00, real=0.00 secs] 
98.334: [GC (Allocation Failure) [PSYoungGen: 20933K->0K(23552K)] 452567K->431633K(489984K), 0.0009918 secs] [Times: user=0.00 sys=0.00, real=0.00 secs] 
98.335: [GC (Allocation Failure) [PSYoungGen: 0K->0K(40448K)] 431633K->431633K(506880K), 0.0006011 secs] [Times: user=0.00 sys=0.00, real=0.00 secs] 
98.335: [Full GC (Allocation Failure) [PSYoungGen: 0K->0K(40448K)] [ParOldGen: 431633K->77329K(466432K)] 431633K->77329K(506880K), [Metaspace: 2796K->2796K(1056768K)], 0.0065590 secs] [Times: user=0.00 sys=0.00, real=0.01 secs] 
99.004: [GC (Allocation Failure) [PSYoungGen: 17851K->5120K(39936K)] 197580K->184849K(506368K), 0.0007939 secs] [Times: user=0.00 sys=0.00, real=0.00 secs] 
99.331: [GC (Allocation Failure) [PSYoungGen: 20926K->10240K(39424K)] 200655K->189969K(505856K), 0.0011920 secs] [Times: user=0.00 sys=0.00, real=0.00 secs] 
100.424: [GC (Allocation Failure) [PSYoungGen: 31173K->0K(40448K)] 384982K->353809K(506880K), 0.0008030 secs] [Times: user=0.00 sys=0.00, real=0.00 secs] 
100.754: [GC (Allocation Failure) [PSYoungGen: 15815K->10240K(38912K)] 369625K->364049K(505344K), 0.0011659 secs] [Times: user=0.00 sys=0.00, real=0.00 secs] 
101.192: [GC (Allocation Failure) [PSYoungGen: 31152K->0K(39936K)] 456642K->430609K(506368K), 0.0008765 secs] [Times: user=0.00 sys=0.00, real=0.00 secs] 
101.193: [GC (Allocation Failure) [PSYoungGen: 0K->0K(40448K)] 430609K->430609K(506880K), 0.0009286 secs] [Times: user=0.00 sys=0.00, real=0.00 secs] 
101.194: [Full GC (Allocation Failure) [PSYoungGen: 0K->0K(40448K)] [ParOldGen: 430609K->56849K(466432K)] 430609K->56849K(506880K), [Metaspace: 2796K->2796K(1056768K)], 0.0052172 secs] [Times: user=0.00 sys=0.00, real=0.00 secs] 
101.974: [GC (Allocation Failure) [PSYoungGen: 22983K->6144K(40448K)] 182233K->165393K(506880K), 0.0008550 secs] [Times: user=0.00 sys=0.00, real=0.00 secs] 
102.304: [GC (Allocation Failure) [PSYoungGen: 27081K->15360K(36352K)] 186330K->175633K(502784K), 0.0015241 secs] [Times: user=0.00 sys=0.00, real=0.00 secs] 
103.069: [GC (Allocation Failure) [PSYoungGen: 33162K->6144K(38912K)] 367515K->345617K(505344K), 0.0012219 secs] [Times: user=0.00 sys=0.00, real=0.00 secs] 
103.396: [GC (Allocation Failure) [PSYoungGen: 21900K->5120K(40960K)] 361373K->345617K(507392K), 0.0012730 secs] [Times: user=0.00 sys=0.00, real=0.00 secs] 
104.379: [GC (Allocation Failure) [PSYoungGen: 27078K->1024K(39936K)] 367575K->341521K(506368K), 0.0009754 secs] [Times: user=0.00 sys=0.00, real=0.00 secs] 
104.815: [GC (Allocation Failure) [PSYoungGen: 21957K->10240K(39936K)] 362454K->350737K(506368K), 0.0012154 secs] [Times: user=0.00 sys=0.00, real=0.00 secs] 
105.144: [GC (Allocation Failure) [PSYoungGen: 31172K->10240K(33792K)] 371670K->355857K(500224K), 0.0015433 secs] [Times: user=0.00 sys=0.00, real=0.00 secs] 
105.472: [GC (Allocation Failure) [PSYoungGen: 20931K->10240K(38912K)] 438229K->427537K(505344K), 0.0013581 secs] [Times: user=0.00 sys=0.00, real=0.00 secs] 
105.474: [GC (Allocation Failure) [PSYoungGen: 10240K->0K(39424K)] 427537K->427537K(505856K), 0.0015630 secs] [Times: user=0.00 sys=0.00, real=0.00 secs] 
105.475: [Full GC (Allocation Failure) [PSYoungGen: 0K->0K(39424K)] [ParOldGen: 427537K->67089K(466432K)] 427537K->67089K(505856K), [Metaspace: 2796K->2796K(1056768K)], 0.0058533 secs] [Times: user=0.00 sys=0.00, real=0.01 secs] 
106.142: [GC (Allocation Failure) [PSYoungGen: 17819K->10240K(39424K)] 187309K->179729K(505856K), 0.0009561 secs] [Times: user=0.00 sys=0.00, real=0.00 secs] 
106.470: [GC (Allocation Failure) [PSYoungGen: 26014K->5120K(39424K)] 195504K->179729K(505856K), 0.0010749 secs] [Times: user=0.00 sys=0.00, real=0.00 secs] 
107.018: [GC (Allocation Failure) [PSYoungGen: 26012K->0K(40448K)] 374702K->348689K(506880K), 0.0008205 secs] [Times: user=0.00 sys=0.00, real=0.00 secs] 
108.327: [GC (Allocation Failure) [PSYoungGen: 17863K->0K(40448K)] 438233K->420369K(506880K), 0.0008542 secs] [Times: user=0.00 sys=0.00, real=0.00 secs] 
108.328: [GC (Allocation Failure) [PSYoungGen: 0K->0K(40960K)] 420369K->420369K(507392K), 0.0007994 secs] [Times: user=0.00 sys=0.00, real=0.00 secs] 
108.329: [Full GC (Allocation Failure) [PSYoungGen: 0K->0K(40960K)] [ParOldGen: 420369K->51729K(466432K)] 420369K->51729K(507392K), [Metaspace: 2796K->2796K(1056768K)], 0.0052175 secs] [Times: user=0.00 sys=0.00, real=0.00 secs] 
109.108: [GC (Allocation Failure) [PSYoungGen: 22995K->10240K(34304K)] 177125K->164369K(500736K), 0.0009005 secs] [Times: user=0.00 sys=0.00, real=0.00 secs] 
109.435: [GC (Allocation Failure) [PSYoungGen: 31188K->10240K(38912K)] 185318K->169489K(505344K), 0.0013601 secs] [Times: user=0.00 sys=0.00, real=0.00 secs] 
110.200: [GC (Allocation Failure) [PSYoungGen: 28063K->5120K(39424K)] 361392K->338449K(505856K), 0.0009447 secs] [Times: user=0.00 sys=0.00, real=0.00 secs] 
110.638: [GC (Allocation Failure) [PSYoungGen: 26016K->10240K(39424K)] 359346K->343569K(505856K), 0.0011175 secs] [Times: user=0.00 sys=0.00, real=0.00 secs] 
110.858: [GC (Allocation Failure) [PSYoungGen: 26035K->10240K(32768K)] 359364K->348689K(499200K), 0.0014650 secs] [Times: user=0.00 sys=0.00, real=0.00 secs] 
111.185: [GC (Allocation Failure) [PSYoungGen: 20912K->0K(39424K)] 431042K->410129K(505856K), 0.0007787 secs] [Times: user=0.00 sys=0.00, real=0.00 secs] 
111.185: [GC (Allocation Failure) [PSYoungGen: 0K->0K(39424K)] 410129K->410129K(505856K), 0.0008402 secs] [Times: user=0.00 sys=0.00, real=0.00 secs] 
111.186: [Full GC (Allocation Failure) [PSYoungGen: 0K->0K(39424K)] [ParOldGen: 410129K->215569K(466432K)] 410129K->215569K(505856K), [Metaspace: 2796K->2796K(1056768K)], 0.0115498 secs] [Times: user=0.00 sys=0.00, real=0.01 secs] 
112.184: [GC (Allocation Failure) [PSYoungGen: 11676K->10240K(38912K)] 329646K->328209K(505344K), 0.0008993 secs] [Times: user=0.00 sys=0.00, real=0.00 secs] 
112.621: [GC (Allocation Failure) [PSYoungGen: 31135K->0K(39424K)] 420784K->394769K(505856K), 0.0011505 secs] [Times: user=0.00 sys=0.00, real=0.00 secs] 
112.622: [GC (Allocation Failure) [PSYoungGen: 0K->0K(39936K)] 394769K->394769K(506368K), 0.0007820 secs] [Times: user=0.00 sys=0.00, real=0.00 secs] 
112.623: [Full GC (Allocation Failure) [PSYoungGen: 0K->0K(39936K)] [ParOldGen: 394769K->56849K(466432K)] 394769K->56849K(506368K), [Metaspace: 2796K->2796K(1056768K)], 0.0049122 secs] [Times: user=0.02 sys=0.00, real=0.00 secs] 
113.292: [GC (Allocation Failure) [PSYoungGen: 17835K->6144K(39424K)] 177084K->165393K(505856K), 0.0009459 secs] [Times: user=0.00 sys=0.00, real=0.00 secs] 
113.621: [GC (Allocation Failure) [PSYoungGen: 21932K->5120K(41984K)] 181181K->165393K(508416K), 0.0007603 secs] [Times: user=0.00 sys=0.00, real=0.00 secs] 
114.384: [GC (Allocation Failure) [PSYoungGen: 28133K->11264K(40448K)] 362486K->345617K(506880K), 0.0011725 secs] [Times: user=0.00 sys=0.00, real=0.00 secs] 
114.821: [GC (Allocation Failure) [PSYoungGen: 32231K->10240K(39424K)] 366585K->354833K(505856K), 0.0016149 secs] [Times: user=0.00 sys=0.00, real=0.00 secs] 
115.148: [GC (Allocation Failure) [PSYoungGen: 31154K->10240K(32768K)] 375747K->359953K(499200K), 0.0015342 secs] [Times: user=0.00 sys=0.00, real=0.00 secs] 
116.023: [GC (Allocation Failure) [PSYoungGen: 31153K->10240K(39424K)] 380866K->359953K(505856K), 0.0009929 secs] [Times: user=0.00 sys=0.00, real=0.00 secs] 
116.462: [GC (Allocation Failure) [PSYoungGen: 31132K->5120K(39424K)] 380846K->359953K(505856K), 0.0013489 secs] [Times: user=0.00 sys=0.00, real=0.00 secs] 
116.902: [GC (Allocation Failure) [PSYoungGen: 26012K->0K(39936K)] 452525K->426513K(506368K), 0.0012483 secs] [Times: user=0.00 sys=0.00, real=0.00 secs] 
116.903: [GC (Allocation Failure) [PSYoungGen: 0K->0K(39936K)] 426513K->426513K(506368K), 0.0011660 secs] [Times: user=0.00 sys=0.00, real=0.00 secs] 
116.904: [Full GC (Allocation Failure) [PSYoungGen: 0K->0K(39936K)] [ParOldGen: 426513K->77329K(466432K)] 426513K->77329K(506368K), [Metaspace: 2796K->2796K(1056768K)], 0.0068229 secs] [Times: user=0.00 sys=0.00, real=0.01 secs] 
117.573: [GC (Allocation Failure) [PSYoungGen: 17843K->10240K(38400K)] 197572K->189969K(504832K), 0.0011906 secs] [Times: user=0.00 sys=0.00, real=0.00 secs] 
117.899: [GC (Allocation Failure) [PSYoungGen: 26016K->5120K(39424K)] 205746K->189969K(505856K), 0.0010005 secs] [Times: user=0.00 sys=0.00, real=0.00 secs] 
118.444: [GC (Allocation Failure) [PSYoungGen: 26013K->0K(40960K)] 384943K->358929K(507392K), 0.0008778 secs] [Times: user=0.00 sys=0.00, real=0.00 secs] 
119.754: [GC (Allocation Failure) [PSYoungGen: 23004K->0K(40960K)] 433134K->410129K(507392K), 0.0009114 secs] [Times: user=0.00 sys=0.00, real=0.00 secs] 
119.755: [GC (Allocation Failure) [PSYoungGen: 0K->0K(41472K)] 410129K->410129K(507904K), 0.0008470 secs] [Times: user=0.00 sys=0.00, real=0.00 secs] 
119.756: [Full GC (Allocation Failure) [PSYoungGen: 0K->0K(41472K)] [ParOldGen: 410129K->51729K(466432K)] 410129K->51729K(507904K), [Metaspace: 2796K->2796K(1056768K)], 0.0047668 secs] [Times: user=0.00 sys=0.00, real=0.01 secs] 
120.539: [GC (Allocation Failure) [PSYoungGen: 23016K->5120K(40960K)] 177146K->159249K(507392K), 0.0007497 secs] [Times: user=0.00 sys=0.00, real=0.00 secs] 
120.869: [GC (Allocation Failure) [PSYoungGen: 26089K->5120K(43008K)] 180219K->169489K(509440K), 0.0017025 secs] [Times: user=0.00 sys=0.00, real=0.00 secs] 
121.748: [GC (Allocation Failure) [PSYoungGen: 28195K->6144K(42496K)] 366644K->349713K(508928K), 0.0011361 secs] [Times: user=0.02 sys=0.00, real=0.00 secs] 
122.183: [GC (Allocation Failure) [PSYoungGen: 27173K->10240K(41472K)] 370742K->354833K(507904K), 0.0011862 secs] [Times: user=0.00 sys=0.00, real=0.00 secs] 
122.623: [GC (Allocation Failure) [PSYoungGen: 31255K->0K(42496K)] 447528K->421393K(508928K), 0.0010687 secs] [Times: user=0.00 sys=0.00, real=0.00 secs] 
122.624: [GC (Allocation Failure) [PSYoungGen: 0K->0K(43008K)] 421393K->421393K(509440K), 0.0008960 secs] [Times: user=0.00 sys=0.00, real=0.00 secs] 
122.625: [Full GC (Allocation Failure) [PSYoungGen: 0K->0K(43008K)] [ParOldGen: 421393K->165393K(466432K)] 421393K->165393K(509440K), [Metaspace: 2796K->2796K(1056768K)], 0.0136420 secs] [Times: user=0.03 sys=0.00, real=0.01 secs] 
123.732: [GC (Allocation Failure) [PSYoungGen: 17956K->10240K(38400K)] 285749K->288273K(504832K), 0.0013644 secs] [Times: user=0.00 sys=0.00, real=0.00 secs] 
124.608: [Full GC (Ergonomics) [PSYoungGen: 33317K->0K(38400K)] [ParOldGen: 452113K->21009K(466432K)] 485431K->21009K(504832K), [Metaspace: 2796K->2796K(1056768K)], 0.0029687 secs] [Times: user=0.00 sys=0.00, real=0.00 secs] 
125.043: [GC (Allocation Failure) [PSYoungGen: 21030K->5120K(42496K)] 42040K->26129K(508928K), 0.0008709 secs] [Times: user=0.00 sys=0.00, real=0.00 secs] 
125.808: [GC (Allocation Failure) [PSYoungGen: 28164K->11264K(37888K)] 223253K->206353K(504320K), 0.0012448 secs] [Times: user=0.00 sys=0.00, real=0.00 secs] 
126.246: [GC (Allocation Failure) [PSYoungGen: 32262K->10240K(39936K)] 227351K->215569K(506368K), 0.0018058 secs] [Times: user=0.00 sys=0.00, real=0.00 secs] 
126.572: [GC (Allocation Failure) [PSYoungGen: 31174K->10240K(33792K)] 236504K->220689K(500224K), 0.0016611 secs] [Times: user=0.00 sys=0.00, real=0.00 secs] 
127.557: [GC (Allocation Failure) [PSYoungGen: 31173K->10240K(39936K)] 262102K->241169K(506368K), 0.0009607 secs] [Times: user=0.00 sys=0.00, real=0.00 secs] 
127.882: [GC (Allocation Failure) [PSYoungGen: 26035K->5120K(39936K)] 256965K->241169K(506368K), 0.0010709 secs] [Times: user=0.00 sys=0.00, real=0.00 secs] 
128.538: [GC (Allocation Failure) [PSYoungGen: 27057K->1024K(40448K)] 437186K->411153K(506880K), 0.0008279 secs] [Times: user=0.00 sys=0.00, real=0.00 secs] 
129.087: [GC (Allocation Failure) [PSYoungGen: 22983K->10240K(33792K)] 433113K->420369K(500224K), 0.0009410 secs] [Times: user=0.00 sys=0.00, real=0.00 secs] 
129.413: [GC (Allocation Failure) [PSYoungGen: 31174K->10240K(39936K)] 441303K->425489K(506368K), 0.0014369 secs] [Times: user=0.00 sys=0.00, real=0.00 secs] 
129.628: [GC (Allocation Failure) [PSYoungGen: 20912K->0K(39936K)] 456642K->435729K(506368K), 0.0009065 secs] [Times: user=0.00 sys=0.00, real=0.00 secs] 
129.629: [GC (Allocation Failure) [PSYoungGen: 0K->0K(39936K)] 435729K->435729K(506368K), 0.0012568 secs] [Times: user=0.00 sys=0.00, real=0.00 secs] 
129.630: [Full GC (Allocation Failure) [PSYoungGen: 0K->0K(39936K)] [ParOldGen: 435729K->82449K(466432K)] 435729K->82449K(506368K), [Metaspace: 2796K->2796K(1056768K)], 0.0068824 secs] [Times: user=0.00 sys=0.00, real=0.01 secs] 
130.407: [GC (Allocation Failure) [PSYoungGen: 17841K->5120K(39936K)] 253890K->241169K(506368K), 0.0009527 secs] [Times: user=0.00 sys=0.00, real=0.00 secs] 
131.607: [GC (Allocation Failure) [PSYoungGen: 22963K->6144K(41984K)] 361413K->344593K(508416K), 0.0011105 secs] [Times: user=0.00 sys=0.00, real=0.00 secs] 
132.043: [GC (Allocation Failure) [PSYoungGen: 27122K->5120K(40960K)] 365571K->344593K(507392K), 0.0010216 secs] [Times: user=0.00 sys=0.00, real=0.00 secs] 
132.262: [GC (Allocation Failure) [PSYoungGen: 20975K->10240K(40960K)] 360448K->354833K(507392K), 0.0014327 secs] [Times: user=0.00 sys=0.00, real=0.00 secs] 
132.590: [GC (Allocation Failure) [PSYoungGen: 20992K->0K(41984K)] 437265K->416273K(508416K), 0.0009142 secs] [Times: user=0.00 sys=0.00, real=0.00 secs] 
132.591: [GC (Allocation Failure) [PSYoungGen: 0K->0K(41984K)] 416273K->416273K(508416K), 0.0010936 secs] [Times: user=0.00 sys=0.00, real=0.00 secs] 
132.592: [Full GC (Allocation Failure) [PSYoungGen: 0K->0K(41984K)] [ParOldGen: 416273K->57873K(466432K)] 416273K->57873K(508416K), [Metaspace: 2796K->2796K(1056768K)], 0.0051639 secs] [Times: user=0.00 sys=0.00, real=0.00 secs] 
133.368: [GC (Allocation Failure) [PSYoungGen: 23040K->6144K(41984K)] 183313K->166417K(508416K), 0.0008734 secs] [Times: user=0.00 sys=0.00, real=0.00 secs] 
133.697: [GC (Allocation Failure) [PSYoungGen: 27139K->10240K(40448K)] 187413K->181777K(506880K), 0.0016950 secs] [Times: user=0.00 sys=0.00, real=0.00 secs] 
135.008: [GC (Allocation Failure) [PSYoungGen: 28141K->5120K(41472K)] 373758K->350737K(507904K), 0.0007727 secs] [Times: user=0.00 sys=0.00, real=0.00 secs] 
135.442: [GC (Allocation Failure) [PSYoungGen: 26096K->10240K(41472K)] 443393K->427537K(507904K), 0.0012820 secs] [Times: user=0.00 sys=0.00, real=0.00 secs] 
135.444: [GC (Allocation Failure) [PSYoungGen: 10240K->0K(41984K)] 427537K->427537K(508416K), 0.0012226 secs] [Times: user=0.00 sys=0.00, real=0.00 secs] 
135.445: [Full GC (Allocation Failure) [PSYoungGen: 0K->0K(41984K)] [ParOldGen: 427537K->61969K(466432K)] 427537K->61969K(508416K), [Metaspace: 2796K->2796K(1056768K)], 0.0058896 secs] [Times: user=0.00 sys=0.00, real=0.01 secs] 
136.222: [GC (Allocation Failure) [PSYoungGen: 23046K->10240K(39936K)] 187416K->174609K(506368K), 0.0011984 secs] [Times: user=0.00 sys=0.00, real=0.00 secs] 
136.548: [GC (Allocation Failure) [PSYoungGen: 31199K->10240K(34816K)] 195568K->179729K(501248K), 0.0016164 secs] [Times: user=0.00 sys=0.00, real=0.00 secs] 
137.420: [GC (Allocation Failure) [PSYoungGen: 33244K->5120K(41472K)] 376813K->348689K(507904K), 0.0009361 secs] [Times: user=0.00 sys=0.00, real=0.00 secs] 
137.855: [GC (Allocation Failure) [PSYoungGen: 26077K->10240K(40448K)] 369647K->353809K(506880K), 0.0012119 secs] [Times: user=0.00 sys=0.00, real=0.00 secs] 
138.840: [GC (Allocation Failure) [PSYoungGen: 31195K->0K(40960K)] 446444K->415249K(507392K), 0.0008733 secs] [Times: user=0.00 sys=0.00, real=0.00 secs] 
139.276: [GC (Allocation Failure) [PSYoungGen: 20957K->10240K(34816K)] 436206K->425489K(501248K), 0.0011575 secs] [Times: user=0.00 sys=0.00, real=0.00 secs] 
139.605: [GC (Allocation Failure) [PSYoungGen: 31194K->0K(40448K)] 466924K->440849K(506880K), 0.0011099 secs] [Times: user=0.00 sys=0.00, real=0.00 secs] 
139.606: [Full GC (Ergonomics) [PSYoungGen: 0K->0K(40448K)] [ParOldGen: 440849K->26129K(466432K)] 440849K->26129K(506880K), [Metaspace: 2796K->2796K(1056768K)], 0.0034420 secs] [Times: user=0.00 sys=0.00, real=0.00 secs] 
140.471: [GC (Allocation Failure) [PSYoungGen: 22984K->5120K(40448K)] 202714K->184849K(506880K), 0.0007878 secs] [Times: user=0.00 sys=0.00, real=0.00 secs] 
140.800: [GC (Allocation Failure) [PSYoungGen: 26058K->15360K(36352K)] 205787K->195089K(502784K), 0.0013374 secs] [Times: user=0.00 sys=0.00, real=0.00 secs] 
141.565: [GC (Allocation Failure) [PSYoungGen: 33162K->6144K(38912K)] 386972K->365073K(505344K), 0.0010718 secs] [Times: user=0.00 sys=0.00, real=0.00 secs] 
141.890: [GC (Allocation Failure) [PSYoungGen: 21900K->5120K(40960K)] 380829K->365073K(507392K), 0.0010666 secs] [Times: user=0.00 sys=0.00, real=0.00 secs] 
143.095: [GC (Allocation Failure) [PSYoungGen: 28102K->6144K(39936K)] 388056K->366097K(506368K), 0.0008748 secs] [Times: user=0.00 sys=0.00, real=0.00 secs] 
143.530: [GC (Allocation Failure) [PSYoungGen: 27077K->5120K(42496K)] 387031K->366097K(508928K), 0.0009079 secs] [Times: user=0.00 sys=0.00, real=0.00 secs] 
143.967: [GC (Allocation Failure) [PSYoungGen: 26123K->10240K(41984K)] 458780K->442897K(508416K), 0.0012265 secs] [Times: user=0.00 sys=0.00, real=0.00 secs] 
143.968: [GC (Allocation Failure) [PSYoungGen: 10240K->0K(40960K)] 442897K->442897K(507392K), 0.0011307 secs] [Times: user=0.00 sys=0.00, real=0.00 secs] 
143.969: [Full GC (Allocation Failure) [PSYoungGen: 0K->0K(40960K)] [ParOldGen: 442897K->62993K(466432K)] 442897K->62993K(507392K), [Metaspace: 2796K->2796K(1056768K)], 0.0057802 secs] [Times: user=0.00 sys=0.00, real=0.01 secs] 
144.747: [GC (Allocation Failure) [PSYoungGen: 23024K->10240K(35840K)] 188417K->175633K(502272K), 0.0009407 secs] [Times: user=0.00 sys=0.00, real=0.00 secs] 
145.072: [GC (Allocation Failure) [PSYoungGen: 31218K->10240K(40960K)] 196611K->180753K(507392K), 0.0014328 secs] [Times: user=0.00 sys=0.00, real=0.00 secs] 
146.490: [GC (Allocation Failure) [PSYoungGen: 33243K->5120K(40960K)] 377836K->349713K(507392K), 0.0010015 secs] [Times: user=0.00 sys=0.00, real=0.00 secs] 
146.819: [GC (Allocation Failure) [PSYoungGen: 15837K->0K(41472K)] 432110K->416273K(507904K), 0.0007653 secs] [Times: user=0.00 sys=0.00, real=0.00 secs] 
146.820: [GC (Allocation Failure) [PSYoungGen: 0K->0K(41472K)] 416273K->416273K(507904K), 0.0009895 secs] [Times: user=0.00 sys=0.00, real=0.00 secs] 
146.821: [Full GC (Allocation Failure) [PSYoungGen: 0K->0K(41472K)] [ParOldGen: 416273K->72209K(466432K)] 416273K->72209K(507904K), [Metaspace: 2796K->2796K(1056768K)], 0.0061220 secs] [Times: user=0.00 sys=0.00, real=0.01 secs] 
147.597: [GC (Allocation Failure) [PSYoungGen: 23025K->10240K(39424K)] 197634K->184849K(505856K), 0.0010176 secs] [Times: user=0.00 sys=0.00, real=0.00 secs] 
147.923: [GC (Allocation Failure) [PSYoungGen: 31178K->10240K(33792K)] 205787K->189969K(500224K), 0.0013883 secs] [Times: user=0.00 sys=0.00, real=0.00 secs] 
148.802: [GC (Allocation Failure) [PSYoungGen: 33223K->5120K(40960K)] 387033K->358929K(507392K), 0.0011355 secs] [Times: user=0.00 sys=0.00, real=0.00 secs] 
149.241: [GC (Allocation Failure) [PSYoungGen: 26057K->10240K(39936K)] 379866K->364049K(506368K), 0.0010396 secs] [Times: user=0.00 sys=0.00, real=0.00 secs] 
149.680: [GC (Allocation Failure) [PSYoungGen: 31175K->0K(40448K)] 456664K->430609K(506880K), 0.0011651 secs] [Times: user=0.00 sys=0.00, real=0.00 secs] 
149.681: [GC (Allocation Failure) [PSYoungGen: 0K->0K(40448K)] 430609K->430609K(506880K), 0.0008373 secs] [Times: user=0.00 sys=0.00, real=0.00 secs] 
149.682: [Full GC (Allocation Failure) [PSYoungGen: 0K->0K(40448K)] [ParOldGen: 430609K->133649K(466432K)] 430609K->133649K(506880K), [Metaspace: 2796K->2796K(1056768K)], 0.0088620 secs] [Times: user=0.00 sys=0.00, real=0.01 secs] 
150.677: [GC (Allocation Failure) [PSYoungGen: 15817K->10240K(39424K)] 251866K->246289K(505856K), 0.0010945 secs] [Times: user=0.00 sys=0.00, real=0.00 secs] 
151.331: [GC (Allocation Failure) [PSYoungGen: 32182K->2048K(39936K)] 442311K->417297K(506368K), 0.0011765 secs] [Times: user=0.00 sys=0.00, real=0.00 secs] 
151.876: [GC (Allocation Failure) [PSYoungGen: 23990K->5120K(41472K)] 439240K->421393K(507904K), 0.0009265 secs] [Times: user=0.00 sys=0.00, real=0.00 secs] 
152.204: [GC (Allocation Failure) [PSYoungGen: 26076K->15360K(39936K)] 442350K->431633K(506368K), 0.0015697 secs] [Times: user=0.00 sys=0.00, real=0.00 secs] 
152.422: [GC (Allocation Failure) [PSYoungGen: 26074K->0K(37888K)] 462828K->441873K(504320K), 0.0009453 secs] [Times: user=0.00 sys=0.00, real=0.00 secs] 
152.423: [Full GC (Ergonomics) [PSYoungGen: 0K->0K(37888K)] [ParOldGen: 441873K->32273K(466432K)] 441873K->32273K(504320K), [Metaspace: 2796K->2796K(1056768K)], 0.0040472 secs] [Times: user=0.00 sys=0.00, real=0.01 secs] 
153.191: [GC (Allocation Failure) [PSYoungGen: 17801K->6144K(38912K)] 203675K->192017K(505344K), 0.0007577 secs] [Times: user=0.00 sys=0.00, real=0.00 secs] 
154.283: [GC (Allocation Failure) [PSYoungGen: 22923K->1024K(40448K)] 219037K->197137K(506880K), 0.0004892 secs] [Times: user=0.00 sys=0.00, real=0.00 secs] 
154.720: [GC (Allocation Failure) [PSYoungGen: 21962K->10240K(33792K)] 218075K->206353K(500224K), 0.0011380 secs] [Times: user=0.00 sys=0.00, real=0.00 secs] 
155.048: [GC (Allocation Failure) [PSYoungGen: 31175K->10240K(38912K)] 227289K->211473K(505344K), 0.0014854 secs] [Times: user=0.00 sys=0.00, real=0.00 secs] 
155.811: [GC (Allocation Failure) [PSYoungGen: 28061K->15360K(36864K)] 403375K->390673K(503296K), 0.0014731 secs] [Times: user=0.00 sys=0.00, real=0.00 secs] 
156.250: [GC (Allocation Failure) [PSYoungGen: 36255K->10240K(38912K)] 411569K->395793K(505344K), 0.0016871 secs] [Times: user=0.00 sys=0.00, real=0.00 secs] 
156.688: [GC (Allocation Failure) [PSYoungGen: 25994K->0K(38912K)] 442267K->421393K(505344K), 0.0009520 secs] [Times: user=0.00 sys=0.00, real=0.00 secs] 
156.689: [GC (Allocation Failure) [PSYoungGen: 0K->0K(38912K)] 421393K->421393K(505344K), 0.0009320 secs] [Times: user=0.00 sys=0.00, real=0.00 secs] 
156.690: [Full GC (Allocation Failure) [PSYoungGen: 0K->0K(38912K)] [ParOldGen: 421393K->41489K(466432K)] 421393K->41489K(505344K), [Metaspace: 2796K->2796K(1056768K)], 0.0042130 secs] [Times: user=0.00 sys=0.00, real=0.00 secs] 
158.540: [GC (Allocation Failure) [PSYoungGen: 19852K->1024K(38912K)] 389021K->370193K(505344K), 0.0007349 secs] [Times: user=0.00 sys=0.00, real=0.00 secs] 
158.867: [GC (Allocation Failure) [PSYoungGen: 16781K->5120K(39424K)] 385950K->374289K(505856K), 0.0007358 secs] [Times: user=0.00 sys=0.00, real=0.00 secs] 
159.632: [Full GC (Ergonomics) [PSYoungGen: 20884K->0K(39424K)] [ParOldGen: 461329K->108049K(466432K)] 482214K->108049K(505856K), [Metaspace: 2796K->2796K(1056768K)], 0.0081148 secs] [Times: user=0.00 sys=0.00, real=0.01 secs] 
160.303: [GC (Allocation Failure) [PSYoungGen: 17814K->5120K(38912K)] 228263K->215569K(505344K), 0.0008263 secs] [Times: user=0.00 sys=0.00, real=0.00 secs] 
161.832: [GC (Allocation Failure) [PSYoungGen: 21911K->1024K(40960K)] 426921K->406033K(507392K), 0.0007802 secs] [Times: user=0.00 sys=0.00, real=0.00 secs] 
162.162: [GC (Allocation Failure) [PSYoungGen: 21973K->15360K(39424K)] 426982K->420369K(505856K), 0.0015263 secs] [Times: user=0.00 sys=0.00, real=0.00 secs] 
162.378: [GC (Allocation Failure) [PSYoungGen: 26066K->0K(38400K)] 451555K->430609K(504832K), 0.0009752 secs] [Times: user=0.00 sys=0.00, real=0.00 secs] 
162.379: [GC (Allocation Failure) [PSYoungGen: 0K->0K(38912K)] 430609K->430609K(505344K), 0.0010307 secs] [Times: user=0.00 sys=0.00, real=0.00 secs] 
162.380: [Full GC (Allocation Failure) [PSYoungGen: 0K->0K(38912K)] [ParOldGen: 430609K->26129K(466432K)] 430609K->26129K(505344K), [Metaspace: 2796K->2796K(1056768K)], 0.0037330 secs] [Times: user=0.00 sys=0.00, real=0.00 secs] 
163.142: [GC (Allocation Failure) [PSYoungGen: 17803K->6144K(39936K)] 197532K->185873K(506368K), 0.0008616 secs] [Times: user=0.00 sys=0.00, real=0.00 secs] 
163.471: [GC (Allocation Failure) [PSYoungGen: 21921K->5120K(38912K)] 201650K->185873K(505344K), 0.0009766 secs] [Times: user=0.00 sys=0.00, real=0.00 secs] 
164.017: [GC (Allocation Failure) [PSYoungGen: 26014K->10240K(39424K)] 380847K->365073K(505856K), 0.0011231 secs] [Times: user=0.00 sys=0.00, real=0.00 secs] 
164.670: [GC (Allocation Failure) [PSYoungGen: 33224K->10240K(33792K)] 388058K->375313K(500224K), 0.0018706 secs] [Times: user=0.00 sys=0.00, real=0.00 secs] 
164.998: [GC (Allocation Failure) [PSYoungGen: 31175K->10240K(38912K)] 396248K->380433K(505344K), 0.0014171 secs] [Times: user=0.00 sys=0.00, real=0.00 secs] 
165.873: [GC (Allocation Failure) [PSYoungGen: 31133K->10240K(39424K)] 401326K->380433K(505856K), 0.0009883 secs] [Times: user=0.00 sys=0.00, real=0.00 secs] 
166.309: [GC (Allocation Failure) [PSYoungGen: 31132K->5120K(39936K)] 401326K->380433K(506368K), 0.0012145 secs] [Times: user=0.00 sys=0.00, real=0.00 secs] 
166.747: [Full GC (Ergonomics) [PSYoungGen: 26022K->0K(39936K)] [ParOldGen: 446993K->77329K(466432K)] 473015K->77329K(506368K), [Metaspace: 2796K->2796K(1056768K)], 0.0069202 secs] [Times: user=0.02 sys=0.00, real=0.01 secs] 
167.421: [GC (Allocation Failure) [PSYoungGen: 17833K->10240K(39424K)] 197562K->189969K(505856K), 0.0008582 secs] [Times: user=0.00 sys=0.00, real=0.00 secs] 
167.748: [GC (Allocation Failure) [PSYoungGen: 26026K->5120K(40448K)] 205756K->189969K(506880K), 0.0010577 secs] [Times: user=0.00 sys=0.00, real=0.00 secs] 
168.403: [GC (Allocation Failure) [PSYoungGen: 27068K->1024K(39936K)] 385997K->359953K(506368K), 0.0008160 secs] [Times: user=0.00 sys=0.00, real=0.00 secs] 
169.604: [GC (Allocation Failure) [PSYoungGen: 22974K->0K(40448K)] 433103K->410129K(506880K), 0.0008010 secs] [Times: user=0.00 sys=0.00, real=0.00 secs] 
169.605: [GC (Allocation Failure) [PSYoungGen: 0K->0K(40448K)] 410129K->410129K(506880K), 0.0007875 secs] [Times: user=0.00 sys=0.00, real=0.00 secs] 
169.605: [Full GC (Allocation Failure) [PSYoungGen: 0K->0K(40448K)] [ParOldGen: 410129K->51729K(466432K)] 410129K->51729K(506880K), [Metaspace: 2796K->2796K(1056768K)], 0.0047188 secs] [Times: user=0.02 sys=0.00, real=0.00 secs] 
170.384: [GC (Allocation Failure) [PSYoungGen: 22986K->5120K(41984K)] 177115K->159249K(508416K), 0.0007527 secs] [Times: user=0.00 sys=0.00, real=0.00 secs] 
170.709: [GC (Allocation Failure) [PSYoungGen: 26099K->15360K(40960K)] 180229K->169489K(507392K), 0.0016301 secs] [Times: user=0.00 sys=0.00, real=0.00 secs] 
171.583: [GC (Allocation Failure) [PSYoungGen: 38384K->6144K(39936K)] 366593K->339473K(506368K), 0.0011323 secs] [Times: user=0.00 sys=0.00, real=0.00 secs] 
172.020: [GC (Allocation Failure) [PSYoungGen: 27081K->10240K(33792K)] 360411K->344593K(500224K), 0.0010178 secs] [Times: user=0.00 sys=0.00, real=0.00 secs] 
172.457: [GC (Allocation Failure) [PSYoungGen: 31175K->0K(39936K)] 437208K->411153K(506368K), 0.0009837 secs] [Times: user=0.00 sys=0.00, real=0.00 secs] 
172.458: [GC (Allocation Failure) [PSYoungGen: 0K->0K(39936K)] 411153K->411153K(506368K), 0.0008309 secs] [Times: user=0.00 sys=0.00, real=0.00 secs] 
172.459: [Full GC (Allocation Failure) [PSYoungGen: 0K->0K(39936K)] [ParOldGen: 411153K->165393K(466432K)] 411153K->165393K(506368K), [Metaspace: 2796K->2796K(1056768K)], 0.0123631 secs] [Times: user=0.00 sys=0.00, real=0.01 secs] 
173.568: [GC (Allocation Failure) [PSYoungGen: 17844K->10240K(38912K)] 285638K->288273K(505344K), 0.0014196 secs] [Times: user=0.00 sys=0.00, real=0.00 secs] 
174.329: [Full GC (Ergonomics) [PSYoungGen: 28065K->0K(38912K)] [ParOldGen: 452113K->15889K(466432K)] 480179K->15889K(505344K), [Metaspace: 2796K->2796K(1056768K)], 0.0030558 secs] [Times: user=0.00 sys=0.00, real=0.00 secs] 
174.768: [GC (Allocation Failure) [PSYoungGen: 20898K->5120K(39424K)] 36787K->21009K(505856K), 0.0008332 secs] [Times: user=0.00 sys=0.00, real=0.00 secs] 
174.986: [GC (Allocation Failure) [PSYoungGen: 20896K->10240K(39424K)] 36785K->26129K(505856K), 0.0010560 secs] [Times: user=0.00 sys=0.00, real=0.00 secs] 
175.749: [GC (Allocation Failure) [PSYoungGen: 28081K->15360K(37888K)] 218051K->205329K(504320K), 0.0014314 secs] [Times: user=0.00 sys=0.00, real=0.00 secs] 
176.183: [GC (Allocation Failure) [PSYoungGen: 36276K->10240K(38912K)] 226245K->210449K(505344K), 0.0016948 secs] [Times: user=0.00 sys=0.00, real=0.00 secs] 
177.166: [GC (Allocation Failure) [PSYoungGen: 25993K->0K(38912K)] 256923K->230929K(505344K), 0.0006965 secs] [Times: user=0.00 sys=0.00, real=0.00 secs] 
177.493: [GC (Allocation Failure) [PSYoungGen: 15755K->10240K(38912K)] 246685K->241169K(505344K), 0.0011289 secs] [Times: user=0.00 sys=0.00, real=0.00 secs] 
178.582: [GC (Allocation Failure) [PSYoungGen: 28041K->5120K(38912K)] 453531K->435729K(505344K), 0.0012486 secs] [Times: user=0.00 sys=0.00, real=0.00 secs] 
178.908: [GC (Allocation Failure) [PSYoungGen: 20875K->10240K(38912K)] 451485K->440849K(505344K), 0.0010397 secs] [Times: user=0.00 sys=0.00, real=0.00 secs] 
179.345: [Full GC (Ergonomics) [PSYoungGen: 20873K->0K(38912K)] [ParOldGen: 451089K->72209K(466432K)] 471963K->72209K(505344K), [Metaspace: 2796K->2796K(1056768K)], 0.0063044 secs] [Times: user=0.00 sys=0.00, real=0.01 secs] 
180.224: [GC (Allocation Failure) [PSYoungGen: 17803K->5120K(38912K)] 264093K->251409K(505344K), 0.0009398 secs] [Times: user=0.00 sys=0.00, real=0.00 secs] 
181.424: [GC (Allocation Failure) [PSYoungGen: 22924K->6144K(40448K)] 371614K->354833K(506880K), 0.0008707 secs] [Times: user=0.00 sys=0.00, real=0.00 secs] 
181.860: [GC (Allocation Failure) [PSYoungGen: 27062K->5120K(39424K)] 375752K->354833K(505856K), 0.0010226 secs] [Times: user=0.00 sys=0.00, real=0.00 secs] 
182.079: [GC (Allocation Failure) [PSYoungGen: 20916K->15360K(36352K)] 370629K->365073K(502784K), 0.0014633 secs] [Times: user=0.00 sys=0.00, real=0.00 secs] 
182.406: [GC (Allocation Failure) [PSYoungGen: 25992K->0K(38912K)] 447386K->426513K(505344K), 0.0009348 secs] [Times: user=0.00 sys=0.00, real=0.00 secs] 
182.407: [GC (Allocation Failure) [PSYoungGen: 0K->0K(38912K)] 426513K->426513K(505344K), 0.0007178 secs] [Times: user=0.00 sys=0.00, real=0.00 secs] 
182.408: [Full GC (Allocation Failure) [PSYoungGen: 0K->0K(38912K)] [ParOldGen: 426513K->57873K(466432K)] 426513K->57873K(505344K), [Metaspace: 2796K->2796K(1056768K)], 0.0057927 secs] [Times: user=0.00 sys=0.00, real=0.01 secs] 
183.080: [GC (Allocation Failure) [PSYoungGen: 17803K->6144K(38912K)] 178076K->166417K(505344K), 0.0008192 secs] [Times: user=0.00 sys=0.00, real=0.00 secs] 
184.167: [GC (Allocation Failure) [PSYoungGen: 23948K->1024K(40448K)] 378782K->356881K(506880K), 0.0009115 secs] [Times: user=0.00 sys=0.00, real=0.00 secs] 
184.933: [GC (Allocation Failure) [PSYoungGen: 16832K->10240K(39936K)] 372690K->366097K(506368K), 0.0012326 secs] [Times: user=0.00 sys=0.00, real=0.00 secs] 
185.264: [GC (Allocation Failure) [PSYoungGen: 20924K->10240K(38912K)] 448462K->437777K(505344K), 0.0014539 secs] [Times: user=0.00 sys=0.00, real=0.00 secs] 
185.265: [GC (Allocation Failure) [PSYoungGen: 10240K->0K(39424K)] 437777K->437777K(505856K), 0.0014275 secs] [Times: user=0.00 sys=0.00, real=0.00 secs] 
185.267: [Full GC (Allocation Failure) [PSYoungGen: 0K->0K(39424K)] [ParOldGen: 437777K->61969K(466432K)] 437777K->61969K(505856K), [Metaspace: 2796K->2796K(1056768K)], 0.0056179 secs] [Times: user=0.00 sys=0.00, real=0.01 secs] 
185.933: [GC (Allocation Failure) [PSYoungGen: 17822K->10240K(38400K)] 182191K->174609K(504832K), 0.0008996 secs] [Times: user=0.00 sys=0.00, real=0.00 secs] 
187.023: [GC (Allocation Failure) [PSYoungGen: 28044K->1024K(38912K)] 386973K->365073K(505344K), 0.0008480 secs] [Times: user=0.00 sys=0.00, real=0.00 secs] 
187.351: [GC (Allocation Failure) [PSYoungGen: 16781K->10240K(38400K)] 380830K->374289K(504832K), 0.0009326 secs] [Times: user=0.00 sys=0.00, real=0.00 secs] 
188.657: [Full GC (Ergonomics) [PSYoungGen: 25994K->0K(38400K)] [ParOldGen: 456209K->51729K(466432K)] 482204K->51729K(504832K), [Metaspace: 2796K->2796K(1056768K)], 0.0046884 secs] [Times: user=0.00 sys=0.00, real=0.00 secs] 
188.982: [GC (Allocation Failure) [PSYoungGen: 15756K->10240K(38912K)] 67485K->61969K(505344K), 0.0011024 secs] [Times: user=0.00 sys=0.00, real=0.00 secs] 
189.854: [GC (Allocation Failure) [PSYoungGen: 28041K->1024K(38912K)] 264091K->242193K(505344K), 0.0007817 secs] [Times: user=0.00 sys=0.00, real=0.00 secs] 
190.182: [GC (Allocation Failure) [PSYoungGen: 16779K->5120K(38912K)] 257949K->246289K(505344K), 0.0008231 secs] [Times: user=0.00 sys=0.00, real=0.00 secs] 
191.273: [GC (Allocation Failure) [PSYoungGen: 22921K->7200K(40960K)] 458651K->442929K(507392K), 0.0010977 secs] [Times: user=0.00 sys=0.00, real=0.00 secs] 
191.709: [GC (Allocation Failure) [PSYoungGen: 28136K->5120K(39936K)] 463866K->447001K(506368K), 0.0012804 secs] [Times: user=0.00 sys=0.00, real=0.00 secs] 
191.711: [Full GC (Ergonomics) [PSYoungGen: 5120K->0K(39936K)] [ParOldGen: 441881K->119313K(466432K)] 447001K->119313K(506368K), [Metaspace: 2796K->2796K(1056768K)], 0.0094600 secs] [Times: user=0.02 sys=0.00, real=0.01 secs] 
192.924: [GC (Allocation Failure) [PSYoungGen: 22982K->6144K(42496K)] 142296K->125457K(508928K), 0.0007840 secs] [Times: user=0.00 sys=0.00, real=0.00 secs] 
193.361: [GC (Allocation Failure) [PSYoungGen: 27148K->5120K(41984K)] 146461K->125457K(508416K), 0.0007974 secs] [Times: user=0.00 sys=0.00, real=0.00 secs] 
194.122: [GC (Allocation Failure) [PSYoungGen: 28170K->11264K(41472K)] 322588K->305681K(507904K), 0.0013548 secs] [Times: user=0.00 sys=0.00, real=0.00 secs] 
194.668: [GC (Allocation Failure) [PSYoungGen: 37400K->10304K(37888K)] 331817K->314961K(504320K), 0.0016018 secs] [Times: user=0.00 sys=0.00, real=0.00 secs] 
195.215: [GC (Allocation Failure) [PSYoungGen: 36438K->10240K(41472K)] 412776K->391705K(507904K), 0.0014295 secs] [Times: user=0.00 sys=0.00, real=0.00 secs] 
195.216: [GC (Allocation Failure) [PSYoungGen: 10240K->0K(25600K)] 391705K->391705K(492032K), 0.0010586 secs] [Times: user=0.00 sys=0.00, real=0.00 secs] 
195.217: [Full GC (Allocation Failure) [PSYoungGen: 0K->0K(25600K)] [ParOldGen: 391705K->78353K(466432K)] 391705K->78353K(492032K), [Metaspace: 2796K->2796K(1056768K)], 0.0064258 secs] [Times: user=0.00 sys=0.00, real=0.01 secs] 
196.974: [GC (Allocation Failure) [PSYoungGen: 25072K->1024K(40960K)] 379906K->355857K(507392K), 0.0005711 secs] [Times: user=0.00 sys=0.00, real=0.00 secs] 
197.411: [GC (Allocation Failure) [PSYoungGen: 21982K->10240K(34816K)] 376816K->365073K(501248K), 0.0010324 secs] [Times: user=0.00 sys=0.00, real=0.00 secs] 
197.738: [GC (Allocation Failure) [PSYoungGen: 31195K->10240K(40448K)] 386029K->370193K(506880K), 0.0017405 secs] [Times: user=0.00 sys=0.00, real=0.00 secs] 
198.063: [GC (Allocation Failure) [PSYoungGen: 20933K->0K(23552K)] 452567K->431633K(489984K), 0.0007692 secs] [Times: user=0.00 sys=0.00, real=0.00 secs] 
198.064: [GC (Allocation Failure) [PSYoungGen: 0K->0K(40448K)] 431633K->431633K(506880K), 0.0008816 secs] [Times: user=0.00 sys=0.00, real=0.00 secs] 
198.065: [Full GC (Allocation Failure) [PSYoungGen: 0K->0K(40448K)] [ParOldGen: 431633K->77329K(466432K)] 431633K->77329K(506880K), [Metaspace: 2796K->2796K(1056768K)], 0.0069292 secs] [Times: user=0.00 sys=0.00, real=0.01 secs] 
198.736: [GC (Allocation Failure) [PSYoungGen: 17851K->5120K(39936K)] 197581K->184849K(506368K), 0.0007874 secs] [Times: user=0.00 sys=0.00, real=0.00 secs] 
199.062: [GC (Allocation Failure) [PSYoungGen: 20926K->10240K(39424K)] 200655K->189969K(505856K), 0.0010393 secs] [Times: user=0.00 sys=0.00, real=0.00 secs] 
200.154: [GC (Allocation Failure) [PSYoungGen: 31173K->0K(40448K)] 384983K->353809K(506880K), 0.0005846 secs] [Times: user=0.00 sys=0.00, real=0.00 secs] 
200.481: [GC (Allocation Failure) [PSYoungGen: 15815K->10240K(38912K)] 369625K->364049K(505344K), 0.0010021 secs] [Times: user=0.00 sys=0.00, real=0.00 secs] 
200.915: [GC (Allocation Failure) [PSYoungGen: 31152K->0K(39936K)] 456642K->430609K(506368K), 0.0007835 secs] [Times: user=0.00 sys=0.00, real=0.00 secs] 
200.916: [GC (Allocation Failure) [PSYoungGen: 0K->0K(40448K)] 430609K->430609K(506880K), 0.0008251 secs] [Times: user=0.00 sys=0.00, real=0.00 secs] 
200.917: [Full GC (Allocation Failure) [PSYoungGen: 0K->0K(40448K)] [ParOldGen: 430609K->56849K(466432K)] 430609K->56849K(506880K), [Metaspace: 2796K->2796K(1056768K)], 0.0052401 secs] [Times: user=0.01 sys=0.00, real=0.01 secs] 
201.680: [GC (Allocation Failure) [PSYoungGen: 22983K->6144K(40448K)] 182233K->165393K(506880K), 0.0008418 secs] [Times: user=0.00 sys=0.00, real=0.00 secs] 
202.009: [GC (Allocation Failure) [PSYoungGen: 27081K->15360K(36352K)] 186331K->175633K(502784K), 0.0014396 secs] [Times: user=0.00 sys=0.00, real=0.00 secs] 
202.773: [GC (Allocation Failure) [PSYoungGen: 33162K->6144K(38912K)] 367516K->345617K(505344K), 0.0011801 secs] [Times: user=0.00 sys=0.00, real=0.00 secs] 
203.101: [GC (Allocation Failure) [PSYoungGen: 21900K->5120K(40960K)] 361374K->345617K(507392K), 0.0009865 secs] [Times: user=0.00 sys=0.00, real=0.00 secs] 
204.082: [GC (Allocation Failure) [PSYoungGen: 27078K->1024K(39936K)] 367576K->341521K(506368K), 0.0013209 secs] [Times: user=0.00 sys=0.00, real=0.00 secs] 
204.522: [GC (Allocation Failure) [PSYoungGen: 21957K->10240K(39936K)] 362455K->350737K(506368K), 0.0010612 secs] [Times: user=0.00 sys=0.00, real=0.00 secs] 
204.850: [GC (Allocation Failure) [PSYoungGen: 31172K->10240K(33792K)] 371670K->355857K(500224K), 0.0017751 secs] [Times: user=0.00 sys=0.00, real=0.00 secs] 
205.179: [GC (Allocation Failure) [PSYoungGen: 20931K->10240K(38912K)] 438229K->427537K(505344K), 0.0012539 secs] [Times: user=0.00 sys=0.00, real=0.00 secs] 
205.180: [GC (Allocation Failure) [PSYoungGen: 10240K->0K(39424K)] 427537K->427537K(505856K), 0.0012411 secs] [Times: user=0.00 sys=0.00, real=0.00 secs] 
205.182: [Full GC (Allocation Failure) [PSYoungGen: 0K->0K(39424K)] [ParOldGen: 427537K->67089K(466432K)] 427537K->67089K(505856K), [Metaspace: 2796K->2796K(1056768K)], 0.0057779 secs] [Times: user=0.00 sys=0.00, real=0.01 secs] 
205.851: [GC (Allocation Failure) [PSYoungGen: 17819K->10240K(39424K)] 187309K->179729K(505856K), 0.0010044 secs] [Times: user=0.00 sys=0.00, real=0.00 secs] 
206.181: [GC (Allocation Failure) [PSYoungGen: 26014K->5120K(39424K)] 195504K->179729K(505856K), 0.0010301 secs] [Times: user=0.00 sys=0.00, real=0.00 secs] 
206.725: [GC (Allocation Failure) [PSYoungGen: 26012K->0K(40448K)] 374702K->348689K(506880K), 0.0010592 secs] [Times: user=0.00 sys=0.00, real=0.00 secs] 
208.029: [GC (Allocation Failure) [PSYoungGen: 17863K->0K(40448K)] 438233K->420369K(506880K), 0.0010193 secs] [Times: user=0.02 sys=0.00, real=0.00 secs] 
208.030: [GC (Allocation Failure) [PSYoungGen: 0K->0K(40960K)] 420369K->420369K(507392K), 0.0008070 secs] [Times: user=0.00 sys=0.00, real=0.00 secs] 
208.031: [Full GC (Allocation Failure) [PSYoungGen: 0K->0K(40960K)] [ParOldGen: 420369K->51729K(466432K)] 420369K->51729K(507392K), [Metaspace: 2796K->2796K(1056768K)], 0.0051354 secs] [Times: user=0.00 sys=0.00, real=0.01 secs] 
208.812: [GC (Allocation Failure) [PSYoungGen: 22995K->10240K(34304K)] 177125K->164369K(500736K), 0.0008993 secs] [Times: user=0.00 sys=0.00, real=0.00 secs] 
209.142: [GC (Allocation Failure) [PSYoungGen: 31188K->10240K(38912K)] 185318K->169489K(505344K), 0.0013367 secs] [Times: user=0.00 sys=0.00, real=0.00 secs] 
209.906: [GC (Allocation Failure) [PSYoungGen: 28063K->5120K(39424K)] 361393K->338449K(505856K), 0.0008764 secs] [Times: user=0.00 sys=0.00, real=0.00 secs] 
210.345: [GC (Allocation Failure) [PSYoungGen: 26016K->10240K(39424K)] 359346K->343569K(505856K), 0.0008430 secs] [Times: user=0.00 sys=0.00, real=0.00 secs] 
210.564: [GC (Allocation Failure) [PSYoungGen: 26035K->10240K(32768K)] 359365K->348689K(499200K), 0.0015350 secs] [Times: user=0.00 sys=0.00, real=0.00 secs] 
210.895: [GC (Allocation Failure) [PSYoungGen: 20912K->0K(39424K)] 431042K->410129K(505856K), 0.0009684 secs] [Times: user=0.00 sys=0.00, real=0.00 secs] 
210.896: [GC (Allocation Failure) [PSYoungGen: 0K->0K(39424K)] 410129K->410129K(505856K), 0.0009213 secs] [Times: user=0.00 sys=0.00, real=0.00 secs] 
210.897: [Full GC (Allocation Failure) [PSYoungGen: 0K->0K(39424K)] [ParOldGen: 410129K->215569K(466432K)] 410129K->215569K(505856K), [Metaspace: 2796K->2796K(1056768K)], 0.0124652 secs] [Times: user=0.00 sys=0.00, real=0.01 secs] 
211.897: [GC (Allocation Failure) [PSYoungGen: 11676K->10240K(38912K)] 329646K->328209K(505344K), 0.0007980 secs] [Times: user=0.00 sys=0.00, real=0.00 secs] 
212.333: [GC (Allocation Failure) [PSYoungGen: 31135K->0K(39424K)] 420785K->394769K(505856K), 0.0008467 secs] [Times: user=0.00 sys=0.00, real=0.00 secs] 
212.334: [GC (Allocation Failure) [PSYoungGen: 0K->0K(39936K)] 394769K->394769K(506368K), 0.0009609 secs] [Times: user=0.00 sys=0.00, real=0.00 secs] 
212.335: [Full GC (Allocation Failure) [PSYoungGen: 0K->0K(39936K)] [ParOldGen: 394769K->56849K(466432K)] 394769K->56849K(506368K), [Metaspace: 2796K->2796K(1056768K)], 0.0050988 secs] [Times: user=0.00 sys=0.00, real=0.00 secs] 
213.003: [GC (Allocation Failure) [PSYoungGen: 17835K->6144K(39424K)] 177084K->165393K(505856K), 0.0007651 secs] [Times: user=0.00 sys=0.00, real=0.00 secs] 
213.330: [GC (Allocation Failure) [PSYoungGen: 21932K->5120K(41984K)] 181181K->165393K(508416K), 0.0009235 secs] [Times: user=0.00 sys=0.00, real=0.00 secs] 
214.098: [GC (Allocation Failure) [PSYoungGen: 28133K->11264K(40448K)] 362487K->345617K(506880K), 0.0013744 secs] [Times: user=0.00 sys=0.00, real=0.00 secs] 
214.535: [GC (Allocation Failure) [PSYoungGen: 32231K->10240K(39424K)] 366585K->354833K(505856K), 0.0017187 secs] [Times: user=0.00 sys=0.00, real=0.00 secs] 
214.862: [GC (Allocation Failure) [PSYoungGen: 31154K->10240K(32768K)] 375748K->359953K(499200K), 0.0016247 secs] [Times: user=0.00 sys=0.00, real=0.00 secs] 
215.737: [GC (Allocation Failure) [PSYoungGen: 31153K->10240K(39424K)] 380867K->359953K(505856K), 0.0009133 secs] [Times: user=0.00 sys=0.00, real=0.00 secs] 
216.172: [GC (Allocation Failure) [PSYoungGen: 31132K->5120K(39424K)] 380846K->359953K(505856K), 0.0010873 secs] [Times: user=0.00 sys=0.00, real=0.00 secs] 
216.607: [GC (Allocation Failure) [PSYoungGen: 26012K->0K(39936K)] 452526K->426513K(506368K), 0.0010174 secs] [Times: user=0.00 sys=0.00, real=0.00 secs] 
216.608: [GC (Allocation Failure) [PSYoungGen: 0K->0K(39936K)] 426513K->426513K(506368K), 0.0010419 secs] [Times: user=0.00 sys=0.00, real=0.00 secs] 
216.609: [Full GC (Allocation Failure) [PSYoungGen: 0K->0K(39936K)] [ParOldGen: 426513K->77329K(466432K)] 426513K->77329K(506368K), [Metaspace: 2796K->2796K(1056768K)], 0.0068583 secs] [Times: user=0.00 sys=0.00, real=0.01 secs] 
217.278: [GC (Allocation Failure) [PSYoungGen: 17843K->10240K(38400K)] 197572K->189969K(504832K), 0.0010366 secs] [Times: user=0.00 sys=0.00, real=0.00 secs] 
217.606: [GC (Allocation Failure) [PSYoungGen: 26016K->5120K(39424K)] 205746K->189969K(505856K), 0.0009445 secs] [Times: user=0.00 sys=0.00, real=0.00 secs] 
218.152: [GC (Allocation Failure) [PSYoungGen: 26013K->0K(40960K)] 384943K->358929K(507392K), 0.0007322 secs] [Times: user=0.00 sys=0.00, real=0.00 secs] 
Heap
 PSYoungGen      total 40960K, used 23486K [0x00000000fc780000, 0x0000000100000000, 0x0000000100000000)
  eden space 24064K, 97% used [0x00000000fc780000,0x00000000fde6fa48,0x00000000fdf00000)
  from space 16896K, 0% used [0x00000000fef80000,0x00000000fef80000,0x0000000100000000)
  to   space 16896K, 0% used [0x00000000fdf00000,0x00000000fdf00000,0x00000000fef80000)
 ParOldGen       total 466432K, used 358929K [0x00000000e0000000, 0x00000000fc780000, 0x00000000fc780000)
  object space 466432K, 76% used [0x00000000e0000000,0x00000000f5e84760,0x00000000fc780000)
 Metaspace       used 2804K, capacity 4486K, committed 4864K, reserved 1056768K
  class space    used 297K, capacity 386K, committed 512K, reserved 1048576K
