Java HotSpot(TM) 64-Bit Server VM (25.411-b09) for windows-amd64 JRE (1.8.0_411-b09), built on Mar 13 2024 07:26:13 by "java_re" with MS VC++ 17.1 (VS2022)
Memory: 4k page, physical 33403376k(14988856k free), swap 38670804k(7889088k free)
CommandLine flags: -XX:InitialHeapSize=1073741824 -XX:MaxHeapSize=1073741824 -XX:NewRatio=9 -XX:ParallelGCThreads=6 -XX:+PrintGC -XX:+PrintGCDetails -XX:+PrintGCTimeStamps -XX:SurvivorRatio=2 -XX:-UseAdaptiveSizePolicy -XX:+UseCompressedClassPointers -XX:+UseCompressedOops -XX:-UseLargePagesIndividualAllocation -XX:+UseParallelGC 
1.043: [GC (Allocation Failure) [PSYoungGen: 45097K->16048K(78336K)] 45097K->16056K(1022464K), 0.0042170 secs] [Times: user=0.00 sys=0.00, real=0.00 secs] 
2.069: [GC (Allocation Failure) [PSYoungGen: 65196K->11952K(78336K)] 218804K->165568K(1022464K), 0.0025780 secs] [Times: user=0.00 sys=0.00, real=0.00 secs] 
2.612: [GC (Allocation Failure) [PSYoungGen: 48821K->22208K(78336K)] 202437K->175824K(1022464K), 0.0032333 secs] [Times: user=0.00 sys=0.00, real=0.00 secs] 
3.755: [GC (Allocation Failure) [PSYoungGen: 71360K->18144K(78336K)] 378576K->325360K(1022464K), 0.0025902 secs] [Times: user=0.00 sys=0.00, real=0.00 secs] 
5.284: [GC (Allocation Failure) [PSYoungGen: 66286K->10824K(78336K)] 373502K->318040K(1022464K), 0.0011729 secs] [Times: user=0.00 sys=0.00, real=0.00 secs] 
6.202: [GC (Allocation Failure) [PSYoungGen: 59941K->21136K(78336K)] 520757K->481952K(1022464K), 0.0022176 secs] [Times: user=0.00 sys=0.00, real=0.00 secs] 
6.967: [GC (Allocation Failure) [PSYoungGen: 68224K->21064K(78336K)] 529040K->492120K(1022464K), 0.0049463 secs] [Times: user=0.00 sys=0.00, real=0.00 secs] 
8.432: [GC (Allocation Failure) [PSYoungGen: 60487K->5688K(78336K)] 685143K->630352K(1022464K), 0.0026545 secs] [Times: user=0.00 sys=0.00, real=0.00 secs] 
9.570: [GC (Allocation Failure) [PSYoungGen: 54840K->10840K(78336K)] 833104K->789104K(1022464K), 0.0018304 secs] [Times: user=0.00 sys=0.00, real=0.00 secs] 
10.491: [Full GC (Ergonomics) [PSYoungGen: 60006K->0K(78336K)] [ParOldGen: 931864K->160272K(944128K)] 991871K->160272K(1022464K), [Metaspace: 2761K->2761K(1056768K)], 0.0209103 secs] [Times: user=0.02 sys=0.01, real=0.02 secs] 
11.270: [GC (Allocation Failure) [PSYoungGen: 41996K->15360K(78336K)] 202269K->175632K(1022464K), 0.0015528 secs] [Times: user=0.00 sys=0.00, real=0.00 secs] 
12.577: [GC (Allocation Failure) [PSYoungGen: 58397K->10240K(78336K)] 372270K->324112K(1022464K), 0.0010247 secs] [Times: user=0.00 sys=0.00, real=0.00 secs] 
13.454: [GC (Allocation Failure) [PSYoungGen: 59765K->11296K(78336K)] 527238K->478777K(1022464K), 0.0011375 secs] [Times: user=0.00 sys=0.00, real=0.00 secs] 
14.217: [GC (Allocation Failure) [PSYoungGen: 58418K->16448K(78336K)] 525899K->494169K(1022464K), 0.0019345 secs] [Times: user=0.00 sys=0.00, real=0.00 secs] 
15.312: [GC (Allocation Failure) [PSYoungGen: 65637K->16416K(78336K)] 696958K->647737K(1022464K), 0.0017815 secs] [Times: user=0.00 sys=0.00, real=0.00 secs] 
16.621: [GC (Allocation Failure) [PSYoungGen: 63539K->10272K(78336K)] 694860K->641593K(1022464K), 0.0015977 secs] [Times: user=0.00 sys=0.00, real=0.00 secs] 
17.058: [GC (Allocation Failure) [PSYoungGen: 42035K->15392K(78336K)] 673356K->646713K(1022464K), 0.0016224 secs] [Times: user=0.00 sys=0.00, real=0.00 secs] 
18.147: [GC (Allocation Failure) [PSYoungGen: 64560K->15392K(78336K)] 849481K->820793K(1022464K), 0.0029574 secs] [Times: user=0.00 sys=0.00, real=0.00 secs] 
18.696: [GC (Allocation Failure) [PSYoungGen: 62508K->10272K(78336K)] 919109K->866873K(1022464K), 0.0018193 secs] [Times: user=0.00 sys=0.00, real=0.00 secs] 
18.698: [GC (Allocation Failure) [PSYoungGen: 10272K->10272K(78336K)] 866873K->866873K(1022464K), 0.0017391 secs] [Times: user=0.02 sys=0.00, real=0.00 secs] 
18.699: [Full GC (Allocation Failure) [PSYoungGen: 10272K->0K(78336K)] [ParOldGen: 856601K->82449K(944128K)] 866873K->82449K(1022464K), [Metaspace: 2770K->2770K(1056768K)], 0.0086127 secs] [Times: user=0.00 sys=0.00, real=0.01 secs] 
20.995: [GC (Allocation Failure) [PSYoungGen: 51245K->10240K(78336K)] 389695K->348689K(1022464K), 0.0012214 secs] [Times: user=0.00 sys=0.00, real=0.00 secs] 
21.871: [GC (Allocation Failure) [PSYoungGen: 59426K->7168K(78336K)] 551475K->499217K(1022464K), 0.0009402 secs] [Times: user=0.00 sys=0.00, real=0.00 secs] 
22.634: [GC (Allocation Failure) [PSYoungGen: 49170K->21504K(78336K)] 541219K->513553K(1022464K), 0.0017356 secs] [Times: user=0.00 sys=0.00, real=0.00 secs] 
24.050: [GC (Allocation Failure) [PSYoungGen: 70693K->20480K(78336K)] 716343K->666129K(1022464K), 0.0015935 secs] [Times: user=0.00 sys=0.00, real=0.00 secs] 
25.032: [GC (Allocation Failure) [PSYoungGen: 69671K->20480K(78336K)] 868920K->819729K(1022464K), 0.0018979 secs] [Times: user=0.00 sys=0.00, real=0.00 secs] 
25.577: [GC (Allocation Failure) [PSYoungGen: 57363K->25600K(78336K)] 856613K->835089K(1022464K), 0.0024328 secs] [Times: user=0.00 sys=0.00, real=0.00 secs] 
25.796: [GC (Allocation Failure) [PSYoungGen: 47124K->15360K(78336K)] 907813K->876049K(1022464K), 0.0017995 secs] [Times: user=0.00 sys=0.00, real=0.00 secs] 
25.798: [GC (Allocation Failure) [PSYoungGen: 15360K->15360K(78336K)] 876049K->876049K(1022464K), 0.0015689 secs] [Times: user=0.00 sys=0.00, real=0.00 secs] 
25.799: [Full GC (Allocation Failure) [PSYoungGen: 15360K->0K(78336K)] [ParOldGen: 860689K->77329K(944128K)] 876049K->77329K(1022464K), [Metaspace: 2779K->2779K(1056768K)], 0.0074678 secs] [Times: user=0.00 sys=0.00, real=0.01 secs] 
26.903: [GC (Allocation Failure) [PSYoungGen: 44072K->15360K(78336K)] 223801K->195089K(1022464K), 0.0015695 secs] [Times: user=0.00 sys=0.00, real=0.00 secs] 
27.998: [GC (Allocation Failure) [PSYoungGen: 62484K->10240K(78336K)] 242213K->189969K(1022464K), 0.0009771 secs] [Times: user=0.00 sys=0.00, real=0.00 secs] 
28.432: [GC (Allocation Failure) [PSYoungGen: 42225K->15424K(78336K)] 221954K->195153K(1022464K), 0.0016505 secs] [Times: user=0.02 sys=0.00, real=0.00 secs] 
29.526: [GC (Allocation Failure) [PSYoungGen: 64588K->15392K(78336K)] 397917K->348729K(1022464K), 0.0013092 secs] [Times: user=0.00 sys=0.00, real=0.00 secs] 
30.397: [GC (Allocation Failure) [PSYoungGen: 64566K->11328K(78336K)] 551503K->498265K(1022464K), 0.0015613 secs] [Times: user=0.00 sys=0.00, real=0.00 secs] 
32.252: [GC (Allocation Failure) [PSYoungGen: 60508K->6240K(78336K)] 649846K->595577K(1022464K), 0.0018310 secs] [Times: user=0.00 sys=0.00, real=0.00 secs] 
32.689: [GC (Allocation Failure) [PSYoungGen: 38000K->16480K(78336K)] 627337K->605817K(1022464K), 0.0018409 secs] [Times: user=0.00 sys=0.00, real=0.00 secs] 
33.780: [GC (Allocation Failure) [PSYoungGen: 65667K->12352K(78336K)] 808604K->755289K(1022464K), 0.0017627 secs] [Times: user=0.00 sys=0.00, real=0.00 secs] 
34.655: [GC (Allocation Failure) [PSYoungGen: 61541K->18464K(78336K)] 958078K->915001K(1022464K), 0.0020447 secs] [Times: user=0.00 sys=0.00, real=0.00 secs] 
35.637: [GC (Allocation Failure) [PSYoungGen: 65587K->10272K(78336K)] 962124K->927289K(1022464K), 0.0025882 secs] [Times: user=0.00 sys=0.00, real=0.00 secs] 
35.640: [Full GC (Ergonomics) [PSYoungGen: 10272K->0K(78336K)] [ParOldGen: 917017K->31249K(944128K)] 927289K->31249K(1022464K), [Metaspace: 2793K->2793K(1056768K)], 0.0043572 secs] [Times: user=0.00 sys=0.00, real=0.00 secs] 
35.871: [GC (Allocation Failure) [PSYoungGen: 52224K->0K(78336K)] 185873K->133649K(1022464K), 0.0004745 secs] [Times: user=0.00 sys=0.00, real=0.00 secs] 
36.851: [GC (Allocation Failure) [PSYoungGen: 44071K->15360K(78336K)] 177721K->149009K(1022464K), 0.0013333 secs] [Times: user=0.00 sys=0.00, real=0.00 secs] 
37.831: [GC (Allocation Failure) [PSYoungGen: 64438K->25600K(78336K)] 351687K->323089K(1022464K), 0.0035589 secs] [Times: user=0.00 sys=0.00, real=0.00 secs] 
38.375: [GC (Allocation Failure) [PSYoungGen: 62423K->15360K(78336K)] 359912K->333329K(1022464K), 0.0027108 secs] [Times: user=0.00 sys=0.00, real=0.00 secs] 
39.688: [GC (Allocation Failure) [PSYoungGen: 67555K->15360K(78336K)] 436724K->384529K(1022464K), 0.0014800 secs] [Times: user=0.00 sys=0.00, real=0.00 secs] 
40.671: [GC (Allocation Failure) [PSYoungGen: 64500K->10240K(78336K)] 587269K->533009K(1022464K), 0.0011899 secs] [Times: user=0.00 sys=0.00, real=0.00 secs] 
41.215: [GC (Allocation Failure) [PSYoungGen: 47103K->20480K(78336K)] 569873K->543249K(1022464K), 0.0019350 secs] [Times: user=0.00 sys=0.00, real=0.00 secs] 
42.311: [GC (Allocation Failure) [PSYoungGen: 69628K->16384K(78336K)] 745998K->692753K(1022464K), 0.0017321 secs] [Times: user=0.00 sys=0.00, real=0.00 secs] 
43.950: [GC (Allocation Failure) [PSYoungGen: 65546K->21504K(78336K)] 741915K->697873K(1022464K), 0.0017513 secs] [Times: user=0.00 sys=0.00, real=0.00 secs] 
44.935: [GC (Allocation Failure) [PSYoungGen: 70651K->21504K(78336K)] 900620K->851473K(1022464K), 0.0019383 secs] [Times: user=0.00 sys=0.00, real=0.00 secs] 
45.481: [GC (Allocation Failure) [PSYoungGen: 58372K->21504K(78336K)] 888341K->866833K(1022464K), 0.0027958 secs] [Times: user=0.00 sys=0.00, real=0.00 secs] 
45.699: [GC (Allocation Failure) [PSYoungGen: 43007K->21504K(78336K)] 939537K->918033K(1022464K), 0.0023381 secs] [Times: user=0.00 sys=0.00, real=0.00 secs] 
45.702: [GC (Allocation Failure) [PSYoungGen: 21504K->21504K(78336K)] 918033K->918033K(1022464K), 0.0016413 secs] [Times: user=0.00 sys=0.00, real=0.00 secs] 
45.703: [Full GC (Allocation Failure) [PSYoungGen: 21504K->0K(78336K)] [ParOldGen: 896529K->78353K(944128K)] 918033K->78353K(1022464K), [Metaspace: 2795K->2795K(1056768K)], 0.0071791 secs] [Times: user=0.00 sys=0.00, real=0.01 secs] 
47.571: [GC (Allocation Failure) [PSYoungGen: 51199K->25600K(78336K)] 385553K->359953K(1022464K), 0.0024608 secs] [Times: user=0.00 sys=0.00, real=0.00 secs] 
48.332: [GC (Allocation Failure) [PSYoungGen: 72711K->15360K(78336K)] 407064K->370193K(1022464K), 0.0028459 secs] [Times: user=0.00 sys=0.00, real=0.00 secs] 
49.420: [GC (Allocation Failure) [PSYoungGen: 64519K->15360K(78336K)] 572953K->523793K(1022464K), 0.0013352 secs] [Times: user=0.00 sys=0.00, real=0.00 secs] 
50.618: [GC (Allocation Failure) [PSYoungGen: 62473K->0K(78336K)] 724507K->662033K(1022464K), 0.0012992 secs] [Times: user=0.00 sys=0.00, real=0.00 secs] 
51.164: [GC (Allocation Failure) [PSYoungGen: 36877K->15360K(78336K)] 698911K->677393K(1022464K), 0.0016126 secs] [Times: user=0.00 sys=0.00, real=0.00 secs] 
52.256: [GC (Allocation Failure) [PSYoungGen: 64523K->11264K(78336K)] 880156K->826897K(1022464K), 0.0014674 secs] [Times: user=0.00 sys=0.00, real=0.00 secs] 
52.805: [GC (Allocation Failure) [PSYoungGen: 58378K->11264K(78336K)] 925212K->878097K(1022464K), 0.0015615 secs] [Times: user=0.00 sys=0.00, real=0.00 secs] 
52.806: [GC (Allocation Failure) [PSYoungGen: 11264K->11264K(78336K)] 878097K->878097K(1022464K), 0.0015476 secs] [Times: user=0.00 sys=0.00, real=0.00 secs] 
52.808: [Full GC (Allocation Failure) [PSYoungGen: 11264K->0K(78336K)] [ParOldGen: 866833K->62993K(944128K)] 878097K->62993K(1022464K), [Metaspace: 2795K->2795K(1056768K)], 0.0061837 secs] [Times: user=0.00 sys=0.00, real=0.01 secs] 
54.667: [GC (Allocation Failure) [PSYoungGen: 50218K->10240K(78336K)] 215612K->175633K(1022464K), 0.0008751 secs] [Times: user=0.03 sys=0.00, real=0.00 secs] 
55.427: [GC (Allocation Failure) [PSYoungGen: 57360K->25600K(78336K)] 222753K->190993K(1022464K), 0.0018693 secs] [Times: user=0.00 sys=0.00, real=0.00 secs] 
56.518: [GC (Allocation Failure) [PSYoungGen: 74787K->25600K(78336K)] 393781K->344593K(1022464K), 0.0019478 secs] [Times: user=0.00 sys=0.00, real=0.00 secs] 
57.390: [GC (Allocation Failure) [PSYoungGen: 74789K->21504K(78336K)] 547383K->514577K(1022464K), 0.0034103 secs] [Times: user=0.00 sys=0.00, real=0.00 secs] 
59.025: [GC (Allocation Failure) [PSYoungGen: 70694K->5120K(78336K)] 717368K->651793K(1022464K), 0.0017033 secs] [Times: user=0.00 sys=0.00, real=0.00 secs] 
59.679: [GC (Allocation Failure) [PSYoungGen: 47123K->15360K(78336K)] 693797K->662033K(1022464K), 0.0017401 secs] [Times: user=0.00 sys=0.00, real=0.00 secs] 
60.771: [GC (Allocation Failure) [PSYoungGen: 64551K->15360K(78336K)] 864825K->815633K(1022464K), 0.0016247 secs] [Times: user=0.00 sys=0.00, real=0.00 secs] 
61.315: [GC (Allocation Failure) [PSYoungGen: 62484K->10240K(78336K)] 913957K->861713K(1022464K), 0.0013851 secs] [Times: user=0.00 sys=0.00, real=0.00 secs] 
61.317: [GC (Allocation Failure) [PSYoungGen: 10240K->10240K(78336K)] 861713K->861713K(1022464K), 0.0013962 secs] [Times: user=0.00 sys=0.00, real=0.00 secs] 
61.318: [Full GC (Allocation Failure) [PSYoungGen: 10240K->0K(78336K)] [ParOldGen: 851473K->215569K(944128K)] 861713K->215569K(1022464K), [Metaspace: 2796K->2796K(1056768K)], 0.0167413 secs] [Times: user=0.02 sys=0.00, real=0.02 secs] 
62.533: [GC (Allocation Failure) [PSYoungGen: 32808K->15360K(78336K)] 350777K->333329K(1022464K), 0.0015502 secs] [Times: user=0.00 sys=0.00, real=0.00 secs] 
63.625: [GC (Allocation Failure) [PSYoungGen: 64552K->11264K(78336K)] 536122K->482833K(1022464K), 0.0013429 secs] [Times: user=0.00 sys=0.00, real=0.00 secs] 
64.498: [GC (Allocation Failure) [PSYoungGen: 59412K->17408K(78336K)] 684581K->642577K(1022464K), 0.0021313 secs] [Times: user=0.00 sys=0.00, real=0.00 secs] 
65.262: [GC (Allocation Failure) [PSYoungGen: 59412K->21504K(78336K)] 684582K->656913K(1022464K), 0.0023916 secs] [Times: user=0.00 sys=0.00, real=0.00 secs] 
66.572: [GC (Allocation Failure) [PSYoungGen: 63508K->10240K(78336K)] 698917K->645649K(1022464K), 0.0011636 secs] [Times: user=0.00 sys=0.00, real=0.00 secs] 
67.445: [GC (Allocation Failure) [PSYoungGen: 59414K->10240K(78336K)] 848424K->819729K(1022464K), 0.0027876 secs] [Times: user=0.00 sys=0.00, real=0.00 secs] 
68.210: [GC (Allocation Failure) [PSYoungGen: 57358K->20480K(78336K)] 866848K->829969K(1022464K), 0.0018904 secs] [Times: user=0.00 sys=0.00, real=0.00 secs] 
68.427: [GC (Allocation Failure) [PSYoungGen: 42000K->10240K(78336K)] 902690K->870929K(1022464K), 0.0019911 secs] [Times: user=0.00 sys=0.00, real=0.00 secs] 
68.429: [GC (Allocation Failure) [PSYoungGen: 10240K->10240K(78336K)] 870929K->870929K(1022464K), 0.0013731 secs] [Times: user=0.00 sys=0.00, real=0.00 secs] 
68.430: [Full GC (Allocation Failure) [PSYoungGen: 10240K->0K(78336K)] [ParOldGen: 860689K->82449K(944128K)] 870929K->82449K(1022464K), [Metaspace: 2796K->2796K(1056768K)], 0.0077238 secs] [Times: user=0.02 sys=0.00, real=0.01 secs] 
70.732: [GC (Allocation Failure) [PSYoungGen: 51249K->10240K(78336K)] 389699K->348689K(1022464K), 0.0009603 secs] [Times: user=0.00 sys=0.00, real=0.00 secs] 
71.607: [GC (Allocation Failure) [PSYoungGen: 59427K->7168K(78336K)] 551477K->499217K(1022464K), 0.0010363 secs] [Times: user=0.00 sys=0.00, real=0.00 secs] 
72.374: [GC (Allocation Failure) [PSYoungGen: 49170K->21504K(78336K)] 541220K->513553K(1022464K), 0.0020123 secs] [Times: user=0.00 sys=0.00, real=0.00 secs] 
73.793: [GC (Allocation Failure) [PSYoungGen: 70694K->20480K(78336K)] 716344K->666129K(1022464K), 0.0016282 secs] [Times: user=0.00 sys=0.00, real=0.00 secs] 
74.778: [GC (Allocation Failure) [PSYoungGen: 69671K->20480K(78336K)] 868920K->819729K(1022464K), 0.0022013 secs] [Times: user=0.00 sys=0.00, real=0.00 secs] 
75.323: [GC (Allocation Failure) [PSYoungGen: 57364K->25600K(78336K)] 856613K->835089K(1022464K), 0.0023693 secs] [Times: user=0.00 sys=0.00, real=0.00 secs] 
75.543: [GC (Allocation Failure) [PSYoungGen: 47124K->15360K(78336K)] 907813K->876049K(1022464K), 0.0021337 secs] [Times: user=0.00 sys=0.00, real=0.00 secs] 
75.545: [GC (Allocation Failure) [PSYoungGen: 15360K->15360K(78336K)] 876049K->876049K(1022464K), 0.0016934 secs] [Times: user=0.00 sys=0.00, real=0.00 secs] 
75.547: [Full GC (Allocation Failure) [PSYoungGen: 15360K->0K(78336K)] [ParOldGen: 860689K->77329K(944128K)] 876049K->77329K(1022464K), [Metaspace: 2796K->2796K(1056768K)], 0.0076397 secs] [Times: user=0.00 sys=0.00, real=0.01 secs] 
76.651: [GC (Allocation Failure) [PSYoungGen: 44072K->15360K(78336K)] 223801K->195089K(1022464K), 0.0013521 secs] [Times: user=0.03 sys=0.00, real=0.00 secs] 
77.745: [GC (Allocation Failure) [PSYoungGen: 62484K->10240K(78336K)] 242213K->189969K(1022464K), 0.0010544 secs] [Times: user=0.00 sys=0.00, real=0.00 secs] 
78.178: [GC (Allocation Failure) [PSYoungGen: 42004K->15360K(78336K)] 221733K->195089K(1022464K), 0.0014079 secs] [Times: user=0.00 sys=0.00, real=0.00 secs] 
79.264: [GC (Allocation Failure) [PSYoungGen: 64528K->15360K(78336K)] 397858K->348689K(1022464K), 0.0014879 secs] [Times: user=0.00 sys=0.00, real=0.00 secs] 
80.139: [GC (Allocation Failure) [PSYoungGen: 64537K->11264K(78336K)] 551466K->498193K(1022464K), 0.0012636 secs] [Times: user=0.00 sys=0.00, real=0.00 secs] 
81.994: [GC (Allocation Failure) [PSYoungGen: 60446K->6144K(78336K)] 649776K->595473K(1022464K), 0.0014566 secs] [Times: user=0.00 sys=0.00, real=0.00 secs] 
82.431: [GC (Allocation Failure) [PSYoungGen: 37905K->16384K(78336K)] 627234K->605713K(1022464K), 0.0017044 secs] [Times: user=0.00 sys=0.00, real=0.00 secs] 
83.526: [GC (Allocation Failure) [PSYoungGen: 65572K->12288K(78336K)] 808501K->755217K(1022464K), 0.0016670 secs] [Times: user=0.00 sys=0.00, real=0.00 secs] 
84.398: [GC (Allocation Failure) [PSYoungGen: 61478K->18432K(78336K)] 958007K->914961K(1022464K), 0.0019494 secs] [Times: user=0.00 sys=0.00, real=0.00 secs] 
85.381: [GC (Allocation Failure) [PSYoungGen: 65555K->20480K(78336K)] 962085K->927249K(1022464K), 0.0026393 secs] [Times: user=0.00 sys=0.00, real=0.00 secs] 
85.490: [GC (Allocation Failure) --[PSYoungGen: 72704K->72704K(78336K)] 979473K->979473K(1022464K), 0.0015259 secs] [Times: user=0.00 sys=0.00, real=0.00 secs] 
85.491: [Full GC (Ergonomics) [PSYoungGen: 72704K->0K(78336K)] [ParOldGen: 906769K->61969K(944128K)] 979473K->61969K(1022464K), [Metaspace: 2796K->2796K(1056768K)], 0.0064304 secs] [Times: user=0.01 sys=0.00, real=0.01 secs] 
86.595: [GC (Allocation Failure) [PSYoungGen: 44057K->15360K(78336K)] 208427K->179729K(1022464K), 0.0014782 secs] [Times: user=0.00 sys=0.00, real=0.00 secs] 
87.579: [GC (Allocation Failure) [PSYoungGen: 64543K->15360K(78336K)] 382512K->353809K(1022464K), 0.0029225 secs] [Times: user=0.00 sys=0.00, real=0.00 secs] 
88.125: [GC (Allocation Failure) [PSYoungGen: 52241K->20480K(78336K)] 390690K->358929K(1022464K), 0.0017385 secs] [Times: user=0.00 sys=0.00, real=0.00 secs] 
89.328: [GC (Allocation Failure) [PSYoungGen: 62482K->10240K(78336K)] 452131K->399889K(1022464K), 0.0013056 secs] [Times: user=0.00 sys=0.00, real=0.00 secs] 
90.200: [GC (Allocation Failure) [PSYoungGen: 59430K->10240K(78336K)] 602679K->553489K(1022464K), 0.0013157 secs] [Times: user=0.00 sys=0.00, real=0.00 secs] 
90.964: [GC (Allocation Failure) [PSYoungGen: 57363K->20480K(78336K)] 600613K->563729K(1022464K), 0.0019923 secs] [Times: user=0.00 sys=0.00, real=0.00 secs] 
92.054: [GC (Allocation Failure) [PSYoungGen: 69671K->16384K(78336K)] 766521K->713233K(1022464K), 0.0015869 secs] [Times: user=0.00 sys=0.00, real=0.00 secs] 
93.692: [GC (Allocation Failure) [PSYoungGen: 65576K->21504K(78336K)] 762425K->718353K(1022464K), 0.0016241 secs] [Times: user=0.00 sys=0.00, real=0.00 secs] 
94.676: [GC (Allocation Failure) [PSYoungGen: 70680K->21504K(78336K)] 921130K->871953K(1022464K), 0.0021476 secs] [Times: user=0.00 sys=0.00, real=0.00 secs] 
95.221: [GC (Allocation Failure) [PSYoungGen: 58383K->21504K(78336K)] 908832K->887313K(1022464K), 0.0028881 secs] [Times: user=0.00 sys=0.00, real=0.00 secs] 
95.441: [Full GC (Ergonomics) [PSYoungGen: 43024K->0K(78336K)] [ParOldGen: 917009K->78353K(944128K)] 960034K->78353K(1022464K), [Metaspace: 2796K->2796K(1056768K)], 0.0077546 secs] [Times: user=0.02 sys=0.00, real=0.01 secs] 
97.316: [GC (Allocation Failure) [PSYoungGen: 51250K->25600K(78336K)] 385604K->359953K(1022464K), 0.0024659 secs] [Times: user=0.00 sys=0.00, real=0.00 secs] 
98.079: [GC (Allocation Failure) [PSYoungGen: 72722K->15360K(78336K)] 407075K->370193K(1022464K), 0.0028790 secs] [Times: user=0.00 sys=0.00, real=0.00 secs] 
99.170: [GC (Allocation Failure) [PSYoungGen: 64549K->15360K(78336K)] 572983K->523793K(1022464K), 0.0014041 secs] [Times: user=0.00 sys=0.00, real=0.00 secs] 
100.370: [GC (Allocation Failure) [PSYoungGen: 62483K->0K(78336K)] 724517K->662033K(1022464K), 0.0013497 secs] [Times: user=0.05 sys=0.00, real=0.00 secs] 
100.914: [GC (Allocation Failure) [PSYoungGen: 36883K->15360K(78336K)] 698917K->677393K(1022464K), 0.0016781 secs] [Times: user=0.00 sys=0.00, real=0.00 secs] 
102.005: [GC (Allocation Failure) [PSYoungGen: 64531K->11264K(78336K)] 880165K->826897K(1022464K), 0.0019342 secs] [Times: user=0.00 sys=0.00, real=0.00 secs] 
102.550: [GC (Allocation Failure) [PSYoungGen: 58381K->11264K(78336K)] 925215K->878097K(1022464K), 0.0022083 secs] [Times: user=0.00 sys=0.00, real=0.00 secs] 
102.552: [GC (Allocation Failure) [PSYoungGen: 11264K->11264K(78336K)] 878097K->878097K(1022464K), 0.0016722 secs] [Times: user=0.00 sys=0.00, real=0.00 secs] 
102.554: [Full GC (Allocation Failure) [PSYoungGen: 11264K->0K(78336K)] [ParOldGen: 866833K->62993K(944128K)] 878097K->62993K(1022464K), [Metaspace: 2796K->2796K(1056768K)], 0.0064316 secs] [Times: user=0.00 sys=0.00, real=0.01 secs] 
104.423: [GC (Allocation Failure) [PSYoungGen: 50223K->10240K(78336K)] 215617K->175633K(1022464K), 0.0010120 secs] [Times: user=0.00 sys=0.00, real=0.00 secs] 
105.187: [GC (Allocation Failure) [PSYoungGen: 57361K->25600K(78336K)] 222755K->190993K(1022464K), 0.0016677 secs] [Times: user=0.00 sys=0.00, real=0.00 secs] 
106.278: [GC (Allocation Failure) [PSYoungGen: 74789K->25600K(78336K)] 393782K->344593K(1022464K), 0.0020379 secs] [Times: user=0.00 sys=0.00, real=0.00 secs] 
107.150: [GC (Allocation Failure) [PSYoungGen: 74790K->21504K(78336K)] 547384K->514577K(1022464K), 0.0032281 secs] [Times: user=0.00 sys=0.00, real=0.00 secs] 
108.797: [GC (Allocation Failure) [PSYoungGen: 70695K->5120K(78336K)] 717369K->651793K(1022464K), 0.0016921 secs] [Times: user=0.00 sys=0.00, real=0.00 secs] 
109.452: [GC (Allocation Failure) [PSYoungGen: 47124K->15360K(78336K)] 693797K->662033K(1022464K), 0.0016669 secs] [Times: user=0.00 sys=0.00, real=0.00 secs] 
110.541: [GC (Allocation Failure) [PSYoungGen: 64552K->15360K(78336K)] 864825K->815633K(1022464K), 0.0015789 secs] [Times: user=0.02 sys=0.00, real=0.00 secs] 
111.086: [GC (Allocation Failure) [PSYoungGen: 62484K->10240K(78336K)] 913957K->861713K(1022464K), 0.0020119 secs] [Times: user=0.00 sys=0.00, real=0.00 secs] 
111.088: [GC (Allocation Failure) [PSYoungGen: 10240K->10240K(78336K)] 861713K->861713K(1022464K), 0.0013673 secs] [Times: user=0.00 sys=0.00, real=0.00 secs] 
111.089: [Full GC (Allocation Failure) [PSYoungGen: 10240K->0K(78336K)] [ParOldGen: 851473K->215569K(944128K)] 861713K->215569K(1022464K), [Metaspace: 2796K->2796K(1056768K)], 0.0157405 secs] [Times: user=0.00 sys=0.00, real=0.02 secs] 
112.299: [GC (Allocation Failure) [PSYoungGen: 32808K->15360K(78336K)] 350778K->333329K(1022464K), 0.0014425 secs] [Times: user=0.00 sys=0.00, real=0.00 secs] 
113.393: [GC (Allocation Failure) [PSYoungGen: 64552K->11264K(78336K)] 536122K->482833K(1022464K), 0.0011802 secs] [Times: user=0.00 sys=0.00, real=0.00 secs] 
114.269: [GC (Allocation Failure) [PSYoungGen: 59412K->17408K(78336K)] 684581K->642577K(1022464K), 0.0017370 secs] [Times: user=0.00 sys=0.00, real=0.00 secs] 
115.031: [GC (Allocation Failure) [PSYoungGen: 59412K->21504K(78336K)] 684582K->656913K(1022464K), 0.0025174 secs] [Times: user=0.00 sys=0.00, real=0.00 secs] 
116.337: [GC (Allocation Failure) [PSYoungGen: 63508K->10240K(78336K)] 698917K->645649K(1022464K), 0.0013275 secs] [Times: user=0.00 sys=0.00, real=0.00 secs] 
117.212: [GC (Allocation Failure) [PSYoungGen: 59414K->10240K(78336K)] 848424K->819729K(1022464K), 0.0027258 secs] [Times: user=0.00 sys=0.00, real=0.00 secs] 
117.972: [GC (Allocation Failure) [PSYoungGen: 57358K->20480K(78336K)] 866848K->829969K(1022464K), 0.0019500 secs] [Times: user=0.00 sys=0.00, real=0.00 secs] 
118.189: [GC (Allocation Failure) [PSYoungGen: 42000K->10240K(78336K)] 902690K->870929K(1022464K), 0.0015617 secs] [Times: user=0.00 sys=0.00, real=0.00 secs] 
118.191: [GC (Allocation Failure) [PSYoungGen: 10240K->10240K(78336K)] 870929K->870929K(1022464K), 0.0012493 secs] [Times: user=0.00 sys=0.00, real=0.00 secs] 
118.192: [Full GC (Allocation Failure) [PSYoungGen: 10240K->0K(78336K)] [ParOldGen: 860689K->82449K(944128K)] 870929K->82449K(1022464K), [Metaspace: 2796K->2796K(1056768K)], 0.0074353 secs] [Times: user=0.00 sys=0.00, real=0.01 secs] 
120.494: [GC (Allocation Failure) [PSYoungGen: 51249K->10240K(78336K)] 389699K->348689K(1022464K), 0.0011653 secs] [Times: user=0.00 sys=0.00, real=0.00 secs] 
121.365: [GC (Allocation Failure) [PSYoungGen: 59427K->7168K(78336K)] 551477K->499217K(1022464K), 0.0014177 secs] [Times: user=0.00 sys=0.00, real=0.00 secs] 
122.128: [GC (Allocation Failure) [PSYoungGen: 49170K->21504K(78336K)] 541220K->513553K(1022464K), 0.0020813 secs] [Times: user=0.00 sys=0.00, real=0.00 secs] 
123.547: [GC (Allocation Failure) [PSYoungGen: 70694K->20480K(78336K)] 716344K->666129K(1022464K), 0.0015937 secs] [Times: user=0.00 sys=0.00, real=0.00 secs] 
124.525: [GC (Allocation Failure) [PSYoungGen: 69671K->20480K(78336K)] 868920K->819729K(1022464K), 0.0020949 secs] [Times: user=0.00 sys=0.00, real=0.00 secs] 
125.071: [GC (Allocation Failure) [PSYoungGen: 57364K->25600K(78336K)] 856613K->835089K(1022464K), 0.0025963 secs] [Times: user=0.00 sys=0.00, real=0.00 secs] 
125.288: [GC (Allocation Failure) [PSYoungGen: 47124K->25600K(78336K)] 907813K->886289K(1022464K), 0.0022224 secs] [Times: user=0.00 sys=0.00, real=0.00 secs] 
125.291: [GC (Allocation Failure) [PSYoungGen: 25600K->25600K(78336K)] 886289K->886289K(1022464K), 0.0020207 secs] [Times: user=0.00 sys=0.00, real=0.00 secs] 
125.293: [Full GC (Allocation Failure) [PSYoungGen: 25600K->0K(78336K)] [ParOldGen: 860689K->77329K(944128K)] 886289K->77329K(1022464K), [Metaspace: 2796K->2796K(1056768K)], 0.0073368 secs] [Times: user=0.00 sys=0.00, real=0.01 secs] 
126.395: [GC (Allocation Failure) [PSYoungGen: 44072K->15360K(78336K)] 223801K->195089K(1022464K), 0.0013635 secs] [Times: user=0.00 sys=0.00, real=0.00 secs] 
127.487: [GC (Allocation Failure) [PSYoungGen: 62484K->10240K(78336K)] 242213K->189969K(1022464K), 0.0011398 secs] [Times: user=0.00 sys=0.00, real=0.00 secs] 
127.923: [GC (Allocation Failure) [PSYoungGen: 42004K->15360K(78336K)] 221733K->195089K(1022464K), 0.0013355 secs] [Times: user=0.00 sys=0.00, real=0.00 secs] 
129.017: [GC (Allocation Failure) [PSYoungGen: 64528K->15360K(78336K)] 397858K->348689K(1022464K), 0.0014562 secs] [Times: user=0.00 sys=0.00, real=0.00 secs] 
129.891: [GC (Allocation Failure) [PSYoungGen: 64537K->11264K(78336K)] 551466K->498193K(1022464K), 0.0012678 secs] [Times: user=0.00 sys=0.00, real=0.00 secs] 
131.747: [GC (Allocation Failure) [PSYoungGen: 60446K->6144K(78336K)] 649776K->595473K(1022464K), 0.0010973 secs] [Times: user=0.00 sys=0.00, real=0.00 secs] 
132.182: [GC (Allocation Failure) [PSYoungGen: 37905K->16384K(78336K)] 627234K->605713K(1022464K), 0.0015334 secs] [Times: user=0.01 sys=0.00, real=0.00 secs] 
133.278: [GC (Allocation Failure) [PSYoungGen: 65572K->12288K(78336K)] 808501K->755217K(1022464K), 0.0018032 secs] [Times: user=0.00 sys=0.00, real=0.00 secs] 
134.151: [GC (Allocation Failure) [PSYoungGen: 61478K->18432K(78336K)] 958007K->914961K(1022464K), 0.0020407 secs] [Times: user=0.00 sys=0.00, real=0.00 secs] 
135.133: [GC (Allocation Failure) [PSYoungGen: 65555K->20480K(78336K)] 962085K->927249K(1022464K), 0.0029344 secs] [Times: user=0.00 sys=0.00, real=0.00 secs] 
135.242: [GC (Allocation Failure) --[PSYoungGen: 72704K->72704K(78336K)] 979473K->979473K(1022464K), 0.0014716 secs] [Times: user=0.00 sys=0.00, real=0.00 secs] 
135.244: [Full GC (Ergonomics) [PSYoungGen: 72704K->0K(78336K)] [ParOldGen: 906769K->61969K(944128K)] 979473K->61969K(1022464K), [Metaspace: 2796K->2796K(1056768K)], 0.0065687 secs] [Times: user=0.00 sys=0.00, real=0.01 secs] 
136.350: [GC (Allocation Failure) [PSYoungGen: 44057K->15360K(78336K)] 208427K->179729K(1022464K), 0.0013952 secs] [Times: user=0.00 sys=0.00, real=0.00 secs] 
137.332: [GC (Allocation Failure) [PSYoungGen: 64543K->15360K(78336K)] 382512K->353809K(1022464K), 0.0028345 secs] [Times: user=0.00 sys=0.00, real=0.00 secs] 
137.879: [GC (Allocation Failure) [PSYoungGen: 52241K->20480K(78336K)] 390690K->358929K(1022464K), 0.0017756 secs] [Times: user=0.00 sys=0.00, real=0.00 secs] 
139.081: [GC (Allocation Failure) [PSYoungGen: 62482K->10240K(78336K)] 452131K->399889K(1022464K), 0.0011592 secs] [Times: user=0.00 sys=0.00, real=0.00 secs] 
139.952: [GC (Allocation Failure) [PSYoungGen: 59430K->10240K(78336K)] 602679K->553489K(1022464K), 0.0011154 secs] [Times: user=0.00 sys=0.00, real=0.00 secs] 
140.717: [GC (Allocation Failure) [PSYoungGen: 57363K->20480K(78336K)] 600613K->563729K(1022464K), 0.0018079 secs] [Times: user=0.00 sys=0.00, real=0.00 secs] 
141.808: [GC (Allocation Failure) [PSYoungGen: 69671K->16384K(78336K)] 766521K->713233K(1022464K), 0.0017016 secs] [Times: user=0.00 sys=0.00, real=0.00 secs] 
143.445: [GC (Allocation Failure) [PSYoungGen: 65576K->21504K(78336K)] 762425K->718353K(1022464K), 0.0016220 secs] [Times: user=0.00 sys=0.00, real=0.00 secs] 
144.428: [GC (Allocation Failure) [PSYoungGen: 70680K->21504K(78336K)] 921130K->871953K(1022464K), 0.0020188 secs] [Times: user=0.00 sys=0.00, real=0.00 secs] 
144.975: [GC (Allocation Failure) [PSYoungGen: 58383K->21504K(78336K)] 908832K->887313K(1022464K), 0.0028453 secs] [Times: user=0.00 sys=0.00, real=0.00 secs] 
145.195: [Full GC (Ergonomics) [PSYoungGen: 43024K->0K(78336K)] [ParOldGen: 917009K->78353K(944128K)] 960034K->78353K(1022464K), [Metaspace: 2796K->2796K(1056768K)], 0.0074658 secs] [Times: user=0.02 sys=0.00, real=0.01 secs] 
147.065: [GC (Allocation Failure) [PSYoungGen: 51250K->25600K(78336K)] 385604K->359953K(1022464K), 0.0023477 secs] [Times: user=0.00 sys=0.00, real=0.00 secs] 
147.831: [GC (Allocation Failure) [PSYoungGen: 72722K->15360K(78336K)] 407075K->370193K(1022464K), 0.0027430 secs] [Times: user=0.00 sys=0.00, real=0.00 secs] 
148.922: [GC (Allocation Failure) [PSYoungGen: 64549K->15360K(78336K)] 572983K->523793K(1022464K), 0.0015480 secs] [Times: user=0.00 sys=0.00, real=0.00 secs] 
150.121: [GC (Allocation Failure) [PSYoungGen: 62483K->0K(78336K)] 724517K->662033K(1022464K), 0.0012969 secs] [Times: user=0.00 sys=0.00, real=0.00 secs] 
150.665: [GC (Allocation Failure) [PSYoungGen: 36883K->15360K(78336K)] 698917K->677393K(1022464K), 0.0015994 secs] [Times: user=0.00 sys=0.00, real=0.00 secs] 
151.754: [GC (Allocation Failure) [PSYoungGen: 64531K->11264K(78336K)] 880165K->826897K(1022464K), 0.0016184 secs] [Times: user=0.00 sys=0.00, real=0.00 secs] 
152.299: [GC (Allocation Failure) [PSYoungGen: 58381K->11264K(78336K)] 925215K->878097K(1022464K), 0.0015550 secs] [Times: user=0.00 sys=0.00, real=0.00 secs] 
152.301: [GC (Allocation Failure) [PSYoungGen: 11264K->11264K(78336K)] 878097K->878097K(1022464K), 0.0015085 secs] [Times: user=0.00 sys=0.00, real=0.00 secs] 
152.302: [Full GC (Allocation Failure) [PSYoungGen: 11264K->0K(78336K)] [ParOldGen: 866833K->62993K(944128K)] 878097K->62993K(1022464K), [Metaspace: 2796K->2796K(1056768K)], 0.0062769 secs] [Times: user=0.00 sys=0.00, real=0.01 secs] 
154.171: [GC (Allocation Failure) [PSYoungGen: 50223K->10240K(78336K)] 215617K->175633K(1022464K), 0.0009633 secs] [Times: user=0.00 sys=0.00, real=0.00 secs] 
154.933: [GC (Allocation Failure) [PSYoungGen: 57361K->25600K(78336K)] 222755K->190993K(1022464K), 0.0016744 secs] [Times: user=0.00 sys=0.00, real=0.00 secs] 
156.029: [GC (Allocation Failure) [PSYoungGen: 74789K->25600K(78336K)] 393782K->344593K(1022464K), 0.0019664 secs] [Times: user=0.00 sys=0.00, real=0.00 secs] 
156.902: [GC (Allocation Failure) [PSYoungGen: 74790K->21504K(78336K)] 547384K->514577K(1022464K), 0.0032230 secs] [Times: user=0.00 sys=0.00, real=0.00 secs] 
158.539: [GC (Allocation Failure) [PSYoungGen: 70695K->5120K(78336K)] 717369K->651793K(1022464K), 0.0016900 secs] [Times: user=0.00 sys=0.00, real=0.00 secs] 
159.193: [GC (Allocation Failure) [PSYoungGen: 47124K->15360K(78336K)] 693797K->662033K(1022464K), 0.0017289 secs] [Times: user=0.00 sys=0.00, real=0.00 secs] 
160.282: [GC (Allocation Failure) [PSYoungGen: 64552K->15360K(78336K)] 864825K->815633K(1022464K), 0.0014651 secs] [Times: user=0.00 sys=0.00, real=0.00 secs] 
160.827: [GC (Allocation Failure) [PSYoungGen: 62484K->10240K(78336K)] 913957K->861713K(1022464K), 0.0016411 secs] [Times: user=0.00 sys=0.00, real=0.00 secs] 
160.828: [GC (Allocation Failure) [PSYoungGen: 10240K->10240K(78336K)] 861713K->861713K(1022464K), 0.0012992 secs] [Times: user=0.00 sys=0.00, real=0.00 secs] 
160.830: [Full GC (Allocation Failure) [PSYoungGen: 10240K->0K(78336K)] [ParOldGen: 851473K->215569K(944128K)] 861713K->215569K(1022464K), [Metaspace: 2796K->2796K(1056768K)], 0.0159817 secs] [Times: user=0.00 sys=0.00, real=0.02 secs] 
162.044: [GC (Allocation Failure) [PSYoungGen: 32808K->15360K(78336K)] 350778K->333329K(1022464K), 0.0015230 secs] [Times: user=0.00 sys=0.00, real=0.00 secs] 
163.137: [GC (Allocation Failure) [PSYoungGen: 64552K->11264K(78336K)] 536122K->482833K(1022464K), 0.0013244 secs] [Times: user=0.00 sys=0.00, real=0.00 secs] 
164.011: [GC (Allocation Failure) [PSYoungGen: 59412K->17408K(78336K)] 684581K->642577K(1022464K), 0.0017998 secs] [Times: user=0.00 sys=0.00, real=0.00 secs] 
164.778: [GC (Allocation Failure) [PSYoungGen: 59412K->21504K(78336K)] 684582K->656913K(1022464K), 0.0025093 secs] [Times: user=0.00 sys=0.00, real=0.00 secs] 
166.092: [GC (Allocation Failure) [PSYoungGen: 63508K->10240K(78336K)] 698917K->645649K(1022464K), 0.0011903 secs] [Times: user=0.00 sys=0.00, real=0.00 secs] 
166.967: [GC (Allocation Failure) [PSYoungGen: 59414K->25600K(78336K)] 848424K->819729K(1022464K), 0.0028089 secs] [Times: user=0.00 sys=0.00, real=0.00 secs] 
167.731: [GC (Allocation Failure) [PSYoungGen: 72718K->20480K(78336K)] 866848K->835089K(1022464K), 0.0032867 secs] [Times: user=0.00 sys=0.00, real=0.00 secs] 
167.950: [GC (Allocation Failure) [PSYoungGen: 42000K->10240K(78336K)] 907810K->876049K(1022464K), 0.0015449 secs] [Times: user=0.00 sys=0.00, real=0.00 secs] 
167.952: [GC (Allocation Failure) [PSYoungGen: 10240K->10240K(78336K)] 876049K->876049K(1022464K), 0.0011036 secs] [Times: user=0.00 sys=0.00, real=0.00 secs] 
167.953: [Full GC (Allocation Failure) [PSYoungGen: 10240K->0K(78336K)] [ParOldGen: 865809K->82449K(944128K)] 876049K->82449K(1022464K), [Metaspace: 2796K->2796K(1056768K)], 0.0075619 secs] [Times: user=0.00 sys=0.00, real=0.01 secs] 
170.251: [GC (Allocation Failure) [PSYoungGen: 51249K->10240K(78336K)] 389699K->348689K(1022464K), 0.0011338 secs] [Times: user=0.00 sys=0.00, real=0.00 secs] 
171.122: [GC (Allocation Failure) [PSYoungGen: 59427K->7168K(78336K)] 551477K->499217K(1022464K), 0.0010819 secs] [Times: user=0.00 sys=0.00, real=0.00 secs] 
171.888: [GC (Allocation Failure) [PSYoungGen: 49170K->21504K(78336K)] 541220K->513553K(1022464K), 0.0018967 secs] [Times: user=0.00 sys=0.00, real=0.00 secs] 
173.306: [GC (Allocation Failure) [PSYoungGen: 70694K->20480K(78336K)] 716344K->666129K(1022464K), 0.0019120 secs] [Times: user=0.00 sys=0.00, real=0.00 secs] 
174.286: [GC (Allocation Failure) [PSYoungGen: 69671K->20480K(78336K)] 868920K->819729K(1022464K), 0.0022460 secs] [Times: user=0.00 sys=0.00, real=0.00 secs] 
174.829: [GC (Allocation Failure) [PSYoungGen: 57364K->25600K(78336K)] 856613K->835089K(1022464K), 0.0023260 secs] [Times: user=0.00 sys=0.00, real=0.00 secs] 
175.047: [GC (Allocation Failure) [PSYoungGen: 47124K->15360K(78336K)] 907813K->876049K(1022464K), 0.0022877 secs] [Times: user=0.00 sys=0.00, real=0.00 secs] 
175.050: [GC (Allocation Failure) [PSYoungGen: 15360K->15360K(78336K)] 876049K->876049K(1022464K), 0.0023888 secs] [Times: user=0.00 sys=0.00, real=0.00 secs] 
175.052: [Full GC (Allocation Failure) [PSYoungGen: 15360K->0K(78336K)] [ParOldGen: 860689K->77329K(944128K)] 876049K->77329K(1022464K), [Metaspace: 2796K->2796K(1056768K)], 0.0073375 secs] [Times: user=0.00 sys=0.00, real=0.01 secs] 
176.153: [GC (Allocation Failure) [PSYoungGen: 44072K->15360K(78336K)] 223801K->195089K(1022464K), 0.0015824 secs] [Times: user=0.00 sys=0.00, real=0.00 secs] 
177.244: [GC (Allocation Failure) [PSYoungGen: 62484K->10240K(78336K)] 242213K->189969K(1022464K), 0.0012224 secs] [Times: user=0.00 sys=0.00, real=0.00 secs] 
177.681: [GC (Allocation Failure) [PSYoungGen: 42004K->15360K(78336K)] 221733K->195089K(1022464K), 0.0015293 secs] [Times: user=0.00 sys=0.00, real=0.00 secs] 
178.770: [GC (Allocation Failure) [PSYoungGen: 64528K->15360K(78336K)] 397858K->348689K(1022464K), 0.0015106 secs] [Times: user=0.00 sys=0.00, real=0.00 secs] 
179.641: [GC (Allocation Failure) [PSYoungGen: 64537K->11264K(78336K)] 551466K->498193K(1022464K), 0.0012431 secs] [Times: user=0.00 sys=0.00, real=0.00 secs] 
181.494: [GC (Allocation Failure) [PSYoungGen: 60446K->6144K(78336K)] 649776K->595473K(1022464K), 0.0016417 secs] [Times: user=0.02 sys=0.00, real=0.00 secs] 
181.931: [GC (Allocation Failure) [PSYoungGen: 37905K->16384K(78336K)] 627234K->605713K(1022464K), 0.0016179 secs] [Times: user=0.00 sys=0.00, real=0.00 secs] 
183.024: [GC (Allocation Failure) [PSYoungGen: 65572K->12288K(78336K)] 808501K->755217K(1022464K), 0.0015096 secs] [Times: user=0.00 sys=0.00, real=0.00 secs] 
183.896: [GC (Allocation Failure) [PSYoungGen: 61478K->18432K(78336K)] 958007K->914961K(1022464K), 0.0021701 secs] [Times: user=0.00 sys=0.00, real=0.00 secs] 
184.877: [GC (Allocation Failure) [PSYoungGen: 65555K->20480K(78336K)] 962085K->927249K(1022464K), 0.0027251 secs] [Times: user=0.00 sys=0.00, real=0.00 secs] 
184.986: [GC (Allocation Failure) --[PSYoungGen: 72704K->72704K(78336K)] 979473K->979473K(1022464K), 0.0021439 secs] [Times: user=0.00 sys=0.00, real=0.00 secs] 
184.988: [Full GC (Ergonomics) [PSYoungGen: 72704K->0K(78336K)] [ParOldGen: 906769K->61969K(944128K)] 979473K->61969K(1022464K), [Metaspace: 2796K->2796K(1056768K)], 0.0066623 secs] [Times: user=0.00 sys=0.00, real=0.01 secs] 
186.095: [GC (Allocation Failure) [PSYoungGen: 44057K->15360K(78336K)] 208427K->179729K(1022464K), 0.0013940 secs] [Times: user=0.00 sys=0.00, real=0.00 secs] 
187.076: [GC (Allocation Failure) [PSYoungGen: 64543K->15360K(78336K)] 382512K->353809K(1022464K), 0.0027896 secs] [Times: user=0.00 sys=0.00, real=0.00 secs] 
187.623: [GC (Allocation Failure) [PSYoungGen: 52241K->20480K(78336K)] 390690K->358929K(1022464K), 0.0017337 secs] [Times: user=0.00 sys=0.00, real=0.00 secs] 
188.823: [GC (Allocation Failure) [PSYoungGen: 62482K->10240K(78336K)] 452131K->399889K(1022464K), 0.0011082 secs] [Times: user=0.00 sys=0.00, real=0.00 secs] 
189.696: [GC (Allocation Failure) [PSYoungGen: 59430K->10240K(78336K)] 602679K->553489K(1022464K), 0.0012281 secs] [Times: user=0.00 sys=0.00, real=0.00 secs] 
190.460: [GC (Allocation Failure) [PSYoungGen: 57363K->20480K(78336K)] 600613K->563729K(1022464K), 0.0018839 secs] [Times: user=0.00 sys=0.00, real=0.00 secs] 
191.549: [GC (Allocation Failure) [PSYoungGen: 69671K->16416K(78336K)] 766521K->713265K(1022464K), 0.0014345 secs] [Times: user=0.00 sys=0.00, real=0.00 secs] 
193.188: [GC (Allocation Failure) [PSYoungGen: 65608K->21536K(78336K)] 762457K->718385K(1022464K), 0.0016591 secs] [Times: user=0.00 sys=0.00, real=0.00 secs] 
194.171: [GC (Allocation Failure) [PSYoungGen: 70712K->21568K(78336K)] 921162K->872017K(1022464K), 0.0020893 secs] [Times: user=0.00 sys=0.00, real=0.00 secs] 
194.715: [GC (Allocation Failure) [PSYoungGen: 58447K->21568K(78336K)] 908896K->887377K(1022464K), 0.0026807 secs] [Times: user=0.00 sys=0.00, real=0.00 secs] 
194.932: [Full GC (Ergonomics) [PSYoungGen: 43088K->0K(78336K)] [ParOldGen: 917009K->78353K(944128K)] 960098K->78353K(1022464K), [Metaspace: 2796K->2796K(1056768K)], 0.0072979 secs] [Times: user=0.00 sys=0.00, real=0.01 secs] 
196.804: [GC (Allocation Failure) [PSYoungGen: 51250K->25600K(78336K)] 385604K->359953K(1022464K), 0.0023435 secs] [Times: user=0.00 sys=0.00, real=0.00 secs] 
197.569: [GC (Allocation Failure) [PSYoungGen: 72722K->25600K(78336K)] 407076K->370193K(1022464K), 0.0029063 secs] [Times: user=0.00 sys=0.00, real=0.00 secs] 
198.660: [GC (Allocation Failure) [PSYoungGen: 74789K->25600K(78336K)] 572983K->534033K(1022464K), 0.0027705 secs] [Times: user=0.00 sys=0.00, real=0.00 secs] 
199.864: [GC (Allocation Failure) [PSYoungGen: 72723K->0K(78336K)] 734757K->662033K(1022464K), 0.0013163 secs] [Times: user=0.00 sys=0.00, real=0.00 secs] 
200.409: [GC (Allocation Failure) [PSYoungGen: 36883K->15360K(78336K)] 698917K->677393K(1022464K), 0.0016827 secs] [Times: user=0.00 sys=0.00, real=0.00 secs] 
201.498: [GC (Allocation Failure) [PSYoungGen: 64531K->11264K(78336K)] 880165K->826898K(1022464K), 0.0015402 secs] [Times: user=0.00 sys=0.00, real=0.00 secs] 
202.045: [GC (Allocation Failure) [PSYoungGen: 58381K->11264K(78336K)] 925215K->878098K(1022464K), 0.0016192 secs] [Times: user=0.00 sys=0.00, real=0.00 secs] 
202.047: [GC (Allocation Failure) [PSYoungGen: 11264K->11264K(78336K)] 878098K->878098K(1022464K), 0.0016916 secs] [Times: user=0.00 sys=0.00, real=0.00 secs] 
202.049: [Full GC (Allocation Failure) [PSYoungGen: 11264K->0K(78336K)] [ParOldGen: 866834K->62993K(944128K)] 878098K->62993K(1022464K), [Metaspace: 2796K->2796K(1056768K)], 0.0070621 secs] [Times: user=0.00 sys=0.00, real=0.01 secs] 
203.915: [GC (Allocation Failure) [PSYoungGen: 50223K->10240K(78336K)] 215617K->175633K(1022464K), 0.0010567 secs] [Times: user=0.00 sys=0.00, real=0.00 secs] 
204.679: [GC (Allocation Failure) [PSYoungGen: 57361K->25600K(78336K)] 222755K->190993K(1022464K), 0.0019628 secs] [Times: user=0.00 sys=0.00, real=0.00 secs] 
205.772: [GC (Allocation Failure) [PSYoungGen: 74789K->25600K(78336K)] 393783K->344593K(1022464K), 0.0019865 secs] [Times: user=0.00 sys=0.00, real=0.00 secs] 
206.644: [GC (Allocation Failure) [PSYoungGen: 74790K->21504K(78336K)] 547384K->514577K(1022464K), 0.0033417 secs] [Times: user=0.00 sys=0.00, real=0.00 secs] 
208.281: [GC (Allocation Failure) [PSYoungGen: 70695K->5120K(78336K)] 717369K->651793K(1022464K), 0.0019296 secs] [Times: user=0.00 sys=0.00, real=0.00 secs] 
208.937: [GC (Allocation Failure) [PSYoungGen: 47124K->15360K(78336K)] 693797K->662033K(1022464K), 0.0016489 secs] [Times: user=0.00 sys=0.00, real=0.00 secs] 
210.027: [GC (Allocation Failure) [PSYoungGen: 64552K->15360K(78336K)] 864826K->815633K(1022464K), 0.0016342 secs] [Times: user=0.00 sys=0.00, real=0.00 secs] 
210.572: [GC (Allocation Failure) [PSYoungGen: 62484K->10240K(78336K)] 913958K->861713K(1022464K), 0.0017293 secs] [Times: user=0.00 sys=0.00, real=0.00 secs] 
210.574: [GC (Allocation Failure) [PSYoungGen: 10240K->10240K(78336K)] 861713K->861713K(1022464K), 0.0014002 secs] [Times: user=0.00 sys=0.00, real=0.00 secs] 
210.575: [Full GC (Allocation Failure) [PSYoungGen: 10240K->0K(78336K)] [ParOldGen: 851473K->215569K(944128K)] 861713K->215569K(1022464K), [Metaspace: 2796K->2796K(1056768K)], 0.0157755 secs] [Times: user=0.00 sys=0.00, real=0.02 secs] 
211.785: [GC (Allocation Failure) [PSYoungGen: 32808K->15360K(78336K)] 350778K->333329K(1022464K), 0.0015866 secs] [Times: user=0.00 sys=0.00, real=0.00 secs] 
212.879: [GC (Allocation Failure) [PSYoungGen: 64552K->11264K(78336K)] 536122K->482833K(1022464K), 0.0012006 secs] [Times: user=0.00 sys=0.00, real=0.00 secs] 
213.754: [GC (Allocation Failure) [PSYoungGen: 59412K->17408K(78336K)] 684582K->642577K(1022464K), 0.0017475 secs] [Times: user=0.00 sys=0.00, real=0.00 secs] 
214.516: [GC (Allocation Failure) [PSYoungGen: 59412K->21504K(78336K)] 684582K->656913K(1022464K), 0.0023107 secs] [Times: user=0.00 sys=0.00, real=0.00 secs] 
215.822: [GC (Allocation Failure) [PSYoungGen: 63508K->10240K(78336K)] 698918K->645649K(1022464K), 0.0014964 secs] [Times: user=0.01 sys=0.00, real=0.00 secs] 
216.696: [GC (Allocation Failure) [PSYoungGen: 59414K->10240K(78336K)] 848424K->819729K(1022464K), 0.0026512 secs] [Times: user=0.00 sys=0.00, real=0.00 secs] 
217.460: [GC (Allocation Failure) [PSYoungGen: 57358K->20480K(78336K)] 866848K->829969K(1022464K), 0.0022825 secs] [Times: user=0.00 sys=0.00, real=0.00 secs] 
217.678: [GC (Allocation Failure) [PSYoungGen: 42000K->10240K(78336K)] 902690K->870929K(1022464K), 0.0016547 secs] [Times: user=0.00 sys=0.00, real=0.00 secs] 
217.680: [GC (Allocation Failure) [PSYoungGen: 10240K->10240K(78336K)] 870929K->870929K(1022464K), 0.0011245 secs] [Times: user=0.00 sys=0.00, real=0.00 secs] 
217.681: [Full GC (Allocation Failure) [PSYoungGen: 10240K->0K(78336K)] [ParOldGen: 860689K->82449K(944128K)] 870929K->82449K(1022464K), [Metaspace: 2796K->2796K(1056768K)], 0.0073489 secs] [Times: user=0.02 sys=0.00, real=0.01 secs] 
Heap
 PSYoungGen      total 78336K, used 24629K [0x00000000f9a00000, 0x0000000100000000, 0x0000000100000000)
  eden space 52224K, 47% used [0x00000000f9a00000,0x00000000fb20d7a0,0x00000000fcd00000)
  from space 26112K, 0% used [0x00000000fe680000,0x00000000fe680000,0x0000000100000000)
  to   space 26112K, 0% used [0x00000000fcd00000,0x00000000fcd00000,0x00000000fe680000)
 ParOldGen       total 944128K, used 184849K [0x00000000c0000000, 0x00000000f9a00000, 0x00000000f9a00000)
  object space 944128K, 19% used [0x00000000c0000000,0x00000000cb484730,0x00000000f9a00000)
 Metaspace       used 2804K, capacity 4486K, committed 4864K, reserved 1056768K
  class space    used 297K, capacity 386K, committed 512K, reserved 1048576K
