Java HotSpot(TM) 64-Bit Server VM (25.411-b09) for windows-amd64 JRE (1.8.0_411-b09), built on Mar 13 2024 07:26:13 by "java_re" with MS VC++ 17.1 (VS2022)
Memory: 4k page, physical 33403376k(14862192k free), swap 36560744k(6963328k free)
CommandLine flags: -XX:InitialHeapSize=2147483648 -XX:MaxHeapSize=2147483648 -XX:ParallelGCThreads=8 -XX:+PrintGC -XX:+PrintGCDetails -XX:+PrintGCTimeStamps -XX:+UseCompressedClassPointers -XX:+UseCompressedOops -XX:-UseLargePagesIndividualAllocation -XX:+UseParallelGC 
4.857: [GC (Allocation Failure) [PSYoungGen: 520704K->10992K(611840K)] 520704K->11000K(2010112K), 0.0026283 secs] [Times: user=0.00 sys=0.00, real=0.00 secs] 
8.464: [GC (Allocation Failure) [PSYoungGen: 497653K->21200K(611840K)] 497661K->21216K(2010112K), 0.0155762 secs] [Times: user=0.00 sys=0.00, real=0.02 secs] 
11.425: [GC (Allocation Failure) [PSYoungGen: 528078K->62208K(611840K)] 528094K->215824K(2010112K), 0.0459074 secs] [Times: user=0.06 sys=0.02, real=0.05 secs] 
14.307: [GC (Allocation Failure) [PSYoungGen: 500908K->68336K(611840K)] 654524K->221960K(2010112K), 0.0160652 secs] [Times: user=0.00 sys=0.00, real=0.02 secs] 
18.579: [GC (Allocation Failure) [PSYoungGen: 575326K->82584K(594944K)] 728950K->287416K(1993216K), 0.0198056 secs] [Times: user=0.02 sys=0.00, real=0.02 secs] 
21.759: [GC (Allocation Failure) [PSYoungGen: 591404K->7872K(573952K)] 796236K->315112K(1972224K), 0.0327378 secs] [Times: user=0.00 sys=0.02, real=0.03 secs] 
25.499: [GC (Allocation Failure) [PSYoungGen: 488496K->35872K(590848K)] 795736K->343728K(1989120K), 0.0024559 secs] [Times: user=0.00 sys=0.00, real=0.00 secs] 
29.104: [GC (Allocation Failure) [PSYoungGen: 518559K->61504K(595456K)] 826415K->369392K(1993728K), 0.0047143 secs] [Times: user=0.00 sys=0.00, real=0.00 secs] 
32.821: [GC (Allocation Failure) [PSYoungGen: 532156K->57376K(596992K)] 840044K->365272K(1995264K), 0.0059995 secs] [Times: user=0.00 sys=0.00, real=0.01 secs] 
35.678: [GC (Allocation Failure) [PSYoungGen: 487081K->61440K(597504K)] 794977K->369352K(1995776K), 0.0048221 secs] [Times: user=0.00 sys=0.00, real=0.01 secs] 
39.626: [GC (Allocation Failure) [PSYoungGen: 547493K->15360K(597504K)] 855405K->323272K(1995776K), 0.0022130 secs] [Times: user=0.00 sys=0.00, real=0.00 secs] 
43.878: [GC (Allocation Failure) [PSYoungGen: 503467K->21504K(599552K)] 811379K->329416K(1997824K), 0.0020285 secs] [Times: user=0.00 sys=0.00, real=0.00 secs] 
46.937: [GC (Allocation Failure) [PSYoungGen: 476887K->40960K(597504K)] 784799K->348872K(1995776K), 0.0026024 secs] [Times: user=0.00 sys=0.00, real=0.00 secs] 
49.784: [GC (Allocation Failure) [PSYoungGen: 496345K->81920K(585728K)] 804257K->410312K(1984000K), 0.0153659 secs] [Times: user=0.01 sys=0.00, real=0.02 secs] 
52.756: [GC (Allocation Failure) [PSYoungGen: 573023K->62464K(555008K)] 901415K->390856K(1953280K), 0.0053267 secs] [Times: user=0.00 sys=0.00, real=0.01 secs] 
56.905: [GC (Allocation Failure) [PSYoungGen: 508513K->61440K(594944K)] 836905K->389832K(1993216K), 0.0037430 secs] [Times: user=0.00 sys=0.00, real=0.00 secs] 
59.850: [GC (Allocation Failure) [PSYoungGen: 532030K->56320K(594944K)] 860422K->435912K(1993216K), 0.0174342 secs] [Times: user=0.03 sys=0.00, real=0.02 secs] 
62.703: [GC (Allocation Failure) [PSYoungGen: 491076K->56320K(600576K)] 870668K->435912K(1998848K), 0.0047149 secs] [Times: user=0.00 sys=0.00, real=0.00 secs] 
66.866: [GC (Allocation Failure) [PSYoungGen: 511734K->46080K(598016K)] 891326K->425672K(1996288K), 0.0026198 secs] [Times: user=0.00 sys=0.00, real=0.00 secs] 
69.813: [GC (Allocation Failure) [PSYoungGen: 501487K->51200K(608256K)] 881079K->430792K(2006528K), 0.0048407 secs] [Times: user=0.00 sys=0.00, real=0.00 secs] 
72.664: [GC (Allocation Failure) [PSYoungGen: 506897K->62464K(604672K)] 886489K->544456K(2002944K), 0.0333864 secs] [Times: user=0.02 sys=0.02, real=0.03 secs] 
75.531: [GC (Allocation Failure) [PSYoungGen: 492561K->76800K(596480K)] 974553K->558792K(1994752K), 0.0056844 secs] [Times: user=0.00 sys=0.00, real=0.01 secs] 
79.699: [GC (Allocation Failure) [PSYoungGen: 547683K->81920K(587776K)] 1029676K->563912K(1986048K), 0.0058333 secs] [Times: user=0.00 sys=0.00, real=0.01 secs] 
82.642: [GC (Allocation Failure) [PSYoungGen: 491365K->57344K(600576K)] 973357K->539336K(1998848K), 0.0048332 secs] [Times: user=0.00 sys=0.00, real=0.01 secs] 
85.493: [GC (Allocation Failure) [PSYoungGen: 487116K->61440K(595968K)] 969108K->543432K(1994240K), 0.0054264 secs] [Times: user=0.00 sys=0.00, real=0.01 secs] 
89.546: [GC (Allocation Failure) [PSYoungGen: 557774K->15360K(596480K)] 1039766K->497352K(1994752K), 0.0018909 secs] [Times: user=0.00 sys=0.00, real=0.00 secs] 
93.795: [GC (Allocation Failure) [PSYoungGen: 503555K->21504K(522240K)] 985547K->503496K(1920512K), 0.0020092 secs] [Times: user=0.00 sys=0.00, real=0.00 secs] 
96.846: [GC (Allocation Failure) [PSYoungGen: 517891K->71680K(592896K)] 999884K->553672K(1991168K), 0.0058935 secs] [Times: user=0.02 sys=0.00, real=0.01 secs] 
99.716: [GC (Allocation Failure) [PSYoungGen: 526965K->61440K(595968K)] 1008957K->615112K(1994240K), 0.0304027 secs] [Times: user=0.01 sys=0.00, real=0.03 secs] 
102.588: [GC (Allocation Failure) [PSYoungGen: 501366K->62464K(598528K)] 1055038K->616136K(1996800K), 0.0048871 secs] [Times: user=0.00 sys=0.00, real=0.00 secs] 
106.748: [GC (Allocation Failure) [PSYoungGen: 508616K->61440K(597504K)] 1062288K->615112K(1995776K), 0.0036784 secs] [Times: user=0.00 sys=0.00, real=0.00 secs] 
109.695: [GC (Allocation Failure) [PSYoungGen: 532152K->56320K(604160K)] 1085824K->661192K(2002432K), 0.0172045 secs] [Times: user=0.02 sys=0.00, real=0.02 secs] 
112.541: [GC (Allocation Failure) [PSYoungGen: 491371K->56320K(600576K)] 1096244K->661192K(1998848K), 0.0050995 secs] [Times: user=0.00 sys=0.00, real=0.00 secs] 
116.681: [GC (Allocation Failure) [PSYoungGen: 511853K->46080K(609792K)] 1116726K->650952K(2008064K), 0.0027675 secs] [Times: user=0.00 sys=0.00, real=0.00 secs] 
119.623: [GC (Allocation Failure) [PSYoungGen: 501862K->51200K(607744K)] 1106734K->656072K(2006016K), 0.0046048 secs] [Times: user=0.00 sys=0.00, real=0.01 secs] 
122.454: [GC (Allocation Failure) [PSYoungGen: 506984K->62464K(612864K)] 1111856K->769736K(2011136K), 0.0357322 secs] [Times: user=0.00 sys=0.00, real=0.04 secs] 
125.325: [GC (Allocation Failure) [PSYoungGen: 492813K->76800K(604160K)] 1200085K->784072K(2002432K), 0.0056213 secs] [Times: user=0.00 sys=0.00, real=0.00 secs] 
129.600: [GC (Allocation Failure) [PSYoungGen: 599308K->61440K(609280K)] 1306580K->819912K(2007552K), 0.0169439 secs] [Times: user=0.02 sys=0.00, real=0.02 secs] 
133.656: [GC (Allocation Failure) [PSYoungGen: 579584K->27648K(546304K)] 1338056K->786120K(1944576K), 0.0025912 secs] [Times: user=0.00 sys=0.00, real=0.00 secs] 
136.716: [GC (Allocation Failure) [PSYoungGen: 529470K->87040K(590848K)] 1287942K->845512K(1989120K), 0.0060844 secs] [Times: user=0.00 sys=0.00, real=0.01 secs] 
140.763: [GC (Allocation Failure) [PSYoungGen: 583386K->20480K(520192K)] 1341858K->881352K(1918464K), 0.0326801 secs] [Times: user=0.03 sys=0.01, real=0.03 secs] 
145.055: [GC (Allocation Failure) [PSYoungGen: 508642K->36864K(599040K)] 1369514K->897736K(1997312K), 0.0026281 secs] [Times: user=0.00 sys=0.00, real=0.00 secs] 
148.117: [GC (Allocation Failure) [PSYoungGen: 533182K->76800K(574464K)] 1394055K->988872K(1972736K), 0.0195447 secs] [Times: user=0.02 sys=0.00, real=0.02 secs] 
150.974: [GC (Allocation Failure) [PSYoungGen: 516802K->56320K(599040K)] 1428874K->968392K(1997312K), 0.0053150 secs] [Times: user=0.00 sys=0.00, real=0.00 secs] 
155.126: [GC (Allocation Failure) [PSYoungGen: 502417K->35840K(594432K)] 1414489K->947912K(1992704K), 0.0040179 secs] [Times: user=0.00 sys=0.00, real=0.00 secs] 
158.071: [GC (Allocation Failure) [PSYoungGen: 506498K->51200K(604160K)] 1418571K->1014472K(2002432K), 0.0166620 secs] [Times: user=0.00 sys=0.00, real=0.02 secs] 
160.933: [GC (Allocation Failure) [PSYoungGen: 506720K->61440K(600064K)] 1469992K->1178312K(1998336K), 0.0467750 secs] [Times: user=0.03 sys=0.03, real=0.05 secs] 
163.819: [GC (Allocation Failure) [PSYoungGen: 496483K->67584K(603136K)] 1613355K->1184456K(2001408K), 0.0059699 secs] [Times: user=0.00 sys=0.00, real=0.01 secs] 
168.091: [GC (Allocation Failure) [PSYoungGen: 574390K->81920K(591872K)] 1691262K->1249992K(1990144K), 0.0186590 secs] [Times: user=0.02 sys=0.00, real=0.02 secs] 
171.277: [GC (Allocation Failure) [PSYoungGen: 590768K->7168K(589824K)] 1758840K->1277640K(1988096K), 0.0378337 secs] [Times: user=0.05 sys=0.00, real=0.04 secs] 
171.315: [Full GC (Ergonomics) [PSYoungGen: 7168K->0K(589824K)] [ParOldGen: 1270472K->110097K(1398272K)] 1277640K->110097K(1988096K), [Metaspace: 2796K->2796K(1056768K)], 0.0232393 secs] [Times: user=0.02 sys=0.00, real=0.02 secs] 
175.055: [GC (Allocation Failure) [PSYoungGen: 480795K->35840K(593920K)] 590892K->145937K(1992192K), 0.0023233 secs] [Times: user=0.00 sys=0.00, real=0.00 secs] 
178.764: [GC (Allocation Failure) [PSYoungGen: 521694K->61440K(597504K)] 631791K->171537K(1995776K), 0.0154192 secs] [Times: user=0.00 sys=0.00, real=0.01 secs] 
182.379: [GC (Allocation Failure) [PSYoungGen: 526952K->57344K(595968K)] 637050K->167441K(1994240K), 0.0042998 secs] [Times: user=0.01 sys=0.00, real=0.00 secs] 
185.211: [GC (Allocation Failure) [PSYoungGen: 487033K->61440K(601600K)] 597130K->171537K(1999872K), 0.0051768 secs] [Times: user=0.00 sys=0.00, real=0.01 secs] 
189.265: [GC (Allocation Failure) [PSYoungGen: 557872K->15360K(519168K)] 667970K->125457K(1917440K), 0.0014004 secs] [Times: user=0.00 sys=0.00, real=0.00 secs] 
193.530: [GC (Allocation Failure) [PSYoungGen: 503606K->21536K(599552K)] 613704K->131633K(1997824K), 0.0019048 secs] [Times: user=0.00 sys=0.00, real=0.00 secs] 
196.583: [GC (Allocation Failure) [PSYoungGen: 517917K->71712K(572416K)] 628014K->181817K(1970688K), 0.0055056 secs] [Times: user=0.02 sys=0.00, real=0.01 secs] 
199.420: [GC (Allocation Failure) [PSYoungGen: 527136K->61440K(596480K)] 637241K->243233K(1994752K), 0.0154090 secs] [Times: user=0.00 sys=0.00, real=0.02 secs] 
202.275: [GC (Allocation Failure) [PSYoungGen: 501362K->62464K(595456K)] 683155K->244257K(1993728K), 0.0058401 secs] [Times: user=0.00 sys=0.00, real=0.01 secs] 
206.434: [GC (Allocation Failure) [PSYoungGen: 508532K->61440K(598528K)] 690325K->243233K(1996800K), 0.0037655 secs] [Times: user=0.00 sys=0.00, real=0.00 secs] 
209.381: [GC (Allocation Failure) [PSYoungGen: 532151K->56320K(597504K)] 713944K->289313K(1995776K), 0.0158750 secs] [Times: user=0.00 sys=0.00, real=0.02 secs] 
212.229: [GC (Allocation Failure) [PSYoungGen: 491197K->56320K(605184K)] 724190K->289313K(2003456K), 0.0051349 secs] [Times: user=0.00 sys=0.00, real=0.00 secs] 
216.500: [GC (Allocation Failure) [PSYoungGen: 563106K->76800K(585728K)] 796099K->309793K(1984000K), 0.0054349 secs] [Times: user=0.00 sys=0.00, real=0.01 secs] 
Heap
 PSYoungGen      total 585728K, used 440148K [0x00000000d5580000, 0x0000000100000000, 0x0000000100000000)
  eden space 508416K, 71% used [0x00000000d5580000,0x00000000eb855318,0x00000000f4600000)
  from space 77312K, 99% used [0x00000000f4600000,0x00000000f9100030,0x00000000f9180000)
  to   space 98304K, 0% used [0x00000000fa000000,0x00000000fa000000,0x0000000100000000)
 ParOldGen       total 1398272K, used 232993K [0x0000000080000000, 0x00000000d5580000, 0x00000000d5580000)
  object space 1398272K, 16% used [0x0000000080000000,0x000000008e3885b8,0x00000000d5580000)
 Metaspace       used 2804K, capacity 4486K, committed 4864K, reserved 1056768K
  class space    used 297K, capacity 386K, committed 512K, reserved 1048576K
