Java HotSpot(TM) 64-Bit Server VM (25.411-b09) for windows-amd64 JRE (1.8.0_411-b09), built on Mar 13 2024 07:26:13 by "java_re" with MS VC++ 17.1 (VS2022)
Memory: 4k page, physical 33403376k(14432012k free), swap 36670664k(7366048k free)
CommandLine flags: -XX:InitialHeapSize=536870912 -XX:MaxHeapSize=536870912 -XX:NewRatio=7 -XX:ParallelGCThreads=6 -XX:+PrintGC -XX:+PrintGCDetails -XX:+PrintGCTimeStamps -XX:SurvivorRatio=12 -XX:-UseAdaptiveSizePolicy -XX:+UseCompressedClassPointers -XX:+UseCompressedOops -XX:-UseLargePagesIndividualAllocation -XX:+UseParallelGC 
1.150: [GC (Allocation Failure) [PSYoungGen: 55500K->720K(60928K)] 55500K->16088K(519680K), 0.0039815 secs] [Times: user=0.00 sys=0.00, real=0.00 secs] 
2.397: [GC (Allocation Failure) [PSYoungGen: 54047K->1712K(60928K)] 223015K->180920K(519680K), 0.0024829 secs] [Times: user=0.00 sys=0.00, real=0.00 secs] 
3.427: [GC (Allocation Failure) [PSYoungGen: 55047K->2648K(60928K)] 387855K->340576K(519680K), 0.0025323 secs] [Times: user=0.00 sys=0.00, real=0.00 secs] 
5.061: [GC (Allocation Failure) [PSYoungGen: 54965K->600K(60928K)] 392893K->348768K(519680K), 0.0025618 secs] [Times: user=0.00 sys=0.00, real=0.00 secs] 
5.728: [GC (Allocation Failure) [PSYoungGen: 52919K->600K(60928K)] 452287K->410208K(519680K), 0.0038997 secs] [Times: user=0.00 sys=0.00, real=0.00 secs] 
5.732: [GC (Allocation Failure) [PSYoungGen: 600K->632K(60928K)] 410208K->410240K(519680K), 0.0007942 secs] [Times: user=0.00 sys=0.00, real=0.00 secs] 
5.732: [Full GC (Allocation Failure) [PSYoungGen: 632K->0K(60928K)] [ParOldGen: 409608K->67088K(458752K)] 410240K->67088K(519680K), [Metaspace: 2753K->2753K(1056768K)], 0.0107379 secs] [Times: user=0.00 sys=0.00, real=0.01 secs] 
6.943: [GC (Allocation Failure) [PSYoungGen: 53346K->0K(60928K)] 222834K->184848K(519680K), 0.0015708 secs] [Times: user=0.00 sys=0.00, real=0.00 secs] 
8.369: [GC (Allocation Failure) [PSYoungGen: 38550K->32K(60928K)] 376999K->343608K(519680K), 0.0012225 secs] [Times: user=0.00 sys=0.00, real=0.00 secs] 
8.589: [GC (Allocation Failure) [PSYoungGen: 21636K->32K(60928K)] 416413K->394808K(519680K), 0.0010098 secs] [Times: user=0.00 sys=0.00, real=0.00 secs] 
8.590: [GC (Allocation Failure) [PSYoungGen: 32K->32K(60928K)] 394808K->394808K(519680K), 0.0009975 secs] [Times: user=0.00 sys=0.00, real=0.00 secs] 
8.591: [Full GC (Allocation Failure) [PSYoungGen: 32K->0K(60928K)] [ParOldGen: 394776K->51728K(458752K)] 394808K->51728K(519680K), [Metaspace: 2759K->2759K(1056768K)], 0.0051962 secs] [Times: user=0.00 sys=0.00, real=0.00 secs] 
9.802: [GC (Allocation Failure) [PSYoungGen: 53348K->0K(60928K)] 207477K->169488K(519680K), 0.0014430 secs] [Times: user=0.00 sys=0.00, real=0.00 secs] 
10.999: [GC (Allocation Failure) [PSYoungGen: 53349K->0K(60928K)] 376438K->333328K(519680K), 0.0012987 secs] [Times: user=0.00 sys=0.00, real=0.00 secs] 
11.435: [GC (Allocation Failure) [PSYoungGen: 42085K->0K(60928K)] 426614K->384529K(519680K), 0.0008965 secs] [Times: user=0.00 sys=0.00, real=0.00 secs] 
11.436: [GC (Allocation Failure) [PSYoungGen: 0K->0K(60928K)] 384529K->384529K(519680K), 0.0009151 secs] [Times: user=0.00 sys=0.00, real=0.00 secs] 
11.437: [Full GC (Allocation Failure) [PSYoungGen: 0K->0K(60928K)] [ParOldGen: 384529K->215568K(458752K)] 384529K->215568K(519680K), [Metaspace: 2761K->2761K(1056768K)], 0.0116886 secs] [Times: user=0.02 sys=0.00, real=0.01 secs] 
12.871: [GC (Allocation Failure) [PSYoungGen: 52692K->32K(60928K)] 421861K->374328K(519680K), 0.0009480 secs] [Times: user=0.00 sys=0.00, real=0.00 secs] 
12.872: [GC (Allocation Failure) [PSYoungGen: 32K->32K(60928K)] 374328K->374328K(519680K), 0.0006743 secs] [Times: user=0.00 sys=0.00, real=0.00 secs] 
12.872: [Full GC (Allocation Failure) [PSYoungGen: 32K->0K(60928K)] [ParOldGen: 374296K->56849K(458752K)] 374328K->56849K(519680K), [Metaspace: 2763K->2763K(1056768K)], 0.0052318 secs] [Times: user=0.00 sys=0.00, real=0.01 secs] 
14.087: [GC (Allocation Failure) [PSYoungGen: 53350K->1024K(60928K)] 212599K->180753K(519680K), 0.0018944 secs] [Times: user=0.00 sys=0.00, real=0.00 secs] 
15.286: [GC (Allocation Failure) [PSYoungGen: 54374K->1024K(60928K)] 387703K->344593K(519680K), 0.0011195 secs] [Times: user=0.00 sys=0.00, real=0.00 secs] 
16.704: [GC (Allocation Failure) [PSYoungGen: 53350K->0K(60928K)] 396919K->353809K(519680K), 0.0012443 secs] [Times: user=0.00 sys=0.00, real=0.00 secs] 
17.141: [GC (Allocation Failure) [PSYoungGen: 42085K->0K(60928K)] 447094K->425489K(519680K), 0.0059442 secs] [Times: user=0.02 sys=0.00, real=0.01 secs] 
17.147: [Full GC (Ergonomics) [PSYoungGen: 0K->0K(60928K)] [ParOldGen: 425489K->77329K(458752K)] 425489K->77329K(519680K), [Metaspace: 2768K->2768K(1056768K)], 0.0065632 secs] [Times: user=0.00 sys=0.00, real=0.01 secs] 
18.360: [GC (Allocation Failure) [PSYoungGen: 53350K->0K(60928K)] 233079K->195089K(519680K), 0.0014599 secs] [Times: user=0.00 sys=0.00, real=0.00 secs] 
19.996: [GC (Allocation Failure) [PSYoungGen: 43110K->0K(60928K)] 442999K->399889K(519680K), 0.0008752 secs] [Times: user=0.00 sys=0.00, real=0.00 secs] 
19.997: [GC (Allocation Failure) [PSYoungGen: 0K->0K(60928K)] 399889K->399889K(519680K), 0.0008556 secs] [Times: user=0.00 sys=0.00, real=0.00 secs] 
19.998: [Full GC (Allocation Failure) [PSYoungGen: 0K->0K(60928K)] [ParOldGen: 399889K->51729K(458752K)] 399889K->51729K(519680K), [Metaspace: 2770K->2770K(1056768K)], 0.0046898 secs] [Times: user=0.02 sys=0.00, real=0.00 secs] 
21.213: [GC (Allocation Failure) [PSYoungGen: 53350K->0K(60928K)] 207479K->169489K(519680K), 0.0012499 secs] [Times: user=0.00 sys=0.00, real=0.00 secs] 
22.410: [GC (Allocation Failure) [PSYoungGen: 53350K->1024K(60928K)] 376439K->334353K(519680K), 0.0009272 secs] [Times: user=0.00 sys=0.00, real=0.00 secs] 
22.849: [GC (Allocation Failure) [PSYoungGen: 43110K->1024K(60928K)] 427639K->385553K(519680K), 0.0009160 secs] [Times: user=0.00 sys=0.00, real=0.00 secs] 
22.850: [GC (Allocation Failure) [PSYoungGen: 1024K->1024K(60928K)] 385553K->385553K(519680K), 0.0008035 secs] [Times: user=0.00 sys=0.00, real=0.00 secs] 
22.851: [Full GC (Allocation Failure) [PSYoungGen: 1024K->0K(60928K)] [ParOldGen: 384529K->165393K(458752K)] 385553K->165393K(519680K), [Metaspace: 2779K->2779K(1056768K)], 0.0123590 secs] [Times: user=0.00 sys=0.00, real=0.01 secs] 
24.719: [Full GC (Ergonomics) [PSYoungGen: 55398K->0K(60928K)] [ParOldGen: 421393K->16384K(458752K)] 476791K->16384K(519680K), [Metaspace: 2779K->2779K(1056768K)], 0.0032422 secs] [Times: user=0.00 sys=0.00, real=0.00 secs] 
25.481: [GC (Allocation Failure) [PSYoungGen: 47206K->0K(60928K)] 63590K->36864K(519680K), 0.0016180 secs] [Times: user=0.00 sys=0.00, real=0.00 secs] 
26.680: [GC (Allocation Failure) [PSYoungGen: 53349K->0K(60928K)] 243813K->200704K(519680K), 0.0012570 secs] [Times: user=0.00 sys=0.00, real=0.00 secs] 
27.773: [GC (Allocation Failure) [PSYoungGen: 52326K->0K(60928K)] 253030K->210944K(519680K), 0.0011409 secs] [Times: user=0.00 sys=0.00, real=0.00 secs] 
28.320: [GC (Allocation Failure) [PSYoungGen: 37203K->32K(60928K)] 248147K->221224K(519680K), 0.0013442 secs] [Times: user=0.00 sys=0.00, real=0.00 secs] 
29.522: [GC (Allocation Failure) [PSYoungGen: 53367K->32K(60928K)] 428159K->385064K(519680K), 0.0011289 secs] [Times: user=0.00 sys=0.00, real=0.00 secs] 
29.962: [Full GC (Ergonomics) [PSYoungGen: 42108K->0K(60928K)] [ParOldGen: 436232K->113169K(458752K)] 478340K->113169K(519680K), [Metaspace: 2793K->2793K(1056768K)], 0.0092457 secs] [Times: user=0.00 sys=0.00, real=0.01 secs] 
32.271: [GC (Allocation Failure) [PSYoungGen: 55392K->1024K(60928K)] 373361K->324113K(519680K), 0.0009476 secs] [Times: user=0.00 sys=0.00, real=0.00 secs] 
32.817: [GC (Allocation Failure) [PSYoungGen: 48226K->1024K(60928K)] 422515K->380433K(519680K), 0.0013348 secs] [Times: user=0.00 sys=0.00, real=0.00 secs] 
32.818: [GC (Allocation Failure) [PSYoungGen: 1024K->1024K(60928K)] 380433K->380433K(519680K), 0.0007191 secs] [Times: user=0.00 sys=0.00, real=0.00 secs] 
32.819: [Full GC (Allocation Failure) [PSYoungGen: 1024K->0K(60928K)] [ParOldGen: 379409K->57873K(458752K)] 380433K->57873K(519680K), [Metaspace: 2793K->2793K(1056768K)], 0.0054328 secs] [Times: user=0.00 sys=0.00, real=0.01 secs] 
34.032: [GC (Allocation Failure) [PSYoungGen: 53347K->1024K(60928K)] 213621K->181777K(519680K), 0.0017828 secs] [Times: user=0.02 sys=0.00, real=0.00 secs] 
35.455: [GC (Allocation Failure) [PSYoungGen: 49252K->0K(60928K)] 383606K->354833K(519680K), 0.0015240 secs] [Times: user=0.03 sys=0.00, real=0.00 secs] 
35.672: [GC (Allocation Failure) [PSYoungGen: 21605K->0K(60928K)] 427638K->406033K(519680K), 0.0008726 secs] [Times: user=0.00 sys=0.00, real=0.00 secs] 
35.673: [GC (Allocation Failure) [PSYoungGen: 0K->0K(60928K)] 406033K->406033K(519680K), 0.0008836 secs] [Times: user=0.00 sys=0.00, real=0.00 secs] 
35.674: [Full GC (Allocation Failure) [PSYoungGen: 0K->0K(60928K)] [ParOldGen: 406033K->61969K(458752K)] 406033K->61969K(519680K), [Metaspace: 2793K->2793K(1056768K)], 0.0059540 secs] [Times: user=0.00 sys=0.00, real=0.01 secs] 
36.889: [GC (Allocation Failure) [PSYoungGen: 53349K->0K(60928K)] 217718K->179729K(519680K), 0.0013823 secs] [Times: user=0.00 sys=0.00, real=0.00 secs] 
38.089: [GC (Allocation Failure) [PSYoungGen: 53349K->0K(60928K)] 386679K->364049K(519680K), 0.0026173 secs] [Times: user=0.00 sys=0.00, real=0.00 secs] 
39.289: [Full GC (Ergonomics) [PSYoungGen: 52325K->0K(60928K)] [ParOldGen: 415249K->6144K(458752K)] 467575K->6144K(519680K), [Metaspace: 2793K->2793K(1056768K)], 0.0024351 secs] [Times: user=0.00 sys=0.00, real=0.00 secs] 
40.270: [GC (Allocation Failure) [PSYoungGen: 53350K->1024K(60928K)] 213094K->160768K(519680K), 0.0004087 secs] [Times: user=0.00 sys=0.00, real=0.00 secs] 
41.142: [GC (Allocation Failure) [PSYoungGen: 53350K->0K(60928K)] 213094K->175104K(519680K), 0.0013106 secs] [Times: user=0.06 sys=0.00, real=0.00 secs] 
43.104: [GC (Allocation Failure) [PSYoungGen: 55397K->2048K(60928K)] 384101K->330752K(519680K), 0.0010718 secs] [Times: user=0.00 sys=0.00, real=0.00 secs] 
43.975: [GC (Allocation Failure) [PSYoungGen: 54373K->1024K(60928K)] 383078K->350208K(519680K), 0.0019442 secs] [Times: user=0.00 sys=0.00, real=0.00 secs] 
44.195: [GC (Allocation Failure) [PSYoungGen: 22629K->1024K(60928K)] 423013K->401408K(519680K), 0.0017514 secs] [Times: user=0.00 sys=0.00, real=0.00 secs] 
44.196: [GC (Allocation Failure) [PSYoungGen: 1024K->1024K(60928K)] 401408K->401408K(519680K), 0.0012169 secs] [Times: user=0.00 sys=0.00, real=0.00 secs] 
44.198: [Full GC (Allocation Failure) [PSYoungGen: 1024K->0K(60928K)] [ParOldGen: 400384K->62993K(458752K)] 401408K->62993K(519680K), [Metaspace: 2795K->2795K(1056768K)], 0.0056296 secs] [Times: user=0.00 sys=0.00, real=0.01 secs] 
45.412: [GC (Allocation Failure) [PSYoungGen: 53349K->0K(60928K)] 218742K->190993K(519680K), 0.0017358 secs] [Times: user=0.00 sys=0.00, real=0.00 secs] 
46.833: [GC (Allocation Failure) [PSYoungGen: 43109K->0K(60928K)] 387703K->354833K(519680K), 0.0012280 secs] [Times: user=0.00 sys=0.00, real=0.00 secs] 
47.049: [GC (Allocation Failure) [PSYoungGen: 21605K->0K(60928K)] 427639K->426513K(519680K), 0.0022311 secs] [Times: user=0.00 sys=0.00, real=0.00 secs] 
47.051: [Full GC (Ergonomics) [PSYoungGen: 0K->0K(60928K)] [ParOldGen: 426513K->72209K(458752K)] 426513K->72209K(519680K), [Metaspace: 2795K->2795K(1056768K)], 0.0061209 secs] [Times: user=0.00 sys=0.00, real=0.01 secs] 
48.269: [GC (Allocation Failure) [PSYoungGen: 53350K->0K(60928K)] 227959K->189969K(519680K), 0.0015415 secs] [Times: user=0.00 sys=0.00, real=0.00 secs] 
49.472: [GC (Allocation Failure) [PSYoungGen: 53350K->0K(60928K)] 396919K->353809K(519680K), 0.0013089 secs] [Times: user=0.00 sys=0.00, real=0.00 secs] 
49.909: [GC (Allocation Failure) [PSYoungGen: 42086K->0K(60928K)] 447095K->405009K(519680K), 0.0011575 secs] [Times: user=0.00 sys=0.00, real=0.00 secs] 
49.910: [GC (Allocation Failure) [PSYoungGen: 0K->0K(60928K)] 405009K->405009K(519680K), 0.0008063 secs] [Times: user=0.00 sys=0.00, real=0.00 secs] 
49.911: [Full GC (Allocation Failure) [PSYoungGen: 0K->0K(60928K)] [ParOldGen: 405009K->133649K(458752K)] 405009K->133649K(519680K), [Metaspace: 2795K->2795K(1056768K)], 0.0098862 secs] [Times: user=0.00 sys=0.00, real=0.01 secs] 
51.127: [GC (Allocation Failure) [PSYoungGen: 36966K->0K(60928K)] 273015K->251409K(519680K), 0.0015279 secs] [Times: user=0.00 sys=0.00, real=0.00 secs] 
52.327: [GC (Allocation Failure) [PSYoungGen: 53350K->1024K(60928K)] 458359K->416273K(519680K), 0.0015404 secs] [Times: user=0.00 sys=0.00, real=0.00 secs] 
52.329: [Full GC (Ergonomics) [PSYoungGen: 1024K->0K(60928K)] [ParOldGen: 415249K->11793K(458752K)] 416273K->11793K(519680K), [Metaspace: 2795K->2795K(1056768K)], 0.0026198 secs] [Times: user=0.02 sys=0.00, real=0.00 secs] 
53.315: [GC (Allocation Failure) [PSYoungGen: 53350K->1024K(60928K)] 218743K->171537K(519680K), 0.0008568 secs] [Times: user=0.00 sys=0.00, real=0.00 secs] 
54.951: [GC (Allocation Failure) [PSYoungGen: 53350K->0K(60928K)] 223863K->180753K(519680K), 0.0010434 secs] [Times: user=0.00 sys=0.00, real=0.00 secs] 
55.934: [GC (Allocation Failure) [PSYoungGen: 53349K->1024K(60928K)] 387703K->345617K(519680K), 0.0013159 secs] [Times: user=0.00 sys=0.00, real=0.00 secs] 
56.811: [GC (Allocation Failure) [PSYoungGen: 53350K->0K(60928K)] 397943K->359953K(519680K), 0.0015326 secs] [Times: user=0.00 sys=0.00, real=0.00 secs] 
57.030: [GC (Allocation Failure) [PSYoungGen: 21605K->0K(60928K)] 432758K->431633K(519680K), 0.0020497 secs] [Times: user=0.00 sys=0.00, real=0.00 secs] 
57.032: [Full GC (Ergonomics) [PSYoungGen: 0K->0K(60928K)] [ParOldGen: 431633K->92689K(458752K)] 431633K->92689K(519680K), [Metaspace: 2796K->2796K(1056768K)], 0.0076974 secs] [Times: user=0.00 sys=0.00, real=0.01 secs] 
59.117: [GC (Allocation Failure) [PSYoungGen: 55397K->0K(60928K)] 404086K->353809K(519680K), 0.0009285 secs] [Times: user=0.00 sys=0.00, real=0.00 secs] 
59.664: [GC (Allocation Failure) [PSYoungGen: 36965K->0K(60928K)] 390775K->369169K(519680K), 0.0014910 secs] [Times: user=0.00 sys=0.00, real=0.00 secs] 
59.883: [GC (Allocation Failure) [PSYoungGen: 21604K->0K(60928K)] 441974K->420369K(519680K), 0.0010049 secs] [Times: user=0.00 sys=0.00, real=0.00 secs] 
59.884: [Full GC (Ergonomics) [PSYoungGen: 0K->0K(60928K)] [ParOldGen: 420369K->108049K(458752K)] 420369K->108049K(519680K), [Metaspace: 2796K->2796K(1056768K)], 0.0085789 secs] [Times: user=0.01 sys=0.00, real=0.01 secs] 
61.095: [GC (Allocation Failure) [PSYoungGen: 53349K->0K(60928K)] 263798K->225809K(519680K), 0.0017107 secs] [Times: user=0.00 sys=0.00, real=0.00 secs] 
62.510: [GC (Allocation Failure) [PSYoungGen: 52325K->0K(60928K)] 431734K->394769K(519680K), 0.0017229 secs] [Times: user=0.00 sys=0.00, real=0.00 secs] 
62.730: [Full GC (Ergonomics) [PSYoungGen: 21605K->0K(60928K)] [ParOldGen: 445969K->56849K(458752K)] 467575K->56849K(519680K), [Metaspace: 2796K->2796K(1056768K)], 0.0056884 secs] [Times: user=0.00 sys=0.00, real=0.01 secs] 
63.947: [GC (Allocation Failure) [PSYoungGen: 53349K->1024K(60928K)] 212599K->180753K(519680K), 0.0017400 secs] [Times: user=0.00 sys=0.00, real=0.00 secs] 
65.147: [GC (Allocation Failure) [PSYoungGen: 54374K->1024K(60928K)] 387703K->344593K(519680K), 0.0010370 secs] [Times: user=0.00 sys=0.00, real=0.00 secs] 
66.564: [GC (Allocation Failure) [PSYoungGen: 53350K->0K(60928K)] 396919K->353809K(519680K), 0.0009708 secs] [Times: user=0.02 sys=0.00, real=0.00 secs] 
67.002: [GC (Allocation Failure) [PSYoungGen: 42085K->0K(60928K)] 447095K->425489K(519680K), 0.0022476 secs] [Times: user=0.00 sys=0.00, real=0.00 secs] 
67.004: [Full GC (Ergonomics) [PSYoungGen: 0K->0K(60928K)] [ParOldGen: 425489K->77329K(458752K)] 425489K->77329K(519680K), [Metaspace: 2796K->2796K(1056768K)], 0.0068154 secs] [Times: user=0.00 sys=0.00, real=0.01 secs] 
68.217: [GC (Allocation Failure) [PSYoungGen: 53349K->0K(60928K)] 233079K->195089K(519680K), 0.0015296 secs] [Times: user=0.00 sys=0.00, real=0.00 secs] 
69.853: [GC (Allocation Failure) [PSYoungGen: 43110K->0K(60928K)] 442999K->399889K(519680K), 0.0008199 secs] [Times: user=0.00 sys=0.00, real=0.00 secs] 
69.854: [GC (Allocation Failure) [PSYoungGen: 0K->0K(60928K)] 399889K->399889K(519680K), 0.0010834 secs] [Times: user=0.00 sys=0.00, real=0.00 secs] 
69.855: [Full GC (Allocation Failure) [PSYoungGen: 0K->0K(60928K)] [ParOldGen: 399889K->51729K(458752K)] 399889K->51729K(519680K), [Metaspace: 2796K->2796K(1056768K)], 0.0049979 secs] [Times: user=0.00 sys=0.00, real=0.01 secs] 
71.072: [GC (Allocation Failure) [PSYoungGen: 53350K->0K(60928K)] 207479K->169489K(519680K), 0.0020279 secs] [Times: user=0.00 sys=0.00, real=0.00 secs] 
72.272: [GC (Allocation Failure) [PSYoungGen: 53350K->1024K(60928K)] 376439K->334353K(519680K), 0.0010178 secs] [Times: user=0.00 sys=0.00, real=0.00 secs] 
72.709: [GC (Allocation Failure) [PSYoungGen: 43110K->1024K(60928K)] 427639K->385553K(519680K), 0.0009971 secs] [Times: user=0.00 sys=0.00, real=0.00 secs] 
72.710: [GC (Allocation Failure) [PSYoungGen: 1024K->1024K(60928K)] 385553K->385553K(519680K), 0.0007692 secs] [Times: user=0.00 sys=0.00, real=0.00 secs] 
72.710: [Full GC (Allocation Failure) [PSYoungGen: 1024K->0K(60928K)] [ParOldGen: 384529K->165393K(458752K)] 385553K->165393K(519680K), [Metaspace: 2796K->2796K(1056768K)], 0.0121888 secs] [Times: user=0.00 sys=0.00, real=0.01 secs] 
74.580: [Full GC (Ergonomics) [PSYoungGen: 55398K->0K(60928K)] [ParOldGen: 421393K->16384K(458752K)] 476791K->16384K(519680K), [Metaspace: 2796K->2796K(1056768K)], 0.0028125 secs] [Times: user=0.00 sys=0.00, real=0.00 secs] 
75.344: [GC (Allocation Failure) [PSYoungGen: 47206K->0K(60928K)] 63590K->36864K(519680K), 0.0014214 secs] [Times: user=0.00 sys=0.00, real=0.00 secs] 
76.543: [GC (Allocation Failure) [PSYoungGen: 53349K->0K(60928K)] 243813K->200704K(519680K), 0.0011606 secs] [Times: user=0.00 sys=0.00, real=0.00 secs] 
77.635: [GC (Allocation Failure) [PSYoungGen: 52325K->0K(60928K)] 253030K->210944K(519680K), 0.0008828 secs] [Times: user=0.00 sys=0.00, real=0.00 secs] 
78.183: [GC (Allocation Failure) [PSYoungGen: 36965K->0K(60928K)] 247909K->221184K(519680K), 0.0012497 secs] [Times: user=0.00 sys=0.00, real=0.00 secs] 
79.383: [GC (Allocation Failure) [PSYoungGen: 53337K->0K(60928K)] 428122K->385024K(519680K), 0.0015309 secs] [Times: user=0.00 sys=0.00, real=0.00 secs] 
79.820: [Full GC (Ergonomics) [PSYoungGen: 42078K->0K(60928K)] [ParOldGen: 436224K->113169K(458752K)] 478302K->113169K(519680K), [Metaspace: 2796K->2796K(1056768K)], 0.0088585 secs] [Times: user=0.00 sys=0.00, real=0.01 secs] 
82.129: [GC (Allocation Failure) [PSYoungGen: 55393K->1024K(60928K)] 373362K->324113K(519680K), 0.0008628 secs] [Times: user=0.00 sys=0.00, real=0.00 secs] 
82.674: [GC (Allocation Failure) [PSYoungGen: 48227K->1024K(60928K)] 422516K->380433K(519680K), 0.0010202 secs] [Times: user=0.00 sys=0.00, real=0.00 secs] 
82.675: [GC (Allocation Failure) [PSYoungGen: 1024K->1024K(60928K)] 380433K->380433K(519680K), 0.0007204 secs] [Times: user=0.00 sys=0.00, real=0.00 secs] 
82.676: [Full GC (Allocation Failure) [PSYoungGen: 1024K->0K(60928K)] [ParOldGen: 379409K->57873K(458752K)] 380433K->57873K(519680K), [Metaspace: 2796K->2796K(1056768K)], 0.0054889 secs] [Times: user=0.00 sys=0.00, real=0.01 secs] 
83.889: [GC (Allocation Failure) [PSYoungGen: 53348K->1024K(60928K)] 213621K->181777K(519680K), 0.0017588 secs] [Times: user=0.00 sys=0.00, real=0.00 secs] 
85.312: [GC (Allocation Failure) [PSYoungGen: 49253K->0K(60928K)] 383606K->354833K(519680K), 0.0013884 secs] [Times: user=0.00 sys=0.00, real=0.00 secs] 
85.529: [GC (Allocation Failure) [PSYoungGen: 21605K->0K(60928K)] 427638K->406033K(519680K), 0.0008148 secs] [Times: user=0.00 sys=0.00, real=0.00 secs] 
85.530: [GC (Allocation Failure) [PSYoungGen: 0K->0K(60928K)] 406033K->406033K(519680K), 0.0008857 secs] [Times: user=0.00 sys=0.00, real=0.00 secs] 
85.531: [Full GC (Allocation Failure) [PSYoungGen: 0K->0K(60928K)] [ParOldGen: 406033K->61969K(458752K)] 406033K->61969K(519680K), [Metaspace: 2796K->2796K(1056768K)], 0.0053249 secs] [Times: user=0.02 sys=0.00, real=0.00 secs] 
86.744: [GC (Allocation Failure) [PSYoungGen: 53349K->0K(60928K)] 217718K->179729K(519680K), 0.0014173 secs] [Times: user=0.00 sys=0.00, real=0.00 secs] 
87.942: [GC (Allocation Failure) [PSYoungGen: 53349K->0K(60928K)] 386679K->364049K(519680K), 0.0028620 secs] [Times: user=0.00 sys=0.00, real=0.00 secs] 
89.142: [Full GC (Ergonomics) [PSYoungGen: 52326K->0K(60928K)] [ParOldGen: 415249K->6144K(458752K)] 467575K->6144K(519680K), [Metaspace: 2796K->2796K(1056768K)], 0.0020127 secs] [Times: user=0.00 sys=0.00, real=0.00 secs] 
90.126: [GC (Allocation Failure) [PSYoungGen: 53350K->1024K(60928K)] 213094K->160768K(519680K), 0.0004587 secs] [Times: user=0.00 sys=0.00, real=0.00 secs] 
91.001: [GC (Allocation Failure) [PSYoungGen: 53350K->0K(60928K)] 213094K->175104K(519680K), 0.0013929 secs] [Times: user=0.00 sys=0.00, real=0.00 secs] 
92.964: [GC (Allocation Failure) [PSYoungGen: 55397K->2048K(60928K)] 384101K->330752K(519680K), 0.0010435 secs] [Times: user=0.00 sys=0.00, real=0.00 secs] 
93.837: [GC (Allocation Failure) [PSYoungGen: 54374K->1024K(60928K)] 383078K->350208K(519680K), 0.0018079 secs] [Times: user=0.00 sys=0.00, real=0.00 secs] 
94.056: [GC (Allocation Failure) [PSYoungGen: 22629K->1024K(60928K)] 423013K->401408K(519680K), 0.0016788 secs] [Times: user=0.00 sys=0.00, real=0.00 secs] 
94.058: [GC (Allocation Failure) [PSYoungGen: 1024K->1024K(60928K)] 401408K->401408K(519680K), 0.0011184 secs] [Times: user=0.00 sys=0.00, real=0.00 secs] 
94.059: [Full GC (Allocation Failure) [PSYoungGen: 1024K->0K(60928K)] [ParOldGen: 400384K->62993K(458752K)] 401408K->62993K(519680K), [Metaspace: 2796K->2796K(1056768K)], 0.0055438 secs] [Times: user=0.00 sys=0.00, real=0.01 secs] 
95.275: [GC (Allocation Failure) [PSYoungGen: 53349K->0K(60928K)] 218742K->190993K(519680K), 0.0016998 secs] [Times: user=0.00 sys=0.00, real=0.00 secs] 
96.694: [GC (Allocation Failure) [PSYoungGen: 43109K->0K(60928K)] 387703K->354833K(519680K), 0.0012658 secs] [Times: user=0.00 sys=0.00, real=0.00 secs] 
96.912: [GC (Allocation Failure) [PSYoungGen: 21605K->0K(60928K)] 427639K->426513K(519680K), 0.0022183 secs] [Times: user=0.00 sys=0.00, real=0.00 secs] 
96.914: [Full GC (Ergonomics) [PSYoungGen: 0K->0K(60928K)] [ParOldGen: 426513K->72209K(458752K)] 426513K->72209K(519680K), [Metaspace: 2796K->2796K(1056768K)], 0.0063202 secs] [Times: user=0.00 sys=0.00, real=0.01 secs] 
98.127: [GC (Allocation Failure) [PSYoungGen: 53350K->0K(60928K)] 227959K->189969K(519680K), 0.0013142 secs] [Times: user=0.00 sys=0.00, real=0.00 secs] 
99.331: [GC (Allocation Failure) [PSYoungGen: 53350K->0K(60928K)] 396919K->353809K(519680K), 0.0012900 secs] [Times: user=0.00 sys=0.00, real=0.00 secs] 
99.768: [GC (Allocation Failure) [PSYoungGen: 42086K->0K(60928K)] 447095K->405009K(519680K), 0.0013029 secs] [Times: user=0.00 sys=0.00, real=0.00 secs] 
99.769: [GC (Allocation Failure) [PSYoungGen: 0K->0K(60928K)] 405009K->405009K(519680K), 0.0010102 secs] [Times: user=0.00 sys=0.00, real=0.00 secs] 
99.771: [Full GC (Allocation Failure) [PSYoungGen: 0K->0K(60928K)] [ParOldGen: 405009K->133649K(458752K)] 405009K->133649K(519680K), [Metaspace: 2796K->2796K(1056768K)], 0.0099973 secs] [Times: user=0.00 sys=0.00, real=0.01 secs] 
100.986: [GC (Allocation Failure) [PSYoungGen: 36966K->0K(60928K)] 273015K->251409K(519680K), 0.0013876 secs] [Times: user=0.00 sys=0.00, real=0.00 secs] 
102.190: [GC (Allocation Failure) [PSYoungGen: 53350K->1024K(60928K)] 458359K->416273K(519680K), 0.0010974 secs] [Times: user=0.00 sys=0.00, real=0.00 secs] 
102.191: [Full GC (Ergonomics) [PSYoungGen: 1024K->0K(60928K)] [ParOldGen: 415249K->11793K(458752K)] 416273K->11793K(519680K), [Metaspace: 2796K->2796K(1056768K)], 0.0027475 secs] [Times: user=0.00 sys=0.00, real=0.00 secs] 
103.172: [GC (Allocation Failure) [PSYoungGen: 53350K->1024K(60928K)] 218743K->171537K(519680K), 0.0007372 secs] [Times: user=0.00 sys=0.00, real=0.00 secs] 
104.810: [GC (Allocation Failure) [PSYoungGen: 53350K->0K(60928K)] 223863K->180753K(519680K), 0.0009895 secs] [Times: user=0.00 sys=0.00, real=0.00 secs] 
105.792: [GC (Allocation Failure) [PSYoungGen: 53349K->1024K(60928K)] 387703K->345617K(519680K), 0.0014157 secs] [Times: user=0.00 sys=0.00, real=0.00 secs] 
106.671: [GC (Allocation Failure) [PSYoungGen: 53350K->0K(60928K)] 397943K->359953K(519680K), 0.0016552 secs] [Times: user=0.00 sys=0.00, real=0.00 secs] 
106.889: [GC (Allocation Failure) [PSYoungGen: 21605K->0K(60928K)] 432758K->431633K(519680K), 0.0021150 secs] [Times: user=0.00 sys=0.00, real=0.00 secs] 
106.891: [Full GC (Ergonomics) [PSYoungGen: 0K->0K(60928K)] [ParOldGen: 431633K->92689K(458752K)] 431633K->92689K(519680K), [Metaspace: 2796K->2796K(1056768K)], 0.0082185 secs] [Times: user=0.00 sys=0.00, real=0.01 secs] 
108.979: [GC (Allocation Failure) [PSYoungGen: 55397K->0K(60928K)] 404086K->353809K(519680K), 0.0008903 secs] [Times: user=0.00 sys=0.00, real=0.00 secs] 
109.526: [GC (Allocation Failure) [PSYoungGen: 36965K->0K(60928K)] 390775K->369169K(519680K), 0.0015413 secs] [Times: user=0.00 sys=0.00, real=0.00 secs] 
109.744: [GC (Allocation Failure) [PSYoungGen: 21604K->0K(60928K)] 441974K->420369K(519680K), 0.0009465 secs] [Times: user=0.00 sys=0.00, real=0.00 secs] 
109.745: [Full GC (Ergonomics) [PSYoungGen: 0K->0K(60928K)] [ParOldGen: 420369K->108049K(458752K)] 420369K->108049K(519680K), [Metaspace: 2796K->2796K(1056768K)], 0.0090929 secs] [Times: user=0.00 sys=0.00, real=0.01 secs] 
110.965: [GC (Allocation Failure) [PSYoungGen: 53349K->0K(60928K)] 263798K->225809K(519680K), 0.0013352 secs] [Times: user=0.00 sys=0.00, real=0.00 secs] 
112.395: [GC (Allocation Failure) [PSYoungGen: 52325K->0K(60928K)] 431734K->394769K(519680K), 0.0015446 secs] [Times: user=0.00 sys=0.00, real=0.00 secs] 
112.613: [Full GC (Ergonomics) [PSYoungGen: 21605K->0K(60928K)] [ParOldGen: 445969K->56849K(458752K)] 467575K->56849K(519680K), [Metaspace: 2796K->2796K(1056768K)], 0.0055030 secs] [Times: user=0.00 sys=0.00, real=0.00 secs] 
113.816: [GC (Allocation Failure) [PSYoungGen: 53349K->1024K(60928K)] 212599K->180753K(519680K), 0.0017923 secs] [Times: user=0.00 sys=0.00, real=0.00 secs] 
115.021: [GC (Allocation Failure) [PSYoungGen: 54374K->1024K(60928K)] 387703K->344593K(519680K), 0.0013367 secs] [Times: user=0.00 sys=0.00, real=0.00 secs] 
116.439: [GC (Allocation Failure) [PSYoungGen: 53350K->0K(60928K)] 396919K->353809K(519680K), 0.0012178 secs] [Times: user=0.02 sys=0.00, real=0.00 secs] 
116.877: [GC (Allocation Failure) [PSYoungGen: 42085K->0K(60928K)] 447095K->425489K(519680K), 0.0021106 secs] [Times: user=0.00 sys=0.00, real=0.00 secs] 
116.879: [Full GC (Ergonomics) [PSYoungGen: 0K->0K(60928K)] [ParOldGen: 425489K->77329K(458752K)] 425489K->77329K(519680K), [Metaspace: 2796K->2796K(1056768K)], 0.0065796 secs] [Times: user=0.00 sys=0.00, real=0.01 secs] 
118.093: [GC (Allocation Failure) [PSYoungGen: 53349K->0K(60928K)] 233079K->195089K(519680K), 0.0014992 secs] [Times: user=0.00 sys=0.00, real=0.00 secs] 
119.731: [GC (Allocation Failure) [PSYoungGen: 43110K->0K(60928K)] 442999K->399889K(519680K), 0.0012422 secs] [Times: user=0.00 sys=0.00, real=0.00 secs] 
119.732: [GC (Allocation Failure) [PSYoungGen: 0K->0K(60928K)] 399889K->399889K(519680K), 0.0007388 secs] [Times: user=0.00 sys=0.00, real=0.00 secs] 
119.733: [Full GC (Allocation Failure) [PSYoungGen: 0K->0K(60928K)] [ParOldGen: 399889K->51729K(458752K)] 399889K->51729K(519680K), [Metaspace: 2796K->2796K(1056768K)], 0.0049243 secs] [Times: user=0.00 sys=0.00, real=0.00 secs] 
120.947: [GC (Allocation Failure) [PSYoungGen: 53350K->0K(60928K)] 207479K->169489K(519680K), 0.0016620 secs] [Times: user=0.00 sys=0.00, real=0.00 secs] 
122.147: [GC (Allocation Failure) [PSYoungGen: 53350K->1024K(60928K)] 376439K->334353K(519680K), 0.0009614 secs] [Times: user=0.00 sys=0.00, real=0.00 secs] 
122.584: [GC (Allocation Failure) [PSYoungGen: 43110K->1024K(60928K)] 427639K->385553K(519680K), 0.0009264 secs] [Times: user=0.00 sys=0.00, real=0.00 secs] 
122.585: [GC (Allocation Failure) [PSYoungGen: 1024K->1024K(60928K)] 385553K->385553K(519680K), 0.0006793 secs] [Times: user=0.00 sys=0.00, real=0.00 secs] 
122.586: [Full GC (Allocation Failure) [PSYoungGen: 1024K->0K(60928K)] [ParOldGen: 384529K->165393K(458752K)] 385553K->165393K(519680K), [Metaspace: 2796K->2796K(1056768K)], 0.0122924 secs] [Times: user=0.00 sys=0.00, real=0.01 secs] 
124.457: [Full GC (Ergonomics) [PSYoungGen: 55398K->0K(60928K)] [ParOldGen: 421393K->16384K(458752K)] 476791K->16384K(519680K), [Metaspace: 2796K->2796K(1056768K)], 0.0026214 secs] [Times: user=0.00 sys=0.00, real=0.00 secs] 
125.222: [GC (Allocation Failure) [PSYoungGen: 47206K->0K(60928K)] 63590K->36864K(519680K), 0.0014704 secs] [Times: user=0.00 sys=0.00, real=0.00 secs] 
126.425: [GC (Allocation Failure) [PSYoungGen: 53349K->0K(60928K)] 243813K->200704K(519680K), 0.0010729 secs] [Times: user=0.00 sys=0.00, real=0.00 secs] 
127.517: [GC (Allocation Failure) [PSYoungGen: 52325K->0K(60928K)] 253030K->210944K(519680K), 0.0013294 secs] [Times: user=0.01 sys=0.00, real=0.00 secs] 
128.067: [GC (Allocation Failure) [PSYoungGen: 36965K->0K(60928K)] 247909K->221184K(519680K), 0.0013515 secs] [Times: user=0.00 sys=0.00, real=0.00 secs] 
129.271: [GC (Allocation Failure) [PSYoungGen: 53337K->0K(60928K)] 428122K->385024K(519680K), 0.0018386 secs] [Times: user=0.00 sys=0.00, real=0.00 secs] 
129.707: [Full GC (Ergonomics) [PSYoungGen: 42078K->0K(60928K)] [ParOldGen: 436224K->113169K(458752K)] 478302K->113169K(519680K), [Metaspace: 2796K->2796K(1056768K)], 0.0088489 secs] [Times: user=0.00 sys=0.00, real=0.01 secs] 
132.025: [GC (Allocation Failure) [PSYoungGen: 55393K->1024K(60928K)] 373362K->324113K(519680K), 0.0009207 secs] [Times: user=0.00 sys=0.00, real=0.00 secs] 
132.573: [GC (Allocation Failure) [PSYoungGen: 48227K->1024K(60928K)] 422516K->380433K(519680K), 0.0010524 secs] [Times: user=0.00 sys=0.00, real=0.00 secs] 
132.574: [GC (Allocation Failure) [PSYoungGen: 1024K->1024K(60928K)] 380433K->380433K(519680K), 0.0009438 secs] [Times: user=0.00 sys=0.00, real=0.00 secs] 
132.575: [Full GC (Allocation Failure) [PSYoungGen: 1024K->0K(60928K)] [ParOldGen: 379409K->57873K(458752K)] 380433K->57873K(519680K), [Metaspace: 2796K->2796K(1056768K)], 0.0053025 secs] [Times: user=0.00 sys=0.00, real=0.00 secs] 
133.795: [GC (Allocation Failure) [PSYoungGen: 53348K->1024K(60928K)] 213621K->181777K(519680K), 0.0017673 secs] [Times: user=0.00 sys=0.00, real=0.00 secs] 
135.212: [GC (Allocation Failure) [PSYoungGen: 49253K->0K(60928K)] 383606K->354833K(519680K), 0.0015462 secs] [Times: user=0.00 sys=0.00, real=0.00 secs] 
135.430: [GC (Allocation Failure) [PSYoungGen: 21605K->0K(60928K)] 427638K->406033K(519680K), 0.0007399 secs] [Times: user=0.00 sys=0.00, real=0.00 secs] 
135.431: [GC (Allocation Failure) [PSYoungGen: 0K->0K(60928K)] 406033K->406033K(519680K), 0.0007009 secs] [Times: user=0.00 sys=0.00, real=0.00 secs] 
135.431: [Full GC (Allocation Failure) [PSYoungGen: 0K->0K(60928K)] [ParOldGen: 406033K->61969K(458752K)] 406033K->61969K(519680K), [Metaspace: 2796K->2796K(1056768K)], 0.0059362 secs] [Times: user=0.00 sys=0.00, real=0.01 secs] 
136.649: [GC (Allocation Failure) [PSYoungGen: 53349K->0K(60928K)] 217718K->179729K(519680K), 0.0014374 secs] [Times: user=0.00 sys=0.00, real=0.00 secs] 
137.851: [GC (Allocation Failure) [PSYoungGen: 53349K->0K(60928K)] 386679K->364049K(519680K), 0.0024547 secs] [Times: user=0.00 sys=0.00, real=0.00 secs] 
139.052: [Full GC (Ergonomics) [PSYoungGen: 52326K->0K(60928K)] [ParOldGen: 415249K->6144K(458752K)] 467575K->6144K(519680K), [Metaspace: 2796K->2796K(1056768K)], 0.0024329 secs] [Times: user=0.00 sys=0.00, real=0.00 secs] 
140.036: [GC (Allocation Failure) [PSYoungGen: 53350K->1024K(60928K)] 213094K->160768K(519680K), 0.0006729 secs] [Times: user=0.00 sys=0.00, real=0.00 secs] 
140.910: [GC (Allocation Failure) [PSYoungGen: 53350K->0K(60928K)] 213094K->175104K(519680K), 0.0015656 secs] [Times: user=0.00 sys=0.00, real=0.00 secs] 
142.880: [GC (Allocation Failure) [PSYoungGen: 55397K->2048K(60928K)] 384101K->330752K(519680K), 0.0011060 secs] [Times: user=0.00 sys=0.00, real=0.00 secs] 
143.750: [GC (Allocation Failure) [PSYoungGen: 54374K->1024K(60928K)] 383078K->350208K(519680K), 0.0016869 secs] [Times: user=0.00 sys=0.00, real=0.00 secs] 
143.969: [GC (Allocation Failure) [PSYoungGen: 22629K->1024K(60928K)] 423013K->401408K(519680K), 0.0012311 secs] [Times: user=0.00 sys=0.00, real=0.00 secs] 
143.970: [GC (Allocation Failure) [PSYoungGen: 1024K->1024K(60928K)] 401408K->401408K(519680K), 0.0013142 secs] [Times: user=0.00 sys=0.00, real=0.00 secs] 
143.971: [Full GC (Allocation Failure) [PSYoungGen: 1024K->0K(60928K)] [ParOldGen: 400384K->62993K(458752K)] 401408K->62993K(519680K), [Metaspace: 2796K->2796K(1056768K)], 0.0053115 secs] [Times: user=0.00 sys=0.00, real=0.00 secs] 
145.183: [GC (Allocation Failure) [PSYoungGen: 53349K->0K(60928K)] 218742K->190993K(519680K), 0.0018595 secs] [Times: user=0.00 sys=0.00, real=0.00 secs] 
146.600: [GC (Allocation Failure) [PSYoungGen: 43109K->0K(60928K)] 387703K->354833K(519680K), 0.0014251 secs] [Times: user=0.00 sys=0.00, real=0.00 secs] 
146.817: [GC (Allocation Failure) [PSYoungGen: 21605K->0K(60928K)] 427639K->426513K(519680K), 0.0022733 secs] [Times: user=0.00 sys=0.00, real=0.00 secs] 
146.820: [Full GC (Ergonomics) [PSYoungGen: 0K->0K(60928K)] [ParOldGen: 426513K->72209K(458752K)] 426513K->72209K(519680K), [Metaspace: 2796K->2796K(1056768K)], 0.0064137 secs] [Times: user=0.00 sys=0.00, real=0.01 secs] 
148.036: [GC (Allocation Failure) [PSYoungGen: 53350K->0K(60928K)] 227959K->189969K(519680K), 0.0014422 secs] [Times: user=0.00 sys=0.00, real=0.00 secs] 
149.238: [GC (Allocation Failure) [PSYoungGen: 53350K->0K(60928K)] 396919K->353809K(519680K), 0.0009756 secs] [Times: user=0.00 sys=0.00, real=0.00 secs] 
149.675: [GC (Allocation Failure) [PSYoungGen: 42086K->0K(60928K)] 447095K->405009K(519680K), 0.0011401 secs] [Times: user=0.00 sys=0.00, real=0.00 secs] 
149.676: [GC (Allocation Failure) [PSYoungGen: 0K->0K(60928K)] 405009K->405009K(519680K), 0.0012608 secs] [Times: user=0.00 sys=0.00, real=0.00 secs] 
149.678: [Full GC (Allocation Failure) [PSYoungGen: 0K->0K(60928K)] [ParOldGen: 405009K->133649K(458752K)] 405009K->133649K(519680K), [Metaspace: 2796K->2796K(1056768K)], 0.0100223 secs] [Times: user=0.00 sys=0.00, real=0.01 secs] 
150.892: [GC (Allocation Failure) [PSYoungGen: 36966K->0K(60928K)] 273015K->251409K(519680K), 0.0015076 secs] [Times: user=0.00 sys=0.00, real=0.00 secs] 
152.093: [GC (Allocation Failure) [PSYoungGen: 53350K->1024K(60928K)] 458359K->416273K(519680K), 0.0012213 secs] [Times: user=0.00 sys=0.00, real=0.00 secs] 
152.094: [Full GC (Ergonomics) [PSYoungGen: 1024K->0K(60928K)] [ParOldGen: 415249K->11793K(458752K)] 416273K->11793K(519680K), [Metaspace: 2796K->2796K(1056768K)], 0.0026366 secs] [Times: user=0.00 sys=0.00, real=0.00 secs] 
153.080: [GC (Allocation Failure) [PSYoungGen: 53350K->1024K(60928K)] 218743K->171537K(519680K), 0.0008662 secs] [Times: user=0.00 sys=0.00, real=0.00 secs] 
154.717: [GC (Allocation Failure) [PSYoungGen: 53350K->0K(60928K)] 223863K->180753K(519680K), 0.0011501 secs] [Times: user=0.00 sys=0.00, real=0.00 secs] 
155.694: [GC (Allocation Failure) [PSYoungGen: 53349K->1024K(60928K)] 387703K->345617K(519680K), 0.0012612 secs] [Times: user=0.00 sys=0.00, real=0.00 secs] 
156.564: [GC (Allocation Failure) [PSYoungGen: 53350K->0K(60928K)] 397943K->359953K(519680K), 0.0014102 secs] [Times: user=0.02 sys=0.00, real=0.00 secs] 
156.784: [GC (Allocation Failure) [PSYoungGen: 21605K->0K(60928K)] 432758K->431633K(519680K), 0.0022430 secs] [Times: user=0.00 sys=0.00, real=0.00 secs] 
156.786: [Full GC (Ergonomics) [PSYoungGen: 0K->0K(60928K)] [ParOldGen: 431633K->92689K(458752K)] 431633K->92689K(519680K), [Metaspace: 2796K->2796K(1056768K)], 0.0077971 secs] [Times: user=0.00 sys=0.00, real=0.01 secs] 
158.877: [GC (Allocation Failure) [PSYoungGen: 55397K->0K(60928K)] 404086K->353809K(519680K), 0.0009766 secs] [Times: user=0.00 sys=0.00, real=0.00 secs] 
159.426: [GC (Allocation Failure) [PSYoungGen: 36965K->0K(60928K)] 390775K->369169K(519680K), 0.0016562 secs] [Times: user=0.00 sys=0.00, real=0.00 secs] 
159.646: [GC (Allocation Failure) [PSYoungGen: 21604K->0K(60928K)] 441974K->420369K(519680K), 0.0010209 secs] [Times: user=0.00 sys=0.00, real=0.00 secs] 
159.647: [Full GC (Ergonomics) [PSYoungGen: 0K->0K(60928K)] [ParOldGen: 420369K->108049K(458752K)] 420369K->108049K(519680K), [Metaspace: 2796K->2796K(1056768K)], 0.0086061 secs] [Times: user=0.00 sys=0.00, real=0.01 secs] 
160.863: [GC (Allocation Failure) [PSYoungGen: 53349K->0K(60928K)] 263798K->225809K(519680K), 0.0014565 secs] [Times: user=0.00 sys=0.00, real=0.00 secs] 
162.281: [GC (Allocation Failure) [PSYoungGen: 52325K->0K(60928K)] 431734K->394769K(519680K), 0.0014830 secs] [Times: user=0.00 sys=0.00, real=0.00 secs] 
162.499: [Full GC (Ergonomics) [PSYoungGen: 21605K->0K(60928K)] [ParOldGen: 445969K->56849K(458752K)] 467575K->56849K(519680K), [Metaspace: 2796K->2796K(1056768K)], 0.0055507 secs] [Times: user=0.02 sys=0.00, real=0.00 secs] 
163.715: [GC (Allocation Failure) [PSYoungGen: 53349K->1024K(60928K)] 212599K->180753K(519680K), 0.0018240 secs] [Times: user=0.00 sys=0.00, real=0.00 secs] 
164.916: [GC (Allocation Failure) [PSYoungGen: 54374K->1024K(60928K)] 387703K->344593K(519680K), 0.0012428 secs] [Times: user=0.00 sys=0.00, real=0.00 secs] 
166.331: [GC (Allocation Failure) [PSYoungGen: 53350K->0K(60928K)] 396919K->353809K(519680K), 0.0010930 secs] [Times: user=0.00 sys=0.00, real=0.00 secs] 
166.767: [GC (Allocation Failure) [PSYoungGen: 42085K->0K(60928K)] 447095K->425489K(519680K), 0.0020743 secs] [Times: user=0.02 sys=0.00, real=0.00 secs] 
166.769: [Full GC (Ergonomics) [PSYoungGen: 0K->0K(60928K)] [ParOldGen: 425489K->77329K(458752K)] 425489K->77329K(519680K), [Metaspace: 2796K->2796K(1056768K)], 0.0065742 secs] [Times: user=0.00 sys=0.00, real=0.01 secs] 
167.990: [GC (Allocation Failure) [PSYoungGen: 53349K->0K(60928K)] 233079K->195089K(519680K), 0.0015707 secs] [Times: user=0.00 sys=0.00, real=0.00 secs] 
169.624: [GC (Allocation Failure) [PSYoungGen: 43110K->0K(60928K)] 442999K->399889K(519680K), 0.0008597 secs] [Times: user=0.00 sys=0.00, real=0.00 secs] 
169.625: [GC (Allocation Failure) [PSYoungGen: 0K->0K(60928K)] 399889K->399889K(519680K), 0.0007635 secs] [Times: user=0.00 sys=0.00, real=0.00 secs] 
169.626: [Full GC (Allocation Failure) [PSYoungGen: 0K->0K(60928K)] [ParOldGen: 399889K->51729K(458752K)] 399889K->51729K(519680K), [Metaspace: 2796K->2796K(1056768K)], 0.0048951 secs] [Times: user=0.00 sys=0.00, real=0.01 secs] 
170.836: [GC (Allocation Failure) [PSYoungGen: 53350K->0K(60928K)] 207479K->169489K(519680K), 0.0014024 secs] [Times: user=0.00 sys=0.00, real=0.00 secs] 
172.039: [GC (Allocation Failure) [PSYoungGen: 53350K->1024K(60928K)] 376439K->334353K(519680K), 0.0009601 secs] [Times: user=0.00 sys=0.00, real=0.00 secs] 
172.478: [GC (Allocation Failure) [PSYoungGen: 43110K->1024K(60928K)] 427639K->385553K(519680K), 0.0009358 secs] [Times: user=0.00 sys=0.00, real=0.00 secs] 
172.479: [GC (Allocation Failure) [PSYoungGen: 1024K->1024K(60928K)] 385553K->385553K(519680K), 0.0008049 secs] [Times: user=0.00 sys=0.00, real=0.00 secs] 
172.480: [Full GC (Allocation Failure) [PSYoungGen: 1024K->0K(60928K)] [ParOldGen: 384529K->165393K(458752K)] 385553K->165393K(519680K), [Metaspace: 2796K->2796K(1056768K)], 0.0121120 secs] [Times: user=0.00 sys=0.00, real=0.01 secs] 
174.344: [Full GC (Ergonomics) [PSYoungGen: 55398K->0K(60928K)] [ParOldGen: 421393K->16384K(458752K)] 476791K->16384K(519680K), [Metaspace: 2796K->2796K(1056768K)], 0.0030687 secs] [Times: user=0.00 sys=0.00, real=0.00 secs] 
175.111: [GC (Allocation Failure) [PSYoungGen: 47206K->0K(60928K)] 63590K->36864K(519680K), 0.0014674 secs] [Times: user=0.01 sys=0.00, real=0.00 secs] 
176.314: [GC (Allocation Failure) [PSYoungGen: 53349K->0K(60928K)] 243813K->200704K(519680K), 0.0010143 secs] [Times: user=0.00 sys=0.00, real=0.00 secs] 
177.403: [GC (Allocation Failure) [PSYoungGen: 52325K->0K(60928K)] 253030K->210944K(519680K), 0.0011338 secs] [Times: user=0.00 sys=0.00, real=0.00 secs] 
177.947: [GC (Allocation Failure) [PSYoungGen: 36965K->0K(60928K)] 247909K->221184K(519680K), 0.0012863 secs] [Times: user=0.00 sys=0.00, real=0.00 secs] 
179.146: [GC (Allocation Failure) [PSYoungGen: 53337K->0K(60928K)] 428122K->385024K(519680K), 0.0018691 secs] [Times: user=0.00 sys=0.00, real=0.00 secs] 
179.581: [Full GC (Ergonomics) [PSYoungGen: 42078K->0K(60928K)] [ParOldGen: 436224K->113169K(458752K)] 478302K->113169K(519680K), [Metaspace: 2796K->2796K(1056768K)], 0.0089243 secs] [Times: user=0.00 sys=0.00, real=0.01 secs] 
181.887: [GC (Allocation Failure) [PSYoungGen: 55393K->1024K(60928K)] 373362K->324113K(519680K), 0.0008592 secs] [Times: user=0.00 sys=0.00, real=0.00 secs] 
182.435: [GC (Allocation Failure) [PSYoungGen: 48227K->1024K(60928K)] 422516K->380433K(519680K), 0.0009669 secs] [Times: user=0.00 sys=0.00, real=0.00 secs] 
182.436: [GC (Allocation Failure) [PSYoungGen: 1024K->1024K(60928K)] 380433K->380433K(519680K), 0.0007794 secs] [Times: user=0.00 sys=0.00, real=0.00 secs] 
182.437: [Full GC (Allocation Failure) [PSYoungGen: 1024K->0K(60928K)] [ParOldGen: 379409K->57873K(458752K)] 380433K->57873K(519680K), [Metaspace: 2796K->2796K(1056768K)], 0.0053147 secs] [Times: user=0.00 sys=0.00, real=0.01 secs] 
183.637: [GC (Allocation Failure) [PSYoungGen: 53348K->1024K(60928K)] 213621K->181777K(519680K), 0.0016465 secs] [Times: user=0.00 sys=0.00, real=0.00 secs] 
185.057: [GC (Allocation Failure) [PSYoungGen: 49253K->0K(60928K)] 383606K->354833K(519680K), 0.0013833 secs] [Times: user=0.00 sys=0.00, real=0.00 secs] 
185.274: [GC (Allocation Failure) [PSYoungGen: 21605K->0K(60928K)] 427638K->406033K(519680K), 0.0009510 secs] [Times: user=0.00 sys=0.00, real=0.00 secs] 
185.275: [GC (Allocation Failure) [PSYoungGen: 0K->0K(60928K)] 406033K->406033K(519680K), 0.0007444 secs] [Times: user=0.00 sys=0.00, real=0.00 secs] 
185.276: [Full GC (Allocation Failure) [PSYoungGen: 0K->0K(60928K)] [ParOldGen: 406033K->61969K(458752K)] 406033K->61969K(519680K), [Metaspace: 2796K->2796K(1056768K)], 0.0057627 secs] [Times: user=0.00 sys=0.00, real=0.01 secs] 
186.497: [GC (Allocation Failure) [PSYoungGen: 53349K->0K(60928K)] 217718K->179729K(519680K), 0.0012887 secs] [Times: user=0.00 sys=0.00, real=0.00 secs] 
187.698: [GC (Allocation Failure) [PSYoungGen: 53349K->0K(60928K)] 386679K->364049K(519680K), 0.0027442 secs] [Times: user=0.00 sys=0.00, real=0.00 secs] 
188.896: [Full GC (Ergonomics) [PSYoungGen: 52326K->0K(60928K)] [ParOldGen: 415249K->6144K(458752K)] 467575K->6144K(519680K), [Metaspace: 2796K->2796K(1056768K)], 0.0021633 secs] [Times: user=0.00 sys=0.00, real=0.00 secs] 
189.880: [GC (Allocation Failure) [PSYoungGen: 53350K->1024K(60928K)] 213094K->160768K(519680K), 0.0004873 secs] [Times: user=0.00 sys=0.00, real=0.00 secs] 
190.750: [GC (Allocation Failure) [PSYoungGen: 53350K->0K(60928K)] 213094K->175104K(519680K), 0.0014402 secs] [Times: user=0.00 sys=0.00, real=0.00 secs] 
192.711: [GC (Allocation Failure) [PSYoungGen: 55397K->2080K(60928K)] 384101K->330784K(519680K), 0.0013449 secs] [Times: user=0.00 sys=0.00, real=0.00 secs] 
193.585: [GC (Allocation Failure) [PSYoungGen: 54406K->1056K(60928K)] 383110K->350240K(519680K), 0.0019703 secs] [Times: user=0.00 sys=0.00, real=0.00 secs] 
193.802: [GC (Allocation Failure) [PSYoungGen: 22661K->1056K(60928K)] 423045K->401440K(519680K), 0.0020576 secs] [Times: user=0.00 sys=0.00, real=0.00 secs] 
193.804: [GC (Allocation Failure) [PSYoungGen: 1056K->1056K(60928K)] 401440K->401440K(519680K), 0.0012700 secs] [Times: user=0.00 sys=0.00, real=0.00 secs] 
193.805: [Full GC (Allocation Failure) [PSYoungGen: 1056K->0K(60928K)] [ParOldGen: 400384K->62993K(458752K)] 401440K->62993K(519680K), [Metaspace: 2796K->2796K(1056768K)], 0.0056721 secs] [Times: user=0.00 sys=0.00, real=0.01 secs] 
195.018: [GC (Allocation Failure) [PSYoungGen: 53349K->32K(60928K)] 218742K->191025K(519680K), 0.0018074 secs] [Times: user=0.00 sys=0.00, real=0.00 secs] 
196.435: [GC (Allocation Failure) [PSYoungGen: 43141K->32K(60928K)] 387735K->354865K(519680K), 0.0013678 secs] [Times: user=0.00 sys=0.00, real=0.00 secs] 
196.654: [GC (Allocation Failure) [PSYoungGen: 21637K->32K(60928K)] 427671K->426545K(519680K), 0.0020264 secs] [Times: user=0.00 sys=0.00, real=0.00 secs] 
196.656: [Full GC (Ergonomics) [PSYoungGen: 32K->0K(60928K)] [ParOldGen: 426513K->72209K(458752K)] 426545K->72209K(519680K), [Metaspace: 2796K->2796K(1056768K)], 0.0064740 secs] [Times: user=0.09 sys=0.00, real=0.01 secs] 
197.869: [GC (Allocation Failure) [PSYoungGen: 53350K->0K(60928K)] 227959K->189969K(519680K), 0.0013440 secs] [Times: user=0.00 sys=0.00, real=0.00 secs] 
199.070: [GC (Allocation Failure) [PSYoungGen: 53350K->0K(60928K)] 396920K->353809K(519680K), 0.0011990 secs] [Times: user=0.00 sys=0.00, real=0.00 secs] 
199.507: [GC (Allocation Failure) [PSYoungGen: 42086K->0K(60928K)] 447096K->405009K(519680K), 0.0009554 secs] [Times: user=0.00 sys=0.00, real=0.00 secs] 
199.508: [GC (Allocation Failure) [PSYoungGen: 0K->0K(60928K)] 405009K->405009K(519680K), 0.0011200 secs] [Times: user=0.00 sys=0.00, real=0.00 secs] 
199.509: [Full GC (Allocation Failure) [PSYoungGen: 0K->0K(60928K)] [ParOldGen: 405009K->133649K(458752K)] 405009K->133649K(519680K), [Metaspace: 2796K->2796K(1056768K)], 0.0108713 secs] [Times: user=0.01 sys=0.00, real=0.01 secs] 
200.724: [GC (Allocation Failure) [PSYoungGen: 36966K->0K(60928K)] 273016K->251409K(519680K), 0.0015149 secs] [Times: user=0.00 sys=0.00, real=0.00 secs] 
201.927: [GC (Allocation Failure) [PSYoungGen: 53350K->1024K(60928K)] 458360K->416273K(519680K), 0.0012034 secs] [Times: user=0.00 sys=0.00, real=0.00 secs] 
201.928: [Full GC (Ergonomics) [PSYoungGen: 1024K->0K(60928K)] [ParOldGen: 415249K->11793K(458752K)] 416273K->11793K(519680K), [Metaspace: 2796K->2796K(1056768K)], 0.0025813 secs] [Times: user=0.00 sys=0.00, real=0.00 secs] 
202.908: [GC (Allocation Failure) [PSYoungGen: 53350K->1024K(60928K)] 218744K->171537K(519680K), 0.0009229 secs] [Times: user=0.00 sys=0.00, real=0.00 secs] 
204.544: [GC (Allocation Failure) [PSYoungGen: 53350K->0K(60928K)] 223864K->180753K(519680K), 0.0010102 secs] [Times: user=0.00 sys=0.00, real=0.00 secs] 
205.526: [GC (Allocation Failure) [PSYoungGen: 53349K->1024K(60928K)] 387703K->345617K(519680K), 0.0014235 secs] [Times: user=0.00 sys=0.00, real=0.00 secs] 
206.397: [GC (Allocation Failure) [PSYoungGen: 53350K->0K(60928K)] 397943K->359953K(519680K), 0.0016772 secs] [Times: user=0.00 sys=0.00, real=0.00 secs] 
206.615: [GC (Allocation Failure) [PSYoungGen: 21605K->0K(60928K)] 432759K->431633K(519680K), 0.0021233 secs] [Times: user=0.00 sys=0.00, real=0.00 secs] 
206.617: [Full GC (Ergonomics) [PSYoungGen: 0K->0K(60928K)] [ParOldGen: 431633K->92689K(458752K)] 431633K->92689K(519680K), [Metaspace: 2796K->2796K(1056768K)], 0.0077535 secs] [Times: user=0.00 sys=0.00, real=0.01 secs] 
208.705: [GC (Allocation Failure) [PSYoungGen: 55397K->0K(60928K)] 404087K->353809K(519680K), 0.0011881 secs] [Times: user=0.00 sys=0.00, real=0.00 secs] 
209.253: [GC (Allocation Failure) [PSYoungGen: 36965K->0K(60928K)] 390775K->369169K(519680K), 0.0017152 secs] [Times: user=0.00 sys=0.00, real=0.00 secs] 
209.474: [GC (Allocation Failure) [PSYoungGen: 21604K->0K(60928K)] 441974K->420369K(519680K), 0.0007684 secs] [Times: user=0.00 sys=0.00, real=0.00 secs] 
209.475: [Full GC (Ergonomics) [PSYoungGen: 0K->0K(60928K)] [ParOldGen: 420369K->108049K(458752K)] 420369K->108049K(519680K), [Metaspace: 2796K->2796K(1056768K)], 0.0087294 secs] [Times: user=0.00 sys=0.00, real=0.01 secs] 
210.692: [GC (Allocation Failure) [PSYoungGen: 53349K->0K(60928K)] 263798K->225809K(519680K), 0.0014409 secs] [Times: user=0.00 sys=0.00, real=0.00 secs] 
212.110: [GC (Allocation Failure) [PSYoungGen: 52325K->0K(60928K)] 431735K->394769K(519680K), 0.0014895 secs] [Times: user=0.00 sys=0.00, real=0.00 secs] 
212.328: [Full GC (Ergonomics) [PSYoungGen: 21605K->0K(60928K)] [ParOldGen: 445969K->56849K(458752K)] 467575K->56849K(519680K), [Metaspace: 2796K->2796K(1056768K)], 0.0057916 secs] [Times: user=0.05 sys=0.00, real=0.01 secs] 
213.549: [GC (Allocation Failure) [PSYoungGen: 53349K->1024K(60928K)] 212599K->180753K(519680K), 0.0016748 secs] [Times: user=0.03 sys=0.00, real=0.00 secs] 
214.745: [GC (Allocation Failure) [PSYoungGen: 54374K->1024K(60928K)] 387703K->344593K(519680K), 0.0011684 secs] [Times: user=0.00 sys=0.00, real=0.00 secs] 
216.163: [GC (Allocation Failure) [PSYoungGen: 53350K->0K(60928K)] 396920K->353809K(519680K), 0.0011275 secs] [Times: user=0.00 sys=0.00, real=0.00 secs] 
216.600: [GC (Allocation Failure) [PSYoungGen: 42085K->0K(60928K)] 447095K->425489K(519680K), 0.0019951 secs] [Times: user=0.00 sys=0.00, real=0.00 secs] 
216.602: [Full GC (Ergonomics) [PSYoungGen: 0K->0K(60928K)] [ParOldGen: 425489K->77329K(458752K)] 425489K->77329K(519680K), [Metaspace: 2796K->2796K(1056768K)], 0.0065733 secs] [Times: user=0.00 sys=0.00, real=0.01 secs] 
217.816: [GC (Allocation Failure) [PSYoungGen: 53349K->0K(60928K)] 233079K->195089K(519680K), 0.0015013 secs] [Times: user=0.00 sys=0.00, real=0.00 secs] 
Heap
 PSYoungGen      total 60928K, used 44236K [0x00000000fc000000, 0x0000000100000000, 0x0000000100000000)
  eden space 56320K, 78% used [0x00000000fc000000,0x00000000feb33380,0x00000000ff700000)
  from space 4608K, 0% used [0x00000000ff700000,0x00000000ff700000,0x00000000ffb80000)
  to   space 4608K, 0% used [0x00000000ffb80000,0x00000000ffb80000,0x0000000100000000)
 ParOldGen       total 458752K, used 348689K [0x00000000e0000000, 0x00000000fc000000, 0x00000000fc000000)
  object space 458752K, 76% used [0x00000000e0000000,0x00000000f5484760,0x00000000fc000000)
 Metaspace       used 2804K, capacity 4486K, committed 4864K, reserved 1056768K
  class space    used 297K, capacity 386K, committed 512K, reserved 1048576K
