Java HotSpot(TM) 64-Bit Server VM (25.411-b09) for windows-amd64 JRE (1.8.0_411-b09), built on Mar 13 2024 07:26:13 by "java_re" with MS VC++ 17.1 (VS2022)
Memory: 4k page, physical 33403376k(14815268k free), swap 38794768k(7606308k free)
CommandLine flags: -XX:InitialHeapSize=1073741824 -XX:MaxHeapSize=1073741824 -XX:NewRatio=8 -XX:ParallelGCThreads=6 -XX:+PrintGC -XX:+PrintGCDetails -XX:+PrintGCTimeStamps -XX:SurvivorRatio=13 -XX:-UseAdaptiveSizePolicy -XX:+UseCompressedClassPointers -XX:+UseCompressedOops -XX:-UseLargePagesIndividualAllocation -XX:+UseParallelGC 
2.169: [GC (Allocation Failure) [PSYoungGen: 99266K->6888K(108544K)] 252866K->165616K(1040896K), 0.0027323 secs] [Times: user=0.00 sys=0.00, real=0.00 secs] 
4.614: [GC (Allocation Failure) [PSYoungGen: 103113K->1656K(108544K)] 415441K->313984K(1040896K), 0.0009954 secs] [Times: user=0.00 sys=0.00, real=0.00 secs] 
6.629: [GC (Allocation Failure) [PSYoungGen: 101977K->5768K(108544K)] 567905K->492176K(1040896K), 0.0049759 secs] [Times: user=0.00 sys=0.00, real=0.00 secs] 
7.422: [GC (Allocation Failure) [PSYoungGen: 106074K->1576K(108544K)] 694882K->610872K(1040896K), 0.0066625 secs] [Times: user=0.00 sys=0.00, real=0.01 secs] 
9.089: [GC (Allocation Failure) [PSYoungGen: 97801K->5736K(108544K)] 809497K->768632K(1040896K), 0.0165401 secs] [Times: user=0.00 sys=0.00, real=0.02 secs] 
11.114: [Full GC (Ergonomics) [PSYoungGen: 106057K->0K(108544K)] [ParOldGen: 916496K->169488K(932352K)] 1022553K->169488K(1040896K), [Metaspace: 2761K->2761K(1056768K)], 0.0232668 secs] [Times: user=0.02 sys=0.00, real=0.02 secs] 
12.444: [GC (Allocation Failure) [PSYoungGen: 99297K->5120K(108544K)] 371186K->277008K(1040896K), 0.0016165 secs] [Times: user=0.00 sys=0.00, real=0.00 secs] 
13.209: [GC (Allocation Failure) [PSYoungGen: 105073K->6176K(108544K)] 479362K->380473K(1040896K), 0.0012093 secs] [Times: user=0.00 sys=0.00, real=0.00 secs] 
15.171: [GC (Allocation Failure) [PSYoungGen: 102401K->6176K(108544K)] 630298K->554553K(1040896K), 0.0020756 secs] [Times: user=0.02 sys=0.00, real=0.00 secs] 
17.028: [GC (Allocation Failure) [PSYoungGen: 90113K->5152K(108544K)] 638490K->563769K(1040896K), 0.0019615 secs] [Times: user=0.00 sys=0.00, real=0.00 secs] 
18.119: [GC (Allocation Failure) [PSYoungGen: 105465K->5152K(108544K)] 766482K->696889K(1040896K), 0.0029820 secs] [Times: user=0.00 sys=0.00, real=0.00 secs] 
18.993: [GC (Allocation Failure) [PSYoungGen: 105468K->6176K(108544K)] 899605K->851513K(1040896K), 0.0050499 secs] [Times: user=0.00 sys=0.00, real=0.00 secs] 
20.087: [GC (Allocation Failure) [PSYoungGen: 79869K->32K(108544K)] 925207K->896569K(1040896K), 0.0043936 secs] [Times: user=0.00 sys=0.00, real=0.00 secs] 
20.092: [Full GC (Ergonomics) [PSYoungGen: 32K->0K(108544K)] [ParOldGen: 896537K->51729K(932352K)] 896569K->51729K(1040896K), [Metaspace: 2770K->2770K(1056768K)], 0.0060796 secs] [Times: user=0.02 sys=0.00, real=0.01 secs] 
22.286: [GC (Allocation Failure) [PSYoungGen: 97237K->6144K(108544K)] 404966K->318993K(1040896K), 0.0010158 secs] [Times: user=0.00 sys=0.00, real=0.00 secs] 
24.460: [GC (Allocation Failure) [PSYoungGen: 106457K->0K(108544K)] 726507K->630289K(1040896K), 0.0014413 secs] [Times: user=0.00 sys=0.00, real=0.00 secs] 
26.540: [GC (Allocation Failure) [PSYoungGen: 97244K->5120K(108544K)] 881133K->809489K(1040896K), 0.0023339 secs] [Times: user=0.00 sys=0.00, real=0.00 secs] 
28.396: [GC (Allocation Failure) [PSYoungGen: 104840K->5152K(108544K)] 909209K->819769K(1040896K), 0.0016612 secs] [Times: user=0.00 sys=0.00, real=0.00 secs] 
29.489: [Full GC (Ergonomics) [PSYoungGen: 105461K->0K(108544K)] [ParOldGen: 917017K->67089K(932352K)] 1022478K->67089K(1040896K), [Metaspace: 2793K->2793K(1056768K)], 0.0066211 secs] [Times: user=0.00 sys=0.00, real=0.01 secs] 
30.363: [GC (Allocation Failure) [PSYoungGen: 100313K->1024K(108544K)] 269802K->170513K(1040896K), 0.0007288 secs] [Times: user=0.00 sys=0.00, real=0.00 secs] 
32.983: [GC (Allocation Failure) [PSYoungGen: 101340K->6144K(108544K)] 526829K->431633K(1040896K), 0.0009727 secs] [Times: user=0.00 sys=0.00, real=0.00 secs] 
35.384: [GC (Allocation Failure) [PSYoungGen: 98270K->0K(108544K)] 677359K->589329K(1040896K), 0.0013793 secs] [Times: user=0.00 sys=0.00, real=0.00 secs] 
36.367: [GC (Allocation Failure) [PSYoungGen: 100319K->5120K(108544K)] 792048K->712209K(1040896K), 0.0019598 secs] [Times: user=0.00 sys=0.00, real=0.00 secs] 
38.222: [GC (Allocation Failure) [PSYoungGen: 105440K->5120K(108544K)] 966129K->896529K(1040896K), 0.0029937 secs] [Times: user=0.00 sys=0.00, real=0.00 secs] 
38.225: [Full GC (Ergonomics) [PSYoungGen: 5120K->0K(108544K)] [ParOldGen: 891409K->51729K(932352K)] 896529K->51729K(1040896K), [Metaspace: 2793K->2793K(1056768K)], 0.0057764 secs] [Times: user=0.00 sys=0.00, real=0.01 secs] 
39.421: [GC (Allocation Failure) [PSYoungGen: 99296K->5120K(108544K)] 151025K->61969K(1040896K), 0.0012192 secs] [Times: user=0.05 sys=0.00, real=0.00 secs] 
40.294: [GC (Allocation Failure) [PSYoungGen: 105426K->1024K(108544K)] 264675K->160273K(1040896K), 0.0005611 secs] [Times: user=0.00 sys=0.00, real=0.00 secs] 
42.256: [GC (Allocation Failure) [PSYoungGen: 101335K->6144K(108544K)] 414185K->324113K(1040896K), 0.0013417 secs] [Times: user=0.00 sys=0.00, real=0.00 secs] 
44.876: [GC (Allocation Failure) [PSYoungGen: 103387K->6144K(108544K)] 574956K->493073K(1040896K), 0.0021463 secs] [Times: user=0.00 sys=0.00, real=0.00 secs] 
47.167: [GC (Allocation Failure) [PSYoungGen: 106461K->0K(108544K)] 900590K->814609K(1040896K), 0.0022868 secs] [Times: user=0.00 sys=0.00, real=0.00 secs] 
48.479: [GC (Allocation Failure) [PSYoungGen: 74718K->5120K(108544K)] 940528K->870929K(1040896K), 0.0021867 secs] [Times: user=0.00 sys=0.00, real=0.00 secs] 
48.482: [GC (Allocation Failure) [PSYoungGen: 5120K->5120K(108544K)] 870929K->870929K(1040896K), 0.0019492 secs] [Times: user=0.00 sys=0.00, real=0.00 secs] 
48.484: [Full GC (Allocation Failure) [PSYoungGen: 5120K->0K(108544K)] [ParOldGen: 865809K->77329K(932352K)] 870929K->77329K(1040896K), [Metaspace: 2795K->2795K(1056768K)], 0.0074338 secs] [Times: user=0.02 sys=0.00, real=0.01 secs] 
51.000: [GC (Allocation Failure) [PSYoungGen: 100319K->5120K(108544K)] 433649K->348689K(1040896K), 0.0016261 secs] [Times: user=0.00 sys=0.00, real=0.00 secs] 
51.985: [GC (Allocation Failure) [PSYoungGen: 105440K->6144K(108544K)] 551409K->457233K(1040896K), 0.0010099 secs] [Times: user=0.00 sys=0.00, real=0.00 secs] 
54.391: [GC (Allocation Failure) [PSYoungGen: 106464K->0K(108544K)] 711154K->614929K(1040896K), 0.0015282 secs] [Times: user=0.00 sys=0.00, real=0.00 secs] 
56.354: [GC (Allocation Failure) [PSYoungGen: 96225K->5120K(108544K)] 864754K->794129K(1040896K), 0.0023129 secs] [Times: user=0.00 sys=0.00, real=0.00 secs] 
57.009: [GC (Allocation Failure) [PSYoungGen: 58337K->5120K(108544K)] 898546K->865809K(1040896K), 0.0027435 secs] [Times: user=0.00 sys=0.00, real=0.00 secs] 
57.012: [GC (Allocation Failure) [PSYoungGen: 5120K->5120K(108544K)] 865809K->865809K(1040896K), 0.0012878 secs] [Times: user=0.00 sys=0.00, real=0.00 secs] 
57.013: [Full GC (Allocation Failure) [PSYoungGen: 5120K->0K(108544K)] [ParOldGen: 860689K->92689K(932352K)] 865809K->92689K(1040896K), [Metaspace: 2796K->2796K(1056768K)], 0.0080354 secs] [Times: user=0.02 sys=0.00, real=0.01 secs] 
58.880: [GC (Allocation Failure) [PSYoungGen: 97249K->5120K(108544K)] 394738K->353809K(1040896K), 0.0050712 secs] [Times: user=0.00 sys=0.00, real=0.01 secs] 
60.844: [GC (Allocation Failure) [PSYoungGen: 105441K->5120K(108544K)] 607730K->517649K(1040896K), 0.0014251 secs] [Times: user=0.00 sys=0.00, real=0.00 secs] 
62.154: [GC (Allocation Failure) [PSYoungGen: 104417K->5120K(108544K)] 719346K->620049K(1040896K), 0.0010409 secs] [Times: user=0.00 sys=0.00, real=0.00 secs] 
63.023: [GC (Allocation Failure) [PSYoungGen: 105441K->7168K(108544K)] 822770K->724497K(1040896K), 0.0012868 secs] [Times: user=0.00 sys=0.00, real=0.00 secs] 
64.987: [Full GC (Ergonomics) [PSYoungGen: 107489K->0K(108544K)] [ParOldGen: 870929K->27648K(932352K)] 978419K->27648K(1040896K), [Metaspace: 2796K->2796K(1056768K)], 0.0043003 secs] [Times: user=0.00 sys=0.00, real=0.00 secs] 
67.276: [GC (Allocation Failure) [PSYoungGen: 100321K->6144K(108544K)] 281569K->207872K(1040896K), 0.0024575 secs] [Times: user=0.00 sys=0.00, real=0.00 secs] 
70.109: [GC (Allocation Failure) [PSYoungGen: 103393K->1024K(108544K)] 612321K->509952K(1040896K), 0.0011388 secs] [Times: user=0.00 sys=0.00, real=0.00 secs] 
72.071: [GC (Allocation Failure) [PSYoungGen: 101345K->6144K(108544K)] 763873K->673792K(1040896K), 0.0017089 secs] [Times: user=0.00 sys=0.00, real=0.00 secs] 
73.489: [GC (Allocation Failure) [PSYoungGen: 106465K->1024K(108544K)] 876513K->771072K(1040896K), 0.0031555 secs] [Times: user=0.00 sys=0.00, real=0.00 secs] 
74.362: [GC (Allocation Failure) [PSYoungGen: 101345K->1024K(108544K)] 973793K->883712K(1040896K), 0.0034020 secs] [Times: user=0.00 sys=0.00, real=0.00 secs] 
74.366: [Full GC (Ergonomics) [PSYoungGen: 1024K->0K(108544K)] [ParOldGen: 882688K->11793K(932352K)] 883712K->11793K(1040896K), [Metaspace: 2796K->2796K(1056768K)], 0.0036857 secs] [Times: user=0.00 sys=0.00, real=0.00 secs] 
76.329: [GC (Allocation Failure) [PSYoungGen: 100321K->5120K(108544K)] 265714K->190993K(1040896K), 0.0020997 secs] [Times: user=0.00 sys=0.00, real=0.00 secs] 
78.078: [GC (Allocation Failure) [PSYoungGen: 99297K->5120K(108544K)] 285170K->201233K(1040896K), 0.0014951 secs] [Times: user=0.00 sys=0.00, real=0.00 secs] 
79.172: [GC (Allocation Failure) [PSYoungGen: 105434K->5120K(108544K)] 403947K->365073K(1040896K), 0.0049256 secs] [Times: user=0.00 sys=0.00, real=0.01 secs] 
80.046: [GC (Allocation Failure) [PSYoungGen: 105436K->1024K(108544K)] 567790K->463377K(1040896K), 0.0008616 secs] [Times: user=0.00 sys=0.00, real=0.00 secs] 
82.659: [GC (Allocation Failure) [PSYoungGen: 101342K->6144K(108544K)] 819695K->724497K(1040896K), 0.0011548 secs] [Times: user=0.00 sys=0.00, real=0.00 secs] 
85.063: [Full GC (Ergonomics) [PSYoungGen: 98271K->0K(108544K)] [ParOldGen: 871953K->11264K(932352K)] 970225K->11264K(1040896K), [Metaspace: 2796K->2796K(1056768K)], 0.0032659 secs] [Times: user=0.00 sys=0.00, real=0.00 secs] 
86.046: [GC (Allocation Failure) [PSYoungGen: 100320K->5120K(108544K)] 213984K->134144K(1040896K), 0.0016935 secs] [Times: user=0.00 sys=0.00, real=0.00 secs] 
87.906: [GC (Allocation Failure) [PSYoungGen: 105440K->5120K(108544K)] 388064K->318464K(1040896K), 0.0025634 secs] [Times: user=0.00 sys=0.00, real=0.00 secs] 
89.104: [GC (Allocation Failure) [PSYoungGen: 104416K->5120K(108544K)] 417760K->323584K(1040896K), 0.0012163 secs] [Times: user=0.00 sys=0.00, real=0.00 secs] 
89.977: [GC (Allocation Failure) [PSYoungGen: 105434K->6144K(108544K)] 526298K->427008K(1040896K), 0.0010776 secs] [Times: user=0.00 sys=0.00, real=0.00 secs] 
91.942: [GC (Allocation Failure) [PSYoungGen: 106460K->6144K(108544K)] 680924K->590848K(1040896K), 0.0021777 secs] [Times: user=0.00 sys=0.00, real=0.00 secs] 
94.561: [GC (Allocation Failure) [PSYoungGen: 103390K->6144K(108544K)] 841694K->759808K(1040896K), 0.0022288 secs] [Times: user=0.00 sys=0.00, real=0.00 secs] 
96.635: [Full GC (Ergonomics) [PSYoungGen: 106463K->0K(108544K)] [ParOldGen: 907264K->21504K(932352K)] 1013727K->21504K(1040896K), [Metaspace: 2796K->2796K(1056768K)], 0.0036809 secs] [Times: user=0.00 sys=0.00, real=0.00 secs] 
97.837: [GC (Allocation Failure) [PSYoungGen: 95200K->5120K(108544K)] 219104K->139264K(1040896K), 0.0014657 secs] [Times: user=0.00 sys=0.00, real=0.00 secs] 
98.818: [GC (Allocation Failure) [PSYoungGen: 105440K->5120K(108544K)] 341984K->297984K(1040896K), 0.0053086 secs] [Times: user=0.00 sys=0.00, real=0.00 secs] 
100.782: [GC (Allocation Failure) [PSYoungGen: 99296K->5120K(108544K)] 545761K->461824K(1040896K), 0.0017558 secs] [Times: user=0.00 sys=0.00, real=0.00 secs] 
101.873: [GC (Allocation Failure) [PSYoungGen: 105441K->6144K(108544K)] 664545K->570368K(1040896K), 0.0017142 secs] [Times: user=0.00 sys=0.00, real=0.00 secs] 
102.744: [GC (Allocation Failure) [PSYoungGen: 106465K->7168K(108544K)] 773089K->678912K(1040896K), 0.0017801 secs] [Times: user=0.00 sys=0.00, real=0.00 secs] 
105.031: [GC (Allocation Failure) [PSYoungGen: 101345K->5120K(108544K)] 773089K->697344K(1040896K), 0.0022671 secs] [Times: user=0.00 sys=0.00, real=0.00 secs] 
106.124: [GC (Allocation Failure) [PSYoungGen: 105433K->5120K(108544K)] 900058K->809984K(1040896K), 0.0020073 secs] [Times: user=0.00 sys=0.00, real=0.00 secs] 
106.998: [Full GC (Ergonomics) [PSYoungGen: 105436K->0K(108544K)] [ParOldGen: 907264K->42513K(932352K)] 1012700K->42513K(1040896K), [Metaspace: 2796K->2796K(1056768K)], 0.0053489 secs] [Times: user=0.00 sys=0.00, real=0.00 secs] 
108.634: [GC (Allocation Failure) [PSYoungGen: 100318K->5120K(108544K)] 245231K->201233K(1040896K), 0.0044952 secs] [Times: user=0.00 sys=0.00, real=0.01 secs] 
110.485: [GC (Allocation Failure) [PSYoungGen: 100319K->5120K(108544K)] 450032K->365073K(1040896K), 0.0014704 secs] [Times: user=0.00 sys=0.00, real=0.00 secs] 
111.792: [GC (Allocation Failure) [PSYoungGen: 104416K->5120K(108544K)] 566769K->467473K(1040896K), 0.0011217 secs] [Times: user=0.00 sys=0.00, real=0.00 secs] 
112.662: [GC (Allocation Failure) [PSYoungGen: 105440K->7168K(108544K)] 670194K->571921K(1040896K), 0.0011869 secs] [Times: user=0.00 sys=0.00, real=0.00 secs] 
114.627: [GC (Allocation Failure) [PSYoungGen: 107488K->6144K(108544K)] 825842K->744977K(1040896K), 0.0022714 secs] [Times: user=0.00 sys=0.00, real=0.00 secs] 
116.920: [Full GC (Ergonomics) [PSYoungGen: 106465K->0K(108544K)] [ParOldGen: 892433K->27648K(932352K)] 998898K->27648K(1040896K), [Metaspace: 2796K->2796K(1056768K)], 0.0044946 secs] [Times: user=0.01 sys=0.00, real=0.00 secs] 
119.758: [GC (Allocation Failure) [PSYoungGen: 97249K->1024K(108544K)] 432097K->335872K(1040896K), 0.0011485 secs] [Times: user=0.00 sys=0.00, real=0.00 secs] 
121.724: [GC (Allocation Failure) [PSYoungGen: 101345K->6144K(108544K)] 589793K->499712K(1040896K), 0.0015225 secs] [Times: user=0.00 sys=0.00, real=0.00 secs] 
123.142: [GC (Allocation Failure) [PSYoungGen: 106465K->1024K(108544K)] 702433K->596992K(1040896K), 0.0017033 secs] [Times: user=0.00 sys=0.00, real=0.00 secs] 
124.015: [GC (Allocation Failure) [PSYoungGen: 101345K->1024K(108544K)] 799713K->709632K(1040896K), 0.0027787 secs] [Times: user=0.02 sys=0.00, real=0.00 secs] 
125.976: [GC (Allocation Failure) [PSYoungGen: 101345K->5120K(108544K)] 963553K->887808K(1040896K), 0.0029305 secs] [Times: user=0.00 sys=0.00, real=0.00 secs] 
125.979: [Full GC (Ergonomics) [PSYoungGen: 5120K->0K(108544K)] [ParOldGen: 882688K->36369K(932352K)] 887808K->36369K(1040896K), [Metaspace: 2796K->2796K(1056768K)], 0.0048805 secs] [Times: user=0.00 sys=0.00, real=0.01 secs] 
127.723: [GC (Allocation Failure) [PSYoungGen: 94177K->5120K(108544K)] 130546K->51729K(1040896K), 0.0014490 secs] [Times: user=0.00 sys=0.00, real=0.00 secs] 
128.813: [GC (Allocation Failure) [PSYoungGen: 105426K->5120K(108544K)] 254435K->215569K(1040896K), 0.0060739 secs] [Times: user=0.00 sys=0.00, real=0.01 secs] 
129.686: [GC (Allocation Failure) [PSYoungGen: 105431K->6144K(108544K)] 418281K->318993K(1040896K), 0.0009647 secs] [Times: user=0.00 sys=0.00, real=0.00 secs] 
132.303: [GC (Allocation Failure) [PSYoungGen: 106459K->6144K(108544K)] 675308K->574993K(1040896K), 0.0011880 secs] [Times: user=0.00 sys=0.00, real=0.00 secs] 
134.703: [GC (Allocation Failure) [PSYoungGen: 98269K->0K(108544K)] 820718K->732689K(1040896K), 0.0014930 secs] [Times: user=0.00 sys=0.00, real=0.00 secs] 
135.687: [GC (Allocation Failure) [PSYoungGen: 100318K->5120K(108544K)] 935408K->855569K(1040896K), 0.0019712 secs] [Times: user=0.02 sys=0.00, real=0.00 secs] 
136.451: [Full GC (Ergonomics) [PSYoungGen: 63455K->0K(108544K)] [ParOldGen: 901649K->87569K(932352K)] 965105K->87569K(1040896K), [Metaspace: 2796K->2796K(1056768K)], 0.0078956 secs] [Times: user=0.00 sys=0.00, real=0.01 secs] 
138.864: [GC (Allocation Failure) [PSYoungGen: 95200K->5120K(108544K)] 336369K->251409K(1040896K), 0.0011050 secs] [Times: user=0.00 sys=0.00, real=0.00 secs] 
139.741: [GC (Allocation Failure) [PSYoungGen: 105440K->5120K(108544K)] 454130K->358929K(1040896K), 0.0014502 secs] [Times: user=0.00 sys=0.00, real=0.00 secs] 
142.249: [GC (Allocation Failure) [PSYoungGen: 105441K->5120K(108544K)] 612850K->512529K(1040896K), 0.0010053 secs] [Times: user=0.00 sys=0.00, real=0.00 secs] 
144.328: [GC (Allocation Failure) [PSYoungGen: 102369K->6144K(108544K)] 763378K->682513K(1040896K), 0.0018976 secs] [Times: user=0.00 sys=0.00, real=0.00 secs] 
146.397: [Full GC (Ergonomics) [PSYoungGen: 101345K->0K(108544K)] [ParOldGen: 881169K->72209K(932352K)] 982514K->72209K(1040896K), [Metaspace: 2796K->2796K(1056768K)], 0.0069400 secs] [Times: user=0.00 sys=0.00, real=0.01 secs] 
148.600: [GC (Allocation Failure) [PSYoungGen: 97249K->5120K(108544K)] 425458K->343569K(1040896K), 0.0012043 secs] [Times: user=0.00 sys=0.00, real=0.00 secs] 
150.456: [GC (Allocation Failure) [PSYoungGen: 94177K->5120K(108544K)] 586226K->507409K(1040896K), 0.0017213 secs] [Times: user=0.00 sys=0.00, real=0.00 secs] 
151.551: [GC (Allocation Failure) [PSYoungGen: 105441K->6144K(108544K)] 710130K->615953K(1040896K), 0.0012583 secs] [Times: user=0.00 sys=0.00, real=0.00 secs] 
152.419: [GC (Allocation Failure) [PSYoungGen: 106465K->7168K(108544K)] 818674K->724497K(1040896K), 0.0014818 secs] [Times: user=0.00 sys=0.00, real=0.00 secs] 
154.707: [GC (Allocation Failure) [PSYoungGen: 101345K->5120K(108544K)] 818675K->742929K(1040896K), 0.0019120 secs] [Times: user=0.00 sys=0.00, real=0.00 secs] 
155.794: [GC (Allocation Failure) [PSYoungGen: 105433K->5120K(108544K)] 945643K->855569K(1040896K), 0.0024010 secs] [Times: user=0.00 sys=0.00, real=0.00 secs] 
156.340: [GC (Allocation Failure) [PSYoungGen: 104412K->0K(108544K)] 954862K->922129K(1040896K), 0.0054635 secs] [Times: user=0.00 sys=0.00, real=0.01 secs] 
156.345: [Full GC (Ergonomics) [PSYoungGen: 0K->0K(108544K)] [ParOldGen: 922129K->92689K(932352K)] 922129K->92689K(1040896K), [Metaspace: 2796K->2796K(1056768K)], 0.0080071 secs] [Times: user=0.00 sys=0.00, real=0.01 secs] 
158.210: [GC (Allocation Failure) [PSYoungGen: 97239K->5120K(108544K)] 394728K->353809K(1040896K), 0.0051460 secs] [Times: user=0.00 sys=0.00, real=0.00 secs] 
160.175: [GC (Allocation Failure) [PSYoungGen: 105434K->5120K(108544K)] 607724K->517649K(1040896K), 0.0015162 secs] [Times: user=0.00 sys=0.00, real=0.00 secs] 
161.489: [GC (Allocation Failure) [PSYoungGen: 104413K->5120K(108544K)] 719342K->620049K(1040896K), 0.0010873 secs] [Times: user=0.00 sys=0.00, real=0.00 secs] 
162.361: [GC (Allocation Failure) [PSYoungGen: 105438K->7168K(108544K)] 822768K->724497K(1040896K), 0.0016061 secs] [Times: user=0.00 sys=0.00, real=0.00 secs] 
164.327: [Full GC (Ergonomics) [PSYoungGen: 107487K->0K(108544K)] [ParOldGen: 870929K->27648K(932352K)] 978417K->27648K(1040896K), [Metaspace: 2796K->2796K(1056768K)], 0.0043067 secs] [Times: user=0.00 sys=0.00, real=0.00 secs] 
166.620: [GC (Allocation Failure) [PSYoungGen: 100320K->6144K(108544K)] 281568K->207872K(1040896K), 0.0022369 secs] [Times: user=0.00 sys=0.00, real=0.00 secs] 
169.457: [GC (Allocation Failure) [PSYoungGen: 103392K->1024K(108544K)] 612320K->509952K(1040896K), 0.0017594 secs] [Times: user=0.00 sys=0.00, real=0.00 secs] 
171.425: [GC (Allocation Failure) [PSYoungGen: 101345K->6144K(108544K)] 763873K->673792K(1040896K), 0.0026489 secs] [Times: user=0.00 sys=0.00, real=0.00 secs] 
172.841: [GC (Allocation Failure) [PSYoungGen: 106465K->1024K(108544K)] 876513K->771072K(1040896K), 0.0027103 secs] [Times: user=0.00 sys=0.00, real=0.00 secs] 
173.712: [Full GC (Ergonomics) [PSYoungGen: 101345K->0K(108544K)] [ParOldGen: 872448K->12288K(932352K)] 973793K->12288K(1040896K), [Metaspace: 2796K->2796K(1056768K)], 0.0032960 secs] [Times: user=0.00 sys=0.00, real=0.00 secs] 
175.675: [GC (Allocation Failure) [PSYoungGen: 100321K->5120K(108544K)] 266209K->191488K(1040896K), 0.0019594 secs] [Times: user=0.00 sys=0.00, real=0.00 secs] 
177.421: [GC (Allocation Failure) [PSYoungGen: 99297K->5120K(108544K)] 285665K->201728K(1040896K), 0.0016358 secs] [Times: user=0.00 sys=0.00, real=0.00 secs] 
178.512: [GC (Allocation Failure) [PSYoungGen: 105433K->5120K(108544K)] 404442K->365568K(1040896K), 0.0053696 secs] [Times: user=0.00 sys=0.00, real=0.01 secs] 
179.386: [GC (Allocation Failure) [PSYoungGen: 105436K->6144K(108544K)] 568284K->468992K(1040896K), 0.0012730 secs] [Times: user=0.00 sys=0.00, real=0.00 secs] 
182.010: [GC (Allocation Failure) [PSYoungGen: 106462K->6144K(108544K)] 825310K->724992K(1040896K), 0.0017950 secs] [Times: user=0.00 sys=0.00, real=0.00 secs] 
184.405: [Full GC (Ergonomics) [PSYoungGen: 98271K->0K(108544K)] [ParOldGen: 872448K->11264K(932352K)] 970719K->11264K(1040896K), [Metaspace: 2796K->2796K(1056768K)], 0.0034369 secs] [Times: user=0.00 sys=0.00, real=0.00 secs] 
185.383: [GC (Allocation Failure) [PSYoungGen: 100320K->5120K(108544K)] 213984K->134144K(1040896K), 0.0017750 secs] [Times: user=0.00 sys=0.00, real=0.00 secs] 
187.241: [GC (Allocation Failure) [PSYoungGen: 105440K->5120K(108544K)] 388064K->318464K(1040896K), 0.0029518 secs] [Times: user=0.00 sys=0.00, real=0.00 secs] 
188.443: [GC (Allocation Failure) [PSYoungGen: 104416K->5120K(108544K)] 417760K->323584K(1040896K), 0.0012536 secs] [Times: user=0.00 sys=0.00, real=0.00 secs] 
189.311: [GC (Allocation Failure) [PSYoungGen: 105434K->6144K(108544K)] 526298K->427008K(1040896K), 0.0014217 secs] [Times: user=0.00 sys=0.00, real=0.00 secs] 
191.280: [GC (Allocation Failure) [PSYoungGen: 106460K->6176K(108544K)] 680924K->590880K(1040896K), 0.0028761 secs] [Times: user=0.00 sys=0.00, real=0.00 secs] 
193.899: [GC (Allocation Failure) [PSYoungGen: 103422K->6208K(108544K)] 841726K->759872K(1040896K), 0.0024548 secs] [Times: user=0.00 sys=0.00, real=0.00 secs] 
195.972: [Full GC (Ergonomics) [PSYoungGen: 106527K->0K(108544K)] [ParOldGen: 907264K->21504K(932352K)] 1013791K->21504K(1040896K), [Metaspace: 2796K->2796K(1056768K)], 0.0040044 secs] [Times: user=0.00 sys=0.00, real=0.00 secs] 
197.174: [GC (Allocation Failure) [PSYoungGen: 95200K->5120K(108544K)] 219104K->139264K(1040896K), 0.0015599 secs] [Times: user=0.00 sys=0.00, real=0.00 secs] 
198.155: [GC (Allocation Failure) [PSYoungGen: 105440K->5120K(108544K)] 341985K->297984K(1040896K), 0.0049487 secs] [Times: user=0.01 sys=0.00, real=0.01 secs] 
200.120: [GC (Allocation Failure) [PSYoungGen: 99296K->5120K(108544K)] 545761K->461824K(1040896K), 0.0016844 secs] [Times: user=0.00 sys=0.00, real=0.00 secs] 
201.214: [GC (Allocation Failure) [PSYoungGen: 105441K->6144K(108544K)] 664545K->570368K(1040896K), 0.0014116 secs] [Times: user=0.00 sys=0.00, real=0.00 secs] 
202.089: [GC (Allocation Failure) [PSYoungGen: 106465K->7168K(108544K)] 773089K->678912K(1040896K), 0.0015663 secs] [Times: user=0.00 sys=0.00, real=0.00 secs] 
204.385: [GC (Allocation Failure) [PSYoungGen: 101345K->5120K(108544K)] 773090K->697344K(1040896K), 0.0022219 secs] [Times: user=0.00 sys=0.00, real=0.00 secs] 
205.475: [GC (Allocation Failure) [PSYoungGen: 105433K->5120K(108544K)] 900058K->809984K(1040896K), 0.0018776 secs] [Times: user=0.00 sys=0.00, real=0.00 secs] 
206.348: [Full GC (Ergonomics) [PSYoungGen: 105436K->0K(108544K)] [ParOldGen: 907264K->42513K(932352K)] 1012701K->42513K(1040896K), [Metaspace: 2796K->2796K(1056768K)], 0.0055954 secs] [Times: user=0.00 sys=0.00, real=0.00 secs] 
207.980: [GC (Allocation Failure) [PSYoungGen: 100318K->5120K(108544K)] 245232K->201233K(1040896K), 0.0045574 secs] [Times: user=0.00 sys=0.00, real=0.00 secs] 
209.834: [GC (Allocation Failure) [PSYoungGen: 100319K->5120K(108544K)] 450033K->365073K(1040896K), 0.0013233 secs] [Times: user=0.00 sys=0.00, real=0.00 secs] 
211.143: [GC (Allocation Failure) [PSYoungGen: 104416K->5120K(108544K)] 566769K->467473K(1040896K), 0.0010056 secs] [Times: user=0.00 sys=0.00, real=0.00 secs] 
212.018: [GC (Allocation Failure) [PSYoungGen: 105440K->7168K(108544K)] 670194K->571921K(1040896K), 0.0013846 secs] [Times: user=0.00 sys=0.00, real=0.00 secs] 
213.982: [GC (Allocation Failure) [PSYoungGen: 107488K->6144K(108544K)] 825842K->744978K(1040896K), 0.0023525 secs] [Times: user=0.00 sys=0.00, real=0.00 secs] 
216.273: [Full GC (Ergonomics) [PSYoungGen: 106465K->0K(108544K)] [ParOldGen: 892434K->27648K(932352K)] 998899K->27648K(1040896K), [Metaspace: 2796K->2796K(1056768K)], 0.0044735 secs] [Times: user=0.00 sys=0.00, real=0.00 secs] 
Heap
 PSYoungGen      total 108544K, used 97218K [0x00000000f8e80000, 0x0000000100000000, 0x0000000100000000)
  eden space 100864K, 96% used [0x00000000f8e80000,0x00000000fed70b98,0x00000000ff100000)
  from space 7680K, 0% used [0x00000000ff100000,0x00000000ff100000,0x00000000ff880000)
  to   space 7680K, 0% used [0x00000000ff880000,0x00000000ff880000,0x0000000100000000)
 ParOldGen       total 932352K, used 181248K [0x00000000c0000000, 0x00000000f8e80000, 0x00000000f8e80000)
  object space 932352K, 19% used [0x00000000c0000000,0x00000000cb100050,0x00000000f8e80000)
 Metaspace       used 2804K, capacity 4486K, committed 4864K, reserved 1056768K
  class space    used 297K, capacity 386K, committed 512K, reserved 1048576K
