Java HotSpot(TM) 64-Bit Server VM (25.411-b09) for windows-amd64 JRE (1.8.0_411-b09), built on Mar 13 2024 07:26:13 by "java_re" with MS VC++ 17.1 (VS2022)
Memory: 4k page, physical 33403376k(14493776k free), swap 36670664k(7426172k free)
CommandLine flags: -XX:InitialHeapSize=536870912 -XX:MaxHeapSize=536870912 -XX:NewRatio=8 -XX:ParallelGCThreads=6 -XX:+PrintGC -XX:+PrintGCDetails -XX:+PrintGCTimeStamps -XX:SurvivorRatio=7 -XX:-UseAdaptiveSizePolicy -XX:+UseCompressedClassPointers -XX:+UseCompressedOops -XX:-UseLargePagesIndividualAllocation -XX:+UseParallelGC 
1.045: [GC (Allocation Failure) [PSYoungGen: 44830K->5840K(51712K)] 44830K->16088K(518144K), 0.0041607 secs] [Times: user=0.00 sys=0.00, real=0.00 secs] 
1.967: [GC (Allocation Failure) [PSYoungGen: 49741K->1712K(51712K)] 213589K->175800K(518144K), 0.0024996 secs] [Times: user=0.00 sys=0.00, real=0.00 secs] 
2.621: [GC (Allocation Failure) [PSYoungGen: 43571K->5736K(51712K)] 217659K->191088K(518144K), 0.0038343 secs] [Times: user=0.02 sys=0.00, real=0.00 secs] 
3.654: [GC (Allocation Failure) [PSYoungGen: 49640K->5768K(51712K)] 388593K->350872K(518144K), 0.0023347 secs] [Times: user=0.00 sys=0.00, real=0.00 secs] 
5.069: [GC (Allocation Failure) [PSYoungGen: 48654K->5720K(51712K)] 393758K->355944K(518144K), 0.0024228 secs] [Times: user=0.00 sys=0.00, real=0.00 secs] 
5.509: [GC (Allocation Failure) [PSYoungGen: 37338K->5752K(51712K)] 387562K->376456K(518144K), 0.0044330 secs] [Times: user=0.00 sys=0.00, real=0.00 secs] 
5.743: [GC (Allocation Failure) [PSYoungGen: 27126K->5720K(51712K)] 449030K->427624K(518144K), 0.0016174 secs] [Times: user=0.00 sys=0.00, real=0.00 secs] 
5.745: [GC (Allocation Failure) [PSYoungGen: 5720K->5736K(51712K)] 427624K->427640K(518144K), 0.0010460 secs] [Times: user=0.00 sys=0.00, real=0.00 secs] 
5.746: [Full GC (Allocation Failure) [PSYoungGen: 5736K->0K(51712K)] [ParOldGen: 421904K->67088K(466432K)] 427640K->67088K(518144K), [Metaspace: 2753K->2753K(1056768K)], 0.0101745 secs] [Times: user=0.00 sys=0.00, real=0.01 secs] 
6.852: [GC (Allocation Failure) [PSYoungGen: 43902K->5120K(51712K)] 213391K->184848K(518144K), 0.0014969 secs] [Times: user=0.00 sys=0.00, real=0.00 secs] 
7.728: [GC (Allocation Failure) [PSYoungGen: 49483K->5152K(51712K)] 382812K->364088K(518144K), 0.0026640 secs] [Times: user=0.00 sys=0.00, real=0.00 secs] 
8.598: [GC (Allocation Failure) [PSYoungGen: 31656K->32K(51712K)] 441793K->410168K(518144K), 0.0014545 secs] [Times: user=0.00 sys=0.00, real=0.00 secs] 
8.599: [GC (Allocation Failure) [PSYoungGen: 32K->32K(51712K)] 410168K->410168K(518144K), 0.0007543 secs] [Times: user=0.00 sys=0.00, real=0.00 secs] 
8.600: [Full GC (Allocation Failure) [PSYoungGen: 32K->0K(51712K)] [ParOldGen: 410136K->51728K(466432K)] 410168K->51728K(518144K), [Metaspace: 2759K->2759K(1056768K)], 0.0052401 secs] [Times: user=0.00 sys=0.00, real=0.00 secs] 
9.706: [GC (Allocation Failure) [PSYoungGen: 43914K->5120K(51712K)] 198043K->169488K(518144K), 0.0013944 secs] [Times: user=0.00 sys=0.00, real=0.00 secs] 
10.580: [GC (Allocation Failure) [PSYoungGen: 49036K->5120K(51712K)] 367005K->328208K(518144K), 0.0011675 secs] [Times: user=0.00 sys=0.00, real=0.00 secs] 
11.233: [GC (Allocation Failure) [PSYoungGen: 46989K->5120K(51712K)] 370078K->343569K(518144K), 0.0017918 secs] [Times: user=0.00 sys=0.00, real=0.00 secs] 
11.451: [GC (Allocation Failure) [PSYoungGen: 26503K->5120K(51712K)] 416152K->394769K(518144K), 0.0009190 secs] [Times: user=0.00 sys=0.00, real=0.00 secs] 
11.452: [GC (Allocation Failure) [PSYoungGen: 5120K->5120K(51712K)] 394769K->394769K(518144K), 0.0009678 secs] [Times: user=0.00 sys=0.00, real=0.00 secs] 
11.453: [Full GC (Allocation Failure) [PSYoungGen: 5120K->0K(51712K)] [ParOldGen: 389649K->215568K(466432K)] 394769K->215568K(518144K), [Metaspace: 2761K->2761K(1056768K)], 0.0115739 secs] [Times: user=0.00 sys=0.00, real=0.01 secs] 
12.664: [GC (Allocation Failure) [PSYoungGen: 32943K->5152K(51712K)] 350912K->333368K(518144K), 0.0014716 secs] [Times: user=0.00 sys=0.00, real=0.00 secs] 
12.882: [GC (Allocation Failure) [PSYoungGen: 26538K->5184K(51712K)] 405955K->384601K(518144K), 0.0009880 secs] [Times: user=0.00 sys=0.00, real=0.00 secs] 
12.883: [GC (Allocation Failure) [PSYoungGen: 5184K->5184K(51712K)] 384601K->384601K(518144K), 0.0008939 secs] [Times: user=0.00 sys=0.00, real=0.00 secs] 
12.884: [Full GC (Allocation Failure) [PSYoungGen: 5184K->0K(51712K)] [ParOldGen: 379416K->56849K(466432K)] 384601K->56849K(518144K), [Metaspace: 2763K->2763K(1056768K)], 0.0049199 secs] [Times: user=0.00 sys=0.00, real=0.00 secs] 
13.986: [GC (Allocation Failure) [PSYoungGen: 43914K->1024K(51712K)] 203163K->180753K(518144K), 0.0014494 secs] [Times: user=0.00 sys=0.00, real=0.00 secs] 
14.860: [GC (Allocation Failure) [PSYoungGen: 44940K->5120K(51712K)] 378269K->344593K(518144K), 0.0011420 secs] [Times: user=0.00 sys=0.00, real=0.00 secs] 
16.051: [GC (Allocation Failure) [PSYoungGen: 46989K->0K(51712K)] 386462K->349713K(518144K), 0.0012451 secs] [Times: user=0.00 sys=0.00, real=0.00 secs] 
16.814: [GC (Allocation Failure) [PSYoungGen: 41863K->5120K(51712K)] 391576K->365073K(518144K), 0.0015818 secs] [Times: user=0.00 sys=0.00, real=0.00 secs] 
17.140: [GC (Allocation Failure) [PSYoungGen: 36739K->5120K(51712K)] 447892K->436753K(518144K), 0.0047492 secs] [Times: user=0.00 sys=0.00, real=0.00 secs] 
17.145: [Full GC (Ergonomics) [PSYoungGen: 5120K->0K(51712K)] [ParOldGen: 431633K->77329K(466432K)] 436753K->77329K(518144K), [Metaspace: 2768K->2768K(1056768K)], 0.0064759 secs] [Times: user=0.00 sys=0.00, real=0.01 secs] 
18.248: [GC (Allocation Failure) [PSYoungGen: 43911K->5120K(51712K)] 223640K->195089K(518144K), 0.0015192 secs] [Times: user=0.00 sys=0.00, real=0.00 secs] 
19.117: [GC (Allocation Failure) [PSYoungGen: 49034K->5120K(51712K)] 392603K->353809K(518144K), 0.0011097 secs] [Times: user=0.00 sys=0.00, real=0.00 secs] 
19.991: [GC (Allocation Failure) [PSYoungGen: 16268K->0K(51712K)] 416157K->399889K(518144K), 0.0010169 secs] [Times: user=0.00 sys=0.00, real=0.00 secs] 
19.992: [GC (Allocation Failure) [PSYoungGen: 0K->0K(51712K)] 399889K->399889K(518144K), 0.0007557 secs] [Times: user=0.00 sys=0.00, real=0.00 secs] 
19.993: [Full GC (Allocation Failure) [PSYoungGen: 0K->0K(51712K)] [ParOldGen: 399889K->51729K(466432K)] 399889K->51729K(518144K), [Metaspace: 2770K->2770K(1056768K)], 0.0045856 secs] [Times: user=0.00 sys=0.00, real=0.00 secs] 
21.102: [GC (Allocation Failure) [PSYoungGen: 43916K->5120K(51712K)] 198045K->169489K(518144K), 0.0014512 secs] [Times: user=0.00 sys=0.00, real=0.00 secs] 
21.975: [GC (Allocation Failure) [PSYoungGen: 49037K->1024K(51712K)] 367006K->329233K(518144K), 0.0012560 secs] [Times: user=0.00 sys=0.00, real=0.00 secs] 
22.632: [GC (Allocation Failure) [PSYoungGen: 42894K->1024K(51712K)] 371103K->344593K(518144K), 0.0016457 secs] [Times: user=0.00 sys=0.00, real=0.00 secs] 
22.851: [GC (Allocation Failure) [PSYoungGen: 22407K->1024K(51712K)] 417176K->395793K(518144K), 0.0007882 secs] [Times: user=0.00 sys=0.00, real=0.00 secs] 
22.852: [GC (Allocation Failure) [PSYoungGen: 1024K->1024K(51712K)] 395793K->395793K(518144K), 0.0007184 secs] [Times: user=0.00 sys=0.00, real=0.00 secs] 
22.852: [Full GC (Allocation Failure) [PSYoungGen: 1024K->0K(51712K)] [ParOldGen: 394769K->165393K(466432K)] 395793K->165393K(518144K), [Metaspace: 2779K->2779K(1056768K)], 0.0121435 secs] [Times: user=0.00 sys=0.00, real=0.01 secs] 
24.065: [GC (Allocation Failure) [PSYoungGen: 28551K->0K(51712K)] 296344K->288273K(518144K), 0.0016308 secs] [Times: user=0.00 sys=0.00, real=0.00 secs] 
25.048: [Full GC (Ergonomics) [PSYoungGen: 43914K->0K(51712K)] [ParOldGen: 441873K->21009K(466432K)] 485787K->21009K(518144K), [Metaspace: 2779K->2779K(1056768K)], 0.0037664 secs] [Times: user=0.00 sys=0.00, real=0.00 secs] 
25.485: [GC (Allocation Failure) [PSYoungGen: 31628K->0K(51712K)] 52637K->41489K(518144K), 0.0012109 secs] [Times: user=0.00 sys=0.00, real=0.00 secs] 
26.467: [GC (Allocation Failure) [PSYoungGen: 43908K->5120K(51712K)] 238997K->205329K(518144K), 0.0012375 secs] [Times: user=0.00 sys=0.00, real=0.00 secs] 
26.903: [GC (Allocation Failure) [PSYoungGen: 36744K->0K(51712K)] 236953K->210449K(518144K), 0.0013068 secs] [Times: user=0.00 sys=0.00, real=0.00 secs] 
27.994: [GC (Allocation Failure) [PSYoungGen: 41857K->5120K(51712K)] 252306K->220689K(518144K), 0.0012218 secs] [Times: user=0.00 sys=0.00, real=0.00 secs] 
28.320: [GC (Allocation Failure) [PSYoungGen: 31808K->5152K(51712K)] 247377K->230969K(518144K), 0.0014491 secs] [Times: user=0.00 sys=0.00, real=0.00 secs] 
29.304: [GC (Allocation Failure) [PSYoungGen: 49048K->5152K(51712K)] 428465K->394809K(518144K), 0.0013531 secs] [Times: user=0.00 sys=0.00, real=0.00 secs] 
29.742: [GC (Allocation Failure) [PSYoungGen: 36768K->64K(51712K)] 426425K->399961K(518144K), 0.0013841 secs] [Times: user=0.00 sys=0.00, real=0.00 secs] 
29.960: [Full GC (Ergonomics) [PSYoungGen: 21436K->0K(51712K)] [ParOldGen: 451097K->113169K(466432K)] 472533K->113169K(518144K), [Metaspace: 2793K->2793K(1056768K)], 0.0088968 secs] [Times: user=0.02 sys=0.00, real=0.01 secs] 
31.943: [GC (Allocation Failure) [PSYoungGen: 40828K->5120K(51712K)] 358798K->324113K(518144K), 0.0007787 secs] [Times: user=0.00 sys=0.00, real=0.00 secs] 
32.598: [GC (Allocation Failure) [PSYoungGen: 46979K->5120K(51712K)] 365972K->334353K(518144K), 0.0014694 secs] [Times: user=0.00 sys=0.00, real=0.00 secs] 
32.817: [GC (Allocation Failure) [PSYoungGen: 26496K->5120K(51712K)] 406930K->385553K(518144K), 0.0009327 secs] [Times: user=0.00 sys=0.00, real=0.00 secs] 
32.818: [GC (Allocation Failure) [PSYoungGen: 5120K->5120K(51712K)] 385553K->385553K(518144K), 0.0009733 secs] [Times: user=0.00 sys=0.00, real=0.00 secs] 
32.819: [Full GC (Allocation Failure) [PSYoungGen: 5120K->0K(51712K)] [ParOldGen: 380433K->57873K(466432K)] 385553K->57873K(518144K), [Metaspace: 2793K->2793K(1056768K)], 0.0049784 secs] [Times: user=0.00 sys=0.00, real=0.01 secs] 
33.925: [GC (Allocation Failure) [PSYoungGen: 43904K->1024K(51712K)] 204178K->181777K(518144K), 0.0014289 secs] [Times: user=0.00 sys=0.00, real=0.00 secs] 
35.240: [GC (Allocation Failure) [PSYoungGen: 39813K->5120K(51712K)] 374167K->339473K(518144K), 0.0007993 secs] [Times: user=0.00 sys=0.00, real=0.00 secs] 
35.672: [GC (Allocation Failure) [PSYoungGen: 46985K->0K(51712K)] 432538K->395793K(518144K), 0.0013697 secs] [Times: user=0.00 sys=0.00, real=0.00 secs] 
35.673: [GC (Allocation Failure) [PSYoungGen: 0K->0K(51712K)] 395793K->395793K(518144K), 0.0008974 secs] [Times: user=0.00 sys=0.00, real=0.00 secs] 
35.674: [Full GC (Allocation Failure) [PSYoungGen: 0K->0K(51712K)] [ParOldGen: 395793K->61969K(466432K)] 395793K->61969K(518144K), [Metaspace: 2793K->2793K(1056768K)], 0.0054032 secs] [Times: user=0.00 sys=0.00, real=0.01 secs] 
36.781: [GC (Allocation Failure) [PSYoungGen: 43915K->5120K(51712K)] 208284K->179729K(518144K), 0.0016236 secs] [Times: user=0.00 sys=0.00, real=0.00 secs] 
37.655: [GC (Allocation Failure) [PSYoungGen: 49036K->5120K(51712K)] 377246K->358929K(518144K), 0.0026286 secs] [Times: user=0.00 sys=0.00, real=0.00 secs] 
38.311: [GC (Allocation Failure) [PSYoungGen: 46989K->5120K(51712K)] 400799K->374289K(518144K), 0.0018899 secs] [Times: user=0.00 sys=0.00, real=0.00 secs] 
39.514: [Full GC (Ergonomics) [PSYoungGen: 46983K->0K(51712K)] [ParOldGen: 420369K->11264K(466432K)] 467352K->11264K(518144K), [Metaspace: 2793K->2793K(1056768K)], 0.0024481 secs] [Times: user=0.00 sys=0.00, real=0.00 secs] 
40.277: [GC (Allocation Failure) [PSYoungGen: 43914K->1024K(51712K)] 208778K->165888K(518144K), 0.0004725 secs] [Times: user=0.00 sys=0.00, real=0.00 secs] 
41.042: [GC (Allocation Failure) [PSYoungGen: 42892K->5120K(51712K)] 207756K->180224K(518144K), 0.0013196 secs] [Times: user=0.00 sys=0.00, real=0.00 secs] 
41.921: [GC (Allocation Failure) [PSYoungGen: 49030K->5120K(51712K)] 377734K->339968K(518144K), 0.0013462 secs] [Times: user=0.00 sys=0.00, real=0.00 secs] 
43.561: [GC (Allocation Failure) [PSYoungGen: 49033K->1024K(51712K)] 383881K->340992K(518144K), 0.0011370 secs] [Times: user=0.00 sys=0.00, real=0.00 secs] 
43.998: [GC (Allocation Failure) [PSYoungGen: 32645K->1024K(51712K)] 372613K->361472K(518144K), 0.0020460 secs] [Times: user=0.00 sys=0.00, real=0.00 secs] 
44.215: [GC (Allocation Failure) [PSYoungGen: 22399K->1024K(51712K)] 434047K->412672K(518144K), 0.0011891 secs] [Times: user=0.00 sys=0.00, real=0.00 secs] 
44.216: [GC (Allocation Failure) [PSYoungGen: 1024K->1024K(51712K)] 412672K->412672K(518144K), 0.0011256 secs] [Times: user=0.00 sys=0.00, real=0.00 secs] 
44.218: [Full GC (Allocation Failure) [PSYoungGen: 1024K->0K(51712K)] [ParOldGen: 411648K->62993K(466432K)] 412672K->62993K(518144K), [Metaspace: 2795K->2795K(1056768K)], 0.0056474 secs] [Times: user=0.00 sys=0.00, real=0.01 secs] 
45.323: [GC (Allocation Failure) [PSYoungGen: 43903K->5120K(51712K)] 209297K->180753K(518144K), 0.0015804 secs] [Times: user=0.00 sys=0.00, real=0.00 secs] 
46.744: [GC (Allocation Failure) [PSYoungGen: 49029K->5120K(51712K)] 378262K->334353K(518144K), 0.0009593 secs] [Times: user=0.00 sys=0.00, real=0.00 secs] 
47.070: [GC (Allocation Failure) [PSYoungGen: 36744K->0K(51712K)] 417178K->400913K(518144K), 0.0020853 secs] [Times: user=0.00 sys=0.00, real=0.00 secs] 
47.072: [GC (Allocation Failure) [PSYoungGen: 0K->0K(51712K)] 400913K->400913K(518144K), 0.0008664 secs] [Times: user=0.00 sys=0.00, real=0.00 secs] 
47.073: [Full GC (Allocation Failure) [PSYoungGen: 0K->0K(51712K)] [ParOldGen: 400913K->72209K(466432K)] 400913K->72209K(518144K), [Metaspace: 2795K->2795K(1056768K)], 0.0062448 secs] [Times: user=0.00 sys=0.00, real=0.01 secs] 
48.177: [GC (Allocation Failure) [PSYoungGen: 43915K->5120K(51712K)] 218524K->189969K(518144K), 0.0015791 secs] [Times: user=0.00 sys=0.00, real=0.00 secs] 
49.052: [GC (Allocation Failure) [PSYoungGen: 49036K->5120K(51712K)] 387486K->348689K(518144K), 0.0010918 secs] [Times: user=0.00 sys=0.00, real=0.00 secs] 
49.708: [GC (Allocation Failure) [PSYoungGen: 46989K->5120K(51712K)] 390559K->358929K(518144K), 0.0014735 secs] [Times: user=0.00 sys=0.00, real=0.00 secs] 
49.924: [GC (Allocation Failure) [PSYoungGen: 26503K->5120K(51712K)] 431512K->410129K(518144K), 0.0011011 secs] [Times: user=0.00 sys=0.00, real=0.00 secs] 
49.925: [GC (Allocation Failure) [PSYoungGen: 5120K->5120K(51712K)] 410129K->410129K(518144K), 0.0009031 secs] [Times: user=0.00 sys=0.00, real=0.00 secs] 
49.926: [Full GC (Allocation Failure) [PSYoungGen: 5120K->0K(51712K)] [ParOldGen: 405009K->133649K(466432K)] 410129K->133649K(518144K), [Metaspace: 2795K->2795K(1056768K)], 0.0100747 secs] [Times: user=0.00 sys=0.00, real=0.01 secs] 
51.141: [GC (Allocation Failure) [PSYoungGen: 36743K->5120K(51712K)] 272792K->251409K(518144K), 0.0013938 secs] [Times: user=0.00 sys=0.00, real=0.00 secs] 
52.125: [GC (Allocation Failure) [PSYoungGen: 49034K->5120K(51712K)] 448923K->411153K(518144K), 0.0010776 secs] [Times: user=0.00 sys=0.00, real=0.00 secs] 
52.560: [GC (Allocation Failure) [PSYoungGen: 36748K->5120K(51712K)] 442781K->421393K(518144K), 0.0014503 secs] [Times: user=0.00 sys=0.00, real=0.00 secs] 
52.668: [GC (Allocation Failure) [PSYoungGen: 26500K->5120K(51712K)] 442773K->441873K(518144K), 0.0024643 secs] [Times: user=0.00 sys=0.00, real=0.00 secs] 
52.670: [Full GC (Ergonomics) [PSYoungGen: 5120K->0K(51712K)] [ParOldGen: 436753K->32273K(466432K)] 441873K->32273K(518144K), [Metaspace: 2795K->2795K(1056768K)], 0.0039270 secs] [Times: user=0.00 sys=0.00, real=0.00 secs] 
54.527: [GC (Allocation Failure) [PSYoungGen: 44932K->1024K(51712K)] 230805K->186897K(518144K), 0.0005300 secs] [Times: user=0.00 sys=0.00, real=0.00 secs] 
55.291: [GC (Allocation Failure) [PSYoungGen: 42888K->5120K(51712K)] 228761K->201233K(518144K), 0.0013376 secs] [Times: user=0.00 sys=0.00, real=0.00 secs] 
56.161: [GC (Allocation Failure) [PSYoungGen: 49027K->5120K(51712K)] 398741K->375313K(518144K), 0.0018713 secs] [Times: user=0.00 sys=0.00, real=0.00 secs] 
56.812: [GC (Allocation Failure) [PSYoungGen: 46983K->5120K(51712K)] 417177K->385553K(518144K), 0.0013014 secs] [Times: user=0.00 sys=0.00, real=0.00 secs] 
57.030: [GC (Allocation Failure) [PSYoungGen: 26499K->5120K(51712K)] 458133K->457233K(518144K), 0.0026677 secs] [Times: user=0.00 sys=0.00, real=0.00 secs] 
57.033: [Full GC (Ergonomics) [PSYoungGen: 5120K->0K(51712K)] [ParOldGen: 452113K->92689K(466432K)] 457233K->92689K(518144K), [Metaspace: 2796K->2796K(1056768K)], 0.0073106 secs] [Times: user=0.00 sys=0.00, real=0.01 secs] 
58.801: [GC (Allocation Failure) [PSYoungGen: 40835K->1024K(51712K)] 389525K->349713K(518144K), 0.0008553 secs] [Times: user=0.00 sys=0.00, real=0.00 secs] 
59.565: [GC (Allocation Failure) [PSYoungGen: 42887K->5120K(51712K)] 391577K->364049K(518144K), 0.0015894 secs] [Times: user=0.00 sys=0.00, real=0.00 secs] 
59.894: [GC (Allocation Failure) [PSYoungGen: 36739K->5120K(51712K)] 446869K->415249K(518144K), 0.0010019 secs] [Times: user=0.00 sys=0.00, real=0.00 secs] 
59.895: [GC (Allocation Failure) [PSYoungGen: 5120K->5120K(51712K)] 415249K->415249K(518144K), 0.0009196 secs] [Times: user=0.00 sys=0.00, real=0.00 secs] 
59.896: [Full GC (Allocation Failure) [PSYoungGen: 5120K->0K(51712K)] [ParOldGen: 410129K->108049K(466432K)] 415249K->108049K(518144K), [Metaspace: 2796K->2796K(1056768K)], 0.0086846 secs] [Times: user=0.00 sys=0.00, real=0.01 secs] 
61.001: [GC (Allocation Failure) [PSYoungGen: 43911K->5120K(51712K)] 254361K->225809K(518144K), 0.0013684 secs] [Times: user=0.00 sys=0.00, real=0.00 secs] 
62.311: [GC (Allocation Failure) [PSYoungGen: 48010K->5120K(51712K)] 422299K->384529K(518144K), 0.0011514 secs] [Times: user=0.00 sys=0.00, real=0.00 secs] 
62.750: [Full GC (Ergonomics) [PSYoungGen: 46988K->0K(51712K)] [ParOldGen: 430609K->56849K(466432K)] 477597K->56849K(518144K), [Metaspace: 2796K->2796K(1056768K)], 0.0050505 secs] [Times: user=0.00 sys=0.00, real=0.01 secs] 
63.842: [GC (Allocation Failure) [PSYoungGen: 43917K->1024K(51712K)] 203166K->180753K(518144K), 0.0013109 secs] [Times: user=0.00 sys=0.00, real=0.00 secs] 
64.715: [GC (Allocation Failure) [PSYoungGen: 44942K->5120K(51712K)] 378271K->344593K(518144K), 0.0010180 secs] [Times: user=0.00 sys=0.00, real=0.00 secs] 
65.918: [GC (Allocation Failure) [PSYoungGen: 46990K->0K(51712K)] 386464K->349713K(518144K), 0.0014470 secs] [Times: user=0.00 sys=0.00, real=0.00 secs] 
66.688: [GC (Allocation Failure) [PSYoungGen: 41863K->5120K(51712K)] 391577K->365073K(518144K), 0.0016375 secs] [Times: user=0.00 sys=0.00, real=0.00 secs] 
67.015: [GC (Allocation Failure) [PSYoungGen: 36739K->5120K(51712K)] 447893K->436753K(518144K), 0.0023890 secs] [Times: user=0.00 sys=0.00, real=0.00 secs] 
67.017: [Full GC (Ergonomics) [PSYoungGen: 5120K->0K(51712K)] [ParOldGen: 431633K->77329K(466432K)] 436753K->77329K(518144K), [Metaspace: 2796K->2796K(1056768K)], 0.0065427 secs] [Times: user=0.00 sys=0.00, real=0.01 secs] 
68.122: [GC (Allocation Failure) [PSYoungGen: 43911K->5120K(51712K)] 223641K->195089K(518144K), 0.0014552 secs] [Times: user=0.02 sys=0.00, real=0.00 secs] 
68.992: [GC (Allocation Failure) [PSYoungGen: 49034K->5120K(51712K)] 392603K->353809K(518144K), 0.0010487 secs] [Times: user=0.00 sys=0.00, real=0.00 secs] 
69.867: [GC (Allocation Failure) [PSYoungGen: 16268K->0K(51712K)] 416157K->399889K(518144K), 0.0007567 secs] [Times: user=0.00 sys=0.00, real=0.00 secs] 
69.868: [GC (Allocation Failure) [PSYoungGen: 0K->0K(51712K)] 399889K->399889K(518144K), 0.0008454 secs] [Times: user=0.00 sys=0.00, real=0.00 secs] 
69.869: [Full GC (Allocation Failure) [PSYoungGen: 0K->0K(51712K)] [ParOldGen: 399889K->51729K(466432K)] 399889K->51729K(518144K), [Metaspace: 2796K->2796K(1056768K)], 0.0046851 secs] [Times: user=0.01 sys=0.00, real=0.01 secs] 
70.975: [GC (Allocation Failure) [PSYoungGen: 43916K->5120K(51712K)] 198045K->169489K(518144K), 0.0013347 secs] [Times: user=0.00 sys=0.00, real=0.00 secs] 
71.847: [GC (Allocation Failure) [PSYoungGen: 49037K->5120K(51712K)] 367006K->329233K(518144K), 0.0013463 secs] [Times: user=0.00 sys=0.00, real=0.00 secs] 
72.501: [GC (Allocation Failure) [PSYoungGen: 46990K->5120K(51712K)] 371103K->339473K(518144K), 0.0015396 secs] [Times: user=0.00 sys=0.00, real=0.00 secs] 
72.719: [GC (Allocation Failure) [PSYoungGen: 26503K->5120K(51712K)] 412057K->390673K(518144K), 0.0009108 secs] [Times: user=0.00 sys=0.00, real=0.00 secs] 
72.720: [GC (Allocation Failure) [PSYoungGen: 5120K->5120K(51712K)] 390673K->390673K(518144K), 0.0007125 secs] [Times: user=0.00 sys=0.00, real=0.00 secs] 
72.721: [Full GC (Allocation Failure) [PSYoungGen: 5120K->0K(51712K)] [ParOldGen: 385553K->165393K(466432K)] 390673K->165393K(518144K), [Metaspace: 2796K->2796K(1056768K)], 0.0119806 secs] [Times: user=0.00 sys=0.00, real=0.01 secs] 
73.933: [GC (Allocation Failure) [PSYoungGen: 28551K->0K(51712K)] 296345K->288273K(518144K), 0.0015965 secs] [Times: user=0.00 sys=0.00, real=0.00 secs] 
74.914: [Full GC (Ergonomics) [PSYoungGen: 43914K->0K(51712K)] [ParOldGen: 441873K->21009K(466432K)] 485787K->21009K(518144K), [Metaspace: 2796K->2796K(1056768K)], 0.0031422 secs] [Times: user=0.00 sys=0.00, real=0.00 secs] 
75.353: [GC (Allocation Failure) [PSYoungGen: 31628K->0K(51712K)] 52637K->41489K(518144K), 0.0015029 secs] [Times: user=0.00 sys=0.00, real=0.00 secs] 
76.338: [GC (Allocation Failure) [PSYoungGen: 43908K->5120K(51712K)] 238997K->205329K(518144K), 0.0010774 secs] [Times: user=0.00 sys=0.00, real=0.00 secs] 
76.773: [GC (Allocation Failure) [PSYoungGen: 36744K->5120K(51712K)] 236953K->215569K(518144K), 0.0015420 secs] [Times: user=0.00 sys=0.00, real=0.00 secs] 
77.872: [GC (Allocation Failure) [PSYoungGen: 46977K->5120K(51712K)] 257427K->220689K(518144K), 0.0010714 secs] [Times: user=0.00 sys=0.00, real=0.00 secs] 
78.198: [GC (Allocation Failure) [PSYoungGen: 31615K->0K(51712K)] 247185K->225809K(518144K), 0.0011371 secs] [Times: user=0.00 sys=0.00, real=0.00 secs] 
79.180: [GC (Allocation Failure) [PSYoungGen: 43898K->5120K(51712K)] 423307K->389649K(518144K), 0.0009536 secs] [Times: user=0.00 sys=0.00, real=0.00 secs] 
79.617: [GC (Allocation Failure) [PSYoungGen: 36737K->0K(51712K)] 421267K->394769K(518144K), 0.0012697 secs] [Times: user=0.00 sys=0.00, real=0.00 secs] 
79.836: [Full GC (Ergonomics) [PSYoungGen: 21373K->0K(51712K)] [ParOldGen: 445969K->113169K(466432K)] 467343K->113169K(518144K), [Metaspace: 2796K->2796K(1056768K)], 0.0090585 secs] [Times: user=0.02 sys=0.00, real=0.01 secs] 
81.814: [GC (Allocation Failure) [PSYoungGen: 40829K->1024K(51712K)] 358799K->324113K(518144K), 0.0008512 secs] [Times: user=0.00 sys=0.00, real=0.00 secs] 
82.470: [GC (Allocation Failure) [PSYoungGen: 42883K->1024K(51712K)] 365973K->339473K(518144K), 0.0015792 secs] [Times: user=0.00 sys=0.00, real=0.00 secs] 
82.690: [GC (Allocation Failure) [PSYoungGen: 22401K->1024K(51712K)] 412050K->390673K(518144K), 0.0008369 secs] [Times: user=0.00 sys=0.00, real=0.00 secs] 
82.691: [GC (Allocation Failure) [PSYoungGen: 1024K->1024K(51712K)] 390673K->390673K(518144K), 0.0006946 secs] [Times: user=0.00 sys=0.00, real=0.00 secs] 
82.692: [Full GC (Allocation Failure) [PSYoungGen: 1024K->0K(51712K)] [ParOldGen: 389649K->57873K(466432K)] 390673K->57873K(518144K), [Metaspace: 2796K->2796K(1056768K)], 0.0055234 secs] [Times: user=0.00 sys=0.00, real=0.01 secs] 
83.803: [GC (Allocation Failure) [PSYoungGen: 43905K->1024K(51712K)] 204178K->181777K(518144K), 0.0013581 secs] [Times: user=0.00 sys=0.00, real=0.00 secs] 
85.115: [GC (Allocation Failure) [PSYoungGen: 39814K->5120K(51712K)] 374167K->339473K(518144K), 0.0009063 secs] [Times: user=0.00 sys=0.00, real=0.00 secs] 
85.552: [GC (Allocation Failure) [PSYoungGen: 46985K->0K(51712K)] 432538K->395793K(518144K), 0.0013723 secs] [Times: user=0.00 sys=0.00, real=0.00 secs] 
85.554: [GC (Allocation Failure) [PSYoungGen: 0K->0K(51712K)] 395793K->395793K(518144K), 0.0007803 secs] [Times: user=0.00 sys=0.00, real=0.00 secs] 
85.555: [Full GC (Allocation Failure) [PSYoungGen: 0K->0K(51712K)] [ParOldGen: 395793K->61969K(466432K)] 395793K->61969K(518144K), [Metaspace: 2796K->2796K(1056768K)], 0.0054663 secs] [Times: user=0.00 sys=0.00, real=0.00 secs] 
86.660: [GC (Allocation Failure) [PSYoungGen: 43915K->5120K(51712K)] 208284K->179729K(518144K), 0.0013604 secs] [Times: user=0.00 sys=0.00, real=0.00 secs] 
87.529: [GC (Allocation Failure) [PSYoungGen: 49036K->5120K(51712K)] 377246K->358929K(518144K), 0.0026173 secs] [Times: user=0.00 sys=0.00, real=0.00 secs] 
88.183: [GC (Allocation Failure) [PSYoungGen: 46989K->5120K(51712K)] 400799K->369169K(518144K), 0.0013615 secs] [Times: user=0.00 sys=0.00, real=0.00 secs] 
89.382: [GC (Allocation Failure) [PSYoungGen: 46983K->5120K(51712K)] 462232K->425489K(518144K), 0.0010977 secs] [Times: user=0.00 sys=0.00, real=0.00 secs] 
89.707: [GC (Allocation Failure) [PSYoungGen: 46986K->0K(51712K)] 467355K->440849K(518144K), 0.0020112 secs] [Times: user=0.00 sys=0.00, real=0.00 secs] 
89.709: [Full GC (Ergonomics) [PSYoungGen: 0K->0K(51712K)] [ParOldGen: 440849K->26129K(466432K)] 440849K->26129K(518144K), [Metaspace: 2796K->2796K(1056768K)], 0.0034848 secs] [Times: user=0.00 sys=0.00, real=0.00 secs] 
90.907: [GC (Allocation Failure) [PSYoungGen: 43909K->5120K(51712K)] 223638K->195089K(518144K), 0.0015232 secs] [Times: user=0.00 sys=0.00, real=0.00 secs] 
91.780: [GC (Allocation Failure) [PSYoungGen: 49032K->5120K(51712K)] 392602K->354833K(518144K), 0.0010698 secs] [Times: user=0.00 sys=0.00, real=0.00 secs] 
93.423: [GC (Allocation Failure) [PSYoungGen: 49035K->5120K(51712K)] 398748K->355857K(518144K), 0.0009992 secs] [Times: user=0.00 sys=0.00, real=0.00 secs] 
93.861: [GC (Allocation Failure) [PSYoungGen: 36742K->0K(51712K)] 387479K->371217K(518144K), 0.0017727 secs] [Times: user=0.00 sys=0.00, real=0.00 secs] 
94.078: [GC (Allocation Failure) [PSYoungGen: 21376K->0K(51712K)] 443793K->422417K(518144K), 0.0009852 secs] [Times: user=0.00 sys=0.00, real=0.00 secs] 
94.079: [Full GC (Ergonomics) [PSYoungGen: 0K->0K(51712K)] [ParOldGen: 422417K->62993K(466432K)] 422417K->62993K(518144K), [Metaspace: 2796K->2796K(1056768K)], 0.0056846 secs] [Times: user=0.00 sys=0.00, real=0.01 secs] 
95.187: [GC (Allocation Failure) [PSYoungGen: 43904K->5120K(51712K)] 209297K->180753K(518144K), 0.0013253 secs] [Times: user=0.00 sys=0.00, real=0.00 secs] 
96.602: [GC (Allocation Failure) [PSYoungGen: 49029K->5120K(51712K)] 378263K->334353K(518144K), 0.0010585 secs] [Times: user=0.00 sys=0.00, real=0.00 secs] 
96.928: [GC (Allocation Failure) [PSYoungGen: 36745K->0K(51712K)] 417178K->400913K(518144K), 0.0021186 secs] [Times: user=0.00 sys=0.00, real=0.00 secs] 
96.930: [GC (Allocation Failure) [PSYoungGen: 0K->0K(51712K)] 400913K->400913K(518144K), 0.0007821 secs] [Times: user=0.00 sys=0.00, real=0.00 secs] 
96.931: [Full GC (Allocation Failure) [PSYoungGen: 0K->0K(51712K)] [ParOldGen: 400913K->72209K(466432K)] 400913K->72209K(518144K), [Metaspace: 2796K->2796K(1056768K)], 0.0062673 secs] [Times: user=0.00 sys=0.00, real=0.01 secs] 
98.041: [GC (Allocation Failure) [PSYoungGen: 43915K->5120K(51712K)] 218524K->189969K(518144K), 0.0015219 secs] [Times: user=0.00 sys=0.00, real=0.00 secs] 
98.915: [GC (Allocation Failure) [PSYoungGen: 49036K->5120K(51712K)] 387486K->348689K(518144K), 0.0012066 secs] [Times: user=0.00 sys=0.00, real=0.00 secs] 
99.570: [GC (Allocation Failure) [PSYoungGen: 46989K->5120K(51712K)] 390559K->358929K(518144K), 0.0014495 secs] [Times: user=0.00 sys=0.00, real=0.00 secs] 
99.789: [GC (Allocation Failure) [PSYoungGen: 26503K->5120K(51712K)] 431512K->410129K(518144K), 0.0009010 secs] [Times: user=0.00 sys=0.00, real=0.00 secs] 
99.790: [GC (Allocation Failure) [PSYoungGen: 5120K->5120K(51712K)] 410129K->410129K(518144K), 0.0010119 secs] [Times: user=0.00 sys=0.00, real=0.00 secs] 
99.791: [Full GC (Allocation Failure) [PSYoungGen: 5120K->0K(51712K)] [ParOldGen: 405009K->133649K(466432K)] 410129K->133649K(518144K), [Metaspace: 2796K->2796K(1056768K)], 0.0099967 secs] [Times: user=0.00 sys=0.00, real=0.01 secs] 
101.009: [GC (Allocation Failure) [PSYoungGen: 36743K->5120K(51712K)] 272792K->251409K(518144K), 0.0014350 secs] [Times: user=0.00 sys=0.00, real=0.00 secs] 
101.991: [GC (Allocation Failure) [PSYoungGen: 49034K->1024K(51712K)] 448923K->411153K(518144K), 0.0013676 secs] [Times: user=0.00 sys=0.00, real=0.00 secs] 
102.427: [GC (Allocation Failure) [PSYoungGen: 32652K->1024K(51712K)] 442781K->426513K(518144K), 0.0015533 secs] [Times: user=0.00 sys=0.00, real=0.00 secs] 
102.429: [Full GC (Ergonomics) [PSYoungGen: 1024K->0K(51712K)] [ParOldGen: 425489K->22033K(466432K)] 426513K->22033K(518144K), [Metaspace: 2796K->2796K(1056768K)], 0.0032679 secs] [Times: user=0.00 sys=0.00, real=0.00 secs] 
103.408: [GC (Allocation Failure) [PSYoungGen: 43908K->5120K(51712K)] 219541K->181777K(518144K), 0.0012069 secs] [Times: user=0.00 sys=0.00, real=0.00 secs] 
104.828: [GC (Allocation Failure) [PSYoungGen: 48008K->5120K(51712K)] 224665K->186897K(518144K), 0.0011598 secs] [Times: user=0.00 sys=0.00, real=0.00 secs] 
105.264: [GC (Allocation Failure) [PSYoungGen: 36739K->0K(51712K)] 218517K->202257K(518144K), 0.0013077 secs] [Times: user=0.00 sys=0.00, real=0.00 secs] 
106.247: [GC (Allocation Failure) [PSYoungGen: 43902K->5120K(51712K)] 399760K->366097K(518144K), 0.0011870 secs] [Times: user=0.00 sys=0.00, real=0.00 secs] 
106.684: [GC (Allocation Failure) [PSYoungGen: 36740K->0K(51712K)] 397718K->371217K(518144K), 0.0015578 secs] [Times: user=0.00 sys=0.00, real=0.00 secs] 
106.902: [GC (Allocation Failure) [PSYoungGen: 21375K->0K(51712K)] 443792K->442897K(518144K), 0.0020234 secs] [Times: user=0.00 sys=0.00, real=0.00 secs] 
106.904: [Full GC (Ergonomics) [PSYoungGen: 0K->0K(51712K)] [ParOldGen: 442897K->92689K(466432K)] 442897K->92689K(518144K), [Metaspace: 2796K->2796K(1056768K)], 0.0077946 secs] [Times: user=0.02 sys=0.00, real=0.01 secs] 
108.670: [GC (Allocation Failure) [PSYoungGen: 40831K->1024K(51712K)] 389520K->349713K(518144K), 0.0007959 secs] [Times: user=0.00 sys=0.00, real=0.00 secs] 
109.435: [GC (Allocation Failure) [PSYoungGen: 42885K->5120K(51712K)] 391574K->364049K(518144K), 0.0014475 secs] [Times: user=0.03 sys=0.00, real=0.00 secs] 
109.760: [GC (Allocation Failure) [PSYoungGen: 36737K->5120K(51712K)] 446867K->415249K(518144K), 0.0010305 secs] [Times: user=0.00 sys=0.00, real=0.00 secs] 
109.761: [GC (Allocation Failure) [PSYoungGen: 5120K->5120K(51712K)] 415249K->415249K(518144K), 0.0010620 secs] [Times: user=0.00 sys=0.00, real=0.00 secs] 
109.763: [Full GC (Allocation Failure) [PSYoungGen: 5120K->0K(51712K)] [ParOldGen: 410129K->108049K(466432K)] 415249K->108049K(518144K), [Metaspace: 2796K->2796K(1056768K)], 0.0082231 secs] [Times: user=0.00 sys=0.00, real=0.01 secs] 
110.864: [GC (Allocation Failure) [PSYoungGen: 43910K->5120K(51712K)] 254360K->225809K(518144K), 0.0016892 secs] [Times: user=0.00 sys=0.00, real=0.00 secs] 
112.174: [GC (Allocation Failure) [PSYoungGen: 48009K->5120K(51712K)] 422299K->384529K(518144K), 0.0008947 secs] [Times: user=0.00 sys=0.00, real=0.00 secs] 
112.610: [Full GC (Ergonomics) [PSYoungGen: 46987K->0K(51712K)] [ParOldGen: 430609K->56849K(466432K)] 477597K->56849K(518144K), [Metaspace: 2796K->2796K(1056768K)], 0.0053060 secs] [Times: user=0.00 sys=0.00, real=0.00 secs] 
113.720: [GC (Allocation Failure) [PSYoungGen: 43917K->1024K(51712K)] 203166K->180753K(518144K), 0.0014732 secs] [Times: user=0.00 sys=0.00, real=0.00 secs] 
114.598: [GC (Allocation Failure) [PSYoungGen: 44941K->5120K(51712K)] 378271K->344593K(518144K), 0.0013420 secs] [Times: user=0.00 sys=0.00, real=0.00 secs] 
115.796: [GC (Allocation Failure) [PSYoungGen: 46990K->0K(51712K)] 386463K->349713K(518144K), 0.0012507 secs] [Times: user=0.00 sys=0.00, real=0.00 secs] 
116.562: [GC (Allocation Failure) [PSYoungGen: 41863K->5120K(51712K)] 391577K->365073K(518144K), 0.0016662 secs] [Times: user=0.00 sys=0.00, real=0.00 secs] 
116.890: [GC (Allocation Failure) [PSYoungGen: 36739K->5120K(51712K)] 447893K->436753K(518144K), 0.0025333 secs] [Times: user=0.00 sys=0.00, real=0.00 secs] 
116.892: [Full GC (Ergonomics) [PSYoungGen: 5120K->0K(51712K)] [ParOldGen: 431633K->77329K(466432K)] 436753K->77329K(518144K), [Metaspace: 2796K->2796K(1056768K)], 0.0069640 secs] [Times: user=0.00 sys=0.00, real=0.01 secs] 
118.004: [GC (Allocation Failure) [PSYoungGen: 43911K->5120K(51712K)] 223641K->195089K(518144K), 0.0014457 secs] [Times: user=0.00 sys=0.00, real=0.00 secs] 
118.885: [GC (Allocation Failure) [PSYoungGen: 49034K->5120K(51712K)] 392603K->353809K(518144K), 0.0010108 secs] [Times: user=0.00 sys=0.00, real=0.00 secs] 
119.765: [GC (Allocation Failure) [PSYoungGen: 16268K->0K(51712K)] 416157K->399889K(518144K), 0.0008943 secs] [Times: user=0.00 sys=0.00, real=0.00 secs] 
119.766: [GC (Allocation Failure) [PSYoungGen: 0K->0K(51712K)] 399889K->399889K(518144K), 0.0008278 secs] [Times: user=0.00 sys=0.00, real=0.00 secs] 
119.767: [Full GC (Allocation Failure) [PSYoungGen: 0K->0K(51712K)] [ParOldGen: 399889K->51729K(466432K)] 399889K->51729K(518144K), [Metaspace: 2796K->2796K(1056768K)], 0.0052244 secs] [Times: user=0.00 sys=0.00, real=0.00 secs] 
120.858: [GC (Allocation Failure) [PSYoungGen: 43916K->5120K(51712K)] 198045K->169489K(518144K), 0.0016141 secs] [Times: user=0.00 sys=0.00, real=0.00 secs] 
121.732: [GC (Allocation Failure) [PSYoungGen: 49037K->5120K(51712K)] 367006K->329233K(518144K), 0.0011407 secs] [Times: user=0.00 sys=0.00, real=0.00 secs] 
122.386: [GC (Allocation Failure) [PSYoungGen: 46990K->5120K(51712K)] 371103K->344593K(518144K), 0.0016233 secs] [Times: user=0.00 sys=0.00, real=0.00 secs] 
122.604: [GC (Allocation Failure) [PSYoungGen: 26503K->5120K(51712K)] 417177K->395793K(518144K), 0.0010995 secs] [Times: user=0.00 sys=0.00, real=0.00 secs] 
122.605: [GC (Allocation Failure) [PSYoungGen: 5120K->5120K(51712K)] 395793K->395793K(518144K), 0.0009243 secs] [Times: user=0.00 sys=0.00, real=0.00 secs] 
122.606: [Full GC (Allocation Failure) [PSYoungGen: 5120K->0K(51712K)] [ParOldGen: 390673K->165393K(466432K)] 395793K->165393K(518144K), [Metaspace: 2796K->2796K(1056768K)], 0.0122192 secs] [Times: user=0.00 sys=0.00, real=0.01 secs] 
123.820: [GC (Allocation Failure) [PSYoungGen: 28551K->0K(51712K)] 296345K->288273K(518144K), 0.0017808 secs] [Times: user=0.00 sys=0.00, real=0.00 secs] 
124.804: [Full GC (Ergonomics) [PSYoungGen: 43914K->0K(51712K)] [ParOldGen: 441873K->21009K(466432K)] 485787K->21009K(518144K), [Metaspace: 2796K->2796K(1056768K)], 0.0030381 secs] [Times: user=0.00 sys=0.00, real=0.00 secs] 
125.239: [GC (Allocation Failure) [PSYoungGen: 31628K->0K(51712K)] 52637K->41489K(518144K), 0.0012988 secs] [Times: user=0.00 sys=0.00, real=0.00 secs] 
126.220: [GC (Allocation Failure) [PSYoungGen: 43908K->5120K(51712K)] 238997K->205329K(518144K), 0.0009994 secs] [Times: user=0.00 sys=0.00, real=0.00 secs] 
126.657: [GC (Allocation Failure) [PSYoungGen: 36744K->0K(51712K)] 236953K->210449K(518144K), 0.0012295 secs] [Times: user=0.00 sys=0.00, real=0.00 secs] 
127.748: [GC (Allocation Failure) [PSYoungGen: 41857K->5120K(51712K)] 252307K->220689K(518144K), 0.0010114 secs] [Times: user=0.00 sys=0.00, real=0.00 secs] 
128.077: [GC (Allocation Failure) [PSYoungGen: 31615K->5120K(51712K)] 247185K->230929K(518144K), 0.0015865 secs] [Times: user=0.00 sys=0.00, real=0.00 secs] 
129.062: [GC (Allocation Failure) [PSYoungGen: 49018K->5120K(51712K)] 428427K->394769K(518144K), 0.0012169 secs] [Times: user=0.00 sys=0.00, real=0.00 secs] 
129.501: [GC (Allocation Failure) [PSYoungGen: 36737K->0K(51712K)] 426387K->399889K(518144K), 0.0014596 secs] [Times: user=0.00 sys=0.00, real=0.00 secs] 
129.720: [Full GC (Ergonomics) [PSYoungGen: 21373K->0K(51712K)] [ParOldGen: 451089K->113169K(466432K)] 472463K->113169K(518144K), [Metaspace: 2796K->2796K(1056768K)], 0.0086206 secs] [Times: user=0.00 sys=0.00, real=0.01 secs] 
131.700: [GC (Allocation Failure) [PSYoungGen: 40829K->5120K(51712K)] 358799K->324113K(518144K), 0.0007033 secs] [Times: user=0.00 sys=0.00, real=0.00 secs] 
132.355: [GC (Allocation Failure) [PSYoungGen: 46979K->5120K(51712K)] 365973K->334353K(518144K), 0.0014142 secs] [Times: user=0.00 sys=0.00, real=0.00 secs] 
132.573: [GC (Allocation Failure) [PSYoungGen: 26497K->5120K(51712K)] 406930K->385553K(518144K), 0.0012502 secs] [Times: user=0.00 sys=0.00, real=0.00 secs] 
132.574: [GC (Allocation Failure) [PSYoungGen: 5120K->5120K(51712K)] 385553K->385553K(518144K), 0.0009246 secs] [Times: user=0.00 sys=0.00, real=0.00 secs] 
132.575: [Full GC (Allocation Failure) [PSYoungGen: 5120K->0K(51712K)] [ParOldGen: 380433K->57873K(466432K)] 385553K->57873K(518144K), [Metaspace: 2796K->2796K(1056768K)], 0.0053567 secs] [Times: user=0.00 sys=0.00, real=0.01 secs] 
133.681: [GC (Allocation Failure) [PSYoungGen: 43905K->1024K(51712K)] 204178K->181777K(518144K), 0.0013585 secs] [Times: user=0.00 sys=0.00, real=0.00 secs] 
134.992: [GC (Allocation Failure) [PSYoungGen: 39814K->5120K(51712K)] 374167K->339473K(518144K), 0.0009513 secs] [Times: user=0.00 sys=0.00, real=0.00 secs] 
135.429: [GC (Allocation Failure) [PSYoungGen: 46985K->0K(51712K)] 432538K->395793K(518144K), 0.0013582 secs] [Times: user=0.00 sys=0.00, real=0.00 secs] 
135.430: [GC (Allocation Failure) [PSYoungGen: 0K->0K(51712K)] 395793K->395793K(518144K), 0.0006760 secs] [Times: user=0.00 sys=0.00, real=0.00 secs] 
135.431: [Full GC (Allocation Failure) [PSYoungGen: 0K->0K(51712K)] [ParOldGen: 395793K->61969K(466432K)] 395793K->61969K(518144K), [Metaspace: 2796K->2796K(1056768K)], 0.0056919 secs] [Times: user=0.00 sys=0.00, real=0.01 secs] 
136.536: [GC (Allocation Failure) [PSYoungGen: 43915K->5120K(51712K)] 208284K->179729K(518144K), 0.0013066 secs] [Times: user=0.00 sys=0.00, real=0.00 secs] 
137.408: [GC (Allocation Failure) [PSYoungGen: 49036K->5120K(51712K)] 377246K->358929K(518144K), 0.0026061 secs] [Times: user=0.00 sys=0.00, real=0.00 secs] 
138.064: [GC (Allocation Failure) [PSYoungGen: 46989K->5120K(51712K)] 400799K->369169K(518144K), 0.0015532 secs] [Times: user=0.00 sys=0.00, real=0.00 secs] 
139.260: [GC (Allocation Failure) [PSYoungGen: 46983K->5120K(51712K)] 462232K->425489K(518144K), 0.0011411 secs] [Times: user=0.00 sys=0.00, real=0.00 secs] 
139.587: [GC (Allocation Failure) [PSYoungGen: 46986K->5120K(51712K)] 467355K->445969K(518144K), 0.0022151 secs] [Times: user=0.00 sys=0.00, real=0.00 secs] 
139.589: [Full GC (Ergonomics) [PSYoungGen: 5120K->0K(51712K)] [ParOldGen: 440849K->26129K(466432K)] 445969K->26129K(518144K), [Metaspace: 2796K->2796K(1056768K)], 0.0033620 secs] [Times: user=0.00 sys=0.00, real=0.00 secs] 
140.786: [GC (Allocation Failure) [PSYoungGen: 43909K->5120K(51712K)] 223638K->195089K(518144K), 0.0014512 secs] [Times: user=0.00 sys=0.00, real=0.00 secs] 
141.659: [GC (Allocation Failure) [PSYoungGen: 49032K->5120K(51712K)] 392602K->354833K(518144K), 0.0011899 secs] [Times: user=0.00 sys=0.00, real=0.00 secs] 
143.300: [GC (Allocation Failure) [PSYoungGen: 49035K->1024K(51712K)] 398748K->355857K(518144K), 0.0011562 secs] [Times: user=0.00 sys=0.00, real=0.00 secs] 
143.735: [GC (Allocation Failure) [PSYoungGen: 32646K->1024K(51712K)] 387479K->376337K(518144K), 0.0016726 secs] [Times: user=0.00 sys=0.00, real=0.00 secs] 
143.954: [GC (Allocation Failure) [PSYoungGen: 22400K->1024K(51712K)] 448913K->427537K(518144K), 0.0008345 secs] [Times: user=0.00 sys=0.00, real=0.00 secs] 
143.955: [Full GC (Ergonomics) [PSYoungGen: 1024K->0K(51712K)] [ParOldGen: 426513K->62993K(466432K)] 427537K->62993K(518144K), [Metaspace: 2796K->2796K(1056768K)], 0.0055391 secs] [Times: user=0.00 sys=0.00, real=0.01 secs] 
145.064: [GC (Allocation Failure) [PSYoungGen: 43904K->5120K(51712K)] 209297K->180753K(518144K), 0.0014851 secs] [Times: user=0.00 sys=0.00, real=0.00 secs] 
146.484: [GC (Allocation Failure) [PSYoungGen: 49029K->5120K(51712K)] 378263K->334353K(518144K), 0.0009880 secs] [Times: user=0.00 sys=0.00, real=0.00 secs] 
146.812: [GC (Allocation Failure) [PSYoungGen: 36745K->0K(51712K)] 417178K->400913K(518144K), 0.0021218 secs] [Times: user=0.00 sys=0.00, real=0.00 secs] 
146.814: [GC (Allocation Failure) [PSYoungGen: 0K->0K(51712K)] 400913K->400913K(518144K), 0.0007682 secs] [Times: user=0.00 sys=0.00, real=0.00 secs] 
146.815: [Full GC (Allocation Failure) [PSYoungGen: 0K->0K(51712K)] [ParOldGen: 400913K->72209K(466432K)] 400913K->72209K(518144K), [Metaspace: 2796K->2796K(1056768K)], 0.0061650 secs] [Times: user=0.00 sys=0.00, real=0.01 secs] 
147.917: [GC (Allocation Failure) [PSYoungGen: 43915K->5120K(51712K)] 218524K->189969K(518144K), 0.0013627 secs] [Times: user=0.00 sys=0.00, real=0.00 secs] 
148.790: [GC (Allocation Failure) [PSYoungGen: 49036K->5120K(51712K)] 387486K->348689K(518144K), 0.0013295 secs] [Times: user=0.00 sys=0.00, real=0.00 secs] 
149.445: [GC (Allocation Failure) [PSYoungGen: 46989K->5120K(51712K)] 390559K->358929K(518144K), 0.0014311 secs] [Times: user=0.00 sys=0.00, real=0.00 secs] 
149.664: [GC (Allocation Failure) [PSYoungGen: 26503K->5120K(51712K)] 431512K->410129K(518144K), 0.0009331 secs] [Times: user=0.00 sys=0.00, real=0.00 secs] 
149.665: [GC (Allocation Failure) [PSYoungGen: 5120K->5120K(51712K)] 410129K->410129K(518144K), 0.0009790 secs] [Times: user=0.00 sys=0.00, real=0.00 secs] 
149.666: [Full GC (Allocation Failure) [PSYoungGen: 5120K->0K(51712K)] [ParOldGen: 405009K->133649K(466432K)] 410129K->133649K(518144K), [Metaspace: 2796K->2796K(1056768K)], 0.0100547 secs] [Times: user=0.01 sys=0.00, real=0.01 secs] 
150.884: [GC (Allocation Failure) [PSYoungGen: 36743K->5120K(51712K)] 272792K->251409K(518144K), 0.0013489 secs] [Times: user=0.00 sys=0.00, real=0.00 secs] 
151.871: [GC (Allocation Failure) [PSYoungGen: 49034K->5120K(51712K)] 448923K->411153K(518144K), 0.0011254 secs] [Times: user=0.00 sys=0.00, real=0.00 secs] 
152.308: [GC (Allocation Failure) [PSYoungGen: 36748K->5120K(51712K)] 442781K->421393K(518144K), 0.0015015 secs] [Times: user=0.00 sys=0.00, real=0.00 secs] 
152.417: [GC (Allocation Failure) [PSYoungGen: 26500K->5120K(51712K)] 442773K->441873K(518144K), 0.0023947 secs] [Times: user=0.00 sys=0.00, real=0.00 secs] 
152.420: [Full GC (Ergonomics) [PSYoungGen: 5120K->0K(51712K)] [ParOldGen: 436753K->32273K(466432K)] 441873K->32273K(518144K), [Metaspace: 2796K->2796K(1056768K)], 0.0038814 secs] [Times: user=0.00 sys=0.00, real=0.00 secs] 
154.277: [GC (Allocation Failure) [PSYoungGen: 44932K->1024K(51712K)] 230805K->186897K(518144K), 0.0005018 secs] [Times: user=0.00 sys=0.00, real=0.00 secs] 
155.043: [GC (Allocation Failure) [PSYoungGen: 42888K->5120K(51712K)] 228761K->201233K(518144K), 0.0015344 secs] [Times: user=0.00 sys=0.00, real=0.00 secs] 
155.913: [GC (Allocation Failure) [PSYoungGen: 49027K->5120K(51712K)] 398741K->375313K(518144K), 0.0020082 secs] [Times: user=0.00 sys=0.00, real=0.00 secs] 
156.570: [GC (Allocation Failure) [PSYoungGen: 46983K->5120K(51712K)] 417177K->385553K(518144K), 0.0015856 secs] [Times: user=0.00 sys=0.00, real=0.00 secs] 
156.787: [GC (Allocation Failure) [PSYoungGen: 26499K->5120K(51712K)] 458133K->457233K(518144K), 0.0021168 secs] [Times: user=0.00 sys=0.00, real=0.00 secs] 
156.789: [Full GC (Ergonomics) [PSYoungGen: 5120K->0K(51712K)] [ParOldGen: 452113K->92689K(466432K)] 457233K->92689K(518144K), [Metaspace: 2796K->2796K(1056768K)], 0.0072746 secs] [Times: user=0.00 sys=0.00, real=0.01 secs] 
158.548: [GC (Allocation Failure) [PSYoungGen: 40835K->1024K(51712K)] 389525K->349713K(518144K), 0.0010133 secs] [Times: user=0.00 sys=0.00, real=0.00 secs] 
159.314: [GC (Allocation Failure) [PSYoungGen: 42887K->5120K(51712K)] 391577K->364049K(518144K), 0.0015830 secs] [Times: user=0.00 sys=0.00, real=0.00 secs] 
159.642: [GC (Allocation Failure) [PSYoungGen: 36739K->5120K(51712K)] 446869K->415249K(518144K), 0.0008684 secs] [Times: user=0.00 sys=0.00, real=0.00 secs] 
159.643: [GC (Allocation Failure) [PSYoungGen: 5120K->5120K(51712K)] 415249K->415249K(518144K), 0.0008652 secs] [Times: user=0.00 sys=0.00, real=0.00 secs] 
159.644: [Full GC (Allocation Failure) [PSYoungGen: 5120K->0K(51712K)] [ParOldGen: 410129K->108049K(466432K)] 415249K->108049K(518144K), [Metaspace: 2796K->2796K(1056768K)], 0.0081595 secs] [Times: user=0.00 sys=0.00, real=0.01 secs] 
160.748: [GC (Allocation Failure) [PSYoungGen: 43911K->5120K(51712K)] 254361K->225809K(518144K), 0.0017158 secs] [Times: user=0.00 sys=0.00, real=0.00 secs] 
162.054: [GC (Allocation Failure) [PSYoungGen: 48010K->5120K(51712K)] 422299K->384529K(518144K), 0.0010897 secs] [Times: user=0.00 sys=0.00, real=0.00 secs] 
162.495: [Full GC (Ergonomics) [PSYoungGen: 46988K->0K(51712K)] [ParOldGen: 430609K->56849K(466432K)] 477597K->56849K(518144K), [Metaspace: 2796K->2796K(1056768K)], 0.0055057 secs] [Times: user=0.00 sys=0.00, real=0.00 secs] 
163.599: [GC (Allocation Failure) [PSYoungGen: 43917K->1024K(51712K)] 203166K->180753K(518144K), 0.0016107 secs] [Times: user=0.00 sys=0.00, real=0.00 secs] 
164.471: [GC (Allocation Failure) [PSYoungGen: 44942K->5120K(51712K)] 378271K->344593K(518144K), 0.0013026 secs] [Times: user=0.00 sys=0.00, real=0.00 secs] 
165.671: [GC (Allocation Failure) [PSYoungGen: 46990K->0K(51712K)] 386464K->349713K(518144K), 0.0012157 secs] [Times: user=0.00 sys=0.00, real=0.00 secs] 
166.437: [GC (Allocation Failure) [PSYoungGen: 41863K->5120K(51712K)] 391577K->365073K(518144K), 0.0017380 secs] [Times: user=0.00 sys=0.00, real=0.00 secs] 
166.765: [GC (Allocation Failure) [PSYoungGen: 36739K->5120K(51712K)] 447893K->436753K(518144K), 0.0024002 secs] [Times: user=0.00 sys=0.00, real=0.00 secs] 
166.768: [Full GC (Ergonomics) [PSYoungGen: 5120K->0K(51712K)] [ParOldGen: 431633K->77329K(466432K)] 436753K->77329K(518144K), [Metaspace: 2796K->2796K(1056768K)], 0.0065803 secs] [Times: user=0.00 sys=0.00, real=0.01 secs] 
167.873: [GC (Allocation Failure) [PSYoungGen: 43911K->5120K(51712K)] 223641K->195089K(518144K), 0.0014275 secs] [Times: user=0.00 sys=0.00, real=0.00 secs] 
168.740: [GC (Allocation Failure) [PSYoungGen: 49034K->5120K(51712K)] 392603K->353809K(518144K), 0.0010262 secs] [Times: user=0.00 sys=0.00, real=0.00 secs] 
169.617: [GC (Allocation Failure) [PSYoungGen: 16268K->0K(51712K)] 416157K->399889K(518144K), 0.0008653 secs] [Times: user=0.00 sys=0.00, real=0.00 secs] 
169.618: [GC (Allocation Failure) [PSYoungGen: 0K->0K(51712K)] 399889K->399889K(518144K), 0.0007850 secs] [Times: user=0.00 sys=0.00, real=0.00 secs] 
169.619: [Full GC (Allocation Failure) [PSYoungGen: 0K->0K(51712K)] [ParOldGen: 399889K->51729K(466432K)] 399889K->51729K(518144K), [Metaspace: 2796K->2796K(1056768K)], 0.0046110 secs] [Times: user=0.00 sys=0.00, real=0.00 secs] 
170.723: [GC (Allocation Failure) [PSYoungGen: 43916K->5120K(51712K)] 198045K->169489K(518144K), 0.0014345 secs] [Times: user=0.00 sys=0.00, real=0.00 secs] 
171.595: [GC (Allocation Failure) [PSYoungGen: 49037K->5120K(51712K)] 367006K->329233K(518144K), 0.0011023 secs] [Times: user=0.00 sys=0.00, real=0.00 secs] 
172.249: [GC (Allocation Failure) [PSYoungGen: 46990K->5120K(51712K)] 371103K->339473K(518144K), 0.0016551 secs] [Times: user=0.00 sys=0.00, real=0.00 secs] 
172.468: [GC (Allocation Failure) [PSYoungGen: 26503K->5120K(51712K)] 412057K->390673K(518144K), 0.0007661 secs] [Times: user=0.00 sys=0.00, real=0.00 secs] 
172.469: [GC (Allocation Failure) [PSYoungGen: 5120K->5120K(51712K)] 390673K->390673K(518144K), 0.0007706 secs] [Times: user=0.00 sys=0.00, real=0.00 secs] 
172.470: [Full GC (Allocation Failure) [PSYoungGen: 5120K->0K(51712K)] [ParOldGen: 385553K->165393K(466432K)] 390673K->165393K(518144K), [Metaspace: 2796K->2796K(1056768K)], 0.0123017 secs] [Times: user=0.00 sys=0.00, real=0.01 secs] 
173.684: [GC (Allocation Failure) [PSYoungGen: 28551K->0K(51712K)] 296345K->288273K(518144K), 0.0015655 secs] [Times: user=0.00 sys=0.00, real=0.00 secs] 
174.666: [Full GC (Ergonomics) [PSYoungGen: 43914K->0K(51712K)] [ParOldGen: 441873K->21009K(466432K)] 485787K->21009K(518144K), [Metaspace: 2796K->2796K(1056768K)], 0.0030557 secs] [Times: user=0.00 sys=0.00, real=0.00 secs] 
175.104: [GC (Allocation Failure) [PSYoungGen: 31628K->0K(51712K)] 52637K->41489K(518144K), 0.0013120 secs] [Times: user=0.00 sys=0.00, real=0.00 secs] 
176.086: [GC (Allocation Failure) [PSYoungGen: 43908K->5120K(51712K)] 238997K->205329K(518144K), 0.0010766 secs] [Times: user=0.00 sys=0.00, real=0.00 secs] 
176.522: [GC (Allocation Failure) [PSYoungGen: 36744K->5120K(51712K)] 236953K->215569K(518144K), 0.0016019 secs] [Times: user=0.00 sys=0.00, real=0.00 secs] 
177.612: [GC (Allocation Failure) [PSYoungGen: 46977K->5120K(51712K)] 257427K->220689K(518144K), 0.0010076 secs] [Times: user=0.00 sys=0.00, real=0.00 secs] 
177.939: [GC (Allocation Failure) [PSYoungGen: 31615K->0K(51712K)] 247185K->225809K(518144K), 0.0011207 secs] [Times: user=0.00 sys=0.00, real=0.00 secs] 
178.923: [GC (Allocation Failure) [PSYoungGen: 43898K->5120K(51712K)] 423307K->389649K(518144K), 0.0008870 secs] [Times: user=0.00 sys=0.00, real=0.00 secs] 
179.359: [GC (Allocation Failure) [PSYoungGen: 36737K->0K(51712K)] 421267K->394769K(518144K), 0.0012770 secs] [Times: user=0.00 sys=0.00, real=0.00 secs] 
179.579: [Full GC (Ergonomics) [PSYoungGen: 21373K->0K(51712K)] [ParOldGen: 445969K->113169K(466432K)] 467343K->113169K(518144K), [Metaspace: 2796K->2796K(1056768K)], 0.0089778 secs] [Times: user=0.00 sys=0.00, real=0.01 secs] 
181.558: [GC (Allocation Failure) [PSYoungGen: 40829K->5120K(51712K)] 358799K->324113K(518144K), 0.0008405 secs] [Times: user=0.00 sys=0.00, real=0.00 secs] 
182.214: [GC (Allocation Failure) [PSYoungGen: 46979K->5120K(51712K)] 365973K->334353K(518144K), 0.0017837 secs] [Times: user=0.00 sys=0.00, real=0.00 secs] 
182.433: [GC (Allocation Failure) [PSYoungGen: 26497K->5120K(51712K)] 406930K->385553K(518144K), 0.0008157 secs] [Times: user=0.00 sys=0.00, real=0.00 secs] 
182.434: [GC (Allocation Failure) [PSYoungGen: 5120K->5120K(51712K)] 385553K->385553K(518144K), 0.0009576 secs] [Times: user=0.00 sys=0.00, real=0.00 secs] 
182.435: [Full GC (Allocation Failure) [PSYoungGen: 5120K->0K(51712K)] [ParOldGen: 380433K->57873K(466432K)] 385553K->57873K(518144K), [Metaspace: 2796K->2796K(1056768K)], 0.0050915 secs] [Times: user=0.00 sys=0.00, real=0.00 secs] 
183.539: [GC (Allocation Failure) [PSYoungGen: 43905K->1024K(51712K)] 204178K->181777K(518144K), 0.0016580 secs] [Times: user=0.00 sys=0.00, real=0.00 secs] 
184.848: [GC (Allocation Failure) [PSYoungGen: 39814K->5120K(51712K)] 374167K->339473K(518144K), 0.0008888 secs] [Times: user=0.00 sys=0.00, real=0.00 secs] 
185.284: [GC (Allocation Failure) [PSYoungGen: 46985K->0K(51712K)] 432538K->395793K(518144K), 0.0011867 secs] [Times: user=0.00 sys=0.00, real=0.00 secs] 
185.286: [GC (Allocation Failure) [PSYoungGen: 0K->0K(51712K)] 395793K->395793K(518144K), 0.0009408 secs] [Times: user=0.00 sys=0.00, real=0.00 secs] 
185.287: [Full GC (Allocation Failure) [PSYoungGen: 0K->0K(51712K)] [ParOldGen: 395793K->61969K(466432K)] 395793K->61969K(518144K), [Metaspace: 2796K->2796K(1056768K)], 0.0053880 secs] [Times: user=0.00 sys=0.00, real=0.01 secs] 
186.393: [GC (Allocation Failure) [PSYoungGen: 43915K->5120K(51712K)] 208284K->179729K(518144K), 0.0014603 secs] [Times: user=0.00 sys=0.00, real=0.00 secs] 
187.265: [GC (Allocation Failure) [PSYoungGen: 49036K->5120K(51712K)] 377246K->358929K(518144K), 0.0030959 secs] [Times: user=0.00 sys=0.00, real=0.00 secs] 
187.920: [GC (Allocation Failure) [PSYoungGen: 46989K->5120K(51712K)] 400799K->369169K(518144K), 0.0017453 secs] [Times: user=0.00 sys=0.00, real=0.00 secs] 
189.123: [GC (Allocation Failure) [PSYoungGen: 46983K->5120K(51712K)] 462232K->425489K(518144K), 0.0012571 secs] [Times: user=0.00 sys=0.00, real=0.00 secs] 
189.452: [GC (Allocation Failure) [PSYoungGen: 46986K->0K(51712K)] 467355K->440849K(518144K), 0.0021407 secs] [Times: user=0.00 sys=0.00, real=0.00 secs] 
189.454: [Full GC (Ergonomics) [PSYoungGen: 0K->0K(51712K)] [ParOldGen: 440849K->26129K(466432K)] 440849K->26129K(518144K), [Metaspace: 2796K->2796K(1056768K)], 0.0031873 secs] [Times: user=0.00 sys=0.00, real=0.00 secs] 
190.653: [GC (Allocation Failure) [PSYoungGen: 43909K->5120K(51712K)] 223638K->195089K(518144K), 0.0015513 secs] [Times: user=0.02 sys=0.00, real=0.00 secs] 
191.527: [GC (Allocation Failure) [PSYoungGen: 49032K->5152K(51712K)] 392602K->354865K(518144K), 0.0012040 secs] [Times: user=0.00 sys=0.00, real=0.00 secs] 
193.165: [GC (Allocation Failure) [PSYoungGen: 49067K->5152K(51712K)] 398780K->355889K(518144K), 0.0009884 secs] [Times: user=0.00 sys=0.00, real=0.00 secs] 
193.599: [GC (Allocation Failure) [PSYoungGen: 36774K->32K(51712K)] 387511K->371249K(518144K), 0.0016144 secs] [Times: user=0.00 sys=0.00, real=0.00 secs] 
193.816: [GC (Allocation Failure) [PSYoungGen: 21408K->32K(51712K)] 443825K->422449K(518144K), 0.0011248 secs] [Times: user=0.00 sys=0.00, real=0.00 secs] 
193.817: [Full GC (Ergonomics) [PSYoungGen: 32K->0K(51712K)] [ParOldGen: 422417K->62993K(466432K)] 422449K->62993K(518144K), [Metaspace: 2796K->2796K(1056768K)], 0.0058393 secs] [Times: user=0.00 sys=0.00, real=0.01 secs] 
194.922: [GC (Allocation Failure) [PSYoungGen: 43904K->5184K(51712K)] 209297K->180817K(518144K), 0.0017113 secs] [Times: user=0.00 sys=0.00, real=0.00 secs] 
196.343: [GC (Allocation Failure) [PSYoungGen: 49093K->5184K(51712K)] 378327K->334417K(518144K), 0.0008907 secs] [Times: user=0.00 sys=0.00, real=0.00 secs] 
196.673: [GC (Allocation Failure) [PSYoungGen: 36809K->64K(51712K)] 417242K->400977K(518144K), 0.0021997 secs] [Times: user=0.00 sys=0.00, real=0.00 secs] 
196.676: [GC (Allocation Failure) [PSYoungGen: 64K->32K(51712K)] 400977K->400945K(518144K), 0.0008204 secs] [Times: user=0.00 sys=0.00, real=0.00 secs] 
196.676: [Full GC (Allocation Failure) [PSYoungGen: 32K->0K(51712K)] [ParOldGen: 400913K->72209K(466432K)] 400945K->72209K(518144K), [Metaspace: 2796K->2796K(1056768K)], 0.0062851 secs] [Times: user=0.00 sys=0.00, real=0.01 secs] 
197.780: [GC (Allocation Failure) [PSYoungGen: 43915K->5120K(51712K)] 218525K->189969K(518144K), 0.0014932 secs] [Times: user=0.00 sys=0.00, real=0.00 secs] 
198.652: [GC (Allocation Failure) [PSYoungGen: 49036K->5120K(51712K)] 387486K->348689K(518144K), 0.0009670 secs] [Times: user=0.00 sys=0.00, real=0.00 secs] 
199.307: [GC (Allocation Failure) [PSYoungGen: 46989K->5120K(51712K)] 390559K->358929K(518144K), 0.0014853 secs] [Times: user=0.00 sys=0.00, real=0.00 secs] 
199.525: [GC (Allocation Failure) [PSYoungGen: 26503K->5120K(51712K)] 431513K->410129K(518144K), 0.0011189 secs] [Times: user=0.00 sys=0.00, real=0.00 secs] 
199.526: [GC (Allocation Failure) [PSYoungGen: 5120K->5120K(51712K)] 410129K->410129K(518144K), 0.0009488 secs] [Times: user=0.00 sys=0.00, real=0.00 secs] 
199.527: [Full GC (Allocation Failure) [PSYoungGen: 5120K->0K(51712K)] [ParOldGen: 405009K->133649K(466432K)] 410129K->133649K(518144K), [Metaspace: 2796K->2796K(1056768K)], 0.0101755 secs] [Times: user=0.00 sys=0.00, real=0.01 secs] 
200.741: [GC (Allocation Failure) [PSYoungGen: 36743K->5120K(51712K)] 272793K->251409K(518144K), 0.0015192 secs] [Times: user=0.00 sys=0.00, real=0.00 secs] 
201.724: [GC (Allocation Failure) [PSYoungGen: 49034K->5120K(51712K)] 448924K->411153K(518144K), 0.0011268 secs] [Times: user=0.00 sys=0.00, real=0.00 secs] 
202.162: [GC (Allocation Failure) [PSYoungGen: 36748K->5120K(51712K)] 442781K->421393K(518144K), 0.0016299 secs] [Times: user=0.00 sys=0.00, real=0.00 secs] 
202.270: [GC (Allocation Failure) [PSYoungGen: 26500K->5120K(51712K)] 442773K->441873K(518144K), 0.0024665 secs] [Times: user=0.00 sys=0.00, real=0.00 secs] 
202.273: [Full GC (Ergonomics) [PSYoungGen: 5120K->0K(51712K)] [ParOldGen: 436753K->32273K(466432K)] 441873K->32273K(518144K), [Metaspace: 2796K->2796K(1056768K)], 0.0040357 secs] [Times: user=0.00 sys=0.00, real=0.00 secs] 
204.129: [GC (Allocation Failure) [PSYoungGen: 44932K->1024K(51712K)] 230806K->186897K(518144K), 0.0006857 secs] [Times: user=0.00 sys=0.00, real=0.00 secs] 
204.890: [GC (Allocation Failure) [PSYoungGen: 42888K->5120K(51712K)] 228761K->201233K(518144K), 0.0013667 secs] [Times: user=0.00 sys=0.00, real=0.00 secs] 
205.763: [GC (Allocation Failure) [PSYoungGen: 49027K->5120K(51712K)] 398741K->375313K(518144K), 0.0020999 secs] [Times: user=0.01 sys=0.00, real=0.00 secs] 
206.419: [GC (Allocation Failure) [PSYoungGen: 46983K->0K(51712K)] 417177K->380433K(518144K), 0.0013019 secs] [Times: user=0.02 sys=0.00, real=0.00 secs] 
206.638: [GC (Allocation Failure) [PSYoungGen: 21379K->0K(51712K)] 453013K->452113K(518144K), 0.0023412 secs] [Times: user=0.00 sys=0.00, real=0.00 secs] 
206.640: [Full GC (Ergonomics) [PSYoungGen: 0K->0K(51712K)] [ParOldGen: 452113K->92689K(466432K)] 452113K->92689K(518144K), [Metaspace: 2796K->2796K(1056768K)], 0.0077854 secs] [Times: user=0.00 sys=0.00, real=0.01 secs] 
208.396: [GC (Allocation Failure) [PSYoungGen: 40835K->1024K(51712K)] 389525K->349713K(518144K), 0.0006775 secs] [Times: user=0.00 sys=0.00, real=0.00 secs] 
209.165: [GC (Allocation Failure) [PSYoungGen: 42887K->5120K(51712K)] 391577K->364049K(518144K), 0.0014250 secs] [Times: user=0.00 sys=0.00, real=0.00 secs] 
209.494: [GC (Allocation Failure) [PSYoungGen: 36739K->5120K(51712K)] 446869K->415249K(518144K), 0.0009315 secs] [Times: user=0.00 sys=0.00, real=0.00 secs] 
209.495: [GC (Allocation Failure) [PSYoungGen: 5120K->5120K(51712K)] 415249K->415249K(518144K), 0.0010458 secs] [Times: user=0.00 sys=0.00, real=0.00 secs] 
209.496: [Full GC (Allocation Failure) [PSYoungGen: 5120K->0K(51712K)] [ParOldGen: 410129K->108049K(466432K)] 415249K->108049K(518144K), [Metaspace: 2796K->2796K(1056768K)], 0.0091574 secs] [Times: user=0.00 sys=0.00, real=0.01 secs] 
210.601: [GC (Allocation Failure) [PSYoungGen: 43911K->5120K(51712K)] 254361K->225809K(518144K), 0.0014563 secs] [Times: user=0.00 sys=0.00, real=0.00 secs] 
211.914: [GC (Allocation Failure) [PSYoungGen: 48010K->5120K(51712K)] 422300K->384529K(518144K), 0.0009734 secs] [Times: user=0.00 sys=0.00, real=0.00 secs] 
212.350: [Full GC (Ergonomics) [PSYoungGen: 46988K->0K(51712K)] [ParOldGen: 430609K->56849K(466432K)] 477598K->56849K(518144K), [Metaspace: 2796K->2796K(1056768K)], 0.0050412 secs] [Times: user=0.00 sys=0.00, real=0.00 secs] 
213.443: [GC (Allocation Failure) [PSYoungGen: 43917K->1024K(51712K)] 203167K->180753K(518144K), 0.0014980 secs] [Times: user=0.00 sys=0.00, real=0.00 secs] 
214.315: [GC (Allocation Failure) [PSYoungGen: 44942K->5120K(51712K)] 378271K->344593K(518144K), 0.0012706 secs] [Times: user=0.00 sys=0.00, real=0.00 secs] 
215.514: [GC (Allocation Failure) [PSYoungGen: 46990K->0K(51712K)] 386464K->349713K(518144K), 0.0012252 secs] [Times: user=0.00 sys=0.00, real=0.00 secs] 
216.279: [GC (Allocation Failure) [PSYoungGen: 41863K->5120K(51712K)] 391577K->365073K(518144K), 0.0015463 secs] [Times: user=0.00 sys=0.00, real=0.00 secs] 
216.606: [GC (Allocation Failure) [PSYoungGen: 36739K->5120K(51712K)] 447893K->436753K(518144K), 0.0024453 secs] [Times: user=0.00 sys=0.00, real=0.00 secs] 
216.609: [Full GC (Ergonomics) [PSYoungGen: 5120K->0K(51712K)] [ParOldGen: 431633K->77329K(466432K)] 436753K->77329K(518144K), [Metaspace: 2796K->2796K(1056768K)], 0.0062388 secs] [Times: user=0.00 sys=0.00, real=0.01 secs] 
217.712: [GC (Allocation Failure) [PSYoungGen: 43911K->5120K(51712K)] 223641K->195089K(518144K), 0.0013055 secs] [Times: user=0.00 sys=0.00, real=0.00 secs] 
218.585: [GC (Allocation Failure) [PSYoungGen: 49034K->5120K(51712K)] 392604K->353809K(518144K), 0.0011045 secs] [Times: user=0.00 sys=0.00, real=0.00 secs] 
Heap
 PSYoungGen      total 51712K, used 17179K [0x00000000fc780000, 0x0000000100000000, 0x0000000100000000)
  eden space 45568K, 26% used [0x00000000fc780000,0x00000000fd346f98,0x00000000ff400000)
  from space 6144K, 83% used [0x00000000ff400000,0x00000000ff900010,0x00000000ffa00000)
  to   space 6144K, 0% used [0x00000000ffa00000,0x00000000ffa00000,0x0000000100000000)
 ParOldGen       total 466432K, used 348689K [0x00000000e0000000, 0x00000000fc780000, 0x00000000fc780000)
  object space 466432K, 74% used [0x00000000e0000000,0x00000000f5484760,0x00000000fc780000)
 Metaspace       used 2804K, capacity 4486K, committed 4864K, reserved 1056768K
  class space    used 297K, capacity 386K, committed 512K, reserved 1048576K
