Java HotSpot(TM) 64-Bit Server VM (25.411-b09) for windows-amd64 JRE (1.8.0_411-b09), built on Mar 13 2024 07:26:13 by "java_re" with MS VC++ 17.1 (VS2022)
Memory: 4k page, physical 33403376k(13221148k free), swap 42425356k(8439696k free)
CommandLine flags: -XX:InitialHeapSize=2147483648 -XX:MaxHeapSize=2147483648 -XX:NewRatio=6 -XX:ParallelGCThreads=10 -XX:+PrintGC -XX:+PrintGCDetails -XX:+PrintGCTimeStamps -XX:-UseAdaptiveSizePolicy -XX:+UseCompressedClassPointers -XX:+UseCompressedOops -XX:-UseLargePagesIndividualAllocation -XX:+UseParallelGC 
1.448: [GC (Allocation Failure) [PSYoungGen: 131870K->5872K(262144K)] 131870K->57080K(2059776K), 0.0213929 secs] [Times: user=0.03 sys=0.00, real=0.02 secs] 
2.791: [GC (Allocation Failure) [PSYoungGen: 184294K->32560K(262144K)] 235502K->83768K(2059776K), 0.0084253 secs] [Times: user=0.02 sys=0.00, real=0.01 secs] 
5.205: [GC (Allocation Failure) [PSYoungGen: 257102K->11008K(262144K)] 308310K->62216K(2059776K), 0.0025613 secs] [Times: user=0.00 sys=0.00, real=0.00 secs] 
6.522: [GC (Allocation Failure) [PSYoungGen: 235573K->26304K(262144K)] 286781K->77512K(2059776K), 0.0022250 secs] [Times: user=0.00 sys=0.00, real=0.00 secs] 
7.728: [GC (Allocation Failure) [PSYoungGen: 248019K->36552K(262144K)] 299227K->98008K(2059776K), 0.0079791 secs] [Times: user=0.00 sys=0.00, real=0.01 secs] 
9.698: [GC (Allocation Failure) [PSYoungGen: 261130K->16128K(262144K)] 322586K->128784K(2059776K), 0.0185648 secs] [Times: user=0.03 sys=0.01, real=0.02 secs] 
11.021: [GC (Allocation Failure) [PSYoungGen: 235597K->16072K(262144K)] 348253K->231128K(2059776K), 0.0333865 secs] [Times: user=0.05 sys=0.02, real=0.03 secs] 
12.593: [GC (Allocation Failure) [PSYoungGen: 235547K->16128K(262144K)] 450603K->231184K(2059776K), 0.0019215 secs] [Times: user=0.01 sys=0.00, real=0.00 secs] 
13.901: [GC (Allocation Failure) [PSYoungGen: 237068K->12032K(262144K)] 452124K->227096K(2059776K), 0.0019075 secs] [Times: user=0.00 sys=0.00, real=0.00 secs] 
15.220: [GC (Allocation Failure) [PSYoungGen: 236616K->27376K(262144K)] 451680K->242440K(2059776K), 0.0021762 secs] [Times: user=0.00 sys=0.00, real=0.00 secs] 
17.193: [GC (Allocation Failure) [PSYoungGen: 180288K->26336K(262144K)] 395352K->292600K(2059776K), 0.0194792 secs] [Times: user=0.02 sys=0.00, real=0.02 secs] 
18.527: [GC (Allocation Failure) [PSYoungGen: 204846K->31440K(262144K)] 471110K->318192K(2059776K), 0.0082535 secs] [Times: user=0.02 sys=0.00, real=0.01 secs] 
19.964: [GC (Allocation Failure) [PSYoungGen: 209934K->5856K(262144K)] 496686K->292608K(2059776K), 0.0022402 secs] [Times: user=0.00 sys=0.00, real=0.00 secs] 
21.274: [GC (Allocation Failure) [PSYoungGen: 215077K->16064K(262144K)] 501829K->405216K(2059776K), 0.0369319 secs] [Times: user=0.05 sys=0.00, real=0.04 secs] 
22.617: [GC (Allocation Failure) [PSYoungGen: 235533K->22256K(262144K)] 624686K->411408K(2059776K), 0.0024002 secs] [Times: user=0.00 sys=0.00, real=0.00 secs] 
24.143: [GC (Allocation Failure) [PSYoungGen: 236611K->20608K(262144K)] 625763K->410388K(2059776K), 0.0031055 secs] [Times: user=0.00 sys=0.00, real=0.00 secs] 
25.459: [GC (Allocation Failure) [PSYoungGen: 240087K->25728K(262144K)] 629867K->415508K(2059776K), 0.0026831 secs] [Times: user=0.00 sys=0.00, real=0.00 secs] 
26.774: [GC (Allocation Failure) [PSYoungGen: 245209K->35936K(262144K)] 634990K->425732K(2059776K), 0.0036546 secs] [Times: user=0.00 sys=0.00, real=0.00 secs] 
28.636: [GC (Allocation Failure) [PSYoungGen: 200049K->5248K(262144K)] 589845K->497452K(2059776K), 0.0195565 secs] [Times: user=0.00 sys=0.01, real=0.02 secs] 
29.971: [GC (Allocation Failure) [PSYoungGen: 183757K->30848K(262144K)] 675961K->523068K(2059776K), 0.0030955 secs] [Times: user=0.00 sys=0.00, real=0.00 secs] 
31.496: [GC (Allocation Failure) [PSYoungGen: 214461K->5216K(262144K)] 706682K->497444K(2059776K), 0.0034938 secs] [Times: user=0.00 sys=0.00, real=0.00 secs] 
32.818: [GC (Allocation Failure) [PSYoungGen: 183718K->26848K(262144K)] 675946K->519076K(2059776K), 0.0033228 secs] [Times: user=0.00 sys=0.00, real=0.00 secs] 
34.127: [GC (Allocation Failure) [PSYoungGen: 236074K->27808K(262144K)] 728303K->520044K(2059776K), 0.0033491 secs] [Times: user=0.00 sys=0.00, real=0.00 secs] 
35.657: [GC (Allocation Failure) [PSYoungGen: 252401K->30848K(262144K)] 744637K->523116K(2059776K), 0.0035984 secs] [Times: user=0.00 sys=0.00, real=0.00 secs] 
36.967: [GC (Allocation Failure) [PSYoungGen: 240086K->25664K(262144K)] 732354K->517932K(2059776K), 0.0030401 secs] [Times: user=0.01 sys=0.00, real=0.00 secs] 
38.277: [GC (Allocation Failure) [PSYoungGen: 245144K->30784K(262144K)] 737412K->543532K(2059776K), 0.0081324 secs] [Times: user=0.00 sys=0.00, real=0.01 secs] 
40.025: [GC (Allocation Failure) [PSYoungGen: 229786K->5184K(262144K)] 742534K->569132K(2059776K), 0.0183196 secs] [Times: user=0.02 sys=0.00, real=0.02 secs] 
41.368: [GC (Allocation Failure) [PSYoungGen: 183706K->30784K(262144K)] 747654K->697132K(2059776K), 0.0353597 secs] [Times: user=0.00 sys=0.02, real=0.04 secs] 
43.908: [GC (Allocation Failure) [PSYoungGen: 250245K->6272K(262144K)] 916594K->672620K(2059776K), 0.0035558 secs] [Times: user=0.00 sys=0.00, real=0.00 secs] 
45.218: [GC (Allocation Failure) [PSYoungGen: 230862K->21632K(262144K)] 897210K->687980K(2059776K), 0.0033184 secs] [Times: user=0.01 sys=0.00, real=0.00 secs] 
46.973: [GC (Allocation Failure) [PSYoungGen: 246243K->10336K(262144K)] 912591K->676684K(2059776K), 0.0039972 secs] [Times: user=0.00 sys=0.00, real=0.00 secs] 
48.285: [GC (Allocation Failure) [PSYoungGen: 229825K->35936K(262144K)] 896174K->702284K(2059776K), 0.0035728 secs] [Times: user=0.00 sys=0.00, real=0.00 secs] 
49.600: [GC (Allocation Failure) [PSYoungGen: 255424K->35968K(262144K)] 921773K->753516K(2059776K), 0.0181554 secs] [Times: user=0.00 sys=0.03, real=0.02 secs] 
51.154: [GC (Allocation Failure) [PSYoungGen: 260575K->15360K(262144K)] 978124K->732924K(2059776K), 0.0116247 secs] [Times: user=0.02 sys=0.00, real=0.01 secs] 
52.478: [GC (Allocation Failure) [PSYoungGen: 234847K->11264K(262144K)] 952412K->728828K(2059776K), 0.0041317 secs] [Times: user=0.00 sys=0.00, real=0.01 secs] 
53.797: [GC (Allocation Failure) [PSYoungGen: 235856K->17408K(262144K)] 953421K->734972K(2059776K), 0.0033391 secs] [Times: user=0.00 sys=0.00, real=0.00 secs] 
55.768: [GC (Allocation Failure) [PSYoungGen: 160086K->15360K(262144K)] 877650K->784124K(2059776K), 0.0313644 secs] [Times: user=0.05 sys=0.02, real=0.03 secs] 
57.109: [GC (Allocation Failure) [PSYoungGen: 193871K->35840K(262144K)] 962636K->830204K(2059776K), 0.0103327 secs] [Times: user=0.00 sys=0.02, real=0.01 secs] 
58.555: [GC (Allocation Failure) [PSYoungGen: 229704K->20480K(262144K)] 1024068K->814844K(2059776K), 0.0037280 secs] [Times: user=0.00 sys=0.00, real=0.00 secs] 
59.865: [GC (Allocation Failure) [PSYoungGen: 229709K->15360K(262144K)] 1024074K->860924K(2059776K), 0.0189488 secs] [Times: user=0.03 sys=0.00, real=0.02 secs] 
61.187: [GC (Allocation Failure) [PSYoungGen: 234835K->20480K(262144K)] 1080399K->968444K(2059776K), 0.0361561 secs] [Times: user=0.05 sys=0.00, real=0.04 secs] 
62.746: [GC (Allocation Failure) [PSYoungGen: 239959K->15360K(262144K)] 1187923K->963324K(2059776K), 0.0033551 secs] [Times: user=0.00 sys=0.00, real=0.00 secs] 
64.060: [GC (Allocation Failure) [PSYoungGen: 234841K->26624K(262144K)] 1182806K->974588K(2059776K), 0.0036263 secs] [Times: user=0.02 sys=0.00, real=0.00 secs] 
65.375: [GC (Allocation Failure) [PSYoungGen: 246100K->26624K(262144K)] 1194064K->974588K(2059776K), 0.0030063 secs] [Times: user=0.00 sys=0.00, real=0.00 secs] 
67.240: [GC (Allocation Failure) [PSYoungGen: 174423K->25600K(262144K)] 1122388K->1024764K(2059776K), 0.0183390 secs] [Times: user=0.00 sys=0.01, real=0.02 secs] 
68.571: [GC (Allocation Failure) [PSYoungGen: 204113K->30720K(262144K)] 1203278K->1050364K(2059776K), 0.0085660 secs] [Times: user=0.00 sys=0.00, real=0.01 secs] 
70.006: [GC (Allocation Failure) [PSYoungGen: 209216K->5120K(262144K)] 1228860K->1024764K(2059776K), 0.0038737 secs] [Times: user=0.00 sys=0.00, real=0.00 secs] 
71.319: [GC (Allocation Failure) [PSYoungGen: 214343K->15360K(262144K)] 1233987K->1137404K(2059776K), 0.0360459 secs] [Times: user=0.06 sys=0.00, real=0.04 secs] 
72.656: [GC (Allocation Failure) [PSYoungGen: 234830K->21504K(262144K)] 1356875K->1143548K(2059776K), 0.0030180 secs] [Times: user=0.02 sys=0.00, real=0.00 secs] 
74.182: [GC (Allocation Failure) [PSYoungGen: 235860K->20480K(262144K)] 1357904K->1142524K(2059776K), 0.0029821 secs] [Times: user=0.00 sys=0.00, real=0.00 secs] 
75.489: [GC (Allocation Failure) [PSYoungGen: 239959K->25600K(262144K)] 1362004K->1147644K(2059776K), 0.0032930 secs] [Times: user=0.00 sys=0.00, real=0.00 secs] 
76.799: [GC (Allocation Failure) [PSYoungGen: 245082K->35840K(262144K)] 1367126K->1157884K(2059776K), 0.0034551 secs] [Times: user=0.00 sys=0.00, real=0.00 secs] 
78.646: [GC (Allocation Failure) [PSYoungGen: 199003K->5120K(262144K)] 1321048K->1229564K(2059776K), 0.0213277 secs] [Times: user=0.02 sys=0.02, real=0.02 secs] 
79.971: [GC (Allocation Failure) [PSYoungGen: 183638K->30720K(262144K)] 1408083K->1255164K(2059776K), 0.0040631 secs] [Times: user=0.00 sys=0.00, real=0.00 secs] 
81.499: [GC (Allocation Failure) [PSYoungGen: 214339K->5120K(262144K)] 1438784K->1229564K(2059776K), 0.0037411 secs] [Times: user=0.02 sys=0.00, real=0.00 secs] 
82.820: [GC (Allocation Failure) [PSYoungGen: 183625K->26624K(262144K)] 1408070K->1251068K(2059776K), 0.0036507 secs] [Times: user=0.00 sys=0.00, real=0.00 secs] 
84.126: [GC (Allocation Failure) [PSYoungGen: 235853K->27648K(262144K)] 1460297K->1252092K(2059776K), 0.0038850 secs] [Times: user=0.00 sys=0.00, real=0.00 secs] 
85.655: [GC (Allocation Failure) [PSYoungGen: 252242K->30720K(262144K)] 1476687K->1255164K(2059776K), 0.0037771 secs] [Times: user=0.02 sys=0.00, real=0.00 secs] 
86.962: [GC (Allocation Failure) [PSYoungGen: 239959K->25600K(262144K)] 1464403K->1250044K(2059776K), 0.0034543 secs] [Times: user=0.00 sys=0.00, real=0.00 secs] 
88.271: [GC (Allocation Failure) [PSYoungGen: 245081K->30720K(262144K)] 1469525K->1275644K(2059776K), 0.0086674 secs] [Times: user=0.00 sys=0.00, real=0.01 secs] 
90.030: [GC (Allocation Failure) [PSYoungGen: 229723K->5120K(262144K)] 1474647K->1301244K(2059776K), 0.0311715 secs] [Times: user=0.05 sys=0.01, real=0.03 secs] 
91.371: [GC (Allocation Failure) [PSYoungGen: 183642K->30720K(262144K)] 1479767K->1429244K(2059776K), 0.0346495 secs] [Times: user=0.03 sys=0.02, real=0.04 secs] 
93.914: [GC (Allocation Failure) [PSYoungGen: 250182K->6144K(262144K)] 1648706K->1404668K(2059776K), 0.0039355 secs] [Times: user=0.00 sys=0.00, real=0.00 secs] 
95.222: [GC (Allocation Failure) [PSYoungGen: 230734K->21504K(262144K)] 1629259K->1420028K(2059776K), 0.0037130 secs] [Times: user=0.00 sys=0.00, real=0.00 secs] 
96.966: [GC (Allocation Failure) [PSYoungGen: 246115K->10240K(262144K)] 1644639K->1408764K(2059776K), 0.0040368 secs] [Times: user=0.02 sys=0.00, real=0.00 secs] 
98.276: [GC (Allocation Failure) [PSYoungGen: 229729K->35840K(262144K)] 1628254K->1434364K(2059776K), 0.0040580 secs] [Times: user=0.00 sys=0.00, real=0.00 secs] 
99.581: [GC (Allocation Failure) [PSYoungGen: 255328K->35840K(262144K)] 1653853K->1485564K(2059776K), 0.0183194 secs] [Times: user=0.02 sys=0.00, real=0.02 secs] 
101.124: [GC (Allocation Failure) [PSYoungGen: 260447K->15360K(262144K)] 1710172K->1465084K(2059776K), 0.0039930 secs] [Times: user=0.02 sys=0.00, real=0.00 secs] 
102.432: [GC (Allocation Failure) [PSYoungGen: 234847K->16384K(262144K)] 1684572K->1466108K(2059776K), 0.0041848 secs] [Times: user=0.00 sys=0.00, real=0.00 secs] 
103.740: [GC (Allocation Failure) [PSYoungGen: 240976K->17408K(262144K)] 1690701K->1467132K(2059776K), 0.0047510 secs] [Times: user=0.00 sys=0.00, real=0.00 secs] 
105.709: [GC (Allocation Failure) [PSYoungGen: 160086K->15360K(262144K)] 1609810K->1516284K(2059776K), 0.0176728 secs] [Times: user=0.01 sys=0.00, real=0.02 secs] 
107.040: [GC (Allocation Failure) [PSYoungGen: 193871K->35840K(262144K)] 1694796K->1562364K(2059776K), 0.0164531 secs] [Times: user=0.02 sys=0.00, real=0.02 secs] 
108.482: [GC (Allocation Failure) [PSYoungGen: 229704K->20480K(262144K)] 1756228K->1547004K(2059776K), 0.0047167 secs] [Times: user=0.00 sys=0.00, real=0.00 secs] 
109.795: [GC (Allocation Failure) [PSYoungGen: 229709K->15360K(262144K)] 1756234K->1593084K(2059776K), 0.0184709 secs] [Times: user=0.03 sys=0.02, real=0.02 secs] 
111.119: [GC (Allocation Failure) [PSYoungGen: 234835K->20480K(262144K)] 1812559K->1700604K(2059776K), 0.0335720 secs] [Times: user=0.05 sys=0.00, real=0.03 secs] 
111.152: [Full GC (Ergonomics) [PSYoungGen: 20480K->0K(262144K)] [ParOldGen: 1680124K->174609K(1797632K)] 1700604K->174609K(2059776K), [Metaspace: 2796K->2796K(1056768K)], 0.0300319 secs] [Times: user=0.03 sys=0.00, real=0.03 secs] 
112.712: [GC (Allocation Failure) [PSYoungGen: 219479K->15360K(262144K)] 394088K->189969K(2059776K), 0.0015954 secs] [Times: user=0.00 sys=0.00, real=0.00 secs] 
114.024: [GC (Allocation Failure) [PSYoungGen: 234827K->26624K(262144K)] 409436K->201233K(2059776K), 0.0019481 secs] [Times: user=0.00 sys=0.00, real=0.00 secs] 
115.338: [GC (Allocation Failure) [PSYoungGen: 246090K->26624K(262144K)] 420700K->201233K(2059776K), 0.0021076 secs] [Times: user=0.00 sys=0.00, real=0.00 secs] 
117.196: [GC (Allocation Failure) [PSYoungGen: 174417K->25600K(262144K)] 349027K->251409K(2059776K), 0.0084380 secs] [Times: user=0.00 sys=0.00, real=0.01 secs] 
118.516: [GC (Allocation Failure) [PSYoungGen: 204110K->30720K(262144K)] 429919K->277009K(2059776K), 0.0044865 secs] [Times: user=0.00 sys=0.00, real=0.00 secs] 
119.936: [GC (Allocation Failure) [PSYoungGen: 209213K->5120K(262144K)] 455503K->251409K(2059776K), 0.0012891 secs] [Times: user=0.01 sys=0.00, real=0.00 secs] 
121.249: [GC (Allocation Failure) [PSYoungGen: 214341K->15360K(262144K)] 460631K->364049K(2059776K), 0.0161483 secs] [Times: user=0.02 sys=0.00, real=0.02 secs] 
122.580: [GC (Allocation Failure) [PSYoungGen: 234829K->21504K(262144K)] 583519K->370193K(2059776K), 0.0021444 secs] [Times: user=0.00 sys=0.00, real=0.00 secs] 
124.108: [GC (Allocation Failure) [PSYoungGen: 235859K->20480K(262144K)] 584549K->369169K(2059776K), 0.0016053 secs] [Times: user=0.00 sys=0.00, real=0.00 secs] 
125.423: [GC (Allocation Failure) [PSYoungGen: 239959K->25600K(262144K)] 588648K->374289K(2059776K), 0.0018776 secs] [Times: user=0.00 sys=0.00, real=0.00 secs] 
126.744: [GC (Allocation Failure) [PSYoungGen: 245081K->35840K(262144K)] 593771K->384529K(2059776K), 0.0027754 secs] [Times: user=0.00 sys=0.00, real=0.00 secs] 
128.613: [GC (Allocation Failure) [PSYoungGen: 199003K->5120K(262144K)] 547693K->456209K(2059776K), 0.0094330 secs] [Times: user=0.00 sys=0.00, real=0.01 secs] 
129.942: [GC (Allocation Failure) [PSYoungGen: 183638K->30720K(262144K)] 634728K->481809K(2059776K), 0.0029393 secs] [Times: user=0.00 sys=0.00, real=0.00 secs] 
131.469: [GC (Allocation Failure) [PSYoungGen: 214339K->5120K(262144K)] 665428K->456209K(2059776K), 0.0018840 secs] [Times: user=0.00 sys=0.00, real=0.00 secs] 
132.787: [GC (Allocation Failure) [PSYoungGen: 183625K->26624K(262144K)] 634715K->477713K(2059776K), 0.0028043 secs] [Times: user=0.00 sys=0.00, real=0.00 secs] 
134.107: [GC (Allocation Failure) [PSYoungGen: 235853K->27648K(262144K)] 686942K->478737K(2059776K), 0.0019552 secs] [Times: user=0.00 sys=0.00, real=0.00 secs] 
135.638: [GC (Allocation Failure) [PSYoungGen: 252242K->30720K(262144K)] 703332K->481809K(2059776K), 0.0023593 secs] [Times: user=0.00 sys=0.00, real=0.00 secs] 
136.958: [GC (Allocation Failure) [PSYoungGen: 239959K->25600K(262144K)] 691048K->476689K(2059776K), 0.0024625 secs] [Times: user=0.00 sys=0.00, real=0.00 secs] 
138.278: [GC (Allocation Failure) [PSYoungGen: 245081K->35840K(262144K)] 696170K->502289K(2059776K), 0.0037566 secs] [Times: user=0.02 sys=0.00, real=0.00 secs] 
140.029: [GC (Allocation Failure) [PSYoungGen: 234843K->5120K(262144K)] 701292K->522769K(2059776K), 0.0074266 secs] [Times: user=0.02 sys=0.00, real=0.01 secs] 
141.363: [GC (Allocation Failure) [PSYoungGen: 183642K->30720K(262144K)] 701292K->650769K(2059776K), 0.0160862 secs] [Times: user=0.00 sys=0.00, real=0.02 secs] 
143.906: [GC (Allocation Failure) [PSYoungGen: 250182K->6144K(262144K)] 870231K->626193K(2059776K), 0.0020994 secs] [Times: user=0.00 sys=0.00, real=0.00 secs] 
145.225: [GC (Allocation Failure) [PSYoungGen: 230734K->21504K(262144K)] 850784K->641553K(2059776K), 0.0025610 secs] [Times: user=0.01 sys=0.00, real=0.00 secs] 
146.984: [GC (Allocation Failure) [PSYoungGen: 246115K->10240K(262144K)] 866164K->630289K(2059776K), 0.0025669 secs] [Times: user=0.03 sys=0.00, real=0.00 secs] 
148.305: [GC (Allocation Failure) [PSYoungGen: 229729K->35840K(262144K)] 849779K->655889K(2059776K), 0.0029202 secs] [Times: user=0.00 sys=0.00, real=0.00 secs] 
149.615: [GC (Allocation Failure) [PSYoungGen: 255328K->35840K(262144K)] 875378K->707089K(2059776K), 0.0057268 secs] [Times: user=0.00 sys=0.00, real=0.01 secs] 
151.145: [GC (Allocation Failure) [PSYoungGen: 260447K->15360K(262144K)] 931697K->686609K(2059776K), 0.0026516 secs] [Times: user=0.00 sys=0.00, real=0.00 secs] 
152.456: [GC (Allocation Failure) [PSYoungGen: 234847K->16384K(262144K)] 906097K->687633K(2059776K), 0.0034349 secs] [Times: user=0.00 sys=0.00, real=0.00 secs] 
153.767: [GC (Allocation Failure) [PSYoungGen: 240976K->17408K(262144K)] 912226K->688657K(2059776K), 0.0027201 secs] [Times: user=0.00 sys=0.00, real=0.00 secs] 
155.741: [GC (Allocation Failure) [PSYoungGen: 160086K->15360K(262144K)] 831335K->737809K(2059776K), 0.0050991 secs] [Times: user=0.00 sys=0.00, real=0.00 secs] 
157.060: [GC (Allocation Failure) [PSYoungGen: 193871K->20480K(262144K)] 916321K->783889K(2059776K), 0.0046372 secs] [Times: user=0.00 sys=0.00, real=0.00 secs] 
158.484: [GC (Allocation Failure) [PSYoungGen: 214344K->20480K(262144K)] 977753K->783889K(2059776K), 0.0034074 secs] [Times: user=0.02 sys=0.00, real=0.00 secs] 
159.798: [GC (Allocation Failure) [PSYoungGen: 229709K->15360K(262144K)] 993119K->829969K(2059776K), 0.0057776 secs] [Times: user=0.00 sys=0.00, real=0.01 secs] 
161.117: [GC (Allocation Failure) [PSYoungGen: 234835K->20480K(262144K)] 1049444K->937489K(2059776K), 0.0156645 secs] [Times: user=0.02 sys=0.00, real=0.02 secs] 
162.667: [GC (Allocation Failure) [PSYoungGen: 239959K->15360K(262144K)] 1156968K->932369K(2059776K), 0.0035938 secs] [Times: user=0.00 sys=0.00, real=0.00 secs] 
163.985: [GC (Allocation Failure) [PSYoungGen: 234841K->26624K(262144K)] 1151851K->943633K(2059776K), 0.0034217 secs] [Times: user=0.00 sys=0.00, real=0.00 secs] 
165.304: [GC (Allocation Failure) [PSYoungGen: 246100K->26624K(262144K)] 1163109K->943633K(2059776K), 0.0044601 secs] [Times: user=0.02 sys=0.00, real=0.00 secs] 
167.174: [GC (Allocation Failure) [PSYoungGen: 174423K->25600K(262144K)] 1091433K->993809K(2059776K), 0.0056151 secs] [Times: user=0.00 sys=0.00, real=0.01 secs] 
168.483: [GC (Allocation Failure) [PSYoungGen: 204113K->30720K(262144K)] 1172323K->1019409K(2059776K), 0.0041533 secs] [Times: user=0.02 sys=0.00, real=0.00 secs] 
169.905: [GC (Allocation Failure) [PSYoungGen: 209216K->5120K(262144K)] 1197906K->993809K(2059776K), 0.0044673 secs] [Times: user=0.00 sys=0.00, real=0.00 secs] 
171.221: [GC (Allocation Failure) [PSYoungGen: 214343K->15360K(262144K)] 1203032K->1106449K(2059776K), 0.0156157 secs] [Times: user=0.00 sys=0.00, real=0.01 secs] 
172.549: [GC (Allocation Failure) [PSYoungGen: 234830K->21504K(262144K)] 1325920K->1112593K(2059776K), 0.0044164 secs] [Times: user=0.00 sys=0.00, real=0.00 secs] 
174.093: [GC (Allocation Failure) [PSYoungGen: 235860K->20480K(262144K)] 1326950K->1111569K(2059776K), 0.0042034 secs] [Times: user=0.01 sys=0.00, real=0.00 secs] 
175.420: [GC (Allocation Failure) [PSYoungGen: 239959K->25600K(262144K)] 1331049K->1116689K(2059776K), 0.0042860 secs] [Times: user=0.02 sys=0.00, real=0.00 secs] 
176.741: [GC (Allocation Failure) [PSYoungGen: 245082K->35840K(262144K)] 1336171K->1126929K(2059776K), 0.0040157 secs] [Times: user=0.00 sys=0.00, real=0.00 secs] 
178.598: [GC (Allocation Failure) [PSYoungGen: 199003K->5120K(262144K)] 1290093K->1198609K(2059776K), 0.0062219 secs] [Times: user=0.01 sys=0.00, real=0.01 secs] 
179.928: [GC (Allocation Failure) [PSYoungGen: 183638K->30720K(262144K)] 1377128K->1224209K(2059776K), 0.0052938 secs] [Times: user=0.00 sys=0.00, real=0.00 secs] 
181.457: [GC (Allocation Failure) [PSYoungGen: 214339K->5120K(262144K)] 1407829K->1198609K(2059776K), 0.0051267 secs] [Times: user=0.00 sys=0.00, real=0.01 secs] 
182.791: [GC (Allocation Failure) [PSYoungGen: 183625K->26624K(262144K)] 1377115K->1220113K(2059776K), 0.0044716 secs] [Times: user=0.00 sys=0.00, real=0.00 secs] 
184.110: [GC (Allocation Failure) [PSYoungGen: 235853K->27648K(262144K)] 1429343K->1221137K(2059776K), 0.0054110 secs] [Times: user=0.00 sys=0.00, real=0.01 secs] 
185.649: [GC (Allocation Failure) [PSYoungGen: 252242K->30720K(262144K)] 1445732K->1224209K(2059776K), 0.0045335 secs] [Times: user=0.00 sys=0.00, real=0.00 secs] 
186.963: [GC (Allocation Failure) [PSYoungGen: 239959K->25600K(262144K)] 1433449K->1219089K(2059776K), 0.0047442 secs] [Times: user=0.00 sys=0.00, real=0.00 secs] 
188.275: [GC (Allocation Failure) [PSYoungGen: 245081K->35840K(262144K)] 1438570K->1244689K(2059776K), 0.0050857 secs] [Times: user=0.00 sys=0.00, real=0.01 secs] 
190.020: [GC (Allocation Failure) [PSYoungGen: 234843K->5120K(262144K)] 1443692K->1265169K(2059776K), 0.0052415 secs] [Times: user=0.00 sys=0.00, real=0.01 secs] 
191.348: [GC (Allocation Failure) [PSYoungGen: 183642K->30720K(262144K)] 1443692K->1393169K(2059776K), 0.0108194 secs] [Times: user=0.00 sys=0.00, real=0.01 secs] 
193.875: [GC (Allocation Failure) [PSYoungGen: 250182K->6176K(262144K)] 1612631K->1368625K(2059776K), 0.0056106 secs] [Times: user=0.02 sys=0.00, real=0.01 secs] 
195.188: [GC (Allocation Failure) [PSYoungGen: 230766K->21632K(262144K)] 1593216K->1384081K(2059776K), 0.0064889 secs] [Times: user=0.00 sys=0.00, real=0.01 secs] 
196.938: [GC (Allocation Failure) [PSYoungGen: 246243K->10336K(262144K)] 1608692K->1372785K(2059776K), 0.0061121 secs] [Times: user=0.00 sys=0.00, real=0.01 secs] 
198.249: [GC (Allocation Failure) [PSYoungGen: 229825K->35872K(262144K)] 1592275K->1398321K(2059776K), 0.0060788 secs] [Times: user=0.02 sys=0.00, real=0.01 secs] 
199.560: [GC (Allocation Failure) [PSYoungGen: 255360K->35872K(262144K)] 1617810K->1449521K(2059776K), 0.0081887 secs] [Times: user=0.00 sys=0.00, real=0.01 secs] 
201.095: [GC (Allocation Failure) [PSYoungGen: 260479K->15392K(262144K)] 1674129K->1429041K(2059776K), 0.0051992 secs] [Times: user=0.00 sys=0.00, real=0.01 secs] 
202.404: [GC (Allocation Failure) [PSYoungGen: 234879K->16480K(262144K)] 1648529K->1430129K(2059776K), 0.0065596 secs] [Times: user=0.02 sys=0.00, real=0.01 secs] 
203.717: [GC (Allocation Failure) [PSYoungGen: 241072K->17472K(262144K)] 1654722K->1431121K(2059776K), 0.0064175 secs] [Times: user=0.01 sys=0.00, real=0.01 secs] 
205.692: [GC (Allocation Failure) [PSYoungGen: 160150K->15392K(262144K)] 1573799K->1480241K(2059776K), 0.0071286 secs] [Times: user=0.00 sys=0.00, real=0.01 secs] 
207.026: [GC (Allocation Failure) [PSYoungGen: 193903K->20512K(262144K)] 1658753K->1526321K(2059776K), 0.0073980 secs] [Times: user=0.00 sys=0.00, real=0.01 secs] 
208.464: [GC (Allocation Failure) [PSYoungGen: 214376K->20512K(262144K)] 1720185K->1526321K(2059776K), 0.0070197 secs] [Times: user=0.02 sys=0.00, real=0.01 secs] 
209.776: [GC (Allocation Failure) [PSYoungGen: 229741K->15392K(262144K)] 1735551K->1572401K(2059776K), 0.0064617 secs] [Times: user=0.01 sys=0.00, real=0.01 secs] 
211.088: [GC (Allocation Failure) [PSYoungGen: 234867K->20544K(262144K)] 1791876K->1679953K(2059776K), 0.0157242 secs] [Times: user=0.02 sys=0.00, real=0.02 secs] 
211.104: [Full GC (Ergonomics) [PSYoungGen: 20544K->0K(262144K)] [ParOldGen: 1659409K->174609K(1797632K)] 1679953K->174609K(2059776K), [Metaspace: 2796K->2796K(1056768K)], 0.0183233 secs] [Times: user=0.03 sys=0.00, real=0.02 secs] 
212.646: [GC (Allocation Failure) [PSYoungGen: 219479K->15360K(262144K)] 394088K->189969K(2059776K), 0.0017955 secs] [Times: user=0.02 sys=0.00, real=0.00 secs] 
213.962: [GC (Allocation Failure) [PSYoungGen: 234827K->26624K(262144K)] 409436K->201233K(2059776K), 0.0019332 secs] [Times: user=0.00 sys=0.00, real=0.00 secs] 
215.276: [GC (Allocation Failure) [PSYoungGen: 246090K->26624K(262144K)] 420700K->201233K(2059776K), 0.0023859 secs] [Times: user=0.02 sys=0.00, real=0.00 secs] 
217.134: [GC (Allocation Failure) [PSYoungGen: 174417K->25600K(262144K)] 349027K->251409K(2059776K), 0.0071654 secs] [Times: user=0.00 sys=0.00, real=0.01 secs] 
218.470: [GC (Allocation Failure) [PSYoungGen: 204110K->30720K(262144K)] 429919K->277009K(2059776K), 0.0035179 secs] [Times: user=0.02 sys=0.00, real=0.00 secs] 
Heap
 PSYoungGen      total 262144K, used 213709K [0x00000000edb80000, 0x0000000100000000, 0x0000000100000000)
  eden space 224768K, 81% used [0x00000000edb80000,0x00000000f8e33680,0x00000000fb700000)
  from space 37376K, 82% used [0x00000000fdb80000,0x00000000ff980030,0x0000000100000000)
  to   space 37376K, 0% used [0x00000000fb700000,0x00000000fb700000,0x00000000fdb80000)
 ParOldGen       total 1797632K, used 246289K [0x0000000080000000, 0x00000000edb80000, 0x00000000edb80000)
  object space 1797632K, 13% used [0x0000000080000000,0x000000008f084750,0x00000000edb80000)
 Metaspace       used 2804K, capacity 4486K, committed 4864K, reserved 1056768K
  class space    used 297K, capacity 386K, committed 512K, reserved 1048576K
