Java HotSpot(TM) 64-Bit Server VM (25.411-b09) for windows-amd64 JRE (1.8.0_411-b09), built on Mar 13 2024 07:26:13 by "java_re" with MS VC++ 17.1 (VS2022)
Memory: 4k page, physical 33403376k(15012128k free), swap 38794768k(7693680k free)
CommandLine flags: -XX:InitialHeapSize=1073741824 -XX:MaxHeapSize=1073741824 -XX:NewRatio=8 -XX:ParallelGCThreads=6 -XX:+PrintGC -XX:+PrintGCDetails -XX:+PrintGCTimeStamps -XX:SurvivorRatio=6 -XX:-UseAdaptiveSizePolicy -XX:+UseCompressedClassPointers -XX:+UseCompressedOops -XX:-UseLargePagesIndividualAllocation -XX:+UseParallelGC 
1.860: [GC (Allocation Failure) [PSYoungGen: 84101K->11976K(101888K)] 237701K->165584K(1034240K), 0.0027686 secs] [Times: user=0.02 sys=0.00, real=0.00 secs] 
3.549: [GC (Allocation Failure) [PSYoungGen: 96671K->12888K(101888K)] 403879K->325216K(1034240K), 0.0033383 secs] [Times: user=0.00 sys=0.00, real=0.00 secs] 
5.512: [GC (Allocation Failure) [PSYoungGen: 91439K->10840K(101888K)] 403767K->338528K(1034240K), 0.0044360 secs] [Times: user=0.00 sys=0.00, real=0.01 secs] 
6.305: [GC (Allocation Failure) [PSYoungGen: 95529K->10856K(101888K)] 525617K->451184K(1034240K), 0.0041470 secs] [Times: user=0.00 sys=0.00, real=0.00 secs] 
8.424: [GC (Allocation Failure) [PSYoungGen: 91303K->5688K(101888K)] 685231K->599624K(1034240K), 0.0023139 secs] [Times: user=0.00 sys=0.00, real=0.00 secs] 
9.218: [GC (Allocation Failure) [PSYoungGen: 90380K->5656K(101888K)] 786717K->753192K(1034240K), 0.0158460 secs] [Times: user=0.00 sys=0.00, real=0.02 secs] 
10.919: [Full GC (Ergonomics) [PSYoungGen: 90349K->0K(101888K)] [ParOldGen: 901136K->164368K(932352K)] 991486K->164368K(1034240K), [Metaspace: 2761K->2761K(1056768K)], 0.0224309 secs] [Times: user=0.02 sys=0.00, real=0.02 secs] 
12.784: [GC (Allocation Failure) [PSYoungGen: 84239K->5152K(101888K)] 402208K->333368K(1034240K), 0.0017070 secs] [Times: user=0.00 sys=0.00, real=0.00 secs] 
13.547: [GC (Allocation Failure) [PSYoungGen: 89846K->11360K(101888K)] 520463K->441977K(1034240K), 0.0014249 secs] [Times: user=0.02 sys=0.00, real=0.00 secs] 
15.181: [GC (Allocation Failure) [PSYoungGen: 96054K->11328K(101888K)] 680271K->610905K(1034240K), 0.0024089 secs] [Times: user=0.00 sys=0.00, real=0.00 secs] 
17.035: [GC (Allocation Failure) [PSYoungGen: 94999K->5184K(101888K)] 694576K->615001K(1034240K), 0.0016357 secs] [Times: user=0.00 sys=0.00, real=0.00 secs] 
17.798: [GC (Allocation Failure) [PSYoungGen: 89873K->10272K(101888K)] 802090K->742969K(1034240K), 0.0028181 secs] [Times: user=0.00 sys=0.00, real=0.00 secs] 
19.981: [Full GC (Ergonomics) [PSYoungGen: 94963K->0K(101888K)] [ParOldGen: 886297K->5649K(932352K)] 981260K->5649K(1034240K), [Metaspace: 2770K->2770K(1056768K)], 0.0054339 secs] [Times: user=0.00 sys=0.00, real=0.01 secs] 
21.069: [GC (Allocation Failure) [PSYoungGen: 84692K->10240K(101888K)] 192742K->118289K(1034240K), 0.0009971 secs] [Times: user=0.00 sys=0.00, real=0.00 secs] 
22.596: [GC (Allocation Failure) [PSYoungGen: 94933K->11264K(101888K)] 356582K->283153K(1034240K), 0.0018114 secs] [Times: user=0.00 sys=0.00, real=0.00 secs] 
23.795: [GC (Allocation Failure) [PSYoungGen: 95958K->1024K(101888K)] 470247K->375313K(1034240K), 0.0011930 secs] [Times: user=0.00 sys=0.00, real=0.00 secs] 
25.321: [GC (Allocation Failure) [PSYoungGen: 80598K->10240K(101888K)] 608487K->548369K(1034240K), 0.0017321 secs] [Times: user=0.00 sys=0.00, real=0.00 secs] 
26.854: [GC (Allocation Failure) [PSYoungGen: 94934K->10240K(101888K)] 786664K->727569K(1034240K), 0.0027213 secs] [Times: user=0.00 sys=0.00, real=0.00 secs] 
28.380: [GC (Allocation Failure) [PSYoungGen: 89160K->5152K(101888K)] 806490K->732729K(1034240K), 0.0018384 secs] [Times: user=0.00 sys=0.00, real=0.00 secs] 
29.141: [GC (Allocation Failure) [PSYoungGen: 89838K->10272K(101888K)] 919815K->891449K(1034240K), 0.0058474 secs] [Times: user=0.03 sys=0.00, real=0.00 secs] 
29.147: [Full GC (Ergonomics) [PSYoungGen: 10272K->0K(101888K)] [ParOldGen: 881177K->61969K(932352K)] 891449K->61969K(1034240K), [Metaspace: 2793K->2793K(1056768K)], 0.0062948 secs] [Times: user=0.00 sys=0.00, real=0.01 secs] 
30.796: [GC (Allocation Failure) [PSYoungGen: 84689K->10240K(101888K)] 300259K->225809K(1034240K), 0.0011499 secs] [Times: user=0.00 sys=0.00, real=0.00 secs] 
33.300: [GC (Allocation Failure) [PSYoungGen: 96979K->12288K(101888K)] 568549K->483857K(1034240K), 0.0011285 secs] [Times: user=0.00 sys=0.00, real=0.00 secs] 
35.374: [GC (Allocation Failure) [PSYoungGen: 96980K->10240K(101888K)] 722150K->635409K(1034240K), 0.0015409 secs] [Times: user=0.00 sys=0.00, real=0.00 secs] 
36.027: [GC (Allocation Failure) [PSYoungGen: 94933K->11264K(101888K)] 822503K->738833K(1034240K), 0.0015399 secs] [Times: user=0.00 sys=0.00, real=0.00 secs] 
37.662: [Full GC (Ergonomics) [PSYoungGen: 95958K->0K(101888K)] [ParOldGen: 881169K->41984K(932352K)] 977127K->41984K(1034240K), [Metaspace: 2793K->2793K(1056768K)], 0.0056983 secs] [Times: user=0.00 sys=0.00, real=0.01 secs] 
39.517: [GC (Allocation Failure) [PSYoungGen: 83670K->10240K(101888K)] 176854K->103424K(1034240K), 0.0010540 secs] [Times: user=0.00 sys=0.00, real=0.00 secs] 
41.044: [GC (Allocation Failure) [PSYoungGen: 94934K->10240K(101888K)] 341719K->267264K(1034240K), 0.0020913 secs] [Times: user=0.00 sys=0.00, real=0.00 secs] 
41.701: [GC (Allocation Failure) [PSYoungGen: 94934K->2048K(101888K)] 454359K->361472K(1034240K), 0.0013725 secs] [Times: user=0.00 sys=0.00, real=0.00 secs] 
43.994: [GC (Allocation Failure) [PSYoungGen: 86743K->11264K(101888K)] 446167K->380928K(1034240K), 0.0020912 secs] [Times: user=0.00 sys=0.00, real=0.00 secs] 
44.756: [GC (Allocation Failure) [PSYoungGen: 95953K->11264K(101888K)] 568018K->493568K(1034240K), 0.0019963 secs] [Times: user=0.00 sys=0.00, real=0.00 secs] 
46.825: [GC (Allocation Failure) [PSYoungGen: 95955K->10240K(101888K)] 731860K->646144K(1034240K), 0.0017606 secs] [Times: user=0.00 sys=0.00, real=0.00 secs] 
47.588: [GC (Allocation Failure) [PSYoungGen: 94932K->5120K(101888K)] 833237K->763904K(1034240K), 0.0029476 secs] [Times: user=0.00 sys=0.00, real=0.00 secs] 
49.215: [Full GC (Ergonomics) [PSYoungGen: 89813K->0K(101888K)] [ParOldGen: 912384K->82449K(932352K)] 1002198K->82449K(1034240K), [Metaspace: 2795K->2795K(1056768K)], 0.0079904 secs] [Times: user=0.02 sys=0.00, real=0.01 secs] 
50.978: [GC (Allocation Failure) [PSYoungGen: 78550K->10240K(101888K)] 314599K->251409K(1034240K), 0.0017095 secs] [Times: user=0.00 sys=0.00, real=0.00 secs] 
51.632: [GC (Allocation Failure) [PSYoungGen: 94934K->2048K(101888K)] 438503K->345617K(1034240K), 0.0008513 secs] [Times: user=0.00 sys=0.00, real=0.00 secs] 
53.268: [GC (Allocation Failure) [PSYoungGen: 86742K->12288K(101888K)] 583912K->509457K(1034240K), 0.0012175 secs] [Times: user=0.00 sys=0.00, real=0.00 secs] 
55.347: [GC (Allocation Failure) [PSYoungGen: 95959K->10240K(101888K)] 593128K->522769K(1034240K), 0.0018086 secs] [Times: user=0.00 sys=0.00, real=0.00 secs] 
56.109: [GC (Allocation Failure) [PSYoungGen: 94929K->10240K(101888K)] 709859K->625169K(1034240K), 0.0015825 secs] [Times: user=0.00 sys=0.00, real=0.00 secs] 
58.178: [GC (Allocation Failure) [PSYoungGen: 89811K->5120K(101888K)] 858341K->773649K(1034240K), 0.0017587 secs] [Times: user=0.00 sys=0.00, real=0.00 secs] 
58.942: [GC (Allocation Failure) [PSYoungGen: 89812K->5120K(101888K)] 960742K->927249K(1034240K), 0.0161860 secs] [Times: user=0.00 sys=0.00, real=0.02 secs] 
58.958: [Full GC (Ergonomics) [PSYoungGen: 5120K->0K(101888K)] [ParOldGen: 922129K->56849K(932352K)] 927249K->56849K(1034240K), [Metaspace: 2796K->2796K(1056768K)], 0.0061516 secs] [Times: user=0.00 sys=0.00, real=0.01 secs] 
60.592: [GC (Allocation Failure) [PSYoungGen: 84693K->10240K(101888K)] 295143K->220689K(1034240K), 0.0010963 secs] [Times: user=0.00 sys=0.00, real=0.00 secs] 
62.446: [GC (Allocation Failure) [PSYoungGen: 93910K->5120K(101888K)] 457959K->379409K(1034240K), 0.0014421 secs] [Times: user=0.00 sys=0.00, real=0.00 secs] 
63.206: [GC (Allocation Failure) [PSYoungGen: 89814K->11264K(101888K)] 566503K->487953K(1034240K), 0.0012899 secs] [Times: user=0.00 sys=0.00, real=0.00 secs] 
64.843: [GC (Allocation Failure) [PSYoungGen: 95958K->11264K(101888K)] 726248K->656913K(1034240K), 0.0021916 secs] [Times: user=0.00 sys=0.00, real=0.00 secs] 
66.697: [GC (Allocation Failure) [PSYoungGen: 94935K->5120K(101888K)] 740584K->661009K(1034240K), 0.0018512 secs] [Times: user=0.00 sys=0.00, real=0.00 secs] 
67.464: [GC (Allocation Failure) [PSYoungGen: 89809K->10240K(101888K)] 848099K->789009K(1034240K), 0.0028882 secs] [Times: user=0.00 sys=0.00, real=0.00 secs] 
68.336: [GC (Allocation Failure) [PSYoungGen: 73427K->10240K(101888K)] 903397K->840209K(1034240K), 0.0016574 secs] [Times: user=0.00 sys=0.00, real=0.00 secs] 
68.338: [GC (Allocation Failure) [PSYoungGen: 10240K->10240K(101888K)] 840209K->840209K(1034240K), 0.0012277 secs] [Times: user=0.00 sys=0.00, real=0.00 secs] 
68.339: [Full GC (Allocation Failure) [PSYoungGen: 10240K->0K(101888K)] [ParOldGen: 829969K->82449K(932352K)] 840209K->82449K(1034240K), [Metaspace: 2796K->2796K(1056768K)], 0.0078759 secs] [Times: user=0.00 sys=0.00, real=0.01 secs] 
70.323: [GC (Allocation Failure) [PSYoungGen: 86740K->5120K(101888K)] 373990K->292369K(1034240K), 0.0008846 secs] [Times: user=0.00 sys=0.00, real=0.00 secs] 
71.961: [GC (Allocation Failure) [PSYoungGen: 89813K->11264K(101888K)] 530663K->452113K(1034240K), 0.0012593 secs] [Times: user=0.00 sys=0.00, real=0.00 secs] 
73.819: [GC (Allocation Failure) [PSYoungGen: 90838K->10240K(101888K)] 685287K->614929K(1034240K), 0.0018299 secs] [Times: user=0.00 sys=0.00, real=0.00 secs] 
74.580: [GC (Allocation Failure) [PSYoungGen: 94934K->10240K(101888K)] 802024K->717329K(1034240K), 0.0015725 secs] [Times: user=0.00 sys=0.00, real=0.00 secs] 
76.219: [GC (Allocation Failure) [PSYoungGen: 94934K->10240K(101888K)] 955624K->886289K(1034240K), 0.0022669 secs] [Times: user=0.02 sys=0.00, real=0.00 secs] 
77.858: [GC (Allocation Failure) [PSYoungGen: 88790K->10240K(101888K)] 964840K->886289K(1034240K), 0.0014094 secs] [Times: user=0.00 sys=0.00, real=0.00 secs] 
78.296: [Full GC (Ergonomics) [PSYoungGen: 52945K->0K(101888K)] [ParOldGen: 927249K->56849K(932352K)] 980194K->56849K(1034240K), [Metaspace: 2796K->2796K(1056768K)], 0.0060775 secs] [Times: user=0.02 sys=0.00, real=0.01 secs] 
80.273: [GC (Allocation Failure) [PSYoungGen: 86737K->10240K(101888K)] 399586K->323089K(1034240K), 0.0009844 secs] [Times: user=0.00 sys=0.00, real=0.00 secs] 
82.346: [GC (Allocation Failure) [PSYoungGen: 79571K->6144K(101888K)] 494820K->431633K(1034240K), 0.0017530 secs] [Times: user=0.00 sys=0.00, real=0.00 secs] 
83.111: [GC (Allocation Failure) [PSYoungGen: 90836K->12288K(101888K)] 618726K->540177K(1034240K), 0.0014392 secs] [Times: user=0.00 sys=0.00, real=0.00 secs] 
85.078: [GC (Allocation Failure) [PSYoungGen: 91861K->10240K(101888K)] 773351K->691729K(1034240K), 0.0012537 secs] [Times: user=0.00 sys=0.00, real=0.00 secs] 
85.735: [GC (Allocation Failure) [PSYoungGen: 94934K->11264K(101888K)] 878823K->795153K(1034240K), 0.0016726 secs] [Times: user=0.00 sys=0.00, real=0.00 secs] 
86.824: [GC (Allocation Failure) [PSYoungGen: 84694K->10240K(101888K)] 919784K->870929K(1034240K), 0.0030597 secs] [Times: user=0.00 sys=0.00, real=0.00 secs] 
86.827: [GC (Allocation Failure) [PSYoungGen: 10240K->10240K(101888K)] 870929K->870929K(1034240K), 0.0016261 secs] [Times: user=0.00 sys=0.00, real=0.00 secs] 
86.829: [Full GC (Allocation Failure) [PSYoungGen: 10240K->0K(101888K)] [ParOldGen: 860689K->87569K(932352K)] 870929K->87569K(1034240K), [Metaspace: 2796K->2796K(1056768K)], 0.0078337 secs] [Times: user=0.00 sys=0.00, real=0.01 secs] 
89.019: [GC (Allocation Failure) [PSYoungGen: 84694K->10240K(101888K)] 325864K->251409K(1034240K), 0.0008449 secs] [Times: user=0.00 sys=0.00, real=0.00 secs] 
90.653: [GC (Allocation Failure) [PSYoungGen: 94934K->10240K(101888K)] 489704K->410129K(1034240K), 0.0014797 secs] [Times: user=0.00 sys=0.00, real=0.00 secs] 
93.052: [GC (Allocation Failure) [PSYoungGen: 96983K->6144K(101888K)] 650472K->559633K(1034240K), 0.0011624 secs] [Times: user=0.00 sys=0.00, real=0.00 secs] 
94.689: [GC (Allocation Failure) [PSYoungGen: 90839K->11264K(101888K)] 797928K->728593K(1034240K), 0.0017720 secs] [Times: user=0.00 sys=0.00, real=0.00 secs] 
96.547: [GC (Allocation Failure) [PSYoungGen: 85719K->10240K(101888K)] 956648K->881169K(1034240K), 0.0015504 secs] [Times: user=0.00 sys=0.00, real=0.00 secs] 
96.766: [GC (Allocation Failure) --[PSYoungGen: 83671K->83671K(101888K)] 954600K->975080K(1034240K), 0.0023773 secs] [Times: user=0.00 sys=0.00, real=0.00 secs] 
96.769: [Full GC (Ergonomics) [PSYoungGen: 83671K->0K(101888K)] [ParOldGen: 891409K->72209K(932352K)] 975080K->72209K(1034240K), [Metaspace: 2796K->2796K(1056768K)], 0.0069834 secs] [Times: user=0.00 sys=0.00, real=0.01 secs] 
98.751: [GC (Allocation Failure) [PSYoungGen: 86737K->10240K(101888K)] 414946K->338449K(1034240K), 0.0012781 secs] [Times: user=0.00 sys=0.00, real=0.00 secs] 
100.612: [GC (Allocation Failure) [PSYoungGen: 88787K->10240K(101888K)] 570596K->492049K(1034240K), 0.0015171 secs] [Times: user=0.00 sys=0.00, real=0.00 secs] 
102.138: [GC (Allocation Failure) [PSYoungGen: 94932K->11264K(101888K)] 730342K->656913K(1034240K), 0.0020643 secs] [Times: user=0.00 sys=0.00, real=0.00 secs] 
102.791: [GC (Allocation Failure) [PSYoungGen: 95957K->13312K(101888K)] 844006K->761361K(1034240K), 0.0014375 secs] [Times: user=0.00 sys=0.00, real=0.00 secs] 
104.972: [GC (Allocation Failure) [PSYoungGen: 96982K->5120K(101888K)] 845031K->763409K(1034240K), 0.0019577 secs] [Times: user=0.00 sys=0.00, real=0.00 secs] 
105.624: [GC (Allocation Failure) [PSYoungGen: 89809K->6144K(101888K)] 950498K->877073K(1034240K), 0.0022207 secs] [Times: user=0.00 sys=0.00, real=0.00 secs] 
106.713: [Full GC (Ergonomics) [PSYoungGen: 79571K->0K(101888K)] [ParOldGen: 922129K->92689K(932352K)] 1001700K->92689K(1034240K), [Metaspace: 2796K->2796K(1056768K)], 0.0082515 secs] [Times: user=0.01 sys=0.00, real=0.01 secs] 
109.236: [GC (Allocation Failure) [PSYoungGen: 81620K->5120K(101888K)] 430310K->364049K(1034240K), 0.0014812 secs] [Times: user=0.00 sys=0.00, real=0.00 secs] 
109.891: [GC (Allocation Failure) [PSYoungGen: 89813K->6144K(101888K)] 551142K->467473K(1034240K), 0.0009426 secs] [Times: user=0.00 sys=0.00, real=0.00 secs] 
111.965: [GC (Allocation Failure) [PSYoungGen: 89814K->10240K(101888K)] 704743K->625169K(1034240K), 0.0012137 secs] [Times: user=0.00 sys=0.00, real=0.00 secs] 
113.491: [GC (Allocation Failure) [PSYoungGen: 94934K->6144K(101888K)] 863464K->795153K(1034240K), 0.0022046 secs] [Times: user=0.00 sys=0.00, real=0.00 secs] 
114.148: [Full GC (Ergonomics) [PSYoungGen: 90838K->0K(101888K)] [ParOldGen: 891409K->17937K(932352K)] 982248K->17937K(1034240K), [Metaspace: 2796K->2796K(1056768K)], 0.0037152 secs] [Times: user=0.00 sys=0.00, real=0.00 secs] 
116.222: [GC (Allocation Failure) [PSYoungGen: 83670K->10240K(101888K)] 101608K->28177K(1034240K), 0.0009866 secs] [Times: user=0.00 sys=0.00, real=0.00 secs] 
117.752: [GC (Allocation Failure) [PSYoungGen: 94929K->10240K(101888K)] 266467K->212497K(1034240K), 0.0031653 secs] [Times: user=0.00 sys=0.00, real=0.00 secs] 
118.409: [GC (Allocation Failure) [PSYoungGen: 94931K->11264K(101888K)] 399589K->367121K(1034240K), 0.0054134 secs] [Times: user=0.00 sys=0.00, real=0.01 secs] 
120.042: [GC (Allocation Failure) [PSYoungGen: 95956K->5120K(101888K)] 554214K->463377K(1034240K), 0.0009700 secs] [Times: user=0.00 sys=0.00, real=0.00 secs] 
121.685: [GC (Allocation Failure) [PSYoungGen: 89813K->11264K(101888K)] 701671K->623121K(1034240K), 0.0011972 secs] [Times: user=0.00 sys=0.00, real=0.00 secs] 
123.540: [GC (Allocation Failure) [PSYoungGen: 90838K->10240K(101888K)] 856295K->785937K(1034240K), 0.0017848 secs] [Times: user=0.00 sys=0.00, real=0.00 secs] 
124.304: [Full GC (Ergonomics) [PSYoungGen: 94934K->0K(101888K)] [ParOldGen: 878097K->21009K(932352K)] 973032K->21009K(1034240K), [Metaspace: 2796K->2796K(1056768K)], 0.0039442 secs] [Times: user=0.00 sys=0.00, real=0.00 secs] 
125.941: [GC (Allocation Failure) [PSYoungGen: 84694K->10240K(101888K)] 259304K->195089K(1034240K), 0.0017643 secs] [Times: user=0.00 sys=0.00, real=0.00 secs] 
127.581: [GC (Allocation Failure) [PSYoungGen: 88790K->10240K(101888K)] 273640K->195089K(1034240K), 0.0011139 secs] [Times: user=0.00 sys=0.00, real=0.00 secs] 
129.109: [GC (Allocation Failure) [PSYoungGen: 94929K->10240K(101888K)] 433378K->358929K(1034240K), 0.0018000 secs] [Times: user=0.02 sys=0.00, real=0.00 secs] 
129.760: [GC (Allocation Failure) [PSYoungGen: 94931K->1024K(101888K)] 546020K->452113K(1034240K), 0.0011081 secs] [Times: user=0.00 sys=0.00, real=0.00 secs] 
132.049: [GC (Allocation Failure) [PSYoungGen: 80596K->6144K(101888K)] 634086K->569873K(1034240K), 0.0018075 secs] [Times: user=0.00 sys=0.00, real=0.00 secs] 
132.816: [GC (Allocation Failure) [PSYoungGen: 90837K->12288K(101888K)] 756967K->678417K(1034240K), 0.0014120 secs] [Times: user=0.00 sys=0.00, real=0.00 secs] 
134.778: [GC (Allocation Failure) [PSYoungGen: 91862K->10240K(101888K)] 911591K->829969K(1034240K), 0.0018084 secs] [Times: user=0.00 sys=0.00, real=0.00 secs] 
135.432: [Full GC (Ergonomics) [PSYoungGen: 94934K->0K(101888K)] [ParOldGen: 922129K->12288K(932352K)] 1017064K->12288K(1034240K), [Metaspace: 2796K->2796K(1056768K)], 0.0038701 secs] [Times: user=0.00 sys=0.00, real=0.00 secs] 
137.070: [GC (Allocation Failure) [PSYoungGen: 84694K->10240K(101888K)] 250582K->196608K(1034240K), 0.0028669 secs] [Times: user=0.00 sys=0.00, real=0.00 secs] 
138.921: [GC (Allocation Failure) [PSYoungGen: 93910K->10240K(101888K)] 331479K->247808K(1034240K), 0.0009399 secs] [Times: user=0.00 sys=0.00, real=0.00 secs] 
140.447: [GC (Allocation Failure) [PSYoungGen: 94935K->10240K(101888K)] 486103K->411648K(1034240K), 0.0020820 secs] [Times: user=0.00 sys=0.00, real=0.00 secs] 
141.101: [GC (Allocation Failure) [PSYoungGen: 94935K->12288K(101888K)] 598743K->516096K(1034240K), 0.0015469 secs] [Times: user=0.00 sys=0.00, real=0.00 secs] 
143.393: [GC (Allocation Failure) [PSYoungGen: 96983K->11264K(101888K)] 600791K->525312K(1034240K), 0.0020563 secs] [Times: user=0.00 sys=0.00, real=0.00 secs] 
144.161: [GC (Allocation Failure) [PSYoungGen: 95953K->11264K(101888K)] 712402K->637952K(1034240K), 0.0022714 secs] [Times: user=0.00 sys=0.00, real=0.00 secs] 
146.232: [GC (Allocation Failure) [PSYoungGen: 95955K->10240K(101888K)] 876244K->790528K(1034240K), 0.0022952 secs] [Times: user=0.00 sys=0.00, real=0.00 secs] 
147.000: [GC (Allocation Failure) [PSYoungGen: 94932K->5120K(101888K)] 977621K->908288K(1034240K), 0.0031690 secs] [Times: user=0.00 sys=0.00, real=0.00 secs] 
147.003: [Full GC (Ergonomics) [PSYoungGen: 5120K->0K(101888K)] [ParOldGen: 903168K->26129K(932352K)] 908288K->26129K(1034240K), [Metaspace: 2796K->2796K(1056768K)], 0.0041510 secs] [Times: user=0.00 sys=0.00, real=0.01 secs] 
148.636: [GC (Allocation Failure) [PSYoungGen: 84693K->10240K(101888K)] 264423K->195089K(1034240K), 0.0012349 secs] [Times: user=0.00 sys=0.00, real=0.00 secs] 
150.384: [GC (Allocation Failure) [PSYoungGen: 88790K->5120K(101888K)] 427239K->353809K(1034240K), 0.0013886 secs] [Times: user=0.00 sys=0.00, real=0.00 secs] 
151.038: [GC (Allocation Failure) [PSYoungGen: 89814K->7168K(101888K)] 540903K->458257K(1034240K), 0.0009457 secs] [Times: user=0.00 sys=0.00, real=0.00 secs] 
152.673: [GC (Allocation Failure) [PSYoungGen: 91862K->12288K(101888K)] 696552K->622097K(1034240K), 0.0015604 secs] [Times: user=0.00 sys=0.00, real=0.00 secs] 
154.753: [GC (Allocation Failure) [PSYoungGen: 95959K->10240K(101888K)] 705768K->635409K(1034240K), 0.0019551 secs] [Times: user=0.00 sys=0.00, real=0.00 secs] 
155.519: [GC (Allocation Failure) [PSYoungGen: 94929K->10240K(101888K)] 822499K->737809K(1034240K), 0.0012848 secs] [Times: user=0.00 sys=0.00, real=0.00 secs] 
157.592: [GC (Allocation Failure) [PSYoungGen: 89811K->5120K(101888K)] 970981K->886289K(1034240K), 0.0014873 secs] [Times: user=0.00 sys=0.00, real=0.00 secs] 
157.812: [GC (Allocation Failure) --[PSYoungGen: 78548K->78548K(101888K)] 959718K->959718K(1034240K), 0.0014262 secs] [Times: user=0.00 sys=0.00, real=0.00 secs] 
157.814: [Full GC (Ergonomics) [PSYoungGen: 78548K->0K(101888K)] [ParOldGen: 881169K->52224K(932352K)] 959718K->52224K(1034240K), [Metaspace: 2796K->2796K(1056768K)], 0.0058085 secs] [Times: user=0.00 sys=0.00, real=0.01 secs] 
159.795: [GC (Allocation Failure) [PSYoungGen: 86735K->10240K(101888K)] 394959K->318464K(1034240K), 0.0010561 secs] [Times: user=0.00 sys=0.00, real=0.00 secs] 
161.762: [GC (Allocation Failure) [PSYoungGen: 93906K->10240K(101888K)] 555730K->477184K(1034240K), 0.0016159 secs] [Times: user=0.00 sys=0.00, real=0.00 secs] 
162.415: [GC (Allocation Failure) [PSYoungGen: 94931K->2048K(101888K)] 664276K->571392K(1034240K), 0.0014578 secs] [Times: user=0.00 sys=0.00, real=0.00 secs] 
164.054: [GC (Allocation Failure) [PSYoungGen: 86741K->11264K(101888K)] 809685K->744448K(1034240K), 0.0034600 secs] [Times: user=0.00 sys=0.00, real=0.00 secs] 
166.016: [GC (Allocation Failure) [PSYoungGen: 94933K->5120K(101888K)] 828118K->748544K(1034240K), 0.0025225 secs] [Times: user=0.02 sys=0.00, real=0.00 secs] 
166.669: [GC (Allocation Failure) [PSYoungGen: 89808K->6144K(101888K)] 935633K->872448K(1034240K), 0.0041177 secs] [Times: user=0.00 sys=0.00, real=0.00 secs] 
167.759: [Full GC (Ergonomics) [PSYoungGen: 79571K->0K(101888K)] [ParOldGen: 917504K->82449K(932352K)] 997075K->82449K(1034240K), [Metaspace: 2796K->2796K(1056768K)], 0.0076320 secs] [Times: user=0.00 sys=0.00, real=0.01 secs] 
169.739: [GC (Allocation Failure) [PSYoungGen: 86740K->5120K(101888K)] 373990K->292369K(1034240K), 0.0008286 secs] [Times: user=0.00 sys=0.00, real=0.00 secs] 
171.381: [GC (Allocation Failure) [PSYoungGen: 89813K->11264K(101888K)] 530663K->452113K(1034240K), 0.0012079 secs] [Times: user=0.00 sys=0.00, real=0.00 secs] 
173.237: [GC (Allocation Failure) [PSYoungGen: 90838K->10240K(101888K)] 685287K->614929K(1034240K), 0.0018532 secs] [Times: user=0.00 sys=0.00, real=0.00 secs] 
174.006: [GC (Allocation Failure) [PSYoungGen: 94934K->10240K(101888K)] 802023K->727569K(1034240K), 0.0020759 secs] [Times: user=0.00 sys=0.00, real=0.00 secs] 
175.643: [GC (Allocation Failure) [PSYoungGen: 94934K->10240K(101888K)] 965864K->896529K(1034240K), 0.0022529 secs] [Times: user=0.00 sys=0.00, real=0.00 secs] 
177.277: [GC (Allocation Failure) [PSYoungGen: 88790K->10240K(101888K)] 975080K->896529K(1034240K), 0.0019732 secs] [Times: user=0.00 sys=0.00, real=0.00 secs] 
177.605: [GC (Allocation Failure) [PSYoungGen: 52945K->5120K(101888K)] 939234K->911889K(1034240K), 0.0026049 secs] [Times: user=0.00 sys=0.00, real=0.00 secs] 
177.608: [Full GC (Ergonomics) [PSYoungGen: 5120K->0K(101888K)] [ParOldGen: 906769K->26129K(932352K)] 911889K->26129K(1034240K), [Metaspace: 2796K->2796K(1056768K)], 0.0039115 secs] [Times: user=0.02 sys=0.00, real=0.00 secs] 
178.697: [GC (Allocation Failure) [PSYoungGen: 84689K->10240K(101888K)] 213218K->189969K(1034240K), 0.0047758 secs] [Times: user=0.00 sys=0.00, real=0.00 secs] 
181.209: [GC (Allocation Failure) [PSYoungGen: 96979K->6144K(101888K)] 532708K->441873K(1034240K), 0.0009454 secs] [Times: user=0.00 sys=0.00, real=0.00 secs] 
182.848: [GC (Allocation Failure) [PSYoungGen: 90836K->12288K(101888K)] 680166K->601617K(1034240K), 0.0014021 secs] [Times: user=0.00 sys=0.00, real=0.00 secs] 
184.592: [GC (Allocation Failure) [PSYoungGen: 86741K->10240K(101888K)] 829671K->763409K(1034240K), 0.0015853 secs] [Times: user=0.00 sys=0.00, real=0.00 secs] 
185.357: [GC (Allocation Failure) [PSYoungGen: 94934K->10240K(101888K)] 950503K->865809K(1034240K), 0.0013954 secs] [Times: user=0.00 sys=0.00, real=0.00 secs] 
186.230: [Full GC (Ergonomics) [PSYoungGen: 73430K->0K(101888K)] [ParOldGen: 906769K->87569K(932352K)] 980200K->87569K(1034240K), [Metaspace: 2796K->2796K(1056768K)], 0.0085554 secs] [Times: user=0.00 sys=0.00, real=0.01 secs] 
188.422: [GC (Allocation Failure) [PSYoungGen: 84694K->10240K(101888K)] 325864K->251409K(1034240K), 0.0008748 secs] [Times: user=0.00 sys=0.00, real=0.00 secs] 
190.062: [GC (Allocation Failure) [PSYoungGen: 94934K->10240K(101888K)] 489704K->410129K(1034240K), 0.0014272 secs] [Times: user=0.03 sys=0.00, real=0.00 secs] 
192.463: [GC (Allocation Failure) [PSYoungGen: 96983K->6176K(101888K)] 650472K->559665K(1034240K), 0.0009475 secs] [Times: user=0.00 sys=0.00, real=0.00 secs] 
194.098: [GC (Allocation Failure) [PSYoungGen: 90871K->11328K(101888K)] 797960K->728657K(1034240K), 0.0020284 secs] [Times: user=0.00 sys=0.00, real=0.00 secs] 
195.953: [GC (Allocation Failure) [PSYoungGen: 85783K->10272K(101888K)] 956712K->881201K(1034240K), 0.0015078 secs] [Times: user=0.06 sys=0.00, real=0.00 secs] 
196.171: [GC (Allocation Failure) --[PSYoungGen: 83703K->83703K(101888K)] 954632K->975112K(1034240K), 0.0023434 secs] [Times: user=0.00 sys=0.00, real=0.00 secs] 
196.173: [Full GC (Ergonomics) [PSYoungGen: 83703K->0K(101888K)] [ParOldGen: 891409K->72209K(932352K)] 975112K->72209K(1034240K), [Metaspace: 2796K->2796K(1056768K)], 0.0074732 secs] [Times: user=0.00 sys=0.00, real=0.01 secs] 
198.151: [GC (Allocation Failure) [PSYoungGen: 86737K->10240K(101888K)] 414947K->338449K(1034240K), 0.0012643 secs] [Times: user=0.00 sys=0.00, real=0.00 secs] 
200.002: [GC (Allocation Failure) [PSYoungGen: 88787K->10240K(101888K)] 570597K->492049K(1034240K), 0.0014776 secs] [Times: user=0.00 sys=0.00, real=0.00 secs] 
201.533: [GC (Allocation Failure) [PSYoungGen: 94932K->11264K(101888K)] 730342K->656913K(1034240K), 0.0020957 secs] [Times: user=0.00 sys=0.00, real=0.00 secs] 
202.187: [GC (Allocation Failure) [PSYoungGen: 95957K->13312K(101888K)] 844007K->761361K(1034240K), 0.0020245 secs] [Times: user=0.00 sys=0.00, real=0.00 secs] 
204.370: [GC (Allocation Failure) [PSYoungGen: 96982K->5120K(101888K)] 845032K->763409K(1034240K), 0.0017268 secs] [Times: user=0.00 sys=0.00, real=0.00 secs] 
205.023: [GC (Allocation Failure) [PSYoungGen: 89809K->11264K(101888K)] 950499K->877073K(1034240K), 0.0017243 secs] [Times: user=0.00 sys=0.00, real=0.00 secs] 
206.118: [Full GC (Ergonomics) [PSYoungGen: 84691K->0K(101888K)] [ParOldGen: 917009K->92689K(932352K)] 1001701K->92689K(1034240K), [Metaspace: 2796K->2796K(1056768K)], 0.0083225 secs] [Times: user=0.00 sys=0.00, real=0.01 secs] 
208.651: [GC (Allocation Failure) [PSYoungGen: 81620K->10240K(101888K)] 430310K->364049K(1034240K), 0.0016181 secs] [Times: user=0.00 sys=0.00, real=0.00 secs] 
209.301: [GC (Allocation Failure) [PSYoungGen: 94933K->1024K(101888K)] 551143K->457233K(1034240K), 0.0008179 secs] [Times: user=0.00 sys=0.00, real=0.00 secs] 
211.379: [GC (Allocation Failure) [PSYoungGen: 84694K->10240K(101888K)] 694504K->620049K(1034240K), 0.0013386 secs] [Times: user=0.00 sys=0.00, real=0.00 secs] 
212.903: [GC (Allocation Failure) [PSYoungGen: 94934K->11264K(101888K)] 858344K->790034K(1034240K), 0.0018759 secs] [Times: user=0.00 sys=0.00, real=0.00 secs] 
213.560: [GC (Allocation Failure) [PSYoungGen: 95958K->12288K(101888K)] 977128K->893458K(1034240K), 0.0016102 secs] [Times: user=0.00 sys=0.00, real=0.00 secs] 
215.631: [GC (Allocation Failure) [PSYoungGen: 95959K->10240K(101888K)] 977128K->891410K(1034240K), 0.0017202 secs] [Times: user=0.00 sys=0.00, real=0.00 secs] 
215.957: [GC (Allocation Failure) [PSYoungGen: 52945K->5120K(101888K)] 934115K->927250K(1034240K), 0.0028350 secs] [Times: user=0.00 sys=0.00, real=0.00 secs] 
215.960: [Full GC (Ergonomics) [PSYoungGen: 5120K->0K(101888K)] [ParOldGen: 922130K->26129K(932352K)] 927250K->26129K(1034240K), [Metaspace: 2796K->2796K(1056768K)], 0.0040532 secs] [Times: user=0.00 sys=0.00, real=0.00 secs] 
217.048: [GC (Allocation Failure) [PSYoungGen: 84689K->10240K(101888K)] 213219K->138769K(1034240K), 0.0011238 secs] [Times: user=0.00 sys=0.00, real=0.00 secs] 
Heap
 PSYoungGen      total 101888K, used 76203K [0x00000000f8e80000, 0x0000000100000000, 0x0000000100000000)
  eden space 87552K, 75% used [0x00000000f8e80000,0x00000000fceeabf8,0x00000000fe400000)
  from space 14336K, 71% used [0x00000000fe400000,0x00000000fee00020,0x00000000ff200000)
  to   space 14336K, 0% used [0x00000000ff200000,0x00000000ff200000,0x0000000100000000)
 ParOldGen       total 932352K, used 282129K [0x00000000c0000000, 0x00000000f8e80000, 0x00000000f8e80000)
  object space 932352K, 30% used [0x00000000c0000000,0x00000000d1384730,0x00000000f8e80000)
 Metaspace       used 2804K, capacity 4486K, committed 4864K, reserved 1056768K
  class space    used 297K, capacity 386K, committed 512K, reserved 1048576K
