Java HotSpot(TM) 64-Bit Server VM (25.411-b09) for windows-amd64 JRE (1.8.0_411-b09), built on Mar 13 2024 07:26:13 by "java_re" with MS VC++ 17.1 (VS2022)
Memory: 4k page, physical 33403376k(14481120k free), swap 36670664k(7444544k free)
CommandLine flags: -XX:InitialHeapSize=536870912 -XX:MaxHeapSize=536870912 -XX:NewRatio=7 -XX:ParallelGCThreads=6 -XX:+PrintGC -XX:+PrintGCDetails -XX:+PrintGCTimeStamps -XX:SurvivorRatio=8 -XX:-UseAdaptiveSizePolicy -XX:+UseCompressedClassPointers -XX:+UseCompressedOops -XX:-UseLargePagesIndividualAllocation -XX:+UseParallelGC 
1.042: [GC (Allocation Failure) [PSYoungGen: 45138K->5856K(59392K)] 45138K->16104K(518144K), 0.0042962 secs] [Times: user=0.00 sys=0.00, real=0.00 secs] 
2.070: [GC (Allocation Failure) [PSYoungGen: 55039K->1712K(59392K)] 218887K->175808K(518144K), 0.0027770 secs] [Times: user=0.00 sys=0.00, real=0.00 secs] 
2.619: [GC (Allocation Failure) [PSYoungGen: 38600K->5824K(59392K)] 212696K->191184K(518144K), 0.0041127 secs] [Times: user=0.00 sys=0.00, real=0.00 secs] 
3.758: [GC (Allocation Failure) [PSYoungGen: 53982K->1608K(59392K)] 392942K->350808K(518144K), 0.0022619 secs] [Times: user=0.00 sys=0.00, real=0.00 secs] 
5.286: [GC (Allocation Failure) [PSYoungGen: 48746K->5776K(59392K)] 397946K->360096K(518144K), 0.0019073 secs] [Times: user=0.00 sys=0.00, real=0.00 secs] 
5.738: [GC (Allocation Failure) [PSYoungGen: 47796K->600K(59392K)] 453316K->416360K(518144K), 0.0036966 secs] [Times: user=0.00 sys=0.00, real=0.00 secs] 
5.742: [GC (Allocation Failure) [PSYoungGen: 600K->600K(59392K)] 416360K->416360K(518144K), 0.0015723 secs] [Times: user=0.00 sys=0.00, real=0.00 secs] 
5.743: [Full GC (Allocation Failure) [PSYoungGen: 600K->0K(59392K)] [ParOldGen: 415760K->67088K(458752K)] 416360K->67088K(518144K), [Metaspace: 2753K->2753K(1056768K)], 0.0108075 secs] [Times: user=0.00 sys=0.00, real=0.01 secs] 
6.847: [GC (Allocation Failure) [PSYoungGen: 43046K->5120K(59392K)] 212534K->184848K(518144K), 0.0017949 secs] [Times: user=0.00 sys=0.00, real=0.00 secs] 
8.377: [GC (Allocation Failure) [PSYoungGen: 53819K->5152K(59392K)] 387148K->338488K(518144K), 0.0010640 secs] [Times: user=0.00 sys=0.00, real=0.00 secs] 
8.595: [GC (Allocation Failure) [PSYoungGen: 26695K->32K(59392K)] 411232K->384568K(518144K), 0.0015119 secs] [Times: user=0.00 sys=0.00, real=0.00 secs] 
8.596: [GC (Allocation Failure) [PSYoungGen: 32K->32K(59392K)] 384568K->384568K(518144K), 0.0011330 secs] [Times: user=0.00 sys=0.00, real=0.00 secs] 
8.597: [Full GC (Allocation Failure) [PSYoungGen: 32K->0K(59392K)] [ParOldGen: 384536K->51728K(458752K)] 384568K->51728K(518144K), [Metaspace: 2759K->2759K(1056768K)], 0.0056191 secs] [Times: user=0.00 sys=0.00, real=0.01 secs] 
9.701: [GC (Allocation Failure) [PSYoungGen: 43047K->5120K(59392K)] 197176K->169488K(518144K), 0.0015982 secs] [Times: user=0.00 sys=0.00, real=0.00 secs] 
10.683: [GC (Allocation Failure) [PSYoungGen: 53288K->5120K(59392K)] 371257K->328208K(518144K), 0.0009908 secs] [Times: user=0.00 sys=0.00, real=0.00 secs] 
11.226: [GC (Allocation Failure) [PSYoungGen: 42024K->5120K(59392K)] 365113K->338448K(518144K), 0.0014283 secs] [Times: user=0.00 sys=0.00, real=0.00 secs] 
11.447: [GC (Allocation Failure) [PSYoungGen: 26664K->5120K(59392K)] 411193K->389649K(518144K), 0.0009984 secs] [Times: user=0.00 sys=0.00, real=0.00 secs] 
11.448: [GC (Allocation Failure) [PSYoungGen: 5120K->5120K(59392K)] 389649K->389649K(518144K), 0.0007330 secs] [Times: user=0.00 sys=0.00, real=0.00 secs] 
11.449: [Full GC (Allocation Failure) [PSYoungGen: 5120K->0K(59392K)] [ParOldGen: 384528K->215568K(458752K)] 389649K->215568K(518144K), [Metaspace: 2761K->2761K(1056768K)], 0.0116570 secs] [Times: user=0.02 sys=0.00, real=0.01 secs] 
12.885: [GC (Allocation Failure) [PSYoungGen: 52610K->5152K(59392K)] 421779K->374328K(518144K), 0.0010040 secs] [Times: user=0.00 sys=0.00, real=0.00 secs] 
12.886: [GC (Allocation Failure) [PSYoungGen: 5152K->5184K(59392K)] 374328K->374360K(518144K), 0.0008922 secs] [Times: user=0.00 sys=0.00, real=0.00 secs] 
12.887: [Full GC (Allocation Failure) [PSYoungGen: 5184K->0K(59392K)] [ParOldGen: 369176K->56849K(458752K)] 374360K->56849K(518144K), [Metaspace: 2763K->2763K(1056768K)], 0.0051611 secs] [Times: user=0.00 sys=0.00, real=0.01 secs] 
13.992: [GC (Allocation Failure) [PSYoungGen: 43048K->1024K(59392K)] 202297K->180753K(518144K), 0.0013964 secs] [Times: user=0.00 sys=0.00, real=0.00 secs] 
14.972: [GC (Allocation Failure) [PSYoungGen: 49192K->5120K(59392K)] 382522K->344593K(518144K), 0.0010896 secs] [Times: user=0.00 sys=0.00, real=0.00 secs] 
16.391: [GC (Allocation Failure) [PSYoungGen: 57384K->5120K(59392K)] 396858K->349713K(518144K), 0.0010110 secs] [Times: user=0.00 sys=0.00, real=0.00 secs] 
16.938: [GC (Allocation Failure) [PSYoungGen: 42024K->5120K(59392K)] 386617K->359953K(518144K), 0.0012975 secs] [Times: user=0.00 sys=0.00, real=0.00 secs] 
17.155: [GC (Allocation Failure) [PSYoungGen: 26654K->5120K(59392K)] 432687K->431633K(518144K), 0.0049216 secs] [Times: user=0.00 sys=0.00, real=0.01 secs] 
17.160: [Full GC (Ergonomics) [PSYoungGen: 5120K->0K(59392K)] [ParOldGen: 426513K->77329K(458752K)] 431633K->77329K(518144K), [Metaspace: 2768K->2768K(1056768K)], 0.0065013 secs] [Times: user=0.00 sys=0.00, real=0.01 secs] 
18.268: [GC (Allocation Failure) [PSYoungGen: 43038K->5120K(59392K)] 222767K->195089K(518144K), 0.0014794 secs] [Times: user=0.00 sys=0.00, real=0.00 secs] 
19.250: [GC (Allocation Failure) [PSYoungGen: 53282K->5120K(59392K)] 396851K->353809K(518144K), 0.0010900 secs] [Times: user=0.02 sys=0.00, real=0.00 secs] 
20.012: [GC (Allocation Failure) [PSYoungGen: 11300K->0K(59392K)] 411189K->399889K(518144K), 0.0008327 secs] [Times: user=0.00 sys=0.00, real=0.00 secs] 
20.013: [GC (Allocation Failure) [PSYoungGen: 0K->0K(59392K)] 399889K->399889K(518144K), 0.0009696 secs] [Times: user=0.00 sys=0.00, real=0.00 secs] 
20.014: [Full GC (Allocation Failure) [PSYoungGen: 0K->0K(59392K)] [ParOldGen: 399889K->51729K(458752K)] 399889K->51729K(518144K), [Metaspace: 2770K->2770K(1056768K)], 0.0047930 secs] [Times: user=0.02 sys=0.00, real=0.01 secs] 
21.123: [GC (Allocation Failure) [PSYoungGen: 43044K->5120K(59392K)] 197173K->169489K(518144K), 0.0014074 secs] [Times: user=0.00 sys=0.00, real=0.00 secs] 
22.106: [GC (Allocation Failure) [PSYoungGen: 53286K->5120K(59392K)] 371255K->329233K(518144K), 0.0011713 secs] [Times: user=0.00 sys=0.00, real=0.00 secs] 
22.653: [GC (Allocation Failure) [PSYoungGen: 42023K->5120K(59392K)] 366136K->344593K(518144K), 0.0020313 secs] [Times: user=0.00 sys=0.00, real=0.00 secs] 
22.871: [GC (Allocation Failure) [PSYoungGen: 26663K->5120K(59392K)] 417336K->395793K(518144K), 0.0008260 secs] [Times: user=0.00 sys=0.00, real=0.00 secs] 
22.872: [GC (Allocation Failure) [PSYoungGen: 5120K->5120K(59392K)] 395793K->395793K(518144K), 0.0008763 secs] [Times: user=0.00 sys=0.00, real=0.00 secs] 
22.873: [Full GC (Allocation Failure) [PSYoungGen: 5120K->0K(59392K)] [ParOldGen: 390673K->165393K(458752K)] 395793K->165393K(518144K), [Metaspace: 2779K->2779K(1056768K)], 0.0123337 secs] [Times: user=0.01 sys=0.00, real=0.01 secs] 
24.638: [Full GC (Ergonomics) [PSYoungGen: 50215K->0K(59392K)] [ParOldGen: 421393K->12288K(458752K)] 471608K->12288K(518144K), [Metaspace: 2779K->2779K(1056768K)], 0.0029718 secs] [Times: user=0.00 sys=0.00, real=0.00 secs] 
25.506: [GC (Allocation Failure) [PSYoungGen: 52264K->5120K(59392K)] 64552K->37888K(518144K), 0.0015709 secs] [Times: user=0.00 sys=0.00, real=0.00 secs] 
26.605: [GC (Allocation Failure) [PSYoungGen: 53288K->5120K(59392K)] 239656K->201728K(518144K), 0.0013518 secs] [Times: user=0.00 sys=0.00, real=0.00 secs] 
27.699: [GC (Allocation Failure) [PSYoungGen: 57384K->5120K(59392K)] 253992K->201728K(518144K), 0.0008704 secs] [Times: user=0.00 sys=0.00, real=0.00 secs] 
28.353: [GC (Allocation Failure) [PSYoungGen: 47369K->5152K(59392K)] 243977K->212008K(518144K), 0.0016134 secs] [Times: user=0.00 sys=0.00, real=0.00 secs] 
29.445: [GC (Allocation Failure) [PSYoungGen: 53309K->5184K(59392K)] 413765K->375880K(518144K), 0.0014287 secs] [Times: user=0.00 sys=0.00, real=0.00 secs] 
29.993: [Full GC (Ergonomics) [PSYoungGen: 52321K->0K(59392K)] [ParOldGen: 421896K->113169K(458752K)] 474217K->113169K(518144K), [Metaspace: 2793K->2793K(1056768K)], 0.0087247 secs] [Times: user=0.02 sys=0.00, real=0.01 secs] 
32.195: [GC (Allocation Failure) [PSYoungGen: 50212K->1024K(59392K)] 368181K->324113K(518144K), 0.0010428 secs] [Times: user=0.00 sys=0.00, real=0.00 secs] 
32.848: [GC (Allocation Failure) [PSYoungGen: 53285K->1024K(59392K)] 427575K->380433K(518144K), 0.0011245 secs] [Times: user=0.00 sys=0.00, real=0.00 secs] 
32.849: [GC (Allocation Failure) [PSYoungGen: 1024K->1024K(59392K)] 380433K->380433K(518144K), 0.0008105 secs] [Times: user=0.00 sys=0.00, real=0.00 secs] 
32.850: [Full GC (Allocation Failure) [PSYoungGen: 1024K->0K(59392K)] [ParOldGen: 379409K->57873K(458752K)] 380433K->57873K(518144K), [Metaspace: 2793K->2793K(1056768K)], 0.0052779 secs] [Times: user=0.00 sys=0.00, real=0.00 secs] 
33.953: [GC (Allocation Failure) [PSYoungGen: 43046K->1024K(59392K)] 203320K->181777K(518144K), 0.0013442 secs] [Times: user=0.08 sys=0.02, real=0.00 secs] 
35.369: [GC (Allocation Failure) [PSYoungGen: 49191K->0K(59392K)] 383545K->344593K(518144K), 0.0012408 secs] [Times: user=0.00 sys=0.00, real=0.00 secs] 
35.698: [GC (Allocation Failure) [PSYoungGen: 31784K->0K(59392K)] 427577K->406033K(518144K), 0.0013221 secs] [Times: user=0.00 sys=0.00, real=0.00 secs] 
35.699: [GC (Allocation Failure) [PSYoungGen: 0K->0K(59392K)] 406033K->406033K(518144K), 0.0008021 secs] [Times: user=0.00 sys=0.00, real=0.00 secs] 
35.700: [Full GC (Allocation Failure) [PSYoungGen: 0K->0K(59392K)] [ParOldGen: 406033K->61969K(458752K)] 406033K->61969K(518144K), [Metaspace: 2793K->2793K(1056768K)], 0.0055896 secs] [Times: user=0.00 sys=0.00, real=0.01 secs] 
36.804: [GC (Allocation Failure) [PSYoungGen: 43048K->5120K(59392K)] 207417K->179729K(518144K), 0.0016863 secs] [Times: user=0.00 sys=0.00, real=0.00 secs] 
37.786: [GC (Allocation Failure) [PSYoungGen: 53288K->5120K(59392K)] 381498K->364049K(518144K), 0.0028781 secs] [Times: user=0.00 sys=0.00, real=0.00 secs] 
38.332: [GC (Allocation Failure) [PSYoungGen: 42024K->5120K(59392K)] 400954K->374289K(518144K), 0.0014791 secs] [Times: user=0.00 sys=0.00, real=0.00 secs] 
39.641: [Full GC (Ergonomics) [PSYoungGen: 57384K->0K(59392K)] [ParOldGen: 420369K->16384K(458752K)] 477754K->16384K(518144K), [Metaspace: 2793K->2793K(1056768K)], 0.0028988 secs] [Times: user=0.00 sys=0.00, real=0.00 secs] 
40.621: [GC (Allocation Failure) [PSYoungGen: 48168K->5120K(59392K)] 218152K->175104K(518144K), 0.0007959 secs] [Times: user=0.00 sys=0.00, real=0.00 secs] 
41.168: [GC (Allocation Failure) [PSYoungGen: 42024K->5120K(59392K)] 212008K->185344K(518144K), 0.0014867 secs] [Times: user=0.00 sys=0.00, real=0.00 secs] 
42.259: [GC (Allocation Failure) [PSYoungGen: 53288K->5120K(59392K)] 387112K->345088K(518144K), 0.0011969 secs] [Times: user=0.00 sys=0.00, real=0.00 secs] 
43.897: [GC (Allocation Failure) [PSYoungGen: 53288K->1024K(59392K)] 393256K->361472K(518144K), 0.0016784 secs] [Times: user=0.00 sys=0.00, real=0.00 secs] 
44.228: [GC (Allocation Failure) [PSYoungGen: 32808K->1024K(59392K)] 444456K->412672K(518144K), 0.0012434 secs] [Times: user=0.00 sys=0.00, real=0.00 secs] 
44.229: [GC (Allocation Failure) [PSYoungGen: 1024K->1024K(59392K)] 412672K->412672K(518144K), 0.0009063 secs] [Times: user=0.00 sys=0.00, real=0.00 secs] 
44.230: [Full GC (Allocation Failure) [PSYoungGen: 1024K->0K(59392K)] [ParOldGen: 411648K->62993K(458752K)] 412672K->62993K(518144K), [Metaspace: 2795K->2795K(1056768K)], 0.0058591 secs] [Times: user=0.00 sys=0.00, real=0.01 secs] 
45.335: [GC (Allocation Failure) [PSYoungGen: 43048K->5120K(59392K)] 208442K->180753K(518144K), 0.0014375 secs] [Times: user=0.00 sys=0.00, real=0.00 secs] 
46.754: [GC (Allocation Failure) [PSYoungGen: 48168K->5120K(59392K)] 377402K->334353K(518144K), 0.0007440 secs] [Times: user=0.00 sys=0.00, real=0.00 secs] 
47.081: [GC (Allocation Failure) [PSYoungGen: 36904K->0K(59392K)] 417338K->400913K(518144K), 0.0021836 secs] [Times: user=0.00 sys=0.00, real=0.00 secs] 
47.083: [GC (Allocation Failure) [PSYoungGen: 0K->0K(59392K)] 400913K->400913K(518144K), 0.0008219 secs] [Times: user=0.00 sys=0.00, real=0.00 secs] 
47.084: [Full GC (Allocation Failure) [PSYoungGen: 0K->0K(59392K)] [ParOldGen: 400913K->72209K(458752K)] 400913K->72209K(518144K), [Metaspace: 2795K->2795K(1056768K)], 0.0062172 secs] [Times: user=0.00 sys=0.00, real=0.01 secs] 
48.189: [GC (Allocation Failure) [PSYoungGen: 43048K->5120K(59392K)] 217658K->189969K(518144K), 0.0015461 secs] [Times: user=0.00 sys=0.00, real=0.00 secs] 
49.168: [GC (Allocation Failure) [PSYoungGen: 53289K->5120K(59392K)] 391738K->348689K(518144K), 0.0011675 secs] [Times: user=0.00 sys=0.00, real=0.00 secs] 
49.714: [GC (Allocation Failure) [PSYoungGen: 42025K->5120K(59392K)] 385594K->358929K(518144K), 0.0014620 secs] [Times: user=0.00 sys=0.00, real=0.00 secs] 
49.933: [GC (Allocation Failure) [PSYoungGen: 26664K->5120K(59392K)] 431674K->410129K(518144K), 0.0010364 secs] [Times: user=0.00 sys=0.00, real=0.00 secs] 
49.934: [GC (Allocation Failure) [PSYoungGen: 5120K->5120K(59392K)] 410129K->410129K(518144K), 0.0010680 secs] [Times: user=0.00 sys=0.00, real=0.00 secs] 
49.935: [Full GC (Allocation Failure) [PSYoungGen: 5120K->0K(59392K)] [ParOldGen: 405009K->133649K(458752K)] 410129K->133649K(518144K), [Metaspace: 2795K->2795K(1056768K)], 0.0098600 secs] [Times: user=0.00 sys=0.00, real=0.01 secs] 
51.149: [GC (Allocation Failure) [PSYoungGen: 36904K->5120K(59392K)] 272954K->251409K(518144K), 0.0013786 secs] [Times: user=0.00 sys=0.00, real=0.00 secs] 
52.242: [GC (Allocation Failure) [PSYoungGen: 53288K->5120K(59392K)] 453178K->411153K(518144K), 0.0012262 secs] [Times: user=0.00 sys=0.00, real=0.00 secs] 
52.789: [Full GC (Ergonomics) [PSYoungGen: 52264K->0K(59392K)] [ParOldGen: 457233K->62993K(458752K)] 509498K->62993K(518144K), [Metaspace: 2795K->2795K(1056768K)], 0.0060608 secs] [Times: user=0.00 sys=0.00, real=0.01 secs] 
54.662: [GC (Allocation Failure) [PSYoungGen: 49193K->5120K(59392K)] 214586K->175633K(518144K), 0.0009146 secs] [Times: user=0.00 sys=0.00, real=0.00 secs] 
55.426: [GC (Allocation Failure) [PSYoungGen: 52265K->5120K(59392K)] 222778K->196113K(518144K), 0.0016826 secs] [Times: user=0.00 sys=0.00, real=0.00 secs] 
56.520: [GC (Allocation Failure) [PSYoungGen: 53288K->5120K(59392K)] 397882K->359953K(518144K), 0.0014311 secs] [Times: user=0.00 sys=0.00, real=0.00 secs] 
57.063: [GC (Allocation Failure) [PSYoungGen: 52264K->5120K(59392K)] 458298K->431633K(518144K), 0.0024994 secs] [Times: user=0.00 sys=0.00, real=0.00 secs] 
57.066: [Full GC (Ergonomics) [PSYoungGen: 5120K->0K(59392K)] [ParOldGen: 426513K->92689K(458752K)] 431633K->92689K(518144K), [Metaspace: 2796K->2796K(1056768K)], 0.0075522 secs] [Times: user=0.00 sys=0.00, real=0.01 secs] 
59.050: [GC (Allocation Failure) [PSYoungGen: 50216K->5120K(59392K)] 398906K->353809K(518144K), 0.0009368 secs] [Times: user=0.00 sys=0.00, real=0.00 secs] 
59.703: [GC (Allocation Failure) [PSYoungGen: 47144K->5120K(59392K)] 395834K->364049K(518144K), 0.0014845 secs] [Times: user=0.00 sys=0.00, real=0.00 secs] 
59.923: [GC (Allocation Failure) [PSYoungGen: 26664K->5120K(59392K)] 436794K->415249K(518144K), 0.0008689 secs] [Times: user=0.00 sys=0.00, real=0.00 secs] 
59.924: [GC (Allocation Failure) [PSYoungGen: 5120K->5120K(59392K)] 415249K->415249K(518144K), 0.0008436 secs] [Times: user=0.00 sys=0.00, real=0.00 secs] 
59.925: [Full GC (Allocation Failure) [PSYoungGen: 5120K->0K(59392K)] [ParOldGen: 410129K->108049K(458752K)] 415249K->108049K(518144K), [Metaspace: 2796K->2796K(1056768K)], 0.0086952 secs] [Times: user=0.00 sys=0.00, real=0.01 secs] 
61.032: [GC (Allocation Failure) [PSYoungGen: 43048K->5120K(59392K)] 253498K->225809K(518144K), 0.0014997 secs] [Times: user=0.00 sys=0.00, real=0.00 secs] 
62.452: [GC (Allocation Failure) [PSYoungGen: 57384K->5120K(59392K)] 431674K->389649K(518144K), 0.0015182 secs] [Times: user=0.00 sys=0.00, real=0.00 secs] 
62.781: [Full GC (Ergonomics) [PSYoungGen: 36904K->0K(59392K)] [ParOldGen: 435729K->56849K(458752K)] 472634K->56849K(518144K), [Metaspace: 2796K->2796K(1056768K)], 0.0056063 secs] [Times: user=0.00 sys=0.00, real=0.00 secs] 
63.890: [GC (Allocation Failure) [PSYoungGen: 43048K->1024K(59392K)] 202298K->180753K(518144K), 0.0014905 secs] [Times: user=0.00 sys=0.00, real=0.00 secs] 
64.870: [GC (Allocation Failure) [PSYoungGen: 49193K->1024K(59392K)] 382522K->344593K(518144K), 0.0012020 secs] [Times: user=0.00 sys=0.00, real=0.00 secs] 
66.289: [GC (Allocation Failure) [PSYoungGen: 53289K->5120K(59392K)] 396858K->353809K(518144K), 0.0010844 secs] [Times: user=0.00 sys=0.00, real=0.00 secs] 
66.837: [GC (Allocation Failure) [PSYoungGen: 42024K->0K(59392K)] 390714K->358929K(518144K), 0.0015105 secs] [Times: user=0.00 sys=0.00, real=0.00 secs] 
67.054: [GC (Allocation Failure) [PSYoungGen: 21534K->0K(59392K)] 431663K->430609K(518144K), 0.0019916 secs] [Times: user=0.00 sys=0.00, real=0.00 secs] 
67.056: [Full GC (Ergonomics) [PSYoungGen: 0K->0K(59392K)] [ParOldGen: 430609K->77329K(458752K)] 430609K->77329K(518144K), [Metaspace: 2796K->2796K(1056768K)], 0.0065811 secs] [Times: user=0.00 sys=0.00, real=0.01 secs] 
68.162: [GC (Allocation Failure) [PSYoungGen: 43038K->5120K(59392K)] 222767K->195089K(518144K), 0.0013796 secs] [Times: user=0.00 sys=0.00, real=0.00 secs] 
69.145: [GC (Allocation Failure) [PSYoungGen: 53281K->5120K(59392K)] 396851K->353809K(518144K), 0.0010383 secs] [Times: user=0.00 sys=0.00, real=0.00 secs] 
69.910: [GC (Allocation Failure) [PSYoungGen: 11300K->0K(59392K)] 411189K->399889K(518144K), 0.0007947 secs] [Times: user=0.00 sys=0.00, real=0.00 secs] 
69.911: [GC (Allocation Failure) [PSYoungGen: 0K->0K(59392K)] 399889K->399889K(518144K), 0.0007907 secs] [Times: user=0.00 sys=0.00, real=0.00 secs] 
69.912: [Full GC (Allocation Failure) [PSYoungGen: 0K->0K(59392K)] [ParOldGen: 399889K->51729K(458752K)] 399889K->51729K(518144K), [Metaspace: 2796K->2796K(1056768K)], 0.0051786 secs] [Times: user=0.00 sys=0.00, real=0.01 secs] 
71.024: [GC (Allocation Failure) [PSYoungGen: 43044K->5120K(59392K)] 197173K->169489K(518144K), 0.0016043 secs] [Times: user=0.00 sys=0.00, real=0.00 secs] 
72.002: [GC (Allocation Failure) [PSYoungGen: 53286K->5120K(59392K)] 371255K->329233K(518144K), 0.0010580 secs] [Times: user=0.00 sys=0.00, real=0.00 secs] 
72.549: [GC (Allocation Failure) [PSYoungGen: 42023K->5120K(59392K)] 366136K->344593K(518144K), 0.0016973 secs] [Times: user=0.00 sys=0.00, real=0.00 secs] 
72.769: [GC (Allocation Failure) [PSYoungGen: 26663K->5120K(59392K)] 417336K->395793K(518144K), 0.0009901 secs] [Times: user=0.00 sys=0.00, real=0.00 secs] 
72.770: [GC (Allocation Failure) [PSYoungGen: 5120K->5120K(59392K)] 395793K->395793K(518144K), 0.0007176 secs] [Times: user=0.00 sys=0.00, real=0.00 secs] 
72.771: [Full GC (Allocation Failure) [PSYoungGen: 5120K->0K(59392K)] [ParOldGen: 390673K->165393K(458752K)] 395793K->165393K(518144K), [Metaspace: 2796K->2796K(1056768K)], 0.0120867 secs] [Times: user=0.00 sys=0.00, real=0.01 secs] 
74.528: [Full GC (Ergonomics) [PSYoungGen: 50215K->0K(59392K)] [ParOldGen: 421393K->12288K(458752K)] 471608K->12288K(518144K), [Metaspace: 2796K->2796K(1056768K)], 0.0025225 secs] [Times: user=0.00 sys=0.00, real=0.00 secs] 
75.399: [GC (Allocation Failure) [PSYoungGen: 52264K->5120K(59392K)] 64552K->37888K(518144K), 0.0018110 secs] [Times: user=0.00 sys=0.00, real=0.00 secs] 
76.496: [GC (Allocation Failure) [PSYoungGen: 53288K->5120K(59392K)] 239656K->201728K(518144K), 0.0015230 secs] [Times: user=0.00 sys=0.00, real=0.00 secs] 
77.588: [GC (Allocation Failure) [PSYoungGen: 57384K->5120K(59392K)] 253992K->201728K(518144K), 0.0009769 secs] [Times: user=0.00 sys=0.00, real=0.00 secs] 
78.242: [GC (Allocation Failure) [PSYoungGen: 47144K->5120K(59392K)] 243752K->211968K(518144K), 0.0014330 secs] [Times: user=0.00 sys=0.00, real=0.00 secs] 
79.333: [GC (Allocation Failure) [PSYoungGen: 53279K->5120K(59392K)] 413727K->375808K(518144K), 0.0015197 secs] [Times: user=0.00 sys=0.00, real=0.00 secs] 
79.879: [Full GC (Ergonomics) [PSYoungGen: 52258K->0K(59392K)] [ParOldGen: 421888K->113169K(458752K)] 474146K->113169K(518144K), [Metaspace: 2796K->2796K(1056768K)], 0.0089596 secs] [Times: user=0.00 sys=0.00, real=0.01 secs] 
82.078: [GC (Allocation Failure) [PSYoungGen: 50212K->1024K(59392K)] 368182K->324113K(518144K), 0.0009906 secs] [Times: user=0.06 sys=0.00, real=0.00 secs] 
82.730: [GC (Allocation Failure) [PSYoungGen: 53286K->5120K(59392K)] 427575K->380433K(518144K), 0.0007506 secs] [Times: user=0.00 sys=0.00, real=0.00 secs] 
82.731: [GC (Allocation Failure) [PSYoungGen: 5120K->5120K(59392K)] 380433K->380433K(518144K), 0.0006885 secs] [Times: user=0.00 sys=0.00, real=0.00 secs] 
82.732: [Full GC (Allocation Failure) [PSYoungGen: 5120K->0K(59392K)] [ParOldGen: 375313K->57873K(458752K)] 380433K->57873K(518144K), [Metaspace: 2796K->2796K(1056768K)], 0.0052574 secs] [Times: user=0.00 sys=0.00, real=0.00 secs] 
83.835: [GC (Allocation Failure) [PSYoungGen: 43047K->1024K(59392K)] 203320K->181777K(518144K), 0.0015124 secs] [Times: user=0.00 sys=0.00, real=0.00 secs] 
85.256: [GC (Allocation Failure) [PSYoungGen: 49191K->0K(59392K)] 383545K->344593K(518144K), 0.0013109 secs] [Times: user=0.00 sys=0.00, real=0.00 secs] 
85.581: [GC (Allocation Failure) [PSYoungGen: 31784K->0K(59392K)] 427577K->406033K(518144K), 0.0013696 secs] [Times: user=0.00 sys=0.00, real=0.00 secs] 
85.583: [GC (Allocation Failure) [PSYoungGen: 0K->0K(59392K)] 406033K->406033K(518144K), 0.0008787 secs] [Times: user=0.00 sys=0.00, real=0.00 secs] 
85.584: [Full GC (Allocation Failure) [PSYoungGen: 0K->0K(59392K)] [ParOldGen: 406033K->61969K(458752K)] 406033K->61969K(518144K), [Metaspace: 2796K->2796K(1056768K)], 0.0055543 secs] [Times: user=0.00 sys=0.00, real=0.00 secs] 
86.691: [GC (Allocation Failure) [PSYoungGen: 43048K->5120K(59392K)] 207417K->179729K(518144K), 0.0017090 secs] [Times: user=0.00 sys=0.00, real=0.00 secs] 
87.674: [GC (Allocation Failure) [PSYoungGen: 53288K->5120K(59392K)] 381498K->364049K(518144K), 0.0026775 secs] [Times: user=0.00 sys=0.00, real=0.00 secs] 
88.222: [GC (Allocation Failure) [PSYoungGen: 42024K->0K(59392K)] 400954K->369169K(518144K), 0.0012338 secs] [Times: user=0.00 sys=0.00, real=0.00 secs] 
89.531: [Full GC (Ergonomics) [PSYoungGen: 52264K->0K(59392K)] [ParOldGen: 420369K->16384K(458752K)] 472634K->16384K(518144K), [Metaspace: 2796K->2796K(1056768K)], 0.0027985 secs] [Times: user=0.00 sys=0.00, real=0.00 secs] 
90.513: [GC (Allocation Failure) [PSYoungGen: 48168K->5120K(59392K)] 218152K->175104K(518144K), 0.0007959 secs] [Times: user=0.00 sys=0.00, real=0.00 secs] 
91.059: [GC (Allocation Failure) [PSYoungGen: 42024K->5120K(59392K)] 212008K->185344K(518144K), 0.0014362 secs] [Times: user=0.00 sys=0.00, real=0.00 secs] 
92.150: [GC (Allocation Failure) [PSYoungGen: 53288K->5120K(59392K)] 387112K->345088K(518144K), 0.0010701 secs] [Times: user=0.00 sys=0.00, real=0.00 secs] 
93.785: [GC (Allocation Failure) [PSYoungGen: 53288K->1024K(59392K)] 393256K->361472K(518144K), 0.0020288 secs] [Times: user=0.00 sys=0.00, real=0.00 secs] 
94.116: [GC (Allocation Failure) [PSYoungGen: 32808K->1024K(59392K)] 444456K->412672K(518144K), 0.0010582 secs] [Times: user=0.00 sys=0.00, real=0.00 secs] 
94.118: [GC (Allocation Failure) [PSYoungGen: 1024K->1024K(59392K)] 412672K->412672K(518144K), 0.0009785 secs] [Times: user=0.00 sys=0.00, real=0.00 secs] 
94.119: [Full GC (Allocation Failure) [PSYoungGen: 1024K->0K(59392K)] [ParOldGen: 411648K->62993K(458752K)] 412672K->62993K(518144K), [Metaspace: 2796K->2796K(1056768K)], 0.0058425 secs] [Times: user=0.00 sys=0.00, real=0.01 secs] 
95.222: [GC (Allocation Failure) [PSYoungGen: 43048K->5120K(59392K)] 208442K->180753K(518144K), 0.0014663 secs] [Times: user=0.00 sys=0.00, real=0.00 secs] 
96.640: [GC (Allocation Failure) [PSYoungGen: 48168K->5120K(59392K)] 377402K->334353K(518144K), 0.0008370 secs] [Times: user=0.00 sys=0.00, real=0.00 secs] 
96.967: [GC (Allocation Failure) [PSYoungGen: 36904K->0K(59392K)] 417338K->400913K(518144K), 0.0022820 secs] [Times: user=0.00 sys=0.00, real=0.00 secs] 
96.970: [GC (Allocation Failure) [PSYoungGen: 0K->0K(59392K)] 400913K->400913K(518144K), 0.0008364 secs] [Times: user=0.00 sys=0.00, real=0.00 secs] 
96.971: [Full GC (Allocation Failure) [PSYoungGen: 0K->0K(59392K)] [ParOldGen: 400913K->72209K(458752K)] 400913K->72209K(518144K), [Metaspace: 2796K->2796K(1056768K)], 0.0071473 secs] [Times: user=0.00 sys=0.00, real=0.01 secs] 
98.075: [GC (Allocation Failure) [PSYoungGen: 43048K->5120K(59392K)] 217658K->189969K(518144K), 0.0014386 secs] [Times: user=0.00 sys=0.00, real=0.00 secs] 
99.057: [GC (Allocation Failure) [PSYoungGen: 53289K->5120K(59392K)] 391738K->348689K(518144K), 0.0014363 secs] [Times: user=0.00 sys=0.00, real=0.00 secs] 
99.601: [GC (Allocation Failure) [PSYoungGen: 42025K->5120K(59392K)] 385594K->364049K(518144K), 0.0017836 secs] [Times: user=0.00 sys=0.00, real=0.00 secs] 
99.820: [GC (Allocation Failure) [PSYoungGen: 26664K->5120K(59392K)] 436794K->415249K(518144K), 0.0010907 secs] [Times: user=0.00 sys=0.00, real=0.00 secs] 
99.821: [GC (Allocation Failure) [PSYoungGen: 5120K->5120K(59392K)] 415249K->415249K(518144K), 0.0012211 secs] [Times: user=0.00 sys=0.00, real=0.00 secs] 
99.823: [Full GC (Allocation Failure) [PSYoungGen: 5120K->0K(59392K)] [ParOldGen: 410129K->133649K(458752K)] 415249K->133649K(518144K), [Metaspace: 2796K->2796K(1056768K)], 0.0096178 secs] [Times: user=0.00 sys=0.00, real=0.01 secs] 
101.035: [GC (Allocation Failure) [PSYoungGen: 36904K->5120K(59392K)] 272954K->251409K(518144K), 0.0015764 secs] [Times: user=0.00 sys=0.00, real=0.00 secs] 
102.132: [GC (Allocation Failure) [PSYoungGen: 53288K->5120K(59392K)] 453178K->411153K(518144K), 0.0011302 secs] [Times: user=0.00 sys=0.00, real=0.00 secs] 
102.679: [Full GC (Ergonomics) [PSYoungGen: 52264K->0K(59392K)] [ParOldGen: 457233K->62993K(458752K)] 509498K->62993K(518144K), [Metaspace: 2796K->2796K(1056768K)], 0.0058089 secs] [Times: user=0.00 sys=0.00, real=0.00 secs] 
104.556: [GC (Allocation Failure) [PSYoungGen: 49193K->5120K(59392K)] 214586K->175633K(518144K), 0.0010867 secs] [Times: user=0.00 sys=0.00, real=0.00 secs] 
105.326: [GC (Allocation Failure) [PSYoungGen: 52265K->5120K(59392K)] 222778K->196113K(518144K), 0.0018729 secs] [Times: user=0.00 sys=0.00, real=0.00 secs] 
106.418: [GC (Allocation Failure) [PSYoungGen: 53288K->5120K(59392K)] 397882K->359953K(518144K), 0.0012451 secs] [Times: user=0.00 sys=0.00, real=0.00 secs] 
106.965: [GC (Allocation Failure) [PSYoungGen: 52264K->0K(59392K)] 458298K->426513K(518144K), 0.0025247 secs] [Times: user=0.00 sys=0.00, real=0.00 secs] 
106.968: [Full GC (Ergonomics) [PSYoungGen: 0K->0K(59392K)] [ParOldGen: 426513K->92689K(458752K)] 426513K->92689K(518144K), [Metaspace: 2796K->2796K(1056768K)], 0.0083975 secs] [Times: user=0.09 sys=0.00, real=0.01 secs] 
108.943: [GC (Allocation Failure) [PSYoungGen: 50216K->5120K(59392K)] 398906K->353809K(518144K), 0.0009942 secs] [Times: user=0.00 sys=0.00, real=0.00 secs] 
109.596: [GC (Allocation Failure) [PSYoungGen: 47144K->5120K(59392K)] 395834K->364049K(518144K), 0.0015758 secs] [Times: user=0.00 sys=0.00, real=0.00 secs] 
109.814: [GC (Allocation Failure) [PSYoungGen: 26664K->5120K(59392K)] 436794K->415249K(518144K), 0.0011313 secs] [Times: user=0.00 sys=0.00, real=0.00 secs] 
109.815: [GC (Allocation Failure) [PSYoungGen: 5120K->5120K(59392K)] 415249K->415249K(518144K), 0.0008820 secs] [Times: user=0.00 sys=0.00, real=0.00 secs] 
109.816: [Full GC (Allocation Failure) [PSYoungGen: 5120K->0K(59392K)] [ParOldGen: 410129K->108049K(458752K)] 415249K->108049K(518144K), [Metaspace: 2796K->2796K(1056768K)], 0.0084195 secs] [Times: user=0.00 sys=0.00, real=0.01 secs] 
110.925: [GC (Allocation Failure) [PSYoungGen: 43048K->5120K(59392K)] 253498K->225809K(518144K), 0.0014810 secs] [Times: user=0.00 sys=0.00, real=0.00 secs] 
112.343: [GC (Allocation Failure) [PSYoungGen: 57384K->5120K(59392K)] 431674K->389649K(518144K), 0.0015004 secs] [Times: user=0.00 sys=0.00, real=0.00 secs] 
112.670: [Full GC (Ergonomics) [PSYoungGen: 36904K->0K(59392K)] [ParOldGen: 435729K->56849K(458752K)] 472634K->56849K(518144K), [Metaspace: 2796K->2796K(1056768K)], 0.0050622 secs] [Times: user=0.00 sys=0.00, real=0.00 secs] 
113.764: [GC (Allocation Failure) [PSYoungGen: 43048K->1024K(59392K)] 202298K->180753K(518144K), 0.0015405 secs] [Times: user=0.00 sys=0.00, real=0.00 secs] 
114.750: [GC (Allocation Failure) [PSYoungGen: 49193K->5120K(59392K)] 382522K->344593K(518144K), 0.0013036 secs] [Times: user=0.08 sys=0.00, real=0.00 secs] 
116.167: [GC (Allocation Failure) [PSYoungGen: 57385K->5120K(59392K)] 396858K->349713K(518144K), 0.0012267 secs] [Times: user=0.00 sys=0.00, real=0.00 secs] 
116.714: [GC (Allocation Failure) [PSYoungGen: 42024K->0K(59392K)] 386618K->354833K(518144K), 0.0013200 secs] [Times: user=0.00 sys=0.00, real=0.00 secs] 
116.932: [GC (Allocation Failure) [PSYoungGen: 21534K->0K(59392K)] 427567K->426513K(518144K), 0.0023475 secs] [Times: user=0.00 sys=0.00, real=0.00 secs] 
116.934: [Full GC (Ergonomics) [PSYoungGen: 0K->0K(59392K)] [ParOldGen: 426513K->77329K(458752K)] 426513K->77329K(518144K), [Metaspace: 2796K->2796K(1056768K)], 0.0068531 secs] [Times: user=0.00 sys=0.00, real=0.01 secs] 
118.040: [GC (Allocation Failure) [PSYoungGen: 43038K->5120K(59392K)] 222767K->195089K(518144K), 0.0015982 secs] [Times: user=0.00 sys=0.00, real=0.00 secs] 
119.022: [GC (Allocation Failure) [PSYoungGen: 53281K->5120K(59392K)] 396851K->353809K(518144K), 0.0012676 secs] [Times: user=0.00 sys=0.00, real=0.00 secs] 
119.785: [GC (Allocation Failure) [PSYoungGen: 11300K->0K(59392K)] 411189K->399889K(518144K), 0.0008952 secs] [Times: user=0.00 sys=0.00, real=0.00 secs] 
119.786: [GC (Allocation Failure) [PSYoungGen: 0K->0K(59392K)] 399889K->399889K(518144K), 0.0006872 secs] [Times: user=0.00 sys=0.00, real=0.00 secs] 
119.787: [Full GC (Allocation Failure) [PSYoungGen: 0K->0K(59392K)] [ParOldGen: 399889K->51729K(458752K)] 399889K->51729K(518144K), [Metaspace: 2796K->2796K(1056768K)], 0.0047546 secs] [Times: user=0.00 sys=0.00, real=0.01 secs] 
120.880: [GC (Allocation Failure) [PSYoungGen: 43044K->5120K(59392K)] 197173K->169489K(518144K), 0.0013744 secs] [Times: user=0.00 sys=0.00, real=0.00 secs] 
121.860: [GC (Allocation Failure) [PSYoungGen: 53286K->5120K(59392K)] 371255K->329233K(518144K), 0.0011109 secs] [Times: user=0.00 sys=0.00, real=0.00 secs] 
122.407: [GC (Allocation Failure) [PSYoungGen: 42023K->5120K(59392K)] 366136K->344593K(518144K), 0.0018792 secs] [Times: user=0.00 sys=0.00, real=0.00 secs] 
122.624: [GC (Allocation Failure) [PSYoungGen: 26663K->5120K(59392K)] 417336K->395793K(518144K), 0.0008815 secs] [Times: user=0.00 sys=0.00, real=0.00 secs] 
122.625: [GC (Allocation Failure) [PSYoungGen: 5120K->5120K(59392K)] 395793K->395793K(518144K), 0.0007470 secs] [Times: user=0.00 sys=0.00, real=0.00 secs] 
122.626: [Full GC (Allocation Failure) [PSYoungGen: 5120K->0K(59392K)] [ParOldGen: 390673K->165393K(458752K)] 395793K->165393K(518144K), [Metaspace: 2796K->2796K(1056768K)], 0.0123449 secs] [Times: user=0.00 sys=0.00, real=0.01 secs] 
124.398: [Full GC (Ergonomics) [PSYoungGen: 50215K->0K(59392K)] [ParOldGen: 421393K->12288K(458752K)] 471608K->12288K(518144K), [Metaspace: 2796K->2796K(1056768K)], 0.0027215 secs] [Times: user=0.00 sys=0.00, real=0.00 secs] 
125.269: [GC (Allocation Failure) [PSYoungGen: 52264K->5120K(59392K)] 64552K->37888K(518144K), 0.0014492 secs] [Times: user=0.00 sys=0.00, real=0.00 secs] 
126.368: [GC (Allocation Failure) [PSYoungGen: 53288K->5120K(59392K)] 239656K->201728K(518144K), 0.0012996 secs] [Times: user=0.00 sys=0.00, real=0.00 secs] 
127.459: [GC (Allocation Failure) [PSYoungGen: 57384K->5120K(59392K)] 253992K->201728K(518144K), 0.0009123 secs] [Times: user=0.00 sys=0.00, real=0.00 secs] 
128.111: [GC (Allocation Failure) [PSYoungGen: 47144K->5120K(59392K)] 243752K->211968K(518144K), 0.0014165 secs] [Times: user=0.00 sys=0.00, real=0.00 secs] 
129.207: [GC (Allocation Failure) [PSYoungGen: 53279K->5120K(59392K)] 413727K->375808K(518144K), 0.0016643 secs] [Times: user=0.00 sys=0.00, real=0.00 secs] 
129.751: [Full GC (Ergonomics) [PSYoungGen: 52258K->0K(59392K)] [ParOldGen: 421888K->113169K(458752K)] 474146K->113169K(518144K), [Metaspace: 2796K->2796K(1056768K)], 0.0089017 secs] [Times: user=0.00 sys=0.00, real=0.01 secs] 
131.955: [GC (Allocation Failure) [PSYoungGen: 50212K->1024K(59392K)] 368182K->324113K(518144K), 0.0010047 secs] [Times: user=0.00 sys=0.00, real=0.00 secs] 
132.612: [GC (Allocation Failure) [PSYoungGen: 53286K->1024K(59392K)] 427575K->380433K(518144K), 0.0010702 secs] [Times: user=0.00 sys=0.00, real=0.00 secs] 
132.613: [GC (Allocation Failure) [PSYoungGen: 1024K->1024K(59392K)] 380433K->380433K(518144K), 0.0009859 secs] [Times: user=0.00 sys=0.00, real=0.00 secs] 
132.614: [Full GC (Allocation Failure) [PSYoungGen: 1024K->0K(59392K)] [ParOldGen: 379409K->57873K(458752K)] 380433K->57873K(518144K), [Metaspace: 2796K->2796K(1056768K)], 0.0052302 secs] [Times: user=0.00 sys=0.00, real=0.00 secs] 
133.719: [GC (Allocation Failure) [PSYoungGen: 43047K->1024K(59392K)] 203320K->181777K(518144K), 0.0015002 secs] [Times: user=0.00 sys=0.00, real=0.00 secs] 
135.137: [GC (Allocation Failure) [PSYoungGen: 49191K->0K(59392K)] 383545K->344593K(518144K), 0.0014869 secs] [Times: user=0.00 sys=0.00, real=0.00 secs] 
135.465: [GC (Allocation Failure) [PSYoungGen: 31784K->0K(59392K)] 427577K->406033K(518144K), 0.0012402 secs] [Times: user=0.00 sys=0.00, real=0.00 secs] 
135.466: [GC (Allocation Failure) [PSYoungGen: 0K->0K(59392K)] 406033K->406033K(518144K), 0.0012438 secs] [Times: user=0.00 sys=0.00, real=0.00 secs] 
135.468: [Full GC (Allocation Failure) [PSYoungGen: 0K->0K(59392K)] [ParOldGen: 406033K->61969K(458752K)] 406033K->61969K(518144K), [Metaspace: 2796K->2796K(1056768K)], 0.0058731 secs] [Times: user=0.00 sys=0.00, real=0.01 secs] 
136.570: [GC (Allocation Failure) [PSYoungGen: 43048K->5120K(59392K)] 207417K->179729K(518144K), 0.0013299 secs] [Times: user=0.00 sys=0.00, real=0.00 secs] 
137.554: [GC (Allocation Failure) [PSYoungGen: 53288K->5120K(59392K)] 381498K->364049K(518144K), 0.0030106 secs] [Times: user=0.00 sys=0.00, real=0.00 secs] 
138.103: [GC (Allocation Failure) [PSYoungGen: 42024K->0K(59392K)] 400954K->369169K(518144K), 0.0013072 secs] [Times: user=0.00 sys=0.00, real=0.00 secs] 
139.415: [Full GC (Ergonomics) [PSYoungGen: 52264K->0K(59392K)] [ParOldGen: 420369K->16384K(458752K)] 472634K->16384K(518144K), [Metaspace: 2796K->2796K(1056768K)], 0.0027942 secs] [Times: user=0.00 sys=0.00, real=0.00 secs] 
140.396: [GC (Allocation Failure) [PSYoungGen: 48168K->5120K(59392K)] 218152K->175104K(518144K), 0.0007323 secs] [Times: user=0.00 sys=0.00, real=0.00 secs] 
140.944: [GC (Allocation Failure) [PSYoungGen: 42024K->5120K(59392K)] 212008K->185344K(518144K), 0.0014444 secs] [Times: user=0.00 sys=0.00, real=0.00 secs] 
142.030: [GC (Allocation Failure) [PSYoungGen: 53288K->5120K(59392K)] 387112K->345088K(518144K), 0.0013471 secs] [Times: user=0.00 sys=0.00, real=0.00 secs] 
143.670: [GC (Allocation Failure) [PSYoungGen: 53288K->1024K(59392K)] 393256K->361472K(518144K), 0.0015297 secs] [Times: user=0.00 sys=0.00, real=0.00 secs] 
143.996: [GC (Allocation Failure) [PSYoungGen: 32808K->1024K(59392K)] 444456K->412672K(518144K), 0.0010826 secs] [Times: user=0.00 sys=0.00, real=0.00 secs] 
143.997: [GC (Allocation Failure) [PSYoungGen: 1024K->1024K(59392K)] 412672K->412672K(518144K), 0.0012246 secs] [Times: user=0.00 sys=0.00, real=0.00 secs] 
143.999: [Full GC (Allocation Failure) [PSYoungGen: 1024K->0K(59392K)] [ParOldGen: 411648K->62993K(458752K)] 412672K->62993K(518144K), [Metaspace: 2796K->2796K(1056768K)], 0.0059022 secs] [Times: user=0.03 sys=0.00, real=0.00 secs] 
145.103: [GC (Allocation Failure) [PSYoungGen: 43048K->5120K(59392K)] 208442K->180753K(518144K), 0.0015444 secs] [Times: user=0.00 sys=0.00, real=0.00 secs] 
146.523: [GC (Allocation Failure) [PSYoungGen: 48168K->5120K(59392K)] 377402K->334353K(518144K), 0.0010184 secs] [Times: user=0.00 sys=0.00, real=0.00 secs] 
146.852: [GC (Allocation Failure) [PSYoungGen: 36904K->0K(59392K)] 417338K->400913K(518144K), 0.0022559 secs] [Times: user=0.00 sys=0.00, real=0.00 secs] 
146.855: [GC (Allocation Failure) [PSYoungGen: 0K->0K(59392K)] 400913K->400913K(518144K), 0.0009659 secs] [Times: user=0.00 sys=0.00, real=0.00 secs] 
146.856: [Full GC (Allocation Failure) [PSYoungGen: 0K->0K(59392K)] [ParOldGen: 400913K->72209K(458752K)] 400913K->72209K(518144K), [Metaspace: 2796K->2796K(1056768K)], 0.0061549 secs] [Times: user=0.00 sys=0.00, real=0.01 secs] 
147.960: [GC (Allocation Failure) [PSYoungGen: 43048K->5120K(59392K)] 217658K->189969K(518144K), 0.0016730 secs] [Times: user=0.00 sys=0.00, real=0.00 secs] 
148.943: [GC (Allocation Failure) [PSYoungGen: 53289K->5120K(59392K)] 391738K->348689K(518144K), 0.0011596 secs] [Times: user=0.00 sys=0.00, real=0.00 secs] 
149.491: [GC (Allocation Failure) [PSYoungGen: 42025K->5120K(59392K)] 385594K->358929K(518144K), 0.0015882 secs] [Times: user=0.00 sys=0.00, real=0.00 secs] 
149.708: [GC (Allocation Failure) [PSYoungGen: 26664K->5120K(59392K)] 431674K->410129K(518144K), 0.0012212 secs] [Times: user=0.00 sys=0.00, real=0.00 secs] 
149.709: [GC (Allocation Failure) [PSYoungGen: 5120K->5120K(59392K)] 410129K->410129K(518144K), 0.0007606 secs] [Times: user=0.00 sys=0.00, real=0.00 secs] 
149.710: [Full GC (Allocation Failure) [PSYoungGen: 5120K->0K(59392K)] [ParOldGen: 405009K->133649K(458752K)] 410129K->133649K(518144K), [Metaspace: 2796K->2796K(1056768K)], 0.0102532 secs] [Times: user=0.02 sys=0.00, real=0.01 secs] 
150.926: [GC (Allocation Failure) [PSYoungGen: 36904K->5120K(59392K)] 272954K->251409K(518144K), 0.0016023 secs] [Times: user=0.00 sys=0.00, real=0.00 secs] 
152.019: [GC (Allocation Failure) [PSYoungGen: 53288K->5120K(59392K)] 453178K->411153K(518144K), 0.0013430 secs] [Times: user=0.00 sys=0.00, real=0.00 secs] 
152.565: [Full GC (Ergonomics) [PSYoungGen: 52264K->0K(59392K)] [ParOldGen: 457233K->62993K(458752K)] 509498K->62993K(518144K), [Metaspace: 2796K->2796K(1056768K)], 0.0060305 secs] [Times: user=0.00 sys=0.00, real=0.01 secs] 
154.441: [GC (Allocation Failure) [PSYoungGen: 49193K->5120K(59392K)] 214586K->175633K(518144K), 0.0010419 secs] [Times: user=0.00 sys=0.00, real=0.00 secs] 
155.207: [GC (Allocation Failure) [PSYoungGen: 52265K->0K(59392K)] 222778K->190993K(518144K), 0.0014461 secs] [Times: user=0.00 sys=0.00, real=0.00 secs] 
156.299: [GC (Allocation Failure) [PSYoungGen: 48168K->5120K(59392K)] 392762K->354833K(518144K), 0.0010923 secs] [Times: user=0.00 sys=0.00, real=0.00 secs] 
156.848: [GC (Allocation Failure) [PSYoungGen: 52264K->0K(59392K)] 453178K->421393K(518144K), 0.0022296 secs] [Times: user=0.00 sys=0.00, real=0.00 secs] 
156.850: [Full GC (Ergonomics) [PSYoungGen: 0K->0K(59392K)] [ParOldGen: 421393K->92689K(458752K)] 421393K->92689K(518144K), [Metaspace: 2796K->2796K(1056768K)], 0.0075495 secs] [Times: user=0.00 sys=0.00, real=0.01 secs] 
158.829: [GC (Allocation Failure) [PSYoungGen: 50216K->5120K(59392K)] 398906K->353809K(518144K), 0.0007728 secs] [Times: user=0.00 sys=0.00, real=0.00 secs] 
159.486: [GC (Allocation Failure) [PSYoungGen: 47144K->5120K(59392K)] 395834K->364049K(518144K), 0.0015294 secs] [Times: user=0.00 sys=0.00, real=0.00 secs] 
159.704: [GC (Allocation Failure) [PSYoungGen: 26664K->5120K(59392K)] 436794K->415249K(518144K), 0.0007772 secs] [Times: user=0.00 sys=0.00, real=0.00 secs] 
159.705: [GC (Allocation Failure) [PSYoungGen: 5120K->5120K(59392K)] 415249K->415249K(518144K), 0.0007369 secs] [Times: user=0.00 sys=0.00, real=0.00 secs] 
159.706: [Full GC (Allocation Failure) [PSYoungGen: 5120K->0K(59392K)] [ParOldGen: 410129K->108049K(458752K)] 415249K->108049K(518144K), [Metaspace: 2796K->2796K(1056768K)], 0.0083783 secs] [Times: user=0.00 sys=0.00, real=0.01 secs] 
160.810: [GC (Allocation Failure) [PSYoungGen: 43048K->5120K(59392K)] 253498K->225809K(518144K), 0.0013897 secs] [Times: user=0.00 sys=0.00, real=0.00 secs] 
162.229: [GC (Allocation Failure) [PSYoungGen: 57384K->5120K(59392K)] 431674K->389649K(518144K), 0.0017348 secs] [Times: user=0.00 sys=0.00, real=0.00 secs] 
162.556: [Full GC (Ergonomics) [PSYoungGen: 36904K->0K(59392K)] [ParOldGen: 435729K->56849K(458752K)] 472634K->56849K(518144K), [Metaspace: 2796K->2796K(1056768K)], 0.0053257 secs] [Times: user=0.00 sys=0.00, real=0.00 secs] 
163.650: [GC (Allocation Failure) [PSYoungGen: 43048K->1024K(59392K)] 202298K->180753K(518144K), 0.0012761 secs] [Times: user=0.00 sys=0.00, real=0.00 secs] 
164.632: [GC (Allocation Failure) [PSYoungGen: 49193K->5120K(59392K)] 382522K->344593K(518144K), 0.0011835 secs] [Times: user=0.00 sys=0.00, real=0.00 secs] 
166.051: [GC (Allocation Failure) [PSYoungGen: 57385K->5120K(59392K)] 396858K->349713K(518144K), 0.0011838 secs] [Times: user=0.00 sys=0.00, real=0.00 secs] 
166.596: [GC (Allocation Failure) [PSYoungGen: 42024K->0K(59392K)] 386618K->354833K(518144K), 0.0012696 secs] [Times: user=0.00 sys=0.00, real=0.00 secs] 
166.816: [GC (Allocation Failure) [PSYoungGen: 21534K->0K(59392K)] 427567K->426513K(518144K), 0.0023211 secs] [Times: user=0.00 sys=0.00, real=0.00 secs] 
166.819: [Full GC (Ergonomics) [PSYoungGen: 0K->0K(59392K)] [ParOldGen: 426513K->77329K(458752K)] 426513K->77329K(518144K), [Metaspace: 2796K->2796K(1056768K)], 0.0067965 secs] [Times: user=0.00 sys=0.00, real=0.01 secs] 
167.925: [GC (Allocation Failure) [PSYoungGen: 43038K->5120K(59392K)] 222767K->195089K(518144K), 0.0015856 secs] [Times: user=0.00 sys=0.00, real=0.00 secs] 
168.904: [GC (Allocation Failure) [PSYoungGen: 53281K->5120K(59392K)] 396851K->353809K(518144K), 0.0012470 secs] [Times: user=0.00 sys=0.00, real=0.00 secs] 
169.667: [GC (Allocation Failure) [PSYoungGen: 11300K->0K(59392K)] 411189K->399889K(518144K), 0.0007442 secs] [Times: user=0.00 sys=0.00, real=0.00 secs] 
169.668: [GC (Allocation Failure) [PSYoungGen: 0K->0K(59392K)] 399889K->399889K(518144K), 0.0007212 secs] [Times: user=0.00 sys=0.00, real=0.00 secs] 
169.669: [Full GC (Allocation Failure) [PSYoungGen: 0K->0K(59392K)] [ParOldGen: 399889K->51729K(458752K)] 399889K->51729K(518144K), [Metaspace: 2796K->2796K(1056768K)], 0.0049968 secs] [Times: user=0.00 sys=0.00, real=0.00 secs] 
170.773: [GC (Allocation Failure) [PSYoungGen: 43044K->5120K(59392K)] 197173K->169489K(518144K), 0.0015834 secs] [Times: user=0.00 sys=0.00, real=0.00 secs] 
171.753: [GC (Allocation Failure) [PSYoungGen: 53286K->5120K(59392K)] 371255K->329233K(518144K), 0.0011251 secs] [Times: user=0.00 sys=0.00, real=0.00 secs] 
172.301: [GC (Allocation Failure) [PSYoungGen: 42023K->5120K(59392K)] 366136K->339473K(518144K), 0.0014173 secs] [Times: user=0.00 sys=0.00, real=0.00 secs] 
172.517: [GC (Allocation Failure) [PSYoungGen: 26663K->5120K(59392K)] 412216K->390673K(518144K), 0.0009115 secs] [Times: user=0.00 sys=0.00, real=0.00 secs] 
172.518: [GC (Allocation Failure) [PSYoungGen: 5120K->5120K(59392K)] 390673K->390673K(518144K), 0.0007594 secs] [Times: user=0.00 sys=0.00, real=0.00 secs] 
172.519: [Full GC (Allocation Failure) [PSYoungGen: 5120K->0K(59392K)] [ParOldGen: 385553K->165393K(458752K)] 390673K->165393K(518144K), [Metaspace: 2796K->2796K(1056768K)], 0.0119296 secs] [Times: user=0.00 sys=0.00, real=0.01 secs] 
174.278: [Full GC (Ergonomics) [PSYoungGen: 50215K->0K(59392K)] [ParOldGen: 421393K->12288K(458752K)] 471608K->12288K(518144K), [Metaspace: 2796K->2796K(1056768K)], 0.0026429 secs] [Times: user=0.00 sys=0.00, real=0.00 secs] 
175.151: [GC (Allocation Failure) [PSYoungGen: 52264K->5120K(59392K)] 64552K->37888K(518144K), 0.0015687 secs] [Times: user=0.00 sys=0.00, real=0.00 secs] 
176.244: [GC (Allocation Failure) [PSYoungGen: 53288K->5120K(59392K)] 239656K->201728K(518144K), 0.0014050 secs] [Times: user=0.00 sys=0.00, real=0.00 secs] 
177.336: [GC (Allocation Failure) [PSYoungGen: 57384K->5120K(59392K)] 253992K->201728K(518144K), 0.0010102 secs] [Times: user=0.00 sys=0.00, real=0.00 secs] 
177.995: [GC (Allocation Failure) [PSYoungGen: 47144K->5120K(59392K)] 243752K->211968K(518144K), 0.0014383 secs] [Times: user=0.00 sys=0.00, real=0.00 secs] 
179.086: [GC (Allocation Failure) [PSYoungGen: 53279K->5120K(59392K)] 413727K->375808K(518144K), 0.0016248 secs] [Times: user=0.00 sys=0.00, real=0.00 secs] 
179.634: [Full GC (Ergonomics) [PSYoungGen: 52258K->0K(59392K)] [ParOldGen: 421888K->113169K(458752K)] 474146K->113169K(518144K), [Metaspace: 2796K->2796K(1056768K)], 0.0091502 secs] [Times: user=0.00 sys=0.00, real=0.01 secs] 
181.830: [GC (Allocation Failure) [PSYoungGen: 50212K->5120K(59392K)] 368182K->324113K(518144K), 0.0009034 secs] [Times: user=0.00 sys=0.00, real=0.00 secs] 
182.485: [GC (Allocation Failure) [PSYoungGen: 57382K->5120K(59392K)] 427575K->375313K(518144K), 0.0010369 secs] [Times: user=0.00 sys=0.00, real=0.00 secs] 
182.486: [GC (Allocation Failure) [PSYoungGen: 5120K->5120K(59392K)] 375313K->375313K(518144K), 0.0008770 secs] [Times: user=0.00 sys=0.00, real=0.00 secs] 
182.487: [Full GC (Allocation Failure) [PSYoungGen: 5120K->0K(59392K)] [ParOldGen: 370193K->57873K(458752K)] 375313K->57873K(518144K), [Metaspace: 2796K->2796K(1056768K)], 0.0053772 secs] [Times: user=0.00 sys=0.00, real=0.01 secs] 
183.589: [GC (Allocation Failure) [PSYoungGen: 43047K->1024K(59392K)] 203320K->181777K(518144K), 0.0016825 secs] [Times: user=0.00 sys=0.00, real=0.00 secs] 
185.004: [GC (Allocation Failure) [PSYoungGen: 49191K->0K(59392K)] 383545K->344593K(518144K), 0.0012978 secs] [Times: user=0.00 sys=0.00, real=0.00 secs] 
185.332: [GC (Allocation Failure) [PSYoungGen: 31784K->0K(59392K)] 427577K->406033K(518144K), 0.0012516 secs] [Times: user=0.00 sys=0.00, real=0.00 secs] 
185.333: [GC (Allocation Failure) [PSYoungGen: 0K->0K(59392K)] 406033K->406033K(518144K), 0.0008294 secs] [Times: user=0.00 sys=0.00, real=0.00 secs] 
185.334: [Full GC (Allocation Failure) [PSYoungGen: 0K->0K(59392K)] [ParOldGen: 406033K->61969K(458752K)] 406033K->61969K(518144K), [Metaspace: 2796K->2796K(1056768K)], 0.0058365 secs] [Times: user=0.00 sys=0.00, real=0.01 secs] 
186.440: [GC (Allocation Failure) [PSYoungGen: 43048K->5120K(59392K)] 207417K->179729K(518144K), 0.0013992 secs] [Times: user=0.00 sys=0.00, real=0.00 secs] 
187.421: [GC (Allocation Failure) [PSYoungGen: 53288K->5120K(59392K)] 381498K->364049K(518144K), 0.0027067 secs] [Times: user=0.01 sys=0.00, real=0.00 secs] 
187.969: [GC (Allocation Failure) [PSYoungGen: 42024K->5120K(59392K)] 400954K->374289K(518144K), 0.0015501 secs] [Times: user=0.00 sys=0.00, real=0.00 secs] 
189.273: [Full GC (Ergonomics) [PSYoungGen: 57384K->0K(59392K)] [ParOldGen: 420369K->16384K(458752K)] 477754K->16384K(518144K), [Metaspace: 2796K->2796K(1056768K)], 0.0029270 secs] [Times: user=0.00 sys=0.00, real=0.00 secs] 
190.255: [GC (Allocation Failure) [PSYoungGen: 48168K->5120K(59392K)] 218152K->175104K(518144K), 0.0007802 secs] [Times: user=0.00 sys=0.00, real=0.00 secs] 
190.799: [GC (Allocation Failure) [PSYoungGen: 42024K->5120K(59392K)] 212008K->185344K(518144K), 0.0013706 secs] [Times: user=0.00 sys=0.00, real=0.00 secs] 
191.892: [GC (Allocation Failure) [PSYoungGen: 53288K->5152K(59392K)] 387112K->345120K(518144K), 0.0013736 secs] [Times: user=0.00 sys=0.00, real=0.00 secs] 
193.534: [GC (Allocation Failure) [PSYoungGen: 53320K->1056K(59392K)] 393288K->361504K(518144K), 0.0018043 secs] [Times: user=0.00 sys=0.00, real=0.00 secs] 
193.863: [GC (Allocation Failure) [PSYoungGen: 32840K->1056K(59392K)] 444488K->412704K(518144K), 0.0011433 secs] [Times: user=0.00 sys=0.00, real=0.00 secs] 
193.865: [GC (Allocation Failure) [PSYoungGen: 1056K->1056K(59392K)] 412704K->412704K(518144K), 0.0011691 secs] [Times: user=0.00 sys=0.00, real=0.00 secs] 
193.866: [Full GC (Allocation Failure) [PSYoungGen: 1056K->0K(59392K)] [ParOldGen: 411648K->62993K(458752K)] 412704K->62993K(518144K), [Metaspace: 2796K->2796K(1056768K)], 0.0061600 secs] [Times: user=0.00 sys=0.00, real=0.01 secs] 
194.970: [GC (Allocation Failure) [PSYoungGen: 43048K->5152K(59392K)] 208442K->180785K(518144K), 0.0015360 secs] [Times: user=0.00 sys=0.00, real=0.00 secs] 
196.389: [GC (Allocation Failure) [PSYoungGen: 48200K->5152K(59392K)] 377434K->334385K(518144K), 0.0008349 secs] [Times: user=0.00 sys=0.00, real=0.00 secs] 
196.718: [GC (Allocation Failure) [PSYoungGen: 36936K->32K(59392K)] 417370K->400945K(518144K), 0.0021591 secs] [Times: user=0.05 sys=0.00, real=0.00 secs] 
196.721: [GC (Allocation Failure) [PSYoungGen: 32K->32K(59392K)] 400945K->400945K(518144K), 0.0011061 secs] [Times: user=0.00 sys=0.00, real=0.00 secs] 
196.722: [Full GC (Allocation Failure) [PSYoungGen: 32K->0K(59392K)] [ParOldGen: 400913K->72209K(458752K)] 400945K->72209K(518144K), [Metaspace: 2796K->2796K(1056768K)], 0.0060046 secs] [Times: user=0.00 sys=0.00, real=0.01 secs] 
197.821: [GC (Allocation Failure) [PSYoungGen: 43048K->5120K(59392K)] 217658K->189969K(518144K), 0.0013678 secs] [Times: user=0.00 sys=0.00, real=0.00 secs] 
198.804: [GC (Allocation Failure) [PSYoungGen: 53289K->5120K(59392K)] 391738K->348689K(518144K), 0.0010779 secs] [Times: user=0.00 sys=0.00, real=0.00 secs] 
199.346: [GC (Allocation Failure) [PSYoungGen: 42025K->5120K(59392K)] 385594K->364049K(518144K), 0.0018127 secs] [Times: user=0.00 sys=0.00, real=0.00 secs] 
199.563: [GC (Allocation Failure) [PSYoungGen: 26664K->5120K(59392K)] 436794K->415249K(518144K), 0.0009940 secs] [Times: user=0.00 sys=0.00, real=0.00 secs] 
199.564: [GC (Allocation Failure) [PSYoungGen: 5120K->5120K(59392K)] 415249K->415249K(518144K), 0.0008721 secs] [Times: user=0.00 sys=0.00, real=0.00 secs] 
199.565: [Full GC (Allocation Failure) [PSYoungGen: 5120K->0K(59392K)] [ParOldGen: 410129K->133649K(458752K)] 415249K->133649K(518144K), [Metaspace: 2796K->2796K(1056768K)], 0.0099444 secs] [Times: user=0.00 sys=0.00, real=0.01 secs] 
200.777: [GC (Allocation Failure) [PSYoungGen: 36904K->5120K(59392K)] 272954K->251409K(518144K), 0.0015295 secs] [Times: user=0.00 sys=0.00, real=0.00 secs] 
201.867: [GC (Allocation Failure) [PSYoungGen: 53288K->5120K(59392K)] 453178K->411153K(518144K), 0.0011968 secs] [Times: user=0.00 sys=0.00, real=0.00 secs] 
202.412: [Full GC (Ergonomics) [PSYoungGen: 52264K->0K(59392K)] [ParOldGen: 457233K->62993K(458752K)] 509498K->62993K(518144K), [Metaspace: 2796K->2796K(1056768K)], 0.0061626 secs] [Times: user=0.00 sys=0.00, real=0.00 secs] 
204.268: [GC (Allocation Failure) [PSYoungGen: 49193K->5120K(59392K)] 214586K->175633K(518144K), 0.0009039 secs] [Times: user=0.00 sys=0.00, real=0.00 secs] 
205.029: [GC (Allocation Failure) [PSYoungGen: 52265K->0K(59392K)] 222778K->190993K(518144K), 0.0014629 secs] [Times: user=0.00 sys=0.00, real=0.00 secs] 
206.119: [GC (Allocation Failure) [PSYoungGen: 48168K->5120K(59392K)] 392762K->354833K(518144K), 0.0013425 secs] [Times: user=0.00 sys=0.00, real=0.00 secs] 
206.668: [GC (Allocation Failure) [PSYoungGen: 52264K->0K(59392K)] 453178K->421393K(518144K), 0.0023676 secs] [Times: user=0.00 sys=0.00, real=0.00 secs] 
206.671: [Full GC (Ergonomics) [PSYoungGen: 0K->0K(59392K)] [ParOldGen: 421393K->92689K(458752K)] 421393K->92689K(518144K), [Metaspace: 2796K->2796K(1056768K)], 0.0071568 secs] [Times: user=0.00 sys=0.00, real=0.01 secs] 
208.650: [GC (Allocation Failure) [PSYoungGen: 50216K->5120K(59392K)] 398906K->353809K(518144K), 0.0008030 secs] [Times: user=0.00 sys=0.00, real=0.00 secs] 
209.306: [GC (Allocation Failure) [PSYoungGen: 47144K->5120K(59392K)] 395834K->364049K(518144K), 0.0015361 secs] [Times: user=0.00 sys=0.00, real=0.00 secs] 
209.524: [GC (Allocation Failure) [PSYoungGen: 26664K->5120K(59392K)] 436794K->415249K(518144K), 0.0007863 secs] [Times: user=0.00 sys=0.00, real=0.00 secs] 
209.525: [GC (Allocation Failure) [PSYoungGen: 5120K->5120K(59392K)] 415249K->415249K(518144K), 0.0007444 secs] [Times: user=0.00 sys=0.00, real=0.00 secs] 
209.526: [Full GC (Allocation Failure) [PSYoungGen: 5120K->0K(59392K)] [ParOldGen: 410129K->108049K(458752K)] 415249K->108049K(518144K), [Metaspace: 2796K->2796K(1056768K)], 0.0083937 secs] [Times: user=0.02 sys=0.00, real=0.01 secs] 
210.630: [GC (Allocation Failure) [PSYoungGen: 43048K->5120K(59392K)] 253498K->225809K(518144K), 0.0014665 secs] [Times: user=0.00 sys=0.00, real=0.00 secs] 
212.050: [GC (Allocation Failure) [PSYoungGen: 57384K->5120K(59392K)] 431674K->389649K(518144K), 0.0016025 secs] [Times: user=0.00 sys=0.00, real=0.00 secs] 
212.380: [Full GC (Ergonomics) [PSYoungGen: 36904K->0K(59392K)] [ParOldGen: 435729K->56849K(458752K)] 472634K->56849K(518144K), [Metaspace: 2796K->2796K(1056768K)], 0.0055686 secs] [Times: user=0.00 sys=0.00, real=0.01 secs] 
213.485: [GC (Allocation Failure) [PSYoungGen: 43048K->1024K(59392K)] 202298K->180753K(518144K), 0.0017428 secs] [Times: user=0.00 sys=0.00, real=0.00 secs] 
214.469: [GC (Allocation Failure) [PSYoungGen: 49193K->1024K(59392K)] 382522K->344593K(518144K), 0.0010597 secs] [Times: user=0.00 sys=0.00, real=0.00 secs] 
215.891: [GC (Allocation Failure) [PSYoungGen: 53289K->5120K(59392K)] 396858K->353809K(518144K), 0.0011492 secs] [Times: user=0.00 sys=0.00, real=0.00 secs] 
216.441: [GC (Allocation Failure) [PSYoungGen: 42024K->5120K(59392K)] 390714K->364049K(518144K), 0.0015272 secs] [Times: user=0.00 sys=0.00, real=0.00 secs] 
216.659: [GC (Allocation Failure) [PSYoungGen: 26654K->5120K(59392K)] 436784K->435729K(518144K), 0.0025586 secs] [Times: user=0.00 sys=0.00, real=0.00 secs] 
216.662: [Full GC (Ergonomics) [PSYoungGen: 5120K->0K(59392K)] [ParOldGen: 430609K->77329K(458752K)] 435729K->77329K(518144K), [Metaspace: 2796K->2796K(1056768K)], 0.0066650 secs] [Times: user=0.00 sys=0.00, real=0.01 secs] 
217.765: [GC (Allocation Failure) [PSYoungGen: 43038K->5120K(59392K)] 222767K->195089K(518144K), 0.0014073 secs] [Times: user=0.02 sys=0.00, real=0.00 secs] 
218.748: [GC (Allocation Failure) [PSYoungGen: 53281K->5120K(59392K)] 396851K->353809K(518144K), 0.0010920 secs] [Times: user=0.00 sys=0.00, real=0.00 secs] 
Heap
 PSYoungGen      total 59392K, used 12365K [0x00000000fc000000, 0x0000000100000000, 0x0000000100000000)
  eden space 53248K, 13% used [0x00000000fc000000,0x00000000fc7136c8,0x00000000ff400000)
  from space 6144K, 83% used [0x00000000ff400000,0x00000000ff900010,0x00000000ffa00000)
  to   space 6144K, 0% used [0x00000000ffa00000,0x00000000ffa00000,0x0000000100000000)
 ParOldGen       total 458752K, used 348689K [0x00000000e0000000, 0x00000000fc000000, 0x00000000fc000000)
  object space 458752K, 76% used [0x00000000e0000000,0x00000000f5484760,0x00000000fc000000)
 Metaspace       used 2804K, capacity 4486K, committed 4864K, reserved 1056768K
  class space    used 297K, capacity 386K, committed 512K, reserved 1048576K
