Java HotSpot(TM) 64-Bit Server VM (25.411-b09) for windows-amd64 JRE (1.8.0_411-b09), built on Mar 13 2024 07:26:13 by "java_re" with MS VC++ 17.1 (VS2022)
Memory: 4k page, physical 33403376k(14925844k free), swap 38794768k(7598752k free)
CommandLine flags: -XX:InitialHeapSize=1073741824 -XX:MaxHeapSize=1073741824 -XX:NewRatio=8 -XX:ParallelGCThreads=6 -XX:+PrintGC -XX:+PrintGCDetails -XX:+PrintGCTimeStamps -XX:SurvivorRatio=7 -XX:-UseAdaptiveSizePolicy -XX:+UseCompressedClassPointers -XX:+UseCompressedOops -XX:-UseLargePagesIndividualAllocation -XX:+UseParallelGC 
1.956: [GC (Allocation Failure) [PSYoungGen: 88617K->12016K(103424K)] 242217K->165624K(1035776K), 0.0029049 secs] [Times: user=0.00 sys=0.00, real=0.00 secs] 
3.750: [GC (Allocation Failure) [PSYoungGen: 101892K->11912K(103424K)] 409100K->325264K(1035776K), 0.0033454 secs] [Times: user=0.00 sys=0.00, real=0.00 secs] 
5.978: [GC (Allocation Failure) [PSYoungGen: 101788K->11864K(103424K)] 568740K->483936K(1035776K), 0.0027027 secs] [Times: user=0.00 sys=0.00, real=0.00 secs] 
7.772: [GC (Allocation Failure) [PSYoungGen: 98551K->10808K(103424K)] 724223K->667208K(1035776K), 0.0157644 secs] [Times: user=0.00 sys=0.00, real=0.02 secs] 
9.235: [GC (Allocation Failure) [PSYoungGen: 100684K->5736K(103424K)] 859484K->815736K(1035776K), 0.0158087 secs] [Times: user=0.00 sys=0.00, real=0.02 secs] 
10.136: [GC (Allocation Failure) [PSYoungGen: 68988K->5688K(103424K)] 930188K->866888K(1035776K), 0.0021921 secs] [Times: user=0.00 sys=0.00, real=0.00 secs] 
10.139: [GC (Allocation Failure) [PSYoungGen: 5688K->5784K(103424K)] 866888K->866984K(1035776K), 0.0016440 secs] [Times: user=0.00 sys=0.00, real=0.00 secs] 
10.140: [Full GC (Allocation Failure) [PSYoungGen: 5784K->0K(103424K)] [ParOldGen: 861200K->108048K(932352K)] 866984K->108048K(1035776K), [Metaspace: 2761K->2761K(1056768K)], 0.0165183 secs] [Times: user=0.00 sys=0.00, real=0.02 secs] 
12.564: [GC (Allocation Failure) [PSYoungGen: 85780K->10240K(103424K)] 449829K->374288K(1035776K), 0.0009960 secs] [Times: user=0.00 sys=0.00, real=0.00 secs] 
14.092: [GC (Allocation Failure) [PSYoungGen: 95585K->11296K(103424K)] 613234K->544313K(1035776K), 0.0017929 secs] [Times: user=0.00 sys=0.00, real=0.00 secs] 
14.855: [GC (Allocation Failure) [PSYoungGen: 101172K->11296K(103424K)] 736589K->656953K(1035776K), 0.0023658 secs] [Times: user=0.00 sys=0.00, real=0.00 secs] 
16.930: [GC (Allocation Failure) [PSYoungGen: 100148K->10304K(103424K)] 745805K->661081K(1035776K), 0.0015936 secs] [Times: user=0.00 sys=0.00, real=0.00 secs] 
17.692: [GC (Allocation Failure) [PSYoungGen: 100175K->5184K(103424K)] 853352K->778841K(1035776K), 0.0025603 secs] [Times: user=0.00 sys=0.00, real=0.00 secs] 
19.996: [Full GC (Ergonomics) [PSYoungGen: 95057K->0K(103424K)] [ParOldGen: 927257K->5649K(932352K)] 1022314K->5649K(1035776K), [Metaspace: 2770K->2770K(1056768K)], 0.0061429 secs] [Times: user=0.00 sys=0.00, real=0.01 secs] 
21.087: [GC (Allocation Failure) [PSYoungGen: 84754K->10240K(103424K)] 192803K->118289K(1035776K), 0.0010055 secs] [Times: user=0.00 sys=0.00, real=0.00 secs] 
22.614: [GC (Allocation Failure) [PSYoungGen: 94995K->11264K(103424K)] 356644K->283153K(1035776K), 0.0017868 secs] [Times: user=0.00 sys=0.00, real=0.00 secs] 
23.924: [GC (Allocation Failure) [PSYoungGen: 101139K->5120K(103424K)] 475428K->379409K(1035776K), 0.0010769 secs] [Times: user=0.00 sys=0.00, real=0.00 secs] 
25.454: [GC (Allocation Failure) [PSYoungGen: 89876K->10240K(103424K)] 617765K->553489K(1035776K), 0.0019974 secs] [Times: user=0.00 sys=0.00, real=0.00 secs] 
26.217: [GC (Allocation Failure) [PSYoungGen: 100116K->5120K(103424K)] 745765K->661009K(1035776K), 0.0015406 secs] [Times: user=0.00 sys=0.00, real=0.00 secs] 
28.070: [GC (Allocation Failure) [PSYoungGen: 93972K->10240K(103424K)] 749861K->666129K(1035776K), 0.0014554 secs] [Times: user=0.00 sys=0.00, real=0.00 secs] 
29.704: [GC (Allocation Failure) [PSYoungGen: 100493K->10272K(103424K)] 909983K->830009K(1035776K), 0.0021267 secs] [Times: user=0.00 sys=0.00, real=0.00 secs] 
30.470: [Full GC (Ergonomics) [PSYoungGen: 100144K->0K(103424K)] [ParOldGen: 922137K->169489K(932352K)] 1022282K->169489K(1035776K), [Metaspace: 2793K->2793K(1056768K)], 0.0135825 secs] [Times: user=0.00 sys=0.00, real=0.01 secs] 
32.667: [GC (Allocation Failure) [PSYoungGen: 74514K->11264K(103424K)] 346403K->288273K(1035776K), 0.0014464 secs] [Times: user=0.00 sys=0.00, real=0.00 secs] 
33.539: [GC (Allocation Failure) [PSYoungGen: 101139K->7168K(103424K)] 480548K->386577K(1035776K), 0.0009439 secs] [Times: user=0.00 sys=0.00, real=0.00 secs] 
35.504: [GC (Allocation Failure) [PSYoungGen: 91923K->10240K(103424K)] 624933K->553489K(1035776K), 0.0017727 secs] [Times: user=0.00 sys=0.00, real=0.00 secs] 
36.382: [GC (Allocation Failure) [PSYoungGen: 100115K->10240K(103424K)] 745765K->666129K(1035776K), 0.0018279 secs] [Times: user=0.00 sys=0.00, real=0.00 secs] 
38.125: [GC (Allocation Failure) [PSYoungGen: 100116K->10240K(103424K)] 909605K->845329K(1035776K), 0.0029629 secs] [Times: user=0.00 sys=0.00, real=0.00 secs] 
39.760: [Full GC (Ergonomics) [PSYoungGen: 93972K->0K(103424K)] [ParOldGen: 886289K->16384K(932352K)] 980261K->16384K(1035776K), [Metaspace: 2793K->2793K(1056768K)], 0.0035993 secs] [Times: user=0.00 sys=0.00, real=0.00 secs] 
40.635: [GC (Allocation Failure) [PSYoungGen: 89876K->5120K(103424K)] 208660K->123904K(1035776K), 0.0008262 secs] [Times: user=0.00 sys=0.00, real=0.00 secs] 
42.932: [GC (Allocation Failure) [PSYoungGen: 94996K->5120K(103424K)] 367380K->277504K(1035776K), 0.0009294 secs] [Times: user=0.00 sys=0.00, real=0.00 secs] 
44.789: [GC (Allocation Failure) [PSYoungGen: 91924K->11264K(103424K)] 517908K->447488K(1035776K), 0.0018565 secs] [Times: user=0.00 sys=0.00, real=0.00 secs] 
46.861: [GC (Allocation Failure) [PSYoungGen: 96020K->10240K(103424K)] 685845K->600064K(1035776K), 0.0018417 secs] [Times: user=0.00 sys=0.00, real=0.00 secs] 
47.736: [GC (Allocation Failure) [PSYoungGen: 100116K->10240K(103424K)] 792340K->722944K(1035776K), 0.0029357 secs] [Times: user=0.00 sys=0.00, real=0.00 secs] 
49.474: [GC (Allocation Failure) [PSYoungGen: 100116K->10240K(103424K)] 966421K->881664K(1035776K), 0.0019842 secs] [Times: user=0.00 sys=0.00, real=0.00 secs] 
49.910: [Full GC (Ergonomics) [PSYoungGen: 53012K->0K(103424K)] [ParOldGen: 922624K->133649K(932352K)] 975637K->133649K(1035776K), [Metaspace: 2795K->2795K(1056768K)], 0.0108227 secs] [Times: user=0.01 sys=0.00, real=0.01 secs] 
52.332: [GC (Allocation Failure) [PSYoungGen: 89876K->11264K(103424K)] 479526K->406033K(1035776K), 0.0014029 secs] [Times: user=0.00 sys=0.00, real=0.00 secs] 
54.518: [GC (Allocation Failure) [PSYoungGen: 97044K->1024K(103424K)] 645414K->549393K(1035776K), 0.0013125 secs] [Times: user=0.00 sys=0.00, real=0.00 secs] 
56.263: [GC (Allocation Failure) [PSYoungGen: 90900K->10240K(103424K)] 792870K->727569K(1035776K), 0.0024063 secs] [Times: user=0.00 sys=0.00, real=0.00 secs] 
58.223: [GC (Allocation Failure) [PSYoungGen: 84756K->5120K(103424K)] 955686K->876049K(1035776K), 0.0011843 secs] [Times: user=0.00 sys=0.00, real=0.00 secs] 
58.441: [GC (Allocation Failure) --[PSYoungGen: 78612K->78612K(103424K)] 949542K->1000742K(1035776K), 0.0049349 secs] [Times: user=0.00 sys=0.00, real=0.01 secs] 
58.446: [Full GC (Ergonomics) [PSYoungGen: 78612K->0K(103424K)] [ParOldGen: 922129K->52224K(932352K)] 1000742K->52224K(1035776K), [Metaspace: 2796K->2796K(1056768K)], 0.0057197 secs] [Times: user=0.00 sys=0.00, real=0.01 secs] 
60.418: [GC (Allocation Failure) [PSYoungGen: 86797K->10240K(103424K)] 395022K->318464K(1035776K), 0.0012176 secs] [Times: user=0.00 sys=0.00, real=0.00 secs] 
62.383: [GC (Allocation Failure) [PSYoungGen: 93968K->10240K(103424K)] 555792K->477184K(1035776K), 0.0024588 secs] [Times: user=0.00 sys=0.00, real=0.00 secs] 
63.146: [GC (Allocation Failure) [PSYoungGen: 100113K->6144K(103424K)] 669457K->575488K(1035776K), 0.0016687 secs] [Times: user=0.00 sys=0.00, real=0.00 secs] 
64.894: [GC (Allocation Failure) [PSYoungGen: 96018K->11264K(103424K)] 818963K->744448K(1035776K), 0.0023548 secs] [Times: user=0.00 sys=0.00, real=0.00 secs] 
66.748: [GC (Allocation Failure) [PSYoungGen: 94995K->10240K(103424K)] 828179K->748544K(1035776K), 0.0033027 secs] [Times: user=0.00 sys=0.00, real=0.00 secs] 
67.621: [GC (Allocation Failure) [PSYoungGen: 100109K->5120K(103424K)] 940814K->866304K(1035776K), 0.0035376 secs] [Times: user=0.00 sys=0.00, real=0.00 secs] 
68.383: [Full GC (Ergonomics) [PSYoungGen: 63248K->0K(103424K)] [ParOldGen: 912384K->82449K(932352K)] 975632K->82449K(1035776K), [Metaspace: 2796K->2796K(1056768K)], 0.0077275 secs] [Times: user=0.00 sys=0.00, real=0.01 secs] 
70.364: [GC (Allocation Failure) [PSYoungGen: 86801K->5120K(103424K)] 374051K->292369K(1035776K), 0.0008419 secs] [Times: user=0.00 sys=0.00, real=0.00 secs] 
72.108: [GC (Allocation Failure) [PSYoungGen: 94994K->11264K(103424K)] 535844K->452113K(1035776K), 0.0012524 secs] [Times: user=0.00 sys=0.00, real=0.00 secs] 
73.855: [GC (Allocation Failure) [PSYoungGen: 85779K->10240K(103424K)] 680228K->614929K(1035776K), 0.0018162 secs] [Times: user=0.00 sys=0.00, real=0.00 secs] 
74.728: [GC (Allocation Failure) [PSYoungGen: 100115K->10240K(103424K)] 807205K->717329K(1035776K), 0.0014268 secs] [Times: user=0.00 sys=0.00, real=0.00 secs] 
76.474: [GC (Allocation Failure) [PSYoungGen: 100116K->10240K(103424K)] 960805K->886289K(1035776K), 0.0022656 secs] [Times: user=0.00 sys=0.00, real=0.00 secs] 
78.110: [GC (Allocation Failure) [PSYoungGen: 99092K->5120K(103424K)] 975141K->891409K(1035776K), 0.0023165 secs] [Times: user=0.00 sys=0.00, real=0.00 secs] 
78.327: [GC (Allocation Failure) --[PSYoungGen: 78606K->78606K(103424K)] 964896K->964896K(1035776K), 0.0014252 secs] [Times: user=0.00 sys=0.00, real=0.00 secs] 
78.329: [Full GC (Ergonomics) [PSYoungGen: 78606K->0K(103424K)] [ParOldGen: 886289K->57344K(932352K)] 964896K->57344K(1035776K), [Metaspace: 2796K->2796K(1056768K)], 0.0061892 secs] [Times: user=0.00 sys=0.00, real=0.01 secs] 
80.309: [GC (Allocation Failure) [PSYoungGen: 86785K->10240K(103424K)] 400129K->323584K(1035776K), 0.0012358 secs] [Times: user=0.00 sys=0.00, real=0.00 secs] 
82.703: [GC (Allocation Failure) [PSYoungGen: 100104K->6144K(103424K)] 669448K->575488K(1035776K), 0.0015973 secs] [Times: user=0.00 sys=0.00, real=0.00 secs] 
84.992: [GC (Allocation Failure) [PSYoungGen: 87820K->5120K(103424K)] 810764K->728064K(1035776K), 0.0015652 secs] [Times: user=0.02 sys=0.00, real=0.00 secs] 
86.512: [GC (Allocation Failure) [PSYoungGen: 89871K->10240K(103424K)] 966415K->902144K(1035776K), 0.0023860 secs] [Times: user=0.00 sys=0.00, real=0.00 secs] 
86.514: [Full GC (Ergonomics) [PSYoungGen: 10240K->0K(103424K)] [ParOldGen: 891904K->26129K(932352K)] 902144K->26129K(1035776K), [Metaspace: 2796K->2796K(1056768K)], 0.0041312 secs] [Times: user=0.00 sys=0.00, real=0.00 secs] 
87.277: [GC (Allocation Failure) [PSYoungGen: 89873K->5120K(103424K)] 218402K->154129K(1035776K), 0.0023960 secs] [Times: user=0.00 sys=0.00, real=0.00 secs] 
89.237: [GC (Allocation Failure) [PSYoungGen: 93970K->10240K(103424K)] 294179K->210449K(1035776K), 0.0009862 secs] [Times: user=0.00 sys=0.00, real=0.00 secs] 
90.767: [GC (Allocation Failure) [PSYoungGen: 94995K->10240K(103424K)] 448804K->374289K(1035776K), 0.0017726 secs] [Times: user=0.00 sys=0.00, real=0.00 secs] 
91.531: [GC (Allocation Failure) [PSYoungGen: 100115K->6144K(103424K)] 566565K->472593K(1035776K), 0.0013770 secs] [Times: user=0.00 sys=0.00, real=0.00 secs] 
93.710: [GC (Allocation Failure) [PSYoungGen: 85780K->11264K(103424K)] 552229K->487953K(1035776K), 0.0019294 secs] [Times: user=0.00 sys=0.00, real=0.00 secs] 
94.585: [GC (Allocation Failure) [PSYoungGen: 101133K->11264K(103424K)] 680223K->590353K(1035776K), 0.0011588 secs] [Times: user=0.00 sys=0.00, real=0.00 secs] 
96.551: [GC (Allocation Failure) [PSYoungGen: 90896K->10240K(103424K)] 823585K->742929K(1035776K), 0.0016575 secs] [Times: user=0.00 sys=0.00, real=0.00 secs] 
97.425: [GC (Allocation Failure) [PSYoungGen: 100113K->10240K(103424K)] 935203K->865809K(1035776K), 0.0026256 secs] [Times: user=0.00 sys=0.00, real=0.00 secs] 
98.187: [Full GC (Ergonomics) [PSYoungGen: 68370K->0K(103424K)] [ParOldGen: 906769K->77329K(932352K)] 975140K->77329K(1035776K), [Metaspace: 2796K->2796K(1056768K)], 0.0075978 secs] [Times: user=0.00 sys=0.00, real=0.01 secs] 
100.604: [GC (Allocation Failure) [PSYoungGen: 89875K->10240K(103424K)] 423204K->343569K(1035776K), 0.0010382 secs] [Times: user=0.00 sys=0.00, real=0.00 secs] 
102.132: [GC (Allocation Failure) [PSYoungGen: 94995K->11264K(103424K)] 581925K->508433K(1035776K), 0.0020812 secs] [Times: user=0.00 sys=0.00, real=0.00 secs] 
102.896: [GC (Allocation Failure) [PSYoungGen: 101140K->7168K(103424K)] 700709K->606737K(1035776K), 0.0014639 secs] [Times: user=0.00 sys=0.00, real=0.00 secs] 
105.074: [GC (Allocation Failure) [PSYoungGen: 96020K->10240K(103424K)] 695589K->625169K(1035776K), 0.0018004 secs] [Times: user=0.00 sys=0.00, real=0.00 secs] 
105.951: [GC (Allocation Failure) [PSYoungGen: 100110K->10240K(103424K)] 817440K->727569K(1035776K), 0.0015615 secs] [Times: user=0.00 sys=0.00, real=0.00 secs] 
107.913: [GC (Allocation Failure) [PSYoungGen: 84752K->5120K(103424K)] 955682K->876049K(1035776K), 0.0019938 secs] [Times: user=0.02 sys=0.00, real=0.00 secs] 
108.132: [GC (Allocation Failure) --[PSYoungGen: 78610K->78610K(103424K)] 949539K->1000739K(1035776K), 0.0043177 secs] [Times: user=0.00 sys=0.00, real=0.00 secs] 
108.137: [Full GC (Ergonomics) [PSYoungGen: 78610K->0K(103424K)] [ParOldGen: 922129K->52224K(932352K)] 1000739K->52224K(1035776K), [Metaspace: 2796K->2796K(1056768K)], 0.0059039 secs] [Times: user=0.00 sys=0.00, real=0.01 secs] 
110.110: [GC (Allocation Failure) [PSYoungGen: 86796K->10240K(103424K)] 395020K->318464K(1035776K), 0.0012523 secs] [Times: user=0.00 sys=0.00, real=0.00 secs] 
112.076: [GC (Allocation Failure) [PSYoungGen: 93967K->10240K(103424K)] 555791K->477184K(1035776K), 0.0022772 secs] [Times: user=0.00 sys=0.00, real=0.00 secs] 
112.839: [GC (Allocation Failure) [PSYoungGen: 100113K->6144K(103424K)] 669457K->575488K(1035776K), 0.0024493 secs] [Times: user=0.00 sys=0.00, real=0.00 secs] 
114.583: [GC (Allocation Failure) [PSYoungGen: 96018K->11264K(103424K)] 818962K->744448K(1035776K), 0.0031486 secs] [Times: user=0.00 sys=0.00, real=0.00 secs] 
116.442: [GC (Allocation Failure) [PSYoungGen: 94995K->10240K(103424K)] 828179K->748544K(1035776K), 0.0021360 secs] [Times: user=0.00 sys=0.00, real=0.00 secs] 
117.313: [GC (Allocation Failure) [PSYoungGen: 100109K->5120K(103424K)] 940813K->866304K(1035776K), 0.0025287 secs] [Times: user=0.00 sys=0.00, real=0.00 secs] 
118.081: [Full GC (Ergonomics) [PSYoungGen: 63248K->0K(103424K)] [ParOldGen: 912384K->82449K(932352K)] 975632K->82449K(1035776K), [Metaspace: 2796K->2796K(1056768K)], 0.0073294 secs] [Times: user=0.00 sys=0.00, real=0.01 secs] 
120.057: [GC (Allocation Failure) [PSYoungGen: 86801K->5120K(103424K)] 374051K->292369K(1035776K), 0.0009760 secs] [Times: user=0.00 sys=0.00, real=0.00 secs] 
121.802: [GC (Allocation Failure) [PSYoungGen: 94994K->11264K(103424K)] 535844K->452113K(1035776K), 0.0011840 secs] [Times: user=0.00 sys=0.00, real=0.00 secs] 
123.547: [GC (Allocation Failure) [PSYoungGen: 85779K->10240K(103424K)] 680228K->614929K(1035776K), 0.0017621 secs] [Times: user=0.00 sys=0.00, real=0.00 secs] 
124.420: [GC (Allocation Failure) [PSYoungGen: 100115K->10240K(103424K)] 807205K->717329K(1035776K), 0.0017514 secs] [Times: user=0.00 sys=0.00, real=0.00 secs] 
126.167: [GC (Allocation Failure) [PSYoungGen: 100116K->10240K(103424K)] 960805K->886289K(1035776K), 0.0022373 secs] [Times: user=0.00 sys=0.00, real=0.00 secs] 
127.804: [GC (Allocation Failure) [PSYoungGen: 99092K->10240K(103424K)] 975141K->891409K(1035776K), 0.0021680 secs] [Times: user=0.00 sys=0.00, real=0.00 secs] 
128.023: [GC (Allocation Failure) --[PSYoungGen: 83726K->83726K(103424K)] 964896K->964896K(1035776K), 0.0022941 secs] [Times: user=0.01 sys=0.00, real=0.00 secs] 
128.025: [Full GC (Ergonomics) [PSYoungGen: 83726K->0K(103424K)] [ParOldGen: 881169K->57344K(932352K)] 964896K->57344K(1035776K), [Metaspace: 2796K->2796K(1056768K)], 0.0059389 secs] [Times: user=0.00 sys=0.00, real=0.01 secs] 
130.003: [GC (Allocation Failure) [PSYoungGen: 86785K->10240K(103424K)] 400129K->323584K(1035776K), 0.0009679 secs] [Times: user=0.00 sys=0.00, real=0.00 secs] 
132.402: [GC (Allocation Failure) [PSYoungGen: 100104K->6144K(103424K)] 669448K->575488K(1035776K), 0.0013609 secs] [Times: user=0.00 sys=0.00, real=0.00 secs] 
134.693: [GC (Allocation Failure) [PSYoungGen: 87820K->5120K(103424K)] 810764K->728064K(1035776K), 0.0023086 secs] [Times: user=0.00 sys=0.00, real=0.00 secs] 
136.222: [GC (Allocation Failure) [PSYoungGen: 89871K->10240K(103424K)] 966415K->902144K(1035776K), 0.0025500 secs] [Times: user=0.00 sys=0.00, real=0.00 secs] 
136.224: [Full GC (Ergonomics) [PSYoungGen: 10240K->0K(103424K)] [ParOldGen: 891904K->26129K(932352K)] 902144K->26129K(1035776K), [Metaspace: 2796K->2796K(1056768K)], 0.0042676 secs] [Times: user=0.00 sys=0.00, real=0.00 secs] 
136.986: [GC (Allocation Failure) [PSYoungGen: 89873K->5120K(103424K)] 218402K->154129K(1035776K), 0.0025011 secs] [Times: user=0.00 sys=0.00, real=0.00 secs] 
138.945: [GC (Allocation Failure) [PSYoungGen: 93970K->10240K(103424K)] 294179K->210449K(1035776K), 0.0010405 secs] [Times: user=0.00 sys=0.00, real=0.00 secs] 
140.472: [GC (Allocation Failure) [PSYoungGen: 94995K->10240K(103424K)] 448804K->374289K(1035776K), 0.0019296 secs] [Times: user=0.00 sys=0.00, real=0.00 secs] 
141.236: [GC (Allocation Failure) [PSYoungGen: 100115K->11264K(103424K)] 566565K->482833K(1035776K), 0.0014847 secs] [Times: user=0.00 sys=0.00, real=0.00 secs] 
143.422: [GC (Allocation Failure) [PSYoungGen: 90900K->11264K(103424K)] 562469K->493073K(1035776K), 0.0020982 secs] [Times: user=0.00 sys=0.00, real=0.00 secs] 
144.294: [GC (Allocation Failure) [PSYoungGen: 101133K->11264K(103424K)] 685343K->595473K(1035776K), 0.0015451 secs] [Times: user=0.00 sys=0.00, real=0.00 secs] 
146.257: [GC (Allocation Failure) [PSYoungGen: 90896K->10240K(103424K)] 828705K->748049K(1035776K), 0.0014508 secs] [Times: user=0.00 sys=0.00, real=0.00 secs] 
147.130: [GC (Allocation Failure) [PSYoungGen: 100113K->10240K(103424K)] 940323K->870929K(1035776K), 0.0025834 secs] [Times: user=0.00 sys=0.00, real=0.00 secs] 
147.893: [Full GC (Ergonomics) [PSYoungGen: 68370K->0K(103424K)] [ParOldGen: 911889K->77329K(932352K)] 980260K->77329K(1035776K), [Metaspace: 2796K->2796K(1056768K)], 0.0072830 secs] [Times: user=0.00 sys=0.00, real=0.01 secs] 
150.308: [GC (Allocation Failure) [PSYoungGen: 89875K->10240K(103424K)] 423204K->343569K(1035776K), 0.0012132 secs] [Times: user=0.00 sys=0.00, real=0.00 secs] 
151.837: [GC (Allocation Failure) [PSYoungGen: 94995K->11264K(103424K)] 581925K->508433K(1035776K), 0.0017514 secs] [Times: user=0.00 sys=0.00, real=0.00 secs] 
152.601: [GC (Allocation Failure) [PSYoungGen: 101140K->12288K(103424K)] 700709K->616977K(1035776K), 0.0015915 secs] [Times: user=0.00 sys=0.00, real=0.00 secs] 
154.778: [GC (Allocation Failure) [PSYoungGen: 101140K->10240K(103424K)] 705829K->630289K(1035776K), 0.0018438 secs] [Times: user=0.00 sys=0.00, real=0.00 secs] 
155.653: [GC (Allocation Failure) [PSYoungGen: 100110K->10240K(103424K)] 822560K->732689K(1035776K), 0.0017980 secs] [Times: user=0.00 sys=0.00, real=0.00 secs] 
157.616: [GC (Allocation Failure) [PSYoungGen: 84752K->5120K(103424K)] 960802K->881169K(1035776K), 0.0019868 secs] [Times: user=0.02 sys=0.00, real=0.00 secs] 
157.833: [GC (Allocation Failure) --[PSYoungGen: 78610K->78610K(103424K)] 954659K->1005859K(1035776K), 0.0043963 secs] [Times: user=0.00 sys=0.00, real=0.00 secs] 
157.837: [Full GC (Ergonomics) [PSYoungGen: 78610K->0K(103424K)] [ParOldGen: 927249K->52224K(932352K)] 1005859K->52224K(1035776K), [Metaspace: 2796K->2796K(1056768K)], 0.0057306 secs] [Times: user=0.00 sys=0.00, real=0.01 secs] 
159.812: [GC (Allocation Failure) [PSYoungGen: 86796K->10240K(103424K)] 395020K->318464K(1035776K), 0.0010448 secs] [Times: user=0.00 sys=0.00, real=0.00 secs] 
161.781: [GC (Allocation Failure) [PSYoungGen: 93967K->10240K(103424K)] 555791K->477184K(1035776K), 0.0016117 secs] [Times: user=0.00 sys=0.00, real=0.00 secs] 
162.544: [GC (Allocation Failure) [PSYoungGen: 100113K->6144K(103424K)] 669457K->575488K(1035776K), 0.0015712 secs] [Times: user=0.00 sys=0.00, real=0.00 secs] 
164.291: [GC (Allocation Failure) [PSYoungGen: 96018K->11264K(103424K)] 818962K->744448K(1035776K), 0.0025847 secs] [Times: user=0.00 sys=0.00, real=0.00 secs] 
166.153: [GC (Allocation Failure) [PSYoungGen: 94995K->10240K(103424K)] 828179K->748544K(1035776K), 0.0029918 secs] [Times: user=0.00 sys=0.00, real=0.00 secs] 
167.026: [GC (Allocation Failure) [PSYoungGen: 100109K->5120K(103424K)] 940813K->866304K(1035776K), 0.0027501 secs] [Times: user=0.00 sys=0.00, real=0.00 secs] 
167.792: [Full GC (Ergonomics) [PSYoungGen: 63248K->0K(103424K)] [ParOldGen: 912384K->82449K(932352K)] 975632K->82449K(1035776K), [Metaspace: 2796K->2796K(1056768K)], 0.0082455 secs] [Times: user=0.00 sys=0.00, real=0.01 secs] 
169.769: [GC (Allocation Failure) [PSYoungGen: 86801K->5120K(103424K)] 374051K->292369K(1035776K), 0.0009496 secs] [Times: user=0.00 sys=0.00, real=0.00 secs] 
171.517: [GC (Allocation Failure) [PSYoungGen: 94994K->11264K(103424K)] 535844K->452113K(1035776K), 0.0012759 secs] [Times: user=0.00 sys=0.00, real=0.00 secs] 
173.263: [GC (Allocation Failure) [PSYoungGen: 85779K->10240K(103424K)] 680228K->614929K(1035776K), 0.0018110 secs] [Times: user=0.00 sys=0.00, real=0.00 secs] 
174.135: [GC (Allocation Failure) [PSYoungGen: 100115K->10240K(103424K)] 807205K->717329K(1035776K), 0.0013826 secs] [Times: user=0.00 sys=0.00, real=0.00 secs] 
175.880: [GC (Allocation Failure) [PSYoungGen: 100116K->10240K(103424K)] 960805K->886289K(1035776K), 0.0023284 secs] [Times: user=0.00 sys=0.00, real=0.00 secs] 
177.512: [GC (Allocation Failure) [PSYoungGen: 99092K->10240K(103424K)] 975141K->891409K(1035776K), 0.0016494 secs] [Times: user=0.00 sys=0.00, real=0.00 secs] 
177.729: [GC (Allocation Failure) --[PSYoungGen: 83726K->83726K(103424K)] 964896K->964896K(1035776K), 0.0014403 secs] [Times: user=0.00 sys=0.00, real=0.00 secs] 
177.730: [Full GC (Ergonomics) [PSYoungGen: 83726K->0K(103424K)] [ParOldGen: 881169K->57344K(932352K)] 964896K->57344K(1035776K), [Metaspace: 2796K->2796K(1056768K)], 0.0058561 secs] [Times: user=0.00 sys=0.00, real=0.01 secs] 
179.709: [GC (Allocation Failure) [PSYoungGen: 86785K->10240K(103424K)] 400129K->323584K(1035776K), 0.0011774 secs] [Times: user=0.00 sys=0.00, real=0.00 secs] 
182.105: [GC (Allocation Failure) [PSYoungGen: 100104K->6144K(103424K)] 669448K->575488K(1035776K), 0.0015127 secs] [Times: user=0.00 sys=0.00, real=0.00 secs] 
184.395: [GC (Allocation Failure) [PSYoungGen: 87820K->5120K(103424K)] 810764K->728064K(1035776K), 0.0017985 secs] [Times: user=0.00 sys=0.00, real=0.00 secs] 
185.924: [GC (Allocation Failure) [PSYoungGen: 89871K->10240K(103424K)] 966415K->902144K(1035776K), 0.0029955 secs] [Times: user=0.00 sys=0.00, real=0.00 secs] 
185.927: [Full GC (Ergonomics) [PSYoungGen: 10240K->0K(103424K)] [ParOldGen: 891904K->26129K(932352K)] 902144K->26129K(1035776K), [Metaspace: 2796K->2796K(1056768K)], 0.0044138 secs] [Times: user=0.00 sys=0.00, real=0.00 secs] 
186.685: [GC (Allocation Failure) [PSYoungGen: 89873K->5120K(103424K)] 218402K->154129K(1035776K), 0.0023367 secs] [Times: user=0.00 sys=0.00, real=0.00 secs] 
188.650: [GC (Allocation Failure) [PSYoungGen: 93970K->10240K(103424K)] 294179K->210449K(1035776K), 0.0011317 secs] [Times: user=0.00 sys=0.00, real=0.00 secs] 
190.178: [GC (Allocation Failure) [PSYoungGen: 94995K->10240K(103424K)] 448804K->374289K(1035776K), 0.0019397 secs] [Times: user=0.00 sys=0.00, real=0.00 secs] 
190.938: [GC (Allocation Failure) [PSYoungGen: 100115K->11296K(103424K)] 566565K->482865K(1035776K), 0.0015308 secs] [Times: user=0.00 sys=0.00, real=0.00 secs] 
193.115: [GC (Allocation Failure) [PSYoungGen: 90932K->11296K(103424K)] 562501K->493105K(1035776K), 0.0019284 secs] [Times: user=0.00 sys=0.00, real=0.00 secs] 
193.987: [GC (Allocation Failure) [PSYoungGen: 101165K->11328K(103424K)] 685375K->595537K(1035776K), 0.0012942 secs] [Times: user=0.00 sys=0.00, real=0.00 secs] 
195.953: [GC (Allocation Failure) [PSYoungGen: 90960K->10304K(103424K)] 828769K->748113K(1035776K), 0.0018012 secs] [Times: user=0.00 sys=0.00, real=0.00 secs] 
196.827: [GC (Allocation Failure) [PSYoungGen: 100177K->10272K(103424K)] 940387K->870961K(1035776K), 0.0025059 secs] [Times: user=0.00 sys=0.00, real=0.00 secs] 
197.591: [Full GC (Ergonomics) [PSYoungGen: 68402K->0K(103424K)] [ParOldGen: 911889K->77329K(932352K)] 980292K->77329K(1035776K), [Metaspace: 2796K->2796K(1056768K)], 0.0071641 secs] [Times: user=0.00 sys=0.00, real=0.01 secs] 
200.004: [GC (Allocation Failure) [PSYoungGen: 89875K->10240K(103424K)] 423205K->343569K(1035776K), 0.0010999 secs] [Times: user=0.00 sys=0.00, real=0.00 secs] 
201.528: [GC (Allocation Failure) [PSYoungGen: 94995K->11264K(103424K)] 581925K->508433K(1035776K), 0.0019615 secs] [Times: user=0.00 sys=0.00, real=0.00 secs] 
202.291: [GC (Allocation Failure) [PSYoungGen: 101140K->7168K(103424K)] 700709K->606737K(1035776K), 0.0014977 secs] [Times: user=0.00 sys=0.00, real=0.00 secs] 
204.472: [GC (Allocation Failure) [PSYoungGen: 96020K->10240K(103424K)] 695590K->625169K(1035776K), 0.0018639 secs] [Times: user=0.00 sys=0.00, real=0.00 secs] 
205.347: [GC (Allocation Failure) [PSYoungGen: 100110K->10240K(103424K)] 817440K->727569K(1035776K), 0.0014668 secs] [Times: user=0.00 sys=0.00, real=0.00 secs] 
207.306: [GC (Allocation Failure) [PSYoungGen: 84752K->5120K(103424K)] 955682K->876049K(1035776K), 0.0019957 secs] [Times: user=0.00 sys=0.00, real=0.00 secs] 
207.524: [GC (Allocation Failure) --[PSYoungGen: 78610K->78610K(103424K)] 949540K->1000740K(1035776K), 0.0047072 secs] [Times: user=0.00 sys=0.00, real=0.00 secs] 
207.529: [Full GC (Ergonomics) [PSYoungGen: 78610K->0K(103424K)] [ParOldGen: 922129K->52224K(932352K)] 1000740K->52224K(1035776K), [Metaspace: 2796K->2796K(1056768K)], 0.0059465 secs] [Times: user=0.00 sys=0.00, real=0.01 secs] 
209.503: [GC (Allocation Failure) [PSYoungGen: 86796K->10240K(103424K)] 395020K->318464K(1035776K), 0.0011881 secs] [Times: user=0.00 sys=0.00, real=0.00 secs] 
211.468: [GC (Allocation Failure) [PSYoungGen: 93967K->10240K(103424K)] 555791K->477184K(1035776K), 0.0016439 secs] [Times: user=0.00 sys=0.00, real=0.00 secs] 
212.229: [GC (Allocation Failure) [PSYoungGen: 100113K->6144K(103424K)] 669457K->575488K(1035776K), 0.0015201 secs] [Times: user=0.00 sys=0.00, real=0.00 secs] 
213.975: [GC (Allocation Failure) [PSYoungGen: 96018K->11264K(103424K)] 818962K->744448K(1035776K), 0.0018595 secs] [Times: user=0.00 sys=0.00, real=0.00 secs] 
215.824: [GC (Allocation Failure) [PSYoungGen: 94995K->10240K(103424K)] 828179K->748544K(1035776K), 0.0018032 secs] [Times: user=0.00 sys=0.00, real=0.00 secs] 
216.693: [GC (Allocation Failure) [PSYoungGen: 100109K->5120K(103424K)] 940814K->866304K(1035776K), 0.0024155 secs] [Times: user=0.00 sys=0.00, real=0.00 secs] 
217.456: [Full GC (Ergonomics) [PSYoungGen: 63248K->0K(103424K)] [ParOldGen: 912384K->82449K(932352K)] 975632K->82449K(1035776K), [Metaspace: 2796K->2796K(1056768K)], 0.0075001 secs] [Times: user=0.00 sys=0.00, real=0.01 secs] 
Heap
 PSYoungGen      total 103424K, used 25126K [0x00000000f8e80000, 0x0000000100000000, 0x0000000100000000)
  eden space 90624K, 27% used [0x00000000f8e80000,0x00000000fa7099f8,0x00000000fe700000)
  from space 12800K, 0% used [0x00000000ff380000,0x00000000ff380000,0x0000000100000000)
  to   space 12800K, 0% used [0x00000000fe700000,0x00000000fe700000,0x00000000ff380000)
 ParOldGen       total 932352K, used 184849K [0x00000000c0000000, 0x00000000f8e80000, 0x00000000f8e80000)
  object space 932352K, 19% used [0x00000000c0000000,0x00000000cb484730,0x00000000f8e80000)
 Metaspace       used 2804K, capacity 4486K, committed 4864K, reserved 1056768K
  class space    used 297K, capacity 386K, committed 512K, reserved 1048576K
