Java HotSpot(TM) 64-Bit Server VM (25.411-b09) for windows-amd64 JRE (1.8.0_411-b09), built on Mar 13 2024 07:26:13 by "java_re" with MS VC++ 17.1 (VS2022)
Memory: 4k page, physical 33403376k(14501088k free), swap 36670664k(7371816k free)
CommandLine flags: -XX:InitialHeapSize=536870912 -XX:MaxHeapSize=536870912 -XX:NewRatio=8 -XX:ParallelGCThreads=6 -XX:+PrintGC -XX:+PrintGCDetails -XX:+PrintGCTimeStamps -XX:SurvivorRatio=2 -XX:-UseAdaptiveSizePolicy -XX:+UseCompressedClassPointers -XX:+UseCompressedOops -XX:-UseLargePagesIndividualAllocation -XX:+UseParallelGC 
0.715: [GC (Allocation Failure) [PSYoungGen: 24279K->5752K(43520K)] 24279K->5760K(509952K), 0.0023185 secs] [Times: user=0.00 sys=0.00, real=0.00 secs] 
1.044: [GC (Allocation Failure) [PSYoungGen: 26801K->10912K(43520K)] 26809K->16040K(509952K), 0.0040466 secs] [Times: user=0.00 sys=0.00, real=0.00 secs] 
2.073: [GC (Allocation Failure) [PSYoungGen: 39130K->6880K(43520K)] 218338K->186088K(509952K), 0.0009830 secs] [Times: user=0.00 sys=0.00, real=0.00 secs] 
2.508: [GC (Allocation Failure) [PSYoungGen: 33055K->6832K(43520K)] 212263K->196280K(509952K), 0.0037444 secs] [Times: user=0.00 sys=0.00, real=0.00 secs] 
3.538: [GC (Allocation Failure) [PSYoungGen: 35053K->12904K(43520K)] 398582K->376432K(509952K), 0.0024688 secs] [Times: user=0.00 sys=0.00, real=0.00 secs] 
4.631: [GC (Allocation Failure) [PSYoungGen: 40105K->1624K(43520K)] 403633K->365152K(509952K), 0.0007626 secs] [Times: user=0.00 sys=0.00, real=0.00 secs] 
5.175: [GC (Allocation Failure) [PSYoungGen: 27799K->10896K(43520K)] 391327K->374424K(509952K), 0.0011800 secs] [Times: user=0.00 sys=0.00, real=0.00 secs] 
5.735: [GC (Allocation Failure) [PSYoungGen: 37069K->10912K(43520K)] 472278K->451240K(509952K), 0.0023569 secs] [Times: user=0.00 sys=0.00, real=0.00 secs] 
5.738: [Full GC (Ergonomics) [PSYoungGen: 10912K->0K(43520K)] [ParOldGen: 440328K->67088K(466432K)] 451240K->67088K(509952K), [Metaspace: 2753K->2753K(1056768K)], 0.0114647 secs] [Times: user=0.00 sys=0.00, real=0.01 secs] 
6.627: [GC (Allocation Failure) [PSYoungGen: 28225K->10240K(43520K)] 197714K->179728K(509952K), 0.0013321 secs] [Times: user=0.00 sys=0.00, real=0.00 secs] 
7.502: [GC (Allocation Failure) [PSYoungGen: 38759K->6176K(43520K)] 382328K->349752K(509952K), 0.0012671 secs] [Times: user=0.00 sys=0.00, real=0.00 secs] 
8.596: [GC (Allocation Failure) [PSYoungGen: 22117K->32K(43520K)] 437374K->415288K(509952K), 0.0009571 secs] [Times: user=0.00 sys=0.00, real=0.00 secs] 
8.597: [GC (Allocation Failure) [PSYoungGen: 32K->32K(43520K)] 415288K->415288K(509952K), 0.0008077 secs] [Times: user=0.00 sys=0.00, real=0.00 secs] 
8.598: [Full GC (Allocation Failure) [PSYoungGen: 32K->0K(43520K)] [ParOldGen: 415256K->51728K(466432K)] 415288K->51728K(509952K), [Metaspace: 2759K->2759K(1056768K)], 0.0050725 secs] [Times: user=0.00 sys=0.00, real=0.00 secs] 
9.484: [GC (Allocation Failure) [PSYoungGen: 28230K->10240K(43520K)] 182358K->164368K(509952K), 0.0010599 secs] [Times: user=0.00 sys=0.00, real=0.00 secs] 
10.358: [GC (Allocation Failure) [PSYoungGen: 38470K->6144K(43520K)] 366679K->334352K(509952K), 0.0010340 secs] [Times: user=0.00 sys=0.00, real=0.00 secs] 
10.904: [GC (Allocation Failure) [PSYoungGen: 32327K->10240K(43520K)] 360536K->343568K(509952K), 0.0015677 secs] [Times: user=0.00 sys=0.00, real=0.00 secs] 
11.450: [GC (Allocation Failure) [PSYoungGen: 36418K->5120K(43520K)] 441427K->410129K(509952K), 0.0011032 secs] [Times: user=0.00 sys=0.00, real=0.00 secs] 
11.451: [GC (Allocation Failure) [PSYoungGen: 5120K->5120K(43520K)] 410129K->410129K(509952K), 0.0009178 secs] [Times: user=0.00 sys=0.00, real=0.00 secs] 
11.452: [Full GC (Allocation Failure) [PSYoungGen: 5120K->0K(43520K)] [ParOldGen: 405008K->215568K(466432K)] 410129K->215568K(509952K), [Metaspace: 2761K->2761K(1056768K)], 0.0115107 secs] [Times: user=0.00 sys=0.00, real=0.01 secs] 
12.557: [GC (Allocation Failure) [PSYoungGen: 22084K->5120K(43520K)] 340053K->333328K(509952K), 0.0016552 secs] [Times: user=0.00 sys=0.00, real=0.00 secs] 
12.888: [GC (Allocation Failure) [PSYoungGen: 16131K->5152K(43520K)] 416020K->405049K(509952K), 0.0012599 secs] [Times: user=0.00 sys=0.00, real=0.00 secs] 
12.889: [GC (Allocation Failure) [PSYoungGen: 5152K->5216K(43520K)] 405049K->405113K(509952K), 0.0007561 secs] [Times: user=0.00 sys=0.00, real=0.00 secs] 
12.890: [Full GC (Allocation Failure) [PSYoungGen: 5216K->0K(43520K)] [ParOldGen: 399897K->56849K(466432K)] 405113K->56849K(509952K), [Metaspace: 2763K->2763K(1056768K)], 0.0051484 secs] [Times: user=0.00 sys=0.00, real=0.01 secs] 
13.776: [GC (Allocation Failure) [PSYoungGen: 28229K->6144K(43520K)] 187478K->165393K(509952K), 0.0007566 secs] [Times: user=0.00 sys=0.00, real=0.00 secs] 
14.650: [GC (Allocation Failure) [PSYoungGen: 34374K->12288K(43520K)] 367703K->345617K(509952K), 0.0014052 secs] [Times: user=0.00 sys=0.00, real=0.00 secs] 
15.196: [GC (Allocation Failure) [PSYoungGen: 38470K->11264K(43520K)] 371800K->354833K(509952K), 0.0018093 secs] [Times: user=0.00 sys=0.00, real=0.00 secs] 
16.071: [GC (Allocation Failure) [PSYoungGen: 37442K->10240K(43520K)] 381011K->353809K(509952K), 0.0013272 secs] [Times: user=0.00 sys=0.00, real=0.00 secs] 
16.615: [GC (Allocation Failure) [PSYoungGen: 36416K->10240K(43520K)] 379985K->353809K(509952K), 0.0009653 secs] [Times: user=0.00 sys=0.00, real=0.00 secs] 
17.159: [GC (Allocation Failure) [PSYoungGen: 36414K->5120K(43520K)] 451663K->420369K(509952K), 0.0008170 secs] [Times: user=0.00 sys=0.00, real=0.00 secs] 
17.160: [GC (Allocation Failure) [PSYoungGen: 5120K->5120K(43520K)] 420369K->420369K(509952K), 0.0007959 secs] [Times: user=0.00 sys=0.00, real=0.00 secs] 
17.161: [Full GC (Allocation Failure) [PSYoungGen: 5120K->0K(43520K)] [ParOldGen: 415249K->77329K(466432K)] 420369K->77329K(509952K), [Metaspace: 2768K->2768K(1056768K)], 0.0064122 secs] [Times: user=0.00 sys=0.00, real=0.01 secs] 
18.047: [GC (Allocation Failure) [PSYoungGen: 28225K->10240K(43520K)] 207954K->189969K(509952K), 0.0010658 secs] [Times: user=0.00 sys=0.00, real=0.00 secs] 
18.922: [GC (Allocation Failure) [PSYoungGen: 38467K->6144K(43520K)] 392276K->359953K(509952K), 0.0009395 secs] [Times: user=0.00 sys=0.00, real=0.00 secs] 
20.013: [GC (Allocation Failure) [PSYoungGen: 27205K->0K(43520K)] 432214K->405009K(509952K), 0.0008723 secs] [Times: user=0.00 sys=0.00, real=0.00 secs] 
20.014: [GC (Allocation Failure) [PSYoungGen: 0K->0K(43520K)] 405009K->405009K(509952K), 0.0009707 secs] [Times: user=0.00 sys=0.00, real=0.00 secs] 
20.015: [Full GC (Allocation Failure) [PSYoungGen: 0K->0K(43520K)] [ParOldGen: 405009K->51729K(466432K)] 405009K->51729K(509952K), [Metaspace: 2770K->2770K(1056768K)], 0.0049451 secs] [Times: user=0.00 sys=0.00, real=0.01 secs] 
20.899: [GC (Allocation Failure) [PSYoungGen: 28230K->10240K(43520K)] 182359K->164369K(509952K), 0.0008846 secs] [Times: user=0.00 sys=0.00, real=0.00 secs] 
21.777: [GC (Allocation Failure) [PSYoungGen: 38470K->7168K(43520K)] 366679K->335377K(509952K), 0.0009149 secs] [Times: user=0.00 sys=0.00, real=0.00 secs] 
22.325: [GC (Allocation Failure) [PSYoungGen: 33351K->11264K(43520K)] 361560K->339473K(509952K), 0.0011215 secs] [Times: user=0.00 sys=0.00, real=0.00 secs] 
22.873: [GC (Allocation Failure) [PSYoungGen: 37442K->11264K(43520K)] 437332K->411153K(509952K), 0.0010893 secs] [Times: user=0.00 sys=0.00, real=0.00 secs] 
22.875: [GC (Allocation Failure) [PSYoungGen: 11264K->11264K(43520K)] 411153K->411153K(509952K), 0.0009285 secs] [Times: user=0.00 sys=0.00, real=0.00 secs] 
22.876: [Full GC (Allocation Failure) [PSYoungGen: 11264K->0K(43520K)] [ParOldGen: 399889K->165393K(466432K)] 411153K->165393K(509952K), [Metaspace: 2779K->2779K(1056768K)], 0.0122110 secs] [Times: user=0.02 sys=0.00, real=0.01 secs] 
24.419: [GC (Allocation Failure) [PSYoungGen: 28228K->10240K(43520K)] 470101K->452113K(509952K), 0.0014558 secs] [Times: user=0.00 sys=0.00, real=0.00 secs] 
25.184: [GC (Allocation Failure) [PSYoungGen: 38469K->10240K(43520K)] 480342K->462353K(509952K), 0.0043281 secs] [Times: user=0.00 sys=0.00, real=0.00 secs] 
25.188: [Full GC (Ergonomics) [PSYoungGen: 10240K->0K(43520K)] [ParOldGen: 452113K->21009K(466432K)] 462353K->21009K(509952K), [Metaspace: 2779K->2779K(1056768K)], 0.0029575 secs] [Times: user=0.00 sys=0.00, real=0.00 secs] 
26.062: [GC (Allocation Failure) [PSYoungGen: 28226K->11264K(43520K)] 223315K->206353K(509952K), 0.0012965 secs] [Times: user=0.00 sys=0.00, real=0.00 secs] 
26.605: [GC (Allocation Failure) [PSYoungGen: 37444K->10240K(43520K)] 232533K->215569K(509952K), 0.0017647 secs] [Times: user=0.00 sys=0.00, real=0.00 secs] 
27.595: [GC (Allocation Failure) [PSYoungGen: 36416K->0K(43520K)] 262226K->225809K(509952K), 0.0005606 secs] [Times: user=0.00 sys=0.00, real=0.00 secs] 
28.142: [GC (Allocation Failure) [PSYoungGen: 26179K->10240K(43520K)] 251988K->236049K(509952K), 0.0012069 secs] [Times: user=0.00 sys=0.00, real=0.00 secs] 
29.012: [GC (Allocation Failure) [PSYoungGen: 38654K->10272K(43520K)] 438543K->410169K(509952K), 0.0011106 secs] [Times: user=0.00 sys=0.00, real=0.00 secs] 
29.557: [GC (Allocation Failure) [PSYoungGen: 36450K->10336K(43520K)] 436348K->415353K(509952K), 0.0013734 secs] [Times: user=0.00 sys=0.00, real=0.00 secs] 
29.885: [GC (Allocation Failure) [PSYoungGen: 31392K->10272K(43520K)] 456889K->435769K(509952K), 0.0010680 secs] [Times: user=0.02 sys=0.00, real=0.00 secs] 
29.887: [GC (Allocation Failure) [PSYoungGen: 10272K->10304K(43520K)] 435769K->435801K(509952K), 0.0010236 secs] [Times: user=0.00 sys=0.00, real=0.00 secs] 
29.888: [Full GC (Allocation Failure) [PSYoungGen: 10304K->0K(43520K)] [ParOldGen: 425497K->82449K(466432K)] 435801K->82449K(509952K), [Metaspace: 2793K->2793K(1056768K)], 0.0072199 secs] [Times: user=0.00 sys=0.00, real=0.01 secs] 
31.538: [GC (Allocation Failure) [PSYoungGen: 28226K->0K(43520K)] 366676K->338449K(509952K), 0.0008287 secs] [Times: user=0.00 sys=0.00, real=0.00 secs] 
32.301: [GC (Allocation Failure) [PSYoungGen: 28228K->6144K(43520K)] 366678K->344593K(509952K), 0.0008263 secs] [Times: user=0.00 sys=0.00, real=0.00 secs] 
32.844: [GC (Allocation Failure) [PSYoungGen: 32321K->6144K(43520K)] 442450K->416273K(509952K), 0.0008983 secs] [Times: user=0.00 sys=0.00, real=0.00 secs] 
32.845: [GC (Allocation Failure) [PSYoungGen: 6144K->6144K(43520K)] 416273K->416273K(509952K), 0.0012429 secs] [Times: user=0.00 sys=0.00, real=0.00 secs] 
32.846: [Full GC (Allocation Failure) [PSYoungGen: 6144K->0K(43520K)] [ParOldGen: 410129K->57873K(466432K)] 416273K->57873K(509952K), [Metaspace: 2793K->2793K(1056768K)], 0.0054150 secs] [Times: user=0.00 sys=0.00, real=0.01 secs] 
33.733: [GC (Allocation Failure) [PSYoungGen: 28227K->6144K(43520K)] 188501K->166417K(509952K), 0.0009589 secs] [Times: user=0.00 sys=0.00, real=0.00 secs] 
34.607: [GC (Allocation Failure) [PSYoungGen: 34373K->12288K(43520K)] 368726K->346641K(509952K), 0.0013904 secs] [Times: user=0.00 sys=0.00, real=0.00 secs] 
35.702: [GC (Allocation Failure) [PSYoungGen: 38470K->10240K(43520K)] 444503K->416273K(509952K), 0.0012067 secs] [Times: user=0.00 sys=0.00, real=0.00 secs] 
35.703: [GC (Allocation Failure) [PSYoungGen: 10240K->10240K(43520K)] 416273K->416273K(509952K), 0.0011802 secs] [Times: user=0.00 sys=0.00, real=0.00 secs] 
35.704: [Full GC (Allocation Failure) [PSYoungGen: 10240K->0K(43520K)] [ParOldGen: 406033K->61969K(466432K)] 416273K->61969K(509952K), [Metaspace: 2793K->2793K(1056768K)], 0.0053724 secs] [Times: user=0.00 sys=0.00, real=0.01 secs] 
36.589: [GC (Allocation Failure) [PSYoungGen: 28230K->10240K(43520K)] 192600K->174609K(509952K), 0.0009977 secs] [Times: user=0.00 sys=0.00, real=0.00 secs] 
37.465: [GC (Allocation Failure) [PSYoungGen: 38471K->6144K(43520K)] 376920K->344593K(509952K), 0.0009148 secs] [Times: user=0.00 sys=0.00, real=0.00 secs] 
38.009: [GC (Allocation Failure) [PSYoungGen: 32327K->10240K(43520K)] 370776K->353809K(509952K), 0.0014575 secs] [Times: user=0.00 sys=0.00, real=0.00 secs] 
39.098: [GC (Allocation Failure) [PSYoungGen: 36418K->0K(43520K)] 451668K->415249K(509952K), 0.0008569 secs] [Times: user=0.00 sys=0.00, real=0.00 secs] 
39.538: [GC (Allocation Failure) [PSYoungGen: 21060K->10240K(43520K)] 436310K->425489K(509952K), 0.0011819 secs] [Times: user=0.00 sys=0.00, real=0.00 secs] 
39.866: [GC (Allocation Failure) [PSYoungGen: 31296K->5120K(43520K)] 467025K->440849K(509952K), 0.0009157 secs] [Times: user=0.00 sys=0.00, real=0.00 secs] 
39.866: [GC (Allocation Failure) [PSYoungGen: 5120K->5120K(43520K)] 440849K->440849K(509952K), 0.0010307 secs] [Times: user=0.00 sys=0.00, real=0.00 secs] 
39.868: [Full GC (Allocation Failure) [PSYoungGen: 5120K->0K(43520K)] [ParOldGen: 435729K->26129K(466432K)] 440849K->26129K(509952K), [Metaspace: 2793K->2793K(1056768K)], 0.0031178 secs] [Times: user=0.00 sys=0.00, real=0.00 secs] 
40.849: [GC (Allocation Failure) [PSYoungGen: 28226K->10240K(43520K)] 207956K->189969K(509952K), 0.0010342 secs] [Times: user=0.00 sys=0.00, real=0.00 secs] 
41.721: [GC (Allocation Failure) [PSYoungGen: 38468K->7168K(43520K)] 392277K->360977K(509952K), 0.0009619 secs] [Times: user=0.00 sys=0.00, real=0.00 secs] 
42.266: [GC (Allocation Failure) [PSYoungGen: 33349K->11264K(43520K)] 387159K->365073K(509952K), 0.0012725 secs] [Times: user=0.00 sys=0.00, real=0.00 secs] 
43.576: [GC (Allocation Failure) [PSYoungGen: 39489K->6144K(43520K)] 393299K->359953K(509952K), 0.0009266 secs] [Times: user=0.00 sys=0.00, real=0.00 secs] 
43.904: [GC (Allocation Failure) [PSYoungGen: 27199K->11264K(43520K)] 381009K->375313K(509952K), 0.0015019 secs] [Times: user=0.00 sys=0.00, real=0.00 secs] 
44.234: [GC (Allocation Failure) [PSYoungGen: 22077K->11264K(43520K)] 457806K->446993K(509952K), 0.0013380 secs] [Times: user=0.00 sys=0.00, real=0.00 secs] 
44.235: [GC (Allocation Failure) [PSYoungGen: 11264K->11264K(43520K)] 446993K->446993K(509952K), 0.0010633 secs] [Times: user=0.00 sys=0.00, real=0.00 secs] 
44.236: [Full GC (Allocation Failure) [PSYoungGen: 11264K->0K(43520K)] [ParOldGen: 435729K->62993K(466432K)] 446993K->62993K(509952K), [Metaspace: 2795K->2795K(1056768K)], 0.0056166 secs] [Times: user=0.00 sys=0.00, real=0.01 secs] 
45.124: [GC (Allocation Failure) [PSYoungGen: 28221K->10240K(43520K)] 193614K->175633K(509952K), 0.0009663 secs] [Times: user=0.00 sys=0.00, real=0.00 secs] 
45.999: [GC (Allocation Failure) [PSYoungGen: 38464K->6144K(43520K)] 377938K->355857K(509952K), 0.0016672 secs] [Times: user=0.00 sys=0.00, real=0.00 secs] 
47.090: [GC (Allocation Failure) [PSYoungGen: 27203K->0K(43520K)] 448596K->421393K(509952K), 0.0006833 secs] [Times: user=0.00 sys=0.00, real=0.00 secs] 
47.090: [GC (Allocation Failure) [PSYoungGen: 0K->0K(43520K)] 421393K->421393K(509952K), 0.0008178 secs] [Times: user=0.00 sys=0.00, real=0.00 secs] 
47.091: [Full GC (Allocation Failure) [PSYoungGen: 0K->0K(43520K)] [ParOldGen: 421393K->72209K(466432K)] 421393K->72209K(509952K), [Metaspace: 2795K->2795K(1056768K)], 0.0060977 secs] [Times: user=0.00 sys=0.00, real=0.00 secs] 
47.982: [GC (Allocation Failure) [PSYoungGen: 28228K->10240K(43520K)] 202838K->184849K(509952K), 0.0011920 secs] [Times: user=0.00 sys=0.00, real=0.00 secs] 
48.856: [GC (Allocation Failure) [PSYoungGen: 38469K->6144K(43520K)] 387159K->354833K(509952K), 0.0009810 secs] [Times: user=0.00 sys=0.00, real=0.00 secs] 
49.402: [GC (Allocation Failure) [PSYoungGen: 32326K->10240K(43520K)] 381015K->364049K(509952K), 0.0012865 secs] [Times: user=0.00 sys=0.00, real=0.00 secs] 
49.949: [GC (Allocation Failure) [PSYoungGen: 36418K->5120K(43520K)] 461907K->430609K(509952K), 0.0009505 secs] [Times: user=0.00 sys=0.00, real=0.00 secs] 
49.950: [GC (Allocation Failure) [PSYoungGen: 5120K->5120K(43520K)] 430609K->430609K(509952K), 0.0007522 secs] [Times: user=0.00 sys=0.00, real=0.00 secs] 
49.951: [Full GC (Allocation Failure) [PSYoungGen: 5120K->0K(43520K)] [ParOldGen: 425489K->133649K(466432K)] 430609K->133649K(509952K), [Metaspace: 2795K->2795K(1056768K)], 0.0089342 secs] [Times: user=0.00 sys=0.00, real=0.01 secs] 
51.052: [GC (Allocation Failure) [PSYoungGen: 26180K->5120K(43520K)] 262229K->251409K(509952K), 0.0013696 secs] [Times: user=0.00 sys=0.00, real=0.00 secs] 
52.037: [GC (Allocation Failure) [PSYoungGen: 33349K->11264K(43520K)] 453719K->431633K(509952K), 0.0012806 secs] [Times: user=0.00 sys=0.00, real=0.00 secs] 
52.473: [GC (Allocation Failure) [PSYoungGen: 37446K->11264K(43520K)] 457815K->441873K(509952K), 0.0018126 secs] [Times: user=0.00 sys=0.00, real=0.00 secs] 
52.693: [Full GC (Ergonomics) [PSYoungGen: 22082K->0K(43520K)] [ParOldGen: 451089K->32273K(466432K)] 473171K->32273K(509952K), [Metaspace: 2795K->2795K(1056768K)], 0.0044797 secs] [Times: user=0.00 sys=0.00, real=0.00 secs] 
53.674: [GC (Allocation Failure) [PSYoungGen: 28226K->6144K(43520K)] 214099K->192017K(509952K), 0.0007531 secs] [Times: user=0.00 sys=0.00, real=0.00 secs] 
54.766: [GC (Allocation Failure) [PSYoungGen: 33348K->10240K(43520K)] 219221K->196113K(509952K), 0.0010102 secs] [Times: user=0.00 sys=0.00, real=0.00 secs] 
55.201: [GC (Allocation Failure) [PSYoungGen: 31297K->10240K(43520K)] 217170K->196113K(509952K), 0.0010524 secs] [Times: user=0.00 sys=0.00, real=0.00 secs] 
56.075: [GC (Allocation Failure) [PSYoungGen: 38461K->10240K(43520K)] 398415K->380433K(509952K), 0.0019385 secs] [Times: user=0.00 sys=0.00, real=0.00 secs] 
56.624: [GC (Allocation Failure) [PSYoungGen: 36417K->10240K(43520K)] 406610K->385553K(509952K), 0.0015446 secs] [Times: user=0.00 sys=0.00, real=0.00 secs] 
57.059: [Full GC (Ergonomics) [PSYoungGen: 31295K->0K(43520K)] [ParOldGen: 446993K->92689K(466432K)] 478288K->92689K(509952K), [Metaspace: 2796K->2796K(1056768K)], 0.0083535 secs] [Times: user=0.00 sys=0.00, real=0.01 secs] 
58.928: [GC (Allocation Failure) [PSYoungGen: 25154K->5120K(43520K)] 394323K->374289K(509952K), 0.0008239 secs] [Times: user=0.00 sys=0.00, real=0.00 secs] 
59.473: [GC (Allocation Failure) [PSYoungGen: 31300K->10240K(43520K)] 400469K->379409K(509952K), 0.0011160 secs] [Times: user=0.00 sys=0.00, real=0.00 secs] 
59.909: [Full GC (Ergonomics) [PSYoungGen: 31296K->0K(43520K)] [ParOldGen: 440849K->108049K(466432K)] 472146K->108049K(509952K), [Metaspace: 2796K->2796K(1056768K)], 0.0084006 secs] [Times: user=0.00 sys=0.00, real=0.01 secs] 
60.797: [GC (Allocation Failure) [PSYoungGen: 28227K->10240K(43520K)] 238676K->220689K(509952K), 0.0008585 secs] [Times: user=0.00 sys=0.00, real=0.00 secs] 
62.106: [GC (Allocation Failure) [PSYoungGen: 37444K->1024K(43520K)] 421974K->385553K(509952K), 0.0007395 secs] [Times: user=0.00 sys=0.00, real=0.00 secs] 
62.434: [GC (Allocation Failure) [PSYoungGen: 22085K->5120K(43520K)] 406615K->399889K(509952K), 0.0014876 secs] [Times: user=0.00 sys=0.00, real=0.00 secs] 
62.652: [GC (Allocation Failure) [PSYoungGen: 15936K->5120K(43520K)] 431186K->420369K(509952K), 0.0008417 secs] [Times: user=0.00 sys=0.00, real=0.00 secs] 
62.652: [GC (Allocation Failure) [PSYoungGen: 5120K->5120K(43520K)] 420369K->420369K(509952K), 0.0007347 secs] [Times: user=0.00 sys=0.00, real=0.00 secs] 
62.653: [Full GC (Allocation Failure) [PSYoungGen: 5120K->0K(43520K)] [ParOldGen: 415249K->26129K(466432K)] 420369K->26129K(509952K), [Metaspace: 2796K->2796K(1056768K)], 0.0033076 secs] [Times: user=0.00 sys=0.00, real=0.00 secs] 
63.633: [GC (Allocation Failure) [PSYoungGen: 28224K->6144K(43520K)] 207954K->185873K(509952K), 0.0008605 secs] [Times: user=0.00 sys=0.00, real=0.00 secs] 
64.506: [GC (Allocation Failure) [PSYoungGen: 34371K->12288K(43520K)] 388180K->366097K(509952K), 0.0014984 secs] [Times: user=0.00 sys=0.00, real=0.00 secs] 
65.052: [GC (Allocation Failure) [PSYoungGen: 38468K->11264K(43520K)] 392278K->375313K(509952K), 0.0019054 secs] [Times: user=0.00 sys=0.00, real=0.00 secs] 
65.923: [GC (Allocation Failure) [PSYoungGen: 37441K->10240K(43520K)] 401490K->374289K(509952K), 0.0012500 secs] [Times: user=0.00 sys=0.00, real=0.00 secs] 
66.466: [GC (Allocation Failure) [PSYoungGen: 36415K->10240K(43520K)] 400464K->374289K(509952K), 0.0010513 secs] [Times: user=0.00 sys=0.00, real=0.00 secs] 
67.011: [GC (Allocation Failure) [PSYoungGen: 36413K->5120K(43520K)] 472143K->440849K(509952K), 0.0008841 secs] [Times: user=0.00 sys=0.00, real=0.00 secs] 
67.012: [GC (Allocation Failure) [PSYoungGen: 5120K->5120K(43520K)] 440849K->440849K(509952K), 0.0008011 secs] [Times: user=0.00 sys=0.00, real=0.00 secs] 
67.013: [Full GC (Allocation Failure) [PSYoungGen: 5120K->0K(43520K)] [ParOldGen: 435729K->77329K(466432K)] 440849K->77329K(509952K), [Metaspace: 2796K->2796K(1056768K)], 0.0063039 secs] [Times: user=0.00 sys=0.00, real=0.01 secs] 
67.896: [GC (Allocation Failure) [PSYoungGen: 28225K->10240K(43520K)] 207954K->189969K(509952K), 0.0011410 secs] [Times: user=0.00 sys=0.00, real=0.00 secs] 
68.773: [GC (Allocation Failure) [PSYoungGen: 38467K->6144K(43520K)] 392276K->359953K(509952K), 0.0007501 secs] [Times: user=0.00 sys=0.00, real=0.00 secs] 
69.861: [GC (Allocation Failure) [PSYoungGen: 27205K->0K(43520K)] 432214K->405009K(509952K), 0.0008653 secs] [Times: user=0.00 sys=0.00, real=0.00 secs] 
69.861: [GC (Allocation Failure) [PSYoungGen: 0K->0K(43520K)] 405009K->405009K(509952K), 0.0014569 secs] [Times: user=0.00 sys=0.00, real=0.00 secs] 
69.863: [Full GC (Allocation Failure) [PSYoungGen: 0K->0K(43520K)] [ParOldGen: 405009K->51729K(466432K)] 405009K->51729K(509952K), [Metaspace: 2796K->2796K(1056768K)], 0.0048122 secs] [Times: user=0.00 sys=0.00, real=0.01 secs] 
70.751: [GC (Allocation Failure) [PSYoungGen: 28229K->10240K(43520K)] 182359K->164369K(509952K), 0.0009694 secs] [Times: user=0.00 sys=0.00, real=0.00 secs] 
71.628: [GC (Allocation Failure) [PSYoungGen: 38470K->7168K(43520K)] 366680K->335377K(509952K), 0.0009990 secs] [Times: user=0.00 sys=0.00, real=0.00 secs] 
72.176: [GC (Allocation Failure) [PSYoungGen: 33351K->11264K(43520K)] 361560K->339473K(509952K), 0.0011212 secs] [Times: user=0.00 sys=0.00, real=0.00 secs] 
72.723: [GC (Allocation Failure) [PSYoungGen: 37442K->11264K(43520K)] 437332K->411153K(509952K), 0.0012907 secs] [Times: user=0.00 sys=0.00, real=0.00 secs] 
72.724: [GC (Allocation Failure) [PSYoungGen: 11264K->11264K(43520K)] 411153K->411153K(509952K), 0.0010133 secs] [Times: user=0.00 sys=0.00, real=0.00 secs] 
72.725: [Full GC (Allocation Failure) [PSYoungGen: 11264K->0K(43520K)] [ParOldGen: 399889K->165393K(466432K)] 411153K->165393K(509952K), [Metaspace: 2796K->2796K(1056768K)], 0.0122441 secs] [Times: user=0.00 sys=0.00, real=0.01 secs] 
74.264: [GC (Allocation Failure) [PSYoungGen: 28228K->10240K(43520K)] 470101K->452113K(509952K), 0.0011916 secs] [Times: user=0.00 sys=0.00, real=0.00 secs] 
75.026: [GC (Allocation Failure) [PSYoungGen: 38469K->10240K(43520K)] 480343K->462353K(509952K), 0.0019109 secs] [Times: user=0.02 sys=0.00, real=0.00 secs] 
75.028: [Full GC (Ergonomics) [PSYoungGen: 10240K->0K(43520K)] [ParOldGen: 452113K->21009K(466432K)] 462353K->21009K(509952K), [Metaspace: 2796K->2796K(1056768K)], 0.0032062 secs] [Times: user=0.00 sys=0.00, real=0.00 secs] 
75.901: [GC (Allocation Failure) [PSYoungGen: 28226K->11264K(43520K)] 223315K->206353K(509952K), 0.0012058 secs] [Times: user=0.02 sys=0.00, real=0.00 secs] 
76.447: [GC (Allocation Failure) [PSYoungGen: 37444K->10240K(43520K)] 232533K->215569K(509952K), 0.0016381 secs] [Times: user=0.00 sys=0.00, real=0.00 secs] 
77.430: [GC (Allocation Failure) [PSYoungGen: 36416K->0K(43520K)] 262226K->225809K(509952K), 0.0005920 secs] [Times: user=0.00 sys=0.00, real=0.00 secs] 
77.977: [GC (Allocation Failure) [PSYoungGen: 26179K->10240K(43520K)] 251988K->236049K(509952K), 0.0011684 secs] [Times: user=0.00 sys=0.00, real=0.00 secs] 
78.851: [GC (Allocation Failure) [PSYoungGen: 38464K->10240K(43520K)] 438353K->410129K(509952K), 0.0012621 secs] [Times: user=0.00 sys=0.00, real=0.00 secs] 
79.395: [GC (Allocation Failure) [PSYoungGen: 36418K->10240K(43520K)] 436308K->415249K(509952K), 0.0015648 secs] [Times: user=0.00 sys=0.00, real=0.00 secs] 
79.721: [GC (Allocation Failure) [PSYoungGen: 31296K->5120K(43520K)] 456785K->430609K(509952K), 0.0009083 secs] [Times: user=0.00 sys=0.00, real=0.00 secs] 
79.722: [GC (Allocation Failure) [PSYoungGen: 5120K->5120K(43520K)] 430609K->430609K(509952K), 0.0010267 secs] [Times: user=0.00 sys=0.00, real=0.00 secs] 
79.723: [Full GC (Allocation Failure) [PSYoungGen: 5120K->0K(43520K)] [ParOldGen: 425489K->82449K(466432K)] 430609K->82449K(509952K), [Metaspace: 2796K->2796K(1056768K)], 0.0071850 secs] [Times: user=0.00 sys=0.00, real=0.01 secs] 
81.379: [GC (Allocation Failure) [PSYoungGen: 28226K->0K(43520K)] 366676K->338449K(509952K), 0.0010343 secs] [Times: user=0.00 sys=0.00, real=0.00 secs] 
82.144: [GC (Allocation Failure) [PSYoungGen: 28228K->6144K(43520K)] 366678K->344593K(509952K), 0.0010943 secs] [Times: user=0.00 sys=0.00, real=0.00 secs] 
82.690: [GC (Allocation Failure) [PSYoungGen: 32321K->6144K(43520K)] 442450K->416273K(509952K), 0.0010472 secs] [Times: user=0.00 sys=0.00, real=0.00 secs] 
82.692: [GC (Allocation Failure) [PSYoungGen: 6144K->6144K(43520K)] 416273K->416273K(509952K), 0.0007831 secs] [Times: user=0.00 sys=0.00, real=0.00 secs] 
82.692: [Full GC (Allocation Failure) [PSYoungGen: 6144K->0K(43520K)] [ParOldGen: 410129K->57873K(466432K)] 416273K->57873K(509952K), [Metaspace: 2796K->2796K(1056768K)], 0.0050684 secs] [Times: user=0.00 sys=0.00, real=0.00 secs] 
83.578: [GC (Allocation Failure) [PSYoungGen: 28227K->6144K(43520K)] 188501K->166417K(509952K), 0.0010470 secs] [Times: user=0.00 sys=0.00, real=0.00 secs] 
84.451: [GC (Allocation Failure) [PSYoungGen: 34373K->12288K(43520K)] 368726K->346641K(509952K), 0.0013940 secs] [Times: user=0.00 sys=0.00, real=0.00 secs] 
85.542: [GC (Allocation Failure) [PSYoungGen: 38470K->10240K(43520K)] 444503K->416273K(509952K), 0.0012414 secs] [Times: user=0.00 sys=0.00, real=0.00 secs] 
85.544: [GC (Allocation Failure) [PSYoungGen: 10240K->10240K(43520K)] 416273K->416273K(509952K), 0.0011533 secs] [Times: user=0.00 sys=0.00, real=0.00 secs] 
85.545: [Full GC (Allocation Failure) [PSYoungGen: 10240K->0K(43520K)] [ParOldGen: 406033K->61969K(466432K)] 416273K->61969K(509952K), [Metaspace: 2796K->2796K(1056768K)], 0.0054238 secs] [Times: user=0.00 sys=0.00, real=0.01 secs] 
86.436: [GC (Allocation Failure) [PSYoungGen: 28230K->10240K(43520K)] 192600K->174609K(509952K), 0.0011261 secs] [Times: user=0.00 sys=0.00, real=0.00 secs] 
87.312: [GC (Allocation Failure) [PSYoungGen: 38471K->6144K(43520K)] 376920K->344593K(509952K), 0.0013408 secs] [Times: user=0.00 sys=0.00, real=0.00 secs] 
87.858: [GC (Allocation Failure) [PSYoungGen: 32327K->10240K(43520K)] 370776K->353809K(509952K), 0.0014014 secs] [Times: user=0.00 sys=0.00, real=0.00 secs] 
88.949: [GC (Allocation Failure) [PSYoungGen: 36418K->0K(43520K)] 451668K->415249K(509952K), 0.0009068 secs] [Times: user=0.00 sys=0.00, real=0.00 secs] 
89.386: [GC (Allocation Failure) [PSYoungGen: 21060K->10240K(43520K)] 436310K->425489K(509952K), 0.0013531 secs] [Times: user=0.00 sys=0.00, real=0.00 secs] 
89.714: [GC (Allocation Failure) [PSYoungGen: 31296K->5120K(43520K)] 467025K->440849K(509952K), 0.0008352 secs] [Times: user=0.00 sys=0.00, real=0.00 secs] 
89.714: [GC (Allocation Failure) [PSYoungGen: 5120K->5120K(43520K)] 440849K->440849K(509952K), 0.0009182 secs] [Times: user=0.00 sys=0.00, real=0.00 secs] 
89.715: [Full GC (Allocation Failure) [PSYoungGen: 5120K->0K(43520K)] [ParOldGen: 435729K->26129K(466432K)] 440849K->26129K(509952K), [Metaspace: 2796K->2796K(1056768K)], 0.0033587 secs] [Times: user=0.00 sys=0.00, real=0.00 secs] 
90.696: [GC (Allocation Failure) [PSYoungGen: 28226K->10240K(43520K)] 207956K->189969K(509952K), 0.0008460 secs] [Times: user=0.00 sys=0.00, real=0.00 secs] 
91.569: [GC (Allocation Failure) [PSYoungGen: 38468K->7168K(43520K)] 392277K->360977K(509952K), 0.0009332 secs] [Times: user=0.00 sys=0.00, real=0.00 secs] 
92.115: [GC (Allocation Failure) [PSYoungGen: 33349K->11264K(43520K)] 387159K->365073K(509952K), 0.0014793 secs] [Times: user=0.00 sys=0.00, real=0.00 secs] 
93.431: [GC (Allocation Failure) [PSYoungGen: 39489K->6144K(43520K)] 393299K->359953K(509952K), 0.0008401 secs] [Times: user=0.00 sys=0.00, real=0.00 secs] 
93.757: [GC (Allocation Failure) [PSYoungGen: 27199K->11264K(43520K)] 381009K->375313K(509952K), 0.0016501 secs] [Times: user=0.00 sys=0.00, real=0.00 secs] 
94.084: [GC (Allocation Failure) [PSYoungGen: 22077K->1024K(43520K)] 457806K->436753K(509952K), 0.0009052 secs] [Times: user=0.00 sys=0.00, real=0.00 secs] 
94.085: [GC (Allocation Failure) [PSYoungGen: 1024K->1024K(43520K)] 436753K->436753K(509952K), 0.0008313 secs] [Times: user=0.00 sys=0.00, real=0.00 secs] 
94.086: [Full GC (Allocation Failure) [PSYoungGen: 1024K->0K(43520K)] [ParOldGen: 435729K->62993K(466432K)] 436753K->62993K(509952K), [Metaspace: 2796K->2796K(1056768K)], 0.0053818 secs] [Times: user=0.02 sys=0.00, real=0.00 secs] 
94.975: [GC (Allocation Failure) [PSYoungGen: 28221K->10240K(43520K)] 193614K->175633K(509952K), 0.0010195 secs] [Times: user=0.00 sys=0.00, real=0.00 secs] 
95.844: [GC (Allocation Failure) [PSYoungGen: 38464K->11264K(43520K)] 377938K->355857K(509952K), 0.0016159 secs] [Times: user=0.00 sys=0.00, real=0.00 secs] 
96.937: [GC (Allocation Failure) [PSYoungGen: 32323K->0K(43520K)] 448596K->416273K(509952K), 0.0008455 secs] [Times: user=0.00 sys=0.00, real=0.00 secs] 
96.938: [GC (Allocation Failure) [PSYoungGen: 0K->0K(43520K)] 416273K->416273K(509952K), 0.0007161 secs] [Times: user=0.00 sys=0.00, real=0.00 secs] 
96.938: [Full GC (Allocation Failure) [PSYoungGen: 0K->0K(43520K)] [ParOldGen: 416273K->72209K(466432K)] 416273K->72209K(509952K), [Metaspace: 2796K->2796K(1056768K)], 0.0063640 secs] [Times: user=0.00 sys=0.00, real=0.01 secs] 
97.824: [GC (Allocation Failure) [PSYoungGen: 28228K->10240K(43520K)] 202838K->184849K(509952K), 0.0009874 secs] [Times: user=0.00 sys=0.00, real=0.00 secs] 
98.698: [GC (Allocation Failure) [PSYoungGen: 38469K->6144K(43520K)] 387159K->354833K(509952K), 0.0008563 secs] [Times: user=0.00 sys=0.00, real=0.00 secs] 
99.242: [GC (Allocation Failure) [PSYoungGen: 32326K->10240K(43520K)] 381015K->364049K(509952K), 0.0013895 secs] [Times: user=0.00 sys=0.00, real=0.00 secs] 
99.789: [GC (Allocation Failure) [PSYoungGen: 36418K->5120K(43520K)] 461907K->430609K(509952K), 0.0008862 secs] [Times: user=0.00 sys=0.00, real=0.00 secs] 
99.790: [GC (Allocation Failure) [PSYoungGen: 5120K->5120K(43520K)] 430609K->430609K(509952K), 0.0007580 secs] [Times: user=0.00 sys=0.00, real=0.00 secs] 
99.790: [Full GC (Allocation Failure) [PSYoungGen: 5120K->0K(43520K)] [ParOldGen: 425489K->133649K(466432K)] 430609K->133649K(509952K), [Metaspace: 2796K->2796K(1056768K)], 0.0093827 secs] [Times: user=0.00 sys=0.00, real=0.01 secs] 
100.896: [GC (Allocation Failure) [PSYoungGen: 26180K->5120K(43520K)] 262229K->251409K(509952K), 0.0014499 secs] [Times: user=0.00 sys=0.00, real=0.00 secs] 
101.879: [GC (Allocation Failure) [PSYoungGen: 33349K->11264K(43520K)] 453719K->431633K(509952K), 0.0012271 secs] [Times: user=0.00 sys=0.00, real=0.00 secs] 
102.315: [GC (Allocation Failure) [PSYoungGen: 37446K->11264K(43520K)] 457815K->441873K(509952K), 0.0019499 secs] [Times: user=0.00 sys=0.00, real=0.00 secs] 
102.533: [Full GC (Ergonomics) [PSYoungGen: 22082K->0K(43520K)] [ParOldGen: 451089K->32273K(466432K)] 473171K->32273K(509952K), [Metaspace: 2796K->2796K(1056768K)], 0.0038080 secs] [Times: user=0.00 sys=0.00, real=0.00 secs] 
103.512: [GC (Allocation Failure) [PSYoungGen: 28226K->6144K(43520K)] 214099K->192017K(509952K), 0.0008582 secs] [Times: user=0.00 sys=0.00, real=0.00 secs] 
104.604: [GC (Allocation Failure) [PSYoungGen: 33348K->10240K(43520K)] 219221K->196113K(509952K), 0.0011373 secs] [Times: user=0.00 sys=0.00, real=0.00 secs] 
105.042: [GC (Allocation Failure) [PSYoungGen: 31297K->10240K(43520K)] 217170K->196113K(509952K), 0.0009356 secs] [Times: user=0.00 sys=0.00, real=0.00 secs] 
105.913: [GC (Allocation Failure) [PSYoungGen: 38461K->10240K(43520K)] 398415K->380433K(509952K), 0.0016805 secs] [Times: user=0.00 sys=0.00, real=0.00 secs] 
106.460: [GC (Allocation Failure) [PSYoungGen: 36417K->10240K(43520K)] 406610K->390673K(509952K), 0.0019356 secs] [Times: user=0.00 sys=0.00, real=0.00 secs] 
106.896: [Full GC (Ergonomics) [PSYoungGen: 31295K->0K(43520K)] [ParOldGen: 452113K->92689K(466432K)] 483408K->92689K(509952K), [Metaspace: 2796K->2796K(1056768K)], 0.0075743 secs] [Times: user=0.00 sys=0.00, real=0.01 secs] 
108.767: [GC (Allocation Failure) [PSYoungGen: 25154K->5120K(43520K)] 394323K->374289K(509952K), 0.0008289 secs] [Times: user=0.00 sys=0.00, real=0.00 secs] 
109.310: [GC (Allocation Failure) [PSYoungGen: 31300K->10240K(43520K)] 400469K->379409K(509952K), 0.0010469 secs] [Times: user=0.00 sys=0.00, real=0.00 secs] 
109.748: [Full GC (Ergonomics) [PSYoungGen: 31296K->0K(43520K)] [ParOldGen: 440849K->108049K(466432K)] 472146K->108049K(509952K), [Metaspace: 2796K->2796K(1056768K)], 0.0085259 secs] [Times: user=0.00 sys=0.00, real=0.01 secs] 
110.637: [GC (Allocation Failure) [PSYoungGen: 28227K->10240K(43520K)] 238676K->220689K(509952K), 0.0009999 secs] [Times: user=0.00 sys=0.00, real=0.00 secs] 
111.947: [GC (Allocation Failure) [PSYoungGen: 37444K->1024K(43520K)] 421974K->385553K(509952K), 0.0008445 secs] [Times: user=0.00 sys=0.00, real=0.00 secs] 
112.275: [GC (Allocation Failure) [PSYoungGen: 22085K->5120K(43520K)] 406615K->399889K(509952K), 0.0014237 secs] [Times: user=0.00 sys=0.00, real=0.00 secs] 
112.493: [GC (Allocation Failure) [PSYoungGen: 15936K->5120K(43520K)] 431186K->420369K(509952K), 0.0010922 secs] [Times: user=0.00 sys=0.00, real=0.00 secs] 
112.495: [GC (Allocation Failure) [PSYoungGen: 5120K->5120K(43520K)] 420369K->420369K(509952K), 0.0008256 secs] [Times: user=0.00 sys=0.00, real=0.00 secs] 
112.495: [Full GC (Allocation Failure) [PSYoungGen: 5120K->0K(43520K)] [ParOldGen: 415249K->26129K(466432K)] 420369K->26129K(509952K), [Metaspace: 2796K->2796K(1056768K)], 0.0034136 secs] [Times: user=0.00 sys=0.00, real=0.00 secs] 
113.474: [GC (Allocation Failure) [PSYoungGen: 28224K->6144K(43520K)] 207954K->185873K(509952K), 0.0008896 secs] [Times: user=0.00 sys=0.00, real=0.00 secs] 
114.346: [GC (Allocation Failure) [PSYoungGen: 34371K->12288K(43520K)] 388180K->366097K(509952K), 0.0013046 secs] [Times: user=0.00 sys=0.00, real=0.00 secs] 
114.893: [GC (Allocation Failure) [PSYoungGen: 38468K->11264K(43520K)] 392278K->375313K(509952K), 0.0018230 secs] [Times: user=0.00 sys=0.00, real=0.00 secs] 
115.766: [GC (Allocation Failure) [PSYoungGen: 37441K->10240K(43520K)] 401490K->374289K(509952K), 0.0013591 secs] [Times: user=0.00 sys=0.00, real=0.00 secs] 
116.311: [GC (Allocation Failure) [PSYoungGen: 36415K->10240K(43520K)] 400464K->374289K(509952K), 0.0011743 secs] [Times: user=0.00 sys=0.00, real=0.00 secs] 
116.862: [GC (Allocation Failure) [PSYoungGen: 36413K->5120K(43520K)] 472143K->440849K(509952K), 0.0010200 secs] [Times: user=0.00 sys=0.00, real=0.00 secs] 
116.863: [GC (Allocation Failure) [PSYoungGen: 5120K->5120K(43520K)] 440849K->440849K(509952K), 0.0008880 secs] [Times: user=0.00 sys=0.00, real=0.00 secs] 
116.864: [Full GC (Allocation Failure) [PSYoungGen: 5120K->0K(43520K)] [ParOldGen: 435729K->77329K(466432K)] 440849K->77329K(509952K), [Metaspace: 2796K->2796K(1056768K)], 0.0066058 secs] [Times: user=0.00 sys=0.00, real=0.01 secs] 
117.753: [GC (Allocation Failure) [PSYoungGen: 28225K->10240K(43520K)] 207954K->189969K(509952K), 0.0009972 secs] [Times: user=0.00 sys=0.00, real=0.00 secs] 
118.623: [GC (Allocation Failure) [PSYoungGen: 38467K->6144K(43520K)] 392276K->359953K(509952K), 0.0009395 secs] [Times: user=0.00 sys=0.00, real=0.00 secs] 
119.712: [GC (Allocation Failure) [PSYoungGen: 27205K->0K(43520K)] 432214K->405009K(509952K), 0.0009840 secs] [Times: user=0.00 sys=0.00, real=0.00 secs] 
119.713: [GC (Allocation Failure) [PSYoungGen: 0K->0K(43520K)] 405009K->405009K(509952K), 0.0008135 secs] [Times: user=0.00 sys=0.00, real=0.00 secs] 
119.714: [Full GC (Allocation Failure) [PSYoungGen: 0K->0K(43520K)] [ParOldGen: 405009K->51729K(466432K)] 405009K->51729K(509952K), [Metaspace: 2796K->2796K(1056768K)], 0.0047616 secs] [Times: user=0.00 sys=0.00, real=0.00 secs] 
120.602: [GC (Allocation Failure) [PSYoungGen: 28229K->10240K(43520K)] 182359K->164369K(509952K), 0.0009814 secs] [Times: user=0.00 sys=0.00, real=0.00 secs] 
121.474: [GC (Allocation Failure) [PSYoungGen: 38470K->7168K(43520K)] 366680K->335377K(509952K), 0.0009147 secs] [Times: user=0.00 sys=0.00, real=0.00 secs] 
122.021: [GC (Allocation Failure) [PSYoungGen: 33351K->11264K(43520K)] 361560K->339473K(509952K), 0.0010818 secs] [Times: user=0.00 sys=0.00, real=0.00 secs] 
122.565: [GC (Allocation Failure) [PSYoungGen: 37442K->11264K(43520K)] 437332K->411153K(509952K), 0.0013563 secs] [Times: user=0.00 sys=0.00, real=0.00 secs] 
122.566: [GC (Allocation Failure) [PSYoungGen: 11264K->11264K(43520K)] 411153K->411153K(509952K), 0.0012019 secs] [Times: user=0.00 sys=0.00, real=0.00 secs] 
122.567: [Full GC (Allocation Failure) [PSYoungGen: 11264K->0K(43520K)] [ParOldGen: 399889K->165393K(466432K)] 411153K->165393K(509952K), [Metaspace: 2796K->2796K(1056768K)], 0.0123115 secs] [Times: user=0.00 sys=0.00, real=0.01 secs] 
124.112: [GC (Allocation Failure) [PSYoungGen: 28228K->10240K(43520K)] 470101K->452113K(509952K), 0.0013313 secs] [Times: user=0.00 sys=0.00, real=0.00 secs] 
124.876: [GC (Allocation Failure) [PSYoungGen: 38469K->10240K(43520K)] 480343K->462353K(509952K), 0.0018414 secs] [Times: user=0.00 sys=0.00, real=0.00 secs] 
124.878: [Full GC (Ergonomics) [PSYoungGen: 10240K->0K(43520K)] [ParOldGen: 452113K->21009K(466432K)] 462353K->21009K(509952K), [Metaspace: 2796K->2796K(1056768K)], 0.0029459 secs] [Times: user=0.00 sys=0.00, real=0.00 secs] 
125.751: [GC (Allocation Failure) [PSYoungGen: 28226K->11264K(43520K)] 223315K->206353K(509952K), 0.0013271 secs] [Times: user=0.00 sys=0.00, real=0.00 secs] 
126.299: [GC (Allocation Failure) [PSYoungGen: 37444K->10240K(43520K)] 232533K->215569K(509952K), 0.0016891 secs] [Times: user=0.00 sys=0.00, real=0.00 secs] 
127.280: [GC (Allocation Failure) [PSYoungGen: 36416K->0K(43520K)] 262226K->225809K(509952K), 0.0007278 secs] [Times: user=0.00 sys=0.00, real=0.00 secs] 
127.826: [GC (Allocation Failure) [PSYoungGen: 26179K->10240K(43520K)] 251988K->236049K(509952K), 0.0010057 secs] [Times: user=0.00 sys=0.00, real=0.00 secs] 
128.699: [GC (Allocation Failure) [PSYoungGen: 38464K->10240K(43520K)] 438353K->410129K(509952K), 0.0011114 secs] [Times: user=0.00 sys=0.00, real=0.00 secs] 
129.241: [GC (Allocation Failure) [PSYoungGen: 36418K->10240K(43520K)] 436308K->415249K(509952K), 0.0014666 secs] [Times: user=0.00 sys=0.00, real=0.00 secs] 
129.568: [GC (Allocation Failure) [PSYoungGen: 31296K->5120K(43520K)] 456785K->430609K(509952K), 0.0008521 secs] [Times: user=0.00 sys=0.00, real=0.00 secs] 
129.569: [GC (Allocation Failure) [PSYoungGen: 5120K->5120K(43520K)] 430609K->430609K(509952K), 0.0007127 secs] [Times: user=0.00 sys=0.00, real=0.00 secs] 
129.569: [Full GC (Allocation Failure) [PSYoungGen: 5120K->0K(43520K)] [ParOldGen: 425489K->82449K(466432K)] 430609K->82449K(509952K), [Metaspace: 2796K->2796K(1056768K)], 0.0071071 secs] [Times: user=0.00 sys=0.00, real=0.01 secs] 
131.214: [GC (Allocation Failure) [PSYoungGen: 28226K->0K(43520K)] 366676K->338449K(509952K), 0.0007367 secs] [Times: user=0.00 sys=0.00, real=0.00 secs] 
131.985: [GC (Allocation Failure) [PSYoungGen: 28228K->6144K(43520K)] 366678K->344593K(509952K), 0.0008730 secs] [Times: user=0.00 sys=0.00, real=0.00 secs] 
132.533: [GC (Allocation Failure) [PSYoungGen: 32321K->6144K(43520K)] 442450K->416273K(509952K), 0.0009329 secs] [Times: user=0.00 sys=0.00, real=0.00 secs] 
132.534: [GC (Allocation Failure) [PSYoungGen: 6144K->6144K(43520K)] 416273K->416273K(509952K), 0.0008245 secs] [Times: user=0.00 sys=0.00, real=0.00 secs] 
132.535: [Full GC (Allocation Failure) [PSYoungGen: 6144K->0K(43520K)] [ParOldGen: 410129K->57873K(466432K)] 416273K->57873K(509952K), [Metaspace: 2796K->2796K(1056768K)], 0.0053242 secs] [Times: user=0.00 sys=0.00, real=0.00 secs] 
133.425: [GC (Allocation Failure) [PSYoungGen: 28227K->6144K(43520K)] 188501K->166417K(509952K), 0.0009176 secs] [Times: user=0.00 sys=0.00, real=0.00 secs] 
134.297: [GC (Allocation Failure) [PSYoungGen: 34373K->12288K(43520K)] 368726K->346641K(509952K), 0.0015520 secs] [Times: user=0.00 sys=0.00, real=0.00 secs] 
135.387: [GC (Allocation Failure) [PSYoungGen: 38470K->10240K(43520K)] 444503K->416273K(509952K), 0.0012289 secs] [Times: user=0.00 sys=0.00, real=0.00 secs] 
135.388: [GC (Allocation Failure) [PSYoungGen: 10240K->10240K(43520K)] 416273K->416273K(509952K), 0.0012105 secs] [Times: user=0.00 sys=0.00, real=0.00 secs] 
135.389: [Full GC (Allocation Failure) [PSYoungGen: 10240K->0K(43520K)] [ParOldGen: 406033K->61969K(466432K)] 416273K->61969K(509952K), [Metaspace: 2796K->2796K(1056768K)], 0.0052227 secs] [Times: user=0.00 sys=0.00, real=0.00 secs] 
136.274: [GC (Allocation Failure) [PSYoungGen: 28230K->10240K(43520K)] 192600K->174609K(509952K), 0.0009924 secs] [Times: user=0.00 sys=0.00, real=0.00 secs] 
137.152: [GC (Allocation Failure) [PSYoungGen: 38471K->6144K(43520K)] 376920K->344593K(509952K), 0.0009499 secs] [Times: user=0.00 sys=0.00, real=0.00 secs] 
137.700: [GC (Allocation Failure) [PSYoungGen: 32327K->10240K(43520K)] 370776K->353809K(509952K), 0.0012857 secs] [Times: user=0.00 sys=0.00, real=0.00 secs] 
138.794: [GC (Allocation Failure) [PSYoungGen: 36418K->0K(43520K)] 451668K->415249K(509952K), 0.0006759 secs] [Times: user=0.00 sys=0.00, real=0.00 secs] 
139.229: [GC (Allocation Failure) [PSYoungGen: 21060K->10240K(43520K)] 436310K->425489K(509952K), 0.0011259 secs] [Times: user=0.00 sys=0.00, real=0.00 secs] 
139.557: [GC (Allocation Failure) [PSYoungGen: 31296K->5120K(43520K)] 467025K->440849K(509952K), 0.0008878 secs] [Times: user=0.00 sys=0.00, real=0.00 secs] 
139.558: [GC (Allocation Failure) [PSYoungGen: 5120K->5120K(43520K)] 440849K->440849K(509952K), 0.0010916 secs] [Times: user=0.00 sys=0.00, real=0.00 secs] 
139.559: [Full GC (Allocation Failure) [PSYoungGen: 5120K->0K(43520K)] [ParOldGen: 435729K->26129K(466432K)] 440849K->26129K(509952K), [Metaspace: 2796K->2796K(1056768K)], 0.0032399 secs] [Times: user=0.00 sys=0.00, real=0.00 secs] 
140.537: [GC (Allocation Failure) [PSYoungGen: 28226K->10240K(43520K)] 207956K->189969K(509952K), 0.0008072 secs] [Times: user=0.00 sys=0.00, real=0.00 secs] 
141.409: [GC (Allocation Failure) [PSYoungGen: 38468K->7168K(43520K)] 392277K->360977K(509952K), 0.0009119 secs] [Times: user=0.00 sys=0.00, real=0.00 secs] 
141.954: [GC (Allocation Failure) [PSYoungGen: 33349K->11264K(43520K)] 387159K->365073K(509952K), 0.0011136 secs] [Times: user=0.00 sys=0.00, real=0.00 secs] 
143.268: [GC (Allocation Failure) [PSYoungGen: 39489K->6144K(43520K)] 393299K->359953K(509952K), 0.0008637 secs] [Times: user=0.00 sys=0.00, real=0.00 secs] 
143.596: [GC (Allocation Failure) [PSYoungGen: 27199K->11264K(43520K)] 381009K->375313K(509952K), 0.0014903 secs] [Times: user=0.00 sys=0.00, real=0.00 secs] 
143.922: [GC (Allocation Failure) [PSYoungGen: 22077K->1024K(43520K)] 457806K->436753K(509952K), 0.0007305 secs] [Times: user=0.00 sys=0.00, real=0.00 secs] 
143.923: [GC (Allocation Failure) [PSYoungGen: 1024K->1024K(43520K)] 436753K->436753K(509952K), 0.0009966 secs] [Times: user=0.00 sys=0.00, real=0.00 secs] 
143.924: [Full GC (Allocation Failure) [PSYoungGen: 1024K->0K(43520K)] [ParOldGen: 435729K->62993K(466432K)] 436753K->62993K(509952K), [Metaspace: 2796K->2796K(1056768K)], 0.0054055 secs] [Times: user=0.00 sys=0.00, real=0.00 secs] 
144.811: [GC (Allocation Failure) [PSYoungGen: 28221K->10240K(43520K)] 193614K->175633K(509952K), 0.0011626 secs] [Times: user=0.00 sys=0.00, real=0.00 secs] 
145.690: [GC (Allocation Failure) [PSYoungGen: 38464K->6144K(43520K)] 377938K->355857K(509952K), 0.0015340 secs] [Times: user=0.00 sys=0.00, real=0.00 secs] 
146.779: [GC (Allocation Failure) [PSYoungGen: 27203K->0K(43520K)] 448596K->421393K(509952K), 0.0008263 secs] [Times: user=0.00 sys=0.00, real=0.00 secs] 
146.780: [GC (Allocation Failure) [PSYoungGen: 0K->0K(43520K)] 421393K->421393K(509952K), 0.0009123 secs] [Times: user=0.00 sys=0.00, real=0.00 secs] 
146.781: [Full GC (Allocation Failure) [PSYoungGen: 0K->0K(43520K)] [ParOldGen: 421393K->72209K(466432K)] 421393K->72209K(509952K), [Metaspace: 2796K->2796K(1056768K)], 0.0060871 secs] [Times: user=0.00 sys=0.00, real=0.01 secs] 
147.670: [GC (Allocation Failure) [PSYoungGen: 28228K->10240K(43520K)] 202838K->184849K(509952K), 0.0009882 secs] [Times: user=0.00 sys=0.00, real=0.00 secs] 
148.545: [GC (Allocation Failure) [PSYoungGen: 38469K->6144K(43520K)] 387159K->354833K(509952K), 0.0009936 secs] [Times: user=0.00 sys=0.00, real=0.00 secs] 
149.092: [GC (Allocation Failure) [PSYoungGen: 32326K->10240K(43520K)] 381015K->364049K(509952K), 0.0013732 secs] [Times: user=0.00 sys=0.00, real=0.00 secs] 
149.637: [GC (Allocation Failure) [PSYoungGen: 36418K->5120K(43520K)] 461907K->430609K(509952K), 0.0008981 secs] [Times: user=0.00 sys=0.00, real=0.00 secs] 
149.637: [GC (Allocation Failure) [PSYoungGen: 5120K->5120K(43520K)] 430609K->430609K(509952K), 0.0008452 secs] [Times: user=0.00 sys=0.00, real=0.00 secs] 
149.638: [Full GC (Allocation Failure) [PSYoungGen: 5120K->0K(43520K)] [ParOldGen: 425489K->133649K(466432K)] 430609K->133649K(509952K), [Metaspace: 2796K->2796K(1056768K)], 0.0087669 secs] [Times: user=0.00 sys=0.00, real=0.01 secs] 
150.745: [GC (Allocation Failure) [PSYoungGen: 26180K->5120K(43520K)] 262229K->251409K(509952K), 0.0015966 secs] [Times: user=0.02 sys=0.00, real=0.00 secs] 
151.725: [GC (Allocation Failure) [PSYoungGen: 33349K->11264K(43520K)] 453719K->431633K(509952K), 0.0010447 secs] [Times: user=0.00 sys=0.00, real=0.00 secs] 
152.161: [GC (Allocation Failure) [PSYoungGen: 37446K->11264K(43520K)] 457815K->441873K(509952K), 0.0018861 secs] [Times: user=0.00 sys=0.00, real=0.00 secs] 
152.380: [Full GC (Ergonomics) [PSYoungGen: 22082K->0K(43520K)] [ParOldGen: 451089K->32273K(466432K)] 473171K->32273K(509952K), [Metaspace: 2796K->2796K(1056768K)], 0.0041556 secs] [Times: user=0.00 sys=0.00, real=0.00 secs] 
153.364: [GC (Allocation Failure) [PSYoungGen: 28226K->6144K(43520K)] 214099K->192017K(509952K), 0.0008948 secs] [Times: user=0.00 sys=0.00, real=0.00 secs] 
154.460: [GC (Allocation Failure) [PSYoungGen: 33348K->10240K(43520K)] 219221K->196113K(509952K), 0.0011638 secs] [Times: user=0.00 sys=0.00, real=0.00 secs] 
154.899: [GC (Allocation Failure) [PSYoungGen: 31297K->10240K(43520K)] 217170K->196113K(509952K), 0.0011432 secs] [Times: user=0.00 sys=0.00, real=0.00 secs] 
155.769: [GC (Allocation Failure) [PSYoungGen: 38461K->10240K(43520K)] 398415K->380433K(509952K), 0.0019284 secs] [Times: user=0.00 sys=0.00, real=0.00 secs] 
156.314: [GC (Allocation Failure) [PSYoungGen: 36417K->10240K(43520K)] 406610K->385553K(509952K), 0.0013376 secs] [Times: user=0.00 sys=0.00, real=0.00 secs] 
156.749: [Full GC (Ergonomics) [PSYoungGen: 31295K->0K(43520K)] [ParOldGen: 446993K->92689K(466432K)] 478288K->92689K(509952K), [Metaspace: 2796K->2796K(1056768K)], 0.0076116 secs] [Times: user=0.00 sys=0.00, real=0.01 secs] 
158.625: [GC (Allocation Failure) [PSYoungGen: 25154K->5120K(43520K)] 394323K->374289K(509952K), 0.0007758 secs] [Times: user=0.00 sys=0.00, real=0.00 secs] 
159.172: [GC (Allocation Failure) [PSYoungGen: 31300K->10240K(43520K)] 400469K->379409K(509952K), 0.0010063 secs] [Times: user=0.00 sys=0.00, real=0.00 secs] 
159.605: [Full GC (Ergonomics) [PSYoungGen: 31296K->0K(43520K)] [ParOldGen: 440849K->108049K(466432K)] 472146K->108049K(509952K), [Metaspace: 2796K->2796K(1056768K)], 0.0088511 secs] [Times: user=0.00 sys=0.00, real=0.01 secs] 
160.496: [GC (Allocation Failure) [PSYoungGen: 28227K->10240K(43520K)] 238676K->220689K(509952K), 0.0008985 secs] [Times: user=0.00 sys=0.00, real=0.00 secs] 
161.803: [GC (Allocation Failure) [PSYoungGen: 37444K->1024K(43520K)] 421974K->385553K(509952K), 0.0007393 secs] [Times: user=0.00 sys=0.00, real=0.00 secs] 
162.130: [GC (Allocation Failure) [PSYoungGen: 22085K->5120K(43520K)] 406615K->399889K(509952K), 0.0014285 secs] [Times: user=0.00 sys=0.00, real=0.00 secs] 
162.349: [GC (Allocation Failure) [PSYoungGen: 15936K->5120K(43520K)] 431186K->420369K(509952K), 0.0009314 secs] [Times: user=0.00 sys=0.00, real=0.00 secs] 
162.349: [GC (Allocation Failure) [PSYoungGen: 5120K->5120K(43520K)] 420369K->420369K(509952K), 0.0007445 secs] [Times: user=0.00 sys=0.00, real=0.00 secs] 
162.350: [Full GC (Allocation Failure) [PSYoungGen: 5120K->0K(43520K)] [ParOldGen: 415249K->26129K(466432K)] 420369K->26129K(509952K), [Metaspace: 2796K->2796K(1056768K)], 0.0033241 secs] [Times: user=0.00 sys=0.00, real=0.00 secs] 
163.330: [GC (Allocation Failure) [PSYoungGen: 28224K->6144K(43520K)] 207954K->185873K(509952K), 0.0009065 secs] [Times: user=0.00 sys=0.00, real=0.00 secs] 
164.202: [GC (Allocation Failure) [PSYoungGen: 34371K->12288K(43520K)] 388180K->366097K(509952K), 0.0014113 secs] [Times: user=0.00 sys=0.00, real=0.00 secs] 
164.750: [GC (Allocation Failure) [PSYoungGen: 38468K->11264K(43520K)] 392278K->375313K(509952K), 0.0018132 secs] [Times: user=0.00 sys=0.00, real=0.00 secs] 
165.624: [GC (Allocation Failure) [PSYoungGen: 37441K->10240K(43520K)] 401490K->374289K(509952K), 0.0013539 secs] [Times: user=0.00 sys=0.00, real=0.00 secs] 
166.173: [GC (Allocation Failure) [PSYoungGen: 36415K->10240K(43520K)] 400464K->374289K(509952K), 0.0010855 secs] [Times: user=0.00 sys=0.00, real=0.00 secs] 
166.717: [GC (Allocation Failure) [PSYoungGen: 36413K->5120K(43520K)] 472143K->440849K(509952K), 0.0010986 secs] [Times: user=0.00 sys=0.00, real=0.00 secs] 
166.718: [GC (Allocation Failure) [PSYoungGen: 5120K->5120K(43520K)] 440849K->440849K(509952K), 0.0007512 secs] [Times: user=0.00 sys=0.00, real=0.00 secs] 
166.719: [Full GC (Allocation Failure) [PSYoungGen: 5120K->0K(43520K)] [ParOldGen: 435729K->77329K(466432K)] 440849K->77329K(509952K), [Metaspace: 2796K->2796K(1056768K)], 0.0061808 secs] [Times: user=0.00 sys=0.00, real=0.01 secs] 
167.607: [GC (Allocation Failure) [PSYoungGen: 28225K->10240K(43520K)] 207954K->189969K(509952K), 0.0010279 secs] [Times: user=0.00 sys=0.00, real=0.00 secs] 
168.479: [GC (Allocation Failure) [PSYoungGen: 38467K->6144K(43520K)] 392276K->359953K(509952K), 0.0008963 secs] [Times: user=0.00 sys=0.00, real=0.00 secs] 
169.571: [GC (Allocation Failure) [PSYoungGen: 27205K->0K(43520K)] 432214K->405009K(509952K), 0.0008350 secs] [Times: user=0.00 sys=0.00, real=0.00 secs] 
169.572: [GC (Allocation Failure) [PSYoungGen: 0K->0K(43520K)] 405009K->405009K(509952K), 0.0007686 secs] [Times: user=0.00 sys=0.00, real=0.00 secs] 
169.572: [Full GC (Allocation Failure) [PSYoungGen: 0K->0K(43520K)] [ParOldGen: 405009K->51729K(466432K)] 405009K->51729K(509952K), [Metaspace: 2796K->2796K(1056768K)], 0.0048242 secs] [Times: user=0.00 sys=0.00, real=0.00 secs] 
170.458: [GC (Allocation Failure) [PSYoungGen: 28229K->10240K(43520K)] 182359K->164369K(509952K), 0.0007819 secs] [Times: user=0.00 sys=0.00, real=0.00 secs] 
171.331: [GC (Allocation Failure) [PSYoungGen: 38470K->7168K(43520K)] 366680K->335377K(509952K), 0.0009427 secs] [Times: user=0.00 sys=0.00, real=0.00 secs] 
171.874: [GC (Allocation Failure) [PSYoungGen: 33351K->11264K(43520K)] 361560K->339473K(509952K), 0.0011705 secs] [Times: user=0.00 sys=0.00, real=0.00 secs] 
172.422: [GC (Allocation Failure) [PSYoungGen: 37442K->11264K(43520K)] 437332K->411153K(509952K), 0.0012837 secs] [Times: user=0.00 sys=0.00, real=0.00 secs] 
172.423: [GC (Allocation Failure) [PSYoungGen: 11264K->11264K(43520K)] 411153K->411153K(509952K), 0.0010501 secs] [Times: user=0.00 sys=0.00, real=0.00 secs] 
172.424: [Full GC (Allocation Failure) [PSYoungGen: 11264K->0K(43520K)] [ParOldGen: 399889K->165393K(466432K)] 411153K->165393K(509952K), [Metaspace: 2796K->2796K(1056768K)], 0.0127644 secs] [Times: user=0.00 sys=0.00, real=0.01 secs] 
173.963: [GC (Allocation Failure) [PSYoungGen: 28228K->10240K(43520K)] 470101K->452113K(509952K), 0.0011732 secs] [Times: user=0.00 sys=0.00, real=0.00 secs] 
174.731: [GC (Allocation Failure) [PSYoungGen: 38469K->10240K(43520K)] 480343K->462353K(509952K), 0.0018674 secs] [Times: user=0.00 sys=0.00, real=0.00 secs] 
174.733: [Full GC (Ergonomics) [PSYoungGen: 10240K->0K(43520K)] [ParOldGen: 452113K->21009K(466432K)] 462353K->21009K(509952K), [Metaspace: 2796K->2796K(1056768K)], 0.0031873 secs] [Times: user=0.00 sys=0.00, real=0.00 secs] 
175.611: [GC (Allocation Failure) [PSYoungGen: 28226K->11264K(43520K)] 223315K->206353K(509952K), 0.0014577 secs] [Times: user=0.00 sys=0.00, real=0.00 secs] 
176.157: [GC (Allocation Failure) [PSYoungGen: 37444K->10240K(43520K)] 232533K->215569K(509952K), 0.0018771 secs] [Times: user=0.00 sys=0.00, real=0.00 secs] 
177.139: [GC (Allocation Failure) [PSYoungGen: 36416K->0K(43520K)] 262226K->225809K(509952K), 0.0007295 secs] [Times: user=0.00 sys=0.00, real=0.00 secs] 
177.685: [GC (Allocation Failure) [PSYoungGen: 26179K->10240K(43520K)] 251988K->236049K(509952K), 0.0009438 secs] [Times: user=0.00 sys=0.00, real=0.00 secs] 
178.557: [GC (Allocation Failure) [PSYoungGen: 38464K->10240K(43520K)] 438353K->410129K(509952K), 0.0010833 secs] [Times: user=0.00 sys=0.00, real=0.00 secs] 
179.105: [GC (Allocation Failure) [PSYoungGen: 36418K->10240K(43520K)] 436308K->415249K(509952K), 0.0016177 secs] [Times: user=0.02 sys=0.00, real=0.00 secs] 
179.431: [GC (Allocation Failure) [PSYoungGen: 31296K->5120K(43520K)] 456785K->430609K(509952K), 0.0008594 secs] [Times: user=0.00 sys=0.00, real=0.00 secs] 
179.432: [GC (Allocation Failure) [PSYoungGen: 5120K->5120K(43520K)] 430609K->430609K(509952K), 0.0007719 secs] [Times: user=0.00 sys=0.00, real=0.00 secs] 
179.432: [Full GC (Allocation Failure) [PSYoungGen: 5120K->0K(43520K)] [ParOldGen: 425489K->82449K(466432K)] 430609K->82449K(509952K), [Metaspace: 2796K->2796K(1056768K)], 0.0068238 secs] [Times: user=0.00 sys=0.00, real=0.01 secs] 
181.084: [GC (Allocation Failure) [PSYoungGen: 28226K->0K(43520K)] 366676K->338449K(509952K), 0.0008096 secs] [Times: user=0.00 sys=0.00, real=0.00 secs] 
181.848: [GC (Allocation Failure) [PSYoungGen: 28228K->6144K(43520K)] 366678K->344593K(509952K), 0.0009169 secs] [Times: user=0.00 sys=0.00, real=0.00 secs] 
182.393: [GC (Allocation Failure) [PSYoungGen: 32321K->6144K(43520K)] 442450K->416273K(509952K), 0.0013006 secs] [Times: user=0.00 sys=0.00, real=0.00 secs] 
182.394: [GC (Allocation Failure) [PSYoungGen: 6144K->6144K(43520K)] 416273K->416273K(509952K), 0.0010293 secs] [Times: user=0.00 sys=0.00, real=0.00 secs] 
182.395: [Full GC (Allocation Failure) [PSYoungGen: 6144K->0K(43520K)] [ParOldGen: 410129K->57873K(466432K)] 416273K->57873K(509952K), [Metaspace: 2796K->2796K(1056768K)], 0.0052732 secs] [Times: user=0.00 sys=0.00, real=0.01 secs] 
183.282: [GC (Allocation Failure) [PSYoungGen: 28227K->6144K(43520K)] 188501K->166417K(509952K), 0.0008004 secs] [Times: user=0.00 sys=0.00, real=0.00 secs] 
184.156: [GC (Allocation Failure) [PSYoungGen: 34373K->12288K(43520K)] 368726K->346641K(509952K), 0.0015089 secs] [Times: user=0.00 sys=0.00, real=0.00 secs] 
185.243: [GC (Allocation Failure) [PSYoungGen: 38470K->10240K(43520K)] 444503K->416273K(509952K), 0.0014152 secs] [Times: user=0.00 sys=0.00, real=0.00 secs] 
185.245: [GC (Allocation Failure) [PSYoungGen: 10240K->10240K(43520K)] 416273K->416273K(509952K), 0.0011299 secs] [Times: user=0.00 sys=0.00, real=0.00 secs] 
185.246: [Full GC (Allocation Failure) [PSYoungGen: 10240K->0K(43520K)] [ParOldGen: 406033K->61969K(466432K)] 416273K->61969K(509952K), [Metaspace: 2796K->2796K(1056768K)], 0.0054545 secs] [Times: user=0.00 sys=0.00, real=0.01 secs] 
186.139: [GC (Allocation Failure) [PSYoungGen: 28230K->10240K(43520K)] 192600K->174609K(509952K), 0.0011328 secs] [Times: user=0.00 sys=0.00, real=0.00 secs] 
187.015: [GC (Allocation Failure) [PSYoungGen: 38471K->6144K(43520K)] 376920K->344593K(509952K), 0.0009150 secs] [Times: user=0.00 sys=0.00, real=0.00 secs] 
187.561: [GC (Allocation Failure) [PSYoungGen: 32327K->10240K(43520K)] 370776K->353809K(509952K), 0.0013943 secs] [Times: user=0.00 sys=0.00, real=0.00 secs] 
188.652: [GC (Allocation Failure) [PSYoungGen: 36418K->0K(43520K)] 451668K->415249K(509952K), 0.0010511 secs] [Times: user=0.00 sys=0.00, real=0.00 secs] 
189.090: [GC (Allocation Failure) [PSYoungGen: 21060K->10240K(43520K)] 436310K->425489K(509952K), 0.0011063 secs] [Times: user=0.00 sys=0.00, real=0.00 secs] 
189.417: [GC (Allocation Failure) [PSYoungGen: 31296K->5120K(43520K)] 467025K->440849K(509952K), 0.0010228 secs] [Times: user=0.00 sys=0.00, real=0.00 secs] 
189.418: [GC (Allocation Failure) [PSYoungGen: 5120K->5120K(43520K)] 440849K->440849K(509952K), 0.0007211 secs] [Times: user=0.00 sys=0.00, real=0.00 secs] 
189.419: [Full GC (Allocation Failure) [PSYoungGen: 5120K->0K(43520K)] [ParOldGen: 435729K->26129K(466432K)] 440849K->26129K(509952K), [Metaspace: 2796K->2796K(1056768K)], 0.0033874 secs] [Times: user=0.00 sys=0.00, real=0.00 secs] 
190.397: [GC (Allocation Failure) [PSYoungGen: 28226K->10240K(43520K)] 207956K->189969K(509952K), 0.0011205 secs] [Times: user=0.00 sys=0.00, real=0.00 secs] 
191.269: [GC (Allocation Failure) [PSYoungGen: 38468K->7200K(43520K)] 392277K->361009K(509952K), 0.0008854 secs] [Times: user=0.00 sys=0.00, real=0.00 secs] 
191.812: [GC (Allocation Failure) [PSYoungGen: 33381K->11296K(43520K)] 387191K->365105K(509952K), 0.0013650 secs] [Times: user=0.00 sys=0.00, real=0.00 secs] 
193.124: [GC (Allocation Failure) [PSYoungGen: 39521K->6176K(43520K)] 393331K->359985K(509952K), 0.0011464 secs] [Times: user=0.00 sys=0.00, real=0.00 secs] 
193.450: [GC (Allocation Failure) [PSYoungGen: 27231K->11296K(43520K)] 381041K->375345K(509952K), 0.0015878 secs] [Times: user=0.00 sys=0.00, real=0.00 secs] 
193.779: [GC (Allocation Failure) [PSYoungGen: 22109K->1056K(43520K)] 457838K->436785K(509952K), 0.0011046 secs] [Times: user=0.00 sys=0.00, real=0.00 secs] 
193.780: [GC (Allocation Failure) [PSYoungGen: 1056K->1056K(43520K)] 436785K->436785K(509952K), 0.0008603 secs] [Times: user=0.00 sys=0.00, real=0.00 secs] 
193.781: [Full GC (Allocation Failure) [PSYoungGen: 1056K->0K(43520K)] [ParOldGen: 435729K->62993K(466432K)] 436785K->62993K(509952K), [Metaspace: 2796K->2796K(1056768K)], 0.0056103 secs] [Times: user=0.00 sys=0.00, real=0.01 secs] 
194.668: [GC (Allocation Failure) [PSYoungGen: 28221K->10304K(43520K)] 193614K->175697K(509952K), 0.0010087 secs] [Times: user=0.00 sys=0.00, real=0.00 secs] 
195.541: [GC (Allocation Failure) [PSYoungGen: 38528K->11296K(43520K)] 378002K->355889K(509952K), 0.0016318 secs] [Times: user=0.00 sys=0.00, real=0.00 secs] 
196.628: [GC (Allocation Failure) [PSYoungGen: 32355K->64K(43520K)] 448628K->416337K(509952K), 0.0007645 secs] [Times: user=0.00 sys=0.00, real=0.00 secs] 
196.629: [GC (Allocation Failure) [PSYoungGen: 64K->32K(43520K)] 416337K->416305K(509952K), 0.0007625 secs] [Times: user=0.00 sys=0.00, real=0.00 secs] 
196.630: [Full GC (Allocation Failure) [PSYoungGen: 32K->0K(43520K)] [ParOldGen: 416273K->72209K(466432K)] 416305K->72209K(509952K), [Metaspace: 2796K->2796K(1056768K)], 0.0059984 secs] [Times: user=0.00 sys=0.00, real=0.01 secs] 
197.516: [GC (Allocation Failure) [PSYoungGen: 28228K->10240K(43520K)] 202838K->184849K(509952K), 0.0010239 secs] [Times: user=0.00 sys=0.00, real=0.00 secs] 
198.390: [GC (Allocation Failure) [PSYoungGen: 38469K->6144K(43520K)] 387159K->354833K(509952K), 0.0009350 secs] [Times: user=0.00 sys=0.00, real=0.00 secs] 
198.935: [GC (Allocation Failure) [PSYoungGen: 32326K->10240K(43520K)] 381016K->364049K(509952K), 0.0015254 secs] [Times: user=0.00 sys=0.00, real=0.00 secs] 
199.482: [GC (Allocation Failure) [PSYoungGen: 36418K->5120K(43520K)] 461908K->430609K(509952K), 0.0009854 secs] [Times: user=0.00 sys=0.00, real=0.00 secs] 
199.483: [GC (Allocation Failure) [PSYoungGen: 5120K->5120K(43520K)] 430609K->430609K(509952K), 0.0007627 secs] [Times: user=0.00 sys=0.00, real=0.00 secs] 
199.484: [Full GC (Allocation Failure) [PSYoungGen: 5120K->0K(43520K)] [ParOldGen: 425489K->133649K(466432K)] 430609K->133649K(509952K), [Metaspace: 2796K->2796K(1056768K)], 0.0087263 secs] [Times: user=0.00 sys=0.00, real=0.01 secs] 
200.588: [GC (Allocation Failure) [PSYoungGen: 26180K->10240K(43520K)] 262230K->251409K(509952K), 0.0015051 secs] [Times: user=0.00 sys=0.00, real=0.00 secs] 
201.572: [GC (Allocation Failure) [PSYoungGen: 38469K->6144K(43520K)] 453719K->421393K(509952K), 0.0009023 secs] [Times: user=0.00 sys=0.00, real=0.00 secs] 
202.011: [GC (Allocation Failure) [PSYoungGen: 32326K->6144K(43520K)] 447576K->431633K(509952K), 0.0014307 secs] [Times: user=0.00 sys=0.00, real=0.00 secs] 
202.228: [GC (Allocation Failure) [PSYoungGen: 16962K->6144K(43520K)] 462932K->452113K(509952K), 0.0009565 secs] [Times: user=0.00 sys=0.00, real=0.00 secs] 
202.229: [Full GC (Ergonomics) [PSYoungGen: 6144K->0K(43520K)] [ParOldGen: 445969K->32273K(466432K)] 452113K->32273K(509952K), [Metaspace: 2796K->2796K(1056768K)], 0.0040323 secs] [Times: user=0.03 sys=0.00, real=0.00 secs] 
203.209: [GC (Allocation Failure) [PSYoungGen: 28226K->6144K(43520K)] 214100K->192017K(509952K), 0.0009965 secs] [Times: user=0.00 sys=0.00, real=0.00 secs] 
204.298: [GC (Allocation Failure) [PSYoungGen: 33348K->10240K(43520K)] 219222K->196113K(509952K), 0.0011158 secs] [Times: user=0.00 sys=0.00, real=0.00 secs] 
204.734: [GC (Allocation Failure) [PSYoungGen: 31297K->10240K(43520K)] 217170K->196113K(509952K), 0.0009480 secs] [Times: user=0.00 sys=0.00, real=0.00 secs] 
205.607: [GC (Allocation Failure) [PSYoungGen: 38461K->10240K(43520K)] 398415K->380433K(509952K), 0.0017517 secs] [Times: user=0.00 sys=0.00, real=0.00 secs] 
206.155: [GC (Allocation Failure) [PSYoungGen: 36417K->10240K(43520K)] 406611K->385553K(509952K), 0.0013541 secs] [Times: user=0.00 sys=0.00, real=0.00 secs] 
206.591: [Full GC (Ergonomics) [PSYoungGen: 31295K->0K(43520K)] [ParOldGen: 446993K->92689K(466432K)] 478289K->92689K(509952K), [Metaspace: 2796K->2796K(1056768K)], 0.0077227 secs] [Times: user=0.00 sys=0.00, real=0.01 secs] 
208.468: [GC (Allocation Failure) [PSYoungGen: 25154K->5120K(43520K)] 394324K->374289K(509952K), 0.0009342 secs] [Times: user=0.00 sys=0.00, real=0.00 secs] 
209.013: [GC (Allocation Failure) [PSYoungGen: 31300K->10240K(43520K)] 400469K->379409K(509952K), 0.0012241 secs] [Times: user=0.00 sys=0.00, real=0.00 secs] 
209.447: [Full GC (Ergonomics) [PSYoungGen: 31296K->0K(43520K)] [ParOldGen: 440849K->108049K(466432K)] 472146K->108049K(509952K), [Metaspace: 2796K->2796K(1056768K)], 0.0086349 secs] [Times: user=0.02 sys=0.00, real=0.01 secs] 
210.334: [GC (Allocation Failure) [PSYoungGen: 28227K->10240K(43520K)] 238677K->220689K(509952K), 0.0009075 secs] [Times: user=0.00 sys=0.00, real=0.00 secs] 
211.643: [GC (Allocation Failure) [PSYoungGen: 37444K->1024K(43520K)] 421974K->385553K(509952K), 0.0007119 secs] [Times: user=0.00 sys=0.00, real=0.00 secs] 
211.969: [GC (Allocation Failure) [PSYoungGen: 22085K->5120K(43520K)] 406615K->399889K(509952K), 0.0017790 secs] [Times: user=0.00 sys=0.00, real=0.00 secs] 
212.188: [GC (Allocation Failure) [PSYoungGen: 15936K->5120K(43520K)] 431186K->420369K(509952K), 0.0008924 secs] [Times: user=0.00 sys=0.00, real=0.00 secs] 
212.189: [GC (Allocation Failure) [PSYoungGen: 5120K->5120K(43520K)] 420369K->420369K(509952K), 0.0007921 secs] [Times: user=0.00 sys=0.00, real=0.00 secs] 
212.190: [Full GC (Allocation Failure) [PSYoungGen: 5120K->0K(43520K)] [ParOldGen: 415249K->26129K(466432K)] 420369K->26129K(509952K), [Metaspace: 2796K->2796K(1056768K)], 0.0034031 secs] [Times: user=0.00 sys=0.00, real=0.00 secs] 
213.169: [GC (Allocation Failure) [PSYoungGen: 28224K->6144K(43520K)] 207954K->185873K(509952K), 0.0009666 secs] [Times: user=0.00 sys=0.00, real=0.00 secs] 
214.046: [GC (Allocation Failure) [PSYoungGen: 34371K->12288K(43520K)] 388181K->366097K(509952K), 0.0014550 secs] [Times: user=0.00 sys=0.00, real=0.00 secs] 
214.590: [GC (Allocation Failure) [PSYoungGen: 38468K->11264K(43520K)] 392278K->375313K(509952K), 0.0021636 secs] [Times: user=0.00 sys=0.00, real=0.00 secs] 
215.466: [GC (Allocation Failure) [PSYoungGen: 37441K->10240K(43520K)] 401491K->374289K(509952K), 0.0013729 secs] [Times: user=0.00 sys=0.00, real=0.00 secs] 
216.010: [GC (Allocation Failure) [PSYoungGen: 36415K->10240K(43520K)] 400464K->374289K(509952K), 0.0010750 secs] [Times: user=0.00 sys=0.00, real=0.00 secs] 
216.557: [GC (Allocation Failure) [PSYoungGen: 36413K->5120K(43520K)] 472143K->440849K(509952K), 0.0009083 secs] [Times: user=0.00 sys=0.00, real=0.00 secs] 
216.558: [GC (Allocation Failure) [PSYoungGen: 5120K->5120K(43520K)] 440849K->440849K(509952K), 0.0010129 secs] [Times: user=0.00 sys=0.00, real=0.00 secs] 
216.559: [Full GC (Allocation Failure) [PSYoungGen: 5120K->0K(43520K)] [ParOldGen: 435729K->77329K(466432K)] 440849K->77329K(509952K), [Metaspace: 2796K->2796K(1056768K)], 0.0065520 secs] [Times: user=0.00 sys=0.00, real=0.01 secs] 
217.451: [GC (Allocation Failure) [PSYoungGen: 28225K->10240K(43520K)] 207955K->189969K(509952K), 0.0010718 secs] [Times: user=0.00 sys=0.00, real=0.00 secs] 
218.331: [GC (Allocation Failure) [PSYoungGen: 38467K->6144K(43520K)] 392277K->359953K(509952K), 0.0008869 secs] [Times: user=0.00 sys=0.00, real=0.00 secs] 
Heap
 PSYoungGen      total 43520K, used 27789K [0x00000000fc780000, 0x0000000100000000, 0x0000000100000000)
  eden space 29184K, 74% used [0x00000000fc780000,0x00000000fdca3418,0x00000000fe400000)
  from space 14336K, 42% used [0x00000000ff200000,0x00000000ff800020,0x0000000100000000)
  to   space 14336K, 0% used [0x00000000fe400000,0x00000000fe400000,0x00000000ff200000)
 ParOldGen       total 466432K, used 353809K [0x00000000e0000000, 0x00000000fc780000, 0x00000000fc780000)
  object space 466432K, 75% used [0x00000000e0000000,0x00000000f5984750,0x00000000fc780000)
 Metaspace       used 2804K, capacity 4486K, committed 4864K, reserved 1056768K
  class space    used 297K, capacity 386K, committed 512K, reserved 1048576K
