Java HotSpot(TM) 64-Bit Server VM (25.411-b09) for windows-amd64 JRE (1.8.0_411-b09), built on Mar 13 2024 07:26:13 by "java_re" with MS VC++ 17.1 (VS2022)
Memory: 4k page, physical 33403376k(14274744k free), swap 36670664k(7309304k free)
CommandLine flags: -XX:InitialHeapSize=1073741824 -XX:MaxHeapSize=1073741824 -XX:NewRatio=1 -XX:ParallelGCThreads=6 -XX:+PrintGC -XX:+PrintGCDetails -XX:+PrintGCTimeStamps -XX:SurvivorRatio=5 -XX:-UseAdaptiveSizePolicy -XX:+UseCompressedClassPointers -XX:+UseCompressedOops -XX:-UseLargePagesIndividualAllocation -XX:+UseParallelGC 
2.852: [GC (Allocation Failure) [PSYoungGen: 363151K->63144K(449536K)] 363151K->63152K(973824K), 0.0158141 secs] [Times: user=0.00 sys=0.00, real=0.02 secs] 
6.034: [GC (Allocation Failure) [PSYoungGen: 437077K->17048K(449536K)] 437085K->17056K(973824K), 0.0041856 secs] [Times: user=0.00 sys=0.00, real=0.00 secs] 
8.550: [GC (Allocation Failure) [PSYoungGen: 335373K->51816K(449536K)] 335381K->103032K(973824K), 0.0157877 secs] [Times: user=0.00 sys=0.00, real=0.02 secs] 
11.076: [GC (Allocation Failure) [PSYoungGen: 424770K->72392K(449536K)] 475986K->226016K(973824K), 0.0369665 secs] [Times: user=0.05 sys=0.00, real=0.04 secs] 
12.853: [GC (Allocation Failure) [PSYoungGen: 363851K->56920K(449536K)] 517475K->210552K(973824K), 0.0049816 secs] [Times: user=0.00 sys=0.00, real=0.00 secs] 
15.360: [GC (Allocation Failure) [PSYoungGen: 429912K->32376K(449536K)] 583544K->186008K(973824K), 0.0023589 secs] [Times: user=0.00 sys=0.00, real=0.00 secs] 
18.529: [GC (Allocation Failure) [PSYoungGen: 393096K->62104K(449536K)] 546728K->287424K(973824K), 0.0173656 secs] [Times: user=0.00 sys=0.02, real=0.02 secs] 
21.274: [GC (Allocation Failure) [PSYoungGen: 414650K->26200K(449536K)] 639970K->353920K(973824K), 0.0335940 secs] [Times: user=0.01 sys=0.01, real=0.03 secs] 
22.834: [GC (Allocation Failure) [PSYoungGen: 305029K->63096K(449536K)] 632749K->390816K(973824K), 0.0049406 secs] [Times: user=0.00 sys=0.00, real=0.00 secs] 
25.458: [GC (Allocation Failure) [PSYoungGen: 420780K->36472K(449536K)] 748500K->364192K(973824K), 0.0024031 secs] [Times: user=0.00 sys=0.00, real=0.00 secs] 
28.521: [GC (Allocation Failure) [PSYoungGen: 403936K->56992K(449536K)] 731656K->435920K(973824K), 0.0165545 secs] [Times: user=0.02 sys=0.00, real=0.02 secs] 
31.374: [GC (Allocation Failure) [PSYoungGen: 414672K->5744K(449536K)] 793600K->384672K(973824K), 0.0013234 secs] [Times: user=0.00 sys=0.00, real=0.00 secs] 
33.883: [GC (Allocation Failure) [PSYoungGen: 378790K->28312K(449536K)] 757718K->407240K(973824K), 0.0020144 secs] [Times: user=0.00 sys=0.00, real=0.00 secs] 
35.625: [GC (Allocation Failure) [PSYoungGen: 312274K->62072K(449536K)] 691202K->441000K(973824K), 0.0048444 secs] [Times: user=0.00 sys=0.00, real=0.01 secs] 
38.142: [GC (Allocation Failure) [PSYoungGen: 435124K->51832K(449536K)] 814052K->430760K(973824K), 0.0037050 secs] [Times: user=0.00 sys=0.00, real=0.00 secs] 
41.196: [GC (Allocation Failure) [PSYoungGen: 422838K->30816K(449536K)] 801766K->512692K(973824K), 0.0334003 secs] [Times: user=0.03 sys=0.03, real=0.03 secs] 
41.230: [Full GC (Ergonomics) [PSYoungGen: 30816K->0K(449536K)] [ParOldGen: 481876K->133649K(524288K)] 512692K->133649K(973824K), [Metaspace: 2793K->2793K(1056768K)], 0.0136739 secs] [Times: user=0.02 sys=0.00, real=0.01 secs] 
44.188: [GC (Allocation Failure) [PSYoungGen: 311615K->62464K(449536K)] 445264K->196113K(973824K), 0.0047531 secs] [Times: user=0.00 sys=0.00, real=0.00 secs] 
46.932: [GC (Allocation Failure) [PSYoungGen: 435459K->40960K(449536K)] 569108K->174609K(973824K), 0.0022078 secs] [Times: user=0.00 sys=0.00, real=0.00 secs] 
48.467: [GC (Allocation Failure) [PSYoungGen: 319769K->71680K(449536K)] 453418K->261649K(973824K), 0.0158210 secs] [Times: user=0.00 sys=0.00, real=0.02 secs] 
51.108: [GC (Allocation Failure) [PSYoungGen: 437543K->15360K(449536K)] 627512K->205329K(973824K), 0.0016246 secs] [Times: user=0.00 sys=0.00, real=0.00 secs] 
52.747: [GC (Allocation Failure) [PSYoungGen: 314672K->62464K(449536K)] 504642K->252433K(973824K), 0.0047297 secs] [Times: user=0.00 sys=0.00, real=0.00 secs] 
55.926: [GC (Allocation Failure) [PSYoungGen: 436534K->16384K(449536K)] 626503K->206353K(973824K), 0.0019933 secs] [Times: user=0.00 sys=0.00, real=0.00 secs] 
58.434: [GC (Allocation Failure) [PSYoungGen: 331066K->51200K(449536K)] 521035K->292369K(973824K), 0.0052123 secs] [Times: user=0.00 sys=0.00, real=0.00 secs] 
60.947: [GC (Allocation Failure) [PSYoungGen: 424252K->20480K(449536K)] 665422K->364049K(973824K), 0.0162028 secs] [Times: user=0.00 sys=0.00, real=0.02 secs] 
62.711: [GC (Allocation Failure) [PSYoungGen: 309566K->56320K(449536K)] 653135K->399889K(973824K), 0.0048026 secs] [Times: user=0.00 sys=0.00, real=0.01 secs] 
65.226: [GC (Allocation Failure) [PSYoungGen: 429375K->31744K(449536K)] 772944K->375313K(973824K), 0.0025439 secs] [Times: user=0.00 sys=0.00, real=0.00 secs] 
68.388: [GC (Allocation Failure) [PSYoungGen: 392504K->61440K(449536K)] 736074K->476689K(973824K), 0.0071470 secs] [Times: user=0.00 sys=0.00, real=0.01 secs] 
68.396: [Full GC (Ergonomics) [PSYoungGen: 61440K->0K(449536K)] [ParOldGen: 415249K->82457K(524288K)] 476689K->82457K(973824K), [Metaspace: 2796K->2796K(1056768K)], 0.0076411 secs] [Times: user=0.00 sys=0.00, real=0.01 secs] 
71.129: [GC (Allocation Failure) [PSYoungGen: 352571K->25600K(449536K)] 435029K->210457K(973824K), 0.0160279 secs] [Times: user=0.00 sys=0.00, real=0.02 secs] 
72.674: [GC (Allocation Failure) [PSYoungGen: 304392K->62464K(449536K)] 489250K->247321K(973824K), 0.0048354 secs] [Times: user=0.00 sys=0.00, real=0.00 secs] 
75.293: [GC (Allocation Failure) [PSYoungGen: 420124K->35840K(449536K)] 604981K->220697K(973824K), 0.0022386 secs] [Times: user=0.00 sys=0.00, real=0.00 secs] 
78.356: [GC (Allocation Failure) [PSYoungGen: 401705K->56320K(449536K)] 586563K->292377K(973824K), 0.0052724 secs] [Times: user=0.00 sys=0.00, real=0.01 secs] 
81.193: [GC (Allocation Failure) [PSYoungGen: 414002K->5120K(449536K)] 650059K->241177K(973824K), 0.0007910 secs] [Times: user=0.00 sys=0.00, real=0.00 secs] 
83.714: [GC (Allocation Failure) [PSYoungGen: 378167K->27648K(449536K)] 614225K->263705K(973824K), 0.0018706 secs] [Times: user=0.00 sys=0.00, real=0.00 secs] 
85.460: [GC (Allocation Failure) [PSYoungGen: 311611K->61440K(449536K)] 547668K->297497K(973824K), 0.0050177 secs] [Times: user=0.00 sys=0.00, real=0.01 secs] 
87.988: [GC (Allocation Failure) [PSYoungGen: 434492K->51200K(449536K)] 670550K->287257K(973824K), 0.0035629 secs] [Times: user=0.00 sys=0.00, real=0.00 secs] 
91.051: [GC (Allocation Failure) [PSYoungGen: 422206K->30720K(449536K)] 658264K->369177K(973824K), 0.0159473 secs] [Times: user=0.00 sys=0.00, real=0.02 secs] 
94.014: [GC (Allocation Failure) [PSYoungGen: 342335K->62464K(449536K)] 680793K->400921K(973824K), 0.0054865 secs] [Times: user=0.00 sys=0.00, real=0.01 secs] 
96.743: [GC (Allocation Failure) [PSYoungGen: 435520K->40960K(449536K)] 773977K->379417K(973824K), 0.0024860 secs] [Times: user=0.00 sys=0.00, real=0.00 secs] 
98.272: [GC (Allocation Failure) [PSYoungGen: 319808K->71680K(449536K)] 658266K->466457K(973824K), 0.0068023 secs] [Times: user=0.00 sys=0.00, real=0.01 secs] 
98.279: [Full GC (Ergonomics) [PSYoungGen: 71680K->0K(449536K)] [ParOldGen: 394777K->77329K(524288K)] 466457K->77329K(973824K), [Metaspace: 2796K->2796K(1056768K)], 0.0077799 secs] [Times: user=0.00 sys=0.00, real=0.01 secs] 
100.914: [GC (Allocation Failure) [PSYoungGen: 365888K->15360K(449536K)] 443217K->92689K(973824K), 0.0013569 secs] [Times: user=0.00 sys=0.00, real=0.00 secs] 
102.556: [GC (Allocation Failure) [PSYoungGen: 314637K->62464K(449536K)] 391966K->139793K(973824K), 0.0048177 secs] [Times: user=0.02 sys=0.00, real=0.00 secs] 
105.739: [GC (Allocation Failure) [PSYoungGen: 436511K->16384K(449536K)] 513841K->93713K(973824K), 0.0013307 secs] [Times: user=0.00 sys=0.00, real=0.00 secs] 
108.252: [GC (Allocation Failure) [PSYoungGen: 331051K->51200K(449536K)] 408381K->179729K(973824K), 0.0050246 secs] [Times: user=0.00 sys=0.00, real=0.00 secs] 
110.782: [GC (Allocation Failure) [PSYoungGen: 424243K->20480K(449536K)] 552772K->251409K(973824K), 0.0158360 secs] [Times: user=0.00 sys=0.00, real=0.02 secs] 
112.545: [GC (Allocation Failure) [PSYoungGen: 309560K->56320K(449536K)] 540489K->287249K(973824K), 0.0047047 secs] [Times: user=0.00 sys=0.00, real=0.00 secs] 
115.058: [GC (Allocation Failure) [PSYoungGen: 429371K->31744K(449536K)] 660300K->262673K(973824K), 0.0025424 secs] [Times: user=0.00 sys=0.00, real=0.00 secs] 
118.225: [GC (Allocation Failure) [PSYoungGen: 392502K->61440K(449536K)] 623431K->364049K(973824K), 0.0069167 secs] [Times: user=0.00 sys=0.00, real=0.01 secs] 
120.974: [GC (Allocation Failure) [PSYoungGen: 414010K->25600K(449536K)] 716619K->430609K(973824K), 0.0156258 secs] [Times: user=0.00 sys=0.00, real=0.02 secs] 
120.989: [Full GC (Ergonomics) [PSYoungGen: 25600K->0K(449536K)] [ParOldGen: 405009K->128529K(524288K)] 430609K->128529K(973824K), [Metaspace: 2796K->2796K(1056768K)], 0.0095941 secs] [Times: user=0.00 sys=0.00, real=0.01 secs] 
122.531: [GC (Allocation Failure) [PSYoungGen: 278844K->57344K(449536K)] 407374K->185873K(973824K), 0.0052596 secs] [Times: user=0.00 sys=0.00, real=0.00 secs] 
125.149: [GC (Allocation Failure) [PSYoungGen: 414970K->35840K(449536K)] 543499K->164369K(973824K), 0.0024119 secs] [Times: user=0.00 sys=0.00, real=0.00 secs] 
128.210: [GC (Allocation Failure) [PSYoungGen: 401683K->56320K(449536K)] 530213K->236049K(973824K), 0.0054429 secs] [Times: user=0.00 sys=0.00, real=0.01 secs] 
131.069: [GC (Allocation Failure) [PSYoungGen: 413988K->5120K(449536K)] 593717K->184849K(973824K), 0.0008312 secs] [Times: user=0.00 sys=0.00, real=0.00 secs] 
133.580: [GC (Allocation Failure) [PSYoungGen: 378158K->27648K(449536K)] 557888K->207377K(973824K), 0.0021701 secs] [Times: user=0.00 sys=0.00, real=0.00 secs] 
135.325: [GC (Allocation Failure) [PSYoungGen: 311605K->61440K(449536K)] 491334K->241169K(973824K), 0.0048382 secs] [Times: user=0.00 sys=0.00, real=0.00 secs] 
137.839: [GC (Allocation Failure) [PSYoungGen: 434489K->51200K(449536K)] 614218K->230929K(973824K), 0.0035617 secs] [Times: user=0.00 sys=0.00, real=0.00 secs] 
140.896: [GC (Allocation Failure) [PSYoungGen: 422204K->30720K(449536K)] 601933K->312849K(973824K), 0.0159257 secs] [Times: user=0.00 sys=0.00, real=0.02 secs] 
143.857: [GC (Allocation Failure) [PSYoungGen: 342334K->62464K(449536K)] 624463K->344593K(973824K), 0.0046420 secs] [Times: user=0.00 sys=0.00, real=0.00 secs] 
146.589: [GC (Allocation Failure) [PSYoungGen: 435519K->40960K(449536K)] 717648K->323089K(973824K), 0.0024071 secs] [Times: user=0.01 sys=0.00, real=0.00 secs] 
148.120: [GC (Allocation Failure) [PSYoungGen: 319807K->71680K(449536K)] 601937K->410129K(973824K), 0.0159669 secs] [Times: user=0.00 sys=0.00, real=0.01 secs] 
150.755: [GC (Allocation Failure) [PSYoungGen: 437567K->15360K(449536K)] 776017K->353809K(973824K), 0.0014224 secs] [Times: user=0.00 sys=0.00, real=0.00 secs] 
152.393: [GC (Allocation Failure) [PSYoungGen: 314688K->62464K(449536K)] 653137K->400913K(973824K), 0.0049738 secs] [Times: user=0.00 sys=0.00, real=0.01 secs] 
155.560: [GC (Allocation Failure) [PSYoungGen: 436544K->16384K(449536K)] 774993K->354833K(973824K), 0.0016269 secs] [Times: user=0.00 sys=0.00, real=0.00 secs] 
158.071: [GC (Allocation Failure) [PSYoungGen: 331072K->51200K(449536K)] 669522K->440849K(973824K), 0.0053984 secs] [Times: user=0.00 sys=0.00, real=0.00 secs] 
158.076: [Full GC (Ergonomics) [PSYoungGen: 51200K->0K(449536K)] [ParOldGen: 389649K->51729K(524288K)] 440849K->51729K(973824K), [Metaspace: 2796K->2796K(1056768K)], 0.0049399 secs] [Times: user=0.00 sys=0.00, real=0.01 secs] 
160.602: [GC (Allocation Failure) [PSYoungGen: 373056K->20480K(449536K)] 424786K->174609K(973824K), 0.0154444 secs] [Times: user=0.01 sys=0.00, real=0.02 secs] 
162.360: [GC (Allocation Failure) [PSYoungGen: 309518K->56320K(449536K)] 463647K->210449K(973824K), 0.0043322 secs] [Times: user=0.00 sys=0.00, real=0.00 secs] 
164.867: [GC (Allocation Failure) [PSYoungGen: 429344K->31744K(449536K)] 583473K->185873K(973824K), 0.0022927 secs] [Times: user=0.00 sys=0.00, real=0.00 secs] 
168.035: [GC (Allocation Failure) [PSYoungGen: 392485K->61440K(449536K)] 546614K->287249K(973824K), 0.0153593 secs] [Times: user=0.00 sys=0.00, real=0.02 secs] 
170.780: [GC (Allocation Failure) [PSYoungGen: 413999K->25600K(449536K)] 639808K->353809K(973824K), 0.0151922 secs] [Times: user=0.00 sys=0.00, real=0.02 secs] 
172.326: [GC (Allocation Failure) [PSYoungGen: 304437K->62464K(449536K)] 632647K->390673K(973824K), 0.0049259 secs] [Times: user=0.00 sys=0.00, real=0.01 secs] 
174.943: [GC (Allocation Failure) [PSYoungGen: 420153K->35840K(449536K)] 748362K->364049K(973824K), 0.0022178 secs] [Times: user=0.00 sys=0.00, real=0.00 secs] 
177.999: [GC (Allocation Failure) [PSYoungGen: 401724K->56320K(449536K)] 729933K->435729K(973824K), 0.0054819 secs] [Times: user=0.00 sys=0.00, real=0.01 secs] 
178.004: [Full GC (Ergonomics) [PSYoungGen: 56320K->0K(449536K)] [ParOldGen: 379409K->56849K(524288K)] 435729K->56849K(973824K), [Metaspace: 2796K->2796K(1056768K)], 0.0057112 secs] [Times: user=0.00 sys=0.00, real=0.01 secs] 
180.867: [GC (Allocation Failure) [PSYoungGen: 357694K->5120K(449536K)] 414543K->61969K(973824K), 0.0008862 secs] [Times: user=0.00 sys=0.00, real=0.00 secs] 
183.380: [GC (Allocation Failure) [PSYoungGen: 378122K->27648K(449536K)] 434972K->84497K(973824K), 0.0017243 secs] [Times: user=0.00 sys=0.00, real=0.00 secs] 
185.124: [GC (Allocation Failure) [PSYoungGen: 311582K->61440K(449536K)] 368431K->118289K(973824K), 0.0047694 secs] [Times: user=0.00 sys=0.00, real=0.00 secs] 
187.636: [GC (Allocation Failure) [PSYoungGen: 434474K->51200K(449536K)] 491323K->108049K(973824K), 0.0036818 secs] [Times: user=0.00 sys=0.00, real=0.00 secs] 
190.688: [GC (Allocation Failure) [PSYoungGen: 422194K->30720K(449536K)] 479044K->189969K(973824K), 0.0153065 secs] [Times: user=0.00 sys=0.00, real=0.02 secs] 
193.656: [GC (Allocation Failure) [PSYoungGen: 342328K->62496K(449536K)] 501577K->221745K(973824K), 0.0051979 secs] [Times: user=0.00 sys=0.00, real=0.01 secs] 
196.402: [GC (Allocation Failure) [PSYoungGen: 435547K->40992K(449536K)] 594796K->200241K(973824K), 0.0023556 secs] [Times: user=0.02 sys=0.00, real=0.00 secs] 
197.935: [GC (Allocation Failure) [PSYoungGen: 319837K->71776K(449536K)] 479086K->287345K(973824K), 0.0163200 secs] [Times: user=0.00 sys=0.00, real=0.02 secs] 
200.574: [GC (Allocation Failure) [PSYoungGen: 437662K->15392K(449536K)] 653231K->230961K(973824K), 0.0016929 secs] [Times: user=0.02 sys=0.00, real=0.00 secs] 
202.211: [GC (Allocation Failure) [PSYoungGen: 314719K->62496K(449536K)] 530288K->278065K(973824K), 0.0051018 secs] [Times: user=0.00 sys=0.00, real=0.01 secs] 
205.391: [GC (Allocation Failure) [PSYoungGen: 436575K->16448K(449536K)] 652145K->232017K(973824K), 0.0016426 secs] [Times: user=0.00 sys=0.00, real=0.00 secs] 
207.905: [GC (Allocation Failure) [PSYoungGen: 331136K->51232K(449536K)] 546705K->318001K(973824K), 0.0051149 secs] [Times: user=0.00 sys=0.00, real=0.01 secs] 
210.429: [GC (Allocation Failure) [PSYoungGen: 424288K->20512K(449536K)] 691057K->389681K(973824K), 0.0157964 secs] [Times: user=0.02 sys=0.00, real=0.01 secs] 
210.445: [Full GC (Ergonomics) [PSYoungGen: 20512K->0K(449536K)] [ParOldGen: 369169K->174609K(524288K)] 389681K->174609K(973824K), [Metaspace: 2796K->2796K(1056768K)], 0.0129218 secs] [Times: user=0.00 sys=0.00, real=0.01 secs] 
212.202: [GC (Allocation Failure) [PSYoungGen: 289088K->56320K(449536K)] 463698K->230929K(973824K), 0.0047744 secs] [Times: user=0.00 sys=0.00, real=0.01 secs] 
214.717: [GC (Allocation Failure) [PSYoungGen: 429311K->31744K(449536K)] 603921K->206353K(973824K), 0.0024090 secs] [Times: user=0.00 sys=0.00, real=0.00 secs] 
217.883: [GC (Allocation Failure) [PSYoungGen: 392463K->61440K(449536K)] 567073K->307729K(973824K), 0.0153790 secs] [Times: user=0.00 sys=0.00, real=0.02 secs] 
Heap
 PSYoungGen      total 449536K, used 194153K [0x00000000e0000000, 0x0000000100000000, 0x0000000100000000)
  eden space 374784K, 35% used [0x00000000e0000000,0x00000000e819a5b0,0x00000000f6e00000)
  from space 74752K, 82% used [0x00000000f6e00000,0x00000000faa00030,0x00000000fb700000)
  to   space 74752K, 0% used [0x00000000fb700000,0x00000000fb700000,0x0000000100000000)
 ParOldGen       total 524288K, used 246289K [0x00000000c0000000, 0x00000000e0000000, 0x00000000e0000000)
  object space 524288K, 46% used [0x00000000c0000000,0x00000000cf084750,0x00000000e0000000)
 Metaspace       used 2804K, capacity 4486K, committed 4864K, reserved 1056768K
  class space    used 297K, capacity 386K, committed 512K, reserved 1048576K
