Java HotSpot(TM) 64-Bit Server VM (25.411-b09) for windows-amd64 JRE (1.8.0_411-b09), built on Mar 13 2024 07:26:13 by "java_re" with MS VC++ 17.1 (VS2022)
Memory: 4k page, physical 33403376k(14354796k free), swap 37153868k(7544068k free)
CommandLine flags: -XX:InitialHeapSize=536870912 -XX:MaxHeapSize=536870912 -XX:NewRatio=2 -XX:ParallelGCThreads=6 -XX:+PrintGC -XX:+PrintGCDetails -XX:+PrintGCTimeStamps -XX:SurvivorRatio=10 -XX:-UseAdaptiveSizePolicy -XX:+UseCompressedClassPointers -XX:+UseCompressedOops -XX:-UseLargePagesIndividualAllocation -XX:+UseParallelGC 
1.965: [GC (Allocation Failure) [PSYoungGen: 141005K->11960K(160256K)] 243405K->114368K(509952K), 0.0026327 secs] [Times: user=0.00 sys=0.00, real=0.00 secs] 
3.749: [GC (Allocation Failure) [PSYoungGen: 153118K->12904K(160256K)] 357926K->222832K(509952K), 0.0033233 secs] [Times: user=0.00 sys=0.00, real=0.00 secs] 
6.080: [GC (Allocation Failure) [PSYoungGen: 155086K->11832K(160256K)] 467414K->329280K(509952K), 0.0026846 secs] [Times: user=0.00 sys=0.00, real=0.00 secs] 
7.170: [GC (Allocation Failure) --[PSYoungGen: 139089K->139089K(160256K)] 456537K->482146K(509952K), 0.0156959 secs] [Times: user=0.00 sys=0.00, real=0.01 secs] 
7.186: [Full GC (Ergonomics) [PSYoungGen: 139089K->0K(160256K)] [ParOldGen: 343056K->92688K(349696K)] 482146K->92688K(509952K), [Metaspace: 2759K->2759K(1056768K)], 0.0118528 secs] [Times: user=0.00 sys=0.00, real=0.01 secs] 
8.510: [GC (Allocation Failure) [PSYoungGen: 141139K->0K(160256K)] 233828K->113168K(509952K), 0.0022355 secs] [Times: user=0.02 sys=0.00, real=0.00 secs] 
9.935: [GC (Allocation Failure) [PSYoungGen: 125765K->5120K(160256K)] 341334K->292369K(509952K), 0.0063299 secs] [Times: user=0.00 sys=0.00, real=0.01 secs] 
9.941: [Full GC (Ergonomics) [PSYoungGen: 5120K->0K(160256K)] [ParOldGen: 287249K->77328K(349696K)] 292369K->77328K(509952K), [Metaspace: 2761K->2761K(1056768K)], 0.0066874 secs] [Times: user=0.00 sys=0.00, real=0.01 secs] 
11.374: [GC (Allocation Failure) [PSYoungGen: 125777K->5120K(160256K)] 305506K->205328K(509952K), 0.0024671 secs] [Times: user=0.00 sys=0.00, real=0.00 secs] 
12.794: [Full GC (Ergonomics) [PSYoungGen: 111373K->0K(160256K)] [ParOldGen: 302608K->26129K(349696K)] 413982K->26129K(509952K), [Metaspace: 2763K->2763K(1056768K)], 0.0036998 secs] [Times: user=0.00 sys=0.00, real=0.00 secs] 
14.215: [GC (Allocation Failure) [PSYoungGen: 125789K->11264K(160256K)] 254318K->160273K(509952K), 0.0023441 secs] [Times: user=0.00 sys=0.00, real=0.00 secs] 
16.729: [GC (Allocation Failure) [PSYoungGen: 147296K->10240K(160256K)] 398705K->261649K(509952K), 0.0013017 secs] [Times: user=0.00 sys=0.00, real=0.00 secs] 
17.166: [GC (Allocation Failure) [PSYoungGen: 105314K->5120K(160256K)] 356723K->328209K(509952K), 0.0055761 secs] [Times: user=0.02 sys=0.00, real=0.01 secs] 
17.172: [Full GC (Ergonomics) [PSYoungGen: 5120K->0K(160256K)] [ParOldGen: 323089K->77329K(349696K)] 328209K->77329K(509952K), [Metaspace: 2768K->2768K(1056768K)], 0.0062909 secs] [Times: user=0.00 sys=0.00, real=0.01 secs] 
18.161: [GC (Allocation Failure) [PSYoungGen: 136026K->10240K(160256K)] 213355K->87569K(509952K), 0.0010725 secs] [Times: user=0.00 sys=0.00, real=0.00 secs] 
19.909: [GC (Allocation Failure) [PSYoungGen: 125769K->5120K(160256K)] 305498K->184849K(509952K), 0.0008473 secs] [Times: user=0.00 sys=0.00, real=0.00 secs] 
21.327: [Full GC (Ergonomics) [PSYoungGen: 130899K->0K(160256K)] [ParOldGen: 282129K->128529K(349696K)] 413028K->128529K(509952K), [Metaspace: 2779K->2779K(1056768K)], 0.0098132 secs] [Times: user=0.00 sys=0.00, real=0.01 secs] 
22.767: [GC (Allocation Failure) [PSYoungGen: 125786K->6144K(160256K)] 356715K->257553K(509952K), 0.0024896 secs] [Times: user=0.00 sys=0.00, real=0.00 secs] 
22.876: [GC (Allocation Failure) [PSYoungGen: 60254K->6144K(160256K)] 311663K->308753K(509952K), 0.0050319 secs] [Times: user=0.00 sys=0.00, real=0.01 secs] 
22.881: [Full GC (Ergonomics) [PSYoungGen: 6144K->0K(160256K)] [ParOldGen: 302609K->165393K(349696K)] 308753K->165393K(509952K), [Metaspace: 2779K->2779K(1056768K)], 0.0050015 secs] [Times: user=0.00 sys=0.00, real=0.00 secs] 
24.092: [GC (Allocation Failure) [PSYoungGen: 130910K->10240K(160256K)] 296303K->185873K(509952K), 0.0019636 secs] [Times: user=0.00 sys=0.00, real=0.00 secs] 
25.512: [Full GC (Ergonomics) [PSYoungGen: 136010K->0K(160256K)] [ParOldGen: 278033K->26624K(349696K)] 414043K->26624K(509952K), [Metaspace: 2779K->2779K(1056768K)], 0.0032963 secs] [Times: user=0.00 sys=0.00, real=0.00 secs] 
26.930: [GC (Allocation Failure) [PSYoungGen: 125780K->5120K(160256K)] 254804K->144384K(509952K), 0.0017423 secs] [Times: user=0.00 sys=0.00, real=0.00 secs] 
28.892: [GC (Allocation Failure) [PSYoungGen: 146883K->6176K(160256K)] 388547K->299048K(509952K), 0.0050258 secs] [Times: user=0.00 sys=0.00, real=0.01 secs] 
28.897: [Full GC (Ergonomics) [PSYoungGen: 6176K->0K(160256K)] [ParOldGen: 292872K->57873K(349696K)] 299048K->57873K(509952K), [Metaspace: 2793K->2793K(1056768K)], 0.0050785 secs] [Times: user=0.02 sys=0.00, real=0.00 secs] 
30.639: [GC (Allocation Failure) [PSYoungGen: 141150K->10240K(160256K)] 301424K->170513K(509952K), 0.0011539 secs] [Times: user=0.00 sys=0.00, real=0.00 secs] 
32.277: [GC (Allocation Failure) [PSYoungGen: 151393K->6144K(160256K)] 311666K->166417K(509952K), 0.0009618 secs] [Times: user=0.00 sys=0.00, real=0.00 secs] 
33.912: [GC (Allocation Failure) [PSYoungGen: 147293K->12288K(160256K)] 409966K->290321K(509952K), 0.0017674 secs] [Times: user=0.00 sys=0.00, real=0.00 secs] 
33.914: [Full GC (Ergonomics) [PSYoungGen: 12288K->0K(160256K)] [ParOldGen: 278033K->17937K(349696K)] 290321K->17937K(509952K), [Metaspace: 2793K->2793K(1056768K)], 0.0026366 secs] [Times: user=0.00 sys=0.00, real=0.00 secs] 
35.546: [GC (Allocation Failure) [PSYoungGen: 130912K->10240K(160256K)] 251249K->151057K(509952K), 0.0023465 secs] [Times: user=0.00 sys=0.00, real=0.00 secs] 
36.965: [GC (Allocation Failure) [PSYoungGen: 136034K->10240K(160256K)] 379252K->299537K(509952K), 0.0030453 secs] [Times: user=0.00 sys=0.00, real=0.00 secs] 
36.968: [Full GC (Ergonomics) [PSYoungGen: 10240K->0K(160256K)] [ParOldGen: 289297K->36369K(349696K)] 299537K->36369K(509952K), [Metaspace: 2794K->2794K(1056768K)], 0.0037146 secs] [Times: user=0.00 sys=0.00, real=0.00 secs] 
38.387: [GC (Allocation Failure) [PSYoungGen: 125795K->5120K(160256K)] 264565K->164369K(509952K), 0.0021898 secs] [Times: user=0.00 sys=0.00, real=0.00 secs] 
39.807: [GC (Allocation Failure) [PSYoungGen: 120676K->5120K(160256K)] 279926K->184849K(509952K), 0.0023487 secs] [Times: user=0.00 sys=0.00, real=0.00 secs] 
41.229: [Full GC (Ergonomics) [PSYoungGen: 130909K->0K(160256K)] [ParOldGen: 282129K->133649K(349696K)] 413039K->133649K(509952K), [Metaspace: 2794K->2794K(1056768K)], 0.0104360 secs] [Times: user=0.00 sys=0.00, real=0.01 secs] 
43.980: [GC (Allocation Failure) [PSYoungGen: 138080K->11264K(160256K)] 374130K->257553K(509952K), 0.0018065 secs] [Times: user=0.00 sys=0.00, real=0.00 secs] 
45.400: [Full GC (Ergonomics) [PSYoungGen: 137058K->0K(160256K)] [ParOldGen: 348689K->27648K(349696K)] 485748K->27648K(509952K), [Metaspace: 2796K->2796K(1056768K)], 0.0038789 secs] [Times: user=0.00 sys=0.00, real=0.00 secs] 
46.928: [GC (Allocation Failure) [PSYoungGen: 115556K->0K(160256K)] 245604K->171008K(509952K), 0.0024411 secs] [Times: user=0.00 sys=0.00, real=0.00 secs] 
48.342: [GC (Allocation Failure) [PSYoungGen: 125796K->5120K(160256K)] 399205K->299008K(509952K), 0.0022805 secs] [Times: user=0.00 sys=0.00, real=0.00 secs] 
48.345: [Full GC (Ergonomics) [PSYoungGen: 5120K->0K(160256K)] [ParOldGen: 293888K->46609K(349696K)] 299008K->46609K(509952K), [Metaspace: 2796K->2796K(1056768K)], 0.0046044 secs] [Times: user=0.00 sys=0.00, real=0.00 secs] 
49.759: [GC (Allocation Failure) [PSYoungGen: 125797K->5120K(160256K)] 274806K->225809K(509952K), 0.0056171 secs] [Times: user=0.00 sys=0.00, real=0.00 secs] 
51.179: [Full GC (Ergonomics) [PSYoungGen: 115557K->0K(160256K)] [ParOldGen: 323089K->26624K(349696K)] 438647K->26624K(509952K), [Metaspace: 2796K->2796K(1056768K)], 0.0034061 secs] [Times: user=0.00 sys=0.00, real=0.00 secs] 
52.606: [GC (Allocation Failure) [PSYoungGen: 125798K->6144K(160256K)] 254822K->155648K(509952K), 0.0022588 secs] [Times: user=0.00 sys=0.00, real=0.00 secs] 
55.224: [GC (Allocation Failure) [PSYoungGen: 143206K->10240K(160256K)] 395110K->267264K(509952K), 0.0014343 secs] [Times: user=0.00 sys=0.00, real=0.00 secs] 
55.553: [GC (Allocation Failure) [PSYoungGen: 95078K->10240K(160256K)] 352102K->318464K(509952K), 0.0047247 secs] [Times: user=0.00 sys=0.00, real=0.00 secs] 
55.558: [Full GC (Ergonomics) [PSYoungGen: 10240K->0K(160256K)] [ParOldGen: 308224K->67089K(349696K)] 318464K->67089K(509952K), [Metaspace: 2796K->2796K(1056768K)], 0.0058950 secs] [Times: user=0.00 sys=0.00, real=0.01 secs] 
56.550: [GC (Allocation Failure) [PSYoungGen: 136028K->10240K(160256K)] 203117K->77329K(509952K), 0.0009750 secs] [Times: user=0.00 sys=0.00, real=0.00 secs] 
58.292: [GC (Allocation Failure) [PSYoungGen: 141129K->0K(160256K)] 310619K->189969K(509952K), 0.0019440 secs] [Times: user=0.00 sys=0.00, real=0.00 secs] 
59.708: [Full GC (Ergonomics) [PSYoungGen: 125779K->0K(160256K)] [ParOldGen: 292369K->77824K(349696K)] 418149K->77824K(509952K), [Metaspace: 2796K->2796K(1056768K)], 0.0066887 secs] [Times: user=0.02 sys=0.00, real=0.01 secs] 
61.144: [GC (Allocation Failure) [PSYoungGen: 125786K->5120K(160256K)] 306010K->205824K(509952K), 0.0022445 secs] [Times: user=0.00 sys=0.00, real=0.00 secs] 
62.565: [Full GC (Ergonomics) [PSYoungGen: 110430K->0K(160256K)] [ParOldGen: 303104K->26624K(349696K)] 413534K->26624K(509952K), [Metaspace: 2796K->2796K(1056768K)], 0.0035321 secs] [Times: user=0.00 sys=0.00, real=0.00 secs] 
63.984: [GC (Allocation Failure) [PSYoungGen: 125793K->11264K(160256K)] 254817K->160768K(509952K), 0.0023807 secs] [Times: user=0.00 sys=0.00, real=0.00 secs] 
66.493: [GC (Allocation Failure) [PSYoungGen: 147299K->10240K(160256K)] 399203K->262144K(509952K), 0.0011862 secs] [Times: user=0.00 sys=0.00, real=0.00 secs] 
66.928: [GC (Allocation Failure) [PSYoungGen: 105316K->5120K(160256K)] 357220K->328704K(509952K), 0.0054675 secs] [Times: user=0.01 sys=0.00, real=0.01 secs] 
66.934: [Full GC (Ergonomics) [PSYoungGen: 5120K->0K(160256K)] [ParOldGen: 323584K->77329K(349696K)] 328704K->77329K(509952K), [Metaspace: 2796K->2796K(1056768K)], 0.0066555 secs] [Times: user=0.00 sys=0.00, real=0.01 secs] 
67.925: [GC (Allocation Failure) [PSYoungGen: 136027K->10240K(160256K)] 213357K->87569K(509952K), 0.0010630 secs] [Times: user=0.00 sys=0.00, real=0.00 secs] 
69.673: [GC (Allocation Failure) [PSYoungGen: 125769K->5120K(160256K)] 305499K->184849K(509952K), 0.0008230 secs] [Times: user=0.00 sys=0.00, real=0.00 secs] 
71.090: [Full GC (Ergonomics) [PSYoungGen: 130899K->0K(160256K)] [ParOldGen: 282129K->128529K(349696K)] 413029K->128529K(509952K), [Metaspace: 2796K->2796K(1056768K)], 0.0097882 secs] [Times: user=0.00 sys=0.00, real=0.01 secs] 
72.528: [GC (Allocation Failure) [PSYoungGen: 125786K->6144K(160256K)] 356715K->257553K(509952K), 0.0023931 secs] [Times: user=0.00 sys=0.00, real=0.00 secs] 
72.636: [GC (Allocation Failure) [PSYoungGen: 60254K->6144K(160256K)] 311663K->308753K(509952K), 0.0044832 secs] [Times: user=0.00 sys=0.00, real=0.00 secs] 
72.641: [Full GC (Ergonomics) [PSYoungGen: 6144K->0K(160256K)] [ParOldGen: 302609K->165393K(349696K)] 308753K->165393K(509952K), [Metaspace: 2796K->2796K(1056768K)], 0.0051534 secs] [Times: user=0.00 sys=0.00, real=0.01 secs] 
73.848: [GC (Allocation Failure) [PSYoungGen: 130910K->10240K(160256K)] 296303K->185873K(509952K), 0.0014758 secs] [Times: user=0.00 sys=0.00, real=0.00 secs] 
75.265: [Full GC (Ergonomics) [PSYoungGen: 136010K->0K(160256K)] [ParOldGen: 278033K->26624K(349696K)] 414044K->26624K(509952K), [Metaspace: 2796K->2796K(1056768K)], 0.0033069 secs] [Times: user=0.00 sys=0.00, real=0.00 secs] 
76.683: [GC (Allocation Failure) [PSYoungGen: 125780K->10240K(160256K)] 254804K->144384K(509952K), 0.0014805 secs] [Times: user=0.00 sys=0.00, real=0.00 secs] 
78.641: [GC (Allocation Failure) [PSYoungGen: 151386K->6144K(160256K)] 387930K->293888K(509952K), 0.0046386 secs] [Times: user=0.00 sys=0.00, real=0.00 secs] 
78.646: [Full GC (Ergonomics) [PSYoungGen: 6144K->0K(160256K)] [ParOldGen: 287744K->57873K(349696K)] 293888K->57873K(509952K), [Metaspace: 2796K->2796K(1056768K)], 0.0054483 secs] [Times: user=0.00 sys=0.00, real=0.01 secs] 
80.389: [GC (Allocation Failure) [PSYoungGen: 141150K->10240K(160256K)] 301424K->170513K(509952K), 0.0009331 secs] [Times: user=0.00 sys=0.00, real=0.00 secs] 
82.025: [GC (Allocation Failure) [PSYoungGen: 151393K->6144K(160256K)] 311666K->166417K(509952K), 0.0008734 secs] [Times: user=0.00 sys=0.00, real=0.00 secs] 
83.666: [GC (Allocation Failure) [PSYoungGen: 147293K->7168K(160256K)] 409966K->290321K(509952K), 0.0019693 secs] [Times: user=0.00 sys=0.00, real=0.00 secs] 
83.668: [Full GC (Ergonomics) [PSYoungGen: 7168K->0K(160256K)] [ParOldGen: 283153K->17937K(349696K)] 290321K->17937K(509952K), [Metaspace: 2796K->2796K(1056768K)], 0.0029447 secs] [Times: user=0.00 sys=0.00, real=0.00 secs] 
85.305: [GC (Allocation Failure) [PSYoungGen: 130912K->10240K(160256K)] 251249K->151057K(509952K), 0.0025004 secs] [Times: user=0.00 sys=0.00, real=0.00 secs] 
86.724: [GC (Allocation Failure) [PSYoungGen: 136034K->10240K(160256K)] 379252K->299537K(509952K), 0.0035549 secs] [Times: user=0.00 sys=0.00, real=0.00 secs] 
86.728: [Full GC (Ergonomics) [PSYoungGen: 10240K->0K(160256K)] [ParOldGen: 289297K->36369K(349696K)] 299537K->36369K(509952K), [Metaspace: 2796K->2796K(1056768K)], 0.0039248 secs] [Times: user=0.00 sys=0.00, real=0.00 secs] 
88.142: [GC (Allocation Failure) [PSYoungGen: 125795K->5120K(160256K)] 264565K->164369K(509952K), 0.0021762 secs] [Times: user=0.00 sys=0.00, real=0.00 secs] 
89.557: [GC (Allocation Failure) [PSYoungGen: 120676K->5120K(160256K)] 279926K->184849K(509952K), 0.0022311 secs] [Times: user=0.00 sys=0.00, real=0.00 secs] 
90.974: [Full GC (Ergonomics) [PSYoungGen: 130909K->0K(160256K)] [ParOldGen: 282129K->133649K(349696K)] 413039K->133649K(509952K), [Metaspace: 2796K->2796K(1056768K)], 0.0105049 secs] [Times: user=0.00 sys=0.00, real=0.01 secs] 
93.719: [GC (Allocation Failure) [PSYoungGen: 138080K->11264K(160256K)] 374130K->257553K(509952K), 0.0020260 secs] [Times: user=0.00 sys=0.00, real=0.00 secs] 
95.139: [Full GC (Ergonomics) [PSYoungGen: 137058K->0K(160256K)] [ParOldGen: 348689K->27648K(349696K)] 485748K->27648K(509952K), [Metaspace: 2796K->2796K(1056768K)], 0.0041850 secs] [Times: user=0.00 sys=0.00, real=0.00 secs] 
96.676: [GC (Allocation Failure) [PSYoungGen: 115556K->0K(160256K)] 245604K->171008K(509952K), 0.0023074 secs] [Times: user=0.00 sys=0.00, real=0.00 secs] 
98.093: [GC (Allocation Failure) [PSYoungGen: 125796K->5120K(160256K)] 399205K->299008K(509952K), 0.0024459 secs] [Times: user=0.00 sys=0.00, real=0.00 secs] 
98.096: [Full GC (Ergonomics) [PSYoungGen: 5120K->0K(160256K)] [ParOldGen: 293888K->46609K(349696K)] 299008K->46609K(509952K), [Metaspace: 2796K->2796K(1056768K)], 0.0044112 secs] [Times: user=0.00 sys=0.00, real=0.00 secs] 
99.517: [GC (Allocation Failure) [PSYoungGen: 125797K->5120K(160256K)] 274806K->225809K(509952K), 0.0055460 secs] [Times: user=0.00 sys=0.00, real=0.01 secs] 
100.941: [Full GC (Ergonomics) [PSYoungGen: 115557K->0K(160256K)] [ParOldGen: 323089K->26624K(349696K)] 438647K->26624K(509952K), [Metaspace: 2796K->2796K(1056768K)], 0.0035306 secs] [Times: user=0.00 sys=0.00, real=0.00 secs] 
102.361: [GC (Allocation Failure) [PSYoungGen: 125798K->6144K(160256K)] 254822K->155648K(509952K), 0.0026032 secs] [Times: user=0.00 sys=0.00, real=0.00 secs] 
104.983: [GC (Allocation Failure) [PSYoungGen: 143206K->5120K(160256K)] 395110K->267264K(509952K), 0.0013898 secs] [Times: user=0.00 sys=0.00, real=0.00 secs] 
105.315: [GC (Allocation Failure) [PSYoungGen: 89958K->5120K(160256K)] 352102K->328704K(509952K), 0.0050384 secs] [Times: user=0.00 sys=0.00, real=0.00 secs] 
105.320: [Full GC (Ergonomics) [PSYoungGen: 5120K->0K(160256K)] [ParOldGen: 323584K->67089K(349696K)] 328704K->67089K(509952K), [Metaspace: 2796K->2796K(1056768K)], 0.0057156 secs] [Times: user=0.00 sys=0.00, real=0.01 secs] 
106.309: [GC (Allocation Failure) [PSYoungGen: 136028K->10240K(160256K)] 203117K->77329K(509952K), 0.0012884 secs] [Times: user=0.00 sys=0.00, real=0.00 secs] 
108.058: [GC (Allocation Failure) [PSYoungGen: 141129K->0K(160256K)] 310619K->189969K(509952K), 0.0020388 secs] [Times: user=0.00 sys=0.00, real=0.00 secs] 
109.478: [Full GC (Ergonomics) [PSYoungGen: 125779K->0K(160256K)] [ParOldGen: 292369K->77824K(349696K)] 418149K->77824K(509952K), [Metaspace: 2796K->2796K(1056768K)], 0.0065998 secs] [Times: user=0.00 sys=0.00, real=0.01 secs] 
110.898: [GC (Allocation Failure) [PSYoungGen: 125786K->5120K(160256K)] 306010K->205824K(509952K), 0.0025354 secs] [Times: user=0.00 sys=0.00, real=0.00 secs] 
112.318: [Full GC (Ergonomics) [PSYoungGen: 110430K->0K(160256K)] [ParOldGen: 303104K->26624K(349696K)] 413534K->26624K(509952K), [Metaspace: 2796K->2796K(1056768K)], 0.0035800 secs] [Times: user=0.00 sys=0.00, real=0.00 secs] 
113.739: [GC (Allocation Failure) [PSYoungGen: 125793K->11264K(160256K)] 254817K->160768K(509952K), 0.0024010 secs] [Times: user=0.00 sys=0.00, real=0.00 secs] 
116.250: [GC (Allocation Failure) [PSYoungGen: 147299K->10240K(160256K)] 399203K->262144K(509952K), 0.0012206 secs] [Times: user=0.00 sys=0.00, real=0.00 secs] 
116.685: [GC (Allocation Failure) [PSYoungGen: 105316K->5120K(160256K)] 357220K->328704K(509952K), 0.0056311 secs] [Times: user=0.00 sys=0.00, real=0.01 secs] 
116.691: [Full GC (Ergonomics) [PSYoungGen: 5120K->0K(160256K)] [ParOldGen: 323584K->77329K(349696K)] 328704K->77329K(509952K), [Metaspace: 2796K->2796K(1056768K)], 0.0067803 secs] [Times: user=0.00 sys=0.00, real=0.01 secs] 
117.684: [GC (Allocation Failure) [PSYoungGen: 136027K->10240K(160256K)] 213357K->87569K(509952K), 0.0011012 secs] [Times: user=0.00 sys=0.00, real=0.00 secs] 
119.431: [GC (Allocation Failure) [PSYoungGen: 125769K->5120K(160256K)] 305499K->184849K(509952K), 0.0009931 secs] [Times: user=0.00 sys=0.00, real=0.00 secs] 
120.846: [Full GC (Ergonomics) [PSYoungGen: 130899K->0K(160256K)] [ParOldGen: 282129K->128529K(349696K)] 413029K->128529K(509952K), [Metaspace: 2796K->2796K(1056768K)], 0.0095695 secs] [Times: user=0.00 sys=0.00, real=0.01 secs] 
122.280: [GC (Allocation Failure) [PSYoungGen: 125786K->6144K(160256K)] 356715K->257553K(509952K), 0.0023819 secs] [Times: user=0.00 sys=0.00, real=0.00 secs] 
122.390: [GC (Allocation Failure) [PSYoungGen: 60254K->6144K(160256K)] 311663K->308753K(509952K), 0.0047417 secs] [Times: user=0.00 sys=0.00, real=0.00 secs] 
122.395: [Full GC (Ergonomics) [PSYoungGen: 6144K->0K(160256K)] [ParOldGen: 302609K->165393K(349696K)] 308753K->165393K(509952K), [Metaspace: 2796K->2796K(1056768K)], 0.0048416 secs] [Times: user=0.00 sys=0.00, real=0.00 secs] 
123.607: [GC (Allocation Failure) [PSYoungGen: 130910K->10240K(160256K)] 296303K->185873K(509952K), 0.0015558 secs] [Times: user=0.00 sys=0.00, real=0.00 secs] 
125.028: [Full GC (Ergonomics) [PSYoungGen: 136010K->0K(160256K)] [ParOldGen: 278033K->26624K(349696K)] 414044K->26624K(509952K), [Metaspace: 2796K->2796K(1056768K)], 0.0035949 secs] [Times: user=0.00 sys=0.00, real=0.00 secs] 
126.444: [GC (Allocation Failure) [PSYoungGen: 125780K->10240K(160256K)] 254804K->144384K(509952K), 0.0013368 secs] [Times: user=0.00 sys=0.00, real=0.00 secs] 
128.410: [GC (Allocation Failure) [PSYoungGen: 151386K->6144K(160256K)] 387930K->293888K(509952K), 0.0047952 secs] [Times: user=0.00 sys=0.00, real=0.00 secs] 
128.415: [Full GC (Ergonomics) [PSYoungGen: 6144K->0K(160256K)] [ParOldGen: 287744K->57873K(349696K)] 293888K->57873K(509952K), [Metaspace: 2796K->2796K(1056768K)], 0.0053238 secs] [Times: user=0.00 sys=0.00, real=0.01 secs] 
130.175: [GC (Allocation Failure) [PSYoungGen: 141150K->10240K(160256K)] 301424K->170513K(509952K), 0.0008777 secs] [Times: user=0.00 sys=0.00, real=0.00 secs] 
131.813: [GC (Allocation Failure) [PSYoungGen: 151393K->6144K(160256K)] 311666K->166417K(509952K), 0.0007817 secs] [Times: user=0.00 sys=0.00, real=0.00 secs] 
133.456: [Full GC (Ergonomics) [PSYoungGen: 147293K->0K(160256K)] [ParOldGen: 262673K->18432K(349696K)] 409966K->18432K(509952K), [Metaspace: 2796K->2796K(1056768K)], 0.0029542 secs] [Times: user=0.00 sys=0.00, real=0.00 secs] 
135.092: [GC (Allocation Failure) [PSYoungGen: 130912K->10240K(160256K)] 251744K->151552K(509952K), 0.0025064 secs] [Times: user=0.00 sys=0.00, real=0.00 secs] 
136.509: [GC (Allocation Failure) [PSYoungGen: 136034K->10240K(160256K)] 379746K->300032K(509952K), 0.0036214 secs] [Times: user=0.00 sys=0.00, real=0.00 secs] 
136.513: [Full GC (Ergonomics) [PSYoungGen: 10240K->0K(160256K)] [ParOldGen: 289792K->36369K(349696K)] 300032K->36369K(509952K), [Metaspace: 2796K->2796K(1056768K)], 0.0037850 secs] [Times: user=0.00 sys=0.00, real=0.00 secs] 
137.927: [GC (Allocation Failure) [PSYoungGen: 125795K->5120K(160256K)] 264565K->164369K(509952K), 0.0023668 secs] [Times: user=0.00 sys=0.00, real=0.00 secs] 
139.346: [GC (Allocation Failure) [PSYoungGen: 120676K->5120K(160256K)] 279926K->184849K(509952K), 0.0026696 secs] [Times: user=0.00 sys=0.00, real=0.00 secs] 
140.765: [Full GC (Ergonomics) [PSYoungGen: 130909K->0K(160256K)] [ParOldGen: 282129K->133649K(349696K)] 413039K->133649K(509952K), [Metaspace: 2796K->2796K(1056768K)], 0.0102370 secs] [Times: user=0.00 sys=0.00, real=0.01 secs] 
143.505: [GC (Allocation Failure) [PSYoungGen: 138080K->11264K(160256K)] 374130K->257553K(509952K), 0.0016420 secs] [Times: user=0.00 sys=0.00, real=0.00 secs] 
144.925: [Full GC (Ergonomics) [PSYoungGen: 137058K->0K(160256K)] [ParOldGen: 348689K->27648K(349696K)] 485748K->27648K(509952K), [Metaspace: 2796K->2796K(1056768K)], 0.0037027 secs] [Times: user=0.00 sys=0.00, real=0.00 secs] 
146.456: [GC (Allocation Failure) [PSYoungGen: 115556K->0K(160256K)] 245604K->171008K(509952K), 0.0022534 secs] [Times: user=0.00 sys=0.00, real=0.00 secs] 
147.875: [Full GC (Ergonomics) [PSYoungGen: 125796K->0K(160256K)] [ParOldGen: 273408K->46609K(349696K)] 399205K->46609K(509952K), [Metaspace: 2796K->2796K(1056768K)], 0.0048570 secs] [Times: user=0.00 sys=0.00, real=0.00 secs] 
149.296: [GC (Allocation Failure) [PSYoungGen: 125797K->5120K(160256K)] 274806K->225809K(509952K), 0.0053753 secs] [Times: user=0.00 sys=0.00, real=0.01 secs] 
150.714: [Full GC (Ergonomics) [PSYoungGen: 115557K->0K(160256K)] [ParOldGen: 323089K->26624K(349696K)] 438647K->26624K(509952K), [Metaspace: 2796K->2796K(1056768K)], 0.0033947 secs] [Times: user=0.00 sys=0.00, real=0.00 secs] 
152.133: [GC (Allocation Failure) [PSYoungGen: 125798K->6144K(160256K)] 254822K->155648K(509952K), 0.0022002 secs] [Times: user=0.00 sys=0.00, real=0.00 secs] 
154.754: [GC (Allocation Failure) [PSYoungGen: 143206K->10240K(160256K)] 395110K->267264K(509952K), 0.0014985 secs] [Times: user=0.00 sys=0.00, real=0.00 secs] 
155.082: [GC (Allocation Failure) [PSYoungGen: 95078K->10240K(160256K)] 352102K->318464K(509952K), 0.0048995 secs] [Times: user=0.00 sys=0.00, real=0.00 secs] 
155.087: [Full GC (Ergonomics) [PSYoungGen: 10240K->0K(160256K)] [ParOldGen: 308224K->67089K(349696K)] 318464K->67089K(509952K), [Metaspace: 2796K->2796K(1056768K)], 0.0062822 secs] [Times: user=0.00 sys=0.00, real=0.01 secs] 
156.080: [GC (Allocation Failure) [PSYoungGen: 136028K->10240K(160256K)] 203117K->77329K(509952K), 0.0011756 secs] [Times: user=0.00 sys=0.00, real=0.00 secs] 
157.827: [GC (Allocation Failure) [PSYoungGen: 141129K->0K(160256K)] 310619K->189969K(509952K), 0.0020901 secs] [Times: user=0.00 sys=0.00, real=0.00 secs] 
159.247: [Full GC (Ergonomics) [PSYoungGen: 125779K->0K(160256K)] [ParOldGen: 292369K->77824K(349696K)] 418149K->77824K(509952K), [Metaspace: 2796K->2796K(1056768K)], 0.0064823 secs] [Times: user=0.00 sys=0.00, real=0.01 secs] 
160.662: [GC (Allocation Failure) [PSYoungGen: 125786K->5120K(160256K)] 306010K->205824K(509952K), 0.0021879 secs] [Times: user=0.00 sys=0.00, real=0.00 secs] 
162.083: [Full GC (Ergonomics) [PSYoungGen: 110430K->0K(160256K)] [ParOldGen: 303104K->26129K(349696K)] 413534K->26129K(509952K), [Metaspace: 2796K->2796K(1056768K)], 0.0036425 secs] [Times: user=0.00 sys=0.00, real=0.00 secs] 
163.506: [GC (Allocation Failure) [PSYoungGen: 125793K->11264K(160256K)] 254322K->160273K(509952K), 0.0023015 secs] [Times: user=0.00 sys=0.00, real=0.00 secs] 
166.015: [GC (Allocation Failure) [PSYoungGen: 147299K->10240K(160256K)] 398708K->261649K(509952K), 0.0009479 secs] [Times: user=0.00 sys=0.00, real=0.00 secs] 
166.454: [GC (Allocation Failure) [PSYoungGen: 105316K->5120K(160256K)] 356725K->328209K(509952K), 0.0054009 secs] [Times: user=0.00 sys=0.00, real=0.01 secs] 
166.460: [Full GC (Ergonomics) [PSYoungGen: 5120K->0K(160256K)] [ParOldGen: 323089K->77329K(349696K)] 328209K->77329K(509952K), [Metaspace: 2796K->2796K(1056768K)], 0.0063641 secs] [Times: user=0.02 sys=0.00, real=0.01 secs] 
167.452: [GC (Allocation Failure) [PSYoungGen: 136027K->10240K(160256K)] 213357K->87569K(509952K), 0.0010847 secs] [Times: user=0.00 sys=0.00, real=0.00 secs] 
169.199: [GC (Allocation Failure) [PSYoungGen: 125769K->5120K(160256K)] 305499K->184849K(509952K), 0.0009698 secs] [Times: user=0.00 sys=0.00, real=0.00 secs] 
170.617: [Full GC (Ergonomics) [PSYoungGen: 130899K->0K(160256K)] [ParOldGen: 282129K->128529K(349696K)] 413029K->128529K(509952K), [Metaspace: 2796K->2796K(1056768K)], 0.0096736 secs] [Times: user=0.00 sys=0.00, real=0.01 secs] 
172.055: [GC (Allocation Failure) [PSYoungGen: 125786K->6144K(160256K)] 356715K->257553K(509952K), 0.0022399 secs] [Times: user=0.00 sys=0.00, real=0.00 secs] 
172.165: [GC (Allocation Failure) [PSYoungGen: 60254K->6144K(160256K)] 311663K->308753K(509952K), 0.0046866 secs] [Times: user=0.00 sys=0.00, real=0.00 secs] 
172.170: [Full GC (Ergonomics) [PSYoungGen: 6144K->0K(160256K)] [ParOldGen: 302609K->165393K(349696K)] 308753K->165393K(509952K), [Metaspace: 2796K->2796K(1056768K)], 0.0053098 secs] [Times: user=0.00 sys=0.00, real=0.01 secs] 
173.380: [GC (Allocation Failure) [PSYoungGen: 130910K->10240K(160256K)] 296303K->185873K(509952K), 0.0017039 secs] [Times: user=0.00 sys=0.00, real=0.00 secs] 
174.803: [Full GC (Ergonomics) [PSYoungGen: 136010K->0K(160256K)] [ParOldGen: 278033K->26624K(349696K)] 414044K->26624K(509952K), [Metaspace: 2796K->2796K(1056768K)], 0.0035033 secs] [Times: user=0.00 sys=0.00, real=0.00 secs] 
176.219: [GC (Allocation Failure) [PSYoungGen: 125780K->5120K(160256K)] 254804K->144384K(509952K), 0.0015836 secs] [Times: user=0.00 sys=0.00, real=0.00 secs] 
178.182: [GC (Allocation Failure) [PSYoungGen: 146266K->6144K(160256K)] 387930K->299008K(509952K), 0.0044981 secs] [Times: user=0.00 sys=0.00, real=0.00 secs] 
178.187: [Full GC (Ergonomics) [PSYoungGen: 6144K->0K(160256K)] [ParOldGen: 292864K->57873K(349696K)] 299008K->57873K(509952K), [Metaspace: 2796K->2796K(1056768K)], 0.0051612 secs] [Times: user=0.00 sys=0.00, real=0.00 secs] 
179.940: [GC (Allocation Failure) [PSYoungGen: 141150K->10240K(160256K)] 301424K->170513K(509952K), 0.0010454 secs] [Times: user=0.00 sys=0.00, real=0.00 secs] 
181.576: [GC (Allocation Failure) [PSYoungGen: 151393K->6144K(160256K)] 311666K->166417K(509952K), 0.0007328 secs] [Times: user=0.00 sys=0.00, real=0.00 secs] 
183.217: [Full GC (Ergonomics) [PSYoungGen: 147293K->0K(160256K)] [ParOldGen: 262673K->18432K(349696K)] 409966K->18432K(509952K), [Metaspace: 2796K->2796K(1056768K)], 0.0028626 secs] [Times: user=0.00 sys=0.00, real=0.00 secs] 
184.852: [GC (Allocation Failure) [PSYoungGen: 130912K->10240K(160256K)] 251744K->151552K(509952K), 0.0025182 secs] [Times: user=0.00 sys=0.00, real=0.00 secs] 
186.274: [GC (Allocation Failure) [PSYoungGen: 136034K->10240K(160256K)] 379746K->300032K(509952K), 0.0032006 secs] [Times: user=0.00 sys=0.00, real=0.00 secs] 
186.277: [Full GC (Ergonomics) [PSYoungGen: 10240K->0K(160256K)] [ParOldGen: 289792K->36369K(349696K)] 300032K->36369K(509952K), [Metaspace: 2796K->2796K(1056768K)], 0.0037158 secs] [Times: user=0.00 sys=0.00, real=0.00 secs] 
187.692: [GC (Allocation Failure) [PSYoungGen: 125795K->5120K(160256K)] 264565K->164369K(509952K), 0.0023718 secs] [Times: user=0.00 sys=0.00, real=0.00 secs] 
189.114: [GC (Allocation Failure) [PSYoungGen: 120676K->5120K(160256K)] 279926K->184849K(509952K), 0.0022818 secs] [Times: user=0.00 sys=0.00, real=0.00 secs] 
190.530: [Full GC (Ergonomics) [PSYoungGen: 130909K->0K(160256K)] [ParOldGen: 282129K->133649K(349696K)] 413039K->133649K(509952K), [Metaspace: 2796K->2796K(1056768K)], 0.0111395 secs] [Times: user=0.00 sys=0.00, real=0.01 secs] 
193.276: [GC (Allocation Failure) [PSYoungGen: 138080K->11296K(160256K)] 374130K->257585K(509952K), 0.0017325 secs] [Times: user=0.00 sys=0.00, real=0.00 secs] 
194.693: [Full GC (Ergonomics) [PSYoungGen: 137090K->0K(160256K)] [ParOldGen: 348689K->27648K(349696K)] 485780K->27648K(509952K), [Metaspace: 2796K->2796K(1056768K)], 0.0034721 secs] [Times: user=0.00 sys=0.00, real=0.00 secs] 
196.223: [GC (Allocation Failure) [PSYoungGen: 115556K->0K(160256K)] 245604K->171008K(509952K), 0.0022827 secs] [Times: user=0.00 sys=0.00, real=0.00 secs] 
197.641: [Full GC (Ergonomics) [PSYoungGen: 125796K->0K(160256K)] [ParOldGen: 273408K->46609K(349696K)] 399205K->46609K(509952K), [Metaspace: 2796K->2796K(1056768K)], 0.0047213 secs] [Times: user=0.00 sys=0.00, real=0.00 secs] 
199.060: [GC (Allocation Failure) [PSYoungGen: 125797K->5120K(160256K)] 274807K->225809K(509952K), 0.0054880 secs] [Times: user=0.00 sys=0.00, real=0.01 secs] 
200.480: [Full GC (Ergonomics) [PSYoungGen: 115557K->0K(160256K)] [ParOldGen: 323089K->26624K(349696K)] 438647K->26624K(509952K), [Metaspace: 2796K->2796K(1056768K)], 0.0033492 secs] [Times: user=0.00 sys=0.00, real=0.00 secs] 
201.901: [GC (Allocation Failure) [PSYoungGen: 125798K->6144K(160256K)] 254822K->155648K(509952K), 0.0022498 secs] [Times: user=0.01 sys=0.00, real=0.00 secs] 
204.516: [GC (Allocation Failure) [PSYoungGen: 143206K->5120K(160256K)] 395110K->267264K(509952K), 0.0015935 secs] [Times: user=0.00 sys=0.00, real=0.00 secs] 
204.843: [GC (Allocation Failure) [PSYoungGen: 89958K->5120K(160256K)] 352102K->328704K(509952K), 0.0053441 secs] [Times: user=0.00 sys=0.00, real=0.01 secs] 
204.848: [Full GC (Ergonomics) [PSYoungGen: 5120K->0K(160256K)] [ParOldGen: 323584K->67089K(349696K)] 328704K->67089K(509952K), [Metaspace: 2796K->2796K(1056768K)], 0.0061717 secs] [Times: user=0.00 sys=0.00, real=0.01 secs] 
205.842: [GC (Allocation Failure) [PSYoungGen: 136028K->10240K(160256K)] 203117K->77329K(509952K), 0.0010367 secs] [Times: user=0.00 sys=0.00, real=0.00 secs] 
207.590: [GC (Allocation Failure) [PSYoungGen: 141129K->0K(160256K)] 310619K->189969K(509952K), 0.0019752 secs] [Times: user=0.00 sys=0.00, real=0.00 secs] 
209.011: [Full GC (Ergonomics) [PSYoungGen: 125779K->0K(160256K)] [ParOldGen: 292369K->77824K(349696K)] 418149K->77824K(509952K), [Metaspace: 2796K->2796K(1056768K)], 0.0066642 secs] [Times: user=0.00 sys=0.00, real=0.01 secs] 
210.433: [GC (Allocation Failure) [PSYoungGen: 125786K->5120K(160256K)] 306010K->205824K(509952K), 0.0023046 secs] [Times: user=0.00 sys=0.00, real=0.00 secs] 
211.848: [Full GC (Ergonomics) [PSYoungGen: 110430K->0K(160256K)] [ParOldGen: 303104K->26624K(349696K)] 413534K->26624K(509952K), [Metaspace: 2796K->2796K(1056768K)], 0.0036430 secs] [Times: user=0.00 sys=0.00, real=0.00 secs] 
213.266: [GC (Allocation Failure) [PSYoungGen: 125793K->11264K(160256K)] 254817K->160768K(509952K), 0.0024423 secs] [Times: user=0.00 sys=0.00, real=0.00 secs] 
215.778: [GC (Allocation Failure) [PSYoungGen: 147299K->10240K(160256K)] 399203K->262144K(509952K), 0.0011984 secs] [Times: user=0.00 sys=0.00, real=0.00 secs] 
216.214: [GC (Allocation Failure) [PSYoungGen: 105316K->5120K(160256K)] 357220K->328704K(509952K), 0.0052775 secs] [Times: user=0.00 sys=0.00, real=0.00 secs] 
216.219: [Full GC (Ergonomics) [PSYoungGen: 5120K->0K(160256K)] [ParOldGen: 323584K->77329K(349696K)] 328704K->77329K(509952K), [Metaspace: 2796K->2796K(1056768K)], 0.0063458 secs] [Times: user=0.00 sys=0.00, real=0.01 secs] 
217.213: [GC (Allocation Failure) [PSYoungGen: 136027K->10240K(160256K)] 213357K->87569K(509952K), 0.0011825 secs] [Times: user=0.02 sys=0.00, real=0.00 secs] 
Heap
 PSYoungGen      total 160256K, used 128688K [0x00000000f5580000, 0x0000000100000000, 0x0000000100000000)
  eden space 145920K, 81% used [0x00000000f5580000,0x00000000fc92c230,0x00000000fe400000)
  from space 14336K, 71% used [0x00000000ff200000,0x00000000ffc00020,0x0000000100000000)
  to   space 14336K, 0% used [0x00000000fe400000,0x00000000fe400000,0x00000000ff200000)
 ParOldGen       total 349696K, used 179729K [0x00000000e0000000, 0x00000000f5580000, 0x00000000f5580000)
  object space 349696K, 51% used [0x00000000e0000000,0x00000000eaf84720,0x00000000f5580000)
 Metaspace       used 2804K, capacity 4486K, committed 4864K, reserved 1056768K
  class space    used 297K, capacity 386K, committed 512K, reserved 1048576K
