Java HotSpot(TM) 64-Bit Server VM (25.411-b09) for windows-amd64 JRE (1.8.0_411-b09), built on Mar 13 2024 07:26:13 by "java_re" with MS VC++ 17.1 (VS2022)
Memory: 4k page, physical 33403376k(14381392k free), swap 36670664k(7377532k free)
CommandLine flags: -XX:InitialHeapSize=536870912 -XX:MaxHeapSize=536870912 -XX:NewRatio=8 -XX:ParallelGCThreads=6 -XX:+PrintGC -XX:+PrintGCDetails -XX:+PrintGCTimeStamps -XX:SurvivorRatio=12 -XX:-UseAdaptiveSizePolicy -XX:+UseCompressedClassPointers -XX:+UseCompressedOops -XX:-UseLargePagesIndividualAllocation -XX:+UseParallelGC 
1.041: [GC (Allocation Failure) [PSYoungGen: 44994K->664K(53760K)] 44994K->16032K(520192K), 0.0041061 secs] [Times: user=0.00 sys=0.00, real=0.00 secs] 
2.070: [GC (Allocation Failure) [PSYoungGen: 49763K->1712K(53760K)] 218731K->175800K(520192K), 0.0022595 secs] [Times: user=0.00 sys=0.00, real=0.00 secs] 
2.613: [GC (Allocation Failure) [PSYoungGen: 38531K->1656K(53760K)] 212619K->191104K(520192K), 0.0042749 secs] [Times: user=0.00 sys=0.00, real=0.00 secs] 
3.755: [GC (Allocation Failure) [PSYoungGen: 50759K->2752K(53760K)] 393807K->350920K(520192K), 0.0021032 secs] [Times: user=0.00 sys=0.00, real=0.00 secs] 
5.281: [GC (Allocation Failure) [PSYoungGen: 50837K->600K(53760K)] 399005K->359008K(520192K), 0.0024229 secs] [Times: user=0.00 sys=0.00, real=0.00 secs] 
5.730: [GC (Allocation Failure) [PSYoungGen: 42538K->600K(53760K)] 452146K->420448K(520192K), 0.0041731 secs] [Times: user=0.00 sys=0.00, real=0.00 secs] 
5.734: [GC (Allocation Failure) [PSYoungGen: 600K->568K(53760K)] 420448K->420416K(520192K), 0.0009733 secs] [Times: user=0.00 sys=0.00, real=0.00 secs] 
5.735: [Full GC (Allocation Failure) [PSYoungGen: 568K->0K(53760K)] [ParOldGen: 419848K->67088K(466432K)] 420416K->67088K(520192K), [Metaspace: 2753K->2753K(1056768K)], 0.0113491 secs] [Times: user=0.00 sys=0.00, real=0.01 secs] 
6.842: [GC (Allocation Failure) [PSYoungGen: 43991K->0K(53760K)] 213480K->184848K(520192K), 0.0016635 secs] [Times: user=0.00 sys=0.00, real=0.00 secs] 
8.371: [GC (Allocation Failure) [PSYoungGen: 49611K->32K(53760K)] 388060K->343608K(520192K), 0.0013687 secs] [Times: user=0.00 sys=0.00, real=0.00 secs] 
8.588: [GC (Allocation Failure) [PSYoungGen: 21501K->32K(53760K)] 416278K->394808K(520192K), 0.0010451 secs] [Times: user=0.00 sys=0.00, real=0.00 secs] 
8.589: [GC (Allocation Failure) [PSYoungGen: 32K->32K(53760K)] 394808K->394808K(520192K), 0.0014268 secs] [Times: user=0.00 sys=0.00, real=0.00 secs] 
8.590: [Full GC (Allocation Failure) [PSYoungGen: 32K->0K(53760K)] [ParOldGen: 394776K->51728K(466432K)] 394808K->51728K(520192K), [Metaspace: 2759K->2759K(1056768K)], 0.0051989 secs] [Times: user=0.00 sys=0.00, real=0.00 secs] 
9.694: [GC (Allocation Failure) [PSYoungGen: 43997K->0K(53760K)] 198126K->169488K(520192K), 0.0013878 secs] [Times: user=0.00 sys=0.00, real=0.00 secs] 
10.676: [GC (Allocation Failure) [PSYoungGen: 49118K->0K(53760K)] 372207K->328208K(520192K), 0.0008833 secs] [Times: user=0.00 sys=0.00, real=0.00 secs] 
11.224: [GC (Allocation Failure) [PSYoungGen: 36831K->0K(53760K)] 365040K->343569K(520192K), 0.0016851 secs] [Times: user=0.00 sys=0.00, real=0.00 secs] 
11.442: [GC (Allocation Failure) [PSYoungGen: 21462K->0K(53760K)] 416231K->394769K(520192K), 0.0009793 secs] [Times: user=0.00 sys=0.00, real=0.00 secs] 
11.443: [GC (Allocation Failure) [PSYoungGen: 0K->0K(53760K)] 394769K->394769K(520192K), 0.0008336 secs] [Times: user=0.00 sys=0.00, real=0.00 secs] 
11.444: [Full GC (Allocation Failure) [PSYoungGen: 0K->0K(53760K)] [ParOldGen: 394769K->215568K(466432K)] 394769K->215568K(520192K), [Metaspace: 2761K->2761K(1056768K)], 0.0118279 secs] [Times: user=0.00 sys=0.00, real=0.01 secs] 
12.661: [GC (Allocation Failure) [PSYoungGen: 33049K->32K(53760K)] 351018K->333368K(520192K), 0.0014156 secs] [Times: user=0.00 sys=0.00, real=0.00 secs] 
12.881: [GC (Allocation Failure) [PSYoungGen: 21498K->96K(53760K)] 406035K->384633K(520192K), 0.0008568 secs] [Times: user=0.00 sys=0.00, real=0.00 secs] 
12.882: [GC (Allocation Failure) [PSYoungGen: 96K->32K(53760K)] 384633K->384569K(520192K), 0.0009545 secs] [Times: user=0.00 sys=0.00, real=0.00 secs] 
12.883: [Full GC (Allocation Failure) [PSYoungGen: 32K->0K(53760K)] [ParOldGen: 384537K->56849K(466432K)] 384569K->56849K(520192K), [Metaspace: 2763K->2763K(1056768K)], 0.0052049 secs] [Times: user=0.00 sys=0.00, real=0.01 secs] 
13.991: [GC (Allocation Failure) [PSYoungGen: 43994K->1024K(53760K)] 203243K->180753K(520192K), 0.0015390 secs] [Times: user=0.00 sys=0.00, real=0.00 secs] 
14.971: [GC (Allocation Failure) [PSYoungGen: 50141K->1024K(53760K)] 383470K->344593K(520192K), 0.0011326 secs] [Times: user=0.00 sys=0.00, real=0.00 secs] 
16.282: [GC (Allocation Failure) [PSYoungGen: 48094K->0K(53760K)] 391663K->353809K(520192K), 0.0009162 secs] [Times: user=0.00 sys=0.00, real=0.00 secs] 
16.932: [GC (Allocation Failure) [PSYoungGen: 41944K->0K(53760K)] 395753K->364049K(520192K), 0.0015095 secs] [Times: user=0.00 sys=0.00, real=0.00 secs] 
17.151: [GC (Allocation Failure) [PSYoungGen: 21459K->0K(53760K)] 436708K->435729K(520192K), 0.0062884 secs] [Times: user=0.00 sys=0.00, real=0.01 secs] 
17.157: [Full GC (Ergonomics) [PSYoungGen: 0K->0K(53760K)] [ParOldGen: 435729K->77329K(466432K)] 435729K->77329K(520192K), [Metaspace: 2768K->2768K(1056768K)], 0.0077257 secs] [Times: user=0.00 sys=0.00, real=0.01 secs] 
18.255: [GC (Allocation Failure) [PSYoungGen: 43987K->0K(53760K)] 223716K->195089K(520192K), 0.0014544 secs] [Times: user=0.00 sys=0.00, real=0.00 secs] 
19.235: [GC (Allocation Failure) [PSYoungGen: 49112K->0K(53760K)] 397801K->353809K(520192K), 0.0009286 secs] [Times: user=0.00 sys=0.00, real=0.00 secs] 
20.001: [GC (Allocation Failure) [PSYoungGen: 6107K->0K(53760K)] 411116K->405009K(520192K), 0.0009236 secs] [Times: user=0.00 sys=0.00, real=0.00 secs] 
20.002: [GC (Allocation Failure) [PSYoungGen: 0K->0K(53760K)] 405009K->405009K(520192K), 0.0006834 secs] [Times: user=0.00 sys=0.00, real=0.00 secs] 
20.003: [Full GC (Allocation Failure) [PSYoungGen: 0K->0K(53760K)] [ParOldGen: 405009K->51729K(466432K)] 405009K->51729K(520192K), [Metaspace: 2770K->2770K(1056768K)], 0.0050102 secs] [Times: user=0.00 sys=0.00, real=0.00 secs] 
21.115: [GC (Allocation Failure) [PSYoungGen: 43995K->0K(53760K)] 198124K->169489K(520192K), 0.0013465 secs] [Times: user=0.00 sys=0.00, real=0.00 secs] 
22.102: [GC (Allocation Failure) [PSYoungGen: 49117K->1024K(53760K)] 372206K->329233K(520192K), 0.0010087 secs] [Times: user=0.00 sys=0.00, real=0.00 secs] 
22.643: [GC (Allocation Failure) [PSYoungGen: 37854K->1024K(53760K)] 366064K->344593K(520192K), 0.0017904 secs] [Times: user=0.00 sys=0.00, real=0.00 secs] 
22.863: [GC (Allocation Failure) [PSYoungGen: 22486K->1024K(53760K)] 417255K->395793K(520192K), 0.0010532 secs] [Times: user=0.00 sys=0.00, real=0.00 secs] 
22.864: [GC (Allocation Failure) [PSYoungGen: 1024K->1024K(53760K)] 395793K->395793K(520192K), 0.0007450 secs] [Times: user=0.00 sys=0.00, real=0.00 secs] 
22.865: [Full GC (Allocation Failure) [PSYoungGen: 1024K->0K(53760K)] [ParOldGen: 394769K->165393K(466432K)] 395793K->165393K(520192K), [Metaspace: 2779K->2779K(1056768K)], 0.0121529 secs] [Times: user=0.00 sys=0.00, real=0.01 secs] 
24.406: [GC (Allocation Failure) [PSYoungGen: 49110K->0K(53760K)] 470503K->431633K(520192K), 0.0012856 secs] [Times: user=0.00 sys=0.00, real=0.00 secs] 
24.408: [Full GC (Ergonomics) [PSYoungGen: 0K->0K(53760K)] [ParOldGen: 431633K->113169K(466432K)] 431633K->113169K(520192K), [Metaspace: 2779K->2779K(1056768K)], 0.0086575 secs] [Times: user=0.00 sys=0.00, real=0.01 secs] 
25.405: [GC (Allocation Failure) [PSYoungGen: 43994K->0K(53760K)] 157163K->128529K(520192K), 0.0014880 secs] [Times: user=0.00 sys=0.00, real=0.00 secs] 
26.387: [GC (Allocation Failure) [PSYoungGen: 49109K->0K(53760K)] 331238K->302609K(520192K), 0.0018019 secs] [Times: user=0.00 sys=0.00, real=0.00 secs] 
26.933: [GC (Allocation Failure) [PSYoungGen: 36825K->0K(53760K)] 339434K->312849K(520192K), 0.0013558 secs] [Times: user=0.00 sys=0.00, real=0.00 secs] 
28.133: [GC (Allocation Failure) [PSYoungGen: 47058K->0K(53760K)] 359908K->323089K(520192K), 0.0013422 secs] [Times: user=0.00 sys=0.00, real=0.00 secs] 
28.572: [GC (Allocation Failure) [PSYoungGen: 42146K->32K(53760K)] 416435K->374329K(520192K), 0.0014686 secs] [Times: user=0.00 sys=0.00, real=0.00 secs] 
28.573: [GC (Allocation Failure) [PSYoungGen: 32K->96K(53760K)] 374329K->374401K(520192K), 0.0009549 secs] [Times: user=0.00 sys=0.00, real=0.00 secs] 
28.574: [Full GC (Allocation Failure) [PSYoungGen: 96K->0K(53760K)] [ParOldGen: 374305K->56849K(466432K)] 374401K->56849K(520192K), [Metaspace: 2793K->2793K(1056768K)], 0.0053493 secs] [Times: user=0.00 sys=0.00, real=0.00 secs] 
29.684: [GC (Allocation Failure) [PSYoungGen: 43990K->0K(53760K)] 203239K->174609K(520192K), 0.0013953 secs] [Times: user=0.00 sys=0.00, real=0.00 secs] 
30.666: [GC (Allocation Failure) [PSYoungGen: 49114K->0K(53760K)] 377323K->333329K(520192K), 0.0009033 secs] [Times: user=0.00 sys=0.00, real=0.00 secs] 
32.412: [Full GC (Ergonomics) [PSYoungGen: 43996K->0K(53760K)] [ParOldGen: 435729K->7168K(466432K)] 479726K->7168K(520192K), [Metaspace: 2793K->2793K(1056768K)], 0.0027686 secs] [Times: user=0.00 sys=0.00, real=0.00 secs] 
33.283: [GC (Allocation Failure) [PSYoungGen: 49118K->1024K(53760K)] 209886K->166912K(520192K), 0.0007905 secs] [Times: user=0.02 sys=0.00, real=0.00 secs] 
34.046: [GC (Allocation Failure) [PSYoungGen: 48095K->1024K(53760K)] 213983K->187392K(520192K), 0.0016390 secs] [Times: user=0.00 sys=0.00, real=0.00 secs] 
35.459: [GC (Allocation Failure) [PSYoungGen: 50136K->0K(53760K)] 390105K->360448K(520192K), 0.0013478 secs] [Times: user=0.00 sys=0.00, real=0.00 secs] 
35.677: [GC (Allocation Failure) [PSYoungGen: 21467K->0K(53760K)] 433116K->411648K(520192K), 0.0013363 secs] [Times: user=0.00 sys=0.00, real=0.00 secs] 
35.678: [GC (Allocation Failure) [PSYoungGen: 0K->0K(53760K)] 411648K->411648K(520192K), 0.0008818 secs] [Times: user=0.00 sys=0.00, real=0.00 secs] 
35.679: [Full GC (Allocation Failure) [PSYoungGen: 0K->0K(53760K)] [ParOldGen: 411648K->61969K(466432K)] 411648K->61969K(520192K), [Metaspace: 2793K->2793K(1056768K)], 0.0055701 secs] [Times: user=0.00 sys=0.00, real=0.01 secs] 
36.783: [GC (Allocation Failure) [PSYoungGen: 43995K->0K(53760K)] 208365K->179729K(520192K), 0.0014296 secs] [Times: user=0.00 sys=0.00, real=0.00 secs] 
37.766: [GC (Allocation Failure) [PSYoungGen: 49117K->0K(53760K)] 382447K->364049K(520192K), 0.0023302 secs] [Times: user=0.02 sys=0.00, real=0.00 secs] 
38.316: [GC (Allocation Failure) [PSYoungGen: 36831K->0K(53760K)] 400880K->374289K(520192K), 0.0011427 secs] [Times: user=0.00 sys=0.00, real=0.00 secs] 
39.518: [Full GC (Ergonomics) [PSYoungGen: 41942K->0K(53760K)] [ParOldGen: 425489K->11264K(466432K)] 467432K->11264K(520192K), [Metaspace: 2793K->2793K(1056768K)], 0.0022629 secs] [Times: user=0.00 sys=0.00, real=0.00 secs] 
40.398: [GC (Allocation Failure) [PSYoungGen: 49114K->0K(53760K)] 213978K->169984K(520192K), 0.0009412 secs] [Times: user=0.00 sys=0.00, real=0.00 secs] 
41.164: [GC (Allocation Failure) [PSYoungGen: 47068K->0K(53760K)] 217052K->185344K(520192K), 0.0014484 secs] [Times: user=0.00 sys=0.00, real=0.00 secs] 
42.256: [GC (Allocation Failure) [PSYoungGen: 49111K->1024K(53760K)] 388055K->345088K(520192K), 0.0013965 secs] [Times: user=0.00 sys=0.00, real=0.00 secs] 
43.891: [GC (Allocation Failure) [PSYoungGen: 50138K->1024K(53760K)] 394202K->365568K(520192K), 0.0016573 secs] [Times: user=0.00 sys=0.00, real=0.00 secs] 
44.220: [GC (Allocation Failure) [PSYoungGen: 32726K->1024K(53760K)] 448470K->416768K(520192K), 0.0012596 secs] [Times: user=0.00 sys=0.00, real=0.00 secs] 
44.221: [Full GC (Ergonomics) [PSYoungGen: 1024K->0K(53760K)] [ParOldGen: 415744K->62993K(466432K)] 416768K->62993K(520192K), [Metaspace: 2795K->2795K(1056768K)], 0.0055513 secs] [Times: user=0.00 sys=0.00, real=0.01 secs] 
45.330: [GC (Allocation Failure) [PSYoungGen: 43994K->0K(53760K)] 209387K->180753K(520192K), 0.0015329 secs] [Times: user=0.00 sys=0.00, real=0.00 secs] 
46.744: [GC (Allocation Failure) [PSYoungGen: 43996K->0K(53760K)] 378350K->339473K(520192K), 0.0012040 secs] [Times: user=0.00 sys=0.00, real=0.00 secs] 
47.073: [GC (Allocation Failure) [PSYoungGen: 31710K->0K(53760K)] 422383K->411153K(520192K), 0.0022534 secs] [Times: user=0.00 sys=0.00, real=0.00 secs] 
47.075: [GC (Allocation Failure) [PSYoungGen: 0K->0K(53760K)] 411153K->411153K(520192K), 0.0007817 secs] [Times: user=0.00 sys=0.00, real=0.00 secs] 
47.076: [Full GC (Allocation Failure) [PSYoungGen: 0K->0K(53760K)] [ParOldGen: 411153K->72209K(466432K)] 411153K->72209K(520192K), [Metaspace: 2795K->2795K(1056768K)], 0.0063005 secs] [Times: user=0.00 sys=0.00, real=0.01 secs] 
48.178: [GC (Allocation Failure) [PSYoungGen: 43999K->0K(53760K)] 218608K->189969K(520192K), 0.0016425 secs] [Times: user=0.00 sys=0.00, real=0.00 secs] 
49.159: [GC (Allocation Failure) [PSYoungGen: 49120K->0K(53760K)] 392689K->348689K(520192K), 0.0010692 secs] [Times: user=0.00 sys=0.00, real=0.00 secs] 
49.704: [GC (Allocation Failure) [PSYoungGen: 36832K->0K(53760K)] 385521K->364049K(520192K), 0.0014804 secs] [Times: user=0.00 sys=0.00, real=0.00 secs] 
49.920: [GC (Allocation Failure) [PSYoungGen: 21463K->0K(53760K)] 436712K->415249K(520192K), 0.0009355 secs] [Times: user=0.00 sys=0.00, real=0.00 secs] 
49.921: [GC (Allocation Failure) [PSYoungGen: 0K->0K(53760K)] 415249K->415249K(520192K), 0.0011524 secs] [Times: user=0.00 sys=0.00, real=0.00 secs] 
49.922: [Full GC (Allocation Failure) [PSYoungGen: 0K->0K(53760K)] [ParOldGen: 415249K->133649K(466432K)] 415249K->133649K(520192K), [Metaspace: 2795K->2795K(1056768K)], 0.0097347 secs] [Times: user=0.00 sys=0.00, real=0.01 secs] 
51.132: [GC (Allocation Failure) [PSYoungGen: 36823K->0K(53760K)] 272872K->251409K(520192K), 0.0014304 secs] [Times: user=0.00 sys=0.00, real=0.00 secs] 
52.229: [GC (Allocation Failure) [PSYoungGen: 49114K->1024K(53760K)] 454124K->411153K(520192K), 0.0010745 secs] [Times: user=0.00 sys=0.00, real=0.00 secs] 
52.775: [Full GC (Ergonomics) [PSYoungGen: 48093K->0K(53760K)] [ParOldGen: 461329K->62993K(466432K)] 509422K->62993K(520192K), [Metaspace: 2795K->2795K(1056768K)], 0.0060742 secs] [Times: user=0.00 sys=0.00, real=0.01 secs] 
54.520: [GC (Allocation Failure) [PSYoungGen: 45022K->1024K(53760K)] 210416K->166417K(520192K), 0.0005152 secs] [Times: user=0.00 sys=0.00, real=0.00 secs] 
55.282: [GC (Allocation Failure) [PSYoungGen: 42975K->0K(53760K)] 208369K->180753K(520192K), 0.0013491 secs] [Times: user=0.00 sys=0.00, real=0.00 secs] 
56.267: [GC (Allocation Failure) [PSYoungGen: 49112K->0K(53760K)] 383465K->354833K(520192K), 0.0017761 secs] [Times: user=0.00 sys=0.00, real=0.00 secs] 
56.816: [GC (Allocation Failure) [PSYoungGen: 36827K->0K(53760K)] 391660K->365073K(520192K), 0.0014858 secs] [Times: user=0.00 sys=0.00, real=0.00 secs] 
57.034: [GC (Allocation Failure) [PSYoungGen: 21460K->0K(53760K)] 437733K->436753K(520192K), 0.0021765 secs] [Times: user=0.00 sys=0.00, real=0.00 secs] 
57.036: [Full GC (Ergonomics) [PSYoungGen: 0K->0K(53760K)] [ParOldGen: 436753K->92689K(466432K)] 436753K->92689K(520192K), [Metaspace: 2796K->2796K(1056768K)], 0.0076223 secs] [Times: user=0.00 sys=0.00, real=0.01 secs] 
58.902: [GC (Allocation Failure) [PSYoungGen: 46036K->0K(53760K)] 394725K->353809K(520192K), 0.0009594 secs] [Times: user=0.00 sys=0.00, real=0.00 secs] 
59.665: [GC (Allocation Failure) [PSYoungGen: 47064K->0K(53760K)] 400874K->369169K(520192K), 0.0016249 secs] [Times: user=0.00 sys=0.00, real=0.00 secs] 
59.882: [GC (Allocation Failure) [PSYoungGen: 21460K->0K(53760K)] 441830K->420369K(520192K), 0.0010609 secs] [Times: user=0.00 sys=0.00, real=0.00 secs] 
59.883: [Full GC (Ergonomics) [PSYoungGen: 0K->0K(53760K)] [ParOldGen: 420369K->108049K(466432K)] 420369K->108049K(520192K), [Metaspace: 2796K->2796K(1056768K)], 0.0085560 secs] [Times: user=0.00 sys=0.00, real=0.01 secs] 
60.991: [GC (Allocation Failure) [PSYoungGen: 43988K->0K(53760K)] 254438K->225809K(520192K), 0.0014034 secs] [Times: user=0.00 sys=0.00, real=0.00 secs] 
62.304: [GC (Allocation Failure) [PSYoungGen: 42969K->0K(53760K)] 422378K->389649K(520192K), 0.0009623 secs] [Times: user=0.00 sys=0.00, real=0.00 secs] 
62.740: [Full GC (Ergonomics) [PSYoungGen: 41947K->0K(53760K)] [ParOldGen: 440849K->56849K(466432K)] 482797K->56849K(520192K), [Metaspace: 2796K->2796K(1056768K)], 0.0060092 secs] [Times: user=0.00 sys=0.00, real=0.01 secs] 
63.832: [GC (Allocation Failure) [PSYoungGen: 43997K->1024K(53760K)] 203247K->180753K(520192K), 0.0015198 secs] [Times: user=0.00 sys=0.00, real=0.00 secs] 
64.817: [GC (Allocation Failure) [PSYoungGen: 50143K->1024K(53760K)] 383472K->344593K(520192K), 0.0011620 secs] [Times: user=0.00 sys=0.00, real=0.00 secs] 
66.131: [GC (Allocation Failure) [PSYoungGen: 48095K->0K(53760K)] 391665K->353809K(520192K), 0.0011624 secs] [Times: user=0.00 sys=0.00, real=0.00 secs] 
66.786: [GC (Allocation Failure) [PSYoungGen: 41945K->0K(53760K)] 395754K->364049K(520192K), 0.0013909 secs] [Times: user=0.00 sys=0.00, real=0.00 secs] 
67.007: [GC (Allocation Failure) [PSYoungGen: 21459K->0K(53760K)] 436709K->435729K(520192K), 0.0020375 secs] [Times: user=0.00 sys=0.00, real=0.00 secs] 
67.009: [Full GC (Ergonomics) [PSYoungGen: 0K->0K(53760K)] [ParOldGen: 435729K->77329K(466432K)] 435729K->77329K(520192K), [Metaspace: 2796K->2796K(1056768K)], 0.0063829 secs] [Times: user=0.00 sys=0.00, real=0.01 secs] 
68.113: [GC (Allocation Failure) [PSYoungGen: 43987K->0K(53760K)] 223717K->195089K(520192K), 0.0013465 secs] [Times: user=0.00 sys=0.00, real=0.00 secs] 
69.096: [GC (Allocation Failure) [PSYoungGen: 49112K->0K(53760K)] 397802K->353809K(520192K), 0.0008493 secs] [Times: user=0.00 sys=0.00, real=0.00 secs] 
69.864: [GC (Allocation Failure) [PSYoungGen: 6107K->0K(53760K)] 411117K->405009K(520192K), 0.0008893 secs] [Times: user=0.00 sys=0.00, real=0.00 secs] 
69.865: [GC (Allocation Failure) [PSYoungGen: 0K->0K(53760K)] 405009K->405009K(520192K), 0.0008017 secs] [Times: user=0.00 sys=0.00, real=0.00 secs] 
69.866: [Full GC (Allocation Failure) [PSYoungGen: 0K->0K(53760K)] [ParOldGen: 405009K->51729K(466432K)] 405009K->51729K(520192K), [Metaspace: 2796K->2796K(1056768K)], 0.0052568 secs] [Times: user=0.00 sys=0.00, real=0.01 secs] 
70.970: [GC (Allocation Failure) [PSYoungGen: 43995K->0K(53760K)] 198125K->169489K(520192K), 0.0013892 secs] [Times: user=0.00 sys=0.00, real=0.00 secs] 
71.952: [GC (Allocation Failure) [PSYoungGen: 49117K->1024K(53760K)] 372207K->329233K(520192K), 0.0009922 secs] [Times: user=0.00 sys=0.00, real=0.00 secs] 
72.498: [GC (Allocation Failure) [PSYoungGen: 37854K->1024K(53760K)] 366064K->344593K(520192K), 0.0015665 secs] [Times: user=0.00 sys=0.00, real=0.00 secs] 
72.717: [GC (Allocation Failure) [PSYoungGen: 22486K->1024K(53760K)] 417255K->395793K(520192K), 0.0009959 secs] [Times: user=0.00 sys=0.00, real=0.00 secs] 
72.718: [GC (Allocation Failure) [PSYoungGen: 1024K->1024K(53760K)] 395793K->395793K(520192K), 0.0008021 secs] [Times: user=0.00 sys=0.00, real=0.00 secs] 
72.719: [Full GC (Allocation Failure) [PSYoungGen: 1024K->0K(53760K)] [ParOldGen: 394769K->165393K(466432K)] 395793K->165393K(520192K), [Metaspace: 2796K->2796K(1056768K)], 0.0122253 secs] [Times: user=0.00 sys=0.00, real=0.01 secs] 
74.260: [Full GC (Ergonomics) [PSYoungGen: 49110K->0K(53760K)] [ParOldGen: 421393K->113169K(466432K)] 470503K->113169K(520192K), [Metaspace: 2796K->2796K(1056768K)], 0.0086167 secs] [Times: user=0.00 sys=0.00, real=0.01 secs] 
75.257: [GC (Allocation Failure) [PSYoungGen: 43994K->0K(53760K)] 157163K->128529K(520192K), 0.0012715 secs] [Times: user=0.00 sys=0.00, real=0.00 secs] 
76.241: [GC (Allocation Failure) [PSYoungGen: 49109K->0K(53760K)] 331238K->302609K(520192K), 0.0018510 secs] [Times: user=0.00 sys=0.00, real=0.00 secs] 
76.787: [GC (Allocation Failure) [PSYoungGen: 36825K->0K(53760K)] 339434K->312849K(520192K), 0.0013704 secs] [Times: user=0.00 sys=0.00, real=0.00 secs] 
77.988: [GC (Allocation Failure) [PSYoungGen: 47058K->0K(53760K)] 359908K->323089K(520192K), 0.0010903 secs] [Times: user=0.00 sys=0.00, real=0.00 secs] 
78.424: [GC (Allocation Failure) [PSYoungGen: 41936K->0K(53760K)] 416226K->374289K(520192K), 0.0008846 secs] [Times: user=0.00 sys=0.00, real=0.00 secs] 
78.425: [GC (Allocation Failure) [PSYoungGen: 0K->0K(53760K)] 374289K->374289K(520192K), 0.0007303 secs] [Times: user=0.00 sys=0.00, real=0.00 secs] 
78.426: [Full GC (Allocation Failure) [PSYoungGen: 0K->0K(53760K)] [ParOldGen: 374289K->56849K(466432K)] 374289K->56849K(520192K), [Metaspace: 2796K->2796K(1056768K)], 0.0056203 secs] [Times: user=0.00 sys=0.00, real=0.01 secs] 
79.530: [GC (Allocation Failure) [PSYoungGen: 43990K->0K(53760K)] 203239K->174609K(520192K), 0.0013357 secs] [Times: user=0.00 sys=0.00, real=0.00 secs] 
80.511: [GC (Allocation Failure) [PSYoungGen: 49114K->0K(53760K)] 377323K->333329K(520192K), 0.0008680 secs] [Times: user=0.00 sys=0.00, real=0.00 secs] 
82.261: [Full GC (Ergonomics) [PSYoungGen: 43996K->0K(53760K)] [ParOldGen: 435729K->7168K(466432K)] 479726K->7168K(520192K), [Metaspace: 2796K->2796K(1056768K)], 0.0024675 secs] [Times: user=0.00 sys=0.00, real=0.00 secs] 
83.136: [GC (Allocation Failure) [PSYoungGen: 49118K->1024K(53760K)] 209886K->166912K(520192K), 0.0009214 secs] [Times: user=0.00 sys=0.00, real=0.00 secs] 
83.900: [GC (Allocation Failure) [PSYoungGen: 48095K->1024K(53760K)] 213983K->187392K(520192K), 0.0016942 secs] [Times: user=0.00 sys=0.00, real=0.00 secs] 
85.317: [GC (Allocation Failure) [PSYoungGen: 50136K->0K(53760K)] 390104K->360448K(520192K), 0.0014330 secs] [Times: user=0.00 sys=0.00, real=0.00 secs] 
85.535: [GC (Allocation Failure) [PSYoungGen: 21467K->0K(53760K)] 433115K->411648K(520192K), 0.0011462 secs] [Times: user=0.00 sys=0.00, real=0.00 secs] 
85.536: [GC (Allocation Failure) [PSYoungGen: 0K->0K(53760K)] 411648K->411648K(520192K), 0.0013104 secs] [Times: user=0.00 sys=0.00, real=0.00 secs] 
85.538: [Full GC (Allocation Failure) [PSYoungGen: 0K->0K(53760K)] [ParOldGen: 411648K->61969K(466432K)] 411648K->61969K(520192K), [Metaspace: 2796K->2796K(1056768K)], 0.0055767 secs] [Times: user=0.00 sys=0.00, real=0.01 secs] 
86.642: [GC (Allocation Failure) [PSYoungGen: 43995K->0K(53760K)] 208365K->179729K(520192K), 0.0016688 secs] [Times: user=0.00 sys=0.00, real=0.00 secs] 
87.628: [GC (Allocation Failure) [PSYoungGen: 49117K->0K(53760K)] 382447K->364049K(520192K), 0.0023141 secs] [Times: user=0.00 sys=0.00, real=0.00 secs] 
88.173: [GC (Allocation Failure) [PSYoungGen: 36831K->0K(53760K)] 400880K->374289K(520192K), 0.0011882 secs] [Times: user=0.03 sys=0.00, real=0.00 secs] 
89.374: [Full GC (Ergonomics) [PSYoungGen: 41942K->0K(53760K)] [ParOldGen: 425489K->11264K(466432K)] 467432K->11264K(520192K), [Metaspace: 2796K->2796K(1056768K)], 0.0025932 secs] [Times: user=0.00 sys=0.00, real=0.00 secs] 
90.246: [GC (Allocation Failure) [PSYoungGen: 49114K->0K(53760K)] 213978K->169984K(520192K), 0.0007040 secs] [Times: user=0.00 sys=0.00, real=0.00 secs] 
91.012: [GC (Allocation Failure) [PSYoungGen: 47068K->0K(53760K)] 217052K->185344K(520192K), 0.0014084 secs] [Times: user=0.00 sys=0.00, real=0.00 secs] 
92.105: [GC (Allocation Failure) [PSYoungGen: 49111K->1024K(53760K)] 388055K->345088K(520192K), 0.0011389 secs] [Times: user=0.00 sys=0.00, real=0.00 secs] 
93.744: [GC (Allocation Failure) [PSYoungGen: 50138K->1024K(53760K)] 394202K->365568K(520192K), 0.0016362 secs] [Times: user=0.00 sys=0.00, real=0.00 secs] 
94.071: [GC (Allocation Failure) [PSYoungGen: 32726K->1024K(53760K)] 448470K->416768K(520192K), 0.0014185 secs] [Times: user=0.00 sys=0.00, real=0.00 secs] 
94.072: [Full GC (Ergonomics) [PSYoungGen: 1024K->0K(53760K)] [ParOldGen: 415744K->62993K(466432K)] 416768K->62993K(520192K), [Metaspace: 2796K->2796K(1056768K)], 0.0054687 secs] [Times: user=0.00 sys=0.00, real=0.01 secs] 
95.177: [GC (Allocation Failure) [PSYoungGen: 43994K->0K(53760K)] 209387K->180753K(520192K), 0.0015324 secs] [Times: user=0.00 sys=0.00, real=0.00 secs] 
96.602: [GC (Allocation Failure) [PSYoungGen: 43996K->0K(53760K)] 378350K->339473K(520192K), 0.0010545 secs] [Times: user=0.00 sys=0.00, real=0.00 secs] 
96.930: [GC (Allocation Failure) [PSYoungGen: 31710K->0K(53760K)] 422383K->411153K(520192K), 0.0019911 secs] [Times: user=0.00 sys=0.00, real=0.00 secs] 
96.932: [GC (Allocation Failure) [PSYoungGen: 0K->0K(53760K)] 411153K->411153K(520192K), 0.0008568 secs] [Times: user=0.00 sys=0.00, real=0.00 secs] 
96.933: [Full GC (Allocation Failure) [PSYoungGen: 0K->0K(53760K)] [ParOldGen: 411153K->72209K(466432K)] 411153K->72209K(520192K), [Metaspace: 2796K->2796K(1056768K)], 0.0059819 secs] [Times: user=0.00 sys=0.00, real=0.01 secs] 
98.037: [GC (Allocation Failure) [PSYoungGen: 43999K->0K(53760K)] 218608K->189969K(520192K), 0.0016446 secs] [Times: user=0.00 sys=0.00, real=0.00 secs] 
99.017: [GC (Allocation Failure) [PSYoungGen: 49120K->0K(53760K)] 392689K->348689K(520192K), 0.0009686 secs] [Times: user=0.00 sys=0.00, real=0.00 secs] 
99.564: [GC (Allocation Failure) [PSYoungGen: 36832K->0K(53760K)] 385521K->364049K(520192K), 0.0015057 secs] [Times: user=0.01 sys=0.00, real=0.00 secs] 
99.782: [GC (Allocation Failure) [PSYoungGen: 21463K->0K(53760K)] 436712K->415249K(520192K), 0.0011257 secs] [Times: user=0.00 sys=0.00, real=0.00 secs] 
99.783: [GC (Allocation Failure) [PSYoungGen: 0K->0K(53760K)] 415249K->415249K(520192K), 0.0011025 secs] [Times: user=0.02 sys=0.00, real=0.00 secs] 
99.784: [Full GC (Allocation Failure) [PSYoungGen: 0K->0K(53760K)] [ParOldGen: 415249K->133649K(466432K)] 415249K->133649K(520192K), [Metaspace: 2796K->2796K(1056768K)], 0.0102862 secs] [Times: user=0.00 sys=0.00, real=0.01 secs] 
101.000: [GC (Allocation Failure) [PSYoungGen: 36823K->0K(53760K)] 272872K->251409K(520192K), 0.0013697 secs] [Times: user=0.00 sys=0.00, real=0.00 secs] 
102.100: [GC (Allocation Failure) [PSYoungGen: 49114K->1024K(53760K)] 454124K->411153K(520192K), 0.0010281 secs] [Times: user=0.00 sys=0.00, real=0.00 secs] 
102.650: [Full GC (Ergonomics) [PSYoungGen: 48093K->0K(53760K)] [ParOldGen: 461329K->62993K(466432K)] 509422K->62993K(520192K), [Metaspace: 2796K->2796K(1056768K)], 0.0059329 secs] [Times: user=0.00 sys=0.00, real=0.01 secs] 
104.411: [GC (Allocation Failure) [PSYoungGen: 45022K->1024K(53760K)] 210416K->166417K(520192K), 0.0006414 secs] [Times: user=0.00 sys=0.00, real=0.00 secs] 
105.174: [GC (Allocation Failure) [PSYoungGen: 42975K->0K(53760K)] 208369K->180753K(520192K), 0.0015403 secs] [Times: user=0.00 sys=0.00, real=0.00 secs] 
106.158: [GC (Allocation Failure) [PSYoungGen: 49112K->0K(53760K)] 383465K->354833K(520192K), 0.0017325 secs] [Times: user=0.01 sys=0.00, real=0.00 secs] 
106.702: [GC (Allocation Failure) [PSYoungGen: 36827K->0K(53760K)] 391660K->365073K(520192K), 0.0013401 secs] [Times: user=0.00 sys=0.00, real=0.00 secs] 
106.920: [GC (Allocation Failure) [PSYoungGen: 21460K->0K(53760K)] 437733K->436753K(520192K), 0.0019669 secs] [Times: user=0.00 sys=0.00, real=0.00 secs] 
106.922: [Full GC (Ergonomics) [PSYoungGen: 0K->0K(53760K)] [ParOldGen: 436753K->92689K(466432K)] 436753K->92689K(520192K), [Metaspace: 2796K->2796K(1056768K)], 0.0076142 secs] [Times: user=0.00 sys=0.00, real=0.01 secs] 
108.794: [GC (Allocation Failure) [PSYoungGen: 46036K->0K(53760K)] 394725K->353809K(520192K), 0.0009483 secs] [Times: user=0.00 sys=0.00, real=0.00 secs] 
109.558: [GC (Allocation Failure) [PSYoungGen: 47064K->0K(53760K)] 400874K->369169K(520192K), 0.0014313 secs] [Times: user=0.00 sys=0.00, real=0.00 secs] 
109.777: [GC (Allocation Failure) [PSYoungGen: 21460K->0K(53760K)] 441830K->420369K(520192K), 0.0009061 secs] [Times: user=0.00 sys=0.00, real=0.00 secs] 
109.778: [Full GC (Ergonomics) [PSYoungGen: 0K->0K(53760K)] [ParOldGen: 420369K->108049K(466432K)] 420369K->108049K(520192K), [Metaspace: 2796K->2796K(1056768K)], 0.0089484 secs] [Times: user=0.02 sys=0.00, real=0.01 secs] 
110.884: [GC (Allocation Failure) [PSYoungGen: 43988K->0K(53760K)] 254438K->225809K(520192K), 0.0016111 secs] [Times: user=0.00 sys=0.00, real=0.00 secs] 
112.194: [GC (Allocation Failure) [PSYoungGen: 42969K->0K(53760K)] 422378K->389649K(520192K), 0.0010391 secs] [Times: user=0.00 sys=0.00, real=0.00 secs] 
112.630: [Full GC (Ergonomics) [PSYoungGen: 41947K->0K(53760K)] [ParOldGen: 440849K->56849K(466432K)] 482797K->56849K(520192K), [Metaspace: 2796K->2796K(1056768K)], 0.0056123 secs] [Times: user=0.00 sys=0.00, real=0.01 secs] 
113.721: [GC (Allocation Failure) [PSYoungGen: 43997K->1024K(53760K)] 203247K->180753K(520192K), 0.0014784 secs] [Times: user=0.00 sys=0.00, real=0.00 secs] 
114.702: [GC (Allocation Failure) [PSYoungGen: 50143K->1024K(53760K)] 383472K->344593K(520192K), 0.0011757 secs] [Times: user=0.00 sys=0.00, real=0.00 secs] 
116.012: [GC (Allocation Failure) [PSYoungGen: 48095K->0K(53760K)] 391665K->353809K(520192K), 0.0010070 secs] [Times: user=0.00 sys=0.00, real=0.00 secs] 
116.666: [GC (Allocation Failure) [PSYoungGen: 41945K->0K(53760K)] 395754K->364049K(520192K), 0.0014276 secs] [Times: user=0.00 sys=0.00, real=0.00 secs] 
116.886: [GC (Allocation Failure) [PSYoungGen: 21459K->0K(53760K)] 436709K->435729K(520192K), 0.0021397 secs] [Times: user=0.00 sys=0.00, real=0.00 secs] 
116.888: [Full GC (Ergonomics) [PSYoungGen: 0K->0K(53760K)] [ParOldGen: 435729K->77329K(466432K)] 435729K->77329K(520192K), [Metaspace: 2796K->2796K(1056768K)], 0.0065715 secs] [Times: user=0.02 sys=0.00, real=0.01 secs] 
117.993: [GC (Allocation Failure) [PSYoungGen: 43987K->0K(53760K)] 223717K->195089K(520192K), 0.0014086 secs] [Times: user=0.00 sys=0.00, real=0.00 secs] 
118.976: [GC (Allocation Failure) [PSYoungGen: 49112K->0K(53760K)] 397802K->353809K(520192K), 0.0008790 secs] [Times: user=0.00 sys=0.00, real=0.00 secs] 
119.741: [GC (Allocation Failure) [PSYoungGen: 6107K->0K(53760K)] 411117K->405009K(520192K), 0.0008502 secs] [Times: user=0.00 sys=0.00, real=0.00 secs] 
119.742: [GC (Allocation Failure) [PSYoungGen: 0K->0K(53760K)] 405009K->405009K(520192K), 0.0006651 secs] [Times: user=0.00 sys=0.00, real=0.00 secs] 
119.742: [Full GC (Allocation Failure) [PSYoungGen: 0K->0K(53760K)] [ParOldGen: 405009K->51729K(466432K)] 405009K->51729K(520192K), [Metaspace: 2796K->2796K(1056768K)], 0.0048733 secs] [Times: user=0.00 sys=0.00, real=0.01 secs] 
120.850: [GC (Allocation Failure) [PSYoungGen: 43995K->0K(53760K)] 198125K->169489K(520192K), 0.0015345 secs] [Times: user=0.00 sys=0.00, real=0.00 secs] 
121.832: [GC (Allocation Failure) [PSYoungGen: 49117K->1024K(53760K)] 372207K->329233K(520192K), 0.0009216 secs] [Times: user=0.00 sys=0.00, real=0.00 secs] 
122.379: [GC (Allocation Failure) [PSYoungGen: 37854K->1024K(53760K)] 366064K->344593K(520192K), 0.0015749 secs] [Times: user=0.00 sys=0.00, real=0.00 secs] 
122.596: [GC (Allocation Failure) [PSYoungGen: 22486K->1024K(53760K)] 417255K->395793K(520192K), 0.0009622 secs] [Times: user=0.00 sys=0.00, real=0.00 secs] 
122.597: [GC (Allocation Failure) [PSYoungGen: 1024K->1024K(53760K)] 395793K->395793K(520192K), 0.0009258 secs] [Times: user=0.00 sys=0.00, real=0.00 secs] 
122.598: [Full GC (Allocation Failure) [PSYoungGen: 1024K->0K(53760K)] [ParOldGen: 394769K->165393K(466432K)] 395793K->165393K(520192K), [Metaspace: 2796K->2796K(1056768K)], 0.0120281 secs] [Times: user=0.00 sys=0.00, real=0.01 secs] 
124.144: [Full GC (Ergonomics) [PSYoungGen: 49110K->0K(53760K)] [ParOldGen: 421393K->113169K(466432K)] 470503K->113169K(520192K), [Metaspace: 2796K->2796K(1056768K)], 0.0089633 secs] [Times: user=0.00 sys=0.00, real=0.01 secs] 
125.126: [GC (Allocation Failure) [PSYoungGen: 43994K->0K(53760K)] 157163K->128529K(520192K), 0.0014023 secs] [Times: user=0.00 sys=0.00, real=0.00 secs] 
126.107: [GC (Allocation Failure) [PSYoungGen: 49109K->0K(53760K)] 331238K->302609K(520192K), 0.0017048 secs] [Times: user=0.00 sys=0.00, real=0.00 secs] 
126.656: [GC (Allocation Failure) [PSYoungGen: 36825K->0K(53760K)] 339434K->312849K(520192K), 0.0012992 secs] [Times: user=0.00 sys=0.00, real=0.00 secs] 
127.856: [GC (Allocation Failure) [PSYoungGen: 47058K->0K(53760K)] 359908K->323089K(520192K), 0.0011116 secs] [Times: user=0.00 sys=0.00, real=0.00 secs] 
128.291: [GC (Allocation Failure) [PSYoungGen: 41936K->0K(53760K)] 416226K->374289K(520192K), 0.0009046 secs] [Times: user=0.00 sys=0.00, real=0.00 secs] 
128.292: [GC (Allocation Failure) [PSYoungGen: 0K->0K(53760K)] 374289K->374289K(520192K), 0.0006021 secs] [Times: user=0.00 sys=0.00, real=0.00 secs] 
128.293: [Full GC (Allocation Failure) [PSYoungGen: 0K->0K(53760K)] [ParOldGen: 374289K->56849K(466432K)] 374289K->56849K(520192K), [Metaspace: 2796K->2796K(1056768K)], 0.0051219 secs] [Times: user=0.00 sys=0.00, real=0.00 secs] 
129.397: [GC (Allocation Failure) [PSYoungGen: 43990K->0K(53760K)] 203239K->174609K(520192K), 0.0013715 secs] [Times: user=0.00 sys=0.00, real=0.00 secs] 
130.377: [GC (Allocation Failure) [PSYoungGen: 49114K->0K(53760K)] 377323K->333329K(520192K), 0.0009073 secs] [Times: user=0.00 sys=0.00, real=0.00 secs] 
132.128: [Full GC (Ergonomics) [PSYoungGen: 43996K->0K(53760K)] [ParOldGen: 435729K->7168K(466432K)] 479726K->7168K(520192K), [Metaspace: 2796K->2796K(1056768K)], 0.0024515 secs] [Times: user=0.00 sys=0.00, real=0.00 secs] 
133.004: [GC (Allocation Failure) [PSYoungGen: 49118K->1024K(53760K)] 209886K->166912K(520192K), 0.0008187 secs] [Times: user=0.00 sys=0.00, real=0.00 secs] 
133.768: [GC (Allocation Failure) [PSYoungGen: 48095K->1024K(53760K)] 213983K->187392K(520192K), 0.0018960 secs] [Times: user=0.00 sys=0.00, real=0.00 secs] 
135.185: [GC (Allocation Failure) [PSYoungGen: 50136K->0K(53760K)] 390104K->360448K(520192K), 0.0014377 secs] [Times: user=0.00 sys=0.00, real=0.00 secs] 
135.403: [GC (Allocation Failure) [PSYoungGen: 21467K->0K(53760K)] 433115K->411648K(520192K), 0.0011625 secs] [Times: user=0.00 sys=0.00, real=0.00 secs] 
135.404: [GC (Allocation Failure) [PSYoungGen: 0K->0K(53760K)] 411648K->411648K(520192K), 0.0013467 secs] [Times: user=0.00 sys=0.00, real=0.00 secs] 
135.405: [Full GC (Allocation Failure) [PSYoungGen: 0K->0K(53760K)] [ParOldGen: 411648K->61969K(466432K)] 411648K->61969K(520192K), [Metaspace: 2796K->2796K(1056768K)], 0.0059943 secs] [Times: user=0.00 sys=0.00, real=0.01 secs] 
136.510: [GC (Allocation Failure) [PSYoungGen: 43995K->0K(53760K)] 208365K->179729K(520192K), 0.0015460 secs] [Times: user=0.00 sys=0.00, real=0.00 secs] 
137.493: [GC (Allocation Failure) [PSYoungGen: 49117K->0K(53760K)] 382447K->364049K(520192K), 0.0025174 secs] [Times: user=0.00 sys=0.00, real=0.00 secs] 
138.043: [GC (Allocation Failure) [PSYoungGen: 36831K->0K(53760K)] 400880K->374289K(520192K), 0.0012956 secs] [Times: user=0.00 sys=0.00, real=0.00 secs] 
139.243: [Full GC (Ergonomics) [PSYoungGen: 41942K->0K(53760K)] [ParOldGen: 425489K->11264K(466432K)] 467432K->11264K(520192K), [Metaspace: 2796K->2796K(1056768K)], 0.0023878 secs] [Times: user=0.00 sys=0.00, real=0.00 secs] 
140.114: [GC (Allocation Failure) [PSYoungGen: 49114K->0K(53760K)] 213978K->169984K(520192K), 0.0010030 secs] [Times: user=0.00 sys=0.00, real=0.00 secs] 
140.876: [GC (Allocation Failure) [PSYoungGen: 47068K->0K(53760K)] 217052K->185344K(520192K), 0.0014304 secs] [Times: user=0.02 sys=0.00, real=0.00 secs] 
141.965: [GC (Allocation Failure) [PSYoungGen: 49111K->1024K(53760K)] 388055K->345088K(520192K), 0.0012763 secs] [Times: user=0.00 sys=0.00, real=0.00 secs] 
143.605: [GC (Allocation Failure) [PSYoungGen: 50138K->1024K(53760K)] 394202K->365568K(520192K), 0.0018165 secs] [Times: user=0.00 sys=0.00, real=0.00 secs] 
143.932: [GC (Allocation Failure) [PSYoungGen: 32726K->1024K(53760K)] 448470K->416768K(520192K), 0.0010202 secs] [Times: user=0.00 sys=0.00, real=0.00 secs] 
143.933: [Full GC (Ergonomics) [PSYoungGen: 1024K->0K(53760K)] [ParOldGen: 415744K->62993K(466432K)] 416768K->62993K(520192K), [Metaspace: 2796K->2796K(1056768K)], 0.0054850 secs] [Times: user=0.00 sys=0.00, real=0.01 secs] 
145.037: [GC (Allocation Failure) [PSYoungGen: 43994K->0K(53760K)] 209387K->180753K(520192K), 0.0016473 secs] [Times: user=0.00 sys=0.00, real=0.00 secs] 
146.458: [GC (Allocation Failure) [PSYoungGen: 43996K->0K(53760K)] 378350K->339473K(520192K), 0.0009031 secs] [Times: user=0.00 sys=0.00, real=0.00 secs] 
146.785: [GC (Allocation Failure) [PSYoungGen: 31710K->0K(53760K)] 422383K->411153K(520192K), 0.0020219 secs] [Times: user=0.00 sys=0.00, real=0.00 secs] 
146.787: [GC (Allocation Failure) [PSYoungGen: 0K->0K(53760K)] 411153K->411153K(520192K), 0.0008970 secs] [Times: user=0.00 sys=0.00, real=0.00 secs] 
146.788: [Full GC (Allocation Failure) [PSYoungGen: 0K->0K(53760K)] [ParOldGen: 411153K->72209K(466432K)] 411153K->72209K(520192K), [Metaspace: 2796K->2796K(1056768K)], 0.0066355 secs] [Times: user=0.00 sys=0.00, real=0.01 secs] 
147.890: [GC (Allocation Failure) [PSYoungGen: 43999K->0K(53760K)] 218608K->189969K(520192K), 0.0014466 secs] [Times: user=0.00 sys=0.00, real=0.00 secs] 
148.874: [GC (Allocation Failure) [PSYoungGen: 49120K->0K(53760K)] 392689K->348689K(520192K), 0.0008611 secs] [Times: user=0.00 sys=0.00, real=0.00 secs] 
149.418: [GC (Allocation Failure) [PSYoungGen: 36832K->0K(53760K)] 385521K->364049K(520192K), 0.0014334 secs] [Times: user=0.00 sys=0.00, real=0.00 secs] 
149.636: [GC (Allocation Failure) [PSYoungGen: 21463K->0K(53760K)] 436712K->415249K(520192K), 0.0011748 secs] [Times: user=0.00 sys=0.00, real=0.00 secs] 
149.637: [GC (Allocation Failure) [PSYoungGen: 0K->0K(53760K)] 415249K->415249K(520192K), 0.0011413 secs] [Times: user=0.00 sys=0.00, real=0.00 secs] 
149.638: [Full GC (Allocation Failure) [PSYoungGen: 0K->0K(53760K)] [ParOldGen: 415249K->133649K(466432K)] 415249K->133649K(520192K), [Metaspace: 2796K->2796K(1056768K)], 0.0101580 secs] [Times: user=0.00 sys=0.00, real=0.01 secs] 
150.853: [GC (Allocation Failure) [PSYoungGen: 36823K->0K(53760K)] 272872K->251409K(520192K), 0.0014629 secs] [Times: user=0.00 sys=0.00, real=0.00 secs] 
151.944: [GC (Allocation Failure) [PSYoungGen: 49114K->1024K(53760K)] 454124K->411153K(520192K), 0.0008965 secs] [Times: user=0.00 sys=0.00, real=0.00 secs] 
152.487: [Full GC (Ergonomics) [PSYoungGen: 48093K->0K(53760K)] [ParOldGen: 461329K->62993K(466432K)] 509422K->62993K(520192K), [Metaspace: 2796K->2796K(1056768K)], 0.0060751 secs] [Times: user=0.00 sys=0.00, real=0.01 secs] 
154.246: [GC (Allocation Failure) [PSYoungGen: 45022K->1024K(53760K)] 210416K->166417K(520192K), 0.0005004 secs] [Times: user=0.00 sys=0.00, real=0.00 secs] 
155.007: [GC (Allocation Failure) [PSYoungGen: 42975K->0K(53760K)] 208369K->180753K(520192K), 0.0015214 secs] [Times: user=0.00 sys=0.00, real=0.00 secs] 
155.990: [GC (Allocation Failure) [PSYoungGen: 49112K->0K(53760K)] 383465K->354833K(520192K), 0.0019101 secs] [Times: user=0.00 sys=0.00, real=0.00 secs] 
156.536: [GC (Allocation Failure) [PSYoungGen: 36827K->0K(53760K)] 391660K->365073K(520192K), 0.0015397 secs] [Times: user=0.00 sys=0.00, real=0.00 secs] 
156.754: [GC (Allocation Failure) [PSYoungGen: 21460K->0K(53760K)] 437733K->436753K(520192K), 0.0020060 secs] [Times: user=0.00 sys=0.00, real=0.00 secs] 
156.756: [Full GC (Ergonomics) [PSYoungGen: 0K->0K(53760K)] [ParOldGen: 436753K->92689K(466432K)] 436753K->92689K(520192K), [Metaspace: 2796K->2796K(1056768K)], 0.0075996 secs] [Times: user=0.00 sys=0.00, real=0.01 secs] 
158.631: [GC (Allocation Failure) [PSYoungGen: 46036K->0K(53760K)] 394725K->353809K(520192K), 0.0008091 secs] [Times: user=0.00 sys=0.00, real=0.00 secs] 
159.398: [GC (Allocation Failure) [PSYoungGen: 47064K->0K(53760K)] 400874K->369169K(520192K), 0.0015382 secs] [Times: user=0.00 sys=0.00, real=0.00 secs] 
159.617: [GC (Allocation Failure) [PSYoungGen: 21460K->0K(53760K)] 441830K->420369K(520192K), 0.0009160 secs] [Times: user=0.00 sys=0.00, real=0.00 secs] 
159.618: [Full GC (Ergonomics) [PSYoungGen: 0K->0K(53760K)] [ParOldGen: 420369K->108049K(466432K)] 420369K->108049K(520192K), [Metaspace: 2796K->2796K(1056768K)], 0.0089225 secs] [Times: user=0.00 sys=0.00, real=0.01 secs] 
160.729: [GC (Allocation Failure) [PSYoungGen: 43988K->0K(53760K)] 254438K->225809K(520192K), 0.0015178 secs] [Times: user=0.00 sys=0.00, real=0.00 secs] 
162.037: [GC (Allocation Failure) [PSYoungGen: 42969K->0K(53760K)] 422378K->389649K(520192K), 0.0009707 secs] [Times: user=0.00 sys=0.00, real=0.00 secs] 
162.474: [Full GC (Ergonomics) [PSYoungGen: 41947K->0K(53760K)] [ParOldGen: 440849K->56849K(466432K)] 482797K->56849K(520192K), [Metaspace: 2796K->2796K(1056768K)], 0.0054490 secs] [Times: user=0.00 sys=0.00, real=0.00 secs] 
163.580: [GC (Allocation Failure) [PSYoungGen: 43997K->1024K(53760K)] 203247K->180753K(520192K), 0.0015093 secs] [Times: user=0.02 sys=0.00, real=0.00 secs] 
164.560: [GC (Allocation Failure) [PSYoungGen: 50143K->1024K(53760K)] 383472K->344593K(520192K), 0.0010660 secs] [Times: user=0.00 sys=0.00, real=0.00 secs] 
165.872: [GC (Allocation Failure) [PSYoungGen: 48095K->0K(53760K)] 391665K->353809K(520192K), 0.0009785 secs] [Times: user=0.00 sys=0.00, real=0.00 secs] 
166.529: [GC (Allocation Failure) [PSYoungGen: 41945K->0K(53760K)] 395754K->364049K(520192K), 0.0014550 secs] [Times: user=0.00 sys=0.00, real=0.00 secs] 
166.749: [GC (Allocation Failure) [PSYoungGen: 21459K->0K(53760K)] 436709K->435729K(520192K), 0.0021844 secs] [Times: user=0.00 sys=0.00, real=0.00 secs] 
166.751: [Full GC (Ergonomics) [PSYoungGen: 0K->0K(53760K)] [ParOldGen: 435729K->77329K(466432K)] 435729K->77329K(520192K), [Metaspace: 2796K->2796K(1056768K)], 0.0066419 secs] [Times: user=0.00 sys=0.00, real=0.01 secs] 
167.855: [GC (Allocation Failure) [PSYoungGen: 43987K->0K(53760K)] 223717K->195089K(520192K), 0.0015187 secs] [Times: user=0.00 sys=0.00, real=0.00 secs] 
168.837: [GC (Allocation Failure) [PSYoungGen: 49112K->0K(53760K)] 397802K->353809K(520192K), 0.0008320 secs] [Times: user=0.00 sys=0.00, real=0.00 secs] 
169.601: [GC (Allocation Failure) [PSYoungGen: 6107K->0K(53760K)] 411117K->405009K(520192K), 0.0007005 secs] [Times: user=0.00 sys=0.00, real=0.00 secs] 
169.602: [GC (Allocation Failure) [PSYoungGen: 0K->0K(53760K)] 405009K->405009K(520192K), 0.0008842 secs] [Times: user=0.00 sys=0.00, real=0.00 secs] 
169.603: [Full GC (Allocation Failure) [PSYoungGen: 0K->0K(53760K)] [ParOldGen: 405009K->51729K(466432K)] 405009K->51729K(520192K), [Metaspace: 2796K->2796K(1056768K)], 0.0052251 secs] [Times: user=0.00 sys=0.00, real=0.01 secs] 
170.710: [GC (Allocation Failure) [PSYoungGen: 43995K->0K(53760K)] 198125K->169489K(520192K), 0.0013441 secs] [Times: user=0.00 sys=0.00, real=0.00 secs] 
171.693: [GC (Allocation Failure) [PSYoungGen: 49117K->1024K(53760K)] 372207K->329233K(520192K), 0.0008861 secs] [Times: user=0.00 sys=0.00, real=0.00 secs] 
172.239: [GC (Allocation Failure) [PSYoungGen: 37854K->1024K(53760K)] 366064K->344593K(520192K), 0.0017561 secs] [Times: user=0.00 sys=0.00, real=0.00 secs] 
172.458: [GC (Allocation Failure) [PSYoungGen: 22486K->1024K(53760K)] 417255K->395793K(520192K), 0.0012525 secs] [Times: user=0.00 sys=0.00, real=0.00 secs] 
172.459: [GC (Allocation Failure) [PSYoungGen: 1024K->1024K(53760K)] 395793K->395793K(520192K), 0.0011365 secs] [Times: user=0.00 sys=0.00, real=0.00 secs] 
172.460: [Full GC (Allocation Failure) [PSYoungGen: 1024K->0K(53760K)] [ParOldGen: 394769K->165393K(466432K)] 395793K->165393K(520192K), [Metaspace: 2796K->2796K(1056768K)], 0.0120813 secs] [Times: user=0.00 sys=0.00, real=0.01 secs] 
173.999: [Full GC (Ergonomics) [PSYoungGen: 49110K->0K(53760K)] [ParOldGen: 421393K->113169K(466432K)] 470503K->113169K(520192K), [Metaspace: 2796K->2796K(1056768K)], 0.0087326 secs] [Times: user=0.00 sys=0.00, real=0.01 secs] 
174.980: [GC (Allocation Failure) [PSYoungGen: 43994K->0K(53760K)] 157163K->128529K(520192K), 0.0013185 secs] [Times: user=0.00 sys=0.00, real=0.00 secs] 
175.960: [GC (Allocation Failure) [PSYoungGen: 49109K->0K(53760K)] 331238K->302609K(520192K), 0.0018057 secs] [Times: user=0.00 sys=0.00, real=0.00 secs] 
176.504: [GC (Allocation Failure) [PSYoungGen: 36825K->0K(53760K)] 339434K->312849K(520192K), 0.0013461 secs] [Times: user=0.00 sys=0.00, real=0.00 secs] 
177.702: [GC (Allocation Failure) [PSYoungGen: 47058K->0K(53760K)] 359908K->323089K(520192K), 0.0009696 secs] [Times: user=0.00 sys=0.00, real=0.00 secs] 
178.138: [GC (Allocation Failure) [PSYoungGen: 41936K->0K(53760K)] 416226K->374289K(520192K), 0.0009598 secs] [Times: user=0.00 sys=0.00, real=0.00 secs] 
178.139: [GC (Allocation Failure) [PSYoungGen: 0K->0K(53760K)] 374289K->374289K(520192K), 0.0006613 secs] [Times: user=0.00 sys=0.00, real=0.00 secs] 
178.140: [Full GC (Allocation Failure) [PSYoungGen: 0K->0K(53760K)] [ParOldGen: 374289K->56849K(466432K)] 374289K->56849K(520192K), [Metaspace: 2796K->2796K(1056768K)], 0.0050701 secs] [Times: user=0.00 sys=0.00, real=0.01 secs] 
179.245: [GC (Allocation Failure) [PSYoungGen: 43990K->0K(53760K)] 203239K->174609K(520192K), 0.0014940 secs] [Times: user=0.00 sys=0.00, real=0.00 secs] 
180.227: [GC (Allocation Failure) [PSYoungGen: 49114K->0K(53760K)] 377323K->333329K(520192K), 0.0010816 secs] [Times: user=0.00 sys=0.00, real=0.00 secs] 
181.972: [Full GC (Ergonomics) [PSYoungGen: 43996K->0K(53760K)] [ParOldGen: 435729K->7168K(466432K)] 479726K->7168K(520192K), [Metaspace: 2796K->2796K(1056768K)], 0.0023309 secs] [Times: user=0.00 sys=0.00, real=0.00 secs] 
182.845: [GC (Allocation Failure) [PSYoungGen: 49118K->1024K(53760K)] 209886K->166912K(520192K), 0.0010188 secs] [Times: user=0.00 sys=0.00, real=0.00 secs] 
183.610: [GC (Allocation Failure) [PSYoungGen: 48095K->1024K(53760K)] 213983K->187392K(520192K), 0.0016892 secs] [Times: user=0.00 sys=0.00, real=0.00 secs] 
185.027: [GC (Allocation Failure) [PSYoungGen: 50136K->0K(53760K)] 390104K->360448K(520192K), 0.0015490 secs] [Times: user=0.00 sys=0.00, real=0.00 secs] 
185.246: [GC (Allocation Failure) [PSYoungGen: 21467K->0K(53760K)] 433115K->411648K(520192K), 0.0011396 secs] [Times: user=0.00 sys=0.00, real=0.00 secs] 
185.247: [GC (Allocation Failure) [PSYoungGen: 0K->0K(53760K)] 411648K->411648K(520192K), 0.0010586 secs] [Times: user=0.00 sys=0.00, real=0.00 secs] 
185.248: [Full GC (Allocation Failure) [PSYoungGen: 0K->0K(53760K)] [ParOldGen: 411648K->61969K(466432K)] 411648K->61969K(520192K), [Metaspace: 2796K->2796K(1056768K)], 0.0055557 secs] [Times: user=0.00 sys=0.00, real=0.01 secs] 
186.352: [GC (Allocation Failure) [PSYoungGen: 43995K->0K(53760K)] 208365K->179729K(520192K), 0.0015588 secs] [Times: user=0.00 sys=0.00, real=0.00 secs] 
187.339: [GC (Allocation Failure) [PSYoungGen: 49117K->0K(53760K)] 382447K->364049K(520192K), 0.0024691 secs] [Times: user=0.00 sys=0.00, real=0.00 secs] 
187.886: [GC (Allocation Failure) [PSYoungGen: 36831K->0K(53760K)] 400880K->374289K(520192K), 0.0013044 secs] [Times: user=0.00 sys=0.00, real=0.00 secs] 
189.089: [Full GC (Ergonomics) [PSYoungGen: 41942K->0K(53760K)] [ParOldGen: 425489K->11264K(466432K)] 467432K->11264K(520192K), [Metaspace: 2796K->2796K(1056768K)], 0.0024019 secs] [Times: user=0.00 sys=0.00, real=0.00 secs] 
189.965: [GC (Allocation Failure) [PSYoungGen: 49114K->0K(53760K)] 213978K->169984K(520192K), 0.0008644 secs] [Times: user=0.00 sys=0.00, real=0.00 secs] 
190.731: [GC (Allocation Failure) [PSYoungGen: 47068K->0K(53760K)] 217052K->185344K(520192K), 0.0014471 secs] [Times: user=0.00 sys=0.00, real=0.00 secs] 
191.824: [GC (Allocation Failure) [PSYoungGen: 49111K->1056K(53760K)] 388055K->345120K(520192K), 0.0014298 secs] [Times: user=0.00 sys=0.00, real=0.00 secs] 
193.464: [GC (Allocation Failure) [PSYoungGen: 50170K->1056K(53760K)] 394234K->365600K(520192K), 0.0018521 secs] [Times: user=0.00 sys=0.00, real=0.00 secs] 
193.794: [GC (Allocation Failure) [PSYoungGen: 32758K->1056K(53760K)] 448502K->416800K(520192K), 0.0012612 secs] [Times: user=0.00 sys=0.00, real=0.00 secs] 
193.796: [Full GC (Ergonomics) [PSYoungGen: 1056K->0K(53760K)] [ParOldGen: 415744K->62993K(466432K)] 416800K->62993K(520192K), [Metaspace: 2796K->2796K(1056768K)], 0.0055386 secs] [Times: user=0.02 sys=0.00, real=0.01 secs] 
194.898: [GC (Allocation Failure) [PSYoungGen: 43994K->32K(53760K)] 209387K->180785K(520192K), 0.0014838 secs] [Times: user=0.00 sys=0.00, real=0.00 secs] 
196.318: [GC (Allocation Failure) [PSYoungGen: 44028K->32K(53760K)] 378382K->339505K(520192K), 0.0010704 secs] [Times: user=0.00 sys=0.00, real=0.00 secs] 
196.646: [GC (Allocation Failure) [PSYoungGen: 31742K->64K(53760K)] 422415K->411217K(520192K), 0.0021797 secs] [Times: user=0.00 sys=0.00, real=0.00 secs] 
196.648: [GC (Allocation Failure) [PSYoungGen: 64K->32K(53760K)] 411217K->411185K(520192K), 0.0009701 secs] [Times: user=0.00 sys=0.00, real=0.00 secs] 
196.649: [Full GC (Allocation Failure) [PSYoungGen: 32K->0K(53760K)] [ParOldGen: 411153K->72209K(466432K)] 411185K->72209K(520192K), [Metaspace: 2796K->2796K(1056768K)], 0.0063298 secs] [Times: user=0.00 sys=0.00, real=0.01 secs] 
197.752: [GC (Allocation Failure) [PSYoungGen: 43999K->0K(53760K)] 218609K->189969K(520192K), 0.0014433 secs] [Times: user=0.00 sys=0.00, real=0.00 secs] 
198.739: [GC (Allocation Failure) [PSYoungGen: 49120K->0K(53760K)] 392689K->348689K(520192K), 0.0009322 secs] [Times: user=0.00 sys=0.00, real=0.00 secs] 
199.288: [GC (Allocation Failure) [PSYoungGen: 36832K->0K(53760K)] 385522K->364049K(520192K), 0.0014660 secs] [Times: user=0.00 sys=0.00, real=0.00 secs] 
199.504: [GC (Allocation Failure) [PSYoungGen: 21463K->0K(53760K)] 436713K->415249K(520192K), 0.0010649 secs] [Times: user=0.00 sys=0.00, real=0.00 secs] 
199.505: [GC (Allocation Failure) [PSYoungGen: 0K->0K(53760K)] 415249K->415249K(520192K), 0.0014874 secs] [Times: user=0.00 sys=0.00, real=0.00 secs] 
199.507: [Full GC (Allocation Failure) [PSYoungGen: 0K->0K(53760K)] [ParOldGen: 415249K->133649K(466432K)] 415249K->133649K(520192K), [Metaspace: 2796K->2796K(1056768K)], 0.0099201 secs] [Times: user=0.00 sys=0.00, real=0.01 secs] 
200.721: [GC (Allocation Failure) [PSYoungGen: 36823K->0K(53760K)] 272873K->251409K(520192K), 0.0013426 secs] [Times: user=0.00 sys=0.00, real=0.00 secs] 
201.812: [GC (Allocation Failure) [PSYoungGen: 49114K->1024K(53760K)] 454124K->411153K(520192K), 0.0008310 secs] [Times: user=0.00 sys=0.00, real=0.00 secs] 
202.357: [Full GC (Ergonomics) [PSYoungGen: 48093K->0K(53760K)] [ParOldGen: 461329K->62993K(466432K)] 509423K->62993K(520192K), [Metaspace: 2796K->2796K(1056768K)], 0.0072680 secs] [Times: user=0.02 sys=0.00, real=0.01 secs] 
204.123: [GC (Allocation Failure) [PSYoungGen: 45022K->1024K(53760K)] 210416K->166417K(520192K), 0.0007078 secs] [Times: user=0.00 sys=0.00, real=0.00 secs] 
204.881: [GC (Allocation Failure) [PSYoungGen: 42975K->0K(53760K)] 208369K->180753K(520192K), 0.0014247 secs] [Times: user=0.00 sys=0.00, real=0.00 secs] 
205.862: [GC (Allocation Failure) [PSYoungGen: 49112K->0K(53760K)] 383465K->354833K(520192K), 0.0017520 secs] [Times: user=0.00 sys=0.00, real=0.00 secs] 
206.407: [GC (Allocation Failure) [PSYoungGen: 36827K->0K(53760K)] 391661K->365073K(520192K), 0.0012265 secs] [Times: user=0.00 sys=0.00, real=0.00 secs] 
206.626: [GC (Allocation Failure) [PSYoungGen: 21460K->0K(53760K)] 437734K->436753K(520192K), 0.0020277 secs] [Times: user=0.00 sys=0.00, real=0.00 secs] 
206.628: [Full GC (Ergonomics) [PSYoungGen: 0K->0K(53760K)] [ParOldGen: 436753K->92689K(466432K)] 436753K->92689K(520192K), [Metaspace: 2796K->2796K(1056768K)], 0.0075036 secs] [Times: user=0.00 sys=0.00, real=0.01 secs] 
208.489: [GC (Allocation Failure) [PSYoungGen: 46036K->0K(53760K)] 394726K->353809K(520192K), 0.0010331 secs] [Times: user=0.00 sys=0.00, real=0.00 secs] 
209.253: [GC (Allocation Failure) [PSYoungGen: 47064K->0K(53760K)] 400874K->369169K(520192K), 0.0015588 secs] [Times: user=0.00 sys=0.00, real=0.00 secs] 
209.470: [GC (Allocation Failure) [PSYoungGen: 21460K->0K(53760K)] 441830K->420369K(520192K), 0.0008282 secs] [Times: user=0.00 sys=0.00, real=0.00 secs] 
209.471: [Full GC (Ergonomics) [PSYoungGen: 0K->0K(53760K)] [ParOldGen: 420369K->108049K(466432K)] 420369K->108049K(520192K), [Metaspace: 2796K->2796K(1056768K)], 0.0084829 secs] [Times: user=0.00 sys=0.00, real=0.01 secs] 
210.576: [GC (Allocation Failure) [PSYoungGen: 43988K->0K(53760K)] 254438K->225809K(520192K), 0.0015086 secs] [Times: user=0.00 sys=0.00, real=0.00 secs] 
211.891: [GC (Allocation Failure) [PSYoungGen: 42969K->0K(53760K)] 422378K->389649K(520192K), 0.0011019 secs] [Times: user=0.00 sys=0.00, real=0.00 secs] 
212.325: [Full GC (Ergonomics) [PSYoungGen: 41947K->0K(53760K)] [ParOldGen: 440849K->56849K(466432K)] 482797K->56849K(520192K), [Metaspace: 2796K->2796K(1056768K)], 0.0054235 secs] [Times: user=0.00 sys=0.00, real=0.01 secs] 
213.418: [GC (Allocation Failure) [PSYoungGen: 43997K->1024K(53760K)] 203247K->180753K(520192K), 0.0014534 secs] [Times: user=0.00 sys=0.00, real=0.00 secs] 
214.397: [GC (Allocation Failure) [PSYoungGen: 50143K->1024K(53760K)] 383472K->344593K(520192K), 0.0010726 secs] [Times: user=0.00 sys=0.00, real=0.00 secs] 
215.703: [GC (Allocation Failure) [PSYoungGen: 48095K->0K(53760K)] 391665K->353809K(520192K), 0.0009166 secs] [Times: user=0.00 sys=0.00, real=0.00 secs] 
216.359: [GC (Allocation Failure) [PSYoungGen: 41945K->0K(53760K)] 395755K->364049K(520192K), 0.0016394 secs] [Times: user=0.00 sys=0.00, real=0.00 secs] 
216.578: [GC (Allocation Failure) [PSYoungGen: 21459K->0K(53760K)] 436709K->435729K(520192K), 0.0021296 secs] [Times: user=0.00 sys=0.00, real=0.00 secs] 
216.580: [Full GC (Ergonomics) [PSYoungGen: 0K->0K(53760K)] [ParOldGen: 435729K->77329K(466432K)] 435729K->77329K(520192K), [Metaspace: 2796K->2796K(1056768K)], 0.0062837 secs] [Times: user=0.00 sys=0.00, real=0.01 secs] 
217.680: [GC (Allocation Failure) [PSYoungGen: 43987K->0K(53760K)] 223717K->195089K(520192K), 0.0015079 secs] [Times: user=0.00 sys=0.00, real=0.00 secs] 
218.657: [GC (Allocation Failure) [PSYoungGen: 49112K->0K(53760K)] 397802K->353809K(520192K), 0.0009958 secs] [Times: user=0.00 sys=0.00, real=0.00 secs] 
Heap
 PSYoungGen      total 53760K, used 7101K [0x00000000fc780000, 0x0000000100000000, 0x0000000100000000)
  eden space 49664K, 14% used [0x00000000fc780000,0x00000000fce6f4f0,0x00000000ff800000)
  from space 4096K, 0% used [0x00000000ff800000,0x00000000ff800000,0x00000000ffc00000)
  to   space 4096K, 0% used [0x00000000ffc00000,0x00000000ffc00000,0x0000000100000000)
 ParOldGen       total 466432K, used 353809K [0x00000000e0000000, 0x00000000fc780000, 0x00000000fc780000)
  object space 466432K, 75% used [0x00000000e0000000,0x00000000f5984770,0x00000000fc780000)
 Metaspace       used 2804K, capacity 4486K, committed 4864K, reserved 1056768K
  class space    used 297K, capacity 386K, committed 512K, reserved 1048576K
