Java HotSpot(TM) 64-Bit Server VM (25.411-b09) for windows-amd64 JRE (1.8.0_411-b09), built on Mar 13 2024 07:26:13 by "java_re" with MS VC++ 17.1 (VS2022)
Memory: 4k page, physical 33403376k(15360208k free), swap 38794768k(7706344k free)
CommandLine flags: -XX:InitialHeapSize=1073741824 -XX:MaxHeapSize=1073741824 -XX:NewRatio=7 -XX:ParallelGCThreads=6 -XX:+PrintGC -XX:+PrintGCDetails -XX:+PrintGCTimeStamps -XX:SurvivorRatio=10 -XX:-UseAdaptiveSizePolicy -XX:+UseCompressedClassPointers -XX:+UseCompressedOops -XX:-UseLargePagesIndividualAllocation -XX:+UseParallelGC 
1.257: [GC (Allocation Failure) [PSYoungGen: 77086K->5840K(120320K)] 77086K->26328K(1037824K), 0.0158861 secs] [Times: user=0.00 sys=0.02, real=0.02 secs] 
2.614: [GC (Allocation Failure) [PSYoungGen: 110369K->10720K(120320K)] 233257K->145040K(1037824K), 0.0044852 secs] [Times: user=0.00 sys=0.00, real=0.00 secs] 
3.844: [GC (Allocation Failure) [PSYoungGen: 115271K->6584K(120320K)] 351991K->253544K(1037824K), 0.0026666 secs] [Times: user=0.00 sys=0.00, real=0.00 secs] 
5.588: [GC (Allocation Failure) [PSYoungGen: 90669K->10712K(120320K)] 337629K->283272K(1037824K), 0.0157312 secs] [Times: user=0.00 sys=0.00, real=0.02 secs] 
6.944: [GC (Allocation Failure) [PSYoungGen: 115285K->5544K(120320K)] 490245K->400984K(1037824K), 0.0048123 secs] [Times: user=0.00 sys=0.00, real=0.01 secs] 
8.398: [GC (Allocation Failure) [PSYoungGen: 95859K->5560K(120320K)] 593699K->503408K(1037824K), 0.0021022 secs] [Times: user=0.00 sys=0.00, real=0.00 secs] 
9.630: [GC (Allocation Failure) [PSYoungGen: 110143K->10680K(120320K)] 710392K->662128K(1037824K), 0.0167231 secs] [Times: user=0.00 sys=0.00, real=0.02 secs] 
10.660: [GC (Allocation Failure) [PSYoungGen: 115266K->10696K(120320K)] 869114K->764544K(1037824K), 0.0025660 secs] [Times: user=0.00 sys=0.00, real=0.00 secs] 
11.426: [GC (Allocation Failure) [PSYoungGen: 74324K->10680K(120320K)] 828172K->785008K(1037824K), 0.0158500 secs] [Times: user=0.00 sys=0.00, real=0.02 secs] 
12.893: [Full GC (Ergonomics) [PSYoungGen: 115980K->0K(120320K)] [ParOldGen: 876728K->26639K(917504K)] 992708K->26639K(1037824K), [Metaspace: 2763K->2763K(1056768K)], 0.0135184 secs] [Times: user=0.00 sys=0.00, real=0.01 secs] 
14.219: [GC (Allocation Failure) [PSYoungGen: 104589K->10240K(120320K)] 233629K->150543K(1037824K), 0.0016622 secs] [Times: user=0.00 sys=0.00, real=0.00 secs] 
15.419: [GC (Allocation Failure) [PSYoungGen: 114829K->10240K(120320K)] 357533K->252944K(1037824K), 0.0013923 secs] [Times: user=0.00 sys=0.00, real=0.00 secs] 
17.164: [GC (Allocation Failure) [PSYoungGen: 104590K->5120K(120320K)] 347294K->288784K(1037824K), 0.0026504 secs] [Times: user=0.00 sys=0.00, real=0.00 secs] 
18.475: [GC (Allocation Failure) [PSYoungGen: 109709K->10240K(120320K)] 495773K->406544K(1037824K), 0.0018744 secs] [Times: user=0.00 sys=0.00, real=0.00 secs] 
20.002: [GC (Allocation Failure) [PSYoungGen: 104590K->5120K(120320K)] 603294K->503824K(1037824K), 0.0013827 secs] [Times: user=0.00 sys=0.00, real=0.00 secs] 
21.308: [GC (Allocation Failure) [PSYoungGen: 109710K->5120K(120320K)] 710814K->616464K(1037824K), 0.0015312 secs] [Times: user=0.00 sys=0.00, real=0.00 secs] 
22.511: [GC (Allocation Failure) [PSYoungGen: 109711K->10240K(120320K)] 823455K->730128K(1037824K), 0.0016138 secs] [Times: user=0.00 sys=0.00, real=0.00 secs] 
23.932: [GC (Allocation Failure) [PSYoungGen: 109711K->5120K(120320K)] 931999K->827408K(1037824K), 0.0018519 secs] [Times: user=0.00 sys=0.00, real=0.00 secs] 
24.369: [GC (Allocation Failure) [PSYoungGen: 99471K->10240K(120320K)] 921759K->883728K(1037824K), 0.0049252 secs] [Times: user=0.02 sys=0.00, real=0.01 secs] 
24.373: [Full GC (Ergonomics) [PSYoungGen: 10240K->0K(120320K)] [ParOldGen: 873488K->61969K(917504K)] 883728K->61969K(1037824K), [Metaspace: 2779K->2779K(1056768K)], 0.0066555 secs] [Times: user=0.00 sys=0.00, real=0.01 secs] 
24.713: [GC (Allocation Failure) [PSYoungGen: 104590K->1024K(120320K)] 166559K->62993K(1037824K), 0.0007734 secs] [Times: user=0.00 sys=0.00, real=0.00 secs] 
25.696: [GC (Allocation Failure) [PSYoungGen: 74878K->5120K(120320K)] 136847K->97809K(1037824K), 0.0031824 secs] [Times: user=0.00 sys=0.00, real=0.00 secs] 
27.003: [GC (Allocation Failure) [PSYoungGen: 109699K->10240K(120320K)] 304788K->215569K(1037824K), 0.0016475 secs] [Times: user=0.00 sys=0.00, real=0.00 secs] 
28.528: [GC (Allocation Failure) [PSYoungGen: 99926K->5152K(120320K)] 305255K->230969K(1037824K), 0.0020810 secs] [Times: user=0.02 sys=0.00, real=0.00 secs] 
29.841: [GC (Allocation Failure) [PSYoungGen: 109733K->10272K(120320K)] 437950K->399929K(1037824K), 0.0054726 secs] [Times: user=0.00 sys=0.00, real=0.00 secs] 
31.915: [GC (Allocation Failure) [PSYoungGen: 116904K->6208K(120320K)] 711362K->600665K(1037824K), 0.0012526 secs] [Times: user=0.00 sys=0.00, real=0.00 secs] 
32.787: [GC (Allocation Failure) [PSYoungGen: 74955K->6176K(120320K)] 669412K->621113K(1037824K), 0.0025163 secs] [Times: user=0.00 sys=0.00, real=0.00 secs] 
34.095: [GC (Allocation Failure) [PSYoungGen: 110763K->10304K(120320K)] 828100K->745049K(1037824K), 0.0025682 secs] [Times: user=0.00 sys=0.00, real=0.00 secs] 
35.512: [GC (Allocation Failure) [PSYoungGen: 109772K->10272K(120320K)] 946918K->857657K(1037824K), 0.0018265 secs] [Times: user=0.02 sys=0.00, real=0.00 secs] 
35.732: [GC (Allocation Failure) [PSYoungGen: 84141K->10272K(120320K)] 931526K->908857K(1037824K), 0.0154875 secs] [Times: user=0.00 sys=0.00, real=0.01 secs] 
35.747: [Full GC (Ergonomics) [PSYoungGen: 10272K->0K(120320K)] [ParOldGen: 898585K->61969K(917504K)] 908857K->61969K(1037824K), [Metaspace: 2793K->2793K(1056768K)], 0.0060276 secs] [Times: user=0.00 sys=0.00, real=0.01 secs] 
36.090: [GC (Allocation Failure) [PSYoungGen: 104588K->1024K(120320K)] 166558K->62993K(1037824K), 0.0006102 secs] [Times: user=0.00 sys=0.00, real=0.00 secs] 
37.071: [GC (Allocation Failure) [PSYoungGen: 74877K->5120K(120320K)] 136847K->108049K(1037824K), 0.0025680 secs] [Times: user=0.00 sys=0.00, real=0.00 secs] 
38.378: [GC (Allocation Failure) [PSYoungGen: 109698K->10240K(120320K)] 315028K->225809K(1037824K), 0.0016990 secs] [Times: user=0.00 sys=0.00, real=0.00 secs] 
39.686: [GC (Allocation Failure) [PSYoungGen: 114823K->10240K(120320K)] 330392K->230929K(1037824K), 0.0015658 secs] [Times: user=0.00 sys=0.00, real=0.00 secs] 
40.782: [GC (Allocation Failure) [PSYoungGen: 114825K->5120K(120320K)] 437914K->328209K(1037824K), 0.0008723 secs] [Times: user=0.00 sys=0.00, real=0.00 secs] 
41.763: [GC (Allocation Failure) [PSYoungGen: 109707K->7168K(120320K)] 535196K->432657K(1037824K), 0.0011570 secs] [Times: user=0.00 sys=0.00, real=0.00 secs] 
44.163: [GC (Allocation Failure) [PSYoungGen: 111756K->10240K(120320K)] 537246K->457233K(1037824K), 0.0025930 secs] [Times: user=0.00 sys=0.00, real=0.00 secs] 
45.477: [GC (Allocation Failure) [PSYoungGen: 114828K->10240K(120320K)] 664222K->585233K(1037824K), 0.0025913 secs] [Times: user=0.00 sys=0.00, real=0.00 secs] 
46.895: [GC (Allocation Failure) [PSYoungGen: 104589K->10240K(120320K)] 781983K->687633K(1037824K), 0.0016428 secs] [Times: user=0.00 sys=0.00, real=0.00 secs] 
48.095: [GC (Allocation Failure) [PSYoungGen: 114830K->10240K(120320K)] 894623K->810513K(1037824K), 0.0029116 secs] [Times: user=0.00 sys=0.00, real=0.00 secs] 
49.074: [Full GC (Ergonomics) [PSYoungGen: 114830K->0K(120320K)] [ParOldGen: 902673K->82449K(917504K)] 1017504K->82449K(1037824K), [Metaspace: 2795K->2795K(1056768K)], 0.0079269 secs] [Times: user=0.09 sys=0.00, real=0.01 secs] 
49.841: [GC (Allocation Failure) [PSYoungGen: 63630K->5120K(120320K)] 146080K->108049K(1037824K), 0.0022169 secs] [Times: user=0.00 sys=0.00, real=0.00 secs] 
51.152: [GC (Allocation Failure) [PSYoungGen: 94349K->10240K(120320K)] 299678K->220689K(1037824K), 0.0015352 secs] [Times: user=0.00 sys=0.00, real=0.00 secs] 
52.350: [GC (Allocation Failure) [PSYoungGen: 114830K->6144K(120320K)] 427679K->324113K(1037824K), 0.0008977 secs] [Times: user=0.00 sys=0.00, real=0.00 secs] 
53.336: [GC (Allocation Failure) [PSYoungGen: 110734K->7168K(120320K)] 531104K->432657K(1037824K), 0.0016460 secs] [Times: user=0.00 sys=0.00, real=0.00 secs] 
55.521: [GC (Allocation Failure) [PSYoungGen: 111759K->5120K(120320K)] 537248K->461329K(1037824K), 0.0027037 secs] [Times: user=0.00 sys=0.00, real=0.00 secs] 
56.833: [GC (Allocation Failure) [PSYoungGen: 109710K->10240K(120320K)] 668319K->579089K(1037824K), 0.0020097 secs] [Times: user=0.00 sys=0.00, real=0.00 secs] 
58.250: [GC (Allocation Failure) [PSYoungGen: 99470K->5120K(120320K)] 770720K->676369K(1037824K), 0.0015402 secs] [Times: user=0.00 sys=0.00, real=0.00 secs] 
59.451: [GC (Allocation Failure) [PSYoungGen: 109710K->10240K(120320K)] 883360K->835089K(1037824K), 0.0048723 secs] [Times: user=0.00 sys=0.00, real=0.00 secs] 
59.889: [GC (Allocation Failure) [PSYoungGen: 104591K->5120K(120320K)] 929440K->881169K(1037824K), 0.0048581 secs] [Times: user=0.00 sys=0.00, real=0.00 secs] 
59.894: [Full GC (Ergonomics) [PSYoungGen: 5120K->0K(120320K)] [ParOldGen: 876049K->108049K(917504K)] 881169K->108049K(1037824K), [Metaspace: 2796K->2796K(1056768K)], 0.0093254 secs] [Times: user=0.00 sys=0.00, real=0.01 secs] 
60.234: [GC (Allocation Failure) [PSYoungGen: 104590K->1024K(120320K)] 212639K->211473K(1037824K), 0.0155011 secs] [Times: user=0.00 sys=0.00, real=0.02 secs] 
61.231: [GC (Allocation Failure) [PSYoungGen: 74878K->5120K(120320K)] 285327K->236049K(1037824K), 0.0022306 secs] [Times: user=0.00 sys=0.00, real=0.00 secs] 
62.649: [GC (Allocation Failure) [PSYoungGen: 109699K->5120K(120320K)] 443028K->358929K(1037824K), 0.0022393 secs] [Times: user=0.00 sys=0.00, real=0.00 secs] 
63.957: [GC (Allocation Failure) [PSYoungGen: 109703K->10240K(120320K)] 565912K->482833K(1037824K), 0.0021116 secs] [Times: user=0.00 sys=0.00, real=0.00 secs] 
65.157: [GC (Allocation Failure) [PSYoungGen: 114826K->10240K(120320K)] 689819K->595473K(1037824K), 0.0018360 secs] [Times: user=0.00 sys=0.00, real=0.00 secs] 
66.899: [GC (Allocation Failure) [PSYoungGen: 104588K->5120K(120320K)] 689821K->631313K(1037824K), 0.0027267 secs] [Times: user=0.00 sys=0.00, real=0.00 secs] 
68.209: [GC (Allocation Failure) [PSYoungGen: 109708K->10240K(120320K)] 838301K->749073K(1037824K), 0.0020658 secs] [Times: user=0.00 sys=0.00, real=0.00 secs] 
69.741: [Full GC (Ergonomics) [PSYoungGen: 104589K->0K(120320K)] [ParOldGen: 841233K->6144K(917504K)] 945822K->6144K(1037824K), [Metaspace: 2796K->2796K(1056768K)], 0.0030370 secs] [Times: user=0.00 sys=0.00, real=0.00 secs] 
71.054: [GC (Allocation Failure) [PSYoungGen: 104590K->10240K(120320K)] 213134K->123904K(1037824K), 0.0013874 secs] [Times: user=0.00 sys=0.00, real=0.00 secs] 
72.253: [GC (Allocation Failure) [PSYoungGen: 114830K->6144K(120320K)] 330894K->227328K(1037824K), 0.0013032 secs] [Times: user=0.00 sys=0.00, real=0.00 secs] 
73.672: [GC (Allocation Failure) [PSYoungGen: 105614K->5120K(120320K)] 429198K->328704K(1037824K), 0.0014776 secs] [Times: user=0.00 sys=0.00, real=0.00 secs] 
74.654: [GC (Allocation Failure) [PSYoungGen: 109711K->10240K(120320K)] 535695K->446464K(1037824K), 0.0018885 secs] [Times: user=0.00 sys=0.00, real=0.00 secs] 
75.419: [GC (Allocation Failure) [PSYoungGen: 73871K->10240K(120320K)] 510095K->477184K(1037824K), 0.0030818 secs] [Times: user=0.00 sys=0.00, real=0.00 secs] 
76.727: [GC (Allocation Failure) [PSYoungGen: 114829K->10240K(120320K)] 684173K->594944K(1037824K), 0.0022939 secs] [Times: user=0.00 sys=0.00, real=0.00 secs] 
78.256: [GC (Allocation Failure) [PSYoungGen: 99470K->5120K(120320K)] 684174K->610304K(1037824K), 0.0029451 secs] [Times: user=0.00 sys=0.00, real=0.00 secs] 
79.563: [GC (Allocation Failure) [PSYoungGen: 109709K->10240K(120320K)] 817293K->779264K(1037824K), 0.0058106 secs] [Times: user=0.00 sys=0.00, real=0.01 secs] 
81.201: [Full GC (Ergonomics) [PSYoungGen: 109710K->0K(120320K)] [ParOldGen: 871424K->6144K(917504K)] 981134K->6144K(1037824K), [Metaspace: 2796K->2796K(1056768K)], 0.0030995 secs] [Times: user=0.00 sys=0.00, real=0.00 secs] 
81.528: [GC (Allocation Failure) [PSYoungGen: 104590K->2048K(120320K)] 110734K->8192K(1037824K), 0.0003363 secs] [Times: user=0.00 sys=0.00, real=0.00 secs] 
82.514: [GC (Allocation Failure) [PSYoungGen: 75917K->6144K(120320K)] 82062K->32768K(1037824K), 0.0025356 secs] [Times: user=0.00 sys=0.00, real=0.00 secs] 
83.821: [GC (Allocation Failure) [PSYoungGen: 110733K->7168K(120320K)] 239757K->156672K(1037824K), 0.0020502 secs] [Times: user=0.00 sys=0.00, real=0.00 secs] 
85.235: [GC (Allocation Failure) [PSYoungGen: 106637K->10240K(120320K)] 358541K->272384K(1037824K), 0.0017180 secs] [Times: user=0.00 sys=0.00, real=0.00 secs] 
86.433: [GC (Allocation Failure) [PSYoungGen: 114830K->10240K(120320K)] 479374K->374784K(1037824K), 0.0016633 secs] [Times: user=0.02 sys=0.00, real=0.00 secs] 
87.414: [GC (Allocation Failure) [PSYoungGen: 114830K->10240K(120320K)] 581774K->497664K(1037824K), 0.0028039 secs] [Times: user=0.00 sys=0.00, real=0.00 secs] 
88.180: [GC (Allocation Failure) [PSYoungGen: 73871K->10240K(120320K)] 561295K->518144K(1037824K), 0.0027765 secs] [Times: user=0.00 sys=0.00, real=0.00 secs] 
89.491: [GC (Allocation Failure) [PSYoungGen: 104589K->5120K(120320K)] 612493K->523264K(1037824K), 0.0020518 secs] [Times: user=0.00 sys=0.00, real=0.00 secs] 
90.692: [GC (Allocation Failure) [PSYoungGen: 109692K->10240K(120320K)] 730236K->635904K(1037824K), 0.0018509 secs] [Times: user=0.00 sys=0.00, real=0.00 secs] 
91.672: [GC (Allocation Failure) [PSYoungGen: 114819K->10240K(120320K)] 842883K->744448K(1037824K), 0.0036084 secs] [Times: user=0.00 sys=0.00, real=0.00 secs] 
93.855: [GC (Allocation Failure) [PSYoungGen: 104583K->1024K(120320K)] 838791K->765952K(1037824K), 0.0029324 secs] [Times: user=0.02 sys=0.00, real=0.00 secs] 
95.165: [Full GC (Ergonomics) [PSYoungGen: 105609K->0K(120320K)] [ParOldGen: 867328K->27153K(917504K)] 972937K->27153K(1037824K), [Metaspace: 2796K->2796K(1056768K)], 0.0043632 secs] [Times: user=0.00 sys=0.00, real=0.00 secs] 
96.585: [GC (Allocation Failure) [PSYoungGen: 94347K->10240K(120320K)] 223900K->139793K(1037824K), 0.0012401 secs] [Times: user=0.00 sys=0.00, real=0.00 secs] 
97.786: [GC (Allocation Failure) [PSYoungGen: 114828K->10240K(120320K)] 346782K->262673K(1037824K), 0.0024129 secs] [Times: user=0.00 sys=0.00, real=0.00 secs] 
98.771: [GC (Allocation Failure) [PSYoungGen: 114829K->10240K(120320K)] 469663K->416273K(1037824K), 0.0048671 secs] [Times: user=0.00 sys=0.00, real=0.00 secs] 
99.535: [GC (Allocation Failure) [PSYoungGen: 73870K->10240K(120320K)] 479903K->436753K(1037824K), 0.0025117 secs] [Times: user=0.00 sys=0.00, real=0.00 secs] 
100.843: [GC (Allocation Failure) [PSYoungGen: 99469K->5120K(120320K)] 628382K->544273K(1037824K), 0.0016867 secs] [Times: user=0.00 sys=0.00, real=0.00 secs] 
102.043: [GC (Allocation Failure) [PSYoungGen: 109709K->10240K(120320K)] 751263K->657937K(1037824K), 0.0014390 secs] [Times: user=0.00 sys=0.00, real=0.00 secs] 
103.025: [GC (Allocation Failure) [PSYoungGen: 114830K->6144K(120320K)] 864928K->761361K(1037824K), 0.0014594 secs] [Times: user=0.00 sys=0.00, real=0.00 secs] 
105.205: [GC (Allocation Failure) [PSYoungGen: 110734K->10240K(120320K)] 865952K->791057K(1037824K), 0.0028441 secs] [Times: user=0.00 sys=0.00, real=0.00 secs] 
106.514: [Full GC (Ergonomics) [PSYoungGen: 114830K->0K(120320K)] [ParOldGen: 883217K->31744K(917504K)] 998047K->31744K(1037824K), [Metaspace: 2796K->2796K(1056768K)], 0.0045914 secs] [Times: user=0.00 sys=0.00, real=0.00 secs] 
107.932: [GC (Allocation Failure) [PSYoungGen: 89230K->5120K(120320K)] 223374K->139264K(1037824K), 0.0009610 secs] [Times: user=0.00 sys=0.00, real=0.00 secs] 
109.132: [GC (Allocation Failure) [PSYoungGen: 109710K->10240K(120320K)] 346254K->297984K(1037824K), 0.0047741 secs] [Times: user=0.00 sys=0.00, real=0.00 secs] 
110.116: [GC (Allocation Failure) [PSYoungGen: 114831K->10240K(120320K)] 504975K->400384K(1037824K), 0.0011853 secs] [Times: user=0.00 sys=0.00, real=0.00 secs] 
110.878: [GC (Allocation Failure) [PSYoungGen: 73871K->10240K(120320K)] 464015K->420864K(1037824K), 0.0025618 secs] [Times: user=0.00 sys=0.00, real=0.00 secs] 
112.296: [GC (Allocation Failure) [PSYoungGen: 114829K->5120K(120320K)] 627853K->538624K(1037824K), 0.0023239 secs] [Times: user=0.00 sys=0.00, real=0.00 secs] 
113.609: [GC (Allocation Failure) [PSYoungGen: 109710K->6144K(120320K)] 745614K->662528K(1037824K), 0.0023221 secs] [Times: user=0.00 sys=0.00, real=0.00 secs] 
114.810: [GC (Allocation Failure) [PSYoungGen: 110734K->6144K(120320K)] 869518K->775168K(1037824K), 0.0024936 secs] [Times: user=0.00 sys=0.00, real=0.00 secs] 
116.556: [GC (Allocation Failure) [PSYoungGen: 100495K->5120K(120320K)] 869519K->815104K(1037824K), 0.0035442 secs] [Times: user=0.00 sys=0.00, real=0.00 secs] 
117.868: [Full GC (Ergonomics) [PSYoungGen: 109710K->0K(120320K)] [ParOldGen: 912384K->41489K(917504K)] 1022094K->41489K(1037824K), [Metaspace: 2796K->2796K(1056768K)], 0.0051899 secs] [Times: user=0.00 sys=0.00, real=0.01 secs] 
119.398: [GC (Allocation Failure) [PSYoungGen: 94350K->5120K(120320K)] 238239K->149009K(1037824K), 0.0007844 secs] [Times: user=0.00 sys=0.00, real=0.00 secs] 
120.706: [GC (Allocation Failure) [PSYoungGen: 109710K->5120K(120320K)] 356000K->261649K(1037824K), 0.0013237 secs] [Times: user=0.00 sys=0.00, real=0.00 secs] 
121.905: [GC (Allocation Failure) [PSYoungGen: 109711K->6144K(120320K)] 468640K->375313K(1037824K), 0.0014582 secs] [Times: user=0.00 sys=0.00, real=0.00 secs] 
123.319: [GC (Allocation Failure) [PSYoungGen: 105615K->5120K(120320K)] 577184K->476689K(1037824K), 0.0008227 secs] [Times: user=0.00 sys=0.00, real=0.00 secs] 
124.300: [GC (Allocation Failure) [PSYoungGen: 109711K->10240K(120320K)] 683680K->594449K(1037824K), 0.0017853 secs] [Times: user=0.00 sys=0.00, real=0.00 secs] 
125.065: [GC (Allocation Failure) [PSYoungGen: 73871K->10240K(120320K)] 658080K->620049K(1037824K), 0.0027662 secs] [Times: user=0.00 sys=0.00, real=0.00 secs] 
126.376: [GC (Allocation Failure) [PSYoungGen: 114829K->5120K(120320K)] 827039K->737809K(1037824K), 0.0021388 secs] [Times: user=0.00 sys=0.00, real=0.00 secs] 
127.903: [GC (Allocation Failure) [PSYoungGen: 94350K->5120K(120320K)] 827039K->758289K(1037824K), 0.0023275 secs] [Times: user=0.00 sys=0.00, real=0.00 secs] 
129.213: [GC (Allocation Failure) [PSYoungGen: 109709K->10240K(120320K)] 965279K->927249K(1037824K), 0.0054728 secs] [Times: user=0.00 sys=0.00, real=0.01 secs] 
129.219: [Full GC (Ergonomics) [PSYoungGen: 10240K->0K(120320K)] [ParOldGen: 917009K->72209K(917504K)] 927249K->72209K(1037824K), [Metaspace: 2796K->2796K(1056768K)], 0.0072322 secs] [Times: user=0.00 sys=0.00, real=0.01 secs] 
131.306: [GC (Allocation Failure) [PSYoungGen: 106638K->6144K(120320K)] 383647K->283153K(1037824K), 0.0008818 secs] [Times: user=0.00 sys=0.00, real=0.00 secs] 
132.178: [GC (Allocation Failure) [PSYoungGen: 74894K->6144K(120320K)] 351904K->303633K(1037824K), 0.0024282 secs] [Times: user=0.00 sys=0.00, real=0.00 secs] 
133.488: [GC (Allocation Failure) [PSYoungGen: 110733K->7168K(120320K)] 510622K->427537K(1037824K), 0.0020757 secs] [Times: user=0.00 sys=0.00, real=0.00 secs] 
134.904: [GC (Allocation Failure) [PSYoungGen: 106638K->10240K(120320K)] 629407K->543249K(1037824K), 0.0014883 secs] [Times: user=0.00 sys=0.00, real=0.00 secs] 
136.102: [GC (Allocation Failure) [PSYoungGen: 114830K->10240K(120320K)] 750240K->645649K(1037824K), 0.0012031 secs] [Times: user=0.00 sys=0.00, real=0.00 secs] 
137.083: [GC (Allocation Failure) [PSYoungGen: 114830K->10240K(120320K)] 852640K->768529K(1037824K), 0.0025520 secs] [Times: user=0.00 sys=0.00, real=0.00 secs] 
137.847: [GC (Allocation Failure) [PSYoungGen: 73871K->10240K(120320K)] 832160K->789009K(1037824K), 0.0026034 secs] [Times: user=0.00 sys=0.00, real=0.00 secs] 
139.159: [GC (Allocation Failure) [PSYoungGen: 104589K->10240K(120320K)] 883359K->794129K(1037824K), 0.0017934 secs] [Times: user=0.00 sys=0.00, real=0.00 secs] 
140.355: [Full GC (Ergonomics) [PSYoungGen: 114812K->0K(120320K)] [ParOldGen: 886289K->118289K(917504K)] 1001102K->118289K(1037824K), [Metaspace: 2796K->2796K(1056768K)], 0.0110319 secs] [Times: user=0.02 sys=0.00, real=0.01 secs] 
141.350: [GC (Allocation Failure) [PSYoungGen: 104579K->6144K(120320K)] 325268K->226833K(1037824K), 0.0010622 secs] [Times: user=0.00 sys=0.00, real=0.00 secs] 
143.532: [GC (Allocation Failure) [PSYoungGen: 100487K->10240K(120320K)] 321176K->252433K(1037824K), 0.0023610 secs] [Times: user=0.00 sys=0.00, real=0.00 secs] 
144.842: [GC (Allocation Failure) [PSYoungGen: 114825K->10240K(120320K)] 459418K->380433K(1037824K), 0.0027172 secs] [Times: user=0.00 sys=0.00, real=0.00 secs] 
146.261: [GC (Allocation Failure) [PSYoungGen: 104587K->10240K(120320K)] 577180K->482833K(1037824K), 0.0012225 secs] [Times: user=0.00 sys=0.00, real=0.00 secs] 
147.465: [GC (Allocation Failure) [PSYoungGen: 114828K->10240K(120320K)] 689822K->605713K(1037824K), 0.0029155 secs] [Times: user=0.08 sys=0.00, real=0.00 secs] 
148.455: [GC (Allocation Failure) [PSYoungGen: 114829K->10240K(120320K)] 812703K->759313K(1037824K), 0.0047140 secs] [Times: user=0.00 sys=0.00, real=0.00 secs] 
149.214: [GC (Allocation Failure) [PSYoungGen: 73870K->10240K(120320K)] 822943K->779793K(1037824K), 0.0026316 secs] [Times: user=0.00 sys=0.00, real=0.00 secs] 
150.524: [Full GC (Ergonomics) [PSYoungGen: 99469K->0K(120320K)] [ParOldGen: 871953K->16384K(917504K)] 971422K->16384K(1037824K), [Metaspace: 2796K->2796K(1056768K)], 0.0038434 secs] [Times: user=0.02 sys=0.00, real=0.00 secs] 
151.724: [GC (Allocation Failure) [PSYoungGen: 104589K->6144K(120320K)] 223373K->130048K(1037824K), 0.0009601 secs] [Times: user=0.00 sys=0.00, real=0.00 secs] 
152.706: [GC (Allocation Failure) [PSYoungGen: 110734K->7168K(120320K)] 337038K->233472K(1037824K), 0.0009357 secs] [Times: user=0.00 sys=0.00, real=0.00 secs] 
154.893: [GC (Allocation Failure) [PSYoungGen: 111758K->5120K(120320K)] 338063K->262144K(1037824K), 0.0028087 secs] [Times: user=0.00 sys=0.00, real=0.00 secs] 
156.197: [GC (Allocation Failure) [PSYoungGen: 109710K->10240K(120320K)] 469134K->379904K(1037824K), 0.0018729 secs] [Times: user=0.00 sys=0.00, real=0.00 secs] 
157.615: [GC (Allocation Failure) [PSYoungGen: 99470K->5120K(120320K)] 571534K->477184K(1037824K), 0.0011447 secs] [Times: user=0.00 sys=0.00, real=0.00 secs] 
158.814: [GC (Allocation Failure) [PSYoungGen: 109710K->10240K(120320K)] 684175K->635904K(1037824K), 0.0051803 secs] [Times: user=0.00 sys=0.00, real=0.00 secs] 
159.797: [GC (Allocation Failure) [PSYoungGen: 114831K->10240K(120320K)] 842895K->738304K(1037824K), 0.0019387 secs] [Times: user=0.00 sys=0.00, real=0.00 secs] 
160.557: [GC (Allocation Failure) [PSYoungGen: 73871K->10240K(120320K)] 801935K->758784K(1037824K), 0.0029738 secs] [Times: user=0.00 sys=0.00, real=0.00 secs] 
161.979: [Full GC (Ergonomics) [PSYoungGen: 114829K->0K(120320K)] [ParOldGen: 850944K->26624K(917504K)] 965773K->26624K(1037824K), [Metaspace: 2796K->2796K(1056768K)], 0.0041526 secs] [Times: user=0.00 sys=0.00, real=0.00 secs] 
163.290: [GC (Allocation Failure) [PSYoungGen: 104590K->10240K(120320K)] 233614K->150528K(1037824K), 0.0021727 secs] [Times: user=0.00 sys=0.00, real=0.00 secs] 
164.487: [GC (Allocation Failure) [PSYoungGen: 114830K->10240K(120320K)] 357518K->252928K(1037824K), 0.0014953 secs] [Times: user=0.00 sys=0.00, real=0.00 secs] 
166.231: [GC (Allocation Failure) [PSYoungGen: 104591K->5120K(120320K)] 347279K->288768K(1037824K), 0.0026863 secs] [Times: user=0.02 sys=0.00, real=0.00 secs] 
167.540: [GC (Allocation Failure) [PSYoungGen: 109710K->10240K(120320K)] 495758K->406528K(1037824K), 0.0020223 secs] [Times: user=0.00 sys=0.00, real=0.00 secs] 
169.066: [GC (Allocation Failure) [PSYoungGen: 104590K->5120K(120320K)] 603278K->503808K(1037824K), 0.0018682 secs] [Times: user=0.00 sys=0.00, real=0.00 secs] 
170.372: [GC (Allocation Failure) [PSYoungGen: 109710K->10240K(120320K)] 710799K->616448K(1037824K), 0.0025200 secs] [Times: user=0.02 sys=0.00, real=0.00 secs] 
171.571: [GC (Allocation Failure) [PSYoungGen: 114831K->6144K(120320K)] 823439K->719872K(1037824K), 0.0017164 secs] [Times: user=0.00 sys=0.00, real=0.00 secs] 
172.989: [GC (Allocation Failure) [PSYoungGen: 105615K->5120K(120320K)] 921743K->821248K(1037824K), 0.0025237 secs] [Times: user=0.00 sys=0.00, real=0.00 secs] 
173.424: [GC (Allocation Failure) [PSYoungGen: 99471K->10240K(120320K)] 915599K->877568K(1037824K), 0.0055375 secs] [Times: user=0.00 sys=0.00, real=0.00 secs] 
173.429: [Full GC (Ergonomics) [PSYoungGen: 10240K->0K(120320K)] [ParOldGen: 867328K->61969K(917504K)] 877568K->61969K(1037824K), [Metaspace: 2796K->2796K(1056768K)], 0.0065571 secs] [Times: user=0.02 sys=0.00, real=0.01 secs] 
173.770: [GC (Allocation Failure) [PSYoungGen: 104590K->1024K(120320K)] 166559K->62993K(1037824K), 0.0006321 secs] [Times: user=0.00 sys=0.00, real=0.00 secs] 
174.747: [GC (Allocation Failure) [PSYoungGen: 74878K->5120K(120320K)] 136848K->97809K(1037824K), 0.0027353 secs] [Times: user=0.01 sys=0.00, real=0.00 secs] 
176.055: [GC (Allocation Failure) [PSYoungGen: 109699K->10240K(120320K)] 304788K->215569K(1037824K), 0.0018413 secs] [Times: user=0.00 sys=0.00, real=0.00 secs] 
177.578: [GC (Allocation Failure) [PSYoungGen: 99463K->5120K(120320K)] 304792K->230929K(1037824K), 0.0021332 secs] [Times: user=0.00 sys=0.00, real=0.00 secs] 
178.887: [GC (Allocation Failure) [PSYoungGen: 109705K->10240K(120320K)] 437914K->399889K(1037824K), 0.0053030 secs] [Times: user=0.02 sys=0.00, real=0.00 secs] 
180.960: [GC (Allocation Failure) [PSYoungGen: 116875K->6144K(120320K)] 711324K->600593K(1037824K), 0.0014053 secs] [Times: user=0.00 sys=0.00, real=0.00 secs] 
181.836: [GC (Allocation Failure) [PSYoungGen: 74892K->6144K(120320K)] 669342K->621073K(1037824K), 0.0025469 secs] [Times: user=0.00 sys=0.00, real=0.00 secs] 
183.145: [GC (Allocation Failure) [PSYoungGen: 110732K->7168K(120320K)] 828061K->744977K(1037824K), 0.0021981 secs] [Times: user=0.00 sys=0.00, real=0.00 secs] 
184.564: [GC (Allocation Failure) [PSYoungGen: 106637K->10240K(120320K)] 946847K->860689K(1037824K), 0.0017855 secs] [Times: user=0.00 sys=0.00, real=0.00 secs] 
184.565: [Full GC (Ergonomics) [PSYoungGen: 10240K->0K(120320K)] [ParOldGen: 850449K->10769K(917504K)] 860689K->10769K(1037824K), [Metaspace: 2796K->2796K(1056768K)], 0.0028891 secs] [Times: user=0.00 sys=0.00, real=0.00 secs] 
185.768: [GC (Allocation Failure) [PSYoungGen: 104590K->10240K(120320K)] 217759K->123409K(1037824K), 0.0009781 secs] [Times: user=0.00 sys=0.00, real=0.00 secs] 
186.753: [GC (Allocation Failure) [PSYoungGen: 114830K->10240K(120320K)] 330399K->246289K(1037824K), 0.0026245 secs] [Times: user=0.00 sys=0.00, real=0.00 secs] 
187.516: [GC (Allocation Failure) [PSYoungGen: 73870K->10240K(120320K)] 309920K->266769K(1037824K), 0.0024514 secs] [Times: user=0.00 sys=0.00, real=0.00 secs] 
188.825: [GC (Allocation Failure) [PSYoungGen: 104589K->10240K(120320K)] 361118K->271889K(1037824K), 0.0015652 secs] [Times: user=0.00 sys=0.00, real=0.00 secs] 
190.027: [GC (Allocation Failure) [PSYoungGen: 114812K->10240K(120320K)] 478861K->374289K(1037824K), 0.0011760 secs] [Times: user=0.00 sys=0.00, real=0.00 secs] 
191.007: [GC (Allocation Failure) [PSYoungGen: 114819K->6176K(120320K)] 581268K->477745K(1037824K), 0.0011822 secs] [Times: user=0.00 sys=0.00, real=0.00 secs] 
193.187: [GC (Allocation Failure) [PSYoungGen: 100519K->10272K(120320K)] 572088K->503345K(1037824K), 0.0025865 secs] [Times: user=0.00 sys=0.00, real=0.00 secs] 
194.496: [GC (Allocation Failure) [PSYoungGen: 114857K->10272K(120320K)] 710330K->631345K(1037824K), 0.0023172 secs] [Times: user=0.00 sys=0.00, real=0.00 secs] 
195.915: [GC (Allocation Failure) [PSYoungGen: 104619K->10272K(120320K)] 828092K->733745K(1037824K), 0.0016307 secs] [Times: user=0.00 sys=0.00, real=0.00 secs] 
197.116: [GC (Allocation Failure) [PSYoungGen: 114860K->10272K(120320K)] 940734K->856625K(1037824K), 0.0026306 secs] [Times: user=0.00 sys=0.00, real=0.00 secs] 
197.551: [GC (Allocation Failure) --[PSYoungGen: 104621K->104621K(120320K)] 950975K->1002175K(1037824K), 0.0046887 secs] [Times: user=0.00 sys=0.00, real=0.00 secs] 
197.556: [Full GC (Ergonomics) [PSYoungGen: 104621K->0K(120320K)] [ParOldGen: 897553K->77329K(917504K)] 1002175K->77329K(1037824K), [Metaspace: 2796K->2796K(1056768K)], 0.0074911 secs] [Times: user=0.00 sys=0.00, real=0.01 secs] 
197.895: [GC (Allocation Failure) [PSYoungGen: 104589K->1024K(120320K)] 181918K->78353K(1037824K), 0.0003944 secs] [Times: user=0.00 sys=0.00, real=0.00 secs] 
198.880: [GC (Allocation Failure) [PSYoungGen: 74878K->5120K(120320K)] 152207K->102929K(1037824K), 0.0021563 secs] [Times: user=0.00 sys=0.00, real=0.00 secs] 
200.187: [GC (Allocation Failure) [PSYoungGen: 94338K->5120K(120320K)] 294548K->215569K(1037824K), 0.0014090 secs] [Times: user=0.00 sys=0.00, real=0.00 secs] 
201.389: [GC (Allocation Failure) [PSYoungGen: 109703K->10240K(120320K)] 422553K->329233K(1037824K), 0.0016011 secs] [Times: user=0.00 sys=0.00, real=0.00 secs] 
202.374: [GC (Allocation Failure) [PSYoungGen: 114826K->6144K(120320K)] 536220K->432657K(1037824K), 0.0012702 secs] [Times: user=0.00 sys=0.00, real=0.00 secs] 
204.548: [GC (Allocation Failure) [PSYoungGen: 110732K->5120K(120320K)] 537246K->462353K(1037824K), 0.0026683 secs] [Times: user=0.00 sys=0.00, real=0.00 secs] 
205.859: [GC (Allocation Failure) [PSYoungGen: 109708K->10240K(120320K)] 669342K->580113K(1037824K), 0.0016709 secs] [Times: user=0.00 sys=0.00, real=0.00 secs] 
207.283: [GC (Allocation Failure) [PSYoungGen: 99469K->5120K(120320K)] 771743K->677394K(1037824K), 0.0014534 secs] [Times: user=0.00 sys=0.00, real=0.00 secs] 
208.482: [GC (Allocation Failure) [PSYoungGen: 109710K->10240K(120320K)] 884384K->836114K(1037824K), 0.0054482 secs] [Times: user=0.00 sys=0.00, real=0.01 secs] 
208.919: [GC (Allocation Failure) [PSYoungGen: 104590K->5120K(120320K)] 930464K->882194K(1037824K), 0.0046222 secs] [Times: user=0.00 sys=0.00, real=0.00 secs] 
208.924: [Full GC (Ergonomics) [PSYoungGen: 5120K->0K(120320K)] [ParOldGen: 877074K->108049K(917504K)] 882194K->108049K(1037824K), [Metaspace: 2796K->2796K(1056768K)], 0.0091331 secs] [Times: user=0.00 sys=0.00, real=0.01 secs] 
209.262: [GC (Allocation Failure) [PSYoungGen: 104589K->1024K(120320K)] 212639K->211473K(1037824K), 0.0153396 secs] [Times: user=0.01 sys=0.00, real=0.01 secs] 
210.261: [GC (Allocation Failure) [PSYoungGen: 74878K->5120K(120320K)] 285328K->236049K(1037824K), 0.0022407 secs] [Times: user=0.00 sys=0.00, real=0.00 secs] 
211.678: [GC (Allocation Failure) [PSYoungGen: 109699K->5120K(120320K)] 443028K->358929K(1037824K), 0.0022854 secs] [Times: user=0.00 sys=0.00, real=0.00 secs] 
212.989: [GC (Allocation Failure) [PSYoungGen: 109703K->6144K(120320K)] 565913K->482833K(1037824K), 0.0021122 secs] [Times: user=0.00 sys=0.00, real=0.00 secs] 
214.186: [GC (Allocation Failure) [PSYoungGen: 110730K->10240K(120320K)] 689820K->595473K(1037824K), 0.0015658 secs] [Times: user=0.00 sys=0.00, real=0.00 secs] 
215.931: [GC (Allocation Failure) [PSYoungGen: 104588K->5120K(120320K)] 689822K->631313K(1037824K), 0.0027178 secs] [Times: user=0.00 sys=0.00, real=0.00 secs] 
217.240: [GC (Allocation Failure) [PSYoungGen: 109708K->10240K(120320K)] 838302K->749074K(1037824K), 0.0018454 secs] [Times: user=0.00 sys=0.00, real=0.00 secs] 
Heap
 PSYoungGen      total 120320K, used 106781K [0x00000000f8000000, 0x0000000100000000, 0x0000000100000000)
  eden space 109568K, 88% used [0x00000000f8000000,0x00000000fde47410,0x00000000feb00000)
  from space 10752K, 95% used [0x00000000ff580000,0x00000000fff80020,0x0000000100000000)
  to   space 10752K, 0% used [0x00000000feb00000,0x00000000feb00000,0x00000000ff580000)
 ParOldGen       total 917504K, used 841234K [0x00000000c0000000, 0x00000000f8000000, 0x00000000f8000000)
  object space 917504K, 91% used [0x00000000c0000000,0x00000000f3584800,0x00000000f8000000)
 Metaspace       used 2804K, capacity 4486K, committed 4864K, reserved 1056768K
  class space    used 297K, capacity 386K, committed 512K, reserved 1048576K
